[2026-05-01T00:06:42+02:00] SESSION_START symbol=LTCUSDC dry_run=1 profile=major strategy=momentum base_url=https://api.binance.com
[2026-05-01T00:06:42+02:00] TOXIC_MEMORY_LOADED count=17 symbols=0GUSDC,AAVEUSDC,CFGUSDC,DASHUSDC,ENJUSDC,FETUSDC,GIGGLEUSDC,GUNUSDC,HBARUSDC,KITEUSDC
[2026-05-01T00:06:43+02:00] CHK MOM:0% RANGE:0% UP:0% SPREAD:0.01814552% BID:55.11 ASK:55.12 MID:55.11499999 P1:55.11499999 P2:NA P3:NA P4:NA STATE:IDLE
[2026-05-01T00:06:44+02:00] CHK MOM:0% RANGE:0% UP:0% SPREAD:0.01814552% BID:55.11 ASK:55.12 MID:55.11499999 P1:55.11499999 P2:NA P3:NA P4:NA STATE:IDLE
[2026-05-01T00:06:44+02:00] CHK MOM:0% RANGE:0% UP:0% SPREAD:0.01814552% BID:55.11 ASK:55.12 MID:55.11499999 P1:55.11499999 P2:NA P3:NA P4:NA STATE:IDLE
[2026-05-01T00:06:45+02:00] CHK MOM:0% RANGE:0% UP:0% SPREAD:0.01814552% BID:55.11 ASK:55.12 MID:55.11499999 P1:55.11499999 P2:NA P3:NA P4:NA STATE:IDLE
[2026-05-01T00:06:45+02:00] CHK MOM:0% RANGE:0% UP:0% SPREAD:0.01814552% BID:55.11 ASK:55.12 MID:55.11499999 P1:55.11499999 P2:NA P3:NA P4:NA STATE:IDLE
[2026-05-01T00:06:46+02:00] CHK MOM:0.01% RANGE:0.01% UP:100% SPREAD:0.01814223% BID:55.12 ASK:55.13 MID:55.125 P1:55.125 P2:55.11499999 P3:NA P4:NA STATE:IDLE
[2026-05-01T00:06:46+02:00] CHK MOM:0.01% RANGE:0.01% UP:50% SPREAD:0.01814223% BID:55.12 ASK:55.13 MID:55.125 P1:55.125 P2:55.125 P3:55.11499999 P4:NA STATE:IDLE
[2026-05-01T00:06:47+02:00] CHK MOM:0.01% RANGE:0.01% UP:33.33% SPREAD:0.01814223% BID:55.12 ASK:55.13 MID:55.125 P1:55.125 P2:55.125 P3:55.125 P4:55.11499999 STATE:IDLE
[2026-05-01T00:06:47+02:00] CHK MOM:0.01% RANGE:0.01% UP:33.33% SPREAD:0.01814223% BID:55.12 ASK:55.13 MID:55.125 P1:55.125 P2:55.125 P3:55.125 P4:55.11499999 STATE:IDLE
[2026-05-01T00:06:48+02:00] CHK MOM:0.01% RANGE:0.01% UP:33.33% SPREAD:0.01814223% BID:55.12 ASK:55.13 MID:55.125 P1:55.125 P2:55.125 P3:55.125 P4:55.11499999 STATE:IDLE
[2026-05-01T00:06:49+02:00] CHK MOM:0.01% RANGE:0.01% UP:33.33% SPREAD:0.01814223% BID:55.12 ASK:55.13 MID:55.125 P1:55.125 P2:55.125 P3:55.125 P4:55.11499999 STATE:IDLE
[2026-05-01T00:06:49+02:00] CHK MOM:0.01% RANGE:0.01% UP:33.33% SPREAD:0.01814223% BID:55.12 ASK:55.13 MID:55.125 P1:55.125 P2:55.125 P3:55.125 P4:55.11499999 STATE:IDLE
[2026-05-01T00:06:50+02:00] CHK MOM:0.01% RANGE:0.01% UP:33.33% SPREAD:0.01814223% BID:55.12 ASK:55.13 MID:55.125 P1:55.125 P2:55.125 P3:55.125 P4:55.11499999 STATE:IDLE
[2026-05-01T00:06:51+02:00] CHK MOM:0.01% RANGE:0.01% UP:25% SPREAD:0.01814223% BID:55.12 ASK:55.13 MID:55.125 P1:55.125 P2:55.125 P3:55.125 P4:55.125 STATE:IDLE
[2026-05-01T00:06:52+02:00] CHK MOM:0.01% RANGE:0.01% UP:25% SPREAD:0.01814223% BID:55.12 ASK:55.13 MID:55.125 P1:55.125 P2:55.125 P3:55.125 P4:55.125 STATE:IDLE
[2026-05-01T00:06:52+02:00] CHK MOM:0.01% RANGE:0.01% UP:25% SPREAD:0.01814223% BID:55.12 ASK:55.13 MID:55.125 P1:55.125 P2:55.125 P3:55.125 P4:55.125 STATE:IDLE
[2026-05-01T00:06:53+02:00] CHK MOM:0.01% RANGE:0.01% UP:25% SPREAD:0.01814223% BID:55.12 ASK:55.13 MID:55.125 P1:55.125 P2:55.125 P3:55.125 P4:55.125 STATE:IDLE
[2026-05-01T00:06:53+02:00] CHK MOM:0.01% RANGE:0.01% UP:25% SPREAD:0.01814223% BID:55.12 ASK:55.13 MID:55.125 P1:55.125 P2:55.125 P3:55.125 P4:55.125 STATE:IDLE
[2026-05-01T00:06:54+02:00] CHK MOM:0.01% RANGE:0.01% UP:25% SPREAD:0.01814223% BID:55.12 ASK:55.13 MID:55.125 P1:55.125 P2:55.125 P3:55.125 P4:55.125 STATE:IDLE
[2026-05-01T00:06:55+02:00] CHK MOM:0.01% RANGE:0.01% UP:20% SPREAD:0.01814223% BID:55.12 ASK:55.13 MID:55.125 P1:55.125 P2:55.125 P3:55.125 P4:55.125 STATE:IDLE
[2026-05-01T00:06:55+02:00] CHK MOM:0.02% RANGE:0.02% UP:33.33% SPREAD:0.03628447% BID:55.12 ASK:55.14 MID:55.12999999 P1:55.12999999 P2:55.125 P3:55.125 P4:55.125 STATE:IDLE
[2026-05-01T00:06:56+02:00] CHK MOM:0.02% RANGE:0.02% UP:33.33% SPREAD:0.03628447% BID:55.12 ASK:55.14 MID:55.12999999 P1:55.12999999 P2:55.125 P3:55.125 P4:55.125 STATE:IDLE
[2026-05-01T00:06:56+02:00] CHK MOM:0.02% RANGE:0.02% UP:28.57% SPREAD:0.03628447% BID:55.12 ASK:55.14 MID:55.12999999 P1:55.12999999 P2:55.12999999 P3:55.125 P4:55.125 STATE:IDLE
[2026-05-01T00:06:57+02:00] CHK MOM:0.02% RANGE:0.02% UP:28.57% SPREAD:0.03628447% BID:55.12 ASK:55.14 MID:55.12999999 P1:55.12999999 P2:55.12999999 P3:55.125 P4:55.125 STATE:IDLE
[2026-05-01T00:06:57+02:00] CHK MOM:0.02% RANGE:0.02% UP:28.57% SPREAD:0.03628447% BID:55.12 ASK:55.14 MID:55.12999999 P1:55.12999999 P2:55.12999999 P3:55.125 P4:55.125 STATE:IDLE
[2026-05-01T00:06:58+02:00] CHK MOM:0.02% RANGE:0.02% UP:25% SPREAD:0.03628447% BID:55.12 ASK:55.14 MID:55.12999999 P1:55.12999999 P2:55.12999999 P3:55.12999999 P4:55.125 STATE:IDLE
[2026-05-01T00:06:58+02:00] CHK MOM:0.02% RANGE:0.02% UP:25% SPREAD:0.03628447% BID:55.12 ASK:55.14 MID:55.12999999 P1:55.12999999 P2:55.12999999 P3:55.12999999 P4:55.125 STATE:IDLE
[2026-05-01T00:06:59+02:00] CHK MOM:0.02% RANGE:0.02% UP:25% SPREAD:0.03628447% BID:55.12 ASK:55.14 MID:55.12999999 P1:55.12999999 P2:55.12999999 P3:55.12999999 P4:55.125 STATE:IDLE
[2026-05-01T00:07:00+02:00] CHK MOM:0.02% RANGE:0.02% UP:25% SPREAD:0.03628447% BID:55.12 ASK:55.14 MID:55.12999999 P1:55.12999999 P2:55.12999999 P3:55.12999999 P4:55.125 STATE:IDLE
[2026-05-01T00:07:00+02:00] CHK MOM:0.02% RANGE:0.02% UP:25% SPREAD:0.03628447% BID:55.12 ASK:55.14 MID:55.12999999 P1:55.12999999 P2:55.12999999 P3:55.12999999 P4:55.125 STATE:IDLE
[2026-05-01T00:07:07+02:00] CHK MOM:0% RANGE:0% UP:20% SPREAD:0.01814223% BID:55.12 ASK:55.13 MID:55.125 P1:55.125 P2:55.12999999 P3:55.12999999 P4:55.12999999 STATE:IDLE
[2026-05-01T00:07:08+02:00] CHK MOM:0% RANGE:0% UP:16.66% SPREAD:0.01814223% BID:55.12 ASK:55.13 MID:55.125 P1:55.125 P2:55.125 P3:55.12999999 P4:55.12999999 STATE:IDLE
[2026-05-01T00:07:08+02:00] CHK MOM:0% RANGE:0% UP:16.66% SPREAD:0.01814223% BID:55.12 ASK:55.13 MID:55.125 P1:55.125 P2:55.125 P3:55.125 P4:55.12999999 STATE:IDLE
[2026-05-01T00:07:09+02:00] CHK MOM:0% RANGE:0% UP:16.66% SPREAD:0.01814223% BID:55.12 ASK:55.13 MID:55.125 P1:55.125 P2:55.125 P3:55.125 P4:55.12999999 STATE:IDLE
[2026-05-01T00:07:09+02:00] CHK MOM:0% RANGE:0% UP:16.66% SPREAD:0.01814223% BID:55.12 ASK:55.13 MID:55.125 P1:55.125 P2:55.125 P3:55.125 P4:55.12999999 STATE:IDLE
[2026-05-01T00:07:10+02:00] CHK MOM:0% RANGE:0% UP:16.66% SPREAD:0.01814223% BID:55.12 ASK:55.13 MID:55.125 P1:55.125 P2:55.125 P3:55.125 P4:55.12999999 STATE:IDLE
[2026-05-01T00:07:10+02:00] CHK MOM:0% RANGE:0% UP:14.28% SPREAD:0.01814223% BID:55.12 ASK:55.13 MID:55.125 P1:55.125 P2:55.125 P3:55.125 P4:55.125 STATE:IDLE
[2026-05-01T00:07:11+02:00] CHK MOM:0% RANGE:0% UP:14.28% SPREAD:0.01814223% BID:55.12 ASK:55.13 MID:55.125 P1:55.125 P2:55.125 P3:55.125 P4:55.125 STATE:IDLE
[2026-05-01T00:07:12+02:00] CHK MOM:0% RANGE:0% UP:14.28% SPREAD:0.01814223% BID:55.12 ASK:55.13 MID:55.125 P1:55.125 P2:55.125 P3:55.125 P4:55.125 STATE:IDLE
[2026-05-01T00:07:12+02:00] CHK MOM:0% RANGE:0% UP:14.28% SPREAD:0.01814223% BID:55.12 ASK:55.13 MID:55.125 P1:55.125 P2:55.125 P3:55.125 P4:55.125 STATE:IDLE
[2026-05-01T00:07:13+02:00] CHK MOM:0% RANGE:0% UP:14.28% SPREAD:0.01814223% BID:55.12 ASK:55.13 MID:55.125 P1:55.125 P2:55.125 P3:55.125 P4:55.125 STATE:IDLE
[2026-05-01T00:07:19+02:00] CHK MOM:0% RANGE:0% UP:0% SPREAD:0.01814223% BID:55.12 ASK:55.13 MID:55.125 P1:55.125 P2:55.125 P3:55.125 P4:55.125 STATE:IDLE
[2026-05-01T00:07:19+02:00] CHK MOM:0% RANGE:0% UP:0% SPREAD:0.01814223% BID:55.12 ASK:55.13 MID:55.125 P1:55.125 P2:55.125 P3:55.125 P4:55.125 STATE:IDLE
[2026-05-01T00:07:20+02:00] CHK MOM:0% RANGE:0% UP:0% SPREAD:0.01814223% BID:55.12 ASK:55.13 MID:55.125 P1:55.125 P2:55.125 P3:55.125 P4:55.125 STATE:IDLE
[2026-05-01T00:07:20+02:00] CHK MOM:0% RANGE:0% UP:20% SPREAD:0.03628447% BID:55.12 ASK:55.14 MID:55.12999999 P1:55.12999999 P2:55.125 P3:55.125 P4:55.125 STATE:IDLE
[2026-05-01T00:07:21+02:00] CHK MOM:0% RANGE:0% UP:16.66% SPREAD:0.03628447% BID:55.12 ASK:55.14 MID:55.12999999 P1:55.12999999 P2:55.12999999 P3:55.125 P4:55.125 STATE:IDLE
[2026-05-01T00:07:21+02:00] CHK MOM:0% RANGE:0% UP:16.66% SPREAD:0.03628447% BID:55.12 ASK:55.14 MID:55.12999999 P1:55.12999999 P2:55.12999999 P3:55.125 P4:55.125 STATE:IDLE
[2026-05-01T00:07:22+02:00] CHK MOM:0% RANGE:0% UP:16.66% SPREAD:0.03628447% BID:55.12 ASK:55.14 MID:55.12999999 P1:55.12999999 P2:55.12999999 P3:55.125 P4:55.125 STATE:IDLE
[2026-05-01T00:07:22+02:00] CHK MOM:0% RANGE:0% UP:16.66% SPREAD:0.03628447% BID:55.12 ASK:55.14 MID:55.12999999 P1:55.12999999 P2:55.12999999 P3:55.125 P4:55.125 STATE:IDLE
[2026-05-01T00:07:23+02:00] CHK MOM:0.01% RANGE:0.01% UP:40% SPREAD:0.01813894% BID:55.13 ASK:55.14 MID:55.135 P1:55.135 P2:55.12999999 P3:55.12999999 P4:55.125 STATE:IDLE
[2026-05-01T00:07:23+02:00] CHK MOM:0% RANGE:0.01% UP:33.33% SPREAD:0.01814223% BID:55.12 ASK:55.13 MID:55.125 P1:55.125 P2:55.135 P3:55.12999999 P4:55.12999999 STATE:IDLE
[2026-05-01T00:07:24+02:00] CHK MOM:0% RANGE:0.01% UP:28.57% SPREAD:0.01814223% BID:55.12 ASK:55.13 MID:55.125 P1:55.125 P2:55.125 P3:55.135 P4:55.12999999 STATE:IDLE
[2026-05-01T00:07:25+02:00] CHK MOM:0% RANGE:0.01% UP:28.57% SPREAD:0.01814223% BID:55.12 ASK:55.13 MID:55.125 P1:55.125 P2:55.125 P3:55.125 P4:55.135 STATE:IDLE
[2026-05-01T00:07:25+02:00] CHK MOM:0% RANGE:0.01% UP:25% SPREAD:0.01814223% BID:55.12 ASK:55.13 MID:55.125 P1:55.125 P2:55.125 P3:55.125 P4:55.125 STATE:IDLE
[2026-05-01T00:07:26+02:00] CHK MOM:0% RANGE:0.01% UP:22.22% SPREAD:0.01814223% BID:55.12 ASK:55.13 MID:55.125 P1:55.125 P2:55.125 P3:55.125 P4:55.125 STATE:IDLE
[2026-05-01T00:07:26+02:00] CHK MOM:0% RANGE:0.01% UP:22.22% SPREAD:0.01814223% BID:55.12 ASK:55.13 MID:55.125 P1:55.125 P2:55.125 P3:55.125 P4:55.125 STATE:IDLE
[2026-05-01T00:07:27+02:00] CHK MOM:0% RANGE:0.01% UP:20% SPREAD:0.01814223% BID:55.12 ASK:55.13 MID:55.125 P1:55.125 P2:55.125 P3:55.125 P4:55.125 STATE:IDLE
[2026-05-01T00:07:27+02:00] CHK MOM:0% RANGE:0.01% UP:18.18% SPREAD:0.01814223% BID:55.12 ASK:55.13 MID:55.125 P1:55.125 P2:55.125 P3:55.125 P4:55.125 STATE:IDLE
[2026-05-01T00:07:28+02:00] CHK MOM:0% RANGE:0.01% UP:18.18% SPREAD:0.01814223% BID:55.12 ASK:55.13 MID:55.125 P1:55.125 P2:55.125 P3:55.125 P4:55.125 STATE:IDLE
[2026-05-01T00:07:28+02:00] CHK MOM:0% RANGE:0.01% UP:18.18% SPREAD:0.01814223% BID:55.12 ASK:55.13 MID:55.125 P1:55.125 P2:55.125 P3:55.125 P4:55.125 STATE:IDLE
[2026-05-01T00:07:29+02:00] CHK MOM:0% RANGE:0.01% UP:18.18% SPREAD:0.01814223% BID:55.12 ASK:55.13 MID:55.125 P1:55.125 P2:55.125 P3:55.125 P4:55.125 STATE:IDLE
[2026-05-01T00:07:30+02:00] CHK MOM:0% RANGE:0.01% UP:18.18% SPREAD:0.01814223% BID:55.12 ASK:55.13 MID:55.125 P1:55.125 P2:55.125 P3:55.125 P4:55.125 STATE:IDLE
[2026-05-01T00:07:35+02:00] CHK MOM:0% RANGE:0.01% UP:9.09% SPREAD:0.01814223% BID:55.12 ASK:55.13 MID:55.125 P1:55.125 P2:55.125 P3:55.125 P4:55.125 STATE:IDLE
[2026-05-01T00:07:36+02:00] CHK MOM:0% RANGE:0.01% UP:9.09% SPREAD:0.01814223% BID:55.12 ASK:55.13 MID:55.125 P1:55.125 P2:55.125 P3:55.125 P4:55.125 STATE:IDLE
[2026-05-01T00:07:36+02:00] CHK MOM:0% RANGE:0.01% UP:9.09% SPREAD:0.01814223% BID:55.12 ASK:55.13 MID:55.125 P1:55.125 P2:55.125 P3:55.125 P4:55.125 STATE:IDLE
[2026-05-01T00:07:37+02:00] CHK MOM:0% RANGE:0.01% UP:9.09% SPREAD:0.01814223% BID:55.12 ASK:55.13 MID:55.125 P1:55.125 P2:55.125 P3:55.125 P4:55.125 STATE:IDLE
[2026-05-01T00:07:37+02:00] CHK MOM:0% RANGE:0.01% UP:9.09% SPREAD:0.01814223% BID:55.12 ASK:55.13 MID:55.125 P1:55.125 P2:55.125 P3:55.125 P4:55.125 STATE:IDLE
[2026-05-01T00:07:49+02:00] CHK MOM:0% RANGE:0% UP:0% SPREAD:0.01814223% BID:55.12 ASK:55.13 MID:55.125 P1:55.125 P2:55.125 P3:55.125 P4:55.125 STATE:IDLE
[2026-05-01T00:07:50+02:00] CHK MOM:0% RANGE:0% UP:0% SPREAD:0.01814223% BID:55.12 ASK:55.13 MID:55.125 P1:55.125 P2:55.125 P3:55.125 P4:55.125 STATE:IDLE
[2026-05-01T00:07:50+02:00] CHK MOM:0% RANGE:0% UP:0% SPREAD:0.01814223% BID:55.12 ASK:55.13 MID:55.125 P1:55.125 P2:55.125 P3:55.125 P4:55.125 STATE:IDLE
[2026-05-01T00:07:51+02:00] CHK MOM:0% RANGE:0% UP:0% SPREAD:0.01814223% BID:55.12 ASK:55.13 MID:55.125 P1:55.125 P2:55.125 P3:55.125 P4:55.125 STATE:IDLE
[2026-05-01T00:07:51+02:00] CHK MOM:0% RANGE:0% UP:0% SPREAD:0.01814223% BID:55.12 ASK:55.13 MID:55.125 P1:55.125 P2:55.125 P3:55.125 P4:55.125 STATE:IDLE
[2026-05-01T00:08:06+02:00] CHK MOM:0% RANGE:0% UP:0% SPREAD:0.01813894% BID:55.13 ASK:55.14 MID:55.135 P1:55.135 P2:55.125 P3:55.125 P4:55.125 STATE:IDLE
[2026-05-01T00:08:07+02:00] CHK MOM:0% RANGE:0% UP:0% SPREAD:0.01813894% BID:55.13 ASK:55.14 MID:55.135 P1:55.135 P2:55.135 P3:55.125 P4:55.125 STATE:IDLE
[2026-05-01T00:08:07+02:00] CHK MOM:0% RANGE:0% UP:0% SPREAD:0.01813894% BID:55.13 ASK:55.14 MID:55.135 P1:55.135 P2:55.135 P3:55.125 P4:55.125 STATE:IDLE
[2026-05-01T00:08:08+02:00] CHK MOM:0% RANGE:0% UP:0% SPREAD:0.01813894% BID:55.13 ASK:55.14 MID:55.135 P1:55.135 P2:55.135 P3:55.125 P4:55.125 STATE:IDLE
[2026-05-01T00:08:08+02:00] CHK MOM:0% RANGE:0% UP:0% SPREAD:0.01813894% BID:55.13 ASK:55.14 MID:55.135 P1:55.135 P2:55.135 P3:55.125 P4:55.125 STATE:IDLE
[2026-05-01T00:08:09+02:00] CHK MOM:0% RANGE:0% UP:0% SPREAD:0.01813894% BID:55.13 ASK:55.14 MID:55.135 P1:55.135 P2:55.135 P3:55.125 P4:55.125 STATE:IDLE
[2026-05-01T00:08:09+02:00] CHK MOM:0.01% RANGE:0.01% UP:50% SPREAD:0.01813565% BID:55.14 ASK:55.15 MID:55.14499999 P1:55.14499999 P2:55.135 P3:55.135 P4:55.125 STATE:IDLE
[2026-05-01T00:08:10+02:00] CHK MOM:0.01% RANGE:0.01% UP:50% SPREAD:0.01813565% BID:55.14 ASK:55.15 MID:55.14499999 P1:55.14499999 P2:55.135 P3:55.135 P4:55.125 STATE:IDLE
[2026-05-01T00:08:10+02:00] CHK MOM:0.01% RANGE:0.01% UP:50% SPREAD:0.01813565% BID:55.14 ASK:55.15 MID:55.14499999 P1:55.14499999 P2:55.135 P3:55.135 P4:55.125 STATE:IDLE
[2026-05-01T00:08:11+02:00] CHK MOM:0.01% RANGE:0.01% UP:50% SPREAD:0.01813565% BID:55.14 ASK:55.15 MID:55.14499999 P1:55.14499999 P2:55.135 P3:55.135 P4:55.125 STATE:IDLE
[2026-05-01T00:08:12+02:00] CHK MOM:0.01% RANGE:0.01% UP:50% SPREAD:0.01813565% BID:55.14 ASK:55.15 MID:55.14499999 P1:55.14499999 P2:55.135 P3:55.135 P4:55.125 STATE:IDLE
[2026-05-01T00:08:19+02:00] CHK MOM:0.01% RANGE:0.01% UP:33.33% SPREAD:0.01813565% BID:55.14 ASK:55.15 MID:55.14499999 P1:55.14499999 P2:55.14499999 P3:55.135 P4:55.135 STATE:IDLE
[2026-05-01T00:08:19+02:00] CHK MOM:0.01% RANGE:0.01% UP:33.33% SPREAD:0.01813565% BID:55.14 ASK:55.15 MID:55.14499999 P1:55.14499999 P2:55.14499999 P3:55.135 P4:55.135 STATE:IDLE
[2026-05-01T00:08:20+02:00] CHK MOM:0.01% RANGE:0.01% UP:33.33% SPREAD:0.01813565% BID:55.14 ASK:55.15 MID:55.14499999 P1:55.14499999 P2:55.14499999 P3:55.135 P4:55.135 STATE:IDLE
[2026-05-01T00:08:20+02:00] CHK MOM:0.01% RANGE:0.01% UP:33.33% SPREAD:0.01813565% BID:55.14 ASK:55.15 MID:55.14499999 P1:55.14499999 P2:55.14499999 P3:55.135 P4:55.135 STATE:IDLE
[2026-05-01T00:08:21+02:00] CHK MOM:0.01% RANGE:0.01% UP:33.33% SPREAD:0.01813565% BID:55.14 ASK:55.15 MID:55.14499999 P1:55.14499999 P2:55.14499999 P3:55.135 P4:55.135 STATE:IDLE
[2026-05-01T00:08:28+02:00] CHK MOM:0% RANGE:0% UP:0% SPREAD:0.01813565% BID:55.14 ASK:55.15 MID:55.14499999 P1:55.14499999 P2:55.14499999 P3:55.14499999 P4:55.135 STATE:IDLE
[2026-05-01T00:08:28+02:00] CHK MOM:0% RANGE:0% UP:0% SPREAD:0.01813565% BID:55.14 ASK:55.15 MID:55.14499999 P1:55.14499999 P2:55.14499999 P3:55.14499999 P4:55.135 STATE:IDLE
[2026-05-01T00:08:29+02:00] CHK MOM:0% RANGE:0% UP:0% SPREAD:0.01813565% BID:55.14 ASK:55.15 MID:55.14499999 P1:55.14499999 P2:55.14499999 P3:55.14499999 P4:55.135 STATE:IDLE
[2026-05-01T00:08:29+02:00] CHK MOM:0% RANGE:0% UP:0% SPREAD:0.01813565% BID:55.14 ASK:55.15 MID:55.14499999 P1:55.14499999 P2:55.14499999 P3:55.14499999 P4:55.135 STATE:IDLE
[2026-05-01T00:08:30+02:00] CHK MOM:0% RANGE:0% UP:0% SPREAD:0.01813565% BID:55.14 ASK:55.15 MID:55.14499999 P1:55.14499999 P2:55.14499999 P3:55.14499999 P4:55.135 STATE:IDLE
[2026-05-01T00:08:37+02:00] CHK MOM:0% RANGE:0% UP:0% SPREAD:0.01813565% BID:55.14 ASK:55.15 MID:55.14499999 P1:55.14499999 P2:55.14499999 P3:55.14499999 P4:55.14499999 STATE:IDLE
[2026-05-01T00:08:37+02:00] CHK MOM:0% RANGE:0% UP:0% SPREAD:0.01813565% BID:55.14 ASK:55.15 MID:55.14499999 P1:55.14499999 P2:55.14499999 P3:55.14499999 P4:55.14499999 STATE:IDLE
[2026-05-01T00:08:38+02:00] CHK MOM:0% RANGE:0% UP:0% SPREAD:0.01813565% BID:55.14 ASK:55.15 MID:55.14499999 P1:55.14499999 P2:55.14499999 P3:55.14499999 P4:55.14499999 STATE:IDLE
[2026-05-01T00:08:38+02:00] CHK MOM:0% RANGE:0% UP:0% SPREAD:0.01813565% BID:55.14 ASK:55.15 MID:55.14499999 P1:55.14499999 P2:55.14499999 P3:55.14499999 P4:55.14499999 STATE:IDLE
[2026-05-01T00:08:39+02:00] CHK MOM:0% RANGE:0% UP:0% SPREAD:0.01813565% BID:55.14 ASK:55.15 MID:55.14499999 P1:55.14499999 P2:55.14499999 P3:55.14499999 P4:55.14499999 STATE:IDLE
[2026-05-01T00:08:39+02:00] CHK MOM:0% RANGE:0% UP:33.33% SPREAD:0.0362713% BID:55.14 ASK:55.16 MID:55.15 P1:55.15 P2:55.14499999 P3:55.14499999 P4:55.14499999 STATE:IDLE
[2026-05-01T00:08:40+02:00] CHK MOM:0% RANGE:0% UP:33.33% SPREAD:0.0362713% BID:55.14 ASK:55.16 MID:55.15 P1:55.15 P2:55.14499999 P3:55.14499999 P4:55.14499999 STATE:IDLE
[2026-05-01T00:08:40+02:00] CHK MOM:0% RANGE:0% UP:25% SPREAD:0.0362713% BID:55.14 ASK:55.16 MID:55.15 P1:55.15 P2:55.15 P3:55.14499999 P4:55.14499999 STATE:IDLE
[2026-05-01T00:08:41+02:00] CHK MOM:0% RANGE:0% UP:25% SPREAD:0.0362713% BID:55.14 ASK:55.16 MID:55.15 P1:55.15 P2:55.15 P3:55.14499999 P4:55.14499999 STATE:IDLE
[2026-05-01T00:08:41+02:00] CHK MOM:0% RANGE:0% UP:25% SPREAD:0.0362713% BID:55.14 ASK:55.16 MID:55.15 P1:55.15 P2:55.15 P3:55.14499999 P4:55.14499999 STATE:IDLE
[2026-05-01T00:08:42+02:00] CHK MOM:0% RANGE:0% UP:20% SPREAD:0.0362713% BID:55.14 ASK:55.16 MID:55.15 P1:55.15 P2:55.15 P3:55.15 P4:55.14499999 STATE:IDLE
[2026-05-01T00:08:43+02:00] CHK MOM:0% RANGE:0% UP:16.66% SPREAD:0.0362713% BID:55.14 ASK:55.16 MID:55.15 P1:55.15 P2:55.15 P3:55.15 P4:55.15 STATE:IDLE
[2026-05-01T00:08:43+02:00] CHK MOM:0.01% RANGE:0.01% UP:33.33% SPREAD:0.01813236% BID:55.15 ASK:55.16 MID:55.155 P1:55.155 P2:55.15 P3:55.15 P4:55.15 STATE:IDLE
[2026-05-01T00:08:44+02:00] CHK MOM:0.01% RANGE:0.01% UP:33.33% SPREAD:0.01813236% BID:55.15 ASK:55.16 MID:55.155 P1:55.155 P2:55.15 P3:55.15 P4:55.15 STATE:IDLE
[2026-05-01T00:08:44+02:00] CHK MOM:0.01% RANGE:0.01% UP:28.57% SPREAD:0.01813236% BID:55.15 ASK:55.16 MID:55.155 P1:55.155 P2:55.155 P3:55.15 P4:55.15 STATE:IDLE
[2026-05-01T00:08:45+02:00] CHK MOM:0.01% RANGE:0.01% UP:28.57% SPREAD:0.01813236% BID:55.15 ASK:55.16 MID:55.155 P1:55.155 P2:55.155 P3:55.15 P4:55.15 STATE:IDLE
[2026-05-01T00:08:45+02:00] CHK MOM:0.01% RANGE:0.01% UP:28.57% SPREAD:0.01813236% BID:55.15 ASK:55.16 MID:55.155 P1:55.155 P2:55.155 P3:55.15 P4:55.15 STATE:IDLE
[2026-05-01T00:08:46+02:00] CHK MOM:0.01% RANGE:0.01% UP:28.57% SPREAD:0.01813236% BID:55.15 ASK:55.16 MID:55.155 P1:55.155 P2:55.155 P3:55.15 P4:55.15 STATE:IDLE
[2026-05-01T00:08:46+02:00] CHK MOM:0.01% RANGE:0.01% UP:28.57% SPREAD:0.01813236% BID:55.15 ASK:55.16 MID:55.155 P1:55.155 P2:55.155 P3:55.15 P4:55.15 STATE:IDLE
[2026-05-01T00:08:47+02:00] CHK MOM:0.01% RANGE:0.01% UP:28.57% SPREAD:0.01813236% BID:55.15 ASK:55.16 MID:55.155 P1:55.155 P2:55.155 P3:55.15 P4:55.15 STATE:IDLE
[2026-05-01T00:08:54+02:00] CHK MOM:0% RANGE:0% UP:16.66% SPREAD:0.01813236% BID:55.15 ASK:55.16 MID:55.155 P1:55.155 P2:55.155 P3:55.155 P4:55.15 STATE:IDLE
[2026-05-01T00:08:54+02:00] CHK MOM:0% RANGE:0% UP:16.66% SPREAD:0.01813236% BID:55.15 ASK:55.16 MID:55.155 P1:55.155 P2:55.155 P3:55.155 P4:55.15 STATE:IDLE
[2026-05-01T00:08:55+02:00] CHK MOM:0% RANGE:0% UP:16.66% SPREAD:0.01813236% BID:55.15 ASK:55.16 MID:55.155 P1:55.155 P2:55.155 P3:55.155 P4:55.15 STATE:IDLE
[2026-05-01T00:08:55+02:00] CHK MOM:0% RANGE:0% UP:16.66% SPREAD:0.01813236% BID:55.15 ASK:55.16 MID:55.155 P1:55.155 P2:55.155 P3:55.155 P4:55.15 STATE:IDLE
[2026-05-01T00:08:56+02:00] CHK MOM:0% RANGE:0% UP:16.66% SPREAD:0.01813236% BID:55.15 ASK:55.16 MID:55.155 P1:55.155 P2:55.155 P3:55.155 P4:55.15 STATE:IDLE
[2026-05-01T00:09:01+02:00] CHK MOM:0% RANGE:0% UP:0% SPREAD:0.01813236% BID:55.15 ASK:55.16 MID:55.155 P1:55.155 P2:55.155 P3:55.155 P4:55.155 STATE:IDLE
[2026-05-01T00:09:02+02:00] CHK MOM:0% RANGE:0% UP:0% SPREAD:0.01813236% BID:55.15 ASK:55.16 MID:55.155 P1:55.155 P2:55.155 P3:55.155 P4:55.155 STATE:IDLE
[2026-05-01T00:09:02+02:00] CHK MOM:0% RANGE:0% UP:0% SPREAD:0.01813236% BID:55.15 ASK:55.16 MID:55.155 P1:55.155 P2:55.155 P3:55.155 P4:55.155 STATE:IDLE
[2026-05-01T00:09:03+02:00] CHK MOM:0% RANGE:0% UP:0% SPREAD:0.01813236% BID:55.15 ASK:55.16 MID:55.155 P1:55.155 P2:55.155 P3:55.155 P4:55.155 STATE:IDLE
[2026-05-01T00:09:03+02:00] CHK MOM:0% RANGE:0% UP:0% SPREAD:0.01813236% BID:55.15 ASK:55.16 MID:55.155 P1:55.155 P2:55.155 P3:55.155 P4:55.155 STATE:IDLE
[2026-05-01T00:09:04+02:00] CHK MOM:0% RANGE:0% UP:0% SPREAD:0.01813236% BID:55.15 ASK:55.16 MID:55.155 P1:55.155 P2:55.155 P3:55.155 P4:55.155 STATE:IDLE
[2026-05-01T00:09:04+02:00] CHK MOM:0% RANGE:0% UP:0% SPREAD:0.01813236% BID:55.15 ASK:55.16 MID:55.155 P1:55.155 P2:55.155 P3:55.155 P4:55.155 STATE:IDLE
[2026-05-01T00:09:05+02:00] CHK MOM:0% RANGE:0% UP:0% SPREAD:0.01813236% BID:55.15 ASK:55.16 MID:55.155 P1:55.155 P2:55.155 P3:55.155 P4:55.155 STATE:IDLE
[2026-05-01T00:09:11+02:00] CHK MOM:0% RANGE:0% UP:0% SPREAD:0.01813236% BID:55.15 ASK:55.16 MID:55.155 P1:55.155 P2:55.155 P3:55.155 P4:55.155 STATE:IDLE
[2026-05-01T00:09:11+02:00] CHK MOM:0% RANGE:0% UP:0% SPREAD:0.01813236% BID:55.15 ASK:55.16 MID:55.155 P1:55.155 P2:55.155 P3:55.155 P4:55.155 STATE:IDLE
[2026-05-01T00:09:12+02:00] CHK MOM:0% RANGE:0% UP:0% SPREAD:0.01813236% BID:55.15 ASK:55.16 MID:55.155 P1:55.155 P2:55.155 P3:55.155 P4:55.155 STATE:IDLE
[2026-05-01T00:09:12+02:00] CHK MOM:0% RANGE:0% UP:0% SPREAD:0.01813236% BID:55.15 ASK:55.16 MID:55.155 P1:55.155 P2:55.155 P3:55.155 P4:55.155 STATE:IDLE
[2026-05-01T00:09:13+02:00] CHK MOM:0% RANGE:0% UP:0% SPREAD:0.01813236% BID:55.15 ASK:55.16 MID:55.155 P1:55.155 P2:55.155 P3:55.155 P4:55.155 STATE:IDLE
[2026-05-01T00:09:14+02:00] CHK MOM:0% RANGE:0% UP:0% SPREAD:0.01813236% BID:55.15 ASK:55.16 MID:55.155 P1:55.155 P2:55.155 P3:55.155 P4:55.155 STATE:IDLE
[2026-05-01T00:09:14+02:00] CHK MOM:0% RANGE:0% UP:0% SPREAD:0.01813236% BID:55.15 ASK:55.16 MID:55.155 P1:55.155 P2:55.155 P3:55.155 P4:55.155 STATE:IDLE
[2026-05-01T00:09:15+02:00] CHK MOM:0% RANGE:0% UP:0% SPREAD:0.01813236% BID:55.15 ASK:55.16 MID:55.155 P1:55.155 P2:55.155 P3:55.155 P4:55.155 STATE:IDLE
[2026-05-01T00:09:15+02:00] CHK MOM:0% RANGE:0% UP:0% SPREAD:0.01813236% BID:55.15 ASK:55.16 MID:55.155 P1:55.155 P2:55.155 P3:55.155 P4:55.155 STATE:IDLE
[2026-05-01T00:09:16+02:00] CHK MOM:0% RANGE:0% UP:0% SPREAD:0.01813236% BID:55.15 ASK:55.16 MID:55.155 P1:55.155 P2:55.155 P3:55.155 P4:55.155 STATE:IDLE
[2026-05-01T00:09:17+02:00] CHK MOM:0% RANGE:0% UP:0% SPREAD:0.0362713% BID:55.14 ASK:55.16 MID:55.15 P1:55.15 P2:55.155 P3:55.155 P4:55.155 STATE:IDLE
[2026-05-01T00:09:17+02:00] CHK MOM:0% RANGE:0% UP:0% SPREAD:0.0362713% BID:55.14 ASK:55.16 MID:55.15 P1:55.15 P2:55.155 P3:55.155 P4:55.155 STATE:IDLE
[2026-05-01T00:09:18+02:00] CHK MOM:0% RANGE:0% UP:25% SPREAD:0.01813236% BID:55.15 ASK:55.16 MID:55.155 P1:55.155 P2:55.15 P3:55.155 P4:55.155 STATE:IDLE
[2026-05-01T00:09:18+02:00] CHK MOM:0% RANGE:0% UP:25% SPREAD:0.01813236% BID:55.15 ASK:55.16 MID:55.155 P1:55.155 P2:55.15 P3:55.155 P4:55.155 STATE:IDLE
[2026-05-01T00:09:19+02:00] CHK MOM:0% RANGE:0% UP:25% SPREAD:0.01813236% BID:55.15 ASK:55.16 MID:55.155 P1:55.155 P2:55.155 P3:55.15 P4:55.155 STATE:IDLE
[2026-05-01T00:09:19+02:00] CHK MOM:0% RANGE:0% UP:25% SPREAD:0.01813236% BID:55.15 ASK:55.16 MID:55.155 P1:55.155 P2:55.155 P3:55.15 P4:55.155 STATE:IDLE
[2026-05-01T00:09:20+02:00] CHK MOM:0% RANGE:0% UP:25% SPREAD:0.01813236% BID:55.15 ASK:55.16 MID:55.155 P1:55.155 P2:55.155 P3:55.15 P4:55.155 STATE:IDLE
[2026-05-01T00:09:20+02:00] CHK MOM:0% RANGE:0% UP:20% SPREAD:0.01813236% BID:55.15 ASK:55.16 MID:55.155 P1:55.155 P2:55.155 P3:55.155 P4:55.15 STATE:IDLE
[2026-05-01T00:09:21+02:00] CHK MOM:-0.01% RANGE:0.01% UP:16.66% SPREAD:0.01813565% BID:55.14 ASK:55.15 MID:55.14499999 P1:55.14499999 P2:55.155 P3:55.155 P4:55.155 STATE:IDLE
[2026-05-01T00:09:22+02:00] CHK MOM:-0.01% RANGE:0.01% UP:16.66% SPREAD:0.01813565% BID:55.14 ASK:55.15 MID:55.14499999 P1:55.14499999 P2:55.155 P3:55.155 P4:55.155 STATE:IDLE
[2026-05-01T00:09:22+02:00] CHK MOM:-0.01% RANGE:0.01% UP:16.66% SPREAD:0.01813565% BID:55.14 ASK:55.15 MID:55.14499999 P1:55.14499999 P2:55.155 P3:55.155 P4:55.155 STATE:IDLE
[2026-05-01T00:09:23+02:00] CHK MOM:-0.01% RANGE:0.01% UP:16.66% SPREAD:0.01813565% BID:55.14 ASK:55.15 MID:55.14499999 P1:55.14499999 P2:55.155 P3:55.155 P4:55.155 STATE:IDLE
[2026-05-01T00:09:23+02:00] CHK MOM:-0.01% RANGE:0.01% UP:16.66% SPREAD:0.01813565% BID:55.14 ASK:55.15 MID:55.14499999 P1:55.14499999 P2:55.155 P3:55.155 P4:55.155 STATE:IDLE
[2026-05-01T00:09:24+02:00] CHK MOM:-0.02% RANGE:0.02% UP:14.28% SPREAD:0.03627788% BID:55.13 ASK:55.15 MID:55.14 P1:55.14 P2:55.14499999 P3:55.155 P4:55.155 STATE:IDLE
[2026-05-01T00:09:24+02:00] CHK MOM:-0.02% RANGE:0.02% UP:14.28% SPREAD:0.03627788% BID:55.13 ASK:55.15 MID:55.14 P1:55.14 P2:55.14499999 P3:55.155 P4:55.155 STATE:IDLE
[2026-05-01T00:09:25+02:00] CHK MOM:-0.02% RANGE:0.02% UP:14.28% SPREAD:0.03627788% BID:55.13 ASK:55.15 MID:55.14 P1:55.14 P2:55.14499999 P3:55.155 P4:55.155 STATE:IDLE
[2026-05-01T00:09:25+02:00] CHK MOM:-0.02% RANGE:0.02% UP:14.28% SPREAD:0.03627788% BID:55.13 ASK:55.15 MID:55.14 P1:55.14 P2:55.14499999 P3:55.155 P4:55.155 STATE:IDLE
[2026-05-01T00:09:26+02:00] CHK MOM:-0.02% RANGE:0.02% UP:14.28% SPREAD:0.03627788% BID:55.13 ASK:55.15 MID:55.14 P1:55.14 P2:55.14499999 P3:55.155 P4:55.155 STATE:IDLE
[2026-05-01T00:09:26+02:00] CHK MOM:-0.02% RANGE:0.02% UP:14.28% SPREAD:0.03627788% BID:55.13 ASK:55.15 MID:55.14 P1:55.14 P2:55.14499999 P3:55.155 P4:55.155 STATE:IDLE
[2026-05-01T00:09:31+02:00] CHK MOM:-0.01% RANGE:0.02% UP:16.66% SPREAD:0.03627788% BID:55.13 ASK:55.15 MID:55.14 P1:55.14 P2:55.14 P3:55.14499999 P4:55.155 STATE:IDLE
[2026-05-01T00:09:31+02:00] CHK MOM:-0.01% RANGE:0.02% UP:16.66% SPREAD:0.03627788% BID:55.13 ASK:55.15 MID:55.14 P1:55.14 P2:55.14 P3:55.14499999 P4:55.155 STATE:IDLE
[2026-05-01T00:09:32+02:00] CHK MOM:-0.01% RANGE:0.02% UP:16.66% SPREAD:0.03627788% BID:55.13 ASK:55.15 MID:55.14 P1:55.14 P2:55.14 P3:55.14499999 P4:55.155 STATE:IDLE
[2026-05-01T00:09:32+02:00] CHK MOM:-0.01% RANGE:0.02% UP:16.66% SPREAD:0.03627788% BID:55.13 ASK:55.15 MID:55.14 P1:55.14 P2:55.14 P3:55.14499999 P4:55.155 STATE:IDLE
[2026-05-01T00:09:33+02:00] CHK MOM:-0.01% RANGE:0.02% UP:16.66% SPREAD:0.03627788% BID:55.13 ASK:55.15 MID:55.14 P1:55.14 P2:55.14 P3:55.14499999 P4:55.155 STATE:IDLE
[2026-05-01T00:09:33+02:00] CHK MOM:-0.02% RANGE:0.02% UP:0% SPREAD:0.03627788% BID:55.13 ASK:55.15 MID:55.14 P1:55.14 P2:55.14 P3:55.14 P4:55.14499999 STATE:IDLE
[2026-05-01T00:09:34+02:00] CHK MOM:-0.02% RANGE:0.02% UP:0% SPREAD:0.03627788% BID:55.13 ASK:55.15 MID:55.14 P1:55.14 P2:55.14 P3:55.14 P4:55.14 STATE:IDLE
[2026-05-01T00:09:34+02:00] CHK MOM:-0.02% RANGE:0.02% UP:0% SPREAD:0.03627788% BID:55.13 ASK:55.15 MID:55.14 P1:55.14 P2:55.14 P3:55.14 P4:55.14 STATE:IDLE
[2026-05-01T00:09:35+02:00] CHK MOM:-0.02% RANGE:0.02% UP:0% SPREAD:0.03627788% BID:55.13 ASK:55.15 MID:55.14 P1:55.14 P2:55.14 P3:55.14 P4:55.14 STATE:IDLE
[2026-05-01T00:09:35+02:00] CHK MOM:-0.02% RANGE:0.02% UP:0% SPREAD:0.03627788% BID:55.13 ASK:55.15 MID:55.14 P1:55.14 P2:55.14 P3:55.14 P4:55.14 STATE:IDLE
[2026-05-01T00:09:36+02:00] CHK MOM:-0.02% RANGE:0.02% UP:0% SPREAD:0.03627788% BID:55.13 ASK:55.15 MID:55.14 P1:55.14 P2:55.14 P3:55.14 P4:55.14 STATE:IDLE
[2026-05-01T00:09:37+02:00] CHK MOM:0% RANGE:0% UP:0% SPREAD:0.03627788% BID:55.13 ASK:55.15 MID:55.14 P1:55.14 P2:55.14 P3:55.14 P4:55.14 STATE:IDLE
[2026-05-01T00:09:37+02:00] CHK MOM:0% RANGE:0% UP:0% SPREAD:0.03627788% BID:55.13 ASK:55.15 MID:55.14 P1:55.14 P2:55.14 P3:55.14 P4:55.14 STATE:IDLE
[2026-05-01T00:09:38+02:00] CHK MOM:0% RANGE:0% UP:0% SPREAD:0.03627788% BID:55.13 ASK:55.15 MID:55.14 P1:55.14 P2:55.14 P3:55.14 P4:55.14 STATE:IDLE
[2026-05-01T00:09:38+02:00] CHK MOM:0% RANGE:0% UP:0% SPREAD:0.03627788% BID:55.13 ASK:55.15 MID:55.14 P1:55.14 P2:55.14 P3:55.14 P4:55.14 STATE:IDLE
[2026-05-01T00:09:39+02:00] CHK MOM:0% RANGE:0% UP:0% SPREAD:0.03627788% BID:55.13 ASK:55.15 MID:55.14 P1:55.14 P2:55.14 P3:55.14 P4:55.14 STATE:IDLE
[2026-05-01T00:09:39+02:00] CHK MOM:0% RANGE:0% UP:0% SPREAD:0.03627788% BID:55.13 ASK:55.15 MID:55.14 P1:55.14 P2:55.14 P3:55.14 P4:55.14 STATE:IDLE
[2026-05-01T00:09:45+02:00] CHK MOM:0% RANGE:0% UP:0% SPREAD:0.03627788% BID:55.13 ASK:55.15 MID:55.14 P1:55.14 P2:55.14 P3:55.14 P4:55.14 STATE:IDLE
[2026-05-01T00:09:46+02:00] CHK MOM:0% RANGE:0% UP:0% SPREAD:0.03627788% BID:55.13 ASK:55.15 MID:55.14 P1:55.14 P2:55.14 P3:55.14 P4:55.14 STATE:IDLE
[2026-05-01T00:09:46+02:00] CHK MOM:0% RANGE:0% UP:0% SPREAD:0.03627788% BID:55.13 ASK:55.15 MID:55.14 P1:55.14 P2:55.14 P3:55.14 P4:55.14 STATE:IDLE
[2026-05-01T00:09:47+02:00] CHK MOM:0% RANGE:0% UP:0% SPREAD:0.03627788% BID:55.13 ASK:55.15 MID:55.14 P1:55.14 P2:55.14 P3:55.14 P4:55.14 STATE:IDLE
[2026-05-01T00:09:47+02:00] CHK MOM:0% RANGE:0% UP:0% SPREAD:0.03627788% BID:55.13 ASK:55.15 MID:55.14 P1:55.14 P2:55.14 P3:55.14 P4:55.14 STATE:IDLE
[2026-05-01T00:09:48+02:00] CHK MOM:0% RANGE:0% UP:0% SPREAD:0.03627788% BID:55.13 ASK:55.15 MID:55.14 P1:55.14 P2:55.14 P3:55.14 P4:55.14 STATE:IDLE
[2026-05-01T00:09:48+02:00] CHK MOM:0% RANGE:0% UP:0% SPREAD:0.03627788% BID:55.13 ASK:55.15 MID:55.14 P1:55.14 P2:55.14 P3:55.14 P4:55.14 STATE:IDLE
[2026-05-01T00:09:49+02:00] CHK MOM:0% RANGE:0% UP:0% SPREAD:0.03627788% BID:55.13 ASK:55.15 MID:55.14 P1:55.14 P2:55.14 P3:55.14 P4:55.14 STATE:IDLE
[2026-05-01T00:09:49+02:00] CHK MOM:0% RANGE:0% UP:0% SPREAD:0.03627788% BID:55.13 ASK:55.15 MID:55.14 P1:55.14 P2:55.14 P3:55.14 P4:55.14 STATE:IDLE
[2026-05-01T00:09:50+02:00] CHK MOM:0% RANGE:0% UP:0% SPREAD:0.03627788% BID:55.13 ASK:55.15 MID:55.14 P1:55.14 P2:55.14 P3:55.14 P4:55.14 STATE:IDLE
[2026-05-01T00:09:51+02:00] CHK MOM:0% RANGE:0% UP:0% SPREAD:0.03627788% BID:55.13 ASK:55.15 MID:55.14 P1:55.14 P2:55.14 P3:55.14 P4:55.14 STATE:IDLE
[2026-05-01T00:09:51+02:00] CHK MOM:0% RANGE:0% UP:0% SPREAD:0.03627788% BID:55.13 ASK:55.15 MID:55.14 P1:55.14 P2:55.14 P3:55.14 P4:55.14 STATE:IDLE
[2026-05-01T00:09:52+02:00] CHK MOM:0% RANGE:0% UP:0% SPREAD:0.03627788% BID:55.13 ASK:55.15 MID:55.14 P1:55.14 P2:55.14 P3:55.14 P4:55.14 STATE:IDLE
[2026-05-01T00:09:52+02:00] CHK MOM:0% RANGE:0% UP:0% SPREAD:0.03627788% BID:55.13 ASK:55.15 MID:55.14 P1:55.14 P2:55.14 P3:55.14 P4:55.14 STATE:IDLE
[2026-05-01T00:09:54+02:00] CHK MOM:0% RANGE:0% UP:0% SPREAD:0.03627788% BID:55.13 ASK:55.15 MID:55.14 P1:55.14 P2:55.14 P3:55.14 P4:55.14 STATE:IDLE
[2026-05-01T00:09:55+02:00] CHK MOM:0% RANGE:0% UP:0% SPREAD:0.03627788% BID:55.13 ASK:55.15 MID:55.14 P1:55.14 P2:55.14 P3:55.14 P4:55.14 STATE:IDLE
[2026-05-01T00:09:55+02:00] CHK MOM:0% RANGE:0% UP:0% SPREAD:0.03627788% BID:55.13 ASK:55.15 MID:55.14 P1:55.14 P2:55.14 P3:55.14 P4:55.14 STATE:IDLE
[2026-05-01T00:09:56+02:00] CHK MOM:0% RANGE:0% UP:0% SPREAD:0.01813894% BID:55.13 ASK:55.14 MID:55.135 P1:55.135 P2:55.14 P3:55.14 P4:55.14 STATE:IDLE
[2026-05-01T00:09:57+02:00] CHK MOM:-0.03% RANGE:0.03% UP:0% SPREAD:0.03629105% BID:55.11 ASK:55.13 MID:55.12 P1:55.12 P2:55.135 P3:55.14 P4:55.14 STATE:IDLE
[2026-05-01T00:09:57+02:00] CHK MOM:-0.02% RANGE:0.03% UP:9.09% SPREAD:0.01814223% BID:55.12 ASK:55.13 MID:55.125 P1:55.125 P2:55.12 P3:55.135 P4:55.14 STATE:IDLE
[2026-05-01T00:09:58+02:00] CHK MOM:-0.02% RANGE:0.03% UP:8.33% SPREAD:0.01814223% BID:55.12 ASK:55.13 MID:55.125 P1:55.125 P2:55.125 P3:55.12 P4:55.135 STATE:IDLE
[2026-05-01T00:09:58+02:00] CHK MOM:-0.02% RANGE:0.03% UP:7.69% SPREAD:0.01814223% BID:55.12 ASK:55.13 MID:55.125 P1:55.125 P2:55.125 P3:55.125 P4:55.12 STATE:IDLE
[2026-05-01T00:09:59+02:00] CHK MOM:-0.02% RANGE:0.03% UP:7.14% SPREAD:0.01814223% BID:55.12 ASK:55.13 MID:55.125 P1:55.125 P2:55.125 P3:55.125 P4:55.125 STATE:IDLE
[2026-05-01T00:09:59+02:00] CHK MOM:-0.02% RANGE:0.03% UP:6.66% SPREAD:0.01814223% BID:55.12 ASK:55.13 MID:55.125 P1:55.125 P2:55.125 P3:55.125 P4:55.125 STATE:IDLE
[2026-05-01T00:10:00+02:00] CHK MOM:-0.02% RANGE:0.03% UP:6.25% SPREAD:0.01814223% BID:55.12 ASK:55.13 MID:55.125 P1:55.125 P2:55.125 P3:55.125 P4:55.125 STATE:IDLE
[2026-05-01T00:10:00+02:00] CHK MOM:-0.04% RANGE:0.04% UP:5.88% SPREAD:0.01814552% BID:55.11 ASK:55.12 MID:55.11499999 P1:55.11499999 P2:55.125 P3:55.125 P4:55.125 STATE:IDLE
[2026-05-01T00:10:01+02:00] CHK MOM:-0.03% RANGE:0.04% UP:11.11% SPREAD:0.03629105% BID:55.11 ASK:55.13 MID:55.12 P1:55.12 P2:55.11499999 P3:55.125 P4:55.125 STATE:IDLE
[2026-05-01T00:10:02+02:00] CHK MOM:-0.03% RANGE:0.04% UP:11.11% SPREAD:0.03629105% BID:55.11 ASK:55.13 MID:55.12 P1:55.12 P2:55.11499999 P3:55.125 P4:55.125 STATE:IDLE
[2026-05-01T00:10:02+02:00] CHK MOM:-0.04% RANGE:0.04% UP:11.76% SPREAD:0.01814552% BID:55.11 ASK:55.12 MID:55.11499999 P1:55.11499999 P2:55.12 P3:55.11499999 P4:55.125 STATE:IDLE
[2026-05-01T00:10:03+02:00] CHK MOM:-0.04% RANGE:0.04% UP:11.11% SPREAD:0.01814552% BID:55.11 ASK:55.12 MID:55.11499999 P1:55.11499999 P2:55.11499999 P3:55.12 P4:55.11499999 STATE:IDLE
[2026-05-01T00:10:03+02:00] CHK MOM:-0.04% RANGE:0.04% UP:11.11% SPREAD:0.01814552% BID:55.11 ASK:55.12 MID:55.11499999 P1:55.11499999 P2:55.11499999 P3:55.12 P4:55.11499999 STATE:IDLE
[2026-05-01T00:10:04+02:00] CHK MOM:-0.04% RANGE:0.04% UP:11.11% SPREAD:0.01814552% BID:55.11 ASK:55.12 MID:55.11499999 P1:55.11499999 P2:55.11499999 P3:55.11499999 P4:55.12 STATE:IDLE
[2026-05-01T00:10:04+02:00] CHK MOM:-0.04% RANGE:0.04% UP:10.52% SPREAD:0.01814552% BID:55.11 ASK:55.12 MID:55.11499999 P1:55.11499999 P2:55.11499999 P3:55.11499999 P4:55.11499999 STATE:IDLE
[2026-05-01T00:10:05+02:00] CHK MOM:-0.04% RANGE:0.04% UP:10.52% SPREAD:0.01814552% BID:55.11 ASK:55.12 MID:55.11499999 P1:55.11499999 P2:55.11499999 P3:55.11499999 P4:55.11499999 STATE:IDLE
[2026-05-01T00:10:05+02:00] CHK MOM:-0.04% RANGE:0.04% UP:10.52% SPREAD:0.01814552% BID:55.11 ASK:55.12 MID:55.11499999 P1:55.11499999 P2:55.11499999 P3:55.11499999 P4:55.11499999 STATE:IDLE
[2026-05-01T00:10:06+02:00] CHK MOM:-0.04% RANGE:0.04% UP:10.52% SPREAD:0.01814552% BID:55.11 ASK:55.12 MID:55.11499999 P1:55.11499999 P2:55.11499999 P3:55.11499999 P4:55.11499999 STATE:IDLE
[2026-05-01T00:10:07+02:00] CHK MOM:-0.04% RANGE:0.04% UP:11.76% SPREAD:0.01814552% BID:55.11 ASK:55.12 MID:55.11499999 P1:55.11499999 P2:55.11499999 P3:55.11499999 P4:55.11499999 STATE:IDLE
[2026-05-01T00:10:07+02:00] CHK MOM:-0.04% RANGE:0.04% UP:11.76% SPREAD:0.01814552% BID:55.11 ASK:55.12 MID:55.11499999 P1:55.11499999 P2:55.11499999 P3:55.11499999 P4:55.11499999 STATE:IDLE
[2026-05-01T00:10:08+02:00] CHK MOM:-0.04% RANGE:0.04% UP:11.76% SPREAD:0.01814552% BID:55.11 ASK:55.12 MID:55.11499999 P1:55.11499999 P2:55.11499999 P3:55.11499999 P4:55.11499999 STATE:IDLE
[2026-05-01T00:10:08+02:00] CHK MOM:-0.04% RANGE:0.04% UP:11.11% SPREAD:0.01814552% BID:55.11 ASK:55.12 MID:55.11499999 P1:55.11499999 P2:55.11499999 P3:55.11499999 P4:55.11499999 STATE:IDLE
[2026-05-01T00:10:09+02:00] CHK MOM:-0.02% RANGE:0.04% UP:15.78% SPREAD:0.01814223% BID:55.12 ASK:55.13 MID:55.125 P1:55.125 P2:55.11499999 P3:55.11499999 P4:55.11499999 STATE:IDLE
[2026-05-01T00:10:09+02:00] CHK MOM:-0.02% RANGE:0.04% UP:15% SPREAD:0.01814223% BID:55.12 ASK:55.13 MID:55.125 P1:55.125 P2:55.125 P3:55.11499999 P4:55.11499999 STATE:IDLE
[2026-05-01T00:10:10+02:00] CHK MOM:-0.03% RANGE:0.04% UP:14.28% SPREAD:0.03629105% BID:55.11 ASK:55.13 MID:55.12 P1:55.12 P2:55.125 P3:55.125 P4:55.11499999 STATE:IDLE
[2026-05-01T00:10:10+02:00] CHK MOM:-0.03% RANGE:0.04% UP:14.28% SPREAD:0.03629105% BID:55.11 ASK:55.13 MID:55.12 P1:55.12 P2:55.12 P3:55.125 P4:55.125 STATE:IDLE
[2026-05-01T00:10:11+02:00] CHK MOM:-0.03% RANGE:0.04% UP:14.28% SPREAD:0.03629105% BID:55.11 ASK:55.13 MID:55.12 P1:55.12 P2:55.12 P3:55.125 P4:55.125 STATE:IDLE
[2026-05-01T00:10:11+02:00] CHK MOM:-0.01% RANGE:0.03% UP:20% SPREAD:0.01814223% BID:55.12 ASK:55.13 MID:55.125 P1:55.125 P2:55.12 P3:55.12 P4:55.125 STATE:IDLE
[2026-05-01T00:10:12+02:00] CHK MOM:0% RANGE:0.01% UP:20% SPREAD:0.01814223% BID:55.12 ASK:55.13 MID:55.125 P1:55.125 P2:55.125 P3:55.12 P4:55.12 STATE:IDLE
[2026-05-01T00:10:13+02:00] CHK MOM:0% RANGE:0.01% UP:15.78% SPREAD:0.01814223% BID:55.12 ASK:55.13 MID:55.125 P1:55.125 P2:55.125 P3:55.125 P4:55.12 STATE:IDLE
[2026-05-01T00:10:13+02:00] CHK MOM:0% RANGE:0.01% UP:15% SPREAD:0.01814223% BID:55.12 ASK:55.13 MID:55.125 P1:55.125 P2:55.125 P3:55.125 P4:55.125 STATE:IDLE
[2026-05-01T00:10:14+02:00] CHK MOM:0% RANGE:0.01% UP:15% SPREAD:0.01814223% BID:55.12 ASK:55.13 MID:55.125 P1:55.125 P2:55.125 P3:55.125 P4:55.125 STATE:IDLE
[2026-05-01T00:10:14+02:00] CHK MOM:0% RANGE:0.01% UP:15% SPREAD:0.01814223% BID:55.12 ASK:55.13 MID:55.125 P1:55.125 P2:55.125 P3:55.125 P4:55.125 STATE:IDLE
[2026-05-01T00:10:15+02:00] CHK MOM:0% RANGE:0.01% UP:15% SPREAD:0.01814223% BID:55.12 ASK:55.13 MID:55.125 P1:55.125 P2:55.125 P3:55.125 P4:55.125 STATE:IDLE
[2026-05-01T00:10:15+02:00] CHK MOM:0% RANGE:0.01% UP:15% SPREAD:0.01814223% BID:55.12 ASK:55.13 MID:55.125 P1:55.125 P2:55.125 P3:55.125 P4:55.125 STATE:IDLE
[2026-05-01T00:10:16+02:00] CHK MOM:0% RANGE:0.01% UP:14.28% SPREAD:0.03629105% BID:55.11 ASK:55.13 MID:55.12 P1:55.12 P2:55.125 P3:55.125 P4:55.125 STATE:IDLE
[2026-05-01T00:10:16+02:00] CHK MOM:0.01% RANGE:0.01% UP:15.78% SPREAD:0.01814223% BID:55.12 ASK:55.13 MID:55.125 P1:55.125 P2:55.12 P3:55.125 P4:55.125 STATE:IDLE
[2026-05-01T00:10:17+02:00] CHK MOM:0.01% RANGE:0.01% UP:15% SPREAD:0.01814223% BID:55.12 ASK:55.13 MID:55.125 P1:55.125 P2:55.125 P3:55.12 P4:55.125 STATE:IDLE
[2026-05-01T00:10:18+02:00] CHK MOM:0% RANGE:0.01% UP:14.28% SPREAD:0.03629105% BID:55.11 ASK:55.13 MID:55.12 P1:55.12 P2:55.125 P3:55.125 P4:55.12 STATE:IDLE
[2026-05-01T00:10:18+02:00] CHK MOM:0.01% RANGE:0.01% UP:19.04% SPREAD:0.01814223% BID:55.12 ASK:55.13 MID:55.125 P1:55.125 P2:55.12 P3:55.125 P4:55.125 STATE:IDLE
[2026-05-01T00:10:19+02:00] CHK MOM:0.01% RANGE:0.01% UP:19.04% SPREAD:0.01814223% BID:55.12 ASK:55.13 MID:55.125 P1:55.125 P2:55.125 P3:55.12 P4:55.125 STATE:IDLE
[2026-05-01T00:10:19+02:00] CHK MOM:0.01% RANGE:0.01% UP:18.18% SPREAD:0.01814223% BID:55.12 ASK:55.13 MID:55.125 P1:55.125 P2:55.125 P3:55.125 P4:55.12 STATE:IDLE
[2026-05-01T00:10:20+02:00] CHK MOM:0.01% RANGE:0.01% UP:18.18% SPREAD:0.01814223% BID:55.12 ASK:55.13 MID:55.125 P1:55.125 P2:55.125 P3:55.125 P4:55.12 STATE:IDLE
[2026-05-01T00:10:20+02:00] CHK MOM:0.01% RANGE:0.01% UP:18.18% SPREAD:0.01814223% BID:55.12 ASK:55.13 MID:55.125 P1:55.125 P2:55.125 P3:55.125 P4:55.12 STATE:IDLE
[2026-05-01T00:10:21+02:00] CHK MOM:0.01% RANGE:0.01% UP:18.18% SPREAD:0.01814223% BID:55.12 ASK:55.13 MID:55.125 P1:55.125 P2:55.125 P3:55.125 P4:55.12 STATE:IDLE
[2026-05-01T00:10:21+02:00] CHK MOM:0.01% RANGE:0.01% UP:19.04% SPREAD:0.01814223% BID:55.12 ASK:55.13 MID:55.125 P1:55.125 P2:55.125 P3:55.125 P4:55.125 STATE:IDLE
[2026-05-01T00:10:22+02:00] CHK MOM:0.01% RANGE:0.01% UP:19.04% SPREAD:0.01814223% BID:55.12 ASK:55.13 MID:55.125 P1:55.125 P2:55.125 P3:55.125 P4:55.125 STATE:IDLE
[2026-05-01T00:10:22+02:00] CHK MOM:0.01% RANGE:0.01% UP:19.04% SPREAD:0.01814223% BID:55.12 ASK:55.13 MID:55.125 P1:55.125 P2:55.125 P3:55.125 P4:55.125 STATE:IDLE
[2026-05-01T00:10:23+02:00] CHK MOM:0.01% RANGE:0.01% UP:19.04% SPREAD:0.01814223% BID:55.12 ASK:55.13 MID:55.125 P1:55.125 P2:55.125 P3:55.125 P4:55.125 STATE:IDLE
[2026-05-01T00:10:24+02:00] CHK MOM:0.01% RANGE:0.01% UP:18.18% SPREAD:0.01814223% BID:55.12 ASK:55.13 MID:55.125 P1:55.125 P2:55.125 P3:55.125 P4:55.125 STATE:IDLE
[2026-05-01T00:10:24+02:00] CHK MOM:0.01% RANGE:0.01% UP:18.18% SPREAD:0.01814223% BID:55.12 ASK:55.13 MID:55.125 P1:55.125 P2:55.125 P3:55.125 P4:55.125 STATE:IDLE
[2026-05-01T00:10:25+02:00] CHK MOM:0% RANGE:0% UP:14.28% SPREAD:0.01814223% BID:55.12 ASK:55.13 MID:55.125 P1:55.125 P2:55.125 P3:55.125 P4:55.125 STATE:IDLE
[2026-05-01T00:10:25+02:00] CHK MOM:0% RANGE:0% UP:14.28% SPREAD:0.01814223% BID:55.12 ASK:55.13 MID:55.125 P1:55.125 P2:55.125 P3:55.125 P4:55.125 STATE:IDLE
[2026-05-01T00:10:26+02:00] CHK MOM:0% RANGE:0% UP:14.28% SPREAD:0.01814223% BID:55.12 ASK:55.13 MID:55.125 P1:55.125 P2:55.125 P3:55.125 P4:55.125 STATE:IDLE
[2026-05-01T00:10:26+02:00] CHK MOM:0% RANGE:0% UP:14.28% SPREAD:0.01814223% BID:55.12 ASK:55.13 MID:55.125 P1:55.125 P2:55.125 P3:55.125 P4:55.125 STATE:IDLE
[2026-05-01T00:10:27+02:00] CHK MOM:0% RANGE:0% UP:14.28% SPREAD:0.01814223% BID:55.12 ASK:55.13 MID:55.125 P1:55.125 P2:55.125 P3:55.125 P4:55.125 STATE:IDLE
[2026-05-01T00:10:27+02:00] CHK MOM:0% RANGE:0% UP:10.52% SPREAD:0.01814223% BID:55.12 ASK:55.13 MID:55.125 P1:55.125 P2:55.125 P3:55.125 P4:55.125 STATE:IDLE
[2026-05-01T00:10:28+02:00] CHK MOM:0% RANGE:0% UP:10.52% SPREAD:0.01814223% BID:55.12 ASK:55.13 MID:55.125 P1:55.125 P2:55.125 P3:55.125 P4:55.125 STATE:IDLE
[2026-05-01T00:10:29+02:00] CHK MOM:0% RANGE:0% UP:10.52% SPREAD:0.01814223% BID:55.12 ASK:55.13 MID:55.125 P1:55.125 P2:55.125 P3:55.125 P4:55.125 STATE:IDLE
[2026-05-01T00:10:29+02:00] CHK MOM:0% RANGE:0% UP:11.76% SPREAD:0.01814223% BID:55.12 ASK:55.13 MID:55.125 P1:55.125 P2:55.125 P3:55.125 P4:55.125 STATE:IDLE
[2026-05-01T00:10:30+02:00] CHK MOM:0% RANGE:0% UP:11.76% SPREAD:0.01814223% BID:55.12 ASK:55.13 MID:55.125 P1:55.125 P2:55.125 P3:55.125 P4:55.125 STATE:IDLE
[2026-05-01T00:10:30+02:00] CHK MOM:0% RANGE:0% UP:12.5% SPREAD:0.01814223% BID:55.12 ASK:55.13 MID:55.125 P1:55.125 P2:55.125 P3:55.125 P4:55.125 STATE:IDLE
[2026-05-01T00:10:31+02:00] CHK MOM:-0.01% RANGE:0.01% UP:12.5% SPREAD:0.01814552% BID:55.11 ASK:55.12 MID:55.11499999 P1:55.11499999 P2:55.125 P3:55.125 P4:55.125 STATE:IDLE
[2026-05-01T00:10:31+02:00] CHK MOM:-0.01% RANGE:0.01% UP:12.5% SPREAD:0.01814552% BID:55.11 ASK:55.12 MID:55.11499999 P1:55.11499999 P2:55.125 P3:55.125 P4:55.125 STATE:IDLE
[2026-05-01T00:10:32+02:00] CHK MOM:-0.01% RANGE:0.01% UP:12.5% SPREAD:0.01814552% BID:55.11 ASK:55.12 MID:55.11499999 P1:55.11499999 P2:55.125 P3:55.125 P4:55.125 STATE:IDLE
[2026-05-01T00:10:32+02:00] CHK MOM:-0.01% RANGE:0.01% UP:12.5% SPREAD:0.01814552% BID:55.11 ASK:55.12 MID:55.11499999 P1:55.11499999 P2:55.125 P3:55.125 P4:55.125 STATE:IDLE
[2026-05-01T00:10:33+02:00] CHK MOM:-0.01% RANGE:0.01% UP:12.5% SPREAD:0.01814552% BID:55.11 ASK:55.12 MID:55.11499999 P1:55.11499999 P2:55.125 P3:55.125 P4:55.125 STATE:IDLE
[2026-05-01T00:10:33+02:00] CHK MOM:0% RANGE:0.01% UP:8.33% SPREAD:0.01814552% BID:55.11 ASK:55.12 MID:55.11499999 P1:55.11499999 P2:55.11499999 P3:55.125 P4:55.125 STATE:IDLE
[2026-05-01T00:10:34+02:00] CHK MOM:0% RANGE:0.01% UP:8.33% SPREAD:0.01814552% BID:55.11 ASK:55.12 MID:55.11499999 P1:55.11499999 P2:55.11499999 P3:55.125 P4:55.125 STATE:IDLE
[2026-05-01T00:10:35+02:00] CHK MOM:0% RANGE:0.01% UP:8.33% SPREAD:0.01814552% BID:55.11 ASK:55.12 MID:55.11499999 P1:55.11499999 P2:55.11499999 P3:55.125 P4:55.125 STATE:IDLE
[2026-05-01T00:10:35+02:00] CHK MOM:0% RANGE:0.01% UP:8.33% SPREAD:0.01814552% BID:55.11 ASK:55.12 MID:55.11499999 P1:55.11499999 P2:55.11499999 P3:55.125 P4:55.125 STATE:IDLE
[2026-05-01T00:10:36+02:00] CHK MOM:0% RANGE:0.01% UP:8.33% SPREAD:0.01814552% BID:55.11 ASK:55.12 MID:55.11499999 P1:55.11499999 P2:55.11499999 P3:55.125 P4:55.125 STATE:IDLE
[2026-05-01T00:10:37+02:00] CHK MOM:0% RANGE:0.01% UP:11.11% SPREAD:0.03629105% BID:55.11 ASK:55.13 MID:55.12 P1:55.12 P2:55.11499999 P3:55.11499999 P4:55.125 STATE:IDLE
[2026-05-01T00:10:37+02:00] CHK MOM:-0.01% RANGE:0.01% UP:10% SPREAD:0.01814552% BID:55.11 ASK:55.12 MID:55.11499999 P1:55.11499999 P2:55.12 P3:55.11499999 P4:55.11499999 STATE:IDLE
[2026-05-01T00:10:38+02:00] CHK MOM:-0.01% RANGE:0.01% UP:10% SPREAD:0.01814552% BID:55.11 ASK:55.12 MID:55.11499999 P1:55.11499999 P2:55.12 P3:55.11499999 P4:55.11499999 STATE:IDLE
[2026-05-01T00:10:38+02:00] CHK MOM:-0.01% RANGE:0.01% UP:10% SPREAD:0.01814552% BID:55.11 ASK:55.12 MID:55.11499999 P1:55.11499999 P2:55.12 P3:55.11499999 P4:55.11499999 STATE:IDLE
[2026-05-01T00:10:39+02:00] CHK MOM:-0.01% RANGE:0.01% UP:10% SPREAD:0.01814552% BID:55.11 ASK:55.12 MID:55.11499999 P1:55.11499999 P2:55.11499999 P3:55.12 P4:55.11499999 STATE:IDLE
[2026-05-01T00:10:40+02:00] CHK MOM:-0.01% RANGE:0.01% UP:10% SPREAD:0.01814552% BID:55.11 ASK:55.12 MID:55.11499999 P1:55.11499999 P2:55.11499999 P3:55.12 P4:55.11499999 STATE:IDLE
[2026-05-01T00:10:40+02:00] CHK MOM:-0.01% RANGE:0.01% UP:10% SPREAD:0.01814552% BID:55.11 ASK:55.12 MID:55.11499999 P1:55.11499999 P2:55.11499999 P3:55.12 P4:55.11499999 STATE:IDLE
[2026-05-01T00:10:41+02:00] CHK MOM:-0.01% RANGE:0.01% UP:10% SPREAD:0.01814552% BID:55.11 ASK:55.12 MID:55.11499999 P1:55.11499999 P2:55.11499999 P3:55.12 P4:55.11499999 STATE:IDLE
[2026-05-01T00:10:41+02:00] CHK MOM:-0.01% RANGE:0.01% UP:10% SPREAD:0.01814552% BID:55.11 ASK:55.12 MID:55.11499999 P1:55.11499999 P2:55.11499999 P3:55.12 P4:55.11499999 STATE:IDLE
[2026-05-01T00:10:43+02:00] CHK MOM:-0.01% RANGE:0.01% UP:12.5% SPREAD:0.01814552% BID:55.11 ASK:55.12 MID:55.11499999 P1:55.11499999 P2:55.11499999 P3:55.11499999 P4:55.12 STATE:IDLE
[2026-05-01T00:10:43+02:00] CHK MOM:-0.01% RANGE:0.01% UP:12.5% SPREAD:0.01814552% BID:55.11 ASK:55.12 MID:55.11499999 P1:55.11499999 P2:55.11499999 P3:55.11499999 P4:55.12 STATE:IDLE
[2026-05-01T00:10:44+02:00] CHK MOM:-0.01% RANGE:0.01% UP:12.5% SPREAD:0.01814552% BID:55.11 ASK:55.12 MID:55.11499999 P1:55.11499999 P2:55.11499999 P3:55.11499999 P4:55.11499999 STATE:IDLE
[2026-05-01T00:10:44+02:00] CHK MOM:-0.01% RANGE:0.01% UP:12.5% SPREAD:0.01814552% BID:55.11 ASK:55.12 MID:55.11499999 P1:55.11499999 P2:55.11499999 P3:55.11499999 P4:55.11499999 STATE:IDLE
[2026-05-01T00:10:45+02:00] CHK MOM:-0.01% RANGE:0.01% UP:12.5% SPREAD:0.01814552% BID:55.11 ASK:55.12 MID:55.11499999 P1:55.11499999 P2:55.11499999 P3:55.11499999 P4:55.11499999 STATE:IDLE
[2026-05-01T00:10:46+02:00] CHK MOM:0% RANGE:0.01% UP:25% SPREAD:0.01814223% BID:55.12 ASK:55.13 MID:55.125 P1:55.125 P2:55.11499999 P3:55.11499999 P4:55.11499999 STATE:IDLE
[2026-05-01T00:10:46+02:00] CHK MOM:0.01% RANGE:0.01% UP:25% SPREAD:0.01814223% BID:55.12 ASK:55.13 MID:55.125 P1:55.125 P2:55.125 P3:55.11499999 P4:55.11499999 STATE:IDLE
[2026-05-01T00:10:47+02:00] CHK MOM:0.01% RANGE:0.01% UP:25% SPREAD:0.01814223% BID:55.12 ASK:55.13 MID:55.125 P1:55.125 P2:55.125 P3:55.11499999 P4:55.11499999 STATE:IDLE
[2026-05-01T00:10:47+02:00] CHK MOM:0.01% RANGE:0.01% UP:25% SPREAD:0.01814223% BID:55.12 ASK:55.13 MID:55.125 P1:55.125 P2:55.125 P3:55.11499999 P4:55.11499999 STATE:IDLE
[2026-05-01T00:10:48+02:00] CHK MOM:0.01% RANGE:0.01% UP:25% SPREAD:0.01814223% BID:55.12 ASK:55.13 MID:55.125 P1:55.125 P2:55.125 P3:55.11499999 P4:55.11499999 STATE:IDLE
[2026-05-01T00:10:48+02:00] CHK MOM:0.01% RANGE:0.01% UP:25% SPREAD:0.01814223% BID:55.12 ASK:55.13 MID:55.125 P1:55.125 P2:55.125 P3:55.11499999 P4:55.11499999 STATE:IDLE
[2026-05-01T00:10:49+02:00] CHK MOM:0.01% RANGE:0.01% UP:25% SPREAD:0.01814223% BID:55.12 ASK:55.13 MID:55.125 P1:55.125 P2:55.125 P3:55.11499999 P4:55.11499999 STATE:IDLE
[2026-05-01T00:10:53+02:00] CHK MOM:0% RANGE:0.01% UP:14.28% SPREAD:0.01814223% BID:55.12 ASK:55.13 MID:55.125 P1:55.125 P2:55.125 P3:55.125 P4:55.11499999 STATE:IDLE
[2026-05-01T00:10:53+02:00] CHK MOM:0.01% RANGE:0.01% UP:14.28% SPREAD:0.01814223% BID:55.12 ASK:55.13 MID:55.125 P1:55.125 P2:55.125 P3:55.125 P4:55.125 STATE:IDLE
[2026-05-01T00:10:54+02:00] CHK MOM:0.03% RANGE:0.03% UP:28.57% SPREAD:0.01813894% BID:55.13 ASK:55.14 MID:55.135 P1:55.135 P2:55.125 P3:55.125 P4:55.125 STATE:IDLE
[2026-05-01T00:10:54+02:00] CHK MOM:0.03% RANGE:0.03% UP:28.57% SPREAD:0.01813894% BID:55.13 ASK:55.14 MID:55.135 P1:55.135 P2:55.125 P3:55.125 P4:55.125 STATE:IDLE
[2026-05-01T00:10:55+02:00] CHK MOM:0.03% RANGE:0.03% UP:25% SPREAD:0.01813894% BID:55.13 ASK:55.14 MID:55.135 P1:55.135 P2:55.135 P3:55.125 P4:55.125 STATE:IDLE
[2026-05-01T00:10:55+02:00] CHK MOM:0.03% RANGE:0.03% UP:25% SPREAD:0.01813894% BID:55.13 ASK:55.14 MID:55.135 P1:55.135 P2:55.135 P3:55.125 P4:55.125 STATE:IDLE
[2026-05-01T00:10:56+02:00] CHK MOM:0.03% RANGE:0.03% UP:25% SPREAD:0.01813894% BID:55.13 ASK:55.14 MID:55.135 P1:55.135 P2:55.135 P3:55.125 P4:55.125 STATE:IDLE
[2026-05-01T00:10:56+02:00] CHK MOM:0.03% RANGE:0.03% UP:25% SPREAD:0.01813894% BID:55.13 ASK:55.14 MID:55.135 P1:55.135 P2:55.135 P3:55.125 P4:55.125 STATE:IDLE
[2026-05-01T00:10:57+02:00] CHK MOM:0.03% RANGE:0.03% UP:25% SPREAD:0.01813894% BID:55.13 ASK:55.14 MID:55.135 P1:55.135 P2:55.135 P3:55.125 P4:55.125 STATE:IDLE
[2026-05-01T00:10:57+02:00] CHK MOM:0.03% RANGE:0.03% UP:25% SPREAD:0.01813894% BID:55.13 ASK:55.14 MID:55.135 P1:55.135 P2:55.135 P3:55.135 P4:55.125 STATE:IDLE
[2026-05-01T00:10:58+02:00] CHK MOM:0.03% RANGE:0.03% UP:25% SPREAD:0.01813894% BID:55.13 ASK:55.14 MID:55.135 P1:55.135 P2:55.135 P3:55.135 P4:55.125 STATE:IDLE
[2026-05-01T00:10:59+02:00] CHK MOM:0.03% RANGE:0.03% UP:25% SPREAD:0.01813894% BID:55.13 ASK:55.14 MID:55.135 P1:55.135 P2:55.135 P3:55.135 P4:55.125 STATE:IDLE
[2026-05-01T00:10:59+02:00] CHK MOM:0.03% RANGE:0.03% UP:25% SPREAD:0.01813894% BID:55.13 ASK:55.14 MID:55.135 P1:55.135 P2:55.135 P3:55.135 P4:55.125 STATE:IDLE
[2026-05-01T00:11:00+02:00] CHK MOM:0.03% RANGE:0.03% UP:25% SPREAD:0.01813894% BID:55.13 ASK:55.14 MID:55.135 P1:55.135 P2:55.135 P3:55.135 P4:55.125 STATE:IDLE
[2026-05-01T00:11:01+02:00] CHK MOM:0.01% RANGE:0.01% UP:14.28% SPREAD:0.01813894% BID:55.13 ASK:55.14 MID:55.135 P1:55.135 P2:55.135 P3:55.135 P4:55.135 STATE:IDLE
[2026-05-01T00:11:01+02:00] CHK MOM:0.01% RANGE:0.01% UP:12.5% SPREAD:0.01813894% BID:55.13 ASK:55.14 MID:55.135 P1:55.135 P2:55.135 P3:55.135 P4:55.135 STATE:IDLE
[2026-05-01T00:11:02+02:00] CHK MOM:0.01% RANGE:0.01% UP:12.5% SPREAD:0.01813894% BID:55.13 ASK:55.14 MID:55.135 P1:55.135 P2:55.135 P3:55.135 P4:55.135 STATE:IDLE
[2026-05-01T00:11:02+02:00] CHK MOM:0.01% RANGE:0.01% UP:12.5% SPREAD:0.01813894% BID:55.13 ASK:55.14 MID:55.135 P1:55.135 P2:55.135 P3:55.135 P4:55.135 STATE:IDLE
[2026-05-01T00:11:03+02:00] CHK MOM:0.01% RANGE:0.01% UP:12.5% SPREAD:0.01813894% BID:55.13 ASK:55.14 MID:55.135 P1:55.135 P2:55.135 P3:55.135 P4:55.135 STATE:IDLE
[2026-05-01T00:11:04+02:00] CHK MOM:0.01% RANGE:0.01% UP:12.5% SPREAD:0.01813894% BID:55.13 ASK:55.14 MID:55.135 P1:55.135 P2:55.135 P3:55.135 P4:55.135 STATE:IDLE
[2026-05-01T00:11:13+02:00] CHK MOM:0% RANGE:0% UP:0% SPREAD:0.01813894% BID:55.13 ASK:55.14 MID:55.135 P1:55.135 P2:55.135 P3:55.135 P4:55.135 STATE:IDLE
[2026-05-01T00:11:13+02:00] CHK MOM:0% RANGE:0% UP:0% SPREAD:0.01813894% BID:55.13 ASK:55.14 MID:55.135 P1:55.135 P2:55.135 P3:55.135 P4:55.135 STATE:IDLE
[2026-05-01T00:11:14+02:00] CHK MOM:0% RANGE:0% UP:0% SPREAD:0.01813894% BID:55.13 ASK:55.14 MID:55.135 P1:55.135 P2:55.135 P3:55.135 P4:55.135 STATE:IDLE
[2026-05-01T00:11:14+02:00] CHK MOM:0% RANGE:0% UP:0% SPREAD:0.01813894% BID:55.13 ASK:55.14 MID:55.135 P1:55.135 P2:55.135 P3:55.135 P4:55.135 STATE:IDLE
[2026-05-01T00:11:15+02:00] CHK MOM:0% RANGE:0% UP:0% SPREAD:0.01813894% BID:55.13 ASK:55.14 MID:55.135 P1:55.135 P2:55.135 P3:55.135 P4:55.135 STATE:IDLE
[2026-05-01T00:11:16+02:00] CHK MOM:0% RANGE:0% UP:0% SPREAD:0.01813894% BID:55.13 ASK:55.14 MID:55.135 P1:55.135 P2:55.135 P3:55.135 P4:55.135 STATE:IDLE
[2026-05-01T00:11:17+02:00] CHK MOM:0% RANGE:0% UP:0% SPREAD:0.01813894% BID:55.13 ASK:55.14 MID:55.135 P1:55.135 P2:55.135 P3:55.135 P4:55.135 STATE:IDLE
[2026-05-01T00:11:17+02:00] CHK MOM:0% RANGE:0% UP:0% SPREAD:0.01813894% BID:55.13 ASK:55.14 MID:55.135 P1:55.135 P2:55.135 P3:55.135 P4:55.135 STATE:IDLE
[2026-05-01T00:11:18+02:00] CHK MOM:0% RANGE:0% UP:0% SPREAD:0.01813894% BID:55.13 ASK:55.14 MID:55.135 P1:55.135 P2:55.135 P3:55.135 P4:55.135 STATE:IDLE
[2026-05-01T00:11:19+02:00] CHK MOM:0% RANGE:0% UP:0% SPREAD:0.01813894% BID:55.13 ASK:55.14 MID:55.135 P1:55.135 P2:55.135 P3:55.135 P4:55.135 STATE:IDLE
[2026-05-01T00:11:19+02:00] CHK MOM:0% RANGE:0% UP:0% SPREAD:0.01813894% BID:55.13 ASK:55.14 MID:55.135 P1:55.135 P2:55.135 P3:55.135 P4:55.135 STATE:IDLE
[2026-05-01T00:11:20+02:00] CHK MOM:0% RANGE:0% UP:0% SPREAD:0.01813894% BID:55.13 ASK:55.14 MID:55.135 P1:55.135 P2:55.135 P3:55.135 P4:55.135 STATE:IDLE
[2026-05-01T00:11:20+02:00] CHK MOM:0% RANGE:0% UP:0% SPREAD:0.01813894% BID:55.13 ASK:55.14 MID:55.135 P1:55.135 P2:55.135 P3:55.135 P4:55.135 STATE:IDLE
[2026-05-01T00:11:21+02:00] CHK MOM:0% RANGE:0% UP:0% SPREAD:0.01813894% BID:55.13 ASK:55.14 MID:55.135 P1:55.135 P2:55.135 P3:55.135 P4:55.135 STATE:IDLE
[2026-05-01T00:11:21+02:00] CHK MOM:0% RANGE:0% UP:0% SPREAD:0.01813894% BID:55.13 ASK:55.14 MID:55.135 P1:55.135 P2:55.135 P3:55.135 P4:55.135 STATE:IDLE
[2026-05-01T00:11:22+02:00] CHK MOM:0% RANGE:0% UP:0% SPREAD:0.01813894% BID:55.13 ASK:55.14 MID:55.135 P1:55.135 P2:55.135 P3:55.135 P4:55.135 STATE:IDLE
[2026-05-01T00:11:22+02:00] CHK MOM:0% RANGE:0% UP:0% SPREAD:0.01813894% BID:55.13 ASK:55.14 MID:55.135 P1:55.135 P2:55.135 P3:55.135 P4:55.135 STATE:IDLE
[2026-05-01T00:11:23+02:00] CHK MOM:0% RANGE:0% UP:0% SPREAD:0.01813894% BID:55.13 ASK:55.14 MID:55.135 P1:55.135 P2:55.135 P3:55.135 P4:55.135 STATE:IDLE
[2026-05-01T00:11:24+02:00] CHK MOM:0% RANGE:0% UP:0% SPREAD:0.01813894% BID:55.13 ASK:55.14 MID:55.135 P1:55.135 P2:55.135 P3:55.135 P4:55.135 STATE:IDLE
[2026-05-01T00:11:30+02:00] CHK MOM:0% RANGE:0% UP:0% SPREAD:0.01813894% BID:55.13 ASK:55.14 MID:55.135 P1:55.135 P2:55.135 P3:55.135 P4:55.135 STATE:IDLE
[2026-05-01T00:11:30+02:00] CHK MOM:0% RANGE:0% UP:0% SPREAD:0.01813894% BID:55.13 ASK:55.14 MID:55.135 P1:55.135 P2:55.135 P3:55.135 P4:55.135 STATE:IDLE
[2026-05-01T00:11:31+02:00] CHK MOM:0% RANGE:0% UP:0% SPREAD:0.01813894% BID:55.13 ASK:55.14 MID:55.135 P1:55.135 P2:55.135 P3:55.135 P4:55.135 STATE:IDLE
[2026-05-01T00:11:31+02:00] CHK MOM:0% RANGE:0% UP:0% SPREAD:0.01813894% BID:55.13 ASK:55.14 MID:55.135 P1:55.135 P2:55.135 P3:55.135 P4:55.135 STATE:IDLE
[2026-05-01T00:11:32+02:00] CHK MOM:0% RANGE:0% UP:0% SPREAD:0.01813894% BID:55.13 ASK:55.14 MID:55.135 P1:55.135 P2:55.135 P3:55.135 P4:55.135 STATE:IDLE
[2026-05-01T00:11:39+02:00] CHK MOM:0% RANGE:0% UP:0% SPREAD:0.01813894% BID:55.13 ASK:55.14 MID:55.135 P1:55.135 P2:55.135 P3:55.135 P4:55.135 STATE:IDLE
[2026-05-01T00:11:40+02:00] CHK MOM:0% RANGE:0% UP:0% SPREAD:0.01813894% BID:55.13 ASK:55.14 MID:55.135 P1:55.135 P2:55.135 P3:55.135 P4:55.135 STATE:IDLE
[2026-05-01T00:11:40+02:00] CHK MOM:0% RANGE:0% UP:0% SPREAD:0.01813894% BID:55.13 ASK:55.14 MID:55.135 P1:55.135 P2:55.135 P3:55.135 P4:55.135 STATE:IDLE
[2026-05-01T00:11:41+02:00] CHK MOM:0% RANGE:0% UP:0% SPREAD:0.01813894% BID:55.13 ASK:55.14 MID:55.135 P1:55.135 P2:55.135 P3:55.135 P4:55.135 STATE:IDLE
[2026-05-01T00:11:41+02:00] CHK MOM:0% RANGE:0% UP:0% SPREAD:0.01813894% BID:55.13 ASK:55.14 MID:55.135 P1:55.135 P2:55.135 P3:55.135 P4:55.135 STATE:IDLE
[2026-05-01T00:11:42+02:00] CHK MOM:0% RANGE:0% UP:0% SPREAD:0.01813894% BID:55.13 ASK:55.14 MID:55.135 P1:55.135 P2:55.135 P3:55.135 P4:55.135 STATE:IDLE
[2026-05-01T00:11:42+02:00] CHK MOM:0% RANGE:0% UP:0% SPREAD:0.01813894% BID:55.13 ASK:55.14 MID:55.135 P1:55.135 P2:55.135 P3:55.135 P4:55.135 STATE:IDLE
[2026-05-01T00:11:43+02:00] CHK MOM:0% RANGE:0% UP:0% SPREAD:0.01813894% BID:55.13 ASK:55.14 MID:55.135 P1:55.135 P2:55.135 P3:55.135 P4:55.135 STATE:IDLE
[2026-05-01T00:11:43+02:00] CHK MOM:0% RANGE:0% UP:0% SPREAD:0.01813894% BID:55.13 ASK:55.14 MID:55.135 P1:55.135 P2:55.135 P3:55.135 P4:55.135 STATE:IDLE
[2026-05-01T00:11:44+02:00] CHK MOM:0% RANGE:0% UP:0% SPREAD:0.01813894% BID:55.13 ASK:55.14 MID:55.135 P1:55.135 P2:55.135 P3:55.135 P4:55.135 STATE:IDLE
