[2026-05-01T03:35:05+02:00] SESSION_START symbol=SOMIUSDC dry_run=1 profile=major strategy=momentum base_url=https://api.binance.com
[2026-05-01T03:35:05+02:00] TOXIC_MEMORY_LOADED count=17 symbols=0GUSDC,AAVEUSDC,CFGUSDC,DASHUSDC,ENJUSDC,FETUSDC,GIGGLEUSDC,GUNUSDC,HBARUSDC,KITEUSDC
[2026-05-01T03:35:07+02:00] CHK MOM:0% RANGE:0% UP:0% SPREAD:0.1072386% BID:0.1865 ASK:0.1867 MID:0.1866 P1:0.1866 P2:NA P3:NA P4:NA STATE:IDLE
[2026-05-01T03:35:07+02:00] CHK MOM:0% RANGE:0% UP:0% SPREAD:0.1072386% BID:0.1865 ASK:0.1867 MID:0.1866 P1:0.1866 P2:NA P3:NA P4:NA STATE:IDLE
[2026-05-01T03:35:08+02:00] CHK MOM:0% RANGE:0% UP:0% SPREAD:0.1072386% BID:0.1865 ASK:0.1867 MID:0.1866 P1:0.1866 P2:NA P3:NA P4:NA STATE:IDLE
[2026-05-01T03:35:08+02:00] CHK MOM:0.02% RANGE:0.02% UP:100% SPREAD:0.05359056% BID:0.1866 ASK:0.1867 MID:0.18664999 P1:0.18664999 P2:0.1866 P3:NA P4:NA STATE:IDLE
[2026-05-01T03:35:09+02:00] CHK MOM:0.02% RANGE:0.02% UP:100% SPREAD:0.05359056% BID:0.1866 ASK:0.1867 MID:0.18664999 P1:0.18664999 P2:0.1866 P3:NA P4:NA STATE:IDLE
[2026-05-01T03:35:09+02:00] CHK MOM:0.02% RANGE:0.02% UP:100% SPREAD:0.05359056% BID:0.1866 ASK:0.1867 MID:0.18664999 P1:0.18664999 P2:0.1866 P3:NA P4:NA STATE:IDLE
[2026-05-01T03:35:10+02:00] CHK MOM:0.02% RANGE:0.02% UP:100% SPREAD:0.05359056% BID:0.1866 ASK:0.1867 MID:0.18664999 P1:0.18664999 P2:0.1866 P3:NA P4:NA STATE:IDLE
[2026-05-01T03:35:10+02:00] CHK MOM:0.02% RANGE:0.02% UP:100% SPREAD:0.05359056% BID:0.1866 ASK:0.1867 MID:0.18664999 P1:0.18664999 P2:0.1866 P3:NA P4:NA STATE:IDLE
[2026-05-01T03:35:11+02:00] CHK MOM:0.02% RANGE:0.02% UP:100% SPREAD:0.05359056% BID:0.1866 ASK:0.1867 MID:0.18664999 P1:0.18664999 P2:0.1866 P3:NA P4:NA STATE:IDLE
[2026-05-01T03:35:13+02:00] CHK MOM:0.02% RANGE:0.02% UP:50% SPREAD:0.05359056% BID:0.1866 ASK:0.1867 MID:0.18664999 P1:0.18664999 P2:0.18664999 P3:0.1866 P4:NA STATE:IDLE
[2026-05-01T03:35:13+02:00] CHK MOM:0.02% RANGE:0.02% UP:50% SPREAD:0.05359056% BID:0.1866 ASK:0.1867 MID:0.18664999 P1:0.18664999 P2:0.18664999 P3:0.1866 P4:NA STATE:IDLE
[2026-05-01T03:35:14+02:00] CHK MOM:0.02% RANGE:0.02% UP:50% SPREAD:0.05359056% BID:0.1866 ASK:0.1867 MID:0.18664999 P1:0.18664999 P2:0.18664999 P3:0.1866 P4:NA STATE:IDLE
[2026-05-01T03:35:14+02:00] CHK MOM:0.02% RANGE:0.02% UP:50% SPREAD:0.05359056% BID:0.1866 ASK:0.1867 MID:0.18664999 P1:0.18664999 P2:0.18664999 P3:0.1866 P4:NA STATE:IDLE
[2026-05-01T03:35:15+02:00] CHK MOM:0.02% RANGE:0.02% UP:33.33% SPREAD:0.05359056% BID:0.1866 ASK:0.1867 MID:0.18664999 P1:0.18664999 P2:0.18664999 P3:0.18664999 P4:0.1866 STATE:IDLE
[2026-05-01T03:35:15+02:00] CHK MOM:0.02% RANGE:0.02% UP:33.33% SPREAD:0.05359056% BID:0.1866 ASK:0.1867 MID:0.18664999 P1:0.18664999 P2:0.18664999 P3:0.18664999 P4:0.1866 STATE:IDLE
[2026-05-01T03:35:16+02:00] CHK MOM:0.02% RANGE:0.02% UP:33.33% SPREAD:0.05359056% BID:0.1866 ASK:0.1867 MID:0.18664999 P1:0.18664999 P2:0.18664999 P3:0.18664999 P4:0.1866 STATE:IDLE
[2026-05-01T03:35:16+02:00] CHK MOM:0.02% RANGE:0.02% UP:33.33% SPREAD:0.05359056% BID:0.1866 ASK:0.1867 MID:0.18664999 P1:0.18664999 P2:0.18664999 P3:0.18664999 P4:0.1866 STATE:IDLE
[2026-05-01T03:35:17+02:00] CHK MOM:0.02% RANGE:0.02% UP:33.33% SPREAD:0.05359056% BID:0.1866 ASK:0.1867 MID:0.18664999 P1:0.18664999 P2:0.18664999 P3:0.18664999 P4:0.1866 STATE:IDLE
[2026-05-01T03:35:17+02:00] CHK MOM:0.02% RANGE:0.02% UP:33.33% SPREAD:0.05359056% BID:0.1866 ASK:0.1867 MID:0.18664999 P1:0.18664999 P2:0.18664999 P3:0.18664999 P4:0.1866 STATE:IDLE
[2026-05-01T03:35:29+02:00] CHK MOM:0% RANGE:0% UP:0% SPREAD:0.05359056% BID:0.1866 ASK:0.1867 MID:0.18664999 P1:0.18664999 P2:0.18664999 P3:0.18664999 P4:0.18664999 STATE:IDLE
[2026-05-01T03:35:29+02:00] CHK MOM:0% RANGE:0% UP:0% SPREAD:0.05359056% BID:0.1866 ASK:0.1867 MID:0.18664999 P1:0.18664999 P2:0.18664999 P3:0.18664999 P4:0.18664999 STATE:IDLE
[2026-05-01T03:35:30+02:00] CHK MOM:0.02% RANGE:0.02% UP:33.33% SPREAD:0.10718113% BID:0.1866 ASK:0.1868 MID:0.18669999 P1:0.18669999 P2:0.18664999 P3:0.18664999 P4:0.18664999 STATE:IDLE
[2026-05-01T03:35:30+02:00] CHK MOM:0.02% RANGE:0.02% UP:33.33% SPREAD:0.10718113% BID:0.1866 ASK:0.1868 MID:0.18669999 P1:0.18669999 P2:0.18664999 P3:0.18664999 P4:0.18664999 STATE:IDLE
[2026-05-01T03:35:31+02:00] CHK MOM:0.02% RANGE:0.02% UP:33.33% SPREAD:0.10718113% BID:0.1866 ASK:0.1868 MID:0.18669999 P1:0.18669999 P2:0.18664999 P3:0.18664999 P4:0.18664999 STATE:IDLE
[2026-05-01T03:35:31+02:00] CHK MOM:0.02% RANGE:0.02% UP:33.33% SPREAD:0.10718113% BID:0.1866 ASK:0.1868 MID:0.18669999 P1:0.18669999 P2:0.18664999 P3:0.18664999 P4:0.18664999 STATE:IDLE
[2026-05-01T03:35:32+02:00] CHK MOM:0.02% RANGE:0.02% UP:33.33% SPREAD:0.10718113% BID:0.1866 ASK:0.1868 MID:0.18669999 P1:0.18669999 P2:0.18664999 P3:0.18664999 P4:0.18664999 STATE:IDLE
[2026-05-01T03:35:32+02:00] CHK MOM:0.02% RANGE:0.02% UP:33.33% SPREAD:0.10718113% BID:0.1866 ASK:0.1868 MID:0.18669999 P1:0.18669999 P2:0.18664999 P3:0.18664999 P4:0.18664999 STATE:IDLE
[2026-05-01T03:35:35+02:00] CHK MOM:0% RANGE:0.02% UP:33.33% SPREAD:0.05359056% BID:0.1866 ASK:0.1867 MID:0.18664999 P1:0.18664999 P2:0.18669999 P3:0.18664999 P4:0.18664999 STATE:IDLE
[2026-05-01T03:35:35+02:00] CHK MOM:0% RANGE:0.02% UP:33.33% SPREAD:0.05359056% BID:0.1866 ASK:0.1867 MID:0.18664999 P1:0.18664999 P2:0.18669999 P3:0.18664999 P4:0.18664999 STATE:IDLE
[2026-05-01T03:35:36+02:00] CHK MOM:0% RANGE:0.02% UP:33.33% SPREAD:0.05359056% BID:0.1866 ASK:0.1867 MID:0.18664999 P1:0.18664999 P2:0.18669999 P3:0.18664999 P4:0.18664999 STATE:IDLE
[2026-05-01T03:35:36+02:00] CHK MOM:0% RANGE:0.02% UP:33.33% SPREAD:0.05359056% BID:0.1866 ASK:0.1867 MID:0.18664999 P1:0.18664999 P2:0.18669999 P3:0.18664999 P4:0.18664999 STATE:IDLE
[2026-05-01T03:35:37+02:00] CHK MOM:0% RANGE:0.02% UP:33.33% SPREAD:0.05359056% BID:0.1866 ASK:0.1867 MID:0.18664999 P1:0.18664999 P2:0.18669999 P3:0.18664999 P4:0.18664999 STATE:IDLE
[2026-05-01T03:35:44+02:00] CHK MOM:0.02% RANGE:0.02% UP:50% SPREAD:0.10718113% BID:0.1866 ASK:0.1868 MID:0.18669999 P1:0.18669999 P2:0.18664999 P3:0.18669999 P4:0.18664999 STATE:IDLE
[2026-05-01T03:35:45+02:00] CHK MOM:0% RANGE:0.02% UP:50% SPREAD:0.05359056% BID:0.1866 ASK:0.1867 MID:0.18664999 P1:0.18664999 P2:0.18669999 P3:0.18664999 P4:0.18669999 STATE:IDLE
[2026-05-01T03:35:45+02:00] CHK MOM:0% RANGE:0.02% UP:50% SPREAD:0.05359056% BID:0.1866 ASK:0.1867 MID:0.18664999 P1:0.18664999 P2:0.18669999 P3:0.18664999 P4:0.18669999 STATE:IDLE
[2026-05-01T03:35:46+02:00] CHK MOM:0% RANGE:0.02% UP:50% SPREAD:0.05359056% BID:0.1866 ASK:0.1867 MID:0.18664999 P1:0.18664999 P2:0.18669999 P3:0.18664999 P4:0.18669999 STATE:IDLE
[2026-05-01T03:35:46+02:00] CHK MOM:0% RANGE:0.02% UP:50% SPREAD:0.05359056% BID:0.1866 ASK:0.1867 MID:0.18664999 P1:0.18664999 P2:0.18669999 P3:0.18664999 P4:0.18669999 STATE:IDLE
[2026-05-01T03:35:47+02:00] CHK MOM:0% RANGE:0.02% UP:50% SPREAD:0.05359056% BID:0.1866 ASK:0.1867 MID:0.18664999 P1:0.18664999 P2:0.18669999 P3:0.18664999 P4:0.18669999 STATE:IDLE
[2026-05-01T03:35:47+02:00] CHK MOM:0% RANGE:0.02% UP:50% SPREAD:0.05359056% BID:0.1866 ASK:0.1867 MID:0.18664999 P1:0.18664999 P2:0.18669999 P3:0.18664999 P4:0.18669999 STATE:IDLE
[2026-05-01T03:36:11+02:00] CHK MOM:0% RANGE:0% UP:0% SPREAD:0.10718113% BID:0.1866 ASK:0.1868 MID:0.18669999 P1:0.18669999 P2:0.18664999 P3:0.18669999 P4:0.18664999 STATE:IDLE
[2026-05-01T03:36:11+02:00] CHK MOM:0% RANGE:0% UP:0% SPREAD:0.10718113% BID:0.1866 ASK:0.1868 MID:0.18669999 P1:0.18669999 P2:0.18664999 P3:0.18669999 P4:0.18664999 STATE:IDLE
[2026-05-01T03:36:12+02:00] CHK MOM:0% RANGE:0% UP:0% SPREAD:0.10718113% BID:0.1866 ASK:0.1868 MID:0.18669999 P1:0.18669999 P2:0.18664999 P3:0.18669999 P4:0.18664999 STATE:IDLE
[2026-05-01T03:36:12+02:00] CHK MOM:0% RANGE:0% UP:0% SPREAD:0.10718113% BID:0.1866 ASK:0.1868 MID:0.18669999 P1:0.18669999 P2:0.18664999 P3:0.18669999 P4:0.18664999 STATE:IDLE
[2026-05-01T03:36:13+02:00] CHK MOM:0% RANGE:0% UP:0% SPREAD:0.10718113% BID:0.1866 ASK:0.1868 MID:0.18669999 P1:0.18669999 P2:0.18664999 P3:0.18669999 P4:0.18664999 STATE:IDLE
[2026-05-01T03:36:15+02:00] CHK MOM:0% RANGE:0% UP:0% SPREAD:0.10718113% BID:0.1866 ASK:0.1868 MID:0.18669999 P1:0.18669999 P2:0.18669999 P3:0.18664999 P4:0.18669999 STATE:IDLE
[2026-05-01T03:36:15+02:00] CHK MOM:0% RANGE:0% UP:0% SPREAD:0.10718113% BID:0.1866 ASK:0.1868 MID:0.18669999 P1:0.18669999 P2:0.18669999 P3:0.18664999 P4:0.18669999 STATE:IDLE
[2026-05-01T03:36:16+02:00] CHK MOM:0% RANGE:0% UP:0% SPREAD:0.10718113% BID:0.1866 ASK:0.1868 MID:0.18669999 P1:0.18669999 P2:0.18669999 P3:0.18664999 P4:0.18669999 STATE:IDLE
[2026-05-01T03:36:17+02:00] CHK MOM:0% RANGE:0% UP:0% SPREAD:0.10718113% BID:0.1866 ASK:0.1868 MID:0.18669999 P1:0.18669999 P2:0.18669999 P3:0.18664999 P4:0.18669999 STATE:IDLE
[2026-05-01T03:36:17+02:00] CHK MOM:0% RANGE:0% UP:0% SPREAD:0.10718113% BID:0.1866 ASK:0.1868 MID:0.18669999 P1:0.18669999 P2:0.18669999 P3:0.18664999 P4:0.18669999 STATE:IDLE
[2026-05-01T03:36:24+02:00] CHK MOM:-0.02% RANGE:0.02% UP:0% SPREAD:0.05359056% BID:0.1866 ASK:0.1867 MID:0.18664999 P1:0.18664999 P2:0.18669999 P3:0.18669999 P4:0.18664999 STATE:IDLE
[2026-05-01T03:36:25+02:00] CHK MOM:-0.02% RANGE:0.02% UP:0% SPREAD:0.05359056% BID:0.1866 ASK:0.1867 MID:0.18664999 P1:0.18664999 P2:0.18669999 P3:0.18669999 P4:0.18664999 STATE:IDLE
[2026-05-01T03:36:25+02:00] CHK MOM:-0.02% RANGE:0.02% UP:0% SPREAD:0.05359056% BID:0.1866 ASK:0.1867 MID:0.18664999 P1:0.18664999 P2:0.18664999 P3:0.18669999 P4:0.18669999 STATE:IDLE
[2026-05-01T03:36:26+02:00] CHK MOM:0% RANGE:0.02% UP:25% SPREAD:0.10718113% BID:0.1866 ASK:0.1868 MID:0.18669999 P1:0.18669999 P2:0.18664999 P3:0.18664999 P4:0.18669999 STATE:IDLE
[2026-05-01T03:36:26+02:00] CHK MOM:0% RANGE:0.02% UP:25% SPREAD:0.10718113% BID:0.1866 ASK:0.1868 MID:0.18669999 P1:0.18669999 P2:0.18664999 P3:0.18664999 P4:0.18669999 STATE:IDLE
[2026-05-01T03:36:27+02:00] CHK MOM:0% RANGE:0.02% UP:25% SPREAD:0.10718113% BID:0.1866 ASK:0.1868 MID:0.18669999 P1:0.18669999 P2:0.18664999 P3:0.18664999 P4:0.18669999 STATE:IDLE
[2026-05-01T03:36:27+02:00] CHK MOM:0% RANGE:0.02% UP:25% SPREAD:0.10718113% BID:0.1866 ASK:0.1868 MID:0.18669999 P1:0.18669999 P2:0.18664999 P3:0.18664999 P4:0.18669999 STATE:IDLE
[2026-05-01T03:36:28+02:00] CHK MOM:0% RANGE:0.02% UP:25% SPREAD:0.10718113% BID:0.1866 ASK:0.1868 MID:0.18669999 P1:0.18669999 P2:0.18664999 P3:0.18664999 P4:0.18669999 STATE:IDLE
[2026-05-01T03:36:28+02:00] CHK MOM:0% RANGE:0.02% UP:25% SPREAD:0.10718113% BID:0.1866 ASK:0.1868 MID:0.18669999 P1:0.18669999 P2:0.18664999 P3:0.18664999 P4:0.18669999 STATE:IDLE
[2026-05-01T03:36:29+02:00] CHK MOM:0.02% RANGE:0.05% UP:50% SPREAD:0.05356186% BID:0.1867 ASK:0.1868 MID:0.18675 P1:0.18675 P2:0.18669999 P3:0.18664999 P4:0.18664999 STATE:IDLE
[2026-05-01T03:36:30+02:00] CHK MOM:0.02% RANGE:0.05% UP:50% SPREAD:0.05356186% BID:0.1867 ASK:0.1868 MID:0.18675 P1:0.18675 P2:0.18669999 P3:0.18664999 P4:0.18664999 STATE:IDLE
[2026-05-01T03:36:30+02:00] CHK MOM:0.02% RANGE:0.05% UP:50% SPREAD:0.05356186% BID:0.1867 ASK:0.1868 MID:0.18675 P1:0.18675 P2:0.18669999 P3:0.18664999 P4:0.18664999 STATE:IDLE
[2026-05-01T03:36:31+02:00] CHK MOM:0.02% RANGE:0.05% UP:50% SPREAD:0.05356186% BID:0.1867 ASK:0.1868 MID:0.18675 P1:0.18675 P2:0.18669999 P3:0.18664999 P4:0.18664999 STATE:IDLE
[2026-05-01T03:36:31+02:00] CHK MOM:0.02% RANGE:0.05% UP:50% SPREAD:0.05356186% BID:0.1867 ASK:0.1868 MID:0.18675 P1:0.18675 P2:0.18669999 P3:0.18664999 P4:0.18664999 STATE:IDLE
[2026-05-01T03:36:58+02:00] CHK MOM:0% RANGE:0% UP:0% SPREAD:0.05359056% BID:0.1866 ASK:0.1867 MID:0.18664999 P1:0.18664999 P2:0.18675 P3:0.18669999 P4:0.18664999 STATE:IDLE
[2026-05-01T03:36:59+02:00] CHK MOM:0% RANGE:0% UP:0% SPREAD:0.05359056% BID:0.1866 ASK:0.1867 MID:0.18664999 P1:0.18664999 P2:0.18675 P3:0.18669999 P4:0.18664999 STATE:IDLE
[2026-05-01T03:36:59+02:00] CHK MOM:0% RANGE:0% UP:0% SPREAD:0.05359056% BID:0.1866 ASK:0.1867 MID:0.18664999 P1:0.18664999 P2:0.18675 P3:0.18669999 P4:0.18664999 STATE:IDLE
[2026-05-01T03:37:00+02:00] CHK MOM:0% RANGE:0% UP:0% SPREAD:0.05359056% BID:0.1866 ASK:0.1867 MID:0.18664999 P1:0.18664999 P2:0.18675 P3:0.18669999 P4:0.18664999 STATE:IDLE
[2026-05-01T03:37:00+02:00] CHK MOM:0% RANGE:0% UP:0% SPREAD:0.05359056% BID:0.1866 ASK:0.1867 MID:0.18664999 P1:0.18664999 P2:0.18675 P3:0.18669999 P4:0.18664999 STATE:IDLE
[2026-05-01T03:37:09+02:00] CHK MOM:-0.05% RANGE:0.05% UP:0% SPREAD:0.0536193% BID:0.1865 ASK:0.1866 MID:0.18655 P1:0.18655 P2:0.18664999 P3:0.18675 P4:NA STATE:IDLE
[2026-05-01T03:37:09+02:00] CHK MOM:-0.1% RANGE:0.1% UP:0% SPREAD:0.05364806% BID:0.1864 ASK:0.1865 MID:0.18645 P1:0.18645 P2:0.18655 P3:0.18664999 P4:NA STATE:IDLE
[2026-05-01T03:37:10+02:00] CHK MOM:-0.1% RANGE:0.1% UP:0% SPREAD:0.05364806% BID:0.1864 ASK:0.1865 MID:0.18645 P1:0.18645 P2:0.18655 P3:0.18664999 P4:NA STATE:IDLE
[2026-05-01T03:37:10+02:00] CHK MOM:-0.1% RANGE:0.1% UP:0% SPREAD:0.05364806% BID:0.1864 ASK:0.1865 MID:0.18645 P1:0.18645 P2:0.18655 P3:0.18664999 P4:NA STATE:IDLE
[2026-05-01T03:37:11+02:00] CHK MOM:-0.1% RANGE:0.1% UP:0% SPREAD:0.05364806% BID:0.1864 ASK:0.1865 MID:0.18645 P1:0.18645 P2:0.18655 P3:0.18664999 P4:NA STATE:IDLE
[2026-05-01T03:37:11+02:00] CHK MOM:-0.1% RANGE:0.1% UP:0% SPREAD:0.05364806% BID:0.1864 ASK:0.1865 MID:0.18645 P1:0.18645 P2:0.18655 P3:0.18664999 P4:NA STATE:IDLE
[2026-05-01T03:37:15+02:00] CHK MOM:0% RANGE:0.05% UP:50% SPREAD:0.0536193% BID:0.1865 ASK:0.1866 MID:0.18655 P1:0.18655 P2:0.18645 P3:0.18655 P4:0.18664999 STATE:IDLE
[2026-05-01T03:37:15+02:00] CHK MOM:0% RANGE:0.05% UP:50% SPREAD:0.0536193% BID:0.1865 ASK:0.1866 MID:0.18655 P1:0.18655 P2:0.18645 P3:0.18655 P4:0.18664999 STATE:IDLE
[2026-05-01T03:37:16+02:00] CHK MOM:0% RANGE:0.05% UP:50% SPREAD:0.0536193% BID:0.1865 ASK:0.1866 MID:0.18655 P1:0.18655 P2:0.18645 P3:0.18655 P4:0.18664999 STATE:IDLE
[2026-05-01T03:37:16+02:00] CHK MOM:0% RANGE:0.05% UP:50% SPREAD:0.0536193% BID:0.1865 ASK:0.1866 MID:0.18655 P1:0.18655 P2:0.18645 P3:0.18655 P4:0.18664999 STATE:IDLE
[2026-05-01T03:37:17+02:00] CHK MOM:0% RANGE:0.05% UP:50% SPREAD:0.0536193% BID:0.1865 ASK:0.1866 MID:0.18655 P1:0.18655 P2:0.18645 P3:0.18655 P4:0.18664999 STATE:IDLE
[2026-05-01T03:37:18+02:00] CHK MOM:0% RANGE:0.05% UP:33.33% SPREAD:0.0536193% BID:0.1865 ASK:0.1866 MID:0.18655 P1:0.18655 P2:0.18655 P3:0.18645 P4:0.18655 STATE:IDLE
[2026-05-01T03:37:19+02:00] CHK MOM:-0.02% RANGE:0.05% UP:25% SPREAD:0.10729613% BID:0.1864 ASK:0.1866 MID:0.1865 P1:0.1865 P2:0.18655 P3:0.18655 P4:0.18645 STATE:IDLE
[2026-05-01T03:37:19+02:00] CHK MOM:-0.02% RANGE:0.05% UP:20% SPREAD:0.10729613% BID:0.1864 ASK:0.1866 MID:0.1865 P1:0.1865 P2:0.1865 P3:0.18655 P4:0.18655 STATE:IDLE
[2026-05-01T03:37:20+02:00] CHK MOM:-0.02% RANGE:0.05% UP:20% SPREAD:0.10729613% BID:0.1864 ASK:0.1866 MID:0.1865 P1:0.1865 P2:0.1865 P3:0.18655 P4:0.18655 STATE:IDLE
[2026-05-01T03:37:21+02:00] CHK MOM:-0.02% RANGE:0.05% UP:20% SPREAD:0.10729613% BID:0.1864 ASK:0.1866 MID:0.1865 P1:0.1865 P2:0.1865 P3:0.18655 P4:0.18655 STATE:IDLE
[2026-05-01T03:37:21+02:00] CHK MOM:-0.02% RANGE:0.05% UP:20% SPREAD:0.10729613% BID:0.1864 ASK:0.1866 MID:0.1865 P1:0.1865 P2:0.1865 P3:0.18655 P4:0.18655 STATE:IDLE
[2026-05-01T03:37:22+02:00] CHK MOM:-0.02% RANGE:0.05% UP:20% SPREAD:0.10729613% BID:0.1864 ASK:0.1866 MID:0.1865 P1:0.1865 P2:0.1865 P3:0.18655 P4:0.18655 STATE:IDLE
[2026-05-01T03:37:26+02:00] CHK MOM:-0.02% RANGE:0.02% UP:0% SPREAD:0.10729613% BID:0.1864 ASK:0.1866 MID:0.1865 P1:0.1865 P2:0.1865 P3:0.1865 P4:0.18655 STATE:IDLE
[2026-05-01T03:37:27+02:00] CHK MOM:-0.02% RANGE:0.02% UP:0% SPREAD:0.10729613% BID:0.1864 ASK:0.1866 MID:0.1865 P1:0.1865 P2:0.1865 P3:0.1865 P4:0.18655 STATE:IDLE
[2026-05-01T03:37:27+02:00] CHK MOM:-0.02% RANGE:0.02% UP:0% SPREAD:0.10729613% BID:0.1864 ASK:0.1866 MID:0.1865 P1:0.1865 P2:0.1865 P3:0.1865 P4:0.18655 STATE:IDLE
[2026-05-01T03:37:28+02:00] CHK MOM:-0.02% RANGE:0.02% UP:0% SPREAD:0.10729613% BID:0.1864 ASK:0.1866 MID:0.1865 P1:0.1865 P2:0.1865 P3:0.1865 P4:0.18655 STATE:IDLE
[2026-05-01T03:37:28+02:00] CHK MOM:-0.02% RANGE:0.02% UP:0% SPREAD:0.10729613% BID:0.1864 ASK:0.1866 MID:0.1865 P1:0.1865 P2:0.1865 P3:0.1865 P4:0.18655 STATE:IDLE
[2026-05-01T03:37:29+02:00] CHK MOM:-0.02% RANGE:0.02% UP:0% SPREAD:0.10729613% BID:0.1864 ASK:0.1866 MID:0.1865 P1:0.1865 P2:0.1865 P3:0.1865 P4:0.1865 STATE:IDLE
[2026-05-01T03:37:29+02:00] CHK MOM:-0.02% RANGE:0.02% UP:0% SPREAD:0.10729613% BID:0.1864 ASK:0.1866 MID:0.1865 P1:0.1865 P2:0.1865 P3:0.1865 P4:0.1865 STATE:IDLE
[2026-05-01T03:37:30+02:00] CHK MOM:-0.02% RANGE:0.02% UP:0% SPREAD:0.10729613% BID:0.1864 ASK:0.1866 MID:0.1865 P1:0.1865 P2:0.1865 P3:0.1865 P4:0.1865 STATE:IDLE
[2026-05-01T03:37:30+02:00] CHK MOM:-0.02% RANGE:0.02% UP:0% SPREAD:0.10729613% BID:0.1864 ASK:0.1866 MID:0.1865 P1:0.1865 P2:0.1865 P3:0.1865 P4:0.1865 STATE:IDLE
[2026-05-01T03:37:31+02:00] CHK MOM:-0.02% RANGE:0.02% UP:0% SPREAD:0.10729613% BID:0.1864 ASK:0.1866 MID:0.1865 P1:0.1865 P2:0.1865 P3:0.1865 P4:0.1865 STATE:IDLE
[2026-05-01T03:37:32+02:00] CHK MOM:-0.02% RANGE:0.02% UP:0% SPREAD:0.10729613% BID:0.1864 ASK:0.1866 MID:0.1865 P1:0.1865 P2:0.1865 P3:0.1865 P4:0.1865 STATE:IDLE
[2026-05-01T03:37:34+02:00] CHK MOM:-0.05% RANGE:0.05% UP:0% SPREAD:0.05364806% BID:0.1864 ASK:0.1865 MID:0.18645 P1:0.18645 P2:0.1865 P3:0.1865 P4:0.1865 STATE:IDLE
[2026-05-01T03:37:35+02:00] CHK MOM:-0.05% RANGE:0.05% UP:0% SPREAD:0.05364806% BID:0.1864 ASK:0.1865 MID:0.18645 P1:0.18645 P2:0.1865 P3:0.1865 P4:0.1865 STATE:IDLE
[2026-05-01T03:37:35+02:00] CHK MOM:-0.05% RANGE:0.05% UP:0% SPREAD:0.05364806% BID:0.1864 ASK:0.1865 MID:0.18645 P1:0.18645 P2:0.1865 P3:0.1865 P4:0.1865 STATE:IDLE
[2026-05-01T03:37:36+02:00] CHK MOM:-0.05% RANGE:0.05% UP:0% SPREAD:0.05364806% BID:0.1864 ASK:0.1865 MID:0.18645 P1:0.18645 P2:0.1865 P3:0.1865 P4:0.1865 STATE:IDLE
[2026-05-01T03:37:36+02:00] CHK MOM:-0.05% RANGE:0.05% UP:0% SPREAD:0.05364806% BID:0.1864 ASK:0.1865 MID:0.18645 P1:0.18645 P2:0.1865 P3:0.1865 P4:0.1865 STATE:IDLE
[2026-05-01T03:37:37+02:00] CHK MOM:-0.05% RANGE:0.05% UP:0% SPREAD:0.05364806% BID:0.1864 ASK:0.1865 MID:0.18645 P1:0.18645 P2:0.1865 P3:0.1865 P4:0.1865 STATE:IDLE
[2026-05-01T03:37:39+02:00] CHK MOM:0% RANGE:0.02% UP:33.33% SPREAD:0.10729613% BID:0.1864 ASK:0.1866 MID:0.1865 P1:0.1865 P2:0.18645 P3:0.1865 P4:0.1865 STATE:IDLE
[2026-05-01T03:37:40+02:00] CHK MOM:0% RANGE:0.02% UP:33.33% SPREAD:0.10729613% BID:0.1864 ASK:0.1866 MID:0.1865 P1:0.1865 P2:0.18645 P3:0.1865 P4:0.1865 STATE:IDLE
[2026-05-01T03:37:40+02:00] CHK MOM:0% RANGE:0.02% UP:25% SPREAD:0.10729613% BID:0.1864 ASK:0.1866 MID:0.1865 P1:0.1865 P2:0.1865 P3:0.18645 P4:0.1865 STATE:IDLE
[2026-05-01T03:37:41+02:00] CHK MOM:0% RANGE:0.02% UP:25% SPREAD:0.10729613% BID:0.1864 ASK:0.1866 MID:0.1865 P1:0.1865 P2:0.1865 P3:0.18645 P4:0.1865 STATE:IDLE
[2026-05-01T03:37:41+02:00] CHK MOM:0% RANGE:0.02% UP:25% SPREAD:0.10729613% BID:0.1864 ASK:0.1866 MID:0.1865 P1:0.1865 P2:0.1865 P3:0.18645 P4:0.1865 STATE:IDLE
[2026-05-01T03:37:42+02:00] CHK MOM:0% RANGE:0.02% UP:25% SPREAD:0.10729613% BID:0.1864 ASK:0.1866 MID:0.1865 P1:0.1865 P2:0.1865 P3:0.18645 P4:0.1865 STATE:IDLE
[2026-05-01T03:37:43+02:00] CHK MOM:0% RANGE:0.02% UP:25% SPREAD:0.10729613% BID:0.1864 ASK:0.1866 MID:0.1865 P1:0.1865 P2:0.1865 P3:0.18645 P4:0.1865 STATE:IDLE
[2026-05-01T03:38:02+02:00] CHK MOM:0% RANGE:0% UP:0% SPREAD:0.1609442% BID:0.1864 ASK:0.1867 MID:0.18655 P1:0.18655 P2:0.1865 P3:0.1865 P4:0.18645 STATE:IDLE
[2026-05-01T03:38:03+02:00] CHK MOM:-0.02% RANGE:0.02% UP:0% SPREAD:0.10729613% BID:0.1864 ASK:0.1866 MID:0.1865 P1:0.1865 P2:0.18655 P3:0.1865 P4:0.1865 STATE:IDLE
[2026-05-01T03:38:03+02:00] CHK MOM:-0.02% RANGE:0.02% UP:0% SPREAD:0.10729613% BID:0.1864 ASK:0.1866 MID:0.1865 P1:0.1865 P2:0.18655 P3:0.1865 P4:0.1865 STATE:IDLE
[2026-05-01T03:38:04+02:00] CHK MOM:-0.02% RANGE:0.02% UP:0% SPREAD:0.10729613% BID:0.1864 ASK:0.1866 MID:0.1865 P1:0.1865 P2:0.18655 P3:0.1865 P4:0.1865 STATE:IDLE
[2026-05-01T03:38:04+02:00] CHK MOM:-0.02% RANGE:0.02% UP:0% SPREAD:0.10729613% BID:0.1864 ASK:0.1866 MID:0.1865 P1:0.1865 P2:0.18655 P3:0.1865 P4:0.1865 STATE:IDLE
[2026-05-01T03:38:05+02:00] CHK MOM:-0.02% RANGE:0.02% UP:0% SPREAD:0.10729613% BID:0.1864 ASK:0.1866 MID:0.1865 P1:0.1865 P2:0.18655 P3:0.1865 P4:0.1865 STATE:IDLE
[2026-05-01T03:38:05+02:00] CHK MOM:-0.02% RANGE:0.02% UP:0% SPREAD:0.10729613% BID:0.1864 ASK:0.1866 MID:0.1865 P1:0.1865 P2:0.18655 P3:0.1865 P4:0.1865 STATE:IDLE
[2026-05-01T03:38:13+02:00] CHK MOM:0% RANGE:0.02% UP:50% SPREAD:0.1609442% BID:0.1864 ASK:0.1867 MID:0.18655 P1:0.18655 P2:0.1865 P3:0.18655 P4:0.1865 STATE:IDLE
[2026-05-01T03:38:13+02:00] CHK MOM:0% RANGE:0.02% UP:50% SPREAD:0.1609442% BID:0.1864 ASK:0.1867 MID:0.18655 P1:0.18655 P2:0.1865 P3:0.18655 P4:0.1865 STATE:IDLE
[2026-05-01T03:38:14+02:00] CHK MOM:0% RANGE:0.02% UP:50% SPREAD:0.1609442% BID:0.1864 ASK:0.1867 MID:0.18655 P1:0.18655 P2:0.1865 P3:0.18655 P4:0.1865 STATE:IDLE
[2026-05-01T03:38:14+02:00] CHK MOM:0% RANGE:0.02% UP:50% SPREAD:0.1609442% BID:0.1864 ASK:0.1867 MID:0.18655 P1:0.18655 P2:0.1865 P3:0.18655 P4:0.1865 STATE:IDLE
[2026-05-01T03:38:15+02:00] CHK MOM:0% RANGE:0.02% UP:50% SPREAD:0.1609442% BID:0.1864 ASK:0.1867 MID:0.18655 P1:0.18655 P2:0.1865 P3:0.18655 P4:0.1865 STATE:IDLE
[2026-05-01T03:38:15+02:00] CHK MOM:-0.02% RANGE:0.02% UP:33.33% SPREAD:0.10729613% BID:0.1864 ASK:0.1866 MID:0.1865 P1:0.1865 P2:0.18655 P3:0.1865 P4:0.18655 STATE:IDLE
[2026-05-01T03:38:16+02:00] CHK MOM:-0.02% RANGE:0.02% UP:33.33% SPREAD:0.10729613% BID:0.1864 ASK:0.1866 MID:0.1865 P1:0.1865 P2:0.18655 P3:0.1865 P4:0.18655 STATE:IDLE
[2026-05-01T03:38:16+02:00] CHK MOM:-0.02% RANGE:0.02% UP:33.33% SPREAD:0.10729613% BID:0.1864 ASK:0.1866 MID:0.1865 P1:0.1865 P2:0.18655 P3:0.1865 P4:0.18655 STATE:IDLE
[2026-05-01T03:38:17+02:00] CHK MOM:-0.02% RANGE:0.02% UP:33.33% SPREAD:0.10729613% BID:0.1864 ASK:0.1866 MID:0.1865 P1:0.1865 P2:0.18655 P3:0.1865 P4:0.18655 STATE:IDLE
[2026-05-01T03:38:17+02:00] CHK MOM:-0.02% RANGE:0.02% UP:33.33% SPREAD:0.10729613% BID:0.1864 ASK:0.1866 MID:0.1865 P1:0.1865 P2:0.18655 P3:0.1865 P4:0.18655 STATE:IDLE
[2026-05-01T03:38:18+02:00] CHK MOM:-0.02% RANGE:0.02% UP:33.33% SPREAD:0.10729613% BID:0.1864 ASK:0.1866 MID:0.1865 P1:0.1865 P2:0.18655 P3:0.1865 P4:0.18655 STATE:IDLE
[2026-05-01T03:38:19+02:00] CHK MOM:0.02% RANGE:0.02% UP:66.66% SPREAD:0.0536193% BID:0.1865 ASK:0.1866 MID:0.18655 P1:0.18655 P2:0.1865 P3:0.18655 P4:0.1865 STATE:IDLE
[2026-05-01T03:38:19+02:00] CHK MOM:0.02% RANGE:0.02% UP:66.66% SPREAD:0.0536193% BID:0.1865 ASK:0.1866 MID:0.18655 P1:0.18655 P2:0.1865 P3:0.18655 P4:0.1865 STATE:IDLE
[2026-05-01T03:38:20+02:00] CHK MOM:0.02% RANGE:0.02% UP:66.66% SPREAD:0.0536193% BID:0.1865 ASK:0.1866 MID:0.18655 P1:0.18655 P2:0.1865 P3:0.18655 P4:0.1865 STATE:IDLE
[2026-05-01T03:38:20+02:00] CHK MOM:0.02% RANGE:0.02% UP:66.66% SPREAD:0.0536193% BID:0.1865 ASK:0.1866 MID:0.18655 P1:0.18655 P2:0.1865 P3:0.18655 P4:0.1865 STATE:IDLE
[2026-05-01T03:38:21+02:00] CHK MOM:0.02% RANGE:0.02% UP:66.66% SPREAD:0.0536193% BID:0.1865 ASK:0.1866 MID:0.18655 P1:0.18655 P2:0.1865 P3:0.18655 P4:0.1865 STATE:IDLE
[2026-05-01T03:38:21+02:00] CHK MOM:0.02% RANGE:0.02% UP:66.66% SPREAD:0.0536193% BID:0.1865 ASK:0.1866 MID:0.18655 P1:0.18655 P2:0.1865 P3:0.18655 P4:0.1865 STATE:IDLE
[2026-05-01T03:38:22+02:00] CHK MOM:0% RANGE:0.02% UP:33.33% SPREAD:0.0536193% BID:0.1865 ASK:0.1866 MID:0.18655 P1:0.18655 P2:0.18655 P3:0.1865 P4:0.18655 STATE:IDLE
[2026-05-01T03:38:22+02:00] CHK MOM:0% RANGE:0.02% UP:33.33% SPREAD:0.0536193% BID:0.1865 ASK:0.1866 MID:0.18655 P1:0.18655 P2:0.18655 P3:0.1865 P4:0.18655 STATE:IDLE
[2026-05-01T03:38:23+02:00] CHK MOM:0% RANGE:0.02% UP:33.33% SPREAD:0.0536193% BID:0.1865 ASK:0.1866 MID:0.18655 P1:0.18655 P2:0.18655 P3:0.1865 P4:0.18655 STATE:IDLE
[2026-05-01T03:38:24+02:00] CHK MOM:0% RANGE:0.02% UP:33.33% SPREAD:0.0536193% BID:0.1865 ASK:0.1866 MID:0.18655 P1:0.18655 P2:0.18655 P3:0.1865 P4:0.18655 STATE:IDLE
[2026-05-01T03:38:24+02:00] CHK MOM:0% RANGE:0.02% UP:33.33% SPREAD:0.0536193% BID:0.1865 ASK:0.1866 MID:0.18655 P1:0.18655 P2:0.18655 P3:0.1865 P4:0.18655 STATE:IDLE
[2026-05-01T03:38:33+02:00] CHK MOM:0.02% RANGE:0.02% UP:50% SPREAD:0.1072386% BID:0.1865 ASK:0.1867 MID:0.1866 P1:0.1866 P2:0.18655 P3:0.18655 P4:0.1865 STATE:IDLE
[2026-05-01T03:38:33+02:00] CHK MOM:0% RANGE:0.02% UP:33.33% SPREAD:0.0536193% BID:0.1865 ASK:0.1866 MID:0.18655 P1:0.18655 P2:0.1866 P3:0.18655 P4:0.18655 STATE:IDLE
[2026-05-01T03:38:34+02:00] CHK MOM:0% RANGE:0.02% UP:33.33% SPREAD:0.0536193% BID:0.1865 ASK:0.1866 MID:0.18655 P1:0.18655 P2:0.1866 P3:0.18655 P4:0.18655 STATE:IDLE
[2026-05-01T03:38:34+02:00] CHK MOM:0% RANGE:0.02% UP:33.33% SPREAD:0.0536193% BID:0.1865 ASK:0.1866 MID:0.18655 P1:0.18655 P2:0.1866 P3:0.18655 P4:0.18655 STATE:IDLE
[2026-05-01T03:38:35+02:00] CHK MOM:0.05% RANGE:0.05% UP:66.66% SPREAD:0.05359056% BID:0.1866 ASK:0.1867 MID:0.18664999 P1:0.18664999 P2:0.18655 P3:0.1866 P4:0.18655 STATE:IDLE
[2026-05-01T03:38:35+02:00] CHK MOM:0.05% RANGE:0.05% UP:66.66% SPREAD:0.05359056% BID:0.1866 ASK:0.1867 MID:0.18664999 P1:0.18664999 P2:0.18655 P3:0.1866 P4:0.18655 STATE:IDLE
[2026-05-01T03:38:36+02:00] CHK MOM:0.05% RANGE:0.05% UP:66.66% SPREAD:0.05359056% BID:0.1866 ASK:0.1867 MID:0.18664999 P1:0.18664999 P2:0.18655 P3:0.1866 P4:0.18655 STATE:IDLE
[2026-05-01T03:38:36+02:00] CHK MOM:0.05% RANGE:0.05% UP:66.66% SPREAD:0.05359056% BID:0.1866 ASK:0.1867 MID:0.18664999 P1:0.18664999 P2:0.18655 P3:0.1866 P4:0.18655 STATE:IDLE
[2026-05-01T03:38:37+02:00] CHK MOM:0.05% RANGE:0.05% UP:66.66% SPREAD:0.05359056% BID:0.1866 ASK:0.1867 MID:0.18664999 P1:0.18664999 P2:0.18655 P3:0.1866 P4:0.18655 STATE:IDLE
[2026-05-01T03:38:37+02:00] CHK MOM:0.05% RANGE:0.05% UP:66.66% SPREAD:0.05359056% BID:0.1866 ASK:0.1867 MID:0.18664999 P1:0.18664999 P2:0.18655 P3:0.1866 P4:0.18655 STATE:IDLE
[2026-05-01T03:38:38+02:00] CHK MOM:-0.02% RANGE:0.05% UP:33.33% SPREAD:0.0536193% BID:0.1865 ASK:0.1866 MID:0.18655 P1:0.18655 P2:0.18664999 P3:0.18655 P4:0.1866 STATE:IDLE
[2026-05-01T03:38:39+02:00] CHK MOM:-0.02% RANGE:0.05% UP:33.33% SPREAD:0.0536193% BID:0.1865 ASK:0.1866 MID:0.18655 P1:0.18655 P2:0.18664999 P3:0.18655 P4:0.1866 STATE:IDLE
[2026-05-01T03:38:39+02:00] CHK MOM:-0.02% RANGE:0.05% UP:33.33% SPREAD:0.0536193% BID:0.1865 ASK:0.1866 MID:0.18655 P1:0.18655 P2:0.18664999 P3:0.18655 P4:0.1866 STATE:IDLE
[2026-05-01T03:38:40+02:00] CHK MOM:-0.02% RANGE:0.05% UP:33.33% SPREAD:0.0536193% BID:0.1865 ASK:0.1866 MID:0.18655 P1:0.18655 P2:0.18664999 P3:0.18655 P4:0.1866 STATE:IDLE
[2026-05-01T03:38:40+02:00] CHK MOM:-0.02% RANGE:0.05% UP:33.33% SPREAD:0.0536193% BID:0.1865 ASK:0.1866 MID:0.18655 P1:0.18655 P2:0.18664999 P3:0.18655 P4:0.1866 STATE:IDLE
[2026-05-01T03:38:59+02:00] CHK MOM:0% RANGE:0% UP:0% SPREAD:0.05359056% BID:0.1866 ASK:0.1867 MID:0.18664999 P1:0.18664999 P2:0.18655 P3:0.18664999 P4:0.18655 STATE:IDLE
[2026-05-01T03:38:59+02:00] CHK MOM:-0.05% RANGE:0.05% UP:0% SPREAD:0.0536193% BID:0.1865 ASK:0.1866 MID:0.18655 P1:0.18655 P2:0.18664999 P3:0.18655 P4:0.18664999 STATE:IDLE
[2026-05-01T03:39:00+02:00] CHK MOM:-0.05% RANGE:0.05% UP:0% SPREAD:0.0536193% BID:0.1865 ASK:0.1866 MID:0.18655 P1:0.18655 P2:0.18664999 P3:0.18655 P4:0.18664999 STATE:IDLE
[2026-05-01T03:39:00+02:00] CHK MOM:-0.05% RANGE:0.05% UP:0% SPREAD:0.0536193% BID:0.1865 ASK:0.1866 MID:0.18655 P1:0.18655 P2:0.18664999 P3:0.18655 P4:0.18664999 STATE:IDLE
[2026-05-01T03:39:01+02:00] CHK MOM:-0.05% RANGE:0.05% UP:0% SPREAD:0.0536193% BID:0.1865 ASK:0.1866 MID:0.18655 P1:0.18655 P2:0.18664999 P3:0.18655 P4:0.18664999 STATE:IDLE
[2026-05-01T03:39:01+02:00] CHK MOM:-0.05% RANGE:0.05% UP:0% SPREAD:0.0536193% BID:0.1865 ASK:0.1866 MID:0.18655 P1:0.18655 P2:0.18664999 P3:0.18655 P4:0.18664999 STATE:IDLE
[2026-05-01T03:39:03+02:00] CHK MOM:-0.05% RANGE:0.05% UP:0% SPREAD:0.0536193% BID:0.1865 ASK:0.1866 MID:0.18655 P1:0.18655 P2:0.18655 P3:0.18664999 P4:0.18655 STATE:IDLE
[2026-05-01T03:39:03+02:00] CHK MOM:-0.05% RANGE:0.05% UP:0% SPREAD:0.0536193% BID:0.1865 ASK:0.1866 MID:0.18655 P1:0.18655 P2:0.18655 P3:0.18664999 P4:0.18655 STATE:IDLE
[2026-05-01T03:39:04+02:00] CHK MOM:-0.05% RANGE:0.05% UP:0% SPREAD:0.0536193% BID:0.1865 ASK:0.1866 MID:0.18655 P1:0.18655 P2:0.18655 P3:0.18664999 P4:0.18655 STATE:IDLE
[2026-05-01T03:39:05+02:00] CHK MOM:-0.05% RANGE:0.05% UP:0% SPREAD:0.0536193% BID:0.1865 ASK:0.1866 MID:0.18655 P1:0.18655 P2:0.18655 P3:0.18664999 P4:0.18655 STATE:IDLE
[2026-05-01T03:39:05+02:00] CHK MOM:-0.05% RANGE:0.05% UP:0% SPREAD:0.0536193% BID:0.1865 ASK:0.1866 MID:0.18655 P1:0.18655 P2:0.18655 P3:0.18664999 P4:0.18655 STATE:IDLE
[2026-05-01T03:39:12+02:00] CHK MOM:-0.05% RANGE:0.05% UP:0% SPREAD:0.0536193% BID:0.1865 ASK:0.1866 MID:0.18655 P1:0.18655 P2:0.18655 P3:0.18655 P4:0.18664999 STATE:IDLE
[2026-05-01T03:39:12+02:00] CHK MOM:-0.05% RANGE:0.05% UP:0% SPREAD:0.0536193% BID:0.1865 ASK:0.1866 MID:0.18655 P1:0.18655 P2:0.18655 P3:0.18655 P4:0.18664999 STATE:IDLE
[2026-05-01T03:39:13+02:00] CHK MOM:-0.05% RANGE:0.05% UP:0% SPREAD:0.0536193% BID:0.1865 ASK:0.1866 MID:0.18655 P1:0.18655 P2:0.18655 P3:0.18655 P4:0.18664999 STATE:IDLE
[2026-05-01T03:39:13+02:00] CHK MOM:-0.05% RANGE:0.05% UP:0% SPREAD:0.0536193% BID:0.1865 ASK:0.1866 MID:0.18655 P1:0.18655 P2:0.18655 P3:0.18655 P4:0.18664999 STATE:IDLE
[2026-05-01T03:39:14+02:00] CHK MOM:-0.05% RANGE:0.05% UP:0% SPREAD:0.0536193% BID:0.1865 ASK:0.1866 MID:0.18655 P1:0.18655 P2:0.18655 P3:0.18655 P4:0.18664999 STATE:IDLE
[2026-05-01T03:39:20+02:00] CHK MOM:0.05% RANGE:0.05% UP:100% SPREAD:0.05359056% BID:0.1866 ASK:0.1867 MID:0.18664999 P1:0.18664999 P2:0.18655 P3:0.18655 P4:0.18655 STATE:IDLE
[2026-05-01T03:39:20+02:00] CHK MOM:0.05% RANGE:0.05% UP:50% SPREAD:0.05359056% BID:0.1866 ASK:0.1867 MID:0.18664999 P1:0.18664999 P2:0.18664999 P3:0.18655 P4:0.18655 STATE:IDLE
[2026-05-01T03:39:21+02:00] CHK MOM:0.05% RANGE:0.05% UP:50% SPREAD:0.05359056% BID:0.1866 ASK:0.1867 MID:0.18664999 P1:0.18664999 P2:0.18664999 P3:0.18655 P4:0.18655 STATE:IDLE
[2026-05-01T03:39:21+02:00] CHK MOM:0.05% RANGE:0.05% UP:50% SPREAD:0.05359056% BID:0.1866 ASK:0.1867 MID:0.18664999 P1:0.18664999 P2:0.18664999 P3:0.18655 P4:0.18655 STATE:IDLE
[2026-05-01T03:39:22+02:00] CHK MOM:0.05% RANGE:0.05% UP:50% SPREAD:0.05359056% BID:0.1866 ASK:0.1867 MID:0.18664999 P1:0.18664999 P2:0.18664999 P3:0.18655 P4:0.18655 STATE:IDLE
[2026-05-01T03:39:22+02:00] CHK MOM:0.05% RANGE:0.05% UP:50% SPREAD:0.05359056% BID:0.1866 ASK:0.1867 MID:0.18664999 P1:0.18664999 P2:0.18664999 P3:0.18655 P4:0.18655 STATE:IDLE
[2026-05-01T03:39:29+02:00] CHK MOM:0.05% RANGE:0.05% UP:50% SPREAD:0.05356186% BID:0.1867 ASK:0.1868 MID:0.18675 P1:0.18675 P2:0.18664999 P3:0.18664999 P4:0.18655 STATE:IDLE
[2026-05-01T03:39:30+02:00] CHK MOM:0.05% RANGE:0.05% UP:50% SPREAD:0.05356186% BID:0.1867 ASK:0.1868 MID:0.18675 P1:0.18675 P2:0.18664999 P3:0.18664999 P4:0.18655 STATE:IDLE
[2026-05-01T03:39:30+02:00] CHK MOM:0.1% RANGE:0.1% UP:66.66% SPREAD:0.05353319% BID:0.1868 ASK:0.1869 MID:0.18685 P1:0.18685 P2:0.18675 P3:0.18664999 P4:0.18664999 STATE:IDLE
[2026-05-01T03:39:31+02:00] CHK MOM:0.1% RANGE:0.1% UP:66.66% SPREAD:0.05353319% BID:0.1868 ASK:0.1869 MID:0.18685 P1:0.18685 P2:0.18675 P3:0.18664999 P4:0.18664999 STATE:IDLE
[2026-05-01T03:39:31+02:00] CHK MOM:0.1% RANGE:0.1% UP:66.66% SPREAD:0.05353319% BID:0.1868 ASK:0.1869 MID:0.18685 P1:0.18685 P2:0.18675 P3:0.18664999 P4:0.18664999 STATE:IDLE
[2026-05-01T03:39:32+02:00] CHK MOM:0.1% RANGE:0.1% UP:50% SPREAD:0.05353319% BID:0.1868 ASK:0.1869 MID:0.18685 P1:0.18685 P2:0.18685 P3:0.18675 P4:0.18664999 STATE:IDLE
[2026-05-01T03:39:32+02:00] CHK MOM:0.1% RANGE:0.1% UP:50% SPREAD:0.05353319% BID:0.1868 ASK:0.1869 MID:0.18685 P1:0.18685 P2:0.18685 P3:0.18675 P4:0.18664999 STATE:IDLE
[2026-05-01T03:39:33+02:00] CHK MOM:0.1% RANGE:0.1% UP:50% SPREAD:0.05353319% BID:0.1868 ASK:0.1869 MID:0.18685 P1:0.18685 P2:0.18685 P3:0.18675 P4:0.18664999 STATE:IDLE
[2026-05-01T03:39:33+02:00] CHK MOM:0.1% RANGE:0.1% UP:50% SPREAD:0.05353319% BID:0.1868 ASK:0.1869 MID:0.18685 P1:0.18685 P2:0.18685 P3:0.18675 P4:0.18664999 STATE:IDLE
[2026-05-01T03:39:34+02:00] CHK MOM:0.1% RANGE:0.1% UP:50% SPREAD:0.05353319% BID:0.1868 ASK:0.1869 MID:0.18685 P1:0.18685 P2:0.18685 P3:0.18675 P4:0.18664999 STATE:IDLE
[2026-05-01T03:39:35+02:00] CHK MOM:0.1% RANGE:0.1% UP:50% SPREAD:0.05353319% BID:0.1868 ASK:0.1869 MID:0.18685 P1:0.18685 P2:0.18685 P3:0.18675 P4:0.18664999 STATE:IDLE
[2026-05-01T03:39:56+02:00] CHK MOM:0% RANGE:0% UP:0% SPREAD:0.05350454% BID:0.1869 ASK:0.187 MID:0.18695 P1:0.18695 P2:0.18685 P3:0.18685 P4:0.18675 STATE:IDLE
[2026-05-01T03:39:56+02:00] CHK MOM:0% RANGE:0% UP:0% SPREAD:0.05350454% BID:0.1869 ASK:0.187 MID:0.18695 P1:0.18695 P2:0.18685 P3:0.18685 P4:0.18675 STATE:IDLE
[2026-05-01T03:39:57+02:00] CHK MOM:0% RANGE:0% UP:0% SPREAD:0.05350454% BID:0.1869 ASK:0.187 MID:0.18695 P1:0.18695 P2:0.18685 P3:0.18685 P4:0.18675 STATE:IDLE
[2026-05-01T03:39:57+02:00] CHK MOM:0% RANGE:0% UP:0% SPREAD:0.05350454% BID:0.1869 ASK:0.187 MID:0.18695 P1:0.18695 P2:0.18685 P3:0.18685 P4:0.18675 STATE:IDLE
[2026-05-01T03:39:58+02:00] CHK MOM:0% RANGE:0% UP:0% SPREAD:0.05350454% BID:0.1869 ASK:0.187 MID:0.18695 P1:0.18695 P2:0.18685 P3:0.18685 P4:0.18675 STATE:IDLE
[2026-05-01T03:40:01+02:00] CHK MOM:-0.18% RANGE:0.18% UP:0% SPREAD:0.1072386% BID:0.1865 ASK:0.1867 MID:0.1866 P1:0.1866 P2:0.18695 P3:0.18685 P4:0.18685 STATE:IDLE
[2026-05-01T03:40:02+02:00] CHK MOM:-0.16% RANGE:0.18% UP:50% SPREAD:0.05359056% BID:0.1866 ASK:0.1867 MID:0.18664999 P1:0.18664999 P2:0.1866 P3:0.18695 P4:0.18685 STATE:IDLE
[2026-05-01T03:40:02+02:00] CHK MOM:-0.16% RANGE:0.18% UP:50% SPREAD:0.05359056% BID:0.1866 ASK:0.1867 MID:0.18664999 P1:0.18664999 P2:0.1866 P3:0.18695 P4:0.18685 STATE:IDLE
[2026-05-01T03:40:03+02:00] CHK MOM:-0.21% RANGE:0.21% UP:33.33% SPREAD:0.0536193% BID:0.1865 ASK:0.1866 MID:0.18655 P1:0.18655 P2:0.18664999 P3:0.1866 P4:0.18695 STATE:IDLE
[2026-05-01T03:40:03+02:00] CHK MOM:-0.21% RANGE:0.21% UP:25% SPREAD:0.0536193% BID:0.1865 ASK:0.1866 MID:0.18655 P1:0.18655 P2:0.18655 P3:0.18664999 P4:0.1866 STATE:IDLE
[2026-05-01T03:40:04+02:00] CHK MOM:-0.21% RANGE:0.21% UP:25% SPREAD:0.0536193% BID:0.1865 ASK:0.1866 MID:0.18655 P1:0.18655 P2:0.18655 P3:0.18664999 P4:0.1866 STATE:IDLE
[2026-05-01T03:40:04+02:00] CHK MOM:-0.21% RANGE:0.21% UP:25% SPREAD:0.0536193% BID:0.1865 ASK:0.1866 MID:0.18655 P1:0.18655 P2:0.18655 P3:0.18664999 P4:0.1866 STATE:IDLE
[2026-05-01T03:40:05+02:00] CHK MOM:-0.21% RANGE:0.21% UP:25% SPREAD:0.0536193% BID:0.1865 ASK:0.1866 MID:0.18655 P1:0.18655 P2:0.18655 P3:0.18664999 P4:0.1866 STATE:IDLE
[2026-05-01T03:40:05+02:00] CHK MOM:-0.21% RANGE:0.21% UP:25% SPREAD:0.0536193% BID:0.1865 ASK:0.1866 MID:0.18655 P1:0.18655 P2:0.18655 P3:0.18664999 P4:0.1866 STATE:IDLE
