[2026-05-01T02:03:32+02:00] SESSION_START symbol=XRPUSDC dry_run=1 profile=major strategy=momentum base_url=https://api.binance.com
[2026-05-01T02:03:32+02:00] TOXIC_MEMORY_LOADED count=17 symbols=0GUSDC,AAVEUSDC,CFGUSDC,DASHUSDC,ENJUSDC,FETUSDC,GIGGLEUSDC,GUNUSDC,HBARUSDC,KITEUSDC
[2026-05-01T02:03:34+02:00] CHK MOM:0% RANGE:0% UP:0% SPREAD:0.00730193% BID:1.3695 ASK:1.3696 MID:1.36954999 P1:1.36954999 P2:NA P3:NA P4:NA STATE:IDLE
[2026-05-01T02:03:34+02:00] CHK MOM:0.01% RANGE:0.01% UP:100% SPREAD:0.00730086% BID:1.3697 ASK:1.3698 MID:1.36974999 P1:1.36974999 P2:1.36954999 P3:NA P4:NA STATE:IDLE
[2026-05-01T02:03:35+02:00] CHK MOM:0.01% RANGE:0.01% UP:50% SPREAD:0.00730086% BID:1.3697 ASK:1.3698 MID:1.36974999 P1:1.36974999 P2:1.36974999 P3:1.36954999 P4:NA STATE:IDLE
[2026-05-01T02:03:35+02:00] CHK MOM:0.01% RANGE:0.01% UP:50% SPREAD:0.00730086% BID:1.3697 ASK:1.3698 MID:1.36974999 P1:1.36974999 P2:1.36974999 P3:1.36954999 P4:NA STATE:IDLE
[2026-05-01T02:03:36+02:00] CHK MOM:0.01% RANGE:0.01% UP:50% SPREAD:0.00730086% BID:1.3697 ASK:1.3698 MID:1.36974999 P1:1.36974999 P2:1.36974999 P3:1.36954999 P4:NA STATE:IDLE
[2026-05-01T02:03:36+02:00] CHK MOM:0.01% RANGE:0.01% UP:33.33% SPREAD:0.00730086% BID:1.3697 ASK:1.3698 MID:1.36974999 P1:1.36974999 P2:1.36974999 P3:1.36974999 P4:1.36954999 STATE:IDLE
[2026-05-01T02:03:37+02:00] CHK MOM:0.01% RANGE:0.01% UP:25% SPREAD:0.00730086% BID:1.3697 ASK:1.3698 MID:1.36974999 P1:1.36974999 P2:1.36974999 P3:1.36974999 P4:1.36974999 STATE:IDLE
[2026-05-01T02:03:37+02:00] CHK MOM:0.01% RANGE:0.01% UP:25% SPREAD:0.00730086% BID:1.3697 ASK:1.3698 MID:1.36974999 P1:1.36974999 P2:1.36974999 P3:1.36974999 P4:1.36974999 STATE:IDLE
[2026-05-01T02:03:38+02:00] CHK MOM:0.01% RANGE:0.01% UP:20% SPREAD:0.00730086% BID:1.3697 ASK:1.3698 MID:1.36974999 P1:1.36974999 P2:1.36974999 P3:1.36974999 P4:1.36974999 STATE:IDLE
[2026-05-01T02:03:38+02:00] CHK MOM:0.01% RANGE:0.01% UP:20% SPREAD:0.00730086% BID:1.3697 ASK:1.3698 MID:1.36974999 P1:1.36974999 P2:1.36974999 P3:1.36974999 P4:1.36974999 STATE:IDLE
[2026-05-01T02:03:39+02:00] CHK MOM:0.01% RANGE:0.01% UP:20% SPREAD:0.00730086% BID:1.3697 ASK:1.3698 MID:1.36974999 P1:1.36974999 P2:1.36974999 P3:1.36974999 P4:1.36974999 STATE:IDLE
[2026-05-01T02:03:40+02:00] CHK MOM:0.01% RANGE:0.01% UP:20% SPREAD:0.00730086% BID:1.3697 ASK:1.3698 MID:1.36974999 P1:1.36974999 P2:1.36974999 P3:1.36974999 P4:1.36974999 STATE:IDLE
[2026-05-01T02:03:40+02:00] CHK MOM:0.01% RANGE:0.01% UP:20% SPREAD:0.00730086% BID:1.3697 ASK:1.3698 MID:1.36974999 P1:1.36974999 P2:1.36974999 P3:1.36974999 P4:1.36974999 STATE:IDLE
[2026-05-01T02:03:42+02:00] CHK MOM:0.02% RANGE:0.02% UP:33.33% SPREAD:0.00730033% BID:1.3698 ASK:1.3699 MID:1.36985 P1:1.36985 P2:1.36974999 P3:1.36974999 P4:1.36974999 STATE:IDLE
[2026-05-01T02:03:42+02:00] CHK MOM:0.05% RANGE:0.05% UP:42.85% SPREAD:0.0072982% BID:1.3702 ASK:1.3703 MID:1.37025 P1:1.37025 P2:1.36985 P3:1.36974999 P4:1.36974999 STATE:IDLE
[2026-05-01T02:03:43+02:00] CHK MOM:0.05% RANGE:0.05% UP:37.5% SPREAD:0.0072982% BID:1.3702 ASK:1.3703 MID:1.37025 P1:1.37025 P2:1.37025 P3:1.36985 P4:1.36974999 STATE:IDLE
[2026-05-01T02:03:43+02:00] CHK MOM:0.05% RANGE:0.05% UP:33.33% SPREAD:0.0072982% BID:1.3702 ASK:1.3703 MID:1.37025 P1:1.37025 P2:1.37025 P3:1.37025 P4:1.36985 STATE:IDLE
[2026-05-01T02:03:44+02:00] CHK MOM:0.05% RANGE:0.05% UP:30% SPREAD:0.0072982% BID:1.3702 ASK:1.3703 MID:1.37025 P1:1.37025 P2:1.37025 P3:1.37025 P4:1.37025 STATE:IDLE
[2026-05-01T02:03:45+02:00] CHK MOM:0.06% RANGE:0.06% UP:36.36% SPREAD:0.00729713% BID:1.3704 ASK:1.3705 MID:1.37045 P1:1.37045 P2:1.37025 P3:1.37025 P4:1.37025 STATE:IDLE
[2026-05-01T02:03:45+02:00] CHK MOM:0.08% RANGE:0.08% UP:41.66% SPREAD:0.00729607% BID:1.3706 ASK:1.3707 MID:1.37065 P1:1.37065 P2:1.37045 P3:1.37025 P4:1.37025 STATE:IDLE
[2026-05-01T02:03:46+02:00] CHK MOM:0.07% RANGE:0.08% UP:38.46% SPREAD:0.0072966% BID:1.3705 ASK:1.3706 MID:1.37055 P1:1.37055 P2:1.37065 P3:1.37045 P4:1.37025 STATE:IDLE
[2026-05-01T02:03:46+02:00] CHK MOM:0.07% RANGE:0.08% UP:35.71% SPREAD:0.0072966% BID:1.3705 ASK:1.3706 MID:1.37055 P1:1.37055 P2:1.37055 P3:1.37065 P4:1.37045 STATE:IDLE
[2026-05-01T02:03:47+02:00] CHK MOM:0.08% RANGE:0.08% UP:40% SPREAD:0.00729607% BID:1.3706 ASK:1.3707 MID:1.37065 P1:1.37065 P2:1.37055 P3:1.37055 P4:1.37065 STATE:IDLE
[2026-05-01T02:03:47+02:00] CHK MOM:0.08% RANGE:0.08% UP:40% SPREAD:0.00729607% BID:1.3706 ASK:1.3707 MID:1.37065 P1:1.37065 P2:1.37055 P3:1.37055 P4:1.37065 STATE:IDLE
[2026-05-01T02:03:48+02:00] CHK MOM:0.08% RANGE:0.08% UP:43.75% SPREAD:0.00729554% BID:1.3707 ASK:1.3708 MID:1.37075 P1:1.37075 P2:1.37065 P3:1.37055 P4:1.37055 STATE:IDLE
[2026-05-01T02:03:48+02:00] CHK MOM:0.08% RANGE:0.08% UP:41.17% SPREAD:0.00729554% BID:1.3707 ASK:1.3708 MID:1.37075 P1:1.37075 P2:1.37075 P3:1.37065 P4:1.37055 STATE:IDLE
[2026-05-01T02:03:49+02:00] CHK MOM:0.08% RANGE:0.08% UP:38.88% SPREAD:0.00729554% BID:1.3707 ASK:1.3708 MID:1.37075 P1:1.37075 P2:1.37075 P3:1.37075 P4:1.37065 STATE:IDLE
[2026-05-01T02:03:49+02:00] CHK MOM:0.08% RANGE:0.08% UP:36.84% SPREAD:0.00729554% BID:1.3707 ASK:1.3708 MID:1.37075 P1:1.37075 P2:1.37075 P3:1.37075 P4:1.37075 STATE:IDLE
[2026-05-01T02:03:50+02:00] CHK MOM:0.08% RANGE:0.08% UP:36.84% SPREAD:0.00729554% BID:1.3707 ASK:1.3708 MID:1.37075 P1:1.37075 P2:1.37075 P3:1.37075 P4:1.37075 STATE:IDLE
[2026-05-01T02:03:51+02:00] CHK MOM:0.07% RANGE:0.07% UP:33.33% SPREAD:0.00729554% BID:1.3707 ASK:1.3708 MID:1.37075 P1:1.37075 P2:1.37075 P3:1.37075 P4:1.37075 STATE:IDLE
[2026-05-01T02:03:51+02:00] CHK MOM:0.07% RANGE:0.07% UP:33.33% SPREAD:0.00729554% BID:1.3707 ASK:1.3708 MID:1.37075 P1:1.37075 P2:1.37075 P3:1.37075 P4:1.37075 STATE:IDLE
[2026-05-01T02:03:52+02:00] CHK MOM:0.08% RANGE:0.08% UP:38.88% SPREAD:0.00729447% BID:1.3709 ASK:1.371 MID:1.37095 P1:1.37095 P2:1.37075 P3:1.37075 P4:1.37075 STATE:IDLE
[2026-05-01T02:03:52+02:00] CHK MOM:0.09% RANGE:0.09% UP:44.44% SPREAD:0.00729394% BID:1.371 ASK:1.3711 MID:1.37104999 P1:1.37104999 P2:1.37095 P3:1.37075 P4:1.37075 STATE:IDLE
[2026-05-01T02:03:53+02:00] CHK MOM:0.08% RANGE:0.09% UP:44.44% SPREAD:0.00729447% BID:1.3709 ASK:1.371 MID:1.37095 P1:1.37095 P2:1.37104999 P3:1.37095 P4:1.37075 STATE:IDLE
[2026-05-01T02:03:53+02:00] CHK MOM:0.08% RANGE:0.09% UP:44.44% SPREAD:0.00729447% BID:1.3709 ASK:1.371 MID:1.37095 P1:1.37095 P2:1.37104999 P3:1.37095 P4:1.37075 STATE:IDLE
[2026-05-01T02:03:54+02:00] CHK MOM:0.08% RANGE:0.09% UP:44.44% SPREAD:0.00729447% BID:1.3709 ASK:1.371 MID:1.37095 P1:1.37095 P2:1.37104999 P3:1.37095 P4:1.37075 STATE:IDLE
[2026-05-01T02:03:54+02:00] CHK MOM:0.08% RANGE:0.08% UP:38.88% SPREAD:0.00729447% BID:1.3709 ASK:1.371 MID:1.37095 P1:1.37095 P2:1.37095 P3:1.37104999 P4:1.37095 STATE:IDLE
[2026-05-01T02:03:55+02:00] CHK MOM:0.08% RANGE:0.08% UP:36.84% SPREAD:0.00729447% BID:1.3709 ASK:1.371 MID:1.37095 P1:1.37095 P2:1.37095 P3:1.37095 P4:1.37104999 STATE:IDLE
[2026-05-01T02:03:56+02:00] CHK MOM:0.08% RANGE:0.08% UP:35% SPREAD:0.00729447% BID:1.3709 ASK:1.371 MID:1.37095 P1:1.37095 P2:1.37095 P3:1.37095 P4:1.37095 STATE:IDLE
[2026-05-01T02:03:56+02:00] CHK MOM:0.08% RANGE:0.08% UP:33.33% SPREAD:0.00729447% BID:1.3709 ASK:1.371 MID:1.37095 P1:1.37095 P2:1.37095 P3:1.37095 P4:1.37095 STATE:IDLE
[2026-05-01T02:03:57+02:00] CHK MOM:0.08% RANGE:0.08% UP:31.81% SPREAD:0.00729447% BID:1.3709 ASK:1.371 MID:1.37095 P1:1.37095 P2:1.37095 P3:1.37095 P4:1.37095 STATE:IDLE
[2026-05-01T02:03:57+02:00] CHK MOM:0.08% RANGE:0.08% UP:34.78% SPREAD:0.00729394% BID:1.371 ASK:1.3711 MID:1.37104999 P1:1.37104999 P2:1.37095 P3:1.37095 P4:1.37095 STATE:IDLE
[2026-05-01T02:03:58+02:00] CHK MOM:0.05% RANGE:0.05% UP:30.43% SPREAD:0.00729394% BID:1.371 ASK:1.3711 MID:1.37104999 P1:1.37104999 P2:1.37104999 P3:1.37095 P4:1.37095 STATE:IDLE
[2026-05-01T02:03:58+02:00] CHK MOM:0.05% RANGE:0.05% UP:29.16% SPREAD:0.00729394% BID:1.371 ASK:1.3711 MID:1.37104999 P1:1.37104999 P2:1.37104999 P3:1.37104999 P4:1.37095 STATE:IDLE
[2026-05-01T02:03:59+02:00] CHK MOM:0.05% RANGE:0.05% UP:30.43% SPREAD:0.00729394% BID:1.371 ASK:1.3711 MID:1.37104999 P1:1.37104999 P2:1.37104999 P3:1.37104999 P4:1.37104999 STATE:IDLE
[2026-05-01T02:03:59+02:00] CHK MOM:0.05% RANGE:0.05% UP:30.43% SPREAD:0.00729394% BID:1.371 ASK:1.3711 MID:1.37104999 P1:1.37104999 P2:1.37104999 P3:1.37104999 P4:1.37104999 STATE:IDLE
[2026-05-01T02:04:00+02:00] CHK MOM:0.05% RANGE:0.05% UP:30.43% SPREAD:0.00729394% BID:1.371 ASK:1.3711 MID:1.37104999 P1:1.37104999 P2:1.37104999 P3:1.37104999 P4:1.37104999 STATE:IDLE
[2026-05-01T02:04:00+02:00] CHK MOM:0.05% RANGE:0.05% UP:30.43% SPREAD:0.00729394% BID:1.371 ASK:1.3711 MID:1.37104999 P1:1.37104999 P2:1.37104999 P3:1.37104999 P4:1.37104999 STATE:IDLE
[2026-05-01T02:04:01+02:00] CHK MOM:0.05% RANGE:0.05% UP:30.43% SPREAD:0.00729394% BID:1.371 ASK:1.3711 MID:1.37104999 P1:1.37104999 P2:1.37104999 P3:1.37104999 P4:1.37104999 STATE:IDLE
[2026-05-01T02:04:02+02:00] CHK MOM:0.03% RANGE:0.03% UP:23.8% SPREAD:0.00729394% BID:1.371 ASK:1.3711 MID:1.37104999 P1:1.37104999 P2:1.37104999 P3:1.37104999 P4:1.37104999 STATE:IDLE
[2026-05-01T02:04:02+02:00] CHK MOM:0.03% RANGE:0.03% UP:23.8% SPREAD:0.00729394% BID:1.371 ASK:1.3711 MID:1.37104999 P1:1.37104999 P2:1.37104999 P3:1.37104999 P4:1.37104999 STATE:IDLE
[2026-05-01T02:04:03+02:00] CHK MOM:0.02% RANGE:0.02% UP:19.04% SPREAD:0.00729394% BID:1.371 ASK:1.3711 MID:1.37104999 P1:1.37104999 P2:1.37104999 P3:1.37104999 P4:1.37104999 STATE:IDLE
[2026-05-01T02:04:03+02:00] CHK MOM:0.02% RANGE:0.02% UP:14.28% SPREAD:0.00729394% BID:1.371 ASK:1.3711 MID:1.37104999 P1:1.37104999 P2:1.37104999 P3:1.37104999 P4:1.37104999 STATE:IDLE
[2026-05-01T02:04:04+02:00] CHK MOM:0.04% RANGE:0.04% UP:18.18% SPREAD:0.00729235% BID:1.3713 ASK:1.3714 MID:1.37135 P1:1.37135 P2:1.37104999 P3:1.37104999 P4:1.37104999 STATE:IDLE
[2026-05-01T02:04:04+02:00] CHK MOM:0.04% RANGE:0.04% UP:19.04% SPREAD:0.00729235% BID:1.3713 ASK:1.3714 MID:1.37135 P1:1.37135 P2:1.37135 P3:1.37104999 P4:1.37104999 STATE:IDLE
[2026-05-01T02:04:05+02:00] CHK MOM:0.04% RANGE:0.04% UP:18.18% SPREAD:0.00729235% BID:1.3713 ASK:1.3714 MID:1.37135 P1:1.37135 P2:1.37135 P3:1.37135 P4:1.37104999 STATE:IDLE
[2026-05-01T02:04:05+02:00] CHK MOM:0.04% RANGE:0.04% UP:23.8% SPREAD:0.0145847% BID:1.3713 ASK:1.3715 MID:1.3714 P1:1.3714 P2:1.37135 P3:1.37135 P4:1.37135 STATE:IDLE
[2026-05-01T02:04:06+02:00] CHK MOM:0.05% RANGE:0.05% UP:27.27% SPREAD:0.00729128% BID:1.3715 ASK:1.3716 MID:1.37155 P1:1.37155 P2:1.3714 P3:1.37135 P4:1.37135 STATE:IDLE
[2026-05-01T02:04:07+02:00] CHK MOM:0.05% RANGE:0.05% UP:26.08% SPREAD:0.00729128% BID:1.3715 ASK:1.3716 MID:1.37155 P1:1.37155 P2:1.37155 P3:1.3714 P4:1.37135 STATE:IDLE
[2026-05-01T02:04:07+02:00] CHK MOM:0.04% RANGE:0.04% UP:21.73% SPREAD:0.00729128% BID:1.3715 ASK:1.3716 MID:1.37155 P1:1.37155 P2:1.37155 P3:1.37155 P4:1.3714 STATE:IDLE
[2026-05-01T02:04:08+02:00] CHK MOM:0.04% RANGE:0.04% UP:21.73% SPREAD:0.00729128% BID:1.3715 ASK:1.3716 MID:1.37155 P1:1.37155 P2:1.37155 P3:1.37155 P4:1.3714 STATE:IDLE
[2026-05-01T02:04:08+02:00] CHK MOM:0.04% RANGE:0.04% UP:21.73% SPREAD:0.00729128% BID:1.3715 ASK:1.3716 MID:1.37155 P1:1.37155 P2:1.37155 P3:1.37155 P4:1.3714 STATE:IDLE
[2026-05-01T02:04:09+02:00] CHK MOM:0.04% RANGE:0.04% UP:18.18% SPREAD:0.00729128% BID:1.3715 ASK:1.3716 MID:1.37155 P1:1.37155 P2:1.37155 P3:1.37155 P4:1.37155 STATE:IDLE
[2026-05-01T02:04:09+02:00] CHK MOM:0.04% RANGE:0.04% UP:18.18% SPREAD:0.00729128% BID:1.3715 ASK:1.3716 MID:1.37155 P1:1.37155 P2:1.37155 P3:1.37155 P4:1.37155 STATE:IDLE
[2026-05-01T02:04:10+02:00] CHK MOM:0.04% RANGE:0.04% UP:18.18% SPREAD:0.00729128% BID:1.3715 ASK:1.3716 MID:1.37155 P1:1.37155 P2:1.37155 P3:1.37155 P4:1.37155 STATE:IDLE
[2026-05-01T02:04:10+02:00] CHK MOM:0.04% RANGE:0.04% UP:18.18% SPREAD:0.00729128% BID:1.3715 ASK:1.3716 MID:1.37155 P1:1.37155 P2:1.37155 P3:1.37155 P4:1.37155 STATE:IDLE
[2026-05-01T02:04:11+02:00] CHK MOM:0.04% RANGE:0.04% UP:18.18% SPREAD:0.00729128% BID:1.3715 ASK:1.3716 MID:1.37155 P1:1.37155 P2:1.37155 P3:1.37155 P4:1.37155 STATE:IDLE
[2026-05-01T02:04:11+02:00] CHK MOM:0.04% RANGE:0.04% UP:18.18% SPREAD:0.00729128% BID:1.3715 ASK:1.3716 MID:1.37155 P1:1.37155 P2:1.37155 P3:1.37155 P4:1.37155 STATE:IDLE
[2026-05-01T02:04:12+02:00] CHK MOM:0.03% RANGE:0.04% UP:18.18% SPREAD:0.00729181% BID:1.3714 ASK:1.3715 MID:1.37144999 P1:1.37144999 P2:1.37155 P3:1.37155 P4:1.37155 STATE:IDLE
[2026-05-01T02:04:13+02:00] CHK MOM:0.03% RANGE:0.04% UP:18.18% SPREAD:0.00729181% BID:1.3714 ASK:1.3715 MID:1.37144999 P1:1.37144999 P2:1.37144999 P3:1.37155 P4:1.37155 STATE:IDLE
[2026-05-01T02:04:13+02:00] CHK MOM:0.02% RANGE:0.03% UP:13.63% SPREAD:0.00729235% BID:1.3713 ASK:1.3714 MID:1.37135 P1:1.37135 P2:1.37144999 P3:1.37144999 P4:1.37155 STATE:IDLE
[2026-05-01T02:04:14+02:00] CHK MOM:0.02% RANGE:0.03% UP:13.63% SPREAD:0.00729235% BID:1.3713 ASK:1.3714 MID:1.37135 P1:1.37135 P2:1.37135 P3:1.37144999 P4:1.37144999 STATE:IDLE
[2026-05-01T02:04:14+02:00] CHK MOM:0.02% RANGE:0.03% UP:13.63% SPREAD:0.00729235% BID:1.3713 ASK:1.3714 MID:1.37135 P1:1.37135 P2:1.37135 P3:1.37135 P4:1.37144999 STATE:IDLE
[2026-05-01T02:04:15+02:00] CHK MOM:0.02% RANGE:0.03% UP:14.28% SPREAD:0.00729235% BID:1.3713 ASK:1.3714 MID:1.37135 P1:1.37135 P2:1.37135 P3:1.37135 P4:1.37135 STATE:IDLE
[2026-05-01T02:04:15+02:00] CHK MOM:0.02% RANGE:0.03% UP:14.28% SPREAD:0.00729235% BID:1.3713 ASK:1.3714 MID:1.37135 P1:1.37135 P2:1.37135 P3:1.37135 P4:1.37135 STATE:IDLE
[2026-05-01T02:04:16+02:00] CHK MOM:0.02% RANGE:0.03% UP:14.28% SPREAD:0.00729235% BID:1.3713 ASK:1.3714 MID:1.37135 P1:1.37135 P2:1.37135 P3:1.37135 P4:1.37135 STATE:IDLE
[2026-05-01T02:04:16+02:00] CHK MOM:0.02% RANGE:0.03% UP:14.28% SPREAD:0.00729235% BID:1.3713 ASK:1.3714 MID:1.37135 P1:1.37135 P2:1.37135 P3:1.37135 P4:1.37135 STATE:IDLE
[2026-05-01T02:04:17+02:00] CHK MOM:0.02% RANGE:0.03% UP:14.28% SPREAD:0.00729235% BID:1.3713 ASK:1.3714 MID:1.37135 P1:1.37135 P2:1.37135 P3:1.37135 P4:1.37135 STATE:IDLE
[2026-05-01T02:04:18+02:00] CHK MOM:0.02% RANGE:0.03% UP:14.28% SPREAD:0.00729235% BID:1.3713 ASK:1.3714 MID:1.37135 P1:1.37135 P2:1.37135 P3:1.37135 P4:1.37135 STATE:IDLE
[2026-05-01T02:04:18+02:00] CHK MOM:0.02% RANGE:0.03% UP:14.28% SPREAD:0.00729235% BID:1.3713 ASK:1.3714 MID:1.37135 P1:1.37135 P2:1.37135 P3:1.37135 P4:1.37135 STATE:IDLE
[2026-05-01T02:04:19+02:00] CHK MOM:0.02% RANGE:0.03% UP:15% SPREAD:0.00729235% BID:1.3713 ASK:1.3714 MID:1.37135 P1:1.37135 P2:1.37135 P3:1.37135 P4:1.37135 STATE:IDLE
[2026-05-01T02:04:19+02:00] CHK MOM:0.02% RANGE:0.03% UP:15% SPREAD:0.00729235% BID:1.3713 ASK:1.3714 MID:1.37135 P1:1.37135 P2:1.37135 P3:1.37135 P4:1.37135 STATE:IDLE
[2026-05-01T02:04:20+02:00] CHK MOM:0% RANGE:0.01% UP:10% SPREAD:0.00729235% BID:1.3713 ASK:1.3714 MID:1.37135 P1:1.37135 P2:1.37135 P3:1.37135 P4:1.37135 STATE:IDLE
[2026-05-01T02:04:20+02:00] CHK MOM:0% RANGE:0.01% UP:10.52% SPREAD:0.00729235% BID:1.3713 ASK:1.3714 MID:1.37135 P1:1.37135 P2:1.37135 P3:1.37135 P4:1.37135 STATE:IDLE
[2026-05-01T02:04:21+02:00] CHK MOM:0% RANGE:0.01% UP:10% SPREAD:0.00729235% BID:1.3713 ASK:1.3714 MID:1.37135 P1:1.37135 P2:1.37135 P3:1.37135 P4:1.37135 STATE:IDLE
[2026-05-01T02:04:21+02:00] CHK MOM:0% RANGE:0.01% UP:5% SPREAD:0.00729235% BID:1.3713 ASK:1.3714 MID:1.37135 P1:1.37135 P2:1.37135 P3:1.37135 P4:1.37135 STATE:IDLE
[2026-05-01T02:04:22+02:00] CHK MOM:0% RANGE:0.01% UP:5% SPREAD:0.00729235% BID:1.3713 ASK:1.3714 MID:1.37135 P1:1.37135 P2:1.37135 P3:1.37135 P4:1.37135 STATE:IDLE
[2026-05-01T02:04:22+02:00] CHK MOM:-0.01% RANGE:0.01% UP:0% SPREAD:0.00729235% BID:1.3713 ASK:1.3714 MID:1.37135 P1:1.37135 P2:1.37135 P3:1.37135 P4:1.37135 STATE:IDLE
[2026-05-01T02:04:23+02:00] CHK MOM:-0.01% RANGE:0.01% UP:0% SPREAD:0.00729235% BID:1.3713 ASK:1.3714 MID:1.37135 P1:1.37135 P2:1.37135 P3:1.37135 P4:1.37135 STATE:IDLE
[2026-05-01T02:04:24+02:00] CHK MOM:-0.01% RANGE:0.01% UP:0% SPREAD:0.00729235% BID:1.3713 ASK:1.3714 MID:1.37135 P1:1.37135 P2:1.37135 P3:1.37135 P4:1.37135 STATE:IDLE
[2026-05-01T02:04:24+02:00] CHK MOM:-0.01% RANGE:0.01% UP:0% SPREAD:0.00729235% BID:1.3713 ASK:1.3714 MID:1.37135 P1:1.37135 P2:1.37135 P3:1.37135 P4:1.37135 STATE:IDLE
[2026-05-01T02:04:25+02:00] CHK MOM:-0.01% RANGE:0.01% UP:0% SPREAD:0.00729235% BID:1.3713 ASK:1.3714 MID:1.37135 P1:1.37135 P2:1.37135 P3:1.37135 P4:1.37135 STATE:IDLE
[2026-05-01T02:04:25+02:00] CHK MOM:0% RANGE:0.01% UP:5.55% SPREAD:0.00729128% BID:1.3715 ASK:1.3716 MID:1.37155 P1:1.37155 P2:1.37135 P3:1.37135 P4:1.37135 STATE:IDLE
[2026-05-01T02:04:26+02:00] CHK MOM:0% RANGE:0.01% UP:5.26% SPREAD:0.00729128% BID:1.3715 ASK:1.3716 MID:1.37155 P1:1.37155 P2:1.37155 P3:1.37135 P4:1.37135 STATE:IDLE
[2026-05-01T02:04:26+02:00] CHK MOM:0% RANGE:0.01% UP:5% SPREAD:0.00729128% BID:1.3715 ASK:1.3716 MID:1.37155 P1:1.37155 P2:1.37155 P3:1.37155 P4:1.37135 STATE:IDLE
[2026-05-01T02:04:27+02:00] CHK MOM:0% RANGE:0.01% UP:5% SPREAD:0.00729128% BID:1.3715 ASK:1.3716 MID:1.37155 P1:1.37155 P2:1.37155 P3:1.37155 P4:1.37155 STATE:IDLE
[2026-05-01T02:04:27+02:00] CHK MOM:0% RANGE:0.01% UP:5% SPREAD:0.00729128% BID:1.3715 ASK:1.3716 MID:1.37155 P1:1.37155 P2:1.37155 P3:1.37155 P4:1.37155 STATE:IDLE
[2026-05-01T02:04:28+02:00] CHK MOM:0.02% RANGE:0.02% UP:11.11% SPREAD:0.00729022% BID:1.3717 ASK:1.3718 MID:1.37175 P1:1.37175 P2:1.37155 P3:1.37155 P4:1.37155 STATE:IDLE
[2026-05-01T02:04:29+02:00] CHK MOM:0.02% RANGE:0.02% UP:11.11% SPREAD:0.00729022% BID:1.3717 ASK:1.3718 MID:1.37175 P1:1.37175 P2:1.37175 P3:1.37155 P4:1.37155 STATE:IDLE
[2026-05-01T02:04:29+02:00] CHK MOM:0.02% RANGE:0.02% UP:11.11% SPREAD:0.00729022% BID:1.3717 ASK:1.3718 MID:1.37175 P1:1.37175 P2:1.37175 P3:1.37155 P4:1.37155 STATE:IDLE
[2026-05-01T02:04:30+02:00] CHK MOM:0.02% RANGE:0.02% UP:11.11% SPREAD:0.00729022% BID:1.3717 ASK:1.3718 MID:1.37175 P1:1.37175 P2:1.37175 P3:1.37155 P4:1.37155 STATE:IDLE
[2026-05-01T02:04:30+02:00] CHK MOM:0.02% RANGE:0.02% UP:11.11% SPREAD:0.00729022% BID:1.3717 ASK:1.3718 MID:1.37175 P1:1.37175 P2:1.37175 P3:1.37155 P4:1.37155 STATE:IDLE
[2026-05-01T02:04:31+02:00] CHK MOM:0.02% RANGE:0.02% UP:12.5% SPREAD:0.00729022% BID:1.3717 ASK:1.3718 MID:1.37175 P1:1.37175 P2:1.37175 P3:1.37175 P4:1.37155 STATE:IDLE
[2026-05-01T02:04:31+02:00] CHK MOM:0.02% RANGE:0.02% UP:12.5% SPREAD:0.00729022% BID:1.3717 ASK:1.3718 MID:1.37175 P1:1.37175 P2:1.37175 P3:1.37175 P4:1.37155 STATE:IDLE
[2026-05-01T02:04:32+02:00] CHK MOM:0.02% RANGE:0.02% UP:12.5% SPREAD:0.00729022% BID:1.3717 ASK:1.3718 MID:1.37175 P1:1.37175 P2:1.37175 P3:1.37175 P4:1.37155 STATE:IDLE
[2026-05-01T02:04:32+02:00] CHK MOM:0.02% RANGE:0.02% UP:12.5% SPREAD:0.00729022% BID:1.3717 ASK:1.3718 MID:1.37175 P1:1.37175 P2:1.37175 P3:1.37175 P4:1.37155 STATE:IDLE
[2026-05-01T02:04:33+02:00] CHK MOM:0.02% RANGE:0.02% UP:12.5% SPREAD:0.00729022% BID:1.3717 ASK:1.3718 MID:1.37175 P1:1.37175 P2:1.37175 P3:1.37175 P4:1.37155 STATE:IDLE
[2026-05-01T02:04:34+02:00] CHK MOM:0.02% RANGE:0.02% UP:13.33% SPREAD:0.00729022% BID:1.3717 ASK:1.3718 MID:1.37175 P1:1.37175 P2:1.37175 P3:1.37175 P4:1.37175 STATE:IDLE
[2026-05-01T02:04:34+02:00] CHK MOM:0.02% RANGE:0.02% UP:12.5% SPREAD:0.00729022% BID:1.3717 ASK:1.3718 MID:1.37175 P1:1.37175 P2:1.37175 P3:1.37175 P4:1.37175 STATE:IDLE
[2026-05-01T02:04:35+02:00] CHK MOM:0.02% RANGE:0.02% UP:12.5% SPREAD:0.00729022% BID:1.3717 ASK:1.3718 MID:1.37175 P1:1.37175 P2:1.37175 P3:1.37175 P4:1.37175 STATE:IDLE
[2026-05-01T02:04:35+02:00] CHK MOM:0.02% RANGE:0.02% UP:11.76% SPREAD:0.00729022% BID:1.3717 ASK:1.3718 MID:1.37175 P1:1.37175 P2:1.37175 P3:1.37175 P4:1.37175 STATE:IDLE
[2026-05-01T02:04:36+02:00] CHK MOM:0.02% RANGE:0.02% UP:11.76% SPREAD:0.00729022% BID:1.3717 ASK:1.3718 MID:1.37175 P1:1.37175 P2:1.37175 P3:1.37175 P4:1.37175 STATE:IDLE
[2026-05-01T02:04:36+02:00] CHK MOM:0.02% RANGE:0.02% UP:12.5% SPREAD:0.00729022% BID:1.3717 ASK:1.3718 MID:1.37175 P1:1.37175 P2:1.37175 P3:1.37175 P4:1.37175 STATE:IDLE
[2026-05-01T02:04:37+02:00] CHK MOM:0.02% RANGE:0.02% UP:12.5% SPREAD:0.00729022% BID:1.3717 ASK:1.3718 MID:1.37175 P1:1.37175 P2:1.37175 P3:1.37175 P4:1.37175 STATE:IDLE
[2026-05-01T02:04:37+02:00] CHK MOM:0.02% RANGE:0.02% UP:14.28% SPREAD:0.00729022% BID:1.3717 ASK:1.3718 MID:1.37175 P1:1.37175 P2:1.37175 P3:1.37175 P4:1.37175 STATE:IDLE
[2026-05-01T02:04:38+02:00] CHK MOM:0.02% RANGE:0.02% UP:14.28% SPREAD:0.00729022% BID:1.3717 ASK:1.3718 MID:1.37175 P1:1.37175 P2:1.37175 P3:1.37175 P4:1.37175 STATE:IDLE
[2026-05-01T02:04:38+02:00] CHK MOM:0.02% RANGE:0.02% UP:14.28% SPREAD:0.00729022% BID:1.3717 ASK:1.3718 MID:1.37175 P1:1.37175 P2:1.37175 P3:1.37175 P4:1.37175 STATE:IDLE
[2026-05-01T02:04:39+02:00] CHK MOM:0.02% RANGE:0.02% UP:14.28% SPREAD:0.00729022% BID:1.3717 ASK:1.3718 MID:1.37175 P1:1.37175 P2:1.37175 P3:1.37175 P4:1.37175 STATE:IDLE
[2026-05-01T02:04:40+02:00] CHK MOM:0.01% RANGE:0.01% UP:7.14% SPREAD:0.00729022% BID:1.3717 ASK:1.3718 MID:1.37175 P1:1.37175 P2:1.37175 P3:1.37175 P4:1.37175 STATE:IDLE
[2026-05-01T02:04:40+02:00] CHK MOM:0.01% RANGE:0.01% UP:6.66% SPREAD:0.00729022% BID:1.3717 ASK:1.3718 MID:1.37175 P1:1.37175 P2:1.37175 P3:1.37175 P4:1.37175 STATE:IDLE
[2026-05-01T02:04:41+02:00] CHK MOM:0.01% RANGE:0.01% UP:6.25% SPREAD:0.00729022% BID:1.3717 ASK:1.3718 MID:1.37175 P1:1.37175 P2:1.37175 P3:1.37175 P4:1.37175 STATE:IDLE
[2026-05-01T02:04:41+02:00] CHK MOM:0% RANGE:0.01% UP:5.88% SPREAD:0.00729075% BID:1.3716 ASK:1.3717 MID:1.37164999 P1:1.37164999 P2:1.37175 P3:1.37175 P4:1.37175 STATE:IDLE
[2026-05-01T02:04:42+02:00] CHK MOM:0% RANGE:0.01% UP:6.25% SPREAD:0.00729075% BID:1.3716 ASK:1.3717 MID:1.37164999 P1:1.37164999 P2:1.37164999 P3:1.37175 P4:1.37175 STATE:IDLE
[2026-05-01T02:04:42+02:00] CHK MOM:0% RANGE:0.01% UP:6.25% SPREAD:0.00729075% BID:1.3716 ASK:1.3717 MID:1.37164999 P1:1.37164999 P2:1.37164999 P3:1.37164999 P4:1.37175 STATE:IDLE
[2026-05-01T02:04:43+02:00] CHK MOM:0% RANGE:0.01% UP:5.88% SPREAD:0.00729075% BID:1.3716 ASK:1.3717 MID:1.37164999 P1:1.37164999 P2:1.37164999 P3:1.37164999 P4:1.37164999 STATE:IDLE
[2026-05-01T02:04:43+02:00] CHK MOM:0% RANGE:0% UP:0% SPREAD:0.00729075% BID:1.3716 ASK:1.3717 MID:1.37164999 P1:1.37164999 P2:1.37164999 P3:1.37164999 P4:1.37164999 STATE:IDLE
[2026-05-01T02:04:44+02:00] CHK MOM:0% RANGE:0% UP:0% SPREAD:0.00729075% BID:1.3716 ASK:1.3717 MID:1.37164999 P1:1.37164999 P2:1.37164999 P3:1.37164999 P4:1.37164999 STATE:IDLE
[2026-05-01T02:04:45+02:00] CHK MOM:0% RANGE:0% UP:0% SPREAD:0.00729075% BID:1.3716 ASK:1.3717 MID:1.37164999 P1:1.37164999 P2:1.37164999 P3:1.37164999 P4:1.37164999 STATE:IDLE
[2026-05-01T02:04:45+02:00] CHK MOM:0% RANGE:0% UP:0% SPREAD:0.00729075% BID:1.3716 ASK:1.3717 MID:1.37164999 P1:1.37164999 P2:1.37164999 P3:1.37164999 P4:1.37164999 STATE:IDLE
[2026-05-01T02:04:46+02:00] CHK MOM:0% RANGE:0% UP:0% SPREAD:0.00729075% BID:1.3716 ASK:1.3717 MID:1.37164999 P1:1.37164999 P2:1.37164999 P3:1.37164999 P4:1.37164999 STATE:IDLE
[2026-05-01T02:04:46+02:00] CHK MOM:0% RANGE:0% UP:0% SPREAD:0.00729075% BID:1.3716 ASK:1.3717 MID:1.37164999 P1:1.37164999 P2:1.37164999 P3:1.37164999 P4:1.37164999 STATE:IDLE
[2026-05-01T02:04:47+02:00] CHK MOM:-0.01% RANGE:0.01% UP:0% SPREAD:0.00729128% BID:1.3715 ASK:1.3716 MID:1.37155 P1:1.37155 P2:1.37164999 P3:1.37164999 P4:1.37164999 STATE:IDLE
[2026-05-01T02:04:47+02:00] CHK MOM:-0.01% RANGE:0.01% UP:0% SPREAD:0.00729128% BID:1.3715 ASK:1.3716 MID:1.37155 P1:1.37155 P2:1.37164999 P3:1.37164999 P4:1.37164999 STATE:IDLE
[2026-05-01T02:04:48+02:00] CHK MOM:-0.01% RANGE:0.01% UP:0% SPREAD:0.00729128% BID:1.3715 ASK:1.3716 MID:1.37155 P1:1.37155 P2:1.37164999 P3:1.37164999 P4:1.37164999 STATE:IDLE
[2026-05-01T02:04:48+02:00] CHK MOM:-0.01% RANGE:0.01% UP:0% SPREAD:0.00729128% BID:1.3715 ASK:1.3716 MID:1.37155 P1:1.37155 P2:1.37164999 P3:1.37164999 P4:1.37164999 STATE:IDLE
[2026-05-01T02:04:49+02:00] CHK MOM:-0.01% RANGE:0.01% UP:0% SPREAD:0.00729128% BID:1.3715 ASK:1.3716 MID:1.37155 P1:1.37155 P2:1.37164999 P3:1.37164999 P4:1.37164999 STATE:IDLE
[2026-05-01T02:04:49+02:00] CHK MOM:-0.01% RANGE:0.01% UP:0% SPREAD:0.00729128% BID:1.3715 ASK:1.3716 MID:1.37155 P1:1.37155 P2:1.37155 P3:1.37164999 P4:1.37164999 STATE:IDLE
[2026-05-01T02:04:50+02:00] CHK MOM:-0.01% RANGE:0.01% UP:0% SPREAD:0.00729128% BID:1.3715 ASK:1.3716 MID:1.37155 P1:1.37155 P2:1.37155 P3:1.37155 P4:1.37164999 STATE:IDLE
[2026-05-01T02:04:51+02:00] CHK MOM:-0.01% RANGE:0.01% UP:0% SPREAD:0.00729128% BID:1.3715 ASK:1.3716 MID:1.37155 P1:1.37155 P2:1.37155 P3:1.37155 P4:1.37155 STATE:IDLE
[2026-05-01T02:04:51+02:00] CHK MOM:-0.01% RANGE:0.01% UP:0% SPREAD:0.00729128% BID:1.3715 ASK:1.3716 MID:1.37155 P1:1.37155 P2:1.37155 P3:1.37155 P4:1.37155 STATE:IDLE
[2026-05-01T02:04:52+02:00] CHK MOM:-0.01% RANGE:0.01% UP:0% SPREAD:0.00729128% BID:1.3715 ASK:1.3716 MID:1.37155 P1:1.37155 P2:1.37155 P3:1.37155 P4:1.37155 STATE:IDLE
[2026-05-01T02:04:52+02:00] CHK MOM:-0.01% RANGE:0.01% UP:0% SPREAD:0.00729128% BID:1.3715 ASK:1.3716 MID:1.37155 P1:1.37155 P2:1.37155 P3:1.37155 P4:1.37155 STATE:IDLE
[2026-05-01T02:04:53+02:00] CHK MOM:-0.01% RANGE:0.01% UP:0% SPREAD:0.00729128% BID:1.3715 ASK:1.3716 MID:1.37155 P1:1.37155 P2:1.37155 P3:1.37155 P4:1.37155 STATE:IDLE
[2026-05-01T02:04:53+02:00] CHK MOM:-0.01% RANGE:0.01% UP:0% SPREAD:0.00729128% BID:1.3715 ASK:1.3716 MID:1.37155 P1:1.37155 P2:1.37155 P3:1.37155 P4:1.37155 STATE:IDLE
[2026-05-01T02:04:54+02:00] CHK MOM:-0.01% RANGE:0.01% UP:0% SPREAD:0.00729128% BID:1.3715 ASK:1.3716 MID:1.37155 P1:1.37155 P2:1.37155 P3:1.37155 P4:1.37155 STATE:IDLE
[2026-05-01T02:04:54+02:00] CHK MOM:-0.01% RANGE:0.01% UP:0% SPREAD:0.00729128% BID:1.3715 ASK:1.3716 MID:1.37155 P1:1.37155 P2:1.37155 P3:1.37155 P4:1.37155 STATE:IDLE
[2026-05-01T02:04:55+02:00] CHK MOM:-0.01% RANGE:0.01% UP:0% SPREAD:0.00729128% BID:1.3715 ASK:1.3716 MID:1.37155 P1:1.37155 P2:1.37155 P3:1.37155 P4:1.37155 STATE:IDLE
[2026-05-01T02:04:56+02:00] CHK MOM:-0.01% RANGE:0.01% UP:0% SPREAD:0.00729128% BID:1.3715 ASK:1.3716 MID:1.37155 P1:1.37155 P2:1.37155 P3:1.37155 P4:1.37155 STATE:IDLE
[2026-05-01T02:04:56+02:00] CHK MOM:-0.01% RANGE:0.01% UP:0% SPREAD:0.00729128% BID:1.3715 ASK:1.3716 MID:1.37155 P1:1.37155 P2:1.37155 P3:1.37155 P4:1.37155 STATE:IDLE
[2026-05-01T02:04:57+02:00] CHK MOM:-0.01% RANGE:0.01% UP:0% SPREAD:0.00729128% BID:1.3715 ASK:1.3716 MID:1.37155 P1:1.37155 P2:1.37155 P3:1.37155 P4:1.37155 STATE:IDLE
[2026-05-01T02:04:57+02:00] CHK MOM:-0.01% RANGE:0.01% UP:0% SPREAD:0.00729128% BID:1.3715 ASK:1.3716 MID:1.37155 P1:1.37155 P2:1.37155 P3:1.37155 P4:1.37155 STATE:IDLE
[2026-05-01T02:04:58+02:00] CHK MOM:-0.01% RANGE:0.01% UP:0% SPREAD:0.00729128% BID:1.3715 ASK:1.3716 MID:1.37155 P1:1.37155 P2:1.37155 P3:1.37155 P4:1.37155 STATE:IDLE
[2026-05-01T02:04:58+02:00] CHK MOM:-0.01% RANGE:0.01% UP:0% SPREAD:0.00729128% BID:1.3715 ASK:1.3716 MID:1.37155 P1:1.37155 P2:1.37155 P3:1.37155 P4:1.37155 STATE:IDLE
[2026-05-01T02:04:59+02:00] CHK MOM:0% RANGE:0% UP:0% SPREAD:0.00729128% BID:1.3715 ASK:1.3716 MID:1.37155 P1:1.37155 P2:1.37155 P3:1.37155 P4:1.37155 STATE:IDLE
[2026-05-01T02:04:59+02:00] CHK MOM:0% RANGE:0% UP:0% SPREAD:0.00729128% BID:1.3715 ASK:1.3716 MID:1.37155 P1:1.37155 P2:1.37155 P3:1.37155 P4:1.37155 STATE:IDLE
[2026-05-01T02:05:00+02:00] CHK MOM:-0.01% RANGE:0.01% UP:0% SPREAD:0.00729181% BID:1.3714 ASK:1.3715 MID:1.37144999 P1:1.37144999 P2:1.37155 P3:1.37155 P4:1.37155 STATE:IDLE
[2026-05-01T02:05:01+02:00] CHK MOM:-0.01% RANGE:0.01% UP:0% SPREAD:0.00729181% BID:1.3714 ASK:1.3715 MID:1.37144999 P1:1.37144999 P2:1.37144999 P3:1.37155 P4:1.37155 STATE:IDLE
[2026-05-01T02:05:01+02:00] CHK MOM:0% RANGE:0% UP:0% SPREAD:0.00729181% BID:1.3714 ASK:1.3715 MID:1.37144999 P1:1.37144999 P2:1.37144999 P3:1.37144999 P4:1.37155 STATE:IDLE
[2026-05-01T02:05:02+02:00] CHK MOM:0% RANGE:0% UP:0% SPREAD:0.00729181% BID:1.3714 ASK:1.3715 MID:1.37144999 P1:1.37144999 P2:1.37144999 P3:1.37144999 P4:1.37144999 STATE:IDLE
[2026-05-01T02:05:02+02:00] CHK MOM:0% RANGE:0% UP:0% SPREAD:0.00729181% BID:1.3714 ASK:1.3715 MID:1.37144999 P1:1.37144999 P2:1.37144999 P3:1.37144999 P4:1.37144999 STATE:IDLE
[2026-05-01T02:05:03+02:00] CHK MOM:0% RANGE:0% UP:0% SPREAD:0.00729181% BID:1.3714 ASK:1.3715 MID:1.37144999 P1:1.37144999 P2:1.37144999 P3:1.37144999 P4:1.37144999 STATE:IDLE
[2026-05-01T02:05:03+02:00] CHK MOM:0% RANGE:0% UP:0% SPREAD:0.00729181% BID:1.3714 ASK:1.3715 MID:1.37144999 P1:1.37144999 P2:1.37144999 P3:1.37144999 P4:1.37144999 STATE:IDLE
[2026-05-01T02:05:04+02:00] CHK MOM:0% RANGE:0% UP:0% SPREAD:0.00729181% BID:1.3714 ASK:1.3715 MID:1.37144999 P1:1.37144999 P2:1.37144999 P3:1.37144999 P4:1.37144999 STATE:IDLE
[2026-05-01T02:05:04+02:00] CHK MOM:0% RANGE:0% UP:0% SPREAD:0.00729181% BID:1.3714 ASK:1.3715 MID:1.37144999 P1:1.37144999 P2:1.37144999 P3:1.37144999 P4:1.37144999 STATE:IDLE
[2026-05-01T02:05:05+02:00] CHK MOM:0% RANGE:0% UP:0% SPREAD:0.00729181% BID:1.3714 ASK:1.3715 MID:1.37144999 P1:1.37144999 P2:1.37144999 P3:1.37144999 P4:1.37144999 STATE:IDLE
[2026-05-01T02:05:06+02:00] CHK MOM:0% RANGE:0% UP:0% SPREAD:0.00729181% BID:1.3714 ASK:1.3715 MID:1.37144999 P1:1.37144999 P2:1.37144999 P3:1.37144999 P4:1.37144999 STATE:IDLE
[2026-05-01T02:05:06+02:00] CHK MOM:0% RANGE:0% UP:0% SPREAD:0.00729181% BID:1.3714 ASK:1.3715 MID:1.37144999 P1:1.37144999 P2:1.37144999 P3:1.37144999 P4:1.37144999 STATE:IDLE
[2026-05-01T02:05:07+02:00] CHK MOM:0% RANGE:0% UP:0% SPREAD:0.00729181% BID:1.3714 ASK:1.3715 MID:1.37144999 P1:1.37144999 P2:1.37144999 P3:1.37144999 P4:1.37144999 STATE:IDLE
[2026-05-01T02:05:07+02:00] CHK MOM:0% RANGE:0% UP:0% SPREAD:0.00729181% BID:1.3714 ASK:1.3715 MID:1.37144999 P1:1.37144999 P2:1.37144999 P3:1.37144999 P4:1.37144999 STATE:IDLE
[2026-05-01T02:05:08+02:00] CHK MOM:0% RANGE:0% UP:0% SPREAD:0.00729181% BID:1.3714 ASK:1.3715 MID:1.37144999 P1:1.37144999 P2:1.37144999 P3:1.37144999 P4:1.37144999 STATE:IDLE
[2026-05-01T02:05:08+02:00] CHK MOM:-0.02% RANGE:0.02% UP:0% SPREAD:0.00729288% BID:1.3712 ASK:1.3713 MID:1.37124999 P1:1.37124999 P2:1.37144999 P3:1.37144999 P4:1.37144999 STATE:IDLE
[2026-05-01T02:05:09+02:00] CHK MOM:-0.04% RANGE:0.04% UP:0% SPREAD:0.00729447% BID:1.3709 ASK:1.371 MID:1.37095 P1:1.37095 P2:1.37124999 P3:1.37144999 P4:1.37144999 STATE:IDLE
[2026-05-01T02:05:09+02:00] CHK MOM:-0.04% RANGE:0.04% UP:0% SPREAD:0.00729447% BID:1.3709 ASK:1.371 MID:1.37095 P1:1.37095 P2:1.37095 P3:1.37124999 P4:1.37144999 STATE:IDLE
[2026-05-01T02:05:10+02:00] CHK MOM:-0.04% RANGE:0.04% UP:0% SPREAD:0.00729447% BID:1.3709 ASK:1.371 MID:1.37095 P1:1.37095 P2:1.37095 P3:1.37095 P4:1.37124999 STATE:IDLE
[2026-05-01T02:05:10+02:00] CHK MOM:-0.04% RANGE:0.04% UP:0% SPREAD:0.00729447% BID:1.3709 ASK:1.371 MID:1.37095 P1:1.37095 P2:1.37095 P3:1.37095 P4:1.37095 STATE:IDLE
[2026-05-01T02:05:11+02:00] CHK MOM:-0.04% RANGE:0.04% UP:0% SPREAD:0.00729447% BID:1.3709 ASK:1.371 MID:1.37095 P1:1.37095 P2:1.37095 P3:1.37095 P4:1.37095 STATE:IDLE
[2026-05-01T02:05:12+02:00] CHK MOM:-0.04% RANGE:0.04% UP:0% SPREAD:0.00729447% BID:1.3709 ASK:1.371 MID:1.37095 P1:1.37095 P2:1.37095 P3:1.37095 P4:1.37095 STATE:IDLE
[2026-05-01T02:05:12+02:00] CHK MOM:-0.04% RANGE:0.04% UP:0% SPREAD:0.00729447% BID:1.3709 ASK:1.371 MID:1.37095 P1:1.37095 P2:1.37095 P3:1.37095 P4:1.37095 STATE:IDLE
[2026-05-01T02:05:13+02:00] CHK MOM:-0.05% RANGE:0.05% UP:0% SPREAD:0.00729501% BID:1.3708 ASK:1.3709 MID:1.37085 P1:1.37085 P2:1.37095 P3:1.37095 P4:1.37095 STATE:IDLE
[2026-05-01T02:05:13+02:00] CHK MOM:-0.05% RANGE:0.05% UP:0% SPREAD:0.00729501% BID:1.3708 ASK:1.3709 MID:1.37085 P1:1.37085 P2:1.37085 P3:1.37095 P4:1.37095 STATE:IDLE
[2026-05-01T02:05:14+02:00] CHK MOM:-0.05% RANGE:0.05% UP:0% SPREAD:0.00729501% BID:1.3708 ASK:1.3709 MID:1.37085 P1:1.37085 P2:1.37085 P3:1.37085 P4:1.37095 STATE:IDLE
[2026-05-01T02:05:14+02:00] CHK MOM:-0.05% RANGE:0.05% UP:0% SPREAD:0.00729501% BID:1.3708 ASK:1.3709 MID:1.37085 P1:1.37085 P2:1.37085 P3:1.37085 P4:1.37085 STATE:IDLE
[2026-05-01T02:05:15+02:00] CHK MOM:-0.05% RANGE:0.05% UP:0% SPREAD:0.00729501% BID:1.3708 ASK:1.3709 MID:1.37085 P1:1.37085 P2:1.37085 P3:1.37085 P4:1.37085 STATE:IDLE
[2026-05-01T02:05:15+02:00] CHK MOM:-0.05% RANGE:0.05% UP:0% SPREAD:0.00729554% BID:1.3707 ASK:1.3708 MID:1.37075 P1:1.37075 P2:1.37085 P3:1.37085 P4:1.37085 STATE:IDLE
[2026-05-01T02:05:16+02:00] CHK MOM:-0.05% RANGE:0.05% UP:0% SPREAD:0.00729554% BID:1.3707 ASK:1.3708 MID:1.37075 P1:1.37075 P2:1.37075 P3:1.37085 P4:1.37085 STATE:IDLE
[2026-05-01T02:05:17+02:00] CHK MOM:-0.05% RANGE:0.05% UP:0% SPREAD:0.00729554% BID:1.3707 ASK:1.3708 MID:1.37075 P1:1.37075 P2:1.37075 P3:1.37075 P4:1.37085 STATE:IDLE
[2026-05-01T02:05:17+02:00] CHK MOM:-0.04% RANGE:0.05% UP:4.34% SPREAD:0.00729501% BID:1.3708 ASK:1.3709 MID:1.37085 P1:1.37085 P2:1.37075 P3:1.37075 P4:1.37075 STATE:IDLE
[2026-05-01T02:05:18+02:00] CHK MOM:-0.04% RANGE:0.05% UP:4.34% SPREAD:0.00729501% BID:1.3708 ASK:1.3709 MID:1.37085 P1:1.37085 P2:1.37075 P3:1.37075 P4:1.37075 STATE:IDLE
[2026-05-01T02:05:18+02:00] CHK MOM:-0.04% RANGE:0.05% UP:4.54% SPREAD:0.00729501% BID:1.3708 ASK:1.3709 MID:1.37085 P1:1.37085 P2:1.37085 P3:1.37075 P4:1.37075 STATE:IDLE
[2026-05-01T02:05:19+02:00] CHK MOM:-0.04% RANGE:0.05% UP:4.54% SPREAD:0.00729501% BID:1.3708 ASK:1.3709 MID:1.37085 P1:1.37085 P2:1.37085 P3:1.37075 P4:1.37075 STATE:IDLE
[2026-05-01T02:05:19+02:00] CHK MOM:-0.04% RANGE:0.05% UP:4.54% SPREAD:0.00729501% BID:1.3708 ASK:1.3709 MID:1.37085 P1:1.37085 P2:1.37085 P3:1.37075 P4:1.37075 STATE:IDLE
[2026-05-01T02:05:20+02:00] CHK MOM:-0.04% RANGE:0.05% UP:5% SPREAD:0.00729501% BID:1.3708 ASK:1.3709 MID:1.37085 P1:1.37085 P2:1.37085 P3:1.37085 P4:1.37075 STATE:IDLE
[2026-05-01T02:05:20+02:00] CHK MOM:-0.04% RANGE:0.05% UP:5% SPREAD:0.00729501% BID:1.3708 ASK:1.3709 MID:1.37085 P1:1.37085 P2:1.37085 P3:1.37085 P4:1.37075 STATE:IDLE
[2026-05-01T02:05:21+02:00] CHK MOM:-0.04% RANGE:0.05% UP:5% SPREAD:0.00729501% BID:1.3708 ASK:1.3709 MID:1.37085 P1:1.37085 P2:1.37085 P3:1.37085 P4:1.37075 STATE:IDLE
[2026-05-01T02:05:21+02:00] CHK MOM:-0.04% RANGE:0.05% UP:4.76% SPREAD:0.00729501% BID:1.3708 ASK:1.3709 MID:1.37085 P1:1.37085 P2:1.37085 P3:1.37085 P4:1.37085 STATE:IDLE
[2026-05-01T02:05:22+02:00] CHK MOM:-0.04% RANGE:0.05% UP:4.76% SPREAD:0.00729501% BID:1.3708 ASK:1.3709 MID:1.37085 P1:1.37085 P2:1.37085 P3:1.37085 P4:1.37085 STATE:IDLE
[2026-05-01T02:05:23+02:00] CHK MOM:-0.04% RANGE:0.05% UP:5% SPREAD:0.00729501% BID:1.3708 ASK:1.3709 MID:1.37085 P1:1.37085 P2:1.37085 P3:1.37085 P4:1.37085 STATE:IDLE
[2026-05-01T02:05:23+02:00] CHK MOM:-0.02% RANGE:0.03% UP:5% SPREAD:0.00729501% BID:1.3708 ASK:1.3709 MID:1.37085 P1:1.37085 P2:1.37085 P3:1.37085 P4:1.37085 STATE:IDLE
[2026-05-01T02:05:24+02:00] CHK MOM:-0.02% RANGE:0.03% UP:4.76% SPREAD:0.00729501% BID:1.3708 ASK:1.3709 MID:1.37085 P1:1.37085 P2:1.37085 P3:1.37085 P4:1.37085 STATE:IDLE
[2026-05-01T02:05:24+02:00] CHK MOM:-0.02% RANGE:0.03% UP:4.76% SPREAD:0.00729501% BID:1.3708 ASK:1.3709 MID:1.37085 P1:1.37085 P2:1.37085 P3:1.37085 P4:1.37085 STATE:IDLE
[2026-05-01T02:05:25+02:00] CHK MOM:-0.02% RANGE:0.03% UP:4.76% SPREAD:0.00729501% BID:1.3708 ASK:1.3709 MID:1.37085 P1:1.37085 P2:1.37085 P3:1.37085 P4:1.37085 STATE:IDLE
[2026-05-01T02:05:25+02:00] CHK MOM:-0.02% RANGE:0.03% UP:4.76% SPREAD:0.00729501% BID:1.3708 ASK:1.3709 MID:1.37085 P1:1.37085 P2:1.37085 P3:1.37085 P4:1.37085 STATE:IDLE
[2026-05-01T02:05:26+02:00] CHK MOM:-0.02% RANGE:0.03% UP:4.76% SPREAD:0.00729501% BID:1.3708 ASK:1.3709 MID:1.37085 P1:1.37085 P2:1.37085 P3:1.37085 P4:1.37085 STATE:IDLE
[2026-05-01T02:05:26+02:00] CHK MOM:-0.02% RANGE:0.03% UP:4.76% SPREAD:0.00729501% BID:1.3708 ASK:1.3709 MID:1.37085 P1:1.37085 P2:1.37085 P3:1.37085 P4:1.37085 STATE:IDLE
[2026-05-01T02:05:30+02:00] CHK MOM:0% RANGE:0% UP:6.66% SPREAD:0.00729501% BID:1.3708 ASK:1.3709 MID:1.37085 P1:1.37085 P2:1.37085 P3:1.37085 P4:1.37085 STATE:IDLE
[2026-05-01T02:05:30+02:00] CHK MOM:0% RANGE:0% UP:7.14% SPREAD:0.00729501% BID:1.3708 ASK:1.3709 MID:1.37085 P1:1.37085 P2:1.37085 P3:1.37085 P4:1.37085 STATE:IDLE
[2026-05-01T02:05:31+02:00] CHK MOM:0% RANGE:0% UP:7.14% SPREAD:0.00729501% BID:1.3708 ASK:1.3709 MID:1.37085 P1:1.37085 P2:1.37085 P3:1.37085 P4:1.37085 STATE:IDLE
[2026-05-01T02:05:31+02:00] CHK MOM:0% RANGE:0% UP:7.14% SPREAD:0.00729501% BID:1.3708 ASK:1.3709 MID:1.37085 P1:1.37085 P2:1.37085 P3:1.37085 P4:1.37085 STATE:IDLE
[2026-05-01T02:05:32+02:00] CHK MOM:0% RANGE:0% UP:7.14% SPREAD:0.00729501% BID:1.3708 ASK:1.3709 MID:1.37085 P1:1.37085 P2:1.37085 P3:1.37085 P4:1.37085 STATE:IDLE
[2026-05-01T02:05:32+02:00] CHK MOM:0% RANGE:0% UP:7.14% SPREAD:0.00729501% BID:1.3708 ASK:1.3709 MID:1.37085 P1:1.37085 P2:1.37085 P3:1.37085 P4:1.37085 STATE:IDLE
[2026-05-01T02:05:33+02:00] CHK MOM:0% RANGE:0% UP:0% SPREAD:0.00729501% BID:1.3708 ASK:1.3709 MID:1.37085 P1:1.37085 P2:1.37085 P3:1.37085 P4:1.37085 STATE:IDLE
[2026-05-01T02:05:33+02:00] CHK MOM:0% RANGE:0% UP:0% SPREAD:0.00729501% BID:1.3708 ASK:1.3709 MID:1.37085 P1:1.37085 P2:1.37085 P3:1.37085 P4:1.37085 STATE:IDLE
[2026-05-01T02:05:35+02:00] CHK MOM:0% RANGE:0% UP:0% SPREAD:0.00729501% BID:1.3708 ASK:1.3709 MID:1.37085 P1:1.37085 P2:1.37085 P3:1.37085 P4:1.37085 STATE:IDLE
[2026-05-01T02:05:35+02:00] CHK MOM:0% RANGE:0% UP:12.5% SPREAD:0.00729447% BID:1.3709 ASK:1.371 MID:1.37095 P1:1.37095 P2:1.37085 P3:1.37085 P4:1.37085 STATE:IDLE
[2026-05-01T02:05:36+02:00] CHK MOM:0% RANGE:0% UP:11.11% SPREAD:0.00729447% BID:1.3709 ASK:1.371 MID:1.37095 P1:1.37095 P2:1.37095 P3:1.37085 P4:1.37085 STATE:IDLE
[2026-05-01T02:05:36+02:00] CHK MOM:0% RANGE:0% UP:11.11% SPREAD:0.00729447% BID:1.3709 ASK:1.371 MID:1.37095 P1:1.37095 P2:1.37095 P3:1.37095 P4:1.37085 STATE:IDLE
[2026-05-01T02:05:37+02:00] CHK MOM:0% RANGE:0% UP:10% SPREAD:0.00729447% BID:1.3709 ASK:1.371 MID:1.37095 P1:1.37095 P2:1.37095 P3:1.37095 P4:1.37095 STATE:IDLE
[2026-05-01T02:05:37+02:00] CHK MOM:0% RANGE:0% UP:9.09% SPREAD:0.00729447% BID:1.3709 ASK:1.371 MID:1.37095 P1:1.37095 P2:1.37095 P3:1.37095 P4:1.37095 STATE:IDLE
[2026-05-01T02:05:38+02:00] CHK MOM:0% RANGE:0% UP:9.09% SPREAD:0.00729447% BID:1.3709 ASK:1.371 MID:1.37095 P1:1.37095 P2:1.37095 P3:1.37095 P4:1.37095 STATE:IDLE
[2026-05-01T02:05:38+02:00] CHK MOM:0% RANGE:0% UP:9.09% SPREAD:0.00729447% BID:1.3709 ASK:1.371 MID:1.37095 P1:1.37095 P2:1.37095 P3:1.37095 P4:1.37095 STATE:IDLE
[2026-05-01T02:05:39+02:00] CHK MOM:0% RANGE:0% UP:10% SPREAD:0.00729447% BID:1.3709 ASK:1.371 MID:1.37095 P1:1.37095 P2:1.37095 P3:1.37095 P4:1.37095 STATE:IDLE
[2026-05-01T02:05:40+02:00] CHK MOM:0% RANGE:0% UP:9.09% SPREAD:0.00729447% BID:1.3709 ASK:1.371 MID:1.37095 P1:1.37095 P2:1.37095 P3:1.37095 P4:1.37095 STATE:IDLE
[2026-05-01T02:05:40+02:00] CHK MOM:0% RANGE:0% UP:9.09% SPREAD:0.00729447% BID:1.3709 ASK:1.371 MID:1.37095 P1:1.37095 P2:1.37095 P3:1.37095 P4:1.37095 STATE:IDLE
[2026-05-01T02:05:41+02:00] CHK MOM:0% RANGE:0% UP:9.09% SPREAD:0.00729447% BID:1.3709 ASK:1.371 MID:1.37095 P1:1.37095 P2:1.37095 P3:1.37095 P4:1.37095 STATE:IDLE
[2026-05-01T02:05:41+02:00] CHK MOM:0% RANGE:0% UP:9.09% SPREAD:0.00729447% BID:1.3709 ASK:1.371 MID:1.37095 P1:1.37095 P2:1.37095 P3:1.37095 P4:1.37095 STATE:IDLE
[2026-05-01T02:05:42+02:00] CHK MOM:0% RANGE:0% UP:9.09% SPREAD:0.00729447% BID:1.3709 ASK:1.371 MID:1.37095 P1:1.37095 P2:1.37095 P3:1.37095 P4:1.37095 STATE:IDLE
[2026-05-01T02:05:42+02:00] CHK MOM:0% RANGE:0% UP:9.09% SPREAD:0.00729447% BID:1.3709 ASK:1.371 MID:1.37095 P1:1.37095 P2:1.37095 P3:1.37095 P4:1.37095 STATE:IDLE
[2026-05-01T02:05:43+02:00] CHK MOM:0% RANGE:0% UP:9.09% SPREAD:0.00729447% BID:1.3709 ASK:1.371 MID:1.37095 P1:1.37095 P2:1.37095 P3:1.37095 P4:1.37095 STATE:IDLE
[2026-05-01T02:05:43+02:00] CHK MOM:0% RANGE:0% UP:9.09% SPREAD:0.00729447% BID:1.3709 ASK:1.371 MID:1.37095 P1:1.37095 P2:1.37095 P3:1.37095 P4:1.37095 STATE:IDLE
[2026-05-01T02:05:44+02:00] CHK MOM:0% RANGE:0% UP:8.33% SPREAD:0.00729447% BID:1.3709 ASK:1.371 MID:1.37095 P1:1.37095 P2:1.37095 P3:1.37095 P4:1.37095 STATE:IDLE
[2026-05-01T02:05:44+02:00] CHK MOM:0% RANGE:0% UP:8.33% SPREAD:0.00729447% BID:1.3709 ASK:1.371 MID:1.37095 P1:1.37095 P2:1.37095 P3:1.37095 P4:1.37095 STATE:IDLE
[2026-05-01T02:05:45+02:00] CHK MOM:0% RANGE:0% UP:8.33% SPREAD:0.00729447% BID:1.3709 ASK:1.371 MID:1.37095 P1:1.37095 P2:1.37095 P3:1.37095 P4:1.37095 STATE:IDLE
[2026-05-01T02:05:46+02:00] CHK MOM:0% RANGE:0% UP:8.33% SPREAD:0.00729447% BID:1.3709 ASK:1.371 MID:1.37095 P1:1.37095 P2:1.37095 P3:1.37095 P4:1.37095 STATE:IDLE
[2026-05-01T02:05:46+02:00] CHK MOM:0% RANGE:0% UP:8.33% SPREAD:0.00729447% BID:1.3709 ASK:1.371 MID:1.37095 P1:1.37095 P2:1.37095 P3:1.37095 P4:1.37095 STATE:IDLE
[2026-05-01T02:05:47+02:00] CHK MOM:0% RANGE:0% UP:8.33% SPREAD:0.00729447% BID:1.3709 ASK:1.371 MID:1.37095 P1:1.37095 P2:1.37095 P3:1.37095 P4:1.37095 STATE:IDLE
[2026-05-01T02:05:47+02:00] CHK MOM:0% RANGE:0% UP:7.69% SPREAD:0.00729447% BID:1.3709 ASK:1.371 MID:1.37095 P1:1.37095 P2:1.37095 P3:1.37095 P4:1.37095 STATE:IDLE
[2026-05-01T02:05:48+02:00] CHK MOM:0% RANGE:0% UP:7.69% SPREAD:0.00729447% BID:1.3709 ASK:1.371 MID:1.37095 P1:1.37095 P2:1.37095 P3:1.37095 P4:1.37095 STATE:IDLE
[2026-05-01T02:05:48+02:00] CHK MOM:0% RANGE:0% UP:7.69% SPREAD:0.00729447% BID:1.3709 ASK:1.371 MID:1.37095 P1:1.37095 P2:1.37095 P3:1.37095 P4:1.37095 STATE:IDLE
[2026-05-01T02:05:49+02:00] CHK MOM:0% RANGE:0% UP:7.14% SPREAD:0.00729447% BID:1.3709 ASK:1.371 MID:1.37095 P1:1.37095 P2:1.37095 P3:1.37095 P4:1.37095 STATE:IDLE
[2026-05-01T02:05:49+02:00] CHK MOM:0% RANGE:0% UP:0% SPREAD:0.00729447% BID:1.3709 ASK:1.371 MID:1.37095 P1:1.37095 P2:1.37095 P3:1.37095 P4:1.37095 STATE:IDLE
[2026-05-01T02:05:50+02:00] CHK MOM:0% RANGE:0% UP:0% SPREAD:0.00729447% BID:1.3709 ASK:1.371 MID:1.37095 P1:1.37095 P2:1.37095 P3:1.37095 P4:1.37095 STATE:IDLE
[2026-05-01T02:05:51+02:00] CHK MOM:0% RANGE:0% UP:0% SPREAD:0.00729447% BID:1.3709 ASK:1.371 MID:1.37095 P1:1.37095 P2:1.37095 P3:1.37095 P4:1.37095 STATE:IDLE
[2026-05-01T02:05:51+02:00] CHK MOM:0% RANGE:0% UP:0% SPREAD:0.00729447% BID:1.3709 ASK:1.371 MID:1.37095 P1:1.37095 P2:1.37095 P3:1.37095 P4:1.37095 STATE:IDLE
[2026-05-01T02:05:52+02:00] CHK MOM:0% RANGE:0% UP:0% SPREAD:0.00729447% BID:1.3709 ASK:1.371 MID:1.37095 P1:1.37095 P2:1.37095 P3:1.37095 P4:1.37095 STATE:IDLE
[2026-05-01T02:05:52+02:00] CHK MOM:0% RANGE:0% UP:0% SPREAD:0.00729447% BID:1.3709 ASK:1.371 MID:1.37095 P1:1.37095 P2:1.37095 P3:1.37095 P4:1.37095 STATE:IDLE
[2026-05-01T02:05:53+02:00] CHK MOM:0% RANGE:0% UP:0% SPREAD:0.00729447% BID:1.3709 ASK:1.371 MID:1.37095 P1:1.37095 P2:1.37095 P3:1.37095 P4:1.37095 STATE:IDLE
[2026-05-01T02:05:53+02:00] CHK MOM:0% RANGE:0% UP:0% SPREAD:0.00729447% BID:1.3709 ASK:1.371 MID:1.37095 P1:1.37095 P2:1.37095 P3:1.37095 P4:1.37095 STATE:IDLE
[2026-05-01T02:05:54+02:00] CHK MOM:0% RANGE:0% UP:0% SPREAD:0.00729447% BID:1.3709 ASK:1.371 MID:1.37095 P1:1.37095 P2:1.37095 P3:1.37095 P4:1.37095 STATE:IDLE
[2026-05-01T02:05:54+02:00] CHK MOM:0% RANGE:0% UP:0% SPREAD:0.00729447% BID:1.3709 ASK:1.371 MID:1.37095 P1:1.37095 P2:1.37095 P3:1.37095 P4:1.37095 STATE:IDLE
[2026-05-01T02:05:55+02:00] CHK MOM:0% RANGE:0% UP:0% SPREAD:0.00729447% BID:1.3709 ASK:1.371 MID:1.37095 P1:1.37095 P2:1.37095 P3:1.37095 P4:1.37095 STATE:IDLE
[2026-05-01T02:05:55+02:00] CHK MOM:0% RANGE:0% UP:0% SPREAD:0.00729447% BID:1.3709 ASK:1.371 MID:1.37095 P1:1.37095 P2:1.37095 P3:1.37095 P4:1.37095 STATE:IDLE
[2026-05-01T02:05:56+02:00] CHK MOM:0% RANGE:0% UP:0% SPREAD:0.00729447% BID:1.3709 ASK:1.371 MID:1.37095 P1:1.37095 P2:1.37095 P3:1.37095 P4:1.37095 STATE:IDLE
[2026-05-01T02:05:57+02:00] CHK MOM:0% RANGE:0% UP:0% SPREAD:0.00729447% BID:1.3709 ASK:1.371 MID:1.37095 P1:1.37095 P2:1.37095 P3:1.37095 P4:1.37095 STATE:IDLE
[2026-05-01T02:05:57+02:00] CHK MOM:0% RANGE:0% UP:0% SPREAD:0.00729447% BID:1.3709 ASK:1.371 MID:1.37095 P1:1.37095 P2:1.37095 P3:1.37095 P4:1.37095 STATE:IDLE
[2026-05-01T02:05:58+02:00] CHK MOM:0% RANGE:0% UP:0% SPREAD:0.00729447% BID:1.3709 ASK:1.371 MID:1.37095 P1:1.37095 P2:1.37095 P3:1.37095 P4:1.37095 STATE:IDLE
[2026-05-01T02:05:58+02:00] CHK MOM:0% RANGE:0% UP:0% SPREAD:0.00729447% BID:1.3709 ASK:1.371 MID:1.37095 P1:1.37095 P2:1.37095 P3:1.37095 P4:1.37095 STATE:IDLE
[2026-05-01T02:05:59+02:00] CHK MOM:0% RANGE:0% UP:0% SPREAD:0.00729447% BID:1.3709 ASK:1.371 MID:1.37095 P1:1.37095 P2:1.37095 P3:1.37095 P4:1.37095 STATE:IDLE
[2026-05-01T02:06:02+02:00] CHK MOM:0% RANGE:0% UP:0% SPREAD:0.00729447% BID:1.3709 ASK:1.371 MID:1.37095 P1:1.37095 P2:1.37095 P3:1.37095 P4:1.37095 STATE:IDLE
[2026-05-01T02:06:03+02:00] CHK MOM:0% RANGE:0% UP:0% SPREAD:0.00729501% BID:1.3708 ASK:1.3709 MID:1.37085 P1:1.37085 P2:1.37095 P3:1.37095 P4:1.37095 STATE:IDLE
[2026-05-01T02:06:03+02:00] CHK MOM:0% RANGE:0% UP:0% SPREAD:0.00729501% BID:1.3708 ASK:1.3709 MID:1.37085 P1:1.37085 P2:1.37085 P3:1.37095 P4:1.37095 STATE:IDLE
[2026-05-01T02:06:04+02:00] CHK MOM:0% RANGE:0% UP:0% SPREAD:0.00729501% BID:1.3708 ASK:1.3709 MID:1.37085 P1:1.37085 P2:1.37085 P3:1.37095 P4:1.37095 STATE:IDLE
[2026-05-01T02:06:04+02:00] CHK MOM:0% RANGE:0% UP:0% SPREAD:0.00729501% BID:1.3708 ASK:1.3709 MID:1.37085 P1:1.37085 P2:1.37085 P3:1.37095 P4:1.37095 STATE:IDLE
[2026-05-01T02:06:05+02:00] CHK MOM:0% RANGE:0% UP:9.09% SPREAD:0.00729447% BID:1.3709 ASK:1.371 MID:1.37095 P1:1.37095 P2:1.37085 P3:1.37085 P4:1.37095 STATE:IDLE
[2026-05-01T02:06:05+02:00] CHK MOM:0% RANGE:0% UP:9.09% SPREAD:0.00729447% BID:1.3709 ASK:1.371 MID:1.37095 P1:1.37095 P2:1.37085 P3:1.37085 P4:1.37095 STATE:IDLE
[2026-05-01T02:06:06+02:00] CHK MOM:0% RANGE:0% UP:9.09% SPREAD:0.00729447% BID:1.3709 ASK:1.371 MID:1.37095 P1:1.37095 P2:1.37085 P3:1.37085 P4:1.37095 STATE:IDLE
[2026-05-01T02:06:06+02:00] CHK MOM:0% RANGE:0% UP:9.09% SPREAD:0.00729447% BID:1.3709 ASK:1.371 MID:1.37095 P1:1.37095 P2:1.37085 P3:1.37085 P4:1.37095 STATE:IDLE
[2026-05-01T02:06:07+02:00] CHK MOM:0% RANGE:0% UP:9.09% SPREAD:0.00729447% BID:1.3709 ASK:1.371 MID:1.37095 P1:1.37095 P2:1.37085 P3:1.37085 P4:1.37095 STATE:IDLE
[2026-05-01T02:06:08+02:00] CHK MOM:0% RANGE:0% UP:9.09% SPREAD:0.00729447% BID:1.3709 ASK:1.371 MID:1.37095 P1:1.37095 P2:1.37085 P3:1.37085 P4:1.37095 STATE:IDLE
[2026-05-01T02:06:09+02:00] CHK MOM:0.02% RANGE:0.02% UP:33.33% SPREAD:0.00729288% BID:1.3712 ASK:1.3713 MID:1.37124999 P1:1.37124999 P2:1.37095 P3:1.37085 P4:1.37085 STATE:IDLE
[2026-05-01T02:06:09+02:00] CHK MOM:0.02% RANGE:0.02% UP:28.57% SPREAD:0.00729288% BID:1.3712 ASK:1.3713 MID:1.37124999 P1:1.37124999 P2:1.37124999 P3:1.37095 P4:1.37085 STATE:IDLE
[2026-05-01T02:06:10+02:00] CHK MOM:0.02% RANGE:0.02% UP:28.57% SPREAD:0.00729288% BID:1.3712 ASK:1.3713 MID:1.37124999 P1:1.37124999 P2:1.37124999 P3:1.37095 P4:1.37085 STATE:IDLE
[2026-05-01T02:06:10+02:00] CHK MOM:0.02% RANGE:0.02% UP:28.57% SPREAD:0.00729288% BID:1.3712 ASK:1.3713 MID:1.37124999 P1:1.37124999 P2:1.37124999 P3:1.37095 P4:1.37085 STATE:IDLE
[2026-05-01T02:06:11+02:00] CHK MOM:0.02% RANGE:0.02% UP:28.57% SPREAD:0.00729288% BID:1.3712 ASK:1.3713 MID:1.37124999 P1:1.37124999 P2:1.37124999 P3:1.37095 P4:1.37085 STATE:IDLE
[2026-05-01T02:06:11+02:00] CHK MOM:0.02% RANGE:0.02% UP:28.57% SPREAD:0.00729288% BID:1.3712 ASK:1.3713 MID:1.37124999 P1:1.37124999 P2:1.37124999 P3:1.37124999 P4:1.37095 STATE:IDLE
[2026-05-01T02:06:12+02:00] CHK MOM:0.02% RANGE:0.02% UP:25% SPREAD:0.00729288% BID:1.3712 ASK:1.3713 MID:1.37124999 P1:1.37124999 P2:1.37124999 P3:1.37124999 P4:1.37124999 STATE:IDLE
[2026-05-01T02:06:12+02:00] CHK MOM:0.02% RANGE:0.02% UP:25% SPREAD:0.00729288% BID:1.3712 ASK:1.3713 MID:1.37124999 P1:1.37124999 P2:1.37124999 P3:1.37124999 P4:1.37124999 STATE:IDLE
[2026-05-01T02:06:13+02:00] CHK MOM:0.02% RANGE:0.02% UP:25% SPREAD:0.00729288% BID:1.3712 ASK:1.3713 MID:1.37124999 P1:1.37124999 P2:1.37124999 P3:1.37124999 P4:1.37124999 STATE:IDLE
[2026-05-01T02:06:14+02:00] CHK MOM:0.02% RANGE:0.02% UP:25% SPREAD:0.00729288% BID:1.3712 ASK:1.3713 MID:1.37124999 P1:1.37124999 P2:1.37124999 P3:1.37124999 P4:1.37124999 STATE:IDLE
[2026-05-01T02:06:14+02:00] CHK MOM:0.02% RANGE:0.02% UP:25% SPREAD:0.00729288% BID:1.3712 ASK:1.3713 MID:1.37124999 P1:1.37124999 P2:1.37124999 P3:1.37124999 P4:1.37124999 STATE:IDLE
[2026-05-01T02:06:15+02:00] CHK MOM:0.02% RANGE:0.02% UP:22.22% SPREAD:0.00729288% BID:1.3712 ASK:1.3713 MID:1.37124999 P1:1.37124999 P2:1.37124999 P3:1.37124999 P4:1.37124999 STATE:IDLE
[2026-05-01T02:06:15+02:00] CHK MOM:0.02% RANGE:0.02% UP:20% SPREAD:0.00729288% BID:1.3712 ASK:1.3713 MID:1.37124999 P1:1.37124999 P2:1.37124999 P3:1.37124999 P4:1.37124999 STATE:IDLE
[2026-05-01T02:06:16+02:00] CHK MOM:0.02% RANGE:0.02% UP:20% SPREAD:0.00729288% BID:1.3712 ASK:1.3713 MID:1.37124999 P1:1.37124999 P2:1.37124999 P3:1.37124999 P4:1.37124999 STATE:IDLE
[2026-05-01T02:06:16+02:00] CHK MOM:0.02% RANGE:0.02% UP:18.18% SPREAD:0.00729288% BID:1.3712 ASK:1.3713 MID:1.37124999 P1:1.37124999 P2:1.37124999 P3:1.37124999 P4:1.37124999 STATE:IDLE
[2026-05-01T02:06:17+02:00] CHK MOM:0.02% RANGE:0.03% UP:25% SPREAD:0.00729235% BID:1.3713 ASK:1.3714 MID:1.37135 P1:1.37135 P2:1.37124999 P3:1.37124999 P4:1.37124999 STATE:IDLE
[2026-05-01T02:06:17+02:00] CHK MOM:0.02% RANGE:0.03% UP:23.07% SPREAD:0.00729235% BID:1.3713 ASK:1.3714 MID:1.37135 P1:1.37135 P2:1.37135 P3:1.37124999 P4:1.37124999 STATE:IDLE
[2026-05-01T02:06:18+02:00] CHK MOM:0.02% RANGE:0.03% UP:23.07% SPREAD:0.00729235% BID:1.3713 ASK:1.3714 MID:1.37135 P1:1.37135 P2:1.37135 P3:1.37124999 P4:1.37124999 STATE:IDLE
[2026-05-01T02:06:19+02:00] CHK MOM:0.03% RANGE:0.03% UP:23.07% SPREAD:0.00729235% BID:1.3713 ASK:1.3714 MID:1.37135 P1:1.37135 P2:1.37135 P3:1.37135 P4:1.37124999 STATE:IDLE
[2026-05-01T02:06:19+02:00] CHK MOM:0.03% RANGE:0.03% UP:23.07% SPREAD:0.00729235% BID:1.3713 ASK:1.3714 MID:1.37135 P1:1.37135 P2:1.37135 P3:1.37135 P4:1.37124999 STATE:IDLE
[2026-05-01T02:06:20+02:00] CHK MOM:0.02% RANGE:0.02% UP:16.66% SPREAD:0.00729235% BID:1.3713 ASK:1.3714 MID:1.37135 P1:1.37135 P2:1.37135 P3:1.37135 P4:1.37135 STATE:IDLE
[2026-05-01T02:06:20+02:00] CHK MOM:0.02% RANGE:0.02% UP:15.38% SPREAD:0.00729235% BID:1.3713 ASK:1.3714 MID:1.37135 P1:1.37135 P2:1.37135 P3:1.37135 P4:1.37135 STATE:IDLE
[2026-05-01T02:06:21+02:00] CHK MOM:0.02% RANGE:0.02% UP:14.28% SPREAD:0.00729235% BID:1.3713 ASK:1.3714 MID:1.37135 P1:1.37135 P2:1.37135 P3:1.37135 P4:1.37135 STATE:IDLE
[2026-05-01T02:06:21+02:00] CHK MOM:0% RANGE:0% UP:7.14% SPREAD:0.00729235% BID:1.3713 ASK:1.3714 MID:1.37135 P1:1.37135 P2:1.37135 P3:1.37135 P4:1.37135 STATE:IDLE
[2026-05-01T02:06:22+02:00] CHK MOM:0% RANGE:0% UP:6.66% SPREAD:0.00729235% BID:1.3713 ASK:1.3714 MID:1.37135 P1:1.37135 P2:1.37135 P3:1.37135 P4:1.37135 STATE:IDLE
[2026-05-01T02:06:22+02:00] CHK MOM:0% RANGE:0% UP:6.66% SPREAD:0.00729235% BID:1.3713 ASK:1.3714 MID:1.37135 P1:1.37135 P2:1.37135 P3:1.37135 P4:1.37135 STATE:IDLE
[2026-05-01T02:06:23+02:00] CHK MOM:0% RANGE:0% UP:6.25% SPREAD:0.00729235% BID:1.3713 ASK:1.3714 MID:1.37135 P1:1.37135 P2:1.37135 P3:1.37135 P4:1.37135 STATE:IDLE
[2026-05-01T02:06:23+02:00] CHK MOM:0% RANGE:0% UP:6.25% SPREAD:0.00729235% BID:1.3713 ASK:1.3714 MID:1.37135 P1:1.37135 P2:1.37135 P3:1.37135 P4:1.37135 STATE:IDLE
[2026-05-01T02:06:24+02:00] CHK MOM:0% RANGE:0% UP:5.88% SPREAD:0.00729235% BID:1.3713 ASK:1.3714 MID:1.37135 P1:1.37135 P2:1.37135 P3:1.37135 P4:1.37135 STATE:IDLE
[2026-05-01T02:06:24+02:00] CHK MOM:0% RANGE:0% UP:5.55% SPREAD:0.00729235% BID:1.3713 ASK:1.3714 MID:1.37135 P1:1.37135 P2:1.37135 P3:1.37135 P4:1.37135 STATE:IDLE
[2026-05-01T02:06:25+02:00] CHK MOM:0% RANGE:0% UP:5.55% SPREAD:0.00729235% BID:1.3713 ASK:1.3714 MID:1.37135 P1:1.37135 P2:1.37135 P3:1.37135 P4:1.37135 STATE:IDLE
[2026-05-01T02:06:25+02:00] CHK MOM:0% RANGE:0% UP:5.55% SPREAD:0.00729235% BID:1.3713 ASK:1.3714 MID:1.37135 P1:1.37135 P2:1.37135 P3:1.37135 P4:1.37135 STATE:IDLE
[2026-05-01T02:06:26+02:00] CHK MOM:0% RANGE:0% UP:5.88% SPREAD:0.00729235% BID:1.3713 ASK:1.3714 MID:1.37135 P1:1.37135 P2:1.37135 P3:1.37135 P4:1.37135 STATE:IDLE
[2026-05-01T02:06:27+02:00] CHK MOM:0% RANGE:0% UP:5.55% SPREAD:0.00729235% BID:1.3713 ASK:1.3714 MID:1.37135 P1:1.37135 P2:1.37135 P3:1.37135 P4:1.37135 STATE:IDLE
[2026-05-01T02:06:27+02:00] CHK MOM:0% RANGE:0% UP:5.55% SPREAD:0.00729235% BID:1.3713 ASK:1.3714 MID:1.37135 P1:1.37135 P2:1.37135 P3:1.37135 P4:1.37135 STATE:IDLE
[2026-05-01T02:06:28+02:00] CHK MOM:0% RANGE:0% UP:5.55% SPREAD:0.00729235% BID:1.3713 ASK:1.3714 MID:1.37135 P1:1.37135 P2:1.37135 P3:1.37135 P4:1.37135 STATE:IDLE
[2026-05-01T02:06:28+02:00] CHK MOM:0% RANGE:0% UP:5.55% SPREAD:0.00729235% BID:1.3713 ASK:1.3714 MID:1.37135 P1:1.37135 P2:1.37135 P3:1.37135 P4:1.37135 STATE:IDLE
[2026-05-01T02:06:29+02:00] CHK MOM:0% RANGE:0% UP:5.55% SPREAD:0.00729235% BID:1.3713 ASK:1.3714 MID:1.37135 P1:1.37135 P2:1.37135 P3:1.37135 P4:1.37135 STATE:IDLE
[2026-05-01T02:06:30+02:00] CHK MOM:0% RANGE:0% UP:5.55% SPREAD:0.00729235% BID:1.3713 ASK:1.3714 MID:1.37135 P1:1.37135 P2:1.37135 P3:1.37135 P4:1.37135 STATE:IDLE
[2026-05-01T02:06:30+02:00] CHK MOM:0% RANGE:0% UP:5.55% SPREAD:0.00729235% BID:1.3713 ASK:1.3714 MID:1.37135 P1:1.37135 P2:1.37135 P3:1.37135 P4:1.37135 STATE:IDLE
[2026-05-01T02:06:31+02:00] CHK MOM:0% RANGE:0% UP:5.55% SPREAD:0.00729235% BID:1.3713 ASK:1.3714 MID:1.37135 P1:1.37135 P2:1.37135 P3:1.37135 P4:1.37135 STATE:IDLE
[2026-05-01T02:06:31+02:00] CHK MOM:0% RANGE:0% UP:5.55% SPREAD:0.00729235% BID:1.3713 ASK:1.3714 MID:1.37135 P1:1.37135 P2:1.37135 P3:1.37135 P4:1.37135 STATE:IDLE
[2026-05-01T02:06:33+02:00] CHK MOM:0% RANGE:0% UP:0% SPREAD:0.00729235% BID:1.3713 ASK:1.3714 MID:1.37135 P1:1.37135 P2:1.37135 P3:1.37135 P4:1.37135 STATE:IDLE
[2026-05-01T02:06:33+02:00] CHK MOM:0% RANGE:0% UP:0% SPREAD:0.00729235% BID:1.3713 ASK:1.3714 MID:1.37135 P1:1.37135 P2:1.37135 P3:1.37135 P4:1.37135 STATE:IDLE
[2026-05-01T02:06:34+02:00] CHK MOM:0% RANGE:0% UP:0% SPREAD:0.00729235% BID:1.3713 ASK:1.3714 MID:1.37135 P1:1.37135 P2:1.37135 P3:1.37135 P4:1.37135 STATE:IDLE
[2026-05-01T02:06:35+02:00] CHK MOM:0% RANGE:0% UP:0% SPREAD:0.00729235% BID:1.3713 ASK:1.3714 MID:1.37135 P1:1.37135 P2:1.37135 P3:1.37135 P4:1.37135 STATE:IDLE
[2026-05-01T02:06:35+02:00] CHK MOM:0% RANGE:0% UP:6.25% SPREAD:0.00729181% BID:1.3714 ASK:1.3715 MID:1.37144999 P1:1.37144999 P2:1.37135 P3:1.37135 P4:1.37135 STATE:IDLE
[2026-05-01T02:06:36+02:00] CHK MOM:0% RANGE:0% UP:6.25% SPREAD:0.00729181% BID:1.3714 ASK:1.3715 MID:1.37144999 P1:1.37144999 P2:1.37135 P3:1.37135 P4:1.37135 STATE:IDLE
[2026-05-01T02:06:36+02:00] CHK MOM:0% RANGE:0% UP:6.25% SPREAD:0.00729181% BID:1.3714 ASK:1.3715 MID:1.37144999 P1:1.37144999 P2:1.37135 P3:1.37135 P4:1.37135 STATE:IDLE
[2026-05-01T02:06:37+02:00] CHK MOM:0% RANGE:0% UP:7.14% SPREAD:0.00729181% BID:1.3714 ASK:1.3715 MID:1.37144999 P1:1.37144999 P2:1.37144999 P3:1.37135 P4:1.37135 STATE:IDLE
[2026-05-01T02:06:37+02:00] CHK MOM:0% RANGE:0% UP:7.14% SPREAD:0.00729181% BID:1.3714 ASK:1.3715 MID:1.37144999 P1:1.37144999 P2:1.37144999 P3:1.37135 P4:1.37135 STATE:IDLE
[2026-05-01T02:06:38+02:00] CHK MOM:0% RANGE:0% UP:7.69% SPREAD:0.00729181% BID:1.3714 ASK:1.3715 MID:1.37144999 P1:1.37144999 P2:1.37144999 P3:1.37144999 P4:1.37135 STATE:IDLE
[2026-05-01T02:06:38+02:00] CHK MOM:0% RANGE:0% UP:7.69% SPREAD:0.00729181% BID:1.3714 ASK:1.3715 MID:1.37144999 P1:1.37144999 P2:1.37144999 P3:1.37144999 P4:1.37135 STATE:IDLE
[2026-05-01T02:06:39+02:00] CHK MOM:0% RANGE:0% UP:7.69% SPREAD:0.00729181% BID:1.3714 ASK:1.3715 MID:1.37144999 P1:1.37144999 P2:1.37144999 P3:1.37144999 P4:1.37144999 STATE:IDLE
[2026-05-01T02:06:39+02:00] CHK MOM:0% RANGE:0% UP:7.69% SPREAD:0.00729181% BID:1.3714 ASK:1.3715 MID:1.37144999 P1:1.37144999 P2:1.37144999 P3:1.37144999 P4:1.37144999 STATE:IDLE
[2026-05-01T02:06:40+02:00] CHK MOM:0% RANGE:0% UP:7.69% SPREAD:0.00729181% BID:1.3714 ASK:1.3715 MID:1.37144999 P1:1.37144999 P2:1.37144999 P3:1.37144999 P4:1.37144999 STATE:IDLE
[2026-05-01T02:06:41+02:00] CHK MOM:0% RANGE:0% UP:7.69% SPREAD:0.00729181% BID:1.3714 ASK:1.3715 MID:1.37144999 P1:1.37144999 P2:1.37144999 P3:1.37144999 P4:1.37144999 STATE:IDLE
[2026-05-01T02:06:41+02:00] CHK MOM:0% RANGE:0% UP:7.69% SPREAD:0.00729181% BID:1.3714 ASK:1.3715 MID:1.37144999 P1:1.37144999 P2:1.37144999 P3:1.37144999 P4:1.37144999 STATE:IDLE
[2026-05-01T02:06:42+02:00] CHK MOM:0% RANGE:0% UP:7.69% SPREAD:0.00729181% BID:1.3714 ASK:1.3715 MID:1.37144999 P1:1.37144999 P2:1.37144999 P3:1.37144999 P4:1.37144999 STATE:IDLE
[2026-05-01T02:06:42+02:00] CHK MOM:0% RANGE:0% UP:9.09% SPREAD:0.00729181% BID:1.3714 ASK:1.3715 MID:1.37144999 P1:1.37144999 P2:1.37144999 P3:1.37144999 P4:1.37144999 STATE:IDLE
[2026-05-01T02:06:43+02:00] CHK MOM:0% RANGE:0% UP:9.09% SPREAD:0.00729181% BID:1.3714 ASK:1.3715 MID:1.37144999 P1:1.37144999 P2:1.37144999 P3:1.37144999 P4:1.37144999 STATE:IDLE
[2026-05-01T02:06:43+02:00] CHK MOM:0% RANGE:0% UP:9.09% SPREAD:0.00729181% BID:1.3714 ASK:1.3715 MID:1.37144999 P1:1.37144999 P2:1.37144999 P3:1.37144999 P4:1.37144999 STATE:IDLE
[2026-05-01T02:06:44+02:00] CHK MOM:0% RANGE:0% UP:8.33% SPREAD:0.00729181% BID:1.3714 ASK:1.3715 MID:1.37144999 P1:1.37144999 P2:1.37144999 P3:1.37144999 P4:1.37144999 STATE:IDLE
[2026-05-01T02:06:44+02:00] CHK MOM:0% RANGE:0% UP:8.33% SPREAD:0.00729181% BID:1.3714 ASK:1.3715 MID:1.37144999 P1:1.37144999 P2:1.37144999 P3:1.37144999 P4:1.37144999 STATE:IDLE
[2026-05-01T02:06:45+02:00] CHK MOM:0% RANGE:0% UP:8.33% SPREAD:0.00729235% BID:1.3713 ASK:1.3714 MID:1.37135 P1:1.37135 P2:1.37144999 P3:1.37144999 P4:1.37144999 STATE:IDLE
[2026-05-01T02:06:46+02:00] CHK MOM:0% RANGE:0% UP:7.69% SPREAD:0.00729235% BID:1.3713 ASK:1.3714 MID:1.37135 P1:1.37135 P2:1.37135 P3:1.37144999 P4:1.37144999 STATE:IDLE
[2026-05-01T02:06:46+02:00] CHK MOM:0% RANGE:0% UP:7.69% SPREAD:0.00729235% BID:1.3713 ASK:1.3714 MID:1.37135 P1:1.37135 P2:1.37135 P3:1.37144999 P4:1.37144999 STATE:IDLE
[2026-05-01T02:06:47+02:00] CHK MOM:0% RANGE:0% UP:7.14% SPREAD:0.00729235% BID:1.3713 ASK:1.3714 MID:1.37135 P1:1.37135 P2:1.37135 P3:1.37135 P4:1.37144999 STATE:IDLE
[2026-05-01T02:06:47+02:00] CHK MOM:0% RANGE:0.01% UP:6.66% SPREAD:0.00729288% BID:1.3712 ASK:1.3713 MID:1.37124999 P1:1.37124999 P2:1.37135 P3:1.37135 P4:1.37135 STATE:IDLE
[2026-05-01T02:06:48+02:00] CHK MOM:-0.02% RANGE:0.02% UP:6.25% SPREAD:0.00729394% BID:1.371 ASK:1.3711 MID:1.37104999 P1:1.37104999 P2:1.37124999 P3:1.37135 P4:1.37135 STATE:IDLE
[2026-05-01T02:06:48+02:00] CHK MOM:-0.02% RANGE:0.02% UP:5.88% SPREAD:0.00729394% BID:1.371 ASK:1.3711 MID:1.37104999 P1:1.37104999 P2:1.37104999 P3:1.37124999 P4:1.37135 STATE:IDLE
[2026-05-01T02:06:49+02:00] CHK MOM:-0.02% RANGE:0.02% UP:5.55% SPREAD:0.00729394% BID:1.371 ASK:1.3711 MID:1.37104999 P1:1.37104999 P2:1.37104999 P3:1.37104999 P4:1.37124999 STATE:IDLE
[2026-05-01T02:06:49+02:00] CHK MOM:-0.02% RANGE:0.02% UP:5.88% SPREAD:0.00729394% BID:1.371 ASK:1.3711 MID:1.37104999 P1:1.37104999 P2:1.37104999 P3:1.37104999 P4:1.37104999 STATE:IDLE
[2026-05-01T02:06:50+02:00] CHK MOM:-0.02% RANGE:0.02% UP:5.55% SPREAD:0.00729394% BID:1.371 ASK:1.3711 MID:1.37104999 P1:1.37104999 P2:1.37104999 P3:1.37104999 P4:1.37104999 STATE:IDLE
[2026-05-01T02:06:50+02:00] CHK MOM:-0.02% RANGE:0.02% UP:0% SPREAD:0.00729394% BID:1.371 ASK:1.3711 MID:1.37104999 P1:1.37104999 P2:1.37104999 P3:1.37104999 P4:1.37104999 STATE:IDLE
[2026-05-01T02:06:52+02:00] CHK MOM:-0.04% RANGE:0.04% UP:0% SPREAD:0.00729501% BID:1.3708 ASK:1.3709 MID:1.37085 P1:1.37085 P2:1.37104999 P3:1.37104999 P4:1.37104999 STATE:IDLE
[2026-05-01T02:06:52+02:00] CHK MOM:-0.04% RANGE:0.04% UP:0% SPREAD:0.00729501% BID:1.3708 ASK:1.3709 MID:1.37085 P1:1.37085 P2:1.37085 P3:1.37104999 P4:1.37104999 STATE:IDLE
[2026-05-01T02:06:53+02:00] CHK MOM:-0.04% RANGE:0.04% UP:0% SPREAD:0.00729501% BID:1.3708 ASK:1.3709 MID:1.37085 P1:1.37085 P2:1.37085 P3:1.37085 P4:1.37104999 STATE:IDLE
[2026-05-01T02:06:53+02:00] CHK MOM:-0.04% RANGE:0.04% UP:0% SPREAD:0.00729501% BID:1.3708 ASK:1.3709 MID:1.37085 P1:1.37085 P2:1.37085 P3:1.37085 P4:1.37104999 STATE:IDLE
[2026-05-01T02:06:54+02:00] CHK MOM:-0.04% RANGE:0.04% UP:0% SPREAD:0.00729501% BID:1.3708 ASK:1.3709 MID:1.37085 P1:1.37085 P2:1.37085 P3:1.37085 P4:1.37104999 STATE:IDLE
[2026-05-01T02:06:54+02:00] CHK MOM:-0.04% RANGE:0.04% UP:0% SPREAD:0.00729501% BID:1.3708 ASK:1.3709 MID:1.37085 P1:1.37085 P2:1.37085 P3:1.37085 P4:1.37085 STATE:IDLE
[2026-05-01T02:06:55+02:00] CHK MOM:-0.04% RANGE:0.04% UP:0% SPREAD:0.00729501% BID:1.3708 ASK:1.3709 MID:1.37085 P1:1.37085 P2:1.37085 P3:1.37085 P4:1.37085 STATE:IDLE
[2026-05-01T02:06:55+02:00] CHK MOM:-0.04% RANGE:0.04% UP:0% SPREAD:0.00729501% BID:1.3708 ASK:1.3709 MID:1.37085 P1:1.37085 P2:1.37085 P3:1.37085 P4:1.37085 STATE:IDLE
[2026-05-01T02:06:56+02:00] CHK MOM:-0.04% RANGE:0.04% UP:0% SPREAD:0.00729501% BID:1.3708 ASK:1.3709 MID:1.37085 P1:1.37085 P2:1.37085 P3:1.37085 P4:1.37085 STATE:IDLE
[2026-05-01T02:06:57+02:00] CHK MOM:-0.04% RANGE:0.04% UP:0% SPREAD:0.00729501% BID:1.3708 ASK:1.3709 MID:1.37085 P1:1.37085 P2:1.37085 P3:1.37085 P4:1.37085 STATE:IDLE
[2026-05-01T02:06:57+02:00] CHK MOM:-0.04% RANGE:0.04% UP:0% SPREAD:0.00729501% BID:1.3708 ASK:1.3709 MID:1.37085 P1:1.37085 P2:1.37085 P3:1.37085 P4:1.37085 STATE:IDLE
[2026-05-01T02:06:58+02:00] CHK MOM:-0.04% RANGE:0.04% UP:0% SPREAD:0.00729501% BID:1.3708 ASK:1.3709 MID:1.37085 P1:1.37085 P2:1.37085 P3:1.37085 P4:1.37085 STATE:IDLE
[2026-05-01T02:06:58+02:00] CHK MOM:-0.04% RANGE:0.04% UP:0% SPREAD:0.00729501% BID:1.3708 ASK:1.3709 MID:1.37085 P1:1.37085 P2:1.37085 P3:1.37085 P4:1.37085 STATE:IDLE
[2026-05-01T02:06:59+02:00] CHK MOM:-0.04% RANGE:0.04% UP:0% SPREAD:0.00729501% BID:1.3708 ASK:1.3709 MID:1.37085 P1:1.37085 P2:1.37085 P3:1.37085 P4:1.37085 STATE:IDLE
[2026-05-01T02:06:59+02:00] CHK MOM:-0.04% RANGE:0.04% UP:0% SPREAD:0.00729501% BID:1.3708 ASK:1.3709 MID:1.37085 P1:1.37085 P2:1.37085 P3:1.37085 P4:1.37085 STATE:IDLE
[2026-05-01T02:07:00+02:00] CHK MOM:-0.04% RANGE:0.04% UP:0% SPREAD:0.00729501% BID:1.3708 ASK:1.3709 MID:1.37085 P1:1.37085 P2:1.37085 P3:1.37085 P4:1.37085 STATE:IDLE
[2026-05-01T02:07:00+02:00] CHK MOM:-0.04% RANGE:0.04% UP:0% SPREAD:0.00729501% BID:1.3708 ASK:1.3709 MID:1.37085 P1:1.37085 P2:1.37085 P3:1.37085 P4:1.37085 STATE:IDLE
[2026-05-01T02:07:01+02:00] CHK MOM:-0.04% RANGE:0.04% UP:0% SPREAD:0.00729501% BID:1.3708 ASK:1.3709 MID:1.37085 P1:1.37085 P2:1.37085 P3:1.37085 P4:1.37085 STATE:IDLE
[2026-05-01T02:07:01+02:00] CHK MOM:-0.04% RANGE:0.04% UP:0% SPREAD:0.00729501% BID:1.3708 ASK:1.3709 MID:1.37085 P1:1.37085 P2:1.37085 P3:1.37085 P4:1.37085 STATE:IDLE
[2026-05-01T02:07:02+02:00] CHK MOM:-0.03% RANGE:0.03% UP:0% SPREAD:0.00729501% BID:1.3708 ASK:1.3709 MID:1.37085 P1:1.37085 P2:1.37085 P3:1.37085 P4:1.37085 STATE:IDLE
[2026-05-01T02:07:03+02:00] CHK MOM:-0.04% RANGE:0.04% UP:0% SPREAD:0.00729554% BID:1.3707 ASK:1.3708 MID:1.37075 P1:1.37075 P2:1.37085 P3:1.37085 P4:1.37085 STATE:IDLE
[2026-05-01T02:07:03+02:00] CHK MOM:-0.04% RANGE:0.04% UP:0% SPREAD:0.00729554% BID:1.3707 ASK:1.3708 MID:1.37075 P1:1.37075 P2:1.37085 P3:1.37085 P4:1.37085 STATE:IDLE
[2026-05-01T02:07:04+02:00] CHK MOM:-0.02% RANGE:0.02% UP:0% SPREAD:0.00729554% BID:1.3707 ASK:1.3708 MID:1.37075 P1:1.37075 P2:1.37075 P3:1.37085 P4:1.37085 STATE:IDLE
[2026-05-01T02:07:04+02:00] CHK MOM:-0.02% RANGE:0.02% UP:0% SPREAD:0.00729554% BID:1.3707 ASK:1.3708 MID:1.37075 P1:1.37075 P2:1.37075 P3:1.37075 P4:1.37085 STATE:IDLE
[2026-05-01T02:07:05+02:00] CHK MOM:-0.02% RANGE:0.02% UP:0% SPREAD:0.00729554% BID:1.3707 ASK:1.3708 MID:1.37075 P1:1.37075 P2:1.37075 P3:1.37075 P4:1.37075 STATE:IDLE
[2026-05-01T02:07:05+02:00] CHK MOM:-0.02% RANGE:0.02% UP:0% SPREAD:0.00729554% BID:1.3707 ASK:1.3708 MID:1.37075 P1:1.37075 P2:1.37075 P3:1.37075 P4:1.37075 STATE:IDLE
[2026-05-01T02:07:06+02:00] CHK MOM:-0.02% RANGE:0.02% UP:0% SPREAD:0.00729554% BID:1.3707 ASK:1.3708 MID:1.37075 P1:1.37075 P2:1.37075 P3:1.37075 P4:1.37075 STATE:IDLE
[2026-05-01T02:07:06+02:00] CHK MOM:-0.02% RANGE:0.02% UP:0% SPREAD:0.00729554% BID:1.3707 ASK:1.3708 MID:1.37075 P1:1.37075 P2:1.37075 P3:1.37075 P4:1.37075 STATE:IDLE
[2026-05-01T02:07:07+02:00] CHK MOM:0% RANGE:0% UP:0% SPREAD:0.00729554% BID:1.3707 ASK:1.3708 MID:1.37075 P1:1.37075 P2:1.37075 P3:1.37075 P4:1.37075 STATE:IDLE
[2026-05-01T02:07:08+02:00] CHK MOM:0% RANGE:0% UP:0% SPREAD:0.00729554% BID:1.3707 ASK:1.3708 MID:1.37075 P1:1.37075 P2:1.37075 P3:1.37075 P4:1.37075 STATE:IDLE
[2026-05-01T02:07:08+02:00] CHK MOM:0% RANGE:0% UP:0% SPREAD:0.00729554% BID:1.3707 ASK:1.3708 MID:1.37075 P1:1.37075 P2:1.37075 P3:1.37075 P4:1.37075 STATE:IDLE
[2026-05-01T02:07:09+02:00] CHK MOM:0% RANGE:0% UP:0% SPREAD:0.00729554% BID:1.3707 ASK:1.3708 MID:1.37075 P1:1.37075 P2:1.37075 P3:1.37075 P4:1.37075 STATE:IDLE
[2026-05-01T02:07:09+02:00] CHK MOM:0% RANGE:0% UP:0% SPREAD:0.00729554% BID:1.3707 ASK:1.3708 MID:1.37075 P1:1.37075 P2:1.37075 P3:1.37075 P4:1.37075 STATE:IDLE
[2026-05-01T02:07:10+02:00] CHK MOM:0% RANGE:0% UP:0% SPREAD:0.00729554% BID:1.3707 ASK:1.3708 MID:1.37075 P1:1.37075 P2:1.37075 P3:1.37075 P4:1.37075 STATE:IDLE
[2026-05-01T02:07:10+02:00] CHK MOM:0% RANGE:0% UP:0% SPREAD:0.00729554% BID:1.3707 ASK:1.3708 MID:1.37075 P1:1.37075 P2:1.37075 P3:1.37075 P4:1.37075 STATE:IDLE
[2026-05-01T02:07:11+02:00] CHK MOM:0% RANGE:0% UP:0% SPREAD:0.00729554% BID:1.3707 ASK:1.3708 MID:1.37075 P1:1.37075 P2:1.37075 P3:1.37075 P4:1.37075 STATE:IDLE
[2026-05-01T02:07:11+02:00] CHK MOM:0% RANGE:0% UP:0% SPREAD:0.00729554% BID:1.3707 ASK:1.3708 MID:1.37075 P1:1.37075 P2:1.37075 P3:1.37075 P4:1.37075 STATE:IDLE
[2026-05-01T02:07:12+02:00] CHK MOM:0% RANGE:0% UP:0% SPREAD:0.00729554% BID:1.3707 ASK:1.3708 MID:1.37075 P1:1.37075 P2:1.37075 P3:1.37075 P4:1.37075 STATE:IDLE
[2026-05-01T02:07:12+02:00] CHK MOM:0% RANGE:0% UP:0% SPREAD:0.00729554% BID:1.3707 ASK:1.3708 MID:1.37075 P1:1.37075 P2:1.37075 P3:1.37075 P4:1.37075 STATE:IDLE
[2026-05-01T02:07:13+02:00] CHK MOM:0% RANGE:0% UP:7.14% SPREAD:0.00729501% BID:1.3708 ASK:1.3709 MID:1.37085 P1:1.37085 P2:1.37075 P3:1.37075 P4:1.37075 STATE:IDLE
[2026-05-01T02:07:14+02:00] CHK MOM:0% RANGE:0% UP:6.66% SPREAD:0.00729501% BID:1.3708 ASK:1.3709 MID:1.37085 P1:1.37085 P2:1.37085 P3:1.37075 P4:1.37075 STATE:IDLE
[2026-05-01T02:07:14+02:00] CHK MOM:0% RANGE:0% UP:6.25% SPREAD:0.00729501% BID:1.3708 ASK:1.3709 MID:1.37085 P1:1.37085 P2:1.37085 P3:1.37085 P4:1.37075 STATE:IDLE
[2026-05-01T02:07:15+02:00] CHK MOM:0% RANGE:0% UP:6.25% SPREAD:0.00729501% BID:1.3708 ASK:1.3709 MID:1.37085 P1:1.37085 P2:1.37085 P3:1.37085 P4:1.37075 STATE:IDLE
[2026-05-01T02:07:15+02:00] CHK MOM:0% RANGE:0% UP:6.25% SPREAD:0.00729501% BID:1.3708 ASK:1.3709 MID:1.37085 P1:1.37085 P2:1.37085 P3:1.37085 P4:1.37075 STATE:IDLE
[2026-05-01T02:07:16+02:00] CHK MOM:0% RANGE:0% UP:6.66% SPREAD:0.00729554% BID:1.3707 ASK:1.3708 MID:1.37075 P1:1.37075 P2:1.37085 P3:1.37085 P4:1.37085 STATE:IDLE
[2026-05-01T02:07:16+02:00] CHK MOM:0% RANGE:0% UP:6.66% SPREAD:0.00729554% BID:1.3707 ASK:1.3708 MID:1.37075 P1:1.37075 P2:1.37075 P3:1.37085 P4:1.37085 STATE:IDLE
[2026-05-01T02:07:17+02:00] CHK MOM:0% RANGE:0% UP:6.66% SPREAD:0.00729554% BID:1.3707 ASK:1.3708 MID:1.37075 P1:1.37075 P2:1.37075 P3:1.37085 P4:1.37085 STATE:IDLE
[2026-05-01T02:07:17+02:00] CHK MOM:0% RANGE:0% UP:6.25% SPREAD:0.00729554% BID:1.3707 ASK:1.3708 MID:1.37075 P1:1.37075 P2:1.37075 P3:1.37075 P4:1.37085 STATE:IDLE
[2026-05-01T02:07:18+02:00] CHK MOM:0% RANGE:0% UP:6.25% SPREAD:0.00729554% BID:1.3707 ASK:1.3708 MID:1.37075 P1:1.37075 P2:1.37075 P3:1.37075 P4:1.37075 STATE:IDLE
[2026-05-01T02:07:19+02:00] CHK MOM:0% RANGE:0% UP:6.25% SPREAD:0.00729554% BID:1.3707 ASK:1.3708 MID:1.37075 P1:1.37075 P2:1.37075 P3:1.37075 P4:1.37075 STATE:IDLE
[2026-05-01T02:07:19+02:00] CHK MOM:0% RANGE:0% UP:5.88% SPREAD:0.00729554% BID:1.3707 ASK:1.3708 MID:1.37075 P1:1.37075 P2:1.37075 P3:1.37075 P4:1.37075 STATE:IDLE
[2026-05-01T02:07:20+02:00] CHK MOM:0% RANGE:0% UP:5.55% SPREAD:0.00729554% BID:1.3707 ASK:1.3708 MID:1.37075 P1:1.37075 P2:1.37075 P3:1.37075 P4:1.37075 STATE:IDLE
[2026-05-01T02:07:20+02:00] CHK MOM:0% RANGE:0% UP:11.76% SPREAD:0.00729501% BID:1.3708 ASK:1.3709 MID:1.37085 P1:1.37085 P2:1.37075 P3:1.37075 P4:1.37075 STATE:IDLE
[2026-05-01T02:07:21+02:00] CHK MOM:0% RANGE:0% UP:11.76% SPREAD:0.00729501% BID:1.3708 ASK:1.3709 MID:1.37085 P1:1.37085 P2:1.37085 P3:1.37075 P4:1.37075 STATE:IDLE
[2026-05-01T02:07:21+02:00] CHK MOM:0% RANGE:0% UP:11.11% SPREAD:0.00729501% BID:1.3708 ASK:1.3709 MID:1.37085 P1:1.37085 P2:1.37085 P3:1.37085 P4:1.37075 STATE:IDLE
[2026-05-01T02:07:22+02:00] CHK MOM:0% RANGE:0% UP:10.52% SPREAD:0.00729554% BID:1.3707 ASK:1.3708 MID:1.37075 P1:1.37075 P2:1.37085 P3:1.37085 P4:1.37085 STATE:IDLE
[2026-05-01T02:07:22+02:00] CHK MOM:0% RANGE:0% UP:10% SPREAD:0.00729554% BID:1.3707 ASK:1.3708 MID:1.37075 P1:1.37075 P2:1.37075 P3:1.37085 P4:1.37085 STATE:IDLE
[2026-05-01T02:07:23+02:00] CHK MOM:0% RANGE:0.01% UP:10% SPREAD:0.00729607% BID:1.3706 ASK:1.3707 MID:1.37065 P1:1.37065 P2:1.37075 P3:1.37075 P4:1.37085 STATE:IDLE
[2026-05-01T02:07:24+02:00] CHK MOM:0% RANGE:0.01% UP:10% SPREAD:0.00729607% BID:1.3706 ASK:1.3707 MID:1.37065 P1:1.37065 P2:1.37065 P3:1.37075 P4:1.37075 STATE:IDLE
[2026-05-01T02:07:24+02:00] CHK MOM:0% RANGE:0.01% UP:9.52% SPREAD:0.00729607% BID:1.3706 ASK:1.3707 MID:1.37065 P1:1.37065 P2:1.37065 P3:1.37065 P4:1.37075 STATE:IDLE
[2026-05-01T02:07:25+02:00] CHK MOM:0% RANGE:0.01% UP:9.52% SPREAD:0.00729607% BID:1.3706 ASK:1.3707 MID:1.37065 P1:1.37065 P2:1.37065 P3:1.37065 P4:1.37075 STATE:IDLE
[2026-05-01T02:07:25+02:00] CHK MOM:-0.01% RANGE:0.02% UP:10% SPREAD:0.0072966% BID:1.3705 ASK:1.3706 MID:1.37055 P1:1.37055 P2:1.37065 P3:1.37065 P4:1.37065 STATE:IDLE
[2026-05-01T02:07:26+02:00] CHK MOM:-0.01% RANGE:0.02% UP:10% SPREAD:0.0072966% BID:1.3705 ASK:1.3706 MID:1.37055 P1:1.37055 P2:1.37065 P3:1.37065 P4:1.37065 STATE:IDLE
[2026-05-01T02:07:26+02:00] CHK MOM:-0.01% RANGE:0.02% UP:9.52% SPREAD:0.0072966% BID:1.3705 ASK:1.3706 MID:1.37055 P1:1.37055 P2:1.37055 P3:1.37065 P4:1.37065 STATE:IDLE
[2026-05-01T02:07:27+02:00] CHK MOM:-0.01% RANGE:0.02% UP:9.52% SPREAD:0.0072966% BID:1.3705 ASK:1.3706 MID:1.37055 P1:1.37055 P2:1.37055 P3:1.37065 P4:1.37065 STATE:IDLE
[2026-05-01T02:07:27+02:00] CHK MOM:0% RANGE:0.02% UP:14.28% SPREAD:0.00729607% BID:1.3706 ASK:1.3707 MID:1.37065 P1:1.37065 P2:1.37055 P3:1.37055 P4:1.37065 STATE:IDLE
[2026-05-01T02:07:28+02:00] CHK MOM:0% RANGE:0.02% UP:13.63% SPREAD:0.00729607% BID:1.3706 ASK:1.3707 MID:1.37065 P1:1.37065 P2:1.37065 P3:1.37055 P4:1.37055 STATE:IDLE
[2026-05-01T02:07:28+02:00] CHK MOM:0% RANGE:0.02% UP:13.63% SPREAD:0.00729607% BID:1.3706 ASK:1.3707 MID:1.37065 P1:1.37065 P2:1.37065 P3:1.37055 P4:1.37055 STATE:IDLE
[2026-05-01T02:07:29+02:00] CHK MOM:0% RANGE:0.02% UP:13.63% SPREAD:0.00729554% BID:1.3707 ASK:1.3708 MID:1.37075 P1:1.37075 P2:1.37065 P3:1.37065 P4:1.37055 STATE:IDLE
[2026-05-01T02:07:30+02:00] CHK MOM:0% RANGE:0.02% UP:13.63% SPREAD:0.00729554% BID:1.3707 ASK:1.3708 MID:1.37075 P1:1.37075 P2:1.37075 P3:1.37065 P4:1.37065 STATE:IDLE
[2026-05-01T02:07:30+02:00] CHK MOM:0% RANGE:0.02% UP:13.63% SPREAD:0.00729554% BID:1.3707 ASK:1.3708 MID:1.37075 P1:1.37075 P2:1.37075 P3:1.37065 P4:1.37065 STATE:IDLE
[2026-05-01T02:07:31+02:00] CHK MOM:0% RANGE:0.02% UP:14.28% SPREAD:0.00729554% BID:1.3707 ASK:1.3708 MID:1.37075 P1:1.37075 P2:1.37075 P3:1.37075 P4:1.37065 STATE:IDLE
[2026-05-01T02:07:31+02:00] CHK MOM:0% RANGE:0.02% UP:14.28% SPREAD:0.00729554% BID:1.3707 ASK:1.3708 MID:1.37075 P1:1.37075 P2:1.37075 P3:1.37075 P4:1.37065 STATE:IDLE
[2026-05-01T02:07:32+02:00] CHK MOM:0% RANGE:0.02% UP:13.63% SPREAD:0.00729554% BID:1.3707 ASK:1.3708 MID:1.37075 P1:1.37075 P2:1.37075 P3:1.37075 P4:1.37075 STATE:IDLE
[2026-05-01T02:07:32+02:00] CHK MOM:0% RANGE:0.02% UP:13.63% SPREAD:0.00729554% BID:1.3707 ASK:1.3708 MID:1.37075 P1:1.37075 P2:1.37075 P3:1.37075 P4:1.37075 STATE:IDLE
[2026-05-01T02:07:33+02:00] CHK MOM:0% RANGE:0.02% UP:13.63% SPREAD:0.00729554% BID:1.3707 ASK:1.3708 MID:1.37075 P1:1.37075 P2:1.37075 P3:1.37075 P4:1.37075 STATE:IDLE
[2026-05-01T02:07:33+02:00] CHK MOM:0% RANGE:0.02% UP:13.63% SPREAD:0.00729554% BID:1.3707 ASK:1.3708 MID:1.37075 P1:1.37075 P2:1.37075 P3:1.37075 P4:1.37075 STATE:IDLE
[2026-05-01T02:07:34+02:00] CHK MOM:0% RANGE:0.02% UP:14.28% SPREAD:0.00729554% BID:1.3707 ASK:1.3708 MID:1.37075 P1:1.37075 P2:1.37075 P3:1.37075 P4:1.37075 STATE:IDLE
[2026-05-01T02:07:35+02:00] CHK MOM:0% RANGE:0.02% UP:14.28% SPREAD:0.00729554% BID:1.3707 ASK:1.3708 MID:1.37075 P1:1.37075 P2:1.37075 P3:1.37075 P4:1.37075 STATE:IDLE
[2026-05-01T02:07:35+02:00] CHK MOM:0% RANGE:0.02% UP:14.28% SPREAD:0.00729554% BID:1.3707 ASK:1.3708 MID:1.37075 P1:1.37075 P2:1.37075 P3:1.37075 P4:1.37075 STATE:IDLE
[2026-05-01T02:07:36+02:00] CHK MOM:0% RANGE:0.02% UP:15% SPREAD:0.00729607% BID:1.3706 ASK:1.3707 MID:1.37065 P1:1.37065 P2:1.37075 P3:1.37075 P4:1.37075 STATE:IDLE
[2026-05-01T02:07:36+02:00] CHK MOM:-0.01% RANGE:0.02% UP:10% SPREAD:0.00729607% BID:1.3706 ASK:1.3707 MID:1.37065 P1:1.37065 P2:1.37065 P3:1.37075 P4:1.37075 STATE:IDLE
[2026-05-01T02:07:37+02:00] CHK MOM:-0.01% RANGE:0.02% UP:10% SPREAD:0.00729607% BID:1.3706 ASK:1.3707 MID:1.37065 P1:1.37065 P2:1.37065 P3:1.37075 P4:1.37075 STATE:IDLE
[2026-05-01T02:07:37+02:00] CHK MOM:0% RANGE:0.01% UP:11.11% SPREAD:0.00729607% BID:1.3706 ASK:1.3707 MID:1.37065 P1:1.37065 P2:1.37065 P3:1.37065 P4:1.37075 STATE:IDLE
[2026-05-01T02:07:38+02:00] CHK MOM:0% RANGE:0.01% UP:10.52% SPREAD:0.00729607% BID:1.3706 ASK:1.3707 MID:1.37065 P1:1.37065 P2:1.37065 P3:1.37065 P4:1.37065 STATE:IDLE
[2026-05-01T02:07:38+02:00] CHK MOM:0% RANGE:0.01% UP:10.52% SPREAD:0.00729607% BID:1.3706 ASK:1.3707 MID:1.37065 P1:1.37065 P2:1.37065 P3:1.37065 P4:1.37065 STATE:IDLE
[2026-05-01T02:07:39+02:00] CHK MOM:0% RANGE:0.01% UP:10.52% SPREAD:0.00729607% BID:1.3706 ASK:1.3707 MID:1.37065 P1:1.37065 P2:1.37065 P3:1.37065 P4:1.37065 STATE:IDLE
[2026-05-01T02:07:39+02:00] CHK MOM:0% RANGE:0.01% UP:10.52% SPREAD:0.00729607% BID:1.3706 ASK:1.3707 MID:1.37065 P1:1.37065 P2:1.37065 P3:1.37065 P4:1.37065 STATE:IDLE
[2026-05-01T02:07:40+02:00] CHK MOM:0% RANGE:0.01% UP:10.52% SPREAD:0.00729607% BID:1.3706 ASK:1.3707 MID:1.37065 P1:1.37065 P2:1.37065 P3:1.37065 P4:1.37065 STATE:IDLE
[2026-05-01T02:07:41+02:00] CHK MOM:0% RANGE:0.01% UP:10.52% SPREAD:0.00729607% BID:1.3706 ASK:1.3707 MID:1.37065 P1:1.37065 P2:1.37065 P3:1.37065 P4:1.37065 STATE:IDLE
[2026-05-01T02:07:41+02:00] CHK MOM:0% RANGE:0.01% UP:10.52% SPREAD:0.00729607% BID:1.3706 ASK:1.3707 MID:1.37065 P1:1.37065 P2:1.37065 P3:1.37065 P4:1.37065 STATE:IDLE
[2026-05-01T02:07:42+02:00] CHK MOM:0% RANGE:0.01% UP:10.52% SPREAD:0.00729607% BID:1.3706 ASK:1.3707 MID:1.37065 P1:1.37065 P2:1.37065 P3:1.37065 P4:1.37065 STATE:IDLE
[2026-05-01T02:07:42+02:00] CHK MOM:0% RANGE:0% UP:5.55% SPREAD:0.00729607% BID:1.3706 ASK:1.3707 MID:1.37065 P1:1.37065 P2:1.37065 P3:1.37065 P4:1.37065 STATE:IDLE
[2026-05-01T02:07:43+02:00] CHK MOM:0% RANGE:0% UP:5.55% SPREAD:0.00729607% BID:1.3706 ASK:1.3707 MID:1.37065 P1:1.37065 P2:1.37065 P3:1.37065 P4:1.37065 STATE:IDLE
[2026-05-01T02:07:43+02:00] CHK MOM:0% RANGE:0% UP:5.26% SPREAD:0.00729607% BID:1.3706 ASK:1.3707 MID:1.37065 P1:1.37065 P2:1.37065 P3:1.37065 P4:1.37065 STATE:IDLE
[2026-05-01T02:07:44+02:00] CHK MOM:0% RANGE:0% UP:5.26% SPREAD:0.00729607% BID:1.3706 ASK:1.3707 MID:1.37065 P1:1.37065 P2:1.37065 P3:1.37065 P4:1.37065 STATE:IDLE
[2026-05-01T02:07:44+02:00] CHK MOM:0% RANGE:0% UP:0% SPREAD:0.00729607% BID:1.3706 ASK:1.3707 MID:1.37065 P1:1.37065 P2:1.37065 P3:1.37065 P4:1.37065 STATE:IDLE
[2026-05-01T02:07:45+02:00] CHK MOM:0% RANGE:0% UP:0% SPREAD:0.00729607% BID:1.3706 ASK:1.3707 MID:1.37065 P1:1.37065 P2:1.37065 P3:1.37065 P4:1.37065 STATE:IDLE
[2026-05-01T02:07:46+02:00] CHK MOM:0% RANGE:0% UP:0% SPREAD:0.00729607% BID:1.3706 ASK:1.3707 MID:1.37065 P1:1.37065 P2:1.37065 P3:1.37065 P4:1.37065 STATE:IDLE
[2026-05-01T02:07:46+02:00] CHK MOM:0% RANGE:0% UP:0% SPREAD:0.00729607% BID:1.3706 ASK:1.3707 MID:1.37065 P1:1.37065 P2:1.37065 P3:1.37065 P4:1.37065 STATE:IDLE
[2026-05-01T02:07:47+02:00] CHK MOM:-0.01% RANGE:0.01% UP:0% SPREAD:0.0072966% BID:1.3705 ASK:1.3706 MID:1.37055 P1:1.37055 P2:1.37065 P3:1.37065 P4:1.37065 STATE:IDLE
[2026-05-01T02:07:47+02:00] CHK MOM:-0.02% RANGE:0.02% UP:0% SPREAD:0.00729713% BID:1.3704 ASK:1.3705 MID:1.37045 P1:1.37045 P2:1.37055 P3:1.37065 P4:1.37065 STATE:IDLE
[2026-05-01T02:07:48+02:00] CHK MOM:-0.02% RANGE:0.02% UP:0% SPREAD:0.00729713% BID:1.3704 ASK:1.3705 MID:1.37045 P1:1.37045 P2:1.37055 P3:1.37065 P4:1.37065 STATE:IDLE
[2026-05-01T02:07:48+02:00] CHK MOM:-0.02% RANGE:0.02% UP:0% SPREAD:0.00729713% BID:1.3704 ASK:1.3705 MID:1.37045 P1:1.37045 P2:1.37055 P3:1.37065 P4:1.37065 STATE:IDLE
[2026-05-01T02:07:49+02:00] CHK MOM:-0.02% RANGE:0.02% UP:0% SPREAD:0.00729713% BID:1.3704 ASK:1.3705 MID:1.37045 P1:1.37045 P2:1.37055 P3:1.37065 P4:1.37065 STATE:IDLE
[2026-05-01T02:07:49+02:00] CHK MOM:-0.02% RANGE:0.02% UP:0% SPREAD:0.00729713% BID:1.3704 ASK:1.3705 MID:1.37045 P1:1.37045 P2:1.37045 P3:1.37055 P4:1.37065 STATE:IDLE
[2026-05-01T02:07:50+02:00] CHK MOM:-0.02% RANGE:0.02% UP:0% SPREAD:0.00729713% BID:1.3704 ASK:1.3705 MID:1.37045 P1:1.37045 P2:1.37045 P3:1.37045 P4:1.37055 STATE:IDLE
[2026-05-01T02:07:51+02:00] CHK MOM:-0.02% RANGE:0.02% UP:0% SPREAD:0.00729713% BID:1.3704 ASK:1.3705 MID:1.37045 P1:1.37045 P2:1.37045 P3:1.37045 P4:1.37055 STATE:IDLE
[2026-05-01T02:07:51+02:00] CHK MOM:-0.02% RANGE:0.02% UP:0% SPREAD:0.00729713% BID:1.3704 ASK:1.3705 MID:1.37045 P1:1.37045 P2:1.37045 P3:1.37045 P4:1.37045 STATE:IDLE
[2026-05-01T02:07:52+02:00] CHK MOM:-0.02% RANGE:0.02% UP:0% SPREAD:0.00729713% BID:1.3704 ASK:1.3705 MID:1.37045 P1:1.37045 P2:1.37045 P3:1.37045 P4:1.37045 STATE:IDLE
[2026-05-01T02:07:52+02:00] CHK MOM:-0.01% RANGE:0.01% UP:0% SPREAD:0.00729713% BID:1.3704 ASK:1.3705 MID:1.37045 P1:1.37045 P2:1.37045 P3:1.37045 P4:1.37045 STATE:IDLE
[2026-05-01T02:07:53+02:00] CHK MOM:-0.01% RANGE:0.01% UP:0% SPREAD:0.00729713% BID:1.3704 ASK:1.3705 MID:1.37045 P1:1.37045 P2:1.37045 P3:1.37045 P4:1.37045 STATE:IDLE
[2026-05-01T02:07:53+02:00] CHK MOM:-0.01% RANGE:0.01% UP:0% SPREAD:0.00729713% BID:1.3704 ASK:1.3705 MID:1.37045 P1:1.37045 P2:1.37045 P3:1.37045 P4:1.37045 STATE:IDLE
[2026-05-01T02:07:54+02:00] CHK MOM:-0.01% RANGE:0.01% UP:0% SPREAD:0.00729713% BID:1.3704 ASK:1.3705 MID:1.37045 P1:1.37045 P2:1.37045 P3:1.37045 P4:1.37045 STATE:IDLE
[2026-05-01T02:07:54+02:00] CHK MOM:-0.01% RANGE:0.01% UP:0% SPREAD:0.00729713% BID:1.3704 ASK:1.3705 MID:1.37045 P1:1.37045 P2:1.37045 P3:1.37045 P4:1.37045 STATE:IDLE
[2026-05-01T02:07:55+02:00] CHK MOM:-0.01% RANGE:0.01% UP:0% SPREAD:0.00729713% BID:1.3704 ASK:1.3705 MID:1.37045 P1:1.37045 P2:1.37045 P3:1.37045 P4:1.37045 STATE:IDLE
[2026-05-01T02:07:55+02:00] CHK MOM:-0.01% RANGE:0.01% UP:0% SPREAD:0.00729713% BID:1.3704 ASK:1.3705 MID:1.37045 P1:1.37045 P2:1.37045 P3:1.37045 P4:1.37045 STATE:IDLE
[2026-05-01T02:07:56+02:00] CHK MOM:-0.01% RANGE:0.01% UP:0% SPREAD:0.00729713% BID:1.3704 ASK:1.3705 MID:1.37045 P1:1.37045 P2:1.37045 P3:1.37045 P4:1.37045 STATE:IDLE
[2026-05-01T02:07:57+02:00] CHK MOM:-0.01% RANGE:0.01% UP:0% SPREAD:0.00729713% BID:1.3704 ASK:1.3705 MID:1.37045 P1:1.37045 P2:1.37045 P3:1.37045 P4:1.37045 STATE:IDLE
[2026-05-01T02:07:57+02:00] CHK MOM:-0.01% RANGE:0.01% UP:0% SPREAD:0.00729713% BID:1.3704 ASK:1.3705 MID:1.37045 P1:1.37045 P2:1.37045 P3:1.37045 P4:1.37045 STATE:IDLE
[2026-05-01T02:07:58+02:00] CHK MOM:-0.01% RANGE:0.01% UP:0% SPREAD:0.00729713% BID:1.3704 ASK:1.3705 MID:1.37045 P1:1.37045 P2:1.37045 P3:1.37045 P4:1.37045 STATE:IDLE
[2026-05-01T02:07:58+02:00] CHK MOM:-0.01% RANGE:0.01% UP:0% SPREAD:0.00729713% BID:1.3704 ASK:1.3705 MID:1.37045 P1:1.37045 P2:1.37045 P3:1.37045 P4:1.37045 STATE:IDLE
[2026-05-01T02:07:59+02:00] CHK MOM:-0.01% RANGE:0.01% UP:0% SPREAD:0.00729713% BID:1.3704 ASK:1.3705 MID:1.37045 P1:1.37045 P2:1.37045 P3:1.37045 P4:1.37045 STATE:IDLE
[2026-05-01T02:07:59+02:00] CHK MOM:-0.01% RANGE:0.01% UP:0% SPREAD:0.00729713% BID:1.3704 ASK:1.3705 MID:1.37045 P1:1.37045 P2:1.37045 P3:1.37045 P4:1.37045 STATE:IDLE
[2026-05-01T02:08:00+02:00] CHK MOM:-0.01% RANGE:0.01% UP:0% SPREAD:0.00729713% BID:1.3704 ASK:1.3705 MID:1.37045 P1:1.37045 P2:1.37045 P3:1.37045 P4:1.37045 STATE:IDLE
[2026-05-01T02:08:00+02:00] CHK MOM:-0.01% RANGE:0.01% UP:0% SPREAD:0.00729713% BID:1.3704 ASK:1.3705 MID:1.37045 P1:1.37045 P2:1.37045 P3:1.37045 P4:1.37045 STATE:IDLE
[2026-05-01T02:08:01+02:00] CHK MOM:-0.01% RANGE:0.01% UP:0% SPREAD:0.00729713% BID:1.3704 ASK:1.3705 MID:1.37045 P1:1.37045 P2:1.37045 P3:1.37045 P4:1.37045 STATE:IDLE
[2026-05-01T02:08:02+02:00] CHK MOM:-0.01% RANGE:0.01% UP:0% SPREAD:0.00729713% BID:1.3704 ASK:1.3705 MID:1.37045 P1:1.37045 P2:1.37045 P3:1.37045 P4:1.37045 STATE:IDLE
[2026-05-01T02:08:02+02:00] CHK MOM:-0.01% RANGE:0.01% UP:0% SPREAD:0.00729713% BID:1.3704 ASK:1.3705 MID:1.37045 P1:1.37045 P2:1.37045 P3:1.37045 P4:1.37045 STATE:IDLE
[2026-05-01T02:08:03+02:00] CHK MOM:0% RANGE:0% UP:0% SPREAD:0.00729713% BID:1.3704 ASK:1.3705 MID:1.37045 P1:1.37045 P2:1.37045 P3:1.37045 P4:1.37045 STATE:IDLE
[2026-05-01T02:08:03+02:00] CHK MOM:0% RANGE:0% UP:0% SPREAD:0.00729713% BID:1.3704 ASK:1.3705 MID:1.37045 P1:1.37045 P2:1.37045 P3:1.37045 P4:1.37045 STATE:IDLE
[2026-05-01T02:08:04+02:00] CHK MOM:0% RANGE:0% UP:0% SPREAD:0.00729713% BID:1.3704 ASK:1.3705 MID:1.37045 P1:1.37045 P2:1.37045 P3:1.37045 P4:1.37045 STATE:IDLE
[2026-05-01T02:08:04+02:00] CHK MOM:0% RANGE:0% UP:0% SPREAD:0.00729713% BID:1.3704 ASK:1.3705 MID:1.37045 P1:1.37045 P2:1.37045 P3:1.37045 P4:1.37045 STATE:IDLE
[2026-05-01T02:08:05+02:00] CHK MOM:0% RANGE:0% UP:0% SPREAD:0.00729713% BID:1.3704 ASK:1.3705 MID:1.37045 P1:1.37045 P2:1.37045 P3:1.37045 P4:1.37045 STATE:IDLE
[2026-05-01T02:08:05+02:00] CHK MOM:0% RANGE:0% UP:0% SPREAD:0.00729713% BID:1.3704 ASK:1.3705 MID:1.37045 P1:1.37045 P2:1.37045 P3:1.37045 P4:1.37045 STATE:IDLE
[2026-05-01T02:08:06+02:00] CHK MOM:0% RANGE:0% UP:0% SPREAD:0.00729713% BID:1.3704 ASK:1.3705 MID:1.37045 P1:1.37045 P2:1.37045 P3:1.37045 P4:1.37045 STATE:IDLE
[2026-05-01T02:08:06+02:00] CHK MOM:0% RANGE:0% UP:0% SPREAD:0.00729713% BID:1.3704 ASK:1.3705 MID:1.37045 P1:1.37045 P2:1.37045 P3:1.37045 P4:1.37045 STATE:IDLE
[2026-05-01T02:08:07+02:00] CHK MOM:0% RANGE:0% UP:0% SPREAD:0.00729713% BID:1.3704 ASK:1.3705 MID:1.37045 P1:1.37045 P2:1.37045 P3:1.37045 P4:1.37045 STATE:IDLE
[2026-05-01T02:08:08+02:00] CHK MOM:0% RANGE:0% UP:0% SPREAD:0.00729713% BID:1.3704 ASK:1.3705 MID:1.37045 P1:1.37045 P2:1.37045 P3:1.37045 P4:1.37045 STATE:IDLE
[2026-05-01T02:08:08+02:00] CHK MOM:0% RANGE:0% UP:0% SPREAD:0.00729713% BID:1.3704 ASK:1.3705 MID:1.37045 P1:1.37045 P2:1.37045 P3:1.37045 P4:1.37045 STATE:IDLE
[2026-05-01T02:08:09+02:00] CHK MOM:0% RANGE:0% UP:0% SPREAD:0.00729713% BID:1.3704 ASK:1.3705 MID:1.37045 P1:1.37045 P2:1.37045 P3:1.37045 P4:1.37045 STATE:IDLE
[2026-05-01T02:08:09+02:00] CHK MOM:0% RANGE:0% UP:0% SPREAD:0.00729713% BID:1.3704 ASK:1.3705 MID:1.37045 P1:1.37045 P2:1.37045 P3:1.37045 P4:1.37045 STATE:IDLE
[2026-05-01T02:08:10+02:00] CHK MOM:0% RANGE:0% UP:0% SPREAD:0.00729713% BID:1.3704 ASK:1.3705 MID:1.37045 P1:1.37045 P2:1.37045 P3:1.37045 P4:1.37045 STATE:IDLE
[2026-05-01T02:08:10+02:00] CHK MOM:0% RANGE:0% UP:0% SPREAD:0.00729713% BID:1.3704 ASK:1.3705 MID:1.37045 P1:1.37045 P2:1.37045 P3:1.37045 P4:1.37045 STATE:IDLE
[2026-05-01T02:08:11+02:00] CHK MOM:0% RANGE:0% UP:0% SPREAD:0.00729713% BID:1.3704 ASK:1.3705 MID:1.37045 P1:1.37045 P2:1.37045 P3:1.37045 P4:1.37045 STATE:IDLE
[2026-05-01T02:08:11+02:00] CHK MOM:0% RANGE:0% UP:0% SPREAD:0.00729713% BID:1.3704 ASK:1.3705 MID:1.37045 P1:1.37045 P2:1.37045 P3:1.37045 P4:1.37045 STATE:IDLE
[2026-05-01T02:08:12+02:00] CHK MOM:0% RANGE:0% UP:0% SPREAD:0.00729713% BID:1.3704 ASK:1.3705 MID:1.37045 P1:1.37045 P2:1.37045 P3:1.37045 P4:1.37045 STATE:IDLE
[2026-05-01T02:08:13+02:00] CHK MOM:0% RANGE:0% UP:7.14% SPREAD:0.0072966% BID:1.3705 ASK:1.3706 MID:1.37055 P1:1.37055 P2:1.37045 P3:1.37045 P4:1.37045 STATE:IDLE
[2026-05-01T02:08:13+02:00] CHK MOM:0% RANGE:0% UP:6.66% SPREAD:0.0072966% BID:1.3705 ASK:1.3706 MID:1.37055 P1:1.37055 P2:1.37055 P3:1.37045 P4:1.37045 STATE:IDLE
[2026-05-01T02:08:14+02:00] CHK MOM:0% RANGE:0% UP:6.66% SPREAD:0.0072966% BID:1.3705 ASK:1.3706 MID:1.37055 P1:1.37055 P2:1.37055 P3:1.37045 P4:1.37045 STATE:IDLE
[2026-05-01T02:08:14+02:00] CHK MOM:0% RANGE:0% UP:6.66% SPREAD:0.0072966% BID:1.3705 ASK:1.3706 MID:1.37055 P1:1.37055 P2:1.37055 P3:1.37055 P4:1.37045 STATE:IDLE
[2026-05-01T02:08:15+02:00] CHK MOM:0% RANGE:0% UP:6.25% SPREAD:0.0072966% BID:1.3705 ASK:1.3706 MID:1.37055 P1:1.37055 P2:1.37055 P3:1.37055 P4:1.37055 STATE:IDLE
[2026-05-01T02:08:15+02:00] CHK MOM:0% RANGE:0% UP:6.25% SPREAD:0.0072966% BID:1.3705 ASK:1.3706 MID:1.37055 P1:1.37055 P2:1.37055 P3:1.37055 P4:1.37055 STATE:IDLE
[2026-05-01T02:08:16+02:00] CHK MOM:0% RANGE:0% UP:6.25% SPREAD:0.0072966% BID:1.3705 ASK:1.3706 MID:1.37055 P1:1.37055 P2:1.37055 P3:1.37055 P4:1.37055 STATE:IDLE
[2026-05-01T02:08:16+02:00] CHK MOM:0% RANGE:0% UP:6.25% SPREAD:0.0072966% BID:1.3705 ASK:1.3706 MID:1.37055 P1:1.37055 P2:1.37055 P3:1.37055 P4:1.37055 STATE:IDLE
[2026-05-01T02:08:17+02:00] CHK MOM:0% RANGE:0% UP:6.25% SPREAD:0.0072966% BID:1.3705 ASK:1.3706 MID:1.37055 P1:1.37055 P2:1.37055 P3:1.37055 P4:1.37055 STATE:IDLE
[2026-05-01T02:08:17+02:00] CHK MOM:0% RANGE:0% UP:6.66% SPREAD:0.00729713% BID:1.3704 ASK:1.3705 MID:1.37045 P1:1.37045 P2:1.37055 P3:1.37055 P4:1.37055 STATE:IDLE
[2026-05-01T02:08:18+02:00] CHK MOM:0% RANGE:0% UP:6.66% SPREAD:0.00729713% BID:1.3704 ASK:1.3705 MID:1.37045 P1:1.37045 P2:1.37045 P3:1.37055 P4:1.37055 STATE:IDLE
[2026-05-01T02:08:19+02:00] CHK MOM:0% RANGE:0% UP:6.25% SPREAD:0.00729713% BID:1.3704 ASK:1.3705 MID:1.37045 P1:1.37045 P2:1.37045 P3:1.37045 P4:1.37055 STATE:IDLE
[2026-05-01T02:08:19+02:00] CHK MOM:0% RANGE:0% UP:13.33% SPREAD:0.0072966% BID:1.3705 ASK:1.3706 MID:1.37055 P1:1.37055 P2:1.37045 P3:1.37045 P4:1.37045 STATE:IDLE
[2026-05-01T02:08:20+02:00] CHK MOM:0% RANGE:0% UP:13.33% SPREAD:0.0072966% BID:1.3705 ASK:1.3706 MID:1.37055 P1:1.37055 P2:1.37055 P3:1.37045 P4:1.37045 STATE:IDLE
[2026-05-01T02:08:20+02:00] CHK MOM:0% RANGE:0% UP:13.33% SPREAD:0.0072966% BID:1.3705 ASK:1.3706 MID:1.37055 P1:1.37055 P2:1.37055 P3:1.37045 P4:1.37045 STATE:IDLE
[2026-05-01T02:08:21+02:00] CHK MOM:0% RANGE:0% UP:13.33% SPREAD:0.0072966% BID:1.3705 ASK:1.3706 MID:1.37055 P1:1.37055 P2:1.37055 P3:1.37055 P4:1.37045 STATE:IDLE
[2026-05-01T02:08:21+02:00] CHK MOM:0% RANGE:0% UP:13.33% SPREAD:0.0072966% BID:1.3705 ASK:1.3706 MID:1.37055 P1:1.37055 P2:1.37055 P3:1.37055 P4:1.37045 STATE:IDLE
[2026-05-01T02:08:22+02:00] CHK MOM:0% RANGE:0% UP:14.28% SPREAD:0.0072966% BID:1.3705 ASK:1.3706 MID:1.37055 P1:1.37055 P2:1.37055 P3:1.37055 P4:1.37055 STATE:IDLE
[2026-05-01T02:08:22+02:00] CHK MOM:0% RANGE:0% UP:13.33% SPREAD:0.0072966% BID:1.3705 ASK:1.3706 MID:1.37055 P1:1.37055 P2:1.37055 P3:1.37055 P4:1.37055 STATE:IDLE
[2026-05-01T02:08:23+02:00] CHK MOM:0% RANGE:0% UP:13.33% SPREAD:0.0072966% BID:1.3705 ASK:1.3706 MID:1.37055 P1:1.37055 P2:1.37055 P3:1.37055 P4:1.37055 STATE:IDLE
[2026-05-01T02:08:24+02:00] CHK MOM:0% RANGE:0% UP:13.33% SPREAD:0.0072966% BID:1.3705 ASK:1.3706 MID:1.37055 P1:1.37055 P2:1.37055 P3:1.37055 P4:1.37055 STATE:IDLE
[2026-05-01T02:08:24+02:00] CHK MOM:0% RANGE:0% UP:12.5% SPREAD:0.0072966% BID:1.3705 ASK:1.3706 MID:1.37055 P1:1.37055 P2:1.37055 P3:1.37055 P4:1.37055 STATE:IDLE
[2026-05-01T02:08:25+02:00] CHK MOM:0% RANGE:0% UP:12.5% SPREAD:0.0072966% BID:1.3705 ASK:1.3706 MID:1.37055 P1:1.37055 P2:1.37055 P3:1.37055 P4:1.37055 STATE:IDLE
[2026-05-01T02:08:25+02:00] CHK MOM:0% RANGE:0% UP:12.5% SPREAD:0.0072966% BID:1.3705 ASK:1.3706 MID:1.37055 P1:1.37055 P2:1.37055 P3:1.37055 P4:1.37055 STATE:IDLE
[2026-05-01T02:08:26+02:00] CHK MOM:0% RANGE:0% UP:12.5% SPREAD:0.0072966% BID:1.3705 ASK:1.3706 MID:1.37055 P1:1.37055 P2:1.37055 P3:1.37055 P4:1.37055 STATE:IDLE
[2026-05-01T02:08:26+02:00] CHK MOM:0% RANGE:0% UP:12.5% SPREAD:0.0072966% BID:1.3705 ASK:1.3706 MID:1.37055 P1:1.37055 P2:1.37055 P3:1.37055 P4:1.37055 STATE:IDLE
[2026-05-01T02:08:27+02:00] CHK MOM:0% RANGE:0% UP:12.5% SPREAD:0.0072966% BID:1.3705 ASK:1.3706 MID:1.37055 P1:1.37055 P2:1.37055 P3:1.37055 P4:1.37055 STATE:IDLE
[2026-05-01T02:08:27+02:00] CHK MOM:0% RANGE:0% UP:12.5% SPREAD:0.0072966% BID:1.3705 ASK:1.3706 MID:1.37055 P1:1.37055 P2:1.37055 P3:1.37055 P4:1.37055 STATE:IDLE
[2026-05-01T02:08:28+02:00] CHK MOM:0% RANGE:0% UP:6.66% SPREAD:0.0072966% BID:1.3705 ASK:1.3706 MID:1.37055 P1:1.37055 P2:1.37055 P3:1.37055 P4:1.37055 STATE:IDLE
[2026-05-01T02:08:28+02:00] CHK MOM:0% RANGE:0.01% UP:13.33% SPREAD:0.00729607% BID:1.3706 ASK:1.3707 MID:1.37065 P1:1.37065 P2:1.37055 P3:1.37055 P4:1.37055 STATE:IDLE
[2026-05-01T02:08:29+02:00] CHK MOM:0% RANGE:0.01% UP:12.5% SPREAD:0.00729607% BID:1.3706 ASK:1.3707 MID:1.37065 P1:1.37065 P2:1.37065 P3:1.37055 P4:1.37055 STATE:IDLE
[2026-05-01T02:08:30+02:00] CHK MOM:0% RANGE:0.01% UP:12.5% SPREAD:0.00729607% BID:1.3706 ASK:1.3707 MID:1.37065 P1:1.37065 P2:1.37065 P3:1.37065 P4:1.37055 STATE:IDLE
[2026-05-01T02:08:30+02:00] CHK MOM:0% RANGE:0.01% UP:12.5% SPREAD:0.00729607% BID:1.3706 ASK:1.3707 MID:1.37065 P1:1.37065 P2:1.37065 P3:1.37065 P4:1.37055 STATE:IDLE
[2026-05-01T02:08:31+02:00] CHK MOM:0% RANGE:0.01% UP:12.5% SPREAD:0.00729607% BID:1.3706 ASK:1.3707 MID:1.37065 P1:1.37065 P2:1.37065 P3:1.37065 P4:1.37055 STATE:IDLE
[2026-05-01T02:08:31+02:00] CHK MOM:0% RANGE:0.01% UP:13.33% SPREAD:0.00729607% BID:1.3706 ASK:1.3707 MID:1.37065 P1:1.37065 P2:1.37065 P3:1.37065 P4:1.37065 STATE:IDLE
[2026-05-01T02:08:32+02:00] CHK MOM:0% RANGE:0.01% UP:13.33% SPREAD:0.00729607% BID:1.3706 ASK:1.3707 MID:1.37065 P1:1.37065 P2:1.37065 P3:1.37065 P4:1.37065 STATE:IDLE
[2026-05-01T02:08:32+02:00] CHK MOM:0% RANGE:0.01% UP:12.5% SPREAD:0.00729607% BID:1.3706 ASK:1.3707 MID:1.37065 P1:1.37065 P2:1.37065 P3:1.37065 P4:1.37065 STATE:IDLE
[2026-05-01T02:08:33+02:00] CHK MOM:0% RANGE:0.01% UP:12.5% SPREAD:0.00729607% BID:1.3706 ASK:1.3707 MID:1.37065 P1:1.37065 P2:1.37065 P3:1.37065 P4:1.37065 STATE:IDLE
[2026-05-01T02:08:33+02:00] CHK MOM:0% RANGE:0.01% UP:12.5% SPREAD:0.00729607% BID:1.3706 ASK:1.3707 MID:1.37065 P1:1.37065 P2:1.37065 P3:1.37065 P4:1.37065 STATE:IDLE
[2026-05-01T02:08:34+02:00] CHK MOM:0.01% RANGE:0.01% UP:14.28% SPREAD:0.00729607% BID:1.3706 ASK:1.3707 MID:1.37065 P1:1.37065 P2:1.37065 P3:1.37065 P4:1.37065 STATE:IDLE
[2026-05-01T02:08:35+02:00] CHK MOM:0.01% RANGE:0.01% UP:13.33% SPREAD:0.00729607% BID:1.3706 ASK:1.3707 MID:1.37065 P1:1.37065 P2:1.37065 P3:1.37065 P4:1.37065 STATE:IDLE
