[2026-05-11 21:18:25Z] SESSION_START symbol=ALGOUSDC dry_run=0 profile=major strategy=momentum base_url=https://api.binance.com
[2026-05-11 21:18:25Z] TOXIC_MEMORY_LOADED count=4 symbols=GUNUSDC,JTOUSDC,ORDIUSDC,SAHARAUSDC
[2026-05-11 21:18:30Z] CHK MOM:0% RANGE:0% UP:0% SPREAD:0.08097165% BID:0.1235 ASK:0.1236 MID:0.12355 P1:0.12355 P2:NA P3:NA P4:NA STATE:IDLE
[2026-05-11 21:18:31Z] CHK MOM:0% RANGE:0% UP:0% SPREAD:0.08097165% BID:0.1235 ASK:0.1236 MID:0.12355 P1:0.12355 P2:0.12355 P3:NA P4:NA STATE:IDLE
[2026-05-11 21:18:31Z] CHK MOM:0% RANGE:0% UP:0% SPREAD:0.08097165% BID:0.1235 ASK:0.1236 MID:0.12355 P1:0.12355 P2:0.12355 P3:NA P4:NA STATE:IDLE
[2026-05-11 21:18:32Z] CHK MOM:0% RANGE:0% UP:0% SPREAD:0.08097165% BID:0.1235 ASK:0.1236 MID:0.12355 P1:0.12355 P2:0.12355 P3:0.12355 P4:NA STATE:IDLE
[2026-05-11 21:18:32Z] CHK MOM:0% RANGE:0% UP:0% SPREAD:0.08097165% BID:0.1235 ASK:0.1236 MID:0.12355 P1:0.12355 P2:0.12355 P3:0.12355 P4:NA STATE:IDLE
[2026-05-11 21:18:33Z] CHK MOM:0% RANGE:0% UP:0% SPREAD:0.08097165% BID:0.1235 ASK:0.1236 MID:0.12355 P1:0.12355 P2:0.12355 P3:0.12355 P4:NA STATE:IDLE
[2026-05-11 21:18:33Z] CHK MOM:0% RANGE:0% UP:0% SPREAD:0.08097165% BID:0.1235 ASK:0.1236 MID:0.12355 P1:0.12355 P2:0.12355 P3:0.12355 P4:NA STATE:IDLE
[2026-05-11 21:18:34Z] CHK MOM:0% RANGE:0% UP:0% SPREAD:0.08097165% BID:0.1235 ASK:0.1236 MID:0.12355 P1:0.12355 P2:0.12355 P3:0.12355 P4:NA STATE:IDLE
[2026-05-11 21:18:34Z] CHK MOM:0% RANGE:0% UP:0% SPREAD:0.08097165% BID:0.1235 ASK:0.1236 MID:0.12355 P1:0.12355 P2:0.12355 P3:0.12355 P4:NA STATE:IDLE
[2026-05-11 21:18:36Z] CHK MOM:0% RANGE:0% UP:0% SPREAD:0.08097165% BID:0.1235 ASK:0.1236 MID:0.12355 P1:0.12355 P2:0.12355 P3:0.12355 P4:0.12355 STATE:IDLE
[2026-05-11 21:18:37Z] CHK MOM:0% RANGE:0% UP:0% SPREAD:0.08097165% BID:0.1235 ASK:0.1236 MID:0.12355 P1:0.12355 P2:0.12355 P3:0.12355 P4:0.12355 STATE:IDLE
[2026-05-11 21:18:37Z] CHK MOM:0% RANGE:0% UP:0% SPREAD:0.08097165% BID:0.1235 ASK:0.1236 MID:0.12355 P1:0.12355 P2:0.12355 P3:0.12355 P4:0.12355 STATE:IDLE
[2026-05-11 21:18:38Z] CHK MOM:0% RANGE:0% UP:0% SPREAD:0.08097165% BID:0.1235 ASK:0.1236 MID:0.12355 P1:0.12355 P2:0.12355 P3:0.12355 P4:0.12355 STATE:IDLE
[2026-05-11 21:18:38Z] CHK MOM:0% RANGE:0% UP:0% SPREAD:0.08097165% BID:0.1235 ASK:0.1236 MID:0.12355 P1:0.12355 P2:0.12355 P3:0.12355 P4:0.12355 STATE:IDLE
[2026-05-11 21:18:39Z] CHK MOM:0% RANGE:0% UP:0% SPREAD:0.08097165% BID:0.1235 ASK:0.1236 MID:0.12355 P1:0.12355 P2:0.12355 P3:0.12355 P4:0.12355 STATE:IDLE
[2026-05-11 21:18:39Z] CHK MOM:0% RANGE:0% UP:0% SPREAD:0.08097165% BID:0.1235 ASK:0.1236 MID:0.12355 P1:0.12355 P2:0.12355 P3:0.12355 P4:0.12355 STATE:IDLE
[2026-05-11 21:18:40Z] CHK MOM:0% RANGE:0% UP:0% SPREAD:0.08097165% BID:0.1235 ASK:0.1236 MID:0.12355 P1:0.12355 P2:0.12355 P3:0.12355 P4:0.12355 STATE:IDLE
[2026-05-11 21:18:40Z] CHK MOM:0% RANGE:0% UP:0% SPREAD:0.08097165% BID:0.1235 ASK:0.1236 MID:0.12355 P1:0.12355 P2:0.12355 P3:0.12355 P4:0.12355 STATE:IDLE
[2026-05-11 21:18:41Z] CHK MOM:0% RANGE:0% UP:0% SPREAD:0.08097165% BID:0.1235 ASK:0.1236 MID:0.12355 P1:0.12355 P2:0.12355 P3:0.12355 P4:0.12355 STATE:IDLE
[2026-05-11 21:18:47Z] CHK MOM:0% RANGE:0% UP:0% SPREAD:0.08097165% BID:0.1235 ASK:0.1236 MID:0.12355 P1:0.12355 P2:0.12355 P3:0.12355 P4:0.12355 STATE:IDLE
[2026-05-11 21:18:48Z] CHK MOM:0% RANGE:0% UP:0% SPREAD:0.08097165% BID:0.1235 ASK:0.1236 MID:0.12355 P1:0.12355 P2:0.12355 P3:0.12355 P4:0.12355 STATE:IDLE
[2026-05-11 21:18:48Z] CHK MOM:0% RANGE:0% UP:0% SPREAD:0.08097165% BID:0.1235 ASK:0.1236 MID:0.12355 P1:0.12355 P2:0.12355 P3:0.12355 P4:0.12355 STATE:IDLE
[2026-05-11 21:18:49Z] CHK MOM:0% RANGE:0% UP:0% SPREAD:0.08097165% BID:0.1235 ASK:0.1236 MID:0.12355 P1:0.12355 P2:0.12355 P3:0.12355 P4:0.12355 STATE:IDLE
[2026-05-11 21:18:49Z] CHK MOM:0% RANGE:0% UP:0% SPREAD:0.08097165% BID:0.1235 ASK:0.1236 MID:0.12355 P1:0.12355 P2:0.12355 P3:0.12355 P4:0.12355 STATE:IDLE
[2026-05-11 21:18:50Z] CHK MOM:0% RANGE:0% UP:0% SPREAD:0.08097165% BID:0.1235 ASK:0.1236 MID:0.12355 P1:0.12355 P2:0.12355 P3:0.12355 P4:0.12355 STATE:IDLE
[2026-05-11 21:18:51Z] CHK MOM:0% RANGE:0% UP:0% SPREAD:0.08097165% BID:0.1235 ASK:0.1236 MID:0.12355 P1:0.12355 P2:0.12355 P3:0.12355 P4:0.12355 STATE:IDLE
[2026-05-11 21:18:51Z] CHK MOM:0% RANGE:0% UP:0% SPREAD:0.08097165% BID:0.1235 ASK:0.1236 MID:0.12355 P1:0.12355 P2:0.12355 P3:0.12355 P4:0.12355 STATE:IDLE
[2026-05-11 21:18:52Z] CHK MOM:0% RANGE:0% UP:0% SPREAD:0.08097165% BID:0.1235 ASK:0.1236 MID:0.12355 P1:0.12355 P2:0.12355 P3:0.12355 P4:0.12355 STATE:IDLE
[2026-05-11 21:18:53Z] CHK MOM:0% RANGE:0% UP:0% SPREAD:0.08097165% BID:0.1235 ASK:0.1236 MID:0.12355 P1:0.12355 P2:0.12355 P3:0.12355 P4:0.12355 STATE:IDLE
[2026-05-11 21:18:53Z] CHK MOM:0% RANGE:0% UP:0% SPREAD:0.08097165% BID:0.1235 ASK:0.1236 MID:0.12355 P1:0.12355 P2:0.12355 P3:0.12355 P4:0.12355 STATE:IDLE
[2026-05-11 21:18:54Z] CHK MOM:0% RANGE:0% UP:0% SPREAD:0.08097165% BID:0.1235 ASK:0.1236 MID:0.12355 P1:0.12355 P2:0.12355 P3:0.12355 P4:0.12355 STATE:IDLE
[2026-05-11 21:18:54Z] CHK MOM:0% RANGE:0% UP:0% SPREAD:0.08097165% BID:0.1235 ASK:0.1236 MID:0.12355 P1:0.12355 P2:0.12355 P3:0.12355 P4:0.12355 STATE:IDLE
[2026-05-11 21:18:55Z] CHK MOM:0% RANGE:0% UP:0% SPREAD:0.08097165% BID:0.1235 ASK:0.1236 MID:0.12355 P1:0.12355 P2:0.12355 P3:0.12355 P4:0.12355 STATE:IDLE
[2026-05-11 21:18:55Z] CHK MOM:0% RANGE:0% UP:0% SPREAD:0.08097165% BID:0.1235 ASK:0.1236 MID:0.12355 P1:0.12355 P2:0.12355 P3:0.12355 P4:0.12355 STATE:IDLE
[2026-05-11 21:18:56Z] CHK MOM:0% RANGE:0% UP:0% SPREAD:0.08097165% BID:0.1235 ASK:0.1236 MID:0.12355 P1:0.12355 P2:0.12355 P3:0.12355 P4:0.12355 STATE:IDLE
[2026-05-11 21:18:56Z] CHK MOM:0% RANGE:0% UP:0% SPREAD:0.08097165% BID:0.1235 ASK:0.1236 MID:0.12355 P1:0.12355 P2:0.12355 P3:0.12355 P4:0.12355 STATE:IDLE
[2026-05-11 21:18:57Z] CHK MOM:0% RANGE:0% UP:0% SPREAD:0.08097165% BID:0.1235 ASK:0.1236 MID:0.12355 P1:0.12355 P2:0.12355 P3:0.12355 P4:0.12355 STATE:IDLE
[2026-05-11 21:18:57Z] CHK MOM:0% RANGE:0% UP:0% SPREAD:0.08097165% BID:0.1235 ASK:0.1236 MID:0.12355 P1:0.12355 P2:0.12355 P3:0.12355 P4:0.12355 STATE:IDLE
[2026-05-11 21:19:01Z] CHK MOM:0% RANGE:0% UP:0% SPREAD:0.08097165% BID:0.1235 ASK:0.1236 MID:0.12355 P1:0.12355 P2:0.12355 P3:0.12355 P4:0.12355 STATE:IDLE
[2026-05-11 21:19:01Z] CHK MOM:0% RANGE:0% UP:0% SPREAD:0.08097165% BID:0.1235 ASK:0.1236 MID:0.12355 P1:0.12355 P2:0.12355 P3:0.12355 P4:0.12355 STATE:IDLE
[2026-05-11 21:19:02Z] CHK MOM:0% RANGE:0% UP:0% SPREAD:0.08097165% BID:0.1235 ASK:0.1236 MID:0.12355 P1:0.12355 P2:0.12355 P3:0.12355 P4:0.12355 STATE:IDLE
[2026-05-11 21:19:02Z] CHK MOM:0% RANGE:0% UP:0% SPREAD:0.08097165% BID:0.1235 ASK:0.1236 MID:0.12355 P1:0.12355 P2:0.12355 P3:0.12355 P4:0.12355 STATE:IDLE
[2026-05-11 21:19:03Z] CHK MOM:0% RANGE:0% UP:0% SPREAD:0.08097165% BID:0.1235 ASK:0.1236 MID:0.12355 P1:0.12355 P2:0.12355 P3:0.12355 P4:0.12355 STATE:IDLE
[2026-05-11 21:19:04Z] CHK MOM:0% RANGE:0% UP:0% SPREAD:0.08097165% BID:0.1235 ASK:0.1236 MID:0.12355 P1:0.12355 P2:0.12355 P3:0.12355 P4:0.12355 STATE:IDLE
[2026-05-11 21:19:05Z] CHK MOM:0% RANGE:0% UP:0% SPREAD:0.08097165% BID:0.1235 ASK:0.1236 MID:0.12355 P1:0.12355 P2:0.12355 P3:0.12355 P4:0.12355 STATE:IDLE
[2026-05-11 21:19:05Z] CHK MOM:0% RANGE:0% UP:0% SPREAD:0.08097165% BID:0.1235 ASK:0.1236 MID:0.12355 P1:0.12355 P2:0.12355 P3:0.12355 P4:0.12355 STATE:IDLE
[2026-05-11 21:19:06Z] CHK MOM:0% RANGE:0% UP:0% SPREAD:0.08097165% BID:0.1235 ASK:0.1236 MID:0.12355 P1:0.12355 P2:0.12355 P3:0.12355 P4:0.12355 STATE:IDLE
[2026-05-11 21:19:07Z] CHK MOM:0% RANGE:0% UP:0% SPREAD:0.08097165% BID:0.1235 ASK:0.1236 MID:0.12355 P1:0.12355 P2:0.12355 P3:0.12355 P4:0.12355 STATE:IDLE
[2026-05-11 21:19:07Z] CHK MOM:0% RANGE:0% UP:0% SPREAD:0.08097165% BID:0.1235 ASK:0.1236 MID:0.12355 P1:0.12355 P2:0.12355 P3:0.12355 P4:0.12355 STATE:IDLE
[2026-05-11 21:19:08Z] CHK MOM:0% RANGE:0% UP:0% SPREAD:0.08097165% BID:0.1235 ASK:0.1236 MID:0.12355 P1:0.12355 P2:0.12355 P3:0.12355 P4:0.12355 STATE:IDLE
[2026-05-11 21:19:19Z] CHK MOM:0% RANGE:0% UP:0% SPREAD:0.08097165% BID:0.1235 ASK:0.1236 MID:0.12355 P1:0.12355 P2:0.12355 P3:0.12355 P4:0.12355 STATE:IDLE
[2026-05-11 21:19:20Z] CHK MOM:0% RANGE:0% UP:0% SPREAD:0.08097165% BID:0.1235 ASK:0.1236 MID:0.12355 P1:0.12355 P2:0.12355 P3:0.12355 P4:0.12355 STATE:IDLE
[2026-05-11 21:19:20Z] CHK MOM:0% RANGE:0% UP:0% SPREAD:0.08097165% BID:0.1235 ASK:0.1236 MID:0.12355 P1:0.12355 P2:0.12355 P3:0.12355 P4:0.12355 STATE:IDLE
[2026-05-11 21:19:21Z] CHK MOM:0% RANGE:0% UP:0% SPREAD:0.08097165% BID:0.1235 ASK:0.1236 MID:0.12355 P1:0.12355 P2:0.12355 P3:0.12355 P4:0.12355 STATE:IDLE
[2026-05-11 21:19:21Z] CHK MOM:0% RANGE:0% UP:0% SPREAD:0.08097165% BID:0.1235 ASK:0.1236 MID:0.12355 P1:0.12355 P2:0.12355 P3:0.12355 P4:0.12355 STATE:IDLE
[2026-05-11 21:19:22Z] CHK MOM:0% RANGE:0% UP:0% SPREAD:0.08097165% BID:0.1235 ASK:0.1236 MID:0.12355 P1:0.12355 P2:0.12355 P3:0.12355 P4:0.12355 STATE:IDLE
[2026-05-11 21:19:23Z] CHK MOM:0% RANGE:0% UP:0% SPREAD:0.08097165% BID:0.1235 ASK:0.1236 MID:0.12355 P1:0.12355 P2:0.12355 P3:0.12355 P4:0.12355 STATE:IDLE
[2026-05-11 21:19:23Z] CHK MOM:0% RANGE:0% UP:0% SPREAD:0.08097165% BID:0.1235 ASK:0.1236 MID:0.12355 P1:0.12355 P2:0.12355 P3:0.12355 P4:0.12355 STATE:IDLE
[2026-05-11 21:19:24Z] CHK MOM:0% RANGE:0% UP:0% SPREAD:0.08097165% BID:0.1235 ASK:0.1236 MID:0.12355 P1:0.12355 P2:0.12355 P3:0.12355 P4:0.12355 STATE:IDLE
[2026-05-11 21:19:25Z] CHK MOM:0% RANGE:0% UP:0% SPREAD:0.08097165% BID:0.1235 ASK:0.1236 MID:0.12355 P1:0.12355 P2:0.12355 P3:0.12355 P4:0.12355 STATE:IDLE
[2026-05-11 21:19:26Z] CHK MOM:0% RANGE:0% UP:0% SPREAD:0.08097165% BID:0.1235 ASK:0.1236 MID:0.12355 P1:0.12355 P2:0.12355 P3:0.12355 P4:0.12355 STATE:IDLE
[2026-05-11 21:19:26Z] CHK MOM:0% RANGE:0% UP:0% SPREAD:0.08097165% BID:0.1235 ASK:0.1236 MID:0.12355 P1:0.12355 P2:0.12355 P3:0.12355 P4:0.12355 STATE:IDLE
[2026-05-11 21:19:27Z] CHK MOM:0% RANGE:0% UP:0% SPREAD:0.08097165% BID:0.1235 ASK:0.1236 MID:0.12355 P1:0.12355 P2:0.12355 P3:0.12355 P4:0.12355 STATE:IDLE
[2026-05-11 21:19:27Z] CHK MOM:0% RANGE:0% UP:0% SPREAD:0.08097165% BID:0.1235 ASK:0.1236 MID:0.12355 P1:0.12355 P2:0.12355 P3:0.12355 P4:0.12355 STATE:IDLE
[2026-05-11 21:19:28Z] CHK MOM:0% RANGE:0% UP:0% SPREAD:0.08097165% BID:0.1235 ASK:0.1236 MID:0.12355 P1:0.12355 P2:0.12355 P3:0.12355 P4:0.12355 STATE:IDLE
[2026-05-11 21:19:32Z] CHK MOM:0% RANGE:0% UP:0% SPREAD:0.08097165% BID:0.1235 ASK:0.1236 MID:0.12355 P1:0.12355 P2:0.12355 P3:0.12355 P4:0.12355 STATE:IDLE
[2026-05-11 21:19:33Z] CHK MOM:0% RANGE:0% UP:0% SPREAD:0.08097165% BID:0.1235 ASK:0.1236 MID:0.12355 P1:0.12355 P2:0.12355 P3:0.12355 P4:0.12355 STATE:IDLE
[2026-05-11 21:19:33Z] CHK MOM:0% RANGE:0% UP:0% SPREAD:0.08097165% BID:0.1235 ASK:0.1236 MID:0.12355 P1:0.12355 P2:0.12355 P3:0.12355 P4:0.12355 STATE:IDLE
[2026-05-11 21:19:34Z] CHK MOM:0% RANGE:0% UP:0% SPREAD:0.08097165% BID:0.1235 ASK:0.1236 MID:0.12355 P1:0.12355 P2:0.12355 P3:0.12355 P4:0.12355 STATE:IDLE
[2026-05-11 21:19:34Z] CHK MOM:0% RANGE:0% UP:0% SPREAD:0.08097165% BID:0.1235 ASK:0.1236 MID:0.12355 P1:0.12355 P2:0.12355 P3:0.12355 P4:0.12355 STATE:IDLE
[2026-05-11 21:19:35Z] CHK MOM:0% RANGE:0% UP:0% SPREAD:0.08097165% BID:0.1235 ASK:0.1236 MID:0.12355 P1:0.12355 P2:0.12355 P3:0.12355 P4:0.12355 STATE:IDLE
[2026-05-11 21:19:36Z] CHK MOM:0% RANGE:0% UP:0% SPREAD:0.08097165% BID:0.1235 ASK:0.1236 MID:0.12355 P1:0.12355 P2:0.12355 P3:0.12355 P4:0.12355 STATE:IDLE
[2026-05-11 21:19:36Z] CHK MOM:0% RANGE:0% UP:0% SPREAD:0.08097165% BID:0.1235 ASK:0.1236 MID:0.12355 P1:0.12355 P2:0.12355 P3:0.12355 P4:0.12355 STATE:IDLE
[2026-05-11 21:19:37Z] CHK MOM:0% RANGE:0% UP:0% SPREAD:0.08097165% BID:0.1235 ASK:0.1236 MID:0.12355 P1:0.12355 P2:0.12355 P3:0.12355 P4:0.12355 STATE:IDLE
[2026-05-11 21:19:38Z] CHK MOM:0% RANGE:0% UP:0% SPREAD:0.08097165% BID:0.1235 ASK:0.1236 MID:0.12355 P1:0.12355 P2:0.12355 P3:0.12355 P4:0.12355 STATE:IDLE
[2026-05-11 21:19:38Z] CHK MOM:0% RANGE:0% UP:0% SPREAD:0.08097165% BID:0.1235 ASK:0.1236 MID:0.12355 P1:0.12355 P2:0.12355 P3:0.12355 P4:0.12355 STATE:IDLE
[2026-05-11 21:19:46Z] CHK MOM:0% RANGE:0% UP:0% SPREAD:0.08097165% BID:0.1235 ASK:0.1236 MID:0.12355 P1:0.12355 P2:0.12355 P3:0.12355 P4:0.12355 STATE:IDLE
[2026-05-11 21:19:46Z] CHK MOM:0% RANGE:0% UP:0% SPREAD:0.08097165% BID:0.1235 ASK:0.1236 MID:0.12355 P1:0.12355 P2:0.12355 P3:0.12355 P4:0.12355 STATE:IDLE
[2026-05-11 21:19:47Z] CHK MOM:0% RANGE:0% UP:0% SPREAD:0.08097165% BID:0.1235 ASK:0.1236 MID:0.12355 P1:0.12355 P2:0.12355 P3:0.12355 P4:0.12355 STATE:IDLE
[2026-05-11 21:19:47Z] CHK MOM:0% RANGE:0% UP:0% SPREAD:0.08097165% BID:0.1235 ASK:0.1236 MID:0.12355 P1:0.12355 P2:0.12355 P3:0.12355 P4:0.12355 STATE:IDLE
[2026-05-11 21:19:48Z] CHK MOM:0% RANGE:0% UP:0% SPREAD:0.08097165% BID:0.1235 ASK:0.1236 MID:0.12355 P1:0.12355 P2:0.12355 P3:0.12355 P4:0.12355 STATE:IDLE
[2026-05-11 21:19:52Z] CHK MOM:0% RANGE:0% UP:0% SPREAD:0.08097165% BID:0.1235 ASK:0.1236 MID:0.12355 P1:0.12355 P2:0.12355 P3:0.12355 P4:0.12355 STATE:IDLE
[2026-05-11 21:19:52Z] CHK MOM:0% RANGE:0% UP:0% SPREAD:0.08097165% BID:0.1235 ASK:0.1236 MID:0.12355 P1:0.12355 P2:0.12355 P3:0.12355 P4:0.12355 STATE:IDLE
[2026-05-11 21:19:53Z] CHK MOM:0% RANGE:0% UP:0% SPREAD:0.08097165% BID:0.1235 ASK:0.1236 MID:0.12355 P1:0.12355 P2:0.12355 P3:0.12355 P4:0.12355 STATE:IDLE
[2026-05-11 21:19:53Z] CHK MOM:0% RANGE:0% UP:0% SPREAD:0.08097165% BID:0.1235 ASK:0.1236 MID:0.12355 P1:0.12355 P2:0.12355 P3:0.12355 P4:0.12355 STATE:IDLE
[2026-05-11 21:19:54Z] CHK MOM:0% RANGE:0% UP:0% SPREAD:0.08097165% BID:0.1235 ASK:0.1236 MID:0.12355 P1:0.12355 P2:0.12355 P3:0.12355 P4:0.12355 STATE:IDLE
[2026-05-11 21:19:54Z] CHK MOM:0% RANGE:0% UP:0% SPREAD:0.08097165% BID:0.1235 ASK:0.1236 MID:0.12355 P1:0.12355 P2:0.12355 P3:0.12355 P4:0.12355 STATE:IDLE
[2026-05-11 21:19:58Z] CHK MOM:0% RANGE:0% UP:0% SPREAD:0.08097165% BID:0.1235 ASK:0.1236 MID:0.12355 P1:0.12355 P2:0.12355 P3:0.12355 P4:0.12355 STATE:IDLE
[2026-05-11 21:19:58Z] CHK MOM:0% RANGE:0% UP:0% SPREAD:0.08097165% BID:0.1235 ASK:0.1236 MID:0.12355 P1:0.12355 P2:0.12355 P3:0.12355 P4:0.12355 STATE:IDLE
[2026-05-11 21:19:59Z] CHK MOM:0% RANGE:0% UP:0% SPREAD:0.08097165% BID:0.1235 ASK:0.1236 MID:0.12355 P1:0.12355 P2:0.12355 P3:0.12355 P4:0.12355 STATE:IDLE
[2026-05-11 21:19:59Z] CHK MOM:0% RANGE:0% UP:0% SPREAD:0.08097165% BID:0.1235 ASK:0.1236 MID:0.12355 P1:0.12355 P2:0.12355 P3:0.12355 P4:0.12355 STATE:IDLE
[2026-05-11 21:20:01Z] CHK MOM:0% RANGE:0% UP:0% SPREAD:0.08097165% BID:0.1235 ASK:0.1236 MID:0.12355 P1:0.12355 P2:0.12355 P3:0.12355 P4:0.12355 STATE:IDLE
[2026-05-11 21:20:01Z] CHK MOM:0% RANGE:0% UP:0% SPREAD:0.08097165% BID:0.1235 ASK:0.1236 MID:0.12355 P1:0.12355 P2:0.12355 P3:0.12355 P4:0.12355 STATE:IDLE
[2026-05-11 21:20:02Z] CHK MOM:0% RANGE:0% UP:0% SPREAD:0.08097165% BID:0.1235 ASK:0.1236 MID:0.12355 P1:0.12355 P2:0.12355 P3:0.12355 P4:0.12355 STATE:IDLE
[2026-05-11 21:20:03Z] CHK MOM:0% RANGE:0% UP:0% SPREAD:0.08097165% BID:0.1235 ASK:0.1236 MID:0.12355 P1:0.12355 P2:0.12355 P3:0.12355 P4:0.12355 STATE:IDLE
[2026-05-11 21:20:03Z] CHK MOM:0% RANGE:0% UP:0% SPREAD:0.08097165% BID:0.1235 ASK:0.1236 MID:0.12355 P1:0.12355 P2:0.12355 P3:0.12355 P4:0.12355 STATE:IDLE
[2026-05-11 21:20:06Z] CHK MOM:0.04% RANGE:0.04% UP:50% SPREAD:0.16194331% BID:0.1235 ASK:0.1237 MID:0.1236 P1:0.1236 P2:0.12355 P3:0.12355 P4:0.12355 STATE:IDLE
[2026-05-11 21:20:06Z] CHK MOM:0.04% RANGE:0.04% UP:50% SPREAD:0.16194331% BID:0.1235 ASK:0.1237 MID:0.1236 P1:0.1236 P2:0.12355 P3:0.12355 P4:0.12355 STATE:IDLE
[2026-05-11 21:20:07Z] CHK MOM:0.08% RANGE:0.08% UP:66.66% SPREAD:0.08090614% BID:0.1236 ASK:0.1237 MID:0.12365 P1:0.12365 P2:0.1236 P3:0.12355 P4:0.12355 STATE:IDLE
[2026-05-11 21:20:07Z] CHK MOM:0.08% RANGE:0.08% UP:66.66% SPREAD:0.08090614% BID:0.1236 ASK:0.1237 MID:0.12365 P1:0.12365 P2:0.1236 P3:0.12355 P4:0.12355 STATE:IDLE
[2026-05-11 21:20:08Z] CHK MOM:0.08% RANGE:0.08% UP:50% SPREAD:0.08090614% BID:0.1236 ASK:0.1237 MID:0.12365 P1:0.12365 P2:0.12365 P3:0.1236 P4:0.12355 STATE:IDLE
[2026-05-11 21:20:09Z] CHK MOM:0.08% RANGE:0.08% UP:50% SPREAD:0.08090614% BID:0.1236 ASK:0.1237 MID:0.12365 P1:0.12365 P2:0.12365 P3:0.1236 P4:0.12355 STATE:IDLE
[2026-05-11 21:20:09Z] CHK MOM:0.08% RANGE:0.08% UP:50% SPREAD:0.08090614% BID:0.1236 ASK:0.1237 MID:0.12365 P1:0.12365 P2:0.12365 P3:0.1236 P4:0.12355 STATE:IDLE
[2026-05-11 21:20:10Z] CHK MOM:0.08% RANGE:0.08% UP:50% SPREAD:0.08090614% BID:0.1236 ASK:0.1237 MID:0.12365 P1:0.12365 P2:0.12365 P3:0.1236 P4:0.12355 STATE:IDLE
[2026-05-11 21:20:10Z] CHK MOM:0.08% RANGE:0.08% UP:50% SPREAD:0.08090614% BID:0.1236 ASK:0.1237 MID:0.12365 P1:0.12365 P2:0.12365 P3:0.1236 P4:0.12355 STATE:IDLE
[2026-05-11 21:20:12Z] CHK MOM:0.08% RANGE:0.08% UP:50% SPREAD:0.08090614% BID:0.1236 ASK:0.1237 MID:0.12365 P1:0.12365 P2:0.12365 P3:0.12365 P4:0.1236 STATE:IDLE
[2026-05-11 21:20:13Z] CHK MOM:0.08% RANGE:0.08% UP:50% SPREAD:0.08090614% BID:0.1236 ASK:0.1237 MID:0.12365 P1:0.12365 P2:0.12365 P3:0.12365 P4:0.1236 STATE:IDLE
[2026-05-11 21:20:14Z] CHK MOM:0.08% RANGE:0.08% UP:50% SPREAD:0.08090614% BID:0.1236 ASK:0.1237 MID:0.12365 P1:0.12365 P2:0.12365 P3:0.12365 P4:0.1236 STATE:IDLE
[2026-05-11 21:20:14Z] CHK MOM:0.08% RANGE:0.08% UP:50% SPREAD:0.08090614% BID:0.1236 ASK:0.1237 MID:0.12365 P1:0.12365 P2:0.12365 P3:0.12365 P4:0.1236 STATE:IDLE
[2026-05-11 21:20:15Z] CHK MOM:0.08% RANGE:0.08% UP:50% SPREAD:0.08090614% BID:0.1236 ASK:0.1237 MID:0.12365 P1:0.12365 P2:0.12365 P3:0.12365 P4:0.1236 STATE:IDLE
[2026-05-11 21:20:31Z] CHK MOM:0% RANGE:0% UP:0% SPREAD:0.08090614% BID:0.1236 ASK:0.1237 MID:0.12365 P1:0.12365 P2:0.12365 P3:0.12365 P4:0.12365 STATE:IDLE
[2026-05-11 21:26:51Z] SESSION_START symbol=ALGOUSDC dry_run=0 profile=major strategy=momentum base_url=https://api.binance.com
[2026-05-11 21:26:51Z] TOXIC_MEMORY_LOADED count=4 symbols=GUNUSDC,JTOUSDC,ORDIUSDC,SAHARAUSDC
[2026-05-11 21:26:58Z] CHK MOM:0% RANGE:0% UP:0% SPREAD:0.16181229% BID:0.1236 ASK:0.1238 MID:0.1237 P1:0.1237 P2:NA P3:NA P4:NA STATE:IDLE
[2026-05-11 21:26:59Z] CHK MOM:0% RANGE:0% UP:0% SPREAD:0.16181229% BID:0.1236 ASK:0.1238 MID:0.1237 P1:0.1237 P2:NA P3:NA P4:NA STATE:IDLE
[2026-05-11 21:26:59Z] CHK MOM:0% RANGE:0% UP:0% SPREAD:0.16181229% BID:0.1236 ASK:0.1238 MID:0.1237 P1:0.1237 P2:NA P3:NA P4:NA STATE:IDLE
[2026-05-11 21:27:00Z] CHK MOM:0% RANGE:0% UP:0% SPREAD:0.16181229% BID:0.1236 ASK:0.1238 MID:0.1237 P1:0.1237 P2:NA P3:NA P4:NA STATE:IDLE
[2026-05-11 21:27:00Z] CHK MOM:-0.08% RANGE:0.08% UP:0% SPREAD:0.16194331% BID:0.1235 ASK:0.1237 MID:0.1236 P1:0.1236 P2:0.1237 P3:NA P4:NA STATE:IDLE
[2026-05-11 21:27:01Z] CHK MOM:-0.08% RANGE:0.08% UP:0% SPREAD:0.16194331% BID:0.1235 ASK:0.1237 MID:0.1236 P1:0.1236 P2:0.1237 P3:NA P4:NA STATE:IDLE
[2026-05-11 21:27:01Z] CHK MOM:-0.08% RANGE:0.08% UP:0% SPREAD:0.16194331% BID:0.1235 ASK:0.1237 MID:0.1236 P1:0.1236 P2:0.1237 P3:NA P4:NA STATE:IDLE
[2026-05-11 21:27:02Z] CHK MOM:-0.08% RANGE:0.08% UP:0% SPREAD:0.16194331% BID:0.1235 ASK:0.1237 MID:0.1236 P1:0.1236 P2:0.1237 P3:NA P4:NA STATE:IDLE
[2026-05-11 21:27:02Z] CHK MOM:-0.08% RANGE:0.08% UP:0% SPREAD:0.16194331% BID:0.1235 ASK:0.1237 MID:0.1236 P1:0.1236 P2:0.1237 P3:NA P4:NA STATE:IDLE
[2026-05-11 21:27:03Z] CHK MOM:-0.08% RANGE:0.08% UP:0% SPREAD:0.16194331% BID:0.1235 ASK:0.1237 MID:0.1236 P1:0.1236 P2:0.1237 P3:NA P4:NA STATE:IDLE
[2026-05-11 21:27:06Z] CHK MOM:0% RANGE:0.08% UP:50% SPREAD:0.16181229% BID:0.1236 ASK:0.1238 MID:0.1237 P1:0.1237 P2:0.1236 P3:0.1237 P4:NA STATE:IDLE
[2026-05-11 21:27:07Z] CHK MOM:-0.04% RANGE:0.08% UP:33.33% SPREAD:0.08090614% BID:0.1236 ASK:0.1237 MID:0.12365 P1:0.12365 P2:0.1237 P3:0.1236 P4:0.1237 STATE:IDLE
[2026-05-11 21:27:07Z] CHK MOM:-0.04% RANGE:0.08% UP:33.33% SPREAD:0.08090614% BID:0.1236 ASK:0.1237 MID:0.12365 P1:0.12365 P2:0.1237 P3:0.1236 P4:0.1237 STATE:IDLE
[2026-05-11 21:27:08Z] CHK MOM:-0.04% RANGE:0.08% UP:25% SPREAD:0.08090614% BID:0.1236 ASK:0.1237 MID:0.12365 P1:0.12365 P2:0.12365 P3:0.1237 P4:0.1236 STATE:IDLE
[2026-05-11 21:27:08Z] CHK MOM:-0.04% RANGE:0.08% UP:20% SPREAD:0.08090614% BID:0.1236 ASK:0.1237 MID:0.12365 P1:0.12365 P2:0.12365 P3:0.12365 P4:0.1237 STATE:IDLE
[2026-05-11 21:27:09Z] CHK MOM:-0.04% RANGE:0.08% UP:20% SPREAD:0.08090614% BID:0.1236 ASK:0.1237 MID:0.12365 P1:0.12365 P2:0.12365 P3:0.12365 P4:0.1237 STATE:IDLE
[2026-05-11 21:27:09Z] CHK MOM:-0.04% RANGE:0.08% UP:16.66% SPREAD:0.08090614% BID:0.1236 ASK:0.1237 MID:0.12365 P1:0.12365 P2:0.12365 P3:0.12365 P4:0.12365 STATE:IDLE
[2026-05-11 21:27:10Z] CHK MOM:-0.04% RANGE:0.08% UP:14.28% SPREAD:0.08090614% BID:0.1236 ASK:0.1237 MID:0.12365 P1:0.12365 P2:0.12365 P3:0.12365 P4:0.12365 STATE:IDLE
[2026-05-11 21:27:10Z] CHK MOM:0.08% RANGE:0.08% UP:28.57% SPREAD:0.16181229% BID:0.1236 ASK:0.1238 MID:0.1237 P1:0.1237 P2:0.12365 P3:0.12365 P4:0.12365 STATE:IDLE
[2026-05-11 21:27:11Z] CHK MOM:0.04% RANGE:0.08% UP:25% SPREAD:0.08090614% BID:0.1236 ASK:0.1237 MID:0.12365 P1:0.12365 P2:0.1237 P3:0.12365 P4:0.12365 STATE:IDLE
[2026-05-11 21:27:12Z] CHK MOM:0.04% RANGE:0.08% UP:25% SPREAD:0.08090614% BID:0.1236 ASK:0.1237 MID:0.12365 P1:0.12365 P2:0.1237 P3:0.12365 P4:0.12365 STATE:IDLE
[2026-05-11 21:27:12Z] CHK MOM:0.04% RANGE:0.08% UP:25% SPREAD:0.08090614% BID:0.1236 ASK:0.1237 MID:0.12365 P1:0.12365 P2:0.1237 P3:0.12365 P4:0.12365 STATE:IDLE
[2026-05-11 21:27:13Z] CHK MOM:-0.04% RANGE:0.04% UP:12.5% SPREAD:0.08090614% BID:0.1236 ASK:0.1237 MID:0.12365 P1:0.12365 P2:0.12365 P3:0.1237 P4:0.12365 STATE:IDLE
[2026-05-11 21:27:13Z] CHK MOM:-0.04% RANGE:0.04% UP:12.5% SPREAD:0.08090614% BID:0.1236 ASK:0.1237 MID:0.12365 P1:0.12365 P2:0.12365 P3:0.1237 P4:0.12365 STATE:IDLE
[2026-05-11 21:27:14Z] CHK MOM:-0.04% RANGE:0.04% UP:12.5% SPREAD:0.08090614% BID:0.1236 ASK:0.1237 MID:0.12365 P1:0.12365 P2:0.12365 P3:0.1237 P4:0.12365 STATE:IDLE
[2026-05-11 21:27:14Z] CHK MOM:0% RANGE:0.04% UP:22.22% SPREAD:0.16181229% BID:0.1236 ASK:0.1238 MID:0.1237 P1:0.1237 P2:0.12365 P3:0.12365 P4:0.1237 STATE:IDLE
[2026-05-11 21:27:15Z] CHK MOM:0% RANGE:0.04% UP:22.22% SPREAD:0.16181229% BID:0.1236 ASK:0.1238 MID:0.1237 P1:0.1237 P2:0.12365 P3:0.12365 P4:0.1237 STATE:IDLE
[2026-05-11 21:27:15Z] CHK MOM:0% RANGE:0.04% UP:22.22% SPREAD:0.16181229% BID:0.1236 ASK:0.1238 MID:0.1237 P1:0.1237 P2:0.12365 P3:0.12365 P4:0.1237 STATE:IDLE
[2026-05-11 21:27:16Z] CHK MOM:0% RANGE:0.04% UP:22.22% SPREAD:0.16181229% BID:0.1236 ASK:0.1238 MID:0.1237 P1:0.1237 P2:0.12365 P3:0.12365 P4:0.1237 STATE:IDLE
[2026-05-11 21:27:17Z] CHK MOM:0% RANGE:0.04% UP:20% SPREAD:0.16181229% BID:0.1236 ASK:0.1238 MID:0.1237 P1:0.1237 P2:0.1237 P3:0.12365 P4:0.12365 STATE:IDLE
[2026-05-11 21:27:17Z] CHK MOM:0% RANGE:0.04% UP:18.18% SPREAD:0.16181229% BID:0.1236 ASK:0.1238 MID:0.1237 P1:0.1237 P2:0.1237 P3:0.1237 P4:0.12365 STATE:IDLE
[2026-05-11 21:27:18Z] CHK MOM:0% RANGE:0.04% UP:18.18% SPREAD:0.16181229% BID:0.1236 ASK:0.1238 MID:0.1237 P1:0.1237 P2:0.1237 P3:0.1237 P4:0.12365 STATE:IDLE
[2026-05-11 21:27:18Z] CHK MOM:0% RANGE:0.04% UP:18.18% SPREAD:0.16181229% BID:0.1236 ASK:0.1238 MID:0.1237 P1:0.1237 P2:0.1237 P3:0.1237 P4:0.12365 STATE:IDLE
[2026-05-11 21:27:19Z] CHK MOM:0% RANGE:0.04% UP:18.18% SPREAD:0.16181229% BID:0.1236 ASK:0.1238 MID:0.1237 P1:0.1237 P2:0.1237 P3:0.1237 P4:0.12365 STATE:IDLE
[2026-05-11 21:27:19Z] CHK MOM:0% RANGE:0.04% UP:18.18% SPREAD:0.16181229% BID:0.1236 ASK:0.1238 MID:0.1237 P1:0.1237 P2:0.1237 P3:0.1237 P4:0.12365 STATE:IDLE
[2026-05-11 21:27:20Z] CHK MOM:0.04% RANGE:0.04% UP:20% SPREAD:0.16181229% BID:0.1236 ASK:0.1238 MID:0.1237 P1:0.1237 P2:0.1237 P3:0.1237 P4:0.1237 STATE:IDLE
[2026-05-11 21:27:20Z] CHK MOM:0.04% RANGE:0.04% UP:20% SPREAD:0.16181229% BID:0.1236 ASK:0.1238 MID:0.1237 P1:0.1237 P2:0.1237 P3:0.1237 P4:0.1237 STATE:IDLE
[2026-05-11 21:27:21Z] CHK MOM:0.04% RANGE:0.04% UP:20% SPREAD:0.16181229% BID:0.1236 ASK:0.1238 MID:0.1237 P1:0.1237 P2:0.1237 P3:0.1237 P4:0.1237 STATE:IDLE
[2026-05-11 21:27:21Z] CHK MOM:0.04% RANGE:0.04% UP:20% SPREAD:0.16181229% BID:0.1236 ASK:0.1238 MID:0.1237 P1:0.1237 P2:0.1237 P3:0.1237 P4:0.1237 STATE:IDLE
[2026-05-11 21:27:22Z] CHK MOM:0.04% RANGE:0.04% UP:20% SPREAD:0.16181229% BID:0.1236 ASK:0.1238 MID:0.1237 P1:0.1237 P2:0.1237 P3:0.1237 P4:0.1237 STATE:IDLE
[2026-05-11 21:27:24Z] CHK MOM:0.04% RANGE:0.04% UP:20% SPREAD:0.16181229% BID:0.1236 ASK:0.1238 MID:0.1237 P1:0.1237 P2:0.1237 P3:0.1237 P4:0.1237 STATE:IDLE
[2026-05-11 21:27:25Z] CHK MOM:0.04% RANGE:0.04% UP:20% SPREAD:0.16181229% BID:0.1236 ASK:0.1238 MID:0.1237 P1:0.1237 P2:0.1237 P3:0.1237 P4:0.1237 STATE:IDLE
[2026-05-11 21:27:25Z] CHK MOM:0.04% RANGE:0.04% UP:20% SPREAD:0.16181229% BID:0.1236 ASK:0.1238 MID:0.1237 P1:0.1237 P2:0.1237 P3:0.1237 P4:0.1237 STATE:IDLE
[2026-05-11 21:27:26Z] CHK MOM:0.04% RANGE:0.04% UP:20% SPREAD:0.16181229% BID:0.1236 ASK:0.1238 MID:0.1237 P1:0.1237 P2:0.1237 P3:0.1237 P4:0.1237 STATE:IDLE
[2026-05-11 21:27:26Z] CHK MOM:0.04% RANGE:0.04% UP:20% SPREAD:0.16181229% BID:0.1236 ASK:0.1238 MID:0.1237 P1:0.1237 P2:0.1237 P3:0.1237 P4:0.1237 STATE:IDLE
[2026-05-11 21:27:27Z] CHK MOM:-0.04% RANGE:0.04% UP:0% SPREAD:0.08090614% BID:0.1236 ASK:0.1237 MID:0.12365 P1:0.12365 P2:0.1237 P3:0.1237 P4:0.1237 STATE:IDLE
[2026-05-11 21:27:28Z] CHK MOM:0% RANGE:0.04% UP:20% SPREAD:0.16181229% BID:0.1236 ASK:0.1238 MID:0.1237 P1:0.1237 P2:0.12365 P3:0.1237 P4:0.1237 STATE:IDLE
[2026-05-11 21:27:28Z] CHK MOM:-0.04% RANGE:0.04% UP:20% SPREAD:0.08090614% BID:0.1236 ASK:0.1237 MID:0.12365 P1:0.12365 P2:0.1237 P3:0.12365 P4:0.1237 STATE:IDLE
[2026-05-11 21:27:29Z] CHK MOM:-0.04% RANGE:0.04% UP:16.66% SPREAD:0.08090614% BID:0.1236 ASK:0.1237 MID:0.12365 P1:0.12365 P2:0.12365 P3:0.1237 P4:0.12365 STATE:IDLE
[2026-05-11 21:27:29Z] CHK MOM:-0.04% RANGE:0.04% UP:16.66% SPREAD:0.08090614% BID:0.1236 ASK:0.1237 MID:0.12365 P1:0.12365 P2:0.12365 P3:0.1237 P4:0.12365 STATE:IDLE
[2026-05-11 21:27:30Z] CHK MOM:-0.04% RANGE:0.04% UP:16.66% SPREAD:0.08090614% BID:0.1236 ASK:0.1237 MID:0.12365 P1:0.12365 P2:0.12365 P3:0.1237 P4:0.12365 STATE:IDLE
[2026-05-11 21:27:30Z] CHK MOM:-0.04% RANGE:0.04% UP:16.66% SPREAD:0.08090614% BID:0.1236 ASK:0.1237 MID:0.12365 P1:0.12365 P2:0.12365 P3:0.1237 P4:0.12365 STATE:IDLE
[2026-05-11 21:27:31Z] CHK MOM:-0.04% RANGE:0.04% UP:16.66% SPREAD:0.08090614% BID:0.1236 ASK:0.1237 MID:0.12365 P1:0.12365 P2:0.12365 P3:0.1237 P4:0.12365 STATE:IDLE
[2026-05-11 21:27:31Z] CHK MOM:-0.04% RANGE:0.04% UP:16.66% SPREAD:0.08090614% BID:0.1236 ASK:0.1237 MID:0.12365 P1:0.12365 P2:0.12365 P3:0.1237 P4:0.12365 STATE:IDLE
[2026-05-11 21:27:36Z] CHK MOM:0% RANGE:0.04% UP:40% SPREAD:0.16181229% BID:0.1236 ASK:0.1238 MID:0.1237 P1:0.1237 P2:0.12365 P3:0.12365 P4:0.1237 STATE:IDLE
[2026-05-11 21:27:37Z] CHK MOM:0% RANGE:0.04% UP:40% SPREAD:0.16181229% BID:0.1236 ASK:0.1238 MID:0.1237 P1:0.1237 P2:0.12365 P3:0.12365 P4:0.1237 STATE:IDLE
[2026-05-11 21:27:37Z] CHK MOM:0.04% RANGE:0.04% UP:40% SPREAD:0.16181229% BID:0.1236 ASK:0.1238 MID:0.1237 P1:0.1237 P2:0.1237 P3:0.12365 P4:0.12365 STATE:IDLE
[2026-05-11 21:27:38Z] CHK MOM:0.04% RANGE:0.04% UP:40% SPREAD:0.16181229% BID:0.1236 ASK:0.1238 MID:0.1237 P1:0.1237 P2:0.1237 P3:0.12365 P4:0.12365 STATE:IDLE
[2026-05-11 21:27:38Z] CHK MOM:0.04% RANGE:0.04% UP:40% SPREAD:0.16181229% BID:0.1236 ASK:0.1238 MID:0.1237 P1:0.1237 P2:0.1237 P3:0.12365 P4:0.12365 STATE:IDLE
[2026-05-11 21:27:39Z] CHK MOM:0.04% RANGE:0.04% UP:40% SPREAD:0.16181229% BID:0.1236 ASK:0.1238 MID:0.1237 P1:0.1237 P2:0.1237 P3:0.12365 P4:0.12365 STATE:IDLE
[2026-05-11 21:27:39Z] CHK MOM:0.04% RANGE:0.04% UP:40% SPREAD:0.16181229% BID:0.1236 ASK:0.1238 MID:0.1237 P1:0.1237 P2:0.1237 P3:0.12365 P4:0.12365 STATE:IDLE
[2026-05-11 21:27:40Z] CHK MOM:0.04% RANGE:0.04% UP:40% SPREAD:0.16181229% BID:0.1236 ASK:0.1238 MID:0.1237 P1:0.1237 P2:0.1237 P3:0.12365 P4:0.12365 STATE:IDLE
[2026-05-11 21:27:44Z] CHK MOM:0% RANGE:0% UP:0% SPREAD:0.16181229% BID:0.1236 ASK:0.1238 MID:0.1237 P1:0.1237 P2:0.1237 P3:0.1237 P4:0.12365 STATE:IDLE
[2026-05-11 21:27:44Z] CHK MOM:0% RANGE:0% UP:0% SPREAD:0.16181229% BID:0.1236 ASK:0.1238 MID:0.1237 P1:0.1237 P2:0.1237 P3:0.1237 P4:0.12365 STATE:IDLE
[2026-05-11 21:27:45Z] CHK MOM:0% RANGE:0% UP:0% SPREAD:0.16181229% BID:0.1236 ASK:0.1238 MID:0.1237 P1:0.1237 P2:0.1237 P3:0.1237 P4:0.12365 STATE:IDLE
[2026-05-11 21:27:45Z] CHK MOM:0% RANGE:0% UP:0% SPREAD:0.16181229% BID:0.1236 ASK:0.1238 MID:0.1237 P1:0.1237 P2:0.1237 P3:0.1237 P4:0.12365 STATE:IDLE
[2026-05-11 21:27:46Z] CHK MOM:0% RANGE:0% UP:0% SPREAD:0.16181229% BID:0.1236 ASK:0.1238 MID:0.1237 P1:0.1237 P2:0.1237 P3:0.1237 P4:0.12365 STATE:IDLE
[2026-05-11 21:27:48Z] CHK MOM:0% RANGE:0% UP:0% SPREAD:0.16181229% BID:0.1236 ASK:0.1238 MID:0.1237 P1:0.1237 P2:0.1237 P3:0.1237 P4:0.1237 STATE:IDLE
[2026-05-11 21:27:48Z] CHK MOM:0% RANGE:0% UP:0% SPREAD:0.16181229% BID:0.1236 ASK:0.1238 MID:0.1237 P1:0.1237 P2:0.1237 P3:0.1237 P4:0.1237 STATE:IDLE
[2026-05-11 21:27:49Z] CHK MOM:0.04% RANGE:0.04% UP:25% SPREAD:0.08084074% BID:0.1237 ASK:0.1238 MID:0.12375 P1:0.12375 P2:0.1237 P3:0.1237 P4:0.1237 STATE:IDLE
[2026-05-11 21:27:50Z] CHK MOM:0.08% RANGE:0.08% UP:50% SPREAD:0.16168148% BID:0.1237 ASK:0.1239 MID:0.1238 P1:0.1238 P2:0.12375 P3:0.1237 P4:0.1237 STATE:IDLE
[2026-05-11 21:27:50Z] CHK MOM:0.08% RANGE:0.08% UP:50% SPREAD:0.16168148% BID:0.1237 ASK:0.1239 MID:0.1238 P1:0.1238 P2:0.12375 P3:0.1237 P4:0.1237 STATE:IDLE
[2026-05-11 21:27:51Z] CHK MOM:0.08% RANGE:0.08% UP:50% SPREAD:0.16168148% BID:0.1237 ASK:0.1239 MID:0.1238 P1:0.1238 P2:0.12375 P3:0.1237 P4:0.1237 STATE:IDLE
[2026-05-11 21:27:51Z] CHK MOM:0% RANGE:0.08% UP:40% SPREAD:0.16181229% BID:0.1236 ASK:0.1238 MID:0.1237 P1:0.1237 P2:0.1238 P3:0.12375 P4:0.1237 STATE:IDLE
[2026-05-11 21:27:52Z] CHK MOM:0% RANGE:0.08% UP:33.33% SPREAD:0.16181229% BID:0.1236 ASK:0.1238 MID:0.1237 P1:0.1237 P2:0.1237 P3:0.1238 P4:0.12375 STATE:IDLE
[2026-05-11 21:27:52Z] CHK MOM:0% RANGE:0.08% UP:28.57% SPREAD:0.16181229% BID:0.1236 ASK:0.1238 MID:0.1237 P1:0.1237 P2:0.1237 P3:0.1237 P4:0.1238 STATE:IDLE
[2026-05-11 21:27:53Z] CHK MOM:0.04% RANGE:0.08% UP:37.5% SPREAD:0.08084074% BID:0.1237 ASK:0.1238 MID:0.12375 P1:0.12375 P2:0.1237 P3:0.1237 P4:0.1237 STATE:IDLE
[2026-05-11 21:27:53Z] CHK MOM:0.08% RANGE:0.08% UP:44.44% SPREAD:0.16168148% BID:0.1237 ASK:0.1239 MID:0.1238 P1:0.1238 P2:0.12375 P3:0.1237 P4:0.1237 STATE:IDLE
[2026-05-11 21:27:54Z] CHK MOM:0.04% RANGE:0.08% UP:40% SPREAD:0.08084074% BID:0.1237 ASK:0.1238 MID:0.12375 P1:0.12375 P2:0.1238 P3:0.12375 P4:0.1237 STATE:IDLE
[2026-05-11 21:27:55Z] CHK MOM:0% RANGE:0.08% UP:36.36% SPREAD:0.16181229% BID:0.1236 ASK:0.1238 MID:0.1237 P1:0.1237 P2:0.12375 P3:0.1238 P4:0.12375 STATE:IDLE
[2026-05-11 21:27:55Z] CHK MOM:0% RANGE:0.08% UP:33.33% SPREAD:0.16181229% BID:0.1236 ASK:0.1238 MID:0.1237 P1:0.1237 P2:0.1237 P3:0.12375 P4:0.1238 STATE:IDLE
[2026-05-11 21:27:56Z] CHK MOM:0% RANGE:0.08% UP:33.33% SPREAD:0.16181229% BID:0.1236 ASK:0.1238 MID:0.1237 P1:0.1237 P2:0.1237 P3:0.1237 P4:0.12375 STATE:IDLE
[2026-05-11 21:27:56Z] CHK MOM:0% RANGE:0.08% UP:30.76% SPREAD:0.16181229% BID:0.1236 ASK:0.1238 MID:0.1237 P1:0.1237 P2:0.1237 P3:0.1237 P4:0.1237 STATE:IDLE
[2026-05-11 21:27:57Z] CHK MOM:0% RANGE:0.08% UP:30.76% SPREAD:0.16181229% BID:0.1236 ASK:0.1238 MID:0.1237 P1:0.1237 P2:0.1237 P3:0.1237 P4:0.1237 STATE:IDLE
[2026-05-11 21:27:57Z] CHK MOM:0% RANGE:0.08% UP:30.76% SPREAD:0.16181229% BID:0.1236 ASK:0.1238 MID:0.1237 P1:0.1237 P2:0.1237 P3:0.1237 P4:0.1237 STATE:IDLE
[2026-05-11 21:27:58Z] CHK MOM:0% RANGE:0.08% UP:28.57% SPREAD:0.16181229% BID:0.1236 ASK:0.1238 MID:0.1237 P1:0.1237 P2:0.1237 P3:0.1237 P4:0.1237 STATE:IDLE
[2026-05-11 21:27:58Z] CHK MOM:0% RANGE:0.08% UP:26.66% SPREAD:0.16181229% BID:0.1236 ASK:0.1238 MID:0.1237 P1:0.1237 P2:0.1237 P3:0.1237 P4:0.1237 STATE:IDLE
[2026-05-11 21:27:59Z] CHK MOM:0% RANGE:0.08% UP:26.66% SPREAD:0.16181229% BID:0.1236 ASK:0.1238 MID:0.1237 P1:0.1237 P2:0.1237 P3:0.1237 P4:0.1237 STATE:IDLE
[2026-05-11 21:27:59Z] CHK MOM:0% RANGE:0.08% UP:25% SPREAD:0.16181229% BID:0.1236 ASK:0.1238 MID:0.1237 P1:0.1237 P2:0.1237 P3:0.1237 P4:0.1237 STATE:IDLE
[2026-05-11 21:28:00Z] CHK MOM:0% RANGE:0.08% UP:23.52% SPREAD:0.16181229% BID:0.1236 ASK:0.1238 MID:0.1237 P1:0.1237 P2:0.1237 P3:0.1237 P4:0.1237 STATE:IDLE
[2026-05-11 21:28:00Z] CHK MOM:-0.08% RANGE:0.12% UP:18.75% SPREAD:0.08090614% BID:0.1236 ASK:0.1237 MID:0.12365 P1:0.12365 P2:0.1237 P3:0.1237 P4:0.1237 STATE:IDLE
[2026-05-11 21:28:01Z] CHK MOM:-0.08% RANGE:0.12% UP:18.75% SPREAD:0.08090614% BID:0.1236 ASK:0.1237 MID:0.12365 P1:0.12365 P2:0.1237 P3:0.1237 P4:0.1237 STATE:IDLE
[2026-05-11 21:28:02Z] CHK MOM:-0.08% RANGE:0.12% UP:18.75% SPREAD:0.08090614% BID:0.1236 ASK:0.1237 MID:0.12365 P1:0.12365 P2:0.1237 P3:0.1237 P4:0.1237 STATE:IDLE
[2026-05-11 21:28:02Z] CHK MOM:-0.08% RANGE:0.16% UP:13.33% SPREAD:0.16194331% BID:0.1235 ASK:0.1237 MID:0.1236 P1:0.1236 P2:0.12365 P3:0.1237 P4:0.1237 STATE:IDLE
[2026-05-11 21:28:03Z] CHK MOM:-0.08% RANGE:0.16% UP:13.33% SPREAD:0.16194331% BID:0.1235 ASK:0.1237 MID:0.1236 P1:0.1236 P2:0.12365 P3:0.1237 P4:0.1237 STATE:IDLE
[2026-05-11 21:28:03Z] CHK MOM:-0.08% RANGE:0.16% UP:13.33% SPREAD:0.16194331% BID:0.1235 ASK:0.1237 MID:0.1236 P1:0.1236 P2:0.12365 P3:0.1237 P4:0.1237 STATE:IDLE
[2026-05-11 21:28:04Z] CHK MOM:-0.08% RANGE:0.16% UP:13.33% SPREAD:0.16194331% BID:0.1235 ASK:0.1237 MID:0.1236 P1:0.1236 P2:0.1236 P3:0.12365 P4:0.1237 STATE:IDLE
[2026-05-11 21:28:04Z] CHK MOM:-0.08% RANGE:0.16% UP:13.33% SPREAD:0.16194331% BID:0.1235 ASK:0.1237 MID:0.1236 P1:0.1236 P2:0.1236 P3:0.12365 P4:0.1237 STATE:IDLE
[2026-05-11 21:28:05Z] CHK MOM:-0.08% RANGE:0.16% UP:13.33% SPREAD:0.16194331% BID:0.1235 ASK:0.1237 MID:0.1236 P1:0.1236 P2:0.1236 P3:0.12365 P4:0.1237 STATE:IDLE
[2026-05-11 21:28:05Z] CHK MOM:-0.08% RANGE:0.16% UP:13.33% SPREAD:0.16194331% BID:0.1235 ASK:0.1237 MID:0.1236 P1:0.1236 P2:0.1236 P3:0.12365 P4:0.1237 STATE:IDLE
[2026-05-11 21:28:06Z] CHK MOM:-0.08% RANGE:0.16% UP:13.33% SPREAD:0.16194331% BID:0.1235 ASK:0.1237 MID:0.1236 P1:0.1236 P2:0.1236 P3:0.12365 P4:0.1237 STATE:IDLE
[2026-05-11 21:28:12Z] CHK MOM:-0.04% RANGE:0.04% UP:0% SPREAD:0.16194331% BID:0.1235 ASK:0.1237 MID:0.1236 P1:0.1236 P2:0.1236 P3:0.1236 P4:0.12365 STATE:IDLE
[2026-05-11 21:28:12Z] CHK MOM:-0.04% RANGE:0.04% UP:0% SPREAD:0.16194331% BID:0.1235 ASK:0.1237 MID:0.1236 P1:0.1236 P2:0.1236 P3:0.1236 P4:0.1236 STATE:IDLE
[2026-05-11 21:28:13Z] CHK MOM:-0.04% RANGE:0.04% UP:0% SPREAD:0.16194331% BID:0.1235 ASK:0.1237 MID:0.1236 P1:0.1236 P2:0.1236 P3:0.1236 P4:0.1236 STATE:IDLE
[2026-05-11 21:28:13Z] CHK MOM:-0.04% RANGE:0.04% UP:0% SPREAD:0.16194331% BID:0.1235 ASK:0.1237 MID:0.1236 P1:0.1236 P2:0.1236 P3:0.1236 P4:0.1236 STATE:IDLE
[2026-05-11 21:28:14Z] CHK MOM:-0.04% RANGE:0.04% UP:0% SPREAD:0.16194331% BID:0.1235 ASK:0.1237 MID:0.1236 P1:0.1236 P2:0.1236 P3:0.1236 P4:0.1236 STATE:IDLE
[2026-05-11 21:28:14Z] CHK MOM:-0.04% RANGE:0.04% UP:0% SPREAD:0.16194331% BID:0.1235 ASK:0.1237 MID:0.1236 P1:0.1236 P2:0.1236 P3:0.1236 P4:0.1236 STATE:IDLE
[2026-05-11 21:28:19Z] CHK MOM:0% RANGE:0% UP:0% SPREAD:0.16194331% BID:0.1235 ASK:0.1237 MID:0.1236 P1:0.1236 P2:0.1236 P3:0.1236 P4:0.1236 STATE:IDLE
[2026-05-11 21:28:19Z] CHK MOM:0.04% RANGE:0.04% UP:33.33% SPREAD:0.08090614% BID:0.1236 ASK:0.1237 MID:0.12365 P1:0.12365 P2:0.1236 P3:0.1236 P4:0.1236 STATE:IDLE
[2026-05-11 21:28:20Z] CHK MOM:0% RANGE:0.04% UP:25% SPREAD:0.16194331% BID:0.1235 ASK:0.1237 MID:0.1236 P1:0.1236 P2:0.12365 P3:0.1236 P4:0.1236 STATE:IDLE
[2026-05-11 21:28:20Z] CHK MOM:0% RANGE:0.04% UP:20% SPREAD:0.16194331% BID:0.1235 ASK:0.1237 MID:0.1236 P1:0.1236 P2:0.1236 P3:0.12365 P4:0.1236 STATE:IDLE
[2026-05-11 21:28:21Z] CHK MOM:0% RANGE:0.04% UP:16.66% SPREAD:0.16194331% BID:0.1235 ASK:0.1237 MID:0.1236 P1:0.1236 P2:0.1236 P3:0.1236 P4:0.12365 STATE:IDLE
[2026-05-11 21:28:21Z] CHK MOM:0% RANGE:0.04% UP:14.28% SPREAD:0.16194331% BID:0.1235 ASK:0.1237 MID:0.1236 P1:0.1236 P2:0.1236 P3:0.1236 P4:0.1236 STATE:IDLE
[2026-05-11 21:28:22Z] CHK MOM:0% RANGE:0.04% UP:12.5% SPREAD:0.16194331% BID:0.1235 ASK:0.1237 MID:0.1236 P1:0.1236 P2:0.1236 P3:0.1236 P4:0.1236 STATE:IDLE
[2026-05-11 21:28:22Z] CHK MOM:0% RANGE:0.04% UP:11.11% SPREAD:0.16194331% BID:0.1235 ASK:0.1237 MID:0.1236 P1:0.1236 P2:0.1236 P3:0.1236 P4:0.1236 STATE:IDLE
[2026-05-11 21:28:23Z] CHK MOM:-0.04% RANGE:0.08% UP:10% SPREAD:0.08097165% BID:0.1235 ASK:0.1236 MID:0.12355 P1:0.12355 P2:0.1236 P3:0.1236 P4:0.1236 STATE:IDLE
[2026-05-11 21:28:23Z] CHK MOM:-0.04% RANGE:0.08% UP:10% SPREAD:0.08097165% BID:0.1235 ASK:0.1236 MID:0.12355 P1:0.12355 P2:0.1236 P3:0.1236 P4:0.1236 STATE:IDLE
[2026-05-11 21:28:24Z] CHK MOM:0% RANGE:0.08% UP:22.22% SPREAD:0.16194331% BID:0.1235 ASK:0.1237 MID:0.1236 P1:0.1236 P2:0.12355 P3:0.1236 P4:0.1236 STATE:IDLE
[2026-05-11 21:28:25Z] CHK MOM:0% RANGE:0.08% UP:22.22% SPREAD:0.16194331% BID:0.1235 ASK:0.1237 MID:0.1236 P1:0.1236 P2:0.12355 P3:0.1236 P4:0.1236 STATE:IDLE
[2026-05-11 21:28:25Z] CHK MOM:0% RANGE:0.08% UP:22.22% SPREAD:0.16194331% BID:0.1235 ASK:0.1237 MID:0.1236 P1:0.1236 P2:0.12355 P3:0.1236 P4:0.1236 STATE:IDLE
[2026-05-11 21:28:26Z] CHK MOM:0% RANGE:0.08% UP:22.22% SPREAD:0.16194331% BID:0.1235 ASK:0.1237 MID:0.1236 P1:0.1236 P2:0.12355 P3:0.1236 P4:0.1236 STATE:IDLE
[2026-05-11 21:28:26Z] CHK MOM:0% RANGE:0.08% UP:22.22% SPREAD:0.16194331% BID:0.1235 ASK:0.1237 MID:0.1236 P1:0.1236 P2:0.12355 P3:0.1236 P4:0.1236 STATE:IDLE
[2026-05-11 21:28:28Z] CHK MOM:0% RANGE:0.08% UP:20% SPREAD:0.16194331% BID:0.1235 ASK:0.1237 MID:0.1236 P1:0.1236 P2:0.1236 P3:0.12355 P4:0.1236 STATE:IDLE
[2026-05-11 21:28:28Z] CHK MOM:0% RANGE:0.08% UP:20% SPREAD:0.16194331% BID:0.1235 ASK:0.1237 MID:0.1236 P1:0.1236 P2:0.1236 P3:0.12355 P4:0.1236 STATE:IDLE
[2026-05-11 21:28:29Z] CHK MOM:0% RANGE:0.08% UP:20% SPREAD:0.16194331% BID:0.1235 ASK:0.1237 MID:0.1236 P1:0.1236 P2:0.1236 P3:0.12355 P4:0.1236 STATE:IDLE
[2026-05-11 21:28:30Z] CHK MOM:0% RANGE:0.08% UP:18.18% SPREAD:0.16194331% BID:0.1235 ASK:0.1237 MID:0.1236 P1:0.1236 P2:0.1236 P3:0.1236 P4:0.12355 STATE:IDLE
[2026-05-11 21:28:30Z] CHK MOM:0% RANGE:0.08% UP:16.66% SPREAD:0.16194331% BID:0.1235 ASK:0.1237 MID:0.1236 P1:0.1236 P2:0.1236 P3:0.1236 P4:0.1236 STATE:IDLE
[2026-05-11 21:28:31Z] CHK MOM:0% RANGE:0.08% UP:16.66% SPREAD:0.16194331% BID:0.1235 ASK:0.1237 MID:0.1236 P1:0.1236 P2:0.1236 P3:0.1236 P4:0.1236 STATE:IDLE
[2026-05-11 21:28:31Z] CHK MOM:0% RANGE:0.08% UP:16.66% SPREAD:0.16194331% BID:0.1235 ASK:0.1237 MID:0.1236 P1:0.1236 P2:0.1236 P3:0.1236 P4:0.1236 STATE:IDLE
[2026-05-11 21:28:32Z] CHK MOM:0% RANGE:0.08% UP:16.66% SPREAD:0.16194331% BID:0.1235 ASK:0.1237 MID:0.1236 P1:0.1236 P2:0.1236 P3:0.1236 P4:0.1236 STATE:IDLE
[2026-05-11 21:28:32Z] CHK MOM:0% RANGE:0.08% UP:16.66% SPREAD:0.16194331% BID:0.1235 ASK:0.1237 MID:0.1236 P1:0.1236 P2:0.1236 P3:0.1236 P4:0.1236 STATE:IDLE
[2026-05-11 21:28:33Z] CHK MOM:0% RANGE:0.08% UP:16.66% SPREAD:0.16194331% BID:0.1235 ASK:0.1237 MID:0.1236 P1:0.1236 P2:0.1236 P3:0.1236 P4:0.1236 STATE:IDLE
[2026-05-11 21:28:33Z] CHK MOM:0% RANGE:0.04% UP:14.28% SPREAD:0.16194331% BID:0.1235 ASK:0.1237 MID:0.1236 P1:0.1236 P2:0.1236 P3:0.1236 P4:0.1236 STATE:IDLE
[2026-05-11 21:28:34Z] CHK MOM:0% RANGE:0.04% UP:14.28% SPREAD:0.16194331% BID:0.1235 ASK:0.1237 MID:0.1236 P1:0.1236 P2:0.1236 P3:0.1236 P4:0.1236 STATE:IDLE
[2026-05-11 21:28:34Z] CHK MOM:0% RANGE:0.04% UP:14.28% SPREAD:0.16194331% BID:0.1235 ASK:0.1237 MID:0.1236 P1:0.1236 P2:0.1236 P3:0.1236 P4:0.1236 STATE:IDLE
[2026-05-11 21:28:35Z] CHK MOM:0.04% RANGE:0.04% UP:16.66% SPREAD:0.16194331% BID:0.1235 ASK:0.1237 MID:0.1236 P1:0.1236 P2:0.1236 P3:0.1236 P4:0.1236 STATE:IDLE
[2026-05-11 21:28:36Z] CHK MOM:0.04% RANGE:0.04% UP:16.66% SPREAD:0.16194331% BID:0.1235 ASK:0.1237 MID:0.1236 P1:0.1236 P2:0.1236 P3:0.1236 P4:0.1236 STATE:IDLE
[2026-05-11 21:28:36Z] CHK MOM:0.04% RANGE:0.04% UP:16.66% SPREAD:0.16194331% BID:0.1235 ASK:0.1237 MID:0.1236 P1:0.1236 P2:0.1236 P3:0.1236 P4:0.1236 STATE:IDLE
[2026-05-11 21:28:37Z] CHK MOM:0.04% RANGE:0.04% UP:16.66% SPREAD:0.16194331% BID:0.1235 ASK:0.1237 MID:0.1236 P1:0.1236 P2:0.1236 P3:0.1236 P4:0.1236 STATE:IDLE
[2026-05-11 21:28:37Z] CHK MOM:0.04% RANGE:0.04% UP:16.66% SPREAD:0.16194331% BID:0.1235 ASK:0.1237 MID:0.1236 P1:0.1236 P2:0.1236 P3:0.1236 P4:0.1236 STATE:IDLE
[2026-05-11 21:28:40Z] CHK MOM:0% RANGE:0% UP:0% SPREAD:0.16194331% BID:0.1235 ASK:0.1237 MID:0.1236 P1:0.1236 P2:0.1236 P3:0.1236 P4:0.1236 STATE:IDLE
[2026-05-11 21:28:41Z] CHK MOM:0% RANGE:0% UP:0% SPREAD:0.16194331% BID:0.1235 ASK:0.1237 MID:0.1236 P1:0.1236 P2:0.1236 P3:0.1236 P4:0.1236 STATE:IDLE
[2026-05-11 21:28:41Z] CHK MOM:0% RANGE:0% UP:0% SPREAD:0.16194331% BID:0.1235 ASK:0.1237 MID:0.1236 P1:0.1236 P2:0.1236 P3:0.1236 P4:0.1236 STATE:IDLE
