[2026-05-11 21:24:33Z] SESSION_START symbol=ATOMUSDC dry_run=0 profile=major strategy=momentum base_url=https://api.binance.com
[2026-05-11 21:24:33Z] TOXIC_MEMORY_LOADED count=4 symbols=GUNUSDC,JTOUSDC,ORDIUSDC,SAHARAUSDC
[2026-05-11 21:24:44Z] CHK MOM:0% RANGE:0% UP:0% SPREAD:0.09847365% BID:2.031 ASK:2.033 MID:2.032 P1:2.032 P2:NA P3:NA P4:NA STATE:IDLE
[2026-05-11 21:24:45Z] CHK MOM:0% RANGE:0% UP:0% SPREAD:0.09847365% BID:2.031 ASK:2.033 MID:2.032 P1:2.032 P2:2.032 P3:NA P4:NA STATE:IDLE
[2026-05-11 21:24:45Z] CHK MOM:0% RANGE:0% UP:0% SPREAD:0.09847365% BID:2.031 ASK:2.033 MID:2.032 P1:2.032 P2:2.032 P3:2.032 P4:NA STATE:IDLE
[2026-05-11 21:24:46Z] CHK MOM:0% RANGE:0% UP:0% SPREAD:0.09847365% BID:2.031 ASK:2.033 MID:2.032 P1:2.032 P2:2.032 P3:2.032 P4:NA STATE:IDLE
[2026-05-11 21:24:46Z] CHK MOM:0% RANGE:0% UP:0% SPREAD:0.09847365% BID:2.031 ASK:2.033 MID:2.032 P1:2.032 P2:2.032 P3:2.032 P4:2.032 STATE:IDLE
[2026-05-11 21:24:47Z] CHK MOM:0% RANGE:0% UP:0% SPREAD:0.09847365% BID:2.031 ASK:2.033 MID:2.032 P1:2.032 P2:2.032 P3:2.032 P4:2.032 STATE:IDLE
[2026-05-11 21:24:47Z] CHK MOM:0% RANGE:0% UP:0% SPREAD:0.09847365% BID:2.031 ASK:2.033 MID:2.032 P1:2.032 P2:2.032 P3:2.032 P4:2.032 STATE:IDLE
[2026-05-11 21:24:48Z] CHK MOM:0% RANGE:0% UP:0% SPREAD:0.09847365% BID:2.031 ASK:2.033 MID:2.032 P1:2.032 P2:2.032 P3:2.032 P4:2.032 STATE:IDLE
[2026-05-11 21:24:48Z] CHK MOM:-0.02% RANGE:0.02% UP:0% SPREAD:0.04923682% BID:2.031 ASK:2.032 MID:2.0315 P1:2.0315 P2:2.032 P3:2.032 P4:2.032 STATE:IDLE
[2026-05-11 21:24:49Z] CHK MOM:-0.02% RANGE:0.02% UP:0% SPREAD:0.04923682% BID:2.031 ASK:2.032 MID:2.0315 P1:2.0315 P2:2.032 P3:2.032 P4:2.032 STATE:IDLE
[2026-05-11 21:24:50Z] CHK MOM:0% RANGE:0.02% UP:14.28% SPREAD:0.09847365% BID:2.031 ASK:2.033 MID:2.032 P1:2.032 P2:2.0315 P3:2.032 P4:2.032 STATE:IDLE
[2026-05-11 21:24:50Z] CHK MOM:0% RANGE:0.02% UP:12.5% SPREAD:0.09847365% BID:2.031 ASK:2.033 MID:2.032 P1:2.032 P2:2.032 P3:2.0315 P4:2.032 STATE:IDLE
[2026-05-11 21:24:51Z] CHK MOM:0% RANGE:0.02% UP:12.5% SPREAD:0.09847365% BID:2.031 ASK:2.033 MID:2.032 P1:2.032 P2:2.032 P3:2.0315 P4:2.032 STATE:IDLE
[2026-05-11 21:24:51Z] CHK MOM:0% RANGE:0.02% UP:12.5% SPREAD:0.09847365% BID:2.031 ASK:2.033 MID:2.032 P1:2.032 P2:2.032 P3:2.0315 P4:2.032 STATE:IDLE
[2026-05-11 21:24:52Z] CHK MOM:-0.02% RANGE:0.02% UP:11.11% SPREAD:0.04923682% BID:2.031 ASK:2.032 MID:2.0315 P1:2.0315 P2:2.032 P3:2.032 P4:2.0315 STATE:IDLE
[2026-05-11 21:24:52Z] CHK MOM:-0.02% RANGE:0.02% UP:11.11% SPREAD:0.04923682% BID:2.031 ASK:2.032 MID:2.0315 P1:2.0315 P2:2.032 P3:2.032 P4:2.0315 STATE:IDLE
[2026-05-11 21:24:53Z] CHK MOM:-0.02% RANGE:0.02% UP:11.11% SPREAD:0.04923682% BID:2.031 ASK:2.032 MID:2.0315 P1:2.0315 P2:2.032 P3:2.032 P4:2.0315 STATE:IDLE
[2026-05-11 21:24:53Z] CHK MOM:-0.02% RANGE:0.02% UP:11.11% SPREAD:0.04923682% BID:2.031 ASK:2.032 MID:2.0315 P1:2.0315 P2:2.032 P3:2.032 P4:2.0315 STATE:IDLE
[2026-05-11 21:24:54Z] CHK MOM:-0.02% RANGE:0.02% UP:11.11% SPREAD:0.04923682% BID:2.031 ASK:2.032 MID:2.0315 P1:2.0315 P2:2.032 P3:2.032 P4:2.0315 STATE:IDLE
[2026-05-11 21:24:54Z] CHK MOM:-0.02% RANGE:0.02% UP:11.11% SPREAD:0.04923682% BID:2.031 ASK:2.032 MID:2.0315 P1:2.0315 P2:2.032 P3:2.032 P4:2.0315 STATE:IDLE
[2026-05-11 21:24:55Z] CHK MOM:-0.02% RANGE:0.02% UP:10% SPREAD:0.04923682% BID:2.031 ASK:2.032 MID:2.0315 P1:2.0315 P2:2.0315 P3:2.032 P4:2.032 STATE:IDLE
[2026-05-11 21:24:56Z] CHK MOM:-0.02% RANGE:0.02% UP:10% SPREAD:0.04923682% BID:2.031 ASK:2.032 MID:2.0315 P1:2.0315 P2:2.0315 P3:2.032 P4:2.032 STATE:IDLE
[2026-05-11 21:24:56Z] CHK MOM:-0.02% RANGE:0.02% UP:10% SPREAD:0.04923682% BID:2.031 ASK:2.032 MID:2.0315 P1:2.0315 P2:2.0315 P3:2.0315 P4:2.032 STATE:IDLE
[2026-05-11 21:24:57Z] CHK MOM:-0.02% RANGE:0.02% UP:10% SPREAD:0.04923682% BID:2.031 ASK:2.032 MID:2.0315 P1:2.0315 P2:2.0315 P3:2.0315 P4:2.032 STATE:IDLE
[2026-05-11 21:24:57Z] CHK MOM:-0.02% RANGE:0.02% UP:10% SPREAD:0.04923682% BID:2.031 ASK:2.032 MID:2.0315 P1:2.0315 P2:2.0315 P3:2.0315 P4:2.032 STATE:IDLE
[2026-05-11 21:24:58Z] CHK MOM:-0.02% RANGE:0.02% UP:10% SPREAD:0.04923682% BID:2.031 ASK:2.032 MID:2.0315 P1:2.0315 P2:2.0315 P3:2.0315 P4:2.032 STATE:IDLE
[2026-05-11 21:24:58Z] CHK MOM:-0.02% RANGE:0.02% UP:10% SPREAD:0.04923682% BID:2.031 ASK:2.032 MID:2.0315 P1:2.0315 P2:2.0315 P3:2.0315 P4:2.032 STATE:IDLE
[2026-05-11 21:24:59Z] CHK MOM:-0.02% RANGE:0.02% UP:10% SPREAD:0.04923682% BID:2.031 ASK:2.032 MID:2.0315 P1:2.0315 P2:2.0315 P3:2.0315 P4:2.032 STATE:IDLE
[2026-05-11 21:25:00Z] CHK MOM:0% RANGE:0.02% UP:16.66% SPREAD:0.04923682% BID:2.031 ASK:2.032 MID:2.0315 P1:2.0315 P2:2.0315 P3:2.0315 P4:2.0315 STATE:IDLE
[2026-05-11 21:25:01Z] CHK MOM:0% RANGE:0.02% UP:16.66% SPREAD:0.04923682% BID:2.031 ASK:2.032 MID:2.0315 P1:2.0315 P2:2.0315 P3:2.0315 P4:2.0315 STATE:IDLE
[2026-05-11 21:25:01Z] CHK MOM:0% RANGE:0.02% UP:16.66% SPREAD:0.04923682% BID:2.031 ASK:2.032 MID:2.0315 P1:2.0315 P2:2.0315 P3:2.0315 P4:2.0315 STATE:IDLE
[2026-05-11 21:25:02Z] CHK MOM:0% RANGE:0.02% UP:16.66% SPREAD:0.04923682% BID:2.031 ASK:2.032 MID:2.0315 P1:2.0315 P2:2.0315 P3:2.0315 P4:2.0315 STATE:IDLE
[2026-05-11 21:25:02Z] CHK MOM:0% RANGE:0.02% UP:16.66% SPREAD:0.04923682% BID:2.031 ASK:2.032 MID:2.0315 P1:2.0315 P2:2.0315 P3:2.0315 P4:2.0315 STATE:IDLE
[2026-05-11 21:25:03Z] CHK MOM:0% RANGE:0.02% UP:16.66% SPREAD:0.04923682% BID:2.031 ASK:2.032 MID:2.0315 P1:2.0315 P2:2.0315 P3:2.0315 P4:2.0315 STATE:IDLE
[2026-05-11 21:25:05Z] CHK MOM:-0.02% RANGE:0.02% UP:0% SPREAD:0.09852216% BID:2.03 ASK:2.032 MID:2.03099999 P1:2.03099999 P2:2.0315 P3:2.0315 P4:2.0315 STATE:IDLE
[2026-05-11 21:25:06Z] CHK MOM:-0.02% RANGE:0.02% UP:0% SPREAD:0.09852216% BID:2.03 ASK:2.032 MID:2.03099999 P1:2.03099999 P2:2.0315 P3:2.0315 P4:2.0315 STATE:IDLE
[2026-05-11 21:25:07Z] CHK MOM:-0.02% RANGE:0.02% UP:0% SPREAD:0.09852216% BID:2.03 ASK:2.032 MID:2.03099999 P1:2.03099999 P2:2.0315 P3:2.0315 P4:2.0315 STATE:IDLE
[2026-05-11 21:25:07Z] CHK MOM:-0.02% RANGE:0.02% UP:0% SPREAD:0.09852216% BID:2.03 ASK:2.032 MID:2.03099999 P1:2.03099999 P2:2.0315 P3:2.0315 P4:2.0315 STATE:IDLE
[2026-05-11 21:25:08Z] CHK MOM:-0.02% RANGE:0.02% UP:0% SPREAD:0.09852216% BID:2.03 ASK:2.032 MID:2.03099999 P1:2.03099999 P2:2.0315 P3:2.0315 P4:2.0315 STATE:IDLE
[2026-05-11 21:25:32Z] CHK MOM:0% RANGE:0% UP:0% SPREAD:0.04923682% BID:2.031 ASK:2.032 MID:2.0315 P1:2.0315 P2:2.03099999 P3:2.0315 P4:2.0315 STATE:IDLE
[2026-05-11 21:25:32Z] CHK MOM:0.02% RANGE:0.02% UP:100% SPREAD:0.09847365% BID:2.031 ASK:2.033 MID:2.032 P1:2.032 P2:2.0315 P3:2.03099999 P4:2.0315 STATE:IDLE
[2026-05-11 21:25:33Z] CHK MOM:0.02% RANGE:0.02% UP:100% SPREAD:0.09847365% BID:2.031 ASK:2.033 MID:2.032 P1:2.032 P2:2.0315 P3:2.03099999 P4:2.0315 STATE:IDLE
[2026-05-11 21:25:33Z] CHK MOM:0.02% RANGE:0.02% UP:100% SPREAD:0.09847365% BID:2.031 ASK:2.033 MID:2.032 P1:2.032 P2:2.0315 P3:2.03099999 P4:2.0315 STATE:IDLE
[2026-05-11 21:25:34Z] CHK MOM:0.02% RANGE:0.02% UP:100% SPREAD:0.09847365% BID:2.031 ASK:2.033 MID:2.032 P1:2.032 P2:2.0315 P3:2.03099999 P4:2.0315 STATE:IDLE
[2026-05-11 21:25:34Z] CHK MOM:0.02% RANGE:0.02% UP:50% SPREAD:0.09847365% BID:2.031 ASK:2.033 MID:2.032 P1:2.032 P2:2.032 P3:2.0315 P4:2.03099999 STATE:IDLE
[2026-05-11 21:25:35Z] CHK MOM:0.02% RANGE:0.02% UP:50% SPREAD:0.09847365% BID:2.031 ASK:2.033 MID:2.032 P1:2.032 P2:2.032 P3:2.0315 P4:2.03099999 STATE:IDLE
[2026-05-11 21:25:35Z] CHK MOM:0.02% RANGE:0.02% UP:50% SPREAD:0.09847365% BID:2.031 ASK:2.033 MID:2.032 P1:2.032 P2:2.032 P3:2.0315 P4:2.03099999 STATE:IDLE
[2026-05-11 21:25:36Z] CHK MOM:0.02% RANGE:0.02% UP:50% SPREAD:0.09847365% BID:2.031 ASK:2.033 MID:2.032 P1:2.032 P2:2.032 P3:2.0315 P4:2.03099999 STATE:IDLE
[2026-05-11 21:25:36Z] CHK MOM:0.02% RANGE:0.02% UP:50% SPREAD:0.09847365% BID:2.031 ASK:2.033 MID:2.032 P1:2.032 P2:2.032 P3:2.0315 P4:2.03099999 STATE:IDLE
[2026-05-11 21:25:37Z] CHK MOM:0.02% RANGE:0.02% UP:50% SPREAD:0.09847365% BID:2.031 ASK:2.033 MID:2.032 P1:2.032 P2:2.032 P3:2.0315 P4:2.03099999 STATE:IDLE
[2026-05-11 21:25:46Z] CHK MOM:0% RANGE:0% UP:0% SPREAD:0.09847365% BID:2.031 ASK:2.033 MID:2.032 P1:2.032 P2:2.032 P3:2.032 P4:2.0315 STATE:IDLE
[2026-05-11 21:25:46Z] CHK MOM:0% RANGE:0% UP:0% SPREAD:0.09847365% BID:2.031 ASK:2.033 MID:2.032 P1:2.032 P2:2.032 P3:2.032 P4:2.0315 STATE:IDLE
[2026-05-11 21:25:47Z] CHK MOM:0% RANGE:0% UP:0% SPREAD:0.09847365% BID:2.031 ASK:2.033 MID:2.032 P1:2.032 P2:2.032 P3:2.032 P4:2.032 STATE:IDLE
[2026-05-11 21:25:47Z] CHK MOM:0% RANGE:0% UP:0% SPREAD:0.09847365% BID:2.031 ASK:2.033 MID:2.032 P1:2.032 P2:2.032 P3:2.032 P4:2.032 STATE:IDLE
[2026-05-11 21:25:48Z] CHK MOM:0% RANGE:0% UP:0% SPREAD:0.09847365% BID:2.031 ASK:2.033 MID:2.032 P1:2.032 P2:2.032 P3:2.032 P4:2.032 STATE:IDLE
[2026-05-11 21:25:48Z] CHK MOM:0% RANGE:0% UP:0% SPREAD:0.09847365% BID:2.031 ASK:2.033 MID:2.032 P1:2.032 P2:2.032 P3:2.032 P4:2.032 STATE:IDLE
[2026-05-11 21:25:49Z] CHK MOM:0% RANGE:0% UP:0% SPREAD:0.09847365% BID:2.031 ASK:2.033 MID:2.032 P1:2.032 P2:2.032 P3:2.032 P4:2.032 STATE:IDLE
[2026-05-11 21:25:49Z] CHK MOM:0% RANGE:0% UP:0% SPREAD:0.09847365% BID:2.031 ASK:2.033 MID:2.032 P1:2.032 P2:2.032 P3:2.032 P4:2.032 STATE:IDLE
[2026-05-11 21:26:08Z] CHK MOM:0% RANGE:0% UP:0% SPREAD:0.09847365% BID:2.031 ASK:2.033 MID:2.032 P1:2.032 P2:2.032 P3:2.032 P4:2.032 STATE:IDLE
[2026-05-11 21:26:09Z] CHK MOM:0% RANGE:0% UP:0% SPREAD:0.09847365% BID:2.031 ASK:2.033 MID:2.032 P1:2.032 P2:2.032 P3:2.032 P4:2.032 STATE:IDLE
[2026-05-11 21:26:09Z] CHK MOM:0% RANGE:0% UP:0% SPREAD:0.09847365% BID:2.031 ASK:2.033 MID:2.032 P1:2.032 P2:2.032 P3:2.032 P4:2.032 STATE:IDLE
[2026-05-11 21:26:10Z] CHK MOM:0% RANGE:0% UP:0% SPREAD:0.09847365% BID:2.031 ASK:2.033 MID:2.032 P1:2.032 P2:2.032 P3:2.032 P4:2.032 STATE:IDLE
[2026-05-11 21:26:10Z] CHK MOM:0% RANGE:0% UP:0% SPREAD:0.09847365% BID:2.031 ASK:2.033 MID:2.032 P1:2.032 P2:2.032 P3:2.032 P4:2.032 STATE:IDLE
[2026-05-11 21:26:15Z] CHK MOM:0.04% RANGE:0.04% UP:100% SPREAD:0.09842519% BID:2.032 ASK:2.034 MID:2.033 P1:2.033 P2:2.032 P3:2.032 P4:2.032 STATE:IDLE
[2026-05-11 21:26:15Z] CHK MOM:0.04% RANGE:0.04% UP:50% SPREAD:0.09842519% BID:2.032 ASK:2.034 MID:2.033 P1:2.033 P2:2.033 P3:2.032 P4:2.032 STATE:IDLE
[2026-05-11 21:26:16Z] CHK MOM:0.07% RANGE:0.07% UP:66.66% SPREAD:0.04918839% BID:2.033 ASK:2.034 MID:2.0335 P1:2.0335 P2:2.033 P3:2.033 P4:2.032 STATE:IDLE
[2026-05-11 21:26:16Z] CHK MOM:0.07% RANGE:0.07% UP:66.66% SPREAD:0.04918839% BID:2.033 ASK:2.034 MID:2.0335 P1:2.0335 P2:2.033 P3:2.033 P4:2.032 STATE:IDLE
[2026-05-11 21:26:17Z] CHK MOM:0.07% RANGE:0.07% UP:50% SPREAD:0.04918839% BID:2.033 ASK:2.034 MID:2.0335 P1:2.0335 P2:2.0335 P3:2.033 P4:2.033 STATE:IDLE
[2026-05-11 21:26:17Z] CHK MOM:0.07% RANGE:0.07% UP:50% SPREAD:0.04918839% BID:2.033 ASK:2.034 MID:2.0335 P1:2.0335 P2:2.0335 P3:2.033 P4:2.033 STATE:IDLE
[2026-05-11 21:26:18Z] CHK MOM:0.07% RANGE:0.07% UP:50% SPREAD:0.04918839% BID:2.033 ASK:2.034 MID:2.0335 P1:2.0335 P2:2.0335 P3:2.033 P4:2.033 STATE:IDLE
[2026-05-11 21:26:18Z] CHK MOM:0.04% RANGE:0.07% UP:40% SPREAD:0.09842519% BID:2.032 ASK:2.034 MID:2.033 P1:2.033 P2:2.0335 P3:2.0335 P4:2.033 STATE:IDLE
[2026-05-11 21:26:19Z] CHK MOM:0.04% RANGE:0.07% UP:33.33% SPREAD:0.09842519% BID:2.032 ASK:2.034 MID:2.033 P1:2.033 P2:2.033 P3:2.0335 P4:2.0335 STATE:IDLE
[2026-05-11 21:26:19Z] CHK MOM:0.04% RANGE:0.07% UP:28.57% SPREAD:0.09842519% BID:2.032 ASK:2.034 MID:2.033 P1:2.033 P2:2.033 P3:2.033 P4:2.0335 STATE:IDLE
[2026-05-11 21:26:20Z] CHK MOM:0.04% RANGE:0.07% UP:28.57% SPREAD:0.09842519% BID:2.032 ASK:2.034 MID:2.033 P1:2.033 P2:2.033 P3:2.033 P4:2.0335 STATE:IDLE
[2026-05-11 21:26:21Z] CHK MOM:0.04% RANGE:0.07% UP:28.57% SPREAD:0.09842519% BID:2.032 ASK:2.034 MID:2.033 P1:2.033 P2:2.033 P3:2.033 P4:2.0335 STATE:IDLE
[2026-05-11 21:26:21Z] CHK MOM:0.04% RANGE:0.07% UP:28.57% SPREAD:0.09842519% BID:2.032 ASK:2.034 MID:2.033 P1:2.033 P2:2.033 P3:2.033 P4:2.0335 STATE:IDLE
[2026-05-11 21:26:22Z] CHK MOM:-0.02% RANGE:0.04% UP:14.28% SPREAD:0.04921259% BID:2.032 ASK:2.033 MID:2.03249999 P1:2.03249999 P2:2.033 P3:2.033 P4:2.033 STATE:IDLE
[2026-05-11 21:26:22Z] CHK MOM:-0.02% RANGE:0.04% UP:14.28% SPREAD:0.04921259% BID:2.032 ASK:2.033 MID:2.03249999 P1:2.03249999 P2:2.033 P3:2.033 P4:2.033 STATE:IDLE
[2026-05-11 21:26:23Z] CHK MOM:-0.02% RANGE:0.04% UP:14.28% SPREAD:0.04921259% BID:2.032 ASK:2.033 MID:2.03249999 P1:2.03249999 P2:2.033 P3:2.033 P4:2.033 STATE:IDLE
[2026-05-11 21:26:23Z] CHK MOM:-0.02% RANGE:0.04% UP:14.28% SPREAD:0.04921259% BID:2.032 ASK:2.033 MID:2.03249999 P1:2.03249999 P2:2.033 P3:2.033 P4:2.033 STATE:IDLE
[2026-05-11 21:26:24Z] CHK MOM:-0.02% RANGE:0.04% UP:14.28% SPREAD:0.04921259% BID:2.032 ASK:2.033 MID:2.03249999 P1:2.03249999 P2:2.033 P3:2.033 P4:2.033 STATE:IDLE
[2026-05-11 21:26:24Z] CHK MOM:-0.02% RANGE:0.04% UP:14.28% SPREAD:0.04921259% BID:2.032 ASK:2.033 MID:2.03249999 P1:2.03249999 P2:2.033 P3:2.033 P4:2.033 STATE:IDLE
[2026-05-11 21:26:31Z] CHK MOM:0.04% RANGE:0.07% UP:33.33% SPREAD:0.09837678% BID:2.033 ASK:2.035 MID:2.034 P1:2.034 P2:2.03249999 P3:2.033 P4:2.033 STATE:IDLE
[2026-05-11 21:26:31Z] CHK MOM:0.07% RANGE:0.07% UP:50% SPREAD:0.09837678% BID:2.033 ASK:2.035 MID:2.034 P1:2.034 P2:2.034 P3:2.03249999 P4:2.033 STATE:IDLE
[2026-05-11 21:26:32Z] CHK MOM:0.04% RANGE:0.07% UP:33.33% SPREAD:0.14763779% BID:2.032 ASK:2.035 MID:2.0335 P1:2.0335 P2:2.034 P3:2.034 P4:2.03249999 STATE:IDLE
[2026-05-11 21:26:32Z] CHK MOM:0.04% RANGE:0.07% UP:33.33% SPREAD:0.14763779% BID:2.032 ASK:2.035 MID:2.0335 P1:2.0335 P2:2.034 P3:2.034 P4:2.03249999 STATE:IDLE
[2026-05-11 21:26:33Z] CHK MOM:0.04% RANGE:0.07% UP:33.33% SPREAD:0.14763779% BID:2.032 ASK:2.035 MID:2.0335 P1:2.0335 P2:2.034 P3:2.034 P4:2.03249999 STATE:IDLE
[2026-05-11 21:26:33Z] CHK MOM:0.04% RANGE:0.07% UP:33.33% SPREAD:0.14763779% BID:2.032 ASK:2.035 MID:2.0335 P1:2.0335 P2:2.034 P3:2.034 P4:2.03249999 STATE:IDLE
[2026-05-11 21:26:34Z] CHK MOM:0.04% RANGE:0.07% UP:25% SPREAD:0.14763779% BID:2.032 ASK:2.035 MID:2.0335 P1:2.0335 P2:2.0335 P3:2.034 P4:2.034 STATE:IDLE
[2026-05-11 21:26:34Z] CHK MOM:0.04% RANGE:0.07% UP:25% SPREAD:0.14763779% BID:2.032 ASK:2.035 MID:2.0335 P1:2.0335 P2:2.0335 P3:2.034 P4:2.034 STATE:IDLE
[2026-05-11 21:26:35Z] CHK MOM:0.04% RANGE:0.07% UP:25% SPREAD:0.14763779% BID:2.032 ASK:2.035 MID:2.0335 P1:2.0335 P2:2.0335 P3:2.034 P4:2.034 STATE:IDLE
[2026-05-11 21:26:35Z] CHK MOM:0.04% RANGE:0.07% UP:25% SPREAD:0.14763779% BID:2.032 ASK:2.035 MID:2.0335 P1:2.0335 P2:2.0335 P3:2.034 P4:2.034 STATE:IDLE
[2026-05-11 21:26:36Z] CHK MOM:0.04% RANGE:0.07% UP:25% SPREAD:0.14763779% BID:2.032 ASK:2.035 MID:2.0335 P1:2.0335 P2:2.0335 P3:2.034 P4:2.034 STATE:IDLE
[2026-05-11 21:26:50Z] CHK MOM:0% RANGE:0% UP:0% SPREAD:0.09842519% BID:2.032 ASK:2.034 MID:2.033 P1:2.033 P2:2.0335 P3:2.0335 P4:2.034 STATE:IDLE
[2026-05-11 21:34:49Z] SESSION_START symbol=ATOMUSDC dry_run=0 profile=major strategy=momentum base_url=https://api.binance.com
[2026-05-11 21:34:49Z] TOXIC_MEMORY_LOADED count=4 symbols=GUNUSDC,JTOUSDC,ORDIUSDC,SAHARAUSDC
[2026-05-11 21:34:59Z] CHK MOM:0% RANGE:0% UP:0% SPREAD:0.09842519% BID:2.032 ASK:2.034 MID:2.033 P1:2.033 P2:NA P3:NA P4:NA STATE:IDLE
[2026-05-11 21:34:59Z] CHK MOM:0% RANGE:0% UP:0% SPREAD:0.09842519% BID:2.032 ASK:2.034 MID:2.033 P1:2.033 P2:NA P3:NA P4:NA STATE:IDLE
[2026-05-11 21:35:00Z] CHK MOM:0% RANGE:0% UP:0% SPREAD:0.09842519% BID:2.032 ASK:2.034 MID:2.033 P1:2.033 P2:NA P3:NA P4:NA STATE:IDLE
[2026-05-11 21:35:00Z] CHK MOM:0% RANGE:0% UP:0% SPREAD:0.09842519% BID:2.032 ASK:2.034 MID:2.033 P1:2.033 P2:NA P3:NA P4:NA STATE:IDLE
[2026-05-11 21:35:01Z] CHK MOM:0% RANGE:0% UP:0% SPREAD:0.09842519% BID:2.032 ASK:2.034 MID:2.033 P1:2.033 P2:2.033 P3:NA P4:NA STATE:IDLE
[2026-05-11 21:35:01Z] CHK MOM:0.02% RANGE:0.02% UP:50% SPREAD:0.04918839% BID:2.033 ASK:2.034 MID:2.0335 P1:2.0335 P2:2.033 P3:2.033 P4:NA STATE:IDLE
[2026-05-11 21:35:02Z] CHK MOM:0.02% RANGE:0.02% UP:33.33% SPREAD:0.04918839% BID:2.033 ASK:2.034 MID:2.0335 P1:2.0335 P2:2.0335 P3:2.033 P4:2.033 STATE:IDLE
[2026-05-11 21:35:02Z] CHK MOM:0.02% RANGE:0.02% UP:33.33% SPREAD:0.04918839% BID:2.033 ASK:2.034 MID:2.0335 P1:2.0335 P2:2.0335 P3:2.033 P4:2.033 STATE:IDLE
[2026-05-11 21:35:03Z] CHK MOM:0.02% RANGE:0.02% UP:33.33% SPREAD:0.04918839% BID:2.033 ASK:2.034 MID:2.0335 P1:2.0335 P2:2.0335 P3:2.033 P4:2.033 STATE:IDLE
[2026-05-11 21:35:03Z] CHK MOM:0.02% RANGE:0.02% UP:33.33% SPREAD:0.04918839% BID:2.033 ASK:2.034 MID:2.0335 P1:2.0335 P2:2.0335 P3:2.033 P4:2.033 STATE:IDLE
[2026-05-11 21:35:04Z] CHK MOM:0.02% RANGE:0.02% UP:33.33% SPREAD:0.04918839% BID:2.033 ASK:2.034 MID:2.0335 P1:2.0335 P2:2.0335 P3:2.033 P4:2.033 STATE:IDLE
[2026-05-11 21:35:14Z] CHK MOM:0.02% RANGE:0.02% UP:100% SPREAD:0.09837678% BID:2.033 ASK:2.035 MID:2.034 P1:2.034 P2:2.0335 P3:2.0335 P4:2.033 STATE:IDLE
[2026-05-11 21:35:15Z] CHK MOM:0.02% RANGE:0.02% UP:100% SPREAD:0.09837678% BID:2.033 ASK:2.035 MID:2.034 P1:2.034 P2:2.0335 P3:2.0335 P4:2.033 STATE:IDLE
[2026-05-11 21:35:15Z] CHK MOM:0.02% RANGE:0.02% UP:100% SPREAD:0.09837678% BID:2.033 ASK:2.035 MID:2.034 P1:2.034 P2:2.0335 P3:2.0335 P4:2.033 STATE:IDLE
[2026-05-11 21:35:16Z] CHK MOM:0.02% RANGE:0.02% UP:100% SPREAD:0.09837678% BID:2.033 ASK:2.035 MID:2.034 P1:2.034 P2:2.0335 P3:2.0335 P4:2.033 STATE:IDLE
[2026-05-11 21:35:16Z] CHK MOM:0.02% RANGE:0.02% UP:100% SPREAD:0.09837678% BID:2.033 ASK:2.035 MID:2.034 P1:2.034 P2:2.0335 P3:2.0335 P4:2.033 STATE:IDLE
[2026-05-11 21:35:24Z] CHK MOM:0.02% RANGE:0.02% UP:100% SPREAD:0.0491642% BID:2.034 ASK:2.035 MID:2.0345 P1:2.0345 P2:2.034 P3:2.0335 P4:2.0335 STATE:IDLE
[2026-05-11 21:35:24Z] CHK MOM:0.04% RANGE:0.04% UP:100% SPREAD:0.09832841% BID:2.034 ASK:2.036 MID:2.035 P1:2.035 P2:2.0345 P3:2.034 P4:2.0335 STATE:IDLE
[2026-05-11 21:35:25Z] CHK MOM:0.04% RANGE:0.04% UP:100% SPREAD:0.09832841% BID:2.034 ASK:2.036 MID:2.035 P1:2.035 P2:2.0345 P3:2.034 P4:2.0335 STATE:IDLE
[2026-05-11 21:35:25Z] CHK MOM:0.04% RANGE:0.04% UP:100% SPREAD:0.09832841% BID:2.034 ASK:2.036 MID:2.035 P1:2.035 P2:2.0345 P3:2.034 P4:2.0335 STATE:IDLE
[2026-05-11 21:35:26Z] CHK MOM:0.04% RANGE:0.04% UP:100% SPREAD:0.09832841% BID:2.034 ASK:2.036 MID:2.035 P1:2.035 P2:2.0345 P3:2.034 P4:2.0335 STATE:IDLE
[2026-05-11 21:35:26Z] CHK MOM:0.04% RANGE:0.04% UP:100% SPREAD:0.09832841% BID:2.034 ASK:2.036 MID:2.035 P1:2.035 P2:2.0345 P3:2.034 P4:2.0335 STATE:IDLE
[2026-05-11 21:35:27Z] CHK MOM:0.04% RANGE:0.04% UP:100% SPREAD:0.09832841% BID:2.034 ASK:2.036 MID:2.035 P1:2.035 P2:2.0345 P3:2.034 P4:2.0335 STATE:IDLE
[2026-05-11 21:35:30Z] CHK MOM:0.04% RANGE:0.04% UP:100% SPREAD:0.04914004% BID:2.035 ASK:2.036 MID:2.0355 P1:2.0355 P2:2.035 P3:2.0345 P4:2.034 STATE:IDLE
[2026-05-11 21:35:31Z] CHK MOM:0.04% RANGE:0.04% UP:100% SPREAD:0.04914004% BID:2.035 ASK:2.036 MID:2.0355 P1:2.0355 P2:2.035 P3:2.0345 P4:2.034 STATE:IDLE
[2026-05-11 21:35:31Z] CHK MOM:0.04% RANGE:0.04% UP:100% SPREAD:0.04914004% BID:2.035 ASK:2.036 MID:2.0355 P1:2.0355 P2:2.035 P3:2.0345 P4:2.034 STATE:IDLE
[2026-05-11 21:35:32Z] CHK MOM:0.04% RANGE:0.04% UP:100% SPREAD:0.04914004% BID:2.035 ASK:2.036 MID:2.0355 P1:2.0355 P2:2.035 P3:2.0345 P4:2.034 STATE:IDLE
[2026-05-11 21:35:32Z] CHK MOM:0.04% RANGE:0.04% UP:100% SPREAD:0.04914004% BID:2.035 ASK:2.036 MID:2.0355 P1:2.0355 P2:2.035 P3:2.0345 P4:2.034 STATE:IDLE
[2026-05-11 21:35:33Z] CHK MOM:0.07% RANGE:0.07% UP:100% SPREAD:0.09828009% BID:2.035 ASK:2.037 MID:2.036 P1:2.036 P2:2.0355 P3:2.035 P4:2.0345 STATE:IDLE
[2026-05-11 21:35:33Z] CHK MOM:0.07% RANGE:0.07% UP:100% SPREAD:0.09828009% BID:2.035 ASK:2.037 MID:2.036 P1:2.036 P2:2.0355 P3:2.035 P4:2.0345 STATE:IDLE
[2026-05-11 21:35:34Z] CHK MOM:0.07% RANGE:0.07% UP:100% SPREAD:0.09828009% BID:2.035 ASK:2.037 MID:2.036 P1:2.036 P2:2.0355 P3:2.035 P4:2.0345 STATE:IDLE
[2026-05-11 21:35:34Z] CHK MOM:0.07% RANGE:0.07% UP:100% SPREAD:0.09828009% BID:2.035 ASK:2.037 MID:2.036 P1:2.036 P2:2.0355 P3:2.035 P4:2.0345 STATE:IDLE
[2026-05-11 21:35:35Z] CHK MOM:0.07% RANGE:0.07% UP:100% SPREAD:0.09828009% BID:2.035 ASK:2.037 MID:2.036 P1:2.036 P2:2.0355 P3:2.035 P4:2.0345 STATE:IDLE
[2026-05-11 21:35:36Z] CHK MOM:0.07% RANGE:0.07% UP:100% SPREAD:0.09828009% BID:2.035 ASK:2.037 MID:2.036 P1:2.036 P2:2.0355 P3:2.035 P4:2.0345 STATE:IDLE
[2026-05-11 21:36:06Z] CHK MOM:0% RANGE:0% UP:0% SPREAD:0.04911591% BID:2.036 ASK:2.037 MID:2.0365 P1:2.0365 P2:2.036 P3:2.0355 P4:NA STATE:IDLE
[2026-05-11 21:36:06Z] CHK MOM:0% RANGE:0% UP:0% SPREAD:0.04911591% BID:2.036 ASK:2.037 MID:2.0365 P1:2.0365 P2:2.0365 P3:2.036 P4:2.0355 STATE:IDLE
[2026-05-11 21:36:07Z] CHK MOM:0% RANGE:0% UP:0% SPREAD:0.04911591% BID:2.036 ASK:2.037 MID:2.0365 P1:2.0365 P2:2.0365 P3:2.036 P4:2.0355 STATE:IDLE
[2026-05-11 21:36:07Z] CHK MOM:0% RANGE:0% UP:0% SPREAD:0.04911591% BID:2.036 ASK:2.037 MID:2.0365 P1:2.0365 P2:2.0365 P3:2.036 P4:2.0355 STATE:IDLE
[2026-05-11 21:36:08Z] CHK MOM:0% RANGE:0% UP:0% SPREAD:0.04911591% BID:2.036 ASK:2.037 MID:2.0365 P1:2.0365 P2:2.0365 P3:2.036 P4:2.0355 STATE:IDLE
[2026-05-11 21:36:08Z] CHK MOM:0% RANGE:0% UP:0% SPREAD:0.04911591% BID:2.036 ASK:2.037 MID:2.0365 P1:2.0365 P2:2.0365 P3:2.036 P4:2.0355 STATE:IDLE
[2026-05-11 21:36:10Z] CHK MOM:-0.02% RANGE:0.02% UP:0% SPREAD:0.09828009% BID:2.035 ASK:2.037 MID:2.036 P1:2.036 P2:2.0365 P3:2.0365 P4:2.036 STATE:IDLE
[2026-05-11 21:36:11Z] CHK MOM:-0.02% RANGE:0.02% UP:0% SPREAD:0.09828009% BID:2.035 ASK:2.037 MID:2.036 P1:2.036 P2:2.0365 P3:2.0365 P4:2.036 STATE:IDLE
[2026-05-11 21:36:12Z] CHK MOM:-0.02% RANGE:0.02% UP:0% SPREAD:0.09828009% BID:2.035 ASK:2.037 MID:2.036 P1:2.036 P2:2.0365 P3:2.0365 P4:2.036 STATE:IDLE
[2026-05-11 21:36:12Z] CHK MOM:-0.02% RANGE:0.02% UP:0% SPREAD:0.09828009% BID:2.035 ASK:2.037 MID:2.036 P1:2.036 P2:2.0365 P3:2.0365 P4:2.036 STATE:IDLE
[2026-05-11 21:36:13Z] CHK MOM:-0.02% RANGE:0.02% UP:0% SPREAD:0.09828009% BID:2.035 ASK:2.037 MID:2.036 P1:2.036 P2:2.0365 P3:2.0365 P4:2.036 STATE:IDLE
[2026-05-11 21:36:24Z] CHK MOM:0% RANGE:0% UP:0% SPREAD:0.09828009% BID:2.035 ASK:2.037 MID:2.036 P1:2.036 P2:2.036 P3:2.0365 P4:2.0365 STATE:IDLE
[2026-05-11 21:36:25Z] CHK MOM:0% RANGE:0% UP:0% SPREAD:0.09828009% BID:2.035 ASK:2.037 MID:2.036 P1:2.036 P2:2.036 P3:2.0365 P4:2.0365 STATE:IDLE
[2026-05-11 21:36:25Z] CHK MOM:0% RANGE:0% UP:0% SPREAD:0.09828009% BID:2.035 ASK:2.037 MID:2.036 P1:2.036 P2:2.036 P3:2.0365 P4:2.0365 STATE:IDLE
[2026-05-11 21:36:26Z] CHK MOM:0% RANGE:0% UP:0% SPREAD:0.09828009% BID:2.035 ASK:2.037 MID:2.036 P1:2.036 P2:2.036 P3:2.0365 P4:2.0365 STATE:IDLE
[2026-05-11 21:36:26Z] CHK MOM:0% RANGE:0% UP:0% SPREAD:0.09828009% BID:2.035 ASK:2.037 MID:2.036 P1:2.036 P2:2.036 P3:2.0365 P4:2.0365 STATE:IDLE
[2026-05-11 21:36:31Z] CHK MOM:0% RANGE:0% UP:0% SPREAD:0.09828009% BID:2.035 ASK:2.037 MID:2.036 P1:2.036 P2:2.036 P3:2.036 P4:2.0365 STATE:IDLE
[2026-05-11 21:36:31Z] CHK MOM:0% RANGE:0% UP:0% SPREAD:0.09828009% BID:2.035 ASK:2.037 MID:2.036 P1:2.036 P2:2.036 P3:2.036 P4:2.0365 STATE:IDLE
[2026-05-11 21:36:32Z] CHK MOM:0% RANGE:0% UP:0% SPREAD:0.09828009% BID:2.035 ASK:2.037 MID:2.036 P1:2.036 P2:2.036 P3:2.036 P4:2.0365 STATE:IDLE
[2026-05-11 21:36:32Z] CHK MOM:0% RANGE:0% UP:0% SPREAD:0.09828009% BID:2.035 ASK:2.037 MID:2.036 P1:2.036 P2:2.036 P3:2.036 P4:2.0365 STATE:IDLE
[2026-05-11 21:36:33Z] CHK MOM:0% RANGE:0% UP:0% SPREAD:0.09828009% BID:2.035 ASK:2.037 MID:2.036 P1:2.036 P2:2.036 P3:2.036 P4:2.0365 STATE:IDLE
[2026-05-11 21:36:35Z] CHK MOM:-0.02% RANGE:0.02% UP:0% SPREAD:0.04914004% BID:2.035 ASK:2.036 MID:2.0355 P1:2.0355 P2:2.036 P3:2.036 P4:2.036 STATE:IDLE
[2026-05-11 21:36:36Z] CHK MOM:-0.02% RANGE:0.02% UP:0% SPREAD:0.04914004% BID:2.035 ASK:2.036 MID:2.0355 P1:2.0355 P2:2.036 P3:2.036 P4:2.036 STATE:IDLE
[2026-05-11 21:36:37Z] CHK MOM:0% RANGE:0.02% UP:50% SPREAD:0.09828009% BID:2.035 ASK:2.037 MID:2.036 P1:2.036 P2:2.0355 P3:2.036 P4:2.036 STATE:IDLE
[2026-05-11 21:36:37Z] CHK MOM:0% RANGE:0.02% UP:50% SPREAD:0.09828009% BID:2.035 ASK:2.037 MID:2.036 P1:2.036 P2:2.0355 P3:2.036 P4:2.036 STATE:IDLE
[2026-05-11 21:36:38Z] CHK MOM:0% RANGE:0.02% UP:50% SPREAD:0.09828009% BID:2.035 ASK:2.037 MID:2.036 P1:2.036 P2:2.0355 P3:2.036 P4:2.036 STATE:IDLE
[2026-05-11 21:36:38Z] CHK MOM:0% RANGE:0.02% UP:50% SPREAD:0.09828009% BID:2.035 ASK:2.037 MID:2.036 P1:2.036 P2:2.0355 P3:2.036 P4:2.036 STATE:IDLE
[2026-05-11 21:36:39Z] CHK MOM:0% RANGE:0.02% UP:50% SPREAD:0.09828009% BID:2.035 ASK:2.037 MID:2.036 P1:2.036 P2:2.0355 P3:2.036 P4:2.036 STATE:IDLE
[2026-05-11 21:36:39Z] CHK MOM:0% RANGE:0.02% UP:50% SPREAD:0.09828009% BID:2.035 ASK:2.037 MID:2.036 P1:2.036 P2:2.0355 P3:2.036 P4:2.036 STATE:IDLE
[2026-05-11 21:37:05Z] CHK MOM:0% RANGE:0% UP:0% SPREAD:0.09828009% BID:2.035 ASK:2.037 MID:2.036 P1:2.036 P2:2.036 P3:2.0355 P4:2.036 STATE:IDLE
[2026-05-11 23:23:53Z] SESSION_START symbol=ATOMUSDC dry_run=0 profile=major strategy=momentum base_url=https://api.binance.com
[2026-05-11 23:23:53Z] TOXIC_MEMORY_LOADED count=5 symbols=GUNUSDC,JTOUSDC,ORDIUSDC,SAHARAUSDC,TONUSDC
[2026-05-11 23:23:58Z] CHK MOM:0% RANGE:0% UP:0% SPREAD:0.04918839% BID:2.033 ASK:2.034 MID:2.0335 P1:2.0335 P2:NA P3:NA P4:NA STATE:IDLE
[2026-05-11 23:23:59Z] CHK MOM:0% RANGE:0% UP:0% SPREAD:0.04918839% BID:2.033 ASK:2.034 MID:2.0335 P1:2.0335 P2:2.0335 P3:NA P4:NA STATE:IDLE
[2026-05-11 23:23:59Z] CHK MOM:0% RANGE:0% UP:0% SPREAD:0.04918839% BID:2.033 ASK:2.034 MID:2.0335 P1:2.0335 P2:2.0335 P3:2.0335 P4:NA STATE:IDLE
[2026-05-11 23:24:00Z] CHK MOM:0% RANGE:0% UP:0% SPREAD:0.04918839% BID:2.033 ASK:2.034 MID:2.0335 P1:2.0335 P2:2.0335 P3:2.0335 P4:2.0335 STATE:IDLE
[2026-05-11 23:24:00Z] CHK MOM:0% RANGE:0% UP:0% SPREAD:0.04918839% BID:2.033 ASK:2.034 MID:2.0335 P1:2.0335 P2:2.0335 P3:2.0335 P4:2.0335 STATE:IDLE
[2026-05-11 23:24:01Z] CHK MOM:0% RANGE:0% UP:0% SPREAD:0.04918839% BID:2.033 ASK:2.034 MID:2.0335 P1:2.0335 P2:2.0335 P3:2.0335 P4:2.0335 STATE:IDLE
[2026-05-11 23:24:01Z] CHK MOM:0% RANGE:0% UP:0% SPREAD:0.04918839% BID:2.033 ASK:2.034 MID:2.0335 P1:2.0335 P2:2.0335 P3:2.0335 P4:2.0335 STATE:IDLE
[2026-05-11 23:24:02Z] CHK MOM:0% RANGE:0% UP:0% SPREAD:0.04918839% BID:2.033 ASK:2.034 MID:2.0335 P1:2.0335 P2:2.0335 P3:2.0335 P4:2.0335 STATE:IDLE
[2026-05-11 23:24:02Z] CHK MOM:0.07% RANGE:0.07% UP:20% SPREAD:0.09832841% BID:2.034 ASK:2.036 MID:2.035 P1:2.035 P2:2.0335 P3:2.0335 P4:2.0335 STATE:IDLE
[2026-05-11 23:24:03Z] CHK MOM:0.07% RANGE:0.07% UP:20% SPREAD:0.09832841% BID:2.034 ASK:2.036 MID:2.035 P1:2.035 P2:2.0335 P3:2.0335 P4:2.0335 STATE:IDLE
[2026-05-11 23:24:04Z] CHK MOM:0.07% RANGE:0.07% UP:20% SPREAD:0.09832841% BID:2.034 ASK:2.036 MID:2.035 P1:2.035 P2:2.0335 P3:2.0335 P4:2.0335 STATE:IDLE
[2026-05-11 23:24:04Z] CHK MOM:0.07% RANGE:0.07% UP:20% SPREAD:0.09832841% BID:2.034 ASK:2.036 MID:2.035 P1:2.035 P2:2.0335 P3:2.0335 P4:2.0335 STATE:IDLE
[2026-05-11 23:24:05Z] CHK MOM:0.07% RANGE:0.07% UP:20% SPREAD:0.09832841% BID:2.034 ASK:2.036 MID:2.035 P1:2.035 P2:2.0335 P3:2.0335 P4:2.0335 STATE:IDLE
[2026-05-11 23:24:07Z] CHK MOM:0.04% RANGE:0.07% UP:16.66% SPREAD:0.0491642% BID:2.034 ASK:2.035 MID:2.0345 P1:2.0345 P2:2.035 P3:2.0335 P4:2.0335 STATE:IDLE
[2026-05-11 23:24:08Z] CHK MOM:0.07% RANGE:0.07% UP:28.57% SPREAD:0.09832841% BID:2.034 ASK:2.036 MID:2.035 P1:2.035 P2:2.0345 P3:2.035 P4:2.0335 STATE:IDLE
[2026-05-11 23:24:08Z] CHK MOM:0.07% RANGE:0.07% UP:25% SPREAD:0.09832841% BID:2.034 ASK:2.036 MID:2.035 P1:2.035 P2:2.035 P3:2.0345 P4:2.035 STATE:IDLE
[2026-05-11 23:24:09Z] CHK MOM:0.07% RANGE:0.07% UP:22.22% SPREAD:0.09832841% BID:2.034 ASK:2.036 MID:2.035 P1:2.035 P2:2.035 P3:2.035 P4:2.0345 STATE:IDLE
[2026-05-11 23:24:10Z] CHK MOM:0.07% RANGE:0.07% UP:20% SPREAD:0.09832841% BID:2.034 ASK:2.036 MID:2.035 P1:2.035 P2:2.035 P3:2.035 P4:2.035 STATE:IDLE
[2026-05-11 23:24:10Z] CHK MOM:0.09% RANGE:0.09% UP:30% SPREAD:0.04914004% BID:2.035 ASK:2.036 MID:2.0355 P1:2.0355 P2:2.035 P3:2.035 P4:2.035 STATE:IDLE
[2026-05-11 23:24:11Z] CHK MOM:0.09% RANGE:0.09% UP:30% SPREAD:0.04914004% BID:2.035 ASK:2.036 MID:2.0355 P1:2.0355 P2:2.035 P3:2.035 P4:2.035 STATE:IDLE
[2026-05-11 23:24:11Z] CHK MOM:0.09% RANGE:0.09% UP:30% SPREAD:0.04914004% BID:2.035 ASK:2.036 MID:2.0355 P1:2.0355 P2:2.035 P3:2.035 P4:2.035 STATE:IDLE
[2026-05-11 23:24:12Z] CHK MOM:0.09% RANGE:0.09% UP:30% SPREAD:0.04914004% BID:2.035 ASK:2.036 MID:2.0355 P1:2.0355 P2:2.035 P3:2.035 P4:2.035 STATE:IDLE
[2026-05-11 23:24:12Z] CHK MOM:-0.02% RANGE:0.04% UP:28.57% SPREAD:0.0491642% BID:2.034 ASK:2.035 MID:2.0345 P1:2.0345 P2:2.0355 P3:2.035 P4:2.035 STATE:IDLE
[2026-05-11 23:24:13Z] CHK MOM:-0.02% RANGE:0.04% UP:28.57% SPREAD:0.0491642% BID:2.034 ASK:2.035 MID:2.0345 P1:2.0345 P2:2.0355 P3:2.035 P4:2.035 STATE:IDLE
[2026-05-11 23:24:13Z] CHK MOM:-0.02% RANGE:0.04% UP:25% SPREAD:0.0491642% BID:2.034 ASK:2.035 MID:2.0345 P1:2.0345 P2:2.0345 P3:2.0355 P4:2.035 STATE:IDLE
[2026-05-11 23:24:14Z] CHK MOM:-0.02% RANGE:0.04% UP:25% SPREAD:0.0491642% BID:2.034 ASK:2.035 MID:2.0345 P1:2.0345 P2:2.0345 P3:2.0355 P4:2.035 STATE:IDLE
[2026-05-11 23:24:15Z] CHK MOM:0% RANGE:0.04% UP:25% SPREAD:0.0491642% BID:2.034 ASK:2.035 MID:2.0345 P1:2.0345 P2:2.0345 P3:2.0345 P4:2.0355 STATE:IDLE
[2026-05-11 23:24:15Z] CHK MOM:0.02% RANGE:0.04% UP:33.33% SPREAD:0.09832841% BID:2.034 ASK:2.036 MID:2.035 P1:2.035 P2:2.0345 P3:2.0345 P4:2.0345 STATE:IDLE
[2026-05-11 23:24:16Z] CHK MOM:0.02% RANGE:0.04% UP:33.33% SPREAD:0.09832841% BID:2.034 ASK:2.036 MID:2.035 P1:2.035 P2:2.0345 P3:2.0345 P4:2.0345 STATE:IDLE
[2026-05-11 23:24:16Z] CHK MOM:0.02% RANGE:0.04% UP:30% SPREAD:0.09832841% BID:2.034 ASK:2.036 MID:2.035 P1:2.035 P2:2.035 P3:2.0345 P4:2.0345 STATE:IDLE
[2026-05-11 23:24:17Z] CHK MOM:0.02% RANGE:0.04% UP:30% SPREAD:0.09832841% BID:2.034 ASK:2.036 MID:2.035 P1:2.035 P2:2.035 P3:2.0345 P4:2.0345 STATE:IDLE
[2026-05-11 23:24:17Z] CHK MOM:0.02% RANGE:0.04% UP:30% SPREAD:0.09832841% BID:2.034 ASK:2.036 MID:2.035 P1:2.035 P2:2.035 P3:2.0345 P4:2.0345 STATE:IDLE
[2026-05-11 23:24:18Z] CHK MOM:0.02% RANGE:0.04% UP:30% SPREAD:0.09832841% BID:2.034 ASK:2.036 MID:2.035 P1:2.035 P2:2.035 P3:2.0345 P4:2.0345 STATE:IDLE
[2026-05-11 23:24:18Z] CHK MOM:0.02% RANGE:0.04% UP:30% SPREAD:0.09832841% BID:2.034 ASK:2.036 MID:2.035 P1:2.035 P2:2.035 P3:2.0345 P4:2.0345 STATE:IDLE
[2026-05-11 23:24:19Z] CHK MOM:0.02% RANGE:0.04% UP:30% SPREAD:0.09832841% BID:2.034 ASK:2.036 MID:2.035 P1:2.035 P2:2.035 P3:2.0345 P4:2.0345 STATE:IDLE
[2026-05-11 23:24:24Z] CHK MOM:0.02% RANGE:0.02% UP:20% SPREAD:0.09832841% BID:2.034 ASK:2.036 MID:2.035 P1:2.035 P2:2.035 P3:2.035 P4:2.0345 STATE:IDLE
[2026-05-11 23:24:25Z] CHK MOM:0% RANGE:0.02% UP:20% SPREAD:0.0491642% BID:2.034 ASK:2.035 MID:2.0345 P1:2.0345 P2:2.035 P3:2.035 P4:2.035 STATE:IDLE
[2026-05-11 23:24:25Z] CHK MOM:0.02% RANGE:0.02% UP:33.33% SPREAD:0.09832841% BID:2.034 ASK:2.036 MID:2.035 P1:2.035 P2:2.0345 P3:2.035 P4:2.035 STATE:IDLE
[2026-05-11 23:24:26Z] CHK MOM:0.09% RANGE:0.09% UP:50% SPREAD:0.04911591% BID:2.036 ASK:2.037 MID:2.0365 P1:2.0365 P2:2.035 P3:2.0345 P4:2.035 STATE:IDLE
[2026-05-11 23:24:26Z] CHK MOM:0.09% RANGE:0.09% UP:50% SPREAD:0.04911591% BID:2.036 ASK:2.037 MID:2.0365 P1:2.0365 P2:2.035 P3:2.0345 P4:2.035 STATE:IDLE
[2026-05-11 23:24:27Z] CHK MOM:0.09% RANGE:0.09% UP:50% SPREAD:0.04911591% BID:2.036 ASK:2.037 MID:2.0365 P1:2.0365 P2:2.035 P3:2.0345 P4:2.035 STATE:IDLE
[2026-05-11 23:24:27Z] CHK MOM:0.09% RANGE:0.09% UP:50% SPREAD:0.04911591% BID:2.036 ASK:2.037 MID:2.0365 P1:2.0365 P2:2.035 P3:2.0345 P4:2.035 STATE:IDLE
[2026-05-11 23:24:28Z] CHK MOM:0.09% RANGE:0.09% UP:50% SPREAD:0.04911591% BID:2.036 ASK:2.037 MID:2.0365 P1:2.0365 P2:2.035 P3:2.0345 P4:2.035 STATE:IDLE
[2026-05-11 23:24:28Z] CHK MOM:0.09% RANGE:0.09% UP:50% SPREAD:0.04911591% BID:2.036 ASK:2.037 MID:2.0365 P1:2.0365 P2:2.035 P3:2.0345 P4:2.035 STATE:IDLE
[2026-05-11 23:24:39Z] CHK MOM:0% RANGE:0% UP:0% SPREAD:0.04911591% BID:2.036 ASK:2.037 MID:2.0365 P1:2.0365 P2:2.0365 P3:2.035 P4:2.0345 STATE:IDLE
[2026-05-11 23:24:39Z] CHK MOM:0% RANGE:0% UP:0% SPREAD:0.04911591% BID:2.036 ASK:2.037 MID:2.0365 P1:2.0365 P2:2.0365 P3:2.035 P4:2.0345 STATE:IDLE
[2026-05-11 23:24:40Z] CHK MOM:0% RANGE:0% UP:0% SPREAD:0.04911591% BID:2.036 ASK:2.037 MID:2.0365 P1:2.0365 P2:2.0365 P3:2.035 P4:2.0345 STATE:IDLE
[2026-05-11 23:24:40Z] CHK MOM:0% RANGE:0% UP:0% SPREAD:0.04911591% BID:2.036 ASK:2.037 MID:2.0365 P1:2.0365 P2:2.0365 P3:2.035 P4:2.0345 STATE:IDLE
[2026-05-11 23:24:41Z] CHK MOM:0% RANGE:0% UP:0% SPREAD:0.04911591% BID:2.036 ASK:2.037 MID:2.0365 P1:2.0365 P2:2.0365 P3:2.035 P4:2.0345 STATE:IDLE
[2026-05-11 23:24:43Z] CHK MOM:-0.04% RANGE:0.04% UP:0% SPREAD:0.04914004% BID:2.035 ASK:2.036 MID:2.0355 P1:2.0355 P2:2.0365 P3:2.0365 P4:2.035 STATE:IDLE
[2026-05-11 23:24:43Z] CHK MOM:-0.04% RANGE:0.04% UP:0% SPREAD:0.04914004% BID:2.035 ASK:2.036 MID:2.0355 P1:2.0355 P2:2.0365 P3:2.0365 P4:2.035 STATE:IDLE
[2026-05-11 23:24:44Z] CHK MOM:-0.04% RANGE:0.04% UP:0% SPREAD:0.04914004% BID:2.035 ASK:2.036 MID:2.0355 P1:2.0355 P2:2.0365 P3:2.0365 P4:2.035 STATE:IDLE
[2026-05-11 23:24:45Z] CHK MOM:-0.04% RANGE:0.04% UP:0% SPREAD:0.04914004% BID:2.035 ASK:2.036 MID:2.0355 P1:2.0355 P2:2.0355 P3:2.0365 P4:2.0365 STATE:IDLE
[2026-05-11 23:24:45Z] CHK MOM:-0.04% RANGE:0.04% UP:0% SPREAD:0.04914004% BID:2.035 ASK:2.036 MID:2.0355 P1:2.0355 P2:2.0355 P3:2.0365 P4:2.0365 STATE:IDLE
[2026-05-11 23:24:46Z] CHK MOM:-0.04% RANGE:0.04% UP:0% SPREAD:0.04914004% BID:2.035 ASK:2.036 MID:2.0355 P1:2.0355 P2:2.0355 P3:2.0355 P4:2.0365 STATE:IDLE
[2026-05-11 23:24:46Z] CHK MOM:-0.04% RANGE:0.04% UP:0% SPREAD:0.04914004% BID:2.035 ASK:2.036 MID:2.0355 P1:2.0355 P2:2.0355 P3:2.0355 P4:2.0365 STATE:IDLE
[2026-05-11 23:24:47Z] CHK MOM:-0.04% RANGE:0.04% UP:0% SPREAD:0.04914004% BID:2.035 ASK:2.036 MID:2.0355 P1:2.0355 P2:2.0355 P3:2.0355 P4:2.0365 STATE:IDLE
[2026-05-11 23:24:47Z] CHK MOM:-0.04% RANGE:0.04% UP:0% SPREAD:0.04914004% BID:2.035 ASK:2.036 MID:2.0355 P1:2.0355 P2:2.0355 P3:2.0355 P4:2.0355 STATE:IDLE
[2026-05-11 23:24:48Z] CHK MOM:-0.04% RANGE:0.04% UP:0% SPREAD:0.04914004% BID:2.035 ASK:2.036 MID:2.0355 P1:2.0355 P2:2.0355 P3:2.0355 P4:2.0355 STATE:IDLE
[2026-05-11 23:24:48Z] CHK MOM:-0.04% RANGE:0.04% UP:0% SPREAD:0.04914004% BID:2.035 ASK:2.036 MID:2.0355 P1:2.0355 P2:2.0355 P3:2.0355 P4:2.0355 STATE:IDLE
[2026-05-11 23:24:49Z] CHK MOM:-0.04% RANGE:0.04% UP:0% SPREAD:0.04914004% BID:2.035 ASK:2.036 MID:2.0355 P1:2.0355 P2:2.0355 P3:2.0355 P4:2.0355 STATE:IDLE
[2026-05-11 23:24:50Z] CHK MOM:-0.04% RANGE:0.04% UP:0% SPREAD:0.04914004% BID:2.035 ASK:2.036 MID:2.0355 P1:2.0355 P2:2.0355 P3:2.0355 P4:2.0355 STATE:IDLE
[2026-05-11 23:24:50Z] CHK MOM:-0.04% RANGE:0.04% UP:0% SPREAD:0.04914004% BID:2.035 ASK:2.036 MID:2.0355 P1:2.0355 P2:2.0355 P3:2.0355 P4:2.0355 STATE:IDLE
[2026-05-11 23:24:51Z] CHK MOM:-0.04% RANGE:0.04% UP:0% SPREAD:0.04914004% BID:2.035 ASK:2.036 MID:2.0355 P1:2.0355 P2:2.0355 P3:2.0355 P4:2.0355 STATE:IDLE
[2026-05-11 23:24:51Z] CHK MOM:-0.04% RANGE:0.04% UP:0% SPREAD:0.04914004% BID:2.035 ASK:2.036 MID:2.0355 P1:2.0355 P2:2.0355 P3:2.0355 P4:2.0355 STATE:IDLE
[2026-05-11 23:24:53Z] CHK MOM:0% RANGE:0% UP:0% SPREAD:0.04914004% BID:2.035 ASK:2.036 MID:2.0355 P1:2.0355 P2:2.0355 P3:2.0355 P4:2.0355 STATE:IDLE
[2026-05-11 23:24:54Z] CHK MOM:0% RANGE:0% UP:0% SPREAD:0.04914004% BID:2.035 ASK:2.036 MID:2.0355 P1:2.0355 P2:2.0355 P3:2.0355 P4:2.0355 STATE:IDLE
[2026-05-11 23:24:55Z] CHK MOM:0% RANGE:0% UP:0% SPREAD:0.04914004% BID:2.035 ASK:2.036 MID:2.0355 P1:2.0355 P2:2.0355 P3:2.0355 P4:2.0355 STATE:IDLE
[2026-05-11 23:24:55Z] CHK MOM:0% RANGE:0% UP:0% SPREAD:0.04914004% BID:2.035 ASK:2.036 MID:2.0355 P1:2.0355 P2:2.0355 P3:2.0355 P4:2.0355 STATE:IDLE
[2026-05-11 23:24:56Z] CHK MOM:0% RANGE:0% UP:0% SPREAD:0.04914004% BID:2.035 ASK:2.036 MID:2.0355 P1:2.0355 P2:2.0355 P3:2.0355 P4:2.0355 STATE:IDLE
[2026-05-11 23:24:56Z] CHK MOM:0% RANGE:0% UP:0% SPREAD:0.04914004% BID:2.035 ASK:2.036 MID:2.0355 P1:2.0355 P2:2.0355 P3:2.0355 P4:2.0355 STATE:IDLE
[2026-05-11 23:24:57Z] CHK MOM:0% RANGE:0% UP:0% SPREAD:0.04914004% BID:2.035 ASK:2.036 MID:2.0355 P1:2.0355 P2:2.0355 P3:2.0355 P4:2.0355 STATE:IDLE
[2026-05-11 23:24:57Z] CHK MOM:0% RANGE:0% UP:0% SPREAD:0.04914004% BID:2.035 ASK:2.036 MID:2.0355 P1:2.0355 P2:2.0355 P3:2.0355 P4:2.0355 STATE:IDLE
[2026-05-11 23:24:58Z] CHK MOM:0% RANGE:0% UP:0% SPREAD:0.04914004% BID:2.035 ASK:2.036 MID:2.0355 P1:2.0355 P2:2.0355 P3:2.0355 P4:2.0355 STATE:IDLE
[2026-05-11 23:24:58Z] CHK MOM:0% RANGE:0% UP:0% SPREAD:0.04914004% BID:2.035 ASK:2.036 MID:2.0355 P1:2.0355 P2:2.0355 P3:2.0355 P4:2.0355 STATE:IDLE
[2026-05-11 23:24:59Z] CHK MOM:0% RANGE:0% UP:0% SPREAD:0.04914004% BID:2.035 ASK:2.036 MID:2.0355 P1:2.0355 P2:2.0355 P3:2.0355 P4:2.0355 STATE:IDLE
[2026-05-11 23:24:59Z] CHK MOM:0% RANGE:0% UP:0% SPREAD:0.04914004% BID:2.035 ASK:2.036 MID:2.0355 P1:2.0355 P2:2.0355 P3:2.0355 P4:2.0355 STATE:IDLE
[2026-05-11 23:25:01Z] CHK MOM:0% RANGE:0% UP:0% SPREAD:0.04914004% BID:2.035 ASK:2.036 MID:2.0355 P1:2.0355 P2:2.0355 P3:2.0355 P4:2.0355 STATE:IDLE
[2026-05-11 23:25:01Z] CHK MOM:0.04% RANGE:0.04% UP:14.28% SPREAD:0.04911591% BID:2.036 ASK:2.037 MID:2.0365 P1:2.0365 P2:2.0355 P3:2.0355 P4:2.0355 STATE:IDLE
[2026-05-11 23:25:02Z] CHK MOM:-0.04% RANGE:0.09% UP:12.5% SPREAD:0.0491642% BID:2.034 ASK:2.035 MID:2.0345 P1:2.0345 P2:2.0365 P3:2.0355 P4:2.0355 STATE:IDLE
[2026-05-11 23:25:02Z] CHK MOM:-0.04% RANGE:0.09% UP:11.11% SPREAD:0.0491642% BID:2.034 ASK:2.035 MID:2.0345 P1:2.0345 P2:2.0345 P3:2.0365 P4:2.0355 STATE:IDLE
[2026-05-11 23:25:03Z] CHK MOM:-0.04% RANGE:0.09% UP:10% SPREAD:0.0491642% BID:2.034 ASK:2.035 MID:2.0345 P1:2.0345 P2:2.0345 P3:2.0345 P4:2.0365 STATE:IDLE
[2026-05-11 23:25:03Z] CHK MOM:-0.04% RANGE:0.09% UP:10% SPREAD:0.0491642% BID:2.034 ASK:2.035 MID:2.0345 P1:2.0345 P2:2.0345 P3:2.0345 P4:2.0365 STATE:IDLE
[2026-05-11 23:25:04Z] CHK MOM:-0.04% RANGE:0.09% UP:10% SPREAD:0.0491642% BID:2.034 ASK:2.035 MID:2.0345 P1:2.0345 P2:2.0345 P3:2.0345 P4:2.0365 STATE:IDLE
[2026-05-11 23:25:04Z] CHK MOM:-0.04% RANGE:0.09% UP:10% SPREAD:0.0491642% BID:2.034 ASK:2.035 MID:2.0345 P1:2.0345 P2:2.0345 P3:2.0345 P4:2.0365 STATE:IDLE
[2026-05-11 23:25:05Z] CHK MOM:-0.04% RANGE:0.09% UP:10% SPREAD:0.0491642% BID:2.034 ASK:2.035 MID:2.0345 P1:2.0345 P2:2.0345 P3:2.0345 P4:2.0365 STATE:IDLE
[2026-05-11 23:25:09Z] CHK MOM:-0.04% RANGE:0.09% UP:12.5% SPREAD:0.0491642% BID:2.034 ASK:2.035 MID:2.0345 P1:2.0345 P2:2.0345 P3:2.0345 P4:2.0345 STATE:IDLE
[2026-05-11 23:25:10Z] CHK MOM:-0.04% RANGE:0.09% UP:12.5% SPREAD:0.0491642% BID:2.034 ASK:2.035 MID:2.0345 P1:2.0345 P2:2.0345 P3:2.0345 P4:2.0345 STATE:IDLE
[2026-05-11 23:25:11Z] CHK MOM:-0.04% RANGE:0.09% UP:12.5% SPREAD:0.0491642% BID:2.034 ASK:2.035 MID:2.0345 P1:2.0345 P2:2.0345 P3:2.0345 P4:2.0345 STATE:IDLE
[2026-05-11 23:25:11Z] CHK MOM:-0.04% RANGE:0.09% UP:12.5% SPREAD:0.0491642% BID:2.034 ASK:2.035 MID:2.0345 P1:2.0345 P2:2.0345 P3:2.0345 P4:2.0345 STATE:IDLE
[2026-05-11 23:25:12Z] CHK MOM:-0.04% RANGE:0.09% UP:12.5% SPREAD:0.0491642% BID:2.034 ASK:2.035 MID:2.0345 P1:2.0345 P2:2.0345 P3:2.0345 P4:2.0345 STATE:IDLE
[2026-05-11 23:25:12Z] CHK MOM:-0.09% RANGE:0.09% UP:0% SPREAD:0.0491642% BID:2.034 ASK:2.035 MID:2.0345 P1:2.0345 P2:2.0345 P3:2.0345 P4:2.0345 STATE:IDLE
[2026-05-11 23:25:13Z] CHK MOM:-0.09% RANGE:0.09% UP:0% SPREAD:0.0491642% BID:2.034 ASK:2.035 MID:2.0345 P1:2.0345 P2:2.0345 P3:2.0345 P4:2.0345 STATE:IDLE
[2026-05-11 23:25:13Z] CHK MOM:-0.09% RANGE:0.09% UP:0% SPREAD:0.0491642% BID:2.034 ASK:2.035 MID:2.0345 P1:2.0345 P2:2.0345 P3:2.0345 P4:2.0345 STATE:IDLE
[2026-05-11 23:25:14Z] CHK MOM:-0.09% RANGE:0.09% UP:0% SPREAD:0.0491642% BID:2.034 ASK:2.035 MID:2.0345 P1:2.0345 P2:2.0345 P3:2.0345 P4:2.0345 STATE:IDLE
[2026-05-11 23:25:14Z] CHK MOM:-0.09% RANGE:0.09% UP:0% SPREAD:0.0491642% BID:2.034 ASK:2.035 MID:2.0345 P1:2.0345 P2:2.0345 P3:2.0345 P4:2.0345 STATE:IDLE
[2026-05-11 23:25:15Z] CHK MOM:0% RANGE:0% UP:0% SPREAD:0.0491642% BID:2.034 ASK:2.035 MID:2.0345 P1:2.0345 P2:2.0345 P3:2.0345 P4:2.0345 STATE:IDLE
[2026-05-11 23:25:15Z] CHK MOM:0% RANGE:0% UP:0% SPREAD:0.0491642% BID:2.034 ASK:2.035 MID:2.0345 P1:2.0345 P2:2.0345 P3:2.0345 P4:2.0345 STATE:IDLE
[2026-05-11 23:25:16Z] CHK MOM:0% RANGE:0% UP:0% SPREAD:0.0491642% BID:2.034 ASK:2.035 MID:2.0345 P1:2.0345 P2:2.0345 P3:2.0345 P4:2.0345 STATE:IDLE
[2026-05-11 23:25:17Z] CHK MOM:0% RANGE:0% UP:0% SPREAD:0.0491642% BID:2.034 ASK:2.035 MID:2.0345 P1:2.0345 P2:2.0345 P3:2.0345 P4:2.0345 STATE:IDLE
[2026-05-11 23:25:17Z] CHK MOM:0% RANGE:0% UP:0% SPREAD:0.0491642% BID:2.034 ASK:2.035 MID:2.0345 P1:2.0345 P2:2.0345 P3:2.0345 P4:2.0345 STATE:IDLE
[2026-05-11 23:25:18Z] CHK MOM:0% RANGE:0% UP:0% SPREAD:0.0491642% BID:2.034 ASK:2.035 MID:2.0345 P1:2.0345 P2:2.0345 P3:2.0345 P4:2.0345 STATE:IDLE
[2026-05-11 23:25:18Z] CHK MOM:0% RANGE:0% UP:0% SPREAD:0.0491642% BID:2.034 ASK:2.035 MID:2.0345 P1:2.0345 P2:2.0345 P3:2.0345 P4:2.0345 STATE:IDLE
[2026-05-11 23:25:19Z] CHK MOM:0% RANGE:0% UP:0% SPREAD:0.0491642% BID:2.034 ASK:2.035 MID:2.0345 P1:2.0345 P2:2.0345 P3:2.0345 P4:2.0345 STATE:IDLE
[2026-05-11 23:25:19Z] CHK MOM:0% RANGE:0% UP:0% SPREAD:0.0491642% BID:2.034 ASK:2.035 MID:2.0345 P1:2.0345 P2:2.0345 P3:2.0345 P4:2.0345 STATE:IDLE
[2026-05-11 23:25:20Z] CHK MOM:-0.02% RANGE:0.02% UP:0% SPREAD:0.09837678% BID:2.033 ASK:2.035 MID:2.034 P1:2.034 P2:2.0345 P3:2.0345 P4:2.0345 STATE:IDLE
[2026-05-11 23:25:20Z] CHK MOM:-0.02% RANGE:0.02% UP:0% SPREAD:0.09837678% BID:2.033 ASK:2.035 MID:2.034 P1:2.034 P2:2.0345 P3:2.0345 P4:2.0345 STATE:IDLE
[2026-05-11 23:25:21Z] CHK MOM:-0.02% RANGE:0.02% UP:0% SPREAD:0.09837678% BID:2.033 ASK:2.035 MID:2.034 P1:2.034 P2:2.0345 P3:2.0345 P4:2.0345 STATE:IDLE
[2026-05-11 23:25:22Z] CHK MOM:-0.02% RANGE:0.02% UP:0% SPREAD:0.09837678% BID:2.033 ASK:2.035 MID:2.034 P1:2.034 P2:2.034 P3:2.0345 P4:2.0345 STATE:IDLE
[2026-05-11 23:25:22Z] CHK MOM:-0.02% RANGE:0.02% UP:0% SPREAD:0.09837678% BID:2.033 ASK:2.035 MID:2.034 P1:2.034 P2:2.034 P3:2.0345 P4:2.0345 STATE:IDLE
[2026-05-11 23:25:23Z] CHK MOM:-0.02% RANGE:0.02% UP:0% SPREAD:0.09837678% BID:2.033 ASK:2.035 MID:2.034 P1:2.034 P2:2.034 P3:2.0345 P4:2.0345 STATE:IDLE
[2026-05-11 23:25:23Z] CHK MOM:-0.02% RANGE:0.02% UP:0% SPREAD:0.09837678% BID:2.033 ASK:2.035 MID:2.034 P1:2.034 P2:2.034 P3:2.0345 P4:2.0345 STATE:IDLE
[2026-05-11 23:25:24Z] CHK MOM:-0.02% RANGE:0.02% UP:0% SPREAD:0.09837678% BID:2.033 ASK:2.035 MID:2.034 P1:2.034 P2:2.034 P3:2.0345 P4:2.0345 STATE:IDLE
[2026-05-11 23:25:30Z] CHK MOM:0.02% RANGE:0.02% UP:50% SPREAD:0.0491642% BID:2.034 ASK:2.035 MID:2.0345 P1:2.0345 P2:2.034 P3:2.034 P4:2.0345 STATE:IDLE
[2026-05-11 23:25:31Z] CHK MOM:0.02% RANGE:0.02% UP:50% SPREAD:0.0491642% BID:2.034 ASK:2.035 MID:2.0345 P1:2.0345 P2:2.034 P3:2.034 P4:2.0345 STATE:IDLE
[2026-05-11 23:25:31Z] CHK MOM:0.02% RANGE:0.02% UP:50% SPREAD:0.0491642% BID:2.034 ASK:2.035 MID:2.0345 P1:2.0345 P2:2.034 P3:2.034 P4:2.0345 STATE:IDLE
[2026-05-11 23:25:32Z] CHK MOM:0.02% RANGE:0.02% UP:50% SPREAD:0.0491642% BID:2.034 ASK:2.035 MID:2.0345 P1:2.0345 P2:2.034 P3:2.034 P4:2.0345 STATE:IDLE
[2026-05-11 23:25:32Z] CHK MOM:0.02% RANGE:0.02% UP:50% SPREAD:0.0491642% BID:2.034 ASK:2.035 MID:2.0345 P1:2.0345 P2:2.034 P3:2.034 P4:2.0345 STATE:IDLE
[2026-05-11 23:25:38Z] CHK MOM:0% RANGE:0% UP:0% SPREAD:0.0491642% BID:2.034 ASK:2.035 MID:2.0345 P1:2.0345 P2:2.0345 P3:2.034 P4:2.034 STATE:IDLE
[2026-05-11 23:25:38Z] CHK MOM:0% RANGE:0% UP:0% SPREAD:0.0491642% BID:2.034 ASK:2.035 MID:2.0345 P1:2.0345 P2:2.0345 P3:2.0345 P4:2.034 STATE:IDLE
[2026-05-11 23:25:39Z] CHK MOM:0% RANGE:0% UP:0% SPREAD:0.0491642% BID:2.034 ASK:2.035 MID:2.0345 P1:2.0345 P2:2.0345 P3:2.0345 P4:2.0345 STATE:IDLE
[2026-05-11 23:25:39Z] CHK MOM:0% RANGE:0% UP:0% SPREAD:0.0491642% BID:2.034 ASK:2.035 MID:2.0345 P1:2.0345 P2:2.0345 P3:2.0345 P4:2.0345 STATE:IDLE
[2026-05-11 23:25:40Z] CHK MOM:0% RANGE:0% UP:0% SPREAD:0.0491642% BID:2.034 ASK:2.035 MID:2.0345 P1:2.0345 P2:2.0345 P3:2.0345 P4:2.0345 STATE:IDLE
[2026-05-11 23:25:40Z] CHK MOM:0% RANGE:0% UP:0% SPREAD:0.0491642% BID:2.034 ASK:2.035 MID:2.0345 P1:2.0345 P2:2.0345 P3:2.0345 P4:2.0345 STATE:IDLE
[2026-05-11 23:25:41Z] CHK MOM:0% RANGE:0% UP:0% SPREAD:0.0491642% BID:2.034 ASK:2.035 MID:2.0345 P1:2.0345 P2:2.0345 P3:2.0345 P4:2.0345 STATE:IDLE
[2026-05-11 23:25:41Z] CHK MOM:0% RANGE:0% UP:0% SPREAD:0.0491642% BID:2.034 ASK:2.035 MID:2.0345 P1:2.0345 P2:2.0345 P3:2.0345 P4:2.0345 STATE:IDLE
[2026-05-11 23:25:42Z] CHK MOM:0% RANGE:0% UP:0% SPREAD:0.0491642% BID:2.034 ASK:2.035 MID:2.0345 P1:2.0345 P2:2.0345 P3:2.0345 P4:2.0345 STATE:IDLE
[2026-05-11 23:25:42Z] CHK MOM:0% RANGE:0% UP:0% SPREAD:0.0491642% BID:2.034 ASK:2.035 MID:2.0345 P1:2.0345 P2:2.0345 P3:2.0345 P4:2.0345 STATE:IDLE
[2026-05-11 23:25:43Z] CHK MOM:0.04% RANGE:0.04% UP:20% SPREAD:0.04914004% BID:2.035 ASK:2.036 MID:2.0355 P1:2.0355 P2:2.0345 P3:2.0345 P4:2.0345 STATE:IDLE
[2026-05-11 23:25:44Z] CHK MOM:0.04% RANGE:0.04% UP:20% SPREAD:0.04914004% BID:2.035 ASK:2.036 MID:2.0355 P1:2.0355 P2:2.0345 P3:2.0345 P4:2.0345 STATE:IDLE
[2026-05-11 23:25:44Z] CHK MOM:0.04% RANGE:0.04% UP:20% SPREAD:0.04914004% BID:2.035 ASK:2.036 MID:2.0355 P1:2.0355 P2:2.0345 P3:2.0345 P4:2.0345 STATE:IDLE
[2026-05-11 23:25:45Z] CHK MOM:0.04% RANGE:0.04% UP:20% SPREAD:0.04914004% BID:2.035 ASK:2.036 MID:2.0355 P1:2.0355 P2:2.0345 P3:2.0345 P4:2.0345 STATE:IDLE
[2026-05-11 23:25:45Z] CHK MOM:0.04% RANGE:0.04% UP:20% SPREAD:0.04914004% BID:2.035 ASK:2.036 MID:2.0355 P1:2.0355 P2:2.0345 P3:2.0345 P4:2.0345 STATE:IDLE
[2026-05-11 23:25:46Z] CHK MOM:0.04% RANGE:0.04% UP:16.66% SPREAD:0.04914004% BID:2.035 ASK:2.036 MID:2.0355 P1:2.0355 P2:2.0355 P3:2.0345 P4:2.0345 STATE:IDLE
[2026-05-11 23:25:46Z] CHK MOM:0.04% RANGE:0.04% UP:16.66% SPREAD:0.04914004% BID:2.035 ASK:2.036 MID:2.0355 P1:2.0355 P2:2.0355 P3:2.0345 P4:2.0345 STATE:IDLE
[2026-05-11 23:25:47Z] CHK MOM:0.04% RANGE:0.04% UP:16.66% SPREAD:0.04914004% BID:2.035 ASK:2.036 MID:2.0355 P1:2.0355 P2:2.0355 P3:2.0345 P4:2.0345 STATE:IDLE
[2026-05-11 23:25:47Z] CHK MOM:0.04% RANGE:0.04% UP:16.66% SPREAD:0.04914004% BID:2.035 ASK:2.036 MID:2.0355 P1:2.0355 P2:2.0355 P3:2.0345 P4:2.0345 STATE:IDLE
[2026-05-11 23:25:48Z] CHK MOM:0.04% RANGE:0.04% UP:16.66% SPREAD:0.04914004% BID:2.035 ASK:2.036 MID:2.0355 P1:2.0355 P2:2.0355 P3:2.0345 P4:2.0345 STATE:IDLE
[2026-05-11 23:25:49Z] CHK MOM:0.04% RANGE:0.04% UP:16.66% SPREAD:0.04914004% BID:2.035 ASK:2.036 MID:2.0355 P1:2.0355 P2:2.0355 P3:2.0345 P4:2.0345 STATE:IDLE
[2026-05-11 23:25:49Z] CHK MOM:0.09% RANGE:0.09% UP:28.57% SPREAD:0.04911591% BID:2.036 ASK:2.037 MID:2.0365 P1:2.0365 P2:2.0355 P3:2.0355 P4:2.0345 STATE:IDLE
[2026-05-11 23:25:50Z] CHK MOM:0.09% RANGE:0.09% UP:28.57% SPREAD:0.04911591% BID:2.036 ASK:2.037 MID:2.0365 P1:2.0365 P2:2.0355 P3:2.0355 P4:2.0345 STATE:IDLE
[2026-05-11 23:25:50Z] CHK MOM:0.09% RANGE:0.09% UP:28.57% SPREAD:0.04911591% BID:2.036 ASK:2.037 MID:2.0365 P1:2.0365 P2:2.0355 P3:2.0355 P4:2.0345 STATE:IDLE
[2026-05-11 23:25:51Z] CHK MOM:0.09% RANGE:0.09% UP:28.57% SPREAD:0.04911591% BID:2.036 ASK:2.037 MID:2.0365 P1:2.0365 P2:2.0355 P3:2.0355 P4:2.0345 STATE:IDLE
[2026-05-11 23:25:51Z] CHK MOM:0.09% RANGE:0.09% UP:28.57% SPREAD:0.04911591% BID:2.036 ASK:2.037 MID:2.0365 P1:2.0365 P2:2.0355 P3:2.0355 P4:2.0345 STATE:IDLE
[2026-05-11 23:25:52Z] CHK MOM:0.12% RANGE:0.12% UP:60% SPREAD:0.09823182% BID:2.036 ASK:2.038 MID:2.037 P1:2.037 P2:2.0365 P3:2.0355 P4:2.0355 STATE:IDLE
[2026-05-11 23:25:53Z] CHK MOM:0.12% RANGE:0.12% UP:60% SPREAD:0.09823182% BID:2.036 ASK:2.038 MID:2.037 P1:2.037 P2:2.0365 P3:2.0355 P4:2.0355 STATE:IDLE
