[2026-05-14 17:46:13Z] SESSION_START symbol=BERAUSDC dry_run=0 profile=major strategy=momentum base_url=https://api.binance.com
[2026-05-14 17:46:13Z] TOXIC_MEMORY_LOADED count=5 symbols=GUNUSDC,JTOUSDC,ORDIUSDC,SAHARAUSDC,TONUSDC
[2026-05-14 17:46:18Z] CHK MOM:0% RANGE:0% UP:0% SPREAD:0.24213075% BID:0.413 ASK:0.414 MID:0.4135 P1:0.4135 P2:NA P3:NA P4:NA STATE:IDLE
[2026-05-14 17:46:18Z] CHK MOM:0.24% RANGE:0.24% UP:100% SPREAD:0.24154589% BID:0.414 ASK:0.415 MID:0.4145 P1:0.4145 P2:0.4135 P3:NA P4:NA STATE:IDLE
[2026-05-14 17:46:19Z] CHK MOM:0% RANGE:0.24% UP:50% SPREAD:0.24213075% BID:0.413 ASK:0.414 MID:0.4135 P1:0.4135 P2:0.4145 P3:0.4135 P4:NA STATE:IDLE
[2026-05-14 17:46:19Z] CHK MOM:0% RANGE:0.24% UP:33.33% SPREAD:0.24213075% BID:0.413 ASK:0.414 MID:0.4135 P1:0.4135 P2:0.4135 P3:0.4145 P4:0.4135 STATE:IDLE
[2026-05-14 17:46:20Z] CHK MOM:0% RANGE:0.24% UP:33.33% SPREAD:0.24213075% BID:0.413 ASK:0.414 MID:0.4135 P1:0.4135 P2:0.4135 P3:0.4145 P4:0.4135 STATE:IDLE
[2026-05-14 17:46:20Z] CHK MOM:0% RANGE:0.24% UP:33.33% SPREAD:0.24213075% BID:0.413 ASK:0.414 MID:0.4135 P1:0.4135 P2:0.4135 P3:0.4145 P4:0.4135 STATE:IDLE
[2026-05-14 17:46:21Z] CHK MOM:0% RANGE:0.24% UP:33.33% SPREAD:0.24213075% BID:0.413 ASK:0.414 MID:0.4135 P1:0.4135 P2:0.4135 P3:0.4145 P4:0.4135 STATE:IDLE
[2026-05-14 17:46:21Z] CHK MOM:0% RANGE:0.24% UP:25% SPREAD:0.24213075% BID:0.413 ASK:0.414 MID:0.4135 P1:0.4135 P2:0.4135 P3:0.4135 P4:0.4145 STATE:IDLE
[2026-05-14 17:46:22Z] CHK MOM:0% RANGE:0.24% UP:20% SPREAD:0.24213075% BID:0.413 ASK:0.414 MID:0.4135 P1:0.4135 P2:0.4135 P3:0.4135 P4:0.4135 STATE:IDLE
[2026-05-14 17:46:23Z] CHK MOM:0% RANGE:0.24% UP:16.66% SPREAD:0.24213075% BID:0.413 ASK:0.414 MID:0.4135 P1:0.4135 P2:0.4135 P3:0.4135 P4:0.4135 STATE:IDLE
[2026-05-14 17:46:23Z] CHK MOM:0% RANGE:0.24% UP:14.28% SPREAD:0.24213075% BID:0.413 ASK:0.414 MID:0.4135 P1:0.4135 P2:0.4135 P3:0.4135 P4:0.4135 STATE:IDLE
[2026-05-14 17:46:24Z] CHK MOM:0% RANGE:0.24% UP:14.28% SPREAD:0.24213075% BID:0.413 ASK:0.414 MID:0.4135 P1:0.4135 P2:0.4135 P3:0.4135 P4:0.4135 STATE:IDLE
[2026-05-14 17:46:24Z] CHK MOM:0% RANGE:0.24% UP:12.5% SPREAD:0.24213075% BID:0.413 ASK:0.414 MID:0.4135 P1:0.4135 P2:0.4135 P3:0.4135 P4:0.4135 STATE:IDLE
[2026-05-14 17:46:25Z] CHK MOM:0% RANGE:0.24% UP:12.5% SPREAD:0.24213075% BID:0.413 ASK:0.414 MID:0.4135 P1:0.4135 P2:0.4135 P3:0.4135 P4:0.4135 STATE:IDLE
[2026-05-14 17:46:25Z] CHK MOM:0% RANGE:0.24% UP:12.5% SPREAD:0.24213075% BID:0.413 ASK:0.414 MID:0.4135 P1:0.4135 P2:0.4135 P3:0.4135 P4:0.4135 STATE:IDLE
[2026-05-14 17:46:26Z] CHK MOM:0% RANGE:0.24% UP:12.5% SPREAD:0.24213075% BID:0.413 ASK:0.414 MID:0.4135 P1:0.4135 P2:0.4135 P3:0.4135 P4:0.4135 STATE:IDLE
[2026-05-14 17:46:26Z] CHK MOM:0% RANGE:0.24% UP:12.5% SPREAD:0.24213075% BID:0.413 ASK:0.414 MID:0.4135 P1:0.4135 P2:0.4135 P3:0.4135 P4:0.4135 STATE:IDLE
[2026-05-14 17:46:27Z] CHK MOM:0% RANGE:0.24% UP:12.5% SPREAD:0.24213075% BID:0.413 ASK:0.414 MID:0.4135 P1:0.4135 P2:0.4135 P3:0.4135 P4:0.4135 STATE:IDLE
[2026-05-14 17:46:27Z] CHK MOM:0% RANGE:0.24% UP:11.11% SPREAD:0.24213075% BID:0.413 ASK:0.414 MID:0.4135 P1:0.4135 P2:0.4135 P3:0.4135 P4:0.4135 STATE:IDLE
[2026-05-14 17:46:28Z] CHK MOM:0% RANGE:0.24% UP:11.11% SPREAD:0.24213075% BID:0.413 ASK:0.414 MID:0.4135 P1:0.4135 P2:0.4135 P3:0.4135 P4:0.4135 STATE:IDLE
[2026-05-14 17:46:29Z] CHK MOM:0% RANGE:0.24% UP:11.11% SPREAD:0.24213075% BID:0.413 ASK:0.414 MID:0.4135 P1:0.4135 P2:0.4135 P3:0.4135 P4:0.4135 STATE:IDLE
[2026-05-14 17:46:29Z] CHK MOM:0% RANGE:0.24% UP:11.11% SPREAD:0.24213075% BID:0.413 ASK:0.414 MID:0.4135 P1:0.4135 P2:0.4135 P3:0.4135 P4:0.4135 STATE:IDLE
[2026-05-14 17:46:30Z] CHK MOM:0% RANGE:0.24% UP:11.11% SPREAD:0.24213075% BID:0.413 ASK:0.414 MID:0.4135 P1:0.4135 P2:0.4135 P3:0.4135 P4:0.4135 STATE:IDLE
[2026-05-14 17:46:35Z] CHK MOM:0% RANGE:0% UP:0% SPREAD:0.24213075% BID:0.413 ASK:0.414 MID:0.4135 P1:0.4135 P2:0.4135 P3:0.4135 P4:0.4135 STATE:IDLE
[2026-05-14 17:46:36Z] CHK MOM:0% RANGE:0% UP:0% SPREAD:0.24213075% BID:0.413 ASK:0.414 MID:0.4135 P1:0.4135 P2:0.4135 P3:0.4135 P4:0.4135 STATE:IDLE
[2026-05-14 17:46:36Z] CHK MOM:0% RANGE:0% UP:0% SPREAD:0.24213075% BID:0.413 ASK:0.414 MID:0.4135 P1:0.4135 P2:0.4135 P3:0.4135 P4:0.4135 STATE:IDLE
[2026-05-14 17:46:37Z] CHK MOM:0% RANGE:0% UP:0% SPREAD:0.24213075% BID:0.413 ASK:0.414 MID:0.4135 P1:0.4135 P2:0.4135 P3:0.4135 P4:0.4135 STATE:IDLE
[2026-05-14 17:46:37Z] CHK MOM:0% RANGE:0% UP:0% SPREAD:0.24213075% BID:0.413 ASK:0.414 MID:0.4135 P1:0.4135 P2:0.4135 P3:0.4135 P4:0.4135 STATE:IDLE
[2026-05-14 17:46:38Z] CHK MOM:0% RANGE:0% UP:0% SPREAD:0.24213075% BID:0.413 ASK:0.414 MID:0.4135 P1:0.4135 P2:0.4135 P3:0.4135 P4:0.4135 STATE:IDLE
[2026-05-14 17:46:39Z] CHK MOM:0% RANGE:0% UP:0% SPREAD:0.24213075% BID:0.413 ASK:0.414 MID:0.4135 P1:0.4135 P2:0.4135 P3:0.4135 P4:0.4135 STATE:IDLE
[2026-05-14 17:46:40Z] CHK MOM:0% RANGE:0% UP:0% SPREAD:0.24213075% BID:0.413 ASK:0.414 MID:0.4135 P1:0.4135 P2:0.4135 P3:0.4135 P4:0.4135 STATE:IDLE
[2026-05-14 17:46:41Z] CHK MOM:0% RANGE:0% UP:0% SPREAD:0.24213075% BID:0.413 ASK:0.414 MID:0.4135 P1:0.4135 P2:0.4135 P3:0.4135 P4:0.4135 STATE:IDLE
[2026-05-14 17:46:41Z] CHK MOM:0% RANGE:0% UP:0% SPREAD:0.24213075% BID:0.413 ASK:0.414 MID:0.4135 P1:0.4135 P2:0.4135 P3:0.4135 P4:0.4135 STATE:IDLE
[2026-05-14 17:46:42Z] CHK MOM:0% RANGE:0% UP:0% SPREAD:0.24213075% BID:0.413 ASK:0.414 MID:0.4135 P1:0.4135 P2:0.4135 P3:0.4135 P4:0.4135 STATE:IDLE
[2026-05-14 17:46:44Z] CHK MOM:0% RANGE:0% UP:0% SPREAD:0.24213075% BID:0.413 ASK:0.414 MID:0.4135 P1:0.4135 P2:0.4135 P3:0.4135 P4:0.4135 STATE:IDLE
[2026-05-14 17:46:45Z] CHK MOM:0% RANGE:0% UP:0% SPREAD:0.24213075% BID:0.413 ASK:0.414 MID:0.4135 P1:0.4135 P2:0.4135 P3:0.4135 P4:0.4135 STATE:IDLE
[2026-05-14 17:46:45Z] CHK MOM:0% RANGE:0% UP:0% SPREAD:0.24213075% BID:0.413 ASK:0.414 MID:0.4135 P1:0.4135 P2:0.4135 P3:0.4135 P4:0.4135 STATE:IDLE
[2026-05-14 17:46:46Z] CHK MOM:0% RANGE:0% UP:0% SPREAD:0.24213075% BID:0.413 ASK:0.414 MID:0.4135 P1:0.4135 P2:0.4135 P3:0.4135 P4:0.4135 STATE:IDLE
[2026-05-14 17:46:47Z] CHK MOM:0% RANGE:0% UP:0% SPREAD:0.24213075% BID:0.413 ASK:0.414 MID:0.4135 P1:0.4135 P2:0.4135 P3:0.4135 P4:0.4135 STATE:IDLE
[2026-05-14 17:46:47Z] CHK MOM:0% RANGE:0% UP:0% SPREAD:0.24213075% BID:0.413 ASK:0.414 MID:0.4135 P1:0.4135 P2:0.4135 P3:0.4135 P4:0.4135 STATE:IDLE
[2026-05-14 17:46:54Z] CHK MOM:0% RANGE:0% UP:0% SPREAD:0.24213075% BID:0.413 ASK:0.414 MID:0.4135 P1:0.4135 P2:0.4135 P3:0.4135 P4:0.4135 STATE:IDLE
[2026-05-14 17:46:55Z] CHK MOM:0% RANGE:0% UP:0% SPREAD:0.24213075% BID:0.413 ASK:0.414 MID:0.4135 P1:0.4135 P2:0.4135 P3:0.4135 P4:0.4135 STATE:IDLE
[2026-05-14 17:46:55Z] CHK MOM:0% RANGE:0% UP:0% SPREAD:0.24213075% BID:0.413 ASK:0.414 MID:0.4135 P1:0.4135 P2:0.4135 P3:0.4135 P4:0.4135 STATE:IDLE
[2026-05-14 17:46:56Z] CHK MOM:0% RANGE:0% UP:0% SPREAD:0.24213075% BID:0.413 ASK:0.414 MID:0.4135 P1:0.4135 P2:0.4135 P3:0.4135 P4:0.4135 STATE:IDLE
[2026-05-14 17:46:56Z] CHK MOM:0% RANGE:0% UP:0% SPREAD:0.24213075% BID:0.413 ASK:0.414 MID:0.4135 P1:0.4135 P2:0.4135 P3:0.4135 P4:0.4135 STATE:IDLE
[2026-05-14 17:47:14Z] CHK MOM:0% RANGE:0% UP:0% SPREAD:0.24213075% BID:0.413 ASK:0.414 MID:0.4135 P1:0.4135 P2:0.4135 P3:0.4135 P4:0.4135 STATE:IDLE
[2026-05-14 17:47:14Z] CHK MOM:0% RANGE:0% UP:0% SPREAD:0.24213075% BID:0.413 ASK:0.414 MID:0.4135 P1:0.4135 P2:0.4135 P3:0.4135 P4:0.4135 STATE:IDLE
[2026-05-14 17:47:15Z] CHK MOM:0% RANGE:0% UP:0% SPREAD:0.24213075% BID:0.413 ASK:0.414 MID:0.4135 P1:0.4135 P2:0.4135 P3:0.4135 P4:0.4135 STATE:IDLE
[2026-05-14 17:47:15Z] CHK MOM:0.24% RANGE:0.24% UP:33.33% SPREAD:0.24154589% BID:0.414 ASK:0.415 MID:0.4145 P1:0.4145 P2:0.4135 P3:0.4135 P4:0.4135 STATE:IDLE
[2026-05-14 17:47:16Z] CHK MOM:0.24% RANGE:0.24% UP:25% SPREAD:0.24154589% BID:0.414 ASK:0.415 MID:0.4145 P1:0.4145 P2:0.4145 P3:0.4135 P4:0.4135 STATE:IDLE
[2026-05-14 17:47:16Z] CHK MOM:0.24% RANGE:0.24% UP:25% SPREAD:0.24154589% BID:0.414 ASK:0.415 MID:0.4145 P1:0.4145 P2:0.4145 P3:0.4135 P4:0.4135 STATE:IDLE
[2026-05-14 17:47:17Z] CHK MOM:0.24% RANGE:0.24% UP:25% SPREAD:0.24154589% BID:0.414 ASK:0.415 MID:0.4145 P1:0.4145 P2:0.4145 P3:0.4135 P4:0.4135 STATE:IDLE
[2026-05-14 17:47:17Z] CHK MOM:0.24% RANGE:0.24% UP:25% SPREAD:0.24154589% BID:0.414 ASK:0.415 MID:0.4145 P1:0.4145 P2:0.4145 P3:0.4135 P4:0.4135 STATE:IDLE
[2026-05-14 17:47:18Z] CHK MOM:0.24% RANGE:0.24% UP:25% SPREAD:0.24154589% BID:0.414 ASK:0.415 MID:0.4145 P1:0.4145 P2:0.4145 P3:0.4135 P4:0.4135 STATE:IDLE
[2026-05-14 17:47:18Z] CHK MOM:0.24% RANGE:0.24% UP:25% SPREAD:0.24154589% BID:0.414 ASK:0.415 MID:0.4145 P1:0.4145 P2:0.4145 P3:0.4135 P4:0.4135 STATE:IDLE
[2026-05-14 17:47:20Z] CHK MOM:0.24% RANGE:0.24% UP:20% SPREAD:0.24154589% BID:0.414 ASK:0.415 MID:0.4145 P1:0.4145 P2:0.4145 P3:0.4145 P4:0.4135 STATE:IDLE
[2026-05-14 17:47:20Z] CHK MOM:0.24% RANGE:0.24% UP:16.66% SPREAD:0.24154589% BID:0.414 ASK:0.415 MID:0.4145 P1:0.4145 P2:0.4145 P3:0.4145 P4:0.4145 STATE:IDLE
[2026-05-14 17:47:21Z] CHK MOM:0.24% RANGE:0.24% UP:14.28% SPREAD:0.24154589% BID:0.414 ASK:0.415 MID:0.4145 P1:0.4145 P2:0.4145 P3:0.4145 P4:0.4145 STATE:IDLE
[2026-05-14 17:47:21Z] CHK MOM:0.24% RANGE:0.24% UP:14.28% SPREAD:0.24154589% BID:0.414 ASK:0.415 MID:0.4145 P1:0.4145 P2:0.4145 P3:0.4145 P4:0.4145 STATE:IDLE
[2026-05-14 17:47:22Z] CHK MOM:0.24% RANGE:0.24% UP:14.28% SPREAD:0.24154589% BID:0.414 ASK:0.415 MID:0.4145 P1:0.4145 P2:0.4145 P3:0.4145 P4:0.4145 STATE:IDLE
[2026-05-14 17:47:22Z] CHK MOM:0.24% RANGE:0.24% UP:14.28% SPREAD:0.24154589% BID:0.414 ASK:0.415 MID:0.4145 P1:0.4145 P2:0.4145 P3:0.4145 P4:0.4145 STATE:IDLE
[2026-05-14 17:47:23Z] CHK MOM:0.24% RANGE:0.24% UP:14.28% SPREAD:0.24154589% BID:0.414 ASK:0.415 MID:0.4145 P1:0.4145 P2:0.4145 P3:0.4145 P4:0.4145 STATE:IDLE
[2026-05-14 17:47:23Z] CHK MOM:0.24% RANGE:0.24% UP:14.28% SPREAD:0.24154589% BID:0.414 ASK:0.415 MID:0.4145 P1:0.4145 P2:0.4145 P3:0.4145 P4:0.4145 STATE:IDLE
[2026-05-14 17:47:24Z] CHK MOM:0.24% RANGE:0.24% UP:12.5% SPREAD:0.24154589% BID:0.414 ASK:0.415 MID:0.4145 P1:0.4145 P2:0.4145 P3:0.4145 P4:0.4145 STATE:IDLE
[2026-05-14 17:47:24Z] CHK MOM:0.24% RANGE:0.24% UP:11.11% SPREAD:0.24154589% BID:0.414 ASK:0.415 MID:0.4145 P1:0.4145 P2:0.4145 P3:0.4145 P4:0.4145 STATE:IDLE
[2026-05-14 17:47:25Z] CHK MOM:0.24% RANGE:0.24% UP:10% SPREAD:0.24154589% BID:0.414 ASK:0.415 MID:0.4145 P1:0.4145 P2:0.4145 P3:0.4145 P4:0.4145 STATE:IDLE
[2026-05-14 17:47:26Z] CHK MOM:0.24% RANGE:0.24% UP:9.09% SPREAD:0.24154589% BID:0.414 ASK:0.415 MID:0.4145 P1:0.4145 P2:0.4145 P3:0.4145 P4:0.4145 STATE:IDLE
[2026-05-14 17:47:26Z] CHK MOM:0.24% RANGE:0.24% UP:9.09% SPREAD:0.24154589% BID:0.414 ASK:0.415 MID:0.4145 P1:0.4145 P2:0.4145 P3:0.4145 P4:0.4145 STATE:IDLE
[2026-05-14 17:47:27Z] CHK MOM:0.24% RANGE:0.24% UP:10% SPREAD:0.24154589% BID:0.414 ASK:0.415 MID:0.4145 P1:0.4145 P2:0.4145 P3:0.4145 P4:0.4145 STATE:IDLE
[2026-05-14 17:47:27Z] CHK MOM:0.24% RANGE:0.24% UP:10% SPREAD:0.24154589% BID:0.414 ASK:0.415 MID:0.4145 P1:0.4145 P2:0.4145 P3:0.4145 P4:0.4145 STATE:IDLE
[2026-05-14 17:47:28Z] CHK MOM:0.24% RANGE:0.24% UP:10% SPREAD:0.24154589% BID:0.414 ASK:0.415 MID:0.4145 P1:0.4145 P2:0.4145 P3:0.4145 P4:0.4145 STATE:IDLE
[2026-05-14 17:47:28Z] CHK MOM:0.24% RANGE:0.24% UP:10% SPREAD:0.24154589% BID:0.414 ASK:0.415 MID:0.4145 P1:0.4145 P2:0.4145 P3:0.4145 P4:0.4145 STATE:IDLE
[2026-05-14 17:47:29Z] CHK MOM:0.24% RANGE:0.24% UP:10% SPREAD:0.24154589% BID:0.414 ASK:0.415 MID:0.4145 P1:0.4145 P2:0.4145 P3:0.4145 P4:0.4145 STATE:IDLE
[2026-05-14 17:47:29Z] CHK MOM:0.24% RANGE:0.24% UP:10% SPREAD:0.24154589% BID:0.414 ASK:0.415 MID:0.4145 P1:0.4145 P2:0.4145 P3:0.4145 P4:0.4145 STATE:IDLE
[2026-05-14 17:47:31Z] CHK MOM:0% RANGE:0% UP:0% SPREAD:0.24154589% BID:0.414 ASK:0.415 MID:0.4145 P1:0.4145 P2:0.4145 P3:0.4145 P4:0.4145 STATE:IDLE
[2026-05-14 17:47:31Z] CHK MOM:0% RANGE:0% UP:0% SPREAD:0.24154589% BID:0.414 ASK:0.415 MID:0.4145 P1:0.4145 P2:0.4145 P3:0.4145 P4:0.4145 STATE:IDLE
[2026-05-14 17:47:32Z] CHK MOM:0% RANGE:0% UP:0% SPREAD:0.24154589% BID:0.414 ASK:0.415 MID:0.4145 P1:0.4145 P2:0.4145 P3:0.4145 P4:0.4145 STATE:IDLE
[2026-05-14 17:47:32Z] CHK MOM:0% RANGE:0% UP:0% SPREAD:0.24154589% BID:0.414 ASK:0.415 MID:0.4145 P1:0.4145 P2:0.4145 P3:0.4145 P4:0.4145 STATE:IDLE
[2026-05-14 17:47:33Z] CHK MOM:0% RANGE:0% UP:0% SPREAD:0.24154589% BID:0.414 ASK:0.415 MID:0.4145 P1:0.4145 P2:0.4145 P3:0.4145 P4:0.4145 STATE:IDLE
[2026-05-14 17:47:38Z] CHK MOM:0% RANGE:0% UP:0% SPREAD:0.24154589% BID:0.414 ASK:0.415 MID:0.4145 P1:0.4145 P2:0.4145 P3:0.4145 P4:0.4145 STATE:IDLE
[2026-05-14 17:47:39Z] CHK MOM:0% RANGE:0% UP:0% SPREAD:0.24154589% BID:0.414 ASK:0.415 MID:0.4145 P1:0.4145 P2:0.4145 P3:0.4145 P4:0.4145 STATE:IDLE
[2026-05-14 17:47:39Z] CHK MOM:0% RANGE:0% UP:0% SPREAD:0.24154589% BID:0.414 ASK:0.415 MID:0.4145 P1:0.4145 P2:0.4145 P3:0.4145 P4:0.4145 STATE:IDLE
[2026-05-14 17:47:40Z] CHK MOM:0% RANGE:0% UP:0% SPREAD:0.24154589% BID:0.414 ASK:0.415 MID:0.4145 P1:0.4145 P2:0.4145 P3:0.4145 P4:0.4145 STATE:IDLE
[2026-05-14 17:47:40Z] CHK MOM:0% RANGE:0% UP:0% SPREAD:0.24154589% BID:0.414 ASK:0.415 MID:0.4145 P1:0.4145 P2:0.4145 P3:0.4145 P4:0.4145 STATE:IDLE
[2026-05-14 17:47:59Z] CHK MOM:0% RANGE:0% UP:0% SPREAD:0.24154589% BID:0.414 ASK:0.415 MID:0.4145 P1:0.4145 P2:0.4145 P3:0.4145 P4:0.4145 STATE:IDLE
[2026-05-14 17:48:00Z] CHK MOM:0% RANGE:0% UP:0% SPREAD:0.24154589% BID:0.414 ASK:0.415 MID:0.4145 P1:0.4145 P2:0.4145 P3:0.4145 P4:0.4145 STATE:IDLE
[2026-05-14 17:48:00Z] CHK MOM:0% RANGE:0% UP:0% SPREAD:0.24154589% BID:0.414 ASK:0.415 MID:0.4145 P1:0.4145 P2:0.4145 P3:0.4145 P4:0.4145 STATE:IDLE
[2026-05-14 17:48:01Z] CHK MOM:0% RANGE:0% UP:0% SPREAD:0.24154589% BID:0.414 ASK:0.415 MID:0.4145 P1:0.4145 P2:0.4145 P3:0.4145 P4:0.4145 STATE:IDLE
[2026-05-14 17:48:01Z] CHK MOM:0% RANGE:0% UP:0% SPREAD:0.24154589% BID:0.414 ASK:0.415 MID:0.4145 P1:0.4145 P2:0.4145 P3:0.4145 P4:0.4145 STATE:IDLE
[2026-05-14 17:48:02Z] CHK MOM:0% RANGE:0% UP:0% SPREAD:0.24154589% BID:0.414 ASK:0.415 MID:0.4145 P1:0.4145 P2:0.4145 P3:0.4145 P4:0.4145 STATE:IDLE
[2026-05-14 17:48:02Z] CHK MOM:0% RANGE:0% UP:0% SPREAD:0.24154589% BID:0.414 ASK:0.415 MID:0.4145 P1:0.4145 P2:0.4145 P3:0.4145 P4:0.4145 STATE:IDLE
[2026-05-14 17:48:03Z] CHK MOM:0% RANGE:0% UP:0% SPREAD:0.24154589% BID:0.414 ASK:0.415 MID:0.4145 P1:0.4145 P2:0.4145 P3:0.4145 P4:0.4145 STATE:IDLE
[2026-05-14 17:48:03Z] CHK MOM:0% RANGE:0% UP:0% SPREAD:0.24154589% BID:0.414 ASK:0.415 MID:0.4145 P1:0.4145 P2:0.4145 P3:0.4145 P4:0.4145 STATE:IDLE
[2026-05-14 17:48:04Z] CHK MOM:0% RANGE:0% UP:0% SPREAD:0.24154589% BID:0.414 ASK:0.415 MID:0.4145 P1:0.4145 P2:0.4145 P3:0.4145 P4:0.4145 STATE:IDLE
[2026-05-14 17:48:05Z] CHK MOM:0% RANGE:0% UP:0% SPREAD:0.24154589% BID:0.414 ASK:0.415 MID:0.4145 P1:0.4145 P2:0.4145 P3:0.4145 P4:0.4145 STATE:IDLE
[2026-05-14 17:48:05Z] CHK MOM:0% RANGE:0% UP:0% SPREAD:0.24154589% BID:0.414 ASK:0.415 MID:0.4145 P1:0.4145 P2:0.4145 P3:0.4145 P4:0.4145 STATE:IDLE
[2026-05-14 17:48:13Z] CHK MOM:0% RANGE:0% UP:0% SPREAD:0.24154589% BID:0.414 ASK:0.415 MID:0.4145 P1:0.4145 P2:0.4145 P3:0.4145 P4:0.4145 STATE:IDLE
