[2026-05-11 22:57:23Z] SESSION_START symbol=BNBUSDC dry_run=0 profile=major strategy=momentum base_url=https://api.binance.com
[2026-05-11 22:57:23Z] TOXIC_MEMORY_LOADED count=5 symbols=GUNUSDC,JTOUSDC,ORDIUSDC,SAHARAUSDC,TONUSDC
[2026-05-11 22:57:25Z] CHK MOM:0% RANGE:0% UP:0% SPREAD:0.00149331% BID:669.65 ASK:669.66 MID:669.655 P1:669.655 P2:NA P3:NA P4:NA STATE:IDLE
[2026-05-11 22:57:25Z] CHK MOM:0% RANGE:0% UP:0% SPREAD:0.00149345% BID:669.59 ASK:669.6 MID:669.595 P1:669.595 P2:669.655 P3:NA P4:NA STATE:IDLE
[2026-05-11 22:57:26Z] CHK MOM:0% RANGE:0% UP:0% SPREAD:0.00149345% BID:669.59 ASK:669.6 MID:669.595 P1:669.595 P2:669.595 P3:669.655 P4:NA STATE:IDLE
[2026-05-11 22:57:26Z] CHK MOM:0% RANGE:0% UP:0% SPREAD:0.00149345% BID:669.59 ASK:669.6 MID:669.595 P1:669.595 P2:669.595 P3:669.655 P4:NA STATE:IDLE
[2026-05-11 22:57:27Z] CHK MOM:0% RANGE:0% UP:0% SPREAD:0.00149345% BID:669.59 ASK:669.6 MID:669.595 P1:669.595 P2:669.595 P3:669.595 P4:669.655 STATE:IDLE
[2026-05-11 22:57:27Z] CHK MOM:0% RANGE:0% UP:0% SPREAD:0.00149345% BID:669.59 ASK:669.6 MID:669.595 P1:669.595 P2:669.595 P3:669.595 P4:669.655 STATE:IDLE
[2026-05-11 22:57:28Z] CHK MOM:-0.01% RANGE:0.01% UP:0% SPREAD:0.00149356% BID:669.54 ASK:669.55 MID:669.545 P1:669.545 P2:669.595 P3:669.595 P4:669.595 STATE:IDLE
[2026-05-11 22:57:28Z] CHK MOM:-0.01% RANGE:0.01% UP:0% SPREAD:0.00149356% BID:669.54 ASK:669.55 MID:669.545 P1:669.545 P2:669.545 P3:669.595 P4:669.595 STATE:IDLE
[2026-05-11 22:57:29Z] CHK MOM:-0.01% RANGE:0.01% UP:0% SPREAD:0.00149356% BID:669.54 ASK:669.55 MID:669.545 P1:669.545 P2:669.545 P3:669.595 P4:669.595 STATE:IDLE
[2026-05-11 22:57:30Z] CHK MOM:-0.01% RANGE:0.01% UP:0% SPREAD:0.00149356% BID:669.54 ASK:669.55 MID:669.545 P1:669.545 P2:669.545 P3:669.545 P4:669.595 STATE:IDLE
[2026-05-11 22:57:30Z] CHK MOM:-0.01% RANGE:0.01% UP:0% SPREAD:0.00149356% BID:669.54 ASK:669.55 MID:669.545 P1:669.545 P2:669.545 P3:669.545 P4:669.595 STATE:IDLE
[2026-05-11 22:57:31Z] CHK MOM:-0.01% RANGE:0.01% UP:0% SPREAD:0.00149356% BID:669.54 ASK:669.55 MID:669.545 P1:669.545 P2:669.545 P3:669.545 P4:669.545 STATE:IDLE
[2026-05-11 22:57:31Z] CHK MOM:-0.01% RANGE:0.01% UP:0% SPREAD:0.00149356% BID:669.54 ASK:669.55 MID:669.545 P1:669.545 P2:669.545 P3:669.545 P4:669.545 STATE:IDLE
[2026-05-11 22:57:32Z] CHK MOM:-0.01% RANGE:0.01% UP:0% SPREAD:0.00149356% BID:669.54 ASK:669.55 MID:669.545 P1:669.545 P2:669.545 P3:669.545 P4:669.545 STATE:IDLE
[2026-05-11 22:57:32Z] CHK MOM:-0.01% RANGE:0.01% UP:0% SPREAD:0.00149356% BID:669.54 ASK:669.55 MID:669.545 P1:669.545 P2:669.545 P3:669.545 P4:669.545 STATE:IDLE
[2026-05-11 22:57:33Z] CHK MOM:0.01% RANGE:0.03% UP:12.5% SPREAD:0.00149304% BID:669.77 ASK:669.78 MID:669.775 P1:669.775 P2:669.545 P3:669.545 P4:669.545 STATE:IDLE
[2026-05-11 22:57:33Z] CHK MOM:0.01% RANGE:0.03% UP:11.11% SPREAD:0.00149304% BID:669.77 ASK:669.78 MID:669.775 P1:669.775 P2:669.775 P3:669.545 P4:669.545 STATE:IDLE
[2026-05-11 22:57:34Z] CHK MOM:0.01% RANGE:0.03% UP:11.11% SPREAD:0.00149304% BID:669.77 ASK:669.78 MID:669.775 P1:669.775 P2:669.775 P3:669.545 P4:669.545 STATE:IDLE
[2026-05-11 22:57:34Z] CHK MOM:0.01% RANGE:0.03% UP:11.11% SPREAD:0.00149304% BID:669.77 ASK:669.78 MID:669.775 P1:669.775 P2:669.775 P3:669.545 P4:669.545 STATE:IDLE
[2026-05-11 22:57:35Z] CHK MOM:0.01% RANGE:0.03% UP:11.11% SPREAD:0.00149304% BID:669.77 ASK:669.78 MID:669.775 P1:669.775 P2:669.775 P3:669.545 P4:669.545 STATE:IDLE
[2026-05-11 22:57:36Z] CHK MOM:0.01% RANGE:0.03% UP:11.11% SPREAD:0.00149304% BID:669.77 ASK:669.78 MID:669.775 P1:669.775 P2:669.775 P3:669.545 P4:669.545 STATE:IDLE
[2026-05-11 22:57:36Z] CHK MOM:0.01% RANGE:0.03% UP:10% SPREAD:0.00149304% BID:669.77 ASK:669.78 MID:669.775 P1:669.775 P2:669.775 P3:669.775 P4:669.545 STATE:IDLE
[2026-05-11 22:57:37Z] CHK MOM:0.01% RANGE:0.03% UP:10% SPREAD:0.00149304% BID:669.77 ASK:669.78 MID:669.775 P1:669.775 P2:669.775 P3:669.775 P4:669.545 STATE:IDLE
[2026-05-11 22:57:37Z] CHK MOM:0.01% RANGE:0.03% UP:10% SPREAD:0.00149304% BID:669.77 ASK:669.78 MID:669.775 P1:669.775 P2:669.775 P3:669.775 P4:669.545 STATE:IDLE
[2026-05-11 22:57:38Z] CHK MOM:0.01% RANGE:0.03% UP:10% SPREAD:0.00149304% BID:669.77 ASK:669.78 MID:669.775 P1:669.775 P2:669.775 P3:669.775 P4:669.545 STATE:IDLE
[2026-05-11 22:57:38Z] CHK MOM:0.01% RANGE:0.03% UP:10% SPREAD:0.00149304% BID:669.77 ASK:669.78 MID:669.775 P1:669.775 P2:669.775 P3:669.775 P4:669.545 STATE:IDLE
[2026-05-11 22:57:39Z] CHK MOM:0.01% RANGE:0.03% UP:10% SPREAD:0.00149304% BID:669.77 ASK:669.78 MID:669.775 P1:669.775 P2:669.775 P3:669.775 P4:669.545 STATE:IDLE
[2026-05-11 22:57:39Z] CHK MOM:0.03% RANGE:0.03% UP:14.28% SPREAD:0.00149304% BID:669.77 ASK:669.78 MID:669.775 P1:669.775 P2:669.775 P3:669.775 P4:669.775 STATE:IDLE
[2026-05-11 22:57:40Z] CHK MOM:0.03% RANGE:0.03% UP:14.28% SPREAD:0.00149304% BID:669.77 ASK:669.78 MID:669.775 P1:669.775 P2:669.775 P3:669.775 P4:669.775 STATE:IDLE
[2026-05-11 22:57:40Z] CHK MOM:0.02% RANGE:0.03% UP:14.28% SPREAD:0.00149322% BID:669.69 ASK:669.7 MID:669.695 P1:669.695 P2:669.775 P3:669.775 P4:669.775 STATE:IDLE
[2026-05-11 22:57:41Z] CHK MOM:0.02% RANGE:0.03% UP:14.28% SPREAD:0.00149322% BID:669.69 ASK:669.7 MID:669.695 P1:669.695 P2:669.775 P3:669.775 P4:669.775 STATE:IDLE
[2026-05-11 22:57:42Z] CHK MOM:0.02% RANGE:0.03% UP:14.28% SPREAD:0.00149322% BID:669.69 ASK:669.7 MID:669.695 P1:669.695 P2:669.695 P3:669.775 P4:669.775 STATE:IDLE
[2026-05-11 22:57:42Z] CHK MOM:0.02% RANGE:0.03% UP:14.28% SPREAD:0.00149322% BID:669.69 ASK:669.7 MID:669.695 P1:669.695 P2:669.695 P3:669.775 P4:669.775 STATE:IDLE
[2026-05-11 22:57:43Z] CHK MOM:0.02% RANGE:0.03% UP:14.28% SPREAD:0.00149322% BID:669.69 ASK:669.7 MID:669.695 P1:669.695 P2:669.695 P3:669.775 P4:669.775 STATE:IDLE
[2026-05-11 22:57:43Z] CHK MOM:0.02% RANGE:0.03% UP:14.28% SPREAD:0.00149322% BID:669.69 ASK:669.7 MID:669.695 P1:669.695 P2:669.695 P3:669.775 P4:669.775 STATE:IDLE
[2026-05-11 22:57:44Z] CHK MOM:0.02% RANGE:0.03% UP:14.28% SPREAD:0.00149322% BID:669.69 ASK:669.7 MID:669.695 P1:669.695 P2:669.695 P3:669.775 P4:669.775 STATE:IDLE
[2026-05-11 22:57:44Z] CHK MOM:0.02% RANGE:0.03% UP:14.28% SPREAD:0.00149322% BID:669.69 ASK:669.7 MID:669.695 P1:669.695 P2:669.695 P3:669.775 P4:669.775 STATE:IDLE
[2026-05-11 22:57:45Z] CHK MOM:0% RANGE:0.01% UP:16.66% SPREAD:0.00149316% BID:669.72 ASK:669.73 MID:669.725 P1:669.725 P2:669.695 P3:669.695 P4:669.775 STATE:IDLE
[2026-05-11 22:57:45Z] CHK MOM:0% RANGE:0.01% UP:16.66% SPREAD:0.00149316% BID:669.72 ASK:669.73 MID:669.725 P1:669.725 P2:669.695 P3:669.695 P4:669.775 STATE:IDLE
[2026-05-11 22:57:46Z] CHK MOM:0% RANGE:0.01% UP:16.66% SPREAD:0.00149316% BID:669.72 ASK:669.73 MID:669.725 P1:669.725 P2:669.725 P3:669.695 P4:669.695 STATE:IDLE
[2026-05-11 22:57:47Z] CHK MOM:0% RANGE:0.01% UP:16.66% SPREAD:0.00149316% BID:669.72 ASK:669.73 MID:669.725 P1:669.725 P2:669.725 P3:669.695 P4:669.695 STATE:IDLE
[2026-05-11 22:57:47Z] CHK MOM:0% RANGE:0.01% UP:14.28% SPREAD:0.00149316% BID:669.72 ASK:669.73 MID:669.725 P1:669.725 P2:669.725 P3:669.725 P4:669.695 STATE:IDLE
[2026-05-11 22:57:48Z] CHK MOM:0% RANGE:0.01% UP:25% SPREAD:0.00149311% BID:669.74 ASK:669.75 MID:669.745 P1:669.745 P2:669.725 P3:669.725 P4:669.725 STATE:IDLE
[2026-05-11 22:57:48Z] CHK MOM:0% RANGE:0.01% UP:22.22% SPREAD:0.00149311% BID:669.74 ASK:669.75 MID:669.745 P1:669.745 P2:669.745 P3:669.725 P4:669.725 STATE:IDLE
[2026-05-11 22:57:49Z] CHK MOM:0% RANGE:0.01% UP:22.22% SPREAD:0.00149311% BID:669.74 ASK:669.75 MID:669.745 P1:669.745 P2:669.745 P3:669.745 P4:669.725 STATE:IDLE
[2026-05-11 22:57:49Z] CHK MOM:0% RANGE:0.01% UP:20% SPREAD:0.00149311% BID:669.74 ASK:669.75 MID:669.745 P1:669.745 P2:669.745 P3:669.745 P4:669.745 STATE:IDLE
[2026-05-11 22:57:50Z] CHK MOM:0.02% RANGE:0.04% UP:27.27% SPREAD:0.0014926% BID:669.97 ASK:669.98 MID:669.975 P1:669.975 P2:669.745 P3:669.745 P4:669.745 STATE:IDLE
[2026-05-11 22:57:50Z] CHK MOM:0.02% RANGE:0.04% UP:25% SPREAD:0.0014926% BID:669.97 ASK:669.98 MID:669.975 P1:669.975 P2:669.975 P3:669.745 P4:669.745 STATE:IDLE
[2026-05-11 22:57:51Z] CHK MOM:0.02% RANGE:0.04% UP:23.07% SPREAD:0.00149262% BID:669.96 ASK:669.97 MID:669.965 P1:669.965 P2:669.975 P3:669.975 P4:669.745 STATE:IDLE
[2026-05-11 22:57:51Z] CHK MOM:0.02% RANGE:0.04% UP:23.07% SPREAD:0.00149262% BID:669.96 ASK:669.97 MID:669.965 P1:669.965 P2:669.965 P3:669.975 P4:669.975 STATE:IDLE
[2026-05-11 22:57:52Z] CHK MOM:0.02% RANGE:0.04% UP:23.07% SPREAD:0.00149262% BID:669.96 ASK:669.97 MID:669.965 P1:669.965 P2:669.965 P3:669.975 P4:669.975 STATE:IDLE
[2026-05-11 22:57:53Z] CHK MOM:0.03% RANGE:0.04% UP:23.07% SPREAD:0.00746368% BID:669.91 ASK:669.96 MID:669.935 P1:669.935 P2:669.965 P3:669.965 P4:669.975 STATE:IDLE
[2026-05-11 22:57:53Z] CHK MOM:0.03% RANGE:0.04% UP:30.76% SPREAD:0.00149267% BID:669.94 ASK:669.95 MID:669.945 P1:669.945 P2:669.935 P3:669.965 P4:669.965 STATE:IDLE
[2026-05-11 22:57:54Z] CHK MOM:0.03% RANGE:0.03% UP:23.07% SPREAD:0.00149269% BID:669.93 ASK:669.94 MID:669.935 P1:669.935 P2:669.945 P3:669.935 P4:669.965 STATE:IDLE
[2026-05-11 22:57:54Z] CHK MOM:0.03% RANGE:0.03% UP:21.42% SPREAD:0.00149269% BID:669.93 ASK:669.94 MID:669.935 P1:669.935 P2:669.935 P3:669.945 P4:669.935 STATE:IDLE
[2026-05-11 22:57:55Z] CHK MOM:0.03% RANGE:0.03% UP:20% SPREAD:0.00149269% BID:669.93 ASK:669.94 MID:669.935 P1:669.935 P2:669.935 P3:669.935 P4:669.945 STATE:IDLE
[2026-05-11 22:57:55Z] CHK MOM:0.03% RANGE:0.03% UP:20% SPREAD:0.00149269% BID:669.93 ASK:669.94 MID:669.935 P1:669.935 P2:669.935 P3:669.935 P4:669.945 STATE:IDLE
[2026-05-11 22:57:56Z] CHK MOM:0.03% RANGE:0.03% UP:20% SPREAD:0.00149269% BID:669.93 ASK:669.94 MID:669.935 P1:669.935 P2:669.935 P3:669.935 P4:669.945 STATE:IDLE
[2026-05-11 22:57:56Z] CHK MOM:0.03% RANGE:0.03% UP:20% SPREAD:0.00149269% BID:669.93 ASK:669.94 MID:669.935 P1:669.935 P2:669.935 P3:669.935 P4:669.945 STATE:IDLE
[2026-05-11 22:57:57Z] CHK MOM:0.03% RANGE:0.03% UP:20% SPREAD:0.00149269% BID:669.93 ASK:669.94 MID:669.935 P1:669.935 P2:669.935 P3:669.935 P4:669.945 STATE:IDLE
[2026-05-11 22:57:58Z] CHK MOM:0.03% RANGE:0.03% UP:20% SPREAD:0.00149269% BID:669.93 ASK:669.94 MID:669.935 P1:669.935 P2:669.935 P3:669.935 P4:669.935 STATE:IDLE
[2026-05-11 22:57:58Z] CHK MOM:0.02% RANGE:0.03% UP:20% SPREAD:0.00149276% BID:669.9 ASK:669.91 MID:669.905 P1:669.905 P2:669.935 P3:669.935 P4:669.935 STATE:IDLE
[2026-05-11 22:57:59Z] CHK MOM:0.01% RANGE:0.03% UP:18.75% SPREAD:0.00149289% BID:669.84 ASK:669.85 MID:669.845 P1:669.845 P2:669.905 P3:669.935 P4:669.935 STATE:IDLE
[2026-05-11 22:57:59Z] CHK MOM:0.01% RANGE:0.03% UP:17.64% SPREAD:0.00149289% BID:669.84 ASK:669.85 MID:669.845 P1:669.845 P2:669.845 P3:669.905 P4:669.935 STATE:IDLE
[2026-05-11 22:58:00Z] CHK MOM:0.01% RANGE:0.03% UP:12.5% SPREAD:0.00149289% BID:669.84 ASK:669.85 MID:669.845 P1:669.845 P2:669.845 P3:669.845 P4:669.905 STATE:IDLE
[2026-05-11 22:58:00Z] CHK MOM:0.06% RANGE:0.06% UP:18.75% SPREAD:0.03880423% BID:670.03 ASK:670.29 MID:670.16 P1:670.16 P2:669.845 P3:669.845 P4:669.845 STATE:IDLE
[2026-05-11 22:58:01Z] CHK MOM:0.05% RANGE:0.06% UP:17.64% SPREAD:0.00149231% BID:670.1 ASK:670.11 MID:670.105 P1:670.105 P2:670.16 P3:669.845 P4:669.845 STATE:IDLE
[2026-05-11 22:58:01Z] CHK MOM:0.05% RANGE:0.06% UP:17.64% SPREAD:0.00149231% BID:670.1 ASK:670.11 MID:670.105 P1:670.105 P2:670.105 P3:670.16 P4:669.845 STATE:IDLE
[2026-05-11 22:58:02Z] CHK MOM:0.05% RANGE:0.06% UP:17.64% SPREAD:0.00149231% BID:670.1 ASK:670.11 MID:670.105 P1:670.105 P2:670.105 P3:670.16 P4:669.845 STATE:IDLE
[2026-05-11 22:58:02Z] CHK MOM:0.05% RANGE:0.06% UP:17.64% SPREAD:0.00149231% BID:670.1 ASK:670.11 MID:670.105 P1:670.105 P2:670.105 P3:670.16 P4:669.845 STATE:IDLE
[2026-05-11 22:58:03Z] CHK MOM:0.02% RANGE:0.04% UP:14.28% SPREAD:0.00149231% BID:670.1 ASK:670.11 MID:670.105 P1:670.105 P2:670.105 P3:670.105 P4:670.16 STATE:IDLE
[2026-05-11 22:58:04Z] CHK MOM:0.03% RANGE:0.05% UP:21.42% SPREAD:0.00149211% BID:670.19 ASK:670.2 MID:670.195 P1:670.195 P2:670.105 P3:670.105 P4:670.105 STATE:IDLE
[2026-05-11 22:58:04Z] CHK MOM:0.03% RANGE:0.05% UP:21.42% SPREAD:0.00149211% BID:670.19 ASK:670.2 MID:670.195 P1:670.195 P2:670.105 P3:670.105 P4:670.105 STATE:IDLE
[2026-05-11 22:58:05Z] CHK MOM:0.03% RANGE:0.05% UP:14.28% SPREAD:0.00149211% BID:670.19 ASK:670.2 MID:670.195 P1:670.195 P2:670.195 P3:670.105 P4:670.105 STATE:IDLE
[2026-05-11 22:58:05Z] CHK MOM:0.03% RANGE:0.05% UP:13.33% SPREAD:0.00149211% BID:670.19 ASK:670.2 MID:670.195 P1:670.195 P2:670.195 P3:670.195 P4:670.105 STATE:IDLE
[2026-05-11 22:58:06Z] CHK MOM:0.03% RANGE:0.05% UP:13.33% SPREAD:0.00149211% BID:670.19 ASK:670.2 MID:670.195 P1:670.195 P2:670.195 P3:670.195 P4:670.195 STATE:IDLE
[2026-05-11 22:58:06Z] CHK MOM:0.03% RANGE:0.05% UP:13.33% SPREAD:0.00149211% BID:670.19 ASK:670.2 MID:670.195 P1:670.195 P2:670.195 P3:670.195 P4:670.195 STATE:IDLE
[2026-05-11 22:58:07Z] CHK MOM:0.03% RANGE:0.05% UP:15.38% SPREAD:0.00149211% BID:670.19 ASK:670.2 MID:670.195 P1:670.195 P2:670.195 P3:670.195 P4:670.195 STATE:IDLE
[2026-05-11 22:58:07Z] CHK MOM:0.03% RANGE:0.05% UP:15.38% SPREAD:0.00149211% BID:670.19 ASK:670.2 MID:670.195 P1:670.195 P2:670.195 P3:670.195 P4:670.195 STATE:IDLE
[2026-05-11 22:58:08Z] CHK MOM:0.03% RANGE:0.05% UP:15.38% SPREAD:0.00149211% BID:670.19 ASK:670.2 MID:670.195 P1:670.195 P2:670.195 P3:670.195 P4:670.195 STATE:IDLE
[2026-05-11 22:58:09Z] CHK MOM:0.03% RANGE:0.05% UP:15.38% SPREAD:0.00149211% BID:670.19 ASK:670.2 MID:670.195 P1:670.195 P2:670.195 P3:670.195 P4:670.195 STATE:IDLE
[2026-05-11 22:58:09Z] CHK MOM:0.03% RANGE:0.05% UP:14.28% SPREAD:0.00149211% BID:670.19 ASK:670.2 MID:670.195 P1:670.195 P2:670.195 P3:670.195 P4:670.195 STATE:IDLE
[2026-05-11 22:58:10Z] CHK MOM:0.04% RANGE:0.05% UP:14.28% SPREAD:0.00149211% BID:670.19 ASK:670.2 MID:670.195 P1:670.195 P2:670.195 P3:670.195 P4:670.195 STATE:IDLE
[2026-05-11 22:58:10Z] CHK MOM:0.05% RANGE:0.05% UP:14.28% SPREAD:0.00149211% BID:670.19 ASK:670.2 MID:670.195 P1:670.195 P2:670.195 P3:670.195 P4:670.195 STATE:IDLE
[2026-05-11 22:58:11Z] CHK MOM:0.05% RANGE:0.05% UP:14.28% SPREAD:0.00149211% BID:670.19 ASK:670.2 MID:670.195 P1:670.195 P2:670.195 P3:670.195 P4:670.195 STATE:IDLE
[2026-05-11 22:58:11Z] CHK MOM:0.05% RANGE:0.05% UP:15.38% SPREAD:0.00149211% BID:670.19 ASK:670.2 MID:670.195 P1:670.195 P2:670.195 P3:670.195 P4:670.195 STATE:IDLE
[2026-05-11 22:58:12Z] CHK MOM:0.06% RANGE:0.06% UP:21.42% SPREAD:0.00149186% BID:670.3 ASK:670.31 MID:670.305 P1:670.305 P2:670.195 P3:670.195 P4:670.195 STATE:IDLE
[2026-05-11 22:58:12Z] CHK MOM:0.01% RANGE:0.02% UP:14.28% SPREAD:0.00895188% BID:670.25 ASK:670.31 MID:670.28 P1:670.28 P2:670.305 P3:670.195 P4:670.195 STATE:IDLE
[2026-05-11 22:58:13Z] CHK MOM:0.02% RANGE:0.02% UP:23.07% SPREAD:0.00149189% BID:670.29 ASK:670.3 MID:670.295 P1:670.295 P2:670.28 P3:670.305 P4:670.195 STATE:IDLE
[2026-05-11 22:58:13Z] CHK MOM:0.03% RANGE:0.03% UP:30.76% SPREAD:0.00149173% BID:670.36 ASK:670.37 MID:670.365 P1:670.365 P2:670.295 P3:670.28 P4:670.305 STATE:IDLE
[2026-05-11 22:58:14Z] CHK MOM:0.02% RANGE:0.03% UP:28.57% SPREAD:0.00149193% BID:670.27 ASK:670.28 MID:670.275 P1:670.275 P2:670.365 P3:670.295 P4:670.28 STATE:IDLE
[2026-05-11 22:58:15Z] CHK MOM:0.02% RANGE:0.03% UP:26.66% SPREAD:0.001492% BID:670.24 ASK:670.25 MID:670.245 P1:670.245 P2:670.275 P3:670.365 P4:670.295 STATE:IDLE
[2026-05-11 22:58:15Z] CHK MOM:0.02% RANGE:0.03% UP:26.66% SPREAD:0.001492% BID:670.24 ASK:670.25 MID:670.245 P1:670.245 P2:670.275 P3:670.365 P4:670.295 STATE:IDLE
[2026-05-11 22:58:16Z] CHK MOM:0% RANGE:0.02% UP:26.66% SPREAD:0.00149198% BID:670.25 ASK:670.26 MID:670.255 P1:670.255 P2:670.245 P3:670.275 P4:670.365 STATE:IDLE
[2026-05-11 22:58:16Z] CHK MOM:0% RANGE:0.02% UP:26.66% SPREAD:0.00149198% BID:670.25 ASK:670.26 MID:670.255 P1:670.255 P2:670.255 P3:670.245 P4:670.275 STATE:IDLE
[2026-05-11 22:58:17Z] CHK MOM:0% RANGE:0.02% UP:26.66% SPREAD:0.00149198% BID:670.25 ASK:670.26 MID:670.255 P1:670.255 P2:670.255 P3:670.245 P4:670.275 STATE:IDLE
[2026-05-11 22:58:17Z] CHK MOM:0% RANGE:0.02% UP:28.57% SPREAD:0.00149198% BID:670.25 ASK:670.26 MID:670.255 P1:670.255 P2:670.255 P3:670.255 P4:670.245 STATE:IDLE
[2026-05-11 22:58:18Z] CHK MOM:0% RANGE:0.02% UP:28.57% SPREAD:0.00149198% BID:670.25 ASK:670.26 MID:670.255 P1:670.255 P2:670.255 P3:670.255 P4:670.255 STATE:IDLE
[2026-05-11 22:58:18Z] CHK MOM:0% RANGE:0.02% UP:28.57% SPREAD:0.00149198% BID:670.25 ASK:670.26 MID:670.255 P1:670.255 P2:670.255 P3:670.255 P4:670.255 STATE:IDLE
[2026-05-11 22:58:19Z] CHK MOM:0% RANGE:0.02% UP:28.57% SPREAD:0.00149198% BID:670.25 ASK:670.26 MID:670.255 P1:670.255 P2:670.255 P3:670.255 P4:670.255 STATE:IDLE
[2026-05-11 22:58:20Z] CHK MOM:0% RANGE:0.02% UP:28.57% SPREAD:0.00149198% BID:670.25 ASK:670.26 MID:670.255 P1:670.255 P2:670.255 P3:670.255 P4:670.255 STATE:IDLE
[2026-05-11 22:58:20Z] CHK MOM:0.01% RANGE:0.02% UP:35.71% SPREAD:0.00149193% BID:670.27 ASK:670.28 MID:670.275 P1:670.275 P2:670.255 P3:670.255 P4:670.255 STATE:IDLE
[2026-05-11 22:58:21Z] CHK MOM:0.01% RANGE:0.02% UP:33.33% SPREAD:0.00149193% BID:670.27 ASK:670.28 MID:670.275 P1:670.275 P2:670.275 P3:670.255 P4:670.255 STATE:IDLE
[2026-05-11 22:58:21Z] CHK MOM:0.01% RANGE:0.02% UP:37.5% SPREAD:0.00149182% BID:670.32 ASK:670.33 MID:670.325 P1:670.325 P2:670.275 P3:670.275 P4:670.255 STATE:IDLE
[2026-05-11 22:58:22Z] CHK MOM:0.01% RANGE:0.02% UP:37.5% SPREAD:0.00149184% BID:670.31 ASK:670.32 MID:670.315 P1:670.315 P2:670.325 P3:670.275 P4:670.275 STATE:IDLE
[2026-05-11 22:58:22Z] CHK MOM:0.01% RANGE:0.02% UP:40% SPREAD:0.00149184% BID:670.31 ASK:670.32 MID:670.315 P1:670.315 P2:670.315 P3:670.325 P4:670.275 STATE:IDLE
[2026-05-11 22:58:23Z] CHK MOM:0% RANGE:0.02% UP:37.5% SPREAD:0.001492% BID:670.24 ASK:670.25 MID:670.245 P1:670.245 P2:670.315 P3:670.315 P4:670.325 STATE:IDLE
[2026-05-11 22:58:23Z] CHK MOM:-0.02% RANGE:0.04% UP:35.29% SPREAD:0.00149244% BID:670.04 ASK:670.05 MID:670.045 P1:670.045 P2:670.245 P3:670.315 P4:670.315 STATE:IDLE
[2026-05-11 22:58:24Z] CHK MOM:-0.03% RANGE:0.04% UP:31.25% SPREAD:0.00149244% BID:670.04 ASK:670.05 MID:670.045 P1:670.045 P2:670.045 P3:670.245 P4:670.315 STATE:IDLE
[2026-05-11 22:58:24Z] CHK MOM:-0.05% RANGE:0.07% UP:29.41% SPREAD:0.0014928% BID:669.88 ASK:669.89 MID:669.885 P1:669.885 P2:670.045 P3:670.045 P4:670.245 STATE:IDLE
[2026-05-11 22:58:25Z] CHK MOM:-0.1% RANGE:0.1% UP:18.75% SPREAD:0.00298676% BID:669.62 ASK:669.64 MID:669.63 P1:669.63 P2:669.885 P3:670.045 P4:670.045 STATE:IDLE
[2026-05-11 22:58:26Z] CHK MOM:-0.09% RANGE:0.11% UP:20% SPREAD:0.00149349% BID:669.57 ASK:669.58 MID:669.575 P1:669.575 P2:669.63 P3:669.885 P4:670.045 STATE:IDLE
[2026-05-11 22:58:26Z] CHK MOM:-0.11% RANGE:0.12% UP:13.33% SPREAD:0.00149362% BID:669.51 ASK:669.52 MID:669.515 P1:669.515 P2:669.575 P3:669.63 P4:669.885 STATE:IDLE
[2026-05-11 22:58:27Z] CHK MOM:-0.12% RANGE:0.13% UP:12.5% SPREAD:0.00149389% BID:669.39 ASK:669.4 MID:669.395 P1:669.395 P2:669.515 P3:669.575 P4:669.63 STATE:IDLE
[2026-05-11 22:58:27Z] CHK MOM:-0.12% RANGE:0.14% UP:11.76% SPREAD:0.00149391% BID:669.38 ASK:669.39 MID:669.385 P1:669.385 P2:669.395 P3:669.515 P4:669.575 STATE:IDLE
[2026-05-11 22:58:28Z] CHK MOM:-0.12% RANGE:0.14% UP:11.76% SPREAD:0.00149391% BID:669.38 ASK:669.39 MID:669.385 P1:669.385 P2:669.395 P3:669.515 P4:669.575 STATE:IDLE
[2026-05-11 22:58:28Z] CHK MOM:-0.11% RANGE:0.14% UP:17.64% SPREAD:0.00149376% BID:669.45 ASK:669.46 MID:669.455 P1:669.455 P2:669.385 P3:669.395 P4:669.515 STATE:IDLE
[2026-05-11 22:58:29Z] CHK MOM:-0.11% RANGE:0.14% UP:17.64% SPREAD:0.00149376% BID:669.45 ASK:669.46 MID:669.455 P1:669.455 P2:669.385 P3:669.395 P4:669.515 STATE:IDLE
[2026-05-11 22:58:29Z] CHK MOM:-0.11% RANGE:0.14% UP:17.64% SPREAD:0.00149376% BID:669.45 ASK:669.46 MID:669.455 P1:669.455 P2:669.385 P3:669.395 P4:669.515 STATE:IDLE
[2026-05-11 22:58:30Z] CHK MOM:-0.11% RANGE:0.14% UP:17.64% SPREAD:0.00149376% BID:669.45 ASK:669.46 MID:669.455 P1:669.455 P2:669.385 P3:669.395 P4:669.515 STATE:IDLE
[2026-05-11 22:58:31Z] CHK MOM:-0.12% RANGE:0.14% UP:13.33% SPREAD:0.00149376% BID:669.45 ASK:669.46 MID:669.455 P1:669.455 P2:669.455 P3:669.385 P4:669.395 STATE:IDLE
[2026-05-11 22:58:31Z] CHK MOM:-0.12% RANGE:0.14% UP:12.5% SPREAD:0.00149376% BID:669.45 ASK:669.46 MID:669.455 P1:669.455 P2:669.455 P3:669.455 P4:669.385 STATE:IDLE
[2026-05-11 22:58:32Z] CHK MOM:-0.12% RANGE:0.14% UP:11.76% SPREAD:0.00149376% BID:669.45 ASK:669.46 MID:669.455 P1:669.455 P2:669.455 P3:669.455 P4:669.455 STATE:IDLE
[2026-05-11 22:58:32Z] CHK MOM:-0.1% RANGE:0.14% UP:17.64% SPREAD:0.00149347% BID:669.58 ASK:669.59 MID:669.585 P1:669.585 P2:669.455 P3:669.455 P4:669.455 STATE:IDLE
[2026-05-11 22:58:33Z] CHK MOM:-0.1% RANGE:0.14% UP:16.66% SPREAD:0.00149347% BID:669.58 ASK:669.59 MID:669.585 P1:669.585 P2:669.585 P3:669.455 P4:669.455 STATE:IDLE
[2026-05-11 22:58:33Z] CHK MOM:-0.1% RANGE:0.13% UP:11.76% SPREAD:0.00149347% BID:669.58 ASK:669.59 MID:669.585 P1:669.585 P2:669.585 P3:669.585 P4:669.455 STATE:IDLE
[2026-05-11 22:58:34Z] CHK MOM:-0.1% RANGE:0.13% UP:11.76% SPREAD:0.00149347% BID:669.58 ASK:669.59 MID:669.585 P1:669.585 P2:669.585 P3:669.585 P4:669.455 STATE:IDLE
[2026-05-11 22:58:34Z] CHK MOM:-0.1% RANGE:0.13% UP:11.76% SPREAD:0.00149347% BID:669.58 ASK:669.59 MID:669.585 P1:669.585 P2:669.585 P3:669.585 P4:669.585 STATE:IDLE
[2026-05-11 22:58:35Z] CHK MOM:-0.09% RANGE:0.12% UP:11.76% SPREAD:0.00149347% BID:669.58 ASK:669.59 MID:669.585 P1:669.585 P2:669.585 P3:669.585 P4:669.585 STATE:IDLE
[2026-05-11 22:58:35Z] CHK MOM:-0.09% RANGE:0.12% UP:11.76% SPREAD:0.00149347% BID:669.58 ASK:669.59 MID:669.585 P1:669.585 P2:669.585 P3:669.585 P4:669.585 STATE:IDLE
[2026-05-11 22:58:36Z] CHK MOM:-0.04% RANGE:0.07% UP:13.33% SPREAD:0.00149347% BID:669.58 ASK:669.59 MID:669.585 P1:669.585 P2:669.585 P3:669.585 P4:669.585 STATE:IDLE
[2026-05-11 22:58:37Z] CHK MOM:-0.04% RANGE:0.07% UP:12.5% SPREAD:0.00149347% BID:669.58 ASK:669.59 MID:669.585 P1:669.585 P2:669.585 P3:669.585 P4:669.585 STATE:IDLE
[2026-05-11 22:58:37Z] CHK MOM:0% RANGE:0.02% UP:13.33% SPREAD:0.00149347% BID:669.58 ASK:669.59 MID:669.585 P1:669.585 P2:669.585 P3:669.585 P4:669.585 STATE:IDLE
[2026-05-11 22:58:38Z] CHK MOM:0% RANGE:0.02% UP:12.5% SPREAD:0.00149347% BID:669.58 ASK:669.59 MID:669.585 P1:669.585 P2:669.585 P3:669.585 P4:669.585 STATE:IDLE
[2026-05-11 22:58:38Z] CHK MOM:0% RANGE:0.02% UP:12.5% SPREAD:0.00149347% BID:669.58 ASK:669.59 MID:669.585 P1:669.585 P2:669.585 P3:669.585 P4:669.585 STATE:IDLE
[2026-05-11 22:58:39Z] CHK MOM:0.02% RANGE:0.02% UP:13.33% SPREAD:0.00149347% BID:669.58 ASK:669.59 MID:669.585 P1:669.585 P2:669.585 P3:669.585 P4:669.585 STATE:IDLE
[2026-05-11 22:58:39Z] CHK MOM:0.02% RANGE:0.02% UP:13.33% SPREAD:0.00149347% BID:669.58 ASK:669.59 MID:669.585 P1:669.585 P2:669.585 P3:669.585 P4:669.585 STATE:IDLE
[2026-05-11 22:58:40Z] CHK MOM:0.01% RANGE:0.01% UP:7.14% SPREAD:0.00149347% BID:669.58 ASK:669.59 MID:669.585 P1:669.585 P2:669.585 P3:669.585 P4:669.585 STATE:IDLE
[2026-05-11 22:58:40Z] CHK MOM:0.01% RANGE:0.01% UP:6.66% SPREAD:0.00149347% BID:669.58 ASK:669.59 MID:669.585 P1:669.585 P2:669.585 P3:669.585 P4:669.585 STATE:IDLE
[2026-05-11 22:58:41Z] CHK MOM:0.01% RANGE:0.01% UP:6.66% SPREAD:0.00149347% BID:669.58 ASK:669.59 MID:669.585 P1:669.585 P2:669.585 P3:669.585 P4:669.585 STATE:IDLE
[2026-05-11 22:58:42Z] CHK MOM:0.01% RANGE:0.01% UP:6.25% SPREAD:0.00149347% BID:669.58 ASK:669.59 MID:669.585 P1:669.585 P2:669.585 P3:669.585 P4:669.585 STATE:IDLE
[2026-05-11 22:58:42Z] CHK MOM:0.01% RANGE:0.01% UP:5.88% SPREAD:0.00149347% BID:669.58 ASK:669.59 MID:669.585 P1:669.585 P2:669.585 P3:669.585 P4:669.585 STATE:IDLE
[2026-05-11 22:58:43Z] CHK MOM:0.01% RANGE:0.01% UP:5.88% SPREAD:0.00149351% BID:669.56 ASK:669.57 MID:669.565 P1:669.565 P2:669.585 P3:669.585 P4:669.585 STATE:IDLE
[2026-05-11 22:58:43Z] CHK MOM:0.01% RANGE:0.01% UP:5.88% SPREAD:0.00149351% BID:669.56 ASK:669.57 MID:669.565 P1:669.565 P2:669.585 P3:669.585 P4:669.585 STATE:IDLE
[2026-05-11 22:58:44Z] CHK MOM:0.01% RANGE:0.01% UP:5.88% SPREAD:0.00149351% BID:669.56 ASK:669.57 MID:669.565 P1:669.565 P2:669.585 P3:669.585 P4:669.585 STATE:IDLE
[2026-05-11 22:58:44Z] CHK MOM:-0.03% RANGE:0.03% UP:0% SPREAD:0.001494% BID:669.34 ASK:669.35 MID:669.345 P1:669.345 P2:669.565 P3:669.585 P4:669.585 STATE:IDLE
[2026-05-11 22:58:45Z] CHK MOM:-0.03% RANGE:0.03% UP:6.66% SPREAD:0.00149396% BID:669.36 ASK:669.37 MID:669.365 P1:669.365 P2:669.345 P3:669.565 P4:669.585 STATE:IDLE
[2026-05-11 22:58:45Z] CHK MOM:-0.04% RANGE:0.04% UP:6.25% SPREAD:0.00149416% BID:669.27 ASK:669.28 MID:669.275 P1:669.275 P2:669.365 P3:669.345 P4:669.565 STATE:IDLE
[2026-05-11 22:58:46Z] CHK MOM:-0.02% RANGE:0.04% UP:12.5% SPREAD:0.00149391% BID:669.38 ASK:669.39 MID:669.385 P1:669.385 P2:669.275 P3:669.365 P4:669.345 STATE:IDLE
[2026-05-11 22:58:46Z] CHK MOM:-0.02% RANGE:0.04% UP:12.5% SPREAD:0.00149391% BID:669.38 ASK:669.39 MID:669.385 P1:669.385 P2:669.385 P3:669.275 P4:669.365 STATE:IDLE
[2026-05-11 22:58:47Z] CHK MOM:-0.02% RANGE:0.04% UP:12.5% SPREAD:0.00149391% BID:669.38 ASK:669.39 MID:669.385 P1:669.385 P2:669.385 P3:669.385 P4:669.275 STATE:IDLE
[2026-05-11 22:58:48Z] CHK MOM:-0.02% RANGE:0.04% UP:11.76% SPREAD:0.00149391% BID:669.38 ASK:669.39 MID:669.385 P1:669.385 P2:669.385 P3:669.385 P4:669.385 STATE:IDLE
[2026-05-11 22:58:48Z] CHK MOM:-0.02% RANGE:0.04% UP:12.5% SPREAD:0.00149391% BID:669.38 ASK:669.39 MID:669.385 P1:669.385 P2:669.385 P3:669.385 P4:669.385 STATE:IDLE
[2026-05-11 22:58:49Z] CHK MOM:-0.02% RANGE:0.04% UP:12.5% SPREAD:0.00149391% BID:669.38 ASK:669.39 MID:669.385 P1:669.385 P2:669.385 P3:669.385 P4:669.385 STATE:IDLE
[2026-05-11 22:58:49Z] CHK MOM:-0.02% RANGE:0.04% UP:12.5% SPREAD:0.00149391% BID:669.38 ASK:669.39 MID:669.385 P1:669.385 P2:669.385 P3:669.385 P4:669.385 STATE:IDLE
[2026-05-11 22:58:50Z] CHK MOM:-0.02% RANGE:0.04% UP:12.5% SPREAD:0.00149391% BID:669.38 ASK:669.39 MID:669.385 P1:669.385 P2:669.385 P3:669.385 P4:669.385 STATE:IDLE
[2026-05-11 22:58:50Z] CHK MOM:-0.02% RANGE:0.04% UP:18.75% SPREAD:0.00149383% BID:669.42 ASK:669.43 MID:669.425 P1:669.425 P2:669.385 P3:669.385 P4:669.385 STATE:IDLE
[2026-05-11 22:58:51Z] CHK MOM:-0.03% RANGE:0.04% UP:18.75% SPREAD:0.001494% BID:669.34 ASK:669.35 MID:669.345 P1:669.345 P2:669.425 P3:669.385 P4:669.385 STATE:IDLE
[2026-05-11 22:58:51Z] CHK MOM:-0.03% RANGE:0.04% UP:17.64% SPREAD:0.001494% BID:669.34 ASK:669.35 MID:669.345 P1:669.345 P2:669.345 P3:669.425 P4:669.385 STATE:IDLE
[2026-05-11 22:58:52Z] CHK MOM:-0.03% RANGE:0.04% UP:17.64% SPREAD:0.001494% BID:669.34 ASK:669.35 MID:669.345 P1:669.345 P2:669.345 P3:669.345 P4:669.425 STATE:IDLE
[2026-05-11 22:58:53Z] CHK MOM:-0.03% RANGE:0.04% UP:17.64% SPREAD:0.001494% BID:669.34 ASK:669.35 MID:669.345 P1:669.345 P2:669.345 P3:669.345 P4:669.425 STATE:IDLE
[2026-05-11 22:58:53Z] CHK MOM:-0.03% RANGE:0.04% UP:17.64% SPREAD:0.001494% BID:669.34 ASK:669.35 MID:669.345 P1:669.345 P2:669.345 P3:669.345 P4:669.345 STATE:IDLE
[2026-05-11 22:58:54Z] CHK MOM:-0.03% RANGE:0.04% UP:17.64% SPREAD:0.001494% BID:669.34 ASK:669.35 MID:669.345 P1:669.345 P2:669.345 P3:669.345 P4:669.345 STATE:IDLE
[2026-05-11 22:58:54Z] CHK MOM:-0.03% RANGE:0.04% UP:18.75% SPREAD:0.001494% BID:669.34 ASK:669.35 MID:669.345 P1:669.345 P2:669.345 P3:669.345 P4:669.345 STATE:IDLE
[2026-05-11 22:58:55Z] CHK MOM:-0.03% RANGE:0.04% UP:18.75% SPREAD:0.001494% BID:669.34 ASK:669.35 MID:669.345 P1:669.345 P2:669.345 P3:669.345 P4:669.345 STATE:IDLE
[2026-05-11 22:58:55Z] CHK MOM:-0.03% RANGE:0.04% UP:18.75% SPREAD:0.001494% BID:669.34 ASK:669.35 MID:669.345 P1:669.345 P2:669.345 P3:669.345 P4:669.345 STATE:IDLE
[2026-05-11 22:58:56Z] CHK MOM:-0.03% RANGE:0.04% UP:18.75% SPREAD:0.001494% BID:669.34 ASK:669.35 MID:669.345 P1:669.345 P2:669.345 P3:669.345 P4:669.345 STATE:IDLE
[2026-05-11 22:58:56Z] CHK MOM:-0.03% RANGE:0.04% UP:18.75% SPREAD:0.001494% BID:669.34 ASK:669.35 MID:669.345 P1:669.345 P2:669.345 P3:669.345 P4:669.345 STATE:IDLE
[2026-05-11 22:58:57Z] CHK MOM:0% RANGE:0.02% UP:13.33% SPREAD:0.001494% BID:669.34 ASK:669.35 MID:669.345 P1:669.345 P2:669.345 P3:669.345 P4:669.345 STATE:IDLE
[2026-05-11 22:58:57Z] CHK MOM:0.01% RANGE:0.02% UP:20% SPREAD:0.00149398% BID:669.35 ASK:669.36 MID:669.355 P1:669.355 P2:669.345 P3:669.345 P4:669.345 STATE:IDLE
[2026-05-11 22:58:58Z] CHK MOM:0% RANGE:0.01% UP:13.33% SPREAD:0.00149398% BID:669.35 ASK:669.36 MID:669.355 P1:669.355 P2:669.355 P3:669.345 P4:669.345 STATE:IDLE
[2026-05-11 22:58:59Z] CHK MOM:0% RANGE:0.01% UP:21.42% SPREAD:0.00149385% BID:669.41 ASK:669.42 MID:669.415 P1:669.415 P2:669.355 P3:669.355 P4:669.345 STATE:IDLE
[2026-05-11 22:58:59Z] CHK MOM:0% RANGE:0.01% UP:21.42% SPREAD:0.00149385% BID:669.41 ASK:669.42 MID:669.415 P1:669.415 P2:669.415 P3:669.355 P4:669.355 STATE:IDLE
[2026-05-11 22:59:00Z] CHK MOM:0% RANGE:0.01% UP:20% SPREAD:0.00149385% BID:669.41 ASK:669.42 MID:669.415 P1:669.415 P2:669.415 P3:669.415 P4:669.355 STATE:IDLE
[2026-05-11 22:59:00Z] CHK MOM:0% RANGE:0.01% UP:21.42% SPREAD:0.00149391% BID:669.38 ASK:669.39 MID:669.385 P1:669.385 P2:669.415 P3:669.415 P4:669.415 STATE:IDLE
[2026-05-11 22:59:01Z] CHK MOM:0% RANGE:0.01% UP:21.42% SPREAD:0.00149391% BID:669.38 ASK:669.39 MID:669.385 P1:669.385 P2:669.415 P3:669.415 P4:669.415 STATE:IDLE
[2026-05-11 22:59:01Z] CHK MOM:0% RANGE:0.01% UP:20% SPREAD:0.00149391% BID:669.38 ASK:669.39 MID:669.385 P1:669.385 P2:669.385 P3:669.415 P4:669.415 STATE:IDLE
[2026-05-11 22:59:02Z] CHK MOM:0% RANGE:0.01% UP:18.75% SPREAD:0.00149391% BID:669.38 ASK:669.39 MID:669.385 P1:669.385 P2:669.385 P3:669.385 P4:669.415 STATE:IDLE
[2026-05-11 22:59:02Z] CHK MOM:0% RANGE:0.01% UP:18.75% SPREAD:0.00149391% BID:669.38 ASK:669.39 MID:669.385 P1:669.385 P2:669.385 P3:669.385 P4:669.415 STATE:IDLE
[2026-05-11 22:59:03Z] CHK MOM:0% RANGE:0.01% UP:18.75% SPREAD:0.00149391% BID:669.38 ASK:669.39 MID:669.385 P1:669.385 P2:669.385 P3:669.385 P4:669.415 STATE:IDLE
[2026-05-11 22:59:04Z] CHK MOM:0% RANGE:0.01% UP:15.38% SPREAD:0.00149391% BID:669.38 ASK:669.39 MID:669.385 P1:669.385 P2:669.385 P3:669.385 P4:669.385 STATE:IDLE
[2026-05-11 22:59:04Z] CHK MOM:0% RANGE:0.01% UP:14.28% SPREAD:0.00149391% BID:669.38 ASK:669.39 MID:669.385 P1:669.385 P2:669.385 P3:669.385 P4:669.385 STATE:IDLE
[2026-05-11 22:59:05Z] CHK MOM:0% RANGE:0.01% UP:14.28% SPREAD:0.00149391% BID:669.38 ASK:669.39 MID:669.385 P1:669.385 P2:669.385 P3:669.385 P4:669.385 STATE:IDLE
[2026-05-11 22:59:05Z] CHK MOM:0% RANGE:0.01% UP:15.38% SPREAD:0.00149391% BID:669.38 ASK:669.39 MID:669.385 P1:669.385 P2:669.385 P3:669.385 P4:669.385 STATE:IDLE
[2026-05-11 22:59:06Z] CHK MOM:0% RANGE:0.01% UP:15.38% SPREAD:0.00149391% BID:669.38 ASK:669.39 MID:669.385 P1:669.385 P2:669.385 P3:669.385 P4:669.385 STATE:IDLE
[2026-05-11 22:59:06Z] CHK MOM:0% RANGE:0.01% UP:23.07% SPREAD:0.00149387% BID:669.4 ASK:669.41 MID:669.405 P1:669.405 P2:669.385 P3:669.385 P4:669.385 STATE:IDLE
[2026-05-11 22:59:07Z] CHK MOM:0% RANGE:0.01% UP:23.07% SPREAD:0.00149387% BID:669.4 ASK:669.41 MID:669.405 P1:669.405 P2:669.405 P3:669.385 P4:669.385 STATE:IDLE
[2026-05-11 22:59:07Z] CHK MOM:0% RANGE:0.01% UP:21.42% SPREAD:0.00149387% BID:669.4 ASK:669.41 MID:669.405 P1:669.405 P2:669.405 P3:669.405 P4:669.385 STATE:IDLE
[2026-05-11 22:59:08Z] CHK MOM:0% RANGE:0.01% UP:21.42% SPREAD:0.00149387% BID:669.4 ASK:669.41 MID:669.405 P1:669.405 P2:669.405 P3:669.405 P4:669.385 STATE:IDLE
[2026-05-11 22:59:08Z] CHK MOM:0% RANGE:0.01% UP:21.42% SPREAD:0.00149387% BID:669.4 ASK:669.41 MID:669.405 P1:669.405 P2:669.405 P3:669.405 P4:669.385 STATE:IDLE
[2026-05-11 22:59:09Z] CHK MOM:0% RANGE:0.01% UP:20% SPREAD:0.00149387% BID:669.4 ASK:669.41 MID:669.405 P1:669.405 P2:669.405 P3:669.405 P4:669.405 STATE:IDLE
