[2026-05-11 20:35:04Z] SESSION_START symbol=CHIPUSDC dry_run=0 profile=major strategy=momentum base_url=https://api.binance.com
[2026-05-11 20:35:04Z] TOXIC_MEMORY_LOADED count=4 symbols=GUNUSDC,JTOUSDC,ORDIUSDC,SAHARAUSDC
[2026-05-11 20:35:05Z] CHK MOM:0% RANGE:0% UP:0% SPREAD:0.03272251% BID:0.06112 ASK:0.06114 MID:0.06113 P1:0.06113 P2:NA P3:NA P4:NA STATE:IDLE
[2026-05-11 20:35:06Z] CHK MOM:0% RANGE:0% UP:0% SPREAD:0.03272251% BID:0.06112 ASK:0.06114 MID:0.06113 P1:0.06113 P2:NA P3:NA P4:NA STATE:IDLE
[2026-05-11 20:35:06Z] CHK MOM:0% RANGE:0% UP:0% SPREAD:0.03272251% BID:0.06112 ASK:0.06114 MID:0.06113 P1:0.06113 P2:0.06113 P3:NA P4:NA STATE:IDLE
[2026-05-11 20:35:07Z] CHK MOM:0% RANGE:0% UP:0% SPREAD:0.03272251% BID:0.06112 ASK:0.06114 MID:0.06113 P1:0.06113 P2:0.06113 P3:NA P4:NA STATE:IDLE
[2026-05-11 20:35:07Z] CHK MOM:0% RANGE:0% UP:0% SPREAD:0.03272251% BID:0.06112 ASK:0.06114 MID:0.06113 P1:0.06113 P2:0.06113 P3:NA P4:NA STATE:IDLE
[2026-05-11 20:35:08Z] CHK MOM:0% RANGE:0% UP:0% SPREAD:0.03272251% BID:0.06112 ASK:0.06114 MID:0.06113 P1:0.06113 P2:0.06113 P3:NA P4:NA STATE:IDLE
[2026-05-11 20:35:08Z] CHK MOM:0% RANGE:0% UP:0% SPREAD:0.03272251% BID:0.06112 ASK:0.06114 MID:0.06113 P1:0.06113 P2:0.06113 P3:NA P4:NA STATE:IDLE
[2026-05-11 20:35:09Z] CHK MOM:0% RANGE:0% UP:0% SPREAD:0.03272251% BID:0.06112 ASK:0.06114 MID:0.06113 P1:0.06113 P2:0.06113 P3:NA P4:NA STATE:IDLE
[2026-05-11 20:35:12Z] CHK MOM:0% RANGE:0% UP:0% SPREAD:0.01636125% BID:0.06112 ASK:0.06113 MID:0.061125 P1:0.061125 P2:0.06113 P3:0.06113 P4:NA STATE:IDLE
[2026-05-11 20:35:13Z] CHK MOM:0% RANGE:0% UP:0% SPREAD:0.01636125% BID:0.06112 ASK:0.06113 MID:0.061125 P1:0.061125 P2:0.061125 P3:0.06113 P4:0.06113 STATE:IDLE
[2026-05-11 20:35:13Z] CHK MOM:0% RANGE:0% UP:25% SPREAD:0.03272251% BID:0.06112 ASK:0.06114 MID:0.06113 P1:0.06113 P2:0.061125 P3:0.061125 P4:0.06113 STATE:IDLE
[2026-05-11 20:35:14Z] CHK MOM:0% RANGE:0% UP:25% SPREAD:0.03272251% BID:0.06112 ASK:0.06114 MID:0.06113 P1:0.06113 P2:0.061125 P3:0.061125 P4:0.06113 STATE:IDLE
[2026-05-11 20:35:14Z] CHK MOM:0% RANGE:0% UP:25% SPREAD:0.03272251% BID:0.06112 ASK:0.06114 MID:0.06113 P1:0.06113 P2:0.061125 P3:0.061125 P4:0.06113 STATE:IDLE
[2026-05-11 20:35:15Z] CHK MOM:0% RANGE:0.01% UP:40% SPREAD:0.04908376% BID:0.06112 ASK:0.06115 MID:0.061135 P1:0.061135 P2:0.06113 P3:0.061125 P4:0.061125 STATE:IDLE
[2026-05-11 20:35:15Z] CHK MOM:0% RANGE:0.01% UP:40% SPREAD:0.04908376% BID:0.06112 ASK:0.06115 MID:0.061135 P1:0.061135 P2:0.06113 P3:0.061125 P4:0.061125 STATE:IDLE
[2026-05-11 20:35:16Z] CHK MOM:0% RANGE:0.01% UP:40% SPREAD:0.04908376% BID:0.06112 ASK:0.06115 MID:0.061135 P1:0.061135 P2:0.06113 P3:0.061125 P4:0.061125 STATE:IDLE
[2026-05-11 20:35:16Z] CHK MOM:0% RANGE:0.01% UP:40% SPREAD:0.04908376% BID:0.06112 ASK:0.06115 MID:0.061135 P1:0.061135 P2:0.06113 P3:0.061125 P4:0.061125 STATE:IDLE
[2026-05-11 20:35:17Z] CHK MOM:0% RANGE:0.01% UP:40% SPREAD:0.04908376% BID:0.06112 ASK:0.06115 MID:0.061135 P1:0.061135 P2:0.06113 P3:0.061125 P4:0.061125 STATE:IDLE
[2026-05-11 20:35:18Z] CHK MOM:0% RANGE:0.01% UP:40% SPREAD:0.04908376% BID:0.06112 ASK:0.06115 MID:0.061135 P1:0.061135 P2:0.06113 P3:0.061125 P4:0.061125 STATE:IDLE
[2026-05-11 20:35:19Z] CHK MOM:0.01% RANGE:0.01% UP:50% SPREAD:0.04908376% BID:0.06112 ASK:0.06115 MID:0.061135 P1:0.061135 P2:0.061135 P3:0.06113 P4:0.061125 STATE:IDLE
[2026-05-11 20:35:20Z] CHK MOM:0.01% RANGE:0.01% UP:50% SPREAD:0.04908376% BID:0.06112 ASK:0.06115 MID:0.061135 P1:0.061135 P2:0.061135 P3:0.06113 P4:0.061125 STATE:IDLE
[2026-05-11 20:35:20Z] CHK MOM:0.01% RANGE:0.01% UP:50% SPREAD:0.04908376% BID:0.06112 ASK:0.06115 MID:0.061135 P1:0.061135 P2:0.061135 P3:0.06113 P4:0.061125 STATE:IDLE
[2026-05-11 20:35:21Z] CHK MOM:0.01% RANGE:0.01% UP:50% SPREAD:0.04908376% BID:0.06112 ASK:0.06115 MID:0.061135 P1:0.061135 P2:0.061135 P3:0.06113 P4:0.061125 STATE:IDLE
[2026-05-11 20:35:21Z] CHK MOM:0.01% RANGE:0.01% UP:50% SPREAD:0.04908376% BID:0.06112 ASK:0.06115 MID:0.061135 P1:0.061135 P2:0.061135 P3:0.06113 P4:0.061125 STATE:IDLE
[2026-05-11 20:35:22Z] CHK MOM:0% RANGE:0.01% UP:40% SPREAD:0.03272251% BID:0.06112 ASK:0.06114 MID:0.06113 P1:0.06113 P2:0.061135 P3:0.061135 P4:0.06113 STATE:IDLE
[2026-05-11 20:35:22Z] CHK MOM:0% RANGE:0.01% UP:40% SPREAD:0.03272251% BID:0.06112 ASK:0.06114 MID:0.06113 P1:0.06113 P2:0.061135 P3:0.061135 P4:0.06113 STATE:IDLE
[2026-05-11 20:35:23Z] CHK MOM:0% RANGE:0.01% UP:40% SPREAD:0.03272251% BID:0.06112 ASK:0.06114 MID:0.06113 P1:0.06113 P2:0.061135 P3:0.061135 P4:0.06113 STATE:IDLE
[2026-05-11 20:35:24Z] CHK MOM:0% RANGE:0.01% UP:40% SPREAD:0.03272251% BID:0.06112 ASK:0.06114 MID:0.06113 P1:0.06113 P2:0.061135 P3:0.061135 P4:0.06113 STATE:IDLE
[2026-05-11 20:35:24Z] CHK MOM:0% RANGE:0.01% UP:40% SPREAD:0.03272251% BID:0.06112 ASK:0.06114 MID:0.06113 P1:0.06113 P2:0.061135 P3:0.061135 P4:0.06113 STATE:IDLE
[2026-05-11 20:35:25Z] CHK MOM:0% RANGE:0% UP:50% SPREAD:0.04908376% BID:0.06112 ASK:0.06115 MID:0.061135 P1:0.061135 P2:0.06113 P3:0.061135 P4:0.061135 STATE:IDLE
[2026-05-11 20:35:25Z] CHK MOM:0% RANGE:0% UP:40% SPREAD:0.04908376% BID:0.06112 ASK:0.06115 MID:0.061135 P1:0.061135 P2:0.061135 P3:0.06113 P4:0.061135 STATE:IDLE
[2026-05-11 20:35:26Z] CHK MOM:0% RANGE:0% UP:20% SPREAD:0.04908376% BID:0.06112 ASK:0.06115 MID:0.061135 P1:0.061135 P2:0.061135 P3:0.061135 P4:0.06113 STATE:IDLE
[2026-05-11 20:35:26Z] CHK MOM:0% RANGE:0% UP:20% SPREAD:0.04908376% BID:0.06112 ASK:0.06115 MID:0.061135 P1:0.061135 P2:0.061135 P3:0.061135 P4:0.06113 STATE:IDLE
[2026-05-11 20:35:27Z] CHK MOM:0.01% RANGE:0.02% UP:33.33% SPREAD:0.04907574% BID:0.06113 ASK:0.06116 MID:0.061145 P1:0.061145 P2:0.061135 P3:0.061135 P4:0.061135 STATE:IDLE
[2026-05-11 20:35:27Z] CHK MOM:0.01% RANGE:0.02% UP:33.33% SPREAD:0.04907574% BID:0.06113 ASK:0.06116 MID:0.061145 P1:0.061145 P2:0.061145 P3:0.061135 P4:0.061135 STATE:IDLE
[2026-05-11 20:35:28Z] CHK MOM:0.01% RANGE:0.02% UP:33.33% SPREAD:0.04907574% BID:0.06113 ASK:0.06116 MID:0.061145 P1:0.061145 P2:0.061145 P3:0.061135 P4:0.061135 STATE:IDLE
[2026-05-11 20:35:29Z] CHK MOM:0.01% RANGE:0.02% UP:28.57% SPREAD:0.04907574% BID:0.06113 ASK:0.06116 MID:0.061145 P1:0.061145 P2:0.061145 P3:0.061145 P4:0.061135 STATE:IDLE
[2026-05-11 20:35:29Z] CHK MOM:0.01% RANGE:0.02% UP:28.57% SPREAD:0.04907574% BID:0.06113 ASK:0.06116 MID:0.061145 P1:0.061145 P2:0.061145 P3:0.061145 P4:0.061135 STATE:IDLE
[2026-05-11 20:35:30Z] CHK MOM:0.01% RANGE:0.02% UP:28.57% SPREAD:0.04907574% BID:0.06113 ASK:0.06116 MID:0.061145 P1:0.061145 P2:0.061145 P3:0.061145 P4:0.061135 STATE:IDLE
[2026-05-11 20:35:30Z] CHK MOM:0.01% RANGE:0.02% UP:28.57% SPREAD:0.04907574% BID:0.06113 ASK:0.06116 MID:0.061145 P1:0.061145 P2:0.061145 P3:0.061145 P4:0.061135 STATE:IDLE
[2026-05-11 20:35:31Z] CHK MOM:0.01% RANGE:0.02% UP:25% SPREAD:0.04907574% BID:0.06113 ASK:0.06116 MID:0.061145 P1:0.061145 P2:0.061145 P3:0.061145 P4:0.061145 STATE:IDLE
[2026-05-11 20:35:31Z] CHK MOM:0.01% RANGE:0.02% UP:22.22% SPREAD:0.04907574% BID:0.06113 ASK:0.06116 MID:0.061145 P1:0.061145 P2:0.061145 P3:0.061145 P4:0.061145 STATE:IDLE
[2026-05-11 20:35:32Z] CHK MOM:0.01% RANGE:0.02% UP:22.22% SPREAD:0.04907574% BID:0.06113 ASK:0.06116 MID:0.061145 P1:0.061145 P2:0.061145 P3:0.061145 P4:0.061145 STATE:IDLE
[2026-05-11 20:35:32Z] CHK MOM:0.01% RANGE:0.02% UP:22.22% SPREAD:0.04907574% BID:0.06113 ASK:0.06116 MID:0.061145 P1:0.061145 P2:0.061145 P3:0.061145 P4:0.061145 STATE:IDLE
[2026-05-11 20:35:33Z] CHK MOM:0.03% RANGE:0.03% UP:33.33% SPREAD:0.0327118% BID:0.06114 ASK:0.06116 MID:0.06114999 P1:0.06114999 P2:0.061145 P3:0.061145 P4:0.061145 STATE:IDLE
[2026-05-11 20:35:33Z] CHK MOM:0.05% RANGE:0.05% UP:40% SPREAD:0.01635055% BID:0.06116 ASK:0.06117 MID:0.061165 P1:0.061165 P2:0.06114999 P3:0.061145 P4:0.061145 STATE:IDLE
[2026-05-11 20:35:34Z] CHK MOM:0.05% RANGE:0.05% UP:40% SPREAD:0.01635055% BID:0.06116 ASK:0.06117 MID:0.061165 P1:0.061165 P2:0.06114999 P3:0.061145 P4:0.061145 STATE:IDLE
[2026-05-11 20:35:35Z] CHK MOM:0.05% RANGE:0.05% UP:40% SPREAD:0.01635055% BID:0.06116 ASK:0.06117 MID:0.061165 P1:0.061165 P2:0.06114999 P3:0.061145 P4:0.061145 STATE:IDLE
[2026-05-11 20:35:35Z] CHK MOM:0.05% RANGE:0.05% UP:40% SPREAD:0.01635055% BID:0.06116 ASK:0.06117 MID:0.061165 P1:0.061165 P2:0.06114999 P3:0.061145 P4:0.061145 STATE:IDLE
[2026-05-11 20:35:36Z] CHK MOM:0.05% RANGE:0.05% UP:40% SPREAD:0.01635055% BID:0.06116 ASK:0.06117 MID:0.061165 P1:0.061165 P2:0.06114999 P3:0.061145 P4:0.061145 STATE:IDLE
[2026-05-11 20:35:38Z] CHK MOM:0.03% RANGE:0.03% UP:28.57% SPREAD:0.01635055% BID:0.06116 ASK:0.06117 MID:0.061165 P1:0.061165 P2:0.061165 P3:0.06114999 P4:0.061145 STATE:IDLE
[2026-05-11 20:35:39Z] CHK MOM:0.03% RANGE:0.03% UP:28.57% SPREAD:0.01635055% BID:0.06116 ASK:0.06117 MID:0.061165 P1:0.061165 P2:0.061165 P3:0.06114999 P4:0.061145 STATE:IDLE
[2026-05-11 20:35:40Z] CHK MOM:0.03% RANGE:0.03% UP:28.57% SPREAD:0.01635055% BID:0.06116 ASK:0.06117 MID:0.061165 P1:0.061165 P2:0.061165 P3:0.06114999 P4:0.061145 STATE:IDLE
[2026-05-11 20:35:40Z] CHK MOM:0.03% RANGE:0.03% UP:28.57% SPREAD:0.01635055% BID:0.06116 ASK:0.06117 MID:0.061165 P1:0.061165 P2:0.061165 P3:0.06114999 P4:0.061145 STATE:IDLE
[2026-05-11 20:35:41Z] CHK MOM:0.03% RANGE:0.03% UP:40% SPREAD:0.01635055% BID:0.06116 ASK:0.06117 MID:0.061165 P1:0.061165 P2:0.061165 P3:0.061165 P4:0.06114999 STATE:IDLE
[2026-05-11 20:35:41Z] CHK MOM:0.03% RANGE:0.03% UP:40% SPREAD:0.01635055% BID:0.06116 ASK:0.06117 MID:0.061165 P1:0.061165 P2:0.061165 P3:0.061165 P4:0.06114999 STATE:IDLE
[2026-05-11 20:35:42Z] CHK MOM:0.03% RANGE:0.03% UP:40% SPREAD:0.01635055% BID:0.06116 ASK:0.06117 MID:0.061165 P1:0.061165 P2:0.061165 P3:0.061165 P4:0.06114999 STATE:IDLE
[2026-05-11 20:35:42Z] CHK MOM:0.03% RANGE:0.03% UP:40% SPREAD:0.01635055% BID:0.06116 ASK:0.06117 MID:0.061165 P1:0.061165 P2:0.061165 P3:0.061165 P4:0.06114999 STATE:IDLE
[2026-05-11 20:35:43Z] CHK MOM:0.04% RANGE:0.04% UP:60% SPREAD:0.01634788% BID:0.06117 ASK:0.06118 MID:0.061175 P1:0.061175 P2:0.061165 P3:0.061165 P4:0.061165 STATE:IDLE
[2026-05-11 20:35:43Z] CHK MOM:0.04% RANGE:0.04% UP:60% SPREAD:0.01634788% BID:0.06117 ASK:0.06118 MID:0.061175 P1:0.061175 P2:0.061165 P3:0.061165 P4:0.061165 STATE:IDLE
[2026-05-11 20:35:44Z] CHK MOM:0.02% RANGE:0.04% UP:40% SPREAD:0.04905968% BID:0.06115 ASK:0.06118 MID:0.061165 P1:0.061165 P2:0.061175 P3:0.061165 P4:0.061165 STATE:IDLE
[2026-05-11 20:35:44Z] CHK MOM:0.02% RANGE:0.04% UP:40% SPREAD:0.04905968% BID:0.06115 ASK:0.06118 MID:0.061165 P1:0.061165 P2:0.061175 P3:0.061165 P4:0.061165 STATE:IDLE
[2026-05-11 20:35:45Z] CHK MOM:0% RANGE:0.01% UP:20% SPREAD:0.04905968% BID:0.06115 ASK:0.06118 MID:0.061165 P1:0.061165 P2:0.061165 P3:0.061175 P4:0.061165 STATE:IDLE
[2026-05-11 20:35:46Z] CHK MOM:0% RANGE:0.01% UP:33.33% SPREAD:0.03270111% BID:0.06116 ASK:0.06118 MID:0.06117 P1:0.06117 P2:0.061165 P3:0.061165 P4:0.061175 STATE:IDLE
[2026-05-11 20:35:46Z] CHK MOM:0% RANGE:0.01% UP:33.33% SPREAD:0.03270111% BID:0.06116 ASK:0.06118 MID:0.06117 P1:0.06117 P2:0.061165 P3:0.061165 P4:0.061175 STATE:IDLE
[2026-05-11 20:35:47Z] CHK MOM:0.02% RANGE:0.02% UP:50% SPREAD:0.03269576% BID:0.06117 ASK:0.06119 MID:0.06118 P1:0.06118 P2:0.06117 P3:0.061165 P4:0.061165 STATE:IDLE
[2026-05-11 20:35:47Z] CHK MOM:0.02% RANGE:0.02% UP:50% SPREAD:0.03269576% BID:0.06117 ASK:0.06119 MID:0.06118 P1:0.06118 P2:0.06117 P3:0.061165 P4:0.061165 STATE:IDLE
[2026-05-11 20:35:48Z] CHK MOM:0.02% RANGE:0.02% UP:50% SPREAD:0.03269576% BID:0.06117 ASK:0.06119 MID:0.06118 P1:0.06118 P2:0.06117 P3:0.061165 P4:0.061165 STATE:IDLE
[2026-05-11 20:35:48Z] CHK MOM:0.02% RANGE:0.02% UP:50% SPREAD:0.03269576% BID:0.06117 ASK:0.06119 MID:0.06118 P1:0.06118 P2:0.06117 P3:0.061165 P4:0.061165 STATE:IDLE
[2026-05-11 20:35:49Z] CHK MOM:0.02% RANGE:0.02% UP:50% SPREAD:0.03269576% BID:0.06117 ASK:0.06119 MID:0.06118 P1:0.06118 P2:0.06117 P3:0.061165 P4:0.061165 STATE:IDLE
[2026-05-11 20:35:49Z] CHK MOM:0.02% RANGE:0.02% UP:50% SPREAD:0.03269576% BID:0.06117 ASK:0.06119 MID:0.06118 P1:0.06118 P2:0.06117 P3:0.061165 P4:0.061165 STATE:IDLE
[2026-05-11 20:35:53Z] CHK MOM:0.02% RANGE:0.02% UP:50% SPREAD:0.03269576% BID:0.06117 ASK:0.06119 MID:0.06118 P1:0.06118 P2:0.06118 P3:0.06117 P4:0.061165 STATE:IDLE
[2026-05-11 20:35:54Z] CHK MOM:0.02% RANGE:0.02% UP:50% SPREAD:0.03269576% BID:0.06117 ASK:0.06119 MID:0.06118 P1:0.06118 P2:0.06118 P3:0.06117 P4:0.061165 STATE:IDLE
[2026-05-11 20:35:54Z] CHK MOM:0.02% RANGE:0.02% UP:50% SPREAD:0.03269576% BID:0.06117 ASK:0.06119 MID:0.06118 P1:0.06118 P2:0.06118 P3:0.06117 P4:0.061165 STATE:IDLE
[2026-05-11 20:35:55Z] CHK MOM:0.02% RANGE:0.02% UP:50% SPREAD:0.03269576% BID:0.06117 ASK:0.06119 MID:0.06118 P1:0.06118 P2:0.06118 P3:0.06117 P4:0.061165 STATE:IDLE
[2026-05-11 20:35:55Z] CHK MOM:0.02% RANGE:0.02% UP:50% SPREAD:0.03269576% BID:0.06117 ASK:0.06119 MID:0.06118 P1:0.06118 P2:0.06118 P3:0.06117 P4:0.061165 STATE:IDLE
[2026-05-11 20:36:06Z] CHK MOM:0% RANGE:0% UP:0% SPREAD:0.03269576% BID:0.06117 ASK:0.06119 MID:0.06118 P1:0.06118 P2:0.06118 P3:0.06118 P4:0.06117 STATE:IDLE
[2026-05-11 20:36:06Z] CHK MOM:0% RANGE:0% UP:0% SPREAD:0.03269576% BID:0.06117 ASK:0.06119 MID:0.06118 P1:0.06118 P2:0.06118 P3:0.06118 P4:0.06117 STATE:IDLE
[2026-05-11 20:36:07Z] CHK MOM:0% RANGE:0% UP:0% SPREAD:0.03269576% BID:0.06117 ASK:0.06119 MID:0.06118 P1:0.06118 P2:0.06118 P3:0.06118 P4:0.06117 STATE:IDLE
[2026-05-11 20:36:07Z] CHK MOM:0% RANGE:0% UP:0% SPREAD:0.03269576% BID:0.06117 ASK:0.06119 MID:0.06118 P1:0.06118 P2:0.06118 P3:0.06118 P4:0.06117 STATE:IDLE
[2026-05-11 20:36:08Z] CHK MOM:0% RANGE:0% UP:0% SPREAD:0.03269576% BID:0.06117 ASK:0.06119 MID:0.06118 P1:0.06118 P2:0.06118 P3:0.06118 P4:0.06117 STATE:IDLE
[2026-05-11 20:36:09Z] CHK MOM:0% RANGE:0% UP:100% SPREAD:0.01634521% BID:0.06118 ASK:0.06119 MID:0.061185 P1:0.061185 P2:0.06118 P3:0.06118 P4:0.06118 STATE:IDLE
[2026-05-11 20:36:09Z] CHK MOM:0% RANGE:0% UP:100% SPREAD:0.01634521% BID:0.06118 ASK:0.06119 MID:0.061185 P1:0.061185 P2:0.06118 P3:0.06118 P4:0.06118 STATE:IDLE
[2026-05-11 20:36:10Z] CHK MOM:0% RANGE:0% UP:100% SPREAD:0.01634521% BID:0.06118 ASK:0.06119 MID:0.061185 P1:0.061185 P2:0.06118 P3:0.06118 P4:0.06118 STATE:IDLE
[2026-05-11 20:36:10Z] CHK MOM:0% RANGE:0% UP:100% SPREAD:0.01634521% BID:0.06118 ASK:0.06119 MID:0.061185 P1:0.061185 P2:0.06118 P3:0.06118 P4:0.06118 STATE:IDLE
[2026-05-11 20:36:11Z] CHK MOM:0% RANGE:0% UP:100% SPREAD:0.01634521% BID:0.06118 ASK:0.06119 MID:0.061185 P1:0.061185 P2:0.06118 P3:0.06118 P4:0.06118 STATE:IDLE
[2026-05-11 20:36:12Z] CHK MOM:0% RANGE:0% UP:50% SPREAD:0.03269576% BID:0.06117 ASK:0.06119 MID:0.06118 P1:0.06118 P2:0.061185 P3:0.06118 P4:0.06118 STATE:IDLE
[2026-05-11 20:36:13Z] CHK MOM:0% RANGE:0% UP:50% SPREAD:0.03269576% BID:0.06117 ASK:0.06119 MID:0.06118 P1:0.06118 P2:0.061185 P3:0.06118 P4:0.06118 STATE:IDLE
[2026-05-11 20:36:13Z] CHK MOM:0% RANGE:0.01% UP:33.33% SPREAD:0.04905166% BID:0.06116 ASK:0.06119 MID:0.061175 P1:0.061175 P2:0.06118 P3:0.061185 P4:0.06118 STATE:IDLE
[2026-05-11 20:36:14Z] CHK MOM:0% RANGE:0.01% UP:33.33% SPREAD:0.04905166% BID:0.06116 ASK:0.06119 MID:0.061175 P1:0.061175 P2:0.06118 P3:0.061185 P4:0.06118 STATE:IDLE
[2026-05-11 20:36:14Z] CHK MOM:0% RANGE:0.01% UP:33.33% SPREAD:0.04905166% BID:0.06116 ASK:0.06119 MID:0.061175 P1:0.061175 P2:0.06118 P3:0.061185 P4:0.06118 STATE:IDLE
[2026-05-11 20:36:15Z] CHK MOM:0% RANGE:0.01% UP:33.33% SPREAD:0.04905166% BID:0.06116 ASK:0.06119 MID:0.061175 P1:0.061175 P2:0.06118 P3:0.061185 P4:0.06118 STATE:IDLE
[2026-05-11 20:36:15Z] CHK MOM:-0.02% RANGE:0.03% UP:25% SPREAD:0.04905968% BID:0.06115 ASK:0.06118 MID:0.061165 P1:0.061165 P2:0.061175 P3:0.06118 P4:0.061185 STATE:IDLE
[2026-05-11 20:36:16Z] CHK MOM:-0.02% RANGE:0.03% UP:20% SPREAD:0.04905968% BID:0.06115 ASK:0.06118 MID:0.061165 P1:0.061165 P2:0.061165 P3:0.061175 P4:0.06118 STATE:IDLE
[2026-05-11 20:36:17Z] CHK MOM:-0.02% RANGE:0.03% UP:20% SPREAD:0.04905968% BID:0.06115 ASK:0.06118 MID:0.061165 P1:0.061165 P2:0.061165 P3:0.061175 P4:0.06118 STATE:IDLE
[2026-05-11 20:36:17Z] CHK MOM:-0.04% RANGE:0.04% UP:0% SPREAD:0.03270645% BID:0.06115 ASK:0.06117 MID:0.06116 P1:0.06116 P2:0.061165 P3:0.061165 P4:0.061175 STATE:IDLE
[2026-05-11 20:36:18Z] CHK MOM:-0.04% RANGE:0.04% UP:0% SPREAD:0.03270645% BID:0.06115 ASK:0.06117 MID:0.06116 P1:0.06116 P2:0.061165 P3:0.061165 P4:0.061175 STATE:IDLE
[2026-05-11 20:36:18Z] CHK MOM:-0.04% RANGE:0.04% UP:0% SPREAD:0.03270645% BID:0.06115 ASK:0.06117 MID:0.06116 P1:0.06116 P2:0.061165 P3:0.061165 P4:0.061175 STATE:IDLE
[2026-05-11 20:36:19Z] CHK MOM:-0.04% RANGE:0.04% UP:0% SPREAD:0.03270645% BID:0.06115 ASK:0.06117 MID:0.06116 P1:0.06116 P2:0.061165 P3:0.061165 P4:0.061175 STATE:IDLE
[2026-05-11 20:36:19Z] CHK MOM:-0.04% RANGE:0.04% UP:0% SPREAD:0.01635322% BID:0.06115 ASK:0.06116 MID:0.061155 P1:0.061155 P2:0.06116 P3:0.061165 P4:0.061165 STATE:IDLE
[2026-05-11 20:36:20Z] CHK MOM:-0.04% RANGE:0.04% UP:0% SPREAD:0.01635322% BID:0.06115 ASK:0.06116 MID:0.061155 P1:0.061155 P2:0.06116 P3:0.061165 P4:0.061165 STATE:IDLE
[2026-05-11 20:36:20Z] CHK MOM:-0.04% RANGE:0.04% UP:0% SPREAD:0.01635322% BID:0.06115 ASK:0.06116 MID:0.061155 P1:0.061155 P2:0.06116 P3:0.061165 P4:0.061165 STATE:IDLE
[2026-05-11 20:36:21Z] CHK MOM:-0.04% RANGE:0.04% UP:0% SPREAD:0.01635322% BID:0.06115 ASK:0.06116 MID:0.061155 P1:0.061155 P2:0.06116 P3:0.061165 P4:0.061165 STATE:IDLE
[2026-05-11 20:36:21Z] CHK MOM:-0.05% RANGE:0.05% UP:0% SPREAD:0.0163559% BID:0.06114 ASK:0.06115 MID:0.061145 P1:0.061145 P2:0.061155 P3:0.06116 P4:0.061165 STATE:IDLE
[2026-05-11 20:36:22Z] CHK MOM:-0.05% RANGE:0.05% UP:0% SPREAD:0.0163559% BID:0.06114 ASK:0.06115 MID:0.061145 P1:0.061145 P2:0.061145 P3:0.061155 P4:0.06116 STATE:IDLE
[2026-05-11 20:36:23Z] CHK MOM:-0.05% RANGE:0.05% UP:0% SPREAD:0.0163559% BID:0.06114 ASK:0.06115 MID:0.061145 P1:0.061145 P2:0.061145 P3:0.061155 P4:0.06116 STATE:IDLE
[2026-05-11 20:36:23Z] CHK MOM:-0.05% RANGE:0.05% UP:0% SPREAD:0.0163559% BID:0.06114 ASK:0.06115 MID:0.061145 P1:0.061145 P2:0.061145 P3:0.061155 P4:0.06116 STATE:IDLE
[2026-05-11 20:36:24Z] CHK MOM:-0.05% RANGE:0.05% UP:0% SPREAD:0.0163559% BID:0.06114 ASK:0.06115 MID:0.061145 P1:0.061145 P2:0.061145 P3:0.061155 P4:0.06116 STATE:IDLE
[2026-05-11 20:36:24Z] CHK MOM:-0.05% RANGE:0.05% UP:0% SPREAD:0.0163559% BID:0.06114 ASK:0.06115 MID:0.061145 P1:0.061145 P2:0.061145 P3:0.061155 P4:0.06116 STATE:IDLE
[2026-05-11 20:36:35Z] CHK MOM:0% RANGE:0% UP:0% SPREAD:0.04908376% BID:0.06112 ASK:0.06115 MID:0.061135 P1:0.061135 P2:0.061145 P3:0.061145 P4:0.061155 STATE:IDLE
[2026-05-11 20:36:36Z] CHK MOM:0% RANGE:0% UP:0% SPREAD:0.04908376% BID:0.06112 ASK:0.06115 MID:0.061135 P1:0.061135 P2:0.061145 P3:0.061145 P4:0.061155 STATE:IDLE
[2026-05-11 20:36:36Z] CHK MOM:0% RANGE:0% UP:0% SPREAD:0.04908376% BID:0.06112 ASK:0.06115 MID:0.061135 P1:0.061135 P2:0.061145 P3:0.061145 P4:0.061155 STATE:IDLE
[2026-05-11 20:36:37Z] CHK MOM:0% RANGE:0% UP:0% SPREAD:0.04908376% BID:0.06112 ASK:0.06115 MID:0.061135 P1:0.061135 P2:0.061135 P3:0.061145 P4:0.061145 STATE:IDLE
[2026-05-11 20:36:37Z] CHK MOM:0% RANGE:0% UP:0% SPREAD:0.04908376% BID:0.06112 ASK:0.06115 MID:0.061135 P1:0.061135 P2:0.061135 P3:0.061135 P4:0.061145 STATE:IDLE
[2026-05-11 20:36:38Z] CHK MOM:0% RANGE:0% UP:0% SPREAD:0.04908376% BID:0.06112 ASK:0.06115 MID:0.061135 P1:0.061135 P2:0.061135 P3:0.061135 P4:0.061145 STATE:IDLE
[2026-05-11 20:36:38Z] CHK MOM:0% RANGE:0% UP:0% SPREAD:0.04908376% BID:0.06112 ASK:0.06115 MID:0.061135 P1:0.061135 P2:0.061135 P3:0.061135 P4:0.061145 STATE:IDLE
[2026-05-11 20:36:39Z] CHK MOM:0% RANGE:0% UP:0% SPREAD:0.04908376% BID:0.06112 ASK:0.06115 MID:0.061135 P1:0.061135 P2:0.061135 P3:0.061135 P4:0.061145 STATE:IDLE
[2026-05-11 20:36:39Z] CHK MOM:0% RANGE:0% UP:0% SPREAD:0.04908376% BID:0.06112 ASK:0.06115 MID:0.061135 P1:0.061135 P2:0.061135 P3:0.061135 P4:0.061145 STATE:IDLE
[2026-05-11 20:36:40Z] CHK MOM:0% RANGE:0% UP:0% SPREAD:0.04908376% BID:0.06112 ASK:0.06115 MID:0.061135 P1:0.061135 P2:0.061135 P3:0.061135 P4:0.061145 STATE:IDLE
[2026-05-11 20:36:42Z] CHK MOM:0% RANGE:0% UP:0% SPREAD:0.03272251% BID:0.06112 ASK:0.06114 MID:0.06113 P1:0.06113 P2:0.061135 P3:0.061135 P4:0.061135 STATE:IDLE
[2026-05-11 20:36:42Z] CHK MOM:-0.03% RANGE:0.03% UP:0% SPREAD:0.01636393% BID:0.06111 ASK:0.06112 MID:0.061115 P1:0.061115 P2:0.06113 P3:0.061135 P4:0.061135 STATE:IDLE
[2026-05-11 20:36:43Z] CHK MOM:-0.03% RANGE:0.03% UP:0% SPREAD:0.01636393% BID:0.06111 ASK:0.06112 MID:0.061115 P1:0.061115 P2:0.06113 P3:0.061135 P4:0.061135 STATE:IDLE
[2026-05-11 20:36:43Z] CHK MOM:-0.03% RANGE:0.03% UP:0% SPREAD:0.01636393% BID:0.06111 ASK:0.06112 MID:0.061115 P1:0.061115 P2:0.06113 P3:0.061135 P4:0.061135 STATE:IDLE
[2026-05-11 20:36:44Z] CHK MOM:-0.03% RANGE:0.03% UP:0% SPREAD:0.01636393% BID:0.06111 ASK:0.06112 MID:0.061115 P1:0.061115 P2:0.06113 P3:0.061135 P4:0.061135 STATE:IDLE
[2026-05-11 20:36:44Z] CHK MOM:-0.03% RANGE:0.03% UP:0% SPREAD:0.01636393% BID:0.06111 ASK:0.06112 MID:0.061115 P1:0.061115 P2:0.061115 P3:0.06113 P4:0.061135 STATE:IDLE
[2026-05-11 20:36:45Z] CHK MOM:-0.01% RANGE:0.03% UP:16.66% SPREAD:0.0490918% BID:0.06111 ASK:0.06114 MID:0.061125 P1:0.061125 P2:0.061115 P3:0.061115 P4:0.06113 STATE:IDLE
[2026-05-11 20:36:45Z] CHK MOM:0% RANGE:0.03% UP:28.57% SPREAD:0.06545573% BID:0.06111 ASK:0.06115 MID:0.06113 P1:0.06113 P2:0.061125 P3:0.061115 P4:0.061115 STATE:IDLE
[2026-05-11 20:36:46Z] CHK MOM:0% RANGE:0.03% UP:28.57% SPREAD:0.06545573% BID:0.06111 ASK:0.06115 MID:0.06113 P1:0.06113 P2:0.061125 P3:0.061115 P4:0.061115 STATE:IDLE
[2026-05-11 20:36:46Z] CHK MOM:0% RANGE:0.03% UP:28.57% SPREAD:0.06545573% BID:0.06111 ASK:0.06115 MID:0.06113 P1:0.06113 P2:0.061125 P3:0.061115 P4:0.061115 STATE:IDLE
[2026-05-11 20:36:47Z] CHK MOM:0% RANGE:0.03% UP:28.57% SPREAD:0.06545573% BID:0.06111 ASK:0.06115 MID:0.06113 P1:0.06113 P2:0.061125 P3:0.061115 P4:0.061115 STATE:IDLE
[2026-05-11 20:36:48Z] CHK MOM:0% RANGE:0.03% UP:28.57% SPREAD:0.06545573% BID:0.06111 ASK:0.06115 MID:0.06113 P1:0.06113 P2:0.06113 P3:0.061125 P4:0.061115 STATE:IDLE
[2026-05-11 20:36:48Z] CHK MOM:0% RANGE:0.03% UP:28.57% SPREAD:0.06545573% BID:0.06111 ASK:0.06115 MID:0.06113 P1:0.06113 P2:0.06113 P3:0.061125 P4:0.061115 STATE:IDLE
[2026-05-11 20:36:49Z] CHK MOM:0% RANGE:0.03% UP:28.57% SPREAD:0.06545573% BID:0.06111 ASK:0.06115 MID:0.06113 P1:0.06113 P2:0.06113 P3:0.061125 P4:0.061115 STATE:IDLE
[2026-05-11 20:36:49Z] CHK MOM:0% RANGE:0.03% UP:28.57% SPREAD:0.06545573% BID:0.06111 ASK:0.06115 MID:0.06113 P1:0.06113 P2:0.06113 P3:0.061125 P4:0.061115 STATE:IDLE
[2026-05-11 20:36:50Z] CHK MOM:0% RANGE:0.03% UP:28.57% SPREAD:0.06545573% BID:0.06111 ASK:0.06115 MID:0.06113 P1:0.06113 P2:0.06113 P3:0.061125 P4:0.061115 STATE:IDLE
[2026-05-11 20:36:53Z] CHK MOM:0% RANGE:0.03% UP:50% SPREAD:0.04908376% BID:0.06112 ASK:0.06115 MID:0.061135 P1:0.061135 P2:0.06113 P3:0.06113 P4:0.061125 STATE:IDLE
[2026-05-11 20:36:53Z] CHK MOM:0.02% RANGE:0.03% UP:50% SPREAD:0.06545573% BID:0.06111 ASK:0.06115 MID:0.06113 P1:0.06113 P2:0.061135 P3:0.06113 P4:0.06113 STATE:IDLE
[2026-05-11 20:36:54Z] CHK MOM:0.02% RANGE:0.03% UP:50% SPREAD:0.06545573% BID:0.06111 ASK:0.06115 MID:0.06113 P1:0.06113 P2:0.061135 P3:0.06113 P4:0.06113 STATE:IDLE
[2026-05-11 20:36:54Z] CHK MOM:0.02% RANGE:0.03% UP:50% SPREAD:0.06545573% BID:0.06111 ASK:0.06115 MID:0.06113 P1:0.06113 P2:0.061135 P3:0.06113 P4:0.06113 STATE:IDLE
[2026-05-11 20:36:55Z] CHK MOM:0.02% RANGE:0.03% UP:50% SPREAD:0.06545573% BID:0.06111 ASK:0.06115 MID:0.06113 P1:0.06113 P2:0.061135 P3:0.06113 P4:0.06113 STATE:IDLE
[2026-05-11 20:36:55Z] CHK MOM:0.02% RANGE:0.03% UP:50% SPREAD:0.06545573% BID:0.06111 ASK:0.06115 MID:0.06113 P1:0.06113 P2:0.061135 P3:0.06113 P4:0.06113 STATE:IDLE
[2026-05-11 20:36:56Z] CHK MOM:0% RANGE:0.01% UP:40% SPREAD:0.0490918% BID:0.06111 ASK:0.06114 MID:0.061125 P1:0.061125 P2:0.06113 P3:0.061135 P4:0.06113 STATE:IDLE
[2026-05-11 20:36:57Z] CHK MOM:0% RANGE:0.01% UP:33.33% SPREAD:0.0490918% BID:0.06111 ASK:0.06114 MID:0.061125 P1:0.061125 P2:0.061125 P3:0.06113 P4:0.061135 STATE:IDLE
[2026-05-11 20:36:57Z] CHK MOM:0% RANGE:0.01% UP:33.33% SPREAD:0.0490918% BID:0.06111 ASK:0.06114 MID:0.061125 P1:0.061125 P2:0.061125 P3:0.06113 P4:0.061135 STATE:IDLE
[2026-05-11 20:36:58Z] CHK MOM:-0.04% RANGE:0.04% UP:20% SPREAD:0.01636661% BID:0.0611 ASK:0.06111 MID:0.061105 P1:0.061105 P2:0.061125 P3:0.061125 P4:0.06113 STATE:IDLE
[2026-05-11 20:36:59Z] CHK MOM:-0.04% RANGE:0.04% UP:16.66% SPREAD:0.01636661% BID:0.0611 ASK:0.06111 MID:0.061105 P1:0.061105 P2:0.061105 P3:0.061125 P4:0.061125 STATE:IDLE
[2026-05-11 20:36:59Z] CHK MOM:-0.05% RANGE:0.06% UP:14.28% SPREAD:0.01636929% BID:0.06109 ASK:0.0611 MID:0.061095 P1:0.061095 P2:0.061105 P3:0.061105 P4:0.061125 STATE:IDLE
[2026-05-11 20:37:00Z] CHK MOM:-0.06% RANGE:0.06% UP:0% SPREAD:0.01636929% BID:0.06109 ASK:0.0611 MID:0.061095 P1:0.061095 P2:0.061095 P3:0.061105 P4:0.061105 STATE:IDLE
[2026-05-11 20:37:00Z] CHK MOM:-0.05% RANGE:0.06% UP:12.5% SPREAD:0.03273858% BID:0.06109 ASK:0.06111 MID:0.0611 P1:0.0611 P2:0.061095 P3:0.061095 P4:0.061105 STATE:IDLE
[2026-05-11 20:37:01Z] CHK MOM:-0.05% RANGE:0.06% UP:12.5% SPREAD:0.03273858% BID:0.06109 ASK:0.06111 MID:0.0611 P1:0.0611 P2:0.061095 P3:0.061095 P4:0.061105 STATE:IDLE
[2026-05-11 20:37:01Z] CHK MOM:-0.05% RANGE:0.06% UP:12.5% SPREAD:0.03273858% BID:0.06109 ASK:0.06111 MID:0.0611 P1:0.0611 P2:0.061095 P3:0.061095 P4:0.061105 STATE:IDLE
[2026-05-11 20:37:02Z] CHK MOM:-0.05% RANGE:0.06% UP:12.5% SPREAD:0.03273858% BID:0.06109 ASK:0.06111 MID:0.0611 P1:0.0611 P2:0.061095 P3:0.061095 P4:0.061105 STATE:IDLE
[2026-05-11 20:37:02Z] CHK MOM:-0.01% RANGE:0.06% UP:22.22% SPREAD:0.0490918% BID:0.06111 ASK:0.06114 MID:0.061125 P1:0.061125 P2:0.0611 P3:0.061095 P4:0.061095 STATE:IDLE
[2026-05-11 20:37:03Z] CHK MOM:0% RANGE:0.06% UP:30% SPREAD:0.06545573% BID:0.06111 ASK:0.06115 MID:0.06113 P1:0.06113 P2:0.061125 P3:0.0611 P4:0.061095 STATE:IDLE
[2026-05-11 20:37:03Z] CHK MOM:0% RANGE:0.06% UP:30% SPREAD:0.06545573% BID:0.06111 ASK:0.06115 MID:0.06113 P1:0.06113 P2:0.061125 P3:0.0611 P4:0.061095 STATE:IDLE
[2026-05-11 20:37:04Z] CHK MOM:-0.04% RANGE:0.06% UP:27.27% SPREAD:0.04910787% BID:0.06109 ASK:0.06112 MID:0.061105 P1:0.061105 P2:0.06113 P3:0.061125 P4:0.0611 STATE:IDLE
[2026-05-11 20:37:04Z] CHK MOM:-0.04% RANGE:0.06% UP:27.27% SPREAD:0.04910787% BID:0.06109 ASK:0.06112 MID:0.061105 P1:0.061105 P2:0.06113 P3:0.061125 P4:0.0611 STATE:IDLE
[2026-05-11 20:37:05Z] CHK MOM:-0.03% RANGE:0.05% UP:36.36% SPREAD:0.06547716% BID:0.06109 ASK:0.06113 MID:0.06111 P1:0.06111 P2:0.061105 P3:0.06113 P4:0.061125 STATE:IDLE
[2026-05-11 20:37:06Z] CHK MOM:-0.02% RANGE:0.05% UP:36.36% SPREAD:0.06547716% BID:0.06109 ASK:0.06113 MID:0.06111 P1:0.06111 P2:0.06111 P3:0.061105 P4:0.06113 STATE:IDLE
[2026-05-11 20:37:06Z] CHK MOM:-0.02% RANGE:0.05% UP:36.36% SPREAD:0.06547716% BID:0.06109 ASK:0.06113 MID:0.06111 P1:0.06111 P2:0.06111 P3:0.061105 P4:0.06113 STATE:IDLE
[2026-05-11 20:37:07Z] CHK MOM:-0.02% RANGE:0.05% UP:36.36% SPREAD:0.06547716% BID:0.06109 ASK:0.06113 MID:0.06111 P1:0.06111 P2:0.06111 P3:0.061105 P4:0.06113 STATE:IDLE
