[2026-05-14 17:42:03Z] SESSION_START symbol=ENAUSDC dry_run=0 profile=major strategy=momentum base_url=https://api.binance.com
[2026-05-14 17:42:03Z] TOXIC_MEMORY_LOADED count=5 symbols=GUNUSDC,JTOUSDC,ORDIUSDC,SAHARAUSDC,TONUSDC
[2026-05-14 17:42:05Z] CHK MOM:0% RANGE:0% UP:0% SPREAD:0.08116883% BID:0.1232 ASK:0.1233 MID:0.12325 P1:0.12325 P2:NA P3:NA P4:NA STATE:IDLE
[2026-05-14 17:42:06Z] CHK MOM:0% RANGE:0% UP:0% SPREAD:0.08116883% BID:0.1232 ASK:0.1233 MID:0.12325 P1:0.12325 P2:0.12325 P3:NA P4:NA STATE:IDLE
[2026-05-14 17:42:06Z] CHK MOM:0% RANGE:0% UP:0% SPREAD:0.08116883% BID:0.1232 ASK:0.1233 MID:0.12325 P1:0.12325 P2:0.12325 P3:NA P4:NA STATE:IDLE
[2026-05-14 17:42:07Z] CHK MOM:0% RANGE:0% UP:0% SPREAD:0.08116883% BID:0.1232 ASK:0.1233 MID:0.12325 P1:0.12325 P2:0.12325 P3:0.12325 P4:NA STATE:IDLE
[2026-05-14 17:42:07Z] CHK MOM:0% RANGE:0% UP:0% SPREAD:0.08116883% BID:0.1232 ASK:0.1233 MID:0.12325 P1:0.12325 P2:0.12325 P3:0.12325 P4:NA STATE:IDLE
[2026-05-14 17:42:08Z] CHK MOM:0% RANGE:0% UP:0% SPREAD:0.08116883% BID:0.1232 ASK:0.1233 MID:0.12325 P1:0.12325 P2:0.12325 P3:0.12325 P4:NA STATE:IDLE
[2026-05-14 17:42:08Z] CHK MOM:0% RANGE:0% UP:0% SPREAD:0.08116883% BID:0.1232 ASK:0.1233 MID:0.12325 P1:0.12325 P2:0.12325 P3:0.12325 P4:0.12325 STATE:IDLE
[2026-05-14 17:42:09Z] CHK MOM:0% RANGE:0% UP:0% SPREAD:0.08116883% BID:0.1232 ASK:0.1233 MID:0.12325 P1:0.12325 P2:0.12325 P3:0.12325 P4:0.12325 STATE:IDLE
[2026-05-14 17:42:09Z] CHK MOM:0% RANGE:0% UP:0% SPREAD:0.08116883% BID:0.1232 ASK:0.1233 MID:0.12325 P1:0.12325 P2:0.12325 P3:0.12325 P4:0.12325 STATE:IDLE
[2026-05-14 17:42:10Z] CHK MOM:0% RANGE:0% UP:0% SPREAD:0.08116883% BID:0.1232 ASK:0.1233 MID:0.12325 P1:0.12325 P2:0.12325 P3:0.12325 P4:0.12325 STATE:IDLE
[2026-05-14 17:42:11Z] CHK MOM:0% RANGE:0% UP:0% SPREAD:0.08116883% BID:0.1232 ASK:0.1233 MID:0.12325 P1:0.12325 P2:0.12325 P3:0.12325 P4:0.12325 STATE:IDLE
[2026-05-14 17:42:11Z] CHK MOM:0% RANGE:0% UP:0% SPREAD:0.08116883% BID:0.1232 ASK:0.1233 MID:0.12325 P1:0.12325 P2:0.12325 P3:0.12325 P4:0.12325 STATE:IDLE
[2026-05-14 17:42:12Z] CHK MOM:0% RANGE:0% UP:0% SPREAD:0.08116883% BID:0.1232 ASK:0.1233 MID:0.12325 P1:0.12325 P2:0.12325 P3:0.12325 P4:0.12325 STATE:IDLE
[2026-05-14 17:42:12Z] CHK MOM:0% RANGE:0% UP:0% SPREAD:0.08116883% BID:0.1232 ASK:0.1233 MID:0.12325 P1:0.12325 P2:0.12325 P3:0.12325 P4:0.12325 STATE:IDLE
[2026-05-14 17:42:13Z] CHK MOM:0% RANGE:0% UP:0% SPREAD:0.08116883% BID:0.1232 ASK:0.1233 MID:0.12325 P1:0.12325 P2:0.12325 P3:0.12325 P4:0.12325 STATE:IDLE
[2026-05-14 17:42:13Z] CHK MOM:0% RANGE:0% UP:0% SPREAD:0.08116883% BID:0.1232 ASK:0.1233 MID:0.12325 P1:0.12325 P2:0.12325 P3:0.12325 P4:0.12325 STATE:IDLE
[2026-05-14 17:42:14Z] CHK MOM:0% RANGE:0% UP:0% SPREAD:0.08116883% BID:0.1232 ASK:0.1233 MID:0.12325 P1:0.12325 P2:0.12325 P3:0.12325 P4:0.12325 STATE:IDLE
[2026-05-14 17:42:14Z] CHK MOM:0% RANGE:0% UP:0% SPREAD:0.08116883% BID:0.1232 ASK:0.1233 MID:0.12325 P1:0.12325 P2:0.12325 P3:0.12325 P4:0.12325 STATE:IDLE
[2026-05-14 17:42:15Z] CHK MOM:0% RANGE:0% UP:0% SPREAD:0.08116883% BID:0.1232 ASK:0.1233 MID:0.12325 P1:0.12325 P2:0.12325 P3:0.12325 P4:0.12325 STATE:IDLE
[2026-05-14 17:42:16Z] CHK MOM:0% RANGE:0% UP:0% SPREAD:0.08116883% BID:0.1232 ASK:0.1233 MID:0.12325 P1:0.12325 P2:0.12325 P3:0.12325 P4:0.12325 STATE:IDLE
[2026-05-14 17:42:16Z] CHK MOM:0.08% RANGE:0.08% UP:6.66% SPREAD:0.081103% BID:0.1233 ASK:0.1234 MID:0.12335 P1:0.12335 P2:0.12325 P3:0.12325 P4:0.12325 STATE:IDLE
[2026-05-14 17:42:17Z] CHK MOM:0.08% RANGE:0.08% UP:6.25% SPREAD:0.081103% BID:0.1233 ASK:0.1234 MID:0.12335 P1:0.12335 P2:0.12335 P3:0.12325 P4:0.12325 STATE:IDLE
[2026-05-14 17:42:17Z] CHK MOM:0.08% RANGE:0.08% UP:6.25% SPREAD:0.081103% BID:0.1233 ASK:0.1234 MID:0.12335 P1:0.12335 P2:0.12335 P3:0.12335 P4:0.12325 STATE:IDLE
[2026-05-14 17:42:18Z] CHK MOM:0.08% RANGE:0.08% UP:5.88% SPREAD:0.081103% BID:0.1233 ASK:0.1234 MID:0.12335 P1:0.12335 P2:0.12335 P3:0.12335 P4:0.12335 STATE:IDLE
[2026-05-14 17:42:18Z] CHK MOM:0.08% RANGE:0.08% UP:5.88% SPREAD:0.081103% BID:0.1233 ASK:0.1234 MID:0.12335 P1:0.12335 P2:0.12335 P3:0.12335 P4:0.12335 STATE:IDLE
[2026-05-14 17:42:19Z] CHK MOM:0.08% RANGE:0.08% UP:5.55% SPREAD:0.081103% BID:0.1233 ASK:0.1234 MID:0.12335 P1:0.12335 P2:0.12335 P3:0.12335 P4:0.12335 STATE:IDLE
[2026-05-14 17:42:19Z] CHK MOM:0.08% RANGE:0.08% UP:5.55% SPREAD:0.081103% BID:0.1233 ASK:0.1234 MID:0.12335 P1:0.12335 P2:0.12335 P3:0.12335 P4:0.12335 STATE:IDLE
[2026-05-14 17:42:20Z] CHK MOM:0.08% RANGE:0.08% UP:5.55% SPREAD:0.081103% BID:0.1233 ASK:0.1234 MID:0.12335 P1:0.12335 P2:0.12335 P3:0.12335 P4:0.12335 STATE:IDLE
[2026-05-14 17:42:20Z] CHK MOM:0.08% RANGE:0.08% UP:5.26% SPREAD:0.081103% BID:0.1233 ASK:0.1234 MID:0.12335 P1:0.12335 P2:0.12335 P3:0.12335 P4:0.12335 STATE:IDLE
[2026-05-14 17:42:21Z] CHK MOM:0.08% RANGE:0.08% UP:5.26% SPREAD:0.081103% BID:0.1233 ASK:0.1234 MID:0.12335 P1:0.12335 P2:0.12335 P3:0.12335 P4:0.12335 STATE:IDLE
[2026-05-14 17:42:22Z] CHK MOM:0.08% RANGE:0.08% UP:5.55% SPREAD:0.081103% BID:0.1233 ASK:0.1234 MID:0.12335 P1:0.12335 P2:0.12335 P3:0.12335 P4:0.12335 STATE:IDLE
[2026-05-14 17:42:22Z] CHK MOM:0.08% RANGE:0.08% UP:5.55% SPREAD:0.081103% BID:0.1233 ASK:0.1234 MID:0.12335 P1:0.12335 P2:0.12335 P3:0.12335 P4:0.12335 STATE:IDLE
[2026-05-14 17:42:23Z] CHK MOM:0.08% RANGE:0.08% UP:5.55% SPREAD:0.081103% BID:0.1233 ASK:0.1234 MID:0.12335 P1:0.12335 P2:0.12335 P3:0.12335 P4:0.12335 STATE:IDLE
[2026-05-14 17:42:23Z] CHK MOM:0.16% RANGE:0.16% UP:10.52% SPREAD:0.08103727% BID:0.1234 ASK:0.1235 MID:0.12345 P1:0.12345 P2:0.12335 P3:0.12335 P4:0.12335 STATE:IDLE
[2026-05-14 17:42:24Z] CHK MOM:0.16% RANGE:0.16% UP:10% SPREAD:0.08103727% BID:0.1234 ASK:0.1235 MID:0.12345 P1:0.12345 P2:0.12345 P3:0.12335 P4:0.12335 STATE:IDLE
[2026-05-14 17:42:24Z] CHK MOM:0.16% RANGE:0.16% UP:10% SPREAD:0.08103727% BID:0.1234 ASK:0.1235 MID:0.12345 P1:0.12345 P2:0.12345 P3:0.12345 P4:0.12335 STATE:IDLE
[2026-05-14 17:42:25Z] CHK MOM:0.16% RANGE:0.16% UP:10% SPREAD:0.08103727% BID:0.1234 ASK:0.1235 MID:0.12345 P1:0.12345 P2:0.12345 P3:0.12345 P4:0.12345 STATE:IDLE
[2026-05-14 17:42:25Z] CHK MOM:0.16% RANGE:0.16% UP:10% SPREAD:0.08103727% BID:0.1234 ASK:0.1235 MID:0.12345 P1:0.12345 P2:0.12345 P3:0.12345 P4:0.12345 STATE:IDLE
[2026-05-14 17:42:26Z] CHK MOM:0.08% RANGE:0.16% UP:11.11% SPREAD:0.081103% BID:0.1233 ASK:0.1234 MID:0.12335 P1:0.12335 P2:0.12345 P3:0.12345 P4:0.12345 STATE:IDLE
[2026-05-14 17:42:27Z] CHK MOM:0.08% RANGE:0.16% UP:10.52% SPREAD:0.081103% BID:0.1233 ASK:0.1234 MID:0.12335 P1:0.12335 P2:0.12335 P3:0.12345 P4:0.12345 STATE:IDLE
[2026-05-14 17:42:27Z] CHK MOM:0.08% RANGE:0.08% UP:11.11% SPREAD:0.08103727% BID:0.1234 ASK:0.1235 MID:0.12345 P1:0.12345 P2:0.12335 P3:0.12335 P4:0.12345 STATE:IDLE
[2026-05-14 17:42:28Z] CHK MOM:0% RANGE:0.08% UP:10.52% SPREAD:0.081103% BID:0.1233 ASK:0.1234 MID:0.12335 P1:0.12335 P2:0.12345 P3:0.12335 P4:0.12335 STATE:IDLE
[2026-05-14 17:42:28Z] CHK MOM:0% RANGE:0.08% UP:10.52% SPREAD:0.081103% BID:0.1233 ASK:0.1234 MID:0.12335 P1:0.12335 P2:0.12335 P3:0.12345 P4:0.12335 STATE:IDLE
[2026-05-14 17:42:29Z] CHK MOM:0% RANGE:0.08% UP:10% SPREAD:0.081103% BID:0.1233 ASK:0.1234 MID:0.12335 P1:0.12335 P2:0.12335 P3:0.12335 P4:0.12345 STATE:IDLE
[2026-05-14 17:42:29Z] CHK MOM:0.08% RANGE:0.08% UP:15% SPREAD:0.08103727% BID:0.1234 ASK:0.1235 MID:0.12345 P1:0.12345 P2:0.12335 P3:0.12335 P4:0.12335 STATE:IDLE
[2026-05-14 17:42:30Z] CHK MOM:0.08% RANGE:0.08% UP:15.78% SPREAD:0.08103727% BID:0.1234 ASK:0.1235 MID:0.12345 P1:0.12345 P2:0.12345 P3:0.12335 P4:0.12335 STATE:IDLE
[2026-05-14 17:42:30Z] CHK MOM:0.08% RANGE:0.08% UP:15.78% SPREAD:0.08103727% BID:0.1234 ASK:0.1235 MID:0.12345 P1:0.12345 P2:0.12345 P3:0.12345 P4:0.12335 STATE:IDLE
[2026-05-14 17:42:31Z] CHK MOM:0.08% RANGE:0.08% UP:15.78% SPREAD:0.08103727% BID:0.1234 ASK:0.1235 MID:0.12345 P1:0.12345 P2:0.12345 P3:0.12345 P4:0.12345 STATE:IDLE
[2026-05-14 17:42:31Z] CHK MOM:0.08% RANGE:0.08% UP:15% SPREAD:0.08103727% BID:0.1234 ASK:0.1235 MID:0.12345 P1:0.12345 P2:0.12345 P3:0.12345 P4:0.12345 STATE:IDLE
[2026-05-14 17:42:32Z] CHK MOM:0.08% RANGE:0.08% UP:15% SPREAD:0.08103727% BID:0.1234 ASK:0.1235 MID:0.12345 P1:0.12345 P2:0.12345 P3:0.12345 P4:0.12345 STATE:IDLE
[2026-05-14 17:42:33Z] CHK MOM:0.08% RANGE:0.08% UP:15% SPREAD:0.08103727% BID:0.1234 ASK:0.1235 MID:0.12345 P1:0.12345 P2:0.12345 P3:0.12345 P4:0.12345 STATE:IDLE
[2026-05-14 17:42:33Z] CHK MOM:0.08% RANGE:0.08% UP:15.78% SPREAD:0.08103727% BID:0.1234 ASK:0.1235 MID:0.12345 P1:0.12345 P2:0.12345 P3:0.12345 P4:0.12345 STATE:IDLE
[2026-05-14 17:42:34Z] CHK MOM:0.08% RANGE:0.08% UP:15.78% SPREAD:0.08103727% BID:0.1234 ASK:0.1235 MID:0.12345 P1:0.12345 P2:0.12345 P3:0.12345 P4:0.12345 STATE:IDLE
[2026-05-14 17:42:34Z] CHK MOM:0.08% RANGE:0.08% UP:15.78% SPREAD:0.08103727% BID:0.1234 ASK:0.1235 MID:0.12345 P1:0.12345 P2:0.12345 P3:0.12345 P4:0.12345 STATE:IDLE
[2026-05-14 17:42:35Z] CHK MOM:0.08% RANGE:0.08% UP:15.78% SPREAD:0.08103727% BID:0.1234 ASK:0.1235 MID:0.12345 P1:0.12345 P2:0.12345 P3:0.12345 P4:0.12345 STATE:IDLE
[2026-05-14 17:42:35Z] CHK MOM:0.08% RANGE:0.08% UP:15.78% SPREAD:0.08103727% BID:0.1234 ASK:0.1235 MID:0.12345 P1:0.12345 P2:0.12345 P3:0.12345 P4:0.12345 STATE:IDLE
[2026-05-14 17:42:36Z] CHK MOM:0.08% RANGE:0.08% UP:15.78% SPREAD:0.08103727% BID:0.1234 ASK:0.1235 MID:0.12345 P1:0.12345 P2:0.12345 P3:0.12345 P4:0.12345 STATE:IDLE
[2026-05-14 17:42:36Z] CHK MOM:0.08% RANGE:0.08% UP:15.78% SPREAD:0.08103727% BID:0.1234 ASK:0.1235 MID:0.12345 P1:0.12345 P2:0.12345 P3:0.12345 P4:0.12345 STATE:IDLE
[2026-05-14 17:42:37Z] CHK MOM:0.08% RANGE:0.08% UP:15.78% SPREAD:0.08103727% BID:0.1234 ASK:0.1235 MID:0.12345 P1:0.12345 P2:0.12345 P3:0.12345 P4:0.12345 STATE:IDLE
[2026-05-14 17:42:38Z] CHK MOM:0.08% RANGE:0.08% UP:13.33% SPREAD:0.08103727% BID:0.1234 ASK:0.1235 MID:0.12345 P1:0.12345 P2:0.12345 P3:0.12345 P4:0.12345 STATE:IDLE
[2026-05-14 17:42:38Z] CHK MOM:-0.08% RANGE:0.08% UP:7.14% SPREAD:0.081103% BID:0.1233 ASK:0.1234 MID:0.12335 P1:0.12335 P2:0.12345 P3:0.12345 P4:0.12345 STATE:IDLE
[2026-05-14 17:42:39Z] CHK MOM:-0.08% RANGE:0.08% UP:6.66% SPREAD:0.081103% BID:0.1233 ASK:0.1234 MID:0.12335 P1:0.12335 P2:0.12335 P3:0.12345 P4:0.12345 STATE:IDLE
[2026-05-14 17:42:39Z] CHK MOM:-0.08% RANGE:0.08% UP:6.66% SPREAD:0.081103% BID:0.1233 ASK:0.1234 MID:0.12335 P1:0.12335 P2:0.12335 P3:0.12345 P4:0.12345 STATE:IDLE
[2026-05-14 17:42:40Z] CHK MOM:0% RANGE:0.08% UP:6.66% SPREAD:0.081103% BID:0.1233 ASK:0.1234 MID:0.12335 P1:0.12335 P2:0.12335 P3:0.12335 P4:0.12345 STATE:IDLE
[2026-05-14 17:42:40Z] CHK MOM:0% RANGE:0.08% UP:6.66% SPREAD:0.081103% BID:0.1233 ASK:0.1234 MID:0.12335 P1:0.12335 P2:0.12335 P3:0.12335 P4:0.12335 STATE:IDLE
[2026-05-14 17:42:41Z] CHK MOM:0% RANGE:0.08% UP:6.66% SPREAD:0.081103% BID:0.1233 ASK:0.1234 MID:0.12335 P1:0.12335 P2:0.12335 P3:0.12335 P4:0.12335 STATE:IDLE
[2026-05-14 17:42:41Z] CHK MOM:0% RANGE:0.08% UP:6.66% SPREAD:0.081103% BID:0.1233 ASK:0.1234 MID:0.12335 P1:0.12335 P2:0.12335 P3:0.12335 P4:0.12335 STATE:IDLE
[2026-05-14 17:42:42Z] CHK MOM:-0.08% RANGE:0.08% UP:0% SPREAD:0.081103% BID:0.1233 ASK:0.1234 MID:0.12335 P1:0.12335 P2:0.12335 P3:0.12335 P4:0.12335 STATE:IDLE
[2026-05-14 17:42:43Z] CHK MOM:-0.04% RANGE:0.08% UP:8.33% SPREAD:0.162206% BID:0.1233 ASK:0.1235 MID:0.1234 P1:0.1234 P2:0.12335 P3:0.12335 P4:0.12335 STATE:IDLE
[2026-05-14 17:42:43Z] CHK MOM:0% RANGE:0.08% UP:16.66% SPREAD:0.08103727% BID:0.1234 ASK:0.1235 MID:0.12345 P1:0.12345 P2:0.1234 P3:0.12335 P4:0.12335 STATE:IDLE
[2026-05-14 17:42:44Z] CHK MOM:-0.04% RANGE:0.08% UP:16.66% SPREAD:0.162206% BID:0.1233 ASK:0.1235 MID:0.1234 P1:0.1234 P2:0.12345 P3:0.1234 P4:0.12335 STATE:IDLE
[2026-05-14 17:42:44Z] CHK MOM:-0.04% RANGE:0.08% UP:16.66% SPREAD:0.162206% BID:0.1233 ASK:0.1235 MID:0.1234 P1:0.1234 P2:0.1234 P3:0.12345 P4:0.1234 STATE:IDLE
[2026-05-14 17:42:45Z] CHK MOM:-0.04% RANGE:0.08% UP:16.66% SPREAD:0.162206% BID:0.1233 ASK:0.1235 MID:0.1234 P1:0.1234 P2:0.1234 P3:0.12345 P4:0.1234 STATE:IDLE
[2026-05-14 17:42:45Z] CHK MOM:0% RANGE:0.08% UP:25% SPREAD:0.08103727% BID:0.1234 ASK:0.1235 MID:0.12345 P1:0.12345 P2:0.1234 P3:0.1234 P4:0.12345 STATE:IDLE
[2026-05-14 17:42:46Z] CHK MOM:0% RANGE:0.08% UP:25% SPREAD:0.08103727% BID:0.1234 ASK:0.1235 MID:0.12345 P1:0.12345 P2:0.12345 P3:0.1234 P4:0.1234 STATE:IDLE
[2026-05-14 17:42:46Z] CHK MOM:0% RANGE:0.08% UP:23.07% SPREAD:0.08103727% BID:0.1234 ASK:0.1235 MID:0.12345 P1:0.12345 P2:0.12345 P3:0.12345 P4:0.1234 STATE:IDLE
[2026-05-14 17:42:47Z] CHK MOM:0% RANGE:0.08% UP:23.07% SPREAD:0.08103727% BID:0.1234 ASK:0.1235 MID:0.12345 P1:0.12345 P2:0.12345 P3:0.12345 P4:0.12345 STATE:IDLE
[2026-05-14 17:42:47Z] CHK MOM:0% RANGE:0.08% UP:23.07% SPREAD:0.08103727% BID:0.1234 ASK:0.1235 MID:0.12345 P1:0.12345 P2:0.12345 P3:0.12345 P4:0.12345 STATE:IDLE
[2026-05-14 17:42:48Z] CHK MOM:0% RANGE:0.08% UP:21.42% SPREAD:0.08103727% BID:0.1234 ASK:0.1235 MID:0.12345 P1:0.12345 P2:0.12345 P3:0.12345 P4:0.12345 STATE:IDLE
[2026-05-14 17:42:49Z] CHK MOM:0% RANGE:0.08% UP:20% SPREAD:0.08103727% BID:0.1234 ASK:0.1235 MID:0.12345 P1:0.12345 P2:0.12345 P3:0.12345 P4:0.12345 STATE:IDLE
[2026-05-14 17:42:49Z] CHK MOM:0% RANGE:0.08% UP:18.75% SPREAD:0.08103727% BID:0.1234 ASK:0.1235 MID:0.12345 P1:0.12345 P2:0.12345 P3:0.12345 P4:0.12345 STATE:IDLE
[2026-05-14 17:42:50Z] CHK MOM:0.04% RANGE:0.08% UP:18.75% SPREAD:0.162206% BID:0.1233 ASK:0.1235 MID:0.1234 P1:0.1234 P2:0.12345 P3:0.12345 P4:0.12345 STATE:IDLE
[2026-05-14 17:42:50Z] CHK MOM:0.04% RANGE:0.08% UP:17.64% SPREAD:0.162206% BID:0.1233 ASK:0.1235 MID:0.1234 P1:0.1234 P2:0.1234 P3:0.12345 P4:0.12345 STATE:IDLE
[2026-05-14 17:42:51Z] CHK MOM:0.04% RANGE:0.08% UP:17.64% SPREAD:0.162206% BID:0.1233 ASK:0.1235 MID:0.1234 P1:0.1234 P2:0.1234 P3:0.12345 P4:0.12345 STATE:IDLE
[2026-05-14 17:42:51Z] CHK MOM:0.04% RANGE:0.08% UP:18.75% SPREAD:0.162206% BID:0.1233 ASK:0.1235 MID:0.1234 P1:0.1234 P2:0.1234 P3:0.1234 P4:0.12345 STATE:IDLE
[2026-05-14 17:42:52Z] CHK MOM:0.04% RANGE:0.08% UP:18.75% SPREAD:0.162206% BID:0.1233 ASK:0.1235 MID:0.1234 P1:0.1234 P2:0.1234 P3:0.1234 P4:0.12345 STATE:IDLE
[2026-05-14 17:42:52Z] CHK MOM:0.04% RANGE:0.08% UP:18.75% SPREAD:0.162206% BID:0.1233 ASK:0.1235 MID:0.1234 P1:0.1234 P2:0.1234 P3:0.1234 P4:0.12345 STATE:IDLE
[2026-05-14 17:42:53Z] CHK MOM:0.04% RANGE:0.08% UP:18.75% SPREAD:0.162206% BID:0.1233 ASK:0.1235 MID:0.1234 P1:0.1234 P2:0.1234 P3:0.1234 P4:0.12345 STATE:IDLE
[2026-05-14 17:42:54Z] CHK MOM:0.04% RANGE:0.08% UP:18.75% SPREAD:0.162206% BID:0.1233 ASK:0.1235 MID:0.1234 P1:0.1234 P2:0.1234 P3:0.1234 P4:0.12345 STATE:IDLE
[2026-05-14 17:42:54Z] CHK MOM:0% RANGE:0.04% UP:14.28% SPREAD:0.162206% BID:0.1233 ASK:0.1235 MID:0.1234 P1:0.1234 P2:0.1234 P3:0.1234 P4:0.1234 STATE:IDLE
[2026-05-14 17:42:55Z] CHK MOM:-0.04% RANGE:0.04% UP:7.14% SPREAD:0.162206% BID:0.1233 ASK:0.1235 MID:0.1234 P1:0.1234 P2:0.1234 P3:0.1234 P4:0.1234 STATE:IDLE
[2026-05-14 17:42:55Z] CHK MOM:0% RANGE:0.04% UP:7.14% SPREAD:0.162206% BID:0.1233 ASK:0.1235 MID:0.1234 P1:0.1234 P2:0.1234 P3:0.1234 P4:0.1234 STATE:IDLE
[2026-05-14 17:42:56Z] CHK MOM:0% RANGE:0.04% UP:7.14% SPREAD:0.162206% BID:0.1233 ASK:0.1235 MID:0.1234 P1:0.1234 P2:0.1234 P3:0.1234 P4:0.1234 STATE:IDLE
[2026-05-14 17:42:56Z] CHK MOM:0% RANGE:0.04% UP:6.66% SPREAD:0.162206% BID:0.1233 ASK:0.1235 MID:0.1234 P1:0.1234 P2:0.1234 P3:0.1234 P4:0.1234 STATE:IDLE
[2026-05-14 17:42:57Z] CHK MOM:0% RANGE:0.04% UP:6.66% SPREAD:0.162206% BID:0.1233 ASK:0.1235 MID:0.1234 P1:0.1234 P2:0.1234 P3:0.1234 P4:0.1234 STATE:IDLE
[2026-05-14 17:42:57Z] CHK MOM:-0.04% RANGE:0.04% UP:0% SPREAD:0.162206% BID:0.1233 ASK:0.1235 MID:0.1234 P1:0.1234 P2:0.1234 P3:0.1234 P4:0.1234 STATE:IDLE
[2026-05-14 17:42:58Z] CHK MOM:0% RANGE:0.04% UP:6.66% SPREAD:0.08103727% BID:0.1234 ASK:0.1235 MID:0.12345 P1:0.12345 P2:0.1234 P3:0.1234 P4:0.1234 STATE:IDLE
[2026-05-14 17:42:58Z] CHK MOM:-0.04% RANGE:0.04% UP:7.14% SPREAD:0.162206% BID:0.1233 ASK:0.1235 MID:0.1234 P1:0.1234 P2:0.12345 P3:0.1234 P4:0.1234 STATE:IDLE
[2026-05-14 17:42:59Z] CHK MOM:-0.04% RANGE:0.04% UP:7.14% SPREAD:0.162206% BID:0.1233 ASK:0.1235 MID:0.1234 P1:0.1234 P2:0.1234 P3:0.12345 P4:0.1234 STATE:IDLE
[2026-05-14 17:43:00Z] CHK MOM:0% RANGE:0.04% UP:14.28% SPREAD:0.08103727% BID:0.1234 ASK:0.1235 MID:0.12345 P1:0.12345 P2:0.1234 P3:0.1234 P4:0.12345 STATE:IDLE
[2026-05-14 17:43:00Z] CHK MOM:0% RANGE:0.04% UP:13.33% SPREAD:0.08103727% BID:0.1234 ASK:0.1235 MID:0.12345 P1:0.12345 P2:0.12345 P3:0.1234 P4:0.1234 STATE:IDLE
[2026-05-14 17:43:01Z] CHK MOM:0% RANGE:0.04% UP:13.33% SPREAD:0.08103727% BID:0.1234 ASK:0.1235 MID:0.12345 P1:0.12345 P2:0.12345 P3:0.12345 P4:0.1234 STATE:IDLE
[2026-05-14 17:43:01Z] CHK MOM:0% RANGE:0.04% UP:12.5% SPREAD:0.08103727% BID:0.1234 ASK:0.1235 MID:0.12345 P1:0.12345 P2:0.12345 P3:0.12345 P4:0.12345 STATE:IDLE
[2026-05-14 17:43:02Z] CHK MOM:0.04% RANGE:0.04% UP:12.5% SPREAD:0.08103727% BID:0.1234 ASK:0.1235 MID:0.12345 P1:0.12345 P2:0.12345 P3:0.12345 P4:0.12345 STATE:IDLE
[2026-05-14 17:43:02Z] CHK MOM:0.12% RANGE:0.12% UP:20% SPREAD:0.08097165% BID:0.1235 ASK:0.1236 MID:0.12355 P1:0.12355 P2:0.12345 P3:0.12345 P4:0.12345 STATE:IDLE
[2026-05-14 17:43:03Z] CHK MOM:0.12% RANGE:0.12% UP:18.75% SPREAD:0.08097165% BID:0.1235 ASK:0.1236 MID:0.12355 P1:0.12355 P2:0.12355 P3:0.12345 P4:0.12345 STATE:IDLE
[2026-05-14 17:43:03Z] CHK MOM:0.12% RANGE:0.12% UP:17.64% SPREAD:0.08097165% BID:0.1235 ASK:0.1236 MID:0.12355 P1:0.12355 P2:0.12355 P3:0.12355 P4:0.12345 STATE:IDLE
[2026-05-14 17:43:04Z] CHK MOM:0.2% RANGE:0.2% UP:23.52% SPREAD:0.08090614% BID:0.1236 ASK:0.1237 MID:0.12365 P1:0.12365 P2:0.12355 P3:0.12355 P4:0.12355 STATE:IDLE
[2026-05-14 17:43:05Z] CHK MOM:0.2% RANGE:0.2% UP:22.22% SPREAD:0.08090614% BID:0.1236 ASK:0.1237 MID:0.12365 P1:0.12365 P2:0.12365 P3:0.12355 P4:0.12355 STATE:IDLE
[2026-05-14 17:43:05Z] CHK MOM:0.2% RANGE:0.2% UP:21.05% SPREAD:0.08090614% BID:0.1236 ASK:0.1237 MID:0.12365 P1:0.12365 P2:0.12365 P3:0.12365 P4:0.12355 STATE:IDLE
[2026-05-14 17:43:06Z] CHK MOM:0.2% RANGE:0.2% UP:20% SPREAD:0.08090614% BID:0.1236 ASK:0.1237 MID:0.12365 P1:0.12365 P2:0.12365 P3:0.12365 P4:0.12365 STATE:IDLE
[2026-05-14 17:43:06Z] CHK MOM:0.2% RANGE:0.2% UP:19.04% SPREAD:0.08090614% BID:0.1236 ASK:0.1237 MID:0.12365 P1:0.12365 P2:0.12365 P3:0.12365 P4:0.12365 STATE:IDLE
[2026-05-14 17:43:07Z] CHK MOM:0.2% RANGE:0.2% UP:19.04% SPREAD:0.08090614% BID:0.1236 ASK:0.1237 MID:0.12365 P1:0.12365 P2:0.12365 P3:0.12365 P4:0.12365 STATE:IDLE
[2026-05-14 17:43:07Z] CHK MOM:0.2% RANGE:0.2% UP:19.04% SPREAD:0.08090614% BID:0.1236 ASK:0.1237 MID:0.12365 P1:0.12365 P2:0.12365 P3:0.12365 P4:0.12365 STATE:IDLE
[2026-05-14 17:43:08Z] CHK MOM:0.2% RANGE:0.2% UP:21.05% SPREAD:0.08090614% BID:0.1236 ASK:0.1237 MID:0.12365 P1:0.12365 P2:0.12365 P3:0.12365 P4:0.12365 STATE:IDLE
[2026-05-14 17:43:08Z] CHK MOM:0.2% RANGE:0.2% UP:21.05% SPREAD:0.08090614% BID:0.1236 ASK:0.1237 MID:0.12365 P1:0.12365 P2:0.12365 P3:0.12365 P4:0.12365 STATE:IDLE
[2026-05-14 17:43:09Z] CHK MOM:0.2% RANGE:0.2% UP:21.05% SPREAD:0.08090614% BID:0.1236 ASK:0.1237 MID:0.12365 P1:0.12365 P2:0.12365 P3:0.12365 P4:0.12365 STATE:IDLE
[2026-05-14 17:43:10Z] CHK MOM:0.16% RANGE:0.2% UP:15.78% SPREAD:0.08090614% BID:0.1236 ASK:0.1237 MID:0.12365 P1:0.12365 P2:0.12365 P3:0.12365 P4:0.12365 STATE:IDLE
[2026-05-14 17:43:10Z] CHK MOM:0.2% RANGE:0.2% UP:15.78% SPREAD:0.08090614% BID:0.1236 ASK:0.1237 MID:0.12365 P1:0.12365 P2:0.12365 P3:0.12365 P4:0.12365 STATE:IDLE
[2026-05-14 17:43:11Z] CHK MOM:0.2% RANGE:0.2% UP:15.78% SPREAD:0.08090614% BID:0.1236 ASK:0.1237 MID:0.12365 P1:0.12365 P2:0.12365 P3:0.12365 P4:0.12365 STATE:IDLE
[2026-05-14 17:43:11Z] CHK MOM:0.24% RANGE:0.24% UP:15.78% SPREAD:0.08084074% BID:0.1237 ASK:0.1238 MID:0.12375 P1:0.12375 P2:0.12365 P3:0.12365 P4:0.12365 STATE:IDLE
[2026-05-14 17:43:12Z] CHK MOM:0.24% RANGE:0.24% UP:15% SPREAD:0.08084074% BID:0.1237 ASK:0.1238 MID:0.12375 P1:0.12375 P2:0.12375 P3:0.12365 P4:0.12365 STATE:IDLE
[2026-05-14 17:43:12Z] CHK MOM:0.24% RANGE:0.24% UP:15% SPREAD:0.08084074% BID:0.1237 ASK:0.1238 MID:0.12375 P1:0.12375 P2:0.12375 P3:0.12375 P4:0.12365 STATE:IDLE
[2026-05-14 17:43:13Z] CHK MOM:0.24% RANGE:0.24% UP:15% SPREAD:0.08084074% BID:0.1237 ASK:0.1238 MID:0.12375 P1:0.12375 P2:0.12375 P3:0.12375 P4:0.12375 STATE:IDLE
[2026-05-14 17:43:13Z] CHK MOM:0.24% RANGE:0.24% UP:15% SPREAD:0.08084074% BID:0.1237 ASK:0.1238 MID:0.12375 P1:0.12375 P2:0.12375 P3:0.12375 P4:0.12375 STATE:IDLE
[2026-05-14 17:43:14Z] CHK MOM:0.24% RANGE:0.24% UP:15% SPREAD:0.08084074% BID:0.1237 ASK:0.1238 MID:0.12375 P1:0.12375 P2:0.12375 P3:0.12375 P4:0.12375 STATE:IDLE
[2026-05-14 17:43:14Z] CHK MOM:0.16% RANGE:0.16% UP:10% SPREAD:0.08084074% BID:0.1237 ASK:0.1238 MID:0.12375 P1:0.12375 P2:0.12375 P3:0.12375 P4:0.12375 STATE:IDLE
[2026-05-14 17:43:15Z] CHK MOM:0.16% RANGE:0.16% UP:10% SPREAD:0.08084074% BID:0.1237 ASK:0.1238 MID:0.12375 P1:0.12375 P2:0.12375 P3:0.12375 P4:0.12375 STATE:IDLE
[2026-05-14 17:43:16Z] CHK MOM:0.08% RANGE:0.08% UP:5.88% SPREAD:0.08084074% BID:0.1237 ASK:0.1238 MID:0.12375 P1:0.12375 P2:0.12375 P3:0.12375 P4:0.12375 STATE:IDLE
[2026-05-14 17:43:16Z] CHK MOM:0.08% RANGE:0.08% UP:5.55% SPREAD:0.08084074% BID:0.1237 ASK:0.1238 MID:0.12375 P1:0.12375 P2:0.12375 P3:0.12375 P4:0.12375 STATE:IDLE
[2026-05-14 17:43:17Z] CHK MOM:0.08% RANGE:0.08% UP:5.55% SPREAD:0.08084074% BID:0.1237 ASK:0.1238 MID:0.12375 P1:0.12375 P2:0.12375 P3:0.12375 P4:0.12375 STATE:IDLE
[2026-05-14 17:43:17Z] CHK MOM:0.08% RANGE:0.08% UP:5.55% SPREAD:0.08084074% BID:0.1237 ASK:0.1238 MID:0.12375 P1:0.12375 P2:0.12375 P3:0.12375 P4:0.12375 STATE:IDLE
[2026-05-14 17:43:18Z] CHK MOM:0.08% RANGE:0.08% UP:6.25% SPREAD:0.08084074% BID:0.1237 ASK:0.1238 MID:0.12375 P1:0.12375 P2:0.12375 P3:0.12375 P4:0.12375 STATE:IDLE
[2026-05-14 17:43:18Z] CHK MOM:0.16% RANGE:0.16% UP:12.5% SPREAD:0.08077544% BID:0.1238 ASK:0.1239 MID:0.12384999 P1:0.12384999 P2:0.12375 P3:0.12375 P4:0.12375 STATE:IDLE
[2026-05-14 17:43:19Z] CHK MOM:0.16% RANGE:0.16% UP:11.76% SPREAD:0.08077544% BID:0.1238 ASK:0.1239 MID:0.12384999 P1:0.12384999 P2:0.12384999 P3:0.12375 P4:0.12375 STATE:IDLE
[2026-05-14 17:43:19Z] CHK MOM:0.16% RANGE:0.16% UP:11.11% SPREAD:0.08077544% BID:0.1238 ASK:0.1239 MID:0.12384999 P1:0.12384999 P2:0.12384999 P3:0.12384999 P4:0.12375 STATE:IDLE
[2026-05-14 17:43:20Z] CHK MOM:0.16% RANGE:0.16% UP:11.11% SPREAD:0.08077544% BID:0.1238 ASK:0.1239 MID:0.12384999 P1:0.12384999 P2:0.12384999 P3:0.12384999 P4:0.12384999 STATE:IDLE
[2026-05-14 17:43:21Z] CHK MOM:0.16% RANGE:0.16% UP:11.11% SPREAD:0.08077544% BID:0.1238 ASK:0.1239 MID:0.12384999 P1:0.12384999 P2:0.12384999 P3:0.12384999 P4:0.12384999 STATE:IDLE
[2026-05-14 17:43:21Z] CHK MOM:0.16% RANGE:0.16% UP:11.11% SPREAD:0.08077544% BID:0.1238 ASK:0.1239 MID:0.12384999 P1:0.12384999 P2:0.12384999 P3:0.12384999 P4:0.12384999 STATE:IDLE
[2026-05-14 17:43:22Z] CHK MOM:0.16% RANGE:0.16% UP:10.52% SPREAD:0.08077544% BID:0.1238 ASK:0.1239 MID:0.12384999 P1:0.12384999 P2:0.12384999 P3:0.12384999 P4:0.12384999 STATE:IDLE
[2026-05-14 17:43:22Z] CHK MOM:0.16% RANGE:0.16% UP:10.52% SPREAD:0.08077544% BID:0.1238 ASK:0.1239 MID:0.12384999 P1:0.12384999 P2:0.12384999 P3:0.12384999 P4:0.12384999 STATE:IDLE
[2026-05-14 17:43:23Z] CHK MOM:0.16% RANGE:0.16% UP:10.52% SPREAD:0.08077544% BID:0.1238 ASK:0.1239 MID:0.12384999 P1:0.12384999 P2:0.12384999 P3:0.12384999 P4:0.12384999 STATE:IDLE
[2026-05-14 17:43:23Z] CHK MOM:0.16% RANGE:0.16% UP:10.52% SPREAD:0.08077544% BID:0.1238 ASK:0.1239 MID:0.12384999 P1:0.12384999 P2:0.12384999 P3:0.12384999 P4:0.12384999 STATE:IDLE
[2026-05-14 17:43:24Z] CHK MOM:0.16% RANGE:0.16% UP:10.52% SPREAD:0.08077544% BID:0.1238 ASK:0.1239 MID:0.12384999 P1:0.12384999 P2:0.12384999 P3:0.12384999 P4:0.12384999 STATE:IDLE
[2026-05-14 17:43:24Z] CHK MOM:0.08% RANGE:0.08% UP:6.66% SPREAD:0.08077544% BID:0.1238 ASK:0.1239 MID:0.12384999 P1:0.12384999 P2:0.12384999 P3:0.12384999 P4:0.12384999 STATE:IDLE
[2026-05-14 17:43:25Z] CHK MOM:0% RANGE:0.08% UP:6.66% SPREAD:0.08084074% BID:0.1237 ASK:0.1238 MID:0.12375 P1:0.12375 P2:0.12384999 P3:0.12384999 P4:0.12384999 STATE:IDLE
[2026-05-14 17:43:26Z] CHK MOM:0% RANGE:0.08% UP:6.66% SPREAD:0.08084074% BID:0.1237 ASK:0.1238 MID:0.12375 P1:0.12375 P2:0.12375 P3:0.12384999 P4:0.12384999 STATE:IDLE
[2026-05-14 17:43:26Z] CHK MOM:0% RANGE:0.08% UP:6.66% SPREAD:0.08084074% BID:0.1237 ASK:0.1238 MID:0.12375 P1:0.12375 P2:0.12375 P3:0.12384999 P4:0.12384999 STATE:IDLE
[2026-05-14 17:43:27Z] CHK MOM:0% RANGE:0.08% UP:7.14% SPREAD:0.08084074% BID:0.1237 ASK:0.1238 MID:0.12375 P1:0.12375 P2:0.12375 P3:0.12375 P4:0.12384999 STATE:IDLE
[2026-05-14 17:43:27Z] CHK MOM:0% RANGE:0.08% UP:6.66% SPREAD:0.08084074% BID:0.1237 ASK:0.1238 MID:0.12375 P1:0.12375 P2:0.12375 P3:0.12375 P4:0.12375 STATE:IDLE
[2026-05-14 17:43:28Z] CHK MOM:0% RANGE:0.08% UP:6.66% SPREAD:0.08084074% BID:0.1237 ASK:0.1238 MID:0.12375 P1:0.12375 P2:0.12375 P3:0.12375 P4:0.12375 STATE:IDLE
[2026-05-14 17:43:28Z] CHK MOM:0% RANGE:0.08% UP:6.66% SPREAD:0.08084074% BID:0.1237 ASK:0.1238 MID:0.12375 P1:0.12375 P2:0.12375 P3:0.12375 P4:0.12375 STATE:IDLE
[2026-05-14 17:43:29Z] CHK MOM:0% RANGE:0.08% UP:6.66% SPREAD:0.08084074% BID:0.1237 ASK:0.1238 MID:0.12375 P1:0.12375 P2:0.12375 P3:0.12375 P4:0.12375 STATE:IDLE
[2026-05-14 17:43:29Z] CHK MOM:0% RANGE:0.08% UP:6.66% SPREAD:0.08084074% BID:0.1237 ASK:0.1238 MID:0.12375 P1:0.12375 P2:0.12375 P3:0.12375 P4:0.12375 STATE:IDLE
[2026-05-14 17:43:30Z] CHK MOM:0% RANGE:0.08% UP:6.66% SPREAD:0.08084074% BID:0.1237 ASK:0.1238 MID:0.12375 P1:0.12375 P2:0.12375 P3:0.12375 P4:0.12375 STATE:IDLE
[2026-05-14 17:43:31Z] CHK MOM:0% RANGE:0.08% UP:6.66% SPREAD:0.08084074% BID:0.1237 ASK:0.1238 MID:0.12375 P1:0.12375 P2:0.12375 P3:0.12375 P4:0.12375 STATE:IDLE
[2026-05-14 17:43:31Z] CHK MOM:-0.08% RANGE:0.08% UP:0% SPREAD:0.08084074% BID:0.1237 ASK:0.1238 MID:0.12375 P1:0.12375 P2:0.12375 P3:0.12375 P4:0.12375 STATE:IDLE
[2026-05-14 17:43:32Z] CHK MOM:-0.08% RANGE:0.08% UP:0% SPREAD:0.08084074% BID:0.1237 ASK:0.1238 MID:0.12375 P1:0.12375 P2:0.12375 P3:0.12375 P4:0.12375 STATE:IDLE
[2026-05-14 17:43:32Z] CHK MOM:-0.16% RANGE:0.16% UP:0% SPREAD:0.08090614% BID:0.1236 ASK:0.1237 MID:0.12365 P1:0.12365 P2:0.12375 P3:0.12375 P4:0.12375 STATE:IDLE
[2026-05-14 17:43:33Z] CHK MOM:-0.16% RANGE:0.16% UP:0% SPREAD:0.08090614% BID:0.1236 ASK:0.1237 MID:0.12365 P1:0.12365 P2:0.12365 P3:0.12375 P4:0.12375 STATE:IDLE
[2026-05-14 17:43:33Z] CHK MOM:-0.16% RANGE:0.16% UP:0% SPREAD:0.08090614% BID:0.1236 ASK:0.1237 MID:0.12365 P1:0.12365 P2:0.12365 P3:0.12365 P4:0.12375 STATE:IDLE
[2026-05-14 17:43:34Z] CHK MOM:-0.16% RANGE:0.16% UP:0% SPREAD:0.08090614% BID:0.1236 ASK:0.1237 MID:0.12365 P1:0.12365 P2:0.12365 P3:0.12365 P4:0.12365 STATE:IDLE
[2026-05-14 17:43:34Z] CHK MOM:-0.16% RANGE:0.16% UP:0% SPREAD:0.08090614% BID:0.1236 ASK:0.1237 MID:0.12365 P1:0.12365 P2:0.12365 P3:0.12365 P4:0.12365 STATE:IDLE
[2026-05-14 17:43:35Z] CHK MOM:-0.16% RANGE:0.16% UP:0% SPREAD:0.08090614% BID:0.1236 ASK:0.1237 MID:0.12365 P1:0.12365 P2:0.12365 P3:0.12365 P4:0.12365 STATE:IDLE
[2026-05-14 17:43:35Z] CHK MOM:-0.16% RANGE:0.16% UP:0% SPREAD:0.08090614% BID:0.1236 ASK:0.1237 MID:0.12365 P1:0.12365 P2:0.12365 P3:0.12365 P4:0.12365 STATE:IDLE
[2026-05-14 17:43:36Z] CHK MOM:-0.16% RANGE:0.16% UP:0% SPREAD:0.08090614% BID:0.1236 ASK:0.1237 MID:0.12365 P1:0.12365 P2:0.12365 P3:0.12365 P4:0.12365 STATE:IDLE
[2026-05-14 17:43:37Z] CHK MOM:-0.08% RANGE:0.08% UP:0% SPREAD:0.08090614% BID:0.1236 ASK:0.1237 MID:0.12365 P1:0.12365 P2:0.12365 P3:0.12365 P4:0.12365 STATE:IDLE
[2026-05-14 17:43:37Z] CHK MOM:-0.08% RANGE:0.08% UP:0% SPREAD:0.08090614% BID:0.1236 ASK:0.1237 MID:0.12365 P1:0.12365 P2:0.12365 P3:0.12365 P4:0.12365 STATE:IDLE
[2026-05-14 17:43:38Z] CHK MOM:-0.08% RANGE:0.08% UP:0% SPREAD:0.08090614% BID:0.1236 ASK:0.1237 MID:0.12365 P1:0.12365 P2:0.12365 P3:0.12365 P4:0.12365 STATE:IDLE
[2026-05-14 17:43:38Z] CHK MOM:-0.08% RANGE:0.08% UP:0% SPREAD:0.08090614% BID:0.1236 ASK:0.1237 MID:0.12365 P1:0.12365 P2:0.12365 P3:0.12365 P4:0.12365 STATE:IDLE
[2026-05-14 17:43:39Z] CHK MOM:-0.08% RANGE:0.08% UP:0% SPREAD:0.08090614% BID:0.1236 ASK:0.1237 MID:0.12365 P1:0.12365 P2:0.12365 P3:0.12365 P4:0.12365 STATE:IDLE
[2026-05-14 17:43:39Z] CHK MOM:-0.08% RANGE:0.08% UP:0% SPREAD:0.08090614% BID:0.1236 ASK:0.1237 MID:0.12365 P1:0.12365 P2:0.12365 P3:0.12365 P4:0.12365 STATE:IDLE
[2026-05-14 17:43:40Z] CHK MOM:-0.08% RANGE:0.08% UP:0% SPREAD:0.08090614% BID:0.1236 ASK:0.1237 MID:0.12365 P1:0.12365 P2:0.12365 P3:0.12365 P4:0.12365 STATE:IDLE
[2026-05-14 17:43:40Z] CHK MOM:-0.08% RANGE:0.08% UP:0% SPREAD:0.08090614% BID:0.1236 ASK:0.1237 MID:0.12365 P1:0.12365 P2:0.12365 P3:0.12365 P4:0.12365 STATE:IDLE
[2026-05-14 17:43:41Z] CHK MOM:-0.08% RANGE:0.08% UP:0% SPREAD:0.08090614% BID:0.1236 ASK:0.1237 MID:0.12365 P1:0.12365 P2:0.12365 P3:0.12365 P4:0.12365 STATE:IDLE
[2026-05-14 17:43:42Z] CHK MOM:-0.08% RANGE:0.08% UP:0% SPREAD:0.08090614% BID:0.1236 ASK:0.1237 MID:0.12365 P1:0.12365 P2:0.12365 P3:0.12365 P4:0.12365 STATE:IDLE
[2026-05-14 17:43:42Z] CHK MOM:-0.08% RANGE:0.08% UP:0% SPREAD:0.08090614% BID:0.1236 ASK:0.1237 MID:0.12365 P1:0.12365 P2:0.12365 P3:0.12365 P4:0.12365 STATE:IDLE
[2026-05-14 17:43:43Z] CHK MOM:-0.08% RANGE:0.08% UP:0% SPREAD:0.08090614% BID:0.1236 ASK:0.1237 MID:0.12365 P1:0.12365 P2:0.12365 P3:0.12365 P4:0.12365 STATE:IDLE
[2026-05-14 17:43:43Z] CHK MOM:-0.08% RANGE:0.08% UP:0% SPREAD:0.08090614% BID:0.1236 ASK:0.1237 MID:0.12365 P1:0.12365 P2:0.12365 P3:0.12365 P4:0.12365 STATE:IDLE
[2026-05-14 17:43:44Z] CHK MOM:-0.16% RANGE:0.16% UP:0% SPREAD:0.08097165% BID:0.1235 ASK:0.1236 MID:0.12355 P1:0.12355 P2:0.12365 P3:0.12365 P4:0.12365 STATE:IDLE
[2026-05-14 17:43:44Z] CHK MOM:0% RANGE:0.08% UP:6.25% SPREAD:0.08090614% BID:0.1236 ASK:0.1237 MID:0.12365 P1:0.12365 P2:0.12355 P3:0.12365 P4:0.12365 STATE:IDLE
[2026-05-14 17:43:45Z] CHK MOM:-0.08% RANGE:0.08% UP:6.25% SPREAD:0.08097165% BID:0.1235 ASK:0.1236 MID:0.12355 P1:0.12355 P2:0.12365 P3:0.12355 P4:0.12365 STATE:IDLE
[2026-05-14 17:43:45Z] CHK MOM:0% RANGE:0.08% UP:12.5% SPREAD:0.08090614% BID:0.1236 ASK:0.1237 MID:0.12365 P1:0.12365 P2:0.12355 P3:0.12365 P4:0.12355 STATE:IDLE
[2026-05-14 17:43:46Z] CHK MOM:-0.08% RANGE:0.08% UP:11.76% SPREAD:0.08097165% BID:0.1235 ASK:0.1236 MID:0.12355 P1:0.12355 P2:0.12365 P3:0.12355 P4:0.12365 STATE:IDLE
[2026-05-14 17:43:46Z] CHK MOM:-0.08% RANGE:0.08% UP:11.76% SPREAD:0.08097165% BID:0.1235 ASK:0.1236 MID:0.12355 P1:0.12355 P2:0.12355 P3:0.12365 P4:0.12355 STATE:IDLE
[2026-05-14 17:43:47Z] CHK MOM:-0.08% RANGE:0.08% UP:11.11% SPREAD:0.08097165% BID:0.1235 ASK:0.1236 MID:0.12355 P1:0.12355 P2:0.12355 P3:0.12355 P4:0.12365 STATE:IDLE
[2026-05-14 17:43:48Z] CHK MOM:-0.08% RANGE:0.08% UP:11.11% SPREAD:0.08097165% BID:0.1235 ASK:0.1236 MID:0.12355 P1:0.12355 P2:0.12355 P3:0.12355 P4:0.12365 STATE:IDLE
[2026-05-14 17:43:48Z] CHK MOM:0% RANGE:0.08% UP:18.75% SPREAD:0.08090614% BID:0.1236 ASK:0.1237 MID:0.12365 P1:0.12365 P2:0.12355 P3:0.12355 P4:0.12355 STATE:IDLE
[2026-05-14 17:43:49Z] CHK MOM:0% RANGE:0.08% UP:17.64% SPREAD:0.08090614% BID:0.1236 ASK:0.1237 MID:0.12365 P1:0.12365 P2:0.12365 P3:0.12355 P4:0.12355 STATE:IDLE
[2026-05-14 17:43:49Z] CHK MOM:-0.08% RANGE:0.08% UP:17.64% SPREAD:0.08097165% BID:0.1235 ASK:0.1236 MID:0.12355 P1:0.12355 P2:0.12365 P3:0.12365 P4:0.12355 STATE:IDLE
[2026-05-14 17:43:50Z] CHK MOM:-0.08% RANGE:0.08% UP:16.66% SPREAD:0.08097165% BID:0.1235 ASK:0.1236 MID:0.12355 P1:0.12355 P2:0.12355 P3:0.12365 P4:0.12365 STATE:IDLE
[2026-05-14 17:43:50Z] CHK MOM:-0.08% RANGE:0.08% UP:16.66% SPREAD:0.08097165% BID:0.1235 ASK:0.1236 MID:0.12355 P1:0.12355 P2:0.12355 P3:0.12355 P4:0.12365 STATE:IDLE
[2026-05-14 17:43:51Z] CHK MOM:-0.08% RANGE:0.08% UP:15.78% SPREAD:0.08097165% BID:0.1235 ASK:0.1236 MID:0.12355 P1:0.12355 P2:0.12355 P3:0.12355 P4:0.12355 STATE:IDLE
[2026-05-14 17:43:51Z] CHK MOM:-0.08% RANGE:0.08% UP:15.78% SPREAD:0.08097165% BID:0.1235 ASK:0.1236 MID:0.12355 P1:0.12355 P2:0.12355 P3:0.12355 P4:0.12355 STATE:IDLE
[2026-05-14 17:43:52Z] CHK MOM:-0.08% RANGE:0.08% UP:15% SPREAD:0.08097165% BID:0.1235 ASK:0.1236 MID:0.12355 P1:0.12355 P2:0.12355 P3:0.12355 P4:0.12355 STATE:IDLE
[2026-05-14 17:43:53Z] CHK MOM:-0.08% RANGE:0.08% UP:15% SPREAD:0.08097165% BID:0.1235 ASK:0.1236 MID:0.12355 P1:0.12355 P2:0.12355 P3:0.12355 P4:0.12355 STATE:IDLE
[2026-05-14 17:43:54Z] CHK MOM:-0.08% RANGE:0.08% UP:15% SPREAD:0.08097165% BID:0.1235 ASK:0.1236 MID:0.12355 P1:0.12355 P2:0.12355 P3:0.12355 P4:0.12355 STATE:IDLE
[2026-05-14 17:43:54Z] CHK MOM:-0.08% RANGE:0.08% UP:15% SPREAD:0.08097165% BID:0.1235 ASK:0.1236 MID:0.12355 P1:0.12355 P2:0.12355 P3:0.12355 P4:0.12355 STATE:IDLE
[2026-05-14 17:43:55Z] CHK MOM:-0.08% RANGE:0.08% UP:15% SPREAD:0.08097165% BID:0.1235 ASK:0.1236 MID:0.12355 P1:0.12355 P2:0.12355 P3:0.12355 P4:0.12355 STATE:IDLE
[2026-05-14 17:43:57Z] CHK MOM:0% RANGE:0.08% UP:8.33% SPREAD:0.08097165% BID:0.1235 ASK:0.1236 MID:0.12355 P1:0.12355 P2:0.12355 P3:0.12355 P4:0.12355 STATE:IDLE
[2026-05-14 17:43:58Z] CHK MOM:0% RANGE:0.08% UP:7.69% SPREAD:0.08097165% BID:0.1235 ASK:0.1236 MID:0.12355 P1:0.12355 P2:0.12355 P3:0.12355 P4:0.12355 STATE:IDLE
[2026-05-14 17:43:59Z] CHK MOM:0% RANGE:0.08% UP:8.33% SPREAD:0.08097165% BID:0.1235 ASK:0.1236 MID:0.12355 P1:0.12355 P2:0.12355 P3:0.12355 P4:0.12355 STATE:IDLE
[2026-05-14 17:43:59Z] CHK MOM:0% RANGE:0.08% UP:8.33% SPREAD:0.08097165% BID:0.1235 ASK:0.1236 MID:0.12355 P1:0.12355 P2:0.12355 P3:0.12355 P4:0.12355 STATE:IDLE
[2026-05-14 17:44:00Z] CHK MOM:0% RANGE:0.08% UP:8.33% SPREAD:0.08097165% BID:0.1235 ASK:0.1236 MID:0.12355 P1:0.12355 P2:0.12355 P3:0.12355 P4:0.12355 STATE:IDLE
[2026-05-14 17:44:00Z] CHK MOM:0% RANGE:0.08% UP:8.33% SPREAD:0.08090614% BID:0.1236 ASK:0.1237 MID:0.12365 P1:0.12365 P2:0.12355 P3:0.12355 P4:0.12355 STATE:IDLE
[2026-05-14 17:44:01Z] CHK MOM:0% RANGE:0.08% UP:9.09% SPREAD:0.08097165% BID:0.1235 ASK:0.1236 MID:0.12355 P1:0.12355 P2:0.12365 P3:0.12355 P4:0.12355 STATE:IDLE
[2026-05-14 17:44:01Z] CHK MOM:0.08% RANGE:0.08% UP:16.66% SPREAD:0.08090614% BID:0.1236 ASK:0.1237 MID:0.12365 P1:0.12365 P2:0.12355 P3:0.12365 P4:0.12355 STATE:IDLE
[2026-05-14 17:44:02Z] CHK MOM:0% RANGE:0.08% UP:18.18% SPREAD:0.08097165% BID:0.1235 ASK:0.1236 MID:0.12355 P1:0.12355 P2:0.12365 P3:0.12355 P4:0.12365 STATE:IDLE
[2026-05-14 17:44:02Z] CHK MOM:0% RANGE:0.08% UP:16.66% SPREAD:0.08097165% BID:0.1235 ASK:0.1236 MID:0.12355 P1:0.12355 P2:0.12355 P3:0.12365 P4:0.12355 STATE:IDLE
[2026-05-14 17:44:03Z] CHK MOM:0% RANGE:0.08% UP:18.18% SPREAD:0.08097165% BID:0.1235 ASK:0.1236 MID:0.12355 P1:0.12355 P2:0.12355 P3:0.12355 P4:0.12365 STATE:IDLE
[2026-05-14 17:44:04Z] CHK MOM:0% RANGE:0.08% UP:18.18% SPREAD:0.08097165% BID:0.1235 ASK:0.1236 MID:0.12355 P1:0.12355 P2:0.12355 P3:0.12355 P4:0.12365 STATE:IDLE
[2026-05-14 17:44:04Z] CHK MOM:0% RANGE:0.08% UP:18.18% SPREAD:0.08097165% BID:0.1235 ASK:0.1236 MID:0.12355 P1:0.12355 P2:0.12355 P3:0.12355 P4:0.12365 STATE:IDLE
[2026-05-14 17:44:05Z] CHK MOM:0% RANGE:0.08% UP:18.18% SPREAD:0.08097165% BID:0.1235 ASK:0.1236 MID:0.12355 P1:0.12355 P2:0.12355 P3:0.12355 P4:0.12365 STATE:IDLE
[2026-05-14 17:44:05Z] CHK MOM:0% RANGE:0.08% UP:18.18% SPREAD:0.08097165% BID:0.1235 ASK:0.1236 MID:0.12355 P1:0.12355 P2:0.12355 P3:0.12355 P4:0.12365 STATE:IDLE
[2026-05-14 17:44:07Z] CHK MOM:0% RANGE:0.08% UP:22.22% SPREAD:0.08097165% BID:0.1235 ASK:0.1236 MID:0.12355 P1:0.12355 P2:0.12355 P3:0.12355 P4:0.12355 STATE:IDLE
[2026-05-14 17:44:08Z] CHK MOM:0% RANGE:0.08% UP:22.22% SPREAD:0.08097165% BID:0.1235 ASK:0.1236 MID:0.12355 P1:0.12355 P2:0.12355 P3:0.12355 P4:0.12355 STATE:IDLE
[2026-05-14 17:44:08Z] CHK MOM:-0.08% RANGE:0.16% UP:20% SPREAD:0.08103727% BID:0.1234 ASK:0.1235 MID:0.12345 P1:0.12345 P2:0.12355 P3:0.12355 P4:0.12355 STATE:IDLE
[2026-05-14 17:44:09Z] CHK MOM:-0.08% RANGE:0.16% UP:18.18% SPREAD:0.08103727% BID:0.1234 ASK:0.1235 MID:0.12345 P1:0.12345 P2:0.12345 P3:0.12355 P4:0.12355 STATE:IDLE
[2026-05-14 17:44:10Z] CHK MOM:0% RANGE:0.16% UP:30% SPREAD:0.08097165% BID:0.1235 ASK:0.1236 MID:0.12355 P1:0.12355 P2:0.12345 P3:0.12345 P4:0.12355 STATE:IDLE
[2026-05-14 17:44:10Z] CHK MOM:-0.08% RANGE:0.16% UP:27.27% SPREAD:0.08103727% BID:0.1234 ASK:0.1235 MID:0.12345 P1:0.12345 P2:0.12355 P3:0.12345 P4:0.12345 STATE:IDLE
[2026-05-14 17:44:11Z] CHK MOM:-0.16% RANGE:0.16% UP:18.18% SPREAD:0.08103727% BID:0.1234 ASK:0.1235 MID:0.12345 P1:0.12345 P2:0.12345 P3:0.12355 P4:0.12345 STATE:IDLE
[2026-05-14 17:44:11Z] CHK MOM:-0.16% RANGE:0.16% UP:16.66% SPREAD:0.08103727% BID:0.1234 ASK:0.1235 MID:0.12345 P1:0.12345 P2:0.12345 P3:0.12345 P4:0.12355 STATE:IDLE
[2026-05-14 17:44:12Z] CHK MOM:-0.16% RANGE:0.16% UP:15.38% SPREAD:0.08103727% BID:0.1234 ASK:0.1235 MID:0.12345 P1:0.12345 P2:0.12345 P3:0.12345 P4:0.12345 STATE:IDLE
[2026-05-14 17:44:12Z] CHK MOM:-0.16% RANGE:0.16% UP:14.28% SPREAD:0.08103727% BID:0.1234 ASK:0.1235 MID:0.12345 P1:0.12345 P2:0.12345 P3:0.12345 P4:0.12345 STATE:IDLE
[2026-05-14 17:44:13Z] CHK MOM:-0.16% RANGE:0.16% UP:14.28% SPREAD:0.08103727% BID:0.1234 ASK:0.1235 MID:0.12345 P1:0.12345 P2:0.12345 P3:0.12345 P4:0.12345 STATE:IDLE
[2026-05-14 17:44:13Z] CHK MOM:-0.16% RANGE:0.16% UP:7.69% SPREAD:0.08103727% BID:0.1234 ASK:0.1235 MID:0.12345 P1:0.12345 P2:0.12345 P3:0.12345 P4:0.12345 STATE:IDLE
[2026-05-14 17:44:14Z] CHK MOM:-0.08% RANGE:0.08% UP:8.33% SPREAD:0.08103727% BID:0.1234 ASK:0.1235 MID:0.12345 P1:0.12345 P2:0.12345 P3:0.12345 P4:0.12345 STATE:IDLE
[2026-05-14 17:44:15Z] CHK MOM:-0.08% RANGE:0.08% UP:7.69% SPREAD:0.08103727% BID:0.1234 ASK:0.1235 MID:0.12345 P1:0.12345 P2:0.12345 P3:0.12345 P4:0.12345 STATE:IDLE
[2026-05-14 17:44:15Z] CHK MOM:-0.08% RANGE:0.08% UP:7.69% SPREAD:0.08103727% BID:0.1234 ASK:0.1235 MID:0.12345 P1:0.12345 P2:0.12345 P3:0.12345 P4:0.12345 STATE:IDLE
[2026-05-14 17:44:16Z] CHK MOM:-0.08% RANGE:0.08% UP:7.69% SPREAD:0.08103727% BID:0.1234 ASK:0.1235 MID:0.12345 P1:0.12345 P2:0.12345 P3:0.12345 P4:0.12345 STATE:IDLE
[2026-05-14 17:44:16Z] CHK MOM:-0.08% RANGE:0.08% UP:7.69% SPREAD:0.08103727% BID:0.1234 ASK:0.1235 MID:0.12345 P1:0.12345 P2:0.12345 P3:0.12345 P4:0.12345 STATE:IDLE
[2026-05-14 17:44:17Z] CHK MOM:-0.08% RANGE:0.08% UP:7.69% SPREAD:0.08103727% BID:0.1234 ASK:0.1235 MID:0.12345 P1:0.12345 P2:0.12345 P3:0.12345 P4:0.12345 STATE:IDLE
[2026-05-14 17:44:17Z] CHK MOM:-0.08% RANGE:0.08% UP:7.69% SPREAD:0.08103727% BID:0.1234 ASK:0.1235 MID:0.12345 P1:0.12345 P2:0.12345 P3:0.12345 P4:0.12345 STATE:IDLE
[2026-05-14 17:44:18Z] CHK MOM:-0.08% RANGE:0.08% UP:7.69% SPREAD:0.08103727% BID:0.1234 ASK:0.1235 MID:0.12345 P1:0.12345 P2:0.12345 P3:0.12345 P4:0.12345 STATE:IDLE
[2026-05-14 17:44:18Z] CHK MOM:-0.08% RANGE:0.08% UP:7.14% SPREAD:0.08103727% BID:0.1234 ASK:0.1235 MID:0.12345 P1:0.12345 P2:0.12345 P3:0.12345 P4:0.12345 STATE:IDLE
[2026-05-14 17:44:19Z] CHK MOM:-0.08% RANGE:0.08% UP:6.66% SPREAD:0.08103727% BID:0.1234 ASK:0.1235 MID:0.12345 P1:0.12345 P2:0.12345 P3:0.12345 P4:0.12345 STATE:IDLE
[2026-05-14 17:44:19Z] CHK MOM:-0.08% RANGE:0.08% UP:6.66% SPREAD:0.08103727% BID:0.1234 ASK:0.1235 MID:0.12345 P1:0.12345 P2:0.12345 P3:0.12345 P4:0.12345 STATE:IDLE
[2026-05-14 17:44:20Z] CHK MOM:-0.08% RANGE:0.08% UP:6.66% SPREAD:0.08103727% BID:0.1234 ASK:0.1235 MID:0.12345 P1:0.12345 P2:0.12345 P3:0.12345 P4:0.12345 STATE:IDLE
[2026-05-14 17:44:21Z] CHK MOM:-0.08% RANGE:0.08% UP:6.66% SPREAD:0.08103727% BID:0.1234 ASK:0.1235 MID:0.12345 P1:0.12345 P2:0.12345 P3:0.12345 P4:0.12345 STATE:IDLE
[2026-05-14 17:44:21Z] CHK MOM:-0.08% RANGE:0.08% UP:6.66% SPREAD:0.08103727% BID:0.1234 ASK:0.1235 MID:0.12345 P1:0.12345 P2:0.12345 P3:0.12345 P4:0.12345 STATE:IDLE
[2026-05-14 17:44:22Z] CHK MOM:-0.08% RANGE:0.08% UP:0% SPREAD:0.08103727% BID:0.1234 ASK:0.1235 MID:0.12345 P1:0.12345 P2:0.12345 P3:0.12345 P4:0.12345 STATE:IDLE
[2026-05-14 17:44:22Z] CHK MOM:-0.08% RANGE:0.08% UP:0% SPREAD:0.08103727% BID:0.1234 ASK:0.1235 MID:0.12345 P1:0.12345 P2:0.12345 P3:0.12345 P4:0.12345 STATE:IDLE
[2026-05-14 17:44:23Z] CHK MOM:-0.08% RANGE:0.08% UP:0% SPREAD:0.08103727% BID:0.1234 ASK:0.1235 MID:0.12345 P1:0.12345 P2:0.12345 P3:0.12345 P4:0.12345 STATE:IDLE
[2026-05-14 17:44:23Z] CHK MOM:-0.08% RANGE:0.08% UP:0% SPREAD:0.08103727% BID:0.1234 ASK:0.1235 MID:0.12345 P1:0.12345 P2:0.12345 P3:0.12345 P4:0.12345 STATE:IDLE
[2026-05-14 17:44:24Z] CHK MOM:-0.08% RANGE:0.08% UP:0% SPREAD:0.08103727% BID:0.1234 ASK:0.1235 MID:0.12345 P1:0.12345 P2:0.12345 P3:0.12345 P4:0.12345 STATE:IDLE
[2026-05-14 17:44:24Z] CHK MOM:0% RANGE:0% UP:0% SPREAD:0.08103727% BID:0.1234 ASK:0.1235 MID:0.12345 P1:0.12345 P2:0.12345 P3:0.12345 P4:0.12345 STATE:IDLE
[2026-05-14 17:44:25Z] CHK MOM:0.08% RANGE:0.08% UP:11.11% SPREAD:0.08097165% BID:0.1235 ASK:0.1236 MID:0.12355 P1:0.12355 P2:0.12345 P3:0.12345 P4:0.12345 STATE:IDLE
[2026-05-14 17:44:26Z] CHK MOM:0% RANGE:0.08% UP:11.11% SPREAD:0.08103727% BID:0.1234 ASK:0.1235 MID:0.12345 P1:0.12345 P2:0.12355 P3:0.12345 P4:0.12345 STATE:IDLE
[2026-05-14 17:44:26Z] CHK MOM:0% RANGE:0.08% UP:11.11% SPREAD:0.08103727% BID:0.1234 ASK:0.1235 MID:0.12345 P1:0.12345 P2:0.12345 P3:0.12355 P4:0.12345 STATE:IDLE
[2026-05-14 17:44:27Z] CHK MOM:0% RANGE:0.08% UP:11.11% SPREAD:0.08103727% BID:0.1234 ASK:0.1235 MID:0.12345 P1:0.12345 P2:0.12345 P3:0.12345 P4:0.12355 STATE:IDLE
[2026-05-14 17:44:27Z] CHK MOM:0% RANGE:0.08% UP:11.11% SPREAD:0.08103727% BID:0.1234 ASK:0.1235 MID:0.12345 P1:0.12345 P2:0.12345 P3:0.12345 P4:0.12345 STATE:IDLE
[2026-05-14 17:44:28Z] CHK MOM:0% RANGE:0.08% UP:11.11% SPREAD:0.08103727% BID:0.1234 ASK:0.1235 MID:0.12345 P1:0.12345 P2:0.12345 P3:0.12345 P4:0.12345 STATE:IDLE
[2026-05-14 17:44:28Z] CHK MOM:0% RANGE:0.08% UP:10% SPREAD:0.08103727% BID:0.1234 ASK:0.1235 MID:0.12345 P1:0.12345 P2:0.12345 P3:0.12345 P4:0.12345 STATE:IDLE
[2026-05-14 17:44:29Z] CHK MOM:0% RANGE:0.08% UP:9.09% SPREAD:0.08103727% BID:0.1234 ASK:0.1235 MID:0.12345 P1:0.12345 P2:0.12345 P3:0.12345 P4:0.12345 STATE:IDLE
[2026-05-14 17:44:29Z] CHK MOM:0% RANGE:0.08% UP:8.33% SPREAD:0.08103727% BID:0.1234 ASK:0.1235 MID:0.12345 P1:0.12345 P2:0.12345 P3:0.12345 P4:0.12345 STATE:IDLE
[2026-05-14 17:44:30Z] CHK MOM:0% RANGE:0.08% UP:7.69% SPREAD:0.08103727% BID:0.1234 ASK:0.1235 MID:0.12345 P1:0.12345 P2:0.12345 P3:0.12345 P4:0.12345 STATE:IDLE
[2026-05-14 17:44:30Z] CHK MOM:0% RANGE:0.08% UP:8.33% SPREAD:0.08103727% BID:0.1234 ASK:0.1235 MID:0.12345 P1:0.12345 P2:0.12345 P3:0.12345 P4:0.12345 STATE:IDLE
[2026-05-14 17:44:31Z] CHK MOM:0% RANGE:0.08% UP:8.33% SPREAD:0.08103727% BID:0.1234 ASK:0.1235 MID:0.12345 P1:0.12345 P2:0.12345 P3:0.12345 P4:0.12345 STATE:IDLE
[2026-05-14 17:44:32Z] CHK MOM:0% RANGE:0.08% UP:7.69% SPREAD:0.08103727% BID:0.1234 ASK:0.1235 MID:0.12345 P1:0.12345 P2:0.12345 P3:0.12345 P4:0.12345 STATE:IDLE
[2026-05-14 17:44:32Z] CHK MOM:0% RANGE:0.08% UP:7.69% SPREAD:0.08103727% BID:0.1234 ASK:0.1235 MID:0.12345 P1:0.12345 P2:0.12345 P3:0.12345 P4:0.12345 STATE:IDLE
[2026-05-14 17:44:33Z] CHK MOM:0% RANGE:0.08% UP:7.69% SPREAD:0.08103727% BID:0.1234 ASK:0.1235 MID:0.12345 P1:0.12345 P2:0.12345 P3:0.12345 P4:0.12345 STATE:IDLE
[2026-05-14 17:44:33Z] CHK MOM:0% RANGE:0.08% UP:7.69% SPREAD:0.08103727% BID:0.1234 ASK:0.1235 MID:0.12345 P1:0.12345 P2:0.12345 P3:0.12345 P4:0.12345 STATE:IDLE
[2026-05-14 17:44:34Z] CHK MOM:0.08% RANGE:0.08% UP:15.38% SPREAD:0.08097165% BID:0.1235 ASK:0.1236 MID:0.12355 P1:0.12355 P2:0.12345 P3:0.12345 P4:0.12345 STATE:IDLE
[2026-05-14 17:44:34Z] CHK MOM:0.08% RANGE:0.08% UP:14.28% SPREAD:0.08097165% BID:0.1235 ASK:0.1236 MID:0.12355 P1:0.12355 P2:0.12355 P3:0.12345 P4:0.12345 STATE:IDLE
[2026-05-14 17:44:35Z] CHK MOM:0.08% RANGE:0.08% UP:13.33% SPREAD:0.08097165% BID:0.1235 ASK:0.1236 MID:0.12355 P1:0.12355 P2:0.12355 P3:0.12355 P4:0.12345 STATE:IDLE
[2026-05-14 17:44:35Z] CHK MOM:0% RANGE:0.08% UP:12.5% SPREAD:0.08103727% BID:0.1234 ASK:0.1235 MID:0.12345 P1:0.12345 P2:0.12355 P3:0.12355 P4:0.12355 STATE:IDLE
[2026-05-14 17:44:36Z] CHK MOM:0% RANGE:0.08% UP:11.76% SPREAD:0.08103727% BID:0.1234 ASK:0.1235 MID:0.12345 P1:0.12345 P2:0.12345 P3:0.12355 P4:0.12355 STATE:IDLE
[2026-05-14 17:44:37Z] CHK MOM:-0.08% RANGE:0.08% UP:5.88% SPREAD:0.08103727% BID:0.1234 ASK:0.1235 MID:0.12345 P1:0.12345 P2:0.12345 P3:0.12345 P4:0.12355 STATE:IDLE
[2026-05-14 17:44:37Z] CHK MOM:-0.08% RANGE:0.08% UP:5.55% SPREAD:0.08103727% BID:0.1234 ASK:0.1235 MID:0.12345 P1:0.12345 P2:0.12345 P3:0.12345 P4:0.12345 STATE:IDLE
[2026-05-14 17:44:38Z] CHK MOM:-0.08% RANGE:0.08% UP:5.55% SPREAD:0.08103727% BID:0.1234 ASK:0.1235 MID:0.12345 P1:0.12345 P2:0.12345 P3:0.12345 P4:0.12345 STATE:IDLE
[2026-05-14 17:44:38Z] CHK MOM:-0.08% RANGE:0.08% UP:5.55% SPREAD:0.08103727% BID:0.1234 ASK:0.1235 MID:0.12345 P1:0.12345 P2:0.12345 P3:0.12345 P4:0.12345 STATE:IDLE
[2026-05-14 17:44:39Z] CHK MOM:0% RANGE:0.08% UP:6.66% SPREAD:0.08103727% BID:0.1234 ASK:0.1235 MID:0.12345 P1:0.12345 P2:0.12345 P3:0.12345 P4:0.12345 STATE:IDLE
[2026-05-14 17:44:39Z] CHK MOM:0% RANGE:0.08% UP:6.66% SPREAD:0.08103727% BID:0.1234 ASK:0.1235 MID:0.12345 P1:0.12345 P2:0.12345 P3:0.12345 P4:0.12345 STATE:IDLE
[2026-05-14 17:44:40Z] CHK MOM:0% RANGE:0.08% UP:6.66% SPREAD:0.08103727% BID:0.1234 ASK:0.1235 MID:0.12345 P1:0.12345 P2:0.12345 P3:0.12345 P4:0.12345 STATE:IDLE
[2026-05-14 17:44:40Z] CHK MOM:0% RANGE:0.08% UP:6.25% SPREAD:0.08103727% BID:0.1234 ASK:0.1235 MID:0.12345 P1:0.12345 P2:0.12345 P3:0.12345 P4:0.12345 STATE:IDLE
[2026-05-14 17:44:41Z] CHK MOM:0% RANGE:0.08% UP:6.25% SPREAD:0.08103727% BID:0.1234 ASK:0.1235 MID:0.12345 P1:0.12345 P2:0.12345 P3:0.12345 P4:0.12345 STATE:IDLE
[2026-05-14 17:44:41Z] CHK MOM:0% RANGE:0.08% UP:6.25% SPREAD:0.08103727% BID:0.1234 ASK:0.1235 MID:0.12345 P1:0.12345 P2:0.12345 P3:0.12345 P4:0.12345 STATE:IDLE
[2026-05-14 17:44:43Z] CHK MOM:0% RANGE:0.08% UP:6.25% SPREAD:0.08103727% BID:0.1234 ASK:0.1235 MID:0.12345 P1:0.12345 P2:0.12345 P3:0.12345 P4:0.12345 STATE:IDLE
[2026-05-14 17:44:43Z] CHK MOM:0% RANGE:0.08% UP:7.14% SPREAD:0.08103727% BID:0.1234 ASK:0.1235 MID:0.12345 P1:0.12345 P2:0.12345 P3:0.12345 P4:0.12345 STATE:IDLE
[2026-05-14 17:44:44Z] CHK MOM:-0.04% RANGE:0.08% UP:8.33% SPREAD:0.16207455% BID:0.1234 ASK:0.1236 MID:0.1235 P1:0.1235 P2:0.12345 P3:0.12345 P4:0.12345 STATE:IDLE
[2026-05-14 17:44:44Z] CHK MOM:-0.08% RANGE:0.08% UP:7.69% SPREAD:0.08103727% BID:0.1234 ASK:0.1235 MID:0.12345 P1:0.12345 P2:0.1235 P3:0.12345 P4:0.12345 STATE:IDLE
[2026-05-14 17:44:45Z] CHK MOM:-0.08% RANGE:0.08% UP:7.14% SPREAD:0.08103727% BID:0.1234 ASK:0.1235 MID:0.12345 P1:0.12345 P2:0.12345 P3:0.1235 P4:0.12345 STATE:IDLE
[2026-05-14 17:44:45Z] CHK MOM:-0.08% RANGE:0.08% UP:7.14% SPREAD:0.08103727% BID:0.1234 ASK:0.1235 MID:0.12345 P1:0.12345 P2:0.12345 P3:0.1235 P4:0.12345 STATE:IDLE
[2026-05-14 17:44:46Z] CHK MOM:-0.08% RANGE:0.08% UP:7.14% SPREAD:0.08103727% BID:0.1234 ASK:0.1235 MID:0.12345 P1:0.12345 P2:0.12345 P3:0.1235 P4:0.12345 STATE:IDLE
[2026-05-14 17:44:46Z] CHK MOM:-0.08% RANGE:0.08% UP:7.14% SPREAD:0.08103727% BID:0.1234 ASK:0.1235 MID:0.12345 P1:0.12345 P2:0.12345 P3:0.1235 P4:0.12345 STATE:IDLE
[2026-05-14 17:44:47Z] CHK MOM:-0.08% RANGE:0.08% UP:7.14% SPREAD:0.08103727% BID:0.1234 ASK:0.1235 MID:0.12345 P1:0.12345 P2:0.12345 P3:0.1235 P4:0.12345 STATE:IDLE
[2026-05-14 17:44:48Z] CHK MOM:0% RANGE:0.04% UP:9.09% SPREAD:0.08103727% BID:0.1234 ASK:0.1235 MID:0.12345 P1:0.12345 P2:0.12345 P3:0.12345 P4:0.1235 STATE:IDLE
[2026-05-14 17:44:48Z] CHK MOM:0% RANGE:0.04% UP:9.09% SPREAD:0.08103727% BID:0.1234 ASK:0.1235 MID:0.12345 P1:0.12345 P2:0.12345 P3:0.12345 P4:0.1235 STATE:IDLE
[2026-05-14 17:44:49Z] CHK MOM:0% RANGE:0.04% UP:9.09% SPREAD:0.08103727% BID:0.1234 ASK:0.1235 MID:0.12345 P1:0.12345 P2:0.12345 P3:0.12345 P4:0.1235 STATE:IDLE
[2026-05-14 17:44:49Z] CHK MOM:0% RANGE:0.04% UP:9.09% SPREAD:0.08103727% BID:0.1234 ASK:0.1235 MID:0.12345 P1:0.12345 P2:0.12345 P3:0.12345 P4:0.1235 STATE:IDLE
[2026-05-14 17:44:50Z] CHK MOM:0% RANGE:0.04% UP:9.09% SPREAD:0.08103727% BID:0.1234 ASK:0.1235 MID:0.12345 P1:0.12345 P2:0.12345 P3:0.12345 P4:0.1235 STATE:IDLE
[2026-05-14 17:44:51Z] CHK MOM:0.04% RANGE:0.04% UP:25% SPREAD:0.16207455% BID:0.1234 ASK:0.1236 MID:0.1235 P1:0.1235 P2:0.12345 P3:0.12345 P4:0.12345 STATE:IDLE
[2026-05-14 17:44:52Z] CHK MOM:0% RANGE:0.04% UP:22.22% SPREAD:0.08103727% BID:0.1234 ASK:0.1235 MID:0.12345 P1:0.12345 P2:0.1235 P3:0.12345 P4:0.12345 STATE:IDLE
[2026-05-14 17:44:52Z] CHK MOM:0.08% RANGE:0.08% UP:37.5% SPREAD:0.08097165% BID:0.1235 ASK:0.1236 MID:0.12355 P1:0.12355 P2:0.12345 P3:0.1235 P4:0.12345 STATE:IDLE
[2026-05-14 17:44:53Z] CHK MOM:0.08% RANGE:0.08% UP:37.5% SPREAD:0.08097165% BID:0.1235 ASK:0.1236 MID:0.12355 P1:0.12355 P2:0.12355 P3:0.12345 P4:0.1235 STATE:IDLE
[2026-05-14 17:44:54Z] CHK MOM:0.08% RANGE:0.08% UP:33.33% SPREAD:0.08097165% BID:0.1235 ASK:0.1236 MID:0.12355 P1:0.12355 P2:0.12355 P3:0.12355 P4:0.12345 STATE:IDLE
[2026-05-14 17:44:54Z] CHK MOM:0.04% RANGE:0.08% UP:22.22% SPREAD:0.08097165% BID:0.1235 ASK:0.1236 MID:0.12355 P1:0.12355 P2:0.12355 P3:0.12355 P4:0.12355 STATE:IDLE
[2026-05-14 17:44:55Z] CHK MOM:0.04% RANGE:0.08% UP:20% SPREAD:0.08097165% BID:0.1235 ASK:0.1236 MID:0.12355 P1:0.12355 P2:0.12355 P3:0.12355 P4:0.12355 STATE:IDLE
[2026-05-14 17:44:55Z] CHK MOM:0.04% RANGE:0.08% UP:20% SPREAD:0.08097165% BID:0.1235 ASK:0.1236 MID:0.12355 P1:0.12355 P2:0.12355 P3:0.12355 P4:0.12355 STATE:IDLE
[2026-05-14 17:44:56Z] CHK MOM:0.04% RANGE:0.08% UP:18.18% SPREAD:0.08097165% BID:0.1235 ASK:0.1236 MID:0.12355 P1:0.12355 P2:0.12355 P3:0.12355 P4:0.12355 STATE:IDLE
[2026-05-14 17:44:56Z] CHK MOM:0.04% RANGE:0.08% UP:18.18% SPREAD:0.08097165% BID:0.1235 ASK:0.1236 MID:0.12355 P1:0.12355 P2:0.12355 P3:0.12355 P4:0.12355 STATE:IDLE
[2026-05-14 17:44:57Z] CHK MOM:0.04% RANGE:0.08% UP:18.18% SPREAD:0.08097165% BID:0.1235 ASK:0.1236 MID:0.12355 P1:0.12355 P2:0.12355 P3:0.12355 P4:0.12355 STATE:IDLE
[2026-05-14 17:44:57Z] CHK MOM:0.04% RANGE:0.08% UP:18.18% SPREAD:0.08097165% BID:0.1235 ASK:0.1236 MID:0.12355 P1:0.12355 P2:0.12355 P3:0.12355 P4:0.12355 STATE:IDLE
[2026-05-14 17:44:58Z] CHK MOM:0.04% RANGE:0.08% UP:18.18% SPREAD:0.08097165% BID:0.1235 ASK:0.1236 MID:0.12355 P1:0.12355 P2:0.12355 P3:0.12355 P4:0.12355 STATE:IDLE
[2026-05-14 17:44:59Z] CHK MOM:0.04% RANGE:0.08% UP:18.18% SPREAD:0.08097165% BID:0.1235 ASK:0.1236 MID:0.12355 P1:0.12355 P2:0.12355 P3:0.12355 P4:0.12355 STATE:IDLE
[2026-05-14 17:45:00Z] CHK MOM:0.04% RANGE:0.08% UP:12.5% SPREAD:0.08097165% BID:0.1235 ASK:0.1236 MID:0.12355 P1:0.12355 P2:0.12355 P3:0.12355 P4:0.12355 STATE:IDLE
[2026-05-14 17:45:01Z] CHK MOM:0.04% RANGE:0.08% UP:11.11% SPREAD:0.08097165% BID:0.1235 ASK:0.1236 MID:0.12355 P1:0.12355 P2:0.12355 P3:0.12355 P4:0.12355 STATE:IDLE
[2026-05-14 17:45:01Z] CHK MOM:0.04% RANGE:0.08% UP:10% SPREAD:0.08097165% BID:0.1235 ASK:0.1236 MID:0.12355 P1:0.12355 P2:0.12355 P3:0.12355 P4:0.12355 STATE:IDLE
[2026-05-14 17:45:02Z] CHK MOM:0.12% RANGE:0.16% UP:18.18% SPREAD:0.08090614% BID:0.1236 ASK:0.1237 MID:0.12365 P1:0.12365 P2:0.12355 P3:0.12355 P4:0.12355 STATE:IDLE
[2026-05-14 17:45:02Z] CHK MOM:0.04% RANGE:0.16% UP:16.66% SPREAD:0.08097165% BID:0.1235 ASK:0.1236 MID:0.12355 P1:0.12355 P2:0.12365 P3:0.12355 P4:0.12355 STATE:IDLE
[2026-05-14 17:45:03Z] CHK MOM:0.08% RANGE:0.16% UP:23.07% SPREAD:0.16194331% BID:0.1235 ASK:0.1237 MID:0.1236 P1:0.1236 P2:0.12355 P3:0.12365 P4:0.12355 STATE:IDLE
[2026-05-14 17:45:03Z] CHK MOM:0.08% RANGE:0.16% UP:23.07% SPREAD:0.08097165% BID:0.1235 ASK:0.1236 MID:0.12355 P1:0.12355 P2:0.1236 P3:0.12355 P4:0.12365 STATE:IDLE
[2026-05-14 17:45:04Z] CHK MOM:0% RANGE:0.08% UP:15.38% SPREAD:0.08097165% BID:0.1235 ASK:0.1236 MID:0.12355 P1:0.12355 P2:0.12355 P3:0.1236 P4:0.12355 STATE:IDLE
[2026-05-14 17:45:05Z] CHK MOM:0% RANGE:0.08% UP:16.66% SPREAD:0.08097165% BID:0.1235 ASK:0.1236 MID:0.12355 P1:0.12355 P2:0.12355 P3:0.12355 P4:0.1236 STATE:IDLE
[2026-05-14 17:45:05Z] CHK MOM:0% RANGE:0.08% UP:16.66% SPREAD:0.08097165% BID:0.1235 ASK:0.1236 MID:0.12355 P1:0.12355 P2:0.12355 P3:0.12355 P4:0.1236 STATE:IDLE
[2026-05-14 17:45:06Z] CHK MOM:0% RANGE:0.08% UP:16.66% SPREAD:0.08097165% BID:0.1235 ASK:0.1236 MID:0.12355 P1:0.12355 P2:0.12355 P3:0.12355 P4:0.12355 STATE:IDLE
[2026-05-14 17:45:06Z] CHK MOM:0% RANGE:0.08% UP:15.38% SPREAD:0.08097165% BID:0.1235 ASK:0.1236 MID:0.12355 P1:0.12355 P2:0.12355 P3:0.12355 P4:0.12355 STATE:IDLE
[2026-05-14 17:45:07Z] CHK MOM:0% RANGE:0.08% UP:15.38% SPREAD:0.08097165% BID:0.1235 ASK:0.1236 MID:0.12355 P1:0.12355 P2:0.12355 P3:0.12355 P4:0.12355 STATE:IDLE
[2026-05-14 17:45:07Z] CHK MOM:0% RANGE:0.08% UP:15.38% SPREAD:0.08097165% BID:0.1235 ASK:0.1236 MID:0.12355 P1:0.12355 P2:0.12355 P3:0.12355 P4:0.12355 STATE:IDLE
[2026-05-14 17:45:08Z] CHK MOM:0% RANGE:0.08% UP:15.38% SPREAD:0.08097165% BID:0.1235 ASK:0.1236 MID:0.12355 P1:0.12355 P2:0.12355 P3:0.12355 P4:0.12355 STATE:IDLE
[2026-05-14 17:45:08Z] CHK MOM:0% RANGE:0.08% UP:15.38% SPREAD:0.08097165% BID:0.1235 ASK:0.1236 MID:0.12355 P1:0.12355 P2:0.12355 P3:0.12355 P4:0.12355 STATE:IDLE
[2026-05-14 17:45:09Z] CHK MOM:0% RANGE:0.08% UP:15.38% SPREAD:0.08097165% BID:0.1235 ASK:0.1236 MID:0.12355 P1:0.12355 P2:0.12355 P3:0.12355 P4:0.12355 STATE:IDLE
[2026-05-14 17:45:10Z] CHK MOM:0% RANGE:0.08% UP:14.28% SPREAD:0.08097165% BID:0.1235 ASK:0.1236 MID:0.12355 P1:0.12355 P2:0.12355 P3:0.12355 P4:0.12355 STATE:IDLE
[2026-05-14 17:45:10Z] CHK MOM:0% RANGE:0.08% UP:13.33% SPREAD:0.08097165% BID:0.1235 ASK:0.1236 MID:0.12355 P1:0.12355 P2:0.12355 P3:0.12355 P4:0.12355 STATE:IDLE
[2026-05-14 17:45:11Z] CHK MOM:0% RANGE:0.08% UP:13.33% SPREAD:0.08097165% BID:0.1235 ASK:0.1236 MID:0.12355 P1:0.12355 P2:0.12355 P3:0.12355 P4:0.12355 STATE:IDLE
[2026-05-14 17:45:11Z] CHK MOM:0% RANGE:0.08% UP:12.5% SPREAD:0.08097165% BID:0.1235 ASK:0.1236 MID:0.12355 P1:0.12355 P2:0.12355 P3:0.12355 P4:0.12355 STATE:IDLE
[2026-05-14 17:45:12Z] CHK MOM:0% RANGE:0.08% UP:11.76% SPREAD:0.08097165% BID:0.1235 ASK:0.1236 MID:0.12355 P1:0.12355 P2:0.12355 P3:0.12355 P4:0.12355 STATE:IDLE
[2026-05-14 17:45:12Z] CHK MOM:0% RANGE:0.08% UP:11.11% SPREAD:0.08097165% BID:0.1235 ASK:0.1236 MID:0.12355 P1:0.12355 P2:0.12355 P3:0.12355 P4:0.12355 STATE:IDLE
[2026-05-14 17:45:13Z] CHK MOM:0% RANGE:0.08% UP:11.11% SPREAD:0.08097165% BID:0.1235 ASK:0.1236 MID:0.12355 P1:0.12355 P2:0.12355 P3:0.12355 P4:0.12355 STATE:IDLE
[2026-05-14 17:45:13Z] CHK MOM:0% RANGE:0.08% UP:11.11% SPREAD:0.08097165% BID:0.1235 ASK:0.1236 MID:0.12355 P1:0.12355 P2:0.12355 P3:0.12355 P4:0.12355 STATE:IDLE
[2026-05-14 17:45:14Z] CHK MOM:0% RANGE:0.08% UP:11.11% SPREAD:0.08090614% BID:0.1236 ASK:0.1237 MID:0.12365 P1:0.12365 P2:0.12355 P3:0.12355 P4:0.12355 STATE:IDLE
[2026-05-14 17:45:14Z] CHK MOM:0.08% RANGE:0.08% UP:11.11% SPREAD:0.08090614% BID:0.1236 ASK:0.1237 MID:0.12365 P1:0.12365 P2:0.12365 P3:0.12355 P4:0.12355 STATE:IDLE
[2026-05-14 17:45:15Z] CHK MOM:0.04% RANGE:0.08% UP:5.55% SPREAD:0.08090614% BID:0.1236 ASK:0.1237 MID:0.12365 P1:0.12365 P2:0.12365 P3:0.12365 P4:0.12355 STATE:IDLE
[2026-05-14 17:45:16Z] CHK MOM:0.08% RANGE:0.08% UP:5.88% SPREAD:0.08090614% BID:0.1236 ASK:0.1237 MID:0.12365 P1:0.12365 P2:0.12365 P3:0.12365 P4:0.12365 STATE:IDLE
[2026-05-14 17:45:16Z] CHK MOM:0.08% RANGE:0.08% UP:5.88% SPREAD:0.08090614% BID:0.1236 ASK:0.1237 MID:0.12365 P1:0.12365 P2:0.12365 P3:0.12365 P4:0.12365 STATE:IDLE
[2026-05-14 17:45:17Z] CHK MOM:0.08% RANGE:0.08% UP:5.88% SPREAD:0.08090614% BID:0.1236 ASK:0.1237 MID:0.12365 P1:0.12365 P2:0.12365 P3:0.12365 P4:0.12365 STATE:IDLE
[2026-05-14 17:45:17Z] CHK MOM:0.08% RANGE:0.08% UP:6.25% SPREAD:0.08090614% BID:0.1236 ASK:0.1237 MID:0.12365 P1:0.12365 P2:0.12365 P3:0.12365 P4:0.12365 STATE:IDLE
[2026-05-14 17:45:18Z] CHK MOM:0.08% RANGE:0.08% UP:5.88% SPREAD:0.08090614% BID:0.1236 ASK:0.1237 MID:0.12365 P1:0.12365 P2:0.12365 P3:0.12365 P4:0.12365 STATE:IDLE
[2026-05-14 17:45:18Z] CHK MOM:0.08% RANGE:0.08% UP:5.88% SPREAD:0.08090614% BID:0.1236 ASK:0.1237 MID:0.12365 P1:0.12365 P2:0.12365 P3:0.12365 P4:0.12365 STATE:IDLE
[2026-05-14 17:45:19Z] CHK MOM:0.08% RANGE:0.08% UP:6.66% SPREAD:0.08090614% BID:0.1236 ASK:0.1237 MID:0.12365 P1:0.12365 P2:0.12365 P3:0.12365 P4:0.12365 STATE:IDLE
[2026-05-14 17:45:19Z] CHK MOM:0.08% RANGE:0.08% UP:6.66% SPREAD:0.08090614% BID:0.1236 ASK:0.1237 MID:0.12365 P1:0.12365 P2:0.12365 P3:0.12365 P4:0.12365 STATE:IDLE
[2026-05-14 17:45:20Z] CHK MOM:0.08% RANGE:0.08% UP:6.25% SPREAD:0.08090614% BID:0.1236 ASK:0.1237 MID:0.12365 P1:0.12365 P2:0.12365 P3:0.12365 P4:0.12365 STATE:IDLE
[2026-05-14 17:45:21Z] CHK MOM:0.08% RANGE:0.08% UP:6.25% SPREAD:0.08090614% BID:0.1236 ASK:0.1237 MID:0.12365 P1:0.12365 P2:0.12365 P3:0.12365 P4:0.12365 STATE:IDLE
[2026-05-14 17:45:21Z] CHK MOM:0.08% RANGE:0.08% UP:6.25% SPREAD:0.08090614% BID:0.1236 ASK:0.1237 MID:0.12365 P1:0.12365 P2:0.12365 P3:0.12365 P4:0.12365 STATE:IDLE
[2026-05-14 17:45:22Z] CHK MOM:0.08% RANGE:0.08% UP:6.66% SPREAD:0.08090614% BID:0.1236 ASK:0.1237 MID:0.12365 P1:0.12365 P2:0.12365 P3:0.12365 P4:0.12365 STATE:IDLE
[2026-05-14 17:45:22Z] CHK MOM:0.08% RANGE:0.08% UP:6.66% SPREAD:0.08090614% BID:0.1236 ASK:0.1237 MID:0.12365 P1:0.12365 P2:0.12365 P3:0.12365 P4:0.12365 STATE:IDLE
[2026-05-14 17:45:23Z] CHK MOM:0.08% RANGE:0.08% UP:6.25% SPREAD:0.08090614% BID:0.1236 ASK:0.1237 MID:0.12365 P1:0.12365 P2:0.12365 P3:0.12365 P4:0.12365 STATE:IDLE
[2026-05-14 17:45:23Z] CHK MOM:0.08% RANGE:0.08% UP:5.88% SPREAD:0.08090614% BID:0.1236 ASK:0.1237 MID:0.12365 P1:0.12365 P2:0.12365 P3:0.12365 P4:0.12365 STATE:IDLE
[2026-05-14 17:45:24Z] CHK MOM:0.08% RANGE:0.08% UP:5.88% SPREAD:0.08090614% BID:0.1236 ASK:0.1237 MID:0.12365 P1:0.12365 P2:0.12365 P3:0.12365 P4:0.12365 STATE:IDLE
[2026-05-14 17:45:24Z] CHK MOM:0.08% RANGE:0.08% UP:5.88% SPREAD:0.08090614% BID:0.1236 ASK:0.1237 MID:0.12365 P1:0.12365 P2:0.12365 P3:0.12365 P4:0.12365 STATE:IDLE
[2026-05-14 17:45:25Z] CHK MOM:0.08% RANGE:0.08% UP:6.66% SPREAD:0.08090614% BID:0.1236 ASK:0.1237 MID:0.12365 P1:0.12365 P2:0.12365 P3:0.12365 P4:0.12365 STATE:IDLE
[2026-05-14 17:45:25Z] CHK MOM:0.08% RANGE:0.08% UP:6.66% SPREAD:0.08090614% BID:0.1236 ASK:0.1237 MID:0.12365 P1:0.12365 P2:0.12365 P3:0.12365 P4:0.12365 STATE:IDLE
[2026-05-14 17:45:27Z] CHK MOM:0% RANGE:0% UP:0% SPREAD:0.08090614% BID:0.1236 ASK:0.1237 MID:0.12365 P1:0.12365 P2:0.12365 P3:0.12365 P4:0.12365 STATE:IDLE
[2026-05-14 17:45:27Z] CHK MOM:0% RANGE:0% UP:0% SPREAD:0.08090614% BID:0.1236 ASK:0.1237 MID:0.12365 P1:0.12365 P2:0.12365 P3:0.12365 P4:0.12365 STATE:IDLE
[2026-05-14 17:45:28Z] CHK MOM:0% RANGE:0% UP:0% SPREAD:0.08090614% BID:0.1236 ASK:0.1237 MID:0.12365 P1:0.12365 P2:0.12365 P3:0.12365 P4:0.12365 STATE:IDLE
[2026-05-14 17:45:28Z] CHK MOM:-0.08% RANGE:0.08% UP:0% SPREAD:0.08097165% BID:0.1235 ASK:0.1236 MID:0.12355 P1:0.12355 P2:0.12365 P3:0.12365 P4:0.12365 STATE:IDLE
[2026-05-14 17:45:29Z] CHK MOM:-0.08% RANGE:0.08% UP:0% SPREAD:0.08097165% BID:0.1235 ASK:0.1236 MID:0.12355 P1:0.12355 P2:0.12355 P3:0.12365 P4:0.12365 STATE:IDLE
[2026-05-14 17:45:29Z] CHK MOM:-0.08% RANGE:0.08% UP:0% SPREAD:0.08097165% BID:0.1235 ASK:0.1236 MID:0.12355 P1:0.12355 P2:0.12355 P3:0.12355 P4:0.12365 STATE:IDLE
[2026-05-14 17:45:30Z] CHK MOM:-0.08% RANGE:0.08% UP:0% SPREAD:0.08097165% BID:0.1235 ASK:0.1236 MID:0.12355 P1:0.12355 P2:0.12355 P3:0.12355 P4:0.12355 STATE:IDLE
[2026-05-14 17:45:30Z] CHK MOM:-0.08% RANGE:0.08% UP:0% SPREAD:0.08097165% BID:0.1235 ASK:0.1236 MID:0.12355 P1:0.12355 P2:0.12355 P3:0.12355 P4:0.12355 STATE:IDLE
[2026-05-14 17:45:31Z] CHK MOM:0% RANGE:0.08% UP:5.88% SPREAD:0.08090614% BID:0.1236 ASK:0.1237 MID:0.12365 P1:0.12365 P2:0.12355 P3:0.12355 P4:0.12355 STATE:IDLE
[2026-05-14 17:45:32Z] CHK MOM:0% RANGE:0.08% UP:6.25% SPREAD:0.08090614% BID:0.1236 ASK:0.1237 MID:0.12365 P1:0.12365 P2:0.12365 P3:0.12355 P4:0.12355 STATE:IDLE
[2026-05-14 17:45:32Z] CHK MOM:0% RANGE:0.08% UP:6.25% SPREAD:0.08090614% BID:0.1236 ASK:0.1237 MID:0.12365 P1:0.12365 P2:0.12365 P3:0.12365 P4:0.12355 STATE:IDLE
[2026-05-14 17:45:33Z] CHK MOM:0% RANGE:0.08% UP:6.25% SPREAD:0.08090614% BID:0.1236 ASK:0.1237 MID:0.12365 P1:0.12365 P2:0.12365 P3:0.12365 P4:0.12355 STATE:IDLE
[2026-05-14 17:45:33Z] CHK MOM:0% RANGE:0.08% UP:6.25% SPREAD:0.08090614% BID:0.1236 ASK:0.1237 MID:0.12365 P1:0.12365 P2:0.12365 P3:0.12365 P4:0.12355 STATE:IDLE
[2026-05-14 17:45:34Z] CHK MOM:0% RANGE:0.08% UP:6.25% SPREAD:0.08090614% BID:0.1236 ASK:0.1237 MID:0.12365 P1:0.12365 P2:0.12365 P3:0.12365 P4:0.12355 STATE:IDLE
[2026-05-14 17:45:34Z] CHK MOM:0% RANGE:0.08% UP:6.25% SPREAD:0.08090614% BID:0.1236 ASK:0.1237 MID:0.12365 P1:0.12365 P2:0.12365 P3:0.12365 P4:0.12355 STATE:IDLE
[2026-05-14 17:45:35Z] CHK MOM:0% RANGE:0.08% UP:6.66% SPREAD:0.08090614% BID:0.1236 ASK:0.1237 MID:0.12365 P1:0.12365 P2:0.12365 P3:0.12365 P4:0.12365 STATE:IDLE
[2026-05-14 17:45:35Z] CHK MOM:0% RANGE:0.08% UP:6.66% SPREAD:0.08090614% BID:0.1236 ASK:0.1237 MID:0.12365 P1:0.12365 P2:0.12365 P3:0.12365 P4:0.12365 STATE:IDLE
[2026-05-14 17:45:36Z] CHK MOM:0% RANGE:0.08% UP:7.14% SPREAD:0.08090614% BID:0.1236 ASK:0.1237 MID:0.12365 P1:0.12365 P2:0.12365 P3:0.12365 P4:0.12365 STATE:IDLE
[2026-05-14 17:45:36Z] CHK MOM:0% RANGE:0.08% UP:7.14% SPREAD:0.08090614% BID:0.1236 ASK:0.1237 MID:0.12365 P1:0.12365 P2:0.12365 P3:0.12365 P4:0.12365 STATE:IDLE
[2026-05-14 17:45:37Z] CHK MOM:0% RANGE:0.08% UP:7.14% SPREAD:0.08090614% BID:0.1236 ASK:0.1237 MID:0.12365 P1:0.12365 P2:0.12365 P3:0.12365 P4:0.12365 STATE:IDLE
[2026-05-14 17:45:38Z] CHK MOM:0% RANGE:0.08% UP:8.33% SPREAD:0.08090614% BID:0.1236 ASK:0.1237 MID:0.12365 P1:0.12365 P2:0.12365 P3:0.12365 P4:0.12365 STATE:IDLE
[2026-05-14 17:45:38Z] CHK MOM:0% RANGE:0.08% UP:8.33% SPREAD:0.08090614% BID:0.1236 ASK:0.1237 MID:0.12365 P1:0.12365 P2:0.12365 P3:0.12365 P4:0.12365 STATE:IDLE
[2026-05-14 17:45:39Z] CHK MOM:0% RANGE:0.08% UP:8.33% SPREAD:0.08090614% BID:0.1236 ASK:0.1237 MID:0.12365 P1:0.12365 P2:0.12365 P3:0.12365 P4:0.12365 STATE:IDLE
[2026-05-14 17:45:39Z] CHK MOM:0.08% RANGE:0.16% UP:15.38% SPREAD:0.08084074% BID:0.1237 ASK:0.1238 MID:0.12375 P1:0.12375 P2:0.12365 P3:0.12365 P4:0.12365 STATE:IDLE
[2026-05-14 17:45:40Z] CHK MOM:0.08% RANGE:0.16% UP:14.28% SPREAD:0.08084074% BID:0.1237 ASK:0.1238 MID:0.12375 P1:0.12375 P2:0.12375 P3:0.12365 P4:0.12365 STATE:IDLE
[2026-05-14 17:45:40Z] CHK MOM:0.16% RANGE:0.16% UP:14.28% SPREAD:0.08084074% BID:0.1237 ASK:0.1238 MID:0.12375 P1:0.12375 P2:0.12375 P3:0.12375 P4:0.12365 STATE:IDLE
[2026-05-14 17:45:41Z] CHK MOM:0.16% RANGE:0.16% UP:14.28% SPREAD:0.08084074% BID:0.1237 ASK:0.1238 MID:0.12375 P1:0.12375 P2:0.12375 P3:0.12375 P4:0.12375 STATE:IDLE
[2026-05-14 17:45:41Z] CHK MOM:0.16% RANGE:0.16% UP:14.28% SPREAD:0.08084074% BID:0.1237 ASK:0.1238 MID:0.12375 P1:0.12375 P2:0.12375 P3:0.12375 P4:0.12375 STATE:IDLE
[2026-05-14 17:45:42Z] CHK MOM:0.16% RANGE:0.16% UP:15.38% SPREAD:0.08084074% BID:0.1237 ASK:0.1238 MID:0.12375 P1:0.12375 P2:0.12375 P3:0.12375 P4:0.12375 STATE:IDLE
[2026-05-14 17:45:43Z] CHK MOM:0% RANGE:0.08% UP:8.33% SPREAD:0.08090614% BID:0.1236 ASK:0.1237 MID:0.12365 P1:0.12365 P2:0.12375 P3:0.12375 P4:0.12375 STATE:IDLE
[2026-05-14 17:45:43Z] CHK MOM:-0.08% RANGE:0.16% UP:8.33% SPREAD:0.08097165% BID:0.1235 ASK:0.1236 MID:0.12355 P1:0.12355 P2:0.12365 P3:0.12375 P4:0.12375 STATE:IDLE
[2026-05-14 17:45:44Z] CHK MOM:0% RANGE:0.16% UP:16.66% SPREAD:0.08090614% BID:0.1236 ASK:0.1237 MID:0.12365 P1:0.12365 P2:0.12355 P3:0.12365 P4:0.12375 STATE:IDLE
[2026-05-14 17:45:44Z] CHK MOM:0% RANGE:0.16% UP:16.66% SPREAD:0.08090614% BID:0.1236 ASK:0.1237 MID:0.12365 P1:0.12365 P2:0.12365 P3:0.12355 P4:0.12365 STATE:IDLE
[2026-05-14 17:45:45Z] CHK MOM:0% RANGE:0.16% UP:15.38% SPREAD:0.08090614% BID:0.1236 ASK:0.1237 MID:0.12365 P1:0.12365 P2:0.12365 P3:0.12365 P4:0.12355 STATE:IDLE
[2026-05-14 17:45:45Z] CHK MOM:0% RANGE:0.16% UP:15.38% SPREAD:0.08090614% BID:0.1236 ASK:0.1237 MID:0.12365 P1:0.12365 P2:0.12365 P3:0.12365 P4:0.12355 STATE:IDLE
[2026-05-14 17:45:46Z] CHK MOM:0% RANGE:0.16% UP:15.38% SPREAD:0.08090614% BID:0.1236 ASK:0.1237 MID:0.12365 P1:0.12365 P2:0.12365 P3:0.12365 P4:0.12355 STATE:IDLE
[2026-05-14 17:45:46Z] CHK MOM:0% RANGE:0.16% UP:14.28% SPREAD:0.08090614% BID:0.1236 ASK:0.1237 MID:0.12365 P1:0.12365 P2:0.12365 P3:0.12365 P4:0.12365 STATE:IDLE
[2026-05-14 17:45:47Z] CHK MOM:0% RANGE:0.16% UP:14.28% SPREAD:0.08090614% BID:0.1236 ASK:0.1237 MID:0.12365 P1:0.12365 P2:0.12365 P3:0.12365 P4:0.12365 STATE:IDLE
[2026-05-14 17:45:47Z] CHK MOM:0% RANGE:0.16% UP:14.28% SPREAD:0.08090614% BID:0.1236 ASK:0.1237 MID:0.12365 P1:0.12365 P2:0.12365 P3:0.12365 P4:0.12365 STATE:IDLE
[2026-05-14 17:45:48Z] CHK MOM:0% RANGE:0.16% UP:14.28% SPREAD:0.08090614% BID:0.1236 ASK:0.1237 MID:0.12365 P1:0.12365 P2:0.12365 P3:0.12365 P4:0.12365 STATE:IDLE
[2026-05-14 17:45:49Z] CHK MOM:-0.08% RANGE:0.16% UP:13.33% SPREAD:0.08097165% BID:0.1235 ASK:0.1236 MID:0.12355 P1:0.12355 P2:0.12365 P3:0.12365 P4:0.12365 STATE:IDLE
[2026-05-14 17:45:49Z] CHK MOM:0% RANGE:0.16% UP:18.75% SPREAD:0.08090614% BID:0.1236 ASK:0.1237 MID:0.12365 P1:0.12365 P2:0.12355 P3:0.12365 P4:0.12365 STATE:IDLE
[2026-05-14 17:45:50Z] CHK MOM:0% RANGE:0.16% UP:17.64% SPREAD:0.08090614% BID:0.1236 ASK:0.1237 MID:0.12365 P1:0.12365 P2:0.12365 P3:0.12355 P4:0.12365 STATE:IDLE
[2026-05-14 17:45:50Z] CHK MOM:-0.08% RANGE:0.16% UP:17.64% SPREAD:0.08097165% BID:0.1235 ASK:0.1236 MID:0.12355 P1:0.12355 P2:0.12365 P3:0.12365 P4:0.12355 STATE:IDLE
[2026-05-14 17:45:51Z] CHK MOM:-0.08% RANGE:0.16% UP:16.66% SPREAD:0.08097165% BID:0.1235 ASK:0.1236 MID:0.12355 P1:0.12355 P2:0.12355 P3:0.12365 P4:0.12365 STATE:IDLE
[2026-05-14 17:45:51Z] CHK MOM:-0.16% RANGE:0.16% UP:11.11% SPREAD:0.08097165% BID:0.1235 ASK:0.1236 MID:0.12355 P1:0.12355 P2:0.12355 P3:0.12355 P4:0.12365 STATE:IDLE
[2026-05-14 17:45:52Z] CHK MOM:-0.08% RANGE:0.16% UP:17.64% SPREAD:0.08090614% BID:0.1236 ASK:0.1237 MID:0.12365 P1:0.12365 P2:0.12355 P3:0.12355 P4:0.12355 STATE:IDLE
[2026-05-14 17:45:52Z] CHK MOM:-0.08% RANGE:0.16% UP:17.64% SPREAD:0.08090614% BID:0.1236 ASK:0.1237 MID:0.12365 P1:0.12365 P2:0.12365 P3:0.12355 P4:0.12355 STATE:IDLE
[2026-05-14 17:45:53Z] CHK MOM:-0.16% RANGE:0.16% UP:17.64% SPREAD:0.08097165% BID:0.1235 ASK:0.1236 MID:0.12355 P1:0.12355 P2:0.12365 P3:0.12365 P4:0.12355 STATE:IDLE
[2026-05-14 17:45:54Z] CHK MOM:-0.16% RANGE:0.16% UP:16.66% SPREAD:0.08097165% BID:0.1235 ASK:0.1236 MID:0.12355 P1:0.12355 P2:0.12355 P3:0.12365 P4:0.12365 STATE:IDLE
[2026-05-14 17:45:54Z] CHK MOM:-0.08% RANGE:0.08% UP:16.66% SPREAD:0.08097165% BID:0.1235 ASK:0.1236 MID:0.12355 P1:0.12355 P2:0.12355 P3:0.12355 P4:0.12365 STATE:IDLE
[2026-05-14 17:45:55Z] CHK MOM:0.04% RANGE:0.08% UP:22.22% SPREAD:0.16194331% BID:0.1235 ASK:0.1237 MID:0.1236 P1:0.1236 P2:0.12355 P3:0.12355 P4:0.12355 STATE:IDLE
[2026-05-14 17:45:55Z] CHK MOM:-0.08% RANGE:0.08% UP:16.66% SPREAD:0.08097165% BID:0.1235 ASK:0.1236 MID:0.12355 P1:0.12355 P2:0.1236 P3:0.12355 P4:0.12355 STATE:IDLE
[2026-05-14 17:45:56Z] CHK MOM:-0.08% RANGE:0.08% UP:15.78% SPREAD:0.08097165% BID:0.1235 ASK:0.1236 MID:0.12355 P1:0.12355 P2:0.12355 P3:0.1236 P4:0.12355 STATE:IDLE
[2026-05-14 17:45:56Z] CHK MOM:-0.08% RANGE:0.08% UP:15.78% SPREAD:0.08097165% BID:0.1235 ASK:0.1236 MID:0.12355 P1:0.12355 P2:0.12355 P3:0.1236 P4:0.12355 STATE:IDLE
[2026-05-14 17:45:57Z] CHK MOM:-0.08% RANGE:0.08% UP:15.78% SPREAD:0.08097165% BID:0.1235 ASK:0.1236 MID:0.12355 P1:0.12355 P2:0.12355 P3:0.1236 P4:0.12355 STATE:IDLE
[2026-05-14 17:45:57Z] CHK MOM:-0.08% RANGE:0.08% UP:17.64% SPREAD:0.08097165% BID:0.1235 ASK:0.1236 MID:0.12355 P1:0.12355 P2:0.12355 P3:0.12355 P4:0.1236 STATE:IDLE
[2026-05-14 17:45:58Z] CHK MOM:-0.08% RANGE:0.08% UP:16.66% SPREAD:0.08097165% BID:0.1235 ASK:0.1236 MID:0.12355 P1:0.12355 P2:0.12355 P3:0.12355 P4:0.12355 STATE:IDLE
[2026-05-14 17:45:58Z] CHK MOM:-0.08% RANGE:0.08% UP:16.66% SPREAD:0.08097165% BID:0.1235 ASK:0.1236 MID:0.12355 P1:0.12355 P2:0.12355 P3:0.12355 P4:0.12355 STATE:IDLE
[2026-05-14 17:45:59Z] CHK MOM:-0.08% RANGE:0.08% UP:16.66% SPREAD:0.08097165% BID:0.1235 ASK:0.1236 MID:0.12355 P1:0.12355 P2:0.12355 P3:0.12355 P4:0.12355 STATE:IDLE
[2026-05-14 17:46:00Z] CHK MOM:-0.08% RANGE:0.08% UP:17.64% SPREAD:0.08097165% BID:0.1235 ASK:0.1236 MID:0.12355 P1:0.12355 P2:0.12355 P3:0.12355 P4:0.12355 STATE:IDLE
[2026-05-14 17:46:00Z] CHK MOM:0% RANGE:0.08% UP:17.64% SPREAD:0.08097165% BID:0.1235 ASK:0.1236 MID:0.12355 P1:0.12355 P2:0.12355 P3:0.12355 P4:0.12355 STATE:IDLE
[2026-05-14 17:46:01Z] CHK MOM:0% RANGE:0.08% UP:17.64% SPREAD:0.08090614% BID:0.1236 ASK:0.1237 MID:0.12365 P1:0.12365 P2:0.12355 P3:0.12355 P4:0.12355 STATE:IDLE
[2026-05-14 17:46:01Z] CHK MOM:0% RANGE:0.08% UP:17.64% SPREAD:0.08090614% BID:0.1236 ASK:0.1237 MID:0.12365 P1:0.12365 P2:0.12365 P3:0.12355 P4:0.12355 STATE:IDLE
[2026-05-14 17:46:02Z] CHK MOM:0.08% RANGE:0.08% UP:17.64% SPREAD:0.08090614% BID:0.1236 ASK:0.1237 MID:0.12365 P1:0.12365 P2:0.12365 P3:0.12365 P4:0.12355 STATE:IDLE
[2026-05-14 17:46:02Z] CHK MOM:0.08% RANGE:0.08% UP:16.66% SPREAD:0.08090614% BID:0.1236 ASK:0.1237 MID:0.12365 P1:0.12365 P2:0.12365 P3:0.12365 P4:0.12365 STATE:IDLE
[2026-05-14 17:46:03Z] CHK MOM:0.08% RANGE:0.08% UP:16.66% SPREAD:0.08090614% BID:0.1236 ASK:0.1237 MID:0.12365 P1:0.12365 P2:0.12365 P3:0.12365 P4:0.12365 STATE:IDLE
[2026-05-14 17:46:03Z] CHK MOM:0% RANGE:0.08% UP:11.76% SPREAD:0.08090614% BID:0.1236 ASK:0.1237 MID:0.12365 P1:0.12365 P2:0.12365 P3:0.12365 P4:0.12365 STATE:IDLE
[2026-05-14 17:46:04Z] CHK MOM:0% RANGE:0.08% UP:11.76% SPREAD:0.08090614% BID:0.1236 ASK:0.1237 MID:0.12365 P1:0.12365 P2:0.12365 P3:0.12365 P4:0.12365 STATE:IDLE
[2026-05-14 17:46:05Z] CHK MOM:0.08% RANGE:0.08% UP:13.33% SPREAD:0.08090614% BID:0.1236 ASK:0.1237 MID:0.12365 P1:0.12365 P2:0.12365 P3:0.12365 P4:0.12365 STATE:IDLE
[2026-05-14 17:46:05Z] CHK MOM:0.08% RANGE:0.08% UP:12.5% SPREAD:0.08090614% BID:0.1236 ASK:0.1237 MID:0.12365 P1:0.12365 P2:0.12365 P3:0.12365 P4:0.12365 STATE:IDLE
[2026-05-14 17:46:06Z] CHK MOM:0.08% RANGE:0.08% UP:12.5% SPREAD:0.08090614% BID:0.1236 ASK:0.1237 MID:0.12365 P1:0.12365 P2:0.12365 P3:0.12365 P4:0.12365 STATE:IDLE
[2026-05-14 17:46:06Z] CHK MOM:0.08% RANGE:0.08% UP:12.5% SPREAD:0.08090614% BID:0.1236 ASK:0.1237 MID:0.12365 P1:0.12365 P2:0.12365 P3:0.12365 P4:0.12365 STATE:IDLE
[2026-05-14 17:46:07Z] CHK MOM:0.04% RANGE:0.08% UP:6.25% SPREAD:0.08090614% BID:0.1236 ASK:0.1237 MID:0.12365 P1:0.12365 P2:0.12365 P3:0.12365 P4:0.12365 STATE:IDLE
[2026-05-14 17:46:07Z] CHK MOM:0.08% RANGE:0.08% UP:6.25% SPREAD:0.08090614% BID:0.1236 ASK:0.1237 MID:0.12365 P1:0.12365 P2:0.12365 P3:0.12365 P4:0.12365 STATE:IDLE
[2026-05-14 17:46:08Z] CHK MOM:0.08% RANGE:0.08% UP:6.25% SPREAD:0.08090614% BID:0.1236 ASK:0.1237 MID:0.12365 P1:0.12365 P2:0.12365 P3:0.12365 P4:0.12365 STATE:IDLE
[2026-05-14 17:46:08Z] CHK MOM:0.08% RANGE:0.08% UP:6.25% SPREAD:0.08090614% BID:0.1236 ASK:0.1237 MID:0.12365 P1:0.12365 P2:0.12365 P3:0.12365 P4:0.12365 STATE:IDLE
[2026-05-14 17:46:09Z] CHK MOM:0.08% RANGE:0.08% UP:6.25% SPREAD:0.08090614% BID:0.1236 ASK:0.1237 MID:0.12365 P1:0.12365 P2:0.12365 P3:0.12365 P4:0.12365 STATE:IDLE
[2026-05-14 17:46:10Z] CHK MOM:0.08% RANGE:0.08% UP:6.66% SPREAD:0.08090614% BID:0.1236 ASK:0.1237 MID:0.12365 P1:0.12365 P2:0.12365 P3:0.12365 P4:0.12365 STATE:IDLE
[2026-05-14 17:46:10Z] CHK MOM:0.08% RANGE:0.08% UP:6.25% SPREAD:0.08090614% BID:0.1236 ASK:0.1237 MID:0.12365 P1:0.12365 P2:0.12365 P3:0.12365 P4:0.12365 STATE:IDLE
[2026-05-14 17:46:11Z] CHK MOM:0.08% RANGE:0.08% UP:6.25% SPREAD:0.08090614% BID:0.1236 ASK:0.1237 MID:0.12365 P1:0.12365 P2:0.12365 P3:0.12365 P4:0.12365 STATE:IDLE
[2026-05-14 17:46:11Z] CHK MOM:0.16% RANGE:0.16% UP:11.76% SPREAD:0.08084074% BID:0.1237 ASK:0.1238 MID:0.12375 P1:0.12375 P2:0.12365 P3:0.12365 P4:0.12365 STATE:IDLE
[2026-05-14 17:46:12Z] CHK MOM:0.16% RANGE:0.16% UP:11.76% SPREAD:0.08084074% BID:0.1237 ASK:0.1238 MID:0.12375 P1:0.12375 P2:0.12375 P3:0.12365 P4:0.12365 STATE:IDLE
