[2026-05-14 18:02:33Z] SESSION_START symbol=KITEUSDC dry_run=0 profile=major strategy=momentum base_url=https://api.binance.com
[2026-05-14 18:02:33Z] TOXIC_MEMORY_LOADED count=6 symbols=GUNUSDC,JTOUSDC,ORDIUSDC,PENDLEUSDC,SAHARAUSDC,TONUSDC
[2026-05-14 18:02:35Z] CHK MOM:0% RANGE:0% UP:0% SPREAD:0.04614674% BID:0.2167 ASK:0.2168 MID:0.21675 P1:0.21675 P2:NA P3:NA P4:NA STATE:IDLE
[2026-05-14 18:02:35Z] CHK MOM:0% RANGE:0% UP:0% SPREAD:0.04614674% BID:0.2167 ASK:0.2168 MID:0.21675 P1:0.21675 P2:0.21675 P3:NA P4:NA STATE:IDLE
[2026-05-14 18:02:36Z] CHK MOM:0% RANGE:0% UP:0% SPREAD:0.04614674% BID:0.2167 ASK:0.2168 MID:0.21675 P1:0.21675 P2:0.21675 P3:NA P4:NA STATE:IDLE
[2026-05-14 18:02:36Z] CHK MOM:-0.02% RANGE:0.02% UP:0% SPREAD:0.0923361% BID:0.2166 ASK:0.2168 MID:0.2167 P1:0.2167 P2:0.21675 P3:0.21675 P4:NA STATE:IDLE
[2026-05-14 18:02:37Z] CHK MOM:-0.04% RANGE:0.04% UP:0% SPREAD:0.04616805% BID:0.2166 ASK:0.2167 MID:0.21665 P1:0.21665 P2:0.2167 P3:0.21675 P4:0.21675 STATE:IDLE
[2026-05-14 18:02:37Z] CHK MOM:-0.04% RANGE:0.04% UP:0% SPREAD:0.04616805% BID:0.2166 ASK:0.2167 MID:0.21665 P1:0.21665 P2:0.2167 P3:0.21675 P4:0.21675 STATE:IDLE
[2026-05-14 18:02:38Z] CHK MOM:-0.04% RANGE:0.04% UP:0% SPREAD:0.04616805% BID:0.2166 ASK:0.2167 MID:0.21665 P1:0.21665 P2:0.2167 P3:0.21675 P4:0.21675 STATE:IDLE
[2026-05-14 18:02:38Z] CHK MOM:-0.04% RANGE:0.04% UP:0% SPREAD:0.04616805% BID:0.2166 ASK:0.2167 MID:0.21665 P1:0.21665 P2:0.2167 P3:0.21675 P4:0.21675 STATE:IDLE
[2026-05-14 18:02:39Z] CHK MOM:-0.04% RANGE:0.04% UP:0% SPREAD:0.04616805% BID:0.2166 ASK:0.2167 MID:0.21665 P1:0.21665 P2:0.2167 P3:0.21675 P4:0.21675 STATE:IDLE
[2026-05-14 18:02:40Z] CHK MOM:-0.04% RANGE:0.04% UP:0% SPREAD:0.04616805% BID:0.2166 ASK:0.2167 MID:0.21665 P1:0.21665 P2:0.2167 P3:0.21675 P4:0.21675 STATE:IDLE
[2026-05-14 18:02:40Z] CHK MOM:-0.04% RANGE:0.04% UP:0% SPREAD:0.04616805% BID:0.2166 ASK:0.2167 MID:0.21665 P1:0.21665 P2:0.21665 P3:0.2167 P4:0.21675 STATE:IDLE
[2026-05-14 18:02:41Z] CHK MOM:-0.06% RANGE:0.06% UP:0% SPREAD:0.09237875% BID:0.2165 ASK:0.2167 MID:0.2166 P1:0.2166 P2:0.21665 P3:0.21665 P4:0.2167 STATE:IDLE
[2026-05-14 18:02:41Z] CHK MOM:-0.06% RANGE:0.06% UP:0% SPREAD:0.09237875% BID:0.2165 ASK:0.2167 MID:0.2166 P1:0.2166 P2:0.21665 P3:0.21665 P4:0.2167 STATE:IDLE
[2026-05-14 18:02:42Z] CHK MOM:-0.06% RANGE:0.06% UP:0% SPREAD:0.09237875% BID:0.2165 ASK:0.2167 MID:0.2166 P1:0.2166 P2:0.21665 P3:0.21665 P4:0.2167 STATE:IDLE
[2026-05-14 18:02:42Z] CHK MOM:-0.06% RANGE:0.06% UP:0% SPREAD:0.09237875% BID:0.2165 ASK:0.2167 MID:0.2166 P1:0.2166 P2:0.21665 P3:0.21665 P4:0.2167 STATE:IDLE
[2026-05-14 18:02:43Z] CHK MOM:-0.06% RANGE:0.06% UP:0% SPREAD:0.09237875% BID:0.2165 ASK:0.2167 MID:0.2166 P1:0.2166 P2:0.21665 P3:0.21665 P4:0.2167 STATE:IDLE
[2026-05-14 18:02:43Z] CHK MOM:-0.06% RANGE:0.06% UP:0% SPREAD:0.09237875% BID:0.2165 ASK:0.2167 MID:0.2166 P1:0.2166 P2:0.21665 P3:0.21665 P4:0.2167 STATE:IDLE
[2026-05-14 18:02:55Z] CHK MOM:0% RANGE:0% UP:0% SPREAD:0.09237875% BID:0.2165 ASK:0.2167 MID:0.2166 P1:0.2166 P2:0.2166 P3:0.21665 P4:0.21665 STATE:IDLE
[2026-05-14 18:02:56Z] CHK MOM:0% RANGE:0% UP:0% SPREAD:0.09237875% BID:0.2165 ASK:0.2167 MID:0.2166 P1:0.2166 P2:0.2166 P3:0.2166 P4:0.21665 STATE:IDLE
[2026-05-14 18:02:56Z] CHK MOM:0% RANGE:0% UP:0% SPREAD:0.09237875% BID:0.2165 ASK:0.2167 MID:0.2166 P1:0.2166 P2:0.2166 P3:0.2166 P4:0.21665 STATE:IDLE
[2026-05-14 18:02:57Z] CHK MOM:0% RANGE:0% UP:0% SPREAD:0.09237875% BID:0.2165 ASK:0.2167 MID:0.2166 P1:0.2166 P2:0.2166 P3:0.2166 P4:0.21665 STATE:IDLE
[2026-05-14 18:02:57Z] CHK MOM:0% RANGE:0% UP:0% SPREAD:0.09237875% BID:0.2165 ASK:0.2167 MID:0.2166 P1:0.2166 P2:0.2166 P3:0.2166 P4:0.21665 STATE:IDLE
[2026-05-14 18:02:58Z] CHK MOM:0% RANGE:0% UP:0% SPREAD:0.09237875% BID:0.2165 ASK:0.2167 MID:0.2166 P1:0.2166 P2:0.2166 P3:0.2166 P4:0.21665 STATE:IDLE
[2026-05-14 18:02:58Z] CHK MOM:0% RANGE:0% UP:0% SPREAD:0.09237875% BID:0.2165 ASK:0.2167 MID:0.2166 P1:0.2166 P2:0.2166 P3:0.2166 P4:0.2166 STATE:IDLE
[2026-05-14 18:02:59Z] CHK MOM:0% RANGE:0% UP:0% SPREAD:0.09237875% BID:0.2165 ASK:0.2167 MID:0.2166 P1:0.2166 P2:0.2166 P3:0.2166 P4:0.2166 STATE:IDLE
[2026-05-14 18:02:59Z] CHK MOM:0% RANGE:0% UP:0% SPREAD:0.09237875% BID:0.2165 ASK:0.2167 MID:0.2166 P1:0.2166 P2:0.2166 P3:0.2166 P4:0.2166 STATE:IDLE
[2026-05-14 18:03:00Z] CHK MOM:0% RANGE:0% UP:0% SPREAD:0.09237875% BID:0.2165 ASK:0.2167 MID:0.2166 P1:0.2166 P2:0.2166 P3:0.2166 P4:0.2166 STATE:IDLE
[2026-05-14 18:03:01Z] CHK MOM:0% RANGE:0% UP:0% SPREAD:0.09237875% BID:0.2165 ASK:0.2167 MID:0.2166 P1:0.2166 P2:0.2166 P3:0.2166 P4:0.2166 STATE:IDLE
[2026-05-14 18:03:01Z] CHK MOM:-0.02% RANGE:0.02% UP:0% SPREAD:0.13863216% BID:0.2164 ASK:0.2167 MID:0.21655 P1:0.21655 P2:0.2166 P3:0.2166 P4:0.2166 STATE:IDLE
[2026-05-14 18:03:02Z] CHK MOM:-0.02% RANGE:0.02% UP:0% SPREAD:0.13863216% BID:0.2164 ASK:0.2167 MID:0.21655 P1:0.21655 P2:0.2166 P3:0.2166 P4:0.2166 STATE:IDLE
[2026-05-14 18:03:02Z] CHK MOM:-0.02% RANGE:0.02% UP:0% SPREAD:0.13863216% BID:0.2164 ASK:0.2167 MID:0.21655 P1:0.21655 P2:0.2166 P3:0.2166 P4:0.2166 STATE:IDLE
[2026-05-14 18:03:03Z] CHK MOM:-0.02% RANGE:0.02% UP:0% SPREAD:0.13863216% BID:0.2164 ASK:0.2167 MID:0.21655 P1:0.21655 P2:0.2166 P3:0.2166 P4:0.2166 STATE:IDLE
[2026-05-14 18:03:03Z] CHK MOM:-0.02% RANGE:0.02% UP:0% SPREAD:0.13863216% BID:0.2164 ASK:0.2167 MID:0.21655 P1:0.21655 P2:0.21655 P3:0.2166 P4:0.2166 STATE:IDLE
[2026-05-14 18:03:04Z] CHK MOM:-0.02% RANGE:0.02% UP:0% SPREAD:0.13863216% BID:0.2164 ASK:0.2167 MID:0.21655 P1:0.21655 P2:0.21655 P3:0.2166 P4:0.2166 STATE:IDLE
[2026-05-14 18:03:04Z] CHK MOM:-0.02% RANGE:0.02% UP:0% SPREAD:0.13863216% BID:0.2164 ASK:0.2167 MID:0.21655 P1:0.21655 P2:0.21655 P3:0.21655 P4:0.2166 STATE:IDLE
[2026-05-14 18:03:05Z] CHK MOM:-0.02% RANGE:0.02% UP:0% SPREAD:0.13863216% BID:0.2164 ASK:0.2167 MID:0.21655 P1:0.21655 P2:0.21655 P3:0.21655 P4:0.2166 STATE:IDLE
[2026-05-14 18:03:06Z] CHK MOM:-0.02% RANGE:0.02% UP:0% SPREAD:0.13863216% BID:0.2164 ASK:0.2167 MID:0.21655 P1:0.21655 P2:0.21655 P3:0.21655 P4:0.2166 STATE:IDLE
[2026-05-14 18:03:06Z] CHK MOM:-0.02% RANGE:0.02% UP:0% SPREAD:0.13863216% BID:0.2164 ASK:0.2167 MID:0.21655 P1:0.21655 P2:0.21655 P3:0.21655 P4:0.2166 STATE:IDLE
[2026-05-14 18:03:07Z] CHK MOM:-0.02% RANGE:0.02% UP:0% SPREAD:0.13863216% BID:0.2164 ASK:0.2167 MID:0.21655 P1:0.21655 P2:0.21655 P3:0.21655 P4:0.21655 STATE:IDLE
[2026-05-14 18:03:07Z] CHK MOM:0% RANGE:0.02% UP:16.66% SPREAD:0.09237875% BID:0.2165 ASK:0.2167 MID:0.2166 P1:0.2166 P2:0.21655 P3:0.21655 P4:0.21655 STATE:IDLE
[2026-05-14 18:03:08Z] CHK MOM:0% RANGE:0.02% UP:16.66% SPREAD:0.09237875% BID:0.2165 ASK:0.2167 MID:0.2166 P1:0.2166 P2:0.21655 P3:0.21655 P4:0.21655 STATE:IDLE
[2026-05-14 18:03:08Z] CHK MOM:0% RANGE:0.02% UP:16.66% SPREAD:0.09237875% BID:0.2165 ASK:0.2167 MID:0.2166 P1:0.2166 P2:0.21655 P3:0.21655 P4:0.21655 STATE:IDLE
[2026-05-14 18:03:09Z] CHK MOM:0% RANGE:0.02% UP:16.66% SPREAD:0.09237875% BID:0.2165 ASK:0.2167 MID:0.2166 P1:0.2166 P2:0.21655 P3:0.21655 P4:0.21655 STATE:IDLE
[2026-05-14 18:03:09Z] CHK MOM:0% RANGE:0.02% UP:16.66% SPREAD:0.09237875% BID:0.2165 ASK:0.2167 MID:0.2166 P1:0.2166 P2:0.21655 P3:0.21655 P4:0.21655 STATE:IDLE
[2026-05-14 18:03:10Z] CHK MOM:0% RANGE:0.02% UP:16.66% SPREAD:0.09237875% BID:0.2165 ASK:0.2167 MID:0.2166 P1:0.2166 P2:0.21655 P3:0.21655 P4:0.21655 STATE:IDLE
[2026-05-14 18:03:11Z] CHK MOM:0% RANGE:0.02% UP:20% SPREAD:0.13863216% BID:0.2164 ASK:0.2167 MID:0.21655 P1:0.21655 P2:0.2166 P3:0.21655 P4:0.21655 STATE:IDLE
[2026-05-14 18:03:12Z] CHK MOM:0.02% RANGE:0.02% UP:33.33% SPREAD:0.09237875% BID:0.2165 ASK:0.2167 MID:0.2166 P1:0.2166 P2:0.21655 P3:0.2166 P4:0.21655 STATE:IDLE
[2026-05-14 18:03:12Z] CHK MOM:0.02% RANGE:0.02% UP:33.33% SPREAD:0.09237875% BID:0.2165 ASK:0.2167 MID:0.2166 P1:0.2166 P2:0.21655 P3:0.2166 P4:0.21655 STATE:IDLE
[2026-05-14 18:03:13Z] CHK MOM:0.02% RANGE:0.02% UP:33.33% SPREAD:0.09237875% BID:0.2165 ASK:0.2167 MID:0.2166 P1:0.2166 P2:0.21655 P3:0.2166 P4:0.21655 STATE:IDLE
[2026-05-14 18:03:13Z] CHK MOM:0.02% RANGE:0.02% UP:33.33% SPREAD:0.09237875% BID:0.2165 ASK:0.2167 MID:0.2166 P1:0.2166 P2:0.2166 P3:0.21655 P4:0.2166 STATE:IDLE
[2026-05-14 18:03:14Z] CHK MOM:0.02% RANGE:0.02% UP:33.33% SPREAD:0.09237875% BID:0.2165 ASK:0.2167 MID:0.2166 P1:0.2166 P2:0.2166 P3:0.21655 P4:0.2166 STATE:IDLE
[2026-05-14 18:03:14Z] CHK MOM:-0.06% RANGE:0.09% UP:28.57% SPREAD:0.09246417% BID:0.2163 ASK:0.2165 MID:0.21639999 P1:0.21639999 P2:0.2166 P3:0.2166 P4:0.21655 STATE:IDLE
[2026-05-14 18:03:15Z] CHK MOM:-0.09% RANGE:0.11% UP:25% SPREAD:0.1387604% BID:0.2162 ASK:0.2165 MID:0.21635 P1:0.21635 P2:0.21639999 P3:0.2166 P4:0.2166 STATE:IDLE
[2026-05-14 18:03:15Z] CHK MOM:-0.09% RANGE:0.11% UP:25% SPREAD:0.1387604% BID:0.2162 ASK:0.2165 MID:0.21635 P1:0.21635 P2:0.21639999 P3:0.2166 P4:0.2166 STATE:IDLE
[2026-05-14 18:03:16Z] CHK MOM:-0.09% RANGE:0.11% UP:25% SPREAD:0.1387604% BID:0.2162 ASK:0.2165 MID:0.21635 P1:0.21635 P2:0.21635 P3:0.21639999 P4:0.2166 STATE:IDLE
[2026-05-14 18:03:17Z] CHK MOM:-0.09% RANGE:0.11% UP:25% SPREAD:0.1387604% BID:0.2162 ASK:0.2165 MID:0.21635 P1:0.21635 P2:0.21635 P3:0.21639999 P4:0.2166 STATE:IDLE
[2026-05-14 18:03:17Z] CHK MOM:-0.09% RANGE:0.11% UP:25% SPREAD:0.1387604% BID:0.2162 ASK:0.2165 MID:0.21635 P1:0.21635 P2:0.21635 P3:0.21639999 P4:0.2166 STATE:IDLE
[2026-05-14 18:03:18Z] CHK MOM:-0.09% RANGE:0.11% UP:25% SPREAD:0.1387604% BID:0.2162 ASK:0.2165 MID:0.21635 P1:0.21635 P2:0.21635 P3:0.21639999 P4:0.2166 STATE:IDLE
[2026-05-14 18:03:18Z] CHK MOM:-0.09% RANGE:0.11% UP:25% SPREAD:0.1387604% BID:0.2162 ASK:0.2165 MID:0.21635 P1:0.21635 P2:0.21635 P3:0.21639999 P4:0.2166 STATE:IDLE
[2026-05-14 18:03:20Z] CHK MOM:-0.06% RANGE:0.11% UP:33.33% SPREAD:0.09246417% BID:0.2163 ASK:0.2165 MID:0.21639999 P1:0.21639999 P2:0.21635 P3:0.21635 P4:0.21639999 STATE:IDLE
[2026-05-14 18:03:20Z] CHK MOM:-0.06% RANGE:0.11% UP:33.33% SPREAD:0.09246417% BID:0.2163 ASK:0.2165 MID:0.21639999 P1:0.21639999 P2:0.21635 P3:0.21635 P4:0.21639999 STATE:IDLE
[2026-05-14 18:03:21Z] CHK MOM:-0.06% RANGE:0.11% UP:28.57% SPREAD:0.09246417% BID:0.2163 ASK:0.2165 MID:0.21639999 P1:0.21639999 P2:0.21639999 P3:0.21635 P4:0.21635 STATE:IDLE
[2026-05-14 18:03:21Z] CHK MOM:-0.06% RANGE:0.11% UP:28.57% SPREAD:0.09246417% BID:0.2163 ASK:0.2165 MID:0.21639999 P1:0.21639999 P2:0.21639999 P3:0.21635 P4:0.21635 STATE:IDLE
[2026-05-14 18:03:22Z] CHK MOM:-0.06% RANGE:0.11% UP:28.57% SPREAD:0.09246417% BID:0.2163 ASK:0.2165 MID:0.21639999 P1:0.21639999 P2:0.21639999 P3:0.21635 P4:0.21635 STATE:IDLE
[2026-05-14 18:03:23Z] CHK MOM:-0.06% RANGE:0.11% UP:28.57% SPREAD:0.09246417% BID:0.2163 ASK:0.2165 MID:0.21639999 P1:0.21639999 P2:0.21639999 P3:0.21635 P4:0.21635 STATE:IDLE
[2026-05-14 18:03:23Z] CHK MOM:-0.11% RANGE:0.11% UP:16.66% SPREAD:0.1387604% BID:0.2162 ASK:0.2165 MID:0.21635 P1:0.21635 P2:0.21639999 P3:0.21639999 P4:0.21635 STATE:IDLE
[2026-05-14 18:03:24Z] CHK MOM:-0.11% RANGE:0.11% UP:16.66% SPREAD:0.1387604% BID:0.2162 ASK:0.2165 MID:0.21635 P1:0.21635 P2:0.21639999 P3:0.21639999 P4:0.21635 STATE:IDLE
[2026-05-14 18:03:24Z] CHK MOM:-0.09% RANGE:0.11% UP:28.57% SPREAD:0.09246417% BID:0.2163 ASK:0.2165 MID:0.21639999 P1:0.21639999 P2:0.21635 P3:0.21639999 P4:0.21639999 STATE:IDLE
[2026-05-14 18:03:25Z] CHK MOM:-0.09% RANGE:0.11% UP:28.57% SPREAD:0.09246417% BID:0.2163 ASK:0.2165 MID:0.21639999 P1:0.21639999 P2:0.21635 P3:0.21639999 P4:0.21639999 STATE:IDLE
[2026-05-14 18:03:25Z] CHK MOM:-0.09% RANGE:0.11% UP:28.57% SPREAD:0.09246417% BID:0.2163 ASK:0.2165 MID:0.21639999 P1:0.21639999 P2:0.21635 P3:0.21639999 P4:0.21639999 STATE:IDLE
[2026-05-14 18:03:26Z] CHK MOM:-0.09% RANGE:0.11% UP:28.57% SPREAD:0.09246417% BID:0.2163 ASK:0.2165 MID:0.21639999 P1:0.21639999 P2:0.21635 P3:0.21639999 P4:0.21639999 STATE:IDLE
[2026-05-14 18:03:26Z] CHK MOM:-0.09% RANGE:0.11% UP:28.57% SPREAD:0.09246417% BID:0.2163 ASK:0.2165 MID:0.21639999 P1:0.21639999 P2:0.21635 P3:0.21639999 P4:0.21639999 STATE:IDLE
[2026-05-14 18:03:27Z] CHK MOM:-0.09% RANGE:0.11% UP:28.57% SPREAD:0.09246417% BID:0.2163 ASK:0.2165 MID:0.21639999 P1:0.21639999 P2:0.21635 P3:0.21639999 P4:0.21639999 STATE:IDLE
[2026-05-14 18:03:28Z] CHK MOM:0.02% RANGE:0.02% UP:40% SPREAD:0.09246417% BID:0.2163 ASK:0.2165 MID:0.21639999 P1:0.21639999 P2:0.21639999 P3:0.21635 P4:0.21639999 STATE:IDLE
[2026-05-14 18:03:28Z] CHK MOM:0.02% RANGE:0.02% UP:40% SPREAD:0.09246417% BID:0.2163 ASK:0.2165 MID:0.21639999 P1:0.21639999 P2:0.21639999 P3:0.21635 P4:0.21639999 STATE:IDLE
[2026-05-14 18:03:29Z] CHK MOM:-0.06% RANGE:0.06% UP:20% SPREAD:0.13882461% BID:0.2161 ASK:0.2164 MID:0.21625 P1:0.21625 P2:0.21639999 P3:0.21639999 P4:0.21635 STATE:IDLE
[2026-05-14 18:03:29Z] CHK MOM:-0.04% RANGE:0.06% UP:33.33% SPREAD:0.09250693% BID:0.2162 ASK:0.2164 MID:0.2163 P1:0.2163 P2:0.21625 P3:0.21639999 P4:0.21639999 STATE:IDLE
[2026-05-14 18:03:30Z] CHK MOM:-0.04% RANGE:0.06% UP:33.33% SPREAD:0.09250693% BID:0.2162 ASK:0.2164 MID:0.2163 P1:0.2163 P2:0.21625 P3:0.21639999 P4:0.21639999 STATE:IDLE
[2026-05-14 18:03:30Z] CHK MOM:-0.04% RANGE:0.06% UP:33.33% SPREAD:0.09250693% BID:0.2162 ASK:0.2164 MID:0.2163 P1:0.2163 P2:0.21625 P3:0.21639999 P4:0.21639999 STATE:IDLE
[2026-05-14 18:03:31Z] CHK MOM:-0.04% RANGE:0.06% UP:33.33% SPREAD:0.09250693% BID:0.2162 ASK:0.2164 MID:0.2163 P1:0.2163 P2:0.21625 P3:0.21639999 P4:0.21639999 STATE:IDLE
[2026-05-14 18:03:31Z] CHK MOM:-0.04% RANGE:0.06% UP:33.33% SPREAD:0.09250693% BID:0.2162 ASK:0.2164 MID:0.2163 P1:0.2163 P2:0.21625 P3:0.21639999 P4:0.21639999 STATE:IDLE
[2026-05-14 18:03:32Z] CHK MOM:-0.04% RANGE:0.06% UP:28.57% SPREAD:0.09250693% BID:0.2162 ASK:0.2164 MID:0.2163 P1:0.2163 P2:0.2163 P3:0.21625 P4:0.21639999 STATE:IDLE
[2026-05-14 18:03:33Z] CHK MOM:-0.04% RANGE:0.06% UP:28.57% SPREAD:0.09250693% BID:0.2162 ASK:0.2164 MID:0.2163 P1:0.2163 P2:0.2163 P3:0.21625 P4:0.21639999 STATE:IDLE
[2026-05-14 18:03:33Z] CHK MOM:0% RANGE:0.06% UP:50% SPREAD:0.04623208% BID:0.2163 ASK:0.2164 MID:0.21635 P1:0.21635 P2:0.2163 P3:0.2163 P4:0.21625 STATE:IDLE
[2026-05-14 18:03:34Z] CHK MOM:0% RANGE:0.06% UP:42.85% SPREAD:0.04623208% BID:0.2163 ASK:0.2164 MID:0.21635 P1:0.21635 P2:0.21635 P3:0.2163 P4:0.2163 STATE:IDLE
[2026-05-14 18:03:34Z] CHK MOM:0.02% RANGE:0.06% UP:50% SPREAD:0.09246417% BID:0.2163 ASK:0.2165 MID:0.21639999 P1:0.21639999 P2:0.21635 P3:0.21635 P4:0.2163 STATE:IDLE
[2026-05-14 18:03:35Z] CHK MOM:0.02% RANGE:0.06% UP:50% SPREAD:0.09246417% BID:0.2163 ASK:0.2165 MID:0.21639999 P1:0.21639999 P2:0.21635 P3:0.21635 P4:0.2163 STATE:IDLE
[2026-05-14 18:03:35Z] CHK MOM:0.02% RANGE:0.06% UP:50% SPREAD:0.09246417% BID:0.2163 ASK:0.2165 MID:0.21639999 P1:0.21639999 P2:0.21635 P3:0.21635 P4:0.2163 STATE:IDLE
[2026-05-14 18:03:36Z] CHK MOM:0.02% RANGE:0.06% UP:50% SPREAD:0.09246417% BID:0.2163 ASK:0.2165 MID:0.21639999 P1:0.21639999 P2:0.21635 P3:0.21635 P4:0.2163 STATE:IDLE
[2026-05-14 18:03:36Z] CHK MOM:0.02% RANGE:0.06% UP:50% SPREAD:0.09246417% BID:0.2163 ASK:0.2165 MID:0.21639999 P1:0.21639999 P2:0.21635 P3:0.21635 P4:0.2163 STATE:IDLE
[2026-05-14 18:03:40Z] CHK MOM:0.27% RANGE:0.27% UP:66.66% SPREAD:0.04612546% BID:0.2168 ASK:0.2169 MID:0.21685 P1:0.21685 P2:0.21639999 P3:0.21635 P4:0.21635 STATE:IDLE
[2026-05-14 18:03:41Z] CHK MOM:0.36% RANGE:0.36% UP:71.42% SPREAD:0.04608294% BID:0.217 ASK:0.2171 MID:0.21705 P1:0.21705 P2:0.21685 P3:0.21639999 P4:0.21635 STATE:IDLE
[2026-05-14 18:03:41Z] CHK MOM:0.36% RANGE:0.36% UP:71.42% SPREAD:0.04608294% BID:0.217 ASK:0.2171 MID:0.21705 P1:0.21705 P2:0.21685 P3:0.21639999 P4:0.21635 STATE:IDLE
[2026-05-14 18:03:42Z] CHK MOM:0.36% RANGE:0.36% UP:71.42% SPREAD:0.04608294% BID:0.217 ASK:0.2171 MID:0.21705 P1:0.21705 P2:0.21685 P3:0.21639999 P4:0.21635 STATE:IDLE
[2026-05-14 18:03:42Z] CHK MOM:0.36% RANGE:0.36% UP:71.42% SPREAD:0.04608294% BID:0.217 ASK:0.2171 MID:0.21705 P1:0.21705 P2:0.21685 P3:0.21639999 P4:0.21635 STATE:IDLE
[2026-05-14 18:03:43Z] CHK MOM:0.32% RANGE:0.34% UP:66.66% SPREAD:0.09220839% BID:0.2169 ASK:0.2171 MID:0.217 P1:0.217 P2:0.21705 P3:0.21685 P4:0.21639999 STATE:IDLE
[2026-05-14 18:03:43Z] CHK MOM:0.32% RANGE:0.34% UP:66.66% SPREAD:0.09220839% BID:0.2169 ASK:0.2171 MID:0.217 P1:0.217 P2:0.21705 P3:0.21685 P4:0.21639999 STATE:IDLE
[2026-05-14 18:03:44Z] CHK MOM:0.32% RANGE:0.34% UP:66.66% SPREAD:0.09220839% BID:0.2169 ASK:0.2171 MID:0.217 P1:0.217 P2:0.21705 P3:0.21685 P4:0.21639999 STATE:IDLE
[2026-05-14 18:03:44Z] CHK MOM:0.3% RANGE:0.32% UP:50% SPREAD:0.09220839% BID:0.2169 ASK:0.2171 MID:0.217 P1:0.217 P2:0.217 P3:0.21705 P4:0.21685 STATE:IDLE
[2026-05-14 18:03:45Z] CHK MOM:0.27% RANGE:0.32% UP:42.85% SPREAD:0.13837638% BID:0.2168 ASK:0.2171 MID:0.21694999 P1:0.21694999 P2:0.217 P3:0.217 P4:0.21705 STATE:IDLE
[2026-05-14 18:03:46Z] CHK MOM:0.27% RANGE:0.32% UP:42.85% SPREAD:0.13837638% BID:0.2168 ASK:0.2171 MID:0.21694999 P1:0.21694999 P2:0.217 P3:0.217 P4:0.21705 STATE:IDLE
[2026-05-14 18:03:46Z] CHK MOM:0.27% RANGE:0.32% UP:42.85% SPREAD:0.13837638% BID:0.2168 ASK:0.2171 MID:0.21694999 P1:0.21694999 P2:0.217 P3:0.217 P4:0.21705 STATE:IDLE
[2026-05-14 18:03:47Z] CHK MOM:0.27% RANGE:0.32% UP:42.85% SPREAD:0.13837638% BID:0.2168 ASK:0.2171 MID:0.21694999 P1:0.21694999 P2:0.217 P3:0.217 P4:0.21705 STATE:IDLE
[2026-05-14 18:03:47Z] CHK MOM:0.02% RANGE:0.09% UP:20% SPREAD:0.09225092% BID:0.2168 ASK:0.217 MID:0.21689999 P1:0.21689999 P2:0.21694999 P3:0.217 P4:0.217 STATE:IDLE
[2026-05-14 18:03:48Z] CHK MOM:0.02% RANGE:0.09% UP:20% SPREAD:0.09225092% BID:0.2168 ASK:0.217 MID:0.21689999 P1:0.21689999 P2:0.21694999 P3:0.217 P4:0.217 STATE:IDLE
[2026-05-14 18:03:48Z] CHK MOM:0.02% RANGE:0.09% UP:20% SPREAD:0.09225092% BID:0.2168 ASK:0.217 MID:0.21689999 P1:0.21689999 P2:0.21694999 P3:0.217 P4:0.217 STATE:IDLE
[2026-05-14 18:03:49Z] CHK MOM:0.02% RANGE:0.09% UP:20% SPREAD:0.09225092% BID:0.2168 ASK:0.217 MID:0.21689999 P1:0.21689999 P2:0.21694999 P3:0.217 P4:0.217 STATE:IDLE
[2026-05-14 18:03:49Z] CHK MOM:0.02% RANGE:0.09% UP:20% SPREAD:0.09225092% BID:0.2168 ASK:0.217 MID:0.21689999 P1:0.21689999 P2:0.21694999 P3:0.217 P4:0.217 STATE:IDLE
[2026-05-14 18:03:50Z] CHK MOM:0.02% RANGE:0.09% UP:20% SPREAD:0.09225092% BID:0.2168 ASK:0.217 MID:0.21689999 P1:0.21689999 P2:0.21694999 P3:0.217 P4:0.217 STATE:IDLE
[2026-05-14 18:03:52Z] CHK MOM:0% RANGE:0.09% UP:16.66% SPREAD:0.13844023% BID:0.2167 ASK:0.217 MID:0.21685 P1:0.21685 P2:0.21689999 P3:0.21694999 P4:0.217 STATE:IDLE
[2026-05-14 18:03:52Z] CHK MOM:-0.02% RANGE:0.11% UP:14.28% SPREAD:0.09229349% BID:0.2167 ASK:0.2169 MID:0.2168 P1:0.2168 P2:0.21685 P3:0.21689999 P4:0.21694999 STATE:IDLE
[2026-05-14 18:03:53Z] CHK MOM:-0.09% RANGE:0.09% UP:0% SPREAD:0.09229349% BID:0.2167 ASK:0.2169 MID:0.2168 P1:0.2168 P2:0.2168 P3:0.21685 P4:0.21689999 STATE:IDLE
[2026-05-14 18:03:53Z] CHK MOM:-0.09% RANGE:0.09% UP:0% SPREAD:0.09229349% BID:0.2167 ASK:0.2169 MID:0.2168 P1:0.2168 P2:0.2168 P3:0.21685 P4:0.21689999 STATE:IDLE
[2026-05-14 18:03:54Z] CHK MOM:-0.09% RANGE:0.09% UP:0% SPREAD:0.09229349% BID:0.2167 ASK:0.2169 MID:0.2168 P1:0.2168 P2:0.2168 P3:0.21685 P4:0.21689999 STATE:IDLE
[2026-05-14 18:03:54Z] CHK MOM:-0.09% RANGE:0.09% UP:0% SPREAD:0.09229349% BID:0.2167 ASK:0.2169 MID:0.2168 P1:0.2168 P2:0.2168 P3:0.21685 P4:0.21689999 STATE:IDLE
[2026-05-14 18:03:55Z] CHK MOM:-0.09% RANGE:0.09% UP:0% SPREAD:0.09229349% BID:0.2167 ASK:0.2169 MID:0.2168 P1:0.2168 P2:0.2168 P3:0.21685 P4:0.21689999 STATE:IDLE
[2026-05-14 18:03:55Z] CHK MOM:-0.09% RANGE:0.09% UP:0% SPREAD:0.09229349% BID:0.2167 ASK:0.2169 MID:0.2168 P1:0.2168 P2:0.2168 P3:0.21685 P4:0.21689999 STATE:IDLE
[2026-05-14 18:03:56Z] CHK MOM:-0.11% RANGE:0.11% UP:0% SPREAD:0.13850415% BID:0.2166 ASK:0.2169 MID:0.21675 P1:0.21675 P2:0.2168 P3:0.2168 P4:0.21685 STATE:IDLE
[2026-05-14 18:03:56Z] CHK MOM:-0.11% RANGE:0.11% UP:0% SPREAD:0.13850415% BID:0.2166 ASK:0.2169 MID:0.21675 P1:0.21675 P2:0.2168 P3:0.2168 P4:0.21685 STATE:IDLE
[2026-05-14 18:03:57Z] CHK MOM:-0.11% RANGE:0.11% UP:0% SPREAD:0.13850415% BID:0.2166 ASK:0.2169 MID:0.21675 P1:0.21675 P2:0.2168 P3:0.2168 P4:0.21685 STATE:IDLE
[2026-05-14 18:03:58Z] CHK MOM:-0.06% RANGE:0.06% UP:0% SPREAD:0.13850415% BID:0.2166 ASK:0.2169 MID:0.21675 P1:0.21675 P2:0.21675 P3:0.2168 P4:0.2168 STATE:IDLE
[2026-05-14 18:03:58Z] CHK MOM:-0.09% RANGE:0.09% UP:0% SPREAD:0.0923361% BID:0.2166 ASK:0.2168 MID:0.2167 P1:0.2167 P2:0.21675 P3:0.21675 P4:0.2168 STATE:IDLE
[2026-05-14 18:03:59Z] CHK MOM:-0.09% RANGE:0.09% UP:0% SPREAD:0.0923361% BID:0.2166 ASK:0.2168 MID:0.2167 P1:0.2167 P2:0.21675 P3:0.21675 P4:0.2168 STATE:IDLE
[2026-05-14 18:03:59Z] CHK MOM:-0.06% RANGE:0.06% UP:0% SPREAD:0.0923361% BID:0.2166 ASK:0.2168 MID:0.2167 P1:0.2167 P2:0.2167 P3:0.21675 P4:0.21675 STATE:IDLE
[2026-05-14 18:04:00Z] CHK MOM:-0.06% RANGE:0.06% UP:0% SPREAD:0.0923361% BID:0.2166 ASK:0.2168 MID:0.2167 P1:0.2167 P2:0.2167 P3:0.21675 P4:0.21675 STATE:IDLE
[2026-05-14 18:04:00Z] CHK MOM:-0.11% RANGE:0.11% UP:0% SPREAD:0.09237875% BID:0.2165 ASK:0.2167 MID:0.2166 P1:0.2166 P2:0.2167 P3:0.2167 P4:0.21675 STATE:IDLE
[2026-05-14 18:04:01Z] CHK MOM:-0.11% RANGE:0.11% UP:0% SPREAD:0.09237875% BID:0.2165 ASK:0.2167 MID:0.2166 P1:0.2166 P2:0.2167 P3:0.2167 P4:0.21675 STATE:IDLE
[2026-05-14 18:04:01Z] CHK MOM:-0.11% RANGE:0.11% UP:0% SPREAD:0.09237875% BID:0.2165 ASK:0.2167 MID:0.2166 P1:0.2166 P2:0.2167 P3:0.2167 P4:0.21675 STATE:IDLE
[2026-05-14 18:04:02Z] CHK MOM:-0.11% RANGE:0.11% UP:0% SPREAD:0.09237875% BID:0.2165 ASK:0.2167 MID:0.2166 P1:0.2166 P2:0.2167 P3:0.2167 P4:0.21675 STATE:IDLE
[2026-05-14 18:04:03Z] CHK MOM:-0.11% RANGE:0.11% UP:0% SPREAD:0.09237875% BID:0.2165 ASK:0.2167 MID:0.2166 P1:0.2166 P2:0.2166 P3:0.2167 P4:0.2167 STATE:IDLE
[2026-05-14 18:04:03Z] CHK MOM:-0.11% RANGE:0.11% UP:0% SPREAD:0.09237875% BID:0.2165 ASK:0.2167 MID:0.2166 P1:0.2166 P2:0.2166 P3:0.2166 P4:0.2167 STATE:IDLE
[2026-05-14 18:04:04Z] CHK MOM:-0.11% RANGE:0.11% UP:0% SPREAD:0.09237875% BID:0.2165 ASK:0.2167 MID:0.2166 P1:0.2166 P2:0.2166 P3:0.2166 P4:0.2167 STATE:IDLE
[2026-05-14 18:04:04Z] CHK MOM:-0.11% RANGE:0.11% UP:0% SPREAD:0.09237875% BID:0.2165 ASK:0.2167 MID:0.2166 P1:0.2166 P2:0.2166 P3:0.2166 P4:0.2167 STATE:IDLE
[2026-05-14 18:04:05Z] CHK MOM:-0.11% RANGE:0.11% UP:0% SPREAD:0.09237875% BID:0.2165 ASK:0.2167 MID:0.2166 P1:0.2166 P2:0.2166 P3:0.2166 P4:0.2167 STATE:IDLE
[2026-05-14 18:04:05Z] CHK MOM:-0.06% RANGE:0.06% UP:0% SPREAD:0.09237875% BID:0.2165 ASK:0.2167 MID:0.2166 P1:0.2166 P2:0.2166 P3:0.2166 P4:0.2166 STATE:IDLE
[2026-05-14 18:04:06Z] CHK MOM:-0.06% RANGE:0.06% UP:0% SPREAD:0.09237875% BID:0.2165 ASK:0.2167 MID:0.2166 P1:0.2166 P2:0.2166 P3:0.2166 P4:0.2166 STATE:IDLE
[2026-05-14 18:04:06Z] CHK MOM:-0.09% RANGE:0.09% UP:0% SPREAD:0.13863216% BID:0.2164 ASK:0.2167 MID:0.21655 P1:0.21655 P2:0.2166 P3:0.2166 P4:0.2166 STATE:IDLE
[2026-05-14 18:04:07Z] CHK MOM:-0.11% RANGE:0.11% UP:0% SPREAD:0.09242144% BID:0.2164 ASK:0.2166 MID:0.2165 P1:0.2165 P2:0.21655 P3:0.2166 P4:0.2166 STATE:IDLE
[2026-05-14 18:04:07Z] CHK MOM:-0.11% RANGE:0.11% UP:0% SPREAD:0.09242144% BID:0.2164 ASK:0.2166 MID:0.2165 P1:0.2165 P2:0.21655 P3:0.2166 P4:0.2166 STATE:IDLE
[2026-05-14 18:04:08Z] CHK MOM:-0.11% RANGE:0.11% UP:0% SPREAD:0.09242144% BID:0.2164 ASK:0.2166 MID:0.2165 P1:0.2165 P2:0.21655 P3:0.2166 P4:0.2166 STATE:IDLE
[2026-05-14 18:04:09Z] CHK MOM:-0.11% RANGE:0.11% UP:0% SPREAD:0.09242144% BID:0.2164 ASK:0.2166 MID:0.2165 P1:0.2165 P2:0.21655 P3:0.2166 P4:0.2166 STATE:IDLE
[2026-05-14 18:04:09Z] CHK MOM:-0.11% RANGE:0.11% UP:0% SPREAD:0.09242144% BID:0.2164 ASK:0.2166 MID:0.2165 P1:0.2165 P2:0.21655 P3:0.2166 P4:0.2166 STATE:IDLE
[2026-05-14 18:04:16Z] CHK MOM:0.02% RANGE:0.06% UP:33.33% SPREAD:0.04616805% BID:0.2166 ASK:0.2167 MID:0.21665 P1:0.21665 P2:0.2165 P3:0.21655 P4:0.2166 STATE:IDLE
[2026-05-14 18:04:16Z] CHK MOM:0% RANGE:0.06% UP:25% SPREAD:0.09237875% BID:0.2165 ASK:0.2167 MID:0.2166 P1:0.2166 P2:0.21665 P3:0.2165 P4:0.21655 STATE:IDLE
[2026-05-14 18:04:17Z] CHK MOM:0% RANGE:0.06% UP:25% SPREAD:0.09237875% BID:0.2165 ASK:0.2167 MID:0.2166 P1:0.2166 P2:0.21665 P3:0.2165 P4:0.21655 STATE:IDLE
[2026-05-14 18:04:17Z] CHK MOM:0% RANGE:0.06% UP:25% SPREAD:0.09237875% BID:0.2165 ASK:0.2167 MID:0.2166 P1:0.2166 P2:0.21665 P3:0.2165 P4:0.21655 STATE:IDLE
[2026-05-14 18:04:18Z] CHK MOM:0% RANGE:0.06% UP:25% SPREAD:0.09237875% BID:0.2165 ASK:0.2167 MID:0.2166 P1:0.2166 P2:0.21665 P3:0.2165 P4:0.21655 STATE:IDLE
[2026-05-14 18:04:18Z] CHK MOM:0% RANGE:0.06% UP:25% SPREAD:0.09237875% BID:0.2165 ASK:0.2167 MID:0.2166 P1:0.2166 P2:0.21665 P3:0.2165 P4:0.21655 STATE:IDLE
[2026-05-14 18:04:19Z] CHK MOM:0.09% RANGE:0.09% UP:66.66% SPREAD:0.0923361% BID:0.2166 ASK:0.2168 MID:0.2167 P1:0.2167 P2:0.2166 P3:0.21665 P4:0.2165 STATE:IDLE
[2026-05-14 18:04:19Z] CHK MOM:0.09% RANGE:0.09% UP:66.66% SPREAD:0.0923361% BID:0.2166 ASK:0.2168 MID:0.2167 P1:0.2167 P2:0.2166 P3:0.21665 P4:0.2165 STATE:IDLE
[2026-05-14 18:04:20Z] CHK MOM:0.09% RANGE:0.09% UP:66.66% SPREAD:0.0923361% BID:0.2166 ASK:0.2168 MID:0.2167 P1:0.2167 P2:0.2166 P3:0.21665 P4:0.2165 STATE:IDLE
[2026-05-14 18:04:20Z] CHK MOM:0.09% RANGE:0.09% UP:66.66% SPREAD:0.0923361% BID:0.2166 ASK:0.2168 MID:0.2167 P1:0.2167 P2:0.2166 P3:0.21665 P4:0.2165 STATE:IDLE
[2026-05-14 18:04:21Z] CHK MOM:0.09% RANGE:0.09% UP:66.66% SPREAD:0.0923361% BID:0.2166 ASK:0.2168 MID:0.2167 P1:0.2167 P2:0.2166 P3:0.21665 P4:0.2165 STATE:IDLE
[2026-05-14 18:04:23Z] CHK MOM:0.02% RANGE:0.04% UP:33.33% SPREAD:0.0923361% BID:0.2166 ASK:0.2168 MID:0.2167 P1:0.2167 P2:0.2167 P3:0.2166 P4:0.21665 STATE:IDLE
[2026-05-14 18:04:23Z] CHK MOM:0.02% RANGE:0.04% UP:33.33% SPREAD:0.0923361% BID:0.2166 ASK:0.2168 MID:0.2167 P1:0.2167 P2:0.2167 P3:0.2166 P4:0.21665 STATE:IDLE
[2026-05-14 18:04:24Z] CHK MOM:0.02% RANGE:0.04% UP:25% SPREAD:0.0923361% BID:0.2166 ASK:0.2168 MID:0.2167 P1:0.2167 P2:0.2167 P3:0.2167 P4:0.2166 STATE:IDLE
[2026-05-14 18:04:25Z] CHK MOM:0.02% RANGE:0.04% UP:25% SPREAD:0.0923361% BID:0.2166 ASK:0.2168 MID:0.2167 P1:0.2167 P2:0.2167 P3:0.2167 P4:0.2166 STATE:IDLE
[2026-05-14 18:04:25Z] CHK MOM:0.02% RANGE:0.04% UP:25% SPREAD:0.0923361% BID:0.2166 ASK:0.2168 MID:0.2167 P1:0.2167 P2:0.2167 P3:0.2167 P4:0.2166 STATE:IDLE
[2026-05-14 18:04:26Z] CHK MOM:0.02% RANGE:0.04% UP:25% SPREAD:0.0923361% BID:0.2166 ASK:0.2168 MID:0.2167 P1:0.2167 P2:0.2167 P3:0.2167 P4:0.2166 STATE:IDLE
[2026-05-14 18:04:26Z] CHK MOM:0.02% RANGE:0.04% UP:25% SPREAD:0.0923361% BID:0.2166 ASK:0.2168 MID:0.2167 P1:0.2167 P2:0.2167 P3:0.2167 P4:0.2166 STATE:IDLE
[2026-05-14 18:04:27Z] CHK MOM:0.04% RANGE:0.06% UP:40% SPREAD:0.04614674% BID:0.2167 ASK:0.2168 MID:0.21675 P1:0.21675 P2:0.2167 P3:0.2167 P4:0.2167 STATE:IDLE
[2026-05-14 18:04:27Z] CHK MOM:0.04% RANGE:0.06% UP:40% SPREAD:0.04614674% BID:0.2167 ASK:0.2168 MID:0.21675 P1:0.21675 P2:0.2167 P3:0.2167 P4:0.2167 STATE:IDLE
[2026-05-14 18:04:28Z] CHK MOM:0% RANGE:0.02% UP:25% SPREAD:0.0923361% BID:0.2166 ASK:0.2168 MID:0.2167 P1:0.2167 P2:0.21675 P3:0.2167 P4:0.2167 STATE:IDLE
[2026-05-14 18:04:28Z] CHK MOM:0% RANGE:0.02% UP:20% SPREAD:0.0923361% BID:0.2166 ASK:0.2168 MID:0.2167 P1:0.2167 P2:0.2167 P3:0.21675 P4:0.2167 STATE:IDLE
[2026-05-14 18:04:29Z] CHK MOM:0% RANGE:0.02% UP:16.66% SPREAD:0.0923361% BID:0.2166 ASK:0.2168 MID:0.2167 P1:0.2167 P2:0.2167 P3:0.2167 P4:0.21675 STATE:IDLE
[2026-05-14 18:04:29Z] CHK MOM:0% RANGE:0.02% UP:16.66% SPREAD:0.0923361% BID:0.2166 ASK:0.2168 MID:0.2167 P1:0.2167 P2:0.2167 P3:0.2167 P4:0.21675 STATE:IDLE
[2026-05-14 18:04:30Z] CHK MOM:0% RANGE:0.02% UP:16.66% SPREAD:0.0923361% BID:0.2166 ASK:0.2168 MID:0.2167 P1:0.2167 P2:0.2167 P3:0.2167 P4:0.21675 STATE:IDLE
[2026-05-14 18:04:30Z] CHK MOM:0% RANGE:0.02% UP:16.66% SPREAD:0.0923361% BID:0.2166 ASK:0.2168 MID:0.2167 P1:0.2167 P2:0.2167 P3:0.2167 P4:0.21675 STATE:IDLE
[2026-05-14 18:04:31Z] CHK MOM:0% RANGE:0.02% UP:16.66% SPREAD:0.0923361% BID:0.2166 ASK:0.2168 MID:0.2167 P1:0.2167 P2:0.2167 P3:0.2167 P4:0.21675 STATE:IDLE
[2026-05-14 18:04:32Z] CHK MOM:0% RANGE:0.02% UP:16.66% SPREAD:0.0923361% BID:0.2166 ASK:0.2168 MID:0.2167 P1:0.2167 P2:0.2167 P3:0.2167 P4:0.21675 STATE:IDLE
[2026-05-14 18:04:37Z] CHK MOM:-0.02% RANGE:0.02% UP:0% SPREAD:0.0923361% BID:0.2166 ASK:0.2168 MID:0.2167 P1:0.2167 P2:0.2167 P3:0.2167 P4:0.2167 STATE:IDLE
