[2026-05-12 00:00:47Z] SESSION_START symbol=KITEUSDC dry_run=0 profile=major strategy=momentum base_url=https://api.binance.com
[2026-05-12 00:00:47Z] TOXIC_MEMORY_LOADED count=5 symbols=GUNUSDC,JTOUSDC,ORDIUSDC,SAHARAUSDC,TONUSDC
[2026-05-12 00:00:49Z] CHK MOM:0% RANGE:0% UP:0% SPREAD:0.16685205% BID:0.1798 ASK:0.1801 MID:0.17995 P1:0.17995 P2:NA P3:NA P4:NA STATE:IDLE
[2026-05-12 00:00:49Z] CHK MOM:-0.16% RANGE:0.16% UP:0% SPREAD:0.16713091% BID:0.1795 ASK:0.1798 MID:0.17964999 P1:0.17964999 P2:0.17995 P3:NA P4:NA STATE:IDLE
[2026-05-12 00:00:50Z] CHK MOM:-0.25% RANGE:0.25% UP:0% SPREAD:0.11148272% BID:0.1794 ASK:0.1796 MID:0.1795 P1:0.1795 P2:0.17964999 P3:0.17995 P4:NA STATE:IDLE
[2026-05-12 00:00:50Z] CHK MOM:-0.25% RANGE:0.25% UP:0% SPREAD:0.11148272% BID:0.1794 ASK:0.1796 MID:0.1795 P1:0.1795 P2:0.17964999 P3:0.17995 P4:NA STATE:IDLE
[2026-05-12 00:00:51Z] CHK MOM:-0.22% RANGE:0.25% UP:33.33% SPREAD:0.0557103% BID:0.1795 ASK:0.1796 MID:0.17955 P1:0.17955 P2:0.1795 P3:0.17964999 P4:0.17995 STATE:IDLE
[2026-05-12 00:00:51Z] CHK MOM:-0.19% RANGE:0.25% UP:50% SPREAD:0.11142061% BID:0.1795 ASK:0.1797 MID:0.17959999 P1:0.17959999 P2:0.17955 P3:0.1795 P4:0.17964999 STATE:IDLE
[2026-05-12 00:00:52Z] CHK MOM:-0.19% RANGE:0.25% UP:50% SPREAD:0.11142061% BID:0.1795 ASK:0.1797 MID:0.17959999 P1:0.17959999 P2:0.17955 P3:0.1795 P4:0.17964999 STATE:IDLE
[2026-05-12 00:00:52Z] CHK MOM:-0.25% RANGE:0.25% UP:40% SPREAD:0.11148272% BID:0.1794 ASK:0.1796 MID:0.1795 P1:0.1795 P2:0.17959999 P3:0.17955 P4:0.1795 STATE:IDLE
[2026-05-12 00:00:53Z] CHK MOM:-0.19% RANGE:0.25% UP:50% SPREAD:0.11142061% BID:0.1795 ASK:0.1797 MID:0.17959999 P1:0.17959999 P2:0.1795 P3:0.17959999 P4:0.17955 STATE:IDLE
[2026-05-12 00:00:53Z] CHK MOM:-0.22% RANGE:0.25% UP:42.85% SPREAD:0.0557103% BID:0.1795 ASK:0.1796 MID:0.17955 P1:0.17955 P2:0.17959999 P3:0.1795 P4:0.17959999 STATE:IDLE
[2026-05-12 00:00:54Z] CHK MOM:-0.22% RANGE:0.25% UP:42.85% SPREAD:0.0557103% BID:0.1795 ASK:0.1796 MID:0.17955 P1:0.17955 P2:0.17959999 P3:0.1795 P4:0.17959999 STATE:IDLE
[2026-05-12 00:00:55Z] CHK MOM:-0.19% RANGE:0.25% UP:50% SPREAD:0.11142061% BID:0.1795 ASK:0.1797 MID:0.17959999 P1:0.17959999 P2:0.17955 P3:0.17959999 P4:0.1795 STATE:IDLE
[2026-05-12 00:00:55Z] CHK MOM:-0.19% RANGE:0.25% UP:44.44% SPREAD:0.11142061% BID:0.1795 ASK:0.1797 MID:0.17959999 P1:0.17959999 P2:0.17959999 P3:0.17955 P4:0.17959999 STATE:IDLE
[2026-05-12 00:00:56Z] CHK MOM:-0.22% RANGE:0.25% UP:40% SPREAD:0.16722408% BID:0.1794 ASK:0.1797 MID:0.17955 P1:0.17955 P2:0.17959999 P3:0.17959999 P4:0.17955 STATE:IDLE
[2026-05-12 00:00:56Z] CHK MOM:-0.19% RANGE:0.25% UP:45.45% SPREAD:0.11142061% BID:0.1795 ASK:0.1797 MID:0.17959999 P1:0.17959999 P2:0.17955 P3:0.17959999 P4:0.17959999 STATE:IDLE
[2026-05-12 00:00:57Z] CHK MOM:-0.19% RANGE:0.25% UP:45.45% SPREAD:0.11142061% BID:0.1795 ASK:0.1797 MID:0.17959999 P1:0.17959999 P2:0.17955 P3:0.17959999 P4:0.17959999 STATE:IDLE
[2026-05-12 00:00:57Z] CHK MOM:-0.19% RANGE:0.25% UP:45.45% SPREAD:0.11142061% BID:0.1795 ASK:0.1797 MID:0.17959999 P1:0.17959999 P2:0.17955 P3:0.17959999 P4:0.17959999 STATE:IDLE
[2026-05-12 00:00:58Z] CHK MOM:-0.19% RANGE:0.25% UP:45.45% SPREAD:0.11142061% BID:0.1795 ASK:0.1797 MID:0.17959999 P1:0.17959999 P2:0.17955 P3:0.17959999 P4:0.17959999 STATE:IDLE
[2026-05-12 00:00:58Z] CHK MOM:-0.19% RANGE:0.25% UP:41.66% SPREAD:0.11142061% BID:0.1795 ASK:0.1797 MID:0.17959999 P1:0.17959999 P2:0.17959999 P3:0.17955 P4:0.17959999 STATE:IDLE
[2026-05-12 00:00:59Z] CHK MOM:-0.22% RANGE:0.25% UP:38.46% SPREAD:0.16722408% BID:0.1794 ASK:0.1797 MID:0.17955 P1:0.17955 P2:0.17959999 P3:0.17959999 P4:0.17955 STATE:IDLE
[2026-05-12 00:01:00Z] CHK MOM:-0.22% RANGE:0.25% UP:38.46% SPREAD:0.16722408% BID:0.1794 ASK:0.1797 MID:0.17955 P1:0.17955 P2:0.17959999 P3:0.17959999 P4:0.17955 STATE:IDLE
[2026-05-12 00:01:00Z] CHK MOM:-0.16% RANGE:0.25% UP:42.85% SPREAD:0.05567928% BID:0.1796 ASK:0.1797 MID:0.17965 P1:0.17965 P2:0.17955 P3:0.17959999 P4:0.17959999 STATE:IDLE
[2026-05-12 00:01:01Z] CHK MOM:0.22% RANGE:0.3% UP:50% SPREAD:0.05555555% BID:0.18 ASK:0.1801 MID:0.18005 P1:0.18005 P2:0.17965 P3:0.17955 P4:0.17959999 STATE:IDLE
[2026-05-12 00:01:02Z] DECIDE_HOLD reason=HOLD_BURST_EMA spread=0.0556% mom=0.2227% range=0.3064% up=50.00% mid=0.18005000 P1=0.18005 P2=0.17965 P3=0.17955 P4=0.17959999999999998 ema5=0
[2026-05-12 00:01:02Z] CHK MOM:0.16% RANGE:0.3% UP:46.15% SPREAD:0.05561735% BID:0.1798 ASK:0.1799 MID:0.17985 P1:0.17985 P2:0.18005 P3:0.17965 P4:0.17955 STATE:IDLE
[2026-05-12 00:01:03Z] CHK MOM:0.05% RANGE:0.3% UP:38.46% SPREAD:0.11135857% BID:0.1796 ASK:0.1798 MID:0.1797 P1:0.1797 P2:0.17985 P3:0.18005 P4:0.17965 STATE:IDLE
[2026-05-12 00:01:03Z] CHK MOM:0.13% RANGE:0.3% UP:46.15% SPREAD:0.0556483% BID:0.1797 ASK:0.1798 MID:0.17975 P1:0.17975 P2:0.1797 P3:0.17985 P4:0.18005 STATE:IDLE
[2026-05-12 00:01:04Z] CHK MOM:0.22% RANGE:0.3% UP:50% SPREAD:0.1112347% BID:0.1798 ASK:0.18 MID:0.1799 P1:0.1799 P2:0.17975 P3:0.1797 P4:0.17985 STATE:IDLE
[2026-05-12 00:01:04Z] CHK MOM:0.22% RANGE:0.3% UP:50% SPREAD:0.1112347% BID:0.1798 ASK:0.18 MID:0.1799 P1:0.1799 P2:0.17975 P3:0.1797 P4:0.17985 STATE:IDLE
[2026-05-12 00:01:05Z] CHK MOM:0.11% RANGE:0.27% UP:46.15% SPREAD:0.0556483% BID:0.1797 ASK:0.1798 MID:0.17975 P1:0.17975 P2:0.1799 P3:0.17975 P4:0.1797 STATE:IDLE
[2026-05-12 00:01:06Z] CHK MOM:0.19% RANGE:0.27% UP:50% SPREAD:0.1112347% BID:0.1798 ASK:0.18 MID:0.1799 P1:0.1799 P2:0.17975 P3:0.1799 P4:0.17975 STATE:IDLE
[2026-05-12 00:01:06Z] CHK MOM:0.16% RANGE:0.27% UP:42.85% SPREAD:0.1112347% BID:0.1798 ASK:0.18 MID:0.1799 P1:0.1799 P2:0.1799 P3:0.17975 P4:0.1799 STATE:IDLE
[2026-05-12 00:01:07Z] CHK MOM:0.13% RANGE:0.27% UP:40% SPREAD:0.1669449% BID:0.1797 ASK:0.18 MID:0.17985 P1:0.17985 P2:0.1799 P3:0.1799 P4:0.17975 STATE:IDLE
[2026-05-12 00:01:07Z] CHK MOM:0.19% RANGE:0.27% UP:50% SPREAD:0.1112347% BID:0.1798 ASK:0.18 MID:0.1799 P1:0.1799 P2:0.17985 P3:0.1799 P4:0.1799 STATE:IDLE
[2026-05-12 00:01:08Z] CHK MOM:0.19% RANGE:0.27% UP:50% SPREAD:0.1112347% BID:0.1798 ASK:0.18 MID:0.1799 P1:0.1799 P2:0.17985 P3:0.1799 P4:0.1799 STATE:IDLE
[2026-05-12 00:01:08Z] CHK MOM:0.13% RANGE:0.27% UP:42.85% SPREAD:0.1669449% BID:0.1797 ASK:0.18 MID:0.17985 P1:0.17985 P2:0.1799 P3:0.17985 P4:0.1799 STATE:IDLE
[2026-05-12 00:01:09Z] CHK MOM:-0.02% RANGE:0.27% UP:42.85% SPREAD:0.16722408% BID:0.1794 ASK:0.1797 MID:0.17955 P1:0.17955 P2:0.17985 P3:0.1799 P4:0.17985 STATE:IDLE
[2026-05-12 00:01:09Z] CHK MOM:0.08% RANGE:0.27% UP:46.66% SPREAD:0.16703786% BID:0.1796 ASK:0.1799 MID:0.17975 P1:0.17975 P2:0.17955 P3:0.17985 P4:0.1799 STATE:IDLE
[2026-05-12 00:01:10Z] CHK MOM:0.16% RANGE:0.27% UP:50% SPREAD:0.1112347% BID:0.1798 ASK:0.18 MID:0.1799 P1:0.1799 P2:0.17975 P3:0.17955 P4:0.17985 STATE:IDLE
[2026-05-12 00:01:11Z] CHK MOM:0.11% RANGE:0.27% UP:47.05% SPREAD:0.1112966% BID:0.1797 ASK:0.1799 MID:0.1798 P1:0.1798 P2:0.1799 P3:0.17975 P4:0.17955 STATE:IDLE
[2026-05-12 00:01:11Z] CHK MOM:0.11% RANGE:0.27% UP:47.05% SPREAD:0.1112966% BID:0.1797 ASK:0.1799 MID:0.1798 P1:0.1798 P2:0.1799 P3:0.17975 P4:0.17955 STATE:IDLE
[2026-05-12 00:01:12Z] CHK MOM:0.11% RANGE:0.27% UP:47.05% SPREAD:0.1112966% BID:0.1797 ASK:0.1799 MID:0.1798 P1:0.1798 P2:0.1799 P3:0.17975 P4:0.17955 STATE:IDLE
[2026-05-12 00:01:12Z] CHK MOM:0.08% RANGE:0.27% UP:43.75% SPREAD:0.1112966% BID:0.1797 ASK:0.1799 MID:0.1798 P1:0.1798 P2:0.1798 P3:0.1799 P4:0.17975 STATE:IDLE
[2026-05-12 00:01:13Z] CHK MOM:0.08% RANGE:0.27% UP:43.75% SPREAD:0.1112966% BID:0.1797 ASK:0.1799 MID:0.1798 P1:0.1798 P2:0.1798 P3:0.1799 P4:0.17975 STATE:IDLE
[2026-05-12 00:01:13Z] CHK MOM:0.08% RANGE:0.27% UP:43.75% SPREAD:0.1112966% BID:0.1797 ASK:0.1799 MID:0.1798 P1:0.1798 P2:0.1798 P3:0.1799 P4:0.17975 STATE:IDLE
[2026-05-12 00:01:14Z] CHK MOM:0.08% RANGE:0.27% UP:43.75% SPREAD:0.1112966% BID:0.1797 ASK:0.1799 MID:0.1798 P1:0.1798 P2:0.1798 P3:0.1799 P4:0.17975 STATE:IDLE
[2026-05-12 00:01:14Z] CHK MOM:0.3% RANGE:0.47% UP:46.66% SPREAD:0.11092623% BID:0.1803 ASK:0.1805 MID:0.1804 P1:0.1804 P2:0.1798 P3:0.1798 P4:0.1799 STATE:IDLE
[2026-05-12 00:01:15Z] CHK MOM:0.3% RANGE:0.47% UP:46.66% SPREAD:0.11092623% BID:0.1803 ASK:0.1805 MID:0.1804 P1:0.1804 P2:0.1798 P3:0.1798 P4:0.1799 STATE:IDLE
[2026-05-12 00:01:15Z] CHK MOM:0.22% RANGE:0.47% UP:38.46% SPREAD:0.11098779% BID:0.1802 ASK:0.1804 MID:0.1803 P1:0.1803 P2:0.1804 P3:0.1798 P4:0.1798 STATE:IDLE
[2026-05-12 00:01:16Z] CHK MOM:0.27% RANGE:0.47% UP:38.46% SPREAD:0.16657412% BID:0.1801 ASK:0.1804 MID:0.18025 P1:0.18025 P2:0.1803 P3:0.1804 P4:0.1798 STATE:IDLE
[2026-05-12 00:01:17Z] CHK MOM:0.16% RANGE:0.47% UP:30.76% SPREAD:0.11104941% BID:0.1801 ASK:0.1803 MID:0.1802 P1:0.1802 P2:0.18025 P3:0.1803 P4:0.1804 STATE:IDLE
[2026-05-12 00:01:17Z] CHK MOM:-0.08% RANGE:0.47% UP:28.57% SPREAD:0.16703786% BID:0.1796 ASK:0.1799 MID:0.17975 P1:0.17975 P2:0.1802 P3:0.18025 P4:0.1803 STATE:IDLE
[2026-05-12 00:01:18Z] CHK MOM:-0.08% RANGE:0.47% UP:28.57% SPREAD:0.16703786% BID:0.1796 ASK:0.1799 MID:0.17975 P1:0.17975 P2:0.17975 P3:0.1802 P4:0.18025 STATE:IDLE
[2026-05-12 00:01:18Z] CHK MOM:-0.05% RANGE:0.47% UP:33.33% SPREAD:0.1112966% BID:0.1797 ASK:0.1799 MID:0.1798 P1:0.1798 P2:0.17975 P3:0.17975 P4:0.1802 STATE:IDLE
[2026-05-12 00:01:19Z] CHK MOM:-0.05% RANGE:0.47% UP:33.33% SPREAD:0.1112966% BID:0.1797 ASK:0.1799 MID:0.1798 P1:0.1798 P2:0.17975 P3:0.17975 P4:0.1802 STATE:IDLE
[2026-05-12 00:01:19Z] CHK MOM:-0.08% RANGE:0.47% UP:28.57% SPREAD:0.16703786% BID:0.1796 ASK:0.1799 MID:0.17975 P1:0.17975 P2:0.1798 P3:0.17975 P4:0.17975 STATE:IDLE
[2026-05-12 00:01:20Z] CHK MOM:-0.08% RANGE:0.47% UP:28.57% SPREAD:0.16703786% BID:0.1796 ASK:0.1799 MID:0.17975 P1:0.17975 P2:0.1798 P3:0.17975 P4:0.17975 STATE:IDLE
[2026-05-12 00:01:20Z] CHK MOM:0.13% RANGE:0.47% UP:38.46% SPREAD:0.1112966% BID:0.1797 ASK:0.1799 MID:0.1798 P1:0.1798 P2:0.17975 P3:0.1798 P4:0.17975 STATE:IDLE
[2026-05-12 00:01:21Z] CHK MOM:0.13% RANGE:0.47% UP:35.71% SPREAD:0.1112966% BID:0.1797 ASK:0.1799 MID:0.1798 P1:0.1798 P2:0.1798 P3:0.17975 P4:0.1798 STATE:IDLE
[2026-05-12 00:01:22Z] CHK MOM:-0.33% RANGE:0.61% UP:23.07% SPREAD:0.11160714% BID:0.1792 ASK:0.1794 MID:0.1793 P1:0.1793 P2:0.1798 P3:0.1798 P4:0.17975 STATE:IDLE
[2026-05-12 00:01:22Z] CHK MOM:-0.41% RANGE:0.75% UP:25% SPREAD:0.27964205% BID:0.1788 ASK:0.1793 MID:0.17905 P1:0.17905 P2:0.1793 P3:0.1798 P4:0.1798 STATE:IDLE
[2026-05-12 00:01:23Z] CHK MOM:-0.41% RANGE:0.75% UP:23.07% SPREAD:0.16769144% BID:0.1789 ASK:0.1792 MID:0.17905 P1:0.17905 P2:0.17905 P3:0.1793 P4:0.1798 STATE:IDLE
[2026-05-12 00:01:23Z] CHK MOM:-0.44% RANGE:0.78% UP:21.42% SPREAD:0.22371364% BID:0.1788 ASK:0.1792 MID:0.179 P1:0.179 P2:0.17905 P3:0.17905 P4:0.1793 STATE:IDLE
[2026-05-12 00:01:24Z] CHK MOM:-0.47% RANGE:0.81% UP:20% SPREAD:0.16778523% BID:0.1788 ASK:0.1791 MID:0.17895 P1:0.17895 P2:0.179 P3:0.17905 P4:0.17905 STATE:IDLE
[2026-05-12 00:01:24Z] CHK MOM:-0.88% RANGE:0.89% UP:13.33% SPREAD:0.22396416% BID:0.1786 ASK:0.179 MID:0.1788 P1:0.1788 P2:0.17895 P3:0.179 P4:0.17905 STATE:IDLE
[2026-05-12 00:01:25Z] CHK MOM:-0.85% RANGE:0.89% UP:18.75% SPREAD:0.16787912% BID:0.1787 ASK:0.179 MID:0.17885 P1:0.17885 P2:0.1788 P3:0.17895 P4:0.179 STATE:IDLE
[2026-05-12 00:01:25Z] CHK MOM:-0.91% RANGE:0.92% UP:17.64% SPREAD:0.16797312% BID:0.1786 ASK:0.1789 MID:0.17875 P1:0.17875 P2:0.17885 P3:0.1788 P4:0.17895 STATE:IDLE
[2026-05-12 00:01:26Z] CHK MOM:-0.91% RANGE:0.92% UP:17.64% SPREAD:0.16797312% BID:0.1786 ASK:0.1789 MID:0.17875 P1:0.17875 P2:0.17885 P3:0.1788 P4:0.17895 STATE:IDLE
[2026-05-12 00:01:27Z] CHK MOM:-0.91% RANGE:0.92% UP:17.64% SPREAD:0.16797312% BID:0.1786 ASK:0.1789 MID:0.17875 P1:0.17875 P2:0.17885 P3:0.1788 P4:0.17895 STATE:IDLE
[2026-05-12 00:01:27Z] CHK MOM:-0.77% RANGE:0.86% UP:23.52% SPREAD:0.11185682% BID:0.1788 ASK:0.179 MID:0.1789 P1:0.1789 P2:0.17875 P3:0.17885 P4:0.1788 STATE:IDLE
[2026-05-12 00:01:28Z] CHK MOM:-0.77% RANGE:0.86% UP:23.52% SPREAD:0.11185682% BID:0.1788 ASK:0.179 MID:0.1789 P1:0.1789 P2:0.17875 P3:0.17885 P4:0.1788 STATE:IDLE
[2026-05-12 00:01:28Z] CHK MOM:-0.77% RANGE:0.86% UP:23.52% SPREAD:0.11185682% BID:0.1788 ASK:0.179 MID:0.1789 P1:0.1789 P2:0.17875 P3:0.17885 P4:0.1788 STATE:IDLE
[2026-05-12 00:01:29Z] CHK MOM:-0.77% RANGE:0.86% UP:23.52% SPREAD:0.11185682% BID:0.1788 ASK:0.179 MID:0.1789 P1:0.1789 P2:0.17875 P3:0.17885 P4:0.1788 STATE:IDLE
[2026-05-12 00:01:29Z] CHK MOM:-0.77% RANGE:0.86% UP:23.52% SPREAD:0.11185682% BID:0.1788 ASK:0.179 MID:0.1789 P1:0.1789 P2:0.17875 P3:0.17885 P4:0.1788 STATE:IDLE
[2026-05-12 00:01:30Z] CHK MOM:-0.77% RANGE:0.86% UP:23.52% SPREAD:0.11185682% BID:0.1788 ASK:0.179 MID:0.1789 P1:0.1789 P2:0.17875 P3:0.17885 P4:0.1788 STATE:IDLE
[2026-05-12 00:01:30Z] CHK MOM:-0.5% RANGE:0.58% UP:23.07% SPREAD:0.11185682% BID:0.1788 ASK:0.179 MID:0.1789 P1:0.1789 P2:0.1789 P3:0.17875 P4:0.17885 STATE:IDLE
[2026-05-12 00:01:31Z] CHK MOM:-0.47% RANGE:0.58% UP:23.07% SPREAD:0.11185682% BID:0.1788 ASK:0.179 MID:0.1789 P1:0.1789 P2:0.1789 P3:0.1789 P4:0.17875 STATE:IDLE
[2026-05-12 00:01:31Z] CHK MOM:-0.63% RANGE:0.64% UP:15.38% SPREAD:0.16806722% BID:0.1785 ASK:0.1788 MID:0.17864999 P1:0.17864999 P2:0.1789 P3:0.1789 P4:0.1789 STATE:IDLE
[2026-05-12 00:01:32Z] CHK MOM:-0.63% RANGE:0.64% UP:15.38% SPREAD:0.16806722% BID:0.1785 ASK:0.1788 MID:0.17864999 P1:0.17864999 P2:0.1789 P3:0.1789 P4:0.1789 STATE:IDLE
[2026-05-12 00:01:33Z] CHK MOM:-0.69% RANGE:0.7% UP:15.38% SPREAD:0.16816143% BID:0.1784 ASK:0.1787 MID:0.17855 P1:0.17855 P2:0.17864999 P3:0.1789 P4:0.1789 STATE:IDLE
[2026-05-12 00:01:33Z] CHK MOM:-0.36% RANGE:0.42% UP:23.07% SPREAD:0.16806722% BID:0.1785 ASK:0.1788 MID:0.17864999 P1:0.17864999 P2:0.17855 P3:0.17864999 P4:0.1789 STATE:IDLE
[2026-05-12 00:01:34Z] CHK MOM:-0.27% RANGE:0.28% UP:23.07% SPREAD:0.16816143% BID:0.1784 ASK:0.1787 MID:0.17855 P1:0.17855 P2:0.17864999 P3:0.17855 P4:0.17864999 STATE:IDLE
[2026-05-12 00:01:34Z] CHK MOM:-0.27% RANGE:0.28% UP:23.07% SPREAD:0.16816143% BID:0.1784 ASK:0.1787 MID:0.17855 P1:0.17855 P2:0.17864999 P3:0.17855 P4:0.17864999 STATE:IDLE
[2026-05-12 00:01:35Z] CHK MOM:-0.27% RANGE:0.28% UP:23.07% SPREAD:0.16816143% BID:0.1784 ASK:0.1787 MID:0.17855 P1:0.17855 P2:0.17864999 P3:0.17855 P4:0.17864999 STATE:IDLE
[2026-05-12 00:01:35Z] CHK MOM:-0.27% RANGE:0.28% UP:23.07% SPREAD:0.16816143% BID:0.1784 ASK:0.1787 MID:0.17855 P1:0.17855 P2:0.17864999 P3:0.17855 P4:0.17864999 STATE:IDLE
[2026-05-12 00:01:36Z] CHK MOM:-0.27% RANGE:0.28% UP:23.07% SPREAD:0.16816143% BID:0.1784 ASK:0.1787 MID:0.17855 P1:0.17855 P2:0.17864999 P3:0.17855 P4:0.17864999 STATE:IDLE
[2026-05-12 00:01:36Z] CHK MOM:-0.27% RANGE:0.28% UP:23.07% SPREAD:0.16816143% BID:0.1784 ASK:0.1787 MID:0.17855 P1:0.17855 P2:0.17864999 P3:0.17855 P4:0.17864999 STATE:IDLE
[2026-05-12 00:01:37Z] CHK MOM:-0.16% RANGE:0.19% UP:22.22% SPREAD:0.16816143% BID:0.1784 ASK:0.1787 MID:0.17855 P1:0.17855 P2:0.17855 P3:0.17864999 P4:0.17855 STATE:IDLE
[2026-05-12 00:01:37Z] CHK MOM:-0.08% RANGE:0.19% UP:33.33% SPREAD:0.11204481% BID:0.1785 ASK:0.1787 MID:0.17859999 P1:0.17859999 P2:0.17855 P3:0.17855 P4:0.17864999 STATE:IDLE
[2026-05-12 00:01:38Z] CHK MOM:-0.13% RANGE:0.19% UP:33.33% SPREAD:0.16806722% BID:0.1785 ASK:0.1788 MID:0.17864999 P1:0.17864999 P2:0.17859999 P3:0.17855 P4:0.17855 STATE:IDLE
[2026-05-12 00:01:38Z] CHK MOM:-0.16% RANGE:0.19% UP:30% SPREAD:0.11204481% BID:0.1785 ASK:0.1787 MID:0.17859999 P1:0.17859999 P2:0.17864999 P3:0.17859999 P4:0.17855 STATE:IDLE
[2026-05-12 00:01:39Z] CHK MOM:-0.16% RANGE:0.19% UP:30% SPREAD:0.11204481% BID:0.1785 ASK:0.1787 MID:0.17859999 P1:0.17859999 P2:0.17859999 P3:0.17864999 P4:0.17859999 STATE:IDLE
[2026-05-12 00:01:40Z] CHK MOM:-0.22% RANGE:0.22% UP:27.27% SPREAD:0.11210762% BID:0.1784 ASK:0.1786 MID:0.1785 P1:0.1785 P2:0.17859999 P3:0.17859999 P4:0.17864999 STATE:IDLE
[2026-05-12 00:01:40Z] CHK MOM:-0.25% RANGE:0.25% UP:25% SPREAD:0.16825574% BID:0.1783 ASK:0.1786 MID:0.17845 P1:0.17845 P2:0.1785 P3:0.17859999 P4:0.17859999 STATE:IDLE
[2026-05-12 00:01:41Z] CHK MOM:-0.22% RANGE:0.25% UP:30.76% SPREAD:0.11210762% BID:0.1784 ASK:0.1786 MID:0.1785 P1:0.1785 P2:0.17845 P3:0.1785 P4:0.17859999 STATE:IDLE
[2026-05-12 00:01:41Z] CHK MOM:-0.22% RANGE:0.25% UP:28.57% SPREAD:0.11210762% BID:0.1784 ASK:0.1786 MID:0.1785 P1:0.1785 P2:0.1785 P3:0.17845 P4:0.1785 STATE:IDLE
[2026-05-12 00:01:42Z] CHK MOM:-0.22% RANGE:0.25% UP:28.57% SPREAD:0.11210762% BID:0.1784 ASK:0.1786 MID:0.1785 P1:0.1785 P2:0.1785 P3:0.17845 P4:0.1785 STATE:IDLE
[2026-05-12 00:01:42Z] CHK MOM:-0.22% RANGE:0.25% UP:28.57% SPREAD:0.11210762% BID:0.1784 ASK:0.1786 MID:0.1785 P1:0.1785 P2:0.1785 P3:0.17845 P4:0.1785 STATE:IDLE
[2026-05-12 00:01:43Z] CHK MOM:-0.22% RANGE:0.25% UP:28.57% SPREAD:0.11210762% BID:0.1784 ASK:0.1786 MID:0.1785 P1:0.1785 P2:0.1785 P3:0.1785 P4:0.17845 STATE:IDLE
[2026-05-12 00:01:43Z] CHK MOM:-0.05% RANGE:0.11% UP:35.71% SPREAD:0.0560224% BID:0.1785 ASK:0.1786 MID:0.17855 P1:0.17855 P2:0.1785 P3:0.1785 P4:0.1785 STATE:IDLE
[2026-05-12 00:01:44Z] CHK MOM:-0.02% RANGE:0.11% UP:35.71% SPREAD:0.11210762% BID:0.1784 ASK:0.1786 MID:0.1785 P1:0.1785 P2:0.17855 P3:0.1785 P4:0.1785 STATE:IDLE
[2026-05-12 00:01:44Z] CHK MOM:-0.02% RANGE:0.11% UP:35.71% SPREAD:0.11210762% BID:0.1784 ASK:0.1786 MID:0.1785 P1:0.1785 P2:0.17855 P3:0.1785 P4:0.1785 STATE:IDLE
[2026-05-12 00:01:45Z] CHK MOM:-0.08% RANGE:0.11% UP:28.57% SPREAD:0.11210762% BID:0.1784 ASK:0.1786 MID:0.1785 P1:0.1785 P2:0.1785 P3:0.17855 P4:0.1785 STATE:IDLE
[2026-05-12 00:01:45Z] CHK MOM:-0.08% RANGE:0.11% UP:28.57% SPREAD:0.11210762% BID:0.1784 ASK:0.1786 MID:0.1785 P1:0.1785 P2:0.1785 P3:0.17855 P4:0.1785 STATE:IDLE
[2026-05-12 00:01:46Z] CHK MOM:-0.08% RANGE:0.11% UP:28.57% SPREAD:0.11210762% BID:0.1784 ASK:0.1786 MID:0.1785 P1:0.1785 P2:0.1785 P3:0.17855 P4:0.1785 STATE:IDLE
[2026-05-12 00:01:46Z] CHK MOM:-0.02% RANGE:0.11% UP:30.76% SPREAD:0.11210762% BID:0.1784 ASK:0.1786 MID:0.1785 P1:0.1785 P2:0.1785 P3:0.1785 P4:0.17855 STATE:IDLE
[2026-05-12 00:01:47Z] CHK MOM:-0.02% RANGE:0.11% UP:28.57% SPREAD:0.11210762% BID:0.1784 ASK:0.1786 MID:0.1785 P1:0.1785 P2:0.1785 P3:0.1785 P4:0.1785 STATE:IDLE
[2026-05-12 00:01:47Z] CHK MOM:-0.02% RANGE:0.11% UP:28.57% SPREAD:0.11210762% BID:0.1784 ASK:0.1786 MID:0.1785 P1:0.1785 P2:0.1785 P3:0.1785 P4:0.1785 STATE:IDLE
[2026-05-12 00:01:48Z] CHK MOM:-0.02% RANGE:0.11% UP:28.57% SPREAD:0.11210762% BID:0.1784 ASK:0.1786 MID:0.1785 P1:0.1785 P2:0.1785 P3:0.1785 P4:0.1785 STATE:IDLE
[2026-05-12 00:01:49Z] CHK MOM:-0.05% RANGE:0.11% UP:21.42% SPREAD:0.11210762% BID:0.1784 ASK:0.1786 MID:0.1785 P1:0.1785 P2:0.1785 P3:0.1785 P4:0.1785 STATE:IDLE
[2026-05-12 00:01:49Z] CHK MOM:-0.05% RANGE:0.11% UP:21.42% SPREAD:0.11210762% BID:0.1784 ASK:0.1786 MID:0.1785 P1:0.1785 P2:0.1785 P3:0.1785 P4:0.1785 STATE:IDLE
[2026-05-12 00:01:50Z] CHK MOM:-0.05% RANGE:0.11% UP:21.42% SPREAD:0.11210762% BID:0.1784 ASK:0.1786 MID:0.1785 P1:0.1785 P2:0.1785 P3:0.1785 P4:0.1785 STATE:IDLE
[2026-05-12 00:01:50Z] CHK MOM:-0.05% RANGE:0.11% UP:21.42% SPREAD:0.11210762% BID:0.1784 ASK:0.1786 MID:0.1785 P1:0.1785 P2:0.1785 P3:0.1785 P4:0.1785 STATE:IDLE
[2026-05-12 00:01:51Z] CHK MOM:-0.16% RANGE:0.19% UP:18.18% SPREAD:0.11229646% BID:0.1781 ASK:0.1783 MID:0.1782 P1:0.1782 P2:0.1785 P3:0.1785 P4:0.1785 STATE:IDLE
[2026-05-12 00:01:51Z] CHK MOM:-0.3% RANGE:0.36% UP:18.18% SPREAD:0.11248593% BID:0.1778 ASK:0.178 MID:0.1779 P1:0.1779 P2:0.1782 P3:0.1785 P4:0.1785 STATE:IDLE
[2026-05-12 00:01:52Z] CHK MOM:-0.39% RANGE:0.45% UP:16.66% SPREAD:0.05627462% BID:0.1777 ASK:0.1778 MID:0.17775 P1:0.17775 P2:0.1779 P3:0.1782 P4:0.1785 STATE:IDLE
[2026-05-12 00:01:52Z] CHK MOM:-0.33% RANGE:0.45% UP:16.66% SPREAD:0.11248593% BID:0.1778 ASK:0.178 MID:0.1779 P1:0.1779 P2:0.17775 P3:0.1779 P4:0.1782 STATE:IDLE
[2026-05-12 00:01:53Z] CHK MOM:-0.33% RANGE:0.45% UP:16.66% SPREAD:0.11248593% BID:0.1778 ASK:0.178 MID:0.1779 P1:0.1779 P2:0.17775 P3:0.1779 P4:0.1782 STATE:IDLE
[2026-05-12 00:01:54Z] CHK MOM:-0.3% RANGE:0.45% UP:27.27% SPREAD:0.05621135% BID:0.1779 ASK:0.178 MID:0.17795 P1:0.17795 P2:0.1779 P3:0.17775 P4:0.1779 STATE:IDLE
[2026-05-12 00:01:54Z] CHK MOM:-0.39% RANGE:0.45% UP:25% SPREAD:0.11254924% BID:0.1777 ASK:0.1779 MID:0.1778 P1:0.1778 P2:0.17795 P3:0.1779 P4:0.17775 STATE:IDLE
[2026-05-12 00:01:55Z] CHK MOM:-0.36% RANGE:0.42% UP:27.27% SPREAD:0.16882386% BID:0.1777 ASK:0.178 MID:0.17785 P1:0.17785 P2:0.1778 P3:0.17795 P4:0.1779 STATE:IDLE
[2026-05-12 00:01:55Z] CHK MOM:-0.3% RANGE:0.42% UP:33.33% SPREAD:0.1687289% BID:0.1778 ASK:0.1781 MID:0.17795 P1:0.17795 P2:0.17785 P3:0.1778 P4:0.17795 STATE:IDLE
[2026-05-12 00:01:56Z] CHK MOM:-0.11% RANGE:0.42% UP:41.66% SPREAD:0.11223344% BID:0.1782 ASK:0.1784 MID:0.1783 P1:0.1783 P2:0.17795 P3:0.17785 P4:0.1778 STATE:IDLE
[2026-05-12 00:01:56Z] CHK MOM:-0.11% RANGE:0.42% UP:38.46% SPREAD:0.11223344% BID:0.1782 ASK:0.1784 MID:0.1783 P1:0.1783 P2:0.1783 P3:0.17795 P4:0.17785 STATE:IDLE
[2026-05-12 00:01:57Z] CHK MOM:-0.11% RANGE:0.42% UP:35.71% SPREAD:0.11223344% BID:0.1782 ASK:0.1784 MID:0.1783 P1:0.1783 P2:0.1783 P3:0.1783 P4:0.17795 STATE:IDLE
[2026-05-12 00:01:57Z] CHK MOM:-0.22% RANGE:0.42% UP:35.71% SPREAD:0.11235955% BID:0.178 ASK:0.1782 MID:0.17809999 P1:0.17809999 P2:0.1783 P3:0.1783 P4:0.1783 STATE:IDLE
[2026-05-12 00:01:58Z] CHK MOM:0.14% RANGE:0.56% UP:40% SPREAD:0.16797312% BID:0.1786 ASK:0.1789 MID:0.17875 P1:0.17875 P2:0.17809999 P3:0.1783 P4:0.1783 STATE:IDLE
[2026-05-12 00:01:58Z] CHK MOM:0.3% RANGE:0.73% UP:46.66% SPREAD:0.16769144% BID:0.1789 ASK:0.1792 MID:0.17905 P1:0.17905 P2:0.17875 P3:0.17809999 P4:0.1783 STATE:IDLE
[2026-05-12 00:01:59Z] CHK MOM:0.47% RANGE:0.9% UP:53.33% SPREAD:0.16741071% BID:0.1792 ASK:0.1795 MID:0.17935 P1:0.17935 P2:0.17905 P3:0.17875 P4:0.17809999 STATE:IDLE
[2026-05-12 00:02:00Z] CHK MOM:0.39% RANGE:0.9% UP:50% SPREAD:0.11166945% BID:0.1791 ASK:0.1793 MID:0.1792 P1:0.1792 P2:0.17935 P3:0.17905 P4:0.17875 STATE:IDLE
[2026-05-12 00:02:00Z] CHK MOM:0.39% RANGE:0.9% UP:47.05% SPREAD:0.22346368% BID:0.179 ASK:0.1794 MID:0.1792 P1:0.1792 P2:0.1792 P3:0.17935 P4:0.17905 STATE:IDLE
[2026-05-12 00:02:01Z] CHK MOM:0.44% RANGE:0.9% UP:47.05% SPREAD:0.11179429% BID:0.1789 ASK:0.1791 MID:0.179 P1:0.179 P2:0.1792 P3:0.1792 P4:0.17935 STATE:IDLE
[2026-05-12 00:02:01Z] CHK MOM:0.78% RANGE:1.04% UP:50% SPREAD:0.11142061% BID:0.1795 ASK:0.1797 MID:0.17959999 P1:0.17959999 P2:0.179 P3:0.1792 P4:0.1792 STATE:IDLE
[2026-05-12 00:02:02Z] CHK MOM:1.06% RANGE:1.32% UP:52.63% SPREAD:0.33370411% BID:0.1798 ASK:0.1804 MID:0.18009999 P1:0.18009999 P2:0.17959999 P3:0.179 P4:0.1792 STATE:IDLE
[2026-05-12 00:02:02Z] CHK MOM:0.98% RANGE:1.32% UP:50% SPREAD:0.16685205% BID:0.1798 ASK:0.1801 MID:0.17995 P1:0.17995 P2:0.18009999 P3:0.17959999 P4:0.179 STATE:IDLE
[2026-05-12 00:02:03Z] CHK MOM:0.98% RANGE:1.32% UP:47.61% SPREAD:0.16685205% BID:0.1798 ASK:0.1801 MID:0.17995 P1:0.17995 P2:0.17995 P3:0.18009999 P4:0.17959999 STATE:IDLE
[2026-05-12 00:02:03Z] CHK MOM:1.23% RANGE:1.32% UP:50% SPREAD:0.16685205% BID:0.1798 ASK:0.1801 MID:0.17995 P1:0.17995 P2:0.17995 P3:0.17995 P4:0.18009999 STATE:IDLE
[2026-05-12 00:02:04Z] CHK MOM:1.26% RANGE:1.32% UP:52.38% SPREAD:0.11117287% BID:0.1799 ASK:0.1801 MID:0.18 P1:0.18 P2:0.17995 P3:0.17995 P4:0.17995 STATE:IDLE
[2026-05-12 00:02:05Z] CHK MOM:0.87% RANGE:1.29% UP:47.61% SPREAD:0.16731734% BID:0.1793 ASK:0.1796 MID:0.17945 P1:0.17945 P2:0.18 P3:0.17995 P4:0.17995 STATE:IDLE
[2026-05-12 00:02:05Z] CHK MOM:0.81% RANGE:1.29% UP:42.85% SPREAD:0.11154489% BID:0.1793 ASK:0.1795 MID:0.1794 P1:0.1794 P2:0.17945 P3:0.18 P4:0.17995 STATE:IDLE
[2026-05-12 00:02:06Z] CHK MOM:0.87% RANGE:1.29% UP:42.85% SPREAD:0.16741071% BID:0.1792 ASK:0.1795 MID:0.17935 P1:0.17935 P2:0.1794 P3:0.17945 P4:0.18 STATE:IDLE
[2026-05-12 00:02:06Z] CHK MOM:0.84% RANGE:1.26% UP:38.09% SPREAD:0.16741071% BID:0.1792 ASK:0.1795 MID:0.17935 P1:0.17935 P2:0.17935 P3:0.1794 P4:0.17945 STATE:IDLE
[2026-05-12 00:02:07Z] CHK MOM:0.81% RANGE:1.26% UP:36.36% SPREAD:0.11160714% BID:0.1792 ASK:0.1794 MID:0.1793 P1:0.1793 P2:0.17935 P3:0.17935 P4:0.1794 STATE:IDLE
[2026-05-12 00:02:07Z] CHK MOM:0.67% RANGE:1.12% UP:33.33% SPREAD:0.11148272% BID:0.1794 ASK:0.1796 MID:0.1795 P1:0.1795 P2:0.1793 P3:0.17935 P4:0.17935 STATE:IDLE
[2026-05-12 00:02:08Z] CHK MOM:0.61% RANGE:1.12% UP:31.81% SPREAD:0.11154489% BID:0.1793 ASK:0.1795 MID:0.1794 P1:0.1794 P2:0.1795 P3:0.1793 P4:0.17935 STATE:IDLE
[2026-05-12 00:02:08Z] CHK MOM:0.61% RANGE:1.12% UP:31.81% SPREAD:0.11154489% BID:0.1793 ASK:0.1795 MID:0.1794 P1:0.1794 P2:0.1795 P3:0.1793 P4:0.17935 STATE:IDLE
[2026-05-12 00:02:09Z] CHK MOM:0.61% RANGE:1.12% UP:31.81% SPREAD:0.11154489% BID:0.1793 ASK:0.1795 MID:0.1794 P1:0.1794 P2:0.1795 P3:0.1793 P4:0.17935 STATE:IDLE
[2026-05-12 00:02:09Z] CHK MOM:0.61% RANGE:1.12% UP:31.81% SPREAD:0.11154489% BID:0.1793 ASK:0.1795 MID:0.1794 P1:0.1794 P2:0.1795 P3:0.1793 P4:0.17935 STATE:IDLE
[2026-05-12 00:02:10Z] CHK MOM:0.27% RANGE:0.75% UP:31.57% SPREAD:0.16750418% BID:0.1791 ASK:0.1794 MID:0.17925 P1:0.17925 P2:0.1794 P3:0.1795 P4:0.1793 STATE:IDLE
[2026-05-12 00:02:11Z] CHK MOM:-0.08% RANGE:0.67% UP:26.31% SPREAD:0.11185682% BID:0.1788 ASK:0.179 MID:0.1789 P1:0.1789 P2:0.17925 P3:0.1794 P4:0.1795 STATE:IDLE
[2026-05-12 00:02:11Z] CHK MOM:-0.19% RANGE:0.69% UP:22.22% SPREAD:0.16787912% BID:0.1787 ASK:0.179 MID:0.17885 P1:0.17885 P2:0.1789 P3:0.17925 P4:0.1794 STATE:IDLE
[2026-05-12 00:02:12Z] CHK MOM:-0.27% RANGE:0.78% UP:21.05% SPREAD:0.11198208% BID:0.1786 ASK:0.1788 MID:0.1787 P1:0.1787 P2:0.17885 P3:0.1789 P4:0.17925 STATE:IDLE
[2026-05-12 00:02:12Z] CHK MOM:-0.25% RANGE:0.78% UP:26.31% SPREAD:0.16797312% BID:0.1786 ASK:0.1789 MID:0.17875 P1:0.17875 P2:0.1787 P3:0.17885 P4:0.1789 STATE:IDLE
[2026-05-12 00:02:13Z] CHK MOM:-0.25% RANGE:0.78% UP:26.31% SPREAD:0.16797312% BID:0.1786 ASK:0.1789 MID:0.17875 P1:0.17875 P2:0.1787 P3:0.17885 P4:0.1789 STATE:IDLE
[2026-05-12 00:02:13Z] CHK MOM:-0.61% RANGE:0.89% UP:22.22% SPREAD:0.11210762% BID:0.1784 ASK:0.1786 MID:0.1785 P1:0.1785 P2:0.17875 P3:0.1787 P4:0.17885 STATE:IDLE
[2026-05-12 00:02:14Z] CHK MOM:-0.69% RANGE:0.84% UP:23.52% SPREAD:0.22408963% BID:0.1785 ASK:0.1789 MID:0.1787 P1:0.1787 P2:0.1785 P3:0.17875 P4:0.1787 STATE:IDLE
[2026-05-12 00:02:14Z] CHK MOM:-0.72% RANGE:0.84% UP:22.22% SPREAD:0.16806722% BID:0.1785 ASK:0.1788 MID:0.17864999 P1:0.17864999 P2:0.1787 P3:0.1785 P4:0.17875 STATE:IDLE
[2026-05-12 00:02:15Z] CHK MOM:-0.8% RANGE:0.84% UP:22.22% SPREAD:0.11210762% BID:0.1784 ASK:0.1786 MID:0.1785 P1:0.1785 P2:0.17864999 P3:0.1787 P4:0.1785 STATE:IDLE
[2026-05-12 00:02:16Z] CHK MOM:-0.75% RANGE:0.84% UP:27.77% SPREAD:0.11204481% BID:0.1785 ASK:0.1787 MID:0.17859999 P1:0.17859999 P2:0.1785 P3:0.17864999 P4:0.1787 STATE:IDLE
[2026-05-12 00:02:16Z] CHK MOM:-0.41% RANGE:0.56% UP:31.25% SPREAD:0.16806722% BID:0.1785 ASK:0.1788 MID:0.17864999 P1:0.17864999 P2:0.17859999 P3:0.1785 P4:0.17864999 STATE:IDLE
[2026-05-12 00:02:17Z] CHK MOM:-0.33% RANGE:0.56% UP:35.29% SPREAD:0.11191941% BID:0.1787 ASK:0.1789 MID:0.1788 P1:0.1788 P2:0.17864999 P3:0.17859999 P4:0.1785 STATE:IDLE
[2026-05-12 00:02:17Z] CHK MOM:-0.25% RANGE:0.56% UP:41.17% SPREAD:0.11185682% BID:0.1788 ASK:0.179 MID:0.1789 P1:0.1789 P2:0.1788 P3:0.17864999 P4:0.17859999 STATE:IDLE
[2026-05-12 00:02:18Z] CHK MOM:-0.22% RANGE:0.56% UP:47.05% SPREAD:0.05589714% BID:0.1789 ASK:0.179 MID:0.17895 P1:0.17895 P2:0.1789 P3:0.1788 P4:0.17864999 STATE:IDLE
[2026-05-12 00:02:18Z] CHK MOM:-0.25% RANGE:0.56% UP:44.44% SPREAD:0.11185682% BID:0.1788 ASK:0.179 MID:0.1789 P1:0.1789 P2:0.17895 P3:0.1789 P4:0.1788 STATE:IDLE
[2026-05-12 00:02:19Z] CHK MOM:-0.38% RANGE:0.56% UP:41.17% SPREAD:0.11191941% BID:0.1787 ASK:0.1789 MID:0.1788 P1:0.1788 P2:0.1789 P3:0.17895 P4:0.1789 STATE:IDLE
[2026-05-12 00:02:19Z] CHK MOM:-0.47% RANGE:0.56% UP:38.88% SPREAD:0.16806722% BID:0.1785 ASK:0.1788 MID:0.17864999 P1:0.17864999 P2:0.1788 P3:0.1789 P4:0.17895 STATE:IDLE
[2026-05-12 00:02:20Z] CHK MOM:-0.36% RANGE:0.42% UP:41.17% SPREAD:0.11204481% BID:0.1785 ASK:0.1787 MID:0.17859999 P1:0.17859999 P2:0.17864999 P3:0.1788 P4:0.1789 STATE:IDLE
[2026-05-12 00:02:20Z] CHK MOM:-0.39% RANGE:0.42% UP:38.88% SPREAD:0.16816143% BID:0.1784 ASK:0.1787 MID:0.17855 P1:0.17855 P2:0.17859999 P3:0.17864999 P4:0.1788 STATE:IDLE
[2026-05-12 00:02:21Z] CHK MOM:-0.39% RANGE:0.42% UP:36.84% SPREAD:0.16816143% BID:0.1784 ASK:0.1787 MID:0.17855 P1:0.17855 P2:0.17855 P3:0.17859999 P4:0.17864999 STATE:IDLE
[2026-05-12 00:02:22Z] CHK MOM:-0.39% RANGE:0.42% UP:36.84% SPREAD:0.16816143% BID:0.1784 ASK:0.1787 MID:0.17855 P1:0.17855 P2:0.17855 P3:0.17859999 P4:0.17864999 STATE:IDLE
[2026-05-12 00:02:22Z] CHK MOM:-0.39% RANGE:0.42% UP:36.84% SPREAD:0.16816143% BID:0.1784 ASK:0.1787 MID:0.17855 P1:0.17855 P2:0.17855 P3:0.17859999 P4:0.17864999 STATE:IDLE
[2026-05-12 00:02:23Z] CHK MOM:-0.11% RANGE:0.25% UP:44.44% SPREAD:0.16806722% BID:0.1785 ASK:0.1788 MID:0.17864999 P1:0.17864999 P2:0.17855 P3:0.17855 P4:0.17859999 STATE:IDLE
[2026-05-12 00:02:23Z] CHK MOM:-0.11% RANGE:0.25% UP:42.1% SPREAD:0.16806722% BID:0.1785 ASK:0.1788 MID:0.17864999 P1:0.17864999 P2:0.17864999 P3:0.17855 P4:0.17855 STATE:IDLE
[2026-05-12 00:02:24Z] CHK MOM:-0.05% RANGE:0.25% UP:42.1% SPREAD:0.11204481% BID:0.1785 ASK:0.1787 MID:0.17859999 P1:0.17859999 P2:0.17864999 P3:0.17864999 P4:0.17855 STATE:IDLE
[2026-05-12 00:02:24Z] CHK MOM:-0.08% RANGE:0.25% UP:36.84% SPREAD:0.11204481% BID:0.1785 ASK:0.1787 MID:0.17859999 P1:0.17859999 P2:0.17859999 P3:0.17864999 P4:0.17864999 STATE:IDLE
[2026-05-12 00:02:25Z] CHK MOM:-0.08% RANGE:0.25% UP:36.84% SPREAD:0.11204481% BID:0.1785 ASK:0.1787 MID:0.17859999 P1:0.17859999 P2:0.17859999 P3:0.17864999 P4:0.17864999 STATE:IDLE
[2026-05-12 00:02:25Z] CHK MOM:0.05% RANGE:0.25% UP:36.84% SPREAD:0.11204481% BID:0.1785 ASK:0.1787 MID:0.17859999 P1:0.17859999 P2:0.17859999 P3:0.17859999 P4:0.17864999 STATE:IDLE
[2026-05-12 00:02:26Z] CHK MOM:-0.02% RANGE:0.25% UP:36.84% SPREAD:0.16806722% BID:0.1785 ASK:0.1788 MID:0.17864999 P1:0.17864999 P2:0.17859999 P3:0.17859999 P4:0.17859999 STATE:IDLE
[2026-05-12 00:02:27Z] CHK MOM:0.08% RANGE:0.25% UP:38.88% SPREAD:0.16806722% BID:0.1785 ASK:0.1788 MID:0.17864999 P1:0.17864999 P2:0.17864999 P3:0.17859999 P4:0.17859999 STATE:IDLE
[2026-05-12 00:02:27Z] CHK MOM:-0.05% RANGE:0.25% UP:33.33% SPREAD:0.11210762% BID:0.1784 ASK:0.1786 MID:0.1785 P1:0.1785 P2:0.17864999 P3:0.17864999 P4:0.17859999 STATE:IDLE
[2026-05-12 00:02:28Z] CHK MOM:-0.02% RANGE:0.25% UP:33.33% SPREAD:0.11204481% BID:0.1785 ASK:0.1787 MID:0.17859999 P1:0.17859999 P2:0.1785 P3:0.17864999 P4:0.17864999 STATE:IDLE
[2026-05-12 00:02:28Z] CHK MOM:0.02% RANGE:0.25% UP:36.84% SPREAD:0.11198208% BID:0.1786 ASK:0.1788 MID:0.1787 P1:0.1787 P2:0.17859999 P3:0.1785 P4:0.17864999 STATE:IDLE
[2026-05-12 00:02:29Z] CHK MOM:-0.08% RANGE:0.25% UP:31.57% SPREAD:0.16806722% BID:0.1785 ASK:0.1788 MID:0.17864999 P1:0.17864999 P2:0.1787 P3:0.17859999 P4:0.1785 STATE:IDLE
[2026-05-12 00:02:29Z] CHK MOM:-0.08% RANGE:0.25% UP:31.57% SPREAD:0.16806722% BID:0.1785 ASK:0.1788 MID:0.17864999 P1:0.17864999 P2:0.1787 P3:0.17859999 P4:0.1785 STATE:IDLE
[2026-05-12 00:02:30Z] CHK MOM:-0.08% RANGE:0.25% UP:31.57% SPREAD:0.16806722% BID:0.1785 ASK:0.1788 MID:0.17864999 P1:0.17864999 P2:0.1787 P3:0.17859999 P4:0.1785 STATE:IDLE
[2026-05-12 00:02:30Z] CHK MOM:-0.08% RANGE:0.25% UP:31.57% SPREAD:0.16806722% BID:0.1785 ASK:0.1788 MID:0.17864999 P1:0.17864999 P2:0.1787 P3:0.17859999 P4:0.1785 STATE:IDLE
[2026-05-12 00:02:31Z] CHK MOM:-0.08% RANGE:0.25% UP:31.57% SPREAD:0.16806722% BID:0.1785 ASK:0.1788 MID:0.17864999 P1:0.17864999 P2:0.1787 P3:0.17859999 P4:0.1785 STATE:IDLE
[2026-05-12 00:02:31Z] CHK MOM:-0.08% RANGE:0.25% UP:31.57% SPREAD:0.16806722% BID:0.1785 ASK:0.1788 MID:0.17864999 P1:0.17864999 P2:0.1787 P3:0.17859999 P4:0.1785 STATE:IDLE
[2026-05-12 00:02:32Z] CHK MOM:0.08% RANGE:0.11% UP:38.46% SPREAD:0.11198208% BID:0.1786 ASK:0.1788 MID:0.1787 P1:0.1787 P2:0.17864999 P3:0.1787 P4:0.17859999 STATE:IDLE
[2026-05-12 00:02:33Z] CHK MOM:0.08% RANGE:0.11% UP:38.46% SPREAD:0.11198208% BID:0.1786 ASK:0.1788 MID:0.1787 P1:0.1787 P2:0.1787 P3:0.17864999 P4:0.1787 STATE:IDLE
[2026-05-12 00:02:33Z] CHK MOM:0.05% RANGE:0.14% UP:38.46% SPREAD:0.0559597% BID:0.1787 ASK:0.1788 MID:0.17875 P1:0.17875 P2:0.1787 P3:0.1787 P4:0.17864999 STATE:IDLE
[2026-05-12 00:02:34Z] CHK MOM:0.05% RANGE:0.14% UP:38.46% SPREAD:0.0559597% BID:0.1787 ASK:0.1788 MID:0.17875 P1:0.17875 P2:0.1787 P3:0.1787 P4:0.17864999 STATE:IDLE
[2026-05-12 00:02:34Z] CHK MOM:0.05% RANGE:0.14% UP:38.46% SPREAD:0.0559597% BID:0.1787 ASK:0.1788 MID:0.17875 P1:0.17875 P2:0.1787 P3:0.1787 P4:0.17864999 STATE:IDLE
[2026-05-12 00:02:35Z] CHK MOM:0.02% RANGE:0.14% UP:35.71% SPREAD:0.11198208% BID:0.1786 ASK:0.1788 MID:0.1787 P1:0.1787 P2:0.17875 P3:0.1787 P4:0.1787 STATE:IDLE
[2026-05-12 00:02:35Z] CHK MOM:0.02% RANGE:0.14% UP:35.71% SPREAD:0.11198208% BID:0.1786 ASK:0.1788 MID:0.1787 P1:0.1787 P2:0.17875 P3:0.1787 P4:0.1787 STATE:IDLE
[2026-05-12 00:02:36Z] CHK MOM:0.05% RANGE:0.14% UP:41.66% SPREAD:0.11198208% BID:0.1786 ASK:0.1788 MID:0.1787 P1:0.1787 P2:0.1787 P3:0.17875 P4:0.1787 STATE:IDLE
[2026-05-12 00:02:36Z] CHK MOM:0.05% RANGE:0.14% UP:38.46% SPREAD:0.11198208% BID:0.1786 ASK:0.1788 MID:0.1787 P1:0.1787 P2:0.1787 P3:0.1787 P4:0.17875 STATE:IDLE
[2026-05-12 00:02:37Z] CHK MOM:0.05% RANGE:0.14% UP:38.46% SPREAD:0.11198208% BID:0.1786 ASK:0.1788 MID:0.1787 P1:0.1787 P2:0.1787 P3:0.1787 P4:0.1787 STATE:IDLE
[2026-05-12 00:02:38Z] CHK MOM:0.05% RANGE:0.14% UP:35.71% SPREAD:0.11198208% BID:0.1786 ASK:0.1788 MID:0.1787 P1:0.1787 P2:0.1787 P3:0.1787 P4:0.1787 STATE:IDLE
[2026-05-12 00:02:38Z] CHK MOM:0.02% RANGE:0.14% UP:28.57% SPREAD:0.11198208% BID:0.1786 ASK:0.1788 MID:0.1787 P1:0.1787 P2:0.1787 P3:0.1787 P4:0.1787 STATE:IDLE
[2026-05-12 00:02:39Z] CHK MOM:0.02% RANGE:0.14% UP:28.57% SPREAD:0.11198208% BID:0.1786 ASK:0.1788 MID:0.1787 P1:0.1787 P2:0.1787 P3:0.1787 P4:0.1787 STATE:IDLE
[2026-05-12 00:02:39Z] CHK MOM:0.02% RANGE:0.14% UP:28.57% SPREAD:0.11198208% BID:0.1786 ASK:0.1788 MID:0.1787 P1:0.1787 P2:0.1787 P3:0.1787 P4:0.1787 STATE:IDLE
[2026-05-12 00:02:40Z] CHK MOM:0% RANGE:0.05% UP:18.18% SPREAD:0.11198208% BID:0.1786 ASK:0.1788 MID:0.1787 P1:0.1787 P2:0.1787 P3:0.1787 P4:0.1787 STATE:IDLE
[2026-05-12 00:02:40Z] CHK MOM:0% RANGE:0.05% UP:18.18% SPREAD:0.11198208% BID:0.1786 ASK:0.1788 MID:0.1787 P1:0.1787 P2:0.1787 P3:0.1787 P4:0.1787 STATE:IDLE
[2026-05-12 00:02:41Z] CHK MOM:0.08% RANGE:0.08% UP:20% SPREAD:0.16787912% BID:0.1787 ASK:0.179 MID:0.17885 P1:0.17885 P2:0.1787 P3:0.1787 P4:0.1787 STATE:IDLE
[2026-05-12 00:02:41Z] CHK MOM:0.05% RANGE:0.08% UP:18.18% SPREAD:0.11191941% BID:0.1787 ASK:0.1789 MID:0.1788 P1:0.1788 P2:0.17885 P3:0.1787 P4:0.1787 STATE:IDLE
[2026-05-12 00:02:42Z] CHK MOM:0.05% RANGE:0.08% UP:18.18% SPREAD:0.11191941% BID:0.1787 ASK:0.1789 MID:0.1788 P1:0.1788 P2:0.17885 P3:0.1787 P4:0.1787 STATE:IDLE
[2026-05-12 00:02:42Z] CHK MOM:0.02% RANGE:0.08% UP:16.66% SPREAD:0.16797312% BID:0.1786 ASK:0.1789 MID:0.17875 P1:0.17875 P2:0.1788 P3:0.17885 P4:0.1787 STATE:IDLE
[2026-05-12 00:02:43Z] CHK MOM:0.05% RANGE:0.08% UP:23.07% SPREAD:0.11191941% BID:0.1787 ASK:0.1789 MID:0.1788 P1:0.1788 P2:0.17875 P3:0.1788 P4:0.17885 STATE:IDLE
[2026-05-12 00:02:44Z] CHK MOM:0.05% RANGE:0.08% UP:23.07% SPREAD:0.11191941% BID:0.1787 ASK:0.1789 MID:0.1788 P1:0.1788 P2:0.17875 P3:0.1788 P4:0.17885 STATE:IDLE
[2026-05-12 00:02:44Z] CHK MOM:0.05% RANGE:0.08% UP:23.07% SPREAD:0.11191941% BID:0.1787 ASK:0.1789 MID:0.1788 P1:0.1788 P2:0.17875 P3:0.1788 P4:0.17885 STATE:IDLE
[2026-05-12 00:02:45Z] CHK MOM:0.05% RANGE:0.08% UP:23.07% SPREAD:0.11191941% BID:0.1787 ASK:0.1789 MID:0.1788 P1:0.1788 P2:0.17875 P3:0.1788 P4:0.17885 STATE:IDLE
[2026-05-12 00:02:45Z] CHK MOM:0.05% RANGE:0.08% UP:23.07% SPREAD:0.11191941% BID:0.1787 ASK:0.1789 MID:0.1788 P1:0.1788 P2:0.17875 P3:0.1788 P4:0.17885 STATE:IDLE
[2026-05-12 00:02:47Z] CHK MOM:0% RANGE:0.08% UP:20% SPREAD:0.11198208% BID:0.1786 ASK:0.1788 MID:0.1787 P1:0.1787 P2:0.1788 P3:0.17875 P4:0.1788 STATE:IDLE
