[2026-05-11 22:55:10Z] SESSION_START symbol=KITEUSDC dry_run=0 profile=major strategy=momentum base_url=https://api.binance.com
[2026-05-11 22:55:10Z] TOXIC_MEMORY_LOADED count=5 symbols=GUNUSDC,JTOUSDC,ORDIUSDC,SAHARAUSDC,TONUSDC
[2026-05-11 22:55:14Z] CHK MOM:0% RANGE:0% UP:0% SPREAD:0.05543237% BID:0.1804 ASK:0.1805 MID:0.18045 P1:0.18045 P2:NA P3:NA P4:NA STATE:IDLE
[2026-05-11 22:55:14Z] CHK MOM:0% RANGE:0% UP:0% SPREAD:0.05543237% BID:0.1804 ASK:0.1805 MID:0.18045 P1:0.18045 P2:NA P3:NA P4:NA STATE:IDLE
[2026-05-11 22:55:15Z] CHK MOM:0% RANGE:0% UP:0% SPREAD:0.05543237% BID:0.1804 ASK:0.1805 MID:0.18045 P1:0.18045 P2:NA P3:NA P4:NA STATE:IDLE
[2026-05-11 22:55:15Z] CHK MOM:0% RANGE:0% UP:0% SPREAD:0.05543237% BID:0.1804 ASK:0.1805 MID:0.18045 P1:0.18045 P2:NA P3:NA P4:NA STATE:IDLE
[2026-05-11 22:55:16Z] CHK MOM:0% RANGE:0% UP:0% SPREAD:0.05543237% BID:0.1804 ASK:0.1805 MID:0.18045 P1:0.18045 P2:NA P3:NA P4:NA STATE:IDLE
[2026-05-11 22:55:16Z] CHK MOM:0% RANGE:0% UP:0% SPREAD:0.05543237% BID:0.1804 ASK:0.1805 MID:0.18045 P1:0.18045 P2:NA P3:NA P4:NA STATE:IDLE
[2026-05-11 22:55:17Z] CHK MOM:0.02% RANGE:0.02% UP:100% SPREAD:0.11086474% BID:0.1804 ASK:0.1806 MID:0.1805 P1:0.1805 P2:0.18045 P3:NA P4:NA STATE:IDLE
[2026-05-11 22:55:17Z] CHK MOM:0.02% RANGE:0.02% UP:100% SPREAD:0.11086474% BID:0.1804 ASK:0.1806 MID:0.1805 P1:0.1805 P2:0.18045 P3:NA P4:NA STATE:IDLE
[2026-05-11 22:55:18Z] CHK MOM:0.02% RANGE:0.02% UP:100% SPREAD:0.11086474% BID:0.1804 ASK:0.1806 MID:0.1805 P1:0.1805 P2:0.18045 P3:NA P4:NA STATE:IDLE
[2026-05-11 22:55:18Z] CHK MOM:0.02% RANGE:0.02% UP:100% SPREAD:0.11086474% BID:0.1804 ASK:0.1806 MID:0.1805 P1:0.1805 P2:0.18045 P3:NA P4:NA STATE:IDLE
[2026-05-11 22:55:19Z] CHK MOM:0.02% RANGE:0.02% UP:100% SPREAD:0.11086474% BID:0.1804 ASK:0.1806 MID:0.1805 P1:0.1805 P2:0.18045 P3:NA P4:NA STATE:IDLE
[2026-05-11 22:55:21Z] CHK MOM:0.02% RANGE:0.02% UP:50% SPREAD:0.11086474% BID:0.1804 ASK:0.1806 MID:0.1805 P1:0.1805 P2:0.1805 P3:0.18045 P4:NA STATE:IDLE
[2026-05-11 22:55:21Z] CHK MOM:0.02% RANGE:0.02% UP:33.33% SPREAD:0.11086474% BID:0.1804 ASK:0.1806 MID:0.1805 P1:0.1805 P2:0.1805 P3:0.1805 P4:0.18045 STATE:IDLE
[2026-05-11 22:55:22Z] CHK MOM:0.02% RANGE:0.02% UP:33.33% SPREAD:0.11086474% BID:0.1804 ASK:0.1806 MID:0.1805 P1:0.1805 P2:0.1805 P3:0.1805 P4:0.18045 STATE:IDLE
[2026-05-11 22:55:22Z] CHK MOM:0.02% RANGE:0.02% UP:33.33% SPREAD:0.11086474% BID:0.1804 ASK:0.1806 MID:0.1805 P1:0.1805 P2:0.1805 P3:0.1805 P4:0.18045 STATE:IDLE
[2026-05-11 22:55:23Z] CHK MOM:0.02% RANGE:0.02% UP:33.33% SPREAD:0.11086474% BID:0.1804 ASK:0.1806 MID:0.1805 P1:0.1805 P2:0.1805 P3:0.1805 P4:0.18045 STATE:IDLE
[2026-05-11 22:55:23Z] CHK MOM:0.02% RANGE:0.02% UP:33.33% SPREAD:0.11086474% BID:0.1804 ASK:0.1806 MID:0.1805 P1:0.1805 P2:0.1805 P3:0.1805 P4:0.18045 STATE:IDLE
[2026-05-11 22:55:24Z] CHK MOM:0.02% RANGE:0.02% UP:33.33% SPREAD:0.11086474% BID:0.1804 ASK:0.1806 MID:0.1805 P1:0.1805 P2:0.1805 P3:0.1805 P4:0.18045 STATE:IDLE
[2026-05-11 22:55:30Z] CHK MOM:0.02% RANGE:0.02% UP:50% SPREAD:0.16629711% BID:0.1804 ASK:0.1807 MID:0.18055 P1:0.18055 P2:0.1805 P3:0.1805 P4:0.1805 STATE:IDLE
[2026-05-11 22:55:31Z] CHK MOM:0% RANGE:0.02% UP:33.33% SPREAD:0.11086474% BID:0.1804 ASK:0.1806 MID:0.1805 P1:0.1805 P2:0.18055 P3:0.1805 P4:0.1805 STATE:IDLE
[2026-05-11 22:55:31Z] CHK MOM:0% RANGE:0.02% UP:33.33% SPREAD:0.11086474% BID:0.1804 ASK:0.1806 MID:0.1805 P1:0.1805 P2:0.18055 P3:0.1805 P4:0.1805 STATE:IDLE
[2026-05-11 22:55:32Z] CHK MOM:0% RANGE:0.02% UP:33.33% SPREAD:0.11086474% BID:0.1804 ASK:0.1806 MID:0.1805 P1:0.1805 P2:0.18055 P3:0.1805 P4:0.1805 STATE:IDLE
[2026-05-11 22:55:32Z] CHK MOM:0% RANGE:0.02% UP:33.33% SPREAD:0.11086474% BID:0.1804 ASK:0.1806 MID:0.1805 P1:0.1805 P2:0.18055 P3:0.1805 P4:0.1805 STATE:IDLE
[2026-05-11 22:55:33Z] CHK MOM:0% RANGE:0.02% UP:33.33% SPREAD:0.11086474% BID:0.1804 ASK:0.1806 MID:0.1805 P1:0.1805 P2:0.18055 P3:0.1805 P4:0.1805 STATE:IDLE
[2026-05-11 22:55:36Z] CHK MOM:-0.05% RANGE:0.05% UP:0% SPREAD:0.05543237% BID:0.1804 ASK:0.1805 MID:0.18045 P1:0.18045 P2:0.1805 P3:0.18055 P4:0.1805 STATE:IDLE
[2026-05-11 22:55:36Z] CHK MOM:-0.13% RANGE:0.13% UP:0% SPREAD:0.11098779% BID:0.1802 ASK:0.1804 MID:0.1803 P1:0.1803 P2:0.18045 P3:0.1805 P4:0.18055 STATE:IDLE
[2026-05-11 22:55:37Z] CHK MOM:-0.13% RANGE:0.13% UP:0% SPREAD:0.11098779% BID:0.1802 ASK:0.1804 MID:0.1803 P1:0.1803 P2:0.1803 P3:0.18045 P4:0.1805 STATE:IDLE
[2026-05-11 22:55:37Z] CHK MOM:-0.19% RANGE:0.19% UP:0% SPREAD:0.11104941% BID:0.1801 ASK:0.1803 MID:0.1802 P1:0.1802 P2:0.1803 P3:0.1803 P4:0.18045 STATE:IDLE
[2026-05-11 22:55:38Z] CHK MOM:-0.19% RANGE:0.19% UP:0% SPREAD:0.11104941% BID:0.1801 ASK:0.1803 MID:0.1802 P1:0.1802 P2:0.1802 P3:0.1803 P4:0.1803 STATE:IDLE
[2026-05-11 22:55:38Z] CHK MOM:-0.19% RANGE:0.19% UP:0% SPREAD:0.11104941% BID:0.1801 ASK:0.1803 MID:0.1802 P1:0.1802 P2:0.1802 P3:0.1802 P4:0.1803 STATE:IDLE
[2026-05-11 22:55:39Z] CHK MOM:-0.19% RANGE:0.19% UP:0% SPREAD:0.11104941% BID:0.1801 ASK:0.1803 MID:0.1802 P1:0.1802 P2:0.1802 P3:0.1802 P4:0.1803 STATE:IDLE
[2026-05-11 22:55:39Z] CHK MOM:-0.19% RANGE:0.19% UP:0% SPREAD:0.11104941% BID:0.1801 ASK:0.1803 MID:0.1802 P1:0.1802 P2:0.1802 P3:0.1802 P4:0.1803 STATE:IDLE
[2026-05-11 22:55:40Z] CHK MOM:-0.19% RANGE:0.19% UP:0% SPREAD:0.11104941% BID:0.1801 ASK:0.1803 MID:0.1802 P1:0.1802 P2:0.1802 P3:0.1802 P4:0.1803 STATE:IDLE
[2026-05-11 22:55:40Z] CHK MOM:-0.19% RANGE:0.19% UP:0% SPREAD:0.11104941% BID:0.1801 ASK:0.1803 MID:0.1802 P1:0.1802 P2:0.1802 P3:0.1802 P4:0.1803 STATE:IDLE
[2026-05-11 22:55:41Z] CHK MOM:-0.19% RANGE:0.19% UP:0% SPREAD:0.11104941% BID:0.1801 ASK:0.1803 MID:0.1802 P1:0.1802 P2:0.1802 P3:0.1802 P4:0.1803 STATE:IDLE
[2026-05-11 22:55:43Z] CHK MOM:-0.13% RANGE:0.13% UP:0% SPREAD:0.11104941% BID:0.1801 ASK:0.1803 MID:0.1802 P1:0.1802 P2:0.1802 P3:0.1802 P4:0.1802 STATE:IDLE
[2026-05-11 22:55:44Z] CHK MOM:-0.13% RANGE:0.13% UP:0% SPREAD:0.11104941% BID:0.1801 ASK:0.1803 MID:0.1802 P1:0.1802 P2:0.1802 P3:0.1802 P4:0.1802 STATE:IDLE
[2026-05-11 22:55:44Z] CHK MOM:-0.13% RANGE:0.13% UP:0% SPREAD:0.11104941% BID:0.1801 ASK:0.1803 MID:0.1802 P1:0.1802 P2:0.1802 P3:0.1802 P4:0.1802 STATE:IDLE
[2026-05-11 22:55:45Z] CHK MOM:-0.13% RANGE:0.13% UP:0% SPREAD:0.11104941% BID:0.1801 ASK:0.1803 MID:0.1802 P1:0.1802 P2:0.1802 P3:0.1802 P4:0.1802 STATE:IDLE
[2026-05-11 22:55:45Z] CHK MOM:-0.13% RANGE:0.13% UP:0% SPREAD:0.11104941% BID:0.1801 ASK:0.1803 MID:0.1802 P1:0.1802 P2:0.1802 P3:0.1802 P4:0.1802 STATE:IDLE
[2026-05-11 22:55:46Z] CHK MOM:-0.13% RANGE:0.13% UP:0% SPREAD:0.11104941% BID:0.1801 ASK:0.1803 MID:0.1802 P1:0.1802 P2:0.1802 P3:0.1802 P4:0.1802 STATE:IDLE
[2026-05-11 22:55:55Z] CHK MOM:-0.02% RANGE:0.02% UP:0% SPREAD:0.0555247% BID:0.1801 ASK:0.1802 MID:0.18015 P1:0.18015 P2:0.1802 P3:0.1802 P4:0.1802 STATE:IDLE
[2026-05-11 22:55:55Z] CHK MOM:0% RANGE:0.02% UP:50% SPREAD:0.11104941% BID:0.1801 ASK:0.1803 MID:0.1802 P1:0.1802 P2:0.18015 P3:0.1802 P4:0.1802 STATE:IDLE
[2026-05-11 22:55:56Z] CHK MOM:0% RANGE:0.02% UP:50% SPREAD:0.11104941% BID:0.1801 ASK:0.1803 MID:0.1802 P1:0.1802 P2:0.18015 P3:0.1802 P4:0.1802 STATE:IDLE
[2026-05-11 22:55:56Z] CHK MOM:0% RANGE:0.02% UP:50% SPREAD:0.11104941% BID:0.1801 ASK:0.1803 MID:0.1802 P1:0.1802 P2:0.18015 P3:0.1802 P4:0.1802 STATE:IDLE
[2026-05-11 22:55:57Z] CHK MOM:0% RANGE:0.02% UP:50% SPREAD:0.11104941% BID:0.1801 ASK:0.1803 MID:0.1802 P1:0.1802 P2:0.18015 P3:0.1802 P4:0.1802 STATE:IDLE
[2026-05-11 22:55:57Z] CHK MOM:0% RANGE:0.02% UP:50% SPREAD:0.11104941% BID:0.1801 ASK:0.1803 MID:0.1802 P1:0.1802 P2:0.18015 P3:0.1802 P4:0.1802 STATE:IDLE
[2026-05-11 22:56:02Z] CHK MOM:0.05% RANGE:0.05% UP:100% SPREAD:0.05549389% BID:0.1802 ASK:0.1803 MID:0.18025 P1:0.18025 P2:0.1802 P3:0.18015 P4:0.1802 STATE:IDLE
[2026-05-11 22:56:03Z] CHK MOM:0.05% RANGE:0.05% UP:100% SPREAD:0.05549389% BID:0.1802 ASK:0.1803 MID:0.18025 P1:0.18025 P2:0.1802 P3:0.18015 P4:0.1802 STATE:IDLE
[2026-05-11 22:56:03Z] CHK MOM:0.05% RANGE:0.05% UP:66.66% SPREAD:0.05549389% BID:0.1802 ASK:0.1803 MID:0.18025 P1:0.18025 P2:0.18025 P3:0.1802 P4:0.18015 STATE:IDLE
[2026-05-11 22:56:04Z] CHK MOM:0.05% RANGE:0.05% UP:66.66% SPREAD:0.05549389% BID:0.1802 ASK:0.1803 MID:0.18025 P1:0.18025 P2:0.18025 P3:0.1802 P4:0.18015 STATE:IDLE
[2026-05-11 22:56:04Z] CHK MOM:0.05% RANGE:0.05% UP:66.66% SPREAD:0.05549389% BID:0.1802 ASK:0.1803 MID:0.18025 P1:0.18025 P2:0.18025 P3:0.1802 P4:0.18015 STATE:IDLE
[2026-05-11 22:56:05Z] CHK MOM:0.05% RANGE:0.05% UP:66.66% SPREAD:0.05549389% BID:0.1802 ASK:0.1803 MID:0.18025 P1:0.18025 P2:0.18025 P3:0.1802 P4:0.18015 STATE:IDLE
[2026-05-11 22:56:05Z] CHK MOM:0.05% RANGE:0.05% UP:66.66% SPREAD:0.05549389% BID:0.1802 ASK:0.1803 MID:0.18025 P1:0.18025 P2:0.18025 P3:0.1802 P4:0.18015 STATE:IDLE
[2026-05-11 22:56:06Z] CHK MOM:0.05% RANGE:0.05% UP:66.66% SPREAD:0.05549389% BID:0.1802 ASK:0.1803 MID:0.18025 P1:0.18025 P2:0.18025 P3:0.1802 P4:0.18015 STATE:IDLE
[2026-05-11 22:56:09Z] CHK MOM:0.02% RANGE:0.02% UP:50% SPREAD:0.11098779% BID:0.1802 ASK:0.1804 MID:0.1803 P1:0.1803 P2:0.18025 P3:0.18025 P4:0.1802 STATE:IDLE
[2026-05-11 22:56:09Z] CHK MOM:0.02% RANGE:0.02% UP:50% SPREAD:0.11098779% BID:0.1802 ASK:0.1804 MID:0.1803 P1:0.1803 P2:0.18025 P3:0.18025 P4:0.1802 STATE:IDLE
[2026-05-11 22:56:10Z] CHK MOM:0.02% RANGE:0.02% UP:50% SPREAD:0.11098779% BID:0.1802 ASK:0.1804 MID:0.1803 P1:0.1803 P2:0.18025 P3:0.18025 P4:0.1802 STATE:IDLE
[2026-05-11 22:56:10Z] CHK MOM:0.02% RANGE:0.02% UP:50% SPREAD:0.11098779% BID:0.1802 ASK:0.1804 MID:0.1803 P1:0.1803 P2:0.18025 P3:0.18025 P4:0.1802 STATE:IDLE
[2026-05-11 22:56:11Z] CHK MOM:0.02% RANGE:0.02% UP:50% SPREAD:0.11098779% BID:0.1802 ASK:0.1804 MID:0.1803 P1:0.1803 P2:0.18025 P3:0.18025 P4:0.1802 STATE:IDLE
[2026-05-11 22:56:12Z] CHK MOM:0.02% RANGE:0.02% UP:33.33% SPREAD:0.11098779% BID:0.1802 ASK:0.1804 MID:0.1803 P1:0.1803 P2:0.1803 P3:0.18025 P4:0.18025 STATE:IDLE
[2026-05-11 22:56:12Z] CHK MOM:0.02% RANGE:0.02% UP:33.33% SPREAD:0.11098779% BID:0.1802 ASK:0.1804 MID:0.1803 P1:0.1803 P2:0.1803 P3:0.18025 P4:0.18025 STATE:IDLE
[2026-05-11 22:56:13Z] CHK MOM:0% RANGE:0.02% UP:25% SPREAD:0.05549389% BID:0.1802 ASK:0.1803 MID:0.18025 P1:0.18025 P2:0.1803 P3:0.1803 P4:0.18025 STATE:IDLE
[2026-05-11 22:56:13Z] CHK MOM:0% RANGE:0.02% UP:25% SPREAD:0.05549389% BID:0.1802 ASK:0.1803 MID:0.18025 P1:0.18025 P2:0.1803 P3:0.1803 P4:0.18025 STATE:IDLE
[2026-05-11 22:56:14Z] CHK MOM:0.02% RANGE:0.02% UP:40% SPREAD:0.11098779% BID:0.1802 ASK:0.1804 MID:0.1803 P1:0.1803 P2:0.18025 P3:0.1803 P4:0.1803 STATE:IDLE
[2026-05-11 22:56:15Z] CHK MOM:0.02% RANGE:0.02% UP:40% SPREAD:0.11098779% BID:0.1802 ASK:0.1804 MID:0.1803 P1:0.1803 P2:0.18025 P3:0.1803 P4:0.1803 STATE:IDLE
[2026-05-11 22:56:15Z] CHK MOM:0% RANGE:0.02% UP:40% SPREAD:0.05549389% BID:0.1802 ASK:0.1803 MID:0.18025 P1:0.18025 P2:0.1803 P3:0.18025 P4:0.1803 STATE:IDLE
[2026-05-11 22:56:16Z] CHK MOM:0% RANGE:0.02% UP:40% SPREAD:0.05549389% BID:0.1802 ASK:0.1803 MID:0.18025 P1:0.18025 P2:0.1803 P3:0.18025 P4:0.1803 STATE:IDLE
[2026-05-11 22:56:16Z] CHK MOM:0% RANGE:0.02% UP:40% SPREAD:0.05549389% BID:0.1802 ASK:0.1803 MID:0.18025 P1:0.18025 P2:0.1803 P3:0.18025 P4:0.1803 STATE:IDLE
[2026-05-11 22:56:17Z] CHK MOM:0% RANGE:0.02% UP:40% SPREAD:0.05549389% BID:0.1802 ASK:0.1803 MID:0.18025 P1:0.18025 P2:0.1803 P3:0.18025 P4:0.1803 STATE:IDLE
[2026-05-11 22:56:17Z] CHK MOM:0% RANGE:0.02% UP:40% SPREAD:0.05549389% BID:0.1802 ASK:0.1803 MID:0.18025 P1:0.18025 P2:0.1803 P3:0.18025 P4:0.1803 STATE:IDLE
[2026-05-11 22:56:18Z] CHK MOM:0% RANGE:0.02% UP:40% SPREAD:0.05549389% BID:0.1802 ASK:0.1803 MID:0.18025 P1:0.18025 P2:0.1803 P3:0.18025 P4:0.1803 STATE:IDLE
[2026-05-11 22:56:22Z] CHK MOM:-0.05% RANGE:0.05% UP:25% SPREAD:0.11104941% BID:0.1801 ASK:0.1803 MID:0.1802 P1:0.1802 P2:0.18025 P3:0.1803 P4:0.18025 STATE:IDLE
[2026-05-11 22:56:23Z] CHK MOM:-0.05% RANGE:0.05% UP:25% SPREAD:0.11104941% BID:0.1801 ASK:0.1803 MID:0.1802 P1:0.1802 P2:0.18025 P3:0.1803 P4:0.18025 STATE:IDLE
[2026-05-11 22:56:23Z] CHK MOM:-0.02% RANGE:0.05% UP:40% SPREAD:0.05549389% BID:0.1802 ASK:0.1803 MID:0.18025 P1:0.18025 P2:0.1802 P3:0.18025 P4:0.1803 STATE:IDLE
[2026-05-11 22:56:24Z] CHK MOM:-0.02% RANGE:0.05% UP:40% SPREAD:0.05549389% BID:0.1802 ASK:0.1803 MID:0.18025 P1:0.18025 P2:0.1802 P3:0.18025 P4:0.1803 STATE:IDLE
[2026-05-11 22:56:24Z] CHK MOM:-0.02% RANGE:0.05% UP:40% SPREAD:0.05549389% BID:0.1802 ASK:0.1803 MID:0.18025 P1:0.18025 P2:0.1802 P3:0.18025 P4:0.1803 STATE:IDLE
[2026-05-11 22:56:25Z] CHK MOM:-0.02% RANGE:0.05% UP:40% SPREAD:0.05549389% BID:0.1802 ASK:0.1803 MID:0.18025 P1:0.18025 P2:0.1802 P3:0.18025 P4:0.1803 STATE:IDLE
[2026-05-11 22:56:25Z] CHK MOM:-0.02% RANGE:0.05% UP:40% SPREAD:0.05549389% BID:0.1802 ASK:0.1803 MID:0.18025 P1:0.18025 P2:0.1802 P3:0.18025 P4:0.1803 STATE:IDLE
[2026-05-11 22:56:26Z] CHK MOM:-0.02% RANGE:0.05% UP:40% SPREAD:0.05549389% BID:0.1802 ASK:0.1803 MID:0.18025 P1:0.18025 P2:0.1802 P3:0.18025 P4:0.1803 STATE:IDLE
[2026-05-11 22:56:37Z] CHK MOM:0% RANGE:0% UP:0% SPREAD:0.0555247% BID:0.1801 ASK:0.1802 MID:0.18015 P1:0.18015 P2:0.18025 P3:0.1802 P4:0.18025 STATE:IDLE
[2026-05-11 22:56:38Z] CHK MOM:0.02% RANGE:0.02% UP:100% SPREAD:0.11104941% BID:0.1801 ASK:0.1803 MID:0.1802 P1:0.1802 P2:0.18015 P3:0.18025 P4:0.1802 STATE:IDLE
[2026-05-11 22:56:38Z] CHK MOM:0.02% RANGE:0.02% UP:100% SPREAD:0.11104941% BID:0.1801 ASK:0.1803 MID:0.1802 P1:0.1802 P2:0.18015 P3:0.18025 P4:0.1802 STATE:IDLE
[2026-05-11 22:56:39Z] CHK MOM:0.02% RANGE:0.02% UP:100% SPREAD:0.11104941% BID:0.1801 ASK:0.1803 MID:0.1802 P1:0.1802 P2:0.18015 P3:0.18025 P4:0.1802 STATE:IDLE
[2026-05-11 22:56:39Z] CHK MOM:0.02% RANGE:0.02% UP:50% SPREAD:0.11104941% BID:0.1801 ASK:0.1803 MID:0.1802 P1:0.1802 P2:0.1802 P3:0.18015 P4:0.18025 STATE:IDLE
[2026-05-11 22:56:40Z] CHK MOM:0.02% RANGE:0.02% UP:50% SPREAD:0.11104941% BID:0.1801 ASK:0.1803 MID:0.1802 P1:0.1802 P2:0.1802 P3:0.18015 P4:0.18025 STATE:IDLE
[2026-05-11 22:56:40Z] CHK MOM:0.02% RANGE:0.02% UP:50% SPREAD:0.11104941% BID:0.1801 ASK:0.1803 MID:0.1802 P1:0.1802 P2:0.1802 P3:0.18015 P4:0.18025 STATE:IDLE
[2026-05-11 22:56:41Z] CHK MOM:0.02% RANGE:0.02% UP:50% SPREAD:0.11104941% BID:0.1801 ASK:0.1803 MID:0.1802 P1:0.1802 P2:0.1802 P3:0.18015 P4:0.18025 STATE:IDLE
[2026-05-11 22:56:41Z] CHK MOM:0.02% RANGE:0.02% UP:50% SPREAD:0.11104941% BID:0.1801 ASK:0.1803 MID:0.1802 P1:0.1802 P2:0.1802 P3:0.18015 P4:0.18025 STATE:IDLE
[2026-05-11 22:56:42Z] CHK MOM:0.02% RANGE:0.02% UP:50% SPREAD:0.11104941% BID:0.1801 ASK:0.1803 MID:0.1802 P1:0.1802 P2:0.1802 P3:0.18015 P4:0.18025 STATE:IDLE
[2026-05-11 22:56:43Z] CHK MOM:0.05% RANGE:0.05% UP:66.66% SPREAD:0.05549389% BID:0.1802 ASK:0.1803 MID:0.18025 P1:0.18025 P2:0.1802 P3:0.1802 P4:0.18015 STATE:IDLE
[2026-05-11 22:56:43Z] CHK MOM:0.05% RANGE:0.05% UP:66.66% SPREAD:0.05549389% BID:0.1802 ASK:0.1803 MID:0.18025 P1:0.18025 P2:0.1802 P3:0.1802 P4:0.18015 STATE:IDLE
[2026-05-11 22:56:44Z] CHK MOM:0.05% RANGE:0.05% UP:66.66% SPREAD:0.05549389% BID:0.1802 ASK:0.1803 MID:0.18025 P1:0.18025 P2:0.1802 P3:0.1802 P4:0.18015 STATE:IDLE
[2026-05-11 22:56:44Z] CHK MOM:0.05% RANGE:0.05% UP:66.66% SPREAD:0.05549389% BID:0.1802 ASK:0.1803 MID:0.18025 P1:0.18025 P2:0.1802 P3:0.1802 P4:0.18015 STATE:IDLE
[2026-05-11 22:56:45Z] CHK MOM:0.05% RANGE:0.05% UP:66.66% SPREAD:0.05549389% BID:0.1802 ASK:0.1803 MID:0.18025 P1:0.18025 P2:0.1802 P3:0.1802 P4:0.18015 STATE:IDLE
[2026-05-11 22:57:22Z] CHK MOM:0% RANGE:0% UP:0% SPREAD:0.11104941% BID:0.1801 ASK:0.1803 MID:0.1802 P1:0.1802 P2:0.18025 P3:NA P4:NA STATE:IDLE
