[2026-05-11 21:39:01Z] SESSION_START symbol=LAYERUSDC dry_run=0 profile=major strategy=momentum base_url=https://api.binance.com
[2026-05-11 21:39:01Z] TOXIC_MEMORY_LOADED count=4 symbols=GUNUSDC,JTOUSDC,ORDIUSDC,SAHARAUSDC
[2026-05-11 21:39:18Z] CHK MOM:0% RANGE:0% UP:0% SPREAD:0.17226528% BID:0.1161 ASK:0.1163 MID:0.1162 P1:0.1162 P2:NA P3:NA P4:NA STATE:IDLE
[2026-05-11 21:39:18Z] CHK MOM:0% RANGE:0% UP:0% SPREAD:0.17226528% BID:0.1161 ASK:0.1163 MID:0.1162 P1:0.1162 P2:0.1162 P3:NA P4:NA STATE:IDLE
[2026-05-11 21:39:19Z] CHK MOM:0% RANGE:0% UP:0% SPREAD:0.17226528% BID:0.1161 ASK:0.1163 MID:0.1162 P1:0.1162 P2:0.1162 P3:0.1162 P4:NA STATE:IDLE
[2026-05-11 21:39:19Z] CHK MOM:0% RANGE:0% UP:0% SPREAD:0.17226528% BID:0.1161 ASK:0.1163 MID:0.1162 P1:0.1162 P2:0.1162 P3:0.1162 P4:0.1162 STATE:IDLE
[2026-05-11 21:39:20Z] CHK MOM:0% RANGE:0% UP:0% SPREAD:0.17226528% BID:0.1161 ASK:0.1163 MID:0.1162 P1:0.1162 P2:0.1162 P3:0.1162 P4:0.1162 STATE:IDLE
[2026-05-11 21:39:20Z] CHK MOM:0% RANGE:0% UP:0% SPREAD:0.17226528% BID:0.1161 ASK:0.1163 MID:0.1162 P1:0.1162 P2:0.1162 P3:0.1162 P4:0.1162 STATE:IDLE
[2026-05-11 21:39:21Z] CHK MOM:0% RANGE:0% UP:0% SPREAD:0.17226528% BID:0.1161 ASK:0.1163 MID:0.1162 P1:0.1162 P2:0.1162 P3:0.1162 P4:0.1162 STATE:IDLE
[2026-05-11 21:39:21Z] CHK MOM:0% RANGE:0% UP:0% SPREAD:0.17226528% BID:0.1161 ASK:0.1163 MID:0.1162 P1:0.1162 P2:0.1162 P3:0.1162 P4:0.1162 STATE:IDLE
[2026-05-11 21:39:22Z] CHK MOM:0% RANGE:0% UP:0% SPREAD:0.17226528% BID:0.1161 ASK:0.1163 MID:0.1162 P1:0.1162 P2:0.1162 P3:0.1162 P4:0.1162 STATE:IDLE
[2026-05-11 21:39:24Z] CHK MOM:0% RANGE:0% UP:0% SPREAD:0.17226528% BID:0.1161 ASK:0.1163 MID:0.1162 P1:0.1162 P2:0.1162 P3:0.1162 P4:0.1162 STATE:IDLE
[2026-05-11 21:39:24Z] CHK MOM:0% RANGE:0% UP:0% SPREAD:0.17226528% BID:0.1161 ASK:0.1163 MID:0.1162 P1:0.1162 P2:0.1162 P3:0.1162 P4:0.1162 STATE:IDLE
[2026-05-11 21:39:25Z] CHK MOM:0% RANGE:0% UP:0% SPREAD:0.17226528% BID:0.1161 ASK:0.1163 MID:0.1162 P1:0.1162 P2:0.1162 P3:0.1162 P4:0.1162 STATE:IDLE
[2026-05-11 21:39:25Z] CHK MOM:0% RANGE:0% UP:0% SPREAD:0.17226528% BID:0.1161 ASK:0.1163 MID:0.1162 P1:0.1162 P2:0.1162 P3:0.1162 P4:0.1162 STATE:IDLE
[2026-05-11 21:39:26Z] CHK MOM:0% RANGE:0% UP:0% SPREAD:0.17226528% BID:0.1161 ASK:0.1163 MID:0.1162 P1:0.1162 P2:0.1162 P3:0.1162 P4:0.1162 STATE:IDLE
[2026-05-11 21:39:26Z] CHK MOM:0% RANGE:0% UP:0% SPREAD:0.17226528% BID:0.1161 ASK:0.1163 MID:0.1162 P1:0.1162 P2:0.1162 P3:0.1162 P4:0.1162 STATE:IDLE
[2026-05-11 21:39:27Z] CHK MOM:0% RANGE:0% UP:0% SPREAD:0.17226528% BID:0.1161 ASK:0.1163 MID:0.1162 P1:0.1162 P2:0.1162 P3:0.1162 P4:0.1162 STATE:IDLE
[2026-05-11 21:39:27Z] CHK MOM:0% RANGE:0% UP:0% SPREAD:0.17226528% BID:0.1161 ASK:0.1163 MID:0.1162 P1:0.1162 P2:0.1162 P3:0.1162 P4:0.1162 STATE:IDLE
[2026-05-11 21:39:28Z] CHK MOM:0% RANGE:0% UP:0% SPREAD:0.17226528% BID:0.1161 ASK:0.1163 MID:0.1162 P1:0.1162 P2:0.1162 P3:0.1162 P4:0.1162 STATE:IDLE
[2026-05-11 21:39:28Z] CHK MOM:0% RANGE:0% UP:0% SPREAD:0.17226528% BID:0.1161 ASK:0.1163 MID:0.1162 P1:0.1162 P2:0.1162 P3:0.1162 P4:0.1162 STATE:IDLE
[2026-05-11 21:39:30Z] CHK MOM:0% RANGE:0% UP:0% SPREAD:0.17226528% BID:0.1161 ASK:0.1163 MID:0.1162 P1:0.1162 P2:0.1162 P3:0.1162 P4:0.1162 STATE:IDLE
[2026-05-11 21:39:31Z] CHK MOM:0% RANGE:0% UP:0% SPREAD:0.17226528% BID:0.1161 ASK:0.1163 MID:0.1162 P1:0.1162 P2:0.1162 P3:0.1162 P4:0.1162 STATE:IDLE
[2026-05-11 21:39:31Z] CHK MOM:0% RANGE:0% UP:0% SPREAD:0.17226528% BID:0.1161 ASK:0.1163 MID:0.1162 P1:0.1162 P2:0.1162 P3:0.1162 P4:0.1162 STATE:IDLE
[2026-05-11 21:39:32Z] CHK MOM:0% RANGE:0% UP:0% SPREAD:0.17226528% BID:0.1161 ASK:0.1163 MID:0.1162 P1:0.1162 P2:0.1162 P3:0.1162 P4:0.1162 STATE:IDLE
[2026-05-11 21:39:32Z] CHK MOM:0% RANGE:0% UP:0% SPREAD:0.17226528% BID:0.1161 ASK:0.1163 MID:0.1162 P1:0.1162 P2:0.1162 P3:0.1162 P4:0.1162 STATE:IDLE
[2026-05-11 21:39:33Z] CHK MOM:0% RANGE:0% UP:0% SPREAD:0.17226528% BID:0.1161 ASK:0.1163 MID:0.1162 P1:0.1162 P2:0.1162 P3:0.1162 P4:0.1162 STATE:IDLE
[2026-05-11 21:39:33Z] CHK MOM:0% RANGE:0% UP:0% SPREAD:0.17226528% BID:0.1161 ASK:0.1163 MID:0.1162 P1:0.1162 P2:0.1162 P3:0.1162 P4:0.1162 STATE:IDLE
[2026-05-11 21:39:34Z] CHK MOM:0.08% RANGE:0.08% UP:20% SPREAD:0.17211703% BID:0.1162 ASK:0.1164 MID:0.1163 P1:0.1163 P2:0.1162 P3:0.1162 P4:0.1162 STATE:IDLE
[2026-05-11 21:39:34Z] CHK MOM:0.04% RANGE:0.08% UP:16.66% SPREAD:0.25839793% BID:0.1161 ASK:0.1164 MID:0.11624999 P1:0.11624999 P2:0.1163 P3:0.1162 P4:0.1162 STATE:IDLE
[2026-05-11 21:39:35Z] CHK MOM:0.04% RANGE:0.08% UP:16.66% SPREAD:0.25839793% BID:0.1161 ASK:0.1164 MID:0.11624999 P1:0.11624999 P2:0.1163 P3:0.1162 P4:0.1162 STATE:IDLE
[2026-05-11 21:39:36Z] CHK MOM:0.04% RANGE:0.08% UP:16.66% SPREAD:0.25839793% BID:0.1161 ASK:0.1164 MID:0.11624999 P1:0.11624999 P2:0.1163 P3:0.1162 P4:0.1162 STATE:IDLE
[2026-05-11 21:39:37Z] CHK MOM:0% RANGE:0.08% UP:20% SPREAD:0.17226528% BID:0.1161 ASK:0.1163 MID:0.1162 P1:0.1162 P2:0.11624999 P3:0.1163 P4:0.1162 STATE:IDLE
[2026-05-11 21:39:37Z] CHK MOM:0% RANGE:0.08% UP:20% SPREAD:0.17226528% BID:0.1161 ASK:0.1163 MID:0.1162 P1:0.1162 P2:0.11624999 P3:0.1163 P4:0.1162 STATE:IDLE
[2026-05-11 21:39:38Z] CHK MOM:0% RANGE:0.08% UP:20% SPREAD:0.17226528% BID:0.1161 ASK:0.1163 MID:0.1162 P1:0.1162 P2:0.11624999 P3:0.1163 P4:0.1162 STATE:IDLE
[2026-05-11 21:39:38Z] CHK MOM:0% RANGE:0.08% UP:20% SPREAD:0.17226528% BID:0.1161 ASK:0.1163 MID:0.1162 P1:0.1162 P2:0.11624999 P3:0.1163 P4:0.1162 STATE:IDLE
[2026-05-11 21:39:39Z] CHK MOM:0% RANGE:0.08% UP:20% SPREAD:0.17226528% BID:0.1161 ASK:0.1163 MID:0.1162 P1:0.1162 P2:0.11624999 P3:0.1163 P4:0.1162 STATE:IDLE
[2026-05-11 21:39:46Z] CHK MOM:-0.08% RANGE:0.08% UP:0% SPREAD:0.17226528% BID:0.1161 ASK:0.1163 MID:0.1162 P1:0.1162 P2:0.1162 P3:0.11624999 P4:0.1163 STATE:IDLE
[2026-05-11 21:39:46Z] CHK MOM:-0.08% RANGE:0.08% UP:0% SPREAD:0.17226528% BID:0.1161 ASK:0.1163 MID:0.1162 P1:0.1162 P2:0.1162 P3:0.1162 P4:0.11624999 STATE:IDLE
[2026-05-11 21:39:47Z] CHK MOM:-0.08% RANGE:0.08% UP:0% SPREAD:0.17226528% BID:0.1161 ASK:0.1163 MID:0.1162 P1:0.1162 P2:0.1162 P3:0.1162 P4:0.11624999 STATE:IDLE
[2026-05-11 21:39:47Z] CHK MOM:-0.08% RANGE:0.08% UP:0% SPREAD:0.17226528% BID:0.1161 ASK:0.1163 MID:0.1162 P1:0.1162 P2:0.1162 P3:0.1162 P4:0.11624999 STATE:IDLE
[2026-05-11 21:39:48Z] CHK MOM:-0.08% RANGE:0.08% UP:0% SPREAD:0.17226528% BID:0.1161 ASK:0.1163 MID:0.1162 P1:0.1162 P2:0.1162 P3:0.1162 P4:0.11624999 STATE:IDLE
[2026-05-11 21:39:48Z] CHK MOM:-0.08% RANGE:0.08% UP:0% SPREAD:0.17226528% BID:0.1161 ASK:0.1163 MID:0.1162 P1:0.1162 P2:0.1162 P3:0.1162 P4:0.11624999 STATE:IDLE
[2026-05-11 21:39:50Z] CHK MOM:0% RANGE:0% UP:0% SPREAD:0.17226528% BID:0.1161 ASK:0.1163 MID:0.1162 P1:0.1162 P2:0.1162 P3:0.1162 P4:0.1162 STATE:IDLE
[2026-05-11 21:39:51Z] CHK MOM:0% RANGE:0% UP:0% SPREAD:0.17226528% BID:0.1161 ASK:0.1163 MID:0.1162 P1:0.1162 P2:0.1162 P3:0.1162 P4:0.1162 STATE:IDLE
[2026-05-11 21:39:52Z] CHK MOM:0% RANGE:0% UP:0% SPREAD:0.17226528% BID:0.1161 ASK:0.1163 MID:0.1162 P1:0.1162 P2:0.1162 P3:0.1162 P4:0.1162 STATE:IDLE
[2026-05-11 21:39:52Z] CHK MOM:0% RANGE:0% UP:0% SPREAD:0.17226528% BID:0.1161 ASK:0.1163 MID:0.1162 P1:0.1162 P2:0.1162 P3:0.1162 P4:0.1162 STATE:IDLE
[2026-05-11 21:39:53Z] CHK MOM:0% RANGE:0% UP:0% SPREAD:0.17226528% BID:0.1161 ASK:0.1163 MID:0.1162 P1:0.1162 P2:0.1162 P3:0.1162 P4:0.1162 STATE:IDLE
[2026-05-11 21:39:54Z] CHK MOM:0.04% RANGE:0.04% UP:33.33% SPREAD:0.25839793% BID:0.1161 ASK:0.1164 MID:0.11624999 P1:0.11624999 P2:0.1162 P3:0.1162 P4:0.1162 STATE:IDLE
[2026-05-11 21:39:54Z] CHK MOM:0% RANGE:0.04% UP:25% SPREAD:0.17226528% BID:0.1161 ASK:0.1163 MID:0.1162 P1:0.1162 P2:0.11624999 P3:0.1162 P4:0.1162 STATE:IDLE
[2026-05-11 21:39:55Z] CHK MOM:0% RANGE:0.04% UP:25% SPREAD:0.17226528% BID:0.1161 ASK:0.1163 MID:0.1162 P1:0.1162 P2:0.11624999 P3:0.1162 P4:0.1162 STATE:IDLE
[2026-05-11 21:39:55Z] CHK MOM:0% RANGE:0.04% UP:25% SPREAD:0.17226528% BID:0.1161 ASK:0.1163 MID:0.1162 P1:0.1162 P2:0.11624999 P3:0.1162 P4:0.1162 STATE:IDLE
[2026-05-11 21:39:56Z] CHK MOM:0% RANGE:0.04% UP:20% SPREAD:0.17226528% BID:0.1161 ASK:0.1163 MID:0.1162 P1:0.1162 P2:0.1162 P3:0.11624999 P4:0.1162 STATE:IDLE
[2026-05-11 21:39:57Z] CHK MOM:0% RANGE:0.04% UP:20% SPREAD:0.17226528% BID:0.1161 ASK:0.1163 MID:0.1162 P1:0.1162 P2:0.1162 P3:0.11624999 P4:0.1162 STATE:IDLE
[2026-05-11 21:39:57Z] CHK MOM:0% RANGE:0.04% UP:20% SPREAD:0.17226528% BID:0.1161 ASK:0.1163 MID:0.1162 P1:0.1162 P2:0.1162 P3:0.11624999 P4:0.1162 STATE:IDLE
[2026-05-11 21:39:58Z] CHK MOM:0% RANGE:0.04% UP:20% SPREAD:0.17226528% BID:0.1161 ASK:0.1163 MID:0.1162 P1:0.1162 P2:0.1162 P3:0.11624999 P4:0.1162 STATE:IDLE
[2026-05-11 21:39:58Z] CHK MOM:0% RANGE:0.04% UP:20% SPREAD:0.17226528% BID:0.1161 ASK:0.1163 MID:0.1162 P1:0.1162 P2:0.1162 P3:0.11624999 P4:0.1162 STATE:IDLE
[2026-05-11 21:40:00Z] CHK MOM:0% RANGE:0.04% UP:25% SPREAD:0.17226528% BID:0.1161 ASK:0.1163 MID:0.1162 P1:0.1162 P2:0.1162 P3:0.1162 P4:0.11624999 STATE:IDLE
[2026-05-11 21:40:01Z] CHK MOM:0% RANGE:0.04% UP:25% SPREAD:0.17226528% BID:0.1161 ASK:0.1163 MID:0.1162 P1:0.1162 P2:0.1162 P3:0.1162 P4:0.11624999 STATE:IDLE
[2026-05-11 21:40:01Z] CHK MOM:0% RANGE:0.04% UP:25% SPREAD:0.17226528% BID:0.1161 ASK:0.1163 MID:0.1162 P1:0.1162 P2:0.1162 P3:0.1162 P4:0.11624999 STATE:IDLE
[2026-05-11 21:40:02Z] CHK MOM:0% RANGE:0.04% UP:25% SPREAD:0.17226528% BID:0.1161 ASK:0.1163 MID:0.1162 P1:0.1162 P2:0.1162 P3:0.1162 P4:0.11624999 STATE:IDLE
[2026-05-11 21:40:03Z] CHK MOM:0% RANGE:0.04% UP:25% SPREAD:0.17226528% BID:0.1161 ASK:0.1163 MID:0.1162 P1:0.1162 P2:0.1162 P3:0.1162 P4:0.11624999 STATE:IDLE
[2026-05-11 21:40:04Z] CHK MOM:-0.04% RANGE:0.04% UP:0% SPREAD:0.17226528% BID:0.1161 ASK:0.1163 MID:0.1162 P1:0.1162 P2:0.1162 P3:0.1162 P4:0.1162 STATE:IDLE
[2026-05-11 21:40:05Z] CHK MOM:-0.04% RANGE:0.04% UP:0% SPREAD:0.17226528% BID:0.1161 ASK:0.1163 MID:0.1162 P1:0.1162 P2:0.1162 P3:0.1162 P4:0.1162 STATE:IDLE
[2026-05-11 21:40:05Z] CHK MOM:0% RANGE:0.04% UP:16.66% SPREAD:0.25839793% BID:0.1161 ASK:0.1164 MID:0.11624999 P1:0.11624999 P2:0.1162 P3:0.1162 P4:0.1162 STATE:IDLE
[2026-05-11 21:40:06Z] CHK MOM:0% RANGE:0.04% UP:16.66% SPREAD:0.25839793% BID:0.1161 ASK:0.1164 MID:0.11624999 P1:0.11624999 P2:0.1162 P3:0.1162 P4:0.1162 STATE:IDLE
[2026-05-11 21:40:06Z] CHK MOM:0.08% RANGE:0.08% UP:33.33% SPREAD:0.17211703% BID:0.1162 ASK:0.1164 MID:0.1163 P1:0.1163 P2:0.11624999 P3:0.1162 P4:0.1162 STATE:IDLE
[2026-05-11 21:40:07Z] CHK MOM:0.04% RANGE:0.08% UP:33.33% SPREAD:0.25839793% BID:0.1161 ASK:0.1164 MID:0.11624999 P1:0.11624999 P2:0.1163 P3:0.11624999 P4:0.1162 STATE:IDLE
[2026-05-11 21:40:08Z] CHK MOM:0% RANGE:0.08% UP:28.57% SPREAD:0.17226528% BID:0.1161 ASK:0.1163 MID:0.1162 P1:0.1162 P2:0.11624999 P3:0.1163 P4:0.11624999 STATE:IDLE
[2026-05-11 21:40:08Z] CHK MOM:0.08% RANGE:0.08% UP:42.85% SPREAD:0.17211703% BID:0.1162 ASK:0.1164 MID:0.1163 P1:0.1163 P2:0.1162 P3:0.11624999 P4:0.1163 STATE:IDLE
[2026-05-11 21:40:09Z] CHK MOM:0.08% RANGE:0.08% UP:42.85% SPREAD:0.17211703% BID:0.1162 ASK:0.1164 MID:0.1163 P1:0.1163 P2:0.1162 P3:0.11624999 P4:0.1163 STATE:IDLE
[2026-05-11 21:40:09Z] CHK MOM:0.08% RANGE:0.08% UP:42.85% SPREAD:0.17211703% BID:0.1162 ASK:0.1164 MID:0.1163 P1:0.1163 P2:0.1162 P3:0.11624999 P4:0.1163 STATE:IDLE
[2026-05-11 21:40:10Z] CHK MOM:0.08% RANGE:0.08% UP:42.85% SPREAD:0.17211703% BID:0.1162 ASK:0.1164 MID:0.1163 P1:0.1163 P2:0.1162 P3:0.11624999 P4:0.1163 STATE:IDLE
[2026-05-11 21:40:10Z] CHK MOM:0.08% RANGE:0.08% UP:42.85% SPREAD:0.17211703% BID:0.1162 ASK:0.1164 MID:0.1163 P1:0.1163 P2:0.1162 P3:0.11624999 P4:0.1163 STATE:IDLE
[2026-05-11 21:40:11Z] CHK MOM:0% RANGE:0.08% UP:37.5% SPREAD:0.17226528% BID:0.1161 ASK:0.1163 MID:0.1162 P1:0.1162 P2:0.1163 P3:0.1162 P4:0.11624999 STATE:IDLE
[2026-05-11 21:40:11Z] CHK MOM:0% RANGE:0.08% UP:37.5% SPREAD:0.17226528% BID:0.1161 ASK:0.1163 MID:0.1162 P1:0.1162 P2:0.1163 P3:0.1162 P4:0.11624999 STATE:IDLE
[2026-05-11 21:40:12Z] CHK MOM:0% RANGE:0.08% UP:33.33% SPREAD:0.17226528% BID:0.1161 ASK:0.1163 MID:0.1162 P1:0.1162 P2:0.1162 P3:0.1163 P4:0.1162 STATE:IDLE
[2026-05-11 21:40:12Z] CHK MOM:0% RANGE:0.08% UP:33.33% SPREAD:0.17226528% BID:0.1161 ASK:0.1163 MID:0.1162 P1:0.1162 P2:0.1162 P3:0.1163 P4:0.1162 STATE:IDLE
[2026-05-11 21:40:13Z] CHK MOM:0% RANGE:0.08% UP:33.33% SPREAD:0.17226528% BID:0.1161 ASK:0.1163 MID:0.1162 P1:0.1162 P2:0.1162 P3:0.1163 P4:0.1162 STATE:IDLE
[2026-05-11 21:40:14Z] CHK MOM:0% RANGE:0.08% UP:33.33% SPREAD:0.17226528% BID:0.1161 ASK:0.1163 MID:0.1162 P1:0.1162 P2:0.1162 P3:0.1163 P4:0.1162 STATE:IDLE
[2026-05-11 21:40:14Z] CHK MOM:0% RANGE:0.08% UP:33.33% SPREAD:0.17226528% BID:0.1161 ASK:0.1163 MID:0.1162 P1:0.1162 P2:0.1162 P3:0.1163 P4:0.1162 STATE:IDLE
[2026-05-11 21:40:16Z] CHK MOM:0% RANGE:0.08% UP:37.5% SPREAD:0.17226528% BID:0.1161 ASK:0.1163 MID:0.1162 P1:0.1162 P2:0.1162 P3:0.1162 P4:0.1163 STATE:IDLE
[2026-05-11 21:40:17Z] CHK MOM:0% RANGE:0.08% UP:37.5% SPREAD:0.17226528% BID:0.1161 ASK:0.1163 MID:0.1162 P1:0.1162 P2:0.1162 P3:0.1162 P4:0.1163 STATE:IDLE
[2026-05-11 21:40:17Z] CHK MOM:0% RANGE:0.08% UP:37.5% SPREAD:0.17226528% BID:0.1161 ASK:0.1163 MID:0.1162 P1:0.1162 P2:0.1162 P3:0.1162 P4:0.1163 STATE:IDLE
[2026-05-11 21:40:18Z] CHK MOM:0% RANGE:0.08% UP:37.5% SPREAD:0.17226528% BID:0.1161 ASK:0.1163 MID:0.1162 P1:0.1162 P2:0.1162 P3:0.1162 P4:0.1163 STATE:IDLE
[2026-05-11 21:40:19Z] CHK MOM:0% RANGE:0.08% UP:37.5% SPREAD:0.17226528% BID:0.1161 ASK:0.1163 MID:0.1162 P1:0.1162 P2:0.1162 P3:0.1162 P4:0.1163 STATE:IDLE
[2026-05-11 21:40:20Z] CHK MOM:0% RANGE:0% UP:0% SPREAD:0.17226528% BID:0.1161 ASK:0.1163 MID:0.1162 P1:0.1162 P2:0.1162 P3:0.1162 P4:0.1162 STATE:IDLE
[2026-05-11 21:40:21Z] CHK MOM:0% RANGE:0% UP:0% SPREAD:0.17226528% BID:0.1161 ASK:0.1163 MID:0.1162 P1:0.1162 P2:0.1162 P3:0.1162 P4:0.1162 STATE:IDLE
[2026-05-11 21:40:21Z] CHK MOM:0% RANGE:0% UP:0% SPREAD:0.17226528% BID:0.1161 ASK:0.1163 MID:0.1162 P1:0.1162 P2:0.1162 P3:0.1162 P4:0.1162 STATE:IDLE
[2026-05-11 21:40:22Z] CHK MOM:0% RANGE:0% UP:0% SPREAD:0.17226528% BID:0.1161 ASK:0.1163 MID:0.1162 P1:0.1162 P2:0.1162 P3:0.1162 P4:0.1162 STATE:IDLE
[2026-05-11 21:40:22Z] CHK MOM:0% RANGE:0% UP:0% SPREAD:0.17226528% BID:0.1161 ASK:0.1163 MID:0.1162 P1:0.1162 P2:0.1162 P3:0.1162 P4:0.1162 STATE:IDLE
[2026-05-11 21:40:23Z] CHK MOM:0% RANGE:0% UP:0% SPREAD:0.17226528% BID:0.1161 ASK:0.1163 MID:0.1162 P1:0.1162 P2:0.1162 P3:0.1162 P4:0.1162 STATE:IDLE
[2026-05-11 21:40:29Z] CHK MOM:0% RANGE:0% UP:0% SPREAD:0.17226528% BID:0.1161 ASK:0.1163 MID:0.1162 P1:0.1162 P2:0.1162 P3:0.1162 P4:0.1162 STATE:IDLE
[2026-05-11 21:40:30Z] CHK MOM:0% RANGE:0% UP:0% SPREAD:0.17226528% BID:0.1161 ASK:0.1163 MID:0.1162 P1:0.1162 P2:0.1162 P3:0.1162 P4:0.1162 STATE:IDLE
[2026-05-11 21:40:30Z] CHK MOM:0% RANGE:0% UP:0% SPREAD:0.17226528% BID:0.1161 ASK:0.1163 MID:0.1162 P1:0.1162 P2:0.1162 P3:0.1162 P4:0.1162 STATE:IDLE
[2026-05-11 21:40:31Z] CHK MOM:0% RANGE:0% UP:0% SPREAD:0.17226528% BID:0.1161 ASK:0.1163 MID:0.1162 P1:0.1162 P2:0.1162 P3:0.1162 P4:0.1162 STATE:IDLE
[2026-05-11 21:40:31Z] CHK MOM:0% RANGE:0% UP:0% SPREAD:0.17226528% BID:0.1161 ASK:0.1163 MID:0.1162 P1:0.1162 P2:0.1162 P3:0.1162 P4:0.1162 STATE:IDLE
[2026-05-11 21:40:32Z] CHK MOM:0% RANGE:0% UP:0% SPREAD:0.17226528% BID:0.1161 ASK:0.1163 MID:0.1162 P1:0.1162 P2:0.1162 P3:0.1162 P4:0.1162 STATE:IDLE
[2026-05-11 21:40:32Z] CHK MOM:0% RANGE:0% UP:0% SPREAD:0.17226528% BID:0.1161 ASK:0.1163 MID:0.1162 P1:0.1162 P2:0.1162 P3:0.1162 P4:0.1162 STATE:IDLE
[2026-05-11 21:40:33Z] CHK MOM:0% RANGE:0% UP:0% SPREAD:0.17226528% BID:0.1161 ASK:0.1163 MID:0.1162 P1:0.1162 P2:0.1162 P3:0.1162 P4:0.1162 STATE:IDLE
[2026-05-11 21:40:33Z] CHK MOM:0% RANGE:0% UP:0% SPREAD:0.17226528% BID:0.1161 ASK:0.1163 MID:0.1162 P1:0.1162 P2:0.1162 P3:0.1162 P4:0.1162 STATE:IDLE
[2026-05-11 21:40:41Z] CHK MOM:0% RANGE:0% UP:0% SPREAD:0.17226528% BID:0.1161 ASK:0.1163 MID:0.1162 P1:0.1162 P2:0.1162 P3:0.1162 P4:0.1162 STATE:IDLE
[2026-05-11 21:40:42Z] CHK MOM:0% RANGE:0% UP:0% SPREAD:0.17226528% BID:0.1161 ASK:0.1163 MID:0.1162 P1:0.1162 P2:0.1162 P3:0.1162 P4:0.1162 STATE:IDLE
[2026-05-11 21:40:42Z] CHK MOM:0% RANGE:0% UP:0% SPREAD:0.17226528% BID:0.1161 ASK:0.1163 MID:0.1162 P1:0.1162 P2:0.1162 P3:0.1162 P4:0.1162 STATE:IDLE
[2026-05-11 21:40:43Z] CHK MOM:0% RANGE:0% UP:0% SPREAD:0.17226528% BID:0.1161 ASK:0.1163 MID:0.1162 P1:0.1162 P2:0.1162 P3:0.1162 P4:0.1162 STATE:IDLE
[2026-05-11 21:40:43Z] CHK MOM:0% RANGE:0% UP:0% SPREAD:0.17226528% BID:0.1161 ASK:0.1163 MID:0.1162 P1:0.1162 P2:0.1162 P3:0.1162 P4:0.1162 STATE:IDLE
[2026-05-11 21:40:47Z] CHK MOM:0% RANGE:0% UP:0% SPREAD:0.17226528% BID:0.1161 ASK:0.1163 MID:0.1162 P1:0.1162 P2:0.1162 P3:0.1162 P4:0.1162 STATE:IDLE
[2026-05-11 21:40:47Z] CHK MOM:0% RANGE:0% UP:0% SPREAD:0.17226528% BID:0.1161 ASK:0.1163 MID:0.1162 P1:0.1162 P2:0.1162 P3:0.1162 P4:0.1162 STATE:IDLE
[2026-05-11 21:40:48Z] CHK MOM:0% RANGE:0% UP:0% SPREAD:0.17226528% BID:0.1161 ASK:0.1163 MID:0.1162 P1:0.1162 P2:0.1162 P3:0.1162 P4:0.1162 STATE:IDLE
[2026-05-11 21:40:48Z] CHK MOM:0% RANGE:0% UP:0% SPREAD:0.17226528% BID:0.1161 ASK:0.1163 MID:0.1162 P1:0.1162 P2:0.1162 P3:0.1162 P4:0.1162 STATE:IDLE
[2026-05-11 21:40:49Z] CHK MOM:0% RANGE:0% UP:0% SPREAD:0.17226528% BID:0.1161 ASK:0.1163 MID:0.1162 P1:0.1162 P2:0.1162 P3:0.1162 P4:0.1162 STATE:IDLE
[2026-05-11 21:40:49Z] CHK MOM:0% RANGE:0% UP:0% SPREAD:0.17226528% BID:0.1161 ASK:0.1163 MID:0.1162 P1:0.1162 P2:0.1162 P3:0.1162 P4:0.1162 STATE:IDLE
[2026-05-11 21:40:50Z] CHK MOM:0% RANGE:0% UP:0% SPREAD:0.17226528% BID:0.1161 ASK:0.1163 MID:0.1162 P1:0.1162 P2:0.1162 P3:0.1162 P4:0.1162 STATE:IDLE
[2026-05-11 21:40:56Z] CHK MOM:0% RANGE:0% UP:0% SPREAD:0.17226528% BID:0.1161 ASK:0.1163 MID:0.1162 P1:0.1162 P2:0.1162 P3:0.1162 P4:0.1162 STATE:IDLE
[2026-05-11 22:22:21Z] SESSION_START symbol=LAYERUSDC dry_run=0 profile=major strategy=momentum base_url=https://api.binance.com
[2026-05-11 22:22:21Z] TOXIC_MEMORY_LOADED count=4 symbols=GUNUSDC,JTOUSDC,ORDIUSDC,SAHARAUSDC
[2026-05-11 22:22:24Z] CHK MOM:0% RANGE:0% UP:0% SPREAD:0.17123287% BID:0.1168 ASK:0.117 MID:0.1169 P1:0.1169 P2:NA P3:NA P4:NA STATE:IDLE
[2026-05-11 22:22:24Z] CHK MOM:-0.04% RANGE:0.04% UP:0% SPREAD:0.08561643% BID:0.1168 ASK:0.1169 MID:0.11685 P1:0.11685 P2:0.1169 P3:NA P4:NA STATE:IDLE
[2026-05-11 22:22:25Z] CHK MOM:-0.08% RANGE:0.08% UP:0% SPREAD:0.1713796% BID:0.1167 ASK:0.1169 MID:0.1168 P1:0.1168 P2:0.11685 P3:0.1169 P4:NA STATE:IDLE
[2026-05-11 22:22:25Z] CHK MOM:-0.08% RANGE:0.08% UP:0% SPREAD:0.1713796% BID:0.1167 ASK:0.1169 MID:0.1168 P1:0.1168 P2:0.11685 P3:0.1169 P4:NA STATE:IDLE
[2026-05-11 22:22:26Z] CHK MOM:-0.08% RANGE:0.08% UP:0% SPREAD:0.1713796% BID:0.1167 ASK:0.1169 MID:0.1168 P1:0.1168 P2:0.11685 P3:0.1169 P4:NA STATE:IDLE
[2026-05-11 22:22:26Z] CHK MOM:-0.08% RANGE:0.08% UP:0% SPREAD:0.1713796% BID:0.1167 ASK:0.1169 MID:0.1168 P1:0.1168 P2:0.11685 P3:0.1169 P4:NA STATE:IDLE
[2026-05-11 22:22:27Z] CHK MOM:0% RANGE:0.08% UP:33.33% SPREAD:0.17123287% BID:0.1168 ASK:0.117 MID:0.1169 P1:0.1169 P2:0.1168 P3:0.11685 P4:0.1169 STATE:IDLE
[2026-05-11 22:22:27Z] CHK MOM:0% RANGE:0.08% UP:33.33% SPREAD:0.17123287% BID:0.1168 ASK:0.117 MID:0.1169 P1:0.1169 P2:0.1168 P3:0.11685 P4:0.1169 STATE:IDLE
[2026-05-11 22:22:28Z] CHK MOM:0% RANGE:0.08% UP:25% SPREAD:0.17123287% BID:0.1168 ASK:0.117 MID:0.1169 P1:0.1169 P2:0.1169 P3:0.1168 P4:0.11685 STATE:IDLE
[2026-05-11 22:22:28Z] CHK MOM:0% RANGE:0.08% UP:25% SPREAD:0.17123287% BID:0.1168 ASK:0.117 MID:0.1169 P1:0.1169 P2:0.1169 P3:0.1168 P4:0.11685 STATE:IDLE
[2026-05-11 22:22:29Z] CHK MOM:0% RANGE:0.08% UP:25% SPREAD:0.17123287% BID:0.1168 ASK:0.117 MID:0.1169 P1:0.1169 P2:0.1169 P3:0.1168 P4:0.11685 STATE:IDLE
[2026-05-11 22:22:30Z] CHK MOM:0% RANGE:0.08% UP:20% SPREAD:0.17123287% BID:0.1168 ASK:0.117 MID:0.1169 P1:0.1169 P2:0.1169 P3:0.1169 P4:0.1168 STATE:IDLE
[2026-05-11 22:22:30Z] CHK MOM:0% RANGE:0.08% UP:20% SPREAD:0.17123287% BID:0.1168 ASK:0.117 MID:0.1169 P1:0.1169 P2:0.1169 P3:0.1169 P4:0.1168 STATE:IDLE
[2026-05-11 22:22:31Z] CHK MOM:0% RANGE:0.08% UP:16.66% SPREAD:0.17123287% BID:0.1168 ASK:0.117 MID:0.1169 P1:0.1169 P2:0.1169 P3:0.1169 P4:0.1169 STATE:IDLE
[2026-05-11 22:22:31Z] CHK MOM:0% RANGE:0.08% UP:16.66% SPREAD:0.17123287% BID:0.1168 ASK:0.117 MID:0.1169 P1:0.1169 P2:0.1169 P3:0.1169 P4:0.1169 STATE:IDLE
[2026-05-11 22:22:32Z] CHK MOM:0% RANGE:0.08% UP:14.28% SPREAD:0.17123287% BID:0.1168 ASK:0.117 MID:0.1169 P1:0.1169 P2:0.1169 P3:0.1169 P4:0.1169 STATE:IDLE
[2026-05-11 22:22:32Z] CHK MOM:0% RANGE:0.08% UP:14.28% SPREAD:0.17123287% BID:0.1168 ASK:0.117 MID:0.1169 P1:0.1169 P2:0.1169 P3:0.1169 P4:0.1169 STATE:IDLE
[2026-05-11 22:22:33Z] CHK MOM:0% RANGE:0.08% UP:14.28% SPREAD:0.17123287% BID:0.1168 ASK:0.117 MID:0.1169 P1:0.1169 P2:0.1169 P3:0.1169 P4:0.1169 STATE:IDLE
[2026-05-11 22:22:33Z] CHK MOM:0% RANGE:0.08% UP:12.5% SPREAD:0.17123287% BID:0.1168 ASK:0.117 MID:0.1169 P1:0.1169 P2:0.1169 P3:0.1169 P4:0.1169 STATE:IDLE
[2026-05-11 22:22:34Z] CHK MOM:0% RANGE:0.08% UP:12.5% SPREAD:0.17123287% BID:0.1168 ASK:0.117 MID:0.1169 P1:0.1169 P2:0.1169 P3:0.1169 P4:0.1169 STATE:IDLE
[2026-05-11 22:22:35Z] CHK MOM:0% RANGE:0.08% UP:12.5% SPREAD:0.17123287% BID:0.1168 ASK:0.117 MID:0.1169 P1:0.1169 P2:0.1169 P3:0.1169 P4:0.1169 STATE:IDLE
[2026-05-11 22:22:35Z] CHK MOM:0% RANGE:0.08% UP:12.5% SPREAD:0.17123287% BID:0.1168 ASK:0.117 MID:0.1169 P1:0.1169 P2:0.1169 P3:0.1169 P4:0.1169 STATE:IDLE
[2026-05-11 22:22:36Z] CHK MOM:0% RANGE:0.08% UP:12.5% SPREAD:0.17123287% BID:0.1168 ASK:0.117 MID:0.1169 P1:0.1169 P2:0.1169 P3:0.1169 P4:0.1169 STATE:IDLE
[2026-05-11 22:22:37Z] CHK MOM:0.12% RANGE:0.12% UP:28.57% SPREAD:0.08554319% BID:0.1169 ASK:0.117 MID:0.11695 P1:0.11695 P2:0.1169 P3:0.1169 P4:0.1169 STATE:IDLE
[2026-05-11 22:22:37Z] CHK MOM:0.12% RANGE:0.12% UP:28.57% SPREAD:0.08554319% BID:0.1169 ASK:0.117 MID:0.11695 P1:0.11695 P2:0.1169 P3:0.1169 P4:0.1169 STATE:IDLE
[2026-05-11 22:22:38Z] CHK MOM:0.12% RANGE:0.12% UP:28.57% SPREAD:0.08554319% BID:0.1169 ASK:0.117 MID:0.11695 P1:0.11695 P2:0.1169 P3:0.1169 P4:0.1169 STATE:IDLE
[2026-05-11 22:22:38Z] CHK MOM:0% RANGE:0.04% UP:14.28% SPREAD:0.17123287% BID:0.1168 ASK:0.117 MID:0.1169 P1:0.1169 P2:0.11695 P3:0.1169 P4:0.1169 STATE:IDLE
[2026-05-11 22:22:39Z] CHK MOM:0% RANGE:0.04% UP:14.28% SPREAD:0.17123287% BID:0.1168 ASK:0.117 MID:0.1169 P1:0.1169 P2:0.11695 P3:0.1169 P4:0.1169 STATE:IDLE
[2026-05-11 22:22:39Z] CHK MOM:0% RANGE:0.04% UP:14.28% SPREAD:0.17123287% BID:0.1168 ASK:0.117 MID:0.1169 P1:0.1169 P2:0.1169 P3:0.11695 P4:0.1169 STATE:IDLE
[2026-05-11 22:22:40Z] CHK MOM:0% RANGE:0.04% UP:14.28% SPREAD:0.17123287% BID:0.1168 ASK:0.117 MID:0.1169 P1:0.1169 P2:0.1169 P3:0.11695 P4:0.1169 STATE:IDLE
[2026-05-11 22:22:41Z] CHK MOM:0.04% RANGE:0.04% UP:28.57% SPREAD:0.08554319% BID:0.1169 ASK:0.117 MID:0.11695 P1:0.11695 P2:0.1169 P3:0.1169 P4:0.11695 STATE:IDLE
[2026-05-11 22:22:41Z] CHK MOM:0.04% RANGE:0.04% UP:28.57% SPREAD:0.08554319% BID:0.1169 ASK:0.117 MID:0.11695 P1:0.11695 P2:0.1169 P3:0.1169 P4:0.11695 STATE:IDLE
[2026-05-11 22:22:42Z] CHK MOM:0.04% RANGE:0.04% UP:28.57% SPREAD:0.08554319% BID:0.1169 ASK:0.117 MID:0.11695 P1:0.11695 P2:0.1169 P3:0.1169 P4:0.11695 STATE:IDLE
[2026-05-11 22:22:42Z] CHK MOM:0.04% RANGE:0.04% UP:28.57% SPREAD:0.08554319% BID:0.1169 ASK:0.117 MID:0.11695 P1:0.11695 P2:0.1169 P3:0.1169 P4:0.11695 STATE:IDLE
[2026-05-11 22:22:43Z] CHK MOM:0.04% RANGE:0.04% UP:28.57% SPREAD:0.08554319% BID:0.1169 ASK:0.117 MID:0.11695 P1:0.11695 P2:0.1169 P3:0.1169 P4:0.11695 STATE:IDLE
[2026-05-11 22:22:44Z] CHK MOM:0% RANGE:0.04% UP:33.33% SPREAD:0.17123287% BID:0.1168 ASK:0.117 MID:0.1169 P1:0.1169 P2:0.11695 P3:0.1169 P4:0.1169 STATE:IDLE
[2026-05-11 22:22:44Z] CHK MOM:0% RANGE:0.04% UP:33.33% SPREAD:0.17123287% BID:0.1168 ASK:0.117 MID:0.1169 P1:0.1169 P2:0.11695 P3:0.1169 P4:0.1169 STATE:IDLE
[2026-05-11 22:22:45Z] CHK MOM:0% RANGE:0.04% UP:33.33% SPREAD:0.17123287% BID:0.1168 ASK:0.117 MID:0.1169 P1:0.1169 P2:0.11695 P3:0.1169 P4:0.1169 STATE:IDLE
[2026-05-11 22:22:46Z] CHK MOM:0% RANGE:0.04% UP:33.33% SPREAD:0.17123287% BID:0.1168 ASK:0.117 MID:0.1169 P1:0.1169 P2:0.11695 P3:0.1169 P4:0.1169 STATE:IDLE
[2026-05-11 22:22:46Z] CHK MOM:0% RANGE:0.04% UP:33.33% SPREAD:0.17123287% BID:0.1168 ASK:0.117 MID:0.1169 P1:0.1169 P2:0.11695 P3:0.1169 P4:0.1169 STATE:IDLE
[2026-05-11 22:22:57Z] CHK MOM:0% RANGE:0% UP:0% SPREAD:0.17123287% BID:0.1168 ASK:0.117 MID:0.1169 P1:0.1169 P2:0.1169 P3:0.11695 P4:0.1169 STATE:IDLE
[2026-05-11 22:22:57Z] CHK MOM:0% RANGE:0% UP:0% SPREAD:0.17123287% BID:0.1168 ASK:0.117 MID:0.1169 P1:0.1169 P2:0.1169 P3:0.11695 P4:0.1169 STATE:IDLE
[2026-05-11 22:22:58Z] CHK MOM:0% RANGE:0% UP:0% SPREAD:0.17123287% BID:0.1168 ASK:0.117 MID:0.1169 P1:0.1169 P2:0.1169 P3:0.11695 P4:0.1169 STATE:IDLE
[2026-05-11 22:22:58Z] CHK MOM:0% RANGE:0% UP:0% SPREAD:0.17123287% BID:0.1168 ASK:0.117 MID:0.1169 P1:0.1169 P2:0.1169 P3:0.11695 P4:0.1169 STATE:IDLE
[2026-05-11 22:22:59Z] CHK MOM:0% RANGE:0% UP:0% SPREAD:0.17123287% BID:0.1168 ASK:0.117 MID:0.1169 P1:0.1169 P2:0.1169 P3:0.11695 P4:0.1169 STATE:IDLE
[2026-05-11 22:22:59Z] CHK MOM:0% RANGE:0% UP:0% SPREAD:0.17123287% BID:0.1168 ASK:0.117 MID:0.1169 P1:0.1169 P2:0.1169 P3:0.11695 P4:0.1169 STATE:IDLE
[2026-05-11 22:23:01Z] CHK MOM:0% RANGE:0% UP:0% SPREAD:0.17123287% BID:0.1168 ASK:0.117 MID:0.1169 P1:0.1169 P2:0.1169 P3:0.1169 P4:0.11695 STATE:IDLE
[2026-05-11 22:23:01Z] CHK MOM:0% RANGE:0% UP:0% SPREAD:0.17123287% BID:0.1168 ASK:0.117 MID:0.1169 P1:0.1169 P2:0.1169 P3:0.1169 P4:0.11695 STATE:IDLE
[2026-05-11 22:23:02Z] CHK MOM:0% RANGE:0% UP:0% SPREAD:0.17123287% BID:0.1168 ASK:0.117 MID:0.1169 P1:0.1169 P2:0.1169 P3:0.1169 P4:0.1169 STATE:IDLE
[2026-05-11 22:23:03Z] CHK MOM:0% RANGE:0% UP:0% SPREAD:0.17123287% BID:0.1168 ASK:0.117 MID:0.1169 P1:0.1169 P2:0.1169 P3:0.1169 P4:0.1169 STATE:IDLE
[2026-05-11 22:23:03Z] CHK MOM:0% RANGE:0% UP:0% SPREAD:0.17123287% BID:0.1168 ASK:0.117 MID:0.1169 P1:0.1169 P2:0.1169 P3:0.1169 P4:0.1169 STATE:IDLE
[2026-05-11 22:23:04Z] CHK MOM:0% RANGE:0% UP:0% SPREAD:0.17123287% BID:0.1168 ASK:0.117 MID:0.1169 P1:0.1169 P2:0.1169 P3:0.1169 P4:0.1169 STATE:IDLE
[2026-05-11 22:23:04Z] CHK MOM:0% RANGE:0% UP:0% SPREAD:0.17123287% BID:0.1168 ASK:0.117 MID:0.1169 P1:0.1169 P2:0.1169 P3:0.1169 P4:0.1169 STATE:IDLE
[2026-05-11 22:23:05Z] CHK MOM:0% RANGE:0% UP:0% SPREAD:0.17123287% BID:0.1168 ASK:0.117 MID:0.1169 P1:0.1169 P2:0.1169 P3:0.1169 P4:0.1169 STATE:IDLE
[2026-05-11 22:23:05Z] CHK MOM:0% RANGE:0% UP:0% SPREAD:0.17123287% BID:0.1168 ASK:0.117 MID:0.1169 P1:0.1169 P2:0.1169 P3:0.1169 P4:0.1169 STATE:IDLE
[2026-05-11 22:23:06Z] CHK MOM:0% RANGE:0% UP:0% SPREAD:0.17123287% BID:0.1168 ASK:0.117 MID:0.1169 P1:0.1169 P2:0.1169 P3:0.1169 P4:0.1169 STATE:IDLE
[2026-05-11 22:23:06Z] CHK MOM:0% RANGE:0% UP:0% SPREAD:0.17123287% BID:0.1168 ASK:0.117 MID:0.1169 P1:0.1169 P2:0.1169 P3:0.1169 P4:0.1169 STATE:IDLE
[2026-05-11 22:23:07Z] CHK MOM:-0.08% RANGE:0.08% UP:0% SPREAD:0.1713796% BID:0.1167 ASK:0.1169 MID:0.1168 P1:0.1168 P2:0.1169 P3:0.1169 P4:0.1169 STATE:IDLE
[2026-05-11 22:23:08Z] CHK MOM:-0.08% RANGE:0.08% UP:0% SPREAD:0.1713796% BID:0.1167 ASK:0.1169 MID:0.1168 P1:0.1168 P2:0.1169 P3:0.1169 P4:0.1169 STATE:IDLE
[2026-05-11 22:23:08Z] CHK MOM:-0.08% RANGE:0.08% UP:0% SPREAD:0.1713796% BID:0.1167 ASK:0.1169 MID:0.1168 P1:0.1168 P2:0.1169 P3:0.1169 P4:0.1169 STATE:IDLE
[2026-05-11 22:23:09Z] CHK MOM:-0.08% RANGE:0.08% UP:0% SPREAD:0.1713796% BID:0.1167 ASK:0.1169 MID:0.1168 P1:0.1168 P2:0.1169 P3:0.1169 P4:0.1169 STATE:IDLE
[2026-05-11 22:23:09Z] CHK MOM:-0.08% RANGE:0.08% UP:0% SPREAD:0.1713796% BID:0.1167 ASK:0.1169 MID:0.1168 P1:0.1168 P2:0.1169 P3:0.1169 P4:0.1169 STATE:IDLE
[2026-05-11 22:23:11Z] CHK MOM:0% RANGE:0.08% UP:16.66% SPREAD:0.17123287% BID:0.1168 ASK:0.117 MID:0.1169 P1:0.1169 P2:0.1168 P3:0.1169 P4:0.1169 STATE:IDLE
[2026-05-11 22:23:12Z] CHK MOM:0% RANGE:0.08% UP:16.66% SPREAD:0.17123287% BID:0.1168 ASK:0.117 MID:0.1169 P1:0.1169 P2:0.1168 P3:0.1169 P4:0.1169 STATE:IDLE
[2026-05-11 22:23:12Z] CHK MOM:0% RANGE:0.08% UP:16.66% SPREAD:0.17123287% BID:0.1168 ASK:0.117 MID:0.1169 P1:0.1169 P2:0.1168 P3:0.1169 P4:0.1169 STATE:IDLE
[2026-05-11 22:23:13Z] CHK MOM:0% RANGE:0.08% UP:14.28% SPREAD:0.17123287% BID:0.1168 ASK:0.117 MID:0.1169 P1:0.1169 P2:0.1169 P3:0.1168 P4:0.1169 STATE:IDLE
[2026-05-11 22:23:13Z] CHK MOM:0% RANGE:0.08% UP:14.28% SPREAD:0.17123287% BID:0.1168 ASK:0.117 MID:0.1169 P1:0.1169 P2:0.1169 P3:0.1168 P4:0.1169 STATE:IDLE
[2026-05-11 22:23:14Z] CHK MOM:0% RANGE:0.08% UP:14.28% SPREAD:0.17123287% BID:0.1168 ASK:0.117 MID:0.1169 P1:0.1169 P2:0.1169 P3:0.1168 P4:0.1169 STATE:IDLE
[2026-05-11 22:23:14Z] CHK MOM:0% RANGE:0.08% UP:14.28% SPREAD:0.17123287% BID:0.1168 ASK:0.117 MID:0.1169 P1:0.1169 P2:0.1169 P3:0.1168 P4:0.1169 STATE:IDLE
[2026-05-11 22:23:15Z] CHK MOM:0% RANGE:0.08% UP:14.28% SPREAD:0.17123287% BID:0.1168 ASK:0.117 MID:0.1169 P1:0.1169 P2:0.1169 P3:0.1168 P4:0.1169 STATE:IDLE
[2026-05-11 22:23:17Z] CHK MOM:0.08% RANGE:0.08% UP:33.33% SPREAD:0.17123287% BID:0.1168 ASK:0.117 MID:0.1169 P1:0.1169 P2:0.1169 P3:0.1169 P4:0.1168 STATE:IDLE
[2026-05-11 22:23:18Z] CHK MOM:0.08% RANGE:0.08% UP:33.33% SPREAD:0.17123287% BID:0.1168 ASK:0.117 MID:0.1169 P1:0.1169 P2:0.1169 P3:0.1169 P4:0.1168 STATE:IDLE
[2026-05-11 22:23:19Z] CHK MOM:0.08% RANGE:0.08% UP:33.33% SPREAD:0.17123287% BID:0.1168 ASK:0.117 MID:0.1169 P1:0.1169 P2:0.1169 P3:0.1169 P4:0.1168 STATE:IDLE
[2026-05-11 22:23:19Z] CHK MOM:0.08% RANGE:0.08% UP:33.33% SPREAD:0.17123287% BID:0.1168 ASK:0.117 MID:0.1169 P1:0.1169 P2:0.1169 P3:0.1169 P4:0.1168 STATE:IDLE
[2026-05-11 22:23:20Z] CHK MOM:0.08% RANGE:0.08% UP:33.33% SPREAD:0.17123287% BID:0.1168 ASK:0.117 MID:0.1169 P1:0.1169 P2:0.1169 P3:0.1169 P4:0.1168 STATE:IDLE
[2026-05-11 22:23:28Z] CHK MOM:0% RANGE:0% UP:0% SPREAD:0.17123287% BID:0.1168 ASK:0.117 MID:0.1169 P1:0.1169 P2:0.1169 P3:0.1169 P4:0.1169 STATE:IDLE
[2026-05-11 22:23:28Z] CHK MOM:0% RANGE:0% UP:0% SPREAD:0.17123287% BID:0.1168 ASK:0.117 MID:0.1169 P1:0.1169 P2:0.1169 P3:0.1169 P4:0.1169 STATE:IDLE
[2026-05-11 22:23:29Z] CHK MOM:0% RANGE:0% UP:0% SPREAD:0.17123287% BID:0.1168 ASK:0.117 MID:0.1169 P1:0.1169 P2:0.1169 P3:0.1169 P4:0.1169 STATE:IDLE
[2026-05-11 22:23:29Z] CHK MOM:0% RANGE:0% UP:0% SPREAD:0.17123287% BID:0.1168 ASK:0.117 MID:0.1169 P1:0.1169 P2:0.1169 P3:0.1169 P4:0.1169 STATE:IDLE
[2026-05-11 22:23:30Z] CHK MOM:0% RANGE:0% UP:0% SPREAD:0.17123287% BID:0.1168 ASK:0.117 MID:0.1169 P1:0.1169 P2:0.1169 P3:0.1169 P4:0.1169 STATE:IDLE
[2026-05-11 22:23:32Z] CHK MOM:-0.04% RANGE:0.04% UP:0% SPREAD:0.08561643% BID:0.1168 ASK:0.1169 MID:0.11685 P1:0.11685 P2:0.1169 P3:0.1169 P4:0.1169 STATE:IDLE
[2026-05-11 22:23:33Z] CHK MOM:-0.04% RANGE:0.04% UP:0% SPREAD:0.08561643% BID:0.1168 ASK:0.1169 MID:0.11685 P1:0.11685 P2:0.1169 P3:0.1169 P4:0.1169 STATE:IDLE
[2026-05-11 22:23:33Z] CHK MOM:-0.08% RANGE:0.08% UP:0% SPREAD:0.1713796% BID:0.1167 ASK:0.1169 MID:0.1168 P1:0.1168 P2:0.11685 P3:0.1169 P4:0.1169 STATE:IDLE
[2026-05-11 22:23:34Z] CHK MOM:-0.08% RANGE:0.08% UP:0% SPREAD:0.1713796% BID:0.1167 ASK:0.1169 MID:0.1168 P1:0.1168 P2:0.1168 P3:0.11685 P4:0.1169 STATE:IDLE
[2026-05-11 22:23:34Z] CHK MOM:-0.08% RANGE:0.08% UP:0% SPREAD:0.1713796% BID:0.1167 ASK:0.1169 MID:0.1168 P1:0.1168 P2:0.1168 P3:0.1168 P4:0.11685 STATE:IDLE
[2026-05-11 22:23:35Z] CHK MOM:-0.08% RANGE:0.08% UP:0% SPREAD:0.1713796% BID:0.1167 ASK:0.1169 MID:0.1168 P1:0.1168 P2:0.1168 P3:0.1168 P4:0.11685 STATE:IDLE
[2026-05-11 22:23:35Z] CHK MOM:-0.08% RANGE:0.08% UP:0% SPREAD:0.1713796% BID:0.1167 ASK:0.1169 MID:0.1168 P1:0.1168 P2:0.1168 P3:0.1168 P4:0.11685 STATE:IDLE
[2026-05-11 22:23:36Z] CHK MOM:-0.08% RANGE:0.08% UP:0% SPREAD:0.1713796% BID:0.1167 ASK:0.1169 MID:0.1168 P1:0.1168 P2:0.1168 P3:0.1168 P4:0.11685 STATE:IDLE
[2026-05-11 22:23:36Z] CHK MOM:-0.08% RANGE:0.08% UP:0% SPREAD:0.1713796% BID:0.1167 ASK:0.1169 MID:0.1168 P1:0.1168 P2:0.1168 P3:0.1168 P4:0.11685 STATE:IDLE
[2026-05-11 22:23:37Z] CHK MOM:-0.08% RANGE:0.08% UP:0% SPREAD:0.1713796% BID:0.1167 ASK:0.1169 MID:0.1168 P1:0.1168 P2:0.1168 P3:0.1168 P4:0.11685 STATE:IDLE
[2026-05-11 22:23:41Z] CHK MOM:-0.12% RANGE:0.12% UP:0% SPREAD:0.17152658% BID:0.1166 ASK:0.1168 MID:0.1167 P1:0.1167 P2:0.1168 P3:0.1168 P4:0.1168 STATE:IDLE
[2026-05-11 22:23:41Z] CHK MOM:-0.04% RANGE:0.12% UP:20% SPREAD:0.1713796% BID:0.1167 ASK:0.1169 MID:0.1168 P1:0.1168 P2:0.1167 P3:0.1168 P4:0.1168 STATE:IDLE
[2026-05-11 22:23:42Z] CHK MOM:-0.04% RANGE:0.12% UP:16.66% SPREAD:0.1713796% BID:0.1167 ASK:0.1169 MID:0.1168 P1:0.1168 P2:0.1168 P3:0.1167 P4:0.1168 STATE:IDLE
[2026-05-11 22:23:42Z] CHK MOM:-0.08% RANGE:0.12% UP:14.28% SPREAD:0.0856898% BID:0.1167 ASK:0.1168 MID:0.11674999 P1:0.11674999 P2:0.1168 P3:0.1168 P4:0.1167 STATE:IDLE
[2026-05-11 22:23:43Z] CHK MOM:-0.08% RANGE:0.12% UP:14.28% SPREAD:0.0856898% BID:0.1167 ASK:0.1168 MID:0.11674999 P1:0.11674999 P2:0.1168 P3:0.1168 P4:0.1167 STATE:IDLE
[2026-05-11 22:23:43Z] CHK MOM:-0.08% RANGE:0.12% UP:14.28% SPREAD:0.0856898% BID:0.1167 ASK:0.1168 MID:0.11674999 P1:0.11674999 P2:0.1168 P3:0.1168 P4:0.1167 STATE:IDLE
[2026-05-11 22:23:44Z] CHK MOM:-0.08% RANGE:0.12% UP:14.28% SPREAD:0.0856898% BID:0.1167 ASK:0.1168 MID:0.11674999 P1:0.11674999 P2:0.1168 P3:0.1168 P4:0.1167 STATE:IDLE
[2026-05-11 22:23:44Z] CHK MOM:-0.08% RANGE:0.12% UP:14.28% SPREAD:0.0856898% BID:0.1167 ASK:0.1168 MID:0.11674999 P1:0.11674999 P2:0.1168 P3:0.1168 P4:0.1167 STATE:IDLE
[2026-05-11 22:23:45Z] CHK MOM:-0.08% RANGE:0.12% UP:14.28% SPREAD:0.0856898% BID:0.1167 ASK:0.1168 MID:0.11674999 P1:0.11674999 P2:0.1168 P3:0.1168 P4:0.1167 STATE:IDLE
[2026-05-11 22:23:47Z] CHK MOM:-0.08% RANGE:0.08% UP:20% SPREAD:0.17152658% BID:0.1166 ASK:0.1168 MID:0.1167 P1:0.1167 P2:0.11674999 P3:0.1168 P4:0.1168 STATE:IDLE
[2026-05-11 22:23:47Z] CHK MOM:-0.08% RANGE:0.08% UP:20% SPREAD:0.17152658% BID:0.1166 ASK:0.1168 MID:0.1167 P1:0.1167 P2:0.11674999 P3:0.1168 P4:0.1168 STATE:IDLE
[2026-05-11 22:23:48Z] CHK MOM:-0.08% RANGE:0.08% UP:20% SPREAD:0.17152658% BID:0.1166 ASK:0.1168 MID:0.1167 P1:0.1167 P2:0.11674999 P3:0.1168 P4:0.1168 STATE:IDLE
[2026-05-11 22:23:48Z] CHK MOM:-0.08% RANGE:0.08% UP:20% SPREAD:0.17152658% BID:0.1166 ASK:0.1168 MID:0.1167 P1:0.1167 P2:0.11674999 P3:0.1168 P4:0.1168 STATE:IDLE
[2026-05-11 22:23:49Z] CHK MOM:-0.08% RANGE:0.08% UP:20% SPREAD:0.17152658% BID:0.1166 ASK:0.1168 MID:0.1167 P1:0.1167 P2:0.11674999 P3:0.1168 P4:0.1168 STATE:IDLE
[2026-05-11 22:24:02Z] CHK MOM:0% RANGE:0% UP:0% SPREAD:0.17152658% BID:0.1166 ASK:0.1168 MID:0.1167 P1:0.1167 P2:0.1167 P3:0.11674999 P4:0.1168 STATE:IDLE
[2026-05-11 22:24:02Z] CHK MOM:0.04% RANGE:0.04% UP:100% SPREAD:0.0856898% BID:0.1167 ASK:0.1168 MID:0.11674999 P1:0.11674999 P2:0.1167 P3:0.1167 P4:0.11674999 STATE:IDLE
[2026-05-11 22:24:03Z] CHK MOM:0.04% RANGE:0.04% UP:100% SPREAD:0.0856898% BID:0.1167 ASK:0.1168 MID:0.11674999 P1:0.11674999 P2:0.1167 P3:0.1167 P4:0.11674999 STATE:IDLE
[2026-05-11 22:24:03Z] CHK MOM:0.04% RANGE:0.04% UP:100% SPREAD:0.0856898% BID:0.1167 ASK:0.1168 MID:0.11674999 P1:0.11674999 P2:0.1167 P3:0.1167 P4:0.11674999 STATE:IDLE
[2026-05-11 22:24:04Z] CHK MOM:0.04% RANGE:0.04% UP:100% SPREAD:0.0856898% BID:0.1167 ASK:0.1168 MID:0.11674999 P1:0.11674999 P2:0.1167 P3:0.1167 P4:0.11674999 STATE:IDLE
[2026-05-11 22:24:04Z] CHK MOM:0.04% RANGE:0.04% UP:100% SPREAD:0.0856898% BID:0.1167 ASK:0.1168 MID:0.11674999 P1:0.11674999 P2:0.1167 P3:0.1167 P4:0.11674999 STATE:IDLE
[2026-05-11 22:24:05Z] CHK MOM:0.04% RANGE:0.04% UP:100% SPREAD:0.0856898% BID:0.1167 ASK:0.1168 MID:0.11674999 P1:0.11674999 P2:0.1167 P3:0.1167 P4:0.11674999 STATE:IDLE
[2026-05-11 22:24:06Z] CHK MOM:0.08% RANGE:0.08% UP:100% SPREAD:0.1713796% BID:0.1167 ASK:0.1169 MID:0.1168 P1:0.1168 P2:0.11674999 P3:0.1167 P4:0.1167 STATE:IDLE
[2026-05-11 22:24:07Z] CHK MOM:0.08% RANGE:0.08% UP:100% SPREAD:0.1713796% BID:0.1167 ASK:0.1169 MID:0.1168 P1:0.1168 P2:0.11674999 P3:0.1167 P4:0.1167 STATE:IDLE
[2026-05-11 22:24:08Z] CHK MOM:0.08% RANGE:0.08% UP:100% SPREAD:0.1713796% BID:0.1167 ASK:0.1169 MID:0.1168 P1:0.1168 P2:0.11674999 P3:0.1167 P4:0.1167 STATE:IDLE
[2026-05-11 22:24:08Z] CHK MOM:0.08% RANGE:0.08% UP:100% SPREAD:0.1713796% BID:0.1167 ASK:0.1169 MID:0.1168 P1:0.1168 P2:0.11674999 P3:0.1167 P4:0.1167 STATE:IDLE
[2026-05-11 22:24:09Z] CHK MOM:0.08% RANGE:0.08% UP:66.66% SPREAD:0.1713796% BID:0.1167 ASK:0.1169 MID:0.1168 P1:0.1168 P2:0.1168 P3:0.11674999 P4:0.1167 STATE:IDLE
[2026-05-11 22:24:09Z] CHK MOM:0.08% RANGE:0.08% UP:66.66% SPREAD:0.1713796% BID:0.1167 ASK:0.1169 MID:0.1168 P1:0.1168 P2:0.1168 P3:0.11674999 P4:0.1167 STATE:IDLE
[2026-05-11 22:24:10Z] CHK MOM:0.08% RANGE:0.08% UP:66.66% SPREAD:0.1713796% BID:0.1167 ASK:0.1169 MID:0.1168 P1:0.1168 P2:0.1168 P3:0.11674999 P4:0.1167 STATE:IDLE
[2026-05-11 22:24:10Z] CHK MOM:0.08% RANGE:0.08% UP:50% SPREAD:0.1713796% BID:0.1167 ASK:0.1169 MID:0.1168 P1:0.1168 P2:0.1168 P3:0.1168 P4:0.11674999 STATE:IDLE
[2026-05-11 22:24:11Z] CHK MOM:0.08% RANGE:0.08% UP:50% SPREAD:0.1713796% BID:0.1167 ASK:0.1169 MID:0.1168 P1:0.1168 P2:0.1168 P3:0.1168 P4:0.11674999 STATE:IDLE
[2026-05-11 22:24:11Z] CHK MOM:0.08% RANGE:0.08% UP:40% SPREAD:0.1713796% BID:0.1167 ASK:0.1169 MID:0.1168 P1:0.1168 P2:0.1168 P3:0.1168 P4:0.1168 STATE:IDLE
[2026-05-11 22:24:12Z] CHK MOM:0.08% RANGE:0.08% UP:40% SPREAD:0.1713796% BID:0.1167 ASK:0.1169 MID:0.1168 P1:0.1168 P2:0.1168 P3:0.1168 P4:0.1168 STATE:IDLE
[2026-05-11 22:24:13Z] CHK MOM:0.08% RANGE:0.08% UP:40% SPREAD:0.1713796% BID:0.1167 ASK:0.1169 MID:0.1168 P1:0.1168 P2:0.1168 P3:0.1168 P4:0.1168 STATE:IDLE
[2026-05-11 22:24:13Z] CHK MOM:0.08% RANGE:0.08% UP:40% SPREAD:0.1713796% BID:0.1167 ASK:0.1169 MID:0.1168 P1:0.1168 P2:0.1168 P3:0.1168 P4:0.1168 STATE:IDLE
[2026-05-11 22:24:14Z] CHK MOM:0.08% RANGE:0.08% UP:40% SPREAD:0.1713796% BID:0.1167 ASK:0.1169 MID:0.1168 P1:0.1168 P2:0.1168 P3:0.1168 P4:0.1168 STATE:IDLE
[2026-05-11 22:24:16Z] CHK MOM:-0.04% RANGE:0.04% UP:0% SPREAD:0.25728987% BID:0.1166 ASK:0.1169 MID:0.11674999 P1:0.11674999 P2:0.1168 P3:0.1168 P4:0.1168 STATE:IDLE
[2026-05-11 22:24:17Z] CHK MOM:0% RANGE:0.04% UP:20% SPREAD:0.1713796% BID:0.1167 ASK:0.1169 MID:0.1168 P1:0.1168 P2:0.11674999 P3:0.1168 P4:0.1168 STATE:IDLE
[2026-05-11 22:24:17Z] CHK MOM:0% RANGE:0.04% UP:16.66% SPREAD:0.1713796% BID:0.1167 ASK:0.1169 MID:0.1168 P1:0.1168 P2:0.1168 P3:0.11674999 P4:0.1168 STATE:IDLE
[2026-05-11 22:24:18Z] CHK MOM:0% RANGE:0.04% UP:16.66% SPREAD:0.1713796% BID:0.1167 ASK:0.1169 MID:0.1168 P1:0.1168 P2:0.1168 P3:0.11674999 P4:0.1168 STATE:IDLE
[2026-05-11 22:24:19Z] CHK MOM:0% RANGE:0.04% UP:16.66% SPREAD:0.1713796% BID:0.1167 ASK:0.1169 MID:0.1168 P1:0.1168 P2:0.1168 P3:0.11674999 P4:0.1168 STATE:IDLE
[2026-05-11 22:24:19Z] CHK MOM:0% RANGE:0.04% UP:16.66% SPREAD:0.1713796% BID:0.1167 ASK:0.1169 MID:0.1168 P1:0.1168 P2:0.1168 P3:0.11674999 P4:0.1168 STATE:IDLE
[2026-05-11 22:24:20Z] CHK MOM:0% RANGE:0.04% UP:16.66% SPREAD:0.1713796% BID:0.1167 ASK:0.1169 MID:0.1168 P1:0.1168 P2:0.1168 P3:0.11674999 P4:0.1168 STATE:IDLE
[2026-05-11 22:24:29Z] CHK MOM:0.04% RANGE:0.04% UP:33.33% SPREAD:0.1713796% BID:0.1167 ASK:0.1169 MID:0.1168 P1:0.1168 P2:0.1168 P3:0.1168 P4:0.11674999 STATE:IDLE
