[2026-05-11 23:52:32Z] SESSION_START symbol=LDOUSDC dry_run=0 profile=major strategy=momentum base_url=https://api.binance.com
[2026-05-11 23:52:32Z] TOXIC_MEMORY_LOADED count=5 symbols=GUNUSDC,JTOUSDC,ORDIUSDC,SAHARAUSDC,TONUSDC
[2026-05-11 23:52:36Z] CHK MOM:0% RANGE:0% UP:0% SPREAD:0.0487567% BID:0.4102 ASK:0.4104 MID:0.4103 P1:0.4103 P2:NA P3:NA P4:NA STATE:IDLE
[2026-05-11 23:52:37Z] CHK MOM:-0.01% RANGE:0.01% UP:0% SPREAD:0.07315288% BID:0.4101 ASK:0.4104 MID:0.41025 P1:0.41025 P2:0.4103 P3:NA P4:NA STATE:IDLE
[2026-05-11 23:52:37Z] CHK MOM:-0.01% RANGE:0.01% UP:0% SPREAD:0.07315288% BID:0.4101 ASK:0.4104 MID:0.41025 P1:0.41025 P2:0.4103 P3:NA P4:NA STATE:IDLE
[2026-05-11 23:52:38Z] CHK MOM:0% RANGE:0.01% UP:50% SPREAD:0.0487567% BID:0.4102 ASK:0.4104 MID:0.4103 P1:0.4103 P2:0.41025 P3:0.4103 P4:NA STATE:IDLE
[2026-05-11 23:52:38Z] CHK MOM:0% RANGE:0.01% UP:50% SPREAD:0.0487567% BID:0.4102 ASK:0.4104 MID:0.4103 P1:0.4103 P2:0.41025 P3:0.4103 P4:NA STATE:IDLE
[2026-05-11 23:52:39Z] CHK MOM:0% RANGE:0.01% UP:50% SPREAD:0.0487567% BID:0.4102 ASK:0.4104 MID:0.4103 P1:0.4103 P2:0.41025 P3:0.4103 P4:NA STATE:IDLE
[2026-05-11 23:52:39Z] CHK MOM:0% RANGE:0.01% UP:50% SPREAD:0.0487567% BID:0.4102 ASK:0.4104 MID:0.4103 P1:0.4103 P2:0.41025 P3:0.4103 P4:NA STATE:IDLE
[2026-05-11 23:52:40Z] CHK MOM:0% RANGE:0.01% UP:50% SPREAD:0.0487567% BID:0.4102 ASK:0.4104 MID:0.4103 P1:0.4103 P2:0.41025 P3:0.4103 P4:NA STATE:IDLE
[2026-05-11 23:52:40Z] CHK MOM:0% RANGE:0.01% UP:50% SPREAD:0.0487567% BID:0.4102 ASK:0.4104 MID:0.4103 P1:0.4103 P2:0.41025 P3:0.4103 P4:NA STATE:IDLE
[2026-05-11 23:52:45Z] CHK MOM:0.02% RANGE:0.03% UP:66.66% SPREAD:0.04874482% BID:0.4103 ASK:0.4105 MID:0.4104 P1:0.4104 P2:0.4103 P3:0.41025 P4:0.4103 STATE:IDLE
[2026-05-11 23:52:45Z] CHK MOM:0.02% RANGE:0.03% UP:66.66% SPREAD:0.04874482% BID:0.4103 ASK:0.4105 MID:0.4104 P1:0.4104 P2:0.4103 P3:0.41025 P4:0.4103 STATE:IDLE
[2026-05-11 23:52:46Z] CHK MOM:0.02% RANGE:0.03% UP:66.66% SPREAD:0.04874482% BID:0.4103 ASK:0.4105 MID:0.4104 P1:0.4104 P2:0.4103 P3:0.41025 P4:0.4103 STATE:IDLE
[2026-05-11 23:52:46Z] CHK MOM:0.02% RANGE:0.03% UP:66.66% SPREAD:0.04874482% BID:0.4103 ASK:0.4105 MID:0.4104 P1:0.4104 P2:0.4103 P3:0.41025 P4:0.4103 STATE:IDLE
[2026-05-11 23:52:47Z] CHK MOM:0.02% RANGE:0.03% UP:66.66% SPREAD:0.04874482% BID:0.4103 ASK:0.4105 MID:0.4104 P1:0.4104 P2:0.4103 P3:0.41025 P4:0.4103 STATE:IDLE
[2026-05-11 23:52:47Z] CHK MOM:0.02% RANGE:0.03% UP:50% SPREAD:0.04874482% BID:0.4103 ASK:0.4105 MID:0.4104 P1:0.4104 P2:0.4104 P3:0.4103 P4:0.41025 STATE:IDLE
[2026-05-11 23:52:48Z] CHK MOM:0.02% RANGE:0.03% UP:50% SPREAD:0.04874482% BID:0.4103 ASK:0.4105 MID:0.4104 P1:0.4104 P2:0.4104 P3:0.4103 P4:0.41025 STATE:IDLE
[2026-05-11 23:52:48Z] CHK MOM:0.02% RANGE:0.03% UP:50% SPREAD:0.04874482% BID:0.4103 ASK:0.4105 MID:0.4104 P1:0.4104 P2:0.4104 P3:0.4103 P4:0.41025 STATE:IDLE
[2026-05-11 23:52:49Z] CHK MOM:0.02% RANGE:0.03% UP:50% SPREAD:0.04874482% BID:0.4103 ASK:0.4105 MID:0.4104 P1:0.4104 P2:0.4104 P3:0.4103 P4:0.41025 STATE:IDLE
[2026-05-11 23:52:49Z] CHK MOM:0.02% RANGE:0.03% UP:50% SPREAD:0.04874482% BID:0.4103 ASK:0.4105 MID:0.4104 P1:0.4104 P2:0.4104 P3:0.4103 P4:0.41025 STATE:IDLE
[2026-05-11 23:52:50Z] CHK MOM:0.02% RANGE:0.03% UP:50% SPREAD:0.04874482% BID:0.4103 ASK:0.4105 MID:0.4104 P1:0.4104 P2:0.4104 P3:0.4103 P4:0.41025 STATE:IDLE
[2026-05-11 23:52:58Z] CHK MOM:0.01% RANGE:0.01% UP:100% SPREAD:0.07311723% BID:0.4103 ASK:0.4106 MID:0.41045 P1:0.41045 P2:0.4104 P3:0.4104 P4:0.4103 STATE:IDLE
[2026-05-11 23:52:59Z] CHK MOM:0.01% RANGE:0.01% UP:100% SPREAD:0.07311723% BID:0.4103 ASK:0.4106 MID:0.41045 P1:0.41045 P2:0.4104 P3:0.4104 P4:0.4103 STATE:IDLE
[2026-05-11 23:52:59Z] CHK MOM:0.01% RANGE:0.01% UP:100% SPREAD:0.07311723% BID:0.4103 ASK:0.4106 MID:0.41045 P1:0.41045 P2:0.4104 P3:0.4104 P4:0.4103 STATE:IDLE
[2026-05-11 23:53:00Z] CHK MOM:0.01% RANGE:0.01% UP:100% SPREAD:0.07311723% BID:0.4103 ASK:0.4106 MID:0.41045 P1:0.41045 P2:0.4104 P3:0.4104 P4:0.4103 STATE:IDLE
[2026-05-11 23:53:00Z] CHK MOM:0.03% RANGE:0.03% UP:100% SPREAD:0.09746588% BID:0.4104 ASK:0.4108 MID:0.41059999 P1:0.41059999 P2:0.41045 P3:0.4104 P4:0.4104 STATE:IDLE
[2026-05-11 23:53:01Z] CHK MOM:0.03% RANGE:0.03% UP:100% SPREAD:0.09746588% BID:0.4104 ASK:0.4108 MID:0.41059999 P1:0.41059999 P2:0.41045 P3:0.4104 P4:0.4104 STATE:IDLE
[2026-05-11 23:53:01Z] CHK MOM:0.03% RANGE:0.03% UP:100% SPREAD:0.09746588% BID:0.4104 ASK:0.4108 MID:0.41059999 P1:0.41059999 P2:0.41045 P3:0.4104 P4:0.4104 STATE:IDLE
[2026-05-11 23:53:02Z] CHK MOM:0.03% RANGE:0.03% UP:100% SPREAD:0.09746588% BID:0.4104 ASK:0.4108 MID:0.41059999 P1:0.41059999 P2:0.41045 P3:0.4104 P4:0.4104 STATE:IDLE
[2026-05-11 23:53:02Z] CHK MOM:0.03% RANGE:0.03% UP:50% SPREAD:0.09746588% BID:0.4104 ASK:0.4108 MID:0.41059999 P1:0.41059999 P2:0.41059999 P3:0.41045 P4:0.4104 STATE:IDLE
[2026-05-11 23:53:03Z] CHK MOM:0.04% RANGE:0.04% UP:66.66% SPREAD:0.0730816% BID:0.4105 ASK:0.4108 MID:0.41064999 P1:0.41064999 P2:0.41059999 P3:0.41059999 P4:0.41045 STATE:IDLE
[2026-05-11 23:53:04Z] CHK MOM:0.03% RANGE:0.04% UP:50% SPREAD:0.09746588% BID:0.4104 ASK:0.4108 MID:0.41059999 P1:0.41059999 P2:0.41064999 P3:0.41059999 P4:0.41059999 STATE:IDLE
[2026-05-11 23:53:04Z] CHK MOM:0.03% RANGE:0.04% UP:50% SPREAD:0.09746588% BID:0.4104 ASK:0.4108 MID:0.41059999 P1:0.41059999 P2:0.41064999 P3:0.41059999 P4:0.41059999 STATE:IDLE
[2026-05-11 23:53:05Z] CHK MOM:0.03% RANGE:0.04% UP:50% SPREAD:0.09746588% BID:0.4104 ASK:0.4108 MID:0.41059999 P1:0.41059999 P2:0.41064999 P3:0.41059999 P4:0.41059999 STATE:IDLE
[2026-05-11 23:53:05Z] CHK MOM:0.03% RANGE:0.04% UP:50% SPREAD:0.09746588% BID:0.4104 ASK:0.4108 MID:0.41059999 P1:0.41059999 P2:0.41064999 P3:0.41059999 P4:0.41059999 STATE:IDLE
[2026-05-11 23:53:06Z] CHK MOM:0.03% RANGE:0.04% UP:50% SPREAD:0.09746588% BID:0.4104 ASK:0.4108 MID:0.41059999 P1:0.41059999 P2:0.41064999 P3:0.41059999 P4:0.41059999 STATE:IDLE
[2026-05-11 23:53:11Z] CHK MOM:0.01% RANGE:0.01% UP:50% SPREAD:0.0730816% BID:0.4105 ASK:0.4108 MID:0.41064999 P1:0.41064999 P2:0.41059999 P3:0.41064999 P4:0.41059999 STATE:IDLE
[2026-05-11 23:53:11Z] CHK MOM:0% RANGE:0.01% UP:40% SPREAD:0.09746588% BID:0.4104 ASK:0.4108 MID:0.41059999 P1:0.41059999 P2:0.41064999 P3:0.41059999 P4:0.41064999 STATE:IDLE
[2026-05-11 23:53:12Z] CHK MOM:0% RANGE:0.01% UP:40% SPREAD:0.09746588% BID:0.4104 ASK:0.4108 MID:0.41059999 P1:0.41059999 P2:0.41064999 P3:0.41059999 P4:0.41064999 STATE:IDLE
[2026-05-11 23:53:12Z] CHK MOM:0% RANGE:0.01% UP:40% SPREAD:0.09746588% BID:0.4104 ASK:0.4108 MID:0.41059999 P1:0.41059999 P2:0.41064999 P3:0.41059999 P4:0.41064999 STATE:IDLE
[2026-05-11 23:53:13Z] CHK MOM:-0.02% RANGE:0.03% UP:40% SPREAD:0.09748964% BID:0.4103 ASK:0.4107 MID:0.4105 P1:0.4105 P2:0.41059999 P3:0.41064999 P4:0.41059999 STATE:IDLE
[2026-05-11 23:53:13Z] CHK MOM:-0.04% RANGE:0.06% UP:33.33% SPREAD:0.0975134% BID:0.4102 ASK:0.4106 MID:0.4104 P1:0.4104 P2:0.4105 P3:0.41059999 P4:0.41064999 STATE:IDLE
[2026-05-11 23:53:14Z] CHK MOM:-0.04% RANGE:0.06% UP:33.33% SPREAD:0.0975134% BID:0.4102 ASK:0.4106 MID:0.4104 P1:0.4104 P2:0.4105 P3:0.41059999 P4:0.41064999 STATE:IDLE
[2026-05-11 23:53:14Z] CHK MOM:-0.04% RANGE:0.06% UP:33.33% SPREAD:0.0975134% BID:0.4102 ASK:0.4106 MID:0.4104 P1:0.4104 P2:0.4105 P3:0.41059999 P4:0.41064999 STATE:IDLE
[2026-05-11 23:53:15Z] CHK MOM:-0.02% RANGE:0.06% UP:40% SPREAD:0.14627011% BID:0.4102 ASK:0.4108 MID:0.4105 P1:0.4105 P2:0.4104 P3:0.4105 P4:0.41059999 STATE:IDLE
[2026-05-11 23:53:16Z] CHK MOM:-0.04% RANGE:0.06% UP:33.33% SPREAD:0.0975134% BID:0.4102 ASK:0.4106 MID:0.4104 P1:0.4104 P2:0.4105 P3:0.4104 P4:0.4105 STATE:IDLE
[2026-05-11 23:53:16Z] CHK MOM:-0.04% RANGE:0.06% UP:33.33% SPREAD:0.0975134% BID:0.4102 ASK:0.4106 MID:0.4104 P1:0.4104 P2:0.4105 P3:0.4104 P4:0.4105 STATE:IDLE
[2026-05-11 23:53:17Z] CHK MOM:-0.04% RANGE:0.06% UP:33.33% SPREAD:0.0975134% BID:0.4102 ASK:0.4106 MID:0.4104 P1:0.4104 P2:0.4105 P3:0.4104 P4:0.4105 STATE:IDLE
[2026-05-11 23:53:17Z] CHK MOM:-0.04% RANGE:0.06% UP:33.33% SPREAD:0.0975134% BID:0.4102 ASK:0.4106 MID:0.4104 P1:0.4104 P2:0.4105 P3:0.4104 P4:0.4105 STATE:IDLE
[2026-05-11 23:53:18Z] CHK MOM:-0.04% RANGE:0.06% UP:33.33% SPREAD:0.0975134% BID:0.4102 ASK:0.4106 MID:0.4104 P1:0.4104 P2:0.4105 P3:0.4104 P4:0.4105 STATE:IDLE
[2026-05-11 23:53:19Z] CHK MOM:-0.07% RANGE:0.07% UP:16.66% SPREAD:0.07313505% BID:0.4102 ASK:0.4105 MID:0.41035 P1:0.41035 P2:0.4104 P3:0.4105 P4:0.4104 STATE:IDLE
[2026-05-11 23:53:19Z] CHK MOM:-0.08% RANGE:0.08% UP:14.28% SPREAD:0.09753718% BID:0.4101 ASK:0.4105 MID:0.4103 P1:0.4103 P2:0.41035 P3:0.4104 P4:0.4105 STATE:IDLE
[2026-05-11 23:53:20Z] CHK MOM:-0.08% RANGE:0.08% UP:14.28% SPREAD:0.09753718% BID:0.4101 ASK:0.4105 MID:0.4103 P1:0.4103 P2:0.41035 P3:0.4104 P4:0.4105 STATE:IDLE
[2026-05-11 23:53:20Z] CHK MOM:-0.08% RANGE:0.08% UP:14.28% SPREAD:0.09753718% BID:0.4101 ASK:0.4105 MID:0.4103 P1:0.4103 P2:0.41035 P3:0.4104 P4:0.4105 STATE:IDLE
[2026-05-11 23:53:21Z] CHK MOM:-0.08% RANGE:0.08% UP:14.28% SPREAD:0.09753718% BID:0.4101 ASK:0.4105 MID:0.4103 P1:0.4103 P2:0.41035 P3:0.4104 P4:0.4105 STATE:IDLE
[2026-05-11 23:53:22Z] CHK MOM:-0.08% RANGE:0.08% UP:14.28% SPREAD:0.09753718% BID:0.4101 ASK:0.4105 MID:0.4103 P1:0.4103 P2:0.41035 P3:0.4104 P4:0.4105 STATE:IDLE
[2026-05-11 23:53:25Z] CHK MOM:-0.07% RANGE:0.07% UP:16.66% SPREAD:0.09756097% BID:0.41 ASK:0.4104 MID:0.4102 P1:0.4102 P2:0.4103 P3:0.41035 P4:0.4104 STATE:IDLE
[2026-05-11 23:53:25Z] CHK MOM:-0.07% RANGE:0.07% UP:16.66% SPREAD:0.09756097% BID:0.41 ASK:0.4104 MID:0.4102 P1:0.4102 P2:0.4103 P3:0.41035 P4:0.4104 STATE:IDLE
[2026-05-11 23:53:26Z] CHK MOM:-0.07% RANGE:0.07% UP:16.66% SPREAD:0.09756097% BID:0.41 ASK:0.4104 MID:0.4102 P1:0.4102 P2:0.4103 P3:0.41035 P4:0.4104 STATE:IDLE
[2026-05-11 23:53:27Z] CHK MOM:-0.07% RANGE:0.07% UP:16.66% SPREAD:0.09756097% BID:0.41 ASK:0.4104 MID:0.4102 P1:0.4102 P2:0.4103 P3:0.41035 P4:0.4104 STATE:IDLE
[2026-05-11 23:53:27Z] CHK MOM:-0.07% RANGE:0.07% UP:16.66% SPREAD:0.09756097% BID:0.41 ASK:0.4104 MID:0.4102 P1:0.4102 P2:0.4103 P3:0.41035 P4:0.4104 STATE:IDLE
[2026-05-11 23:53:36Z] CHK MOM:-0.02% RANGE:0.02% UP:0% SPREAD:0.09758477% BID:0.4099 ASK:0.4103 MID:0.4101 P1:0.4101 P2:0.4102 P3:0.4103 P4:0.41035 STATE:IDLE
[2026-05-11 23:53:36Z] CHK MOM:-0.04% RANGE:0.04% UP:0% SPREAD:0.09760858% BID:0.4098 ASK:0.4102 MID:0.41 P1:0.41 P2:0.4101 P3:0.4102 P4:0.4103 STATE:IDLE
[2026-05-11 23:53:37Z] CHK MOM:-0.04% RANGE:0.04% UP:0% SPREAD:0.09760858% BID:0.4098 ASK:0.4102 MID:0.41 P1:0.41 P2:0.4101 P3:0.4102 P4:0.4103 STATE:IDLE
[2026-05-11 23:53:37Z] CHK MOM:-0.04% RANGE:0.04% UP:0% SPREAD:0.09760858% BID:0.4098 ASK:0.4102 MID:0.41 P1:0.41 P2:0.4101 P3:0.4102 P4:0.4103 STATE:IDLE
[2026-05-11 23:53:38Z] CHK MOM:-0.04% RANGE:0.04% UP:0% SPREAD:0.09760858% BID:0.4098 ASK:0.4102 MID:0.41 P1:0.41 P2:0.4101 P3:0.4102 P4:0.4103 STATE:IDLE
[2026-05-11 23:53:38Z] CHK MOM:-0.04% RANGE:0.04% UP:0% SPREAD:0.09760858% BID:0.4098 ASK:0.4102 MID:0.41 P1:0.41 P2:0.4101 P3:0.4102 P4:0.4103 STATE:IDLE
[2026-05-11 23:53:48Z] CHK MOM:-0.01% RANGE:0.01% UP:0% SPREAD:0.07320644% BID:0.4098 ASK:0.4101 MID:0.40995 P1:0.40995 P2:0.41 P3:0.4101 P4:0.4102 STATE:IDLE
[2026-05-11 23:53:49Z] CHK MOM:-0.01% RANGE:0.01% UP:0% SPREAD:0.07320644% BID:0.4098 ASK:0.4101 MID:0.40995 P1:0.40995 P2:0.41 P3:0.4101 P4:0.4102 STATE:IDLE
[2026-05-11 23:53:49Z] CHK MOM:-0.01% RANGE:0.01% UP:0% SPREAD:0.07320644% BID:0.4098 ASK:0.4101 MID:0.40995 P1:0.40995 P2:0.41 P3:0.4101 P4:0.4102 STATE:IDLE
[2026-05-11 23:53:50Z] CHK MOM:-0.01% RANGE:0.01% UP:0% SPREAD:0.07320644% BID:0.4098 ASK:0.4101 MID:0.40995 P1:0.40995 P2:0.41 P3:0.4101 P4:0.4102 STATE:IDLE
[2026-05-11 23:53:50Z] CHK MOM:-0.01% RANGE:0.01% UP:0% SPREAD:0.07320644% BID:0.4098 ASK:0.4101 MID:0.40995 P1:0.40995 P2:0.41 P3:0.4101 P4:0.4102 STATE:IDLE
[2026-05-11 23:53:56Z] CHK MOM:-0.01% RANGE:0.01% UP:0% SPREAD:0.04880429% BID:0.4098 ASK:0.41 MID:0.4099 P1:0.4099 P2:0.40995 P3:0.41 P4:0.4101 STATE:IDLE
[2026-05-11 23:53:57Z] CHK MOM:-0.01% RANGE:0.01% UP:0% SPREAD:0.04880429% BID:0.4098 ASK:0.41 MID:0.4099 P1:0.4099 P2:0.40995 P3:0.41 P4:0.4101 STATE:IDLE
[2026-05-11 23:53:57Z] CHK MOM:-0.01% RANGE:0.01% UP:0% SPREAD:0.04880429% BID:0.4098 ASK:0.41 MID:0.4099 P1:0.4099 P2:0.40995 P3:0.41 P4:0.4101 STATE:IDLE
[2026-05-11 23:53:58Z] CHK MOM:-0.01% RANGE:0.01% UP:0% SPREAD:0.04880429% BID:0.4098 ASK:0.41 MID:0.4099 P1:0.4099 P2:0.40995 P3:0.41 P4:0.4101 STATE:IDLE
[2026-05-11 23:53:58Z] CHK MOM:-0.01% RANGE:0.01% UP:0% SPREAD:0.04880429% BID:0.4098 ASK:0.41 MID:0.4099 P1:0.4099 P2:0.40995 P3:0.41 P4:0.4101 STATE:IDLE
[2026-05-11 23:54:00Z] CHK MOM:-0.01% RANGE:0.01% UP:0% SPREAD:0.07322431% BID:0.4097 ASK:0.41 MID:0.40985 P1:0.40985 P2:0.4099 P3:0.40995 P4:0.41 STATE:IDLE
[2026-05-11 23:54:01Z] CHK MOM:-0.01% RANGE:0.01% UP:0% SPREAD:0.07322431% BID:0.4097 ASK:0.41 MID:0.40985 P1:0.40985 P2:0.4099 P3:0.40995 P4:0.41 STATE:IDLE
[2026-05-11 23:54:02Z] CHK MOM:-0.01% RANGE:0.01% UP:0% SPREAD:0.07322431% BID:0.4097 ASK:0.41 MID:0.40985 P1:0.40985 P2:0.4099 P3:0.40995 P4:0.41 STATE:IDLE
[2026-05-11 23:54:02Z] CHK MOM:-0.02% RANGE:0.02% UP:0% SPREAD:0.0488162% BID:0.4097 ASK:0.4099 MID:0.4098 P1:0.4098 P2:0.40985 P3:0.4099 P4:0.40995 STATE:IDLE
[2026-05-11 23:54:03Z] CHK MOM:-0.02% RANGE:0.02% UP:0% SPREAD:0.0488162% BID:0.4097 ASK:0.4099 MID:0.4098 P1:0.4098 P2:0.40985 P3:0.4099 P4:0.40995 STATE:IDLE
[2026-05-11 23:54:03Z] CHK MOM:-0.03% RANGE:0.03% UP:0% SPREAD:0.07324218% BID:0.4096 ASK:0.4099 MID:0.40975 P1:0.40975 P2:0.4098 P3:0.40985 P4:0.4099 STATE:IDLE
[2026-05-11 23:54:04Z] CHK MOM:-0.03% RANGE:0.03% UP:0% SPREAD:0.07324218% BID:0.4096 ASK:0.4099 MID:0.40975 P1:0.40975 P2:0.4098 P3:0.40985 P4:0.4099 STATE:IDLE
[2026-05-11 23:54:04Z] CHK MOM:-0.03% RANGE:0.03% UP:0% SPREAD:0.07324218% BID:0.4096 ASK:0.4099 MID:0.40975 P1:0.40975 P2:0.4098 P3:0.40985 P4:0.4099 STATE:IDLE
[2026-05-11 23:54:05Z] CHK MOM:-0.03% RANGE:0.03% UP:0% SPREAD:0.07324218% BID:0.4096 ASK:0.4099 MID:0.40975 P1:0.40975 P2:0.4098 P3:0.40985 P4:0.4099 STATE:IDLE
[2026-05-11 23:54:05Z] CHK MOM:-0.03% RANGE:0.03% UP:0% SPREAD:0.07324218% BID:0.4096 ASK:0.4099 MID:0.40975 P1:0.40975 P2:0.4098 P3:0.40985 P4:0.4099 STATE:IDLE
[2026-05-11 23:54:06Z] CHK MOM:-0.03% RANGE:0.03% UP:0% SPREAD:0.07324218% BID:0.4096 ASK:0.4099 MID:0.40975 P1:0.40975 P2:0.4098 P3:0.40985 P4:0.4099 STATE:IDLE
[2026-05-11 23:54:25Z] CHK MOM:0% RANGE:0% UP:0% SPREAD:0.09765624% BID:0.4096 ASK:0.41 MID:0.4098 P1:0.4098 P2:0.40975 P3:0.4098 P4:0.40985 STATE:IDLE
[2026-05-11 23:54:25Z] CHK MOM:0.01% RANGE:0.01% UP:100% SPREAD:0.07322431% BID:0.4097 ASK:0.41 MID:0.40985 P1:0.40985 P2:0.4098 P3:0.40975 P4:0.4098 STATE:IDLE
[2026-05-11 23:54:26Z] CHK MOM:0.01% RANGE:0.01% UP:100% SPREAD:0.07322431% BID:0.4097 ASK:0.41 MID:0.40985 P1:0.40985 P2:0.4098 P3:0.40975 P4:0.4098 STATE:IDLE
[2026-05-11 23:54:26Z] CHK MOM:0.01% RANGE:0.01% UP:100% SPREAD:0.07322431% BID:0.4097 ASK:0.41 MID:0.40985 P1:0.40985 P2:0.4098 P3:0.40975 P4:0.4098 STATE:IDLE
[2026-05-11 23:54:27Z] CHK MOM:0.01% RANGE:0.01% UP:100% SPREAD:0.07322431% BID:0.4097 ASK:0.41 MID:0.40985 P1:0.40985 P2:0.4098 P3:0.40975 P4:0.4098 STATE:IDLE
[2026-05-11 23:54:27Z] CHK MOM:0.01% RANGE:0.01% UP:100% SPREAD:0.07322431% BID:0.4097 ASK:0.41 MID:0.40985 P1:0.40985 P2:0.4098 P3:0.40975 P4:0.4098 STATE:IDLE
[2026-05-11 23:54:28Z] CHK MOM:-0.01% RANGE:0.02% UP:50% SPREAD:0.07324218% BID:0.4096 ASK:0.4099 MID:0.40975 P1:0.40975 P2:0.40985 P3:0.4098 P4:0.40975 STATE:IDLE
[2026-05-11 23:54:28Z] CHK MOM:-0.01% RANGE:0.02% UP:50% SPREAD:0.07324218% BID:0.4096 ASK:0.4099 MID:0.40975 P1:0.40975 P2:0.40985 P3:0.4098 P4:0.40975 STATE:IDLE
[2026-05-11 23:54:29Z] CHK MOM:-0.01% RANGE:0.02% UP:50% SPREAD:0.07324218% BID:0.4096 ASK:0.4099 MID:0.40975 P1:0.40975 P2:0.40985 P3:0.4098 P4:0.40975 STATE:IDLE
[2026-05-11 23:54:29Z] CHK MOM:-0.01% RANGE:0.02% UP:50% SPREAD:0.07324218% BID:0.4096 ASK:0.4099 MID:0.40975 P1:0.40975 P2:0.40985 P3:0.4098 P4:0.40975 STATE:IDLE
[2026-05-11 23:54:30Z] CHK MOM:-0.01% RANGE:0.02% UP:50% SPREAD:0.07324218% BID:0.4096 ASK:0.4099 MID:0.40975 P1:0.40975 P2:0.40985 P3:0.4098 P4:0.40975 STATE:IDLE
[2026-05-11 23:54:31Z] CHK MOM:-0.01% RANGE:0.02% UP:50% SPREAD:0.07324218% BID:0.4096 ASK:0.4099 MID:0.40975 P1:0.40975 P2:0.40985 P3:0.4098 P4:0.40975 STATE:IDLE
[2026-05-11 23:54:32Z] CHK MOM:-0.01% RANGE:0.02% UP:33.33% SPREAD:0.07324218% BID:0.4096 ASK:0.4099 MID:0.40975 P1:0.40975 P2:0.40975 P3:0.40985 P4:0.4098 STATE:IDLE
[2026-05-11 23:54:32Z] CHK MOM:-0.01% RANGE:0.02% UP:33.33% SPREAD:0.07324218% BID:0.4096 ASK:0.4099 MID:0.40975 P1:0.40975 P2:0.40975 P3:0.40985 P4:0.4098 STATE:IDLE
[2026-05-11 23:54:33Z] CHK MOM:-0.06% RANGE:0.07% UP:25% SPREAD:0.07327796% BID:0.4094 ASK:0.4097 MID:0.40954999 P1:0.40954999 P2:0.40975 P3:0.40975 P4:0.40985 STATE:IDLE
[2026-05-11 23:54:33Z] CHK MOM:-0.04% RANGE:0.07% UP:40% SPREAD:0.04884004% BID:0.4095 ASK:0.4097 MID:0.40959999 P1:0.40959999 P2:0.40954999 P3:0.40975 P4:0.40975 STATE:IDLE
[2026-05-11 23:54:34Z] CHK MOM:-0.04% RANGE:0.07% UP:40% SPREAD:0.04884004% BID:0.4095 ASK:0.4097 MID:0.40959999 P1:0.40959999 P2:0.40954999 P3:0.40975 P4:0.40975 STATE:IDLE
[2026-05-11 23:54:34Z] CHK MOM:-0.04% RANGE:0.07% UP:40% SPREAD:0.04884004% BID:0.4095 ASK:0.4097 MID:0.40959999 P1:0.40959999 P2:0.40954999 P3:0.40975 P4:0.40975 STATE:IDLE
[2026-05-11 23:54:35Z] CHK MOM:-0.04% RANGE:0.07% UP:40% SPREAD:0.04884004% BID:0.4095 ASK:0.4097 MID:0.40959999 P1:0.40959999 P2:0.40954999 P3:0.40975 P4:0.40975 STATE:IDLE
[2026-05-11 23:54:36Z] CHK MOM:-0.04% RANGE:0.07% UP:40% SPREAD:0.04884004% BID:0.4095 ASK:0.4097 MID:0.40959999 P1:0.40959999 P2:0.40954999 P3:0.40975 P4:0.40975 STATE:IDLE
[2026-05-11 23:54:38Z] CHK MOM:-0.03% RANGE:0.04% UP:25% SPREAD:0.04884004% BID:0.4095 ASK:0.4097 MID:0.40959999 P1:0.40959999 P2:0.40959999 P3:0.40954999 P4:0.40975 STATE:IDLE
[2026-05-11 23:54:39Z] CHK MOM:0% RANGE:0.04% UP:40% SPREAD:0.07324218% BID:0.4096 ASK:0.4099 MID:0.40975 P1:0.40975 P2:0.40959999 P3:0.40959999 P4:0.40954999 STATE:IDLE
[2026-05-11 23:54:39Z] CHK MOM:0% RANGE:0.04% UP:40% SPREAD:0.07324218% BID:0.4096 ASK:0.4099 MID:0.40975 P1:0.40975 P2:0.40959999 P3:0.40959999 P4:0.40954999 STATE:IDLE
[2026-05-11 23:54:40Z] CHK MOM:0% RANGE:0.04% UP:40% SPREAD:0.07324218% BID:0.4096 ASK:0.4099 MID:0.40975 P1:0.40975 P2:0.40959999 P3:0.40959999 P4:0.40954999 STATE:IDLE
[2026-05-11 23:54:40Z] CHK MOM:0% RANGE:0.04% UP:40% SPREAD:0.07324218% BID:0.4096 ASK:0.4099 MID:0.40975 P1:0.40975 P2:0.40959999 P3:0.40959999 P4:0.40954999 STATE:IDLE
[2026-05-11 23:54:41Z] CHK MOM:0% RANGE:0.04% UP:40% SPREAD:0.07324218% BID:0.4096 ASK:0.4099 MID:0.40975 P1:0.40975 P2:0.40959999 P3:0.40959999 P4:0.40954999 STATE:IDLE
[2026-05-11 23:54:44Z] CHK MOM:0.06% RANGE:0.06% UP:75% SPREAD:0.0488162% BID:0.4097 ASK:0.4099 MID:0.4098 P1:0.4098 P2:0.40975 P3:0.40959999 P4:0.40959999 STATE:IDLE
[2026-05-11 23:54:44Z] CHK MOM:0.06% RANGE:0.06% UP:75% SPREAD:0.0488162% BID:0.4097 ASK:0.4099 MID:0.4098 P1:0.4098 P2:0.40975 P3:0.40959999 P4:0.40959999 STATE:IDLE
[2026-05-11 23:54:45Z] CHK MOM:0.06% RANGE:0.06% UP:75% SPREAD:0.0488162% BID:0.4097 ASK:0.4099 MID:0.4098 P1:0.4098 P2:0.40975 P3:0.40959999 P4:0.40959999 STATE:IDLE
[2026-05-11 23:54:45Z] CHK MOM:0.06% RANGE:0.06% UP:75% SPREAD:0.0488162% BID:0.4097 ASK:0.4099 MID:0.4098 P1:0.4098 P2:0.40975 P3:0.40959999 P4:0.40959999 STATE:IDLE
[2026-05-11 23:54:46Z] CHK MOM:0.06% RANGE:0.06% UP:75% SPREAD:0.0488162% BID:0.4097 ASK:0.4099 MID:0.4098 P1:0.4098 P2:0.40975 P3:0.40959999 P4:0.40959999 STATE:IDLE
[2026-05-11 23:54:47Z] CHK MOM:0.03% RANGE:0.04% UP:66.66% SPREAD:0.07324218% BID:0.4096 ASK:0.4099 MID:0.40975 P1:0.40975 P2:0.4098 P3:0.40975 P4:0.40959999 STATE:IDLE
[2026-05-11 23:54:47Z] CHK MOM:0.03% RANGE:0.04% UP:66.66% SPREAD:0.07324218% BID:0.4096 ASK:0.4099 MID:0.40975 P1:0.40975 P2:0.4098 P3:0.40975 P4:0.40959999 STATE:IDLE
[2026-05-11 23:54:48Z] CHK MOM:0.03% RANGE:0.04% UP:66.66% SPREAD:0.07324218% BID:0.4096 ASK:0.4099 MID:0.40975 P1:0.40975 P2:0.4098 P3:0.40975 P4:0.40959999 STATE:IDLE
[2026-05-11 23:54:48Z] CHK MOM:0.03% RANGE:0.04% UP:66.66% SPREAD:0.07324218% BID:0.4096 ASK:0.4099 MID:0.40975 P1:0.40975 P2:0.4098 P3:0.40975 P4:0.40959999 STATE:IDLE
[2026-05-11 23:54:49Z] CHK MOM:0.03% RANGE:0.04% UP:66.66% SPREAD:0.07324218% BID:0.4096 ASK:0.4099 MID:0.40975 P1:0.40975 P2:0.4098 P3:0.40975 P4:0.40959999 STATE:IDLE
[2026-05-11 23:55:05Z] CHK MOM:0% RANGE:0% UP:0% SPREAD:0.04882812% BID:0.4096 ASK:0.4098 MID:0.4097 P1:0.4097 P2:0.40975 P3:0.4098 P4:0.40975 STATE:IDLE
[2026-05-11 23:55:05Z] CHK MOM:-0.02% RANGE:0.02% UP:0% SPREAD:0.04884004% BID:0.4095 ASK:0.4097 MID:0.40959999 P1:0.40959999 P2:0.4097 P3:0.40975 P4:0.4098 STATE:IDLE
[2026-05-11 23:55:06Z] CHK MOM:-0.02% RANGE:0.02% UP:0% SPREAD:0.04884004% BID:0.4095 ASK:0.4097 MID:0.40959999 P1:0.40959999 P2:0.4097 P3:0.40975 P4:0.4098 STATE:IDLE
[2026-05-11 23:55:06Z] CHK MOM:-0.02% RANGE:0.02% UP:0% SPREAD:0.04884004% BID:0.4095 ASK:0.4097 MID:0.40959999 P1:0.40959999 P2:0.4097 P3:0.40975 P4:0.4098 STATE:IDLE
[2026-05-11 23:55:07Z] CHK MOM:-0.02% RANGE:0.02% UP:0% SPREAD:0.04884004% BID:0.4095 ASK:0.4097 MID:0.40959999 P1:0.40959999 P2:0.4097 P3:0.40975 P4:0.4098 STATE:IDLE
[2026-05-11 23:55:07Z] CHK MOM:-0.02% RANGE:0.02% UP:0% SPREAD:0.04884004% BID:0.4095 ASK:0.4097 MID:0.40959999 P1:0.40959999 P2:0.4097 P3:0.40975 P4:0.4098 STATE:IDLE
[2026-05-11 23:55:08Z] CHK MOM:-0.02% RANGE:0.02% UP:0% SPREAD:0.04884004% BID:0.4095 ASK:0.4097 MID:0.40959999 P1:0.40959999 P2:0.4097 P3:0.40975 P4:0.4098 STATE:IDLE
[2026-05-11 23:55:12Z] CHK MOM:-0.03% RANGE:0.03% UP:0% SPREAD:0.07327796% BID:0.4094 ASK:0.4097 MID:0.40954999 P1:0.40954999 P2:0.40959999 P3:0.4097 P4:0.40975 STATE:IDLE
[2026-05-11 23:55:13Z] CHK MOM:-0.03% RANGE:0.03% UP:0% SPREAD:0.07327796% BID:0.4094 ASK:0.4097 MID:0.40954999 P1:0.40954999 P2:0.40959999 P3:0.4097 P4:0.40975 STATE:IDLE
[2026-05-11 23:55:13Z] CHK MOM:-0.03% RANGE:0.03% UP:0% SPREAD:0.07327796% BID:0.4094 ASK:0.4097 MID:0.40954999 P1:0.40954999 P2:0.40959999 P3:0.4097 P4:0.40975 STATE:IDLE
[2026-05-11 23:55:14Z] CHK MOM:-0.03% RANGE:0.03% UP:0% SPREAD:0.07327796% BID:0.4094 ASK:0.4097 MID:0.40954999 P1:0.40954999 P2:0.40959999 P3:0.4097 P4:0.40975 STATE:IDLE
[2026-05-11 23:55:14Z] CHK MOM:-0.03% RANGE:0.03% UP:0% SPREAD:0.07327796% BID:0.4094 ASK:0.4097 MID:0.40954999 P1:0.40954999 P2:0.40959999 P3:0.4097 P4:0.40975 STATE:IDLE
[2026-05-11 23:55:17Z] CHK MOM:-0.04% RANGE:0.04% UP:0% SPREAD:0.04886391% BID:0.4093 ASK:0.4095 MID:0.4094 P1:0.4094 P2:0.40954999 P3:0.40959999 P4:0.4097 STATE:IDLE
[2026-05-11 23:55:18Z] CHK MOM:-0.04% RANGE:0.04% UP:0% SPREAD:0.04886391% BID:0.4093 ASK:0.4095 MID:0.4094 P1:0.4094 P2:0.40954999 P3:0.40959999 P4:0.4097 STATE:IDLE
[2026-05-11 23:55:18Z] CHK MOM:-0.04% RANGE:0.04% UP:0% SPREAD:0.04886391% BID:0.4093 ASK:0.4095 MID:0.4094 P1:0.4094 P2:0.40954999 P3:0.40959999 P4:0.4097 STATE:IDLE
[2026-05-11 23:55:19Z] CHK MOM:-0.04% RANGE:0.04% UP:0% SPREAD:0.04886391% BID:0.4093 ASK:0.4095 MID:0.4094 P1:0.4094 P2:0.40954999 P3:0.40959999 P4:0.4097 STATE:IDLE
[2026-05-11 23:55:21Z] CHK MOM:-0.07% RANGE:0.07% UP:0% SPREAD:0.0733317% BID:0.4091 ASK:0.4094 MID:0.40925 P1:0.40925 P2:0.4094 P3:0.40954999 P4:0.40959999 STATE:IDLE
[2026-05-11 23:55:22Z] CHK MOM:-0.06% RANGE:0.07% UP:33.33% SPREAD:0.0977756% BID:0.4091 ASK:0.4095 MID:0.4093 P1:0.4093 P2:0.40925 P3:0.4094 P4:0.40954999 STATE:IDLE
[2026-05-11 23:55:23Z] CHK MOM:-0.06% RANGE:0.07% UP:33.33% SPREAD:0.0977756% BID:0.4091 ASK:0.4095 MID:0.4093 P1:0.4093 P2:0.40925 P3:0.4094 P4:0.40954999 STATE:IDLE
[2026-05-11 23:55:23Z] CHK MOM:-0.04% RANGE:0.07% UP:50% SPREAD:0.07331378% BID:0.4092 ASK:0.4095 MID:0.40935 P1:0.40935 P2:0.4093 P3:0.40925 P4:0.4094 STATE:IDLE
[2026-05-11 23:55:24Z] CHK MOM:-0.04% RANGE:0.07% UP:50% SPREAD:0.07331378% BID:0.4092 ASK:0.4095 MID:0.40935 P1:0.40935 P2:0.4093 P3:0.40925 P4:0.4094 STATE:IDLE
[2026-05-11 23:55:24Z] CHK MOM:-0.04% RANGE:0.07% UP:50% SPREAD:0.07331378% BID:0.4092 ASK:0.4095 MID:0.40935 P1:0.40935 P2:0.4093 P3:0.40925 P4:0.4094 STATE:IDLE
[2026-05-11 23:55:25Z] CHK MOM:-0.04% RANGE:0.07% UP:50% SPREAD:0.07331378% BID:0.4092 ASK:0.4095 MID:0.40935 P1:0.40935 P2:0.4093 P3:0.40925 P4:0.4094 STATE:IDLE
[2026-05-11 23:55:25Z] CHK MOM:-0.04% RANGE:0.07% UP:50% SPREAD:0.07331378% BID:0.4092 ASK:0.4095 MID:0.40935 P1:0.40935 P2:0.4093 P3:0.40925 P4:0.4094 STATE:IDLE
[2026-05-11 23:55:35Z] CHK MOM:-0.03% RANGE:0.03% UP:0% SPREAD:0.0488878% BID:0.4091 ASK:0.4093 MID:0.4092 P1:0.4092 P2:0.40935 P3:0.4093 P4:0.40925 STATE:IDLE
[2026-05-11 23:55:35Z] CHK MOM:-0.03% RANGE:0.03% UP:0% SPREAD:0.0488878% BID:0.4091 ASK:0.4093 MID:0.4092 P1:0.4092 P2:0.40935 P3:0.4093 P4:0.40925 STATE:IDLE
[2026-05-11 23:55:36Z] CHK MOM:-0.03% RANGE:0.03% UP:0% SPREAD:0.0488878% BID:0.4091 ASK:0.4093 MID:0.4092 P1:0.4092 P2:0.40935 P3:0.4093 P4:0.40925 STATE:IDLE
[2026-05-11 23:55:36Z] CHK MOM:-0.03% RANGE:0.03% UP:0% SPREAD:0.0488878% BID:0.4091 ASK:0.4093 MID:0.4092 P1:0.4092 P2:0.40935 P3:0.4093 P4:0.40925 STATE:IDLE
[2026-05-11 23:55:37Z] CHK MOM:-0.03% RANGE:0.03% UP:0% SPREAD:0.0488878% BID:0.4091 ASK:0.4093 MID:0.4092 P1:0.4092 P2:0.40935 P3:0.4093 P4:0.40925 STATE:IDLE
[2026-05-11 23:55:44Z] CHK MOM:0% RANGE:0% UP:0% SPREAD:0.0488878% BID:0.4091 ASK:0.4093 MID:0.4092 P1:0.4092 P2:0.4092 P3:0.40935 P4:0.4093 STATE:IDLE
[2026-05-11 23:55:45Z] CHK MOM:0% RANGE:0% UP:0% SPREAD:0.0488878% BID:0.4091 ASK:0.4093 MID:0.4092 P1:0.4092 P2:0.4092 P3:0.40935 P4:0.4093 STATE:IDLE
[2026-05-11 23:55:45Z] CHK MOM:0% RANGE:0% UP:0% SPREAD:0.0488878% BID:0.4091 ASK:0.4093 MID:0.4092 P1:0.4092 P2:0.4092 P3:0.40935 P4:0.4093 STATE:IDLE
[2026-05-11 23:55:46Z] CHK MOM:0% RANGE:0% UP:0% SPREAD:0.0488878% BID:0.4091 ASK:0.4093 MID:0.4092 P1:0.4092 P2:0.4092 P3:0.40935 P4:0.4093 STATE:IDLE
[2026-05-11 23:56:05Z] CHK MOM:0% RANGE:0% UP:0% SPREAD:0.07331378% BID:0.4092 ASK:0.4095 MID:0.40935 P1:0.40935 P2:0.4092 P3:0.4092 P4:NA STATE:IDLE
[2026-05-11 23:56:06Z] CHK MOM:0.02% RANGE:0.02% UP:100% SPREAD:0.07329587% BID:0.4093 ASK:0.4096 MID:0.40945 P1:0.40945 P2:0.40935 P3:0.4092 P4:0.4092 STATE:IDLE
[2026-05-11 23:56:06Z] CHK MOM:0% RANGE:0.02% UP:50% SPREAD:0.07331378% BID:0.4092 ASK:0.4095 MID:0.40935 P1:0.40935 P2:0.40945 P3:0.40935 P4:0.4092 STATE:IDLE
[2026-05-11 23:56:07Z] CHK MOM:0% RANGE:0.02% UP:50% SPREAD:0.07331378% BID:0.4092 ASK:0.4095 MID:0.40935 P1:0.40935 P2:0.40945 P3:0.40935 P4:0.4092 STATE:IDLE
[2026-05-11 23:56:07Z] CHK MOM:0.01% RANGE:0.02% UP:66.66% SPREAD:0.04886391% BID:0.4093 ASK:0.4095 MID:0.4094 P1:0.4094 P2:0.40935 P3:0.40945 P4:0.40935 STATE:IDLE
[2026-05-11 23:56:08Z] CHK MOM:0.01% RANGE:0.02% UP:66.66% SPREAD:0.04886391% BID:0.4093 ASK:0.4095 MID:0.4094 P1:0.4094 P2:0.40935 P3:0.40945 P4:0.40935 STATE:IDLE
[2026-05-11 23:56:08Z] CHK MOM:0.01% RANGE:0.02% UP:66.66% SPREAD:0.04886391% BID:0.4093 ASK:0.4095 MID:0.4094 P1:0.4094 P2:0.40935 P3:0.40945 P4:0.40935 STATE:IDLE
[2026-05-11 23:56:09Z] CHK MOM:0.01% RANGE:0.02% UP:66.66% SPREAD:0.04886391% BID:0.4093 ASK:0.4095 MID:0.4094 P1:0.4094 P2:0.40935 P3:0.40945 P4:0.40935 STATE:IDLE
[2026-05-11 23:56:09Z] CHK MOM:0.01% RANGE:0.02% UP:66.66% SPREAD:0.04886391% BID:0.4093 ASK:0.4095 MID:0.4094 P1:0.4094 P2:0.40935 P3:0.40945 P4:0.40935 STATE:IDLE
[2026-05-11 23:56:10Z] CHK MOM:0.01% RANGE:0.02% UP:66.66% SPREAD:0.04886391% BID:0.4093 ASK:0.4095 MID:0.4094 P1:0.4094 P2:0.40935 P3:0.40945 P4:0.40935 STATE:IDLE
[2026-05-11 23:56:14Z] CHK MOM:-0.01% RANGE:0.03% UP:50% SPREAD:0.04887585% BID:0.4092 ASK:0.4094 MID:0.4093 P1:0.4093 P2:0.4094 P3:0.40935 P4:0.40945 STATE:IDLE
[2026-05-11 23:56:14Z] CHK MOM:0% RANGE:0.03% UP:60% SPREAD:0.07331378% BID:0.4092 ASK:0.4095 MID:0.40935 P1:0.40935 P2:0.4093 P3:0.4094 P4:0.40935 STATE:IDLE
[2026-05-11 23:56:15Z] CHK MOM:0% RANGE:0.03% UP:60% SPREAD:0.07331378% BID:0.4092 ASK:0.4095 MID:0.40935 P1:0.40935 P2:0.4093 P3:0.4094 P4:0.40935 STATE:IDLE
[2026-05-11 23:56:15Z] CHK MOM:0% RANGE:0.03% UP:60% SPREAD:0.07331378% BID:0.4092 ASK:0.4095 MID:0.40935 P1:0.40935 P2:0.4093 P3:0.4094 P4:0.40935 STATE:IDLE
[2026-05-11 23:56:16Z] CHK MOM:0% RANGE:0.03% UP:60% SPREAD:0.07331378% BID:0.4092 ASK:0.4095 MID:0.40935 P1:0.40935 P2:0.4093 P3:0.4094 P4:0.40935 STATE:IDLE
[2026-05-11 23:56:26Z] CHK MOM:-0.01% RANGE:0.01% UP:0% SPREAD:0.0977756% BID:0.4091 ASK:0.4095 MID:0.4093 P1:0.4093 P2:0.40935 P3:0.4093 P4:0.4094 STATE:IDLE
[2026-05-11 23:56:26Z] CHK MOM:-0.01% RANGE:0.01% UP:0% SPREAD:0.0977756% BID:0.4091 ASK:0.4095 MID:0.4093 P1:0.4093 P2:0.40935 P3:0.4093 P4:0.4094 STATE:IDLE
[2026-05-11 23:56:27Z] CHK MOM:-0.01% RANGE:0.01% UP:0% SPREAD:0.0977756% BID:0.4091 ASK:0.4095 MID:0.4093 P1:0.4093 P2:0.40935 P3:0.4093 P4:0.4094 STATE:IDLE
[2026-05-11 23:56:27Z] CHK MOM:-0.01% RANGE:0.01% UP:0% SPREAD:0.0977756% BID:0.4091 ASK:0.4095 MID:0.4093 P1:0.4093 P2:0.40935 P3:0.4093 P4:0.4094 STATE:IDLE
[2026-05-11 23:56:28Z] CHK MOM:-0.01% RANGE:0.01% UP:0% SPREAD:0.0977756% BID:0.4091 ASK:0.4095 MID:0.4093 P1:0.4093 P2:0.40935 P3:0.4093 P4:0.4094 STATE:IDLE
[2026-05-11 23:56:38Z] CHK MOM:0.01% RANGE:0.01% UP:100% SPREAD:0.07331378% BID:0.4092 ASK:0.4095 MID:0.40935 P1:0.40935 P2:0.4093 P3:0.40935 P4:0.4093 STATE:IDLE
[2026-05-11 23:56:38Z] CHK MOM:0.01% RANGE:0.01% UP:100% SPREAD:0.07331378% BID:0.4092 ASK:0.4095 MID:0.40935 P1:0.40935 P2:0.4093 P3:0.40935 P4:0.4093 STATE:IDLE
