[2026-05-14 17:56:28Z] SESSION_START symbol=NEARUSDC dry_run=0 profile=major strategy=momentum base_url=https://api.binance.com
[2026-05-14 17:56:28Z] TOXIC_MEMORY_LOADED count=5 symbols=GUNUSDC,JTOUSDC,ORDIUSDC,SAHARAUSDC,TONUSDC
[2026-05-14 17:56:30Z] CHK MOM:0% RANGE:0% UP:0% SPREAD:0.06249999% BID:1.6 ASK:1.601 MID:1.6005 P1:1.6005 P2:NA P3:NA P4:NA STATE:IDLE
[2026-05-14 17:56:30Z] CHK MOM:0% RANGE:0% UP:0% SPREAD:0.06249999% BID:1.6 ASK:1.601 MID:1.6005 P1:1.6005 P2:1.6005 P3:NA P4:NA STATE:IDLE
[2026-05-14 17:56:31Z] CHK MOM:0% RANGE:0% UP:0% SPREAD:0.06249999% BID:1.6 ASK:1.601 MID:1.6005 P1:1.6005 P2:1.6005 P3:NA P4:NA STATE:IDLE
[2026-05-14 17:56:31Z] CHK MOM:0% RANGE:0% UP:0% SPREAD:0.06249999% BID:1.6 ASK:1.601 MID:1.6005 P1:1.6005 P2:1.6005 P3:NA P4:NA STATE:IDLE
[2026-05-14 17:56:32Z] CHK MOM:0% RANGE:0% UP:0% SPREAD:0.06249999% BID:1.6 ASK:1.601 MID:1.6005 P1:1.6005 P2:1.6005 P3:NA P4:NA STATE:IDLE
[2026-05-14 17:56:32Z] CHK MOM:0% RANGE:0% UP:0% SPREAD:0.06249999% BID:1.6 ASK:1.601 MID:1.6005 P1:1.6005 P2:1.6005 P3:NA P4:NA STATE:IDLE
[2026-05-14 17:56:33Z] CHK MOM:0% RANGE:0% UP:0% SPREAD:0.06249999% BID:1.6 ASK:1.601 MID:1.6005 P1:1.6005 P2:1.6005 P3:1.6005 P4:NA STATE:IDLE
[2026-05-14 17:56:33Z] CHK MOM:0% RANGE:0% UP:0% SPREAD:0.06249999% BID:1.6 ASK:1.601 MID:1.6005 P1:1.6005 P2:1.6005 P3:1.6005 P4:1.6005 STATE:IDLE
[2026-05-14 17:56:34Z] CHK MOM:0% RANGE:0% UP:0% SPREAD:0.06249999% BID:1.6 ASK:1.601 MID:1.6005 P1:1.6005 P2:1.6005 P3:1.6005 P4:1.6005 STATE:IDLE
[2026-05-14 17:56:35Z] CHK MOM:0% RANGE:0% UP:0% SPREAD:0.06249999% BID:1.6 ASK:1.601 MID:1.6005 P1:1.6005 P2:1.6005 P3:1.6005 P4:1.6005 STATE:IDLE
[2026-05-14 17:56:35Z] CHK MOM:0% RANGE:0% UP:0% SPREAD:0.06249999% BID:1.6 ASK:1.601 MID:1.6005 P1:1.6005 P2:1.6005 P3:1.6005 P4:1.6005 STATE:IDLE
[2026-05-14 17:56:36Z] CHK MOM:0% RANGE:0% UP:0% SPREAD:0.06249999% BID:1.6 ASK:1.601 MID:1.6005 P1:1.6005 P2:1.6005 P3:1.6005 P4:1.6005 STATE:IDLE
[2026-05-14 17:56:38Z] CHK MOM:0.06% RANGE:0.06% UP:25% SPREAD:0.06246096% BID:1.601 ASK:1.602 MID:1.6015 P1:1.6015 P2:1.6005 P3:1.6005 P4:1.6005 STATE:IDLE
[2026-05-14 17:56:38Z] CHK MOM:0.06% RANGE:0.06% UP:20% SPREAD:0.06246096% BID:1.601 ASK:1.602 MID:1.6015 P1:1.6015 P2:1.6015 P3:1.6005 P4:1.6005 STATE:IDLE
[2026-05-14 17:56:39Z] CHK MOM:0.06% RANGE:0.06% UP:20% SPREAD:0.06246096% BID:1.601 ASK:1.602 MID:1.6015 P1:1.6015 P2:1.6015 P3:1.6005 P4:1.6005 STATE:IDLE
[2026-05-14 17:56:39Z] CHK MOM:0.06% RANGE:0.06% UP:20% SPREAD:0.06246096% BID:1.601 ASK:1.602 MID:1.6015 P1:1.6015 P2:1.6015 P3:1.6005 P4:1.6005 STATE:IDLE
[2026-05-14 17:56:40Z] CHK MOM:0.03% RANGE:0.06% UP:16.66% SPREAD:0.125% BID:1.6 ASK:1.602 MID:1.601 P1:1.601 P2:1.6015 P3:1.6015 P4:1.6005 STATE:IDLE
[2026-05-14 17:56:41Z] CHK MOM:0.06% RANGE:0.06% UP:28.57% SPREAD:0.06246096% BID:1.601 ASK:1.602 MID:1.6015 P1:1.6015 P2:1.601 P3:1.6015 P4:1.6015 STATE:IDLE
[2026-05-14 17:56:41Z] CHK MOM:0.06% RANGE:0.06% UP:25% SPREAD:0.06246096% BID:1.601 ASK:1.602 MID:1.6015 P1:1.6015 P2:1.6015 P3:1.601 P4:1.6015 STATE:IDLE
[2026-05-14 17:56:42Z] CHK MOM:0.06% RANGE:0.06% UP:25% SPREAD:0.06246096% BID:1.601 ASK:1.602 MID:1.6015 P1:1.6015 P2:1.6015 P3:1.601 P4:1.6015 STATE:IDLE
[2026-05-14 17:56:42Z] CHK MOM:0.06% RANGE:0.06% UP:25% SPREAD:0.06246096% BID:1.601 ASK:1.602 MID:1.6015 P1:1.6015 P2:1.6015 P3:1.601 P4:1.6015 STATE:IDLE
[2026-05-14 17:56:43Z] CHK MOM:0.06% RANGE:0.06% UP:25% SPREAD:0.06246096% BID:1.601 ASK:1.602 MID:1.6015 P1:1.6015 P2:1.6015 P3:1.601 P4:1.6015 STATE:IDLE
[2026-05-14 17:56:43Z] CHK MOM:0.06% RANGE:0.06% UP:28.57% SPREAD:0.06246096% BID:1.601 ASK:1.602 MID:1.6015 P1:1.6015 P2:1.6015 P3:1.6015 P4:1.601 STATE:IDLE
[2026-05-14 17:56:44Z] CHK MOM:0.03% RANGE:0.06% UP:25% SPREAD:0.125% BID:1.6 ASK:1.602 MID:1.601 P1:1.601 P2:1.6015 P3:1.6015 P4:1.6015 STATE:IDLE
[2026-05-14 17:56:44Z] CHK MOM:0.06% RANGE:0.06% UP:33.33% SPREAD:0.06246096% BID:1.601 ASK:1.602 MID:1.6015 P1:1.6015 P2:1.601 P3:1.6015 P4:1.6015 STATE:IDLE
[2026-05-14 17:56:45Z] CHK MOM:0.06% RANGE:0.06% UP:33.33% SPREAD:0.06246096% BID:1.601 ASK:1.602 MID:1.6015 P1:1.6015 P2:1.601 P3:1.6015 P4:1.6015 STATE:IDLE
[2026-05-14 17:56:46Z] CHK MOM:0% RANGE:0.03% UP:25% SPREAD:0.06246096% BID:1.601 ASK:1.602 MID:1.6015 P1:1.6015 P2:1.6015 P3:1.601 P4:1.6015 STATE:IDLE
[2026-05-14 17:56:46Z] CHK MOM:0% RANGE:0.03% UP:25% SPREAD:0.06246096% BID:1.601 ASK:1.602 MID:1.6015 P1:1.6015 P2:1.6015 P3:1.601 P4:1.6015 STATE:IDLE
[2026-05-14 17:56:47Z] CHK MOM:0% RANGE:0.03% UP:25% SPREAD:0.06246096% BID:1.601 ASK:1.602 MID:1.6015 P1:1.6015 P2:1.6015 P3:1.601 P4:1.6015 STATE:IDLE
[2026-05-14 17:56:47Z] CHK MOM:0% RANGE:0.03% UP:25% SPREAD:0.06246096% BID:1.601 ASK:1.602 MID:1.6015 P1:1.6015 P2:1.6015 P3:1.601 P4:1.6015 STATE:IDLE
[2026-05-14 17:56:48Z] CHK MOM:0% RANGE:0.03% UP:25% SPREAD:0.06246096% BID:1.601 ASK:1.602 MID:1.6015 P1:1.6015 P2:1.6015 P3:1.601 P4:1.6015 STATE:IDLE
[2026-05-14 17:56:48Z] CHK MOM:0% RANGE:0.03% UP:22.22% SPREAD:0.06246096% BID:1.601 ASK:1.602 MID:1.6015 P1:1.6015 P2:1.6015 P3:1.6015 P4:1.601 STATE:IDLE
[2026-05-14 17:56:49Z] CHK MOM:0% RANGE:0.03% UP:22.22% SPREAD:0.06246096% BID:1.601 ASK:1.602 MID:1.6015 P1:1.6015 P2:1.6015 P3:1.6015 P4:1.601 STATE:IDLE
[2026-05-14 17:56:49Z] CHK MOM:0% RANGE:0.03% UP:20% SPREAD:0.06246096% BID:1.601 ASK:1.602 MID:1.6015 P1:1.6015 P2:1.6015 P3:1.6015 P4:1.6015 STATE:IDLE
[2026-05-14 17:56:50Z] CHK MOM:0% RANGE:0.03% UP:18.18% SPREAD:0.06246096% BID:1.601 ASK:1.602 MID:1.6015 P1:1.6015 P2:1.6015 P3:1.6015 P4:1.6015 STATE:IDLE
[2026-05-14 17:56:51Z] CHK MOM:0.03% RANGE:0.03% UP:20% SPREAD:0.06246096% BID:1.601 ASK:1.602 MID:1.6015 P1:1.6015 P2:1.6015 P3:1.6015 P4:1.6015 STATE:IDLE
[2026-05-14 17:56:51Z] CHK MOM:0.03% RANGE:0.03% UP:20% SPREAD:0.06246096% BID:1.601 ASK:1.602 MID:1.6015 P1:1.6015 P2:1.6015 P3:1.6015 P4:1.6015 STATE:IDLE
[2026-05-14 17:56:52Z] CHK MOM:0.03% RANGE:0.03% UP:20% SPREAD:0.06246096% BID:1.601 ASK:1.602 MID:1.6015 P1:1.6015 P2:1.6015 P3:1.6015 P4:1.6015 STATE:IDLE
[2026-05-14 17:56:52Z] CHK MOM:0% RANGE:0.03% UP:10% SPREAD:0.06246096% BID:1.601 ASK:1.602 MID:1.6015 P1:1.6015 P2:1.6015 P3:1.6015 P4:1.6015 STATE:IDLE
[2026-05-14 17:56:53Z] CHK MOM:0% RANGE:0.03% UP:10% SPREAD:0.06246096% BID:1.601 ASK:1.602 MID:1.6015 P1:1.6015 P2:1.6015 P3:1.6015 P4:1.6015 STATE:IDLE
[2026-05-14 17:56:53Z] CHK MOM:0% RANGE:0.03% UP:10% SPREAD:0.06246096% BID:1.601 ASK:1.602 MID:1.6015 P1:1.6015 P2:1.6015 P3:1.6015 P4:1.6015 STATE:IDLE
[2026-05-14 17:56:54Z] CHK MOM:0% RANGE:0.03% UP:10% SPREAD:0.06246096% BID:1.601 ASK:1.602 MID:1.6015 P1:1.6015 P2:1.6015 P3:1.6015 P4:1.6015 STATE:IDLE
[2026-05-14 17:56:54Z] CHK MOM:0% RANGE:0.03% UP:10% SPREAD:0.06246096% BID:1.601 ASK:1.602 MID:1.6015 P1:1.6015 P2:1.6015 P3:1.6015 P4:1.6015 STATE:IDLE
[2026-05-14 17:56:55Z] CHK MOM:0% RANGE:0.03% UP:9.09% SPREAD:0.06246096% BID:1.601 ASK:1.602 MID:1.6015 P1:1.6015 P2:1.6015 P3:1.6015 P4:1.6015 STATE:IDLE
[2026-05-14 17:56:56Z] CHK MOM:0% RANGE:0.03% UP:9.09% SPREAD:0.06246096% BID:1.601 ASK:1.602 MID:1.6015 P1:1.6015 P2:1.6015 P3:1.6015 P4:1.6015 STATE:IDLE
[2026-05-14 17:56:56Z] CHK MOM:0.03% RANGE:0.03% UP:9.09% SPREAD:0.06246096% BID:1.601 ASK:1.602 MID:1.6015 P1:1.6015 P2:1.6015 P3:1.6015 P4:1.6015 STATE:IDLE
[2026-05-14 17:56:57Z] CHK MOM:0.03% RANGE:0.03% UP:9.09% SPREAD:0.06246096% BID:1.601 ASK:1.602 MID:1.6015 P1:1.6015 P2:1.6015 P3:1.6015 P4:1.6015 STATE:IDLE
[2026-05-14 17:56:57Z] CHK MOM:0.03% RANGE:0.03% UP:9.09% SPREAD:0.06246096% BID:1.601 ASK:1.602 MID:1.6015 P1:1.6015 P2:1.6015 P3:1.6015 P4:1.6015 STATE:IDLE
[2026-05-14 17:56:58Z] CHK MOM:-0.03% RANGE:0.03% UP:0% SPREAD:0.125% BID:1.6 ASK:1.602 MID:1.601 P1:1.601 P2:1.6015 P3:1.6015 P4:1.6015 STATE:IDLE
[2026-05-14 17:56:58Z] CHK MOM:0% RANGE:0.03% UP:10% SPREAD:0.06246096% BID:1.601 ASK:1.602 MID:1.6015 P1:1.6015 P2:1.601 P3:1.6015 P4:1.6015 STATE:IDLE
[2026-05-14 17:56:59Z] CHK MOM:0% RANGE:0.03% UP:10% SPREAD:0.06246096% BID:1.601 ASK:1.602 MID:1.6015 P1:1.6015 P2:1.601 P3:1.6015 P4:1.6015 STATE:IDLE
[2026-05-14 17:56:59Z] CHK MOM:0% RANGE:0.03% UP:9.09% SPREAD:0.06246096% BID:1.601 ASK:1.602 MID:1.6015 P1:1.6015 P2:1.6015 P3:1.601 P4:1.6015 STATE:IDLE
[2026-05-14 17:57:00Z] CHK MOM:-0.03% RANGE:0.03% UP:8.33% SPREAD:0.125% BID:1.6 ASK:1.602 MID:1.601 P1:1.601 P2:1.6015 P3:1.6015 P4:1.601 STATE:IDLE
[2026-05-14 17:57:00Z] CHK MOM:-0.03% RANGE:0.03% UP:8.33% SPREAD:0.125% BID:1.6 ASK:1.602 MID:1.601 P1:1.601 P2:1.6015 P3:1.6015 P4:1.601 STATE:IDLE
[2026-05-14 17:57:02Z] CHK MOM:0% RANGE:0.03% UP:16.66% SPREAD:0.06246096% BID:1.601 ASK:1.602 MID:1.6015 P1:1.6015 P2:1.601 P3:1.6015 P4:1.6015 STATE:IDLE
[2026-05-14 17:57:02Z] CHK MOM:0% RANGE:0.03% UP:15.38% SPREAD:0.06246096% BID:1.601 ASK:1.602 MID:1.6015 P1:1.6015 P2:1.6015 P3:1.601 P4:1.6015 STATE:IDLE
[2026-05-14 17:57:03Z] CHK MOM:0% RANGE:0.03% UP:15.38% SPREAD:0.06246096% BID:1.601 ASK:1.602 MID:1.6015 P1:1.6015 P2:1.6015 P3:1.601 P4:1.6015 STATE:IDLE
[2026-05-14 17:57:03Z] CHK MOM:0% RANGE:0.03% UP:18.18% SPREAD:0.06246096% BID:1.601 ASK:1.602 MID:1.6015 P1:1.6015 P2:1.6015 P3:1.6015 P4:1.601 STATE:IDLE
[2026-05-14 17:57:04Z] CHK MOM:-0.06% RANGE:0.06% UP:16.66% SPREAD:0.06249999% BID:1.6 ASK:1.601 MID:1.6005 P1:1.6005 P2:1.6015 P3:1.6015 P4:1.6015 STATE:IDLE
[2026-05-14 17:57:04Z] CHK MOM:0% RANGE:0.06% UP:23.07% SPREAD:0.06246096% BID:1.601 ASK:1.602 MID:1.6015 P1:1.6015 P2:1.6005 P3:1.6015 P4:1.6015 STATE:IDLE
[2026-05-14 17:57:05Z] CHK MOM:0% RANGE:0.06% UP:23.07% SPREAD:0.06246096% BID:1.601 ASK:1.602 MID:1.6015 P1:1.6015 P2:1.6005 P3:1.6015 P4:1.6015 STATE:IDLE
[2026-05-14 17:57:05Z] CHK MOM:0% RANGE:0.06% UP:23.07% SPREAD:0.06246096% BID:1.601 ASK:1.602 MID:1.6015 P1:1.6015 P2:1.6005 P3:1.6015 P4:1.6015 STATE:IDLE
[2026-05-14 17:57:06Z] CHK MOM:0% RANGE:0.06% UP:23.07% SPREAD:0.06246096% BID:1.601 ASK:1.602 MID:1.6015 P1:1.6015 P2:1.6005 P3:1.6015 P4:1.6015 STATE:IDLE
[2026-05-14 17:57:07Z] CHK MOM:0% RANGE:0.06% UP:23.07% SPREAD:0.06246096% BID:1.601 ASK:1.602 MID:1.6015 P1:1.6015 P2:1.6005 P3:1.6015 P4:1.6015 STATE:IDLE
[2026-05-14 17:57:07Z] CHK MOM:0% RANGE:0.06% UP:30% SPREAD:0.06246096% BID:1.601 ASK:1.602 MID:1.6015 P1:1.6015 P2:1.6015 P3:1.6005 P4:1.6015 STATE:IDLE
[2026-05-14 17:57:08Z] CHK MOM:0% RANGE:0.06% UP:30% SPREAD:0.06246096% BID:1.601 ASK:1.602 MID:1.6015 P1:1.6015 P2:1.6015 P3:1.6005 P4:1.6015 STATE:IDLE
[2026-05-14 17:57:08Z] CHK MOM:0% RANGE:0.06% UP:30% SPREAD:0.06246096% BID:1.601 ASK:1.602 MID:1.6015 P1:1.6015 P2:1.6015 P3:1.6005 P4:1.6015 STATE:IDLE
[2026-05-14 17:57:09Z] CHK MOM:0% RANGE:0.06% UP:30% SPREAD:0.06246096% BID:1.601 ASK:1.602 MID:1.6015 P1:1.6015 P2:1.6015 P3:1.6005 P4:1.6015 STATE:IDLE
[2026-05-14 17:57:09Z] CHK MOM:0% RANGE:0.06% UP:30% SPREAD:0.06246096% BID:1.601 ASK:1.602 MID:1.6015 P1:1.6015 P2:1.6015 P3:1.6005 P4:1.6015 STATE:IDLE
[2026-05-14 17:57:10Z] CHK MOM:0.03% RANGE:0.06% UP:30% SPREAD:0.06246096% BID:1.601 ASK:1.602 MID:1.6015 P1:1.6015 P2:1.6015 P3:1.6015 P4:1.6005 STATE:IDLE
[2026-05-14 17:57:10Z] CHK MOM:0.03% RANGE:0.06% UP:30% SPREAD:0.06246096% BID:1.601 ASK:1.602 MID:1.6015 P1:1.6015 P2:1.6015 P3:1.6015 P4:1.6005 STATE:IDLE
[2026-05-14 17:57:11Z] CHK MOM:0.03% RANGE:0.06% UP:30% SPREAD:0.06246096% BID:1.601 ASK:1.602 MID:1.6015 P1:1.6015 P2:1.6015 P3:1.6015 P4:1.6005 STATE:IDLE
[2026-05-14 17:57:11Z] CHK MOM:0.03% RANGE:0.06% UP:30% SPREAD:0.06246096% BID:1.601 ASK:1.602 MID:1.6015 P1:1.6015 P2:1.6015 P3:1.6015 P4:1.6005 STATE:IDLE
[2026-05-14 17:57:12Z] CHK MOM:0.03% RANGE:0.06% UP:30% SPREAD:0.06246096% BID:1.601 ASK:1.602 MID:1.6015 P1:1.6015 P2:1.6015 P3:1.6015 P4:1.6005 STATE:IDLE
[2026-05-14 17:57:15Z] CHK MOM:-0.03% RANGE:0.06% UP:20% SPREAD:0.125% BID:1.6 ASK:1.602 MID:1.601 P1:1.601 P2:1.6015 P3:1.6015 P4:1.6015 STATE:IDLE
[2026-05-14 17:57:16Z] CHK MOM:-0.06% RANGE:0.06% UP:0% SPREAD:0.06249999% BID:1.6 ASK:1.601 MID:1.6005 P1:1.6005 P2:1.601 P3:1.6015 P4:1.6015 STATE:IDLE
[2026-05-14 17:57:16Z] CHK MOM:-0.06% RANGE:0.06% UP:0% SPREAD:0.06249999% BID:1.6 ASK:1.601 MID:1.6005 P1:1.6005 P2:1.601 P3:1.6015 P4:1.6015 STATE:IDLE
[2026-05-14 17:57:17Z] CHK MOM:-0.06% RANGE:0.06% UP:0% SPREAD:0.06249999% BID:1.6 ASK:1.601 MID:1.6005 P1:1.6005 P2:1.601 P3:1.6015 P4:1.6015 STATE:IDLE
[2026-05-14 17:57:18Z] CHK MOM:-0.06% RANGE:0.06% UP:0% SPREAD:0.06249999% BID:1.6 ASK:1.601 MID:1.6005 P1:1.6005 P2:1.601 P3:1.6015 P4:1.6015 STATE:IDLE
[2026-05-14 17:57:18Z] CHK MOM:-0.03% RANGE:0.06% UP:25% SPREAD:0.125% BID:1.6 ASK:1.602 MID:1.601 P1:1.601 P2:1.6005 P3:1.601 P4:1.6015 STATE:IDLE
[2026-05-14 17:57:19Z] CHK MOM:-0.03% RANGE:0.06% UP:25% SPREAD:0.125% BID:1.6 ASK:1.602 MID:1.601 P1:1.601 P2:1.601 P3:1.6005 P4:1.601 STATE:IDLE
[2026-05-14 17:57:19Z] CHK MOM:-0.03% RANGE:0.06% UP:25% SPREAD:0.125% BID:1.6 ASK:1.602 MID:1.601 P1:1.601 P2:1.601 P3:1.6005 P4:1.601 STATE:IDLE
[2026-05-14 17:57:20Z] CHK MOM:-0.03% RANGE:0.06% UP:20% SPREAD:0.125% BID:1.6 ASK:1.602 MID:1.601 P1:1.601 P2:1.601 P3:1.601 P4:1.6005 STATE:IDLE
[2026-05-14 17:57:20Z] CHK MOM:-0.03% RANGE:0.06% UP:20% SPREAD:0.125% BID:1.6 ASK:1.602 MID:1.601 P1:1.601 P2:1.601 P3:1.601 P4:1.6005 STATE:IDLE
[2026-05-14 17:57:21Z] CHK MOM:-0.03% RANGE:0.06% UP:20% SPREAD:0.125% BID:1.6 ASK:1.602 MID:1.601 P1:1.601 P2:1.601 P3:1.601 P4:1.6005 STATE:IDLE
[2026-05-14 17:57:21Z] CHK MOM:-0.03% RANGE:0.06% UP:20% SPREAD:0.125% BID:1.6 ASK:1.602 MID:1.601 P1:1.601 P2:1.601 P3:1.601 P4:1.6005 STATE:IDLE
[2026-05-14 17:57:22Z] CHK MOM:-0.03% RANGE:0.06% UP:20% SPREAD:0.125% BID:1.6 ASK:1.602 MID:1.601 P1:1.601 P2:1.601 P3:1.601 P4:1.6005 STATE:IDLE
[2026-05-14 17:57:23Z] CHK MOM:-0.03% RANGE:0.06% UP:20% SPREAD:0.125% BID:1.6 ASK:1.602 MID:1.601 P1:1.601 P2:1.601 P3:1.601 P4:1.6005 STATE:IDLE
[2026-05-14 17:57:23Z] CHK MOM:-0.03% RANGE:0.03% UP:20% SPREAD:0.06249999% BID:1.6 ASK:1.601 MID:1.6005 P1:1.6005 P2:1.601 P3:1.601 P4:1.601 STATE:IDLE
[2026-05-14 17:57:24Z] CHK MOM:-0.03% RANGE:0.03% UP:20% SPREAD:0.06249999% BID:1.6 ASK:1.601 MID:1.6005 P1:1.6005 P2:1.601 P3:1.601 P4:1.601 STATE:IDLE
[2026-05-14 17:57:24Z] CHK MOM:-0.03% RANGE:0.03% UP:16.66% SPREAD:0.06249999% BID:1.6 ASK:1.601 MID:1.6005 P1:1.6005 P2:1.6005 P3:1.601 P4:1.601 STATE:IDLE
[2026-05-14 17:57:25Z] CHK MOM:-0.03% RANGE:0.03% UP:14.28% SPREAD:0.06249999% BID:1.6 ASK:1.601 MID:1.6005 P1:1.6005 P2:1.6005 P3:1.6005 P4:1.601 STATE:IDLE
[2026-05-14 17:57:25Z] CHK MOM:-0.03% RANGE:0.03% UP:14.28% SPREAD:0.06249999% BID:1.6 ASK:1.601 MID:1.6005 P1:1.6005 P2:1.6005 P3:1.6005 P4:1.601 STATE:IDLE
[2026-05-14 17:57:26Z] CHK MOM:-0.03% RANGE:0.03% UP:14.28% SPREAD:0.06249999% BID:1.6 ASK:1.601 MID:1.6005 P1:1.6005 P2:1.6005 P3:1.6005 P4:1.601 STATE:IDLE
[2026-05-14 17:57:26Z] CHK MOM:0% RANGE:0.03% UP:25% SPREAD:0.125% BID:1.6 ASK:1.602 MID:1.601 P1:1.601 P2:1.6005 P3:1.6005 P4:1.6005 STATE:IDLE
[2026-05-14 17:57:27Z] CHK MOM:-0.03% RANGE:0.03% UP:22.22% SPREAD:0.06249999% BID:1.6 ASK:1.601 MID:1.6005 P1:1.6005 P2:1.601 P3:1.6005 P4:1.6005 STATE:IDLE
[2026-05-14 17:57:28Z] CHK MOM:-0.03% RANGE:0.03% UP:22.22% SPREAD:0.06249999% BID:1.6 ASK:1.601 MID:1.6005 P1:1.6005 P2:1.601 P3:1.6005 P4:1.6005 STATE:IDLE
[2026-05-14 17:57:28Z] CHK MOM:-0.03% RANGE:0.03% UP:22.22% SPREAD:0.06249999% BID:1.6 ASK:1.601 MID:1.6005 P1:1.6005 P2:1.601 P3:1.6005 P4:1.6005 STATE:IDLE
[2026-05-14 17:57:29Z] CHK MOM:-0.03% RANGE:0.03% UP:22.22% SPREAD:0.06249999% BID:1.6 ASK:1.601 MID:1.6005 P1:1.6005 P2:1.601 P3:1.6005 P4:1.6005 STATE:IDLE
[2026-05-14 17:57:29Z] CHK MOM:-0.03% RANGE:0.03% UP:22.22% SPREAD:0.06249999% BID:1.6 ASK:1.601 MID:1.6005 P1:1.6005 P2:1.601 P3:1.6005 P4:1.6005 STATE:IDLE
[2026-05-14 17:57:30Z] CHK MOM:-0.03% RANGE:0.03% UP:14.28% SPREAD:0.06249999% BID:1.6 ASK:1.601 MID:1.6005 P1:1.6005 P2:1.6005 P3:1.601 P4:1.6005 STATE:IDLE
[2026-05-14 17:57:31Z] CHK MOM:-0.03% RANGE:0.03% UP:12.5% SPREAD:0.06249999% BID:1.6 ASK:1.601 MID:1.6005 P1:1.6005 P2:1.6005 P3:1.6005 P4:1.601 STATE:IDLE
[2026-05-14 17:57:31Z] CHK MOM:-0.03% RANGE:0.03% UP:12.5% SPREAD:0.06249999% BID:1.6 ASK:1.601 MID:1.6005 P1:1.6005 P2:1.6005 P3:1.6005 P4:1.601 STATE:IDLE
[2026-05-14 17:57:32Z] CHK MOM:-0.03% RANGE:0.03% UP:12.5% SPREAD:0.06249999% BID:1.6 ASK:1.601 MID:1.6005 P1:1.6005 P2:1.6005 P3:1.6005 P4:1.601 STATE:IDLE
[2026-05-14 17:57:32Z] CHK MOM:-0.03% RANGE:0.03% UP:12.5% SPREAD:0.06249999% BID:1.6 ASK:1.601 MID:1.6005 P1:1.6005 P2:1.6005 P3:1.6005 P4:1.601 STATE:IDLE
[2026-05-14 17:57:33Z] CHK MOM:-0.03% RANGE:0.03% UP:12.5% SPREAD:0.06249999% BID:1.6 ASK:1.601 MID:1.6005 P1:1.6005 P2:1.6005 P3:1.6005 P4:1.601 STATE:IDLE
[2026-05-14 17:57:35Z] CHK MOM:0% RANGE:0.03% UP:14.28% SPREAD:0.06249999% BID:1.6 ASK:1.601 MID:1.6005 P1:1.6005 P2:1.6005 P3:1.6005 P4:1.6005 STATE:IDLE
[2026-05-14 17:57:36Z] CHK MOM:0% RANGE:0.03% UP:14.28% SPREAD:0.06249999% BID:1.6 ASK:1.601 MID:1.6005 P1:1.6005 P2:1.6005 P3:1.6005 P4:1.6005 STATE:IDLE
[2026-05-14 17:57:36Z] CHK MOM:0% RANGE:0.03% UP:14.28% SPREAD:0.06249999% BID:1.6 ASK:1.601 MID:1.6005 P1:1.6005 P2:1.6005 P3:1.6005 P4:1.6005 STATE:IDLE
[2026-05-14 17:57:37Z] CHK MOM:0% RANGE:0.03% UP:14.28% SPREAD:0.06249999% BID:1.6 ASK:1.601 MID:1.6005 P1:1.6005 P2:1.6005 P3:1.6005 P4:1.6005 STATE:IDLE
[2026-05-14 17:57:37Z] CHK MOM:0% RANGE:0.03% UP:14.28% SPREAD:0.06249999% BID:1.6 ASK:1.601 MID:1.6005 P1:1.6005 P2:1.6005 P3:1.6005 P4:1.6005 STATE:IDLE
[2026-05-14 17:57:38Z] CHK MOM:-0.06% RANGE:0.06% UP:0% SPREAD:0.12507817% BID:1.599 ASK:1.601 MID:1.6 P1:1.6 P2:1.6005 P3:1.6005 P4:1.6005 STATE:IDLE
[2026-05-14 17:57:39Z] CHK MOM:-0.06% RANGE:0.06% UP:0% SPREAD:0.12507817% BID:1.599 ASK:1.601 MID:1.6 P1:1.6 P2:1.6005 P3:1.6005 P4:1.6005 STATE:IDLE
[2026-05-14 17:57:40Z] CHK MOM:-0.06% RANGE:0.06% UP:0% SPREAD:0.12507817% BID:1.599 ASK:1.601 MID:1.6 P1:1.6 P2:1.6005 P3:1.6005 P4:1.6005 STATE:IDLE
[2026-05-14 17:57:40Z] CHK MOM:-0.06% RANGE:0.06% UP:0% SPREAD:0.12507817% BID:1.599 ASK:1.601 MID:1.6 P1:1.6 P2:1.6005 P3:1.6005 P4:1.6005 STATE:IDLE
[2026-05-14 17:57:42Z] CHK MOM:-0.03% RANGE:0.03% UP:0% SPREAD:0.12507817% BID:1.599 ASK:1.601 MID:1.6 P1:1.6 P2:1.6 P3:1.6005 P4:1.6005 STATE:IDLE
[2026-05-14 17:57:43Z] CHK MOM:-0.03% RANGE:0.03% UP:0% SPREAD:0.12507817% BID:1.599 ASK:1.601 MID:1.6 P1:1.6 P2:1.6 P3:1.6 P4:1.6005 STATE:IDLE
[2026-05-14 17:57:43Z] CHK MOM:-0.03% RANGE:0.03% UP:0% SPREAD:0.12507817% BID:1.599 ASK:1.601 MID:1.6 P1:1.6 P2:1.6 P3:1.6 P4:1.6005 STATE:IDLE
[2026-05-14 17:57:44Z] CHK MOM:-0.03% RANGE:0.03% UP:0% SPREAD:0.12507817% BID:1.599 ASK:1.601 MID:1.6 P1:1.6 P2:1.6 P3:1.6 P4:1.6 STATE:IDLE
[2026-05-14 17:57:45Z] CHK MOM:-0.03% RANGE:0.03% UP:0% SPREAD:0.12507817% BID:1.599 ASK:1.601 MID:1.6 P1:1.6 P2:1.6 P3:1.6 P4:1.6 STATE:IDLE
[2026-05-14 17:57:45Z] CHK MOM:-0.03% RANGE:0.03% UP:0% SPREAD:0.12507817% BID:1.599 ASK:1.601 MID:1.6 P1:1.6 P2:1.6 P3:1.6 P4:1.6 STATE:IDLE
[2026-05-14 17:57:46Z] CHK MOM:-0.03% RANGE:0.03% UP:0% SPREAD:0.12507817% BID:1.599 ASK:1.601 MID:1.6 P1:1.6 P2:1.6 P3:1.6 P4:1.6 STATE:IDLE
[2026-05-14 17:57:46Z] CHK MOM:-0.03% RANGE:0.03% UP:0% SPREAD:0.12507817% BID:1.599 ASK:1.601 MID:1.6 P1:1.6 P2:1.6 P3:1.6 P4:1.6 STATE:IDLE
[2026-05-14 17:57:47Z] CHK MOM:-0.03% RANGE:0.03% UP:0% SPREAD:0.12507817% BID:1.599 ASK:1.601 MID:1.6 P1:1.6 P2:1.6 P3:1.6 P4:1.6 STATE:IDLE
[2026-05-14 17:57:47Z] CHK MOM:0% RANGE:0% UP:0% SPREAD:0.12507817% BID:1.599 ASK:1.601 MID:1.6 P1:1.6 P2:1.6 P3:1.6 P4:1.6 STATE:IDLE
[2026-05-14 17:57:48Z] CHK MOM:0% RANGE:0% UP:0% SPREAD:0.12507817% BID:1.599 ASK:1.601 MID:1.6 P1:1.6 P2:1.6 P3:1.6 P4:1.6 STATE:IDLE
[2026-05-14 17:57:48Z] CHK MOM:0% RANGE:0% UP:0% SPREAD:0.12507817% BID:1.599 ASK:1.601 MID:1.6 P1:1.6 P2:1.6 P3:1.6 P4:1.6 STATE:IDLE
[2026-05-14 17:57:49Z] CHK MOM:0% RANGE:0% UP:0% SPREAD:0.12507817% BID:1.599 ASK:1.601 MID:1.6 P1:1.6 P2:1.6 P3:1.6 P4:1.6 STATE:IDLE
[2026-05-14 17:57:50Z] CHK MOM:0% RANGE:0% UP:0% SPREAD:0.12507817% BID:1.599 ASK:1.601 MID:1.6 P1:1.6 P2:1.6 P3:1.6 P4:1.6 STATE:IDLE
[2026-05-14 17:57:50Z] CHK MOM:0% RANGE:0% UP:0% SPREAD:0.12507817% BID:1.599 ASK:1.601 MID:1.6 P1:1.6 P2:1.6 P3:1.6 P4:1.6 STATE:IDLE
[2026-05-14 17:57:51Z] CHK MOM:0.03% RANGE:0.03% UP:12.5% SPREAD:0.06249999% BID:1.6 ASK:1.601 MID:1.6005 P1:1.6005 P2:1.6 P3:1.6 P4:1.6 STATE:IDLE
[2026-05-14 17:57:51Z] CHK MOM:0.03% RANGE:0.03% UP:11.11% SPREAD:0.06249999% BID:1.6 ASK:1.601 MID:1.6005 P1:1.6005 P2:1.6005 P3:1.6 P4:1.6 STATE:IDLE
[2026-05-14 17:57:52Z] CHK MOM:0.03% RANGE:0.03% UP:11.11% SPREAD:0.06249999% BID:1.6 ASK:1.601 MID:1.6005 P1:1.6005 P2:1.6005 P3:1.6 P4:1.6 STATE:IDLE
[2026-05-14 17:57:52Z] CHK MOM:0.03% RANGE:0.03% UP:10% SPREAD:0.06249999% BID:1.6 ASK:1.601 MID:1.6005 P1:1.6005 P2:1.6005 P3:1.6005 P4:1.6 STATE:IDLE
[2026-05-14 17:57:53Z] CHK MOM:0.03% RANGE:0.03% UP:10% SPREAD:0.06249999% BID:1.6 ASK:1.601 MID:1.6005 P1:1.6005 P2:1.6005 P3:1.6005 P4:1.6 STATE:IDLE
[2026-05-14 17:57:53Z] CHK MOM:0.03% RANGE:0.03% UP:10% SPREAD:0.06249999% BID:1.6 ASK:1.601 MID:1.6005 P1:1.6005 P2:1.6005 P3:1.6005 P4:1.6 STATE:IDLE
[2026-05-14 17:57:54Z] CHK MOM:0.03% RANGE:0.03% UP:10% SPREAD:0.06249999% BID:1.6 ASK:1.601 MID:1.6005 P1:1.6005 P2:1.6005 P3:1.6005 P4:1.6 STATE:IDLE
[2026-05-14 17:57:54Z] CHK MOM:0.03% RANGE:0.03% UP:10% SPREAD:0.06249999% BID:1.6 ASK:1.601 MID:1.6005 P1:1.6005 P2:1.6005 P3:1.6005 P4:1.6 STATE:IDLE
[2026-05-14 17:57:55Z] CHK MOM:0.03% RANGE:0.03% UP:10% SPREAD:0.06249999% BID:1.6 ASK:1.601 MID:1.6005 P1:1.6005 P2:1.6005 P3:1.6005 P4:1.6 STATE:IDLE
[2026-05-14 17:57:56Z] CHK MOM:0.03% RANGE:0.03% UP:11.11% SPREAD:0.06249999% BID:1.6 ASK:1.601 MID:1.6005 P1:1.6005 P2:1.6005 P3:1.6005 P4:1.6005 STATE:IDLE
[2026-05-14 17:57:56Z] CHK MOM:0.03% RANGE:0.03% UP:12.5% SPREAD:0.06249999% BID:1.6 ASK:1.601 MID:1.6005 P1:1.6005 P2:1.6005 P3:1.6005 P4:1.6005 STATE:IDLE
[2026-05-14 17:57:57Z] CHK MOM:0.03% RANGE:0.03% UP:12.5% SPREAD:0.06249999% BID:1.6 ASK:1.601 MID:1.6005 P1:1.6005 P2:1.6005 P3:1.6005 P4:1.6005 STATE:IDLE
[2026-05-14 17:57:57Z] CHK MOM:0.03% RANGE:0.03% UP:12.5% SPREAD:0.06249999% BID:1.6 ASK:1.601 MID:1.6005 P1:1.6005 P2:1.6005 P3:1.6005 P4:1.6005 STATE:IDLE
[2026-05-14 17:57:58Z] CHK MOM:0.03% RANGE:0.03% UP:12.5% SPREAD:0.06249999% BID:1.6 ASK:1.601 MID:1.6005 P1:1.6005 P2:1.6005 P3:1.6005 P4:1.6005 STATE:IDLE
[2026-05-14 17:57:58Z] CHK MOM:0.03% RANGE:0.03% UP:11.11% SPREAD:0.06249999% BID:1.6 ASK:1.601 MID:1.6005 P1:1.6005 P2:1.6005 P3:1.6005 P4:1.6005 STATE:IDLE
[2026-05-14 17:57:59Z] CHK MOM:0.03% RANGE:0.03% UP:11.11% SPREAD:0.06249999% BID:1.6 ASK:1.601 MID:1.6005 P1:1.6005 P2:1.6005 P3:1.6005 P4:1.6005 STATE:IDLE
[2026-05-14 17:57:59Z] CHK MOM:0.03% RANGE:0.03% UP:11.11% SPREAD:0.06249999% BID:1.6 ASK:1.601 MID:1.6005 P1:1.6005 P2:1.6005 P3:1.6005 P4:1.6005 STATE:IDLE
[2026-05-14 17:58:00Z] CHK MOM:0.03% RANGE:0.03% UP:11.11% SPREAD:0.06249999% BID:1.6 ASK:1.601 MID:1.6005 P1:1.6005 P2:1.6005 P3:1.6005 P4:1.6005 STATE:IDLE
[2026-05-14 17:58:01Z] CHK MOM:0.03% RANGE:0.03% UP:10% SPREAD:0.06249999% BID:1.6 ASK:1.601 MID:1.6005 P1:1.6005 P2:1.6005 P3:1.6005 P4:1.6005 STATE:IDLE
[2026-05-14 17:58:01Z] CHK MOM:0.09% RANGE:0.09% UP:20% SPREAD:0.06246096% BID:1.601 ASK:1.602 MID:1.6015 P1:1.6015 P2:1.6005 P3:1.6005 P4:1.6005 STATE:IDLE
[2026-05-14 17:58:02Z] CHK MOM:0.06% RANGE:0.06% UP:10% SPREAD:0.06246096% BID:1.601 ASK:1.602 MID:1.6015 P1:1.6015 P2:1.6015 P3:1.6005 P4:1.6005 STATE:IDLE
[2026-05-14 17:58:02Z] CHK MOM:0.06% RANGE:0.06% UP:9.09% SPREAD:0.06246096% BID:1.601 ASK:1.602 MID:1.6015 P1:1.6015 P2:1.6015 P3:1.6015 P4:1.6005 STATE:IDLE
[2026-05-14 17:58:03Z] CHK MOM:0.06% RANGE:0.06% UP:9.09% SPREAD:0.06246096% BID:1.601 ASK:1.602 MID:1.6015 P1:1.6015 P2:1.6015 P3:1.6015 P4:1.6015 STATE:IDLE
[2026-05-14 17:58:03Z] CHK MOM:0.06% RANGE:0.06% UP:9.09% SPREAD:0.06246096% BID:1.601 ASK:1.602 MID:1.6015 P1:1.6015 P2:1.6015 P3:1.6015 P4:1.6015 STATE:IDLE
[2026-05-14 17:58:04Z] CHK MOM:0.06% RANGE:0.06% UP:9.09% SPREAD:0.06246096% BID:1.601 ASK:1.602 MID:1.6015 P1:1.6015 P2:1.6015 P3:1.6015 P4:1.6015 STATE:IDLE
[2026-05-14 17:58:04Z] CHK MOM:0.06% RANGE:0.06% UP:9.09% SPREAD:0.06246096% BID:1.601 ASK:1.602 MID:1.6015 P1:1.6015 P2:1.6015 P3:1.6015 P4:1.6015 STATE:IDLE
[2026-05-14 17:58:05Z] CHK MOM:0.06% RANGE:0.06% UP:9.09% SPREAD:0.06246096% BID:1.601 ASK:1.602 MID:1.6015 P1:1.6015 P2:1.6015 P3:1.6015 P4:1.6015 STATE:IDLE
[2026-05-14 17:58:06Z] CHK MOM:0.06% RANGE:0.06% UP:10% SPREAD:0.06246096% BID:1.601 ASK:1.602 MID:1.6015 P1:1.6015 P2:1.6015 P3:1.6015 P4:1.6015 STATE:IDLE
[2026-05-14 17:58:07Z] CHK MOM:0.06% RANGE:0.06% UP:9.09% SPREAD:0.06246096% BID:1.601 ASK:1.602 MID:1.6015 P1:1.6015 P2:1.6015 P3:1.6015 P4:1.6015 STATE:IDLE
[2026-05-14 17:58:07Z] CHK MOM:0.06% RANGE:0.06% UP:9.09% SPREAD:0.06246096% BID:1.601 ASK:1.602 MID:1.6015 P1:1.6015 P2:1.6015 P3:1.6015 P4:1.6015 STATE:IDLE
[2026-05-14 17:58:08Z] CHK MOM:0.06% RANGE:0.06% UP:8.33% SPREAD:0.06246096% BID:1.601 ASK:1.602 MID:1.6015 P1:1.6015 P2:1.6015 P3:1.6015 P4:1.6015 STATE:IDLE
[2026-05-14 17:58:08Z] CHK MOM:0.06% RANGE:0.06% UP:8.33% SPREAD:0.06246096% BID:1.601 ASK:1.602 MID:1.6015 P1:1.6015 P2:1.6015 P3:1.6015 P4:1.6015 STATE:IDLE
[2026-05-14 17:58:09Z] CHK MOM:0.06% RANGE:0.06% UP:7.69% SPREAD:0.06246096% BID:1.601 ASK:1.602 MID:1.6015 P1:1.6015 P2:1.6015 P3:1.6015 P4:1.6015 STATE:IDLE
[2026-05-14 17:58:09Z] CHK MOM:0.06% RANGE:0.06% UP:7.69% SPREAD:0.06246096% BID:1.601 ASK:1.602 MID:1.6015 P1:1.6015 P2:1.6015 P3:1.6015 P4:1.6015 STATE:IDLE
[2026-05-14 17:58:10Z] CHK MOM:0.06% RANGE:0.06% UP:7.69% SPREAD:0.06246096% BID:1.601 ASK:1.602 MID:1.6015 P1:1.6015 P2:1.6015 P3:1.6015 P4:1.6015 STATE:IDLE
[2026-05-14 17:58:10Z] CHK MOM:0.06% RANGE:0.06% UP:7.69% SPREAD:0.06246096% BID:1.601 ASK:1.602 MID:1.6015 P1:1.6015 P2:1.6015 P3:1.6015 P4:1.6015 STATE:IDLE
[2026-05-14 17:58:11Z] CHK MOM:0.06% RANGE:0.06% UP:7.69% SPREAD:0.06246096% BID:1.601 ASK:1.602 MID:1.6015 P1:1.6015 P2:1.6015 P3:1.6015 P4:1.6015 STATE:IDLE
[2026-05-14 17:58:12Z] CHK MOM:0.06% RANGE:0.06% UP:9.09% SPREAD:0.06246096% BID:1.601 ASK:1.602 MID:1.6015 P1:1.6015 P2:1.6015 P3:1.6015 P4:1.6015 STATE:IDLE
[2026-05-14 17:58:12Z] CHK MOM:0.06% RANGE:0.06% UP:8.33% SPREAD:0.06246096% BID:1.601 ASK:1.602 MID:1.6015 P1:1.6015 P2:1.6015 P3:1.6015 P4:1.6015 STATE:IDLE
[2026-05-14 17:58:13Z] CHK MOM:0.06% RANGE:0.06% UP:8.33% SPREAD:0.06246096% BID:1.601 ASK:1.602 MID:1.6015 P1:1.6015 P2:1.6015 P3:1.6015 P4:1.6015 STATE:IDLE
[2026-05-14 17:58:13Z] CHK MOM:0% RANGE:0% UP:0% SPREAD:0.06246096% BID:1.601 ASK:1.602 MID:1.6015 P1:1.6015 P2:1.6015 P3:1.6015 P4:1.6015 STATE:IDLE
[2026-05-14 17:58:14Z] CHK MOM:0% RANGE:0% UP:0% SPREAD:0.06246096% BID:1.601 ASK:1.602 MID:1.6015 P1:1.6015 P2:1.6015 P3:1.6015 P4:1.6015 STATE:IDLE
[2026-05-14 17:58:14Z] CHK MOM:0% RANGE:0% UP:0% SPREAD:0.06246096% BID:1.601 ASK:1.602 MID:1.6015 P1:1.6015 P2:1.6015 P3:1.6015 P4:1.6015 STATE:IDLE
[2026-05-14 17:58:15Z] CHK MOM:0% RANGE:0% UP:0% SPREAD:0.06246096% BID:1.601 ASK:1.602 MID:1.6015 P1:1.6015 P2:1.6015 P3:1.6015 P4:1.6015 STATE:IDLE
[2026-05-14 17:58:15Z] CHK MOM:0% RANGE:0% UP:0% SPREAD:0.06246096% BID:1.601 ASK:1.602 MID:1.6015 P1:1.6015 P2:1.6015 P3:1.6015 P4:1.6015 STATE:IDLE
[2026-05-14 17:58:16Z] CHK MOM:0% RANGE:0% UP:0% SPREAD:0.06246096% BID:1.601 ASK:1.602 MID:1.6015 P1:1.6015 P2:1.6015 P3:1.6015 P4:1.6015 STATE:IDLE
[2026-05-14 17:58:17Z] CHK MOM:0% RANGE:0% UP:0% SPREAD:0.06246096% BID:1.601 ASK:1.602 MID:1.6015 P1:1.6015 P2:1.6015 P3:1.6015 P4:1.6015 STATE:IDLE
[2026-05-14 17:58:17Z] CHK MOM:0% RANGE:0% UP:0% SPREAD:0.06246096% BID:1.601 ASK:1.602 MID:1.6015 P1:1.6015 P2:1.6015 P3:1.6015 P4:1.6015 STATE:IDLE
[2026-05-14 17:58:18Z] CHK MOM:0% RANGE:0% UP:0% SPREAD:0.06246096% BID:1.601 ASK:1.602 MID:1.6015 P1:1.6015 P2:1.6015 P3:1.6015 P4:1.6015 STATE:IDLE
[2026-05-14 17:58:18Z] CHK MOM:0% RANGE:0% UP:0% SPREAD:0.06246096% BID:1.601 ASK:1.602 MID:1.6015 P1:1.6015 P2:1.6015 P3:1.6015 P4:1.6015 STATE:IDLE
[2026-05-14 17:58:19Z] CHK MOM:0% RANGE:0% UP:0% SPREAD:0.06246096% BID:1.601 ASK:1.602 MID:1.6015 P1:1.6015 P2:1.6015 P3:1.6015 P4:1.6015 STATE:IDLE
[2026-05-14 17:58:19Z] CHK MOM:0% RANGE:0% UP:0% SPREAD:0.06246096% BID:1.601 ASK:1.602 MID:1.6015 P1:1.6015 P2:1.6015 P3:1.6015 P4:1.6015 STATE:IDLE
[2026-05-14 17:58:20Z] CHK MOM:0% RANGE:0% UP:0% SPREAD:0.06246096% BID:1.601 ASK:1.602 MID:1.6015 P1:1.6015 P2:1.6015 P3:1.6015 P4:1.6015 STATE:IDLE
[2026-05-14 17:58:20Z] CHK MOM:0% RANGE:0% UP:0% SPREAD:0.06246096% BID:1.601 ASK:1.602 MID:1.6015 P1:1.6015 P2:1.6015 P3:1.6015 P4:1.6015 STATE:IDLE
[2026-05-14 17:58:21Z] CHK MOM:0% RANGE:0% UP:0% SPREAD:0.06246096% BID:1.601 ASK:1.602 MID:1.6015 P1:1.6015 P2:1.6015 P3:1.6015 P4:1.6015 STATE:IDLE
[2026-05-14 17:58:22Z] CHK MOM:0% RANGE:0% UP:0% SPREAD:0.06246096% BID:1.601 ASK:1.602 MID:1.6015 P1:1.6015 P2:1.6015 P3:1.6015 P4:1.6015 STATE:IDLE
[2026-05-14 17:58:22Z] CHK MOM:0% RANGE:0% UP:0% SPREAD:0.06246096% BID:1.601 ASK:1.602 MID:1.6015 P1:1.6015 P2:1.6015 P3:1.6015 P4:1.6015 STATE:IDLE
[2026-05-14 17:58:23Z] CHK MOM:0% RANGE:0% UP:0% SPREAD:0.06246096% BID:1.601 ASK:1.602 MID:1.6015 P1:1.6015 P2:1.6015 P3:1.6015 P4:1.6015 STATE:IDLE
[2026-05-14 17:58:23Z] CHK MOM:0% RANGE:0% UP:0% SPREAD:0.06246096% BID:1.601 ASK:1.602 MID:1.6015 P1:1.6015 P2:1.6015 P3:1.6015 P4:1.6015 STATE:IDLE
[2026-05-14 17:58:25Z] CHK MOM:0% RANGE:0% UP:0% SPREAD:0.06246096% BID:1.601 ASK:1.602 MID:1.6015 P1:1.6015 P2:1.6015 P3:1.6015 P4:1.6015 STATE:IDLE
[2026-05-14 17:58:26Z] CHK MOM:0% RANGE:0% UP:0% SPREAD:0.06246096% BID:1.601 ASK:1.602 MID:1.6015 P1:1.6015 P2:1.6015 P3:1.6015 P4:1.6015 STATE:IDLE
[2026-05-14 17:58:26Z] CHK MOM:0% RANGE:0% UP:0% SPREAD:0.06246096% BID:1.601 ASK:1.602 MID:1.6015 P1:1.6015 P2:1.6015 P3:1.6015 P4:1.6015 STATE:IDLE
[2026-05-14 17:58:27Z] CHK MOM:0% RANGE:0% UP:0% SPREAD:0.06246096% BID:1.601 ASK:1.602 MID:1.6015 P1:1.6015 P2:1.6015 P3:1.6015 P4:1.6015 STATE:IDLE
[2026-05-14 17:58:28Z] CHK MOM:0% RANGE:0% UP:0% SPREAD:0.06246096% BID:1.601 ASK:1.602 MID:1.6015 P1:1.6015 P2:1.6015 P3:1.6015 P4:1.6015 STATE:IDLE
[2026-05-14 17:58:28Z] CHK MOM:0% RANGE:0% UP:0% SPREAD:0.06246096% BID:1.601 ASK:1.602 MID:1.6015 P1:1.6015 P2:1.6015 P3:1.6015 P4:1.6015 STATE:IDLE
[2026-05-14 17:58:29Z] CHK MOM:0% RANGE:0% UP:0% SPREAD:0.06246096% BID:1.601 ASK:1.602 MID:1.6015 P1:1.6015 P2:1.6015 P3:1.6015 P4:1.6015 STATE:IDLE
[2026-05-14 17:58:29Z] CHK MOM:0% RANGE:0% UP:0% SPREAD:0.06246096% BID:1.601 ASK:1.602 MID:1.6015 P1:1.6015 P2:1.6015 P3:1.6015 P4:1.6015 STATE:IDLE
[2026-05-14 17:58:30Z] CHK MOM:0% RANGE:0% UP:0% SPREAD:0.06246096% BID:1.601 ASK:1.602 MID:1.6015 P1:1.6015 P2:1.6015 P3:1.6015 P4:1.6015 STATE:IDLE
[2026-05-14 17:58:30Z] CHK MOM:0% RANGE:0% UP:0% SPREAD:0.06246096% BID:1.601 ASK:1.602 MID:1.6015 P1:1.6015 P2:1.6015 P3:1.6015 P4:1.6015 STATE:IDLE
[2026-05-14 17:58:31Z] CHK MOM:0% RANGE:0% UP:0% SPREAD:0.06246096% BID:1.601 ASK:1.602 MID:1.6015 P1:1.6015 P2:1.6015 P3:1.6015 P4:1.6015 STATE:IDLE
[2026-05-14 17:58:31Z] CHK MOM:0% RANGE:0% UP:0% SPREAD:0.06246096% BID:1.601 ASK:1.602 MID:1.6015 P1:1.6015 P2:1.6015 P3:1.6015 P4:1.6015 STATE:IDLE
[2026-05-14 17:58:32Z] CHK MOM:0% RANGE:0% UP:0% SPREAD:0.06246096% BID:1.601 ASK:1.602 MID:1.6015 P1:1.6015 P2:1.6015 P3:1.6015 P4:1.6015 STATE:IDLE
[2026-05-14 17:58:33Z] CHK MOM:0% RANGE:0% UP:0% SPREAD:0.06246096% BID:1.601 ASK:1.602 MID:1.6015 P1:1.6015 P2:1.6015 P3:1.6015 P4:1.6015 STATE:IDLE
[2026-05-14 17:58:36Z] CHK MOM:0% RANGE:0% UP:0% SPREAD:0.06246096% BID:1.601 ASK:1.602 MID:1.6015 P1:1.6015 P2:1.6015 P3:1.6015 P4:1.6015 STATE:IDLE
[2026-05-14 17:58:36Z] CHK MOM:0% RANGE:0% UP:0% SPREAD:0.06246096% BID:1.601 ASK:1.602 MID:1.6015 P1:1.6015 P2:1.6015 P3:1.6015 P4:1.6015 STATE:IDLE
[2026-05-14 17:58:37Z] CHK MOM:0% RANGE:0% UP:0% SPREAD:0.06246096% BID:1.601 ASK:1.602 MID:1.6015 P1:1.6015 P2:1.6015 P3:1.6015 P4:1.6015 STATE:IDLE
[2026-05-14 17:58:37Z] CHK MOM:0% RANGE:0% UP:0% SPREAD:0.06246096% BID:1.601 ASK:1.602 MID:1.6015 P1:1.6015 P2:1.6015 P3:1.6015 P4:1.6015 STATE:IDLE
[2026-05-14 17:58:39Z] CHK MOM:0% RANGE:0% UP:0% SPREAD:0.06246096% BID:1.601 ASK:1.602 MID:1.6015 P1:1.6015 P2:1.6015 P3:1.6015 P4:1.6015 STATE:IDLE
[2026-05-14 17:58:42Z] CHK MOM:0% RANGE:0% UP:0% SPREAD:0.06246096% BID:1.601 ASK:1.602 MID:1.6015 P1:1.6015 P2:1.6015 P3:1.6015 P4:1.6015 STATE:IDLE
[2026-05-14 17:58:42Z] CHK MOM:0% RANGE:0% UP:0% SPREAD:0.06246096% BID:1.601 ASK:1.602 MID:1.6015 P1:1.6015 P2:1.6015 P3:1.6015 P4:1.6015 STATE:IDLE
[2026-05-14 17:58:43Z] CHK MOM:-0.03% RANGE:0.03% UP:0% SPREAD:0.125% BID:1.6 ASK:1.602 MID:1.601 P1:1.601 P2:1.6015 P3:1.6015 P4:1.6015 STATE:IDLE
[2026-05-14 17:58:44Z] CHK MOM:0% RANGE:0.03% UP:25% SPREAD:0.06246096% BID:1.601 ASK:1.602 MID:1.6015 P1:1.6015 P2:1.601 P3:1.6015 P4:1.6015 STATE:IDLE
[2026-05-14 17:58:44Z] CHK MOM:0% RANGE:0.03% UP:20% SPREAD:0.06246096% BID:1.601 ASK:1.602 MID:1.6015 P1:1.6015 P2:1.6015 P3:1.601 P4:1.6015 STATE:IDLE
[2026-05-14 17:58:45Z] CHK MOM:0% RANGE:0.03% UP:20% SPREAD:0.06246096% BID:1.601 ASK:1.602 MID:1.6015 P1:1.6015 P2:1.6015 P3:1.601 P4:1.6015 STATE:IDLE
[2026-05-14 17:58:45Z] CHK MOM:0% RANGE:0.03% UP:20% SPREAD:0.06246096% BID:1.601 ASK:1.602 MID:1.6015 P1:1.6015 P2:1.6015 P3:1.601 P4:1.6015 STATE:IDLE
[2026-05-14 17:58:46Z] CHK MOM:0% RANGE:0.03% UP:16.66% SPREAD:0.06246096% BID:1.601 ASK:1.602 MID:1.6015 P1:1.6015 P2:1.6015 P3:1.6015 P4:1.601 STATE:IDLE
[2026-05-14 17:58:46Z] CHK MOM:0% RANGE:0.03% UP:16.66% SPREAD:0.06246096% BID:1.601 ASK:1.602 MID:1.6015 P1:1.6015 P2:1.6015 P3:1.6015 P4:1.601 STATE:IDLE
[2026-05-14 17:58:47Z] CHK MOM:0% RANGE:0.03% UP:16.66% SPREAD:0.06246096% BID:1.601 ASK:1.602 MID:1.6015 P1:1.6015 P2:1.6015 P3:1.6015 P4:1.601 STATE:IDLE
[2026-05-14 17:58:47Z] CHK MOM:0% RANGE:0.03% UP:16.66% SPREAD:0.06246096% BID:1.601 ASK:1.602 MID:1.6015 P1:1.6015 P2:1.6015 P3:1.6015 P4:1.601 STATE:IDLE
[2026-05-14 17:58:48Z] CHK MOM:0% RANGE:0.03% UP:16.66% SPREAD:0.06246096% BID:1.601 ASK:1.602 MID:1.6015 P1:1.6015 P2:1.6015 P3:1.6015 P4:1.601 STATE:IDLE
[2026-05-14 17:58:48Z] CHK MOM:0% RANGE:0.03% UP:16.66% SPREAD:0.06246096% BID:1.601 ASK:1.602 MID:1.6015 P1:1.6015 P2:1.6015 P3:1.6015 P4:1.601 STATE:IDLE
[2026-05-14 17:58:49Z] CHK MOM:0% RANGE:0.03% UP:16.66% SPREAD:0.06246096% BID:1.601 ASK:1.602 MID:1.6015 P1:1.6015 P2:1.6015 P3:1.6015 P4:1.6015 STATE:IDLE
[2026-05-14 17:58:50Z] CHK MOM:0% RANGE:0.03% UP:14.28% SPREAD:0.06246096% BID:1.601 ASK:1.602 MID:1.6015 P1:1.6015 P2:1.6015 P3:1.6015 P4:1.6015 STATE:IDLE
[2026-05-14 17:58:50Z] CHK MOM:0% RANGE:0.03% UP:14.28% SPREAD:0.06246096% BID:1.601 ASK:1.602 MID:1.6015 P1:1.6015 P2:1.6015 P3:1.6015 P4:1.6015 STATE:IDLE
[2026-05-14 17:58:51Z] CHK MOM:0% RANGE:0.03% UP:12.5% SPREAD:0.06246096% BID:1.601 ASK:1.602 MID:1.6015 P1:1.6015 P2:1.6015 P3:1.6015 P4:1.6015 STATE:IDLE
[2026-05-14 17:58:51Z] CHK MOM:0% RANGE:0.03% UP:12.5% SPREAD:0.06246096% BID:1.601 ASK:1.602 MID:1.6015 P1:1.6015 P2:1.6015 P3:1.6015 P4:1.6015 STATE:IDLE
[2026-05-14 17:58:52Z] CHK MOM:0% RANGE:0.03% UP:12.5% SPREAD:0.06246096% BID:1.601 ASK:1.602 MID:1.6015 P1:1.6015 P2:1.6015 P3:1.6015 P4:1.6015 STATE:IDLE
[2026-05-14 17:58:52Z] CHK MOM:0% RANGE:0.03% UP:12.5% SPREAD:0.06246096% BID:1.601 ASK:1.602 MID:1.6015 P1:1.6015 P2:1.6015 P3:1.6015 P4:1.6015 STATE:IDLE
[2026-05-14 17:58:53Z] CHK MOM:0% RANGE:0.03% UP:12.5% SPREAD:0.06246096% BID:1.601 ASK:1.602 MID:1.6015 P1:1.6015 P2:1.6015 P3:1.6015 P4:1.6015 STATE:IDLE
[2026-05-14 17:58:53Z] CHK MOM:0% RANGE:0.03% UP:12.5% SPREAD:0.06246096% BID:1.601 ASK:1.602 MID:1.6015 P1:1.6015 P2:1.6015 P3:1.6015 P4:1.6015 STATE:IDLE
[2026-05-14 17:59:00Z] CHK MOM:0% RANGE:0% UP:0% SPREAD:0.06246096% BID:1.601 ASK:1.602 MID:1.6015 P1:1.6015 P2:1.6015 P3:1.6015 P4:1.6015 STATE:IDLE
[2026-05-14 17:59:00Z] CHK MOM:0% RANGE:0% UP:0% SPREAD:0.06246096% BID:1.601 ASK:1.602 MID:1.6015 P1:1.6015 P2:1.6015 P3:1.6015 P4:1.6015 STATE:IDLE
[2026-05-14 17:59:01Z] CHK MOM:0% RANGE:0% UP:0% SPREAD:0.06246096% BID:1.601 ASK:1.602 MID:1.6015 P1:1.6015 P2:1.6015 P3:1.6015 P4:1.6015 STATE:IDLE
[2026-05-14 17:59:01Z] CHK MOM:0% RANGE:0% UP:0% SPREAD:0.06246096% BID:1.601 ASK:1.602 MID:1.6015 P1:1.6015 P2:1.6015 P3:1.6015 P4:1.6015 STATE:IDLE
[2026-05-14 17:59:02Z] CHK MOM:0% RANGE:0% UP:0% SPREAD:0.06246096% BID:1.601 ASK:1.602 MID:1.6015 P1:1.6015 P2:1.6015 P3:1.6015 P4:1.6015 STATE:IDLE
[2026-05-14 17:59:02Z] CHK MOM:0% RANGE:0% UP:0% SPREAD:0.06246096% BID:1.601 ASK:1.602 MID:1.6015 P1:1.6015 P2:1.6015 P3:1.6015 P4:1.6015 STATE:IDLE
[2026-05-14 17:59:03Z] CHK MOM:0% RANGE:0% UP:0% SPREAD:0.06246096% BID:1.601 ASK:1.602 MID:1.6015 P1:1.6015 P2:1.6015 P3:1.6015 P4:1.6015 STATE:IDLE
[2026-05-14 17:59:03Z] CHK MOM:0% RANGE:0% UP:0% SPREAD:0.06246096% BID:1.601 ASK:1.602 MID:1.6015 P1:1.6015 P2:1.6015 P3:1.6015 P4:1.6015 STATE:IDLE
[2026-05-14 17:59:05Z] CHK MOM:0% RANGE:0% UP:0% SPREAD:0.06246096% BID:1.601 ASK:1.602 MID:1.6015 P1:1.6015 P2:1.6015 P3:1.6015 P4:1.6015 STATE:IDLE
[2026-05-14 17:59:06Z] CHK MOM:-0.03% RANGE:0.03% UP:0% SPREAD:0.125% BID:1.6 ASK:1.602 MID:1.601 P1:1.601 P2:1.6015 P3:1.6015 P4:1.6015 STATE:IDLE
[2026-05-14 17:59:06Z] CHK MOM:-0.03% RANGE:0.03% UP:0% SPREAD:0.125% BID:1.6 ASK:1.602 MID:1.601 P1:1.601 P2:1.601 P3:1.6015 P4:1.6015 STATE:IDLE
[2026-05-14 17:59:07Z] CHK MOM:-0.03% RANGE:0.03% UP:0% SPREAD:0.125% BID:1.6 ASK:1.602 MID:1.601 P1:1.601 P2:1.601 P3:1.6015 P4:1.6015 STATE:IDLE
[2026-05-14 17:59:07Z] CHK MOM:-0.03% RANGE:0.03% UP:0% SPREAD:0.125% BID:1.6 ASK:1.602 MID:1.601 P1:1.601 P2:1.601 P3:1.6015 P4:1.6015 STATE:IDLE
[2026-05-14 17:59:08Z] CHK MOM:-0.03% RANGE:0.03% UP:0% SPREAD:0.125% BID:1.6 ASK:1.602 MID:1.601 P1:1.601 P2:1.601 P3:1.6015 P4:1.6015 STATE:IDLE
[2026-05-14 17:59:08Z] CHK MOM:-0.03% RANGE:0.03% UP:0% SPREAD:0.125% BID:1.6 ASK:1.602 MID:1.601 P1:1.601 P2:1.601 P3:1.601 P4:1.6015 STATE:IDLE
[2026-05-14 17:59:09Z] CHK MOM:-0.03% RANGE:0.03% UP:0% SPREAD:0.125% BID:1.6 ASK:1.602 MID:1.601 P1:1.601 P2:1.601 P3:1.601 P4:1.601 STATE:IDLE
[2026-05-14 17:59:09Z] CHK MOM:-0.03% RANGE:0.03% UP:0% SPREAD:0.125% BID:1.6 ASK:1.602 MID:1.601 P1:1.601 P2:1.601 P3:1.601 P4:1.601 STATE:IDLE
[2026-05-14 17:59:10Z] CHK MOM:-0.03% RANGE:0.03% UP:0% SPREAD:0.125% BID:1.6 ASK:1.602 MID:1.601 P1:1.601 P2:1.601 P3:1.601 P4:1.601 STATE:IDLE
[2026-05-14 17:59:10Z] CHK MOM:-0.03% RANGE:0.03% UP:0% SPREAD:0.125% BID:1.6 ASK:1.602 MID:1.601 P1:1.601 P2:1.601 P3:1.601 P4:1.601 STATE:IDLE
[2026-05-14 17:59:11Z] CHK MOM:-0.03% RANGE:0.03% UP:0% SPREAD:0.125% BID:1.6 ASK:1.602 MID:1.601 P1:1.601 P2:1.601 P3:1.601 P4:1.601 STATE:IDLE
[2026-05-14 17:59:12Z] CHK MOM:0% RANGE:0.03% UP:10% SPREAD:0.06246096% BID:1.601 ASK:1.602 MID:1.6015 P1:1.6015 P2:1.601 P3:1.601 P4:1.601 STATE:IDLE
[2026-05-14 17:59:12Z] CHK MOM:0% RANGE:0.03% UP:10% SPREAD:0.06246096% BID:1.601 ASK:1.602 MID:1.6015 P1:1.6015 P2:1.601 P3:1.601 P4:1.601 STATE:IDLE
[2026-05-14 17:59:13Z] CHK MOM:-0.03% RANGE:0.03% UP:10% SPREAD:0.125% BID:1.6 ASK:1.602 MID:1.601 P1:1.601 P2:1.6015 P3:1.601 P4:1.601 STATE:IDLE
[2026-05-14 17:59:13Z] CHK MOM:-0.03% RANGE:0.03% UP:10% SPREAD:0.125% BID:1.6 ASK:1.602 MID:1.601 P1:1.601 P2:1.6015 P3:1.601 P4:1.601 STATE:IDLE
[2026-05-14 17:59:14Z] CHK MOM:-0.03% RANGE:0.03% UP:10% SPREAD:0.125% BID:1.6 ASK:1.602 MID:1.601 P1:1.601 P2:1.6015 P3:1.601 P4:1.601 STATE:IDLE
[2026-05-14 17:59:14Z] CHK MOM:-0.03% RANGE:0.03% UP:10% SPREAD:0.125% BID:1.6 ASK:1.602 MID:1.601 P1:1.601 P2:1.6015 P3:1.601 P4:1.601 STATE:IDLE
[2026-05-14 17:59:15Z] CHK MOM:-0.03% RANGE:0.03% UP:10% SPREAD:0.125% BID:1.6 ASK:1.602 MID:1.601 P1:1.601 P2:1.601 P3:1.6015 P4:1.601 STATE:IDLE
[2026-05-14 17:59:15Z] CHK MOM:-0.03% RANGE:0.03% UP:10% SPREAD:0.125% BID:1.6 ASK:1.602 MID:1.601 P1:1.601 P2:1.601 P3:1.6015 P4:1.601 STATE:IDLE
[2026-05-14 17:59:16Z] CHK MOM:-0.03% RANGE:0.03% UP:9.09% SPREAD:0.125% BID:1.6 ASK:1.602 MID:1.601 P1:1.601 P2:1.601 P3:1.601 P4:1.6015 STATE:IDLE
[2026-05-14 17:59:16Z] CHK MOM:-0.03% RANGE:0.06% UP:9.09% SPREAD:0.06249999% BID:1.6 ASK:1.601 MID:1.6005 P1:1.6005 P2:1.601 P3:1.601 P4:1.601 STATE:IDLE
[2026-05-14 17:59:17Z] CHK MOM:-0.03% RANGE:0.06% UP:8.33% SPREAD:0.06249999% BID:1.6 ASK:1.601 MID:1.6005 P1:1.6005 P2:1.6005 P3:1.601 P4:1.601 STATE:IDLE
[2026-05-14 17:59:18Z] CHK MOM:-0.03% RANGE:0.06% UP:8.33% SPREAD:0.06249999% BID:1.6 ASK:1.601 MID:1.6005 P1:1.6005 P2:1.6005 P3:1.6005 P4:1.601 STATE:IDLE
[2026-05-14 17:59:18Z] CHK MOM:-0.03% RANGE:0.06% UP:8.33% SPREAD:0.06249999% BID:1.6 ASK:1.601 MID:1.6005 P1:1.6005 P2:1.6005 P3:1.6005 P4:1.601 STATE:IDLE
[2026-05-14 17:59:19Z] CHK MOM:-0.03% RANGE:0.06% UP:8.33% SPREAD:0.06249999% BID:1.6 ASK:1.601 MID:1.6005 P1:1.6005 P2:1.6005 P3:1.6005 P4:1.6005 STATE:IDLE
[2026-05-14 17:59:19Z] CHK MOM:-0.03% RANGE:0.06% UP:8.33% SPREAD:0.06249999% BID:1.6 ASK:1.601 MID:1.6005 P1:1.6005 P2:1.6005 P3:1.6005 P4:1.6005 STATE:IDLE
[2026-05-14 17:59:20Z] CHK MOM:-0.03% RANGE:0.06% UP:8.33% SPREAD:0.06249999% BID:1.6 ASK:1.601 MID:1.6005 P1:1.6005 P2:1.6005 P3:1.6005 P4:1.6005 STATE:IDLE
[2026-05-14 17:59:20Z] CHK MOM:-0.03% RANGE:0.06% UP:7.69% SPREAD:0.06249999% BID:1.6 ASK:1.601 MID:1.6005 P1:1.6005 P2:1.6005 P3:1.6005 P4:1.6005 STATE:IDLE
[2026-05-14 17:59:21Z] CHK MOM:-0.03% RANGE:0.06% UP:8.33% SPREAD:0.06249999% BID:1.6 ASK:1.601 MID:1.6005 P1:1.6005 P2:1.6005 P3:1.6005 P4:1.6005 STATE:IDLE
[2026-05-14 17:59:21Z] CHK MOM:-0.03% RANGE:0.06% UP:7.69% SPREAD:0.06249999% BID:1.6 ASK:1.601 MID:1.6005 P1:1.6005 P2:1.6005 P3:1.6005 P4:1.6005 STATE:IDLE
[2026-05-14 17:59:22Z] CHK MOM:-0.03% RANGE:0.06% UP:8.33% SPREAD:0.06249999% BID:1.6 ASK:1.601 MID:1.6005 P1:1.6005 P2:1.6005 P3:1.6005 P4:1.6005 STATE:IDLE
[2026-05-14 17:59:22Z] CHK MOM:-0.03% RANGE:0.06% UP:8.33% SPREAD:0.06249999% BID:1.6 ASK:1.601 MID:1.6005 P1:1.6005 P2:1.6005 P3:1.6005 P4:1.6005 STATE:IDLE
[2026-05-14 17:59:23Z] CHK MOM:-0.03% RANGE:0.06% UP:8.33% SPREAD:0.06249999% BID:1.6 ASK:1.601 MID:1.6005 P1:1.6005 P2:1.6005 P3:1.6005 P4:1.6005 STATE:IDLE
[2026-05-14 17:59:23Z] CHK MOM:-0.03% RANGE:0.03% UP:0% SPREAD:0.06249999% BID:1.6 ASK:1.601 MID:1.6005 P1:1.6005 P2:1.6005 P3:1.6005 P4:1.6005 STATE:IDLE
[2026-05-14 17:59:24Z] CHK MOM:-0.03% RANGE:0.03% UP:0% SPREAD:0.06249999% BID:1.6 ASK:1.601 MID:1.6005 P1:1.6005 P2:1.6005 P3:1.6005 P4:1.6005 STATE:IDLE
[2026-05-14 17:59:24Z] CHK MOM:-0.03% RANGE:0.03% UP:0% SPREAD:0.06249999% BID:1.6 ASK:1.601 MID:1.6005 P1:1.6005 P2:1.6005 P3:1.6005 P4:1.6005 STATE:IDLE
[2026-05-14 17:59:25Z] CHK MOM:-0.03% RANGE:0.03% UP:0% SPREAD:0.06249999% BID:1.6 ASK:1.601 MID:1.6005 P1:1.6005 P2:1.6005 P3:1.6005 P4:1.6005 STATE:IDLE
[2026-05-14 17:59:25Z] CHK MOM:-0.03% RANGE:0.03% UP:0% SPREAD:0.06249999% BID:1.6 ASK:1.601 MID:1.6005 P1:1.6005 P2:1.6005 P3:1.6005 P4:1.6005 STATE:IDLE
[2026-05-14 17:59:26Z] CHK MOM:-0.03% RANGE:0.03% UP:0% SPREAD:0.06249999% BID:1.6 ASK:1.601 MID:1.6005 P1:1.6005 P2:1.6005 P3:1.6005 P4:1.6005 STATE:IDLE
[2026-05-14 17:59:27Z] CHK MOM:-0.03% RANGE:0.03% UP:0% SPREAD:0.06249999% BID:1.6 ASK:1.601 MID:1.6005 P1:1.6005 P2:1.6005 P3:1.6005 P4:1.6005 STATE:IDLE
[2026-05-14 17:59:27Z] CHK MOM:-0.03% RANGE:0.03% UP:0% SPREAD:0.06249999% BID:1.6 ASK:1.601 MID:1.6005 P1:1.6005 P2:1.6005 P3:1.6005 P4:1.6005 STATE:IDLE
[2026-05-14 17:59:28Z] CHK MOM:-0.03% RANGE:0.03% UP:0% SPREAD:0.06249999% BID:1.6 ASK:1.601 MID:1.6005 P1:1.6005 P2:1.6005 P3:1.6005 P4:1.6005 STATE:IDLE
[2026-05-14 17:59:28Z] CHK MOM:0% RANGE:0% UP:0% SPREAD:0.06249999% BID:1.6 ASK:1.601 MID:1.6005 P1:1.6005 P2:1.6005 P3:1.6005 P4:1.6005 STATE:IDLE
[2026-05-14 17:59:29Z] CHK MOM:0% RANGE:0% UP:0% SPREAD:0.06249999% BID:1.6 ASK:1.601 MID:1.6005 P1:1.6005 P2:1.6005 P3:1.6005 P4:1.6005 STATE:IDLE
[2026-05-14 17:59:29Z] CHK MOM:0% RANGE:0% UP:0% SPREAD:0.06249999% BID:1.6 ASK:1.601 MID:1.6005 P1:1.6005 P2:1.6005 P3:1.6005 P4:1.6005 STATE:IDLE
[2026-05-14 17:59:30Z] CHK MOM:0% RANGE:0% UP:0% SPREAD:0.06249999% BID:1.6 ASK:1.601 MID:1.6005 P1:1.6005 P2:1.6005 P3:1.6005 P4:1.6005 STATE:IDLE
[2026-05-14 17:59:31Z] CHK MOM:0% RANGE:0% UP:0% SPREAD:0.06249999% BID:1.6 ASK:1.601 MID:1.6005 P1:1.6005 P2:1.6005 P3:1.6005 P4:1.6005 STATE:IDLE
[2026-05-14 17:59:31Z] CHK MOM:0% RANGE:0% UP:0% SPREAD:0.06249999% BID:1.6 ASK:1.601 MID:1.6005 P1:1.6005 P2:1.6005 P3:1.6005 P4:1.6005 STATE:IDLE
[2026-05-14 17:59:32Z] CHK MOM:0% RANGE:0% UP:0% SPREAD:0.06249999% BID:1.6 ASK:1.601 MID:1.6005 P1:1.6005 P2:1.6005 P3:1.6005 P4:1.6005 STATE:IDLE
[2026-05-14 17:59:32Z] CHK MOM:0% RANGE:0% UP:0% SPREAD:0.06249999% BID:1.6 ASK:1.601 MID:1.6005 P1:1.6005 P2:1.6005 P3:1.6005 P4:1.6005 STATE:IDLE
[2026-05-14 17:59:33Z] CHK MOM:0% RANGE:0% UP:0% SPREAD:0.06249999% BID:1.6 ASK:1.601 MID:1.6005 P1:1.6005 P2:1.6005 P3:1.6005 P4:1.6005 STATE:IDLE
[2026-05-14 17:59:33Z] CHK MOM:0% RANGE:0% UP:0% SPREAD:0.06249999% BID:1.6 ASK:1.601 MID:1.6005 P1:1.6005 P2:1.6005 P3:1.6005 P4:1.6005 STATE:IDLE
[2026-05-14 17:59:34Z] CHK MOM:0% RANGE:0% UP:0% SPREAD:0.06249999% BID:1.6 ASK:1.601 MID:1.6005 P1:1.6005 P2:1.6005 P3:1.6005 P4:1.6005 STATE:IDLE
[2026-05-14 17:59:34Z] CHK MOM:0% RANGE:0% UP:0% SPREAD:0.06249999% BID:1.6 ASK:1.601 MID:1.6005 P1:1.6005 P2:1.6005 P3:1.6005 P4:1.6005 STATE:IDLE
[2026-05-14 17:59:35Z] CHK MOM:0% RANGE:0% UP:0% SPREAD:0.06249999% BID:1.6 ASK:1.601 MID:1.6005 P1:1.6005 P2:1.6005 P3:1.6005 P4:1.6005 STATE:IDLE
[2026-05-14 17:59:35Z] CHK MOM:0% RANGE:0% UP:0% SPREAD:0.06249999% BID:1.6 ASK:1.601 MID:1.6005 P1:1.6005 P2:1.6005 P3:1.6005 P4:1.6005 STATE:IDLE
[2026-05-14 17:59:36Z] CHK MOM:0% RANGE:0% UP:0% SPREAD:0.06249999% BID:1.6 ASK:1.601 MID:1.6005 P1:1.6005 P2:1.6005 P3:1.6005 P4:1.6005 STATE:IDLE
[2026-05-14 17:59:37Z] CHK MOM:0% RANGE:0% UP:0% SPREAD:0.06249999% BID:1.6 ASK:1.601 MID:1.6005 P1:1.6005 P2:1.6005 P3:1.6005 P4:1.6005 STATE:IDLE
[2026-05-14 17:59:37Z] CHK MOM:0% RANGE:0% UP:0% SPREAD:0.06249999% BID:1.6 ASK:1.601 MID:1.6005 P1:1.6005 P2:1.6005 P3:1.6005 P4:1.6005 STATE:IDLE
[2026-05-14 17:59:38Z] CHK MOM:0% RANGE:0% UP:0% SPREAD:0.06249999% BID:1.6 ASK:1.601 MID:1.6005 P1:1.6005 P2:1.6005 P3:1.6005 P4:1.6005 STATE:IDLE
[2026-05-14 17:59:38Z] CHK MOM:0% RANGE:0% UP:0% SPREAD:0.06249999% BID:1.6 ASK:1.601 MID:1.6005 P1:1.6005 P2:1.6005 P3:1.6005 P4:1.6005 STATE:IDLE
[2026-05-14 17:59:39Z] CHK MOM:0% RANGE:0% UP:0% SPREAD:0.06249999% BID:1.6 ASK:1.601 MID:1.6005 P1:1.6005 P2:1.6005 P3:1.6005 P4:1.6005 STATE:IDLE
[2026-05-14 17:59:39Z] CHK MOM:0% RANGE:0% UP:0% SPREAD:0.06249999% BID:1.6 ASK:1.601 MID:1.6005 P1:1.6005 P2:1.6005 P3:1.6005 P4:1.6005 STATE:IDLE
[2026-05-14 17:59:40Z] CHK MOM:0% RANGE:0% UP:0% SPREAD:0.06249999% BID:1.6 ASK:1.601 MID:1.6005 P1:1.6005 P2:1.6005 P3:1.6005 P4:1.6005 STATE:IDLE
[2026-05-14 17:59:40Z] CHK MOM:0% RANGE:0% UP:0% SPREAD:0.06249999% BID:1.6 ASK:1.601 MID:1.6005 P1:1.6005 P2:1.6005 P3:1.6005 P4:1.6005 STATE:IDLE
[2026-05-14 17:59:41Z] CHK MOM:0% RANGE:0% UP:0% SPREAD:0.06249999% BID:1.6 ASK:1.601 MID:1.6005 P1:1.6005 P2:1.6005 P3:1.6005 P4:1.6005 STATE:IDLE
[2026-05-14 17:59:42Z] CHK MOM:0% RANGE:0% UP:0% SPREAD:0.06249999% BID:1.6 ASK:1.601 MID:1.6005 P1:1.6005 P2:1.6005 P3:1.6005 P4:1.6005 STATE:IDLE
[2026-05-14 17:59:43Z] CHK MOM:0% RANGE:0% UP:0% SPREAD:0.06249999% BID:1.6 ASK:1.601 MID:1.6005 P1:1.6005 P2:1.6005 P3:1.6005 P4:1.6005 STATE:IDLE
[2026-05-14 17:59:43Z] CHK MOM:0% RANGE:0% UP:0% SPREAD:0.06249999% BID:1.6 ASK:1.601 MID:1.6005 P1:1.6005 P2:1.6005 P3:1.6005 P4:1.6005 STATE:IDLE
[2026-05-14 17:59:44Z] CHK MOM:0% RANGE:0% UP:0% SPREAD:0.06249999% BID:1.6 ASK:1.601 MID:1.6005 P1:1.6005 P2:1.6005 P3:1.6005 P4:1.6005 STATE:IDLE
[2026-05-14 17:59:44Z] CHK MOM:0% RANGE:0% UP:0% SPREAD:0.06249999% BID:1.6 ASK:1.601 MID:1.6005 P1:1.6005 P2:1.6005 P3:1.6005 P4:1.6005 STATE:IDLE
[2026-05-14 17:59:45Z] CHK MOM:0% RANGE:0% UP:0% SPREAD:0.06249999% BID:1.6 ASK:1.601 MID:1.6005 P1:1.6005 P2:1.6005 P3:1.6005 P4:1.6005 STATE:IDLE
[2026-05-14 17:59:45Z] CHK MOM:0% RANGE:0% UP:0% SPREAD:0.06249999% BID:1.6 ASK:1.601 MID:1.6005 P1:1.6005 P2:1.6005 P3:1.6005 P4:1.6005 STATE:IDLE
[2026-05-14 17:59:46Z] CHK MOM:0% RANGE:0% UP:0% SPREAD:0.06249999% BID:1.6 ASK:1.601 MID:1.6005 P1:1.6005 P2:1.6005 P3:1.6005 P4:1.6005 STATE:IDLE
[2026-05-14 17:59:46Z] CHK MOM:0% RANGE:0% UP:0% SPREAD:0.06249999% BID:1.6 ASK:1.601 MID:1.6005 P1:1.6005 P2:1.6005 P3:1.6005 P4:1.6005 STATE:IDLE
[2026-05-14 17:59:47Z] CHK MOM:0% RANGE:0% UP:0% SPREAD:0.06249999% BID:1.6 ASK:1.601 MID:1.6005 P1:1.6005 P2:1.6005 P3:1.6005 P4:1.6005 STATE:IDLE
[2026-05-14 17:59:48Z] CHK MOM:0% RANGE:0% UP:0% SPREAD:0.06249999% BID:1.6 ASK:1.601 MID:1.6005 P1:1.6005 P2:1.6005 P3:1.6005 P4:1.6005 STATE:IDLE
[2026-05-14 17:59:48Z] CHK MOM:0% RANGE:0% UP:0% SPREAD:0.06249999% BID:1.6 ASK:1.601 MID:1.6005 P1:1.6005 P2:1.6005 P3:1.6005 P4:1.6005 STATE:IDLE
[2026-05-14 17:59:49Z] CHK MOM:0% RANGE:0% UP:0% SPREAD:0.06249999% BID:1.6 ASK:1.601 MID:1.6005 P1:1.6005 P2:1.6005 P3:1.6005 P4:1.6005 STATE:IDLE
[2026-05-14 17:59:49Z] CHK MOM:0% RANGE:0% UP:0% SPREAD:0.06249999% BID:1.6 ASK:1.601 MID:1.6005 P1:1.6005 P2:1.6005 P3:1.6005 P4:1.6005 STATE:IDLE
[2026-05-14 17:59:50Z] CHK MOM:0% RANGE:0% UP:0% SPREAD:0.06249999% BID:1.6 ASK:1.601 MID:1.6005 P1:1.6005 P2:1.6005 P3:1.6005 P4:1.6005 STATE:IDLE
[2026-05-14 17:59:50Z] CHK MOM:0% RANGE:0% UP:0% SPREAD:0.06249999% BID:1.6 ASK:1.601 MID:1.6005 P1:1.6005 P2:1.6005 P3:1.6005 P4:1.6005 STATE:IDLE
[2026-05-14 17:59:51Z] CHK MOM:0% RANGE:0% UP:0% SPREAD:0.06249999% BID:1.6 ASK:1.601 MID:1.6005 P1:1.6005 P2:1.6005 P3:1.6005 P4:1.6005 STATE:IDLE
[2026-05-14 17:59:51Z] CHK MOM:0% RANGE:0% UP:0% SPREAD:0.06249999% BID:1.6 ASK:1.601 MID:1.6005 P1:1.6005 P2:1.6005 P3:1.6005 P4:1.6005 STATE:IDLE
[2026-05-14 17:59:52Z] CHK MOM:0% RANGE:0% UP:0% SPREAD:0.06249999% BID:1.6 ASK:1.601 MID:1.6005 P1:1.6005 P2:1.6005 P3:1.6005 P4:1.6005 STATE:IDLE
[2026-05-14 17:59:53Z] CHK MOM:0% RANGE:0% UP:0% SPREAD:0.06249999% BID:1.6 ASK:1.601 MID:1.6005 P1:1.6005 P2:1.6005 P3:1.6005 P4:1.6005 STATE:IDLE
[2026-05-14 17:59:53Z] CHK MOM:0% RANGE:0% UP:0% SPREAD:0.06249999% BID:1.6 ASK:1.601 MID:1.6005 P1:1.6005 P2:1.6005 P3:1.6005 P4:1.6005 STATE:IDLE
[2026-05-14 17:59:54Z] CHK MOM:0% RANGE:0% UP:0% SPREAD:0.06249999% BID:1.6 ASK:1.601 MID:1.6005 P1:1.6005 P2:1.6005 P3:1.6005 P4:1.6005 STATE:IDLE
[2026-05-14 17:59:54Z] CHK MOM:0% RANGE:0% UP:0% SPREAD:0.06249999% BID:1.6 ASK:1.601 MID:1.6005 P1:1.6005 P2:1.6005 P3:1.6005 P4:1.6005 STATE:IDLE
[2026-05-14 17:59:57Z] CHK MOM:0% RANGE:0% UP:0% SPREAD:0.06249999% BID:1.6 ASK:1.601 MID:1.6005 P1:1.6005 P2:1.6005 P3:1.6005 P4:1.6005 STATE:IDLE
[2026-05-14 17:59:58Z] CHK MOM:0% RANGE:0% UP:0% SPREAD:0.06249999% BID:1.6 ASK:1.601 MID:1.6005 P1:1.6005 P2:1.6005 P3:1.6005 P4:1.6005 STATE:IDLE
[2026-05-14 17:59:58Z] CHK MOM:0% RANGE:0% UP:0% SPREAD:0.06249999% BID:1.6 ASK:1.601 MID:1.6005 P1:1.6005 P2:1.6005 P3:1.6005 P4:1.6005 STATE:IDLE
[2026-05-14 17:59:59Z] CHK MOM:0% RANGE:0% UP:0% SPREAD:0.06249999% BID:1.6 ASK:1.601 MID:1.6005 P1:1.6005 P2:1.6005 P3:1.6005 P4:1.6005 STATE:IDLE
[2026-05-14 17:59:59Z] CHK MOM:0% RANGE:0% UP:0% SPREAD:0.06249999% BID:1.6 ASK:1.601 MID:1.6005 P1:1.6005 P2:1.6005 P3:1.6005 P4:1.6005 STATE:IDLE
[2026-05-14 18:00:00Z] CHK MOM:-0.06% RANGE:0.06% UP:0% SPREAD:0.06253908% BID:1.599 ASK:1.6 MID:1.5995 P1:1.5995 P2:1.6005 P3:1.6005 P4:1.6005 STATE:IDLE
[2026-05-14 18:00:00Z] CHK MOM:-0.06% RANGE:0.06% UP:0% SPREAD:0.06253908% BID:1.599 ASK:1.6 MID:1.5995 P1:1.5995 P2:1.5995 P3:1.6005 P4:1.6005 STATE:IDLE
[2026-05-14 18:00:01Z] CHK MOM:-0.06% RANGE:0.06% UP:0% SPREAD:0.06253908% BID:1.599 ASK:1.6 MID:1.5995 P1:1.5995 P2:1.5995 P3:1.5995 P4:1.6005 STATE:IDLE
[2026-05-14 18:00:01Z] CHK MOM:0% RANGE:0.06% UP:14.28% SPREAD:0.06249999% BID:1.6 ASK:1.601 MID:1.6005 P1:1.6005 P2:1.5995 P3:1.5995 P4:1.5995 STATE:IDLE
[2026-05-14 18:00:02Z] CHK MOM:0% RANGE:0.06% UP:14.28% SPREAD:0.06249999% BID:1.6 ASK:1.601 MID:1.6005 P1:1.6005 P2:1.5995 P3:1.5995 P4:1.5995 STATE:IDLE
[2026-05-14 18:00:02Z] CHK MOM:0% RANGE:0.06% UP:12.5% SPREAD:0.06249999% BID:1.6 ASK:1.601 MID:1.6005 P1:1.6005 P2:1.6005 P3:1.5995 P4:1.5995 STATE:IDLE
[2026-05-14 18:00:03Z] CHK MOM:0% RANGE:0.06% UP:12.5% SPREAD:0.06249999% BID:1.6 ASK:1.601 MID:1.6005 P1:1.6005 P2:1.6005 P3:1.5995 P4:1.5995 STATE:IDLE
[2026-05-14 18:00:04Z] CHK MOM:0% RANGE:0.06% UP:11.11% SPREAD:0.06249999% BID:1.6 ASK:1.601 MID:1.6005 P1:1.6005 P2:1.6005 P3:1.6005 P4:1.5995 STATE:IDLE
[2026-05-14 18:00:04Z] CHK MOM:-0.06% RANGE:0.06% UP:11.11% SPREAD:0.06253908% BID:1.599 ASK:1.6 MID:1.5995 P1:1.5995 P2:1.6005 P3:1.6005 P4:1.6005 STATE:IDLE
[2026-05-14 18:00:05Z] CHK MOM:-0.06% RANGE:0.06% UP:10% SPREAD:0.06253908% BID:1.599 ASK:1.6 MID:1.5995 P1:1.5995 P2:1.5995 P3:1.6005 P4:1.6005 STATE:IDLE
[2026-05-14 18:00:05Z] CHK MOM:0% RANGE:0.06% UP:18.18% SPREAD:0.06249999% BID:1.6 ASK:1.601 MID:1.6005 P1:1.6005 P2:1.5995 P3:1.5995 P4:1.6005 STATE:IDLE
[2026-05-14 18:00:06Z] CHK MOM:0% RANGE:0.06% UP:16.66% SPREAD:0.06249999% BID:1.6 ASK:1.601 MID:1.6005 P1:1.6005 P2:1.6005 P3:1.5995 P4:1.5995 STATE:IDLE
[2026-05-14 18:00:06Z] CHK MOM:0% RANGE:0.06% UP:16.66% SPREAD:0.06249999% BID:1.6 ASK:1.601 MID:1.6005 P1:1.6005 P2:1.6005 P3:1.5995 P4:1.5995 STATE:IDLE
[2026-05-14 18:00:07Z] CHK MOM:0% RANGE:0.06% UP:15.38% SPREAD:0.06249999% BID:1.6 ASK:1.601 MID:1.6005 P1:1.6005 P2:1.6005 P3:1.6005 P4:1.5995 STATE:IDLE
[2026-05-14 18:00:07Z] CHK MOM:0.06% RANGE:0.12% UP:21.42% SPREAD:0.06246096% BID:1.601 ASK:1.602 MID:1.6015 P1:1.6015 P2:1.6005 P3:1.6005 P4:1.6005 STATE:IDLE
[2026-05-14 18:00:08Z] CHK MOM:0.06% RANGE:0.12% UP:21.42% SPREAD:0.06246096% BID:1.601 ASK:1.602 MID:1.6015 P1:1.6015 P2:1.6005 P3:1.6005 P4:1.6005 STATE:IDLE
[2026-05-14 18:00:09Z] CHK MOM:0.06% RANGE:0.12% UP:21.42% SPREAD:0.06246096% BID:1.601 ASK:1.602 MID:1.6015 P1:1.6015 P2:1.6005 P3:1.6005 P4:1.6005 STATE:IDLE
[2026-05-14 18:00:09Z] CHK MOM:0.06% RANGE:0.12% UP:21.42% SPREAD:0.06246096% BID:1.601 ASK:1.602 MID:1.6015 P1:1.6015 P2:1.6005 P3:1.6005 P4:1.6005 STATE:IDLE
[2026-05-14 18:00:10Z] CHK MOM:0.06% RANGE:0.12% UP:21.42% SPREAD:0.06246096% BID:1.601 ASK:1.602 MID:1.6015 P1:1.6015 P2:1.6015 P3:1.6005 P4:1.6005 STATE:IDLE
[2026-05-14 18:00:10Z] CHK MOM:0.06% RANGE:0.12% UP:21.42% SPREAD:0.06246096% BID:1.601 ASK:1.602 MID:1.6015 P1:1.6015 P2:1.6015 P3:1.6005 P4:1.6005 STATE:IDLE
[2026-05-14 18:00:11Z] CHK MOM:0.12% RANGE:0.12% UP:23.07% SPREAD:0.06246096% BID:1.601 ASK:1.602 MID:1.6015 P1:1.6015 P2:1.6015 P3:1.6015 P4:1.6005 STATE:IDLE
[2026-05-14 18:00:11Z] CHK MOM:0.06% RANGE:0.12% UP:21.42% SPREAD:0.06249999% BID:1.6 ASK:1.601 MID:1.6005 P1:1.6005 P2:1.6015 P3:1.6015 P4:1.6015 STATE:IDLE
[2026-05-14 18:00:12Z] CHK MOM:0.06% RANGE:0.12% UP:20% SPREAD:0.06249999% BID:1.6 ASK:1.601 MID:1.6005 P1:1.6005 P2:1.6005 P3:1.6015 P4:1.6015 STATE:IDLE
[2026-05-14 18:00:12Z] CHK MOM:0.06% RANGE:0.12% UP:20% SPREAD:0.06249999% BID:1.6 ASK:1.601 MID:1.6005 P1:1.6005 P2:1.6005 P3:1.6005 P4:1.6015 STATE:IDLE
[2026-05-14 18:00:13Z] CHK MOM:0.06% RANGE:0.12% UP:21.42% SPREAD:0.06246096% BID:1.601 ASK:1.602 MID:1.6015 P1:1.6015 P2:1.6005 P3:1.6005 P4:1.6005 STATE:IDLE
[2026-05-14 18:00:13Z] CHK MOM:0.06% RANGE:0.12% UP:21.42% SPREAD:0.06246096% BID:1.601 ASK:1.602 MID:1.6015 P1:1.6015 P2:1.6005 P3:1.6005 P4:1.6005 STATE:IDLE
[2026-05-14 18:00:14Z] CHK MOM:0.06% RANGE:0.12% UP:21.42% SPREAD:0.06246096% BID:1.601 ASK:1.602 MID:1.6015 P1:1.6015 P2:1.6005 P3:1.6005 P4:1.6005 STATE:IDLE
[2026-05-14 18:00:15Z] CHK MOM:0% RANGE:0.12% UP:23.07% SPREAD:0.06249999% BID:1.6 ASK:1.601 MID:1.6005 P1:1.6005 P2:1.6015 P3:1.6005 P4:1.6005 STATE:IDLE
[2026-05-14 18:00:15Z] CHK MOM:0% RANGE:0.12% UP:23.07% SPREAD:0.06249999% BID:1.6 ASK:1.601 MID:1.6005 P1:1.6005 P2:1.6015 P3:1.6005 P4:1.6005 STATE:IDLE
[2026-05-14 18:00:16Z] CHK MOM:0% RANGE:0.12% UP:23.07% SPREAD:0.06249999% BID:1.6 ASK:1.601 MID:1.6005 P1:1.6005 P2:1.6015 P3:1.6005 P4:1.6005 STATE:IDLE
[2026-05-14 18:00:16Z] CHK MOM:0% RANGE:0.12% UP:23.07% SPREAD:0.06249999% BID:1.6 ASK:1.601 MID:1.6005 P1:1.6005 P2:1.6015 P3:1.6005 P4:1.6005 STATE:IDLE
[2026-05-14 18:00:17Z] CHK MOM:0% RANGE:0.12% UP:23.07% SPREAD:0.06249999% BID:1.6 ASK:1.601 MID:1.6005 P1:1.6005 P2:1.6015 P3:1.6005 P4:1.6005 STATE:IDLE
[2026-05-14 18:00:17Z] CHK MOM:0.06% RANGE:0.06% UP:30% SPREAD:0.06246096% BID:1.601 ASK:1.602 MID:1.6015 P1:1.6015 P2:1.6005 P3:1.6015 P4:1.6005 STATE:IDLE
[2026-05-14 18:00:18Z] CHK MOM:0.06% RANGE:0.06% UP:30% SPREAD:0.06246096% BID:1.601 ASK:1.602 MID:1.6015 P1:1.6015 P2:1.6015 P3:1.6005 P4:1.6015 STATE:IDLE
[2026-05-14 18:00:18Z] CHK MOM:0.06% RANGE:0.06% UP:27.27% SPREAD:0.06246096% BID:1.601 ASK:1.602 MID:1.6015 P1:1.6015 P2:1.6015 P3:1.6015 P4:1.6005 STATE:IDLE
[2026-05-14 18:00:19Z] CHK MOM:-0.03% RANGE:0.06% UP:18.18% SPREAD:0.125% BID:1.6 ASK:1.602 MID:1.601 P1:1.601 P2:1.6015 P3:1.6015 P4:1.6015 STATE:IDLE
[2026-05-14 18:00:20Z] CHK MOM:-0.03% RANGE:0.06% UP:18.18% SPREAD:0.125% BID:1.6 ASK:1.602 MID:1.601 P1:1.601 P2:1.6015 P3:1.6015 P4:1.6015 STATE:IDLE
[2026-05-14 18:00:20Z] CHK MOM:-0.03% RANGE:0.06% UP:18.18% SPREAD:0.125% BID:1.6 ASK:1.602 MID:1.601 P1:1.601 P2:1.6015 P3:1.6015 P4:1.6015 STATE:IDLE
[2026-05-14 18:00:21Z] CHK MOM:-0.06% RANGE:0.06% UP:18.18% SPREAD:0.06249999% BID:1.6 ASK:1.601 MID:1.6005 P1:1.6005 P2:1.601 P3:1.6015 P4:1.6015 STATE:IDLE
[2026-05-14 18:00:21Z] CHK MOM:-0.06% RANGE:0.06% UP:18.18% SPREAD:0.06249999% BID:1.6 ASK:1.601 MID:1.6005 P1:1.6005 P2:1.601 P3:1.6015 P4:1.6015 STATE:IDLE
[2026-05-14 18:00:22Z] CHK MOM:-0.06% RANGE:0.06% UP:18.18% SPREAD:0.06249999% BID:1.6 ASK:1.601 MID:1.6005 P1:1.6005 P2:1.6005 P3:1.601 P4:1.6015 STATE:IDLE
[2026-05-14 18:00:22Z] CHK MOM:-0.06% RANGE:0.06% UP:18.18% SPREAD:0.06249999% BID:1.6 ASK:1.601 MID:1.6005 P1:1.6005 P2:1.6005 P3:1.601 P4:1.6015 STATE:IDLE
[2026-05-14 18:00:23Z] CHK MOM:-0.09% RANGE:0.09% UP:16.66% SPREAD:0.12507817% BID:1.599 ASK:1.601 MID:1.6 P1:1.6 P2:1.6005 P3:1.6005 P4:1.601 STATE:IDLE
[2026-05-14 18:00:23Z] CHK MOM:-0.03% RANGE:0.09% UP:16.66% SPREAD:0.12507817% BID:1.599 ASK:1.601 MID:1.6 P1:1.6 P2:1.6 P3:1.6005 P4:1.6005 STATE:IDLE
[2026-05-14 18:00:24Z] CHK MOM:-0.03% RANGE:0.09% UP:16.66% SPREAD:0.12507817% BID:1.599 ASK:1.601 MID:1.6 P1:1.6 P2:1.6 P3:1.6005 P4:1.6005 STATE:IDLE
[2026-05-14 18:00:24Z] CHK MOM:-0.09% RANGE:0.09% UP:10% SPREAD:0.12507817% BID:1.599 ASK:1.601 MID:1.6 P1:1.6 P2:1.6 P3:1.6 P4:1.6005 STATE:IDLE
[2026-05-14 18:00:25Z] CHK MOM:-0.06% RANGE:0.09% UP:18.18% SPREAD:0.06249999% BID:1.6 ASK:1.601 MID:1.6005 P1:1.6005 P2:1.6 P3:1.6 P4:1.6 STATE:IDLE
[2026-05-14 18:00:26Z] CHK MOM:-0.06% RANGE:0.09% UP:18.18% SPREAD:0.06249999% BID:1.6 ASK:1.601 MID:1.6005 P1:1.6005 P2:1.6 P3:1.6 P4:1.6 STATE:IDLE
[2026-05-14 18:00:26Z] CHK MOM:-0.03% RANGE:0.09% UP:18.18% SPREAD:0.12507817% BID:1.599 ASK:1.601 MID:1.6 P1:1.6 P2:1.6005 P3:1.6 P4:1.6 STATE:IDLE
[2026-05-14 18:00:27Z] CHK MOM:-0.03% RANGE:0.09% UP:16.66% SPREAD:0.12507817% BID:1.599 ASK:1.601 MID:1.6 P1:1.6 P2:1.6 P3:1.6005 P4:1.6 STATE:IDLE
[2026-05-14 18:00:27Z] CHK MOM:-0.03% RANGE:0.09% UP:16.66% SPREAD:0.12507817% BID:1.599 ASK:1.601 MID:1.6 P1:1.6 P2:1.6 P3:1.6005 P4:1.6 STATE:IDLE
[2026-05-14 18:00:28Z] CHK MOM:-0.03% RANGE:0.09% UP:16.66% SPREAD:0.12507817% BID:1.599 ASK:1.601 MID:1.6 P1:1.6 P2:1.6 P3:1.6005 P4:1.6 STATE:IDLE
[2026-05-14 18:00:28Z] CHK MOM:-0.03% RANGE:0.09% UP:16.66% SPREAD:0.12507817% BID:1.599 ASK:1.601 MID:1.6 P1:1.6 P2:1.6 P3:1.6005 P4:1.6 STATE:IDLE
[2026-05-14 18:00:29Z] CHK MOM:-0.03% RANGE:0.09% UP:16.66% SPREAD:0.12507817% BID:1.599 ASK:1.601 MID:1.6 P1:1.6 P2:1.6 P3:1.6005 P4:1.6 STATE:IDLE
[2026-05-14 18:00:29Z] CHK MOM:-0.03% RANGE:0.09% UP:16.66% SPREAD:0.12507817% BID:1.599 ASK:1.601 MID:1.6 P1:1.6 P2:1.6 P3:1.6005 P4:1.6 STATE:IDLE
