[2026-05-14 17:54:23Z] SESSION_START symbol=ONDOUSDC dry_run=0 profile=major strategy=momentum base_url=https://api.binance.com
[2026-05-14 17:54:23Z] TOXIC_MEMORY_LOADED count=5 symbols=GUNUSDC,JTOUSDC,ORDIUSDC,SAHARAUSDC,TONUSDC
[2026-05-14 17:54:25Z] CHK MOM:0% RANGE:0% UP:0% SPREAD:0.02497502% BID:0.4004 ASK:0.4005 MID:0.40045 P1:0.40045 P2:NA P3:NA P4:NA STATE:IDLE
[2026-05-14 17:54:25Z] CHK MOM:0% RANGE:0% UP:0% SPREAD:0.02497502% BID:0.4004 ASK:0.4005 MID:0.40045 P1:0.40045 P2:0.40045 P3:NA P4:NA STATE:IDLE
[2026-05-14 17:54:26Z] CHK MOM:0% RANGE:0% UP:0% SPREAD:0.02497502% BID:0.4004 ASK:0.4005 MID:0.40045 P1:0.40045 P2:0.40045 P3:NA P4:NA STATE:IDLE
[2026-05-14 17:54:26Z] CHK MOM:0% RANGE:0% UP:0% SPREAD:0.02497502% BID:0.4004 ASK:0.4005 MID:0.40045 P1:0.40045 P2:0.40045 P3:NA P4:NA STATE:IDLE
[2026-05-14 17:54:27Z] CHK MOM:0.01% RANGE:0.01% UP:50% SPREAD:0.04995004% BID:0.4004 ASK:0.4006 MID:0.40049999 P1:0.40049999 P2:0.40045 P3:0.40045 P4:NA STATE:IDLE
[2026-05-14 17:54:27Z] CHK MOM:0.01% RANGE:0.01% UP:50% SPREAD:0.04995004% BID:0.4004 ASK:0.4006 MID:0.40049999 P1:0.40049999 P2:0.40045 P3:0.40045 P4:NA STATE:IDLE
[2026-05-14 17:54:28Z] CHK MOM:0.01% RANGE:0.01% UP:50% SPREAD:0.04995004% BID:0.4004 ASK:0.4006 MID:0.40049999 P1:0.40049999 P2:0.40045 P3:0.40045 P4:NA STATE:IDLE
[2026-05-14 17:54:28Z] CHK MOM:0.01% RANGE:0.01% UP:50% SPREAD:0.04995004% BID:0.4004 ASK:0.4006 MID:0.40049999 P1:0.40049999 P2:0.40045 P3:0.40045 P4:NA STATE:IDLE
[2026-05-14 17:54:29Z] CHK MOM:0.02% RANGE:0.02% UP:66.66% SPREAD:0.02496878% BID:0.4005 ASK:0.4006 MID:0.40055 P1:0.40055 P2:0.40049999 P3:0.40045 P4:0.40045 STATE:IDLE
[2026-05-14 17:54:30Z] CHK MOM:0.02% RANGE:0.02% UP:50% SPREAD:0.02496878% BID:0.4005 ASK:0.4006 MID:0.40055 P1:0.40055 P2:0.40055 P3:0.40049999 P4:0.40045 STATE:IDLE
[2026-05-14 17:54:30Z] CHK MOM:0.03% RANGE:0.03% UP:60% SPREAD:0.04993757% BID:0.4005 ASK:0.4007 MID:0.4006 P1:0.4006 P2:0.40055 P3:0.40055 P4:0.40049999 STATE:IDLE
[2026-05-14 17:54:31Z] CHK MOM:0.03% RANGE:0.03% UP:60% SPREAD:0.04993757% BID:0.4005 ASK:0.4007 MID:0.4006 P1:0.4006 P2:0.40055 P3:0.40055 P4:0.40049999 STATE:IDLE
[2026-05-14 17:54:31Z] CHK MOM:0.04% RANGE:0.04% UP:66.66% SPREAD:0.02496255% BID:0.4006 ASK:0.4007 MID:0.40065 P1:0.40065 P2:0.4006 P3:0.40055 P4:0.40055 STATE:IDLE
[2026-05-14 17:54:32Z] CHK MOM:0.04% RANGE:0.04% UP:66.66% SPREAD:0.02496255% BID:0.4006 ASK:0.4007 MID:0.40065 P1:0.40065 P2:0.4006 P3:0.40055 P4:0.40055 STATE:IDLE
[2026-05-14 17:54:32Z] CHK MOM:0.04% RANGE:0.04% UP:66.66% SPREAD:0.02496255% BID:0.4006 ASK:0.4007 MID:0.40065 P1:0.40065 P2:0.4006 P3:0.40055 P4:0.40055 STATE:IDLE
[2026-05-14 17:54:33Z] CHK MOM:0.07% RANGE:0.07% UP:71.42% SPREAD:0.02495632% BID:0.4007 ASK:0.4008 MID:0.40075 P1:0.40075 P2:0.40065 P3:0.4006 P4:0.40055 STATE:IDLE
[2026-05-14 17:54:33Z] CHK MOM:0.07% RANGE:0.07% UP:71.42% SPREAD:0.02495632% BID:0.4007 ASK:0.4008 MID:0.40075 P1:0.40075 P2:0.40065 P3:0.4006 P4:0.40055 STATE:IDLE
[2026-05-14 17:54:34Z] CHK MOM:0.06% RANGE:0.07% UP:62.5% SPREAD:0.04992511% BID:0.4006 ASK:0.4008 MID:0.4007 P1:0.4007 P2:0.40075 P3:0.40065 P4:0.4006 STATE:IDLE
[2026-05-14 17:54:34Z] CHK MOM:0.06% RANGE:0.07% UP:62.5% SPREAD:0.04992511% BID:0.4006 ASK:0.4008 MID:0.4007 P1:0.4007 P2:0.40075 P3:0.40065 P4:0.4006 STATE:IDLE
[2026-05-14 17:54:36Z] CHK MOM:0.06% RANGE:0.07% UP:62.5% SPREAD:0.04992511% BID:0.4006 ASK:0.4008 MID:0.4007 P1:0.4007 P2:0.40075 P3:0.40065 P4:0.4006 STATE:IDLE
[2026-05-14 17:54:36Z] CHK MOM:0.06% RANGE:0.07% UP:62.5% SPREAD:0.04992511% BID:0.4006 ASK:0.4008 MID:0.4007 P1:0.4007 P2:0.40075 P3:0.40065 P4:0.4006 STATE:IDLE
[2026-05-14 17:54:37Z] CHK MOM:-0.01% RANGE:0.07% UP:57.14% SPREAD:0.02497502% BID:0.4004 ASK:0.4005 MID:0.40045 P1:0.40045 P2:0.4007 P3:0.40075 P4:0.40065 STATE:IDLE
[2026-05-14 17:54:37Z] CHK MOM:-0.01% RANGE:0.07% UP:57.14% SPREAD:0.02497502% BID:0.4004 ASK:0.4005 MID:0.40045 P1:0.40045 P2:0.4007 P3:0.40075 P4:0.40065 STATE:IDLE
[2026-05-14 17:54:38Z] CHK MOM:0.01% RANGE:0.07% UP:62.5% SPREAD:0.02496878% BID:0.4005 ASK:0.4006 MID:0.40055 P1:0.40055 P2:0.40045 P3:0.4007 P4:0.40075 STATE:IDLE
[2026-05-14 17:54:38Z] CHK MOM:0.01% RANGE:0.07% UP:55.55% SPREAD:0.02496878% BID:0.4005 ASK:0.4006 MID:0.40055 P1:0.40055 P2:0.40055 P3:0.40045 P4:0.4007 STATE:IDLE
[2026-05-14 17:54:39Z] CHK MOM:0.01% RANGE:0.07% UP:55.55% SPREAD:0.02496878% BID:0.4005 ASK:0.4006 MID:0.40055 P1:0.40055 P2:0.40055 P3:0.40045 P4:0.4007 STATE:IDLE
[2026-05-14 17:54:39Z] CHK MOM:0.01% RANGE:0.07% UP:55.55% SPREAD:0.02496878% BID:0.4005 ASK:0.4006 MID:0.40055 P1:0.40055 P2:0.40055 P3:0.40045 P4:0.4007 STATE:IDLE
[2026-05-14 17:54:40Z] CHK MOM:0.01% RANGE:0.07% UP:55.55% SPREAD:0.02496878% BID:0.4005 ASK:0.4006 MID:0.40055 P1:0.40055 P2:0.40055 P3:0.40045 P4:0.4007 STATE:IDLE
[2026-05-14 17:54:41Z] CHK MOM:0.02% RANGE:0.07% UP:55.55% SPREAD:0.02496255% BID:0.4006 ASK:0.4007 MID:0.40065 P1:0.40065 P2:0.40055 P3:0.40055 P4:0.40045 STATE:IDLE
[2026-05-14 17:54:41Z] CHK MOM:-0.01% RANGE:0.07% UP:55.55% SPREAD:0.04995004% BID:0.4004 ASK:0.4006 MID:0.40049999 P1:0.40049999 P2:0.40065 P3:0.40055 P4:0.40055 STATE:IDLE
[2026-05-14 17:54:42Z] CHK MOM:-0.06% RANGE:0.09% UP:44.44% SPREAD:0.02498126% BID:0.4003 ASK:0.4004 MID:0.40035 P1:0.40035 P2:0.40049999 P3:0.40065 P4:0.40055 STATE:IDLE
[2026-05-14 17:54:42Z] CHK MOM:-0.06% RANGE:0.09% UP:40% SPREAD:0.02498126% BID:0.4003 ASK:0.4004 MID:0.40035 P1:0.40035 P2:0.40035 P3:0.40049999 P4:0.40065 STATE:IDLE
[2026-05-14 17:54:43Z] CHK MOM:-0.07% RANGE:0.09% UP:30% SPREAD:0.02498126% BID:0.4003 ASK:0.4004 MID:0.40035 P1:0.40035 P2:0.40035 P3:0.40035 P4:0.40049999 STATE:IDLE
[2026-05-14 17:54:43Z] CHK MOM:-0.07% RANGE:0.09% UP:30% SPREAD:0.02498126% BID:0.4003 ASK:0.4004 MID:0.40035 P1:0.40035 P2:0.40035 P3:0.40035 P4:0.40049999 STATE:IDLE
[2026-05-14 17:54:44Z] CHK MOM:-0.09% RANGE:0.09% UP:20% SPREAD:0.02498126% BID:0.4003 ASK:0.4004 MID:0.40035 P1:0.40035 P2:0.40035 P3:0.40035 P4:0.40035 STATE:IDLE
[2026-05-14 17:54:44Z] CHK MOM:-0.09% RANGE:0.09% UP:20% SPREAD:0.02498126% BID:0.4003 ASK:0.4004 MID:0.40035 P1:0.40035 P2:0.40035 P3:0.40035 P4:0.40035 STATE:IDLE
[2026-05-14 17:54:45Z] CHK MOM:-0.07% RANGE:0.09% UP:27.27% SPREAD:0.02497502% BID:0.4004 ASK:0.4005 MID:0.40045 P1:0.40045 P2:0.40035 P3:0.40035 P4:0.40035 STATE:IDLE
[2026-05-14 17:54:45Z] CHK MOM:-0.06% RANGE:0.08% UP:27.27% SPREAD:0.02497502% BID:0.4004 ASK:0.4005 MID:0.40045 P1:0.40045 P2:0.40045 P3:0.40035 P4:0.40035 STATE:IDLE
[2026-05-14 17:54:46Z] CHK MOM:-0.01% RANGE:0.07% UP:27.27% SPREAD:0.04996252% BID:0.4003 ASK:0.4005 MID:0.4004 P1:0.4004 P2:0.40045 P3:0.40045 P4:0.40035 STATE:IDLE
[2026-05-14 17:54:47Z] CHK MOM:0% RANGE:0.07% UP:33.33% SPREAD:0.02497502% BID:0.4004 ASK:0.4005 MID:0.40045 P1:0.40045 P2:0.4004 P3:0.40045 P4:0.40045 STATE:IDLE
[2026-05-14 17:54:47Z] CHK MOM:-0.01% RANGE:0.07% UP:30.76% SPREAD:0.04996252% BID:0.4003 ASK:0.4005 MID:0.4004 P1:0.4004 P2:0.40045 P3:0.4004 P4:0.40045 STATE:IDLE
[2026-05-14 17:54:48Z] CHK MOM:-0.01% RANGE:0.07% UP:30.76% SPREAD:0.04996252% BID:0.4003 ASK:0.4005 MID:0.4004 P1:0.4004 P2:0.40045 P3:0.4004 P4:0.40045 STATE:IDLE
[2026-05-14 17:54:48Z] CHK MOM:-0.01% RANGE:0.07% UP:30.76% SPREAD:0.04996252% BID:0.4003 ASK:0.4005 MID:0.4004 P1:0.4004 P2:0.40045 P3:0.4004 P4:0.40045 STATE:IDLE
[2026-05-14 17:54:49Z] CHK MOM:-0.01% RANGE:0.07% UP:30.76% SPREAD:0.04996252% BID:0.4003 ASK:0.4005 MID:0.4004 P1:0.4004 P2:0.40045 P3:0.4004 P4:0.40045 STATE:IDLE
[2026-05-14 17:54:49Z] CHK MOM:-0.02% RANGE:0.07% UP:30.76% SPREAD:0.02497502% BID:0.4004 ASK:0.4005 MID:0.40045 P1:0.40045 P2:0.4004 P3:0.40045 P4:0.4004 STATE:IDLE
[2026-05-14 17:54:50Z] CHK MOM:-0.02% RANGE:0.07% UP:30.76% SPREAD:0.02497502% BID:0.4004 ASK:0.4005 MID:0.40045 P1:0.40045 P2:0.4004 P3:0.40045 P4:0.4004 STATE:IDLE
[2026-05-14 17:54:50Z] CHK MOM:-0.02% RANGE:0.07% UP:30.76% SPREAD:0.02497502% BID:0.4004 ASK:0.4005 MID:0.40045 P1:0.40045 P2:0.4004 P3:0.40045 P4:0.4004 STATE:IDLE
[2026-05-14 17:54:51Z] CHK MOM:-0.04% RANGE:0.07% UP:25% SPREAD:0.02497502% BID:0.4004 ASK:0.4005 MID:0.40045 P1:0.40045 P2:0.40045 P3:0.4004 P4:0.40045 STATE:IDLE
[2026-05-14 17:54:52Z] CHK MOM:-0.04% RANGE:0.07% UP:25% SPREAD:0.02497502% BID:0.4004 ASK:0.4005 MID:0.40045 P1:0.40045 P2:0.40045 P3:0.4004 P4:0.40045 STATE:IDLE
[2026-05-14 17:54:52Z] CHK MOM:-0.04% RANGE:0.07% UP:25% SPREAD:0.02497502% BID:0.4004 ASK:0.4005 MID:0.40045 P1:0.40045 P2:0.40045 P3:0.4004 P4:0.40045 STATE:IDLE
[2026-05-14 17:54:53Z] CHK MOM:-0.04% RANGE:0.07% UP:25% SPREAD:0.02497502% BID:0.4004 ASK:0.4005 MID:0.40045 P1:0.40045 P2:0.40045 P3:0.4004 P4:0.40045 STATE:IDLE
[2026-05-14 17:54:53Z] CHK MOM:-0.04% RANGE:0.07% UP:25% SPREAD:0.02497502% BID:0.4004 ASK:0.4005 MID:0.40045 P1:0.40045 P2:0.40045 P3:0.4004 P4:0.40045 STATE:IDLE
[2026-05-14 17:54:56Z] CHK MOM:0% RANGE:0.01% UP:28.57% SPREAD:0.02497502% BID:0.4004 ASK:0.4005 MID:0.40045 P1:0.40045 P2:0.40045 P3:0.40045 P4:0.4004 STATE:IDLE
[2026-05-14 17:54:57Z] CHK MOM:0% RANGE:0.01% UP:28.57% SPREAD:0.02497502% BID:0.4004 ASK:0.4005 MID:0.40045 P1:0.40045 P2:0.40045 P3:0.40045 P4:0.4004 STATE:IDLE
[2026-05-14 17:54:58Z] CHK MOM:0.01% RANGE:0.01% UP:33.33% SPREAD:0.02497502% BID:0.4004 ASK:0.4005 MID:0.40045 P1:0.40045 P2:0.40045 P3:0.40045 P4:0.40045 STATE:IDLE
[2026-05-14 17:54:58Z] CHK MOM:0.01% RANGE:0.01% UP:33.33% SPREAD:0.02497502% BID:0.4004 ASK:0.4005 MID:0.40045 P1:0.40045 P2:0.40045 P3:0.40045 P4:0.40045 STATE:IDLE
[2026-05-14 17:54:59Z] CHK MOM:0.01% RANGE:0.01% UP:33.33% SPREAD:0.02497502% BID:0.4004 ASK:0.4005 MID:0.40045 P1:0.40045 P2:0.40045 P3:0.40045 P4:0.40045 STATE:IDLE
[2026-05-14 17:54:59Z] CHK MOM:-0.02% RANGE:0.02% UP:0% SPREAD:0.02498126% BID:0.4003 ASK:0.4004 MID:0.40035 P1:0.40035 P2:0.40045 P3:0.40045 P4:0.40045 STATE:IDLE
[2026-05-14 17:55:00Z] CHK MOM:0% RANGE:0.02% UP:20% SPREAD:0.02497502% BID:0.4004 ASK:0.4005 MID:0.40045 P1:0.40045 P2:0.40035 P3:0.40045 P4:0.40045 STATE:IDLE
[2026-05-14 17:55:00Z] CHK MOM:0% RANGE:0.02% UP:20% SPREAD:0.02497502% BID:0.4004 ASK:0.4005 MID:0.40045 P1:0.40045 P2:0.40035 P3:0.40045 P4:0.40045 STATE:IDLE
[2026-05-14 17:55:01Z] CHK MOM:0.01% RANGE:0.03% UP:33.33% SPREAD:0.04995004% BID:0.4004 ASK:0.4006 MID:0.40049999 P1:0.40049999 P2:0.40045 P3:0.40035 P4:0.40045 STATE:IDLE
[2026-05-14 17:55:01Z] CHK MOM:0.01% RANGE:0.03% UP:33.33% SPREAD:0.04995004% BID:0.4004 ASK:0.4006 MID:0.40049999 P1:0.40049999 P2:0.40045 P3:0.40035 P4:0.40045 STATE:IDLE
[2026-05-14 17:55:02Z] CHK MOM:0.01% RANGE:0.03% UP:33.33% SPREAD:0.04995004% BID:0.4004 ASK:0.4006 MID:0.40049999 P1:0.40049999 P2:0.40045 P3:0.40035 P4:0.40045 STATE:IDLE
[2026-05-14 17:55:03Z] CHK MOM:0.01% RANGE:0.03% UP:33.33% SPREAD:0.04995004% BID:0.4004 ASK:0.4006 MID:0.40049999 P1:0.40049999 P2:0.40045 P3:0.40035 P4:0.40045 STATE:IDLE
[2026-05-14 17:55:03Z] CHK MOM:0.02% RANGE:0.04% UP:60% SPREAD:0.02496878% BID:0.4005 ASK:0.4006 MID:0.40055 P1:0.40055 P2:0.40049999 P3:0.40045 P4:0.40035 STATE:IDLE
[2026-05-14 17:55:04Z] CHK MOM:0.02% RANGE:0.04% UP:50% SPREAD:0.02496878% BID:0.4005 ASK:0.4006 MID:0.40055 P1:0.40055 P2:0.40055 P3:0.40049999 P4:0.40045 STATE:IDLE
[2026-05-14 17:55:04Z] CHK MOM:0.02% RANGE:0.04% UP:42.85% SPREAD:0.02496878% BID:0.4005 ASK:0.4006 MID:0.40055 P1:0.40055 P2:0.40055 P3:0.40055 P4:0.40049999 STATE:IDLE
[2026-05-14 17:55:05Z] CHK MOM:0.02% RANGE:0.04% UP:37.5% SPREAD:0.02496878% BID:0.4005 ASK:0.4006 MID:0.40055 P1:0.40055 P2:0.40055 P3:0.40055 P4:0.40055 STATE:IDLE
[2026-05-14 17:55:05Z] CHK MOM:0.01% RANGE:0.04% UP:33.33% SPREAD:0.04995004% BID:0.4004 ASK:0.4006 MID:0.40049999 P1:0.40049999 P2:0.40055 P3:0.40055 P4:0.40055 STATE:IDLE
[2026-05-14 17:55:06Z] CHK MOM:0.01% RANGE:0.04% UP:33.33% SPREAD:0.04995004% BID:0.4004 ASK:0.4006 MID:0.40049999 P1:0.40049999 P2:0.40055 P3:0.40055 P4:0.40055 STATE:IDLE
[2026-05-14 17:55:06Z] CHK MOM:0.01% RANGE:0.04% UP:30% SPREAD:0.04995004% BID:0.4004 ASK:0.4006 MID:0.40049999 P1:0.40049999 P2:0.40049999 P3:0.40055 P4:0.40055 STATE:IDLE
[2026-05-14 17:55:07Z] CHK MOM:0.01% RANGE:0.04% UP:30% SPREAD:0.04995004% BID:0.4004 ASK:0.4006 MID:0.40049999 P1:0.40049999 P2:0.40049999 P3:0.40055 P4:0.40055 STATE:IDLE
[2026-05-14 17:55:08Z] CHK MOM:0.01% RANGE:0.04% UP:30% SPREAD:0.04995004% BID:0.4004 ASK:0.4006 MID:0.40049999 P1:0.40049999 P2:0.40049999 P3:0.40055 P4:0.40055 STATE:IDLE
[2026-05-14 17:55:08Z] CHK MOM:0.01% RANGE:0.04% UP:30% SPREAD:0.04995004% BID:0.4004 ASK:0.4006 MID:0.40049999 P1:0.40049999 P2:0.40049999 P3:0.40055 P4:0.40055 STATE:IDLE
[2026-05-14 17:55:09Z] CHK MOM:0.01% RANGE:0.04% UP:30% SPREAD:0.04995004% BID:0.4004 ASK:0.4006 MID:0.40049999 P1:0.40049999 P2:0.40049999 P3:0.40055 P4:0.40055 STATE:IDLE
[2026-05-14 17:55:12Z] CHK MOM:0% RANGE:0.01% UP:14.28% SPREAD:0.04995004% BID:0.4004 ASK:0.4006 MID:0.40049999 P1:0.40049999 P2:0.40049999 P3:0.40049999 P4:0.40055 STATE:IDLE
[2026-05-14 17:55:13Z] CHK MOM:0% RANGE:0.01% UP:14.28% SPREAD:0.04995004% BID:0.4004 ASK:0.4006 MID:0.40049999 P1:0.40049999 P2:0.40049999 P3:0.40049999 P4:0.40055 STATE:IDLE
[2026-05-14 17:55:14Z] CHK MOM:-0.03% RANGE:0.03% UP:0% SPREAD:0.04996252% BID:0.4003 ASK:0.4005 MID:0.4004 P1:0.4004 P2:0.40049999 P3:0.40049999 P4:0.40049999 STATE:IDLE
[2026-05-14 17:55:14Z] CHK MOM:-0.02% RANGE:0.03% UP:12.5% SPREAD:0.02497502% BID:0.4004 ASK:0.4005 MID:0.40045 P1:0.40045 P2:0.4004 P3:0.40049999 P4:0.40049999 STATE:IDLE
[2026-05-14 17:55:15Z] CHK MOM:-0.02% RANGE:0.03% UP:12.5% SPREAD:0.02497502% BID:0.4004 ASK:0.4005 MID:0.40045 P1:0.40045 P2:0.4004 P3:0.40049999 P4:0.40049999 STATE:IDLE
[2026-05-14 17:55:15Z] CHK MOM:-0.02% RANGE:0.03% UP:12.5% SPREAD:0.02497502% BID:0.4004 ASK:0.4005 MID:0.40045 P1:0.40045 P2:0.4004 P3:0.40049999 P4:0.40049999 STATE:IDLE
[2026-05-14 17:55:16Z] CHK MOM:-0.02% RANGE:0.03% UP:12.5% SPREAD:0.02497502% BID:0.4004 ASK:0.4005 MID:0.40045 P1:0.40045 P2:0.4004 P3:0.40049999 P4:0.40049999 STATE:IDLE
[2026-05-14 17:55:16Z] CHK MOM:-0.02% RANGE:0.03% UP:12.5% SPREAD:0.02497502% BID:0.4004 ASK:0.4005 MID:0.40045 P1:0.40045 P2:0.4004 P3:0.40049999 P4:0.40049999 STATE:IDLE
[2026-05-14 17:55:17Z] CHK MOM:-0.02% RANGE:0.03% UP:12.5% SPREAD:0.02497502% BID:0.4004 ASK:0.4005 MID:0.40045 P1:0.40045 P2:0.4004 P3:0.40049999 P4:0.40049999 STATE:IDLE
[2026-05-14 17:55:17Z] CHK MOM:-0.01% RANGE:0.02% UP:20% SPREAD:0.02497502% BID:0.4004 ASK:0.4005 MID:0.40045 P1:0.40045 P2:0.40045 P3:0.4004 P4:0.40049999 STATE:IDLE
[2026-05-14 17:55:18Z] CHK MOM:-0.01% RANGE:0.02% UP:20% SPREAD:0.02497502% BID:0.4004 ASK:0.4005 MID:0.40045 P1:0.40045 P2:0.40045 P3:0.4004 P4:0.40049999 STATE:IDLE
[2026-05-14 17:55:19Z] CHK MOM:-0.02% RANGE:0.02% UP:20% SPREAD:0.04996252% BID:0.4003 ASK:0.4005 MID:0.4004 P1:0.4004 P2:0.40045 P3:0.40045 P4:0.4004 STATE:IDLE
[2026-05-14 17:55:19Z] CHK MOM:-0.02% RANGE:0.02% UP:20% SPREAD:0.04996252% BID:0.4003 ASK:0.4005 MID:0.4004 P1:0.4004 P2:0.40045 P3:0.40045 P4:0.4004 STATE:IDLE
[2026-05-14 17:55:20Z] CHK MOM:-0.02% RANGE:0.02% UP:20% SPREAD:0.04996252% BID:0.4003 ASK:0.4005 MID:0.4004 P1:0.4004 P2:0.4004 P3:0.40045 P4:0.40045 STATE:IDLE
[2026-05-14 17:55:20Z] CHK MOM:-0.02% RANGE:0.02% UP:20% SPREAD:0.04996252% BID:0.4003 ASK:0.4005 MID:0.4004 P1:0.4004 P2:0.4004 P3:0.40045 P4:0.40045 STATE:IDLE
[2026-05-14 17:55:21Z] CHK MOM:-0.03% RANGE:0.03% UP:16.66% SPREAD:0.02498126% BID:0.4003 ASK:0.4004 MID:0.40035 P1:0.40035 P2:0.4004 P3:0.4004 P4:0.40045 STATE:IDLE
[2026-05-14 17:55:21Z] CHK MOM:-0.03% RANGE:0.03% UP:14.28% SPREAD:0.02498126% BID:0.4003 ASK:0.4004 MID:0.40035 P1:0.40035 P2:0.40035 P3:0.4004 P4:0.4004 STATE:IDLE
[2026-05-14 17:55:22Z] CHK MOM:-0.03% RANGE:0.03% UP:14.28% SPREAD:0.02498126% BID:0.4003 ASK:0.4004 MID:0.40035 P1:0.40035 P2:0.40035 P3:0.4004 P4:0.4004 STATE:IDLE
[2026-05-14 17:55:22Z] CHK MOM:-0.03% RANGE:0.03% UP:12.5% SPREAD:0.02498126% BID:0.4003 ASK:0.4004 MID:0.40035 P1:0.40035 P2:0.40035 P3:0.40035 P4:0.4004 STATE:IDLE
[2026-05-14 17:55:23Z] CHK MOM:-0.03% RANGE:0.03% UP:12.5% SPREAD:0.02498126% BID:0.4003 ASK:0.4004 MID:0.40035 P1:0.40035 P2:0.40035 P3:0.40035 P4:0.4004 STATE:IDLE
[2026-05-14 17:55:23Z] CHK MOM:-0.03% RANGE:0.03% UP:11.11% SPREAD:0.02498126% BID:0.4003 ASK:0.4004 MID:0.40035 P1:0.40035 P2:0.40035 P3:0.40035 P4:0.40035 STATE:IDLE
[2026-05-14 17:55:24Z] CHK MOM:-0.03% RANGE:0.03% UP:11.11% SPREAD:0.02498126% BID:0.4003 ASK:0.4004 MID:0.40035 P1:0.40035 P2:0.40035 P3:0.40035 P4:0.40035 STATE:IDLE
[2026-05-14 17:55:25Z] CHK MOM:-0.03% RANGE:0.03% UP:10% SPREAD:0.02498126% BID:0.4003 ASK:0.4004 MID:0.40035 P1:0.40035 P2:0.40035 P3:0.40035 P4:0.40035 STATE:IDLE
[2026-05-14 17:55:25Z] CHK MOM:-0.03% RANGE:0.03% UP:10% SPREAD:0.02498126% BID:0.4003 ASK:0.4004 MID:0.40035 P1:0.40035 P2:0.40035 P3:0.40035 P4:0.40035 STATE:IDLE
[2026-05-14 17:55:26Z] CHK MOM:-0.03% RANGE:0.03% UP:10% SPREAD:0.02498126% BID:0.4003 ASK:0.4004 MID:0.40035 P1:0.40035 P2:0.40035 P3:0.40035 P4:0.40035 STATE:IDLE
[2026-05-14 17:55:26Z] CHK MOM:-0.03% RANGE:0.03% UP:0% SPREAD:0.04997501% BID:0.4002 ASK:0.4004 MID:0.4003 P1:0.4003 P2:0.40035 P3:0.40035 P4:0.40035 STATE:IDLE
[2026-05-14 17:55:27Z] CHK MOM:-0.03% RANGE:0.03% UP:0% SPREAD:0.04997501% BID:0.4002 ASK:0.4004 MID:0.4003 P1:0.4003 P2:0.40035 P3:0.40035 P4:0.40035 STATE:IDLE
[2026-05-14 17:55:27Z] CHK MOM:-0.03% RANGE:0.03% UP:0% SPREAD:0.04997501% BID:0.4002 ASK:0.4004 MID:0.4003 P1:0.4003 P2:0.40035 P3:0.40035 P4:0.40035 STATE:IDLE
[2026-05-14 17:55:28Z] CHK MOM:-0.03% RANGE:0.03% UP:0% SPREAD:0.04997501% BID:0.4002 ASK:0.4004 MID:0.4003 P1:0.4003 P2:0.40035 P3:0.40035 P4:0.40035 STATE:IDLE
[2026-05-14 17:55:28Z] CHK MOM:-0.03% RANGE:0.03% UP:0% SPREAD:0.04997501% BID:0.4002 ASK:0.4004 MID:0.4003 P1:0.4003 P2:0.4003 P3:0.40035 P4:0.40035 STATE:IDLE
[2026-05-14 17:55:29Z] CHK MOM:-0.04% RANGE:0.04% UP:0% SPREAD:0.0249875% BID:0.4002 ASK:0.4003 MID:0.40025 P1:0.40025 P2:0.4003 P3:0.4003 P4:0.40035 STATE:IDLE
[2026-05-14 17:55:30Z] CHK MOM:-0.04% RANGE:0.04% UP:0% SPREAD:0.0499875% BID:0.4001 ASK:0.4003 MID:0.4002 P1:0.4002 P2:0.40025 P3:0.4003 P4:0.4003 STATE:IDLE
[2026-05-14 17:55:30Z] CHK MOM:-0.07% RANGE:0.07% UP:0% SPREAD:0.04999999% BID:0.4 ASK:0.4002 MID:0.4001 P1:0.4001 P2:0.4002 P3:0.40025 P4:0.4003 STATE:IDLE
[2026-05-14 17:55:31Z] CHK MOM:-0.06% RANGE:0.07% UP:9.09% SPREAD:0.02499375% BID:0.4001 ASK:0.4002 MID:0.40015 P1:0.40015 P2:0.4001 P3:0.4002 P4:0.40025 STATE:IDLE
[2026-05-14 17:55:31Z] CHK MOM:-0.06% RANGE:0.07% UP:8.33% SPREAD:0.02499375% BID:0.4001 ASK:0.4002 MID:0.40015 P1:0.40015 P2:0.40015 P3:0.4001 P4:0.4002 STATE:IDLE
[2026-05-14 17:55:32Z] CHK MOM:-0.06% RANGE:0.07% UP:7.69% SPREAD:0.02499375% BID:0.4001 ASK:0.4002 MID:0.40015 P1:0.40015 P2:0.40015 P3:0.40015 P4:0.4001 STATE:IDLE
[2026-05-14 17:55:32Z] CHK MOM:-0.06% RANGE:0.07% UP:7.69% SPREAD:0.02499375% BID:0.4001 ASK:0.4002 MID:0.40015 P1:0.40015 P2:0.40015 P3:0.40015 P4:0.4001 STATE:IDLE
[2026-05-14 17:55:33Z] CHK MOM:-0.06% RANGE:0.07% UP:7.69% SPREAD:0.02499375% BID:0.4001 ASK:0.4002 MID:0.40015 P1:0.40015 P2:0.40015 P3:0.40015 P4:0.4001 STATE:IDLE
[2026-05-14 17:55:33Z] CHK MOM:-0.06% RANGE:0.07% UP:7.69% SPREAD:0.02499375% BID:0.4001 ASK:0.4002 MID:0.40015 P1:0.40015 P2:0.40015 P3:0.40015 P4:0.4001 STATE:IDLE
[2026-05-14 17:55:34Z] CHK MOM:-0.06% RANGE:0.07% UP:7.69% SPREAD:0.02499375% BID:0.4001 ASK:0.4002 MID:0.40015 P1:0.40015 P2:0.40015 P3:0.40015 P4:0.4001 STATE:IDLE
[2026-05-14 17:55:34Z] CHK MOM:-0.09% RANGE:0.1% UP:9.09% SPREAD:0.02500625% BID:0.3999 ASK:0.4 MID:0.39995 P1:0.39995 P2:0.40015 P3:0.40015 P4:0.40015 STATE:IDLE
[2026-05-14 17:55:36Z] CHK MOM:-0.09% RANGE:0.1% UP:9.09% SPREAD:0.02500625% BID:0.3999 ASK:0.4 MID:0.39995 P1:0.39995 P2:0.40015 P3:0.40015 P4:0.40015 STATE:IDLE
[2026-05-14 17:55:36Z] CHK MOM:-0.07% RANGE:0.1% UP:20% SPREAD:0.02499999% BID:0.4 ASK:0.4001 MID:0.40005 P1:0.40005 P2:0.39995 P3:0.40015 P4:0.40015 STATE:IDLE
[2026-05-14 17:55:37Z] CHK MOM:-0.07% RANGE:0.08% UP:20% SPREAD:0.0500125% BID:0.3999 ASK:0.4001 MID:0.4 P1:0.4 P2:0.40005 P3:0.39995 P4:0.40015 STATE:IDLE
[2026-05-14 17:55:37Z] CHK MOM:-0.07% RANGE:0.08% UP:20% SPREAD:0.0500125% BID:0.3999 ASK:0.4001 MID:0.4 P1:0.4 P2:0.40005 P3:0.39995 P4:0.40015 STATE:IDLE
[2026-05-14 17:55:38Z] CHK MOM:-0.04% RANGE:0.08% UP:27.27% SPREAD:0.04999999% BID:0.4 ASK:0.4002 MID:0.4001 P1:0.4001 P2:0.4 P3:0.40005 P4:0.39995 STATE:IDLE
[2026-05-14 17:55:38Z] CHK MOM:-0.08% RANGE:0.08% UP:25% SPREAD:0.02500625% BID:0.3999 ASK:0.4 MID:0.39995 P1:0.39995 P2:0.4001 P3:0.4 P4:0.40005 STATE:IDLE
[2026-05-14 17:55:39Z] CHK MOM:-0.08% RANGE:0.08% UP:25% SPREAD:0.02500625% BID:0.3999 ASK:0.4 MID:0.39995 P1:0.39995 P2:0.39995 P3:0.4001 P4:0.4 STATE:IDLE
[2026-05-14 17:55:39Z] CHK MOM:-0.08% RANGE:0.08% UP:25% SPREAD:0.02500625% BID:0.3999 ASK:0.4 MID:0.39995 P1:0.39995 P2:0.39995 P3:0.4001 P4:0.4 STATE:IDLE
[2026-05-14 17:55:40Z] CHK MOM:-0.08% RANGE:0.08% UP:25% SPREAD:0.02500625% BID:0.3999 ASK:0.4 MID:0.39995 P1:0.39995 P2:0.39995 P3:0.4001 P4:0.4 STATE:IDLE
[2026-05-14 17:55:41Z] CHK MOM:-0.08% RANGE:0.08% UP:25% SPREAD:0.02500625% BID:0.3999 ASK:0.4 MID:0.39995 P1:0.39995 P2:0.39995 P3:0.4001 P4:0.4 STATE:IDLE
[2026-05-14 17:55:41Z] CHK MOM:-0.08% RANGE:0.08% UP:25% SPREAD:0.02500625% BID:0.3999 ASK:0.4 MID:0.39995 P1:0.39995 P2:0.39995 P3:0.4001 P4:0.4 STATE:IDLE
[2026-05-14 17:55:43Z] CHK MOM:-0.04% RANGE:0.05% UP:25% SPREAD:0.02500625% BID:0.3999 ASK:0.4 MID:0.39995 P1:0.39995 P2:0.39995 P3:0.39995 P4:0.4001 STATE:IDLE
[2026-05-14 17:55:44Z] CHK MOM:-0.04% RANGE:0.05% UP:25% SPREAD:0.02500625% BID:0.3999 ASK:0.4 MID:0.39995 P1:0.39995 P2:0.39995 P3:0.39995 P4:0.4001 STATE:IDLE
[2026-05-14 17:55:44Z] CHK MOM:-0.04% RANGE:0.05% UP:25% SPREAD:0.02500625% BID:0.3999 ASK:0.4 MID:0.39995 P1:0.39995 P2:0.39995 P3:0.39995 P4:0.4001 STATE:IDLE
[2026-05-14 17:55:45Z] CHK MOM:0% RANGE:0.03% UP:28.57% SPREAD:0.02500625% BID:0.3999 ASK:0.4 MID:0.39995 P1:0.39995 P2:0.39995 P3:0.39995 P4:0.39995 STATE:IDLE
[2026-05-14 17:55:45Z] CHK MOM:0% RANGE:0.03% UP:25% SPREAD:0.02500625% BID:0.3999 ASK:0.4 MID:0.39995 P1:0.39995 P2:0.39995 P3:0.39995 P4:0.39995 STATE:IDLE
[2026-05-14 17:55:46Z] CHK MOM:0% RANGE:0.03% UP:25% SPREAD:0.02500625% BID:0.3999 ASK:0.4 MID:0.39995 P1:0.39995 P2:0.39995 P3:0.39995 P4:0.39995 STATE:IDLE
[2026-05-14 17:55:47Z] CHK MOM:-0.02% RANGE:0.03% UP:12.5% SPREAD:0.02500625% BID:0.3999 ASK:0.4 MID:0.39995 P1:0.39995 P2:0.39995 P3:0.39995 P4:0.39995 STATE:IDLE
[2026-05-14 17:55:47Z] CHK MOM:-0.02% RANGE:0.03% UP:11.11% SPREAD:0.02500625% BID:0.3999 ASK:0.4 MID:0.39995 P1:0.39995 P2:0.39995 P3:0.39995 P4:0.39995 STATE:IDLE
[2026-05-14 17:55:48Z] CHK MOM:0% RANGE:0.03% UP:20% SPREAD:0.02499999% BID:0.4 ASK:0.4001 MID:0.40005 P1:0.40005 P2:0.39995 P3:0.39995 P4:0.39995 STATE:IDLE
[2026-05-14 17:55:48Z] CHK MOM:0.01% RANGE:0.03% UP:20% SPREAD:0.02499999% BID:0.4 ASK:0.4001 MID:0.40005 P1:0.40005 P2:0.40005 P3:0.39995 P4:0.39995 STATE:IDLE
[2026-05-14 17:55:49Z] CHK MOM:0.02% RANGE:0.03% UP:27.27% SPREAD:0.04999999% BID:0.4 ASK:0.4002 MID:0.4001 P1:0.4001 P2:0.40005 P3:0.40005 P4:0.39995 STATE:IDLE
[2026-05-14 17:55:49Z] CHK MOM:-0.01% RANGE:0.03% UP:18.18% SPREAD:0.02499999% BID:0.4 ASK:0.4001 MID:0.40005 P1:0.40005 P2:0.4001 P3:0.40005 P4:0.40005 STATE:IDLE
[2026-05-14 17:55:50Z] CHK MOM:-0.01% RANGE:0.03% UP:18.18% SPREAD:0.02499999% BID:0.4 ASK:0.4001 MID:0.40005 P1:0.40005 P2:0.4001 P3:0.40005 P4:0.40005 STATE:IDLE
[2026-05-14 17:55:50Z] CHK MOM:-0.01% RANGE:0.03% UP:18.18% SPREAD:0.02499999% BID:0.4 ASK:0.4001 MID:0.40005 P1:0.40005 P2:0.4001 P3:0.40005 P4:0.40005 STATE:IDLE
[2026-05-14 17:55:51Z] CHK MOM:-0.01% RANGE:0.03% UP:18.18% SPREAD:0.02499999% BID:0.4 ASK:0.4001 MID:0.40005 P1:0.40005 P2:0.4001 P3:0.40005 P4:0.40005 STATE:IDLE
[2026-05-14 17:55:52Z] CHK MOM:-0.01% RANGE:0.03% UP:18.18% SPREAD:0.02499999% BID:0.4 ASK:0.4001 MID:0.40005 P1:0.40005 P2:0.4001 P3:0.40005 P4:0.40005 STATE:IDLE
[2026-05-14 17:55:52Z] CHK MOM:0.01% RANGE:0.03% UP:22.22% SPREAD:0.0500125% BID:0.3999 ASK:0.4001 MID:0.4 P1:0.4 P2:0.40005 P3:0.4001 P4:0.40005 STATE:IDLE
[2026-05-14 17:55:53Z] CHK MOM:0.02% RANGE:0.03% UP:30% SPREAD:0.02499999% BID:0.4 ASK:0.4001 MID:0.40005 P1:0.40005 P2:0.4 P3:0.40005 P4:0.4001 STATE:IDLE
[2026-05-14 17:55:53Z] CHK MOM:0.02% RANGE:0.03% UP:30% SPREAD:0.02499999% BID:0.4 ASK:0.4001 MID:0.40005 P1:0.40005 P2:0.4 P3:0.40005 P4:0.4001 STATE:IDLE
[2026-05-14 17:55:54Z] CHK MOM:0.02% RANGE:0.03% UP:27.27% SPREAD:0.02499999% BID:0.4 ASK:0.4001 MID:0.40005 P1:0.40005 P2:0.40005 P3:0.4 P4:0.40005 STATE:IDLE
[2026-05-14 17:55:54Z] CHK MOM:0.02% RANGE:0.03% UP:25% SPREAD:0.02499999% BID:0.4 ASK:0.4001 MID:0.40005 P1:0.40005 P2:0.40005 P3:0.40005 P4:0.4 STATE:IDLE
[2026-05-14 17:55:55Z] CHK MOM:0.02% RANGE:0.03% UP:25% SPREAD:0.02499999% BID:0.4 ASK:0.4001 MID:0.40005 P1:0.40005 P2:0.40005 P3:0.40005 P4:0.4 STATE:IDLE
[2026-05-14 17:55:55Z] CHK MOM:0% RANGE:0.03% UP:25% SPREAD:0.02500625% BID:0.3999 ASK:0.4 MID:0.39995 P1:0.39995 P2:0.40005 P3:0.40005 P4:0.40005 STATE:IDLE
[2026-05-14 17:55:56Z] CHK MOM:0% RANGE:0.03% UP:25% SPREAD:0.02500625% BID:0.3999 ASK:0.4 MID:0.39995 P1:0.39995 P2:0.40005 P3:0.40005 P4:0.40005 STATE:IDLE
[2026-05-14 17:55:56Z] CHK MOM:0% RANGE:0.03% UP:25% SPREAD:0.02500625% BID:0.3999 ASK:0.4 MID:0.39995 P1:0.39995 P2:0.40005 P3:0.40005 P4:0.40005 STATE:IDLE
[2026-05-14 17:55:57Z] CHK MOM:0% RANGE:0.03% UP:25% SPREAD:0.02500625% BID:0.3999 ASK:0.4 MID:0.39995 P1:0.39995 P2:0.40005 P3:0.40005 P4:0.40005 STATE:IDLE
[2026-05-14 17:55:58Z] CHK MOM:0% RANGE:0.03% UP:25% SPREAD:0.02500625% BID:0.3999 ASK:0.4 MID:0.39995 P1:0.39995 P2:0.40005 P3:0.40005 P4:0.40005 STATE:IDLE
[2026-05-14 17:55:58Z] CHK MOM:0.02% RANGE:0.03% UP:36.36% SPREAD:0.02499999% BID:0.4 ASK:0.4001 MID:0.40005 P1:0.40005 P2:0.39995 P3:0.40005 P4:0.40005 STATE:IDLE
[2026-05-14 17:55:59Z] CHK MOM:0.02% RANGE:0.03% UP:36.36% SPREAD:0.02499999% BID:0.4 ASK:0.4001 MID:0.40005 P1:0.40005 P2:0.40005 P3:0.39995 P4:0.40005 STATE:IDLE
[2026-05-14 17:55:59Z] CHK MOM:0.02% RANGE:0.03% UP:36.36% SPREAD:0.02499999% BID:0.4 ASK:0.4001 MID:0.40005 P1:0.40005 P2:0.40005 P3:0.39995 P4:0.40005 STATE:IDLE
[2026-05-14 17:56:00Z] CHK MOM:-0.02% RANGE:0.03% UP:27.27% SPREAD:0.02500625% BID:0.3999 ASK:0.4 MID:0.39995 P1:0.39995 P2:0.40005 P3:0.40005 P4:0.39995 STATE:IDLE
[2026-05-14 17:56:00Z] CHK MOM:-0.02% RANGE:0.03% UP:27.27% SPREAD:0.02500625% BID:0.3999 ASK:0.4 MID:0.39995 P1:0.39995 P2:0.40005 P3:0.40005 P4:0.39995 STATE:IDLE
[2026-05-14 17:56:01Z] CHK MOM:-0.02% RANGE:0.03% UP:27.27% SPREAD:0.02500625% BID:0.3999 ASK:0.4 MID:0.39995 P1:0.39995 P2:0.40005 P3:0.40005 P4:0.39995 STATE:IDLE
[2026-05-14 17:56:01Z] CHK MOM:-0.02% RANGE:0.03% UP:27.27% SPREAD:0.02500625% BID:0.3999 ASK:0.4 MID:0.39995 P1:0.39995 P2:0.40005 P3:0.40005 P4:0.39995 STATE:IDLE
[2026-05-14 17:56:02Z] CHK MOM:-0.02% RANGE:0.03% UP:27.27% SPREAD:0.02500625% BID:0.3999 ASK:0.4 MID:0.39995 P1:0.39995 P2:0.40005 P3:0.40005 P4:0.39995 STATE:IDLE
[2026-05-14 17:56:03Z] CHK MOM:-0.02% RANGE:0.03% UP:27.27% SPREAD:0.02500625% BID:0.3999 ASK:0.4 MID:0.39995 P1:0.39995 P2:0.40005 P3:0.40005 P4:0.39995 STATE:IDLE
[2026-05-14 17:56:03Z] CHK MOM:-0.01% RANGE:0.02% UP:25% SPREAD:0.02500625% BID:0.3999 ASK:0.4 MID:0.39995 P1:0.39995 P2:0.39995 P3:0.40005 P4:0.40005 STATE:IDLE
[2026-05-14 17:56:04Z] CHK MOM:-0.01% RANGE:0.02% UP:25% SPREAD:0.02500625% BID:0.3999 ASK:0.4 MID:0.39995 P1:0.39995 P2:0.39995 P3:0.40005 P4:0.40005 STATE:IDLE
[2026-05-14 17:56:04Z] CHK MOM:-0.01% RANGE:0.02% UP:25% SPREAD:0.02500625% BID:0.3999 ASK:0.4 MID:0.39995 P1:0.39995 P2:0.39995 P3:0.40005 P4:0.40005 STATE:IDLE
[2026-05-14 17:56:05Z] CHK MOM:-0.01% RANGE:0.02% UP:25% SPREAD:0.02500625% BID:0.3999 ASK:0.4 MID:0.39995 P1:0.39995 P2:0.39995 P3:0.40005 P4:0.40005 STATE:IDLE
[2026-05-14 17:56:05Z] CHK MOM:-0.01% RANGE:0.02% UP:25% SPREAD:0.02500625% BID:0.3999 ASK:0.4 MID:0.39995 P1:0.39995 P2:0.39995 P3:0.40005 P4:0.40005 STATE:IDLE
[2026-05-14 17:56:06Z] CHK MOM:-0.02% RANGE:0.02% UP:14.28% SPREAD:0.02500625% BID:0.3999 ASK:0.4 MID:0.39995 P1:0.39995 P2:0.39995 P3:0.39995 P4:0.40005 STATE:IDLE
[2026-05-14 17:56:06Z] CHK MOM:-0.02% RANGE:0.02% UP:14.28% SPREAD:0.02500625% BID:0.3999 ASK:0.4 MID:0.39995 P1:0.39995 P2:0.39995 P3:0.39995 P4:0.40005 STATE:IDLE
[2026-05-14 17:56:07Z] CHK MOM:0% RANGE:0.02% UP:16.66% SPREAD:0.02500625% BID:0.3999 ASK:0.4 MID:0.39995 P1:0.39995 P2:0.39995 P3:0.39995 P4:0.39995 STATE:IDLE
[2026-05-14 17:56:08Z] CHK MOM:0% RANGE:0.02% UP:16.66% SPREAD:0.02500625% BID:0.3999 ASK:0.4 MID:0.39995 P1:0.39995 P2:0.39995 P3:0.39995 P4:0.39995 STATE:IDLE
[2026-05-14 17:56:08Z] CHK MOM:0% RANGE:0.02% UP:16.66% SPREAD:0.02500625% BID:0.3999 ASK:0.4 MID:0.39995 P1:0.39995 P2:0.39995 P3:0.39995 P4:0.39995 STATE:IDLE
[2026-05-14 17:56:09Z] CHK MOM:0% RANGE:0.02% UP:16.66% SPREAD:0.02500625% BID:0.3999 ASK:0.4 MID:0.39995 P1:0.39995 P2:0.39995 P3:0.39995 P4:0.39995 STATE:IDLE
[2026-05-14 17:56:09Z] CHK MOM:0% RANGE:0.02% UP:16.66% SPREAD:0.02500625% BID:0.3999 ASK:0.4 MID:0.39995 P1:0.39995 P2:0.39995 P3:0.39995 P4:0.39995 STATE:IDLE
[2026-05-14 17:56:13Z] CHK MOM:0.01% RANGE:0.01% UP:33.33% SPREAD:0.0500125% BID:0.3999 ASK:0.4001 MID:0.4 P1:0.4 P2:0.39995 P3:0.39995 P4:0.39995 STATE:IDLE
[2026-05-14 17:56:14Z] CHK MOM:0.03% RANGE:0.03% UP:50% SPREAD:0.04999999% BID:0.4 ASK:0.4002 MID:0.4001 P1:0.4001 P2:0.4 P3:0.39995 P4:0.39995 STATE:IDLE
[2026-05-14 17:56:14Z] CHK MOM:0.03% RANGE:0.03% UP:40% SPREAD:0.04999999% BID:0.4 ASK:0.4002 MID:0.4001 P1:0.4001 P2:0.4001 P3:0.4 P4:0.39995 STATE:IDLE
[2026-05-14 17:56:15Z] CHK MOM:0.02% RANGE:0.03% UP:33.33% SPREAD:0.02499999% BID:0.4 ASK:0.4001 MID:0.40005 P1:0.40005 P2:0.4001 P3:0.4001 P4:0.4 STATE:IDLE
[2026-05-14 17:56:15Z] CHK MOM:0.03% RANGE:0.03% UP:50% SPREAD:0.04999999% BID:0.4 ASK:0.4002 MID:0.4001 P1:0.4001 P2:0.40005 P3:0.4001 P4:0.4001 STATE:IDLE
[2026-05-14 17:56:16Z] CHK MOM:0.03% RANGE:0.03% UP:50% SPREAD:0.04999999% BID:0.4 ASK:0.4002 MID:0.4001 P1:0.4001 P2:0.40005 P3:0.4001 P4:0.4001 STATE:IDLE
[2026-05-14 17:56:16Z] CHK MOM:0.03% RANGE:0.03% UP:42.85% SPREAD:0.04999999% BID:0.4 ASK:0.4002 MID:0.4001 P1:0.4001 P2:0.4001 P3:0.40005 P4:0.4001 STATE:IDLE
[2026-05-14 17:56:17Z] CHK MOM:0.02% RANGE:0.03% UP:37.5% SPREAD:0.02499999% BID:0.4 ASK:0.4001 MID:0.40005 P1:0.40005 P2:0.4001 P3:0.4001 P4:0.40005 STATE:IDLE
[2026-05-14 17:56:17Z] CHK MOM:0.02% RANGE:0.03% UP:37.5% SPREAD:0.02499999% BID:0.4 ASK:0.4001 MID:0.40005 P1:0.40005 P2:0.4001 P3:0.4001 P4:0.40005 STATE:IDLE
[2026-05-14 17:56:18Z] CHK MOM:0.02% RANGE:0.03% UP:37.5% SPREAD:0.02499999% BID:0.4 ASK:0.4001 MID:0.40005 P1:0.40005 P2:0.4001 P3:0.4001 P4:0.40005 STATE:IDLE
[2026-05-14 17:56:19Z] CHK MOM:0.01% RANGE:0.02% UP:28.57% SPREAD:0.02499999% BID:0.4 ASK:0.4001 MID:0.40005 P1:0.40005 P2:0.40005 P3:0.4001 P4:0.4001 STATE:IDLE
[2026-05-14 17:56:19Z] CHK MOM:0.01% RANGE:0.02% UP:28.57% SPREAD:0.02499999% BID:0.4 ASK:0.4001 MID:0.40005 P1:0.40005 P2:0.40005 P3:0.4001 P4:0.4001 STATE:IDLE
[2026-05-14 17:56:20Z] CHK MOM:0.01% RANGE:0.02% UP:28.57% SPREAD:0.02499999% BID:0.4 ASK:0.4001 MID:0.40005 P1:0.40005 P2:0.40005 P3:0.4001 P4:0.4001 STATE:IDLE
[2026-05-14 17:56:20Z] CHK MOM:0.01% RANGE:0.02% UP:28.57% SPREAD:0.02499999% BID:0.4 ASK:0.4001 MID:0.40005 P1:0.40005 P2:0.40005 P3:0.4001 P4:0.4001 STATE:IDLE
[2026-05-14 17:56:21Z] CHK MOM:0.01% RANGE:0.02% UP:28.57% SPREAD:0.02499999% BID:0.4 ASK:0.4001 MID:0.40005 P1:0.40005 P2:0.40005 P3:0.4001 P4:0.4001 STATE:IDLE
[2026-05-14 17:56:26Z] CHK MOM:-0.06% RANGE:0.06% UP:16.66% SPREAD:0.0250125% BID:0.3998 ASK:0.3999 MID:0.39985 P1:0.39985 P2:0.40005 P3:0.40005 P4:0.4001 STATE:IDLE
