[2026-05-16 09:49:11Z] SESSION_START symbol=OSMOUSDC dry_run=0 profile=major strategy=momentum base_url=https://api.binance.com
[2026-05-16 09:49:11Z] TOXIC_MEMORY_LOADED count=1 symbols=ORDIUSDC
[2026-05-16 09:49:14Z] CHK MOM:0% RANGE:0% UP:0% SPREAD:0.13550135% BID:0.0738 ASK:0.0739 MID:0.07385 P1:0.07385 P2:NA P3:NA P4:NA STATE:IDLE
[2026-05-16 09:49:14Z] CHK MOM:0% RANGE:0% UP:0% SPREAD:0.13550135% BID:0.0738 ASK:0.0739 MID:0.07385 P1:0.07385 P2:NA P3:NA P4:NA STATE:IDLE
[2026-05-16 09:49:15Z] CHK MOM:0% RANGE:0% UP:0% SPREAD:0.13550135% BID:0.0738 ASK:0.0739 MID:0.07385 P1:0.07385 P2:NA P3:NA P4:NA STATE:IDLE
[2026-05-16 09:49:15Z] CHK MOM:-0.2% RANGE:0.2% UP:0% SPREAD:0.54421768% BID:0.0735 ASK:0.0739 MID:0.07369999 P1:0.07369999 P2:0.07385 P3:NA P4:NA STATE:IDLE
[2026-05-16 09:49:16Z] CHK MOM:-0.2% RANGE:0.2% UP:0% SPREAD:0.54421768% BID:0.0735 ASK:0.0739 MID:0.07369999 P1:0.07369999 P2:0.07385 P3:NA P4:NA STATE:IDLE
[2026-05-16 09:49:16Z] CHK MOM:-0.2% RANGE:0.2% UP:0% SPREAD:0.54421768% BID:0.0735 ASK:0.0739 MID:0.07369999 P1:0.07369999 P2:0.07385 P3:NA P4:NA STATE:IDLE
[2026-05-16 09:49:17Z] CHK MOM:-0.2% RANGE:0.2% UP:0% SPREAD:0.54421768% BID:0.0735 ASK:0.0739 MID:0.07369999 P1:0.07369999 P2:0.07385 P3:NA P4:NA STATE:IDLE
[2026-05-16 09:49:17Z] CHK MOM:-0.2% RANGE:0.2% UP:0% SPREAD:0.54421768% BID:0.0735 ASK:0.0739 MID:0.07369999 P1:0.07369999 P2:0.07385 P3:NA P4:NA STATE:IDLE
[2026-05-16 09:49:18Z] CHK MOM:-0.2% RANGE:0.2% UP:0% SPREAD:0.54421768% BID:0.0735 ASK:0.0739 MID:0.07369999 P1:0.07369999 P2:0.07385 P3:NA P4:NA STATE:IDLE
[2026-05-16 09:49:23Z] CHK MOM:0.27% RANGE:0.47% UP:50% SPREAD:0.40595399% BID:0.0739 ASK:0.0742 MID:0.07405 P1:0.07405 P2:0.07369999 P3:0.07385 P4:NA STATE:IDLE
[2026-05-16 09:49:23Z] CHK MOM:0.27% RANGE:0.47% UP:50% SPREAD:0.40595399% BID:0.0739 ASK:0.0742 MID:0.07405 P1:0.07405 P2:0.07369999 P3:0.07385 P4:NA STATE:IDLE
[2026-05-16 09:49:24Z] CHK MOM:0.27% RANGE:0.47% UP:50% SPREAD:0.40595399% BID:0.0739 ASK:0.0742 MID:0.07405 P1:0.07405 P2:0.07369999 P3:0.07385 P4:NA STATE:IDLE
[2026-05-16 09:49:24Z] CHK MOM:0.27% RANGE:0.47% UP:50% SPREAD:0.40595399% BID:0.0739 ASK:0.0742 MID:0.07405 P1:0.07405 P2:0.07369999 P3:0.07385 P4:NA STATE:IDLE
[2026-05-16 09:49:25Z] CHK MOM:0.13% RANGE:0.47% UP:33.33% SPREAD:0.67842605% BID:0.0737 ASK:0.0742 MID:0.07395 P1:0.07395 P2:0.07405 P3:0.07369999 P4:0.07385 STATE:IDLE
[2026-05-16 09:49:25Z] CHK MOM:0.13% RANGE:0.47% UP:33.33% SPREAD:0.67842605% BID:0.0737 ASK:0.0742 MID:0.07395 P1:0.07395 P2:0.07405 P3:0.07369999 P4:0.07385 STATE:IDLE
[2026-05-16 09:49:26Z] CHK MOM:0.13% RANGE:0.47% UP:33.33% SPREAD:0.67842605% BID:0.0737 ASK:0.0742 MID:0.07395 P1:0.07395 P2:0.07405 P3:0.07369999 P4:0.07385 STATE:IDLE
[2026-05-16 09:49:26Z] CHK MOM:0.13% RANGE:0.47% UP:33.33% SPREAD:0.67842605% BID:0.0737 ASK:0.0742 MID:0.07395 P1:0.07395 P2:0.07405 P3:0.07369999 P4:0.07385 STATE:IDLE
[2026-05-16 09:49:27Z] CHK MOM:0.13% RANGE:0.47% UP:33.33% SPREAD:0.67842605% BID:0.0737 ASK:0.0742 MID:0.07395 P1:0.07395 P2:0.07405 P3:0.07369999 P4:0.07385 STATE:IDLE
[2026-05-16 09:49:27Z] CHK MOM:0.13% RANGE:0.47% UP:33.33% SPREAD:0.67842605% BID:0.0737 ASK:0.0742 MID:0.07395 P1:0.07395 P2:0.07405 P3:0.07369999 P4:0.07385 STATE:IDLE
[2026-05-16 09:49:30Z] CHK MOM:-0.13% RANGE:0.13% UP:0% SPREAD:0.67842605% BID:0.0737 ASK:0.0742 MID:0.07395 P1:0.07395 P2:0.07395 P3:0.07405 P4:0.07369999 STATE:IDLE
[2026-05-16 09:49:31Z] CHK MOM:-0.13% RANGE:0.13% UP:0% SPREAD:0.67842605% BID:0.0737 ASK:0.0742 MID:0.07395 P1:0.07395 P2:0.07395 P3:0.07395 P4:0.07405 STATE:IDLE
[2026-05-16 09:49:31Z] CHK MOM:-0.13% RANGE:0.13% UP:0% SPREAD:0.67842605% BID:0.0737 ASK:0.0742 MID:0.07395 P1:0.07395 P2:0.07395 P3:0.07395 P4:0.07405 STATE:IDLE
[2026-05-16 09:49:32Z] CHK MOM:-0.13% RANGE:0.13% UP:0% SPREAD:0.67842605% BID:0.0737 ASK:0.0742 MID:0.07395 P1:0.07395 P2:0.07395 P3:0.07395 P4:0.07395 STATE:IDLE
[2026-05-16 09:49:32Z] CHK MOM:-0.13% RANGE:0.13% UP:0% SPREAD:0.67842605% BID:0.0737 ASK:0.0742 MID:0.07395 P1:0.07395 P2:0.07395 P3:0.07395 P4:0.07395 STATE:IDLE
[2026-05-16 09:49:33Z] CHK MOM:-0.13% RANGE:0.13% UP:0% SPREAD:0.67842605% BID:0.0737 ASK:0.0742 MID:0.07395 P1:0.07395 P2:0.07395 P3:0.07395 P4:0.07395 STATE:IDLE
[2026-05-16 09:49:33Z] CHK MOM:-0.13% RANGE:0.13% UP:0% SPREAD:0.67842605% BID:0.0737 ASK:0.0742 MID:0.07395 P1:0.07395 P2:0.07395 P3:0.07395 P4:0.07395 STATE:IDLE
[2026-05-16 09:49:34Z] CHK MOM:-0.13% RANGE:0.13% UP:0% SPREAD:0.67842605% BID:0.0737 ASK:0.0742 MID:0.07395 P1:0.07395 P2:0.07395 P3:0.07395 P4:0.07395 STATE:IDLE
[2026-05-16 09:49:34Z] CHK MOM:-0.13% RANGE:0.13% UP:0% SPREAD:0.67842605% BID:0.0737 ASK:0.0742 MID:0.07395 P1:0.07395 P2:0.07395 P3:0.07395 P4:0.07395 STATE:IDLE
[2026-05-16 09:49:41Z] CHK MOM:0% RANGE:0% UP:0% SPREAD:0.67842605% BID:0.0737 ASK:0.0742 MID:0.07395 P1:0.07395 P2:0.07395 P3:0.07395 P4:0.07395 STATE:IDLE
[2026-05-16 09:49:41Z] CHK MOM:0% RANGE:0% UP:0% SPREAD:0.67842605% BID:0.0737 ASK:0.0742 MID:0.07395 P1:0.07395 P2:0.07395 P3:0.07395 P4:0.07395 STATE:IDLE
[2026-05-16 09:49:42Z] CHK MOM:0% RANGE:0% UP:0% SPREAD:0.67842605% BID:0.0737 ASK:0.0742 MID:0.07395 P1:0.07395 P2:0.07395 P3:0.07395 P4:0.07395 STATE:IDLE
[2026-05-16 09:49:42Z] CHK MOM:0% RANGE:0% UP:0% SPREAD:0.67842605% BID:0.0737 ASK:0.0742 MID:0.07395 P1:0.07395 P2:0.07395 P3:0.07395 P4:0.07395 STATE:IDLE
[2026-05-16 09:49:43Z] CHK MOM:0% RANGE:0% UP:0% SPREAD:0.67842605% BID:0.0737 ASK:0.0742 MID:0.07395 P1:0.07395 P2:0.07395 P3:0.07395 P4:0.07395 STATE:IDLE
[2026-05-16 09:49:46Z] CHK MOM:0% RANGE:0% UP:0% SPREAD:0.67842605% BID:0.0737 ASK:0.0742 MID:0.07395 P1:0.07395 P2:0.07395 P3:0.07395 P4:0.07395 STATE:IDLE
[2026-05-16 09:49:47Z] CHK MOM:0% RANGE:0% UP:0% SPREAD:0.67842605% BID:0.0737 ASK:0.0742 MID:0.07395 P1:0.07395 P2:0.07395 P3:0.07395 P4:0.07395 STATE:IDLE
[2026-05-16 09:49:47Z] CHK MOM:0% RANGE:0% UP:0% SPREAD:0.67842605% BID:0.0737 ASK:0.0742 MID:0.07395 P1:0.07395 P2:0.07395 P3:0.07395 P4:0.07395 STATE:IDLE
[2026-05-16 09:49:48Z] CHK MOM:0% RANGE:0% UP:0% SPREAD:0.67842605% BID:0.0737 ASK:0.0742 MID:0.07395 P1:0.07395 P2:0.07395 P3:0.07395 P4:0.07395 STATE:IDLE
[2026-05-16 09:49:48Z] CHK MOM:0% RANGE:0% UP:0% SPREAD:0.67842605% BID:0.0737 ASK:0.0742 MID:0.07395 P1:0.07395 P2:0.07395 P3:0.07395 P4:0.07395 STATE:IDLE
[2026-05-16 09:49:49Z] CHK MOM:0% RANGE:0% UP:0% SPREAD:0.67842605% BID:0.0737 ASK:0.0742 MID:0.07395 P1:0.07395 P2:0.07395 P3:0.07395 P4:0.07395 STATE:IDLE
[2026-05-16 09:49:49Z] CHK MOM:0% RANGE:0% UP:0% SPREAD:0.67842605% BID:0.0737 ASK:0.0742 MID:0.07395 P1:0.07395 P2:0.07395 P3:0.07395 P4:0.07395 STATE:IDLE
[2026-05-16 09:49:50Z] CHK MOM:0% RANGE:0% UP:0% SPREAD:0.67842605% BID:0.0737 ASK:0.0742 MID:0.07395 P1:0.07395 P2:0.07395 P3:0.07395 P4:0.07395 STATE:IDLE
[2026-05-16 09:49:51Z] CHK MOM:0.2% RANGE:0.2% UP:33.33% SPREAD:0.54127198% BID:0.0739 ASK:0.0743 MID:0.0741 P1:0.0741 P2:0.07395 P3:0.07395 P4:0.07395 STATE:IDLE
[2026-05-16 09:49:52Z] CHK MOM:0.2% RANGE:0.2% UP:33.33% SPREAD:0.54127198% BID:0.0739 ASK:0.0743 MID:0.0741 P1:0.0741 P2:0.07395 P3:0.07395 P4:0.07395 STATE:IDLE
[2026-05-16 09:49:52Z] CHK MOM:0.2% RANGE:0.2% UP:25% SPREAD:0.54127198% BID:0.0739 ASK:0.0743 MID:0.0741 P1:0.0741 P2:0.0741 P3:0.07395 P4:0.07395 STATE:IDLE
[2026-05-16 09:49:53Z] CHK MOM:0.2% RANGE:0.2% UP:25% SPREAD:0.54127198% BID:0.0739 ASK:0.0743 MID:0.0741 P1:0.0741 P2:0.0741 P3:0.07395 P4:0.07395 STATE:IDLE
[2026-05-16 09:49:53Z] CHK MOM:0.2% RANGE:0.2% UP:25% SPREAD:0.54127198% BID:0.0739 ASK:0.0743 MID:0.0741 P1:0.0741 P2:0.0741 P3:0.0741 P4:0.07395 STATE:IDLE
[2026-05-16 09:49:54Z] CHK MOM:0.2% RANGE:0.2% UP:25% SPREAD:0.54127198% BID:0.0739 ASK:0.0743 MID:0.0741 P1:0.0741 P2:0.0741 P3:0.0741 P4:0.07395 STATE:IDLE
[2026-05-16 09:49:54Z] CHK MOM:0.2% RANGE:0.2% UP:25% SPREAD:0.54127198% BID:0.0739 ASK:0.0743 MID:0.0741 P1:0.0741 P2:0.0741 P3:0.0741 P4:0.07395 STATE:IDLE
[2026-05-16 09:49:55Z] CHK MOM:0.2% RANGE:0.2% UP:25% SPREAD:0.54127198% BID:0.0739 ASK:0.0743 MID:0.0741 P1:0.0741 P2:0.0741 P3:0.0741 P4:0.07395 STATE:IDLE
[2026-05-16 09:49:55Z] CHK MOM:0.2% RANGE:0.2% UP:25% SPREAD:0.54127198% BID:0.0739 ASK:0.0743 MID:0.0741 P1:0.0741 P2:0.0741 P3:0.0741 P4:0.07395 STATE:IDLE
[2026-05-16 09:49:56Z] CHK MOM:0.2% RANGE:0.2% UP:25% SPREAD:0.54127198% BID:0.0739 ASK:0.0743 MID:0.0741 P1:0.0741 P2:0.0741 P3:0.0741 P4:0.07395 STATE:IDLE
[2026-05-16 09:50:02Z] CHK MOM:0% RANGE:0% UP:0% SPREAD:0.54127198% BID:0.0739 ASK:0.0743 MID:0.0741 P1:0.0741 P2:0.0741 P3:0.0741 P4:0.0741 STATE:IDLE
[2026-05-16 09:50:02Z] CHK MOM:0% RANGE:0% UP:0% SPREAD:0.54127198% BID:0.0739 ASK:0.0743 MID:0.0741 P1:0.0741 P2:0.0741 P3:0.0741 P4:0.0741 STATE:IDLE
[2026-05-16 09:50:03Z] CHK MOM:0% RANGE:0% UP:0% SPREAD:0.54127198% BID:0.0739 ASK:0.0743 MID:0.0741 P1:0.0741 P2:0.0741 P3:0.0741 P4:0.0741 STATE:IDLE
[2026-05-16 09:50:03Z] CHK MOM:0% RANGE:0% UP:0% SPREAD:0.54127198% BID:0.0739 ASK:0.0743 MID:0.0741 P1:0.0741 P2:0.0741 P3:0.0741 P4:0.0741 STATE:IDLE
[2026-05-16 09:50:04Z] CHK MOM:0% RANGE:0% UP:0% SPREAD:0.54127198% BID:0.0739 ASK:0.0743 MID:0.0741 P1:0.0741 P2:0.0741 P3:0.0741 P4:0.0741 STATE:IDLE
[2026-05-16 09:50:04Z] CHK MOM:0% RANGE:0% UP:0% SPREAD:0.54127198% BID:0.0739 ASK:0.0743 MID:0.0741 P1:0.0741 P2:0.0741 P3:0.0741 P4:0.0741 STATE:IDLE
[2026-05-16 09:50:07Z] CHK MOM:0% RANGE:0% UP:0% SPREAD:0.54127198% BID:0.0739 ASK:0.0743 MID:0.0741 P1:0.0741 P2:0.0741 P3:0.0741 P4:0.0741 STATE:IDLE
[2026-05-16 09:50:08Z] CHK MOM:0% RANGE:0% UP:0% SPREAD:0.54127198% BID:0.0739 ASK:0.0743 MID:0.0741 P1:0.0741 P2:0.0741 P3:0.0741 P4:0.0741 STATE:IDLE
[2026-05-16 09:50:08Z] CHK MOM:0% RANGE:0% UP:0% SPREAD:0.54127198% BID:0.0739 ASK:0.0743 MID:0.0741 P1:0.0741 P2:0.0741 P3:0.0741 P4:0.0741 STATE:IDLE
[2026-05-16 09:50:09Z] CHK MOM:0% RANGE:0% UP:0% SPREAD:0.54127198% BID:0.0739 ASK:0.0743 MID:0.0741 P1:0.0741 P2:0.0741 P3:0.0741 P4:0.0741 STATE:IDLE
[2026-05-16 09:50:09Z] CHK MOM:0% RANGE:0% UP:0% SPREAD:0.54127198% BID:0.0739 ASK:0.0743 MID:0.0741 P1:0.0741 P2:0.0741 P3:0.0741 P4:0.0741 STATE:IDLE
[2026-05-16 09:50:10Z] CHK MOM:0% RANGE:0% UP:0% SPREAD:0.54127198% BID:0.0739 ASK:0.0743 MID:0.0741 P1:0.0741 P2:0.0741 P3:0.0741 P4:0.0741 STATE:IDLE
[2026-05-16 09:50:10Z] CHK MOM:0% RANGE:0% UP:0% SPREAD:0.54127198% BID:0.0739 ASK:0.0743 MID:0.0741 P1:0.0741 P2:0.0741 P3:0.0741 P4:0.0741 STATE:IDLE
[2026-05-16 09:50:11Z] CHK MOM:0% RANGE:0% UP:0% SPREAD:0.54127198% BID:0.0739 ASK:0.0743 MID:0.0741 P1:0.0741 P2:0.0741 P3:0.0741 P4:0.0741 STATE:IDLE
[2026-05-16 09:50:13Z] CHK MOM:0% RANGE:0% UP:0% SPREAD:0.54127198% BID:0.0739 ASK:0.0743 MID:0.0741 P1:0.0741 P2:0.0741 P3:0.0741 P4:0.0741 STATE:IDLE
[2026-05-16 09:50:14Z] CHK MOM:0% RANGE:0% UP:0% SPREAD:0.54127198% BID:0.0739 ASK:0.0743 MID:0.0741 P1:0.0741 P2:0.0741 P3:0.0741 P4:0.0741 STATE:IDLE
[2026-05-16 09:50:14Z] CHK MOM:0% RANGE:0% UP:0% SPREAD:0.54127198% BID:0.0739 ASK:0.0743 MID:0.0741 P1:0.0741 P2:0.0741 P3:0.0741 P4:0.0741 STATE:IDLE
[2026-05-16 09:50:15Z] CHK MOM:0% RANGE:0% UP:0% SPREAD:0.54127198% BID:0.0739 ASK:0.0743 MID:0.0741 P1:0.0741 P2:0.0741 P3:0.0741 P4:0.0741 STATE:IDLE
[2026-05-16 09:50:16Z] CHK MOM:0% RANGE:0% UP:0% SPREAD:0.54127198% BID:0.0739 ASK:0.0743 MID:0.0741 P1:0.0741 P2:0.0741 P3:0.0741 P4:0.0741 STATE:IDLE
[2026-05-16 09:50:16Z] CHK MOM:0% RANGE:0% UP:0% SPREAD:0.54127198% BID:0.0739 ASK:0.0743 MID:0.0741 P1:0.0741 P2:0.0741 P3:0.0741 P4:0.0741 STATE:IDLE
[2026-05-16 09:50:17Z] CHK MOM:0% RANGE:0% UP:0% SPREAD:0.54127198% BID:0.0739 ASK:0.0743 MID:0.0741 P1:0.0741 P2:0.0741 P3:0.0741 P4:0.0741 STATE:IDLE
[2026-05-16 09:50:17Z] CHK MOM:0% RANGE:0% UP:0% SPREAD:0.54127198% BID:0.0739 ASK:0.0743 MID:0.0741 P1:0.0741 P2:0.0741 P3:0.0741 P4:0.0741 STATE:IDLE
[2026-05-16 09:50:18Z] CHK MOM:0% RANGE:0% UP:0% SPREAD:0.54127198% BID:0.0739 ASK:0.0743 MID:0.0741 P1:0.0741 P2:0.0741 P3:0.0741 P4:0.0741 STATE:IDLE
[2026-05-16 09:50:18Z] CHK MOM:0% RANGE:0% UP:0% SPREAD:0.54127198% BID:0.0739 ASK:0.0743 MID:0.0741 P1:0.0741 P2:0.0741 P3:0.0741 P4:0.0741 STATE:IDLE
[2026-05-16 09:50:19Z] CHK MOM:0% RANGE:0% UP:0% SPREAD:0.54127198% BID:0.0739 ASK:0.0743 MID:0.0741 P1:0.0741 P2:0.0741 P3:0.0741 P4:0.0741 STATE:IDLE
[2026-05-16 09:50:20Z] CHK MOM:0% RANGE:0% UP:0% SPREAD:0.54127198% BID:0.0739 ASK:0.0743 MID:0.0741 P1:0.0741 P2:0.0741 P3:0.0741 P4:0.0741 STATE:IDLE
[2026-05-16 09:50:20Z] CHK MOM:0% RANGE:0% UP:0% SPREAD:0.54127198% BID:0.0739 ASK:0.0743 MID:0.0741 P1:0.0741 P2:0.0741 P3:0.0741 P4:0.0741 STATE:IDLE
[2026-05-16 09:50:21Z] CHK MOM:0% RANGE:0% UP:0% SPREAD:0.54127198% BID:0.0739 ASK:0.0743 MID:0.0741 P1:0.0741 P2:0.0741 P3:0.0741 P4:0.0741 STATE:IDLE
[2026-05-16 09:50:22Z] CHK MOM:0% RANGE:0% UP:0% SPREAD:0.54127198% BID:0.0739 ASK:0.0743 MID:0.0741 P1:0.0741 P2:0.0741 P3:0.0741 P4:0.0741 STATE:IDLE
[2026-05-16 09:50:22Z] CHK MOM:0% RANGE:0% UP:0% SPREAD:0.54127198% BID:0.0739 ASK:0.0743 MID:0.0741 P1:0.0741 P2:0.0741 P3:0.0741 P4:0.0741 STATE:IDLE
[2026-05-16 09:50:23Z] CHK MOM:0% RANGE:0% UP:0% SPREAD:0.54127198% BID:0.0739 ASK:0.0743 MID:0.0741 P1:0.0741 P2:0.0741 P3:0.0741 P4:0.0741 STATE:IDLE
[2026-05-16 09:50:23Z] CHK MOM:0% RANGE:0% UP:0% SPREAD:0.54127198% BID:0.0739 ASK:0.0743 MID:0.0741 P1:0.0741 P2:0.0741 P3:0.0741 P4:0.0741 STATE:IDLE
[2026-05-16 09:50:24Z] CHK MOM:0% RANGE:0% UP:0% SPREAD:0.54127198% BID:0.0739 ASK:0.0743 MID:0.0741 P1:0.0741 P2:0.0741 P3:0.0741 P4:0.0741 STATE:IDLE
[2026-05-16 09:50:25Z] CHK MOM:0% RANGE:0% UP:0% SPREAD:0.54127198% BID:0.0739 ASK:0.0743 MID:0.0741 P1:0.0741 P2:0.0741 P3:0.0741 P4:0.0741 STATE:IDLE
[2026-05-16 09:50:26Z] CHK MOM:0% RANGE:0% UP:0% SPREAD:0.54127198% BID:0.0739 ASK:0.0743 MID:0.0741 P1:0.0741 P2:0.0741 P3:0.0741 P4:0.0741 STATE:IDLE
[2026-05-16 09:50:26Z] CHK MOM:0% RANGE:0% UP:0% SPREAD:0.54127198% BID:0.0739 ASK:0.0743 MID:0.0741 P1:0.0741 P2:0.0741 P3:0.0741 P4:0.0741 STATE:IDLE
[2026-05-16 09:50:27Z] CHK MOM:0% RANGE:0% UP:0% SPREAD:0.54127198% BID:0.0739 ASK:0.0743 MID:0.0741 P1:0.0741 P2:0.0741 P3:0.0741 P4:0.0741 STATE:IDLE
[2026-05-16 09:50:27Z] CHK MOM:0% RANGE:0% UP:0% SPREAD:0.54127198% BID:0.0739 ASK:0.0743 MID:0.0741 P1:0.0741 P2:0.0741 P3:0.0741 P4:0.0741 STATE:IDLE
[2026-05-16 09:50:31Z] CHK MOM:0% RANGE:0% UP:0% SPREAD:0.54127198% BID:0.0739 ASK:0.0743 MID:0.0741 P1:0.0741 P2:0.0741 P3:0.0741 P4:0.0741 STATE:IDLE
[2026-05-16 09:50:32Z] CHK MOM:0% RANGE:0% UP:0% SPREAD:0.54127198% BID:0.0739 ASK:0.0743 MID:0.0741 P1:0.0741 P2:0.0741 P3:0.0741 P4:0.0741 STATE:IDLE
[2026-05-16 09:50:32Z] CHK MOM:0% RANGE:0% UP:0% SPREAD:0.54127198% BID:0.0739 ASK:0.0743 MID:0.0741 P1:0.0741 P2:0.0741 P3:0.0741 P4:0.0741 STATE:IDLE
[2026-05-16 09:50:33Z] CHK MOM:0% RANGE:0% UP:0% SPREAD:0.54127198% BID:0.0739 ASK:0.0743 MID:0.0741 P1:0.0741 P2:0.0741 P3:0.0741 P4:0.0741 STATE:IDLE
[2026-05-16 09:50:33Z] CHK MOM:0% RANGE:0% UP:0% SPREAD:0.54127198% BID:0.0739 ASK:0.0743 MID:0.0741 P1:0.0741 P2:0.0741 P3:0.0741 P4:0.0741 STATE:IDLE
[2026-05-16 09:50:34Z] CHK MOM:0% RANGE:0% UP:0% SPREAD:0.54127198% BID:0.0739 ASK:0.0743 MID:0.0741 P1:0.0741 P2:0.0741 P3:0.0741 P4:0.0741 STATE:IDLE
[2026-05-16 09:50:34Z] CHK MOM:0% RANGE:0% UP:0% SPREAD:0.54127198% BID:0.0739 ASK:0.0743 MID:0.0741 P1:0.0741 P2:0.0741 P3:0.0741 P4:0.0741 STATE:IDLE
[2026-05-16 09:50:35Z] CHK MOM:-0.13% RANGE:0.13% UP:0% SPREAD:0.81411126% BID:0.0737 ASK:0.0743 MID:0.074 P1:0.074 P2:0.0741 P3:0.0741 P4:0.0741 STATE:IDLE
[2026-05-16 09:50:35Z] CHK MOM:-0.13% RANGE:0.13% UP:0% SPREAD:0.81411126% BID:0.0737 ASK:0.0743 MID:0.074 P1:0.074 P2:0.0741 P3:0.0741 P4:0.0741 STATE:IDLE
[2026-05-16 09:50:36Z] CHK MOM:-0.13% RANGE:0.13% UP:0% SPREAD:0.81411126% BID:0.0737 ASK:0.0743 MID:0.074 P1:0.074 P2:0.0741 P3:0.0741 P4:0.0741 STATE:IDLE
[2026-05-16 09:50:37Z] CHK MOM:-0.13% RANGE:0.13% UP:0% SPREAD:0.81411126% BID:0.0737 ASK:0.0743 MID:0.074 P1:0.074 P2:0.0741 P3:0.0741 P4:0.0741 STATE:IDLE
[2026-05-16 09:50:37Z] CHK MOM:-0.13% RANGE:0.13% UP:0% SPREAD:0.81411126% BID:0.0737 ASK:0.0743 MID:0.074 P1:0.074 P2:0.0741 P3:0.0741 P4:0.0741 STATE:IDLE
[2026-05-16 09:50:40Z] CHK MOM:-0.13% RANGE:0.13% UP:0% SPREAD:0.81411126% BID:0.0737 ASK:0.0743 MID:0.074 P1:0.074 P2:0.074 P3:0.0741 P4:0.0741 STATE:IDLE
[2026-05-16 09:50:40Z] CHK MOM:-0.13% RANGE:0.13% UP:0% SPREAD:0.81411126% BID:0.0737 ASK:0.0743 MID:0.074 P1:0.074 P2:0.074 P3:0.0741 P4:0.0741 STATE:IDLE
[2026-05-16 09:50:41Z] CHK MOM:-0.13% RANGE:0.13% UP:0% SPREAD:0.81411126% BID:0.0737 ASK:0.0743 MID:0.074 P1:0.074 P2:0.074 P3:0.0741 P4:0.0741 STATE:IDLE
[2026-05-16 09:50:42Z] CHK MOM:-0.13% RANGE:0.13% UP:0% SPREAD:0.81411126% BID:0.0737 ASK:0.0743 MID:0.074 P1:0.074 P2:0.074 P3:0.0741 P4:0.0741 STATE:IDLE
[2026-05-16 09:50:42Z] CHK MOM:-0.13% RANGE:0.13% UP:0% SPREAD:0.81411126% BID:0.0737 ASK:0.0743 MID:0.074 P1:0.074 P2:0.074 P3:0.0741 P4:0.0741 STATE:IDLE
[2026-05-16 09:50:44Z] CHK MOM:-0.06% RANGE:0.13% UP:33.33% SPREAD:0.67750677% BID:0.0738 ASK:0.0743 MID:0.07405 P1:0.07405 P2:0.074 P3:0.074 P4:0.0741 STATE:IDLE
[2026-05-16 09:50:44Z] CHK MOM:-0.06% RANGE:0.13% UP:33.33% SPREAD:0.67750677% BID:0.0738 ASK:0.0743 MID:0.07405 P1:0.07405 P2:0.074 P3:0.074 P4:0.0741 STATE:IDLE
[2026-05-16 09:50:45Z] CHK MOM:-0.06% RANGE:0.13% UP:25% SPREAD:0.67750677% BID:0.0738 ASK:0.0743 MID:0.07405 P1:0.07405 P2:0.07405 P3:0.074 P4:0.074 STATE:IDLE
[2026-05-16 09:50:45Z] CHK MOM:-0.06% RANGE:0.13% UP:20% SPREAD:0.67750677% BID:0.0738 ASK:0.0743 MID:0.07405 P1:0.07405 P2:0.07405 P3:0.07405 P4:0.074 STATE:IDLE
[2026-05-16 09:50:46Z] CHK MOM:-0.06% RANGE:0.13% UP:20% SPREAD:0.67750677% BID:0.0738 ASK:0.0743 MID:0.07405 P1:0.07405 P2:0.07405 P3:0.07405 P4:0.074 STATE:IDLE
[2026-05-16 09:50:46Z] CHK MOM:-0.06% RANGE:0.13% UP:20% SPREAD:0.67750677% BID:0.0738 ASK:0.0743 MID:0.07405 P1:0.07405 P2:0.07405 P3:0.07405 P4:0.074 STATE:IDLE
[2026-05-16 09:50:47Z] CHK MOM:-0.06% RANGE:0.13% UP:20% SPREAD:0.67750677% BID:0.0738 ASK:0.0743 MID:0.07405 P1:0.07405 P2:0.07405 P3:0.07405 P4:0.074 STATE:IDLE
[2026-05-16 09:50:48Z] CHK MOM:-0.06% RANGE:0.13% UP:20% SPREAD:0.67750677% BID:0.0738 ASK:0.0743 MID:0.07405 P1:0.07405 P2:0.07405 P3:0.07405 P4:0.074 STATE:IDLE
[2026-05-16 09:51:02Z] CHK MOM:0% RANGE:0% UP:0% SPREAD:0.54200542% BID:0.0738 ASK:0.0742 MID:0.074 P1:0.074 P2:0.07405 P3:0.07405 P4:0.07405 STATE:IDLE
[2026-05-16 09:51:03Z] CHK MOM:0% RANGE:0% UP:0% SPREAD:0.54200542% BID:0.0738 ASK:0.0742 MID:0.074 P1:0.074 P2:0.07405 P3:0.07405 P4:0.07405 STATE:IDLE
[2026-05-16 09:51:03Z] CHK MOM:0% RANGE:0% UP:0% SPREAD:0.54200542% BID:0.0738 ASK:0.0742 MID:0.074 P1:0.074 P2:0.074 P3:0.07405 P4:0.07405 STATE:IDLE
[2026-05-16 09:51:04Z] CHK MOM:0% RANGE:0% UP:0% SPREAD:0.54200542% BID:0.0738 ASK:0.0742 MID:0.074 P1:0.074 P2:0.074 P3:0.07405 P4:0.07405 STATE:IDLE
[2026-05-16 09:51:04Z] CHK MOM:0% RANGE:0% UP:0% SPREAD:0.54200542% BID:0.0738 ASK:0.0742 MID:0.074 P1:0.074 P2:0.074 P3:0.07405 P4:0.07405 STATE:IDLE
[2026-05-16 09:51:05Z] CHK MOM:0% RANGE:0% UP:0% SPREAD:0.54200542% BID:0.0738 ASK:0.0742 MID:0.074 P1:0.074 P2:0.074 P3:0.074 P4:0.07405 STATE:IDLE
[2026-05-16 09:51:05Z] CHK MOM:0% RANGE:0% UP:0% SPREAD:0.54200542% BID:0.0738 ASK:0.0742 MID:0.074 P1:0.074 P2:0.074 P3:0.074 P4:0.074 STATE:IDLE
[2026-05-16 09:51:06Z] CHK MOM:0% RANGE:0% UP:0% SPREAD:0.54200542% BID:0.0738 ASK:0.0742 MID:0.074 P1:0.074 P2:0.074 P3:0.074 P4:0.074 STATE:IDLE
[2026-05-16 09:51:06Z] CHK MOM:0% RANGE:0% UP:0% SPREAD:0.54200542% BID:0.0738 ASK:0.0742 MID:0.074 P1:0.074 P2:0.074 P3:0.074 P4:0.074 STATE:IDLE
[2026-05-16 09:51:07Z] CHK MOM:0% RANGE:0% UP:0% SPREAD:0.54200542% BID:0.0738 ASK:0.0742 MID:0.074 P1:0.074 P2:0.074 P3:0.074 P4:0.074 STATE:IDLE
[2026-05-16 09:51:08Z] CHK MOM:0% RANGE:0% UP:0% SPREAD:0.54200542% BID:0.0738 ASK:0.0742 MID:0.074 P1:0.074 P2:0.074 P3:0.074 P4:0.074 STATE:IDLE
[2026-05-16 09:51:08Z] CHK MOM:0.06% RANGE:0.06% UP:20% SPREAD:0.40595399% BID:0.0739 ASK:0.0742 MID:0.07405 P1:0.07405 P2:0.074 P3:0.074 P4:0.074 STATE:IDLE
[2026-05-16 09:51:09Z] CHK MOM:0.06% RANGE:0.06% UP:20% SPREAD:0.40595399% BID:0.0739 ASK:0.0742 MID:0.07405 P1:0.07405 P2:0.074 P3:0.074 P4:0.074 STATE:IDLE
[2026-05-16 09:51:09Z] CHK MOM:0.06% RANGE:0.06% UP:20% SPREAD:0.40595399% BID:0.0739 ASK:0.0742 MID:0.07405 P1:0.07405 P2:0.074 P3:0.074 P4:0.074 STATE:IDLE
[2026-05-16 09:51:10Z] CHK MOM:0.06% RANGE:0.06% UP:20% SPREAD:0.40595399% BID:0.0739 ASK:0.0742 MID:0.07405 P1:0.07405 P2:0.074 P3:0.074 P4:0.074 STATE:IDLE
[2026-05-16 09:51:10Z] CHK MOM:0.06% RANGE:0.06% UP:20% SPREAD:0.40595399% BID:0.0739 ASK:0.0742 MID:0.07405 P1:0.07405 P2:0.074 P3:0.074 P4:0.074 STATE:IDLE
[2026-05-16 09:51:11Z] CHK MOM:0.06% RANGE:0.06% UP:20% SPREAD:0.40595399% BID:0.0739 ASK:0.0742 MID:0.07405 P1:0.07405 P2:0.074 P3:0.074 P4:0.074 STATE:IDLE
[2026-05-16 09:51:12Z] CHK MOM:0.06% RANGE:0.06% UP:16.66% SPREAD:0.40595399% BID:0.0739 ASK:0.0742 MID:0.07405 P1:0.07405 P2:0.07405 P3:0.074 P4:0.074 STATE:IDLE
[2026-05-16 09:51:13Z] CHK MOM:0.06% RANGE:0.06% UP:16.66% SPREAD:0.40595399% BID:0.0739 ASK:0.0742 MID:0.07405 P1:0.07405 P2:0.07405 P3:0.074 P4:0.074 STATE:IDLE
[2026-05-16 09:51:13Z] TOKEN_SWITCH old=OSMOUSDC new=FILUSDC source=.service.env
