[2026-05-12 00:06:55Z] SESSION_START symbol=PENDLEUSDC dry_run=0 profile=major strategy=momentum base_url=https://api.binance.com
[2026-05-12 00:06:55Z] TOXIC_MEMORY_LOADED count=5 symbols=GUNUSDC,JTOUSDC,ORDIUSDC,SAHARAUSDC,TONUSDC
[2026-05-12 00:06:57Z] CHK MOM:0% RANGE:0% UP:0% SPREAD:0.09225092% BID:2.168 ASK:2.17 MID:2.169 P1:2.169 P2:NA P3:NA P4:NA STATE:IDLE
[2026-05-12 00:06:57Z] CHK MOM:0% RANGE:0% UP:0% SPREAD:0.09225092% BID:2.168 ASK:2.17 MID:2.169 P1:2.169 P2:NA P3:NA P4:NA STATE:IDLE
[2026-05-12 00:06:58Z] CHK MOM:0% RANGE:0% UP:0% SPREAD:0.09225092% BID:2.168 ASK:2.17 MID:2.169 P1:2.169 P2:NA P3:NA P4:NA STATE:IDLE
[2026-05-12 00:06:58Z] CHK MOM:0% RANGE:0% UP:0% SPREAD:0.09225092% BID:2.168 ASK:2.17 MID:2.169 P1:2.169 P2:NA P3:NA P4:NA STATE:IDLE
[2026-05-12 00:06:59Z] CHK MOM:-0.02% RANGE:0.02% UP:0% SPREAD:0.04612546% BID:2.168 ASK:2.169 MID:2.1685 P1:2.1685 P2:2.169 P3:NA P4:NA STATE:IDLE
[2026-05-12 00:06:59Z] CHK MOM:-0.02% RANGE:0.02% UP:0% SPREAD:0.04612546% BID:2.168 ASK:2.169 MID:2.1685 P1:2.1685 P2:2.169 P3:NA P4:NA STATE:IDLE
[2026-05-12 00:07:00Z] CHK MOM:-0.06% RANGE:0.06% UP:0% SPREAD:0.04614674% BID:2.167 ASK:2.168 MID:2.1675 P1:2.1675 P2:2.1685 P3:2.169 P4:NA STATE:IDLE
[2026-05-12 00:07:00Z] CHK MOM:-0.11% RANGE:0.11% UP:0% SPREAD:0.04616805% BID:2.166 ASK:2.167 MID:2.1665 P1:2.1665 P2:2.1675 P3:2.1685 P4:2.169 STATE:IDLE
[2026-05-12 00:07:01Z] CHK MOM:-0.09% RANGE:0.11% UP:25% SPREAD:0.0923361% BID:2.166 ASK:2.168 MID:2.167 P1:2.167 P2:2.1665 P3:2.1675 P4:2.1685 STATE:IDLE
[2026-05-12 00:07:01Z] CHK MOM:-0.13% RANGE:0.13% UP:20% SPREAD:0.09237875% BID:2.165 ASK:2.167 MID:2.166 P1:2.166 P2:2.167 P3:2.1665 P4:2.1675 STATE:IDLE
[2026-05-12 00:07:02Z] CHK MOM:-0.13% RANGE:0.13% UP:20% SPREAD:0.09237875% BID:2.165 ASK:2.167 MID:2.166 P1:2.166 P2:2.167 P3:2.1665 P4:2.1675 STATE:IDLE
[2026-05-12 00:07:03Z] CHK MOM:-0.16% RANGE:0.16% UP:16.66% SPREAD:0.04618937% BID:2.165 ASK:2.166 MID:2.16549999 P1:2.16549999 P2:2.166 P3:2.167 P4:2.1665 STATE:IDLE
[2026-05-12 00:07:03Z] CHK MOM:-0.16% RANGE:0.16% UP:14.28% SPREAD:0.04618937% BID:2.165 ASK:2.166 MID:2.16549999 P1:2.16549999 P2:2.16549999 P3:2.166 P4:2.167 STATE:IDLE
[2026-05-12 00:07:04Z] CHK MOM:-0.16% RANGE:0.16% UP:14.28% SPREAD:0.04618937% BID:2.165 ASK:2.166 MID:2.16549999 P1:2.16549999 P2:2.16549999 P3:2.166 P4:2.167 STATE:IDLE
[2026-05-12 00:07:04Z] CHK MOM:-0.16% RANGE:0.16% UP:14.28% SPREAD:0.04618937% BID:2.165 ASK:2.166 MID:2.16549999 P1:2.16549999 P2:2.16549999 P3:2.166 P4:2.167 STATE:IDLE
[2026-05-12 00:07:05Z] CHK MOM:-0.16% RANGE:0.16% UP:14.28% SPREAD:0.04618937% BID:2.165 ASK:2.166 MID:2.16549999 P1:2.16549999 P2:2.16549999 P3:2.166 P4:2.167 STATE:IDLE
[2026-05-12 00:07:05Z] CHK MOM:-0.16% RANGE:0.16% UP:14.28% SPREAD:0.04618937% BID:2.165 ASK:2.166 MID:2.16549999 P1:2.16549999 P2:2.16549999 P3:2.166 P4:2.167 STATE:IDLE
[2026-05-12 00:07:06Z] CHK MOM:-0.16% RANGE:0.16% UP:14.28% SPREAD:0.04618937% BID:2.165 ASK:2.166 MID:2.16549999 P1:2.16549999 P2:2.16549999 P3:2.166 P4:2.167 STATE:IDLE
[2026-05-12 00:07:07Z] CHK MOM:-0.16% RANGE:0.16% UP:12.5% SPREAD:0.04618937% BID:2.165 ASK:2.166 MID:2.16549999 P1:2.16549999 P2:2.16549999 P3:2.16549999 P4:2.166 STATE:IDLE
[2026-05-12 00:07:08Z] CHK MOM:-0.16% RANGE:0.16% UP:11.11% SPREAD:0.04618937% BID:2.165 ASK:2.166 MID:2.16549999 P1:2.16549999 P2:2.16549999 P3:2.16549999 P4:2.16549999 STATE:IDLE
[2026-05-12 00:07:08Z] CHK MOM:-0.16% RANGE:0.16% UP:10% SPREAD:0.04618937% BID:2.165 ASK:2.166 MID:2.16549999 P1:2.16549999 P2:2.16549999 P3:2.16549999 P4:2.16549999 STATE:IDLE
[2026-05-12 00:07:09Z] CHK MOM:-0.16% RANGE:0.16% UP:10% SPREAD:0.04618937% BID:2.165 ASK:2.166 MID:2.16549999 P1:2.16549999 P2:2.16549999 P3:2.16549999 P4:2.16549999 STATE:IDLE
[2026-05-12 00:07:09Z] CHK MOM:-0.13% RANGE:0.13% UP:10% SPREAD:0.04618937% BID:2.165 ASK:2.166 MID:2.16549999 P1:2.16549999 P2:2.16549999 P3:2.16549999 P4:2.16549999 STATE:IDLE
[2026-05-12 00:07:10Z] CHK MOM:-0.13% RANGE:0.13% UP:10% SPREAD:0.04618937% BID:2.165 ASK:2.166 MID:2.16549999 P1:2.16549999 P2:2.16549999 P3:2.16549999 P4:2.16549999 STATE:IDLE
[2026-05-12 00:07:10Z] CHK MOM:-0.13% RANGE:0.13% UP:10% SPREAD:0.04618937% BID:2.165 ASK:2.166 MID:2.16549999 P1:2.16549999 P2:2.16549999 P3:2.16549999 P4:2.16549999 STATE:IDLE
[2026-05-12 00:07:11Z] CHK MOM:-0.13% RANGE:0.13% UP:10% SPREAD:0.04618937% BID:2.165 ASK:2.166 MID:2.16549999 P1:2.16549999 P2:2.16549999 P3:2.16549999 P4:2.16549999 STATE:IDLE
[2026-05-12 00:07:11Z] CHK MOM:-0.13% RANGE:0.13% UP:10% SPREAD:0.04618937% BID:2.165 ASK:2.166 MID:2.16549999 P1:2.16549999 P2:2.16549999 P3:2.16549999 P4:2.16549999 STATE:IDLE
[2026-05-12 00:07:12Z] CHK MOM:-0.13% RANGE:0.13% UP:10% SPREAD:0.04618937% BID:2.165 ASK:2.166 MID:2.16549999 P1:2.16549999 P2:2.16549999 P3:2.16549999 P4:2.16549999 STATE:IDLE
[2026-05-12 00:07:12Z] CHK MOM:0% RANGE:0.06% UP:22.22% SPREAD:0.13856812% BID:2.165 ASK:2.168 MID:2.1665 P1:2.1665 P2:2.16549999 P3:2.16549999 P4:2.16549999 STATE:IDLE
[2026-05-12 00:07:13Z] CHK MOM:0.04% RANGE:0.06% UP:25% SPREAD:0.0923361% BID:2.166 ASK:2.168 MID:2.167 P1:2.167 P2:2.1665 P3:2.16549999 P4:2.16549999 STATE:IDLE
[2026-05-12 00:07:14Z] CHK MOM:0.02% RANGE:0.06% UP:22.22% SPREAD:0.13856812% BID:2.165 ASK:2.168 MID:2.1665 P1:2.1665 P2:2.167 P3:2.1665 P4:2.16549999 STATE:IDLE
[2026-05-12 00:07:14Z] CHK MOM:0.02% RANGE:0.06% UP:22.22% SPREAD:0.13856812% BID:2.165 ASK:2.168 MID:2.1665 P1:2.1665 P2:2.167 P3:2.1665 P4:2.16549999 STATE:IDLE
[2026-05-12 00:07:15Z] CHK MOM:0.06% RANGE:0.06% UP:37.5% SPREAD:0.0923361% BID:2.166 ASK:2.168 MID:2.167 P1:2.167 P2:2.1665 P3:2.167 P4:2.1665 STATE:IDLE
[2026-05-12 00:07:15Z] CHK MOM:0.06% RANGE:0.06% UP:37.5% SPREAD:0.0923361% BID:2.166 ASK:2.168 MID:2.167 P1:2.167 P2:2.1665 P3:2.167 P4:2.1665 STATE:IDLE
[2026-05-12 00:07:16Z] CHK MOM:0.06% RANGE:0.06% UP:37.5% SPREAD:0.0923361% BID:2.166 ASK:2.168 MID:2.167 P1:2.167 P2:2.1665 P3:2.167 P4:2.1665 STATE:IDLE
[2026-05-12 00:07:16Z] CHK MOM:0.06% RANGE:0.06% UP:37.5% SPREAD:0.0923361% BID:2.166 ASK:2.168 MID:2.167 P1:2.167 P2:2.1665 P3:2.167 P4:2.1665 STATE:IDLE
[2026-05-12 00:07:17Z] CHK MOM:0.06% RANGE:0.06% UP:37.5% SPREAD:0.0923361% BID:2.166 ASK:2.168 MID:2.167 P1:2.167 P2:2.1665 P3:2.167 P4:2.1665 STATE:IDLE
[2026-05-12 00:07:17Z] CHK MOM:0.06% RANGE:0.06% UP:37.5% SPREAD:0.0923361% BID:2.166 ASK:2.168 MID:2.167 P1:2.167 P2:2.1665 P3:2.167 P4:2.1665 STATE:IDLE
[2026-05-12 00:07:20Z] CHK MOM:0.06% RANGE:0.06% UP:50% SPREAD:0.0923361% BID:2.166 ASK:2.168 MID:2.167 P1:2.167 P2:2.167 P3:2.1665 P4:2.167 STATE:IDLE
[2026-05-12 00:07:20Z] CHK MOM:0.06% RANGE:0.06% UP:50% SPREAD:0.0923361% BID:2.166 ASK:2.168 MID:2.167 P1:2.167 P2:2.167 P3:2.1665 P4:2.167 STATE:IDLE
[2026-05-12 00:07:21Z] CHK MOM:0.06% RANGE:0.06% UP:50% SPREAD:0.0923361% BID:2.166 ASK:2.168 MID:2.167 P1:2.167 P2:2.167 P3:2.167 P4:2.1665 STATE:IDLE
[2026-05-12 00:07:21Z] CHK MOM:0.06% RANGE:0.06% UP:50% SPREAD:0.0923361% BID:2.166 ASK:2.168 MID:2.167 P1:2.167 P2:2.167 P3:2.167 P4:2.1665 STATE:IDLE
[2026-05-12 00:07:22Z] CHK MOM:0.06% RANGE:0.06% UP:50% SPREAD:0.0923361% BID:2.166 ASK:2.168 MID:2.167 P1:2.167 P2:2.167 P3:2.167 P4:2.1665 STATE:IDLE
[2026-05-12 00:07:22Z] CHK MOM:0.06% RANGE:0.06% UP:50% SPREAD:0.0923361% BID:2.166 ASK:2.168 MID:2.167 P1:2.167 P2:2.167 P3:2.167 P4:2.1665 STATE:IDLE
[2026-05-12 00:07:23Z] CHK MOM:0.06% RANGE:0.06% UP:50% SPREAD:0.0923361% BID:2.166 ASK:2.168 MID:2.167 P1:2.167 P2:2.167 P3:2.167 P4:2.1665 STATE:IDLE
[2026-05-12 00:07:23Z] CHK MOM:0.02% RANGE:0.02% UP:33.33% SPREAD:0.0923361% BID:2.166 ASK:2.168 MID:2.167 P1:2.167 P2:2.167 P3:2.167 P4:2.167 STATE:IDLE
[2026-05-12 00:07:24Z] CHK MOM:0.02% RANGE:0.02% UP:33.33% SPREAD:0.0923361% BID:2.166 ASK:2.168 MID:2.167 P1:2.167 P2:2.167 P3:2.167 P4:2.167 STATE:IDLE
[2026-05-12 00:07:24Z] CHK MOM:0.02% RANGE:0.02% UP:33.33% SPREAD:0.0923361% BID:2.166 ASK:2.168 MID:2.167 P1:2.167 P2:2.167 P3:2.167 P4:2.167 STATE:IDLE
[2026-05-12 00:07:25Z] CHK MOM:0.02% RANGE:0.02% UP:33.33% SPREAD:0.0923361% BID:2.166 ASK:2.168 MID:2.167 P1:2.167 P2:2.167 P3:2.167 P4:2.167 STATE:IDLE
[2026-05-12 00:07:26Z] CHK MOM:0.02% RANGE:0.02% UP:33.33% SPREAD:0.0923361% BID:2.166 ASK:2.168 MID:2.167 P1:2.167 P2:2.167 P3:2.167 P4:2.167 STATE:IDLE
[2026-05-12 00:07:27Z] CHK MOM:0% RANGE:0% UP:0% SPREAD:0.0923361% BID:2.166 ASK:2.168 MID:2.167 P1:2.167 P2:2.167 P3:2.167 P4:2.167 STATE:IDLE
[2026-05-12 00:07:27Z] CHK MOM:0% RANGE:0% UP:0% SPREAD:0.0923361% BID:2.166 ASK:2.168 MID:2.167 P1:2.167 P2:2.167 P3:2.167 P4:2.167 STATE:IDLE
[2026-05-12 00:07:28Z] CHK MOM:0% RANGE:0% UP:0% SPREAD:0.0923361% BID:2.166 ASK:2.168 MID:2.167 P1:2.167 P2:2.167 P3:2.167 P4:2.167 STATE:IDLE
[2026-05-12 00:07:28Z] CHK MOM:0% RANGE:0% UP:0% SPREAD:0.0923361% BID:2.166 ASK:2.168 MID:2.167 P1:2.167 P2:2.167 P3:2.167 P4:2.167 STATE:IDLE
[2026-05-12 00:07:29Z] CHK MOM:0% RANGE:0% UP:0% SPREAD:0.0923361% BID:2.166 ASK:2.168 MID:2.167 P1:2.167 P2:2.167 P3:2.167 P4:2.167 STATE:IDLE
[2026-05-12 00:07:29Z] CHK MOM:0% RANGE:0% UP:0% SPREAD:0.0923361% BID:2.166 ASK:2.168 MID:2.167 P1:2.167 P2:2.167 P3:2.167 P4:2.167 STATE:IDLE
[2026-05-12 00:07:32Z] CHK MOM:0% RANGE:0% UP:0% SPREAD:0.0923361% BID:2.166 ASK:2.168 MID:2.167 P1:2.167 P2:2.167 P3:2.167 P4:2.167 STATE:IDLE
[2026-05-12 00:07:32Z] CHK MOM:0% RANGE:0% UP:0% SPREAD:0.0923361% BID:2.166 ASK:2.168 MID:2.167 P1:2.167 P2:2.167 P3:2.167 P4:2.167 STATE:IDLE
[2026-05-12 00:07:33Z] CHK MOM:0% RANGE:0% UP:0% SPREAD:0.0923361% BID:2.166 ASK:2.168 MID:2.167 P1:2.167 P2:2.167 P3:2.167 P4:2.167 STATE:IDLE
[2026-05-12 00:07:33Z] CHK MOM:0% RANGE:0% UP:0% SPREAD:0.0923361% BID:2.166 ASK:2.168 MID:2.167 P1:2.167 P2:2.167 P3:2.167 P4:2.167 STATE:IDLE
[2026-05-12 00:07:34Z] CHK MOM:0% RANGE:0% UP:0% SPREAD:0.0923361% BID:2.166 ASK:2.168 MID:2.167 P1:2.167 P2:2.167 P3:2.167 P4:2.167 STATE:IDLE
[2026-05-12 00:07:35Z] CHK MOM:0% RANGE:0% UP:0% SPREAD:0.0923361% BID:2.166 ASK:2.168 MID:2.167 P1:2.167 P2:2.167 P3:2.167 P4:2.167 STATE:IDLE
[2026-05-12 00:07:35Z] CHK MOM:0% RANGE:0% UP:0% SPREAD:0.0923361% BID:2.166 ASK:2.168 MID:2.167 P1:2.167 P2:2.167 P3:2.167 P4:2.167 STATE:IDLE
[2026-05-12 00:07:36Z] CHK MOM:0% RANGE:0% UP:0% SPREAD:0.0923361% BID:2.166 ASK:2.168 MID:2.167 P1:2.167 P2:2.167 P3:2.167 P4:2.167 STATE:IDLE
[2026-05-12 00:07:36Z] CHK MOM:0% RANGE:0% UP:0% SPREAD:0.0923361% BID:2.166 ASK:2.168 MID:2.167 P1:2.167 P2:2.167 P3:2.167 P4:2.167 STATE:IDLE
[2026-05-12 00:07:37Z] CHK MOM:0% RANGE:0% UP:0% SPREAD:0.0923361% BID:2.166 ASK:2.168 MID:2.167 P1:2.167 P2:2.167 P3:2.167 P4:2.167 STATE:IDLE
[2026-05-12 00:07:38Z] CHK MOM:0% RANGE:0% UP:0% SPREAD:0.0923361% BID:2.166 ASK:2.168 MID:2.167 P1:2.167 P2:2.167 P3:2.167 P4:2.167 STATE:IDLE
[2026-05-12 00:07:38Z] CHK MOM:0% RANGE:0% UP:0% SPREAD:0.0923361% BID:2.166 ASK:2.168 MID:2.167 P1:2.167 P2:2.167 P3:2.167 P4:2.167 STATE:IDLE
[2026-05-12 00:07:39Z] CHK MOM:0% RANGE:0% UP:0% SPREAD:0.0923361% BID:2.166 ASK:2.168 MID:2.167 P1:2.167 P2:2.167 P3:2.167 P4:2.167 STATE:IDLE
[2026-05-12 00:07:39Z] CHK MOM:0% RANGE:0% UP:0% SPREAD:0.0923361% BID:2.166 ASK:2.168 MID:2.167 P1:2.167 P2:2.167 P3:2.167 P4:2.167 STATE:IDLE
[2026-05-12 00:07:40Z] CHK MOM:0% RANGE:0% UP:0% SPREAD:0.0923361% BID:2.166 ASK:2.168 MID:2.167 P1:2.167 P2:2.167 P3:2.167 P4:2.167 STATE:IDLE
[2026-05-12 00:07:40Z] CHK MOM:0% RANGE:0% UP:0% SPREAD:0.0923361% BID:2.166 ASK:2.168 MID:2.167 P1:2.167 P2:2.167 P3:2.167 P4:2.167 STATE:IDLE
[2026-05-12 00:07:41Z] CHK MOM:0% RANGE:0% UP:0% SPREAD:0.0923361% BID:2.166 ASK:2.168 MID:2.167 P1:2.167 P2:2.167 P3:2.167 P4:2.167 STATE:IDLE
[2026-05-12 00:07:41Z] CHK MOM:0% RANGE:0% UP:0% SPREAD:0.0923361% BID:2.166 ASK:2.168 MID:2.167 P1:2.167 P2:2.167 P3:2.167 P4:2.167 STATE:IDLE
[2026-05-12 00:07:42Z] CHK MOM:0% RANGE:0% UP:0% SPREAD:0.0923361% BID:2.166 ASK:2.168 MID:2.167 P1:2.167 P2:2.167 P3:2.167 P4:2.167 STATE:IDLE
[2026-05-12 00:07:44Z] CHK MOM:0.06% RANGE:0.06% UP:33.33% SPREAD:0.13844023% BID:2.167 ASK:2.17 MID:2.1685 P1:2.1685 P2:2.167 P3:2.167 P4:2.167 STATE:IDLE
[2026-05-12 00:07:45Z] CHK MOM:0.04% RANGE:0.06% UP:25% SPREAD:0.09229349% BID:2.167 ASK:2.169 MID:2.168 P1:2.168 P2:2.1685 P3:2.167 P4:2.167 STATE:IDLE
[2026-05-12 00:07:45Z] CHK MOM:0.04% RANGE:0.06% UP:25% SPREAD:0.09229349% BID:2.167 ASK:2.169 MID:2.168 P1:2.168 P2:2.1685 P3:2.167 P4:2.167 STATE:IDLE
[2026-05-12 00:07:46Z] CHK MOM:0.04% RANGE:0.06% UP:20% SPREAD:0.09229349% BID:2.167 ASK:2.169 MID:2.168 P1:2.168 P2:2.168 P3:2.1685 P4:2.167 STATE:IDLE
[2026-05-12 00:07:46Z] CHK MOM:0.04% RANGE:0.06% UP:20% SPREAD:0.09229349% BID:2.167 ASK:2.169 MID:2.168 P1:2.168 P2:2.168 P3:2.1685 P4:2.167 STATE:IDLE
[2026-05-12 00:07:47Z] CHK MOM:0.04% RANGE:0.06% UP:20% SPREAD:0.09229349% BID:2.167 ASK:2.169 MID:2.168 P1:2.168 P2:2.168 P3:2.1685 P4:2.167 STATE:IDLE
[2026-05-12 00:07:47Z] CHK MOM:0.04% RANGE:0.06% UP:20% SPREAD:0.09229349% BID:2.167 ASK:2.169 MID:2.168 P1:2.168 P2:2.168 P3:2.1685 P4:2.167 STATE:IDLE
[2026-05-12 00:07:48Z] CHK MOM:0.04% RANGE:0.06% UP:20% SPREAD:0.09229349% BID:2.167 ASK:2.169 MID:2.168 P1:2.168 P2:2.168 P3:2.168 P4:2.1685 STATE:IDLE
[2026-05-12 00:07:48Z] CHK MOM:-0.2% RANGE:0.27% UP:16.66% SPREAD:0.13882461% BID:2.161 ASK:2.164 MID:2.1625 P1:2.1625 P2:2.168 P3:2.168 P4:2.168 STATE:IDLE
[2026-05-12 00:07:49Z] CHK MOM:-0.25% RANGE:0.32% UP:14.28% SPREAD:0.13888888% BID:2.16 ASK:2.163 MID:2.1615 P1:2.1615 P2:2.1625 P3:2.168 P4:2.168 STATE:IDLE
[2026-05-12 00:07:50Z] CHK MOM:-0.32% RANGE:0.39% UP:12.5% SPREAD:0.09263547% BID:2.159 ASK:2.161 MID:2.16 P1:2.16 P2:2.1615 P3:2.1625 P4:2.168 STATE:IDLE
[2026-05-12 00:07:50Z] CHK MOM:-0.25% RANGE:0.39% UP:25% SPREAD:0.04627487% BID:2.161 ASK:2.162 MID:2.1615 P1:2.1615 P2:2.16 P3:2.1615 P4:2.1625 STATE:IDLE
[2026-05-12 00:07:51Z] CHK MOM:-0.23% RANGE:0.39% UP:33.33% SPREAD:0.09254974% BID:2.161 ASK:2.163 MID:2.162 P1:2.162 P2:2.1615 P3:2.16 P4:2.1615 STATE:IDLE
[2026-05-12 00:07:51Z] CHK MOM:-0.25% RANGE:0.39% UP:30% SPREAD:0.04627487% BID:2.161 ASK:2.162 MID:2.1615 P1:2.1615 P2:2.162 P3:2.1615 P4:2.16 STATE:IDLE
[2026-05-12 00:07:52Z] CHK MOM:-0.25% RANGE:0.39% UP:30% SPREAD:0.04627487% BID:2.161 ASK:2.162 MID:2.1615 P1:2.1615 P2:2.162 P3:2.1615 P4:2.16 STATE:IDLE
[2026-05-12 00:07:52Z] CHK MOM:-0.25% RANGE:0.39% UP:30% SPREAD:0.04627487% BID:2.161 ASK:2.162 MID:2.1615 P1:2.1615 P2:2.162 P3:2.1615 P4:2.16 STATE:IDLE
[2026-05-12 00:07:53Z] CHK MOM:-0.25% RANGE:0.39% UP:30% SPREAD:0.04627487% BID:2.161 ASK:2.162 MID:2.1615 P1:2.1615 P2:2.162 P3:2.1615 P4:2.16 STATE:IDLE
[2026-05-12 00:07:53Z] CHK MOM:-0.29% RANGE:0.39% UP:30% SPREAD:0.09254974% BID:2.161 ASK:2.163 MID:2.162 P1:2.162 P2:2.1615 P3:2.162 P4:2.1615 STATE:IDLE
[2026-05-12 00:07:54Z] CHK MOM:-0.29% RANGE:0.39% UP:27.27% SPREAD:0.09254974% BID:2.161 ASK:2.163 MID:2.162 P1:2.162 P2:2.162 P3:2.1615 P4:2.162 STATE:IDLE
[2026-05-12 00:07:54Z] CHK MOM:-0.29% RANGE:0.39% UP:27.27% SPREAD:0.09254974% BID:2.161 ASK:2.163 MID:2.162 P1:2.162 P2:2.162 P3:2.1615 P4:2.162 STATE:IDLE
[2026-05-12 00:07:55Z] CHK MOM:-0.29% RANGE:0.39% UP:27.27% SPREAD:0.09254974% BID:2.161 ASK:2.163 MID:2.162 P1:2.162 P2:2.162 P3:2.1615 P4:2.162 STATE:IDLE
[2026-05-12 00:07:56Z] CHK MOM:-0.29% RANGE:0.39% UP:27.27% SPREAD:0.09254974% BID:2.161 ASK:2.163 MID:2.162 P1:2.162 P2:2.162 P3:2.1615 P4:2.162 STATE:IDLE
[2026-05-12 00:07:56Z] CHK MOM:-0.29% RANGE:0.37% UP:27.27% SPREAD:0.04627487% BID:2.161 ASK:2.162 MID:2.1615 P1:2.1615 P2:2.162 P3:2.162 P4:2.1615 STATE:IDLE
[2026-05-12 00:07:57Z] CHK MOM:-0.29% RANGE:0.37% UP:27.27% SPREAD:0.04627487% BID:2.161 ASK:2.162 MID:2.1615 P1:2.1615 P2:2.162 P3:2.162 P4:2.1615 STATE:IDLE
[2026-05-12 00:07:57Z] CHK MOM:-0.27% RANGE:0.37% UP:36.36% SPREAD:0.09254974% BID:2.161 ASK:2.163 MID:2.162 P1:2.162 P2:2.1615 P3:2.162 P4:2.162 STATE:IDLE
[2026-05-12 00:07:58Z] CHK MOM:-0.27% RANGE:0.37% UP:33.33% SPREAD:0.09254974% BID:2.161 ASK:2.163 MID:2.162 P1:2.162 P2:2.162 P3:2.1615 P4:2.162 STATE:IDLE
[2026-05-12 00:07:58Z] CHK MOM:-0.25% RANGE:0.37% UP:41.66% SPREAD:0.04625346% BID:2.162 ASK:2.163 MID:2.16249999 P1:2.16249999 P2:2.162 P3:2.162 P4:2.1615 STATE:IDLE
[2026-05-12 00:07:59Z] CHK MOM:-0.25% RANGE:0.37% UP:41.66% SPREAD:0.04625346% BID:2.162 ASK:2.163 MID:2.16249999 P1:2.16249999 P2:2.162 P3:2.162 P4:2.1615 STATE:IDLE
[2026-05-12 00:07:59Z] CHK MOM:-0.25% RANGE:0.37% UP:41.66% SPREAD:0.04625346% BID:2.162 ASK:2.163 MID:2.16249999 P1:2.16249999 P2:2.162 P3:2.162 P4:2.1615 STATE:IDLE
[2026-05-12 00:08:00Z] CHK MOM:-0.27% RANGE:0.37% UP:38.46% SPREAD:0.09254974% BID:2.161 ASK:2.163 MID:2.162 P1:2.162 P2:2.16249999 P3:2.162 P4:2.162 STATE:IDLE
[2026-05-12 00:08:01Z] CHK MOM:-0.27% RANGE:0.37% UP:38.46% SPREAD:0.09254974% BID:2.161 ASK:2.163 MID:2.162 P1:2.162 P2:2.16249999 P3:2.162 P4:2.162 STATE:IDLE
[2026-05-12 00:08:01Z] CHK MOM:-0.27% RANGE:0.37% UP:38.46% SPREAD:0.09254974% BID:2.161 ASK:2.163 MID:2.162 P1:2.162 P2:2.16249999 P3:2.162 P4:2.162 STATE:IDLE
[2026-05-12 00:08:02Z] CHK MOM:-0.27% RANGE:0.37% UP:38.46% SPREAD:0.09254974% BID:2.161 ASK:2.163 MID:2.162 P1:2.162 P2:2.16249999 P3:2.162 P4:2.162 STATE:IDLE
[2026-05-12 00:08:02Z] CHK MOM:-0.02% RANGE:0.04% UP:33.33% SPREAD:0.04627487% BID:2.161 ASK:2.162 MID:2.1615 P1:2.1615 P2:2.162 P3:2.16249999 P4:2.162 STATE:IDLE
[2026-05-12 00:08:03Z] CHK MOM:-0.02% RANGE:0.04% UP:30% SPREAD:0.04627487% BID:2.161 ASK:2.162 MID:2.1615 P1:2.1615 P2:2.1615 P3:2.162 P4:2.16249999 STATE:IDLE
[2026-05-12 00:08:03Z] CHK MOM:-0.02% RANGE:0.04% UP:30% SPREAD:0.04627487% BID:2.161 ASK:2.162 MID:2.1615 P1:2.1615 P2:2.1615 P3:2.162 P4:2.16249999 STATE:IDLE
[2026-05-12 00:08:04Z] CHK MOM:-0.02% RANGE:0.04% UP:30% SPREAD:0.04627487% BID:2.161 ASK:2.162 MID:2.1615 P1:2.1615 P2:2.1615 P3:2.162 P4:2.16249999 STATE:IDLE
[2026-05-12 00:08:04Z] CHK MOM:0% RANGE:0.04% UP:33.33% SPREAD:0.09254974% BID:2.161 ASK:2.163 MID:2.162 P1:2.162 P2:2.1615 P3:2.1615 P4:2.162 STATE:IDLE
[2026-05-12 00:08:05Z] CHK MOM:0% RANGE:0.04% UP:33.33% SPREAD:0.09254974% BID:2.161 ASK:2.163 MID:2.162 P1:2.162 P2:2.1615 P3:2.1615 P4:2.162 STATE:IDLE
[2026-05-12 00:08:05Z] CHK MOM:0% RANGE:0.04% UP:33.33% SPREAD:0.09254974% BID:2.161 ASK:2.163 MID:2.162 P1:2.162 P2:2.1615 P3:2.1615 P4:2.162 STATE:IDLE
[2026-05-12 00:08:06Z] CHK MOM:0% RANGE:0.04% UP:33.33% SPREAD:0.09254974% BID:2.161 ASK:2.163 MID:2.162 P1:2.162 P2:2.1615 P3:2.1615 P4:2.162 STATE:IDLE
[2026-05-12 00:08:07Z] CHK MOM:0% RANGE:0.04% UP:37.5% SPREAD:0.04627487% BID:2.161 ASK:2.162 MID:2.1615 P1:2.1615 P2:2.162 P3:2.1615 P4:2.1615 STATE:IDLE
[2026-05-12 00:08:07Z] CHK MOM:0% RANGE:0.04% UP:37.5% SPREAD:0.04627487% BID:2.161 ASK:2.162 MID:2.1615 P1:2.1615 P2:2.162 P3:2.1615 P4:2.1615 STATE:IDLE
[2026-05-12 00:08:08Z] CHK MOM:0% RANGE:0.04% UP:33.33% SPREAD:0.04627487% BID:2.161 ASK:2.162 MID:2.1615 P1:2.1615 P2:2.1615 P3:2.162 P4:2.1615 STATE:IDLE
[2026-05-12 00:08:08Z] CHK MOM:0% RANGE:0.04% UP:33.33% SPREAD:0.04627487% BID:2.161 ASK:2.162 MID:2.1615 P1:2.1615 P2:2.1615 P3:2.162 P4:2.1615 STATE:IDLE
[2026-05-12 00:08:09Z] CHK MOM:0% RANGE:0.04% UP:33.33% SPREAD:0.04627487% BID:2.161 ASK:2.162 MID:2.1615 P1:2.1615 P2:2.1615 P3:2.162 P4:2.1615 STATE:IDLE
[2026-05-12 00:08:09Z] CHK MOM:0% RANGE:0.04% UP:33.33% SPREAD:0.04627487% BID:2.161 ASK:2.162 MID:2.1615 P1:2.1615 P2:2.1615 P3:2.162 P4:2.1615 STATE:IDLE
[2026-05-12 00:08:10Z] CHK MOM:0% RANGE:0.04% UP:33.33% SPREAD:0.04627487% BID:2.161 ASK:2.162 MID:2.1615 P1:2.1615 P2:2.1615 P3:2.162 P4:2.1615 STATE:IDLE
[2026-05-12 00:08:10Z] CHK MOM:-0.04% RANGE:0.04% UP:14.28% SPREAD:0.04627487% BID:2.161 ASK:2.162 MID:2.1615 P1:2.1615 P2:2.1615 P3:2.1615 P4:2.162 STATE:IDLE
[2026-05-12 00:08:11Z] CHK MOM:-0.04% RANGE:0.04% UP:14.28% SPREAD:0.04627487% BID:2.161 ASK:2.162 MID:2.1615 P1:2.1615 P2:2.1615 P3:2.1615 P4:2.162 STATE:IDLE
[2026-05-12 00:08:12Z] CHK MOM:-0.04% RANGE:0.04% UP:14.28% SPREAD:0.04627487% BID:2.161 ASK:2.162 MID:2.1615 P1:2.1615 P2:2.1615 P3:2.1615 P4:2.162 STATE:IDLE
[2026-05-12 00:08:12Z] CHK MOM:-0.04% RANGE:0.04% UP:14.28% SPREAD:0.04627487% BID:2.161 ASK:2.162 MID:2.1615 P1:2.1615 P2:2.1615 P3:2.1615 P4:2.162 STATE:IDLE
[2026-05-12 00:08:13Z] CHK MOM:-0.04% RANGE:0.04% UP:14.28% SPREAD:0.04627487% BID:2.161 ASK:2.162 MID:2.1615 P1:2.1615 P2:2.1615 P3:2.1615 P4:2.162 STATE:IDLE
[2026-05-12 00:08:17Z] CHK MOM:-0.02% RANGE:0.02% UP:0% SPREAD:0.09259259% BID:2.16 ASK:2.162 MID:2.161 P1:2.161 P2:2.1615 P3:2.1615 P4:2.1615 STATE:IDLE
[2026-05-12 00:08:18Z] CHK MOM:-0.04% RANGE:0.04% UP:0% SPREAD:0.13895321% BID:2.159 ASK:2.162 MID:2.1605 P1:2.1605 P2:2.161 P3:2.1615 P4:2.1615 STATE:IDLE
[2026-05-12 00:08:18Z] CHK MOM:-0.06% RANGE:0.06% UP:0% SPREAD:0.09263547% BID:2.159 ASK:2.161 MID:2.16 P1:2.16 P2:2.1605 P3:2.161 P4:2.1615 STATE:IDLE
[2026-05-12 00:08:19Z] CHK MOM:-0.06% RANGE:0.06% UP:0% SPREAD:0.09263547% BID:2.159 ASK:2.161 MID:2.16 P1:2.16 P2:2.1605 P3:2.161 P4:2.1615 STATE:IDLE
[2026-05-12 00:08:19Z] CHK MOM:-0.06% RANGE:0.06% UP:0% SPREAD:0.09263547% BID:2.159 ASK:2.161 MID:2.16 P1:2.16 P2:2.1605 P3:2.161 P4:2.1615 STATE:IDLE
[2026-05-12 00:08:20Z] CHK MOM:-0.06% RANGE:0.06% UP:0% SPREAD:0.09263547% BID:2.159 ASK:2.161 MID:2.16 P1:2.16 P2:2.16 P3:2.1605 P4:2.161 STATE:IDLE
[2026-05-12 00:08:20Z] CHK MOM:-0.06% RANGE:0.06% UP:0% SPREAD:0.09263547% BID:2.159 ASK:2.161 MID:2.16 P1:2.16 P2:2.16 P3:2.1605 P4:2.161 STATE:IDLE
[2026-05-12 00:08:21Z] CHK MOM:-0.06% RANGE:0.06% UP:0% SPREAD:0.09263547% BID:2.159 ASK:2.161 MID:2.16 P1:2.16 P2:2.16 P3:2.1605 P4:2.161 STATE:IDLE
[2026-05-12 00:08:21Z] CHK MOM:-0.06% RANGE:0.06% UP:0% SPREAD:0.09263547% BID:2.159 ASK:2.161 MID:2.16 P1:2.16 P2:2.16 P3:2.1605 P4:2.161 STATE:IDLE
[2026-05-12 00:08:22Z] CHK MOM:-0.06% RANGE:0.06% UP:0% SPREAD:0.09263547% BID:2.159 ASK:2.161 MID:2.16 P1:2.16 P2:2.16 P3:2.16 P4:2.1605 STATE:IDLE
[2026-05-12 00:08:23Z] CHK MOM:-0.06% RANGE:0.06% UP:0% SPREAD:0.09263547% BID:2.159 ASK:2.161 MID:2.16 P1:2.16 P2:2.16 P3:2.16 P4:2.1605 STATE:IDLE
[2026-05-12 00:08:23Z] CHK MOM:-0.06% RANGE:0.06% UP:0% SPREAD:0.09263547% BID:2.159 ASK:2.161 MID:2.16 P1:2.16 P2:2.16 P3:2.16 P4:2.1605 STATE:IDLE
[2026-05-12 00:08:24Z] CHK MOM:-0.06% RANGE:0.06% UP:0% SPREAD:0.09263547% BID:2.159 ASK:2.161 MID:2.16 P1:2.16 P2:2.16 P3:2.16 P4:2.1605 STATE:IDLE
[2026-05-12 00:08:24Z] CHK MOM:-0.06% RANGE:0.06% UP:0% SPREAD:0.09263547% BID:2.159 ASK:2.161 MID:2.16 P1:2.16 P2:2.16 P3:2.16 P4:2.1605 STATE:IDLE
[2026-05-12 00:08:25Z] CHK MOM:-0.09% RANGE:0.09% UP:0% SPREAD:0.0926784% BID:2.158 ASK:2.16 MID:2.159 P1:2.159 P2:2.16 P3:2.16 P4:2.16 STATE:IDLE
[2026-05-12 00:08:26Z] CHK MOM:-0.09% RANGE:0.09% UP:0% SPREAD:0.0926784% BID:2.158 ASK:2.16 MID:2.159 P1:2.159 P2:2.159 P3:2.16 P4:2.16 STATE:IDLE
[2026-05-12 00:08:26Z] CHK MOM:-0.11% RANGE:0.11% UP:0% SPREAD:0.0463392% BID:2.158 ASK:2.159 MID:2.1585 P1:2.1585 P2:2.159 P3:2.159 P4:2.16 STATE:IDLE
[2026-05-12 00:08:27Z] CHK MOM:-0.11% RANGE:0.11% UP:0% SPREAD:0.0463392% BID:2.158 ASK:2.159 MID:2.1585 P1:2.1585 P2:2.159 P3:2.159 P4:2.16 STATE:IDLE
[2026-05-12 00:08:27Z] CHK MOM:-0.11% RANGE:0.11% UP:0% SPREAD:0.0463392% BID:2.158 ASK:2.159 MID:2.1585 P1:2.1585 P2:2.1585 P3:2.159 P4:2.159 STATE:IDLE
[2026-05-12 00:08:28Z] CHK MOM:-0.09% RANGE:0.11% UP:11.11% SPREAD:0.0926784% BID:2.158 ASK:2.16 MID:2.159 P1:2.159 P2:2.1585 P3:2.1585 P4:2.159 STATE:IDLE
[2026-05-12 00:08:29Z] CHK MOM:-0.06% RANGE:0.11% UP:20% SPREAD:0.04631773% BID:2.159 ASK:2.16 MID:2.1595 P1:2.1595 P2:2.159 P3:2.1585 P4:2.1585 STATE:IDLE
[2026-05-12 00:08:29Z] CHK MOM:-0.06% RANGE:0.11% UP:20% SPREAD:0.04631773% BID:2.159 ASK:2.16 MID:2.1595 P1:2.1595 P2:2.159 P3:2.1585 P4:2.1585 STATE:IDLE
[2026-05-12 00:08:30Z] CHK MOM:-0.06% RANGE:0.11% UP:20% SPREAD:0.04631773% BID:2.159 ASK:2.16 MID:2.1595 P1:2.1595 P2:2.159 P3:2.1585 P4:2.1585 STATE:IDLE
[2026-05-12 00:08:30Z] CHK MOM:-0.02% RANGE:0.06% UP:25% SPREAD:0.04631773% BID:2.159 ASK:2.16 MID:2.1595 P1:2.1595 P2:2.1595 P3:2.159 P4:2.1585 STATE:IDLE
[2026-05-12 00:08:31Z] CHK MOM:-0.02% RANGE:0.06% UP:25% SPREAD:0.04631773% BID:2.159 ASK:2.16 MID:2.1595 P1:2.1595 P2:2.1595 P3:2.159 P4:2.1585 STATE:IDLE
[2026-05-12 00:08:31Z] CHK MOM:-0.02% RANGE:0.06% UP:25% SPREAD:0.04631773% BID:2.159 ASK:2.16 MID:2.1595 P1:2.1595 P2:2.1595 P3:2.159 P4:2.1585 STATE:IDLE
[2026-05-12 00:08:32Z] CHK MOM:-0.02% RANGE:0.06% UP:25% SPREAD:0.04631773% BID:2.159 ASK:2.16 MID:2.1595 P1:2.1595 P2:2.1595 P3:2.159 P4:2.1585 STATE:IDLE
[2026-05-12 00:08:32Z] CHK MOM:-0.02% RANGE:0.06% UP:25% SPREAD:0.04631773% BID:2.159 ASK:2.16 MID:2.1595 P1:2.1595 P2:2.1595 P3:2.159 P4:2.1585 STATE:IDLE
[2026-05-12 00:08:33Z] CHK MOM:-0.02% RANGE:0.06% UP:25% SPREAD:0.04631773% BID:2.159 ASK:2.16 MID:2.1595 P1:2.1595 P2:2.1595 P3:2.159 P4:2.1585 STATE:IDLE
[2026-05-12 00:08:35Z] CHK MOM:0.02% RANGE:0.04% UP:28.57% SPREAD:0.04631773% BID:2.159 ASK:2.16 MID:2.1595 P1:2.1595 P2:2.1595 P3:2.1595 P4:2.159 STATE:IDLE
[2026-05-12 00:08:36Z] CHK MOM:0.02% RANGE:0.04% UP:25% SPREAD:0.04631773% BID:2.159 ASK:2.16 MID:2.1595 P1:2.1595 P2:2.1595 P3:2.1595 P4:2.1595 STATE:IDLE
[2026-05-12 00:08:36Z] CHK MOM:0.02% RANGE:0.04% UP:25% SPREAD:0.04631773% BID:2.159 ASK:2.16 MID:2.1595 P1:2.1595 P2:2.1595 P3:2.1595 P4:2.1595 STATE:IDLE
[2026-05-12 00:08:37Z] CHK MOM:0.02% RANGE:0.04% UP:25% SPREAD:0.04631773% BID:2.159 ASK:2.16 MID:2.1595 P1:2.1595 P2:2.1595 P3:2.1595 P4:2.1595 STATE:IDLE
[2026-05-12 00:08:37Z] CHK MOM:0.02% RANGE:0.04% UP:25% SPREAD:0.04631773% BID:2.159 ASK:2.16 MID:2.1595 P1:2.1595 P2:2.1595 P3:2.1595 P4:2.1595 STATE:IDLE
[2026-05-12 00:08:38Z] CHK MOM:0.02% RANGE:0.04% UP:25% SPREAD:0.04631773% BID:2.159 ASK:2.16 MID:2.1595 P1:2.1595 P2:2.1595 P3:2.1595 P4:2.1595 STATE:IDLE
[2026-05-12 00:08:38Z] CHK MOM:0.04% RANGE:0.04% UP:33.33% SPREAD:0.04631773% BID:2.159 ASK:2.16 MID:2.1595 P1:2.1595 P2:2.1595 P3:2.1595 P4:2.1595 STATE:IDLE
[2026-05-12 00:08:39Z] CHK MOM:0.04% RANGE:0.04% UP:33.33% SPREAD:0.04631773% BID:2.159 ASK:2.16 MID:2.1595 P1:2.1595 P2:2.1595 P3:2.1595 P4:2.1595 STATE:IDLE
[2026-05-12 00:08:39Z] CHK MOM:0% RANGE:0.02% UP:16.66% SPREAD:0.0926784% BID:2.158 ASK:2.16 MID:2.159 P1:2.159 P2:2.1595 P3:2.1595 P4:2.1595 STATE:IDLE
[2026-05-12 00:08:40Z] CHK MOM:0% RANGE:0.02% UP:14.28% SPREAD:0.0926784% BID:2.158 ASK:2.16 MID:2.159 P1:2.159 P2:2.159 P3:2.1595 P4:2.1595 STATE:IDLE
[2026-05-12 00:08:41Z] CHK MOM:0% RANGE:0.02% UP:14.28% SPREAD:0.0926784% BID:2.158 ASK:2.16 MID:2.159 P1:2.159 P2:2.159 P3:2.1595 P4:2.1595 STATE:IDLE
[2026-05-12 00:08:41Z] CHK MOM:0% RANGE:0.02% UP:14.28% SPREAD:0.0926784% BID:2.158 ASK:2.16 MID:2.159 P1:2.159 P2:2.159 P3:2.1595 P4:2.1595 STATE:IDLE
[2026-05-12 00:08:42Z] CHK MOM:0% RANGE:0.02% UP:14.28% SPREAD:0.0926784% BID:2.158 ASK:2.16 MID:2.159 P1:2.159 P2:2.159 P3:2.1595 P4:2.1595 STATE:IDLE
[2026-05-12 00:08:42Z] CHK MOM:0% RANGE:0.02% UP:14.28% SPREAD:0.0926784% BID:2.158 ASK:2.16 MID:2.159 P1:2.159 P2:2.159 P3:2.1595 P4:2.1595 STATE:IDLE
[2026-05-12 00:08:45Z] CHK MOM:0% RANGE:0.02% UP:20% SPREAD:0.04631773% BID:2.159 ASK:2.16 MID:2.1595 P1:2.1595 P2:2.159 P3:2.159 P4:2.1595 STATE:IDLE
[2026-05-12 00:08:45Z] CHK MOM:0% RANGE:0.02% UP:20% SPREAD:0.04631773% BID:2.159 ASK:2.16 MID:2.1595 P1:2.1595 P2:2.159 P3:2.159 P4:2.1595 STATE:IDLE
[2026-05-12 00:08:46Z] CHK MOM:0% RANGE:0.02% UP:16.66% SPREAD:0.04631773% BID:2.159 ASK:2.16 MID:2.1595 P1:2.1595 P2:2.1595 P3:2.159 P4:2.159 STATE:IDLE
[2026-05-12 00:08:47Z] CHK MOM:0% RANGE:0.02% UP:16.66% SPREAD:0.04631773% BID:2.159 ASK:2.16 MID:2.1595 P1:2.1595 P2:2.1595 P3:2.159 P4:2.159 STATE:IDLE
[2026-05-12 00:08:47Z] CHK MOM:0% RANGE:0.02% UP:16.66% SPREAD:0.04631773% BID:2.159 ASK:2.16 MID:2.1595 P1:2.1595 P2:2.1595 P3:2.159 P4:2.159 STATE:IDLE
[2026-05-12 00:08:48Z] CHK MOM:0% RANGE:0.02% UP:16.66% SPREAD:0.04631773% BID:2.159 ASK:2.16 MID:2.1595 P1:2.1595 P2:2.1595 P3:2.159 P4:2.159 STATE:IDLE
[2026-05-12 00:08:48Z] CHK MOM:0% RANGE:0.02% UP:16.66% SPREAD:0.04631773% BID:2.159 ASK:2.16 MID:2.1595 P1:2.1595 P2:2.1595 P3:2.159 P4:2.159 STATE:IDLE
[2026-05-12 00:08:52Z] CHK MOM:0.02% RANGE:0.02% UP:25% SPREAD:0.04631773% BID:2.159 ASK:2.16 MID:2.1595 P1:2.1595 P2:2.1595 P3:2.1595 P4:2.159 STATE:IDLE
[2026-05-12 00:08:52Z] CHK MOM:0.04% RANGE:0.04% UP:33.33% SPREAD:0.04629629% BID:2.16 ASK:2.161 MID:2.1605 P1:2.1605 P2:2.1595 P3:2.1595 P4:2.1595 STATE:IDLE
[2026-05-12 00:08:53Z] CHK MOM:0.06% RANGE:0.06% UP:50% SPREAD:0.09259259% BID:2.16 ASK:2.162 MID:2.161 P1:2.161 P2:2.1605 P3:2.1595 P4:2.1595 STATE:IDLE
[2026-05-12 00:08:53Z] CHK MOM:0.06% RANGE:0.06% UP:50% SPREAD:0.09259259% BID:2.16 ASK:2.162 MID:2.161 P1:2.161 P2:2.1605 P3:2.1595 P4:2.1595 STATE:IDLE
