[2026-05-14 18:00:31Z] SESSION_START symbol=PENDLEUSDC dry_run=0 profile=major strategy=momentum base_url=https://api.binance.com
[2026-05-14 18:00:31Z] TOXIC_MEMORY_LOADED count=5 symbols=GUNUSDC,JTOUSDC,ORDIUSDC,SAHARAUSDC,TONUSDC
[2026-05-14 18:00:32Z] CHK MOM:0% RANGE:0% UP:0% SPREAD:0.09610764% BID:2.081 ASK:2.083 MID:2.082 P1:2.082 P2:NA P3:NA P4:NA STATE:IDLE
[2026-05-14 18:00:33Z] CHK MOM:-0.02% RANGE:0.02% UP:0% SPREAD:0.04805382% BID:2.081 ASK:2.082 MID:2.0815 P1:2.0815 P2:2.082 P3:NA P4:NA STATE:IDLE
[2026-05-14 18:00:33Z] CHK MOM:-0.04% RANGE:0.04% UP:0% SPREAD:0.09615384% BID:2.08 ASK:2.082 MID:2.081 P1:2.081 P2:2.0815 P3:2.082 P4:NA STATE:IDLE
[2026-05-14 18:00:34Z] CHK MOM:-0.04% RANGE:0.04% UP:0% SPREAD:0.09615384% BID:2.08 ASK:2.082 MID:2.081 P1:2.081 P2:2.0815 P3:2.082 P4:NA STATE:IDLE
[2026-05-14 18:00:34Z] CHK MOM:-0.02% RANGE:0.04% UP:33.33% SPREAD:0.04805382% BID:2.081 ASK:2.082 MID:2.0815 P1:2.0815 P2:2.081 P3:2.0815 P4:2.082 STATE:IDLE
[2026-05-14 18:00:35Z] CHK MOM:-0.02% RANGE:0.04% UP:33.33% SPREAD:0.04805382% BID:2.081 ASK:2.082 MID:2.0815 P1:2.0815 P2:2.081 P3:2.0815 P4:2.082 STATE:IDLE
[2026-05-14 18:00:35Z] CHK MOM:-0.02% RANGE:0.04% UP:33.33% SPREAD:0.04805382% BID:2.081 ASK:2.082 MID:2.0815 P1:2.0815 P2:2.081 P3:2.0815 P4:2.082 STATE:IDLE
[2026-05-14 18:00:36Z] CHK MOM:-0.02% RANGE:0.04% UP:33.33% SPREAD:0.04805382% BID:2.081 ASK:2.082 MID:2.0815 P1:2.0815 P2:2.081 P3:2.0815 P4:2.082 STATE:IDLE
[2026-05-14 18:00:36Z] CHK MOM:-0.02% RANGE:0.04% UP:33.33% SPREAD:0.04805382% BID:2.081 ASK:2.082 MID:2.0815 P1:2.0815 P2:2.081 P3:2.0815 P4:2.082 STATE:IDLE
[2026-05-14 18:00:37Z] CHK MOM:-0.02% RANGE:0.04% UP:33.33% SPREAD:0.04805382% BID:2.081 ASK:2.082 MID:2.0815 P1:2.0815 P2:2.081 P3:2.0815 P4:2.082 STATE:IDLE
[2026-05-14 18:00:38Z] CHK MOM:0.02% RANGE:0.07% UP:50% SPREAD:0.04803073% BID:2.082 ASK:2.083 MID:2.0825 P1:2.0825 P2:2.0815 P3:2.081 P4:2.0815 STATE:IDLE
[2026-05-14 18:00:39Z] CHK MOM:0.04% RANGE:0.09% UP:60% SPREAD:0.09606147% BID:2.082 ASK:2.084 MID:2.083 P1:2.083 P2:2.0825 P3:2.0815 P4:2.081 STATE:IDLE
[2026-05-14 18:00:39Z] CHK MOM:0.02% RANGE:0.09% UP:50% SPREAD:0.04803073% BID:2.082 ASK:2.083 MID:2.0825 P1:2.0825 P2:2.083 P3:2.0825 P4:2.0815 STATE:IDLE
[2026-05-14 18:00:40Z] CHK MOM:0.02% RANGE:0.09% UP:50% SPREAD:0.04803073% BID:2.082 ASK:2.083 MID:2.0825 P1:2.0825 P2:2.083 P3:2.0825 P4:2.0815 STATE:IDLE
[2026-05-14 18:00:40Z] CHK MOM:0.02% RANGE:0.09% UP:42.85% SPREAD:0.04803073% BID:2.082 ASK:2.083 MID:2.0825 P1:2.0825 P2:2.0825 P3:2.083 P4:2.0825 STATE:IDLE
[2026-05-14 18:00:41Z] CHK MOM:0% RANGE:0.09% UP:37.5% SPREAD:0.09610764% BID:2.081 ASK:2.083 MID:2.082 P1:2.082 P2:2.0825 P3:2.0825 P4:2.083 STATE:IDLE
[2026-05-14 18:00:41Z] CHK MOM:0% RANGE:0.09% UP:33.33% SPREAD:0.09610764% BID:2.081 ASK:2.083 MID:2.082 P1:2.082 P2:2.082 P3:2.0825 P4:2.0825 STATE:IDLE
[2026-05-14 18:00:42Z] CHK MOM:0% RANGE:0.09% UP:30% SPREAD:0.09610764% BID:2.081 ASK:2.083 MID:2.082 P1:2.082 P2:2.082 P3:2.082 P4:2.0825 STATE:IDLE
[2026-05-14 18:00:42Z] CHK MOM:0% RANGE:0.09% UP:30% SPREAD:0.09610764% BID:2.081 ASK:2.083 MID:2.082 P1:2.082 P2:2.082 P3:2.082 P4:2.0825 STATE:IDLE
[2026-05-14 18:00:43Z] CHK MOM:-0.02% RANGE:0.09% UP:27.27% SPREAD:0.04805382% BID:2.081 ASK:2.082 MID:2.0815 P1:2.0815 P2:2.082 P3:2.082 P4:2.082 STATE:IDLE
[2026-05-14 18:00:44Z] CHK MOM:-0.02% RANGE:0.09% UP:27.27% SPREAD:0.04805382% BID:2.081 ASK:2.082 MID:2.0815 P1:2.0815 P2:2.082 P3:2.082 P4:2.082 STATE:IDLE
[2026-05-14 18:00:44Z] CHK MOM:-0.02% RANGE:0.09% UP:27.27% SPREAD:0.04805382% BID:2.081 ASK:2.082 MID:2.0815 P1:2.0815 P2:2.082 P3:2.082 P4:2.082 STATE:IDLE
[2026-05-14 18:00:45Z] CHK MOM:-0.02% RANGE:0.09% UP:27.27% SPREAD:0.04805382% BID:2.081 ASK:2.082 MID:2.0815 P1:2.0815 P2:2.082 P3:2.082 P4:2.082 STATE:IDLE
[2026-05-14 18:00:45Z] CHK MOM:-0.02% RANGE:0.09% UP:27.27% SPREAD:0.04805382% BID:2.081 ASK:2.082 MID:2.0815 P1:2.0815 P2:2.082 P3:2.082 P4:2.082 STATE:IDLE
[2026-05-14 18:00:47Z] CHK MOM:-0.04% RANGE:0.07% UP:12.5% SPREAD:0.04805382% BID:2.081 ASK:2.082 MID:2.0815 P1:2.0815 P2:2.0815 P3:2.082 P4:2.082 STATE:IDLE
[2026-05-14 18:00:47Z] CHK MOM:-0.09% RANGE:0.12% UP:11.11% SPREAD:0.04807692% BID:2.08 ASK:2.081 MID:2.0805 P1:2.0805 P2:2.0815 P3:2.0815 P4:2.082 STATE:IDLE
[2026-05-14 18:00:48Z] CHK MOM:-0.09% RANGE:0.12% UP:11.11% SPREAD:0.04807692% BID:2.08 ASK:2.081 MID:2.0805 P1:2.0805 P2:2.0815 P3:2.0815 P4:2.082 STATE:IDLE
[2026-05-14 18:00:49Z] CHK MOM:-0.09% RANGE:0.12% UP:11.11% SPREAD:0.04807692% BID:2.08 ASK:2.081 MID:2.0805 P1:2.0805 P2:2.0815 P3:2.0815 P4:2.082 STATE:IDLE
[2026-05-14 18:00:49Z] CHK MOM:-0.02% RANGE:0.12% UP:20% SPREAD:0.09610764% BID:2.081 ASK:2.083 MID:2.082 P1:2.082 P2:2.0805 P3:2.0815 P4:2.0815 STATE:IDLE
[2026-05-14 18:00:50Z] CHK MOM:-0.02% RANGE:0.12% UP:20% SPREAD:0.09610764% BID:2.081 ASK:2.083 MID:2.082 P1:2.082 P2:2.0805 P3:2.0815 P4:2.0815 STATE:IDLE
[2026-05-14 18:00:50Z] CHK MOM:-0.04% RANGE:0.12% UP:10% SPREAD:0.09610764% BID:2.081 ASK:2.083 MID:2.082 P1:2.082 P2:2.082 P3:2.0805 P4:2.0815 STATE:IDLE
[2026-05-14 18:00:51Z] CHK MOM:-0.07% RANGE:0.09% UP:10% SPREAD:0.09615384% BID:2.08 ASK:2.082 MID:2.081 P1:2.081 P2:2.082 P3:2.082 P4:2.0805 STATE:IDLE
[2026-05-14 18:00:51Z] CHK MOM:-0.07% RANGE:0.09% UP:9.09% SPREAD:0.09615384% BID:2.08 ASK:2.082 MID:2.081 P1:2.081 P2:2.081 P3:2.082 P4:2.082 STATE:IDLE
[2026-05-14 18:00:52Z] CHK MOM:-0.07% RANGE:0.09% UP:9.09% SPREAD:0.09615384% BID:2.08 ASK:2.082 MID:2.081 P1:2.081 P2:2.081 P3:2.082 P4:2.082 STATE:IDLE
[2026-05-14 18:00:52Z] CHK MOM:-0.07% RANGE:0.09% UP:9.09% SPREAD:0.09615384% BID:2.08 ASK:2.082 MID:2.081 P1:2.081 P2:2.081 P3:2.082 P4:2.082 STATE:IDLE
[2026-05-14 18:00:53Z] CHK MOM:-0.07% RANGE:0.09% UP:9.09% SPREAD:0.09615384% BID:2.08 ASK:2.082 MID:2.081 P1:2.081 P2:2.081 P3:2.082 P4:2.082 STATE:IDLE
[2026-05-14 18:00:53Z] CHK MOM:-0.07% RANGE:0.09% UP:9.09% SPREAD:0.09615384% BID:2.08 ASK:2.082 MID:2.081 P1:2.081 P2:2.081 P3:2.082 P4:2.082 STATE:IDLE
[2026-05-14 18:00:54Z] CHK MOM:-0.07% RANGE:0.09% UP:9.09% SPREAD:0.09615384% BID:2.08 ASK:2.082 MID:2.081 P1:2.081 P2:2.081 P3:2.082 P4:2.082 STATE:IDLE
[2026-05-14 18:00:55Z] CHK MOM:-0.04% RANGE:0.07% UP:14.28% SPREAD:0.04807692% BID:2.08 ASK:2.081 MID:2.0805 P1:2.0805 P2:2.081 P3:2.081 P4:2.082 STATE:IDLE
[2026-05-14 18:00:55Z] CHK MOM:0% RANGE:0.07% UP:28.57% SPREAD:0.04805382% BID:2.081 ASK:2.082 MID:2.0815 P1:2.0815 P2:2.0805 P3:2.081 P4:2.081 STATE:IDLE
[2026-05-14 18:00:56Z] CHK MOM:0.02% RANGE:0.07% UP:37.5% SPREAD:0.09610764% BID:2.081 ASK:2.083 MID:2.082 P1:2.082 P2:2.0815 P3:2.0805 P4:2.081 STATE:IDLE
[2026-05-14 18:00:56Z] CHK MOM:0.02% RANGE:0.07% UP:33.33% SPREAD:0.09610764% BID:2.081 ASK:2.083 MID:2.082 P1:2.082 P2:2.082 P3:2.0815 P4:2.0805 STATE:IDLE
[2026-05-14 18:00:57Z] CHK MOM:0.02% RANGE:0.07% UP:30% SPREAD:0.09610764% BID:2.081 ASK:2.083 MID:2.082 P1:2.082 P2:2.082 P3:2.082 P4:2.0815 STATE:IDLE
[2026-05-14 18:00:57Z] CHK MOM:0.02% RANGE:0.07% UP:30% SPREAD:0.09610764% BID:2.081 ASK:2.083 MID:2.082 P1:2.082 P2:2.082 P3:2.082 P4:2.0815 STATE:IDLE
[2026-05-14 18:00:58Z] CHK MOM:0% RANGE:0.07% UP:27.27% SPREAD:0.04805382% BID:2.081 ASK:2.082 MID:2.0815 P1:2.0815 P2:2.082 P3:2.082 P4:2.082 STATE:IDLE
[2026-05-14 18:00:58Z] CHK MOM:-0.02% RANGE:0.07% UP:25% SPREAD:0.09615384% BID:2.08 ASK:2.082 MID:2.081 P1:2.081 P2:2.0815 P3:2.082 P4:2.082 STATE:IDLE
[2026-05-14 18:00:59Z] CHK MOM:-0.02% RANGE:0.07% UP:23.07% SPREAD:0.09615384% BID:2.08 ASK:2.082 MID:2.081 P1:2.081 P2:2.081 P3:2.0815 P4:2.082 STATE:IDLE
[2026-05-14 18:01:00Z] CHK MOM:-0.04% RANGE:0.07% UP:16.66% SPREAD:0.09615384% BID:2.08 ASK:2.082 MID:2.081 P1:2.081 P2:2.081 P3:2.081 P4:2.0815 STATE:IDLE
[2026-05-14 18:01:00Z] CHK MOM:-0.02% RANGE:0.07% UP:23.07% SPREAD:0.04805382% BID:2.081 ASK:2.082 MID:2.0815 P1:2.0815 P2:2.081 P3:2.081 P4:2.081 STATE:IDLE
[2026-05-14 18:01:01Z] CHK MOM:-0.04% RANGE:0.07% UP:21.42% SPREAD:0.09615384% BID:2.08 ASK:2.082 MID:2.081 P1:2.081 P2:2.0815 P3:2.081 P4:2.081 STATE:IDLE
[2026-05-14 18:01:01Z] CHK MOM:-0.04% RANGE:0.07% UP:21.42% SPREAD:0.09615384% BID:2.08 ASK:2.082 MID:2.081 P1:2.081 P2:2.081 P3:2.0815 P4:2.081 STATE:IDLE
[2026-05-14 18:01:02Z] CHK MOM:-0.04% RANGE:0.07% UP:20% SPREAD:0.09615384% BID:2.08 ASK:2.082 MID:2.081 P1:2.081 P2:2.081 P3:2.081 P4:2.0815 STATE:IDLE
[2026-05-14 18:01:02Z] CHK MOM:-0.07% RANGE:0.07% UP:18.75% SPREAD:0.04807692% BID:2.08 ASK:2.081 MID:2.0805 P1:2.0805 P2:2.081 P3:2.081 P4:2.081 STATE:IDLE
[2026-05-14 18:01:03Z] CHK MOM:0.02% RANGE:0.07% UP:25% SPREAD:0.04805382% BID:2.081 ASK:2.082 MID:2.0815 P1:2.0815 P2:2.0805 P3:2.081 P4:2.081 STATE:IDLE
[2026-05-14 18:01:03Z] CHK MOM:0.09% RANGE:0.09% UP:33.33% SPREAD:0.04803073% BID:2.082 ASK:2.083 MID:2.0825 P1:2.0825 P2:2.0815 P3:2.0805 P4:2.081 STATE:IDLE
[2026-05-14 18:01:04Z] CHK MOM:0.09% RANGE:0.09% UP:31.25% SPREAD:0.04803073% BID:2.082 ASK:2.083 MID:2.0825 P1:2.0825 P2:2.0825 P3:2.0815 P4:2.0805 STATE:IDLE
[2026-05-14 18:01:05Z] CHK MOM:0.09% RANGE:0.09% UP:29.41% SPREAD:0.04803073% BID:2.082 ASK:2.083 MID:2.0825 P1:2.0825 P2:2.0825 P3:2.0825 P4:2.0815 STATE:IDLE
[2026-05-14 18:01:05Z] CHK MOM:0.19% RANGE:0.19% UP:33.33% SPREAD:0.04798464% BID:2.084 ASK:2.085 MID:2.0845 P1:2.0845 P2:2.0825 P3:2.0825 P4:2.0825 STATE:IDLE
[2026-05-14 18:01:06Z] CHK MOM:0.19% RANGE:0.19% UP:31.57% SPREAD:0.04798464% BID:2.084 ASK:2.085 MID:2.0845 P1:2.0845 P2:2.0845 P3:2.0825 P4:2.0825 STATE:IDLE
[2026-05-14 18:01:06Z] CHK MOM:0.24% RANGE:0.24% UP:35% SPREAD:0.14395393% BID:2.084 ASK:2.087 MID:2.0855 P1:2.0855 P2:2.0845 P3:2.0845 P4:2.0825 STATE:IDLE
[2026-05-14 18:01:07Z] CHK MOM:0.19% RANGE:0.24% UP:30% SPREAD:0.04796163% BID:2.085 ASK:2.086 MID:2.08549999 P1:2.08549999 P2:2.0855 P3:2.0845 P4:2.0845 STATE:IDLE
[2026-05-14 18:01:07Z] CHK MOM:0.21% RANGE:0.28% UP:30% SPREAD:0.04793863% BID:2.086 ASK:2.087 MID:2.0865 P1:2.0865 P2:2.08549999 P3:2.0855 P4:2.0845 STATE:IDLE
[2026-05-14 18:01:08Z] CHK MOM:0.16% RANGE:0.28% UP:28.57% SPREAD:0.04796163% BID:2.085 ASK:2.086 MID:2.08549999 P1:2.08549999 P2:2.0865 P3:2.08549999 P4:2.0855 STATE:IDLE
[2026-05-14 18:01:08Z] CHK MOM:0.19% RANGE:0.28% UP:35% SPREAD:0.09592326% BID:2.085 ASK:2.087 MID:2.086 P1:2.086 P2:2.08549999 P3:2.0865 P4:2.08549999 STATE:IDLE
[2026-05-14 18:01:09Z] CHK MOM:0.19% RANGE:0.28% UP:35% SPREAD:0.04796163% BID:2.085 ASK:2.086 MID:2.08549999 P1:2.08549999 P2:2.086 P3:2.08549999 P4:2.0865 STATE:IDLE
[2026-05-14 18:01:10Z] CHK MOM:0.14% RANGE:0.28% UP:33.33% SPREAD:0.04798464% BID:2.084 ASK:2.085 MID:2.0845 P1:2.0845 P2:2.08549999 P3:2.086 P4:2.08549999 STATE:IDLE
[2026-05-14 18:01:10Z] CHK MOM:0.24% RANGE:0.28% UP:40% SPREAD:0.09592326% BID:2.085 ASK:2.087 MID:2.086 P1:2.086 P2:2.0845 P3:2.08549999 P4:2.086 STATE:IDLE
[2026-05-14 18:01:11Z] CHK MOM:0.19% RANGE:0.28% UP:40% SPREAD:0.09596928% BID:2.084 ASK:2.086 MID:2.085 P1:2.085 P2:2.086 P3:2.0845 P4:2.08549999 STATE:IDLE
[2026-05-14 18:01:11Z] CHK MOM:0.28% RANGE:0.33% UP:40% SPREAD:0.04791566% BID:2.087 ASK:2.088 MID:2.0875 P1:2.0875 P2:2.085 P3:2.086 P4:2.0845 STATE:IDLE
[2026-05-14 18:01:12Z] CHK MOM:0.33% RANGE:0.38% UP:42.85% SPREAD:0.04789272% BID:2.088 ASK:2.089 MID:2.0885 P1:2.0885 P2:2.0875 P3:2.085 P4:2.086 STATE:IDLE
[2026-05-14 18:01:13Z] BURST_TRIGGER ret=0.1919% need=0.1916% vel=0.2070%/s eff=1.000 pressure=999.00 drop=0.0000% dt=0.927s
[2026-05-14 18:01:13Z] BUY symbol=PENDLEUSDC qty=4.7 entry=2.0879999999999996 mode=BURST reason=BURST ret=0.1919% vel=0.2070%/s eff=1.000 pressure=999.00 drop=0.0000% P1=2.0885 P2=2.0875000000000004 P3=2.085 P4=2.0860000000000003
[2026-05-14 18:01:13Z] CHK MOM:0.31% RANGE:0.38% UP:47.36% SPREAD:0.04791566% BID:2.087 ASK:2.088 MID:2.0875 P1:2.0875 P2:2.0885 P3:2.0875 P4:2.085 STATE:IN_POS
[2026-05-14 18:01:14Z] CHK MOM:0.31% RANGE:0.38% UP:47.36% SPREAD:0.09587727% BID:2.086 ASK:2.088 MID:2.08699999 P1:2.08699999 P2:2.0875 P3:2.0885 P4:2.0875 STATE:IN_POS
[2026-05-14 18:01:15Z] CHK MOM:0.24% RANGE:0.33% UP:42.1% SPREAD:0.04793863% BID:2.086 ASK:2.087 MID:2.0865 P1:2.0865 P2:2.08699999 P3:2.0875 P4:2.0885 STATE:IN_POS
[2026-05-14 18:01:15Z] CHK MOM:0.21% RANGE:0.28% UP:44.44% SPREAD:0.09587727% BID:2.086 ASK:2.088 MID:2.08699999 P1:2.08699999 P2:2.0865 P3:2.08699999 P4:2.0875 STATE:IN_POS
[2026-05-14 18:01:16Z] CHK MOM:0.19% RANGE:0.28% UP:42.1% SPREAD:0.04793863% BID:2.086 ASK:2.087 MID:2.0865 P1:2.0865 P2:2.08699999 P3:2.0865 P4:2.08699999 STATE:IN_POS
[2026-05-14 18:01:16Z] CHK MOM:0.19% RANGE:0.28% UP:42.1% SPREAD:0.04793863% BID:2.086 ASK:2.087 MID:2.0865 P1:2.0865 P2:2.08699999 P3:2.0865 P4:2.08699999 STATE:IN_POS
[2026-05-14 18:01:17Z] CHK MOM:0.09% RANGE:0.19% UP:38.88% SPREAD:0.04793863% BID:2.086 ASK:2.087 MID:2.0865 P1:2.0865 P2:2.0865 P3:2.08699999 P4:2.0865 STATE:IN_POS
[2026-05-14 18:01:17Z] CHK MOM:0.09% RANGE:0.19% UP:38.88% SPREAD:0.04793863% BID:2.086 ASK:2.087 MID:2.0865 P1:2.0865 P2:2.0865 P3:2.08699999 P4:2.0865 STATE:IN_POS
[2026-05-14 18:01:18Z] CHK MOM:0.09% RANGE:0.19% UP:38.88% SPREAD:0.04793863% BID:2.086 ASK:2.087 MID:2.0865 P1:2.0865 P2:2.0865 P3:2.08699999 P4:2.0865 STATE:IN_POS
[2026-05-14 18:01:18Z] CHK MOM:0.02% RANGE:0.19% UP:37.5% SPREAD:0.09592326% BID:2.085 ASK:2.087 MID:2.086 P1:2.086 P2:2.0865 P3:2.0865 P4:2.08699999 STATE:IN_POS
[2026-05-14 18:01:19Z] CHK MOM:0.09% RANGE:0.19% UP:37.5% SPREAD:0.04789272% BID:2.088 ASK:2.089 MID:2.0885 P1:2.0885 P2:2.086 P3:2.0865 P4:2.0865 STATE:IN_POS
[2026-05-14 18:01:20Z] CHK MOM:0.04% RANGE:0.19% UP:37.5% SPREAD:0.04793863% BID:2.086 ASK:2.087 MID:2.0865 P1:2.0865 P2:2.0885 P3:2.086 P4:2.0865 STATE:IN_POS
[2026-05-14 18:01:20Z] CHK MOM:0.02% RANGE:0.19% UP:31.25% SPREAD:0.04793863% BID:2.086 ASK:2.087 MID:2.0865 P1:2.0865 P2:2.0865 P3:2.0885 P4:2.086 STATE:IN_POS
[2026-05-14 18:01:21Z] CHK MOM:0.07% RANGE:0.19% UP:33.33% SPREAD:0.09592326% BID:2.085 ASK:2.087 MID:2.086 P1:2.086 P2:2.0865 P3:2.0865 P4:2.0885 STATE:IN_POS
[2026-05-14 18:01:21Z] CHK MOM:0.07% RANGE:0.19% UP:31.25% SPREAD:0.09592326% BID:2.085 ASK:2.087 MID:2.086 P1:2.086 P2:2.086 P3:2.0865 P4:2.0865 STATE:IN_POS
[2026-05-14 18:01:22Z] CHK MOM:-0.07% RANGE:0.19% UP:25% SPREAD:0.04798464% BID:2.084 ASK:2.085 MID:2.0845 P1:2.0845 P2:2.086 P3:2.086 P4:2.0865 STATE:IN_POS
[2026-05-14 18:01:22Z] BURST_HANDOFF age=8.50s ext=0.0000% loss=0.1916% peak=2.08800000 stop=2.07100000 protect=0 trail=0
[2026-05-14 18:01:22Z] CHK MOM:-0.11% RANGE:0.23% UP:23.52% SPREAD:0.04800768% BID:2.083 ASK:2.084 MID:2.0835 P1:2.0835 P2:2.0845 P3:2.086 P4:2.086 STATE:IN_POS
[2026-05-14 18:01:23Z] CHK MOM:-0.21% RANGE:0.26% UP:18.75% SPREAD:0.09606147% BID:2.082 ASK:2.084 MID:2.083 P1:2.083 P2:2.0835 P3:2.0845 P4:2.086 STATE:IN_POS
[2026-05-14 18:01:23Z] CHK MOM:-0.26% RANGE:0.26% UP:12.5% SPREAD:0.09606147% BID:2.082 ASK:2.084 MID:2.083 P1:2.083 P2:2.083 P3:2.0835 P4:2.0845 STATE:IN_POS
[2026-05-14 18:01:24Z] CHK MOM:-0.28% RANGE:0.28% UP:11.76% SPREAD:0.04803073% BID:2.082 ASK:2.083 MID:2.0825 P1:2.0825 P2:2.083 P3:2.083 P4:2.0835 STATE:IN_POS
[2026-05-14 18:01:24Z] CHK MOM:-0.28% RANGE:0.28% UP:11.76% SPREAD:0.04803073% BID:2.082 ASK:2.083 MID:2.0825 P1:2.0825 P2:2.083 P3:2.083 P4:2.0835 STATE:IN_POS
[2026-05-14 18:01:25Z] CHK MOM:-0.28% RANGE:0.33% UP:11.76% SPREAD:0.04805382% BID:2.081 ASK:2.082 MID:2.0815 P1:2.0815 P2:2.0825 P3:2.083 P4:2.083 STATE:IN_POS
[2026-05-14 18:01:26Z] CHK MOM:-0.28% RANGE:0.36% UP:11.76% SPREAD:0.09615384% BID:2.08 ASK:2.082 MID:2.081 P1:2.081 P2:2.0815 P3:2.0825 P4:2.083 STATE:IN_POS
[2026-05-14 18:01:26Z] CHK MOM:-0.02% RANGE:0.36% UP:12.5% SPREAD:0.04793863% BID:2.086 ASK:2.087 MID:2.0865 P1:2.0865 P2:2.081 P3:2.0815 P4:2.0825 STATE:IN_POS
[2026-05-14 18:01:27Z] CHK MOM:0% RANGE:0.36% UP:17.64% SPREAD:0.09587727% BID:2.086 ASK:2.088 MID:2.08699999 P1:2.08699999 P2:2.0865 P3:2.081 P4:2.0815 STATE:IN_POS
[2026-05-14 18:01:28Z] CHK MOM:-0.02% RANGE:0.36% UP:18.75% SPREAD:0.09592326% BID:2.085 ASK:2.087 MID:2.086 P1:2.086 P2:2.08699999 P3:2.0865 P4:2.081 STATE:IN_POS
[2026-05-14 18:01:29Z] CHK MOM:0.07% RANGE:0.36% UP:25% SPREAD:0.04791566% BID:2.087 ASK:2.088 MID:2.0875 P1:2.0875 P2:2.086 P3:2.08699999 P4:2.0865 STATE:IN_POS
[2026-05-14 18:01:29Z] CHK MOM:0.07% RANGE:0.36% UP:25% SPREAD:0.04791566% BID:2.087 ASK:2.088 MID:2.0875 P1:2.0875 P2:2.086 P3:2.08699999 P4:2.0865 STATE:IN_POS
[2026-05-14 18:01:30Z] CHK MOM:0.04% RANGE:0.36% UP:23.52% SPREAD:0.09587727% BID:2.086 ASK:2.088 MID:2.08699999 P1:2.08699999 P2:2.0875 P3:2.086 P4:2.08699999 STATE:IN_POS
[2026-05-14 18:01:31Z] CHK MOM:0.07% RANGE:0.36% UP:27.77% SPREAD:0.04791566% BID:2.087 ASK:2.088 MID:2.0875 P1:2.0875 P2:2.08699999 P3:2.0875 P4:2.086 STATE:IN_POS
[2026-05-14 18:01:31Z] CHK MOM:0.07% RANGE:0.36% UP:27.77% SPREAD:0.04791566% BID:2.087 ASK:2.088 MID:2.0875 P1:2.0875 P2:2.08699999 P3:2.0875 P4:2.086 STATE:IN_POS
[2026-05-14 18:01:32Z] CHK MOM:0.09% RANGE:0.36% UP:31.25% SPREAD:0.04789272% BID:2.088 ASK:2.089 MID:2.0885 P1:2.0885 P2:2.0875 P3:2.08699999 P4:2.0875 STATE:IN_POS
[2026-05-14 18:01:32Z] CHK MOM:0.21% RANGE:0.45% UP:37.5% SPREAD:0.04784688% BID:2.09 ASK:2.091 MID:2.0905 P1:2.0905 P2:2.0885 P3:2.0875 P4:2.08699999 STATE:IN_POS
[2026-05-14 18:01:33Z] CHK MOM:0.21% RANGE:0.45% UP:37.5% SPREAD:0.04784688% BID:2.09 ASK:2.091 MID:2.0905 P1:2.0905 P2:2.0905 P3:2.0885 P4:2.0875 STATE:IN_POS
[2026-05-14 18:01:33Z] CHK MOM:0.21% RANGE:0.45% UP:37.5% SPREAD:0.09578544% BID:2.088 ASK:2.09 MID:2.089 P1:2.089 P2:2.0905 P3:2.0905 P4:2.0885 STATE:IN_POS
[2026-05-14 18:01:34Z] CHK MOM:0.26% RANGE:0.45% UP:37.5% SPREAD:0.09578544% BID:2.088 ASK:2.09 MID:2.089 P1:2.089 P2:2.089 P3:2.0905 P4:2.0905 STATE:IN_POS
[2026-05-14 18:01:34Z] CHK MOM:0.26% RANGE:0.45% UP:37.5% SPREAD:0.09578544% BID:2.088 ASK:2.09 MID:2.089 P1:2.089 P2:2.089 P3:2.0905 P4:2.0905 STATE:IN_POS
[2026-05-14 18:01:35Z] CHK MOM:0.26% RANGE:0.45% UP:37.5% SPREAD:0.09578544% BID:2.088 ASK:2.09 MID:2.089 P1:2.089 P2:2.089 P3:2.0905 P4:2.0905 STATE:IN_POS
[2026-05-14 18:01:35Z] CHK MOM:0.26% RANGE:0.45% UP:37.5% SPREAD:0.09578544% BID:2.088 ASK:2.09 MID:2.089 P1:2.089 P2:2.089 P3:2.0905 P4:2.0905 STATE:IN_POS
[2026-05-14 18:01:36Z] CHK MOM:0.26% RANGE:0.45% UP:37.5% SPREAD:0.09578544% BID:2.088 ASK:2.09 MID:2.089 P1:2.089 P2:2.089 P3:2.0905 P4:2.0905 STATE:IN_POS
[2026-05-14 18:01:37Z] CHK MOM:0.38% RANGE:0.45% UP:53.84% SPREAD:0.04786979% BID:2.089 ASK:2.09 MID:2.0895 P1:2.0895 P2:2.089 P3:2.089 P4:2.0905 STATE:IN_POS
[2026-05-14 18:01:37Z] CHK MOM:0.48% RANGE:0.48% UP:61.53% SPREAD:0.09569377% BID:2.09 ASK:2.092 MID:2.091 P1:2.091 P2:2.0895 P3:2.089 P4:2.089 STATE:IN_POS
[2026-05-14 18:01:38Z] CHK MOM:0.19% RANGE:0.23% UP:53.84% SPREAD:0.04784688% BID:2.09 ASK:2.091 MID:2.0905 P1:2.0905 P2:2.091 P3:2.0895 P4:2.089 STATE:IN_POS
[2026-05-14 18:01:38Z] CHK MOM:0.11% RANGE:0.23% UP:50% SPREAD:0.09578544% BID:2.088 ASK:2.09 MID:2.089 P1:2.089 P2:2.0905 P3:2.091 P4:2.0895 STATE:IN_POS
[2026-05-14 18:01:39Z] CHK MOM:0.07% RANGE:0.23% UP:42.85% SPREAD:0.143747% BID:2.087 ASK:2.09 MID:2.0885 P1:2.0885 P2:2.089 P3:2.0905 P4:2.091 STATE:IN_POS
[2026-05-14 18:01:39Z] CHK MOM:0.14% RANGE:0.23% UP:50% SPREAD:0.09578544% BID:2.088 ASK:2.09 MID:2.089 P1:2.089 P2:2.0885 P3:2.089 P4:2.0905 STATE:IN_POS
[2026-05-14 18:01:40Z] CHK MOM:0.11% RANGE:0.23% UP:46.66% SPREAD:0.04789272% BID:2.088 ASK:2.089 MID:2.0885 P1:2.0885 P2:2.089 P3:2.0885 P4:2.089 STATE:IN_POS
[2026-05-14 18:01:40Z] CHK MOM:0.11% RANGE:0.23% UP:46.66% SPREAD:0.04789272% BID:2.088 ASK:2.089 MID:2.0885 P1:2.0885 P2:2.089 P3:2.0885 P4:2.089 STATE:IN_POS
[2026-05-14 18:01:42Z] CHK MOM:0.07% RANGE:0.19% UP:42.85% SPREAD:0.04789272% BID:2.088 ASK:2.089 MID:2.0885 P1:2.0885 P2:2.0885 P3:2.089 P4:2.0885 STATE:IN_POS
[2026-05-14 18:01:44Z] CHK MOM:-0.02% RANGE:0.11% UP:33.33% SPREAD:0.09573958% BID:2.089 ASK:2.091 MID:2.09 P1:2.09 P2:2.0885 P3:2.0885 P4:2.089 STATE:IN_POS
[2026-05-14 18:01:45Z] CHK MOM:-0.02% RANGE:0.11% UP:33.33% SPREAD:0.09573958% BID:2.089 ASK:2.091 MID:2.09 P1:2.09 P2:2.0885 P3:2.0885 P4:2.089 STATE:IN_POS
[2026-05-14 18:01:45Z] CHK MOM:0% RANGE:0.11% UP:36.36% SPREAD:0.09578544% BID:2.088 ASK:2.09 MID:2.089 P1:2.089 P2:2.09 P3:2.0885 P4:2.0885 STATE:IN_POS
[2026-05-14 18:01:46Z] CHK MOM:0% RANGE:0.11% UP:36.36% SPREAD:0.09578544% BID:2.088 ASK:2.09 MID:2.089 P1:2.089 P2:2.089 P3:2.09 P4:2.0885 STATE:IN_POS
[2026-05-14 18:01:47Z] CHK MOM:-0.02% RANGE:0.11% UP:27.27% SPREAD:0.09578544% BID:2.088 ASK:2.09 MID:2.089 P1:2.089 P2:2.089 P3:2.089 P4:2.09 STATE:IN_POS
[2026-05-14 18:01:47Z] CHK MOM:-0.02% RANGE:0.11% UP:25% SPREAD:0.09578544% BID:2.088 ASK:2.09 MID:2.089 P1:2.089 P2:2.089 P3:2.089 P4:2.089 STATE:IN_POS
[2026-05-14 18:01:48Z] CHK MOM:-0.02% RANGE:0.11% UP:23.07% SPREAD:0.09578544% BID:2.088 ASK:2.09 MID:2.089 P1:2.089 P2:2.089 P3:2.089 P4:2.089 STATE:IN_POS
[2026-05-14 18:01:48Z] CHK MOM:-0.02% RANGE:0.11% UP:21.42% SPREAD:0.09578544% BID:2.088 ASK:2.09 MID:2.089 P1:2.089 P2:2.089 P3:2.089 P4:2.089 STATE:IN_POS
[2026-05-14 18:01:49Z] CHK MOM:0.04% RANGE:0.11% UP:26.66% SPREAD:0.04784688% BID:2.09 ASK:2.091 MID:2.0905 P1:2.0905 P2:2.089 P3:2.089 P4:2.089 STATE:IN_POS
[2026-05-14 18:01:49Z] CHK MOM:-0.02% RANGE:0.11% UP:20% SPREAD:0.04784688% BID:2.09 ASK:2.091 MID:2.0905 P1:2.0905 P2:2.0905 P3:2.089 P4:2.089 STATE:IN_POS
[2026-05-14 18:01:50Z] CHK MOM:-0.09% RANGE:0.09% UP:20% SPREAD:0.04789272% BID:2.088 ASK:2.089 MID:2.0885 P1:2.0885 P2:2.0905 P3:2.0905 P4:2.089 STATE:IN_POS
[2026-05-14 18:01:50Z] CHK MOM:-0.04% RANGE:0.11% UP:20% SPREAD:0.09583133% BID:2.087 ASK:2.089 MID:2.088 P1:2.088 P2:2.0885 P3:2.0905 P4:2.0905 STATE:IN_POS
[2026-05-14 18:01:51Z] CHK MOM:-0.04% RANGE:0.14% UP:20% SPREAD:0.04791566% BID:2.087 ASK:2.088 MID:2.0875 P1:2.0875 P2:2.088 P3:2.0885 P4:2.0905 STATE:IN_POS
[2026-05-14 18:01:51Z] CHK MOM:-0.07% RANGE:0.14% UP:13.33% SPREAD:0.04791566% BID:2.087 ASK:2.088 MID:2.0875 P1:2.0875 P2:2.0875 P3:2.088 P4:2.0885 STATE:IN_POS
[2026-05-14 18:01:52Z] CHK MOM:-0.07% RANGE:0.14% UP:13.33% SPREAD:0.04791566% BID:2.087 ASK:2.088 MID:2.0875 P1:2.0875 P2:2.0875 P3:2.088 P4:2.0885 STATE:IN_POS
[2026-05-14 18:01:53Z] CHK MOM:-0.04% RANGE:0.14% UP:14.28% SPREAD:0.04791566% BID:2.087 ASK:2.088 MID:2.0875 P1:2.0875 P2:2.0875 P3:2.0875 P4:2.088 STATE:IN_POS
[2026-05-14 18:01:53Z] CHK MOM:-0.04% RANGE:0.14% UP:13.33% SPREAD:0.04791566% BID:2.087 ASK:2.088 MID:2.0875 P1:2.0875 P2:2.0875 P3:2.0875 P4:2.0875 STATE:IN_POS
[2026-05-14 18:01:54Z] CHK MOM:-0.16% RANGE:0.19% UP:6.66% SPREAD:0.04793863% BID:2.086 ASK:2.087 MID:2.0865 P1:2.0865 P2:2.0875 P3:2.0875 P4:2.0875 STATE:IN_POS
[2026-05-14 18:01:54Z] CHK MOM:-0.16% RANGE:0.19% UP:6.25% SPREAD:0.04793863% BID:2.086 ASK:2.087 MID:2.0865 P1:2.0865 P2:2.0865 P3:2.0875 P4:2.0875 STATE:IN_POS
[2026-05-14 18:01:55Z] CHK MOM:-0.16% RANGE:0.19% UP:6.25% SPREAD:0.04793863% BID:2.086 ASK:2.087 MID:2.0865 P1:2.0865 P2:2.0865 P3:2.0875 P4:2.0875 STATE:IN_POS
[2026-05-14 18:01:55Z] CHK MOM:-0.16% RANGE:0.19% UP:6.25% SPREAD:0.04793863% BID:2.086 ASK:2.087 MID:2.0865 P1:2.0865 P2:2.0865 P3:2.0875 P4:2.0875 STATE:IN_POS
[2026-05-14 18:01:56Z] CHK MOM:-0.16% RANGE:0.19% UP:6.25% SPREAD:0.04793863% BID:2.086 ASK:2.087 MID:2.0865 P1:2.0865 P2:2.0865 P3:2.0875 P4:2.0875 STATE:IN_POS
[2026-05-14 18:01:56Z] CHK MOM:-0.19% RANGE:0.21% UP:5.88% SPREAD:0.09592326% BID:2.085 ASK:2.087 MID:2.086 P1:2.086 P2:2.0865 P3:2.0865 P4:2.0875 STATE:IN_POS
[2026-05-14 18:01:57Z] CHK MOM:-0.14% RANGE:0.21% UP:5.88% SPREAD:0.09592326% BID:2.085 ASK:2.087 MID:2.086 P1:2.086 P2:2.086 P3:2.0865 P4:2.0865 STATE:IN_POS
[2026-05-14 18:01:58Z] CHK MOM:-0.14% RANGE:0.21% UP:5.88% SPREAD:0.09592326% BID:2.085 ASK:2.087 MID:2.086 P1:2.086 P2:2.086 P3:2.0865 P4:2.0865 STATE:IN_POS
[2026-05-14 18:01:59Z] CHK MOM:-0.23% RANGE:0.31% UP:6.66% SPREAD:0.09601536% BID:2.083 ASK:2.085 MID:2.084 P1:2.084 P2:2.086 P3:2.086 P4:2.0865 STATE:IN_POS
[2026-05-14 18:02:00Z] CHK MOM:-0.26% RANGE:0.33% UP:7.14% SPREAD:0.04800768% BID:2.083 ASK:2.084 MID:2.0835 P1:2.0835 P2:2.084 P3:2.086 P4:2.086 STATE:IN_POS
[2026-05-14 18:02:00Z] CHK MOM:-0.23% RANGE:0.33% UP:13.33% SPREAD:0.09601536% BID:2.083 ASK:2.085 MID:2.084 P1:2.084 P2:2.0835 P3:2.084 P4:2.086 STATE:IN_POS
[2026-05-14 18:02:01Z] CHK MOM:-0.28% RANGE:0.33% UP:14.28% SPREAD:0.04798464% BID:2.084 ASK:2.085 MID:2.0845 P1:2.0845 P2:2.084 P3:2.0835 P4:2.084 STATE:IN_POS
[2026-05-14 18:02:01Z] CHK MOM:-0.19% RANGE:0.23% UP:14.28% SPREAD:0.04798464% BID:2.084 ASK:2.085 MID:2.0845 P1:2.0845 P2:2.0845 P3:2.084 P4:2.0835 STATE:IN_POS
[2026-05-14 18:02:02Z] CHK MOM:-0.19% RANGE:0.23% UP:13.33% SPREAD:0.04798464% BID:2.084 ASK:2.085 MID:2.0845 P1:2.0845 P2:2.0845 P3:2.0845 P4:2.084 STATE:IN_POS
[2026-05-14 18:02:02Z] CHK MOM:-0.11% RANGE:0.19% UP:21.42% SPREAD:0.09596928% BID:2.084 ASK:2.086 MID:2.085 P1:2.085 P2:2.0845 P3:2.0845 P4:2.0845 STATE:IN_POS
[2026-05-14 18:02:03Z] CHK MOM:-0.16% RANGE:0.19% UP:21.42% SPREAD:0.09601536% BID:2.083 ASK:2.085 MID:2.084 P1:2.084 P2:2.085 P3:2.0845 P4:2.0845 STATE:IN_POS
[2026-05-14 18:02:04Z] CHK MOM:-0.19% RANGE:0.19% UP:21.42% SPREAD:0.04800768% BID:2.083 ASK:2.084 MID:2.0835 P1:2.0835 P2:2.084 P3:2.085 P4:2.0845 STATE:IN_POS
[2026-05-14 18:02:04Z] CHK MOM:-0.19% RANGE:0.19% UP:21.42% SPREAD:0.04800768% BID:2.083 ASK:2.084 MID:2.0835 P1:2.0835 P2:2.084 P3:2.085 P4:2.0845 STATE:IN_POS
[2026-05-14 18:02:05Z] CHK MOM:-0.19% RANGE:0.19% UP:21.42% SPREAD:0.04800768% BID:2.083 ASK:2.084 MID:2.0835 P1:2.0835 P2:2.0835 P3:2.084 P4:2.085 STATE:IN_POS
[2026-05-14 18:02:05Z] CHK MOM:-0.19% RANGE:0.19% UP:21.42% SPREAD:0.04800768% BID:2.083 ASK:2.084 MID:2.0835 P1:2.0835 P2:2.0835 P3:2.084 P4:2.085 STATE:IN_POS
[2026-05-14 18:02:06Z] CHK MOM:-0.14% RANGE:0.14% UP:23.07% SPREAD:0.04800768% BID:2.083 ASK:2.084 MID:2.0835 P1:2.0835 P2:2.0835 P3:2.0835 P4:2.084 STATE:IN_POS
[2026-05-14 18:02:06Z] CHK MOM:-0.14% RANGE:0.14% UP:21.42% SPREAD:0.04800768% BID:2.083 ASK:2.084 MID:2.0835 P1:2.0835 P2:2.0835 P3:2.0835 P4:2.0835 STATE:IN_POS
[2026-05-14 18:02:07Z] CHK MOM:-0.11% RANGE:0.11% UP:21.42% SPREAD:0.04800768% BID:2.083 ASK:2.084 MID:2.0835 P1:2.0835 P2:2.0835 P3:2.0835 P4:2.0835 STATE:IN_POS
[2026-05-14 18:02:07Z] CHK MOM:-0.14% RANGE:0.14% UP:20% SPREAD:0.09606147% BID:2.082 ASK:2.084 MID:2.083 P1:2.083 P2:2.0835 P3:2.0835 P4:2.0835 STATE:IN_POS
[2026-05-14 18:02:08Z] CHK MOM:-0.16% RANGE:0.16% UP:18.75% SPREAD:0.04803073% BID:2.082 ASK:2.083 MID:2.0825 P1:2.0825 P2:2.083 P3:2.0835 P4:2.0835 STATE:IN_POS
[2026-05-14 18:02:09Z] CHK MOM:0% RANGE:0.12% UP:26.66% SPREAD:0.09601536% BID:2.083 ASK:2.085 MID:2.084 P1:2.084 P2:2.0825 P3:2.083 P4:2.0835 STATE:IN_POS
[2026-05-14 18:02:09Z] SELL symbol=PENDLEUSDC qty=4.7 exit=2.083 pnl=-0.043104 reason=PSELL FAIL age=55.2s latest=2.08300000 guard=2.08424160 high=2.09000000 peak=0.0958% P1=2.084 P2=2.0825 P3=2.083 P4=2.0835 entry=2.0879999999999996 profile=major
