[2026-05-16 01:49:28Z] SESSION_START symbol=PENDLEUSDC dry_run=0 profile=major strategy=momentum base_url=https://api.binance.com
[2026-05-16 01:49:28Z] TOXIC_MEMORY_LOADED count=1 symbols=ORDIUSDC
[2026-05-16 01:49:32Z] CHK MOM:0% RANGE:0% UP:0% SPREAD:0.05012531% BID:1.995 ASK:1.996 MID:1.9955 P1:1.9955 P2:NA P3:NA P4:NA STATE:IDLE
[2026-05-16 01:49:33Z] CHK MOM:-0.02% RANGE:0.02% UP:0% SPREAD:0.1003009% BID:1.994 ASK:1.996 MID:1.995 P1:1.995 P2:1.9955 P3:NA P4:NA STATE:IDLE
[2026-05-16 01:49:33Z] CHK MOM:-0.02% RANGE:0.02% UP:0% SPREAD:0.1003009% BID:1.994 ASK:1.996 MID:1.995 P1:1.995 P2:1.995 P3:1.9955 P4:NA STATE:IDLE
[2026-05-16 01:49:34Z] CHK MOM:-0.02% RANGE:0.02% UP:0% SPREAD:0.1003009% BID:1.994 ASK:1.996 MID:1.995 P1:1.995 P2:1.995 P3:1.9955 P4:NA STATE:IDLE
[2026-05-16 01:49:34Z] CHK MOM:-0.02% RANGE:0.02% UP:0% SPREAD:0.1003009% BID:1.994 ASK:1.996 MID:1.995 P1:1.995 P2:1.995 P3:1.9955 P4:NA STATE:IDLE
[2026-05-16 01:49:35Z] CHK MOM:-0.02% RANGE:0.02% UP:0% SPREAD:0.1003009% BID:1.994 ASK:1.996 MID:1.995 P1:1.995 P2:1.995 P3:1.9955 P4:NA STATE:IDLE
[2026-05-16 01:49:35Z] CHK MOM:-0.02% RANGE:0.02% UP:0% SPREAD:0.1003009% BID:1.994 ASK:1.996 MID:1.995 P1:1.995 P2:1.995 P3:1.9955 P4:NA STATE:IDLE
[2026-05-16 01:49:36Z] CHK MOM:-0.05% RANGE:0.05% UP:0% SPREAD:0.15052684% BID:1.993 ASK:1.996 MID:1.9945 P1:1.9945 P2:1.995 P3:1.995 P4:1.9955 STATE:IDLE
[2026-05-16 01:49:36Z] CHK MOM:-0.05% RANGE:0.05% UP:0% SPREAD:0.15052684% BID:1.993 ASK:1.996 MID:1.9945 P1:1.9945 P2:1.995 P3:1.995 P4:1.9955 STATE:IDLE
[2026-05-16 01:49:37Z] CHK MOM:-0.05% RANGE:0.05% UP:0% SPREAD:0.15052684% BID:1.993 ASK:1.996 MID:1.9945 P1:1.9945 P2:1.995 P3:1.995 P4:1.9955 STATE:IDLE
[2026-05-16 01:49:38Z] CHK MOM:-0.05% RANGE:0.05% UP:0% SPREAD:0.15052684% BID:1.993 ASK:1.996 MID:1.9945 P1:1.9945 P2:1.9945 P3:1.995 P4:1.995 STATE:IDLE
[2026-05-16 01:49:38Z] CHK MOM:-0.05% RANGE:0.05% UP:0% SPREAD:0.15052684% BID:1.993 ASK:1.996 MID:1.9945 P1:1.9945 P2:1.9945 P3:1.9945 P4:1.995 STATE:IDLE
[2026-05-16 01:49:39Z] CHK MOM:-0.05% RANGE:0.05% UP:0% SPREAD:0.15052684% BID:1.993 ASK:1.996 MID:1.9945 P1:1.9945 P2:1.9945 P3:1.9945 P4:1.995 STATE:IDLE
[2026-05-16 01:49:39Z] CHK MOM:-0.05% RANGE:0.05% UP:0% SPREAD:0.15052684% BID:1.993 ASK:1.996 MID:1.9945 P1:1.9945 P2:1.9945 P3:1.9945 P4:1.995 STATE:IDLE
[2026-05-16 01:49:40Z] CHK MOM:-0.05% RANGE:0.05% UP:0% SPREAD:0.15052684% BID:1.993 ASK:1.996 MID:1.9945 P1:1.9945 P2:1.9945 P3:1.9945 P4:1.9945 STATE:IDLE
[2026-05-16 01:49:40Z] CHK MOM:-0.05% RANGE:0.05% UP:0% SPREAD:0.15052684% BID:1.993 ASK:1.996 MID:1.9945 P1:1.9945 P2:1.9945 P3:1.9945 P4:1.9945 STATE:IDLE
[2026-05-16 01:49:41Z] CHK MOM:-0.02% RANGE:0.05% UP:14.28% SPREAD:0.1003009% BID:1.994 ASK:1.996 MID:1.995 P1:1.995 P2:1.9945 P3:1.9945 P4:1.9945 STATE:IDLE
[2026-05-16 01:49:41Z] CHK MOM:-0.02% RANGE:0.05% UP:14.28% SPREAD:0.1003009% BID:1.994 ASK:1.996 MID:1.995 P1:1.995 P2:1.9945 P3:1.9945 P4:1.9945 STATE:IDLE
[2026-05-16 01:49:42Z] CHK MOM:-0.02% RANGE:0.05% UP:14.28% SPREAD:0.1003009% BID:1.994 ASK:1.996 MID:1.995 P1:1.995 P2:1.9945 P3:1.9945 P4:1.9945 STATE:IDLE
[2026-05-16 01:49:42Z] CHK MOM:-0.05% RANGE:0.05% UP:12.5% SPREAD:0.15052684% BID:1.993 ASK:1.996 MID:1.9945 P1:1.9945 P2:1.995 P3:1.9945 P4:1.9945 STATE:IDLE
[2026-05-16 01:49:43Z] CHK MOM:-0.05% RANGE:0.05% UP:12.5% SPREAD:0.15052684% BID:1.993 ASK:1.996 MID:1.9945 P1:1.9945 P2:1.995 P3:1.9945 P4:1.9945 STATE:IDLE
[2026-05-16 01:49:44Z] CHK MOM:-0.05% RANGE:0.05% UP:11.11% SPREAD:0.15052684% BID:1.993 ASK:1.996 MID:1.9945 P1:1.9945 P2:1.9945 P3:1.995 P4:1.9945 STATE:IDLE
[2026-05-16 01:49:44Z] CHK MOM:-0.05% RANGE:0.05% UP:11.11% SPREAD:0.15052684% BID:1.993 ASK:1.996 MID:1.9945 P1:1.9945 P2:1.9945 P3:1.995 P4:1.9945 STATE:IDLE
[2026-05-16 01:49:45Z] CHK MOM:-0.05% RANGE:0.05% UP:11.11% SPREAD:0.15052684% BID:1.993 ASK:1.996 MID:1.9945 P1:1.9945 P2:1.9945 P3:1.995 P4:1.9945 STATE:IDLE
[2026-05-16 01:49:45Z] CHK MOM:-0.05% RANGE:0.05% UP:11.11% SPREAD:0.15052684% BID:1.993 ASK:1.996 MID:1.9945 P1:1.9945 P2:1.9945 P3:1.995 P4:1.9945 STATE:IDLE
[2026-05-16 01:49:46Z] CHK MOM:-0.05% RANGE:0.05% UP:11.11% SPREAD:0.15052684% BID:1.993 ASK:1.996 MID:1.9945 P1:1.9945 P2:1.9945 P3:1.995 P4:1.9945 STATE:IDLE
[2026-05-16 01:49:47Z] CHK MOM:0% RANGE:0.02% UP:14.28% SPREAD:0.15052684% BID:1.993 ASK:1.996 MID:1.9945 P1:1.9945 P2:1.9945 P3:1.9945 P4:1.995 STATE:IDLE
[2026-05-16 01:49:48Z] CHK MOM:-0.02% RANGE:0.05% UP:14.28% SPREAD:0.10035122% BID:1.993 ASK:1.995 MID:1.994 P1:1.994 P2:1.9945 P3:1.9945 P4:1.9945 STATE:IDLE
[2026-05-16 01:49:49Z] CHK MOM:-0.02% RANGE:0.05% UP:14.28% SPREAD:0.10035122% BID:1.993 ASK:1.995 MID:1.994 P1:1.994 P2:1.9945 P3:1.9945 P4:1.9945 STATE:IDLE
[2026-05-16 01:49:49Z] CHK MOM:-0.02% RANGE:0.05% UP:14.28% SPREAD:0.10035122% BID:1.993 ASK:1.995 MID:1.994 P1:1.994 P2:1.9945 P3:1.9945 P4:1.9945 STATE:IDLE
[2026-05-16 01:49:50Z] CHK MOM:-0.02% RANGE:0.05% UP:14.28% SPREAD:0.10035122% BID:1.993 ASK:1.995 MID:1.994 P1:1.994 P2:1.9945 P3:1.9945 P4:1.9945 STATE:IDLE
[2026-05-16 01:49:50Z] CHK MOM:-0.02% RANGE:0.05% UP:14.28% SPREAD:0.10035122% BID:1.993 ASK:1.995 MID:1.994 P1:1.994 P2:1.9945 P3:1.9945 P4:1.9945 STATE:IDLE
[2026-05-16 01:49:51Z] CHK MOM:-0.02% RANGE:0.05% UP:14.28% SPREAD:0.10035122% BID:1.993 ASK:1.995 MID:1.994 P1:1.994 P2:1.9945 P3:1.9945 P4:1.9945 STATE:IDLE
[2026-05-16 01:49:58Z] CHK MOM:-0.07% RANGE:0.07% UP:0% SPREAD:0.20090406% BID:1.991 ASK:1.995 MID:1.993 P1:1.993 P2:1.994 P3:1.9945 P4:1.9945 STATE:IDLE
[2026-05-16 01:49:58Z] CHK MOM:-0.15% RANGE:0.15% UP:0% SPREAD:0.05022601% BID:1.991 ASK:1.992 MID:1.9915 P1:1.9915 P2:1.993 P3:1.994 P4:1.9945 STATE:IDLE
[2026-05-16 01:49:59Z] CHK MOM:-0.12% RANGE:0.15% UP:25% SPREAD:0.10045203% BID:1.991 ASK:1.993 MID:1.992 P1:1.992 P2:1.9915 P3:1.993 P4:1.994 STATE:IDLE
[2026-05-16 01:49:59Z] CHK MOM:-0.12% RANGE:0.12% UP:25% SPREAD:0.05022601% BID:1.991 ASK:1.992 MID:1.9915 P1:1.9915 P2:1.992 P3:1.9915 P4:1.993 STATE:IDLE
[2026-05-16 01:50:00Z] CHK MOM:-0.12% RANGE:0.12% UP:25% SPREAD:0.05025125% BID:1.99 ASK:1.991 MID:1.9905 P1:1.9905 P2:1.9915 P3:1.992 P4:1.9915 STATE:IDLE
[2026-05-16 01:50:01Z] CHK MOM:-0.1% RANGE:0.12% UP:40% SPREAD:0.10050251% BID:1.99 ASK:1.992 MID:1.991 P1:1.991 P2:1.9905 P3:1.9915 P4:1.992 STATE:IDLE
[2026-05-16 01:50:01Z] CHK MOM:-0.1% RANGE:0.12% UP:40% SPREAD:0.10050251% BID:1.99 ASK:1.992 MID:1.991 P1:1.991 P2:1.9905 P3:1.9915 P4:1.992 STATE:IDLE
[2026-05-16 01:50:02Z] CHK MOM:-0.1% RANGE:0.12% UP:40% SPREAD:0.10050251% BID:1.99 ASK:1.992 MID:1.991 P1:1.991 P2:1.9905 P3:1.9915 P4:1.992 STATE:IDLE
[2026-05-16 01:50:02Z] CHK MOM:-0.1% RANGE:0.12% UP:40% SPREAD:0.10050251% BID:1.99 ASK:1.992 MID:1.991 P1:1.991 P2:1.9905 P3:1.9915 P4:1.992 STATE:IDLE
[2026-05-16 01:50:03Z] CHK MOM:-0.1% RANGE:0.12% UP:33.33% SPREAD:0.10050251% BID:1.99 ASK:1.992 MID:1.991 P1:1.991 P2:1.991 P3:1.9905 P4:1.9915 STATE:IDLE
[2026-05-16 01:50:03Z] CHK MOM:-0.05% RANGE:0.12% UP:42.85% SPREAD:0.10045203% BID:1.991 ASK:1.993 MID:1.992 P1:1.992 P2:1.991 P3:1.991 P4:1.9905 STATE:IDLE
[2026-05-16 01:50:04Z] CHK MOM:-0.05% RANGE:0.12% UP:42.85% SPREAD:0.10045203% BID:1.991 ASK:1.993 MID:1.992 P1:1.992 P2:1.991 P3:1.991 P4:1.9905 STATE:IDLE
[2026-05-16 01:50:04Z] CHK MOM:-0.05% RANGE:0.12% UP:42.85% SPREAD:0.10045203% BID:1.991 ASK:1.993 MID:1.992 P1:1.992 P2:1.991 P3:1.991 P4:1.9905 STATE:IDLE
[2026-05-16 01:50:05Z] CHK MOM:-0.05% RANGE:0.12% UP:42.85% SPREAD:0.10045203% BID:1.991 ASK:1.993 MID:1.992 P1:1.992 P2:1.991 P3:1.991 P4:1.9905 STATE:IDLE
[2026-05-16 01:50:05Z] CHK MOM:-0.05% RANGE:0.12% UP:42.85% SPREAD:0.10045203% BID:1.991 ASK:1.993 MID:1.992 P1:1.992 P2:1.991 P3:1.991 P4:1.9905 STATE:IDLE
[2026-05-16 01:50:06Z] CHK MOM:-0.05% RANGE:0.12% UP:37.5% SPREAD:0.10045203% BID:1.991 ASK:1.993 MID:1.992 P1:1.992 P2:1.992 P3:1.991 P4:1.991 STATE:IDLE
[2026-05-16 01:50:06Z] CHK MOM:-0.05% RANGE:0.12% UP:37.5% SPREAD:0.10045203% BID:1.991 ASK:1.993 MID:1.992 P1:1.992 P2:1.992 P3:1.991 P4:1.991 STATE:IDLE
[2026-05-16 01:50:07Z] CHK MOM:-0.05% RANGE:0.12% UP:37.5% SPREAD:0.10045203% BID:1.991 ASK:1.993 MID:1.992 P1:1.992 P2:1.992 P3:1.991 P4:1.991 STATE:IDLE
[2026-05-16 01:50:07Z] CHK MOM:-0.05% RANGE:0.12% UP:37.5% SPREAD:0.10045203% BID:1.991 ASK:1.993 MID:1.992 P1:1.992 P2:1.992 P3:1.991 P4:1.991 STATE:IDLE
[2026-05-16 01:50:08Z] CHK MOM:-0.05% RANGE:0.12% UP:33.33% SPREAD:0.10045203% BID:1.991 ASK:1.993 MID:1.992 P1:1.992 P2:1.992 P3:1.992 P4:1.991 STATE:IDLE
[2026-05-16 01:50:09Z] CHK MOM:-0.05% RANGE:0.12% UP:33.33% SPREAD:0.10045203% BID:1.991 ASK:1.993 MID:1.992 P1:1.992 P2:1.992 P3:1.992 P4:1.991 STATE:IDLE
[2026-05-16 01:50:09Z] CHK MOM:-0.05% RANGE:0.12% UP:33.33% SPREAD:0.10045203% BID:1.991 ASK:1.993 MID:1.992 P1:1.992 P2:1.992 P3:1.992 P4:1.991 STATE:IDLE
[2026-05-16 01:50:10Z] CHK MOM:-0.05% RANGE:0.12% UP:33.33% SPREAD:0.10045203% BID:1.991 ASK:1.993 MID:1.992 P1:1.992 P2:1.992 P3:1.992 P4:1.991 STATE:IDLE
[2026-05-16 01:50:10Z] CHK MOM:-0.05% RANGE:0.12% UP:33.33% SPREAD:0.10045203% BID:1.991 ASK:1.993 MID:1.992 P1:1.992 P2:1.992 P3:1.992 P4:1.991 STATE:IDLE
[2026-05-16 01:50:11Z] CHK MOM:0.05% RANGE:0.07% UP:33.33% SPREAD:0.05022601% BID:1.991 ASK:1.992 MID:1.9915 P1:1.9915 P2:1.992 P3:1.992 P4:1.992 STATE:IDLE
[2026-05-16 01:50:12Z] CHK MOM:0.05% RANGE:0.07% UP:33.33% SPREAD:0.05022601% BID:1.991 ASK:1.992 MID:1.9915 P1:1.9915 P2:1.992 P3:1.992 P4:1.992 STATE:IDLE
[2026-05-16 01:50:12Z] CHK MOM:0.05% RANGE:0.07% UP:33.33% SPREAD:0.05022601% BID:1.991 ASK:1.992 MID:1.9915 P1:1.9915 P2:1.992 P3:1.992 P4:1.992 STATE:IDLE
[2026-05-16 01:50:13Z] CHK MOM:0.05% RANGE:0.07% UP:33.33% SPREAD:0.05022601% BID:1.991 ASK:1.992 MID:1.9915 P1:1.9915 P2:1.992 P3:1.992 P4:1.992 STATE:IDLE
[2026-05-16 01:50:13Z] CHK MOM:0.02% RANGE:0.05% UP:20% SPREAD:0.05022601% BID:1.991 ASK:1.992 MID:1.9915 P1:1.9915 P2:1.9915 P3:1.992 P4:1.992 STATE:IDLE
[2026-05-16 01:50:15Z] CHK MOM:0.05% RANGE:0.05% UP:33.33% SPREAD:0.10045203% BID:1.991 ASK:1.993 MID:1.992 P1:1.992 P2:1.9915 P3:1.9915 P4:1.992 STATE:IDLE
[2026-05-16 01:50:15Z] CHK MOM:0.05% RANGE:0.05% UP:33.33% SPREAD:0.10045203% BID:1.991 ASK:1.993 MID:1.992 P1:1.992 P2:1.9915 P3:1.9915 P4:1.992 STATE:IDLE
[2026-05-16 01:50:16Z] CHK MOM:0.05% RANGE:0.05% UP:33.33% SPREAD:0.10045203% BID:1.991 ASK:1.993 MID:1.992 P1:1.992 P2:1.9915 P3:1.9915 P4:1.992 STATE:IDLE
[2026-05-16 01:50:16Z] CHK MOM:0.05% RANGE:0.05% UP:33.33% SPREAD:0.10045203% BID:1.991 ASK:1.993 MID:1.992 P1:1.992 P2:1.9915 P3:1.9915 P4:1.992 STATE:IDLE
[2026-05-16 01:50:17Z] CHK MOM:0.05% RANGE:0.05% UP:33.33% SPREAD:0.10045203% BID:1.991 ASK:1.993 MID:1.992 P1:1.992 P2:1.9915 P3:1.9915 P4:1.992 STATE:IDLE
[2026-05-16 01:50:22Z] CHK MOM:0% RANGE:0.02% UP:33.33% SPREAD:0.05022601% BID:1.991 ASK:1.992 MID:1.9915 P1:1.9915 P2:1.992 P3:1.9915 P4:1.9915 STATE:IDLE
[2026-05-16 01:50:22Z] CHK MOM:0% RANGE:0.02% UP:25% SPREAD:0.05022601% BID:1.991 ASK:1.992 MID:1.9915 P1:1.9915 P2:1.9915 P3:1.992 P4:1.9915 STATE:IDLE
[2026-05-16 01:50:23Z] CHK MOM:0% RANGE:0.02% UP:25% SPREAD:0.05022601% BID:1.991 ASK:1.992 MID:1.9915 P1:1.9915 P2:1.9915 P3:1.992 P4:1.9915 STATE:IDLE
[2026-05-16 01:50:23Z] CHK MOM:-0.02% RANGE:0.05% UP:20% SPREAD:0.10050251% BID:1.99 ASK:1.992 MID:1.991 P1:1.991 P2:1.9915 P3:1.9915 P4:1.992 STATE:IDLE
[2026-05-16 01:50:24Z] CHK MOM:-0.05% RANGE:0.07% UP:16.66% SPREAD:0.05025125% BID:1.99 ASK:1.991 MID:1.9905 P1:1.9905 P2:1.991 P3:1.9915 P4:1.9915 STATE:IDLE
[2026-05-16 01:50:24Z] CHK MOM:-0.05% RANGE:0.07% UP:16.66% SPREAD:0.05025125% BID:1.99 ASK:1.991 MID:1.9905 P1:1.9905 P2:1.991 P3:1.9915 P4:1.9915 STATE:IDLE
[2026-05-16 01:50:25Z] CHK MOM:-0.05% RANGE:0.07% UP:16.66% SPREAD:0.05025125% BID:1.99 ASK:1.991 MID:1.9905 P1:1.9905 P2:1.991 P3:1.9915 P4:1.9915 STATE:IDLE
[2026-05-16 01:50:25Z] CHK MOM:-0.05% RANGE:0.07% UP:16.66% SPREAD:0.05025125% BID:1.99 ASK:1.991 MID:1.9905 P1:1.9905 P2:1.9905 P3:1.991 P4:1.9915 STATE:IDLE
[2026-05-16 01:50:26Z] CHK MOM:-0.02% RANGE:0.07% UP:28.57% SPREAD:0.10050251% BID:1.99 ASK:1.992 MID:1.991 P1:1.991 P2:1.9905 P3:1.9905 P4:1.991 STATE:IDLE
[2026-05-16 01:50:27Z] CHK MOM:-0.02% RANGE:0.05% UP:16.66% SPREAD:0.10050251% BID:1.99 ASK:1.992 MID:1.991 P1:1.991 P2:1.991 P3:1.9905 P4:1.9905 STATE:IDLE
[2026-05-16 01:50:27Z] CHK MOM:0.15% RANGE:0.2% UP:28.57% SPREAD:0.05015045% BID:1.994 ASK:1.995 MID:1.9945 P1:1.9945 P2:1.991 P3:1.991 P4:1.9905 STATE:IDLE
[2026-05-16 01:50:28Z] BURST_TRIGGER ret=0.2010% need=0.2006% vel=0.1213%/s eff=1.000 pressure=999.00 drop=0.0000% dt=1.657s
[2026-05-16 01:50:29Z] BUY symbol=PENDLEUSDC qty=4.8 entry=1.995 mode=BURST reason=BURST ret=0.2010% vel=0.1213%/s eff=1.000 pressure=999.00 drop=0.0000% P1=1.9945 P2=1.991 P3=1.991 P4=1.9905
[2026-05-16 01:50:29Z] CHK MOM:0.15% RANGE:0.2% UP:25% SPREAD:0.05015045% BID:1.994 ASK:1.995 MID:1.9945 P1:1.9945 P2:1.9945 P3:1.991 P4:1.991 STATE:IN_POS
[2026-05-16 01:50:29Z] CHK MOM:0.2% RANGE:0.25% UP:33.33% SPREAD:0.05012531% BID:1.995 ASK:1.996 MID:1.9955 P1:1.9955 P2:1.9945 P3:1.9945 P4:1.991 STATE:IN_POS
[2026-05-16 01:50:30Z] CHK MOM:0.2% RANGE:0.25% UP:33.33% SPREAD:0.05012531% BID:1.995 ASK:1.996 MID:1.9955 P1:1.9955 P2:1.9945 P3:1.9945 P4:1.991 STATE:IN_POS
[2026-05-16 01:50:30Z] CHK MOM:0.2% RANGE:0.25% UP:30% SPREAD:0.05012531% BID:1.995 ASK:1.996 MID:1.9955 P1:1.9955 P2:1.9955 P3:1.9945 P4:1.9945 STATE:IN_POS
[2026-05-16 01:50:31Z] CHK MOM:0.2% RANGE:0.25% UP:27.27% SPREAD:0.05012531% BID:1.995 ASK:1.996 MID:1.9955 P1:1.9955 P2:1.9955 P3:1.9955 P4:1.9945 STATE:IN_POS
[2026-05-16 01:50:32Z] CHK MOM:0.2% RANGE:0.25% UP:25% SPREAD:0.05012531% BID:1.995 ASK:1.996 MID:1.9955 P1:1.9955 P2:1.9955 P3:1.9955 P4:1.9955 STATE:IN_POS
[2026-05-16 01:50:32Z] CHK MOM:0.2% RANGE:0.25% UP:25% SPREAD:0.05012531% BID:1.995 ASK:1.996 MID:1.9955 P1:1.9955 P2:1.9955 P3:1.9955 P4:1.9955 STATE:IN_POS
[2026-05-16 01:50:33Z] CHK MOM:0.2% RANGE:0.25% UP:25% SPREAD:0.05012531% BID:1.995 ASK:1.996 MID:1.9955 P1:1.9955 P2:1.9955 P3:1.9955 P4:1.9955 STATE:IN_POS
[2026-05-16 01:50:33Z] CHK MOM:0.2% RANGE:0.25% UP:25% SPREAD:0.05012531% BID:1.995 ASK:1.996 MID:1.9955 P1:1.9955 P2:1.9955 P3:1.9955 P4:1.9955 STATE:IN_POS
[2026-05-16 01:50:34Z] CHK MOM:0.27% RANGE:0.3% UP:36.36% SPREAD:0.0501002% BID:1.996 ASK:1.997 MID:1.9965 P1:1.9965 P2:1.9955 P3:1.9955 P4:1.9955 STATE:IN_POS
[2026-05-16 01:50:34Z] CHK MOM:0.25% RANGE:0.3% UP:33.33% SPREAD:0.10025062% BID:1.995 ASK:1.997 MID:1.996 P1:1.996 P2:1.9965 P3:1.9955 P4:1.9955 STATE:IN_POS
[2026-05-16 01:50:35Z] CHK MOM:0.22% RANGE:0.3% UP:30.76% SPREAD:0.05012531% BID:1.995 ASK:1.996 MID:1.9955 P1:1.9955 P2:1.996 P3:1.9965 P4:1.9955 STATE:IN_POS
[2026-05-16 01:50:35Z] CHK MOM:0.22% RANGE:0.3% UP:30.76% SPREAD:0.05012531% BID:1.995 ASK:1.996 MID:1.9955 P1:1.9955 P2:1.996 P3:1.9965 P4:1.9955 STATE:IN_POS
[2026-05-16 01:50:36Z] CHK MOM:0.22% RANGE:0.3% UP:30.76% SPREAD:0.05012531% BID:1.995 ASK:1.996 MID:1.9955 P1:1.9955 P2:1.996 P3:1.9965 P4:1.9955 STATE:IN_POS
[2026-05-16 01:50:36Z] CHK MOM:0.22% RANGE:0.3% UP:30.76% SPREAD:0.05012531% BID:1.995 ASK:1.996 MID:1.9955 P1:1.9955 P2:1.996 P3:1.9965 P4:1.9955 STATE:IN_POS
[2026-05-16 01:50:37Z] CHK MOM:0.22% RANGE:0.3% UP:30.76% SPREAD:0.05012531% BID:1.995 ASK:1.996 MID:1.9955 P1:1.9955 P2:1.996 P3:1.9965 P4:1.9955 STATE:IN_POS
[2026-05-16 01:50:37Z] BURST_HANDOFF age=8.46s ext=0.0501% loss=0.0000% peak=1.99600000 stop=1.97900000 protect=0 trail=0
[2026-05-16 01:50:38Z] CHK MOM:0.22% RANGE:0.27% UP:30% SPREAD:0.05012531% BID:1.995 ASK:1.996 MID:1.9955 P1:1.9955 P2:1.9955 P3:1.996 P4:1.9965 STATE:IN_POS
[2026-05-16 01:50:38Z] CHK MOM:0.22% RANGE:0.27% UP:30% SPREAD:0.05012531% BID:1.995 ASK:1.996 MID:1.9955 P1:1.9955 P2:1.9955 P3:1.996 P4:1.9965 STATE:IN_POS
[2026-05-16 01:50:39Z] CHK MOM:0.05% RANGE:0.1% UP:20% SPREAD:0.05012531% BID:1.995 ASK:1.996 MID:1.9955 P1:1.9955 P2:1.9955 P3:1.9955 P4:1.996 STATE:IN_POS
[2026-05-16 01:50:39Z] CHK MOM:0.05% RANGE:0.1% UP:20% SPREAD:0.05012531% BID:1.995 ASK:1.996 MID:1.9955 P1:1.9955 P2:1.9955 P3:1.9955 P4:1.9955 STATE:IN_POS
[2026-05-16 01:50:40Z] CHK MOM:0.05% RANGE:0.1% UP:20% SPREAD:0.05012531% BID:1.995 ASK:1.996 MID:1.9955 P1:1.9955 P2:1.9955 P3:1.9955 P4:1.9955 STATE:IN_POS
[2026-05-16 01:50:40Z] CHK MOM:0.05% RANGE:0.1% UP:18.18% SPREAD:0.05012531% BID:1.995 ASK:1.996 MID:1.9955 P1:1.9955 P2:1.9955 P3:1.9955 P4:1.9955 STATE:IN_POS
[2026-05-16 01:50:41Z] CHK MOM:0.05% RANGE:0.1% UP:18.18% SPREAD:0.05012531% BID:1.995 ASK:1.996 MID:1.9955 P1:1.9955 P2:1.9955 P3:1.9955 P4:1.9955 STATE:IN_POS
[2026-05-16 01:50:41Z] CHK MOM:0.05% RANGE:0.1% UP:18.18% SPREAD:0.05012531% BID:1.995 ASK:1.996 MID:1.9955 P1:1.9955 P2:1.9955 P3:1.9955 P4:1.9955 STATE:IN_POS
[2026-05-16 01:50:42Z] CHK MOM:0.05% RANGE:0.1% UP:18.18% SPREAD:0.05012531% BID:1.995 ASK:1.996 MID:1.9955 P1:1.9955 P2:1.9955 P3:1.9955 P4:1.9955 STATE:IN_POS
[2026-05-16 01:50:43Z] CHK MOM:0.05% RANGE:0.1% UP:18.18% SPREAD:0.05012531% BID:1.995 ASK:1.996 MID:1.9955 P1:1.9955 P2:1.9955 P3:1.9955 P4:1.9955 STATE:IN_POS
[2026-05-16 01:50:48Z] CHK MOM:0% RANGE:0% UP:0% SPREAD:0.05012531% BID:1.995 ASK:1.996 MID:1.9955 P1:1.9955 P2:1.9955 P3:1.9955 P4:1.9955 STATE:IN_POS
[2026-05-16 01:50:49Z] CHK MOM:0% RANGE:0% UP:0% SPREAD:0.05012531% BID:1.995 ASK:1.996 MID:1.9955 P1:1.9955 P2:1.9955 P3:1.9955 P4:1.9955 STATE:IN_POS
[2026-05-16 01:50:49Z] CHK MOM:0% RANGE:0% UP:0% SPREAD:0.05012531% BID:1.995 ASK:1.996 MID:1.9955 P1:1.9955 P2:1.9955 P3:1.9955 P4:1.9955 STATE:IN_POS
[2026-05-16 01:50:50Z] CHK MOM:0% RANGE:0% UP:0% SPREAD:0.05012531% BID:1.995 ASK:1.996 MID:1.9955 P1:1.9955 P2:1.9955 P3:1.9955 P4:1.9955 STATE:IN_POS
[2026-05-16 01:50:50Z] CHK MOM:0% RANGE:0% UP:0% SPREAD:0.05012531% BID:1.995 ASK:1.996 MID:1.9955 P1:1.9955 P2:1.9955 P3:1.9955 P4:1.9955 STATE:IN_POS
[2026-05-16 01:50:52Z] CHK MOM:-0.02% RANGE:0.02% UP:0% SPREAD:0.1003009% BID:1.994 ASK:1.996 MID:1.995 P1:1.995 P2:1.9955 P3:1.9955 P4:1.9955 STATE:IN_POS
[2026-05-16 01:50:52Z] CHK MOM:-0.02% RANGE:0.02% UP:0% SPREAD:0.1003009% BID:1.994 ASK:1.996 MID:1.995 P1:1.995 P2:1.9955 P3:1.9955 P4:1.9955 STATE:IN_POS
[2026-05-16 01:50:53Z] CHK MOM:0% RANGE:0.02% UP:50% SPREAD:0.05012531% BID:1.995 ASK:1.996 MID:1.9955 P1:1.9955 P2:1.995 P3:1.9955 P4:1.9955 STATE:IN_POS
[2026-05-16 01:50:55Z] CHK MOM:0% RANGE:0.02% UP:33.33% SPREAD:0.05012531% BID:1.995 ASK:1.996 MID:1.9955 P1:1.9955 P2:1.9955 P3:1.995 P4:1.9955 STATE:IN_POS
[2026-05-16 01:50:55Z] CHK MOM:-0.02% RANGE:0.02% UP:25% SPREAD:0.1003009% BID:1.994 ASK:1.996 MID:1.995 P1:1.995 P2:1.9955 P3:1.9955 P4:1.995 STATE:IN_POS
[2026-05-16 01:50:56Z] CHK MOM:0% RANGE:0.02% UP:40% SPREAD:0.05012531% BID:1.995 ASK:1.996 MID:1.9955 P1:1.9955 P2:1.995 P3:1.9955 P4:1.9955 STATE:IN_POS
[2026-05-16 01:50:56Z] CHK MOM:0% RANGE:0.02% UP:40% SPREAD:0.05012531% BID:1.995 ASK:1.996 MID:1.9955 P1:1.9955 P2:1.995 P3:1.9955 P4:1.9955 STATE:IN_POS
[2026-05-16 01:50:57Z] CHK MOM:0% RANGE:0.02% UP:40% SPREAD:0.05012531% BID:1.995 ASK:1.996 MID:1.9955 P1:1.9955 P2:1.995 P3:1.9955 P4:1.9955 STATE:IN_POS
[2026-05-16 01:50:57Z] CHK MOM:0% RANGE:0.02% UP:40% SPREAD:0.05012531% BID:1.995 ASK:1.996 MID:1.9955 P1:1.9955 P2:1.995 P3:1.9955 P4:1.9955 STATE:IN_POS
[2026-05-16 01:50:58Z] CHK MOM:0% RANGE:0.02% UP:40% SPREAD:0.05012531% BID:1.995 ASK:1.996 MID:1.9955 P1:1.9955 P2:1.995 P3:1.9955 P4:1.9955 STATE:IN_POS
[2026-05-16 01:50:58Z] CHK MOM:0% RANGE:0.02% UP:40% SPREAD:0.05012531% BID:1.995 ASK:1.996 MID:1.9955 P1:1.9955 P2:1.995 P3:1.9955 P4:1.9955 STATE:IN_POS
[2026-05-16 01:51:01Z] CHK MOM:0.02% RANGE:0.02% UP:40% SPREAD:0.05012531% BID:1.995 ASK:1.996 MID:1.9955 P1:1.9955 P2:1.9955 P3:1.995 P4:1.9955 STATE:IN_POS
[2026-05-16 01:51:02Z] CHK MOM:0.02% RANGE:0.02% UP:33.33% SPREAD:0.05012531% BID:1.995 ASK:1.996 MID:1.9955 P1:1.9955 P2:1.9955 P3:1.9955 P4:1.995 STATE:IN_POS
[2026-05-16 01:51:02Z] CHK MOM:0.02% RANGE:0.02% UP:33.33% SPREAD:0.05012531% BID:1.995 ASK:1.996 MID:1.9955 P1:1.9955 P2:1.9955 P3:1.9955 P4:1.995 STATE:IN_POS
[2026-05-16 01:51:03Z] CHK MOM:0.02% RANGE:0.02% UP:33.33% SPREAD:0.05012531% BID:1.995 ASK:1.996 MID:1.9955 P1:1.9955 P2:1.9955 P3:1.9955 P4:1.995 STATE:IN_POS
[2026-05-16 01:51:03Z] CHK MOM:0.02% RANGE:0.02% UP:33.33% SPREAD:0.05012531% BID:1.995 ASK:1.996 MID:1.9955 P1:1.9955 P2:1.9955 P3:1.9955 P4:1.995 STATE:IN_POS
[2026-05-16 01:51:04Z] CHK MOM:0.02% RANGE:0.02% UP:33.33% SPREAD:0.05012531% BID:1.995 ASK:1.996 MID:1.9955 P1:1.9955 P2:1.9955 P3:1.9955 P4:1.995 STATE:IN_POS
[2026-05-16 01:51:04Z] CHK MOM:0.02% RANGE:0.02% UP:33.33% SPREAD:0.05012531% BID:1.995 ASK:1.996 MID:1.9955 P1:1.9955 P2:1.9955 P3:1.9955 P4:1.995 STATE:IN_POS
[2026-05-16 01:51:10Z] CHK MOM:0% RANGE:0% UP:0% SPREAD:0.05012531% BID:1.995 ASK:1.996 MID:1.9955 P1:1.9955 P2:1.9955 P3:1.9955 P4:1.9955 STATE:IN_POS
[2026-05-16 01:51:10Z] CHK MOM:0% RANGE:0% UP:0% SPREAD:0.05012531% BID:1.995 ASK:1.996 MID:1.9955 P1:1.9955 P2:1.9955 P3:1.9955 P4:1.9955 STATE:IN_POS
[2026-05-16 01:51:11Z] CHK MOM:0% RANGE:0% UP:0% SPREAD:0.05012531% BID:1.995 ASK:1.996 MID:1.9955 P1:1.9955 P2:1.9955 P3:1.9955 P4:1.9955 STATE:IN_POS
[2026-05-16 01:51:11Z] CHK MOM:0% RANGE:0% UP:0% SPREAD:0.05012531% BID:1.995 ASK:1.996 MID:1.9955 P1:1.9955 P2:1.9955 P3:1.9955 P4:1.9955 STATE:IN_POS
[2026-05-16 01:51:12Z] CHK MOM:0% RANGE:0% UP:0% SPREAD:0.05012531% BID:1.995 ASK:1.996 MID:1.9955 P1:1.9955 P2:1.9955 P3:1.9955 P4:1.9955 STATE:IN_POS
[2026-05-16 01:51:17Z] CHK MOM:0% RANGE:0% UP:0% SPREAD:0.05012531% BID:1.995 ASK:1.996 MID:1.9955 P1:1.9955 P2:1.9955 P3:1.9955 P4:1.9955 STATE:IN_POS
[2026-05-16 01:51:19Z] CHK MOM:0.05% RANGE:0.05% UP:50% SPREAD:0.0501002% BID:1.996 ASK:1.997 MID:1.9965 P1:1.9965 P2:1.9955 P3:1.9955 P4:1.9955 STATE:IN_POS
[2026-05-16 01:51:19Z] CHK MOM:0.05% RANGE:0.05% UP:50% SPREAD:0.0501002% BID:1.996 ASK:1.997 MID:1.9965 P1:1.9965 P2:1.9955 P3:1.9955 P4:1.9955 STATE:IN_POS
[2026-05-16 01:51:20Z] CHK MOM:0.05% RANGE:0.05% UP:33.33% SPREAD:0.0501002% BID:1.996 ASK:1.997 MID:1.9965 P1:1.9965 P2:1.9965 P3:1.9955 P4:1.9955 STATE:IN_POS
[2026-05-16 01:51:20Z] CHK MOM:0.05% RANGE:0.05% UP:25% SPREAD:0.0501002% BID:1.996 ASK:1.997 MID:1.9965 P1:1.9965 P2:1.9965 P3:1.9965 P4:1.9955 STATE:IN_POS
[2026-05-16 01:51:21Z] CHK MOM:0.05% RANGE:0.05% UP:25% SPREAD:0.0501002% BID:1.996 ASK:1.997 MID:1.9965 P1:1.9965 P2:1.9965 P3:1.9965 P4:1.9955 STATE:IN_POS
[2026-05-16 01:51:21Z] CHK MOM:0.05% RANGE:0.05% UP:25% SPREAD:0.0501002% BID:1.996 ASK:1.997 MID:1.9965 P1:1.9965 P2:1.9965 P3:1.9965 P4:1.9955 STATE:IN_POS
[2026-05-16 01:51:22Z] CHK MOM:0% RANGE:0.05% UP:25% SPREAD:0.05012531% BID:1.995 ASK:1.996 MID:1.9955 P1:1.9955 P2:1.9965 P3:1.9965 P4:1.9965 STATE:IN_POS
[2026-05-16 01:51:23Z] CHK MOM:0% RANGE:0.05% UP:20% SPREAD:0.05012531% BID:1.995 ASK:1.996 MID:1.9955 P1:1.9955 P2:1.9955 P3:1.9965 P4:1.9965 STATE:IN_POS
[2026-05-16 01:51:23Z] CHK MOM:0% RANGE:0.05% UP:20% SPREAD:0.05012531% BID:1.995 ASK:1.996 MID:1.9955 P1:1.9955 P2:1.9955 P3:1.9965 P4:1.9965 STATE:IN_POS
[2026-05-16 01:51:24Z] CHK MOM:0% RANGE:0.05% UP:16.66% SPREAD:0.05012531% BID:1.995 ASK:1.996 MID:1.9955 P1:1.9955 P2:1.9955 P3:1.9955 P4:1.9965 STATE:IN_POS
[2026-05-16 01:51:24Z] CHK MOM:0% RANGE:0.05% UP:16.66% SPREAD:0.05012531% BID:1.995 ASK:1.996 MID:1.9955 P1:1.9955 P2:1.9955 P3:1.9955 P4:1.9965 STATE:IN_POS
[2026-05-16 01:51:25Z] CHK MOM:0% RANGE:0.05% UP:16.66% SPREAD:0.05012531% BID:1.995 ASK:1.996 MID:1.9955 P1:1.9955 P2:1.9955 P3:1.9955 P4:1.9965 STATE:IN_POS
[2026-05-16 01:51:25Z] CHK MOM:0% RANGE:0.05% UP:14.28% SPREAD:0.05012531% BID:1.995 ASK:1.996 MID:1.9955 P1:1.9955 P2:1.9955 P3:1.9955 P4:1.9955 STATE:IN_POS
[2026-05-16 01:51:26Z] CHK MOM:0% RANGE:0.05% UP:14.28% SPREAD:0.05012531% BID:1.995 ASK:1.996 MID:1.9955 P1:1.9955 P2:1.9955 P3:1.9955 P4:1.9955 STATE:IN_POS
[2026-05-16 01:51:26Z] CHK MOM:0% RANGE:0.05% UP:14.28% SPREAD:0.05012531% BID:1.995 ASK:1.996 MID:1.9955 P1:1.9955 P2:1.9955 P3:1.9955 P4:1.9955 STATE:IN_POS
[2026-05-16 01:51:27Z] CHK MOM:0% RANGE:0.05% UP:14.28% SPREAD:0.05012531% BID:1.995 ASK:1.996 MID:1.9955 P1:1.9955 P2:1.9955 P3:1.9955 P4:1.9955 STATE:IN_POS
[2026-05-16 01:51:28Z] CHK MOM:0% RANGE:0.05% UP:14.28% SPREAD:0.05012531% BID:1.995 ASK:1.996 MID:1.9955 P1:1.9955 P2:1.9955 P3:1.9955 P4:1.9955 STATE:IN_POS
[2026-05-16 01:51:28Z] CHK MOM:-0.02% RANGE:0.07% UP:12.5% SPREAD:0.1003009% BID:1.994 ASK:1.996 MID:1.995 P1:1.995 P2:1.9955 P3:1.9955 P4:1.9955 STATE:IN_POS
[2026-05-16 01:51:29Z] CHK MOM:-0.02% RANGE:0.07% UP:12.5% SPREAD:0.1003009% BID:1.994 ASK:1.996 MID:1.995 P1:1.995 P2:1.9955 P3:1.9955 P4:1.9955 STATE:IN_POS
[2026-05-16 01:51:29Z] CHK MOM:-0.02% RANGE:0.07% UP:12.5% SPREAD:0.1003009% BID:1.994 ASK:1.996 MID:1.995 P1:1.995 P2:1.9955 P3:1.9955 P4:1.9955 STATE:IN_POS
[2026-05-16 01:51:30Z] CHK MOM:-0.02% RANGE:0.07% UP:12.5% SPREAD:0.1003009% BID:1.994 ASK:1.996 MID:1.995 P1:1.995 P2:1.9955 P3:1.9955 P4:1.9955 STATE:IN_POS
[2026-05-16 01:51:30Z] CHK MOM:-0.02% RANGE:0.07% UP:12.5% SPREAD:0.1003009% BID:1.994 ASK:1.996 MID:1.995 P1:1.995 P2:1.9955 P3:1.9955 P4:1.9955 STATE:IN_POS
[2026-05-16 01:51:31Z] CHK MOM:-0.07% RANGE:0.07% UP:0% SPREAD:0.1003009% BID:1.994 ASK:1.996 MID:1.995 P1:1.995 P2:1.995 P3:1.9955 P4:1.9955 STATE:IN_POS
[2026-05-16 01:51:31Z] CHK MOM:-0.07% RANGE:0.07% UP:0% SPREAD:0.1003009% BID:1.994 ASK:1.996 MID:1.995 P1:1.995 P2:1.995 P3:1.9955 P4:1.9955 STATE:IN_POS
[2026-05-16 01:51:32Z] CHK MOM:-0.07% RANGE:0.07% UP:0% SPREAD:0.1003009% BID:1.994 ASK:1.996 MID:1.995 P1:1.995 P2:1.995 P3:1.9955 P4:1.9955 STATE:IN_POS
[2026-05-16 01:51:32Z] CHK MOM:-0.07% RANGE:0.07% UP:0% SPREAD:0.1003009% BID:1.994 ASK:1.996 MID:1.995 P1:1.995 P2:1.995 P3:1.9955 P4:1.9955 STATE:IN_POS
[2026-05-16 01:51:35Z] CHK MOM:-0.02% RANGE:0.02% UP:0% SPREAD:0.1003009% BID:1.994 ASK:1.996 MID:1.995 P1:1.995 P2:1.995 P3:1.995 P4:1.9955 STATE:IN_POS
[2026-05-16 01:51:35Z] CHK MOM:-0.02% RANGE:0.02% UP:0% SPREAD:0.1003009% BID:1.994 ASK:1.996 MID:1.995 P1:1.995 P2:1.995 P3:1.995 P4:1.9955 STATE:IN_POS
[2026-05-16 01:51:36Z] CHK MOM:-0.02% RANGE:0.02% UP:0% SPREAD:0.1003009% BID:1.994 ASK:1.996 MID:1.995 P1:1.995 P2:1.995 P3:1.995 P4:1.9955 STATE:IN_POS
[2026-05-16 01:51:36Z] CHK MOM:-0.02% RANGE:0.02% UP:0% SPREAD:0.1003009% BID:1.994 ASK:1.996 MID:1.995 P1:1.995 P2:1.995 P3:1.995 P4:1.9955 STATE:IN_POS
[2026-05-16 01:51:37Z] CHK MOM:-0.02% RANGE:0.02% UP:0% SPREAD:0.1003009% BID:1.994 ASK:1.996 MID:1.995 P1:1.995 P2:1.995 P3:1.995 P4:1.9955 STATE:IN_POS
[2026-05-16 01:51:44Z] CHK MOM:0% RANGE:0% UP:0% SPREAD:0.1003009% BID:1.994 ASK:1.996 MID:1.995 P1:1.995 P2:1.995 P3:1.995 P4:1.995 STATE:IN_POS
[2026-05-16 01:51:44Z] CHK MOM:0% RANGE:0% UP:0% SPREAD:0.1003009% BID:1.994 ASK:1.996 MID:1.995 P1:1.995 P2:1.995 P3:1.995 P4:1.995 STATE:IN_POS
[2026-05-16 01:51:45Z] CHK MOM:0% RANGE:0% UP:0% SPREAD:0.1003009% BID:1.994 ASK:1.996 MID:1.995 P1:1.995 P2:1.995 P3:1.995 P4:1.995 STATE:IN_POS
[2026-05-16 01:51:45Z] CHK MOM:0% RANGE:0% UP:0% SPREAD:0.1003009% BID:1.994 ASK:1.996 MID:1.995 P1:1.995 P2:1.995 P3:1.995 P4:1.995 STATE:IN_POS
[2026-05-16 01:51:46Z] CHK MOM:0% RANGE:0% UP:0% SPREAD:0.1003009% BID:1.994 ASK:1.996 MID:1.995 P1:1.995 P2:1.995 P3:1.995 P4:1.995 STATE:IN_POS
[2026-05-16 01:51:46Z] CHK MOM:0% RANGE:0% UP:0% SPREAD:0.1003009% BID:1.994 ASK:1.996 MID:1.995 P1:1.995 P2:1.995 P3:1.995 P4:1.995 STATE:IN_POS
[2026-05-16 01:51:47Z] CHK MOM:0% RANGE:0% UP:0% SPREAD:0.1003009% BID:1.994 ASK:1.996 MID:1.995 P1:1.995 P2:1.995 P3:1.995 P4:1.995 STATE:IN_POS
[2026-05-16 01:51:47Z] CHK MOM:0% RANGE:0% UP:0% SPREAD:0.1003009% BID:1.994 ASK:1.996 MID:1.995 P1:1.995 P2:1.995 P3:1.995 P4:1.995 STATE:IN_POS
[2026-05-16 01:51:55Z] CHK MOM:0% RANGE:0% UP:0% SPREAD:0.1003009% BID:1.994 ASK:1.996 MID:1.995 P1:1.995 P2:1.995 P3:1.995 P4:1.995 STATE:IN_POS
[2026-05-16 01:51:57Z] CHK MOM:0% RANGE:0% UP:0% SPREAD:0.1003009% BID:1.994 ASK:1.996 MID:1.995 P1:1.995 P2:1.995 P3:1.995 P4:1.995 STATE:IN_POS
[2026-05-16 01:52:01Z] CHK MOM:0% RANGE:0% UP:0% SPREAD:0.1003009% BID:1.994 ASK:1.996 MID:1.995 P1:1.995 P2:1.995 P3:1.995 P4:1.995 STATE:IN_POS
[2026-05-16 01:52:02Z] CHK MOM:0.05% RANGE:0.05% UP:50% SPREAD:0.10025062% BID:1.995 ASK:1.997 MID:1.996 P1:1.996 P2:1.995 P3:1.995 P4:1.995 STATE:IN_POS
[2026-05-16 01:52:02Z] CHK MOM:0.05% RANGE:0.05% UP:50% SPREAD:0.10025062% BID:1.995 ASK:1.997 MID:1.996 P1:1.996 P2:1.995 P3:1.995 P4:1.995 STATE:IN_POS
[2026-05-16 01:52:03Z] CHK MOM:0.02% RANGE:0.05% UP:33.33% SPREAD:0.05012531% BID:1.995 ASK:1.996 MID:1.9955 P1:1.9955 P2:1.996 P3:1.995 P4:1.995 STATE:IN_POS
[2026-05-16 01:52:03Z] CHK MOM:0.02% RANGE:0.05% UP:33.33% SPREAD:0.05012531% BID:1.995 ASK:1.996 MID:1.9955 P1:1.9955 P2:1.996 P3:1.995 P4:1.995 STATE:IN_POS
[2026-05-16 01:52:04Z] CHK MOM:0.02% RANGE:0.05% UP:33.33% SPREAD:0.05012531% BID:1.995 ASK:1.996 MID:1.9955 P1:1.9955 P2:1.996 P3:1.995 P4:1.995 STATE:IN_POS
[2026-05-16 01:52:04Z] CHK MOM:0.02% RANGE:0.05% UP:33.33% SPREAD:0.05012531% BID:1.995 ASK:1.996 MID:1.9955 P1:1.9955 P2:1.996 P3:1.995 P4:1.995 STATE:IN_POS
[2026-05-16 01:52:05Z] CHK MOM:0.02% RANGE:0.05% UP:33.33% SPREAD:0.05012531% BID:1.995 ASK:1.996 MID:1.9955 P1:1.9955 P2:1.996 P3:1.995 P4:1.995 STATE:IN_POS
[2026-05-16 01:52:05Z] CHK MOM:0.02% RANGE:0.05% UP:33.33% SPREAD:0.05012531% BID:1.995 ASK:1.996 MID:1.9955 P1:1.9955 P2:1.996 P3:1.995 P4:1.995 STATE:IN_POS
[2026-05-16 01:52:14Z] CHK MOM:0% RANGE:0.02% UP:50% SPREAD:0.10025062% BID:1.995 ASK:1.997 MID:1.996 P1:1.996 P2:1.9955 P3:1.996 P4:1.995 STATE:IN_POS
[2026-05-16 01:52:15Z] CHK MOM:-0.02% RANGE:0.02% UP:33.33% SPREAD:0.05012531% BID:1.995 ASK:1.996 MID:1.9955 P1:1.9955 P2:1.996 P3:1.9955 P4:1.996 STATE:IN_POS
[2026-05-16 01:52:16Z] CHK MOM:-0.02% RANGE:0.02% UP:33.33% SPREAD:0.05012531% BID:1.995 ASK:1.996 MID:1.9955 P1:1.9955 P2:1.996 P3:1.9955 P4:1.996 STATE:IN_POS
[2026-05-16 01:52:16Z] CHK MOM:-0.02% RANGE:0.02% UP:33.33% SPREAD:0.05012531% BID:1.995 ASK:1.996 MID:1.9955 P1:1.9955 P2:1.996 P3:1.9955 P4:1.996 STATE:IN_POS
[2026-05-16 01:52:17Z] CHK MOM:-0.02% RANGE:0.02% UP:0% SPREAD:0.05012531% BID:1.995 ASK:1.996 MID:1.9955 P1:1.9955 P2:1.9955 P3:1.996 P4:1.9955 STATE:IN_POS
[2026-05-16 01:52:17Z] CHK MOM:-0.02% RANGE:0.02% UP:0% SPREAD:0.05012531% BID:1.995 ASK:1.996 MID:1.9955 P1:1.9955 P2:1.9955 P3:1.996 P4:1.9955 STATE:IN_POS
[2026-05-16 01:52:18Z] CHK MOM:-0.02% RANGE:0.02% UP:0% SPREAD:0.05012531% BID:1.995 ASK:1.996 MID:1.9955 P1:1.9955 P2:1.9955 P3:1.996 P4:1.9955 STATE:IN_POS
[2026-05-16 01:52:18Z] CHK MOM:-0.02% RANGE:0.02% UP:0% SPREAD:0.05012531% BID:1.995 ASK:1.996 MID:1.9955 P1:1.9955 P2:1.9955 P3:1.996 P4:1.9955 STATE:IN_POS
[2026-05-16 01:52:19Z] CHK MOM:-0.02% RANGE:0.02% UP:0% SPREAD:0.05012531% BID:1.995 ASK:1.996 MID:1.9955 P1:1.9955 P2:1.9955 P3:1.996 P4:1.9955 STATE:IN_POS
[2026-05-16 01:52:21Z] CHK MOM:0% RANGE:0.02% UP:33.33% SPREAD:0.10025062% BID:1.995 ASK:1.997 MID:1.996 P1:1.996 P2:1.9955 P3:1.9955 P4:1.996 STATE:IN_POS
[2026-05-16 01:52:21Z] CHK MOM:0% RANGE:0.02% UP:33.33% SPREAD:0.10025062% BID:1.995 ASK:1.997 MID:1.996 P1:1.996 P2:1.9955 P3:1.9955 P4:1.996 STATE:IN_POS
[2026-05-16 01:52:22Z] CHK MOM:0% RANGE:0.02% UP:33.33% SPREAD:0.10025062% BID:1.995 ASK:1.997 MID:1.996 P1:1.996 P2:1.9955 P3:1.9955 P4:1.996 STATE:IN_POS
[2026-05-16 01:52:22Z] CHK MOM:0% RANGE:0.02% UP:33.33% SPREAD:0.10025062% BID:1.995 ASK:1.997 MID:1.996 P1:1.996 P2:1.9955 P3:1.9955 P4:1.996 STATE:IN_POS
[2026-05-16 01:52:23Z] CHK MOM:0% RANGE:0.02% UP:33.33% SPREAD:0.10025062% BID:1.995 ASK:1.997 MID:1.996 P1:1.996 P2:1.9955 P3:1.9955 P4:1.996 STATE:IN_POS
[2026-05-16 01:52:23Z] CHK MOM:0% RANGE:0.02% UP:33.33% SPREAD:0.10025062% BID:1.995 ASK:1.997 MID:1.996 P1:1.996 P2:1.9955 P3:1.9955 P4:1.996 STATE:IN_POS
[2026-05-16 01:52:28Z] CHK MOM:0.05% RANGE:0.05% UP:100% SPREAD:0.0501002% BID:1.996 ASK:1.997 MID:1.9965 P1:1.9965 P2:1.996 P3:1.9955 P4:1.9955 STATE:IN_POS
[2026-05-16 01:52:29Z] CHK MOM:0.05% RANGE:0.05% UP:100% SPREAD:0.0501002% BID:1.996 ASK:1.997 MID:1.9965 P1:1.9965 P2:1.996 P3:1.9955 P4:1.9955 STATE:IN_POS
[2026-05-16 01:52:30Z] CHK MOM:0.05% RANGE:0.05% UP:100% SPREAD:0.0501002% BID:1.996 ASK:1.997 MID:1.9965 P1:1.9965 P2:1.996 P3:1.9955 P4:1.9955 STATE:IN_POS
[2026-05-16 01:52:37Z] CHK MOM:-0.02% RANGE:0.02% UP:0% SPREAD:0.10025062% BID:1.995 ASK:1.997 MID:1.996 P1:1.996 P2:1.9965 P3:1.996 P4:1.9955 STATE:IN_POS
[2026-05-16 01:52:37Z] CHK MOM:-0.02% RANGE:0.02% UP:0% SPREAD:0.10025062% BID:1.995 ASK:1.997 MID:1.996 P1:1.996 P2:1.9965 P3:1.996 P4:1.9955 STATE:IN_POS
[2026-05-16 01:52:38Z] CHK MOM:-0.02% RANGE:0.02% UP:0% SPREAD:0.10025062% BID:1.995 ASK:1.997 MID:1.996 P1:1.996 P2:1.9965 P3:1.996 P4:1.9955 STATE:IN_POS
[2026-05-16 01:52:38Z] CHK MOM:-0.02% RANGE:0.02% UP:0% SPREAD:0.10025062% BID:1.995 ASK:1.997 MID:1.996 P1:1.996 P2:1.9965 P3:1.996 P4:1.9955 STATE:IN_POS
[2026-05-16 01:52:39Z] CHK MOM:-0.02% RANGE:0.02% UP:0% SPREAD:0.10025062% BID:1.995 ASK:1.997 MID:1.996 P1:1.996 P2:1.9965 P3:1.996 P4:1.9955 STATE:IN_POS
[2026-05-16 01:52:39Z] CHK MOM:-0.02% RANGE:0.02% UP:0% SPREAD:0.10025062% BID:1.995 ASK:1.997 MID:1.996 P1:1.996 P2:1.996 P3:1.9965 P4:1.996 STATE:IN_POS
[2026-05-16 01:52:40Z] CHK MOM:-0.02% RANGE:0.02% UP:0% SPREAD:0.10025062% BID:1.995 ASK:1.997 MID:1.996 P1:1.996 P2:1.996 P3:1.996 P4:1.9965 STATE:IN_POS
[2026-05-16 01:52:40Z] CHK MOM:-0.02% RANGE:0.02% UP:0% SPREAD:0.10025062% BID:1.995 ASK:1.997 MID:1.996 P1:1.996 P2:1.996 P3:1.996 P4:1.9965 STATE:IN_POS
[2026-05-16 01:52:41Z] CHK MOM:-0.02% RANGE:0.02% UP:0% SPREAD:0.10025062% BID:1.995 ASK:1.997 MID:1.996 P1:1.996 P2:1.996 P3:1.996 P4:1.9965 STATE:IN_POS
[2026-05-16 01:52:41Z] CHK MOM:-0.02% RANGE:0.02% UP:0% SPREAD:0.10025062% BID:1.995 ASK:1.997 MID:1.996 P1:1.996 P2:1.996 P3:1.996 P4:1.9965 STATE:IN_POS
[2026-05-16 01:52:42Z] CHK MOM:-0.02% RANGE:0.02% UP:0% SPREAD:0.10025062% BID:1.995 ASK:1.997 MID:1.996 P1:1.996 P2:1.996 P3:1.996 P4:1.9965 STATE:IN_POS
[2026-05-16 01:52:46Z] CHK MOM:-0.05% RANGE:0.05% UP:0% SPREAD:0.1003009% BID:1.994 ASK:1.996 MID:1.995 P1:1.995 P2:1.996 P3:1.996 P4:1.996 STATE:IN_POS
[2026-05-16 01:52:48Z] CHK MOM:-0.05% RANGE:0.05% UP:0% SPREAD:0.1003009% BID:1.994 ASK:1.996 MID:1.995 P1:1.995 P2:1.996 P3:1.996 P4:1.996 STATE:IN_POS
[2026-05-16 01:52:48Z] CHK MOM:-0.05% RANGE:0.05% UP:0% SPREAD:0.1003009% BID:1.994 ASK:1.996 MID:1.995 P1:1.995 P2:1.995 P3:1.996 P4:1.996 STATE:IN_POS
[2026-05-16 01:52:49Z] CHK MOM:-0.05% RANGE:0.05% UP:0% SPREAD:0.1003009% BID:1.994 ASK:1.996 MID:1.995 P1:1.995 P2:1.995 P3:1.996 P4:1.996 STATE:IN_POS
[2026-05-16 01:52:49Z] CHK MOM:-0.05% RANGE:0.05% UP:0% SPREAD:0.1003009% BID:1.994 ASK:1.996 MID:1.995 P1:1.995 P2:1.995 P3:1.995 P4:1.996 STATE:IN_POS
[2026-05-16 01:52:50Z] CHK MOM:-0.05% RANGE:0.05% UP:0% SPREAD:0.1003009% BID:1.994 ASK:1.996 MID:1.995 P1:1.995 P2:1.995 P3:1.995 P4:1.996 STATE:IN_POS
[2026-05-16 01:52:50Z] CHK MOM:-0.05% RANGE:0.05% UP:0% SPREAD:0.1003009% BID:1.994 ASK:1.996 MID:1.995 P1:1.995 P2:1.995 P3:1.995 P4:1.996 STATE:IN_POS
[2026-05-16 01:52:51Z] CHK MOM:-0.05% RANGE:0.05% UP:0% SPREAD:0.1003009% BID:1.994 ASK:1.996 MID:1.995 P1:1.995 P2:1.995 P3:1.995 P4:1.996 STATE:IN_POS
[2026-05-16 01:52:51Z] CHK MOM:-0.05% RANGE:0.05% UP:0% SPREAD:0.1003009% BID:1.994 ASK:1.996 MID:1.995 P1:1.995 P2:1.995 P3:1.995 P4:1.996 STATE:IN_POS
[2026-05-16 01:52:52Z] CHK MOM:0% RANGE:0% UP:0% SPREAD:0.1003009% BID:1.994 ASK:1.996 MID:1.995 P1:1.995 P2:1.995 P3:1.995 P4:1.995 STATE:IN_POS
[2026-05-16 01:52:52Z] CHK MOM:0% RANGE:0% UP:0% SPREAD:0.1003009% BID:1.994 ASK:1.996 MID:1.995 P1:1.995 P2:1.995 P3:1.995 P4:1.995 STATE:IN_POS
[2026-05-16 01:52:53Z] CHK MOM:0% RANGE:0% UP:0% SPREAD:0.1003009% BID:1.994 ASK:1.996 MID:1.995 P1:1.995 P2:1.995 P3:1.995 P4:1.995 STATE:IN_POS
[2026-05-16 01:52:54Z] CHK MOM:0% RANGE:0% UP:0% SPREAD:0.1003009% BID:1.994 ASK:1.996 MID:1.995 P1:1.995 P2:1.995 P3:1.995 P4:1.995 STATE:IN_POS
[2026-05-16 01:52:54Z] CHK MOM:0% RANGE:0% UP:0% SPREAD:0.1003009% BID:1.994 ASK:1.996 MID:1.995 P1:1.995 P2:1.995 P3:1.995 P4:1.995 STATE:IN_POS
[2026-05-16 01:52:58Z] CHK MOM:0% RANGE:0% UP:0% SPREAD:0.1003009% BID:1.994 ASK:1.996 MID:1.995 P1:1.995 P2:1.995 P3:1.995 P4:1.995 STATE:IN_POS
[2026-05-16 01:52:59Z] CHK MOM:0% RANGE:0% UP:0% SPREAD:0.1003009% BID:1.994 ASK:1.996 MID:1.995 P1:1.995 P2:1.995 P3:1.995 P4:1.995 STATE:IN_POS
[2026-05-16 01:53:00Z] CHK MOM:0% RANGE:0% UP:0% SPREAD:0.1003009% BID:1.994 ASK:1.996 MID:1.995 P1:1.995 P2:1.995 P3:1.995 P4:1.995 STATE:IN_POS
[2026-05-16 01:53:00Z] CHK MOM:0% RANGE:0% UP:0% SPREAD:0.1003009% BID:1.994 ASK:1.996 MID:1.995 P1:1.995 P2:1.995 P3:1.995 P4:1.995 STATE:IN_POS
[2026-05-16 01:53:01Z] CHK MOM:0% RANGE:0% UP:0% SPREAD:0.1003009% BID:1.994 ASK:1.996 MID:1.995 P1:1.995 P2:1.995 P3:1.995 P4:1.995 STATE:IN_POS
[2026-05-16 01:53:01Z] CHK MOM:-0.02% RANGE:0.02% UP:0% SPREAD:0.05015045% BID:1.994 ASK:1.995 MID:1.9945 P1:1.9945 P2:1.995 P3:1.995 P4:1.995 STATE:IN_POS
[2026-05-16 01:53:03Z] CHK MOM:-0.02% RANGE:0.02% UP:0% SPREAD:0.05015045% BID:1.994 ASK:1.995 MID:1.9945 P1:1.9945 P2:1.995 P3:1.995 P4:1.995 STATE:IN_POS
[2026-05-16 01:53:04Z] CHK MOM:-0.02% RANGE:0.02% UP:0% SPREAD:0.05015045% BID:1.994 ASK:1.995 MID:1.9945 P1:1.9945 P2:1.9945 P3:1.995 P4:1.995 STATE:IN_POS
[2026-05-16 01:53:05Z] CHK MOM:-0.02% RANGE:0.02% UP:0% SPREAD:0.05015045% BID:1.994 ASK:1.995 MID:1.9945 P1:1.9945 P2:1.9945 P3:1.995 P4:1.995 STATE:IN_POS
[2026-05-16 01:53:05Z] CHK MOM:-0.02% RANGE:0.02% UP:0% SPREAD:0.05015045% BID:1.994 ASK:1.995 MID:1.9945 P1:1.9945 P2:1.9945 P3:1.995 P4:1.995 STATE:IN_POS
[2026-05-16 01:53:06Z] CHK MOM:-0.02% RANGE:0.02% UP:0% SPREAD:0.05015045% BID:1.994 ASK:1.995 MID:1.9945 P1:1.9945 P2:1.9945 P3:1.995 P4:1.995 STATE:IN_POS
[2026-05-16 01:53:06Z] CHK MOM:-0.02% RANGE:0.02% UP:0% SPREAD:0.05015045% BID:1.994 ASK:1.995 MID:1.9945 P1:1.9945 P2:1.9945 P3:1.9945 P4:1.995 STATE:IN_POS
[2026-05-16 01:53:07Z] CHK MOM:-0.02% RANGE:0.02% UP:0% SPREAD:0.05015045% BID:1.994 ASK:1.995 MID:1.9945 P1:1.9945 P2:1.9945 P3:1.9945 P4:1.995 STATE:IN_POS
[2026-05-16 01:53:07Z] CHK MOM:-0.02% RANGE:0.02% UP:0% SPREAD:0.05015045% BID:1.994 ASK:1.995 MID:1.9945 P1:1.9945 P2:1.9945 P3:1.9945 P4:1.995 STATE:IN_POS
[2026-05-16 01:53:08Z] CHK MOM:-0.02% RANGE:0.02% UP:0% SPREAD:0.05015045% BID:1.994 ASK:1.995 MID:1.9945 P1:1.9945 P2:1.9945 P3:1.9945 P4:1.995 STATE:IN_POS
[2026-05-16 01:53:08Z] CHK MOM:-0.02% RANGE:0.02% UP:0% SPREAD:0.05015045% BID:1.994 ASK:1.995 MID:1.9945 P1:1.9945 P2:1.9945 P3:1.9945 P4:1.995 STATE:IN_POS
[2026-05-16 01:53:09Z] CHK MOM:-0.02% RANGE:0.02% UP:0% SPREAD:0.05015045% BID:1.994 ASK:1.995 MID:1.9945 P1:1.9945 P2:1.9945 P3:1.9945 P4:1.995 STATE:IN_POS
[2026-05-16 01:53:13Z] CHK MOM:-0.02% RANGE:0.02% UP:0% SPREAD:0.10035122% BID:1.993 ASK:1.995 MID:1.994 P1:1.994 P2:1.9945 P3:1.9945 P4:1.9945 STATE:IN_POS
[2026-05-16 01:53:13Z] CHK MOM:-0.02% RANGE:0.02% UP:0% SPREAD:0.10035122% BID:1.993 ASK:1.995 MID:1.994 P1:1.994 P2:1.9945 P3:1.9945 P4:1.9945 STATE:IN_POS
[2026-05-16 01:53:14Z] CHK MOM:-0.02% RANGE:0.02% UP:0% SPREAD:0.10035122% BID:1.993 ASK:1.995 MID:1.994 P1:1.994 P2:1.9945 P3:1.9945 P4:1.9945 STATE:IN_POS
[2026-05-16 01:53:15Z] CHK MOM:-0.02% RANGE:0.02% UP:0% SPREAD:0.10035122% BID:1.993 ASK:1.995 MID:1.994 P1:1.994 P2:1.9945 P3:1.9945 P4:1.9945 STATE:IN_POS
[2026-05-16 01:53:15Z] CHK MOM:-0.02% RANGE:0.02% UP:0% SPREAD:0.10035122% BID:1.993 ASK:1.995 MID:1.994 P1:1.994 P2:1.9945 P3:1.9945 P4:1.9945 STATE:IN_POS
[2026-05-16 01:53:19Z] CHK MOM:0.02% RANGE:0.02% UP:100% SPREAD:0.05015045% BID:1.994 ASK:1.995 MID:1.9945 P1:1.9945 P2:1.994 P3:1.9945 P4:1.9945 STATE:IN_POS
[2026-05-16 01:53:21Z] CHK MOM:0.02% RANGE:0.02% UP:100% SPREAD:0.05015045% BID:1.994 ASK:1.995 MID:1.9945 P1:1.9945 P2:1.994 P3:1.9945 P4:1.9945 STATE:IN_POS
[2026-05-16 01:53:21Z] CHK MOM:0.02% RANGE:0.02% UP:100% SPREAD:0.05015045% BID:1.994 ASK:1.995 MID:1.9945 P1:1.9945 P2:1.994 P3:1.9945 P4:1.9945 STATE:IN_POS
[2026-05-16 01:53:36Z] CHK MOM:0% RANGE:0% UP:0% SPREAD:0.05017561% BID:1.993 ASK:1.994 MID:1.9935 P1:1.9935 P2:1.9945 P3:1.994 P4:1.9945 STATE:IN_POS
[2026-05-16 01:53:37Z] CHK MOM:0% RANGE:0% UP:0% SPREAD:0.05017561% BID:1.993 ASK:1.994 MID:1.9935 P1:1.9935 P2:1.9935 P3:1.9945 P4:1.994 STATE:IN_POS
[2026-05-16 01:53:38Z] CHK MOM:0% RANGE:0% UP:0% SPREAD:0.05017561% BID:1.993 ASK:1.994 MID:1.9935 P1:1.9935 P2:1.9935 P3:1.9945 P4:1.994 STATE:IN_POS
[2026-05-16 01:53:38Z] CHK MOM:0% RANGE:0% UP:0% SPREAD:0.05017561% BID:1.993 ASK:1.994 MID:1.9935 P1:1.9935 P2:1.9935 P3:1.9945 P4:1.994 STATE:IN_POS
[2026-05-16 01:53:39Z] CHK MOM:0% RANGE:0% UP:0% SPREAD:0.05017561% BID:1.993 ASK:1.994 MID:1.9935 P1:1.9935 P2:1.9935 P3:1.9945 P4:1.994 STATE:IN_POS
[2026-05-16 01:53:39Z] CHK MOM:0% RANGE:0% UP:0% SPREAD:0.05017561% BID:1.993 ASK:1.994 MID:1.9935 P1:1.9935 P2:1.9935 P3:1.9945 P4:1.994 STATE:IN_POS
[2026-05-16 01:53:44Z] CHK MOM:0.05% RANGE:0.05% UP:50% SPREAD:0.05015045% BID:1.994 ASK:1.995 MID:1.9945 P1:1.9945 P2:1.9935 P3:1.9935 P4:1.9945 STATE:IN_POS
[2026-05-16 01:53:45Z] CHK MOM:0.05% RANGE:0.05% UP:50% SPREAD:0.05015045% BID:1.994 ASK:1.995 MID:1.9945 P1:1.9945 P2:1.9935 P3:1.9935 P4:1.9945 STATE:IN_POS
[2026-05-16 01:53:45Z] CHK MOM:0.05% RANGE:0.05% UP:50% SPREAD:0.05015045% BID:1.994 ASK:1.995 MID:1.9945 P1:1.9945 P2:1.9935 P3:1.9935 P4:1.9945 STATE:IN_POS
[2026-05-16 01:53:46Z] CHK MOM:0.05% RANGE:0.05% UP:50% SPREAD:0.05015045% BID:1.994 ASK:1.995 MID:1.9945 P1:1.9945 P2:1.9935 P3:1.9935 P4:1.9945 STATE:IN_POS
[2026-05-16 01:53:46Z] CHK MOM:0.05% RANGE:0.05% UP:50% SPREAD:0.05015045% BID:1.994 ASK:1.995 MID:1.9945 P1:1.9945 P2:1.9935 P3:1.9935 P4:1.9945 STATE:IN_POS
[2026-05-16 01:53:50Z] CHK MOM:0% RANGE:0% UP:0% SPREAD:0.05015045% BID:1.994 ASK:1.995 MID:1.9945 P1:1.9945 P2:1.9945 P3:1.9935 P4:1.9935 STATE:IN_POS
[2026-05-16 01:53:51Z] CHK MOM:0% RANGE:0% UP:0% SPREAD:0.05015045% BID:1.994 ASK:1.995 MID:1.9945 P1:1.9945 P2:1.9945 P3:1.9935 P4:1.9935 STATE:IN_POS
[2026-05-16 01:53:51Z] CHK MOM:0% RANGE:0% UP:0% SPREAD:0.05015045% BID:1.994 ASK:1.995 MID:1.9945 P1:1.9945 P2:1.9945 P3:1.9945 P4:1.9935 STATE:IN_POS
[2026-05-16 01:53:53Z] CHK MOM:0% RANGE:0% UP:0% SPREAD:0.05015045% BID:1.994 ASK:1.995 MID:1.9945 P1:1.9945 P2:1.9945 P3:1.9945 P4:1.9935 STATE:IN_POS
[2026-05-16 01:53:53Z] CHK MOM:0% RANGE:0% UP:0% SPREAD:0.05015045% BID:1.994 ASK:1.995 MID:1.9945 P1:1.9945 P2:1.9945 P3:1.9945 P4:1.9935 STATE:IN_POS
[2026-05-16 01:53:54Z] CHK MOM:0% RANGE:0% UP:0% SPREAD:0.05015045% BID:1.994 ASK:1.995 MID:1.9945 P1:1.9945 P2:1.9945 P3:1.9945 P4:1.9935 STATE:IN_POS
[2026-05-16 01:53:58Z] CHK MOM:-0.05% RANGE:0.05% UP:0% SPREAD:0.05017561% BID:1.993 ASK:1.994 MID:1.9935 P1:1.9935 P2:1.9945 P3:1.9945 P4:1.9945 STATE:IN_POS
[2026-05-16 01:53:59Z] CHK MOM:-0.05% RANGE:0.05% UP:0% SPREAD:0.05017561% BID:1.993 ASK:1.994 MID:1.9935 P1:1.9935 P2:1.9945 P3:1.9945 P4:1.9945 STATE:IN_POS
[2026-05-16 01:53:59Z] CHK MOM:-0.05% RANGE:0.05% UP:0% SPREAD:0.05017561% BID:1.993 ASK:1.994 MID:1.9935 P1:1.9935 P2:1.9945 P3:1.9945 P4:1.9945 STATE:IN_POS
[2026-05-16 01:54:00Z] CHK MOM:-0.05% RANGE:0.05% UP:0% SPREAD:0.05017561% BID:1.993 ASK:1.994 MID:1.9935 P1:1.9935 P2:1.9945 P3:1.9945 P4:1.9945 STATE:IN_POS
[2026-05-16 01:54:00Z] CHK MOM:-0.05% RANGE:0.05% UP:0% SPREAD:0.05017561% BID:1.993 ASK:1.994 MID:1.9935 P1:1.9935 P2:1.9935 P3:1.9945 P4:1.9945 STATE:IN_POS
[2026-05-16 01:54:01Z] CHK MOM:-0.05% RANGE:0.05% UP:0% SPREAD:0.05017561% BID:1.993 ASK:1.994 MID:1.9935 P1:1.9935 P2:1.9935 P3:1.9945 P4:1.9945 STATE:IN_POS
[2026-05-16 01:54:01Z] CHK MOM:0% RANGE:0.05% UP:25% SPREAD:0.05015045% BID:1.994 ASK:1.995 MID:1.9945 P1:1.9945 P2:1.9935 P3:1.9935 P4:1.9945 STATE:IN_POS
[2026-05-16 01:54:02Z] CHK MOM:0% RANGE:0.05% UP:25% SPREAD:0.05015045% BID:1.994 ASK:1.995 MID:1.9945 P1:1.9945 P2:1.9935 P3:1.9935 P4:1.9945 STATE:IN_POS
[2026-05-16 01:54:02Z] CHK MOM:0% RANGE:0.05% UP:25% SPREAD:0.05015045% BID:1.994 ASK:1.995 MID:1.9945 P1:1.9945 P2:1.9935 P3:1.9935 P4:1.9945 STATE:IN_POS
[2026-05-16 01:54:03Z] CHK MOM:0% RANGE:0.05% UP:25% SPREAD:0.05015045% BID:1.994 ASK:1.995 MID:1.9945 P1:1.9945 P2:1.9935 P3:1.9935 P4:1.9945 STATE:IN_POS
[2026-05-16 01:54:04Z] CHK MOM:0% RANGE:0.05% UP:25% SPREAD:0.05015045% BID:1.994 ASK:1.995 MID:1.9945 P1:1.9945 P2:1.9935 P3:1.9935 P4:1.9945 STATE:IN_POS
[2026-05-16 01:54:05Z] CHK MOM:0.05% RANGE:0.05% UP:33.33% SPREAD:0.05015045% BID:1.994 ASK:1.995 MID:1.9945 P1:1.9945 P2:1.9945 P3:1.9935 P4:1.9935 STATE:IN_POS
[2026-05-16 01:54:06Z] CHK MOM:0.05% RANGE:0.05% UP:33.33% SPREAD:0.05015045% BID:1.994 ASK:1.995 MID:1.9945 P1:1.9945 P2:1.9945 P3:1.9935 P4:1.9935 STATE:IN_POS
[2026-05-16 01:54:06Z] CHK MOM:0.05% RANGE:0.05% UP:25% SPREAD:0.05015045% BID:1.994 ASK:1.995 MID:1.9945 P1:1.9945 P2:1.9945 P3:1.9945 P4:1.9935 STATE:IN_POS
[2026-05-16 01:54:07Z] CHK MOM:0.05% RANGE:0.05% UP:25% SPREAD:0.05015045% BID:1.994 ASK:1.995 MID:1.9945 P1:1.9945 P2:1.9945 P3:1.9945 P4:1.9935 STATE:IN_POS
[2026-05-16 01:54:08Z] CHK MOM:0.05% RANGE:0.05% UP:20% SPREAD:0.05015045% BID:1.994 ASK:1.995 MID:1.9945 P1:1.9945 P2:1.9945 P3:1.9945 P4:1.9945 STATE:IN_POS
[2026-05-16 01:54:09Z] CHK MOM:0.05% RANGE:0.05% UP:20% SPREAD:0.05015045% BID:1.994 ASK:1.995 MID:1.9945 P1:1.9945 P2:1.9945 P3:1.9945 P4:1.9945 STATE:IN_POS
[2026-05-16 01:54:10Z] CHK MOM:0.05% RANGE:0.05% UP:20% SPREAD:0.05015045% BID:1.994 ASK:1.995 MID:1.9945 P1:1.9945 P2:1.9945 P3:1.9945 P4:1.9945 STATE:IN_POS
[2026-05-16 01:54:22Z] CHK MOM:0% RANGE:0% UP:0% SPREAD:0.0501002% BID:1.996 ASK:1.997 MID:1.9965 P1:1.9965 P2:1.9945 P3:1.9945 P4:1.9945 STATE:IN_POS
[2026-05-16 01:54:24Z] CHK MOM:0.02% RANGE:0.02% UP:100% SPREAD:0.1002004% BID:1.996 ASK:1.998 MID:1.99699999 P1:1.99699999 P2:1.9965 P3:1.9945 P4:1.9945 STATE:IN_POS
[2026-05-16 01:54:24Z] CHK MOM:0.02% RANGE:0.02% UP:50% SPREAD:0.1002004% BID:1.996 ASK:1.998 MID:1.99699999 P1:1.99699999 P2:1.99699999 P3:1.9965 P4:1.9945 STATE:IN_POS
[2026-05-16 01:54:25Z] CHK MOM:0% RANGE:0.02% UP:33.33% SPREAD:0.15037593% BID:1.995 ASK:1.998 MID:1.9965 P1:1.9965 P2:1.99699999 P3:1.99699999 P4:1.9965 STATE:IN_POS
[2026-05-16 01:54:25Z] CHK MOM:0% RANGE:0.02% UP:25% SPREAD:0.15037593% BID:1.995 ASK:1.998 MID:1.9965 P1:1.9965 P2:1.9965 P3:1.99699999 P4:1.99699999 STATE:IN_POS
[2026-05-16 01:54:26Z] CHK MOM:0% RANGE:0.02% UP:20% SPREAD:0.15037593% BID:1.995 ASK:1.998 MID:1.9965 P1:1.9965 P2:1.9965 P3:1.9965 P4:1.99699999 STATE:IN_POS
[2026-05-16 01:54:26Z] CHK MOM:0.02% RANGE:0.02% UP:33.33% SPREAD:0.1002004% BID:1.996 ASK:1.998 MID:1.99699999 P1:1.99699999 P2:1.9965 P3:1.9965 P4:1.9965 STATE:IN_POS
[2026-05-16 01:54:27Z] CHK MOM:0.02% RANGE:0.02% UP:33.33% SPREAD:0.1002004% BID:1.996 ASK:1.998 MID:1.99699999 P1:1.99699999 P2:1.9965 P3:1.9965 P4:1.9965 STATE:IN_POS
[2026-05-16 01:54:28Z] CHK MOM:0.02% RANGE:0.02% UP:33.33% SPREAD:0.1002004% BID:1.996 ASK:1.998 MID:1.99699999 P1:1.99699999 P2:1.9965 P3:1.9965 P4:1.9965 STATE:IN_POS
[2026-05-16 01:54:28Z] CHK MOM:0.02% RANGE:0.02% UP:33.33% SPREAD:0.1002004% BID:1.996 ASK:1.998 MID:1.99699999 P1:1.99699999 P2:1.9965 P3:1.9965 P4:1.9965 STATE:IN_POS
[2026-05-16 01:54:29Z] CHK MOM:0.02% RANGE:0.02% UP:33.33% SPREAD:0.1002004% BID:1.996 ASK:1.998 MID:1.99699999 P1:1.99699999 P2:1.9965 P3:1.9965 P4:1.9965 STATE:IN_POS
[2026-05-16 01:54:38Z] CHK MOM:-0.02% RANGE:0.05% UP:50% SPREAD:0.10025062% BID:1.995 ASK:1.997 MID:1.996 P1:1.996 P2:1.99699999 P3:1.9965 P4:1.9965 STATE:IN_POS
[2026-05-16 01:54:39Z] CHK MOM:0% RANGE:0% UP:0% SPREAD:0.10025062% BID:1.995 ASK:1.997 MID:1.996 P1:1.996 P2:1.996 P3:1.99699999 P4:1.9965 STATE:IN_POS
[2026-05-16 01:54:40Z] CHK MOM:0% RANGE:0% UP:0% SPREAD:0.10025062% BID:1.995 ASK:1.997 MID:1.996 P1:1.996 P2:1.996 P3:1.99699999 P4:1.9965 STATE:IN_POS
[2026-05-16 01:54:40Z] CHK MOM:0% RANGE:0% UP:0% SPREAD:0.10025062% BID:1.995 ASK:1.997 MID:1.996 P1:1.996 P2:1.996 P3:1.99699999 P4:1.9965 STATE:IN_POS
[2026-05-16 01:54:41Z] CHK MOM:0% RANGE:0% UP:0% SPREAD:0.10025062% BID:1.995 ASK:1.997 MID:1.996 P1:1.996 P2:1.996 P3:1.996 P4:1.99699999 STATE:IN_POS
[2026-05-16 01:54:41Z] CHK MOM:0% RANGE:0% UP:0% SPREAD:0.10025062% BID:1.995 ASK:1.997 MID:1.996 P1:1.996 P2:1.996 P3:1.996 P4:1.99699999 STATE:IN_POS
[2026-05-16 01:54:42Z] CHK MOM:0% RANGE:0% UP:0% SPREAD:0.10025062% BID:1.995 ASK:1.997 MID:1.996 P1:1.996 P2:1.996 P3:1.996 P4:1.99699999 STATE:IN_POS
[2026-05-16 01:54:42Z] CHK MOM:0% RANGE:0% UP:0% SPREAD:0.10025062% BID:1.995 ASK:1.997 MID:1.996 P1:1.996 P2:1.996 P3:1.996 P4:1.99699999 STATE:IN_POS
[2026-05-16 01:54:43Z] CHK MOM:0% RANGE:0% UP:0% SPREAD:0.10025062% BID:1.995 ASK:1.997 MID:1.996 P1:1.996 P2:1.996 P3:1.996 P4:1.99699999 STATE:IN_POS
[2026-05-16 01:54:44Z] CHK MOM:0% RANGE:0% UP:0% SPREAD:0.10025062% BID:1.995 ASK:1.997 MID:1.996 P1:1.996 P2:1.996 P3:1.996 P4:1.996 STATE:IN_POS
[2026-05-16 01:54:44Z] CHK MOM:0% RANGE:0% UP:0% SPREAD:0.10025062% BID:1.995 ASK:1.997 MID:1.996 P1:1.996 P2:1.996 P3:1.996 P4:1.996 STATE:IN_POS
[2026-05-16 01:54:45Z] CHK MOM:0% RANGE:0% UP:0% SPREAD:0.10025062% BID:1.995 ASK:1.997 MID:1.996 P1:1.996 P2:1.996 P3:1.996 P4:1.996 STATE:IN_POS
[2026-05-16 01:54:45Z] CHK MOM:0% RANGE:0% UP:0% SPREAD:0.10025062% BID:1.995 ASK:1.997 MID:1.996 P1:1.996 P2:1.996 P3:1.996 P4:1.996 STATE:IN_POS
[2026-05-16 01:54:46Z] CHK MOM:0.02% RANGE:0.02% UP:25% SPREAD:0.0501002% BID:1.996 ASK:1.997 MID:1.9965 P1:1.9965 P2:1.996 P3:1.996 P4:1.996 STATE:IN_POS
[2026-05-16 01:54:46Z] CHK MOM:0% RANGE:0.02% UP:20% SPREAD:0.10025062% BID:1.995 ASK:1.997 MID:1.996 P1:1.996 P2:1.9965 P3:1.996 P4:1.996 STATE:IN_POS
[2026-05-16 01:54:47Z] CHK MOM:0% RANGE:0.02% UP:20% SPREAD:0.10025062% BID:1.995 ASK:1.997 MID:1.996 P1:1.996 P2:1.9965 P3:1.996 P4:1.996 STATE:IN_POS
[2026-05-16 01:54:47Z] CHK MOM:0% RANGE:0.02% UP:16.66% SPREAD:0.10025062% BID:1.995 ASK:1.997 MID:1.996 P1:1.996 P2:1.996 P3:1.9965 P4:1.996 STATE:IN_POS
[2026-05-16 01:54:48Z] CHK MOM:0% RANGE:0.02% UP:16.66% SPREAD:0.10025062% BID:1.995 ASK:1.997 MID:1.996 P1:1.996 P2:1.996 P3:1.9965 P4:1.996 STATE:IN_POS
[2026-05-16 01:54:49Z] CHK MOM:0% RANGE:0.02% UP:14.28% SPREAD:0.10025062% BID:1.995 ASK:1.997 MID:1.996 P1:1.996 P2:1.996 P3:1.996 P4:1.9965 STATE:IN_POS
[2026-05-16 01:54:49Z] CHK MOM:0% RANGE:0.02% UP:14.28% SPREAD:0.10025062% BID:1.995 ASK:1.997 MID:1.996 P1:1.996 P2:1.996 P3:1.996 P4:1.9965 STATE:IN_POS
[2026-05-16 01:54:50Z] CHK MOM:0% RANGE:0.02% UP:14.28% SPREAD:0.10025062% BID:1.995 ASK:1.997 MID:1.996 P1:1.996 P2:1.996 P3:1.996 P4:1.9965 STATE:IN_POS
[2026-05-16 01:54:50Z] CHK MOM:0% RANGE:0.02% UP:14.28% SPREAD:0.10025062% BID:1.995 ASK:1.997 MID:1.996 P1:1.996 P2:1.996 P3:1.996 P4:1.9965 STATE:IN_POS
[2026-05-16 01:54:51Z] CHK MOM:0% RANGE:0.02% UP:14.28% SPREAD:0.10025062% BID:1.995 ASK:1.997 MID:1.996 P1:1.996 P2:1.996 P3:1.996 P4:1.996 STATE:IN_POS
[2026-05-16 01:54:51Z] CHK MOM:0% RANGE:0.02% UP:14.28% SPREAD:0.10025062% BID:1.995 ASK:1.997 MID:1.996 P1:1.996 P2:1.996 P3:1.996 P4:1.996 STATE:IN_POS
[2026-05-16 01:54:52Z] CHK MOM:0.02% RANGE:0.02% UP:28.57% SPREAD:0.0501002% BID:1.996 ASK:1.997 MID:1.9965 P1:1.9965 P2:1.996 P3:1.996 P4:1.996 STATE:IN_POS
[2026-05-16 01:54:52Z] CHK MOM:0% RANGE:0.02% UP:25% SPREAD:0.10025062% BID:1.995 ASK:1.997 MID:1.996 P1:1.996 P2:1.9965 P3:1.996 P4:1.996 STATE:IN_POS
[2026-05-16 01:54:53Z] CHK MOM:0% RANGE:0.02% UP:25% SPREAD:0.10025062% BID:1.995 ASK:1.997 MID:1.996 P1:1.996 P2:1.9965 P3:1.996 P4:1.996 STATE:IN_POS
[2026-05-16 01:54:55Z] CHK MOM:0% RANGE:0.02% UP:25% SPREAD:0.10025062% BID:1.995 ASK:1.997 MID:1.996 P1:1.996 P2:1.996 P3:1.9965 P4:1.996 STATE:IN_POS
[2026-05-16 01:54:55Z] CHK MOM:0% RANGE:0.02% UP:25% SPREAD:0.10025062% BID:1.995 ASK:1.997 MID:1.996 P1:1.996 P2:1.996 P3:1.9965 P4:1.996 STATE:IN_POS
[2026-05-16 01:54:56Z] CHK MOM:0% RANGE:0.02% UP:25% SPREAD:0.10025062% BID:1.995 ASK:1.997 MID:1.996 P1:1.996 P2:1.996 P3:1.9965 P4:1.996 STATE:IN_POS
[2026-05-16 01:54:56Z] CHK MOM:0% RANGE:0.02% UP:25% SPREAD:0.10025062% BID:1.995 ASK:1.997 MID:1.996 P1:1.996 P2:1.996 P3:1.9965 P4:1.996 STATE:IN_POS
[2026-05-16 01:54:57Z] CHK MOM:0% RANGE:0.02% UP:25% SPREAD:0.10025062% BID:1.995 ASK:1.997 MID:1.996 P1:1.996 P2:1.996 P3:1.9965 P4:1.996 STATE:IN_POS
[2026-05-16 01:54:57Z] CHK MOM:0% RANGE:0.02% UP:25% SPREAD:0.10025062% BID:1.995 ASK:1.997 MID:1.996 P1:1.996 P2:1.996 P3:1.9965 P4:1.996 STATE:IN_POS
[2026-05-16 01:55:00Z] CHK MOM:0% RANGE:0.02% UP:16.66% SPREAD:0.10025062% BID:1.995 ASK:1.997 MID:1.996 P1:1.996 P2:1.996 P3:1.996 P4:1.9965 STATE:IN_POS
[2026-05-16 01:55:00Z] CHK MOM:0% RANGE:0.02% UP:16.66% SPREAD:0.10025062% BID:1.995 ASK:1.997 MID:1.996 P1:1.996 P2:1.996 P3:1.996 P4:1.9965 STATE:IN_POS
[2026-05-16 01:55:01Z] CHK MOM:0% RANGE:0.02% UP:16.66% SPREAD:0.10025062% BID:1.995 ASK:1.997 MID:1.996 P1:1.996 P2:1.996 P3:1.996 P4:1.9965 STATE:IN_POS
[2026-05-16 01:55:01Z] CHK MOM:0% RANGE:0.02% UP:16.66% SPREAD:0.10025062% BID:1.995 ASK:1.997 MID:1.996 P1:1.996 P2:1.996 P3:1.996 P4:1.9965 STATE:IN_POS
[2026-05-16 01:55:02Z] CHK MOM:0% RANGE:0.02% UP:20% SPREAD:0.10025062% BID:1.995 ASK:1.997 MID:1.996 P1:1.996 P2:1.996 P3:1.996 P4:1.996 STATE:IN_POS
[2026-05-16 01:55:02Z] CHK MOM:0% RANGE:0.02% UP:20% SPREAD:0.10025062% BID:1.995 ASK:1.997 MID:1.996 P1:1.996 P2:1.996 P3:1.996 P4:1.996 STATE:IN_POS
[2026-05-16 01:55:03Z] CHK MOM:-0.02% RANGE:0.02% UP:0% SPREAD:0.10025062% BID:1.995 ASK:1.997 MID:1.996 P1:1.996 P2:1.996 P3:1.996 P4:1.996 STATE:IN_POS
[2026-05-16 01:55:03Z] CHK MOM:-0.02% RANGE:0.02% UP:0% SPREAD:0.10025062% BID:1.995 ASK:1.997 MID:1.996 P1:1.996 P2:1.996 P3:1.996 P4:1.996 STATE:IN_POS
[2026-05-16 01:55:04Z] CHK MOM:-0.05% RANGE:0.05% UP:0% SPREAD:0.1003009% BID:1.994 ASK:1.996 MID:1.995 P1:1.995 P2:1.996 P3:1.996 P4:1.996 STATE:IN_POS
[2026-05-16 01:55:04Z] CHK MOM:-0.05% RANGE:0.05% UP:0% SPREAD:0.1003009% BID:1.994 ASK:1.996 MID:1.995 P1:1.995 P2:1.996 P3:1.996 P4:1.996 STATE:IN_POS
[2026-05-16 01:55:05Z] CHK MOM:-0.05% RANGE:0.05% UP:0% SPREAD:0.1003009% BID:1.994 ASK:1.996 MID:1.995 P1:1.995 P2:1.996 P3:1.996 P4:1.996 STATE:IN_POS
[2026-05-16 01:55:05Z] CHK MOM:-0.05% RANGE:0.05% UP:0% SPREAD:0.1003009% BID:1.994 ASK:1.996 MID:1.995 P1:1.995 P2:1.996 P3:1.996 P4:1.996 STATE:IN_POS
[2026-05-16 01:55:06Z] CHK MOM:-0.05% RANGE:0.05% UP:0% SPREAD:0.1003009% BID:1.994 ASK:1.996 MID:1.995 P1:1.995 P2:1.996 P3:1.996 P4:1.996 STATE:IN_POS
[2026-05-16 01:55:07Z] CHK MOM:-0.07% RANGE:0.07% UP:0% SPREAD:0.05015045% BID:1.994 ASK:1.995 MID:1.9945 P1:1.9945 P2:1.995 P3:1.996 P4:1.996 STATE:IN_POS
[2026-05-16 01:55:08Z] CHK MOM:-0.07% RANGE:0.07% UP:0% SPREAD:0.05015045% BID:1.994 ASK:1.995 MID:1.9945 P1:1.9945 P2:1.9945 P3:1.995 P4:1.996 STATE:IN_POS
[2026-05-16 01:55:08Z] CHK MOM:-0.07% RANGE:0.07% UP:0% SPREAD:0.05015045% BID:1.994 ASK:1.995 MID:1.9945 P1:1.9945 P2:1.9945 P3:1.995 P4:1.996 STATE:IN_POS
[2026-05-16 01:55:09Z] CHK MOM:-0.07% RANGE:0.07% UP:0% SPREAD:0.05015045% BID:1.994 ASK:1.995 MID:1.9945 P1:1.9945 P2:1.9945 P3:1.995 P4:1.996 STATE:IN_POS
[2026-05-16 01:55:10Z] CHK MOM:-0.07% RANGE:0.07% UP:0% SPREAD:0.05015045% BID:1.994 ASK:1.995 MID:1.9945 P1:1.9945 P2:1.9945 P3:1.995 P4:1.996 STATE:IN_POS
[2026-05-16 01:55:18Z] CHK MOM:0% RANGE:0% UP:0% SPREAD:0.05015045% BID:1.994 ASK:1.995 MID:1.9945 P1:1.9945 P2:1.9945 P3:1.9945 P4:1.995 STATE:IN_POS
[2026-05-16 01:55:19Z] CHK MOM:0% RANGE:0% UP:0% SPREAD:0.05015045% BID:1.994 ASK:1.995 MID:1.9945 P1:1.9945 P2:1.9945 P3:1.9945 P4:1.995 STATE:IN_POS
[2026-05-16 01:55:19Z] CHK MOM:0% RANGE:0% UP:0% SPREAD:0.05015045% BID:1.994 ASK:1.995 MID:1.9945 P1:1.9945 P2:1.9945 P3:1.9945 P4:1.995 STATE:IN_POS
[2026-05-16 01:55:20Z] CHK MOM:0% RANGE:0% UP:0% SPREAD:0.05015045% BID:1.994 ASK:1.995 MID:1.9945 P1:1.9945 P2:1.9945 P3:1.9945 P4:1.995 STATE:IN_POS
[2026-05-16 01:55:20Z] CHK MOM:0% RANGE:0% UP:0% SPREAD:0.05015045% BID:1.994 ASK:1.995 MID:1.9945 P1:1.9945 P2:1.9945 P3:1.9945 P4:1.995 STATE:IN_POS
[2026-05-16 01:55:22Z] CHK MOM:0.05% RANGE:0.05% UP:100% SPREAD:0.05012531% BID:1.995 ASK:1.996 MID:1.9955 P1:1.9955 P2:1.9945 P3:1.9945 P4:1.9945 STATE:IN_POS
[2026-05-16 01:55:22Z] CHK MOM:0% RANGE:0.05% UP:50% SPREAD:0.05015045% BID:1.994 ASK:1.995 MID:1.9945 P1:1.9945 P2:1.9955 P3:1.9945 P4:1.9945 STATE:IN_POS
[2026-05-16 01:55:23Z] CHK MOM:0% RANGE:0.05% UP:50% SPREAD:0.05015045% BID:1.994 ASK:1.995 MID:1.9945 P1:1.9945 P2:1.9955 P3:1.9945 P4:1.9945 STATE:IN_POS
[2026-05-16 01:55:24Z] CHK MOM:0% RANGE:0.05% UP:33.33% SPREAD:0.05015045% BID:1.994 ASK:1.995 MID:1.9945 P1:1.9945 P2:1.9945 P3:1.9955 P4:1.9945 STATE:IN_POS
[2026-05-16 01:55:25Z] CHK MOM:0.05% RANGE:0.05% UP:50% SPREAD:0.05012531% BID:1.995 ASK:1.996 MID:1.9955 P1:1.9955 P2:1.9945 P3:1.9945 P4:1.9955 STATE:IN_POS
[2026-05-16 01:55:26Z] CHK MOM:0.05% RANGE:0.05% UP:50% SPREAD:0.05012531% BID:1.995 ASK:1.996 MID:1.9955 P1:1.9955 P2:1.9945 P3:1.9945 P4:1.9955 STATE:IN_POS
[2026-05-16 01:55:26Z] CHK MOM:0.05% RANGE:0.05% UP:50% SPREAD:0.05012531% BID:1.995 ASK:1.996 MID:1.9955 P1:1.9955 P2:1.9945 P3:1.9945 P4:1.9955 STATE:IN_POS
[2026-05-16 01:55:27Z] CHK MOM:0.05% RANGE:0.05% UP:50% SPREAD:0.05012531% BID:1.995 ASK:1.996 MID:1.9955 P1:1.9955 P2:1.9945 P3:1.9945 P4:1.9955 STATE:IN_POS
[2026-05-16 01:55:27Z] CHK MOM:0.05% RANGE:0.05% UP:50% SPREAD:0.05012531% BID:1.995 ASK:1.996 MID:1.9955 P1:1.9955 P2:1.9945 P3:1.9945 P4:1.9955 STATE:IN_POS
[2026-05-16 01:55:28Z] CHK MOM:0.05% RANGE:0.05% UP:40% SPREAD:0.05012531% BID:1.995 ASK:1.996 MID:1.9955 P1:1.9955 P2:1.9955 P3:1.9945 P4:1.9945 STATE:IN_POS
[2026-05-16 01:55:28Z] CHK MOM:0.05% RANGE:0.05% UP:40% SPREAD:0.05012531% BID:1.995 ASK:1.996 MID:1.9955 P1:1.9955 P2:1.9955 P3:1.9945 P4:1.9945 STATE:IN_POS
[2026-05-16 01:55:29Z] CHK MOM:0.05% RANGE:0.05% UP:40% SPREAD:0.05012531% BID:1.995 ASK:1.996 MID:1.9955 P1:1.9955 P2:1.9955 P3:1.9945 P4:1.9945 STATE:IN_POS
[2026-05-16 01:55:30Z] CHK MOM:0% RANGE:0.05% UP:33.33% SPREAD:0.05015045% BID:1.994 ASK:1.995 MID:1.9945 P1:1.9945 P2:1.9955 P3:1.9955 P4:1.9945 STATE:IN_POS
[2026-05-16 01:55:30Z] CHK MOM:0% RANGE:0.05% UP:33.33% SPREAD:0.05015045% BID:1.994 ASK:1.995 MID:1.9945 P1:1.9945 P2:1.9955 P3:1.9955 P4:1.9945 STATE:IN_POS
[2026-05-16 01:55:31Z] CHK MOM:-0.05% RANGE:0.05% UP:16.66% SPREAD:0.05015045% BID:1.994 ASK:1.995 MID:1.9945 P1:1.9945 P2:1.9945 P3:1.9955 P4:1.9955 STATE:IN_POS
[2026-05-16 01:55:31Z] CHK MOM:-0.05% RANGE:0.05% UP:16.66% SPREAD:0.05015045% BID:1.994 ASK:1.995 MID:1.9945 P1:1.9945 P2:1.9945 P3:1.9955 P4:1.9955 STATE:IN_POS
[2026-05-16 01:55:32Z] CHK MOM:-0.05% RANGE:0.05% UP:16.66% SPREAD:0.05015045% BID:1.994 ASK:1.995 MID:1.9945 P1:1.9945 P2:1.9945 P3:1.9955 P4:1.9955 STATE:IN_POS
[2026-05-16 01:55:32Z] CHK MOM:-0.05% RANGE:0.05% UP:16.66% SPREAD:0.05015045% BID:1.994 ASK:1.995 MID:1.9945 P1:1.9945 P2:1.9945 P3:1.9955 P4:1.9955 STATE:IN_POS
[2026-05-16 01:55:33Z] CHK MOM:-0.05% RANGE:0.05% UP:16.66% SPREAD:0.05015045% BID:1.994 ASK:1.995 MID:1.9945 P1:1.9945 P2:1.9945 P3:1.9955 P4:1.9955 STATE:IN_POS
[2026-05-16 01:55:33Z] CHK MOM:-0.05% RANGE:0.05% UP:16.66% SPREAD:0.05015045% BID:1.994 ASK:1.995 MID:1.9945 P1:1.9945 P2:1.9945 P3:1.9955 P4:1.9955 STATE:IN_POS
[2026-05-16 01:55:37Z] CHK MOM:-0.1% RANGE:0.1% UP:0% SPREAD:0.05017561% BID:1.993 ASK:1.994 MID:1.9935 P1:1.9935 P2:1.9945 P3:1.9945 P4:1.9955 STATE:IN_POS
[2026-05-16 01:55:37Z] CHK MOM:-0.1% RANGE:0.1% UP:0% SPREAD:0.05017561% BID:1.993 ASK:1.994 MID:1.9935 P1:1.9935 P2:1.9945 P3:1.9945 P4:1.9955 STATE:IN_POS
[2026-05-16 01:55:38Z] CHK MOM:-0.15% RANGE:0.15% UP:0% SPREAD:0.0502008% BID:1.992 ASK:1.993 MID:1.9925 P1:1.9925 P2:1.9935 P3:1.9945 P4:1.9945 STATE:IN_POS
[2026-05-16 01:55:38Z] CHK MOM:-0.15% RANGE:0.15% UP:0% SPREAD:0.0502008% BID:1.992 ASK:1.993 MID:1.9925 P1:1.9925 P2:1.9925 P3:1.9935 P4:1.9945 STATE:IN_POS
[2026-05-16 01:55:39Z] CHK MOM:-0.15% RANGE:0.15% UP:0% SPREAD:0.0502008% BID:1.992 ASK:1.993 MID:1.9925 P1:1.9925 P2:1.9925 P3:1.9935 P4:1.9945 STATE:IN_POS
[2026-05-16 01:55:39Z] CHK MOM:-0.15% RANGE:0.15% UP:0% SPREAD:0.0502008% BID:1.992 ASK:1.993 MID:1.9925 P1:1.9925 P2:1.9925 P3:1.9935 P4:1.9945 STATE:IN_POS
[2026-05-16 01:55:41Z] CHK MOM:-0.15% RANGE:0.15% UP:0% SPREAD:0.0502008% BID:1.992 ASK:1.993 MID:1.9925 P1:1.9925 P2:1.9925 P3:1.9935 P4:1.9945 STATE:IN_POS
[2026-05-16 01:55:47Z] CHK MOM:0% RANGE:0.05% UP:33.33% SPREAD:0.05017561% BID:1.993 ASK:1.994 MID:1.9935 P1:1.9935 P2:1.9925 P3:1.9925 P4:1.9935 STATE:IN_POS
[2026-05-16 01:55:47Z] CHK MOM:0% RANGE:0.05% UP:25% SPREAD:0.05017561% BID:1.993 ASK:1.994 MID:1.9935 P1:1.9935 P2:1.9935 P3:1.9925 P4:1.9925 STATE:IN_POS
[2026-05-16 01:55:48Z] CHK MOM:0% RANGE:0.05% UP:25% SPREAD:0.05017561% BID:1.993 ASK:1.994 MID:1.9935 P1:1.9935 P2:1.9935 P3:1.9925 P4:1.9925 STATE:IN_POS
[2026-05-16 01:55:48Z] CHK MOM:0% RANGE:0.05% UP:25% SPREAD:0.05017561% BID:1.993 ASK:1.994 MID:1.9935 P1:1.9935 P2:1.9935 P3:1.9925 P4:1.9925 STATE:IN_POS
[2026-05-16 01:55:49Z] CHK MOM:0% RANGE:0.05% UP:25% SPREAD:0.05017561% BID:1.993 ASK:1.994 MID:1.9935 P1:1.9935 P2:1.9935 P3:1.9925 P4:1.9925 STATE:IN_POS
[2026-05-16 01:55:49Z] CHK MOM:0% RANGE:0.05% UP:25% SPREAD:0.05017561% BID:1.993 ASK:1.994 MID:1.9935 P1:1.9935 P2:1.9935 P3:1.9925 P4:1.9925 STATE:IN_POS
[2026-05-16 01:55:50Z] CHK MOM:0% RANGE:0.05% UP:25% SPREAD:0.05017561% BID:1.993 ASK:1.994 MID:1.9935 P1:1.9935 P2:1.9935 P3:1.9925 P4:1.9925 STATE:IN_POS
[2026-05-16 01:55:51Z] CHK MOM:-0.02% RANGE:0.02% UP:0% SPREAD:0.1004016% BID:1.992 ASK:1.994 MID:1.99299999 P1:1.99299999 P2:1.9935 P3:1.9935 P4:1.9925 STATE:IN_POS
[2026-05-16 01:55:52Z] CHK MOM:-0.02% RANGE:0.02% UP:0% SPREAD:0.1004016% BID:1.992 ASK:1.994 MID:1.99299999 P1:1.99299999 P2:1.9935 P3:1.9935 P4:1.9925 STATE:IN_POS
[2026-05-16 01:55:53Z] CHK MOM:-0.02% RANGE:0.02% UP:0% SPREAD:0.1004016% BID:1.992 ASK:1.994 MID:1.99299999 P1:1.99299999 P2:1.99299999 P3:1.9935 P4:1.9935 STATE:IN_POS
[2026-05-16 01:55:53Z] CHK MOM:-0.02% RANGE:0.02% UP:0% SPREAD:0.1004016% BID:1.992 ASK:1.994 MID:1.99299999 P1:1.99299999 P2:1.99299999 P3:1.9935 P4:1.9935 STATE:IN_POS
[2026-05-16 01:55:54Z] CHK MOM:-0.02% RANGE:0.02% UP:0% SPREAD:0.1004016% BID:1.992 ASK:1.994 MID:1.99299999 P1:1.99299999 P2:1.99299999 P3:1.9935 P4:1.9935 STATE:IN_POS
[2026-05-16 01:55:54Z] CHK MOM:-0.02% RANGE:0.02% UP:0% SPREAD:0.1004016% BID:1.992 ASK:1.994 MID:1.99299999 P1:1.99299999 P2:1.99299999 P3:1.99299999 P4:1.9935 STATE:IN_POS
[2026-05-16 01:55:55Z] CHK MOM:-0.02% RANGE:0.02% UP:0% SPREAD:0.1004016% BID:1.992 ASK:1.994 MID:1.99299999 P1:1.99299999 P2:1.99299999 P3:1.99299999 P4:1.9935 STATE:IN_POS
[2026-05-16 01:55:56Z] CHK MOM:-0.02% RANGE:0.02% UP:0% SPREAD:0.1004016% BID:1.992 ASK:1.994 MID:1.99299999 P1:1.99299999 P2:1.99299999 P3:1.99299999 P4:1.9935 STATE:IN_POS
[2026-05-16 01:55:57Z] CHK MOM:-0.02% RANGE:0.02% UP:0% SPREAD:0.1004016% BID:1.992 ASK:1.994 MID:1.99299999 P1:1.99299999 P2:1.99299999 P3:1.99299999 P4:1.9935 STATE:IN_POS
[2026-05-16 01:55:59Z] CHK MOM:-0.02% RANGE:0.02% UP:0% SPREAD:0.1004016% BID:1.992 ASK:1.994 MID:1.99299999 P1:1.99299999 P2:1.99299999 P3:1.99299999 P4:1.99299999 STATE:IN_POS
[2026-05-16 01:56:00Z] CHK MOM:0% RANGE:0% UP:0% SPREAD:0.1004016% BID:1.992 ASK:1.994 MID:1.99299999 P1:1.99299999 P2:1.99299999 P3:1.99299999 P4:1.99299999 STATE:IN_POS
[2026-05-16 01:56:00Z] CHK MOM:0% RANGE:0% UP:0% SPREAD:0.1004016% BID:1.992 ASK:1.994 MID:1.99299999 P1:1.99299999 P2:1.99299999 P3:1.99299999 P4:1.99299999 STATE:IN_POS
[2026-05-16 01:56:01Z] CHK MOM:0% RANGE:0% UP:0% SPREAD:0.1004016% BID:1.992 ASK:1.994 MID:1.99299999 P1:1.99299999 P2:1.99299999 P3:1.99299999 P4:1.99299999 STATE:IN_POS
[2026-05-16 01:56:01Z] CHK MOM:0% RANGE:0% UP:0% SPREAD:0.1004016% BID:1.992 ASK:1.994 MID:1.99299999 P1:1.99299999 P2:1.99299999 P3:1.99299999 P4:1.99299999 STATE:IN_POS
[2026-05-16 01:56:02Z] CHK MOM:0% RANGE:0% UP:0% SPREAD:0.1004016% BID:1.992 ASK:1.994 MID:1.99299999 P1:1.99299999 P2:1.99299999 P3:1.99299999 P4:1.99299999 STATE:IN_POS
[2026-05-16 01:56:02Z] CHK MOM:0% RANGE:0% UP:0% SPREAD:0.1004016% BID:1.992 ASK:1.994 MID:1.99299999 P1:1.99299999 P2:1.99299999 P3:1.99299999 P4:1.99299999 STATE:IN_POS
[2026-05-16 01:56:03Z] CHK MOM:0% RANGE:0% UP:0% SPREAD:0.1004016% BID:1.992 ASK:1.994 MID:1.99299999 P1:1.99299999 P2:1.99299999 P3:1.99299999 P4:1.99299999 STATE:IN_POS
[2026-05-16 01:56:03Z] CHK MOM:0% RANGE:0% UP:0% SPREAD:0.1004016% BID:1.992 ASK:1.994 MID:1.99299999 P1:1.99299999 P2:1.99299999 P3:1.99299999 P4:1.99299999 STATE:IN_POS
[2026-05-16 01:56:04Z] CHK MOM:0% RANGE:0% UP:0% SPREAD:0.1004016% BID:1.992 ASK:1.994 MID:1.99299999 P1:1.99299999 P2:1.99299999 P3:1.99299999 P4:1.99299999 STATE:IN_POS
[2026-05-16 01:56:05Z] CHK MOM:0.02% RANGE:0.02% UP:16.66% SPREAD:0.05017561% BID:1.993 ASK:1.994 MID:1.9935 P1:1.9935 P2:1.99299999 P3:1.99299999 P4:1.99299999 STATE:IN_POS
[2026-05-16 01:56:05Z] CHK MOM:0.02% RANGE:0.02% UP:16.66% SPREAD:0.05017561% BID:1.993 ASK:1.994 MID:1.9935 P1:1.9935 P2:1.99299999 P3:1.99299999 P4:1.99299999 STATE:IN_POS
[2026-05-16 01:56:06Z] CHK MOM:0.02% RANGE:0.02% UP:16.66% SPREAD:0.05017561% BID:1.993 ASK:1.994 MID:1.9935 P1:1.9935 P2:1.99299999 P3:1.99299999 P4:1.99299999 STATE:IN_POS
[2026-05-16 01:56:06Z] CHK MOM:0.02% RANGE:0.02% UP:16.66% SPREAD:0.05017561% BID:1.993 ASK:1.994 MID:1.9935 P1:1.9935 P2:1.99299999 P3:1.99299999 P4:1.99299999 STATE:IN_POS
[2026-05-16 01:56:07Z] CHK MOM:0.02% RANGE:0.02% UP:16.66% SPREAD:0.05017561% BID:1.993 ASK:1.994 MID:1.9935 P1:1.9935 P2:1.99299999 P3:1.99299999 P4:1.99299999 STATE:IN_POS
[2026-05-16 01:56:12Z] CHK MOM:0.05% RANGE:0.05% UP:50% SPREAD:0.10035122% BID:1.993 ASK:1.995 MID:1.994 P1:1.994 P2:1.9935 P3:1.99299999 P4:1.99299999 STATE:IN_POS
[2026-05-16 01:56:13Z] CHK MOM:0% RANGE:0.05% UP:50% SPREAD:0.1004016% BID:1.992 ASK:1.994 MID:1.99299999 P1:1.99299999 P2:1.994 P3:1.9935 P4:1.99299999 STATE:IN_POS
[2026-05-16 01:56:14Z] CHK MOM:0% RANGE:0.05% UP:50% SPREAD:0.1004016% BID:1.992 ASK:1.994 MID:1.99299999 P1:1.99299999 P2:1.994 P3:1.9935 P4:1.99299999 STATE:IN_POS
[2026-05-16 01:56:14Z] CHK MOM:0% RANGE:0.05% UP:50% SPREAD:0.1004016% BID:1.992 ASK:1.994 MID:1.99299999 P1:1.99299999 P2:1.994 P3:1.9935 P4:1.99299999 STATE:IN_POS
[2026-05-16 01:56:15Z] CHK MOM:0% RANGE:0.05% UP:50% SPREAD:0.1004016% BID:1.992 ASK:1.994 MID:1.99299999 P1:1.99299999 P2:1.994 P3:1.9935 P4:1.99299999 STATE:IN_POS
[2026-05-16 01:56:15Z] CHK MOM:0% RANGE:0.05% UP:50% SPREAD:0.1004016% BID:1.992 ASK:1.994 MID:1.99299999 P1:1.99299999 P2:1.994 P3:1.9935 P4:1.99299999 STATE:IN_POS
[2026-05-16 01:56:16Z] CHK MOM:0.02% RANGE:0.05% UP:75% SPREAD:0.05017561% BID:1.993 ASK:1.994 MID:1.9935 P1:1.9935 P2:1.99299999 P3:1.994 P4:1.9935 STATE:IN_POS
[2026-05-16 01:56:16Z] CHK MOM:-0.05% RANGE:0.05% UP:33.33% SPREAD:0.1004016% BID:1.992 ASK:1.994 MID:1.99299999 P1:1.99299999 P2:1.9935 P3:1.99299999 P4:1.994 STATE:IN_POS
[2026-05-16 01:56:17Z] CHK MOM:-0.05% RANGE:0.05% UP:33.33% SPREAD:0.1004016% BID:1.992 ASK:1.994 MID:1.99299999 P1:1.99299999 P2:1.9935 P3:1.99299999 P4:1.994 STATE:IN_POS
[2026-05-16 01:56:18Z] CHK MOM:-0.05% RANGE:0.05% UP:33.33% SPREAD:0.1004016% BID:1.992 ASK:1.994 MID:1.99299999 P1:1.99299999 P2:1.9935 P3:1.99299999 P4:1.994 STATE:IN_POS
[2026-05-16 01:56:18Z] CHK MOM:-0.05% RANGE:0.05% UP:33.33% SPREAD:0.1004016% BID:1.992 ASK:1.994 MID:1.99299999 P1:1.99299999 P2:1.9935 P3:1.99299999 P4:1.994 STATE:IN_POS
[2026-05-16 01:56:19Z] CHK MOM:-0.05% RANGE:0.05% UP:33.33% SPREAD:0.1004016% BID:1.992 ASK:1.994 MID:1.99299999 P1:1.99299999 P2:1.9935 P3:1.99299999 P4:1.994 STATE:IN_POS
[2026-05-16 01:56:20Z] CHK MOM:-0.05% RANGE:0.05% UP:25% SPREAD:0.1004016% BID:1.992 ASK:1.994 MID:1.99299999 P1:1.99299999 P2:1.99299999 P3:1.9935 P4:1.99299999 STATE:IN_POS
[2026-05-16 01:56:20Z] CHK MOM:-0.05% RANGE:0.05% UP:25% SPREAD:0.1004016% BID:1.992 ASK:1.994 MID:1.99299999 P1:1.99299999 P2:1.99299999 P3:1.9935 P4:1.99299999 STATE:IN_POS
[2026-05-16 01:56:21Z] CHK MOM:-0.12% RANGE:0.12% UP:20% SPREAD:0.05022601% BID:1.991 ASK:1.992 MID:1.9915 P1:1.9915 P2:1.99299999 P3:1.99299999 P4:1.9935 STATE:IN_POS
[2026-05-16 01:56:25Z] CHK MOM:-0.12% RANGE:0.12% UP:0% SPREAD:0.10050251% BID:1.99 ASK:1.992 MID:1.991 P1:1.991 P2:1.9915 P3:1.99299999 P4:1.99299999 STATE:IN_POS
[2026-05-16 01:56:26Z] SELL symbol=PENDLEUSDC qty=4.8 exit=1.99 pnl=-0.043128 reason=PSELL FAIL age=356.2s latest=1.99000000 guard=1.99140900 high=1.99600000 peak=0.0501% P1=1.991 P2=1.9915 P3=1.9929999999999999 P4=1.9929999999999999 entry=1.995 profile=major
[2026-05-16 01:56:26Z] TOKEN_SWITCH old=PENDLEUSDC new=FETUSDC source=.service.env
