[2026-05-16 10:07:24Z] SESSION_START symbol=RENDERUSDC dry_run=0 profile=major strategy=momentum base_url=https://api.binance.com
[2026-05-16 10:07:24Z] TOXIC_MEMORY_LOADED count=1 symbols=ORDIUSDC
[2026-05-16 10:07:34Z] CHK MOM:0% RANGE:0% UP:0% SPREAD:0.0557103% BID:1.795 ASK:1.796 MID:1.7955 P1:1.7955 P2:NA P3:NA P4:NA STATE:IDLE
[2026-05-16 10:07:34Z] CHK MOM:0.05% RANGE:0.05% UP:100% SPREAD:0.05567928% BID:1.796 ASK:1.797 MID:1.7965 P1:1.7965 P2:1.7955 P3:NA P4:NA STATE:IDLE
[2026-05-16 10:07:35Z] CHK MOM:0.05% RANGE:0.05% UP:100% SPREAD:0.05567928% BID:1.796 ASK:1.797 MID:1.7965 P1:1.7965 P2:1.7955 P3:NA P4:NA STATE:IDLE
[2026-05-16 10:07:35Z] CHK MOM:0.05% RANGE:0.05% UP:100% SPREAD:0.05567928% BID:1.796 ASK:1.797 MID:1.7965 P1:1.7965 P2:1.7955 P3:NA P4:NA STATE:IDLE
[2026-05-16 10:07:36Z] CHK MOM:0.05% RANGE:0.05% UP:100% SPREAD:0.05567928% BID:1.796 ASK:1.797 MID:1.7965 P1:1.7965 P2:1.7955 P3:NA P4:NA STATE:IDLE
[2026-05-16 10:07:36Z] CHK MOM:0.05% RANGE:0.05% UP:100% SPREAD:0.05567928% BID:1.796 ASK:1.797 MID:1.7965 P1:1.7965 P2:1.7955 P3:NA P4:NA STATE:IDLE
[2026-05-16 10:07:37Z] CHK MOM:0.05% RANGE:0.05% UP:100% SPREAD:0.05567928% BID:1.796 ASK:1.797 MID:1.7965 P1:1.7965 P2:1.7955 P3:NA P4:NA STATE:IDLE
[2026-05-16 10:07:37Z] CHK MOM:0.05% RANGE:0.05% UP:50% SPREAD:0.05567928% BID:1.796 ASK:1.797 MID:1.7965 P1:1.7965 P2:1.7965 P3:1.7955 P4:NA STATE:IDLE
[2026-05-16 10:07:38Z] CHK MOM:0% RANGE:0.05% UP:33.33% SPREAD:0.0557103% BID:1.795 ASK:1.796 MID:1.7955 P1:1.7955 P2:1.7965 P3:1.7965 P4:1.7955 STATE:IDLE
[2026-05-16 10:07:39Z] CHK MOM:-0.05% RANGE:0.11% UP:25% SPREAD:0.05574136% BID:1.794 ASK:1.795 MID:1.7945 P1:1.7945 P2:1.7955 P3:1.7965 P4:1.7965 STATE:IDLE
[2026-05-16 10:07:39Z] CHK MOM:-0.02% RANGE:0.11% UP:40% SPREAD:0.11148272% BID:1.794 ASK:1.796 MID:1.795 P1:1.795 P2:1.7945 P3:1.7955 P4:1.7965 STATE:IDLE
[2026-05-16 10:07:40Z] CHK MOM:-0.02% RANGE:0.11% UP:40% SPREAD:0.11148272% BID:1.794 ASK:1.796 MID:1.795 P1:1.795 P2:1.7945 P3:1.7955 P4:1.7965 STATE:IDLE
[2026-05-16 10:07:40Z] CHK MOM:-0.05% RANGE:0.11% UP:33.33% SPREAD:0.05574136% BID:1.794 ASK:1.795 MID:1.7945 P1:1.7945 P2:1.795 P3:1.7945 P4:1.7955 STATE:IDLE
[2026-05-16 10:07:41Z] CHK MOM:-0.02% RANGE:0.11% UP:42.85% SPREAD:0.11148272% BID:1.794 ASK:1.796 MID:1.795 P1:1.795 P2:1.7945 P3:1.795 P4:1.7945 STATE:IDLE
[2026-05-16 10:07:41Z] CHK MOM:-0.05% RANGE:0.11% UP:37.5% SPREAD:0.05574136% BID:1.794 ASK:1.795 MID:1.7945 P1:1.7945 P2:1.795 P3:1.7945 P4:1.795 STATE:IDLE
[2026-05-16 10:07:42Z] CHK MOM:-0.05% RANGE:0.11% UP:37.5% SPREAD:0.05574136% BID:1.794 ASK:1.795 MID:1.7945 P1:1.7945 P2:1.795 P3:1.7945 P4:1.795 STATE:IDLE
[2026-05-16 10:07:42Z] CHK MOM:-0.05% RANGE:0.11% UP:33.33% SPREAD:0.05574136% BID:1.794 ASK:1.795 MID:1.7945 P1:1.7945 P2:1.7945 P3:1.795 P4:1.7945 STATE:IDLE
[2026-05-16 10:07:43Z] CHK MOM:-0.05% RANGE:0.11% UP:30% SPREAD:0.05574136% BID:1.794 ASK:1.795 MID:1.7945 P1:1.7945 P2:1.7945 P3:1.7945 P4:1.795 STATE:IDLE
[2026-05-16 10:07:44Z] CHK MOM:-0.11% RANGE:0.16% UP:27.27% SPREAD:0.05577244% BID:1.793 ASK:1.794 MID:1.79349999 P1:1.79349999 P2:1.7945 P3:1.7945 P4:1.7945 STATE:IDLE
[2026-05-16 10:07:44Z] CHK MOM:-0.05% RANGE:0.16% UP:33.33% SPREAD:0.05574136% BID:1.794 ASK:1.795 MID:1.7945 P1:1.7945 P2:1.79349999 P3:1.7945 P4:1.7945 STATE:IDLE
[2026-05-16 10:07:45Z] CHK MOM:-0.05% RANGE:0.16% UP:30.76% SPREAD:0.05574136% BID:1.794 ASK:1.795 MID:1.7945 P1:1.7945 P2:1.7945 P3:1.79349999 P4:1.7945 STATE:IDLE
[2026-05-16 10:07:45Z] CHK MOM:-0.05% RANGE:0.16% UP:28.57% SPREAD:0.05574136% BID:1.794 ASK:1.795 MID:1.7945 P1:1.7945 P2:1.7945 P3:1.7945 P4:1.79349999 STATE:IDLE
[2026-05-16 10:07:46Z] CHK MOM:-0.05% RANGE:0.16% UP:28.57% SPREAD:0.05574136% BID:1.794 ASK:1.795 MID:1.7945 P1:1.7945 P2:1.7945 P3:1.7945 P4:1.79349999 STATE:IDLE
[2026-05-16 10:07:46Z] CHK MOM:-0.05% RANGE:0.16% UP:28.57% SPREAD:0.05574136% BID:1.794 ASK:1.795 MID:1.7945 P1:1.7945 P2:1.7945 P3:1.7945 P4:1.79349999 STATE:IDLE
[2026-05-16 10:07:47Z] CHK MOM:-0.11% RANGE:0.16% UP:23.07% SPREAD:0.05574136% BID:1.794 ASK:1.795 MID:1.7945 P1:1.7945 P2:1.7945 P3:1.7945 P4:1.7945 STATE:IDLE
[2026-05-16 10:07:47Z] CHK MOM:-0.11% RANGE:0.16% UP:21.42% SPREAD:0.05574136% BID:1.794 ASK:1.795 MID:1.7945 P1:1.7945 P2:1.7945 P3:1.7945 P4:1.7945 STATE:IDLE
[2026-05-16 10:07:48Z] CHK MOM:-0.11% RANGE:0.16% UP:20% SPREAD:0.05574136% BID:1.794 ASK:1.795 MID:1.7945 P1:1.7945 P2:1.7945 P3:1.7945 P4:1.7945 STATE:IDLE
[2026-05-16 10:07:49Z] CHK MOM:-0.11% RANGE:0.16% UP:20% SPREAD:0.05574136% BID:1.794 ASK:1.795 MID:1.7945 P1:1.7945 P2:1.7945 P3:1.7945 P4:1.7945 STATE:IDLE
[2026-05-16 10:07:49Z] CHK MOM:-0.11% RANGE:0.16% UP:20% SPREAD:0.05574136% BID:1.794 ASK:1.795 MID:1.7945 P1:1.7945 P2:1.7945 P3:1.7945 P4:1.7945 STATE:IDLE
[2026-05-16 10:07:50Z] CHK MOM:-0.11% RANGE:0.16% UP:20% SPREAD:0.05574136% BID:1.794 ASK:1.795 MID:1.7945 P1:1.7945 P2:1.7945 P3:1.7945 P4:1.7945 STATE:IDLE
[2026-05-16 10:07:50Z] CHK MOM:-0.11% RANGE:0.16% UP:20% SPREAD:0.05574136% BID:1.794 ASK:1.795 MID:1.7945 P1:1.7945 P2:1.7945 P3:1.7945 P4:1.7945 STATE:IDLE
[2026-05-16 10:07:55Z] CHK MOM:0.05% RANGE:0.05% UP:14.28% SPREAD:0.05574136% BID:1.794 ASK:1.795 MID:1.7945 P1:1.7945 P2:1.7945 P3:1.7945 P4:1.7945 STATE:IDLE
[2026-05-16 10:07:56Z] CHK MOM:-0.05% RANGE:0.05% UP:0% SPREAD:0.05577244% BID:1.793 ASK:1.794 MID:1.79349999 P1:1.79349999 P2:1.7945 P3:1.7945 P4:1.7945 STATE:IDLE
[2026-05-16 10:07:56Z] CHK MOM:-0.05% RANGE:0.05% UP:0% SPREAD:0.05577244% BID:1.793 ASK:1.794 MID:1.79349999 P1:1.79349999 P2:1.7945 P3:1.7945 P4:1.7945 STATE:IDLE
[2026-05-16 10:07:57Z] CHK MOM:-0.02% RANGE:0.05% UP:16.66% SPREAD:0.11154489% BID:1.793 ASK:1.795 MID:1.794 P1:1.794 P2:1.79349999 P3:1.7945 P4:1.7945 STATE:IDLE
[2026-05-16 10:07:57Z] CHK MOM:-0.05% RANGE:0.05% UP:16.66% SPREAD:0.05577244% BID:1.793 ASK:1.794 MID:1.79349999 P1:1.79349999 P2:1.794 P3:1.79349999 P4:1.7945 STATE:IDLE
[2026-05-16 10:07:58Z] CHK MOM:-0.05% RANGE:0.05% UP:16.66% SPREAD:0.05577244% BID:1.793 ASK:1.794 MID:1.79349999 P1:1.79349999 P2:1.794 P3:1.79349999 P4:1.7945 STATE:IDLE
[2026-05-16 10:07:58Z] CHK MOM:-0.05% RANGE:0.05% UP:14.28% SPREAD:0.05577244% BID:1.793 ASK:1.794 MID:1.79349999 P1:1.79349999 P2:1.79349999 P3:1.794 P4:1.79349999 STATE:IDLE
[2026-05-16 10:07:59Z] CHK MOM:-0.05% RANGE:0.05% UP:14.28% SPREAD:0.05577244% BID:1.793 ASK:1.794 MID:1.79349999 P1:1.79349999 P2:1.79349999 P3:1.794 P4:1.79349999 STATE:IDLE
[2026-05-16 10:07:59Z] CHK MOM:-0.02% RANGE:0.05% UP:28.57% SPREAD:0.11154489% BID:1.793 ASK:1.795 MID:1.794 P1:1.794 P2:1.79349999 P3:1.79349999 P4:1.794 STATE:IDLE
[2026-05-16 10:08:00Z] CHK MOM:0% RANGE:0.05% UP:42.85% SPREAD:0.05574136% BID:1.794 ASK:1.795 MID:1.7945 P1:1.7945 P2:1.794 P3:1.79349999 P4:1.79349999 STATE:IDLE
[2026-05-16 10:08:01Z] CHK MOM:0% RANGE:0.05% UP:42.85% SPREAD:0.05574136% BID:1.794 ASK:1.795 MID:1.7945 P1:1.7945 P2:1.794 P3:1.79349999 P4:1.79349999 STATE:IDLE
[2026-05-16 10:08:01Z] CHK MOM:0.02% RANGE:0.08% UP:57.14% SPREAD:0.11148272% BID:1.794 ASK:1.796 MID:1.795 P1:1.795 P2:1.7945 P3:1.794 P4:1.79349999 STATE:IDLE
[2026-05-16 10:08:02Z] CHK MOM:0% RANGE:0.08% UP:50% SPREAD:0.05574136% BID:1.794 ASK:1.795 MID:1.7945 P1:1.7945 P2:1.795 P3:1.7945 P4:1.794 STATE:IDLE
[2026-05-16 10:08:02Z] CHK MOM:0% RANGE:0.08% UP:44.44% SPREAD:0.05574136% BID:1.794 ASK:1.795 MID:1.7945 P1:1.7945 P2:1.7945 P3:1.795 P4:1.7945 STATE:IDLE
[2026-05-16 10:08:03Z] CHK MOM:0% RANGE:0.08% UP:44.44% SPREAD:0.05574136% BID:1.794 ASK:1.795 MID:1.7945 P1:1.7945 P2:1.7945 P3:1.795 P4:1.7945 STATE:IDLE
[2026-05-16 10:08:03Z] CHK MOM:0% RANGE:0.08% UP:44.44% SPREAD:0.05574136% BID:1.794 ASK:1.795 MID:1.7945 P1:1.7945 P2:1.7945 P3:1.795 P4:1.7945 STATE:IDLE
[2026-05-16 10:08:04Z] CHK MOM:0% RANGE:0.08% UP:44.44% SPREAD:0.05574136% BID:1.794 ASK:1.795 MID:1.7945 P1:1.7945 P2:1.7945 P3:1.795 P4:1.7945 STATE:IDLE
[2026-05-16 10:08:04Z] CHK MOM:0% RANGE:0.08% UP:44.44% SPREAD:0.05574136% BID:1.794 ASK:1.795 MID:1.7945 P1:1.7945 P2:1.7945 P3:1.795 P4:1.7945 STATE:IDLE
[2026-05-16 10:08:05Z] CHK MOM:0% RANGE:0.08% UP:44.44% SPREAD:0.05574136% BID:1.794 ASK:1.795 MID:1.7945 P1:1.7945 P2:1.7945 P3:1.795 P4:1.7945 STATE:IDLE
[2026-05-16 10:08:07Z] CHK MOM:-0.02% RANGE:0.08% UP:40% SPREAD:0.11154489% BID:1.793 ASK:1.795 MID:1.794 P1:1.794 P2:1.7945 P3:1.7945 P4:1.795 STATE:IDLE
[2026-05-16 10:08:07Z] CHK MOM:0.02% RANGE:0.08% UP:40% SPREAD:0.11154489% BID:1.793 ASK:1.795 MID:1.794 P1:1.794 P2:1.794 P3:1.7945 P4:1.7945 STATE:IDLE
[2026-05-16 10:08:08Z] CHK MOM:0.02% RANGE:0.08% UP:40% SPREAD:0.11154489% BID:1.793 ASK:1.795 MID:1.794 P1:1.794 P2:1.794 P3:1.7945 P4:1.7945 STATE:IDLE
[2026-05-16 10:08:08Z] CHK MOM:0.02% RANGE:0.08% UP:40% SPREAD:0.11154489% BID:1.793 ASK:1.795 MID:1.794 P1:1.794 P2:1.794 P3:1.7945 P4:1.7945 STATE:IDLE
[2026-05-16 10:08:09Z] CHK MOM:0.02% RANGE:0.08% UP:40% SPREAD:0.11154489% BID:1.793 ASK:1.795 MID:1.794 P1:1.794 P2:1.794 P3:1.7945 P4:1.7945 STATE:IDLE
[2026-05-16 10:08:09Z] CHK MOM:0% RANGE:0.08% UP:33.33% SPREAD:0.05577244% BID:1.793 ASK:1.794 MID:1.79349999 P1:1.79349999 P2:1.794 P3:1.794 P4:1.7945 STATE:IDLE
[2026-05-16 10:08:10Z] CHK MOM:0% RANGE:0.08% UP:33.33% SPREAD:0.05577244% BID:1.793 ASK:1.794 MID:1.79349999 P1:1.79349999 P2:1.794 P3:1.794 P4:1.7945 STATE:IDLE
[2026-05-16 10:08:10Z] CHK MOM:0% RANGE:0.08% UP:37.5% SPREAD:0.11154489% BID:1.793 ASK:1.795 MID:1.794 P1:1.794 P2:1.79349999 P3:1.794 P4:1.794 STATE:IDLE
[2026-05-16 10:08:11Z] CHK MOM:0% RANGE:0.08% UP:33.33% SPREAD:0.11154489% BID:1.793 ASK:1.795 MID:1.794 P1:1.794 P2:1.794 P3:1.79349999 P4:1.794 STATE:IDLE
[2026-05-16 10:08:11Z] CHK MOM:0% RANGE:0.08% UP:30% SPREAD:0.11154489% BID:1.793 ASK:1.795 MID:1.794 P1:1.794 P2:1.794 P3:1.794 P4:1.79349999 STATE:IDLE
[2026-05-16 10:08:12Z] CHK MOM:0% RANGE:0.08% UP:30% SPREAD:0.11154489% BID:1.793 ASK:1.795 MID:1.794 P1:1.794 P2:1.794 P3:1.794 P4:1.79349999 STATE:IDLE
[2026-05-16 10:08:13Z] CHK MOM:0% RANGE:0.08% UP:30% SPREAD:0.11154489% BID:1.793 ASK:1.795 MID:1.794 P1:1.794 P2:1.794 P3:1.794 P4:1.79349999 STATE:IDLE
[2026-05-16 10:08:13Z] CHK MOM:0% RANGE:0.05% UP:25% SPREAD:0.05574136% BID:1.794 ASK:1.795 MID:1.7945 P1:1.7945 P2:1.794 P3:1.794 P4:1.794 STATE:IDLE
[2026-05-16 10:08:14Z] CHK MOM:0% RANGE:0.05% UP:25% SPREAD:0.05574136% BID:1.794 ASK:1.795 MID:1.7945 P1:1.7945 P2:1.794 P3:1.794 P4:1.794 STATE:IDLE
[2026-05-16 10:08:14Z] CHK MOM:0% RANGE:0.05% UP:25% SPREAD:0.05574136% BID:1.794 ASK:1.795 MID:1.7945 P1:1.7945 P2:1.794 P3:1.794 P4:1.794 STATE:IDLE
[2026-05-16 10:08:15Z] CHK MOM:0% RANGE:0.05% UP:25% SPREAD:0.05574136% BID:1.794 ASK:1.795 MID:1.7945 P1:1.7945 P2:1.794 P3:1.794 P4:1.794 STATE:IDLE
[2026-05-16 10:08:15Z] CHK MOM:0% RANGE:0.05% UP:25% SPREAD:0.05574136% BID:1.794 ASK:1.795 MID:1.7945 P1:1.7945 P2:1.794 P3:1.794 P4:1.794 STATE:IDLE
[2026-05-16 10:08:16Z] CHK MOM:0% RANGE:0.05% UP:25% SPREAD:0.05574136% BID:1.794 ASK:1.795 MID:1.7945 P1:1.7945 P2:1.794 P3:1.794 P4:1.794 STATE:IDLE
[2026-05-16 10:08:16Z] CHK MOM:0% RANGE:0.05% UP:28.57% SPREAD:0.11154489% BID:1.793 ASK:1.795 MID:1.794 P1:1.794 P2:1.7945 P3:1.794 P4:1.794 STATE:IDLE
[2026-05-16 10:08:17Z] CHK MOM:0% RANGE:0.05% UP:28.57% SPREAD:0.11154489% BID:1.793 ASK:1.795 MID:1.794 P1:1.794 P2:1.7945 P3:1.794 P4:1.794 STATE:IDLE
[2026-05-16 10:08:18Z] CHK MOM:0.02% RANGE:0.05% UP:37.5% SPREAD:0.05574136% BID:1.794 ASK:1.795 MID:1.7945 P1:1.7945 P2:1.794 P3:1.7945 P4:1.794 STATE:IDLE
[2026-05-16 10:08:18Z] CHK MOM:0.02% RANGE:0.05% UP:37.5% SPREAD:0.05574136% BID:1.794 ASK:1.795 MID:1.7945 P1:1.7945 P2:1.794 P3:1.7945 P4:1.794 STATE:IDLE
[2026-05-16 10:08:19Z] CHK MOM:0.02% RANGE:0.05% UP:37.5% SPREAD:0.05574136% BID:1.794 ASK:1.795 MID:1.7945 P1:1.7945 P2:1.794 P3:1.7945 P4:1.794 STATE:IDLE
[2026-05-16 10:08:19Z] CHK MOM:0.02% RANGE:0.05% UP:37.5% SPREAD:0.05574136% BID:1.794 ASK:1.795 MID:1.7945 P1:1.7945 P2:1.794 P3:1.7945 P4:1.794 STATE:IDLE
[2026-05-16 10:08:20Z] CHK MOM:0.02% RANGE:0.05% UP:37.5% SPREAD:0.05574136% BID:1.794 ASK:1.795 MID:1.7945 P1:1.7945 P2:1.794 P3:1.7945 P4:1.794 STATE:IDLE
[2026-05-16 10:08:23Z] CHK MOM:0.02% RANGE:0.02% UP:40% SPREAD:0.05574136% BID:1.794 ASK:1.795 MID:1.7945 P1:1.7945 P2:1.7945 P3:1.794 P4:1.7945 STATE:IDLE
[2026-05-16 10:08:24Z] CHK MOM:0.02% RANGE:0.02% UP:40% SPREAD:0.05574136% BID:1.794 ASK:1.795 MID:1.7945 P1:1.7945 P2:1.7945 P3:1.794 P4:1.7945 STATE:IDLE
[2026-05-16 10:08:24Z] CHK MOM:0.02% RANGE:0.02% UP:40% SPREAD:0.05574136% BID:1.794 ASK:1.795 MID:1.7945 P1:1.7945 P2:1.7945 P3:1.794 P4:1.7945 STATE:IDLE
[2026-05-16 10:08:25Z] CHK MOM:0.02% RANGE:0.02% UP:40% SPREAD:0.05574136% BID:1.794 ASK:1.795 MID:1.7945 P1:1.7945 P2:1.7945 P3:1.794 P4:1.7945 STATE:IDLE
[2026-05-16 10:08:25Z] CHK MOM:0.02% RANGE:0.02% UP:40% SPREAD:0.05574136% BID:1.794 ASK:1.795 MID:1.7945 P1:1.7945 P2:1.7945 P3:1.794 P4:1.7945 STATE:IDLE
[2026-05-16 10:08:28Z] CHK MOM:0.02% RANGE:0.02% UP:33.33% SPREAD:0.05574136% BID:1.794 ASK:1.795 MID:1.7945 P1:1.7945 P2:1.7945 P3:1.7945 P4:1.794 STATE:IDLE
[2026-05-16 10:08:29Z] CHK MOM:-0.02% RANGE:0.05% UP:25% SPREAD:0.05577244% BID:1.793 ASK:1.794 MID:1.79349999 P1:1.79349999 P2:1.7945 P3:1.7945 P4:1.7945 STATE:IDLE
[2026-05-16 10:08:29Z] CHK MOM:-0.11% RANGE:0.11% UP:0% SPREAD:0.05580357% BID:1.792 ASK:1.793 MID:1.7925 P1:1.7925 P2:1.79349999 P3:1.7945 P4:1.7945 STATE:IDLE
[2026-05-16 10:08:30Z] CHK MOM:-0.11% RANGE:0.11% UP:0% SPREAD:0.05580357% BID:1.792 ASK:1.793 MID:1.7925 P1:1.7925 P2:1.7925 P3:1.79349999 P4:1.7945 STATE:IDLE
[2026-05-16 10:08:30Z] CHK MOM:-0.11% RANGE:0.11% UP:0% SPREAD:0.05580357% BID:1.792 ASK:1.793 MID:1.7925 P1:1.7925 P2:1.7925 P3:1.79349999 P4:1.7945 STATE:IDLE
[2026-05-16 10:08:31Z] CHK MOM:-0.11% RANGE:0.11% UP:0% SPREAD:0.05580357% BID:1.792 ASK:1.793 MID:1.7925 P1:1.7925 P2:1.7925 P3:1.79349999 P4:1.7945 STATE:IDLE
[2026-05-16 10:08:31Z] CHK MOM:-0.11% RANGE:0.11% UP:0% SPREAD:0.05580357% BID:1.792 ASK:1.793 MID:1.7925 P1:1.7925 P2:1.7925 P3:1.7925 P4:1.79349999 STATE:IDLE
[2026-05-16 10:08:32Z] CHK MOM:-0.11% RANGE:0.11% UP:0% SPREAD:0.05580357% BID:1.792 ASK:1.793 MID:1.7925 P1:1.7925 P2:1.7925 P3:1.7925 P4:1.7925 STATE:IDLE
[2026-05-16 10:08:32Z] CHK MOM:-0.16% RANGE:0.16% UP:0% SPREAD:0.05583472% BID:1.791 ASK:1.792 MID:1.7915 P1:1.7915 P2:1.7925 P3:1.7925 P4:1.7925 STATE:IDLE
[2026-05-16 10:08:33Z] CHK MOM:-0.16% RANGE:0.16% UP:0% SPREAD:0.05583472% BID:1.791 ASK:1.792 MID:1.7915 P1:1.7915 P2:1.7915 P3:1.7925 P4:1.7925 STATE:IDLE
[2026-05-16 10:08:33Z] CHK MOM:-0.11% RANGE:0.16% UP:11.11% SPREAD:0.05580357% BID:1.792 ASK:1.793 MID:1.7925 P1:1.7925 P2:1.7915 P3:1.7915 P4:1.7925 STATE:IDLE
[2026-05-16 10:08:34Z] CHK MOM:-0.11% RANGE:0.16% UP:10% SPREAD:0.05580357% BID:1.792 ASK:1.793 MID:1.7925 P1:1.7925 P2:1.7925 P3:1.7915 P4:1.7915 STATE:IDLE
[2026-05-16 10:08:35Z] CHK MOM:-0.11% RANGE:0.16% UP:10% SPREAD:0.05580357% BID:1.792 ASK:1.793 MID:1.7925 P1:1.7925 P2:1.7925 P3:1.7925 P4:1.7915 STATE:IDLE
[2026-05-16 10:08:35Z] CHK MOM:-0.11% RANGE:0.16% UP:10% SPREAD:0.05580357% BID:1.792 ASK:1.793 MID:1.7925 P1:1.7925 P2:1.7925 P3:1.7925 P4:1.7915 STATE:IDLE
[2026-05-16 10:08:36Z] CHK MOM:-0.16% RANGE:0.16% UP:9.09% SPREAD:0.05583472% BID:1.791 ASK:1.792 MID:1.7915 P1:1.7915 P2:1.7925 P3:1.7925 P4:1.7925 STATE:IDLE
[2026-05-16 10:08:36Z] CHK MOM:-0.16% RANGE:0.16% UP:9.09% SPREAD:0.05583472% BID:1.791 ASK:1.792 MID:1.7915 P1:1.7915 P2:1.7925 P3:1.7925 P4:1.7925 STATE:IDLE
[2026-05-16 10:08:37Z] CHK MOM:-0.16% RANGE:0.16% UP:8.33% SPREAD:0.05583472% BID:1.791 ASK:1.792 MID:1.7915 P1:1.7915 P2:1.7915 P3:1.7925 P4:1.7925 STATE:IDLE
[2026-05-16 10:08:37Z] CHK MOM:-0.16% RANGE:0.16% UP:8.33% SPREAD:0.05583472% BID:1.791 ASK:1.792 MID:1.7915 P1:1.7915 P2:1.7915 P3:1.7925 P4:1.7925 STATE:IDLE
[2026-05-16 10:08:38Z] CHK MOM:-0.16% RANGE:0.16% UP:7.69% SPREAD:0.05583472% BID:1.791 ASK:1.792 MID:1.7915 P1:1.7915 P2:1.7915 P3:1.7915 P4:1.7925 STATE:IDLE
[2026-05-16 10:08:38Z] CHK MOM:-0.16% RANGE:0.16% UP:7.69% SPREAD:0.05583472% BID:1.791 ASK:1.792 MID:1.7915 P1:1.7915 P2:1.7915 P3:1.7915 P4:1.7925 STATE:IDLE
[2026-05-16 10:08:39Z] CHK MOM:-0.16% RANGE:0.16% UP:7.69% SPREAD:0.05583472% BID:1.791 ASK:1.792 MID:1.7915 P1:1.7915 P2:1.7915 P3:1.7915 P4:1.7925 STATE:IDLE
[2026-05-16 10:08:40Z] CHK MOM:-0.16% RANGE:0.16% UP:7.14% SPREAD:0.05583472% BID:1.791 ASK:1.792 MID:1.7915 P1:1.7915 P2:1.7915 P3:1.7915 P4:1.7915 STATE:IDLE
[2026-05-16 10:08:40Z] CHK MOM:-0.11% RANGE:0.11% UP:7.69% SPREAD:0.05586592% BID:1.79 ASK:1.791 MID:1.7905 P1:1.7905 P2:1.7915 P3:1.7915 P4:1.7915 STATE:IDLE
[2026-05-16 10:08:41Z] CHK MOM:-0.08% RANGE:0.11% UP:14.28% SPREAD:0.11173184% BID:1.79 ASK:1.792 MID:1.791 P1:1.791 P2:1.7905 P3:1.7915 P4:1.7915 STATE:IDLE
[2026-05-16 10:08:41Z] CHK MOM:-0.11% RANGE:0.11% UP:13.33% SPREAD:0.05586592% BID:1.79 ASK:1.791 MID:1.7905 P1:1.7905 P2:1.791 P3:1.7905 P4:1.7915 STATE:IDLE
[2026-05-16 10:08:42Z] CHK MOM:-0.11% RANGE:0.11% UP:13.33% SPREAD:0.05586592% BID:1.79 ASK:1.791 MID:1.7905 P1:1.7905 P2:1.7905 P3:1.791 P4:1.7905 STATE:IDLE
[2026-05-16 10:08:42Z] CHK MOM:-0.11% RANGE:0.11% UP:13.33% SPREAD:0.05586592% BID:1.79 ASK:1.791 MID:1.7905 P1:1.7905 P2:1.7905 P3:1.7905 P4:1.791 STATE:IDLE
[2026-05-16 10:08:43Z] CHK MOM:-0.08% RANGE:0.11% UP:18.75% SPREAD:0.11173184% BID:1.79 ASK:1.792 MID:1.791 P1:1.791 P2:1.7905 P3:1.7905 P4:1.7905 STATE:IDLE
[2026-05-16 10:08:43Z] CHK MOM:-0.11% RANGE:0.11% UP:17.64% SPREAD:0.05586592% BID:1.79 ASK:1.791 MID:1.7905 P1:1.7905 P2:1.791 P3:1.7905 P4:1.7905 STATE:IDLE
[2026-05-16 10:08:44Z] CHK MOM:-0.05% RANGE:0.11% UP:18.75% SPREAD:0.05586592% BID:1.79 ASK:1.791 MID:1.7905 P1:1.7905 P2:1.7905 P3:1.791 P4:1.7905 STATE:IDLE
[2026-05-16 10:08:44Z] CHK MOM:-0.05% RANGE:0.11% UP:17.64% SPREAD:0.05586592% BID:1.79 ASK:1.791 MID:1.7905 P1:1.7905 P2:1.7905 P3:1.7905 P4:1.791 STATE:IDLE
[2026-05-16 10:08:45Z] CHK MOM:-0.05% RANGE:0.11% UP:17.64% SPREAD:0.05586592% BID:1.79 ASK:1.791 MID:1.7905 P1:1.7905 P2:1.7905 P3:1.7905 P4:1.791 STATE:IDLE
[2026-05-16 10:08:46Z] CHK MOM:-0.11% RANGE:0.11% UP:12.5% SPREAD:0.05586592% BID:1.79 ASK:1.791 MID:1.7905 P1:1.7905 P2:1.7905 P3:1.7905 P4:1.7905 STATE:IDLE
[2026-05-16 10:08:46Z] CHK MOM:-0.11% RANGE:0.11% UP:12.5% SPREAD:0.05586592% BID:1.79 ASK:1.791 MID:1.7905 P1:1.7905 P2:1.7905 P3:1.7905 P4:1.7905 STATE:IDLE
[2026-05-16 10:08:47Z] CHK MOM:-0.05% RANGE:0.05% UP:14.28% SPREAD:0.05586592% BID:1.79 ASK:1.791 MID:1.7905 P1:1.7905 P2:1.7905 P3:1.7905 P4:1.7905 STATE:IDLE
[2026-05-16 10:08:47Z] CHK MOM:-0.05% RANGE:0.05% UP:13.33% SPREAD:0.05586592% BID:1.79 ASK:1.791 MID:1.7905 P1:1.7905 P2:1.7905 P3:1.7905 P4:1.7905 STATE:IDLE
[2026-05-16 10:08:48Z] CHK MOM:-0.05% RANGE:0.05% UP:13.33% SPREAD:0.05586592% BID:1.79 ASK:1.791 MID:1.7905 P1:1.7905 P2:1.7905 P3:1.7905 P4:1.7905 STATE:IDLE
[2026-05-16 10:08:48Z] CHK MOM:-0.05% RANGE:0.05% UP:12.5% SPREAD:0.05586592% BID:1.79 ASK:1.791 MID:1.7905 P1:1.7905 P2:1.7905 P3:1.7905 P4:1.7905 STATE:IDLE
[2026-05-16 10:08:49Z] CHK MOM:-0.05% RANGE:0.05% UP:12.5% SPREAD:0.05586592% BID:1.79 ASK:1.791 MID:1.7905 P1:1.7905 P2:1.7905 P3:1.7905 P4:1.7905 STATE:IDLE
[2026-05-16 10:08:49Z] CHK MOM:-0.05% RANGE:0.05% UP:12.5% SPREAD:0.05586592% BID:1.79 ASK:1.791 MID:1.7905 P1:1.7905 P2:1.7905 P3:1.7905 P4:1.7905 STATE:IDLE
[2026-05-16 10:08:50Z] CHK MOM:-0.11% RANGE:0.11% UP:11.76% SPREAD:0.05589714% BID:1.789 ASK:1.79 MID:1.78949999 P1:1.78949999 P2:1.7905 P3:1.7905 P4:1.7905 STATE:IDLE
[2026-05-16 10:08:51Z] CHK MOM:-0.11% RANGE:0.11% UP:11.76% SPREAD:0.05589714% BID:1.789 ASK:1.79 MID:1.78949999 P1:1.78949999 P2:1.7905 P3:1.7905 P4:1.7905 STATE:IDLE
[2026-05-16 10:08:51Z] CHK MOM:-0.11% RANGE:0.11% UP:11.76% SPREAD:0.05589714% BID:1.789 ASK:1.79 MID:1.78949999 P1:1.78949999 P2:1.78949999 P3:1.7905 P4:1.7905 STATE:IDLE
[2026-05-16 10:08:52Z] CHK MOM:-0.11% RANGE:0.11% UP:11.76% SPREAD:0.05589714% BID:1.789 ASK:1.79 MID:1.78949999 P1:1.78949999 P2:1.78949999 P3:1.7905 P4:1.7905 STATE:IDLE
[2026-05-16 10:08:52Z] CHK MOM:-0.08% RANGE:0.08% UP:6.25% SPREAD:0.05589714% BID:1.789 ASK:1.79 MID:1.78949999 P1:1.78949999 P2:1.78949999 P3:1.78949999 P4:1.7905 STATE:IDLE
[2026-05-16 10:08:53Z] CHK MOM:-0.05% RANGE:0.08% UP:6.25% SPREAD:0.05589714% BID:1.789 ASK:1.79 MID:1.78949999 P1:1.78949999 P2:1.78949999 P3:1.78949999 P4:1.78949999 STATE:IDLE
[2026-05-16 10:08:53Z] CHK MOM:-0.05% RANGE:0.08% UP:6.25% SPREAD:0.05589714% BID:1.789 ASK:1.79 MID:1.78949999 P1:1.78949999 P2:1.78949999 P3:1.78949999 P4:1.78949999 STATE:IDLE
[2026-05-16 10:08:54Z] CHK MOM:-0.05% RANGE:0.08% UP:6.66% SPREAD:0.05589714% BID:1.789 ASK:1.79 MID:1.78949999 P1:1.78949999 P2:1.78949999 P3:1.78949999 P4:1.78949999 STATE:IDLE
[2026-05-16 10:08:54Z] CHK MOM:-0.02% RANGE:0.08% UP:6.66% SPREAD:0.05586592% BID:1.79 ASK:1.791 MID:1.7905 P1:1.7905 P2:1.78949999 P3:1.78949999 P4:1.78949999 STATE:IDLE
[2026-05-16 10:08:55Z] CHK MOM:-0.02% RANGE:0.08% UP:6.25% SPREAD:0.05586592% BID:1.79 ASK:1.791 MID:1.7905 P1:1.7905 P2:1.7905 P3:1.78949999 P4:1.78949999 STATE:IDLE
[2026-05-16 10:08:55Z] CHK MOM:0% RANGE:0.05% UP:6.66% SPREAD:0.05586592% BID:1.79 ASK:1.791 MID:1.7905 P1:1.7905 P2:1.7905 P3:1.7905 P4:1.78949999 STATE:IDLE
[2026-05-16 10:08:56Z] CHK MOM:-0.05% RANGE:0.05% UP:6.66% SPREAD:0.05589714% BID:1.789 ASK:1.79 MID:1.78949999 P1:1.78949999 P2:1.7905 P3:1.7905 P4:1.7905 STATE:IDLE
[2026-05-16 10:08:57Z] CHK MOM:0% RANGE:0.05% UP:13.33% SPREAD:0.05586592% BID:1.79 ASK:1.791 MID:1.7905 P1:1.7905 P2:1.78949999 P3:1.7905 P4:1.7905 STATE:IDLE
[2026-05-16 10:08:57Z] CHK MOM:0.02% RANGE:0.08% UP:20% SPREAD:0.11173184% BID:1.79 ASK:1.792 MID:1.791 P1:1.791 P2:1.7905 P3:1.78949999 P4:1.7905 STATE:IDLE
[2026-05-16 10:08:58Z] CHK MOM:0.05% RANGE:0.11% UP:25% SPREAD:0.05583472% BID:1.791 ASK:1.792 MID:1.7915 P1:1.7915 P2:1.791 P3:1.7905 P4:1.78949999 STATE:IDLE
[2026-05-16 10:08:58Z] CHK MOM:0.05% RANGE:0.11% UP:23.52% SPREAD:0.05583472% BID:1.791 ASK:1.792 MID:1.7915 P1:1.7915 P2:1.7915 P3:1.791 P4:1.7905 STATE:IDLE
[2026-05-16 10:08:59Z] CHK MOM:0.08% RANGE:0.13% UP:27.77% SPREAD:0.11166945% BID:1.791 ASK:1.793 MID:1.79199999 P1:1.79199999 P2:1.7915 P3:1.7915 P4:1.791 STATE:IDLE
[2026-05-16 10:08:59Z] CHK MOM:0.11% RANGE:0.16% UP:33.33% SPREAD:0.05580357% BID:1.792 ASK:1.793 MID:1.7925 P1:1.7925 P2:1.79199999 P3:1.7915 P4:1.7915 STATE:IDLE
[2026-05-16 10:09:00Z] CHK MOM:0.11% RANGE:0.16% UP:33.33% SPREAD:0.05580357% BID:1.792 ASK:1.793 MID:1.7925 P1:1.7925 P2:1.7925 P3:1.79199999 P4:1.7915 STATE:IDLE
[2026-05-16 10:09:00Z] CHK MOM:0.11% RANGE:0.16% UP:33.33% SPREAD:0.05580357% BID:1.792 ASK:1.793 MID:1.7925 P1:1.7925 P2:1.7925 P3:1.79199999 P4:1.7915 STATE:IDLE
[2026-05-16 10:09:01Z] CHK MOM:0.11% RANGE:0.16% UP:33.33% SPREAD:0.05580357% BID:1.792 ASK:1.793 MID:1.7925 P1:1.7925 P2:1.7925 P3:1.79199999 P4:1.7915 STATE:IDLE
[2026-05-16 10:09:02Z] CHK MOM:0.11% RANGE:0.16% UP:33.33% SPREAD:0.05580357% BID:1.792 ASK:1.793 MID:1.7925 P1:1.7925 P2:1.7925 P3:1.79199999 P4:1.7915 STATE:IDLE
[2026-05-16 10:09:02Z] CHK MOM:0.05% RANGE:0.16% UP:40% SPREAD:0.05586592% BID:1.79 ASK:1.791 MID:1.7905 P1:1.7905 P2:1.7925 P3:1.7925 P4:1.79199999 STATE:IDLE
[2026-05-16 10:09:03Z] CHK MOM:0.08% RANGE:0.16% UP:43.75% SPREAD:0.11173184% BID:1.79 ASK:1.792 MID:1.791 P1:1.791 P2:1.7905 P3:1.7925 P4:1.7925 STATE:IDLE
[2026-05-16 10:09:03Z] CHK MOM:0.08% RANGE:0.16% UP:43.75% SPREAD:0.11173184% BID:1.79 ASK:1.792 MID:1.791 P1:1.791 P2:1.7905 P3:1.7925 P4:1.7925 STATE:IDLE
[2026-05-16 10:09:04Z] CHK MOM:0.08% RANGE:0.16% UP:43.75% SPREAD:0.11173184% BID:1.79 ASK:1.792 MID:1.791 P1:1.791 P2:1.7905 P3:1.7925 P4:1.7925 STATE:IDLE
[2026-05-16 10:09:04Z] CHK MOM:0.08% RANGE:0.16% UP:43.75% SPREAD:0.11173184% BID:1.79 ASK:1.792 MID:1.791 P1:1.791 P2:1.7905 P3:1.7925 P4:1.7925 STATE:IDLE
[2026-05-16 10:09:05Z] CHK MOM:0.11% RANGE:0.16% UP:57.14% SPREAD:0.05583472% BID:1.791 ASK:1.792 MID:1.7915 P1:1.7915 P2:1.791 P3:1.7905 P4:1.7925 STATE:IDLE
[2026-05-16 10:09:05Z] CHK MOM:0.11% RANGE:0.16% UP:57.14% SPREAD:0.05583472% BID:1.791 ASK:1.792 MID:1.7915 P1:1.7915 P2:1.791 P3:1.7905 P4:1.7925 STATE:IDLE
[2026-05-16 10:09:06Z] CHK MOM:0.11% RANGE:0.16% UP:57.14% SPREAD:0.05583472% BID:1.791 ASK:1.792 MID:1.7915 P1:1.7915 P2:1.791 P3:1.7905 P4:1.7925 STATE:IDLE
[2026-05-16 10:09:06Z] CHK MOM:0.05% RANGE:0.16% UP:50% SPREAD:0.05583472% BID:1.791 ASK:1.792 MID:1.7915 P1:1.7915 P2:1.7915 P3:1.791 P4:1.7905 STATE:IDLE
[2026-05-16 10:09:07Z] CHK MOM:0.05% RANGE:0.16% UP:53.84% SPREAD:0.05583472% BID:1.791 ASK:1.792 MID:1.7915 P1:1.7915 P2:1.7915 P3:1.7915 P4:1.791 STATE:IDLE
[2026-05-16 10:09:08Z] CHK MOM:0.05% RANGE:0.16% UP:53.84% SPREAD:0.05583472% BID:1.791 ASK:1.792 MID:1.7915 P1:1.7915 P2:1.7915 P3:1.7915 P4:1.791 STATE:IDLE
[2026-05-16 10:09:08Z] CHK MOM:0.05% RANGE:0.16% UP:53.84% SPREAD:0.05583472% BID:1.791 ASK:1.792 MID:1.7915 P1:1.7915 P2:1.7915 P3:1.7915 P4:1.791 STATE:IDLE
[2026-05-16 10:09:09Z] CHK MOM:0.05% RANGE:0.16% UP:53.84% SPREAD:0.05583472% BID:1.791 ASK:1.792 MID:1.7915 P1:1.7915 P2:1.7915 P3:1.7915 P4:1.791 STATE:IDLE
[2026-05-16 10:09:09Z] CHK MOM:0.05% RANGE:0.16% UP:53.84% SPREAD:0.05583472% BID:1.791 ASK:1.792 MID:1.7915 P1:1.7915 P2:1.7915 P3:1.7915 P4:1.791 STATE:IDLE
[2026-05-16 10:09:10Z] CHK MOM:-0.02% RANGE:0.11% UP:44.44% SPREAD:0.11173184% BID:1.79 ASK:1.792 MID:1.791 P1:1.791 P2:1.7915 P3:1.7915 P4:1.7915 STATE:IDLE
[2026-05-16 10:09:11Z] CHK MOM:-0.11% RANGE:0.11% UP:25% SPREAD:0.05586592% BID:1.79 ASK:1.791 MID:1.7905 P1:1.7905 P2:1.791 P3:1.7915 P4:1.7915 STATE:IDLE
[2026-05-16 10:09:11Z] CHK MOM:-0.11% RANGE:0.11% UP:25% SPREAD:0.05586592% BID:1.79 ASK:1.791 MID:1.7905 P1:1.7905 P2:1.791 P3:1.7915 P4:1.7915 STATE:IDLE
[2026-05-16 10:09:12Z] CHK MOM:-0.11% RANGE:0.11% UP:25% SPREAD:0.05586592% BID:1.79 ASK:1.791 MID:1.7905 P1:1.7905 P2:1.7905 P3:1.791 P4:1.7915 STATE:IDLE
[2026-05-16 10:09:13Z] CHK MOM:0% RANGE:0.05% UP:25% SPREAD:0.05586592% BID:1.79 ASK:1.791 MID:1.7905 P1:1.7905 P2:1.7905 P3:1.7905 P4:1.791 STATE:IDLE
[2026-05-16 10:09:13Z] CHK MOM:0% RANGE:0.05% UP:22.22% SPREAD:0.05586592% BID:1.79 ASK:1.791 MID:1.7905 P1:1.7905 P2:1.7905 P3:1.7905 P4:1.7905 STATE:IDLE
[2026-05-16 10:09:14Z] CHK MOM:0% RANGE:0.05% UP:20% SPREAD:0.05586592% BID:1.79 ASK:1.791 MID:1.7905 P1:1.7905 P2:1.7905 P3:1.7905 P4:1.7905 STATE:IDLE
[2026-05-16 10:09:14Z] CHK MOM:0% RANGE:0.05% UP:18.18% SPREAD:0.05586592% BID:1.79 ASK:1.791 MID:1.7905 P1:1.7905 P2:1.7905 P3:1.7905 P4:1.7905 STATE:IDLE
[2026-05-16 10:09:15Z] CHK MOM:0% RANGE:0.05% UP:18.18% SPREAD:0.05586592% BID:1.79 ASK:1.791 MID:1.7905 P1:1.7905 P2:1.7905 P3:1.7905 P4:1.7905 STATE:IDLE
[2026-05-16 10:09:15Z] CHK MOM:0% RANGE:0.05% UP:18.18% SPREAD:0.05586592% BID:1.79 ASK:1.791 MID:1.7905 P1:1.7905 P2:1.7905 P3:1.7905 P4:1.7905 STATE:IDLE
[2026-05-16 10:09:16Z] CHK MOM:0% RANGE:0.05% UP:18.18% SPREAD:0.05586592% BID:1.79 ASK:1.791 MID:1.7905 P1:1.7905 P2:1.7905 P3:1.7905 P4:1.7905 STATE:IDLE
[2026-05-16 10:09:16Z] CHK MOM:-0.02% RANGE:0.05% UP:10% SPREAD:0.11173184% BID:1.79 ASK:1.792 MID:1.791 P1:1.791 P2:1.7905 P3:1.7905 P4:1.7905 STATE:IDLE
[2026-05-16 10:09:17Z] CHK MOM:0% RANGE:0.05% UP:18.18% SPREAD:0.05583472% BID:1.791 ASK:1.792 MID:1.7915 P1:1.7915 P2:1.791 P3:1.7905 P4:1.7905 STATE:IDLE
[2026-05-16 10:09:17Z] CHK MOM:0% RANGE:0.05% UP:18.18% SPREAD:0.05583472% BID:1.791 ASK:1.792 MID:1.7915 P1:1.7915 P2:1.791 P3:1.7905 P4:1.7905 STATE:IDLE
[2026-05-16 10:09:18Z] CHK MOM:0% RANGE:0.05% UP:18.18% SPREAD:0.05583472% BID:1.791 ASK:1.792 MID:1.7915 P1:1.7915 P2:1.791 P3:1.7905 P4:1.7905 STATE:IDLE
[2026-05-16 10:09:19Z] CHK MOM:0% RANGE:0.05% UP:18.18% SPREAD:0.05583472% BID:1.791 ASK:1.792 MID:1.7915 P1:1.7915 P2:1.791 P3:1.7905 P4:1.7905 STATE:IDLE
[2026-05-16 10:09:19Z] CHK MOM:-0.02% RANGE:0.05% UP:22.22% SPREAD:0.05586592% BID:1.79 ASK:1.791 MID:1.7905 P1:1.7905 P2:1.7915 P3:1.791 P4:1.7905 STATE:IDLE
[2026-05-16 10:09:20Z] CHK MOM:-0.02% RANGE:0.05% UP:22.22% SPREAD:0.05586592% BID:1.79 ASK:1.791 MID:1.7905 P1:1.7905 P2:1.7915 P3:1.791 P4:1.7905 STATE:IDLE
[2026-05-16 10:09:20Z] CHK MOM:-0.02% RANGE:0.05% UP:20% SPREAD:0.05586592% BID:1.79 ASK:1.791 MID:1.7905 P1:1.7905 P2:1.7905 P3:1.7915 P4:1.791 STATE:IDLE
[2026-05-16 10:09:21Z] CHK MOM:-0.02% RANGE:0.05% UP:18.18% SPREAD:0.05586592% BID:1.79 ASK:1.791 MID:1.7905 P1:1.7905 P2:1.7905 P3:1.7905 P4:1.7915 STATE:IDLE
[2026-05-16 10:09:21Z] CHK MOM:-0.02% RANGE:0.05% UP:16.66% SPREAD:0.05586592% BID:1.79 ASK:1.791 MID:1.7905 P1:1.7905 P2:1.7905 P3:1.7905 P4:1.7905 STATE:IDLE
[2026-05-16 10:09:22Z] CHK MOM:-0.02% RANGE:0.05% UP:15.38% SPREAD:0.05586592% BID:1.79 ASK:1.791 MID:1.7905 P1:1.7905 P2:1.7905 P3:1.7905 P4:1.7905 STATE:IDLE
[2026-05-16 10:09:22Z] CHK MOM:0.02% RANGE:0.05% UP:21.42% SPREAD:0.05583472% BID:1.791 ASK:1.792 MID:1.7915 P1:1.7915 P2:1.7905 P3:1.7905 P4:1.7905 STATE:IDLE
[2026-05-16 10:09:23Z] CHK MOM:0.08% RANGE:0.08% UP:28.57% SPREAD:0.11166945% BID:1.791 ASK:1.793 MID:1.79199999 P1:1.79199999 P2:1.7915 P3:1.7905 P4:1.7905 STATE:IDLE
[2026-05-16 10:09:24Z] CHK MOM:0.05% RANGE:0.08% UP:28.57% SPREAD:0.05583472% BID:1.791 ASK:1.792 MID:1.7915 P1:1.7915 P2:1.79199999 P3:1.7915 P4:1.7905 STATE:IDLE
[2026-05-16 10:09:24Z] CHK MOM:0.11% RANGE:0.11% UP:38.46% SPREAD:0.05580357% BID:1.792 ASK:1.793 MID:1.7925 P1:1.7925 P2:1.7915 P3:1.79199999 P4:1.7915 STATE:IDLE
[2026-05-16 10:09:25Z] CHK MOM:0.11% RANGE:0.11% UP:38.46% SPREAD:0.05580357% BID:1.792 ASK:1.793 MID:1.7925 P1:1.7925 P2:1.7915 P3:1.79199999 P4:1.7915 STATE:IDLE
[2026-05-16 10:09:25Z] CHK MOM:0.11% RANGE:0.11% UP:35.71% SPREAD:0.05580357% BID:1.792 ASK:1.793 MID:1.7925 P1:1.7925 P2:1.7925 P3:1.7915 P4:1.79199999 STATE:IDLE
[2026-05-16 10:09:26Z] CHK MOM:0.13% RANGE:0.13% UP:46.15% SPREAD:0.11160714% BID:1.792 ASK:1.794 MID:1.793 P1:1.793 P2:1.7925 P3:1.7925 P4:1.7915 STATE:IDLE
[2026-05-16 10:09:26Z] TOKEN_SWITCH old=RENDERUSDC new=ASTERUSDC source=.service.env
[2026-05-16 11:08:36Z] SESSION_START symbol=RENDERUSDC dry_run=0 profile=major strategy=momentum base_url=https://api.binance.com
[2026-05-16 11:08:36Z] TOXIC_MEMORY_LOADED count=1 symbols=ORDIUSDC
[2026-05-16 11:08:39Z] CHK MOM:0% RANGE:0% UP:0% SPREAD:0.05506607% BID:1.816 ASK:1.817 MID:1.8165 P1:1.8165 P2:NA P3:NA P4:NA STATE:IDLE
[2026-05-16 11:08:40Z] CHK MOM:0% RANGE:0% UP:0% SPREAD:0.05506607% BID:1.816 ASK:1.817 MID:1.8165 P1:1.8165 P2:1.8165 P3:NA P4:NA STATE:IDLE
[2026-05-16 11:08:40Z] CHK MOM:0% RANGE:0% UP:0% SPREAD:0.05506607% BID:1.816 ASK:1.817 MID:1.8165 P1:1.8165 P2:1.8165 P3:NA P4:NA STATE:IDLE
[2026-05-16 11:08:41Z] CHK MOM:0% RANGE:0% UP:0% SPREAD:0.05506607% BID:1.816 ASK:1.817 MID:1.8165 P1:1.8165 P2:1.8165 P3:NA P4:NA STATE:IDLE
[2026-05-16 11:08:41Z] CHK MOM:0% RANGE:0% UP:0% SPREAD:0.05506607% BID:1.816 ASK:1.817 MID:1.8165 P1:1.8165 P2:1.8165 P3:NA P4:NA STATE:IDLE
[2026-05-16 11:08:42Z] CHK MOM:0% RANGE:0% UP:0% SPREAD:0.05506607% BID:1.816 ASK:1.817 MID:1.8165 P1:1.8165 P2:1.8165 P3:NA P4:NA STATE:IDLE
[2026-05-16 11:08:45Z] CHK MOM:0% RANGE:0% UP:0% SPREAD:0.05506607% BID:1.816 ASK:1.817 MID:1.8165 P1:1.8165 P2:1.8165 P3:1.8165 P4:NA STATE:IDLE
[2026-05-16 11:08:46Z] CHK MOM:-0.05% RANGE:0.05% UP:0% SPREAD:0.05509641% BID:1.815 ASK:1.816 MID:1.8155 P1:1.8155 P2:1.8165 P3:1.8165 P4:1.8165 STATE:IDLE
[2026-05-16 11:08:46Z] CHK MOM:-0.05% RANGE:0.05% UP:0% SPREAD:0.05509641% BID:1.815 ASK:1.816 MID:1.8155 P1:1.8155 P2:1.8165 P3:1.8165 P4:1.8165 STATE:IDLE
[2026-05-16 11:08:47Z] CHK MOM:-0.05% RANGE:0.05% UP:0% SPREAD:0.05509641% BID:1.815 ASK:1.816 MID:1.8155 P1:1.8155 P2:1.8165 P3:1.8165 P4:1.8165 STATE:IDLE
[2026-05-16 11:08:47Z] CHK MOM:-0.05% RANGE:0.05% UP:0% SPREAD:0.05509641% BID:1.815 ASK:1.816 MID:1.8155 P1:1.8155 P2:1.8165 P3:1.8165 P4:1.8165 STATE:IDLE
[2026-05-16 11:08:48Z] CHK MOM:-0.05% RANGE:0.05% UP:0% SPREAD:0.05509641% BID:1.815 ASK:1.816 MID:1.8155 P1:1.8155 P2:1.8165 P3:1.8165 P4:1.8165 STATE:IDLE
[2026-05-16 11:08:48Z] CHK MOM:-0.05% RANGE:0.05% UP:0% SPREAD:0.05509641% BID:1.815 ASK:1.816 MID:1.8155 P1:1.8155 P2:1.8165 P3:1.8165 P4:1.8165 STATE:IDLE
[2026-05-16 11:08:49Z] CHK MOM:-0.05% RANGE:0.05% UP:0% SPREAD:0.05509641% BID:1.815 ASK:1.816 MID:1.8155 P1:1.8155 P2:1.8155 P3:1.8165 P4:1.8165 STATE:IDLE
[2026-05-16 11:08:50Z] CHK MOM:-0.05% RANGE:0.05% UP:0% SPREAD:0.05509641% BID:1.815 ASK:1.816 MID:1.8155 P1:1.8155 P2:1.8155 P3:1.8165 P4:1.8165 STATE:IDLE
[2026-05-16 11:08:51Z] CHK MOM:-0.05% RANGE:0.05% UP:0% SPREAD:0.05509641% BID:1.815 ASK:1.816 MID:1.8155 P1:1.8155 P2:1.8155 P3:1.8165 P4:1.8165 STATE:IDLE
[2026-05-16 11:08:51Z] CHK MOM:-0.05% RANGE:0.05% UP:0% SPREAD:0.05509641% BID:1.815 ASK:1.816 MID:1.8155 P1:1.8155 P2:1.8155 P3:1.8165 P4:1.8165 STATE:IDLE
[2026-05-16 11:08:52Z] CHK MOM:-0.05% RANGE:0.05% UP:0% SPREAD:0.05509641% BID:1.815 ASK:1.816 MID:1.8155 P1:1.8155 P2:1.8155 P3:1.8165 P4:1.8165 STATE:IDLE
[2026-05-16 11:08:57Z] CHK MOM:0.05% RANGE:0.05% UP:50% SPREAD:0.05506607% BID:1.816 ASK:1.817 MID:1.8165 P1:1.8165 P2:1.8155 P3:1.8155 P4:1.8165 STATE:IDLE
[2026-05-16 11:08:58Z] CHK MOM:0.05% RANGE:0.05% UP:50% SPREAD:0.05506607% BID:1.816 ASK:1.817 MID:1.8165 P1:1.8165 P2:1.8165 P3:1.8155 P4:1.8155 STATE:IDLE
[2026-05-16 11:08:58Z] CHK MOM:0.05% RANGE:0.05% UP:50% SPREAD:0.05506607% BID:1.816 ASK:1.817 MID:1.8165 P1:1.8165 P2:1.8165 P3:1.8155 P4:1.8155 STATE:IDLE
[2026-05-16 11:08:59Z] CHK MOM:0.05% RANGE:0.05% UP:50% SPREAD:0.05506607% BID:1.816 ASK:1.817 MID:1.8165 P1:1.8165 P2:1.8165 P3:1.8155 P4:1.8155 STATE:IDLE
[2026-05-16 11:08:59Z] CHK MOM:0.05% RANGE:0.05% UP:50% SPREAD:0.05506607% BID:1.816 ASK:1.817 MID:1.8165 P1:1.8165 P2:1.8165 P3:1.8155 P4:1.8155 STATE:IDLE
[2026-05-16 11:09:00Z] CHK MOM:0.05% RANGE:0.05% UP:50% SPREAD:0.05506607% BID:1.816 ASK:1.817 MID:1.8165 P1:1.8165 P2:1.8165 P3:1.8155 P4:1.8155 STATE:IDLE
[2026-05-16 11:09:00Z] CHK MOM:0.05% RANGE:0.05% UP:50% SPREAD:0.05506607% BID:1.816 ASK:1.817 MID:1.8165 P1:1.8165 P2:1.8165 P3:1.8155 P4:1.8155 STATE:IDLE
[2026-05-16 11:09:13Z] CHK MOM:0% RANGE:0% UP:0% SPREAD:0.05506607% BID:1.816 ASK:1.817 MID:1.8165 P1:1.8165 P2:1.8165 P3:1.8165 P4:1.8155 STATE:IDLE
[2026-05-16 11:09:13Z] CHK MOM:0% RANGE:0% UP:0% SPREAD:0.05506607% BID:1.816 ASK:1.817 MID:1.8165 P1:1.8165 P2:1.8165 P3:1.8165 P4:1.8165 STATE:IDLE
[2026-05-16 11:09:14Z] CHK MOM:0% RANGE:0% UP:0% SPREAD:0.05506607% BID:1.816 ASK:1.817 MID:1.8165 P1:1.8165 P2:1.8165 P3:1.8165 P4:1.8165 STATE:IDLE
[2026-05-16 11:09:14Z] CHK MOM:0% RANGE:0% UP:0% SPREAD:0.05506607% BID:1.816 ASK:1.817 MID:1.8165 P1:1.8165 P2:1.8165 P3:1.8165 P4:1.8165 STATE:IDLE
[2026-05-16 11:09:15Z] CHK MOM:0% RANGE:0% UP:0% SPREAD:0.05506607% BID:1.816 ASK:1.817 MID:1.8165 P1:1.8165 P2:1.8165 P3:1.8165 P4:1.8165 STATE:IDLE
[2026-05-16 11:09:15Z] CHK MOM:0% RANGE:0% UP:0% SPREAD:0.05506607% BID:1.816 ASK:1.817 MID:1.8165 P1:1.8165 P2:1.8165 P3:1.8165 P4:1.8165 STATE:IDLE
[2026-05-16 11:09:19Z] CHK MOM:0% RANGE:0% UP:0% SPREAD:0.05506607% BID:1.816 ASK:1.817 MID:1.8165 P1:1.8165 P2:1.8165 P3:1.8165 P4:1.8165 STATE:IDLE
[2026-05-16 11:09:20Z] CHK MOM:0% RANGE:0% UP:0% SPREAD:0.05506607% BID:1.816 ASK:1.817 MID:1.8165 P1:1.8165 P2:1.8165 P3:1.8165 P4:1.8165 STATE:IDLE
[2026-05-16 11:09:20Z] CHK MOM:0% RANGE:0% UP:0% SPREAD:0.05506607% BID:1.816 ASK:1.817 MID:1.8165 P1:1.8165 P2:1.8165 P3:1.8165 P4:1.8165 STATE:IDLE
[2026-05-16 11:09:21Z] CHK MOM:0% RANGE:0% UP:0% SPREAD:0.05506607% BID:1.816 ASK:1.817 MID:1.8165 P1:1.8165 P2:1.8165 P3:1.8165 P4:1.8165 STATE:IDLE
[2026-05-16 11:09:21Z] CHK MOM:0% RANGE:0% UP:0% SPREAD:0.05506607% BID:1.816 ASK:1.817 MID:1.8165 P1:1.8165 P2:1.8165 P3:1.8165 P4:1.8165 STATE:IDLE
[2026-05-16 11:09:26Z] CHK MOM:0% RANGE:0% UP:0% SPREAD:0.05506607% BID:1.816 ASK:1.817 MID:1.8165 P1:1.8165 P2:1.8165 P3:1.8165 P4:1.8165 STATE:IDLE
[2026-05-16 11:09:27Z] CHK MOM:0% RANGE:0% UP:0% SPREAD:0.05506607% BID:1.816 ASK:1.817 MID:1.8165 P1:1.8165 P2:1.8165 P3:1.8165 P4:1.8165 STATE:IDLE
[2026-05-16 11:09:27Z] CHK MOM:0% RANGE:0% UP:0% SPREAD:0.05506607% BID:1.816 ASK:1.817 MID:1.8165 P1:1.8165 P2:1.8165 P3:1.8165 P4:1.8165 STATE:IDLE
[2026-05-16 11:09:28Z] CHK MOM:0% RANGE:0% UP:0% SPREAD:0.05506607% BID:1.816 ASK:1.817 MID:1.8165 P1:1.8165 P2:1.8165 P3:1.8165 P4:1.8165 STATE:IDLE
[2026-05-16 11:09:28Z] CHK MOM:0% RANGE:0% UP:0% SPREAD:0.05506607% BID:1.816 ASK:1.817 MID:1.8165 P1:1.8165 P2:1.8165 P3:1.8165 P4:1.8165 STATE:IDLE
[2026-05-16 11:09:33Z] CHK MOM:0% RANGE:0% UP:0% SPREAD:0.05506607% BID:1.816 ASK:1.817 MID:1.8165 P1:1.8165 P2:1.8165 P3:1.8165 P4:1.8165 STATE:IDLE
[2026-05-16 11:09:34Z] CHK MOM:0% RANGE:0% UP:0% SPREAD:0.05506607% BID:1.816 ASK:1.817 MID:1.8165 P1:1.8165 P2:1.8165 P3:1.8165 P4:1.8165 STATE:IDLE
[2026-05-16 11:09:34Z] CHK MOM:0% RANGE:0% UP:0% SPREAD:0.05506607% BID:1.816 ASK:1.817 MID:1.8165 P1:1.8165 P2:1.8165 P3:1.8165 P4:1.8165 STATE:IDLE
[2026-05-16 11:09:35Z] CHK MOM:0% RANGE:0% UP:0% SPREAD:0.05506607% BID:1.816 ASK:1.817 MID:1.8165 P1:1.8165 P2:1.8165 P3:1.8165 P4:1.8165 STATE:IDLE
[2026-05-16 11:09:35Z] CHK MOM:0% RANGE:0% UP:0% SPREAD:0.05506607% BID:1.816 ASK:1.817 MID:1.8165 P1:1.8165 P2:1.8165 P3:1.8165 P4:1.8165 STATE:IDLE
[2026-05-16 11:09:36Z] CHK MOM:0% RANGE:0% UP:0% SPREAD:0.05506607% BID:1.816 ASK:1.817 MID:1.8165 P1:1.8165 P2:1.8165 P3:1.8165 P4:1.8165 STATE:IDLE
[2026-05-16 11:09:36Z] CHK MOM:0% RANGE:0% UP:0% SPREAD:0.05506607% BID:1.816 ASK:1.817 MID:1.8165 P1:1.8165 P2:1.8165 P3:1.8165 P4:1.8165 STATE:IDLE
[2026-05-16 11:09:37Z] CHK MOM:0% RANGE:0% UP:0% SPREAD:0.05506607% BID:1.816 ASK:1.817 MID:1.8165 P1:1.8165 P2:1.8165 P3:1.8165 P4:1.8165 STATE:IDLE
[2026-05-16 11:09:37Z] CHK MOM:0% RANGE:0% UP:0% SPREAD:0.05506607% BID:1.816 ASK:1.817 MID:1.8165 P1:1.8165 P2:1.8165 P3:1.8165 P4:1.8165 STATE:IDLE
[2026-05-16 11:09:38Z] CHK MOM:0% RANGE:0% UP:0% SPREAD:0.05506607% BID:1.816 ASK:1.817 MID:1.8165 P1:1.8165 P2:1.8165 P3:1.8165 P4:1.8165 STATE:IDLE
[2026-05-16 11:09:39Z] CHK MOM:0% RANGE:0% UP:0% SPREAD:0.05506607% BID:1.816 ASK:1.817 MID:1.8165 P1:1.8165 P2:1.8165 P3:1.8165 P4:1.8165 STATE:IDLE
[2026-05-16 11:09:39Z] CHK MOM:0% RANGE:0% UP:0% SPREAD:0.05506607% BID:1.816 ASK:1.817 MID:1.8165 P1:1.8165 P2:1.8165 P3:1.8165 P4:1.8165 STATE:IDLE
[2026-05-16 11:09:40Z] CHK MOM:0% RANGE:0% UP:0% SPREAD:0.05506607% BID:1.816 ASK:1.817 MID:1.8165 P1:1.8165 P2:1.8165 P3:1.8165 P4:1.8165 STATE:IDLE
[2026-05-16 11:09:54Z] CHK MOM:0% RANGE:0% UP:0% SPREAD:0.05506607% BID:1.816 ASK:1.817 MID:1.8165 P1:1.8165 P2:1.8165 P3:1.8165 P4:1.8165 STATE:IDLE
[2026-05-16 11:09:55Z] CHK MOM:0% RANGE:0% UP:0% SPREAD:0.05506607% BID:1.816 ASK:1.817 MID:1.8165 P1:1.8165 P2:1.8165 P3:1.8165 P4:1.8165 STATE:IDLE
[2026-05-16 11:09:55Z] CHK MOM:0% RANGE:0% UP:0% SPREAD:0.05506607% BID:1.816 ASK:1.817 MID:1.8165 P1:1.8165 P2:1.8165 P3:1.8165 P4:1.8165 STATE:IDLE
[2026-05-16 11:09:56Z] CHK MOM:0% RANGE:0% UP:0% SPREAD:0.05506607% BID:1.816 ASK:1.817 MID:1.8165 P1:1.8165 P2:1.8165 P3:1.8165 P4:1.8165 STATE:IDLE
[2026-05-16 11:09:56Z] CHK MOM:0% RANGE:0% UP:0% SPREAD:0.05506607% BID:1.816 ASK:1.817 MID:1.8165 P1:1.8165 P2:1.8165 P3:1.8165 P4:1.8165 STATE:IDLE
[2026-05-16 11:10:13Z] CHK MOM:0% RANGE:0% UP:0% SPREAD:0.05506607% BID:1.816 ASK:1.817 MID:1.8165 P1:1.8165 P2:1.8165 P3:1.8165 P4:1.8165 STATE:IDLE
[2026-05-16 11:10:14Z] CHK MOM:0% RANGE:0% UP:0% SPREAD:0.05506607% BID:1.816 ASK:1.817 MID:1.8165 P1:1.8165 P2:1.8165 P3:1.8165 P4:1.8165 STATE:IDLE
[2026-05-16 11:10:14Z] CHK MOM:0% RANGE:0% UP:0% SPREAD:0.05506607% BID:1.816 ASK:1.817 MID:1.8165 P1:1.8165 P2:1.8165 P3:1.8165 P4:1.8165 STATE:IDLE
[2026-05-16 11:10:15Z] CHK MOM:0% RANGE:0% UP:0% SPREAD:0.05506607% BID:1.816 ASK:1.817 MID:1.8165 P1:1.8165 P2:1.8165 P3:1.8165 P4:1.8165 STATE:IDLE
[2026-05-16 11:10:15Z] CHK MOM:0% RANGE:0% UP:0% SPREAD:0.05506607% BID:1.816 ASK:1.817 MID:1.8165 P1:1.8165 P2:1.8165 P3:1.8165 P4:1.8165 STATE:IDLE
[2026-05-16 11:10:22Z] CHK MOM:0% RANGE:0% UP:0% SPREAD:0.05506607% BID:1.816 ASK:1.817 MID:1.8165 P1:1.8165 P2:1.8165 P3:1.8165 P4:NA STATE:IDLE
[2026-05-16 11:10:22Z] CHK MOM:0% RANGE:0% UP:0% SPREAD:0.05506607% BID:1.816 ASK:1.817 MID:1.8165 P1:1.8165 P2:1.8165 P3:1.8165 P4:NA STATE:IDLE
[2026-05-16 11:10:23Z] CHK MOM:0% RANGE:0% UP:0% SPREAD:0.05506607% BID:1.816 ASK:1.817 MID:1.8165 P1:1.8165 P2:1.8165 P3:1.8165 P4:NA STATE:IDLE
[2026-05-16 11:10:23Z] CHK MOM:0% RANGE:0% UP:0% SPREAD:0.05506607% BID:1.816 ASK:1.817 MID:1.8165 P1:1.8165 P2:1.8165 P3:1.8165 P4:NA STATE:IDLE
[2026-05-16 11:10:24Z] CHK MOM:0% RANGE:0% UP:0% SPREAD:0.05506607% BID:1.816 ASK:1.817 MID:1.8165 P1:1.8165 P2:1.8165 P3:1.8165 P4:NA STATE:IDLE
[2026-05-16 11:10:26Z] CHK MOM:0.05% RANGE:0.05% UP:100% SPREAD:0.05503577% BID:1.817 ASK:1.818 MID:1.8175 P1:1.8175 P2:1.8165 P3:1.8165 P4:1.8165 STATE:IDLE
[2026-05-16 11:10:27Z] CHK MOM:0.05% RANGE:0.05% UP:50% SPREAD:0.05503577% BID:1.817 ASK:1.818 MID:1.8175 P1:1.8175 P2:1.8175 P3:1.8165 P4:1.8165 STATE:IDLE
[2026-05-16 11:10:28Z] CHK MOM:0.05% RANGE:0.05% UP:50% SPREAD:0.05503577% BID:1.817 ASK:1.818 MID:1.8175 P1:1.8175 P2:1.8175 P3:1.8165 P4:1.8165 STATE:IDLE
[2026-05-16 11:10:28Z] CHK MOM:0.05% RANGE:0.05% UP:50% SPREAD:0.05503577% BID:1.817 ASK:1.818 MID:1.8175 P1:1.8175 P2:1.8175 P3:1.8165 P4:1.8165 STATE:IDLE
[2026-05-16 11:10:29Z] CHK MOM:0.05% RANGE:0.05% UP:50% SPREAD:0.05503577% BID:1.817 ASK:1.818 MID:1.8175 P1:1.8175 P2:1.8175 P3:1.8165 P4:1.8165 STATE:IDLE
[2026-05-16 11:10:29Z] CHK MOM:0.05% RANGE:0.05% UP:50% SPREAD:0.05503577% BID:1.817 ASK:1.818 MID:1.8175 P1:1.8175 P2:1.8175 P3:1.8165 P4:1.8165 STATE:IDLE
[2026-05-16 11:10:31Z] CHK MOM:0.11% RANGE:0.11% UP:66.66% SPREAD:0.0550055% BID:1.818 ASK:1.819 MID:1.8185 P1:1.8185 P2:1.8175 P3:1.8175 P4:1.8165 STATE:IDLE
[2026-05-16 11:10:32Z] CHK MOM:0.11% RANGE:0.11% UP:50% SPREAD:0.0550055% BID:1.818 ASK:1.819 MID:1.8185 P1:1.8185 P2:1.8185 P3:1.8175 P4:1.8175 STATE:IDLE
[2026-05-16 11:10:33Z] CHK MOM:0.11% RANGE:0.11% UP:50% SPREAD:0.0550055% BID:1.818 ASK:1.819 MID:1.8185 P1:1.8185 P2:1.8185 P3:1.8175 P4:1.8175 STATE:IDLE
[2026-05-16 11:10:33Z] CHK MOM:0.11% RANGE:0.11% UP:50% SPREAD:0.0550055% BID:1.818 ASK:1.819 MID:1.8185 P1:1.8185 P2:1.8185 P3:1.8175 P4:1.8175 STATE:IDLE
[2026-05-16 11:10:34Z] CHK MOM:0.11% RANGE:0.11% UP:50% SPREAD:0.0550055% BID:1.818 ASK:1.819 MID:1.8185 P1:1.8185 P2:1.8185 P3:1.8175 P4:1.8175 STATE:IDLE
[2026-05-16 11:10:34Z] TOKEN_SWITCH old=RENDERUSDC new=UNIUSDC source=.service.env
[2026-05-16 11:14:35Z] SESSION_START symbol=RENDERUSDC dry_run=0 profile=major strategy=momentum base_url=https://api.binance.com
[2026-05-16 11:14:35Z] TOXIC_MEMORY_LOADED count=1 symbols=ORDIUSDC
[2026-05-16 11:14:38Z] CHK MOM:0% RANGE:0% UP:0% SPREAD:0.05497526% BID:1.819 ASK:1.82 MID:1.8195 P1:1.8195 P2:NA P3:NA P4:NA STATE:IDLE
[2026-05-16 11:14:39Z] CHK MOM:0% RANGE:0% UP:0% SPREAD:0.05497526% BID:1.819 ASK:1.82 MID:1.8195 P1:1.8195 P2:1.8195 P3:NA P4:NA STATE:IDLE
[2026-05-16 11:14:39Z] CHK MOM:0% RANGE:0% UP:0% SPREAD:0.05497526% BID:1.819 ASK:1.82 MID:1.8195 P1:1.8195 P2:1.8195 P3:NA P4:NA STATE:IDLE
[2026-05-16 11:14:40Z] CHK MOM:0% RANGE:0% UP:0% SPREAD:0.05497526% BID:1.819 ASK:1.82 MID:1.8195 P1:1.8195 P2:1.8195 P3:NA P4:NA STATE:IDLE
[2026-05-16 11:14:40Z] CHK MOM:0% RANGE:0% UP:0% SPREAD:0.05497526% BID:1.819 ASK:1.82 MID:1.8195 P1:1.8195 P2:1.8195 P3:NA P4:NA STATE:IDLE
[2026-05-16 11:14:41Z] CHK MOM:0% RANGE:0% UP:0% SPREAD:0.05497526% BID:1.819 ASK:1.82 MID:1.8195 P1:1.8195 P2:1.8195 P3:NA P4:NA STATE:IDLE
[2026-05-16 11:14:46Z] CHK MOM:0.05% RANGE:0.05% UP:50% SPREAD:0.05494505% BID:1.82 ASK:1.821 MID:1.8205 P1:1.8205 P2:1.8195 P3:1.8195 P4:NA STATE:IDLE
[2026-05-16 11:14:46Z] CHK MOM:0.05% RANGE:0.05% UP:50% SPREAD:0.05494505% BID:1.82 ASK:1.821 MID:1.8205 P1:1.8205 P2:1.8195 P3:1.8195 P4:NA STATE:IDLE
[2026-05-16 11:14:47Z] CHK MOM:0.05% RANGE:0.05% UP:50% SPREAD:0.05494505% BID:1.82 ASK:1.821 MID:1.8205 P1:1.8205 P2:1.8195 P3:1.8195 P4:NA STATE:IDLE
[2026-05-16 11:14:47Z] CHK MOM:0.05% RANGE:0.05% UP:50% SPREAD:0.05494505% BID:1.82 ASK:1.821 MID:1.8205 P1:1.8205 P2:1.8195 P3:1.8195 P4:NA STATE:IDLE
[2026-05-16 11:14:48Z] CHK MOM:0.05% RANGE:0.05% UP:50% SPREAD:0.05494505% BID:1.82 ASK:1.821 MID:1.8205 P1:1.8205 P2:1.8195 P3:1.8195 P4:NA STATE:IDLE
[2026-05-16 11:14:59Z] CHK MOM:0% RANGE:0% UP:0% SPREAD:0.05494505% BID:1.82 ASK:1.821 MID:1.8205 P1:1.8205 P2:1.8205 P3:1.8195 P4:1.8195 STATE:IDLE
[2026-05-16 11:15:00Z] CHK MOM:0% RANGE:0% UP:0% SPREAD:0.05494505% BID:1.82 ASK:1.821 MID:1.8205 P1:1.8205 P2:1.8205 P3:1.8205 P4:1.8195 STATE:IDLE
[2026-05-16 11:15:00Z] CHK MOM:0% RANGE:0% UP:0% SPREAD:0.05494505% BID:1.82 ASK:1.821 MID:1.8205 P1:1.8205 P2:1.8205 P3:1.8205 P4:1.8205 STATE:IDLE
[2026-05-16 11:15:01Z] CHK MOM:0% RANGE:0% UP:0% SPREAD:0.05494505% BID:1.82 ASK:1.821 MID:1.8205 P1:1.8205 P2:1.8205 P3:1.8205 P4:1.8205 STATE:IDLE
[2026-05-16 11:15:01Z] CHK MOM:0% RANGE:0% UP:0% SPREAD:0.05494505% BID:1.82 ASK:1.821 MID:1.8205 P1:1.8205 P2:1.8205 P3:1.8205 P4:1.8205 STATE:IDLE
[2026-05-16 11:15:02Z] CHK MOM:-0.05% RANGE:0.05% UP:0% SPREAD:0.05497526% BID:1.819 ASK:1.82 MID:1.8195 P1:1.8195 P2:1.8205 P3:1.8205 P4:1.8205 STATE:IDLE
[2026-05-16 11:15:02Z] CHK MOM:-0.05% RANGE:0.05% UP:0% SPREAD:0.05497526% BID:1.819 ASK:1.82 MID:1.8195 P1:1.8195 P2:1.8205 P3:1.8205 P4:1.8205 STATE:IDLE
[2026-05-16 11:15:03Z] CHK MOM:-0.05% RANGE:0.05% UP:0% SPREAD:0.05497526% BID:1.819 ASK:1.82 MID:1.8195 P1:1.8195 P2:1.8205 P3:1.8205 P4:1.8205 STATE:IDLE
[2026-05-16 11:15:03Z] CHK MOM:-0.05% RANGE:0.05% UP:0% SPREAD:0.05497526% BID:1.819 ASK:1.82 MID:1.8195 P1:1.8195 P2:1.8205 P3:1.8205 P4:1.8205 STATE:IDLE
[2026-05-16 11:15:04Z] CHK MOM:-0.05% RANGE:0.05% UP:0% SPREAD:0.05497526% BID:1.819 ASK:1.82 MID:1.8195 P1:1.8195 P2:1.8205 P3:1.8205 P4:1.8205 STATE:IDLE
[2026-05-16 11:15:05Z] CHK MOM:0% RANGE:0.05% UP:25% SPREAD:0.05494505% BID:1.82 ASK:1.821 MID:1.8205 P1:1.8205 P2:1.8195 P3:1.8205 P4:1.8205 STATE:IDLE
[2026-05-16 11:15:05Z] CHK MOM:0% RANGE:0.05% UP:25% SPREAD:0.05494505% BID:1.82 ASK:1.821 MID:1.8205 P1:1.8205 P2:1.8195 P3:1.8205 P4:1.8205 STATE:IDLE
[2026-05-16 11:15:06Z] CHK MOM:0% RANGE:0.05% UP:25% SPREAD:0.05494505% BID:1.82 ASK:1.821 MID:1.8205 P1:1.8205 P2:1.8195 P3:1.8205 P4:1.8205 STATE:IDLE
[2026-05-16 11:15:06Z] CHK MOM:0% RANGE:0.05% UP:25% SPREAD:0.05494505% BID:1.82 ASK:1.821 MID:1.8205 P1:1.8205 P2:1.8195 P3:1.8205 P4:1.8205 STATE:IDLE
[2026-05-16 11:15:07Z] CHK MOM:-0.05% RANGE:0.05% UP:20% SPREAD:0.05497526% BID:1.819 ASK:1.82 MID:1.8195 P1:1.8195 P2:1.8205 P3:1.8195 P4:1.8205 STATE:IDLE
[2026-05-16 11:15:07Z] CHK MOM:-0.05% RANGE:0.05% UP:20% SPREAD:0.05497526% BID:1.819 ASK:1.82 MID:1.8195 P1:1.8195 P2:1.8205 P3:1.8195 P4:1.8205 STATE:IDLE
[2026-05-16 11:15:08Z] CHK MOM:-0.05% RANGE:0.05% UP:20% SPREAD:0.05497526% BID:1.819 ASK:1.82 MID:1.8195 P1:1.8195 P2:1.8205 P3:1.8195 P4:1.8205 STATE:IDLE
[2026-05-16 11:15:08Z] CHK MOM:-0.05% RANGE:0.05% UP:20% SPREAD:0.05497526% BID:1.819 ASK:1.82 MID:1.8195 P1:1.8195 P2:1.8205 P3:1.8195 P4:1.8205 STATE:IDLE
[2026-05-16 11:15:09Z] CHK MOM:-0.05% RANGE:0.05% UP:20% SPREAD:0.05497526% BID:1.819 ASK:1.82 MID:1.8195 P1:1.8195 P2:1.8205 P3:1.8195 P4:1.8205 STATE:IDLE
[2026-05-16 11:15:10Z] CHK MOM:-0.05% RANGE:0.05% UP:16.66% SPREAD:0.05497526% BID:1.819 ASK:1.82 MID:1.8195 P1:1.8195 P2:1.8195 P3:1.8205 P4:1.8195 STATE:IDLE
[2026-05-16 11:15:10Z] CHK MOM:-0.05% RANGE:0.05% UP:16.66% SPREAD:0.05497526% BID:1.819 ASK:1.82 MID:1.8195 P1:1.8195 P2:1.8195 P3:1.8205 P4:1.8195 STATE:IDLE
[2026-05-16 11:15:11Z] CHK MOM:-0.05% RANGE:0.05% UP:16.66% SPREAD:0.05497526% BID:1.819 ASK:1.82 MID:1.8195 P1:1.8195 P2:1.8195 P3:1.8205 P4:1.8195 STATE:IDLE
[2026-05-16 11:15:11Z] CHK MOM:-0.05% RANGE:0.05% UP:16.66% SPREAD:0.05497526% BID:1.819 ASK:1.82 MID:1.8195 P1:1.8195 P2:1.8195 P3:1.8205 P4:1.8195 STATE:IDLE
[2026-05-16 11:15:12Z] CHK MOM:-0.05% RANGE:0.05% UP:16.66% SPREAD:0.05497526% BID:1.819 ASK:1.82 MID:1.8195 P1:1.8195 P2:1.8195 P3:1.8205 P4:1.8195 STATE:IDLE
[2026-05-16 11:15:13Z] CHK MOM:0.02% RANGE:0.05% UP:50% SPREAD:0.10995052% BID:1.819 ASK:1.821 MID:1.81999999 P1:1.81999999 P2:1.8195 P3:1.8195 P4:1.8205 STATE:IDLE
[2026-05-16 11:15:13Z] CHK MOM:0.02% RANGE:0.05% UP:50% SPREAD:0.10995052% BID:1.819 ASK:1.821 MID:1.81999999 P1:1.81999999 P2:1.8195 P3:1.8195 P4:1.8205 STATE:IDLE
[2026-05-16 11:15:14Z] CHK MOM:0.02% RANGE:0.05% UP:50% SPREAD:0.10995052% BID:1.819 ASK:1.821 MID:1.81999999 P1:1.81999999 P2:1.8195 P3:1.8195 P4:1.8205 STATE:IDLE
[2026-05-16 11:15:15Z] CHK MOM:0.02% RANGE:0.05% UP:50% SPREAD:0.10995052% BID:1.819 ASK:1.821 MID:1.81999999 P1:1.81999999 P2:1.8195 P3:1.8195 P4:1.8205 STATE:IDLE
[2026-05-16 11:15:15Z] CHK MOM:0% RANGE:0.05% UP:50% SPREAD:0.05494505% BID:1.82 ASK:1.821 MID:1.8205 P1:1.8205 P2:1.81999999 P3:1.8195 P4:1.8195 STATE:IDLE
[2026-05-16 11:15:16Z] CHK MOM:0% RANGE:0.05% UP:50% SPREAD:0.05494505% BID:1.82 ASK:1.821 MID:1.8205 P1:1.8205 P2:1.81999999 P3:1.8195 P4:1.8195 STATE:IDLE
[2026-05-16 11:15:16Z] CHK MOM:0% RANGE:0.05% UP:50% SPREAD:0.05494505% BID:1.82 ASK:1.821 MID:1.8205 P1:1.8205 P2:1.81999999 P3:1.8195 P4:1.8195 STATE:IDLE
[2026-05-16 11:15:17Z] CHK MOM:0% RANGE:0.05% UP:50% SPREAD:0.05494505% BID:1.82 ASK:1.821 MID:1.8205 P1:1.8205 P2:1.81999999 P3:1.8195 P4:1.8195 STATE:IDLE
[2026-05-16 11:15:17Z] CHK MOM:0% RANGE:0.05% UP:50% SPREAD:0.05494505% BID:1.82 ASK:1.821 MID:1.8205 P1:1.8205 P2:1.81999999 P3:1.8195 P4:1.8195 STATE:IDLE
[2026-05-16 11:15:18Z] CHK MOM:0% RANGE:0.05% UP:50% SPREAD:0.05494505% BID:1.82 ASK:1.821 MID:1.8205 P1:1.8205 P2:1.81999999 P3:1.8195 P4:1.8195 STATE:IDLE
[2026-05-16 11:15:21Z] CHK MOM:0.05% RANGE:0.05% UP:66.66% SPREAD:0.05494505% BID:1.82 ASK:1.821 MID:1.8205 P1:1.8205 P2:1.8205 P3:1.81999999 P4:1.8195 STATE:IDLE
[2026-05-16 11:15:21Z] CHK MOM:0.02% RANGE:0.02% UP:33.33% SPREAD:0.05494505% BID:1.82 ASK:1.821 MID:1.8205 P1:1.8205 P2:1.8205 P3:1.8205 P4:1.81999999 STATE:IDLE
[2026-05-16 11:15:22Z] CHK MOM:0.02% RANGE:0.02% UP:25% SPREAD:0.05494505% BID:1.82 ASK:1.821 MID:1.8205 P1:1.8205 P2:1.8205 P3:1.8205 P4:1.8205 STATE:IDLE
[2026-05-16 11:15:22Z] CHK MOM:0.02% RANGE:0.02% UP:25% SPREAD:0.05494505% BID:1.82 ASK:1.821 MID:1.8205 P1:1.8205 P2:1.8205 P3:1.8205 P4:1.8205 STATE:IDLE
[2026-05-16 11:15:23Z] CHK MOM:0.02% RANGE:0.02% UP:25% SPREAD:0.05494505% BID:1.82 ASK:1.821 MID:1.8205 P1:1.8205 P2:1.8205 P3:1.8205 P4:1.8205 STATE:IDLE
[2026-05-16 11:15:23Z] CHK MOM:0.02% RANGE:0.02% UP:25% SPREAD:0.05494505% BID:1.82 ASK:1.821 MID:1.8205 P1:1.8205 P2:1.8205 P3:1.8205 P4:1.8205 STATE:IDLE
[2026-05-16 11:15:24Z] CHK MOM:0.02% RANGE:0.02% UP:25% SPREAD:0.05494505% BID:1.82 ASK:1.821 MID:1.8205 P1:1.8205 P2:1.8205 P3:1.8205 P4:1.8205 STATE:IDLE
[2026-05-16 11:15:24Z] CHK MOM:0.02% RANGE:0.02% UP:25% SPREAD:0.05494505% BID:1.82 ASK:1.821 MID:1.8205 P1:1.8205 P2:1.8205 P3:1.8205 P4:1.8205 STATE:IDLE
[2026-05-16 11:15:48Z] CHK MOM:0% RANGE:0% UP:0% SPREAD:0.05494505% BID:1.82 ASK:1.821 MID:1.8205 P1:1.8205 P2:1.8205 P3:1.8205 P4:1.8205 STATE:IDLE
[2026-05-16 11:15:48Z] CHK MOM:0% RANGE:0% UP:0% SPREAD:0.05494505% BID:1.82 ASK:1.821 MID:1.8205 P1:1.8205 P2:1.8205 P3:1.8205 P4:1.8205 STATE:IDLE
[2026-05-16 11:15:49Z] CHK MOM:0% RANGE:0% UP:0% SPREAD:0.05494505% BID:1.82 ASK:1.821 MID:1.8205 P1:1.8205 P2:1.8205 P3:1.8205 P4:1.8205 STATE:IDLE
[2026-05-16 11:15:49Z] CHK MOM:0% RANGE:0% UP:0% SPREAD:0.05494505% BID:1.82 ASK:1.821 MID:1.8205 P1:1.8205 P2:1.8205 P3:1.8205 P4:1.8205 STATE:IDLE
[2026-05-16 11:15:50Z] CHK MOM:0% RANGE:0% UP:0% SPREAD:0.05494505% BID:1.82 ASK:1.821 MID:1.8205 P1:1.8205 P2:1.8205 P3:1.8205 P4:1.8205 STATE:IDLE
[2026-05-16 11:15:50Z] CHK MOM:0% RANGE:0% UP:0% SPREAD:0.05494505% BID:1.82 ASK:1.821 MID:1.8205 P1:1.8205 P2:1.8205 P3:1.8205 P4:1.8205 STATE:IDLE
[2026-05-16 11:15:51Z] CHK MOM:0% RANGE:0% UP:0% SPREAD:0.05494505% BID:1.82 ASK:1.821 MID:1.8205 P1:1.8205 P2:1.8205 P3:1.8205 P4:1.8205 STATE:IDLE
[2026-05-16 11:15:51Z] CHK MOM:0% RANGE:0% UP:0% SPREAD:0.05494505% BID:1.82 ASK:1.821 MID:1.8205 P1:1.8205 P2:1.8205 P3:1.8205 P4:1.8205 STATE:IDLE
[2026-05-16 11:15:52Z] CHK MOM:0% RANGE:0% UP:0% SPREAD:0.05494505% BID:1.82 ASK:1.821 MID:1.8205 P1:1.8205 P2:1.8205 P3:1.8205 P4:1.8205 STATE:IDLE
[2026-05-16 11:15:53Z] CHK MOM:0% RANGE:0% UP:0% SPREAD:0.05494505% BID:1.82 ASK:1.821 MID:1.8205 P1:1.8205 P2:1.8205 P3:1.8205 P4:1.8205 STATE:IDLE
[2026-05-16 11:15:59Z] CHK MOM:0% RANGE:0% UP:0% SPREAD:0.05494505% BID:1.82 ASK:1.821 MID:1.8205 P1:1.8205 P2:1.8205 P3:1.8205 P4:1.8205 STATE:IDLE
[2026-05-16 11:16:00Z] CHK MOM:0% RANGE:0% UP:0% SPREAD:0.05494505% BID:1.82 ASK:1.821 MID:1.8205 P1:1.8205 P2:1.8205 P3:1.8205 P4:1.8205 STATE:IDLE
[2026-05-16 11:16:00Z] CHK MOM:0% RANGE:0% UP:0% SPREAD:0.05494505% BID:1.82 ASK:1.821 MID:1.8205 P1:1.8205 P2:1.8205 P3:1.8205 P4:1.8205 STATE:IDLE
[2026-05-16 11:16:01Z] CHK MOM:0% RANGE:0% UP:0% SPREAD:0.05494505% BID:1.82 ASK:1.821 MID:1.8205 P1:1.8205 P2:1.8205 P3:1.8205 P4:1.8205 STATE:IDLE
[2026-05-16 11:16:01Z] CHK MOM:0% RANGE:0% UP:0% SPREAD:0.05494505% BID:1.82 ASK:1.821 MID:1.8205 P1:1.8205 P2:1.8205 P3:1.8205 P4:1.8205 STATE:IDLE
[2026-05-16 11:16:06Z] CHK MOM:0% RANGE:0% UP:0% SPREAD:0.05494505% BID:1.82 ASK:1.821 MID:1.8205 P1:1.8205 P2:1.8205 P3:1.8205 P4:1.8205 STATE:IDLE
[2026-05-16 11:16:06Z] CHK MOM:0% RANGE:0% UP:0% SPREAD:0.05494505% BID:1.82 ASK:1.821 MID:1.8205 P1:1.8205 P2:1.8205 P3:1.8205 P4:1.8205 STATE:IDLE
[2026-05-16 11:16:07Z] CHK MOM:0% RANGE:0% UP:0% SPREAD:0.05494505% BID:1.82 ASK:1.821 MID:1.8205 P1:1.8205 P2:1.8205 P3:1.8205 P4:1.8205 STATE:IDLE
[2026-05-16 11:16:07Z] CHK MOM:0% RANGE:0% UP:0% SPREAD:0.05494505% BID:1.82 ASK:1.821 MID:1.8205 P1:1.8205 P2:1.8205 P3:1.8205 P4:1.8205 STATE:IDLE
[2026-05-16 11:16:08Z] CHK MOM:0% RANGE:0% UP:0% SPREAD:0.05494505% BID:1.82 ASK:1.821 MID:1.8205 P1:1.8205 P2:1.8205 P3:1.8205 P4:1.8205 STATE:IDLE
[2026-05-16 11:16:08Z] CHK MOM:0% RANGE:0% UP:0% SPREAD:0.05494505% BID:1.82 ASK:1.821 MID:1.8205 P1:1.8205 P2:1.8205 P3:1.8205 P4:1.8205 STATE:IDLE
[2026-05-16 11:16:09Z] CHK MOM:0% RANGE:0% UP:0% SPREAD:0.05494505% BID:1.82 ASK:1.821 MID:1.8205 P1:1.8205 P2:1.8205 P3:1.8205 P4:1.8205 STATE:IDLE
[2026-05-16 11:16:09Z] CHK MOM:0% RANGE:0% UP:0% SPREAD:0.05494505% BID:1.82 ASK:1.821 MID:1.8205 P1:1.8205 P2:1.8205 P3:1.8205 P4:1.8205 STATE:IDLE
[2026-05-16 11:16:10Z] CHK MOM:0% RANGE:0% UP:0% SPREAD:0.05494505% BID:1.82 ASK:1.821 MID:1.8205 P1:1.8205 P2:1.8205 P3:1.8205 P4:1.8205 STATE:IDLE
[2026-05-16 11:16:10Z] CHK MOM:0% RANGE:0% UP:0% SPREAD:0.05494505% BID:1.82 ASK:1.821 MID:1.8205 P1:1.8205 P2:1.8205 P3:1.8205 P4:1.8205 STATE:IDLE
[2026-05-16 11:16:11Z] CHK MOM:0% RANGE:0% UP:0% SPREAD:0.05494505% BID:1.82 ASK:1.821 MID:1.8205 P1:1.8205 P2:1.8205 P3:1.8205 P4:1.8205 STATE:IDLE
[2026-05-16 11:16:12Z] CHK MOM:0% RANGE:0% UP:0% SPREAD:0.05494505% BID:1.82 ASK:1.821 MID:1.8205 P1:1.8205 P2:1.8205 P3:1.8205 P4:1.8205 STATE:IDLE
[2026-05-16 11:16:12Z] CHK MOM:0% RANGE:0% UP:0% SPREAD:0.05494505% BID:1.82 ASK:1.821 MID:1.8205 P1:1.8205 P2:1.8205 P3:1.8205 P4:1.8205 STATE:IDLE
[2026-05-16 11:16:13Z] CHK MOM:0% RANGE:0% UP:0% SPREAD:0.05494505% BID:1.82 ASK:1.821 MID:1.8205 P1:1.8205 P2:1.8205 P3:1.8205 P4:1.8205 STATE:IDLE
[2026-05-16 11:16:13Z] CHK MOM:0% RANGE:0% UP:0% SPREAD:0.05494505% BID:1.82 ASK:1.821 MID:1.8205 P1:1.8205 P2:1.8205 P3:1.8205 P4:1.8205 STATE:IDLE
[2026-05-16 11:16:14Z] CHK MOM:0% RANGE:0% UP:0% SPREAD:0.05494505% BID:1.82 ASK:1.821 MID:1.8205 P1:1.8205 P2:1.8205 P3:1.8205 P4:1.8205 STATE:IDLE
[2026-05-16 11:16:14Z] CHK MOM:0% RANGE:0% UP:0% SPREAD:0.05494505% BID:1.82 ASK:1.821 MID:1.8205 P1:1.8205 P2:1.8205 P3:1.8205 P4:1.8205 STATE:IDLE
[2026-05-16 11:16:15Z] CHK MOM:0% RANGE:0% UP:0% SPREAD:0.05494505% BID:1.82 ASK:1.821 MID:1.8205 P1:1.8205 P2:1.8205 P3:1.8205 P4:1.8205 STATE:IDLE
[2026-05-16 11:16:15Z] CHK MOM:0% RANGE:0% UP:0% SPREAD:0.05494505% BID:1.82 ASK:1.821 MID:1.8205 P1:1.8205 P2:1.8205 P3:1.8205 P4:1.8205 STATE:IDLE
[2026-05-16 11:16:16Z] CHK MOM:0% RANGE:0% UP:0% SPREAD:0.05494505% BID:1.82 ASK:1.821 MID:1.8205 P1:1.8205 P2:1.8205 P3:1.8205 P4:1.8205 STATE:IDLE
[2026-05-16 11:16:23Z] CHK MOM:0% RANGE:0% UP:0% SPREAD:0.05494505% BID:1.82 ASK:1.821 MID:1.8205 P1:1.8205 P2:1.8205 P3:1.8205 P4:1.8205 STATE:IDLE
[2026-05-16 11:16:23Z] CHK MOM:0.05% RANGE:0.05% UP:25% SPREAD:0.05491488% BID:1.821 ASK:1.822 MID:1.8215 P1:1.8215 P2:1.8205 P3:1.8205 P4:1.8205 STATE:IDLE
[2026-05-16 11:16:24Z] CHK MOM:0.05% RANGE:0.05% UP:25% SPREAD:0.05491488% BID:1.821 ASK:1.822 MID:1.8215 P1:1.8215 P2:1.8205 P3:1.8205 P4:1.8205 STATE:IDLE
[2026-05-16 11:16:24Z] CHK MOM:0.05% RANGE:0.05% UP:25% SPREAD:0.05491488% BID:1.821 ASK:1.822 MID:1.8215 P1:1.8215 P2:1.8205 P3:1.8205 P4:1.8205 STATE:IDLE
[2026-05-16 11:16:25Z] CHK MOM:0.05% RANGE:0.05% UP:25% SPREAD:0.05491488% BID:1.821 ASK:1.822 MID:1.8215 P1:1.8215 P2:1.8205 P3:1.8205 P4:1.8205 STATE:IDLE
[2026-05-16 11:16:25Z] CHK MOM:0.05% RANGE:0.05% UP:25% SPREAD:0.05491488% BID:1.821 ASK:1.822 MID:1.8215 P1:1.8215 P2:1.8205 P3:1.8205 P4:1.8205 STATE:IDLE
[2026-05-16 11:16:26Z] CHK MOM:0.05% RANGE:0.05% UP:25% SPREAD:0.05491488% BID:1.821 ASK:1.822 MID:1.8215 P1:1.8215 P2:1.8205 P3:1.8205 P4:1.8205 STATE:IDLE
[2026-05-16 11:16:31Z] CHK MOM:0.05% RANGE:0.05% UP:50% SPREAD:0.05491488% BID:1.821 ASK:1.822 MID:1.8215 P1:1.8215 P2:1.8215 P3:1.8205 P4:1.8205 STATE:IDLE
[2026-05-16 11:16:31Z] CHK MOM:0.05% RANGE:0.05% UP:50% SPREAD:0.05491488% BID:1.821 ASK:1.822 MID:1.8215 P1:1.8215 P2:1.8215 P3:1.8205 P4:1.8205 STATE:IDLE
[2026-05-16 11:16:32Z] CHK MOM:0.05% RANGE:0.05% UP:50% SPREAD:0.05491488% BID:1.821 ASK:1.822 MID:1.8215 P1:1.8215 P2:1.8215 P3:1.8205 P4:1.8205 STATE:IDLE
[2026-05-16 11:16:32Z] CHK MOM:0.05% RANGE:0.05% UP:50% SPREAD:0.05491488% BID:1.821 ASK:1.822 MID:1.8215 P1:1.8215 P2:1.8215 P3:1.8205 P4:1.8205 STATE:IDLE
[2026-05-16 11:16:33Z] CHK MOM:0.05% RANGE:0.05% UP:33.33% SPREAD:0.05491488% BID:1.821 ASK:1.822 MID:1.8215 P1:1.8215 P2:1.8215 P3:1.8215 P4:1.8205 STATE:IDLE
[2026-05-16 11:16:33Z] CHK MOM:0.05% RANGE:0.05% UP:33.33% SPREAD:0.05491488% BID:1.821 ASK:1.822 MID:1.8215 P1:1.8215 P2:1.8215 P3:1.8215 P4:1.8205 STATE:IDLE
[2026-05-16 11:16:34Z] CHK MOM:0.05% RANGE:0.05% UP:25% SPREAD:0.05491488% BID:1.821 ASK:1.822 MID:1.8215 P1:1.8215 P2:1.8215 P3:1.8215 P4:1.8215 STATE:IDLE
[2026-05-16 11:16:34Z] CHK MOM:0% RANGE:0.05% UP:20% SPREAD:0.05494505% BID:1.82 ASK:1.821 MID:1.8205 P1:1.8205 P2:1.8215 P3:1.8215 P4:1.8215 STATE:IDLE
[2026-05-16 11:16:35Z] CHK MOM:0% RANGE:0.05% UP:20% SPREAD:0.05494505% BID:1.82 ASK:1.821 MID:1.8205 P1:1.8205 P2:1.8215 P3:1.8215 P4:1.8215 STATE:IDLE
[2026-05-16 11:16:35Z] TOKEN_SWITCH old=RENDERUSDC new=UNIUSDC source=.service.env
[2026-05-16 11:44:56Z] SESSION_START symbol=RENDERUSDC dry_run=0 profile=major strategy=momentum base_url=https://api.binance.com
[2026-05-16 11:44:56Z] TOXIC_MEMORY_LOADED count=1 symbols=ORDIUSDC
[2026-05-16 11:45:03Z] CHK MOM:0% RANGE:0% UP:0% SPREAD:0.05488474% BID:1.822 ASK:1.823 MID:1.8225 P1:1.8225 P2:NA P3:NA P4:NA STATE:IDLE
[2026-05-16 11:45:03Z] CHK MOM:0% RANGE:0% UP:0% SPREAD:0.05488474% BID:1.822 ASK:1.823 MID:1.8225 P1:1.8225 P2:NA P3:NA P4:NA STATE:IDLE
[2026-05-16 11:45:04Z] CHK MOM:0% RANGE:0% UP:0% SPREAD:0.05488474% BID:1.822 ASK:1.823 MID:1.8225 P1:1.8225 P2:NA P3:NA P4:NA STATE:IDLE
[2026-05-16 11:45:04Z] CHK MOM:0% RANGE:0% UP:0% SPREAD:0.05488474% BID:1.822 ASK:1.823 MID:1.8225 P1:1.8225 P2:NA P3:NA P4:NA STATE:IDLE
[2026-05-16 11:45:05Z] CHK MOM:0% RANGE:0% UP:0% SPREAD:0.05488474% BID:1.822 ASK:1.823 MID:1.8225 P1:1.8225 P2:NA P3:NA P4:NA STATE:IDLE
[2026-05-16 11:45:05Z] CHK MOM:0% RANGE:0% UP:0% SPREAD:0.05488474% BID:1.822 ASK:1.823 MID:1.8225 P1:1.8225 P2:1.8225 P3:NA P4:NA STATE:IDLE
[2026-05-16 11:45:06Z] CHK MOM:0% RANGE:0% UP:0% SPREAD:0.05488474% BID:1.822 ASK:1.823 MID:1.8225 P1:1.8225 P2:1.8225 P3:1.8225 P4:NA STATE:IDLE
[2026-05-16 11:45:06Z] CHK MOM:0% RANGE:0% UP:0% SPREAD:0.05488474% BID:1.822 ASK:1.823 MID:1.8225 P1:1.8225 P2:1.8225 P3:1.8225 P4:NA STATE:IDLE
[2026-05-16 11:45:07Z] CHK MOM:0% RANGE:0% UP:0% SPREAD:0.05488474% BID:1.822 ASK:1.823 MID:1.8225 P1:1.8225 P2:1.8225 P3:1.8225 P4:NA STATE:IDLE
[2026-05-16 11:45:07Z] CHK MOM:0% RANGE:0% UP:0% SPREAD:0.05488474% BID:1.822 ASK:1.823 MID:1.8225 P1:1.8225 P2:1.8225 P3:1.8225 P4:NA STATE:IDLE
[2026-05-16 11:45:08Z] CHK MOM:0% RANGE:0% UP:0% SPREAD:0.05488474% BID:1.822 ASK:1.823 MID:1.8225 P1:1.8225 P2:1.8225 P3:1.8225 P4:1.8225 STATE:IDLE
[2026-05-16 11:45:09Z] CHK MOM:0% RANGE:0% UP:0% SPREAD:0.05488474% BID:1.822 ASK:1.823 MID:1.8225 P1:1.8225 P2:1.8225 P3:1.8225 P4:1.8225 STATE:IDLE
[2026-05-16 11:45:09Z] CHK MOM:0% RANGE:0% UP:0% SPREAD:0.05488474% BID:1.822 ASK:1.823 MID:1.8225 P1:1.8225 P2:1.8225 P3:1.8225 P4:1.8225 STATE:IDLE
[2026-05-16 11:45:10Z] CHK MOM:0% RANGE:0% UP:0% SPREAD:0.05488474% BID:1.822 ASK:1.823 MID:1.8225 P1:1.8225 P2:1.8225 P3:1.8225 P4:1.8225 STATE:IDLE
[2026-05-16 11:45:10Z] CHK MOM:0% RANGE:0% UP:0% SPREAD:0.05488474% BID:1.822 ASK:1.823 MID:1.8225 P1:1.8225 P2:1.8225 P3:1.8225 P4:1.8225 STATE:IDLE
[2026-05-16 11:45:11Z] CHK MOM:0% RANGE:0% UP:0% SPREAD:0.05488474% BID:1.822 ASK:1.823 MID:1.8225 P1:1.8225 P2:1.8225 P3:1.8225 P4:1.8225 STATE:IDLE
[2026-05-16 11:45:11Z] CHK MOM:0% RANGE:0% UP:0% SPREAD:0.05488474% BID:1.822 ASK:1.823 MID:1.8225 P1:1.8225 P2:1.8225 P3:1.8225 P4:1.8225 STATE:IDLE
[2026-05-16 11:45:22Z] CHK MOM:0% RANGE:0% UP:0% SPREAD:0.05488474% BID:1.822 ASK:1.823 MID:1.8225 P1:1.8225 P2:1.8225 P3:1.8225 P4:1.8225 STATE:IDLE
[2026-05-16 11:45:22Z] CHK MOM:0% RANGE:0% UP:0% SPREAD:0.05488474% BID:1.822 ASK:1.823 MID:1.8225 P1:1.8225 P2:1.8225 P3:1.8225 P4:1.8225 STATE:IDLE
[2026-05-16 11:45:23Z] CHK MOM:0% RANGE:0% UP:0% SPREAD:0.05488474% BID:1.822 ASK:1.823 MID:1.8225 P1:1.8225 P2:1.8225 P3:1.8225 P4:1.8225 STATE:IDLE
[2026-05-16 11:45:23Z] CHK MOM:0% RANGE:0% UP:0% SPREAD:0.05488474% BID:1.822 ASK:1.823 MID:1.8225 P1:1.8225 P2:1.8225 P3:1.8225 P4:1.8225 STATE:IDLE
[2026-05-16 11:45:24Z] CHK MOM:0% RANGE:0% UP:0% SPREAD:0.05488474% BID:1.822 ASK:1.823 MID:1.8225 P1:1.8225 P2:1.8225 P3:1.8225 P4:1.8225 STATE:IDLE
[2026-05-16 11:45:24Z] CHK MOM:0% RANGE:0% UP:0% SPREAD:0.05488474% BID:1.822 ASK:1.823 MID:1.8225 P1:1.8225 P2:1.8225 P3:1.8225 P4:1.8225 STATE:IDLE
[2026-05-16 11:45:25Z] CHK MOM:0% RANGE:0% UP:0% SPREAD:0.05488474% BID:1.822 ASK:1.823 MID:1.8225 P1:1.8225 P2:1.8225 P3:1.8225 P4:1.8225 STATE:IDLE
[2026-05-16 11:45:25Z] CHK MOM:0% RANGE:0% UP:0% SPREAD:0.05488474% BID:1.822 ASK:1.823 MID:1.8225 P1:1.8225 P2:1.8225 P3:1.8225 P4:1.8225 STATE:IDLE
[2026-05-16 11:45:26Z] CHK MOM:0% RANGE:0% UP:0% SPREAD:0.05488474% BID:1.822 ASK:1.823 MID:1.8225 P1:1.8225 P2:1.8225 P3:1.8225 P4:1.8225 STATE:IDLE
[2026-05-16 11:45:26Z] CHK MOM:0% RANGE:0% UP:0% SPREAD:0.05488474% BID:1.822 ASK:1.823 MID:1.8225 P1:1.8225 P2:1.8225 P3:1.8225 P4:1.8225 STATE:IDLE
[2026-05-16 11:45:27Z] CHK MOM:0% RANGE:0% UP:0% SPREAD:0.05488474% BID:1.822 ASK:1.823 MID:1.8225 P1:1.8225 P2:1.8225 P3:1.8225 P4:1.8225 STATE:IDLE
[2026-05-16 11:45:28Z] CHK MOM:0.05% RANGE:0.05% UP:50% SPREAD:0.05485463% BID:1.823 ASK:1.824 MID:1.8235 P1:1.8235 P2:1.8225 P3:1.8225 P4:1.8225 STATE:IDLE
[2026-05-16 11:45:28Z] CHK MOM:0.05% RANGE:0.05% UP:50% SPREAD:0.05485463% BID:1.823 ASK:1.824 MID:1.8235 P1:1.8235 P2:1.8225 P3:1.8225 P4:1.8225 STATE:IDLE
[2026-05-16 11:45:29Z] CHK MOM:0.05% RANGE:0.05% UP:50% SPREAD:0.05485463% BID:1.823 ASK:1.824 MID:1.8235 P1:1.8235 P2:1.8225 P3:1.8225 P4:1.8225 STATE:IDLE
[2026-05-16 11:45:29Z] CHK MOM:0.05% RANGE:0.05% UP:50% SPREAD:0.05485463% BID:1.823 ASK:1.824 MID:1.8235 P1:1.8235 P2:1.8225 P3:1.8225 P4:1.8225 STATE:IDLE
[2026-05-16 11:45:30Z] CHK MOM:0.05% RANGE:0.05% UP:50% SPREAD:0.05485463% BID:1.823 ASK:1.824 MID:1.8235 P1:1.8235 P2:1.8225 P3:1.8225 P4:1.8225 STATE:IDLE
[2026-05-16 11:45:37Z] CHK MOM:0.05% RANGE:0.05% UP:50% SPREAD:0.05485463% BID:1.823 ASK:1.824 MID:1.8235 P1:1.8235 P2:1.8235 P3:1.8225 P4:1.8225 STATE:IDLE
[2026-05-16 11:45:37Z] CHK MOM:0.05% RANGE:0.05% UP:50% SPREAD:0.05485463% BID:1.823 ASK:1.824 MID:1.8235 P1:1.8235 P2:1.8235 P3:1.8225 P4:1.8225 STATE:IDLE
[2026-05-16 11:45:38Z] CHK MOM:0.05% RANGE:0.05% UP:50% SPREAD:0.05485463% BID:1.823 ASK:1.824 MID:1.8235 P1:1.8235 P2:1.8235 P3:1.8225 P4:1.8225 STATE:IDLE
[2026-05-16 11:45:38Z] CHK MOM:0.05% RANGE:0.05% UP:50% SPREAD:0.05485463% BID:1.823 ASK:1.824 MID:1.8235 P1:1.8235 P2:1.8235 P3:1.8225 P4:1.8225 STATE:IDLE
[2026-05-16 11:45:39Z] CHK MOM:0.05% RANGE:0.05% UP:50% SPREAD:0.05485463% BID:1.823 ASK:1.824 MID:1.8235 P1:1.8235 P2:1.8235 P3:1.8225 P4:1.8225 STATE:IDLE
[2026-05-16 11:45:48Z] CHK MOM:0% RANGE:0% UP:0% SPREAD:0.05485463% BID:1.823 ASK:1.824 MID:1.8235 P1:1.8235 P2:1.8235 P3:1.8235 P4:1.8225 STATE:IDLE
[2026-05-16 11:45:48Z] CHK MOM:0% RANGE:0% UP:0% SPREAD:0.05485463% BID:1.823 ASK:1.824 MID:1.8235 P1:1.8235 P2:1.8235 P3:1.8235 P4:1.8225 STATE:IDLE
[2026-05-16 11:45:49Z] CHK MOM:0% RANGE:0% UP:0% SPREAD:0.05485463% BID:1.823 ASK:1.824 MID:1.8235 P1:1.8235 P2:1.8235 P3:1.8235 P4:1.8225 STATE:IDLE
[2026-05-16 11:45:49Z] CHK MOM:0% RANGE:0% UP:0% SPREAD:0.05485463% BID:1.823 ASK:1.824 MID:1.8235 P1:1.8235 P2:1.8235 P3:1.8235 P4:1.8225 STATE:IDLE
[2026-05-16 11:45:50Z] CHK MOM:0% RANGE:0% UP:0% SPREAD:0.05485463% BID:1.823 ASK:1.824 MID:1.8235 P1:1.8235 P2:1.8235 P3:1.8235 P4:1.8225 STATE:IDLE
[2026-05-16 11:46:01Z] CHK MOM:0% RANGE:0% UP:0% SPREAD:0.05485463% BID:1.823 ASK:1.824 MID:1.8235 P1:1.8235 P2:1.8235 P3:1.8235 P4:1.8235 STATE:IDLE
[2026-05-16 11:46:01Z] CHK MOM:0% RANGE:0% UP:0% SPREAD:0.05485463% BID:1.823 ASK:1.824 MID:1.8235 P1:1.8235 P2:1.8235 P3:1.8235 P4:1.8235 STATE:IDLE
[2026-05-16 11:46:02Z] CHK MOM:0% RANGE:0% UP:0% SPREAD:0.05485463% BID:1.823 ASK:1.824 MID:1.8235 P1:1.8235 P2:1.8235 P3:1.8235 P4:1.8235 STATE:IDLE
[2026-05-16 11:46:02Z] CHK MOM:0% RANGE:0% UP:0% SPREAD:0.05485463% BID:1.823 ASK:1.824 MID:1.8235 P1:1.8235 P2:1.8235 P3:1.8235 P4:1.8235 STATE:IDLE
[2026-05-16 11:46:03Z] CHK MOM:0% RANGE:0% UP:0% SPREAD:0.05485463% BID:1.823 ASK:1.824 MID:1.8235 P1:1.8235 P2:1.8235 P3:1.8235 P4:1.8235 STATE:IDLE
[2026-05-16 11:46:08Z] CHK MOM:0% RANGE:0% UP:0% SPREAD:0.05485463% BID:1.823 ASK:1.824 MID:1.8235 P1:1.8235 P2:1.8235 P3:1.8235 P4:1.8235 STATE:IDLE
[2026-05-16 11:46:09Z] CHK MOM:0% RANGE:0% UP:0% SPREAD:0.05485463% BID:1.823 ASK:1.824 MID:1.8235 P1:1.8235 P2:1.8235 P3:1.8235 P4:1.8235 STATE:IDLE
[2026-05-16 11:46:09Z] CHK MOM:0% RANGE:0% UP:0% SPREAD:0.05485463% BID:1.823 ASK:1.824 MID:1.8235 P1:1.8235 P2:1.8235 P3:1.8235 P4:1.8235 STATE:IDLE
[2026-05-16 11:46:10Z] CHK MOM:0% RANGE:0% UP:0% SPREAD:0.05485463% BID:1.823 ASK:1.824 MID:1.8235 P1:1.8235 P2:1.8235 P3:1.8235 P4:1.8235 STATE:IDLE
[2026-05-16 11:46:10Z] CHK MOM:0% RANGE:0% UP:0% SPREAD:0.05485463% BID:1.823 ASK:1.824 MID:1.8235 P1:1.8235 P2:1.8235 P3:1.8235 P4:1.8235 STATE:IDLE
[2026-05-16 11:46:20Z] CHK MOM:0% RANGE:0% UP:0% SPREAD:0.05485463% BID:1.823 ASK:1.824 MID:1.8235 P1:1.8235 P2:1.8235 P3:1.8235 P4:1.8235 STATE:IDLE
[2026-05-16 11:46:20Z] CHK MOM:0% RANGE:0% UP:0% SPREAD:0.05485463% BID:1.823 ASK:1.824 MID:1.8235 P1:1.8235 P2:1.8235 P3:1.8235 P4:1.8235 STATE:IDLE
[2026-05-16 11:46:21Z] CHK MOM:0% RANGE:0% UP:0% SPREAD:0.05485463% BID:1.823 ASK:1.824 MID:1.8235 P1:1.8235 P2:1.8235 P3:1.8235 P4:1.8235 STATE:IDLE
[2026-05-16 11:46:21Z] CHK MOM:0% RANGE:0% UP:0% SPREAD:0.05485463% BID:1.823 ASK:1.824 MID:1.8235 P1:1.8235 P2:1.8235 P3:1.8235 P4:1.8235 STATE:IDLE
[2026-05-16 11:46:22Z] CHK MOM:0% RANGE:0% UP:0% SPREAD:0.05485463% BID:1.823 ASK:1.824 MID:1.8235 P1:1.8235 P2:1.8235 P3:1.8235 P4:1.8235 STATE:IDLE
[2026-05-16 11:46:23Z] CHK MOM:0% RANGE:0% UP:0% SPREAD:0.05485463% BID:1.823 ASK:1.824 MID:1.8235 P1:1.8235 P2:1.8235 P3:1.8235 P4:1.8235 STATE:IDLE
[2026-05-16 11:46:23Z] CHK MOM:0% RANGE:0% UP:0% SPREAD:0.05485463% BID:1.823 ASK:1.824 MID:1.8235 P1:1.8235 P2:1.8235 P3:1.8235 P4:1.8235 STATE:IDLE
[2026-05-16 11:46:24Z] CHK MOM:0% RANGE:0% UP:0% SPREAD:0.05485463% BID:1.823 ASK:1.824 MID:1.8235 P1:1.8235 P2:1.8235 P3:1.8235 P4:1.8235 STATE:IDLE
[2026-05-16 11:46:24Z] CHK MOM:0% RANGE:0% UP:0% SPREAD:0.05485463% BID:1.823 ASK:1.824 MID:1.8235 P1:1.8235 P2:1.8235 P3:1.8235 P4:1.8235 STATE:IDLE
[2026-05-16 11:46:25Z] CHK MOM:0% RANGE:0% UP:0% SPREAD:0.05485463% BID:1.823 ASK:1.824 MID:1.8235 P1:1.8235 P2:1.8235 P3:1.8235 P4:1.8235 STATE:IDLE
[2026-05-16 11:46:25Z] CHK MOM:0% RANGE:0% UP:0% SPREAD:0.05485463% BID:1.823 ASK:1.824 MID:1.8235 P1:1.8235 P2:1.8235 P3:1.8235 P4:1.8235 STATE:IDLE
[2026-05-16 11:46:33Z] CHK MOM:0% RANGE:0% UP:0% SPREAD:0.05485463% BID:1.823 ASK:1.824 MID:1.8235 P1:1.8235 P2:1.8235 P3:1.8235 P4:1.8235 STATE:IDLE
[2026-05-16 11:46:33Z] CHK MOM:0% RANGE:0% UP:0% SPREAD:0.05485463% BID:1.823 ASK:1.824 MID:1.8235 P1:1.8235 P2:1.8235 P3:1.8235 P4:1.8235 STATE:IDLE
[2026-05-16 11:46:34Z] CHK MOM:0% RANGE:0% UP:0% SPREAD:0.05485463% BID:1.823 ASK:1.824 MID:1.8235 P1:1.8235 P2:1.8235 P3:1.8235 P4:1.8235 STATE:IDLE
[2026-05-16 11:46:34Z] CHK MOM:0% RANGE:0% UP:0% SPREAD:0.05485463% BID:1.823 ASK:1.824 MID:1.8235 P1:1.8235 P2:1.8235 P3:1.8235 P4:1.8235 STATE:IDLE
[2026-05-16 11:46:35Z] CHK MOM:0% RANGE:0% UP:0% SPREAD:0.05485463% BID:1.823 ASK:1.824 MID:1.8235 P1:1.8235 P2:1.8235 P3:1.8235 P4:1.8235 STATE:IDLE
[2026-05-16 11:46:45Z] CHK MOM:0% RANGE:0% UP:0% SPREAD:0.05485463% BID:1.823 ASK:1.824 MID:1.8235 P1:1.8235 P2:1.8235 P3:1.8235 P4:1.8235 STATE:IDLE
[2026-05-16 11:46:46Z] CHK MOM:0% RANGE:0% UP:0% SPREAD:0.05485463% BID:1.823 ASK:1.824 MID:1.8235 P1:1.8235 P2:1.8235 P3:1.8235 P4:1.8235 STATE:IDLE
[2026-05-16 11:46:46Z] CHK MOM:0% RANGE:0% UP:0% SPREAD:0.05485463% BID:1.823 ASK:1.824 MID:1.8235 P1:1.8235 P2:1.8235 P3:1.8235 P4:1.8235 STATE:IDLE
[2026-05-16 11:46:47Z] CHK MOM:0% RANGE:0% UP:0% SPREAD:0.05485463% BID:1.823 ASK:1.824 MID:1.8235 P1:1.8235 P2:1.8235 P3:1.8235 P4:1.8235 STATE:IDLE
[2026-05-16 11:46:47Z] CHK MOM:0% RANGE:0% UP:0% SPREAD:0.05485463% BID:1.823 ASK:1.824 MID:1.8235 P1:1.8235 P2:1.8235 P3:1.8235 P4:1.8235 STATE:IDLE
[2026-05-16 11:46:48Z] CHK MOM:0% RANGE:0% UP:0% SPREAD:0.05485463% BID:1.823 ASK:1.824 MID:1.8235 P1:1.8235 P2:1.8235 P3:1.8235 P4:1.8235 STATE:IDLE
[2026-05-16 11:46:54Z] CHK MOM:0% RANGE:0% UP:0% SPREAD:0.05485463% BID:1.823 ASK:1.824 MID:1.8235 P1:1.8235 P2:1.8235 P3:1.8235 P4:1.8235 STATE:IDLE
[2026-05-16 11:46:54Z] TOKEN_SWITCH old=RENDERUSDC new=FETUSDC source=.service.env
