[2026-05-11 22:47:00Z] SESSION_START symbol=RUNEUSDC dry_run=0 profile=major strategy=momentum base_url=https://api.binance.com
[2026-05-11 22:47:00Z] TOXIC_MEMORY_LOADED count=4 symbols=GUNUSDC,JTOUSDC,ORDIUSDC,SAHARAUSDC
[2026-05-11 22:47:02Z] CHK MOM:0% RANGE:0% UP:0% SPREAD:0.15948963% BID:0.627 ASK:0.628 MID:0.6275 P1:0.6275 P2:NA P3:NA P4:NA STATE:IDLE
[2026-05-11 22:47:02Z] CHK MOM:0% RANGE:0% UP:0% SPREAD:0.15948963% BID:0.627 ASK:0.628 MID:0.6275 P1:0.6275 P2:NA P3:NA P4:NA STATE:IDLE
[2026-05-11 22:47:03Z] CHK MOM:0% RANGE:0% UP:0% SPREAD:0.15948963% BID:0.627 ASK:0.628 MID:0.6275 P1:0.6275 P2:NA P3:NA P4:NA STATE:IDLE
[2026-05-11 22:47:03Z] CHK MOM:0% RANGE:0% UP:0% SPREAD:0.15948963% BID:0.627 ASK:0.628 MID:0.6275 P1:0.6275 P2:NA P3:NA P4:NA STATE:IDLE
[2026-05-11 22:47:04Z] CHK MOM:0% RANGE:0% UP:0% SPREAD:0.15948963% BID:0.627 ASK:0.628 MID:0.6275 P1:0.6275 P2:NA P3:NA P4:NA STATE:IDLE
[2026-05-11 22:47:04Z] CHK MOM:0% RANGE:0% UP:0% SPREAD:0.15948963% BID:0.627 ASK:0.628 MID:0.6275 P1:0.6275 P2:0.6275 P3:NA P4:NA STATE:IDLE
[2026-05-11 22:47:05Z] CHK MOM:0% RANGE:0% UP:0% SPREAD:0.15948963% BID:0.627 ASK:0.628 MID:0.6275 P1:0.6275 P2:0.6275 P3:0.6275 P4:NA STATE:IDLE
[2026-05-11 22:47:05Z] CHK MOM:0% RANGE:0% UP:0% SPREAD:0.15948963% BID:0.627 ASK:0.628 MID:0.6275 P1:0.6275 P2:0.6275 P3:0.6275 P4:NA STATE:IDLE
[2026-05-11 22:47:06Z] CHK MOM:0% RANGE:0% UP:0% SPREAD:0.15948963% BID:0.627 ASK:0.628 MID:0.6275 P1:0.6275 P2:0.6275 P3:0.6275 P4:NA STATE:IDLE
[2026-05-11 22:47:06Z] CHK MOM:0.15% RANGE:0.15% UP:33.33% SPREAD:0.15923566% BID:0.628 ASK:0.629 MID:0.6285 P1:0.6285 P2:0.6275 P3:0.6275 P4:0.6275 STATE:IDLE
[2026-05-11 22:47:07Z] CHK MOM:0.07% RANGE:0.15% UP:25% SPREAD:0.31897926% BID:0.627 ASK:0.629 MID:0.628 P1:0.628 P2:0.6285 P3:0.6275 P4:0.6275 STATE:IDLE
[2026-05-11 22:47:08Z] CHK MOM:0.07% RANGE:0.15% UP:20% SPREAD:0.31897926% BID:0.627 ASK:0.629 MID:0.628 P1:0.628 P2:0.628 P3:0.6285 P4:0.6275 STATE:IDLE
[2026-05-11 22:47:08Z] CHK MOM:0.07% RANGE:0.15% UP:20% SPREAD:0.31897926% BID:0.627 ASK:0.629 MID:0.628 P1:0.628 P2:0.628 P3:0.6285 P4:0.6275 STATE:IDLE
[2026-05-11 22:47:09Z] CHK MOM:0.07% RANGE:0.15% UP:16.66% SPREAD:0.31897926% BID:0.627 ASK:0.629 MID:0.628 P1:0.628 P2:0.628 P3:0.628 P4:0.6285 STATE:IDLE
[2026-05-11 22:47:09Z] CHK MOM:0.07% RANGE:0.15% UP:14.28% SPREAD:0.31897926% BID:0.627 ASK:0.629 MID:0.628 P1:0.628 P2:0.628 P3:0.628 P4:0.628 STATE:IDLE
[2026-05-11 22:47:10Z] CHK MOM:0.07% RANGE:0.15% UP:14.28% SPREAD:0.31897926% BID:0.627 ASK:0.629 MID:0.628 P1:0.628 P2:0.628 P3:0.628 P4:0.628 STATE:IDLE
[2026-05-11 22:47:10Z] CHK MOM:0.07% RANGE:0.15% UP:14.28% SPREAD:0.31897926% BID:0.627 ASK:0.629 MID:0.628 P1:0.628 P2:0.628 P3:0.628 P4:0.628 STATE:IDLE
[2026-05-11 22:47:11Z] CHK MOM:0.07% RANGE:0.15% UP:14.28% SPREAD:0.31897926% BID:0.627 ASK:0.629 MID:0.628 P1:0.628 P2:0.628 P3:0.628 P4:0.628 STATE:IDLE
[2026-05-11 22:47:11Z] CHK MOM:0.15% RANGE:0.15% UP:25% SPREAD:0.15923566% BID:0.628 ASK:0.629 MID:0.6285 P1:0.6285 P2:0.628 P3:0.628 P4:0.628 STATE:IDLE
[2026-05-11 22:47:12Z] CHK MOM:0.15% RANGE:0.15% UP:22.22% SPREAD:0.15923566% BID:0.628 ASK:0.629 MID:0.6285 P1:0.6285 P2:0.6285 P3:0.628 P4:0.628 STATE:IDLE
[2026-05-11 22:47:13Z] CHK MOM:0.15% RANGE:0.15% UP:22.22% SPREAD:0.15923566% BID:0.628 ASK:0.629 MID:0.6285 P1:0.6285 P2:0.6285 P3:0.628 P4:0.628 STATE:IDLE
[2026-05-11 22:47:13Z] CHK MOM:0.15% RANGE:0.15% UP:20% SPREAD:0.15923566% BID:0.628 ASK:0.629 MID:0.6285 P1:0.6285 P2:0.6285 P3:0.6285 P4:0.628 STATE:IDLE
[2026-05-11 22:47:14Z] CHK MOM:0.15% RANGE:0.15% UP:20% SPREAD:0.15923566% BID:0.628 ASK:0.629 MID:0.6285 P1:0.6285 P2:0.6285 P3:0.6285 P4:0.628 STATE:IDLE
[2026-05-11 22:47:14Z] CHK MOM:0.15% RANGE:0.15% UP:20% SPREAD:0.15923566% BID:0.628 ASK:0.629 MID:0.6285 P1:0.6285 P2:0.6285 P3:0.6285 P4:0.6285 STATE:IDLE
[2026-05-11 22:47:15Z] CHK MOM:0.15% RANGE:0.15% UP:20% SPREAD:0.15923566% BID:0.628 ASK:0.629 MID:0.6285 P1:0.6285 P2:0.6285 P3:0.6285 P4:0.6285 STATE:IDLE
[2026-05-11 22:47:15Z] CHK MOM:0.15% RANGE:0.15% UP:20% SPREAD:0.15923566% BID:0.628 ASK:0.629 MID:0.6285 P1:0.6285 P2:0.6285 P3:0.6285 P4:0.6285 STATE:IDLE
[2026-05-11 22:47:16Z] CHK MOM:0.15% RANGE:0.15% UP:20% SPREAD:0.15923566% BID:0.628 ASK:0.629 MID:0.6285 P1:0.6285 P2:0.6285 P3:0.6285 P4:0.6285 STATE:IDLE
[2026-05-11 22:47:16Z] CHK MOM:0.15% RANGE:0.15% UP:18.18% SPREAD:0.15923566% BID:0.628 ASK:0.629 MID:0.6285 P1:0.6285 P2:0.6285 P3:0.6285 P4:0.6285 STATE:IDLE
[2026-05-11 22:47:17Z] CHK MOM:0% RANGE:0.07% UP:10% SPREAD:0.15923566% BID:0.628 ASK:0.629 MID:0.6285 P1:0.6285 P2:0.6285 P3:0.6285 P4:0.6285 STATE:IDLE
[2026-05-11 22:47:17Z] CHK MOM:0% RANGE:0.07% UP:10% SPREAD:0.15923566% BID:0.628 ASK:0.629 MID:0.6285 P1:0.6285 P2:0.6285 P3:0.6285 P4:0.6285 STATE:IDLE
[2026-05-11 22:47:18Z] CHK MOM:0% RANGE:0.07% UP:10% SPREAD:0.15923566% BID:0.628 ASK:0.629 MID:0.6285 P1:0.6285 P2:0.6285 P3:0.6285 P4:0.6285 STATE:IDLE
[2026-05-11 22:47:19Z] CHK MOM:0.07% RANGE:0.07% UP:10% SPREAD:0.15923566% BID:0.628 ASK:0.629 MID:0.6285 P1:0.6285 P2:0.6285 P3:0.6285 P4:0.6285 STATE:IDLE
[2026-05-11 22:47:19Z] CHK MOM:0.07% RANGE:0.07% UP:10% SPREAD:0.15923566% BID:0.628 ASK:0.629 MID:0.6285 P1:0.6285 P2:0.6285 P3:0.6285 P4:0.6285 STATE:IDLE
[2026-05-11 22:47:20Z] CHK MOM:0.07% RANGE:0.07% UP:11.11% SPREAD:0.15923566% BID:0.628 ASK:0.629 MID:0.6285 P1:0.6285 P2:0.6285 P3:0.6285 P4:0.6285 STATE:IDLE
[2026-05-11 22:47:20Z] CHK MOM:0.07% RANGE:0.07% UP:10% SPREAD:0.15923566% BID:0.628 ASK:0.629 MID:0.6285 P1:0.6285 P2:0.6285 P3:0.6285 P4:0.6285 STATE:IDLE
[2026-05-11 22:47:21Z] CHK MOM:0.07% RANGE:0.07% UP:10% SPREAD:0.15923566% BID:0.628 ASK:0.629 MID:0.6285 P1:0.6285 P2:0.6285 P3:0.6285 P4:0.6285 STATE:IDLE
[2026-05-11 22:47:21Z] CHK MOM:0.07% RANGE:0.07% UP:10% SPREAD:0.15923566% BID:0.628 ASK:0.629 MID:0.6285 P1:0.6285 P2:0.6285 P3:0.6285 P4:0.6285 STATE:IDLE
[2026-05-11 22:47:22Z] CHK MOM:0.07% RANGE:0.07% UP:10% SPREAD:0.15923566% BID:0.628 ASK:0.629 MID:0.6285 P1:0.6285 P2:0.6285 P3:0.6285 P4:0.6285 STATE:IDLE
[2026-05-11 22:47:22Z] CHK MOM:0.07% RANGE:0.07% UP:10% SPREAD:0.15923566% BID:0.628 ASK:0.629 MID:0.6285 P1:0.6285 P2:0.6285 P3:0.6285 P4:0.6285 STATE:IDLE
[2026-05-11 22:47:23Z] CHK MOM:0.07% RANGE:0.07% UP:10% SPREAD:0.15923566% BID:0.628 ASK:0.629 MID:0.6285 P1:0.6285 P2:0.6285 P3:0.6285 P4:0.6285 STATE:IDLE
[2026-05-11 22:47:24Z] CHK MOM:0% RANGE:0% UP:0% SPREAD:0.15923566% BID:0.628 ASK:0.629 MID:0.6285 P1:0.6285 P2:0.6285 P3:0.6285 P4:0.6285 STATE:IDLE
[2026-05-11 22:47:24Z] CHK MOM:0% RANGE:0% UP:0% SPREAD:0.15923566% BID:0.628 ASK:0.629 MID:0.6285 P1:0.6285 P2:0.6285 P3:0.6285 P4:0.6285 STATE:IDLE
[2026-05-11 22:47:25Z] CHK MOM:0% RANGE:0% UP:0% SPREAD:0.15923566% BID:0.628 ASK:0.629 MID:0.6285 P1:0.6285 P2:0.6285 P3:0.6285 P4:0.6285 STATE:IDLE
[2026-05-11 22:47:25Z] CHK MOM:0% RANGE:0% UP:0% SPREAD:0.15923566% BID:0.628 ASK:0.629 MID:0.6285 P1:0.6285 P2:0.6285 P3:0.6285 P4:0.6285 STATE:IDLE
[2026-05-11 22:47:26Z] CHK MOM:0% RANGE:0% UP:0% SPREAD:0.15923566% BID:0.628 ASK:0.629 MID:0.6285 P1:0.6285 P2:0.6285 P3:0.6285 P4:0.6285 STATE:IDLE
[2026-05-11 22:47:26Z] CHK MOM:0% RANGE:0% UP:0% SPREAD:0.15923566% BID:0.628 ASK:0.629 MID:0.6285 P1:0.6285 P2:0.6285 P3:0.6285 P4:0.6285 STATE:IDLE
[2026-05-11 22:47:27Z] CHK MOM:0% RANGE:0% UP:0% SPREAD:0.15923566% BID:0.628 ASK:0.629 MID:0.6285 P1:0.6285 P2:0.6285 P3:0.6285 P4:0.6285 STATE:IDLE
[2026-05-11 22:47:27Z] CHK MOM:0% RANGE:0% UP:0% SPREAD:0.15923566% BID:0.628 ASK:0.629 MID:0.6285 P1:0.6285 P2:0.6285 P3:0.6285 P4:0.6285 STATE:IDLE
[2026-05-11 22:47:28Z] CHK MOM:0% RANGE:0% UP:0% SPREAD:0.15923566% BID:0.628 ASK:0.629 MID:0.6285 P1:0.6285 P2:0.6285 P3:0.6285 P4:0.6285 STATE:IDLE
[2026-05-11 22:47:28Z] CHK MOM:0% RANGE:0% UP:0% SPREAD:0.15923566% BID:0.628 ASK:0.629 MID:0.6285 P1:0.6285 P2:0.6285 P3:0.6285 P4:0.6285 STATE:IDLE
[2026-05-11 22:47:29Z] CHK MOM:0% RANGE:0% UP:0% SPREAD:0.15923566% BID:0.628 ASK:0.629 MID:0.6285 P1:0.6285 P2:0.6285 P3:0.6285 P4:0.6285 STATE:IDLE
[2026-05-11 22:47:30Z] CHK MOM:0% RANGE:0% UP:0% SPREAD:0.15923566% BID:0.628 ASK:0.629 MID:0.6285 P1:0.6285 P2:0.6285 P3:0.6285 P4:0.6285 STATE:IDLE
[2026-05-11 22:47:30Z] CHK MOM:0% RANGE:0% UP:0% SPREAD:0.15923566% BID:0.628 ASK:0.629 MID:0.6285 P1:0.6285 P2:0.6285 P3:0.6285 P4:0.6285 STATE:IDLE
[2026-05-11 22:47:31Z] CHK MOM:0% RANGE:0% UP:0% SPREAD:0.15923566% BID:0.628 ASK:0.629 MID:0.6285 P1:0.6285 P2:0.6285 P3:0.6285 P4:0.6285 STATE:IDLE
[2026-05-11 22:47:31Z] CHK MOM:0% RANGE:0% UP:0% SPREAD:0.15923566% BID:0.628 ASK:0.629 MID:0.6285 P1:0.6285 P2:0.6285 P3:0.6285 P4:0.6285 STATE:IDLE
[2026-05-11 22:47:32Z] CHK MOM:0% RANGE:0% UP:0% SPREAD:0.15923566% BID:0.628 ASK:0.629 MID:0.6285 P1:0.6285 P2:0.6285 P3:0.6285 P4:0.6285 STATE:IDLE
[2026-05-11 22:47:32Z] CHK MOM:0% RANGE:0% UP:0% SPREAD:0.15923566% BID:0.628 ASK:0.629 MID:0.6285 P1:0.6285 P2:0.6285 P3:0.6285 P4:0.6285 STATE:IDLE
[2026-05-11 22:47:33Z] CHK MOM:0% RANGE:0% UP:0% SPREAD:0.15923566% BID:0.628 ASK:0.629 MID:0.6285 P1:0.6285 P2:0.6285 P3:0.6285 P4:0.6285 STATE:IDLE
[2026-05-11 22:47:33Z] CHK MOM:0% RANGE:0% UP:0% SPREAD:0.15923566% BID:0.628 ASK:0.629 MID:0.6285 P1:0.6285 P2:0.6285 P3:0.6285 P4:0.6285 STATE:IDLE
[2026-05-11 22:47:34Z] CHK MOM:0% RANGE:0% UP:0% SPREAD:0.15923566% BID:0.628 ASK:0.629 MID:0.6285 P1:0.6285 P2:0.6285 P3:0.6285 P4:0.6285 STATE:IDLE
[2026-05-11 22:47:35Z] CHK MOM:0% RANGE:0% UP:0% SPREAD:0.15923566% BID:0.628 ASK:0.629 MID:0.6285 P1:0.6285 P2:0.6285 P3:0.6285 P4:0.6285 STATE:IDLE
[2026-05-11 22:47:36Z] CHK MOM:0% RANGE:0% UP:0% SPREAD:0.15923566% BID:0.628 ASK:0.629 MID:0.6285 P1:0.6285 P2:0.6285 P3:0.6285 P4:0.6285 STATE:IDLE
[2026-05-11 22:47:37Z] CHK MOM:0% RANGE:0% UP:0% SPREAD:0.15923566% BID:0.628 ASK:0.629 MID:0.6285 P1:0.6285 P2:0.6285 P3:0.6285 P4:0.6285 STATE:IDLE
[2026-05-11 22:47:37Z] CHK MOM:0% RANGE:0% UP:0% SPREAD:0.15923566% BID:0.628 ASK:0.629 MID:0.6285 P1:0.6285 P2:0.6285 P3:0.6285 P4:0.6285 STATE:IDLE
[2026-05-11 22:47:38Z] CHK MOM:0% RANGE:0% UP:0% SPREAD:0.15923566% BID:0.628 ASK:0.629 MID:0.6285 P1:0.6285 P2:0.6285 P3:0.6285 P4:0.6285 STATE:IDLE
[2026-05-11 22:47:38Z] CHK MOM:0% RANGE:0% UP:0% SPREAD:0.15923566% BID:0.628 ASK:0.629 MID:0.6285 P1:0.6285 P2:0.6285 P3:0.6285 P4:0.6285 STATE:IDLE
[2026-05-11 22:47:39Z] CHK MOM:0% RANGE:0% UP:0% SPREAD:0.15923566% BID:0.628 ASK:0.629 MID:0.6285 P1:0.6285 P2:0.6285 P3:0.6285 P4:0.6285 STATE:IDLE
[2026-05-11 22:47:39Z] CHK MOM:0% RANGE:0% UP:0% SPREAD:0.15923566% BID:0.628 ASK:0.629 MID:0.6285 P1:0.6285 P2:0.6285 P3:0.6285 P4:0.6285 STATE:IDLE
[2026-05-11 22:47:40Z] CHK MOM:0% RANGE:0% UP:0% SPREAD:0.15923566% BID:0.628 ASK:0.629 MID:0.6285 P1:0.6285 P2:0.6285 P3:0.6285 P4:0.6285 STATE:IDLE
[2026-05-11 22:47:42Z] CHK MOM:0% RANGE:0% UP:0% SPREAD:0.15923566% BID:0.628 ASK:0.629 MID:0.6285 P1:0.6285 P2:0.6285 P3:0.6285 P4:0.6285 STATE:IDLE
[2026-05-11 22:47:42Z] CHK MOM:0% RANGE:0% UP:0% SPREAD:0.15923566% BID:0.628 ASK:0.629 MID:0.6285 P1:0.6285 P2:0.6285 P3:0.6285 P4:0.6285 STATE:IDLE
[2026-05-11 22:47:43Z] CHK MOM:0% RANGE:0% UP:0% SPREAD:0.15923566% BID:0.628 ASK:0.629 MID:0.6285 P1:0.6285 P2:0.6285 P3:0.6285 P4:0.6285 STATE:IDLE
[2026-05-11 22:47:43Z] CHK MOM:0% RANGE:0% UP:0% SPREAD:0.15923566% BID:0.628 ASK:0.629 MID:0.6285 P1:0.6285 P2:0.6285 P3:0.6285 P4:0.6285 STATE:IDLE
[2026-05-11 22:47:44Z] CHK MOM:0% RANGE:0% UP:0% SPREAD:0.15923566% BID:0.628 ASK:0.629 MID:0.6285 P1:0.6285 P2:0.6285 P3:0.6285 P4:0.6285 STATE:IDLE
[2026-05-11 22:47:44Z] CHK MOM:0% RANGE:0% UP:0% SPREAD:0.15923566% BID:0.628 ASK:0.629 MID:0.6285 P1:0.6285 P2:0.6285 P3:0.6285 P4:0.6285 STATE:IDLE
[2026-05-11 22:47:45Z] CHK MOM:0% RANGE:0% UP:0% SPREAD:0.15923566% BID:0.628 ASK:0.629 MID:0.6285 P1:0.6285 P2:0.6285 P3:0.6285 P4:0.6285 STATE:IDLE
[2026-05-11 22:47:46Z] CHK MOM:0% RANGE:0% UP:0% SPREAD:0.15923566% BID:0.628 ASK:0.629 MID:0.6285 P1:0.6285 P2:0.6285 P3:0.6285 P4:0.6285 STATE:IDLE
[2026-05-11 22:47:46Z] CHK MOM:0% RANGE:0% UP:0% SPREAD:0.15923566% BID:0.628 ASK:0.629 MID:0.6285 P1:0.6285 P2:0.6285 P3:0.6285 P4:0.6285 STATE:IDLE
[2026-05-11 22:47:47Z] CHK MOM:0% RANGE:0% UP:0% SPREAD:0.15923566% BID:0.628 ASK:0.629 MID:0.6285 P1:0.6285 P2:0.6285 P3:0.6285 P4:0.6285 STATE:IDLE
[2026-05-11 22:47:47Z] CHK MOM:0% RANGE:0% UP:0% SPREAD:0.15923566% BID:0.628 ASK:0.629 MID:0.6285 P1:0.6285 P2:0.6285 P3:0.6285 P4:0.6285 STATE:IDLE
[2026-05-11 22:47:48Z] CHK MOM:0% RANGE:0% UP:0% SPREAD:0.15923566% BID:0.628 ASK:0.629 MID:0.6285 P1:0.6285 P2:0.6285 P3:0.6285 P4:0.6285 STATE:IDLE
[2026-05-11 22:47:48Z] CHK MOM:0% RANGE:0% UP:0% SPREAD:0.15923566% BID:0.628 ASK:0.629 MID:0.6285 P1:0.6285 P2:0.6285 P3:0.6285 P4:0.6285 STATE:IDLE
[2026-05-11 22:47:49Z] CHK MOM:0% RANGE:0% UP:0% SPREAD:0.15923566% BID:0.628 ASK:0.629 MID:0.6285 P1:0.6285 P2:0.6285 P3:0.6285 P4:0.6285 STATE:IDLE
[2026-05-11 22:47:49Z] CHK MOM:0% RANGE:0% UP:0% SPREAD:0.15923566% BID:0.628 ASK:0.629 MID:0.6285 P1:0.6285 P2:0.6285 P3:0.6285 P4:0.6285 STATE:IDLE
[2026-05-11 22:47:50Z] CHK MOM:0% RANGE:0% UP:0% SPREAD:0.15923566% BID:0.628 ASK:0.629 MID:0.6285 P1:0.6285 P2:0.6285 P3:0.6285 P4:0.6285 STATE:IDLE
[2026-05-11 22:47:50Z] CHK MOM:0% RANGE:0% UP:0% SPREAD:0.15923566% BID:0.628 ASK:0.629 MID:0.6285 P1:0.6285 P2:0.6285 P3:0.6285 P4:0.6285 STATE:IDLE
[2026-05-11 22:47:52Z] CHK MOM:0% RANGE:0% UP:0% SPREAD:0.15923566% BID:0.628 ASK:0.629 MID:0.6285 P1:0.6285 P2:0.6285 P3:0.6285 P4:0.6285 STATE:IDLE
[2026-05-11 22:47:53Z] CHK MOM:0% RANGE:0% UP:0% SPREAD:0.15923566% BID:0.628 ASK:0.629 MID:0.6285 P1:0.6285 P2:0.6285 P3:0.6285 P4:0.6285 STATE:IDLE
[2026-05-11 22:47:54Z] CHK MOM:0% RANGE:0% UP:0% SPREAD:0.15923566% BID:0.628 ASK:0.629 MID:0.6285 P1:0.6285 P2:0.6285 P3:0.6285 P4:0.6285 STATE:IDLE
[2026-05-11 22:47:54Z] CHK MOM:0% RANGE:0% UP:0% SPREAD:0.15923566% BID:0.628 ASK:0.629 MID:0.6285 P1:0.6285 P2:0.6285 P3:0.6285 P4:0.6285 STATE:IDLE
[2026-05-11 22:47:55Z] CHK MOM:0% RANGE:0% UP:0% SPREAD:0.15923566% BID:0.628 ASK:0.629 MID:0.6285 P1:0.6285 P2:0.6285 P3:0.6285 P4:0.6285 STATE:IDLE
[2026-05-11 22:47:55Z] CHK MOM:0% RANGE:0% UP:0% SPREAD:0.15923566% BID:0.628 ASK:0.629 MID:0.6285 P1:0.6285 P2:0.6285 P3:0.6285 P4:0.6285 STATE:IDLE
[2026-05-11 22:47:56Z] CHK MOM:0% RANGE:0% UP:0% SPREAD:0.15923566% BID:0.628 ASK:0.629 MID:0.6285 P1:0.6285 P2:0.6285 P3:0.6285 P4:0.6285 STATE:IDLE
[2026-05-11 22:47:57Z] CHK MOM:0% RANGE:0% UP:0% SPREAD:0.15923566% BID:0.628 ASK:0.629 MID:0.6285 P1:0.6285 P2:0.6285 P3:0.6285 P4:0.6285 STATE:IDLE
[2026-05-11 22:47:57Z] CHK MOM:0% RANGE:0% UP:0% SPREAD:0.15923566% BID:0.628 ASK:0.629 MID:0.6285 P1:0.6285 P2:0.6285 P3:0.6285 P4:0.6285 STATE:IDLE
[2026-05-11 22:47:58Z] CHK MOM:-0.15% RANGE:0.15% UP:0% SPREAD:0.15948963% BID:0.627 ASK:0.628 MID:0.6275 P1:0.6275 P2:0.6285 P3:0.6285 P4:0.6285 STATE:IDLE
[2026-05-11 22:47:59Z] CHK MOM:-0.15% RANGE:0.15% UP:0% SPREAD:0.15948963% BID:0.627 ASK:0.628 MID:0.6275 P1:0.6275 P2:0.6285 P3:0.6285 P4:0.6285 STATE:IDLE
[2026-05-11 22:47:59Z] CHK MOM:-0.15% RANGE:0.15% UP:0% SPREAD:0.15948963% BID:0.627 ASK:0.628 MID:0.6275 P1:0.6275 P2:0.6285 P3:0.6285 P4:0.6285 STATE:IDLE
[2026-05-11 22:48:00Z] CHK MOM:-0.15% RANGE:0.15% UP:0% SPREAD:0.15948963% BID:0.627 ASK:0.628 MID:0.6275 P1:0.6275 P2:0.6285 P3:0.6285 P4:0.6285 STATE:IDLE
[2026-05-11 22:48:00Z] CHK MOM:-0.15% RANGE:0.15% UP:0% SPREAD:0.15948963% BID:0.627 ASK:0.628 MID:0.6275 P1:0.6275 P2:0.6285 P3:0.6285 P4:0.6285 STATE:IDLE
[2026-05-11 22:48:01Z] CHK MOM:-0.15% RANGE:0.15% UP:0% SPREAD:0.15948963% BID:0.627 ASK:0.628 MID:0.6275 P1:0.6275 P2:0.6275 P3:0.6285 P4:0.6285 STATE:IDLE
[2026-05-11 22:48:01Z] CHK MOM:-0.15% RANGE:0.15% UP:0% SPREAD:0.15948963% BID:0.627 ASK:0.628 MID:0.6275 P1:0.6275 P2:0.6275 P3:0.6285 P4:0.6285 STATE:IDLE
[2026-05-11 22:48:03Z] CHK MOM:-0.15% RANGE:0.15% UP:0% SPREAD:0.15948963% BID:0.627 ASK:0.628 MID:0.6275 P1:0.6275 P2:0.6275 P3:0.6285 P4:0.6285 STATE:IDLE
[2026-05-11 22:48:06Z] CHK MOM:0% RANGE:0.15% UP:25% SPREAD:0.15923566% BID:0.628 ASK:0.629 MID:0.6285 P1:0.6285 P2:0.6275 P3:0.6275 P4:0.6285 STATE:IDLE
[2026-05-11 22:48:06Z] CHK MOM:0% RANGE:0.15% UP:20% SPREAD:0.15923566% BID:0.628 ASK:0.629 MID:0.6285 P1:0.6285 P2:0.6285 P3:0.6275 P4:0.6275 STATE:IDLE
[2026-05-11 22:48:07Z] CHK MOM:0% RANGE:0.15% UP:20% SPREAD:0.15923566% BID:0.628 ASK:0.629 MID:0.6285 P1:0.6285 P2:0.6285 P3:0.6275 P4:0.6275 STATE:IDLE
[2026-05-11 22:48:08Z] CHK MOM:0% RANGE:0.15% UP:20% SPREAD:0.15923566% BID:0.628 ASK:0.629 MID:0.6285 P1:0.6285 P2:0.6285 P3:0.6275 P4:0.6275 STATE:IDLE
[2026-05-11 22:48:08Z] CHK MOM:0% RANGE:0.15% UP:20% SPREAD:0.15923566% BID:0.628 ASK:0.629 MID:0.6285 P1:0.6285 P2:0.6285 P3:0.6285 P4:0.6275 STATE:IDLE
[2026-05-11 22:48:09Z] CHK MOM:0% RANGE:0.15% UP:20% SPREAD:0.15923566% BID:0.628 ASK:0.629 MID:0.6285 P1:0.6285 P2:0.6285 P3:0.6285 P4:0.6275 STATE:IDLE
[2026-05-11 22:48:09Z] CHK MOM:0% RANGE:0.15% UP:20% SPREAD:0.15923566% BID:0.628 ASK:0.629 MID:0.6285 P1:0.6285 P2:0.6285 P3:0.6285 P4:0.6275 STATE:IDLE
[2026-05-11 22:48:10Z] CHK MOM:0% RANGE:0.15% UP:20% SPREAD:0.15923566% BID:0.628 ASK:0.629 MID:0.6285 P1:0.6285 P2:0.6285 P3:0.6285 P4:0.6275 STATE:IDLE
[2026-05-11 22:48:10Z] CHK MOM:0.15% RANGE:0.15% UP:25% SPREAD:0.15923566% BID:0.628 ASK:0.629 MID:0.6285 P1:0.6285 P2:0.6285 P3:0.6285 P4:0.6285 STATE:IDLE
[2026-05-11 22:48:11Z] CHK MOM:0.15% RANGE:0.15% UP:25% SPREAD:0.15923566% BID:0.628 ASK:0.629 MID:0.6285 P1:0.6285 P2:0.6285 P3:0.6285 P4:0.6285 STATE:IDLE
[2026-05-11 22:48:11Z] CHK MOM:0.15% RANGE:0.15% UP:25% SPREAD:0.15923566% BID:0.628 ASK:0.629 MID:0.6285 P1:0.6285 P2:0.6285 P3:0.6285 P4:0.6285 STATE:IDLE
[2026-05-11 22:48:12Z] CHK MOM:0.15% RANGE:0.15% UP:20% SPREAD:0.15923566% BID:0.628 ASK:0.629 MID:0.6285 P1:0.6285 P2:0.6285 P3:0.6285 P4:0.6285 STATE:IDLE
[2026-05-11 22:48:13Z] CHK MOM:0.15% RANGE:0.15% UP:20% SPREAD:0.15923566% BID:0.628 ASK:0.629 MID:0.6285 P1:0.6285 P2:0.6285 P3:0.6285 P4:0.6285 STATE:IDLE
[2026-05-11 22:48:13Z] CHK MOM:0% RANGE:0% UP:0% SPREAD:0.15923566% BID:0.628 ASK:0.629 MID:0.6285 P1:0.6285 P2:0.6285 P3:0.6285 P4:0.6285 STATE:IDLE
[2026-05-11 22:48:14Z] CHK MOM:0% RANGE:0% UP:0% SPREAD:0.15923566% BID:0.628 ASK:0.629 MID:0.6285 P1:0.6285 P2:0.6285 P3:0.6285 P4:0.6285 STATE:IDLE
[2026-05-11 22:48:14Z] CHK MOM:0% RANGE:0% UP:0% SPREAD:0.15923566% BID:0.628 ASK:0.629 MID:0.6285 P1:0.6285 P2:0.6285 P3:0.6285 P4:0.6285 STATE:IDLE
[2026-05-11 22:48:15Z] CHK MOM:0% RANGE:0% UP:0% SPREAD:0.15923566% BID:0.628 ASK:0.629 MID:0.6285 P1:0.6285 P2:0.6285 P3:0.6285 P4:0.6285 STATE:IDLE
[2026-05-11 22:48:15Z] CHK MOM:0% RANGE:0% UP:0% SPREAD:0.15923566% BID:0.628 ASK:0.629 MID:0.6285 P1:0.6285 P2:0.6285 P3:0.6285 P4:0.6285 STATE:IDLE
[2026-05-11 22:48:16Z] CHK MOM:0% RANGE:0% UP:0% SPREAD:0.15923566% BID:0.628 ASK:0.629 MID:0.6285 P1:0.6285 P2:0.6285 P3:0.6285 P4:0.6285 STATE:IDLE
[2026-05-11 22:48:16Z] CHK MOM:0% RANGE:0% UP:0% SPREAD:0.15923566% BID:0.628 ASK:0.629 MID:0.6285 P1:0.6285 P2:0.6285 P3:0.6285 P4:0.6285 STATE:IDLE
[2026-05-11 22:48:17Z] CHK MOM:0% RANGE:0% UP:0% SPREAD:0.15923566% BID:0.628 ASK:0.629 MID:0.6285 P1:0.6285 P2:0.6285 P3:0.6285 P4:0.6285 STATE:IDLE
[2026-05-11 22:48:17Z] CHK MOM:0% RANGE:0% UP:0% SPREAD:0.15923566% BID:0.628 ASK:0.629 MID:0.6285 P1:0.6285 P2:0.6285 P3:0.6285 P4:0.6285 STATE:IDLE
[2026-05-11 22:48:18Z] CHK MOM:0% RANGE:0% UP:0% SPREAD:0.15923566% BID:0.628 ASK:0.629 MID:0.6285 P1:0.6285 P2:0.6285 P3:0.6285 P4:0.6285 STATE:IDLE
[2026-05-11 22:48:19Z] CHK MOM:0% RANGE:0% UP:0% SPREAD:0.15923566% BID:0.628 ASK:0.629 MID:0.6285 P1:0.6285 P2:0.6285 P3:0.6285 P4:0.6285 STATE:IDLE
[2026-05-11 22:48:19Z] CHK MOM:0% RANGE:0% UP:0% SPREAD:0.15923566% BID:0.628 ASK:0.629 MID:0.6285 P1:0.6285 P2:0.6285 P3:0.6285 P4:0.6285 STATE:IDLE
[2026-05-11 22:48:20Z] CHK MOM:0% RANGE:0% UP:0% SPREAD:0.15923566% BID:0.628 ASK:0.629 MID:0.6285 P1:0.6285 P2:0.6285 P3:0.6285 P4:0.6285 STATE:IDLE
[2026-05-11 22:48:20Z] CHK MOM:0% RANGE:0% UP:0% SPREAD:0.15923566% BID:0.628 ASK:0.629 MID:0.6285 P1:0.6285 P2:0.6285 P3:0.6285 P4:0.6285 STATE:IDLE
[2026-05-11 22:48:21Z] CHK MOM:0% RANGE:0% UP:0% SPREAD:0.15923566% BID:0.628 ASK:0.629 MID:0.6285 P1:0.6285 P2:0.6285 P3:0.6285 P4:0.6285 STATE:IDLE
[2026-05-11 22:48:21Z] CHK MOM:0% RANGE:0% UP:0% SPREAD:0.15923566% BID:0.628 ASK:0.629 MID:0.6285 P1:0.6285 P2:0.6285 P3:0.6285 P4:0.6285 STATE:IDLE
[2026-05-11 22:48:22Z] CHK MOM:0% RANGE:0% UP:0% SPREAD:0.15923566% BID:0.628 ASK:0.629 MID:0.6285 P1:0.6285 P2:0.6285 P3:0.6285 P4:0.6285 STATE:IDLE
[2026-05-11 22:48:22Z] CHK MOM:0% RANGE:0% UP:0% SPREAD:0.15923566% BID:0.628 ASK:0.629 MID:0.6285 P1:0.6285 P2:0.6285 P3:0.6285 P4:0.6285 STATE:IDLE
[2026-05-11 22:48:23Z] CHK MOM:0% RANGE:0% UP:0% SPREAD:0.15923566% BID:0.628 ASK:0.629 MID:0.6285 P1:0.6285 P2:0.6285 P3:0.6285 P4:0.6285 STATE:IDLE
[2026-05-11 22:48:24Z] CHK MOM:0% RANGE:0% UP:0% SPREAD:0.15923566% BID:0.628 ASK:0.629 MID:0.6285 P1:0.6285 P2:0.6285 P3:0.6285 P4:0.6285 STATE:IDLE
[2026-05-11 22:48:24Z] CHK MOM:0% RANGE:0% UP:0% SPREAD:0.15923566% BID:0.628 ASK:0.629 MID:0.6285 P1:0.6285 P2:0.6285 P3:0.6285 P4:0.6285 STATE:IDLE
[2026-05-11 22:48:25Z] CHK MOM:0% RANGE:0% UP:0% SPREAD:0.15923566% BID:0.628 ASK:0.629 MID:0.6285 P1:0.6285 P2:0.6285 P3:0.6285 P4:0.6285 STATE:IDLE
[2026-05-11 22:48:25Z] CHK MOM:0% RANGE:0% UP:0% SPREAD:0.15923566% BID:0.628 ASK:0.629 MID:0.6285 P1:0.6285 P2:0.6285 P3:0.6285 P4:0.6285 STATE:IDLE
[2026-05-11 22:48:26Z] CHK MOM:0% RANGE:0% UP:0% SPREAD:0.15923566% BID:0.628 ASK:0.629 MID:0.6285 P1:0.6285 P2:0.6285 P3:0.6285 P4:0.6285 STATE:IDLE
[2026-05-11 22:48:26Z] CHK MOM:0% RANGE:0% UP:0% SPREAD:0.15923566% BID:0.628 ASK:0.629 MID:0.6285 P1:0.6285 P2:0.6285 P3:0.6285 P4:0.6285 STATE:IDLE
[2026-05-11 22:48:29Z] CHK MOM:0% RANGE:0% UP:0% SPREAD:0.15923566% BID:0.628 ASK:0.629 MID:0.6285 P1:0.6285 P2:0.6285 P3:0.6285 P4:0.6285 STATE:IDLE
[2026-05-11 22:48:30Z] CHK MOM:0% RANGE:0% UP:0% SPREAD:0.15923566% BID:0.628 ASK:0.629 MID:0.6285 P1:0.6285 P2:0.6285 P3:0.6285 P4:0.6285 STATE:IDLE
[2026-05-11 22:48:30Z] CHK MOM:0% RANGE:0% UP:0% SPREAD:0.15923566% BID:0.628 ASK:0.629 MID:0.6285 P1:0.6285 P2:0.6285 P3:0.6285 P4:0.6285 STATE:IDLE
[2026-05-11 22:48:31Z] CHK MOM:0% RANGE:0% UP:0% SPREAD:0.15923566% BID:0.628 ASK:0.629 MID:0.6285 P1:0.6285 P2:0.6285 P3:0.6285 P4:0.6285 STATE:IDLE
[2026-05-11 22:48:31Z] CHK MOM:0% RANGE:0% UP:0% SPREAD:0.15923566% BID:0.628 ASK:0.629 MID:0.6285 P1:0.6285 P2:0.6285 P3:0.6285 P4:0.6285 STATE:IDLE
[2026-05-11 22:48:42Z] CHK MOM:0% RANGE:0% UP:0% SPREAD:0.15923566% BID:0.628 ASK:0.629 MID:0.6285 P1:0.6285 P2:0.6285 P3:0.6285 P4:0.6285 STATE:IDLE
[2026-05-11 22:48:42Z] CHK MOM:0% RANGE:0% UP:0% SPREAD:0.15923566% BID:0.628 ASK:0.629 MID:0.6285 P1:0.6285 P2:0.6285 P3:0.6285 P4:0.6285 STATE:IDLE
[2026-05-11 22:48:43Z] CHK MOM:0% RANGE:0% UP:0% SPREAD:0.15923566% BID:0.628 ASK:0.629 MID:0.6285 P1:0.6285 P2:0.6285 P3:0.6285 P4:0.6285 STATE:IDLE
[2026-05-11 22:48:43Z] CHK MOM:0% RANGE:0% UP:0% SPREAD:0.15923566% BID:0.628 ASK:0.629 MID:0.6285 P1:0.6285 P2:0.6285 P3:0.6285 P4:0.6285 STATE:IDLE
[2026-05-11 22:48:44Z] CHK MOM:0% RANGE:0% UP:0% SPREAD:0.15923566% BID:0.628 ASK:0.629 MID:0.6285 P1:0.6285 P2:0.6285 P3:0.6285 P4:0.6285 STATE:IDLE
[2026-05-11 22:48:44Z] CHK MOM:0% RANGE:0% UP:0% SPREAD:0.15923566% BID:0.628 ASK:0.629 MID:0.6285 P1:0.6285 P2:0.6285 P3:0.6285 P4:0.6285 STATE:IDLE
[2026-05-11 22:48:46Z] CHK MOM:0% RANGE:0% UP:0% SPREAD:0.15923566% BID:0.628 ASK:0.629 MID:0.6285 P1:0.6285 P2:0.6285 P3:0.6285 P4:0.6285 STATE:IDLE
[2026-05-11 22:48:46Z] CHK MOM:0% RANGE:0% UP:0% SPREAD:0.15923566% BID:0.628 ASK:0.629 MID:0.6285 P1:0.6285 P2:0.6285 P3:0.6285 P4:0.6285 STATE:IDLE
[2026-05-11 22:48:48Z] CHK MOM:0% RANGE:0% UP:0% SPREAD:0.15923566% BID:0.628 ASK:0.629 MID:0.6285 P1:0.6285 P2:0.6285 P3:0.6285 P4:0.6285 STATE:IDLE
[2026-05-11 22:48:48Z] CHK MOM:0% RANGE:0% UP:0% SPREAD:0.15923566% BID:0.628 ASK:0.629 MID:0.6285 P1:0.6285 P2:0.6285 P3:0.6285 P4:0.6285 STATE:IDLE
[2026-05-11 22:48:49Z] CHK MOM:0% RANGE:0% UP:0% SPREAD:0.15923566% BID:0.628 ASK:0.629 MID:0.6285 P1:0.6285 P2:0.6285 P3:0.6285 P4:0.6285 STATE:IDLE
[2026-05-11 22:48:49Z] CHK MOM:0% RANGE:0% UP:0% SPREAD:0.15923566% BID:0.628 ASK:0.629 MID:0.6285 P1:0.6285 P2:0.6285 P3:0.6285 P4:0.6285 STATE:IDLE
[2026-05-11 22:48:50Z] CHK MOM:0% RANGE:0% UP:0% SPREAD:0.15923566% BID:0.628 ASK:0.629 MID:0.6285 P1:0.6285 P2:0.6285 P3:0.6285 P4:0.6285 STATE:IDLE
[2026-05-11 22:48:50Z] CHK MOM:0% RANGE:0% UP:0% SPREAD:0.15923566% BID:0.628 ASK:0.629 MID:0.6285 P1:0.6285 P2:0.6285 P3:0.6285 P4:0.6285 STATE:IDLE
[2026-05-11 22:48:51Z] CHK MOM:0% RANGE:0% UP:0% SPREAD:0.15923566% BID:0.628 ASK:0.629 MID:0.6285 P1:0.6285 P2:0.6285 P3:0.6285 P4:0.6285 STATE:IDLE
[2026-05-11 22:48:51Z] CHK MOM:0% RANGE:0% UP:0% SPREAD:0.15923566% BID:0.628 ASK:0.629 MID:0.6285 P1:0.6285 P2:0.6285 P3:0.6285 P4:0.6285 STATE:IDLE
[2026-05-11 22:48:52Z] CHK MOM:0% RANGE:0% UP:0% SPREAD:0.15923566% BID:0.628 ASK:0.629 MID:0.6285 P1:0.6285 P2:0.6285 P3:0.6285 P4:0.6285 STATE:IDLE
[2026-05-11 22:49:01Z] CHK MOM:0% RANGE:0% UP:0% SPREAD:0.15923566% BID:0.628 ASK:0.629 MID:0.6285 P1:0.6285 P2:0.6285 P3:0.6285 P4:0.6285 STATE:IDLE
[2026-05-11 22:49:01Z] CHK MOM:0% RANGE:0% UP:0% SPREAD:0.15923566% BID:0.628 ASK:0.629 MID:0.6285 P1:0.6285 P2:0.6285 P3:0.6285 P4:0.6285 STATE:IDLE
[2026-05-11 22:49:02Z] CHK MOM:0% RANGE:0% UP:0% SPREAD:0.15923566% BID:0.628 ASK:0.629 MID:0.6285 P1:0.6285 P2:0.6285 P3:0.6285 P4:0.6285 STATE:IDLE
[2026-05-11 22:49:02Z] CHK MOM:0% RANGE:0% UP:0% SPREAD:0.15923566% BID:0.628 ASK:0.629 MID:0.6285 P1:0.6285 P2:0.6285 P3:0.6285 P4:0.6285 STATE:IDLE
[2026-05-11 22:49:03Z] CHK MOM:0% RANGE:0% UP:0% SPREAD:0.15923566% BID:0.628 ASK:0.629 MID:0.6285 P1:0.6285 P2:0.6285 P3:0.6285 P4:0.6285 STATE:IDLE
[2026-05-11 22:49:03Z] CHK MOM:0% RANGE:0% UP:0% SPREAD:0.15923566% BID:0.628 ASK:0.629 MID:0.6285 P1:0.6285 P2:0.6285 P3:0.6285 P4:0.6285 STATE:IDLE
[2026-05-11 22:49:04Z] CHK MOM:0% RANGE:0% UP:0% SPREAD:0.15923566% BID:0.628 ASK:0.629 MID:0.6285 P1:0.6285 P2:0.6285 P3:0.6285 P4:0.6285 STATE:IDLE
[2026-05-11 22:49:04Z] CHK MOM:0% RANGE:0% UP:0% SPREAD:0.15923566% BID:0.628 ASK:0.629 MID:0.6285 P1:0.6285 P2:0.6285 P3:0.6285 P4:0.6285 STATE:IDLE
[2026-05-11 22:59:10Z] SESSION_START symbol=RUNEUSDC dry_run=0 profile=major strategy=momentum base_url=https://api.binance.com
[2026-05-11 22:59:10Z] TOXIC_MEMORY_LOADED count=5 symbols=GUNUSDC,JTOUSDC,ORDIUSDC,SAHARAUSDC,TONUSDC
[2026-05-11 22:59:14Z] CHK MOM:0% RANGE:0% UP:0% SPREAD:0.15923566% BID:0.628 ASK:0.629 MID:0.6285 P1:0.6285 P2:NA P3:NA P4:NA STATE:IDLE
[2026-05-11 22:59:15Z] CHK MOM:0% RANGE:0% UP:0% SPREAD:0.15923566% BID:0.628 ASK:0.629 MID:0.6285 P1:0.6285 P2:NA P3:NA P4:NA STATE:IDLE
[2026-05-11 22:59:15Z] CHK MOM:0% RANGE:0% UP:0% SPREAD:0.15923566% BID:0.628 ASK:0.629 MID:0.6285 P1:0.6285 P2:NA P3:NA P4:NA STATE:IDLE
[2026-05-11 22:59:16Z] CHK MOM:0% RANGE:0% UP:0% SPREAD:0.15923566% BID:0.628 ASK:0.629 MID:0.6285 P1:0.6285 P2:NA P3:NA P4:NA STATE:IDLE
[2026-05-11 22:59:16Z] CHK MOM:0% RANGE:0% UP:0% SPREAD:0.15923566% BID:0.628 ASK:0.629 MID:0.6285 P1:0.6285 P2:NA P3:NA P4:NA STATE:IDLE
[2026-05-11 22:59:17Z] CHK MOM:0% RANGE:0% UP:0% SPREAD:0.15923566% BID:0.628 ASK:0.629 MID:0.6285 P1:0.6285 P2:NA P3:NA P4:NA STATE:IDLE
[2026-05-11 22:59:22Z] CHK MOM:0% RANGE:0% UP:0% SPREAD:0.15923566% BID:0.628 ASK:0.629 MID:0.6285 P1:0.6285 P2:0.6285 P3:NA P4:NA STATE:IDLE
[2026-05-11 22:59:23Z] CHK MOM:0% RANGE:0% UP:0% SPREAD:0.15923566% BID:0.628 ASK:0.629 MID:0.6285 P1:0.6285 P2:0.6285 P3:NA P4:NA STATE:IDLE
[2026-05-11 22:59:23Z] CHK MOM:0% RANGE:0% UP:0% SPREAD:0.15923566% BID:0.628 ASK:0.629 MID:0.6285 P1:0.6285 P2:0.6285 P3:NA P4:NA STATE:IDLE
[2026-05-11 22:59:24Z] CHK MOM:0% RANGE:0% UP:0% SPREAD:0.15923566% BID:0.628 ASK:0.629 MID:0.6285 P1:0.6285 P2:0.6285 P3:0.6285 P4:NA STATE:IDLE
[2026-05-11 22:59:24Z] CHK MOM:0% RANGE:0% UP:0% SPREAD:0.15923566% BID:0.628 ASK:0.629 MID:0.6285 P1:0.6285 P2:0.6285 P3:0.6285 P4:NA STATE:IDLE
[2026-05-11 22:59:25Z] CHK MOM:0% RANGE:0% UP:0% SPREAD:0.15923566% BID:0.628 ASK:0.629 MID:0.6285 P1:0.6285 P2:0.6285 P3:0.6285 P4:0.6285 STATE:IDLE
[2026-05-11 22:59:25Z] CHK MOM:0% RANGE:0% UP:0% SPREAD:0.15923566% BID:0.628 ASK:0.629 MID:0.6285 P1:0.6285 P2:0.6285 P3:0.6285 P4:0.6285 STATE:IDLE
[2026-05-11 22:59:26Z] CHK MOM:0% RANGE:0% UP:0% SPREAD:0.15923566% BID:0.628 ASK:0.629 MID:0.6285 P1:0.6285 P2:0.6285 P3:0.6285 P4:0.6285 STATE:IDLE
[2026-05-11 22:59:26Z] CHK MOM:0% RANGE:0% UP:0% SPREAD:0.15923566% BID:0.628 ASK:0.629 MID:0.6285 P1:0.6285 P2:0.6285 P3:0.6285 P4:0.6285 STATE:IDLE
[2026-05-11 22:59:27Z] CHK MOM:0% RANGE:0% UP:0% SPREAD:0.15923566% BID:0.628 ASK:0.629 MID:0.6285 P1:0.6285 P2:0.6285 P3:0.6285 P4:0.6285 STATE:IDLE
[2026-05-11 22:59:28Z] CHK MOM:0% RANGE:0% UP:0% SPREAD:0.15923566% BID:0.628 ASK:0.629 MID:0.6285 P1:0.6285 P2:0.6285 P3:0.6285 P4:0.6285 STATE:IDLE
[2026-05-11 22:59:30Z] CHK MOM:0% RANGE:0% UP:0% SPREAD:0.15923566% BID:0.628 ASK:0.629 MID:0.6285 P1:0.6285 P2:0.6285 P3:0.6285 P4:0.6285 STATE:IDLE
[2026-05-11 22:59:31Z] CHK MOM:0% RANGE:0% UP:0% SPREAD:0.15923566% BID:0.628 ASK:0.629 MID:0.6285 P1:0.6285 P2:0.6285 P3:0.6285 P4:0.6285 STATE:IDLE
[2026-05-11 22:59:31Z] CHK MOM:0% RANGE:0% UP:0% SPREAD:0.15923566% BID:0.628 ASK:0.629 MID:0.6285 P1:0.6285 P2:0.6285 P3:0.6285 P4:0.6285 STATE:IDLE
[2026-05-11 22:59:32Z] CHK MOM:0% RANGE:0% UP:0% SPREAD:0.15923566% BID:0.628 ASK:0.629 MID:0.6285 P1:0.6285 P2:0.6285 P3:0.6285 P4:0.6285 STATE:IDLE
[2026-05-11 22:59:32Z] CHK MOM:0% RANGE:0% UP:0% SPREAD:0.15923566% BID:0.628 ASK:0.629 MID:0.6285 P1:0.6285 P2:0.6285 P3:0.6285 P4:0.6285 STATE:IDLE
[2026-05-11 22:59:33Z] CHK MOM:0% RANGE:0% UP:0% SPREAD:0.15923566% BID:0.628 ASK:0.629 MID:0.6285 P1:0.6285 P2:0.6285 P3:0.6285 P4:0.6285 STATE:IDLE
[2026-05-11 22:59:34Z] CHK MOM:0% RANGE:0% UP:0% SPREAD:0.15923566% BID:0.628 ASK:0.629 MID:0.6285 P1:0.6285 P2:0.6285 P3:0.6285 P4:0.6285 STATE:IDLE
[2026-05-11 22:59:34Z] CHK MOM:0% RANGE:0% UP:0% SPREAD:0.15923566% BID:0.628 ASK:0.629 MID:0.6285 P1:0.6285 P2:0.6285 P3:0.6285 P4:0.6285 STATE:IDLE
[2026-05-11 22:59:35Z] CHK MOM:0% RANGE:0% UP:0% SPREAD:0.15923566% BID:0.628 ASK:0.629 MID:0.6285 P1:0.6285 P2:0.6285 P3:0.6285 P4:0.6285 STATE:IDLE
[2026-05-11 22:59:35Z] CHK MOM:0% RANGE:0% UP:0% SPREAD:0.15923566% BID:0.628 ASK:0.629 MID:0.6285 P1:0.6285 P2:0.6285 P3:0.6285 P4:0.6285 STATE:IDLE
[2026-05-11 22:59:36Z] CHK MOM:0% RANGE:0% UP:0% SPREAD:0.15923566% BID:0.628 ASK:0.629 MID:0.6285 P1:0.6285 P2:0.6285 P3:0.6285 P4:0.6285 STATE:IDLE
[2026-05-11 22:59:36Z] CHK MOM:0% RANGE:0% UP:0% SPREAD:0.15923566% BID:0.628 ASK:0.629 MID:0.6285 P1:0.6285 P2:0.6285 P3:0.6285 P4:0.6285 STATE:IDLE
[2026-05-11 22:59:37Z] CHK MOM:0% RANGE:0% UP:0% SPREAD:0.15923566% BID:0.628 ASK:0.629 MID:0.6285 P1:0.6285 P2:0.6285 P3:0.6285 P4:0.6285 STATE:IDLE
[2026-05-11 22:59:37Z] CHK MOM:0% RANGE:0% UP:0% SPREAD:0.15923566% BID:0.628 ASK:0.629 MID:0.6285 P1:0.6285 P2:0.6285 P3:0.6285 P4:0.6285 STATE:IDLE
[2026-05-11 22:59:38Z] CHK MOM:0% RANGE:0% UP:0% SPREAD:0.15923566% BID:0.628 ASK:0.629 MID:0.6285 P1:0.6285 P2:0.6285 P3:0.6285 P4:0.6285 STATE:IDLE
[2026-05-11 22:59:39Z] CHK MOM:0% RANGE:0% UP:0% SPREAD:0.15923566% BID:0.628 ASK:0.629 MID:0.6285 P1:0.6285 P2:0.6285 P3:0.6285 P4:0.6285 STATE:IDLE
[2026-05-11 22:59:39Z] CHK MOM:0% RANGE:0% UP:0% SPREAD:0.15923566% BID:0.628 ASK:0.629 MID:0.6285 P1:0.6285 P2:0.6285 P3:0.6285 P4:0.6285 STATE:IDLE
[2026-05-11 22:59:40Z] CHK MOM:0% RANGE:0% UP:0% SPREAD:0.15923566% BID:0.628 ASK:0.629 MID:0.6285 P1:0.6285 P2:0.6285 P3:0.6285 P4:0.6285 STATE:IDLE
[2026-05-11 22:59:40Z] CHK MOM:0% RANGE:0% UP:0% SPREAD:0.15923566% BID:0.628 ASK:0.629 MID:0.6285 P1:0.6285 P2:0.6285 P3:0.6285 P4:0.6285 STATE:IDLE
[2026-05-11 22:59:51Z] CHK MOM:0% RANGE:0% UP:0% SPREAD:0.15923566% BID:0.628 ASK:0.629 MID:0.6285 P1:0.6285 P2:0.6285 P3:0.6285 P4:0.6285 STATE:IDLE
[2026-05-11 22:59:51Z] CHK MOM:0% RANGE:0% UP:0% SPREAD:0.15923566% BID:0.628 ASK:0.629 MID:0.6285 P1:0.6285 P2:0.6285 P3:0.6285 P4:0.6285 STATE:IDLE
[2026-05-11 22:59:52Z] CHK MOM:0% RANGE:0% UP:0% SPREAD:0.15923566% BID:0.628 ASK:0.629 MID:0.6285 P1:0.6285 P2:0.6285 P3:0.6285 P4:0.6285 STATE:IDLE
[2026-05-11 22:59:52Z] CHK MOM:0% RANGE:0% UP:0% SPREAD:0.15923566% BID:0.628 ASK:0.629 MID:0.6285 P1:0.6285 P2:0.6285 P3:0.6285 P4:0.6285 STATE:IDLE
[2026-05-11 22:59:53Z] CHK MOM:0% RANGE:0% UP:0% SPREAD:0.15923566% BID:0.628 ASK:0.629 MID:0.6285 P1:0.6285 P2:0.6285 P3:0.6285 P4:0.6285 STATE:IDLE
[2026-05-11 23:00:00Z] CHK MOM:0% RANGE:0% UP:0% SPREAD:0.15923566% BID:0.628 ASK:0.629 MID:0.6285 P1:0.6285 P2:0.6285 P3:0.6285 P4:0.6285 STATE:IDLE
[2026-05-11 23:00:01Z] CHK MOM:0% RANGE:0% UP:0% SPREAD:0.15923566% BID:0.628 ASK:0.629 MID:0.6285 P1:0.6285 P2:0.6285 P3:0.6285 P4:0.6285 STATE:IDLE
[2026-05-11 23:00:01Z] CHK MOM:0% RANGE:0% UP:0% SPREAD:0.15923566% BID:0.628 ASK:0.629 MID:0.6285 P1:0.6285 P2:0.6285 P3:0.6285 P4:0.6285 STATE:IDLE
[2026-05-11 23:00:02Z] CHK MOM:0% RANGE:0% UP:0% SPREAD:0.15923566% BID:0.628 ASK:0.629 MID:0.6285 P1:0.6285 P2:0.6285 P3:0.6285 P4:0.6285 STATE:IDLE
[2026-05-11 23:00:02Z] CHK MOM:0% RANGE:0% UP:0% SPREAD:0.15923566% BID:0.628 ASK:0.629 MID:0.6285 P1:0.6285 P2:0.6285 P3:0.6285 P4:0.6285 STATE:IDLE
[2026-05-11 23:00:03Z] CHK MOM:0% RANGE:0% UP:0% SPREAD:0.15923566% BID:0.628 ASK:0.629 MID:0.6285 P1:0.6285 P2:0.6285 P3:0.6285 P4:0.6285 STATE:IDLE
[2026-05-11 23:00:03Z] CHK MOM:0% RANGE:0% UP:0% SPREAD:0.15923566% BID:0.628 ASK:0.629 MID:0.6285 P1:0.6285 P2:0.6285 P3:0.6285 P4:0.6285 STATE:IDLE
[2026-05-11 23:00:04Z] CHK MOM:0% RANGE:0% UP:0% SPREAD:0.15923566% BID:0.628 ASK:0.629 MID:0.6285 P1:0.6285 P2:0.6285 P3:0.6285 P4:0.6285 STATE:IDLE
[2026-05-11 23:00:13Z] CHK MOM:0% RANGE:0% UP:0% SPREAD:0.15923566% BID:0.628 ASK:0.629 MID:0.6285 P1:0.6285 P2:0.6285 P3:0.6285 P4:0.6285 STATE:IDLE
[2026-05-11 23:00:13Z] CHK MOM:0% RANGE:0% UP:0% SPREAD:0.15923566% BID:0.628 ASK:0.629 MID:0.6285 P1:0.6285 P2:0.6285 P3:0.6285 P4:0.6285 STATE:IDLE
[2026-05-11 23:00:14Z] CHK MOM:0% RANGE:0% UP:0% SPREAD:0.15923566% BID:0.628 ASK:0.629 MID:0.6285 P1:0.6285 P2:0.6285 P3:0.6285 P4:0.6285 STATE:IDLE
[2026-05-11 23:00:14Z] CHK MOM:0% RANGE:0% UP:0% SPREAD:0.15923566% BID:0.628 ASK:0.629 MID:0.6285 P1:0.6285 P2:0.6285 P3:0.6285 P4:0.6285 STATE:IDLE
[2026-05-11 23:00:15Z] CHK MOM:0% RANGE:0% UP:0% SPREAD:0.15923566% BID:0.628 ASK:0.629 MID:0.6285 P1:0.6285 P2:0.6285 P3:0.6285 P4:0.6285 STATE:IDLE
[2026-05-11 23:00:15Z] CHK MOM:0% RANGE:0% UP:0% SPREAD:0.15923566% BID:0.628 ASK:0.629 MID:0.6285 P1:0.6285 P2:0.6285 P3:0.6285 P4:0.6285 STATE:IDLE
[2026-05-11 23:00:16Z] CHK MOM:0% RANGE:0% UP:0% SPREAD:0.15923566% BID:0.628 ASK:0.629 MID:0.6285 P1:0.6285 P2:0.6285 P3:0.6285 P4:0.6285 STATE:IDLE
[2026-05-11 23:00:35Z] CHK MOM:0% RANGE:0% UP:0% SPREAD:0.15923566% BID:0.628 ASK:0.629 MID:0.6285 P1:0.6285 P2:0.6285 P3:0.6285 P4:0.6285 STATE:IDLE
[2026-05-11 23:00:35Z] CHK MOM:0% RANGE:0% UP:0% SPREAD:0.15923566% BID:0.628 ASK:0.629 MID:0.6285 P1:0.6285 P2:0.6285 P3:0.6285 P4:0.6285 STATE:IDLE
[2026-05-11 23:00:36Z] CHK MOM:0% RANGE:0% UP:0% SPREAD:0.15923566% BID:0.628 ASK:0.629 MID:0.6285 P1:0.6285 P2:0.6285 P3:0.6285 P4:0.6285 STATE:IDLE
[2026-05-11 23:00:36Z] CHK MOM:0% RANGE:0% UP:0% SPREAD:0.15923566% BID:0.628 ASK:0.629 MID:0.6285 P1:0.6285 P2:0.6285 P3:0.6285 P4:0.6285 STATE:IDLE
[2026-05-11 23:00:37Z] CHK MOM:0% RANGE:0% UP:0% SPREAD:0.15923566% BID:0.628 ASK:0.629 MID:0.6285 P1:0.6285 P2:0.6285 P3:0.6285 P4:0.6285 STATE:IDLE
[2026-05-11 23:00:37Z] CHK MOM:0% RANGE:0% UP:0% SPREAD:0.15923566% BID:0.628 ASK:0.629 MID:0.6285 P1:0.6285 P2:0.6285 P3:0.6285 P4:0.6285 STATE:IDLE
[2026-05-11 23:00:38Z] CHK MOM:0% RANGE:0% UP:0% SPREAD:0.15923566% BID:0.628 ASK:0.629 MID:0.6285 P1:0.6285 P2:0.6285 P3:0.6285 P4:0.6285 STATE:IDLE
[2026-05-11 23:00:38Z] CHK MOM:0% RANGE:0% UP:0% SPREAD:0.15923566% BID:0.628 ASK:0.629 MID:0.6285 P1:0.6285 P2:0.6285 P3:0.6285 P4:0.6285 STATE:IDLE
[2026-05-11 23:00:52Z] CHK MOM:0% RANGE:0% UP:0% SPREAD:0.15923566% BID:0.628 ASK:0.629 MID:0.6285 P1:0.6285 P2:0.6285 P3:0.6285 P4:0.6285 STATE:IDLE
[2026-05-11 23:00:53Z] CHK MOM:0% RANGE:0% UP:0% SPREAD:0.15923566% BID:0.628 ASK:0.629 MID:0.6285 P1:0.6285 P2:0.6285 P3:0.6285 P4:0.6285 STATE:IDLE
[2026-05-11 23:00:53Z] CHK MOM:0% RANGE:0% UP:0% SPREAD:0.15923566% BID:0.628 ASK:0.629 MID:0.6285 P1:0.6285 P2:0.6285 P3:0.6285 P4:0.6285 STATE:IDLE
[2026-05-11 23:00:54Z] CHK MOM:0% RANGE:0% UP:0% SPREAD:0.15923566% BID:0.628 ASK:0.629 MID:0.6285 P1:0.6285 P2:0.6285 P3:0.6285 P4:0.6285 STATE:IDLE
[2026-05-11 23:00:54Z] CHK MOM:0% RANGE:0% UP:0% SPREAD:0.15923566% BID:0.628 ASK:0.629 MID:0.6285 P1:0.6285 P2:0.6285 P3:0.6285 P4:0.6285 STATE:IDLE
[2026-05-11 23:00:55Z] CHK MOM:0% RANGE:0% UP:0% SPREAD:0.15923566% BID:0.628 ASK:0.629 MID:0.6285 P1:0.6285 P2:0.6285 P3:0.6285 P4:0.6285 STATE:IDLE
[2026-05-11 23:00:55Z] CHK MOM:0% RANGE:0% UP:0% SPREAD:0.15923566% BID:0.628 ASK:0.629 MID:0.6285 P1:0.6285 P2:0.6285 P3:0.6285 P4:0.6285 STATE:IDLE
[2026-05-11 23:00:56Z] CHK MOM:0% RANGE:0% UP:0% SPREAD:0.15923566% BID:0.628 ASK:0.629 MID:0.6285 P1:0.6285 P2:0.6285 P3:0.6285 P4:0.6285 STATE:IDLE
[2026-05-11 23:01:01Z] CHK MOM:0% RANGE:0% UP:0% SPREAD:0.15923566% BID:0.628 ASK:0.629 MID:0.6285 P1:0.6285 P2:0.6285 P3:0.6285 P4:0.6285 STATE:IDLE
[2026-05-11 23:01:02Z] CHK MOM:-0.15% RANGE:0.15% UP:0% SPREAD:0.15948963% BID:0.627 ASK:0.628 MID:0.6275 P1:0.6275 P2:0.6285 P3:0.6285 P4:0.6285 STATE:IDLE
[2026-05-11 23:01:02Z] CHK MOM:-0.15% RANGE:0.15% UP:0% SPREAD:0.15948963% BID:0.627 ASK:0.628 MID:0.6275 P1:0.6275 P2:0.6275 P3:0.6285 P4:0.6285 STATE:IDLE
[2026-05-11 23:01:03Z] CHK MOM:-0.15% RANGE:0.15% UP:0% SPREAD:0.15948963% BID:0.627 ASK:0.628 MID:0.6275 P1:0.6275 P2:0.6275 P3:0.6285 P4:0.6285 STATE:IDLE
[2026-05-11 23:01:03Z] CHK MOM:-0.15% RANGE:0.15% UP:0% SPREAD:0.15948963% BID:0.627 ASK:0.628 MID:0.6275 P1:0.6275 P2:0.6275 P3:0.6275 P4:0.6285 STATE:IDLE
[2026-05-11 23:01:04Z] CHK MOM:-0.15% RANGE:0.15% UP:0% SPREAD:0.15948963% BID:0.627 ASK:0.628 MID:0.6275 P1:0.6275 P2:0.6275 P3:0.6275 P4:0.6285 STATE:IDLE
[2026-05-11 23:01:04Z] CHK MOM:-0.15% RANGE:0.15% UP:0% SPREAD:0.15948963% BID:0.627 ASK:0.628 MID:0.6275 P1:0.6275 P2:0.6275 P3:0.6275 P4:0.6285 STATE:IDLE
[2026-05-11 23:01:05Z] CHK MOM:-0.15% RANGE:0.15% UP:0% SPREAD:0.15948963% BID:0.627 ASK:0.628 MID:0.6275 P1:0.6275 P2:0.6275 P3:0.6275 P4:0.6285 STATE:IDLE
[2026-05-11 23:01:05Z] CHK MOM:-0.15% RANGE:0.15% UP:0% SPREAD:0.15948963% BID:0.627 ASK:0.628 MID:0.6275 P1:0.6275 P2:0.6275 P3:0.6275 P4:0.6275 STATE:IDLE
[2026-05-11 23:01:06Z] CHK MOM:-0.15% RANGE:0.15% UP:0% SPREAD:0.15948963% BID:0.627 ASK:0.628 MID:0.6275 P1:0.6275 P2:0.6275 P3:0.6275 P4:0.6275 STATE:IDLE
[2026-05-11 23:01:07Z] CHK MOM:-0.15% RANGE:0.15% UP:0% SPREAD:0.15948963% BID:0.627 ASK:0.628 MID:0.6275 P1:0.6275 P2:0.6275 P3:0.6275 P4:0.6275 STATE:IDLE
[2026-05-11 23:01:07Z] CHK MOM:-0.15% RANGE:0.15% UP:0% SPREAD:0.15948963% BID:0.627 ASK:0.628 MID:0.6275 P1:0.6275 P2:0.6275 P3:0.6275 P4:0.6275 STATE:IDLE
[2026-05-11 23:01:08Z] CHK MOM:-0.15% RANGE:0.15% UP:0% SPREAD:0.15948963% BID:0.627 ASK:0.628 MID:0.6275 P1:0.6275 P2:0.6275 P3:0.6275 P4:0.6275 STATE:IDLE
[2026-05-11 23:01:08Z] CHK MOM:-0.15% RANGE:0.15% UP:0% SPREAD:0.15948963% BID:0.627 ASK:0.628 MID:0.6275 P1:0.6275 P2:0.6275 P3:0.6275 P4:0.6275 STATE:IDLE
[2026-05-11 23:01:09Z] CHK MOM:-0.15% RANGE:0.15% UP:0% SPREAD:0.15948963% BID:0.627 ASK:0.628 MID:0.6275 P1:0.6275 P2:0.6275 P3:0.6275 P4:0.6275 STATE:IDLE
[2026-05-11 23:07:21Z] SESSION_START symbol=RUNEUSDC dry_run=0 profile=major strategy=momentum base_url=https://api.binance.com
[2026-05-11 23:07:21Z] TOXIC_MEMORY_LOADED count=5 symbols=GUNUSDC,JTOUSDC,ORDIUSDC,SAHARAUSDC,TONUSDC
[2026-05-11 23:07:22Z] CHK MOM:0% RANGE:0% UP:0% SPREAD:0.15923566% BID:0.628 ASK:0.629 MID:0.6285 P1:0.6285 P2:NA P3:NA P4:NA STATE:IDLE
[2026-05-11 23:07:23Z] CHK MOM:0% RANGE:0% UP:0% SPREAD:0.15923566% BID:0.628 ASK:0.629 MID:0.6285 P1:0.6285 P2:0.6285 P3:NA P4:NA STATE:IDLE
[2026-05-11 23:07:23Z] CHK MOM:0% RANGE:0% UP:0% SPREAD:0.15923566% BID:0.628 ASK:0.629 MID:0.6285 P1:0.6285 P2:0.6285 P3:0.6285 P4:NA STATE:IDLE
[2026-05-11 23:07:24Z] CHK MOM:0% RANGE:0% UP:0% SPREAD:0.15923566% BID:0.628 ASK:0.629 MID:0.6285 P1:0.6285 P2:0.6285 P3:0.6285 P4:NA STATE:IDLE
[2026-05-11 23:07:24Z] CHK MOM:0% RANGE:0% UP:0% SPREAD:0.15923566% BID:0.628 ASK:0.629 MID:0.6285 P1:0.6285 P2:0.6285 P3:0.6285 P4:0.6285 STATE:IDLE
[2026-05-11 23:07:25Z] CHK MOM:0% RANGE:0% UP:0% SPREAD:0.15923566% BID:0.628 ASK:0.629 MID:0.6285 P1:0.6285 P2:0.6285 P3:0.6285 P4:0.6285 STATE:IDLE
[2026-05-11 23:07:25Z] CHK MOM:0% RANGE:0% UP:0% SPREAD:0.15923566% BID:0.628 ASK:0.629 MID:0.6285 P1:0.6285 P2:0.6285 P3:0.6285 P4:0.6285 STATE:IDLE
[2026-05-11 23:07:26Z] CHK MOM:0% RANGE:0% UP:0% SPREAD:0.15923566% BID:0.628 ASK:0.629 MID:0.6285 P1:0.6285 P2:0.6285 P3:0.6285 P4:0.6285 STATE:IDLE
[2026-05-11 23:07:26Z] CHK MOM:0% RANGE:0% UP:0% SPREAD:0.15923566% BID:0.628 ASK:0.629 MID:0.6285 P1:0.6285 P2:0.6285 P3:0.6285 P4:0.6285 STATE:IDLE
[2026-05-11 23:07:27Z] CHK MOM:0% RANGE:0% UP:0% SPREAD:0.15923566% BID:0.628 ASK:0.629 MID:0.6285 P1:0.6285 P2:0.6285 P3:0.6285 P4:0.6285 STATE:IDLE
[2026-05-11 23:07:28Z] CHK MOM:0% RANGE:0% UP:0% SPREAD:0.15923566% BID:0.628 ASK:0.629 MID:0.6285 P1:0.6285 P2:0.6285 P3:0.6285 P4:0.6285 STATE:IDLE
[2026-05-11 23:07:28Z] CHK MOM:0% RANGE:0% UP:0% SPREAD:0.15923566% BID:0.628 ASK:0.629 MID:0.6285 P1:0.6285 P2:0.6285 P3:0.6285 P4:0.6285 STATE:IDLE
[2026-05-11 23:07:29Z] CHK MOM:0% RANGE:0% UP:0% SPREAD:0.15923566% BID:0.628 ASK:0.629 MID:0.6285 P1:0.6285 P2:0.6285 P3:0.6285 P4:0.6285 STATE:IDLE
[2026-05-11 23:07:29Z] CHK MOM:0% RANGE:0% UP:0% SPREAD:0.15923566% BID:0.628 ASK:0.629 MID:0.6285 P1:0.6285 P2:0.6285 P3:0.6285 P4:0.6285 STATE:IDLE
[2026-05-11 23:07:30Z] CHK MOM:0% RANGE:0% UP:0% SPREAD:0.15923566% BID:0.628 ASK:0.629 MID:0.6285 P1:0.6285 P2:0.6285 P3:0.6285 P4:0.6285 STATE:IDLE
[2026-05-11 23:07:30Z] CHK MOM:0% RANGE:0% UP:0% SPREAD:0.15923566% BID:0.628 ASK:0.629 MID:0.6285 P1:0.6285 P2:0.6285 P3:0.6285 P4:0.6285 STATE:IDLE
[2026-05-11 23:07:31Z] CHK MOM:0% RANGE:0% UP:0% SPREAD:0.15923566% BID:0.628 ASK:0.629 MID:0.6285 P1:0.6285 P2:0.6285 P3:0.6285 P4:0.6285 STATE:IDLE
[2026-05-11 23:07:31Z] CHK MOM:0% RANGE:0% UP:0% SPREAD:0.15923566% BID:0.628 ASK:0.629 MID:0.6285 P1:0.6285 P2:0.6285 P3:0.6285 P4:0.6285 STATE:IDLE
[2026-05-11 23:07:32Z] CHK MOM:0% RANGE:0% UP:0% SPREAD:0.15923566% BID:0.628 ASK:0.629 MID:0.6285 P1:0.6285 P2:0.6285 P3:0.6285 P4:0.6285 STATE:IDLE
[2026-05-11 23:07:33Z] CHK MOM:0% RANGE:0% UP:0% SPREAD:0.15923566% BID:0.628 ASK:0.629 MID:0.6285 P1:0.6285 P2:0.6285 P3:0.6285 P4:0.6285 STATE:IDLE
[2026-05-11 23:07:33Z] CHK MOM:0% RANGE:0% UP:0% SPREAD:0.15923566% BID:0.628 ASK:0.629 MID:0.6285 P1:0.6285 P2:0.6285 P3:0.6285 P4:0.6285 STATE:IDLE
[2026-05-11 23:07:34Z] CHK MOM:0% RANGE:0% UP:0% SPREAD:0.15923566% BID:0.628 ASK:0.629 MID:0.6285 P1:0.6285 P2:0.6285 P3:0.6285 P4:0.6285 STATE:IDLE
[2026-05-11 23:07:34Z] CHK MOM:0% RANGE:0% UP:0% SPREAD:0.15923566% BID:0.628 ASK:0.629 MID:0.6285 P1:0.6285 P2:0.6285 P3:0.6285 P4:0.6285 STATE:IDLE
[2026-05-11 23:07:35Z] CHK MOM:0% RANGE:0% UP:0% SPREAD:0.15923566% BID:0.628 ASK:0.629 MID:0.6285 P1:0.6285 P2:0.6285 P3:0.6285 P4:0.6285 STATE:IDLE
[2026-05-11 23:07:35Z] CHK MOM:0% RANGE:0% UP:0% SPREAD:0.15923566% BID:0.628 ASK:0.629 MID:0.6285 P1:0.6285 P2:0.6285 P3:0.6285 P4:0.6285 STATE:IDLE
[2026-05-11 23:07:36Z] CHK MOM:0% RANGE:0% UP:0% SPREAD:0.15923566% BID:0.628 ASK:0.629 MID:0.6285 P1:0.6285 P2:0.6285 P3:0.6285 P4:0.6285 STATE:IDLE
[2026-05-11 23:07:37Z] CHK MOM:0% RANGE:0% UP:0% SPREAD:0.15923566% BID:0.628 ASK:0.629 MID:0.6285 P1:0.6285 P2:0.6285 P3:0.6285 P4:0.6285 STATE:IDLE
[2026-05-11 23:07:37Z] CHK MOM:0% RANGE:0% UP:0% SPREAD:0.15923566% BID:0.628 ASK:0.629 MID:0.6285 P1:0.6285 P2:0.6285 P3:0.6285 P4:0.6285 STATE:IDLE
[2026-05-11 23:07:38Z] CHK MOM:0% RANGE:0% UP:0% SPREAD:0.15923566% BID:0.628 ASK:0.629 MID:0.6285 P1:0.6285 P2:0.6285 P3:0.6285 P4:0.6285 STATE:IDLE
[2026-05-11 23:07:39Z] CHK MOM:0% RANGE:0% UP:0% SPREAD:0.15923566% BID:0.628 ASK:0.629 MID:0.6285 P1:0.6285 P2:0.6285 P3:0.6285 P4:0.6285 STATE:IDLE
[2026-05-11 23:07:39Z] CHK MOM:0% RANGE:0% UP:0% SPREAD:0.15923566% BID:0.628 ASK:0.629 MID:0.6285 P1:0.6285 P2:0.6285 P3:0.6285 P4:0.6285 STATE:IDLE
[2026-05-11 23:07:40Z] CHK MOM:0% RANGE:0% UP:0% SPREAD:0.15923566% BID:0.628 ASK:0.629 MID:0.6285 P1:0.6285 P2:0.6285 P3:0.6285 P4:0.6285 STATE:IDLE
[2026-05-11 23:07:40Z] CHK MOM:0% RANGE:0% UP:0% SPREAD:0.15923566% BID:0.628 ASK:0.629 MID:0.6285 P1:0.6285 P2:0.6285 P3:0.6285 P4:0.6285 STATE:IDLE
[2026-05-11 23:07:41Z] CHK MOM:0% RANGE:0% UP:0% SPREAD:0.15923566% BID:0.628 ASK:0.629 MID:0.6285 P1:0.6285 P2:0.6285 P3:0.6285 P4:0.6285 STATE:IDLE
[2026-05-11 23:07:41Z] CHK MOM:0% RANGE:0% UP:0% SPREAD:0.15923566% BID:0.628 ASK:0.629 MID:0.6285 P1:0.6285 P2:0.6285 P3:0.6285 P4:0.6285 STATE:IDLE
[2026-05-11 23:07:42Z] CHK MOM:0% RANGE:0% UP:0% SPREAD:0.15923566% BID:0.628 ASK:0.629 MID:0.6285 P1:0.6285 P2:0.6285 P3:0.6285 P4:0.6285 STATE:IDLE
[2026-05-11 23:07:42Z] CHK MOM:0% RANGE:0% UP:0% SPREAD:0.15923566% BID:0.628 ASK:0.629 MID:0.6285 P1:0.6285 P2:0.6285 P3:0.6285 P4:0.6285 STATE:IDLE
[2026-05-11 23:07:43Z] CHK MOM:0.15% RANGE:0.15% UP:14.28% SPREAD:0.15898251% BID:0.629 ASK:0.63 MID:0.6295 P1:0.6295 P2:0.6285 P3:0.6285 P4:0.6285 STATE:IDLE
[2026-05-11 23:07:44Z] CHK MOM:0.15% RANGE:0.15% UP:12.5% SPREAD:0.15898251% BID:0.629 ASK:0.63 MID:0.6295 P1:0.6295 P2:0.6295 P3:0.6285 P4:0.6285 STATE:IDLE
[2026-05-11 23:07:44Z] CHK MOM:0.15% RANGE:0.15% UP:11.11% SPREAD:0.15898251% BID:0.629 ASK:0.63 MID:0.6295 P1:0.6295 P2:0.6295 P3:0.6295 P4:0.6285 STATE:IDLE
[2026-05-11 23:07:45Z] CHK MOM:0.15% RANGE:0.15% UP:11.11% SPREAD:0.15898251% BID:0.629 ASK:0.63 MID:0.6295 P1:0.6295 P2:0.6295 P3:0.6295 P4:0.6295 STATE:IDLE
[2026-05-11 23:07:45Z] CHK MOM:0.15% RANGE:0.15% UP:10% SPREAD:0.15898251% BID:0.629 ASK:0.63 MID:0.6295 P1:0.6295 P2:0.6295 P3:0.6295 P4:0.6295 STATE:IDLE
[2026-05-11 23:07:46Z] CHK MOM:0.15% RANGE:0.15% UP:9.09% SPREAD:0.15898251% BID:0.629 ASK:0.63 MID:0.6295 P1:0.6295 P2:0.6295 P3:0.6295 P4:0.6295 STATE:IDLE
[2026-05-11 23:07:46Z] CHK MOM:0.15% RANGE:0.15% UP:9.09% SPREAD:0.15898251% BID:0.629 ASK:0.63 MID:0.6295 P1:0.6295 P2:0.6295 P3:0.6295 P4:0.6295 STATE:IDLE
[2026-05-11 23:07:47Z] CHK MOM:0.15% RANGE:0.15% UP:9.09% SPREAD:0.15898251% BID:0.629 ASK:0.63 MID:0.6295 P1:0.6295 P2:0.6295 P3:0.6295 P4:0.6295 STATE:IDLE
[2026-05-11 23:07:47Z] CHK MOM:0.15% RANGE:0.15% UP:9.09% SPREAD:0.15898251% BID:0.629 ASK:0.63 MID:0.6295 P1:0.6295 P2:0.6295 P3:0.6295 P4:0.6295 STATE:IDLE
[2026-05-11 23:07:48Z] CHK MOM:0.15% RANGE:0.15% UP:8.33% SPREAD:0.15898251% BID:0.629 ASK:0.63 MID:0.6295 P1:0.6295 P2:0.6295 P3:0.6295 P4:0.6295 STATE:IDLE
[2026-05-11 23:07:48Z] CHK MOM:0.15% RANGE:0.15% UP:8.33% SPREAD:0.15898251% BID:0.629 ASK:0.63 MID:0.6295 P1:0.6295 P2:0.6295 P3:0.6295 P4:0.6295 STATE:IDLE
[2026-05-11 23:07:49Z] CHK MOM:0.15% RANGE:0.15% UP:8.33% SPREAD:0.15898251% BID:0.629 ASK:0.63 MID:0.6295 P1:0.6295 P2:0.6295 P3:0.6295 P4:0.6295 STATE:IDLE
[2026-05-11 23:07:50Z] CHK MOM:0.15% RANGE:0.15% UP:9.09% SPREAD:0.15898251% BID:0.629 ASK:0.63 MID:0.6295 P1:0.6295 P2:0.6295 P3:0.6295 P4:0.6295 STATE:IDLE
[2026-05-11 23:07:50Z] CHK MOM:0.15% RANGE:0.15% UP:9.09% SPREAD:0.15898251% BID:0.629 ASK:0.63 MID:0.6295 P1:0.6295 P2:0.6295 P3:0.6295 P4:0.6295 STATE:IDLE
[2026-05-11 23:07:51Z] CHK MOM:0.15% RANGE:0.15% UP:8.33% SPREAD:0.15898251% BID:0.629 ASK:0.63 MID:0.6295 P1:0.6295 P2:0.6295 P3:0.6295 P4:0.6295 STATE:IDLE
[2026-05-11 23:07:51Z] CHK MOM:0.15% RANGE:0.15% UP:8.33% SPREAD:0.15898251% BID:0.629 ASK:0.63 MID:0.6295 P1:0.6295 P2:0.6295 P3:0.6295 P4:0.6295 STATE:IDLE
[2026-05-11 23:07:52Z] CHK MOM:0.15% RANGE:0.15% UP:8.33% SPREAD:0.15898251% BID:0.629 ASK:0.63 MID:0.6295 P1:0.6295 P2:0.6295 P3:0.6295 P4:0.6295 STATE:IDLE
[2026-05-11 23:07:52Z] CHK MOM:0.15% RANGE:0.15% UP:8.33% SPREAD:0.15898251% BID:0.629 ASK:0.63 MID:0.6295 P1:0.6295 P2:0.6295 P3:0.6295 P4:0.6295 STATE:IDLE
[2026-05-11 23:07:53Z] CHK MOM:0.15% RANGE:0.15% UP:8.33% SPREAD:0.15898251% BID:0.629 ASK:0.63 MID:0.6295 P1:0.6295 P2:0.6295 P3:0.6295 P4:0.6295 STATE:IDLE
[2026-05-11 23:07:53Z] CHK MOM:0.15% RANGE:0.15% UP:8.33% SPREAD:0.15898251% BID:0.629 ASK:0.63 MID:0.6295 P1:0.6295 P2:0.6295 P3:0.6295 P4:0.6295 STATE:IDLE
[2026-05-11 23:07:55Z] CHK MOM:0.15% RANGE:0.15% UP:9.09% SPREAD:0.15898251% BID:0.629 ASK:0.63 MID:0.6295 P1:0.6295 P2:0.6295 P3:0.6295 P4:0.6295 STATE:IDLE
[2026-05-11 23:07:55Z] CHK MOM:0% RANGE:0% UP:0% SPREAD:0.15898251% BID:0.629 ASK:0.63 MID:0.6295 P1:0.6295 P2:0.6295 P3:0.6295 P4:0.6295 STATE:IDLE
[2026-05-11 23:07:56Z] CHK MOM:0% RANGE:0% UP:0% SPREAD:0.15898251% BID:0.629 ASK:0.63 MID:0.6295 P1:0.6295 P2:0.6295 P3:0.6295 P4:0.6295 STATE:IDLE
[2026-05-11 23:07:56Z] CHK MOM:0% RANGE:0% UP:0% SPREAD:0.15898251% BID:0.629 ASK:0.63 MID:0.6295 P1:0.6295 P2:0.6295 P3:0.6295 P4:0.6295 STATE:IDLE
[2026-05-11 23:07:57Z] CHK MOM:0% RANGE:0% UP:0% SPREAD:0.15898251% BID:0.629 ASK:0.63 MID:0.6295 P1:0.6295 P2:0.6295 P3:0.6295 P4:0.6295 STATE:IDLE
[2026-05-11 23:07:57Z] CHK MOM:0% RANGE:0% UP:0% SPREAD:0.15898251% BID:0.629 ASK:0.63 MID:0.6295 P1:0.6295 P2:0.6295 P3:0.6295 P4:0.6295 STATE:IDLE
[2026-05-11 23:07:58Z] CHK MOM:0% RANGE:0% UP:0% SPREAD:0.15898251% BID:0.629 ASK:0.63 MID:0.6295 P1:0.6295 P2:0.6295 P3:0.6295 P4:0.6295 STATE:IDLE
[2026-05-11 23:07:58Z] CHK MOM:0% RANGE:0% UP:0% SPREAD:0.15898251% BID:0.629 ASK:0.63 MID:0.6295 P1:0.6295 P2:0.6295 P3:0.6295 P4:0.6295 STATE:IDLE
[2026-05-11 23:07:59Z] CHK MOM:0% RANGE:0% UP:0% SPREAD:0.15898251% BID:0.629 ASK:0.63 MID:0.6295 P1:0.6295 P2:0.6295 P3:0.6295 P4:0.6295 STATE:IDLE
[2026-05-11 23:07:59Z] CHK MOM:0% RANGE:0% UP:0% SPREAD:0.15898251% BID:0.629 ASK:0.63 MID:0.6295 P1:0.6295 P2:0.6295 P3:0.6295 P4:0.6295 STATE:IDLE
[2026-05-11 23:08:00Z] CHK MOM:0% RANGE:0% UP:0% SPREAD:0.15898251% BID:0.629 ASK:0.63 MID:0.6295 P1:0.6295 P2:0.6295 P3:0.6295 P4:0.6295 STATE:IDLE
[2026-05-11 23:08:01Z] CHK MOM:0% RANGE:0% UP:0% SPREAD:0.15898251% BID:0.629 ASK:0.63 MID:0.6295 P1:0.6295 P2:0.6295 P3:0.6295 P4:0.6295 STATE:IDLE
[2026-05-11 23:08:01Z] CHK MOM:0% RANGE:0% UP:0% SPREAD:0.15898251% BID:0.629 ASK:0.63 MID:0.6295 P1:0.6295 P2:0.6295 P3:0.6295 P4:0.6295 STATE:IDLE
[2026-05-11 23:08:02Z] CHK MOM:0% RANGE:0% UP:0% SPREAD:0.15898251% BID:0.629 ASK:0.63 MID:0.6295 P1:0.6295 P2:0.6295 P3:0.6295 P4:0.6295 STATE:IDLE
[2026-05-11 23:08:02Z] CHK MOM:0% RANGE:0% UP:0% SPREAD:0.15898251% BID:0.629 ASK:0.63 MID:0.6295 P1:0.6295 P2:0.6295 P3:0.6295 P4:0.6295 STATE:IDLE
[2026-05-11 23:08:03Z] CHK MOM:0% RANGE:0% UP:0% SPREAD:0.15898251% BID:0.629 ASK:0.63 MID:0.6295 P1:0.6295 P2:0.6295 P3:0.6295 P4:0.6295 STATE:IDLE
[2026-05-11 23:08:03Z] CHK MOM:0% RANGE:0% UP:0% SPREAD:0.15898251% BID:0.629 ASK:0.63 MID:0.6295 P1:0.6295 P2:0.6295 P3:0.6295 P4:0.6295 STATE:IDLE
[2026-05-11 23:08:04Z] CHK MOM:0% RANGE:0% UP:0% SPREAD:0.15898251% BID:0.629 ASK:0.63 MID:0.6295 P1:0.6295 P2:0.6295 P3:0.6295 P4:0.6295 STATE:IDLE
[2026-05-11 23:08:04Z] CHK MOM:0% RANGE:0% UP:0% SPREAD:0.15898251% BID:0.629 ASK:0.63 MID:0.6295 P1:0.6295 P2:0.6295 P3:0.6295 P4:0.6295 STATE:IDLE
[2026-05-11 23:08:05Z] CHK MOM:0% RANGE:0% UP:0% SPREAD:0.15898251% BID:0.629 ASK:0.63 MID:0.6295 P1:0.6295 P2:0.6295 P3:0.6295 P4:0.6295 STATE:IDLE
[2026-05-11 23:08:06Z] CHK MOM:0% RANGE:0% UP:0% SPREAD:0.15898251% BID:0.629 ASK:0.63 MID:0.6295 P1:0.6295 P2:0.6295 P3:0.6295 P4:0.6295 STATE:IDLE
[2026-05-11 23:08:06Z] CHK MOM:0% RANGE:0% UP:0% SPREAD:0.15898251% BID:0.629 ASK:0.63 MID:0.6295 P1:0.6295 P2:0.6295 P3:0.6295 P4:0.6295 STATE:IDLE
[2026-05-11 23:08:07Z] CHK MOM:0% RANGE:0% UP:0% SPREAD:0.15898251% BID:0.629 ASK:0.63 MID:0.6295 P1:0.6295 P2:0.6295 P3:0.6295 P4:0.6295 STATE:IDLE
[2026-05-11 23:08:07Z] CHK MOM:0% RANGE:0% UP:0% SPREAD:0.15898251% BID:0.629 ASK:0.63 MID:0.6295 P1:0.6295 P2:0.6295 P3:0.6295 P4:0.6295 STATE:IDLE
[2026-05-11 23:08:08Z] CHK MOM:0% RANGE:0% UP:0% SPREAD:0.15898251% BID:0.629 ASK:0.63 MID:0.6295 P1:0.6295 P2:0.6295 P3:0.6295 P4:0.6295 STATE:IDLE
[2026-05-11 23:08:08Z] CHK MOM:0% RANGE:0% UP:0% SPREAD:0.15898251% BID:0.629 ASK:0.63 MID:0.6295 P1:0.6295 P2:0.6295 P3:0.6295 P4:0.6295 STATE:IDLE
[2026-05-11 23:08:09Z] CHK MOM:0% RANGE:0% UP:0% SPREAD:0.15898251% BID:0.629 ASK:0.63 MID:0.6295 P1:0.6295 P2:0.6295 P3:0.6295 P4:0.6295 STATE:IDLE
[2026-05-11 23:08:09Z] CHK MOM:0% RANGE:0% UP:0% SPREAD:0.15898251% BID:0.629 ASK:0.63 MID:0.6295 P1:0.6295 P2:0.6295 P3:0.6295 P4:0.6295 STATE:IDLE
[2026-05-11 23:08:10Z] CHK MOM:0% RANGE:0% UP:0% SPREAD:0.15898251% BID:0.629 ASK:0.63 MID:0.6295 P1:0.6295 P2:0.6295 P3:0.6295 P4:0.6295 STATE:IDLE
[2026-05-11 23:08:10Z] CHK MOM:0% RANGE:0% UP:0% SPREAD:0.15898251% BID:0.629 ASK:0.63 MID:0.6295 P1:0.6295 P2:0.6295 P3:0.6295 P4:0.6295 STATE:IDLE
[2026-05-11 23:08:11Z] CHK MOM:0% RANGE:0% UP:0% SPREAD:0.15898251% BID:0.629 ASK:0.63 MID:0.6295 P1:0.6295 P2:0.6295 P3:0.6295 P4:0.6295 STATE:IDLE
[2026-05-11 23:08:12Z] CHK MOM:0% RANGE:0% UP:0% SPREAD:0.15898251% BID:0.629 ASK:0.63 MID:0.6295 P1:0.6295 P2:0.6295 P3:0.6295 P4:0.6295 STATE:IDLE
[2026-05-11 23:08:12Z] CHK MOM:0% RANGE:0% UP:0% SPREAD:0.15898251% BID:0.629 ASK:0.63 MID:0.6295 P1:0.6295 P2:0.6295 P3:0.6295 P4:0.6295 STATE:IDLE
[2026-05-11 23:08:13Z] CHK MOM:0% RANGE:0% UP:0% SPREAD:0.15898251% BID:0.629 ASK:0.63 MID:0.6295 P1:0.6295 P2:0.6295 P3:0.6295 P4:0.6295 STATE:IDLE
[2026-05-11 23:08:13Z] CHK MOM:0% RANGE:0% UP:0% SPREAD:0.15898251% BID:0.629 ASK:0.63 MID:0.6295 P1:0.6295 P2:0.6295 P3:0.6295 P4:0.6295 STATE:IDLE
[2026-05-11 23:08:14Z] CHK MOM:0% RANGE:0% UP:0% SPREAD:0.15898251% BID:0.629 ASK:0.63 MID:0.6295 P1:0.6295 P2:0.6295 P3:0.6295 P4:0.6295 STATE:IDLE
[2026-05-11 23:08:14Z] CHK MOM:0% RANGE:0% UP:0% SPREAD:0.15898251% BID:0.629 ASK:0.63 MID:0.6295 P1:0.6295 P2:0.6295 P3:0.6295 P4:0.6295 STATE:IDLE
[2026-05-11 23:08:15Z] CHK MOM:0% RANGE:0% UP:0% SPREAD:0.15898251% BID:0.629 ASK:0.63 MID:0.6295 P1:0.6295 P2:0.6295 P3:0.6295 P4:0.6295 STATE:IDLE
[2026-05-11 23:08:15Z] CHK MOM:0% RANGE:0% UP:0% SPREAD:0.15898251% BID:0.629 ASK:0.63 MID:0.6295 P1:0.6295 P2:0.6295 P3:0.6295 P4:0.6295 STATE:IDLE
[2026-05-11 23:08:16Z] CHK MOM:0.07% RANGE:0.07% UP:10% SPREAD:0.31796502% BID:0.629 ASK:0.631 MID:0.63 P1:0.63 P2:0.6295 P3:0.6295 P4:0.6295 STATE:IDLE
[2026-05-11 23:08:17Z] CHK MOM:0.15% RANGE:0.15% UP:20% SPREAD:0.15873015% BID:0.63 ASK:0.631 MID:0.6305 P1:0.6305 P2:0.63 P3:0.6295 P4:0.6295 STATE:IDLE
[2026-05-11 23:08:17Z] CHK MOM:0.07% RANGE:0.15% UP:18.18% SPREAD:0.31796502% BID:0.629 ASK:0.631 MID:0.63 P1:0.63 P2:0.6305 P3:0.63 P4:0.6295 STATE:IDLE
[2026-05-11 23:08:18Z] CHK MOM:0.07% RANGE:0.15% UP:18.18% SPREAD:0.31796502% BID:0.629 ASK:0.631 MID:0.63 P1:0.63 P2:0.6305 P3:0.63 P4:0.6295 STATE:IDLE
[2026-05-11 23:08:18Z] CHK MOM:0.07% RANGE:0.15% UP:18.18% SPREAD:0.31796502% BID:0.629 ASK:0.631 MID:0.63 P1:0.63 P2:0.6305 P3:0.63 P4:0.6295 STATE:IDLE
[2026-05-11 23:08:19Z] CHK MOM:0.15% RANGE:0.15% UP:27.27% SPREAD:0.15873015% BID:0.63 ASK:0.631 MID:0.6305 P1:0.6305 P2:0.63 P3:0.6305 P4:0.63 STATE:IDLE
[2026-05-11 23:08:19Z] CHK MOM:0.07% RANGE:0.15% UP:25% SPREAD:0.31796502% BID:0.629 ASK:0.631 MID:0.63 P1:0.63 P2:0.6305 P3:0.63 P4:0.6305 STATE:IDLE
[2026-05-11 23:08:20Z] CHK MOM:0.07% RANGE:0.15% UP:25% SPREAD:0.31796502% BID:0.629 ASK:0.631 MID:0.63 P1:0.63 P2:0.6305 P3:0.63 P4:0.6305 STATE:IDLE
[2026-05-11 23:08:20Z] CHK MOM:0.07% RANGE:0.15% UP:25% SPREAD:0.31796502% BID:0.629 ASK:0.631 MID:0.63 P1:0.63 P2:0.6305 P3:0.63 P4:0.6305 STATE:IDLE
[2026-05-11 23:08:21Z] CHK MOM:0.07% RANGE:0.15% UP:25% SPREAD:0.31796502% BID:0.629 ASK:0.631 MID:0.63 P1:0.63 P2:0.6305 P3:0.63 P4:0.6305 STATE:IDLE
[2026-05-11 23:08:21Z] CHK MOM:0.15% RANGE:0.15% UP:40% SPREAD:0.15873015% BID:0.63 ASK:0.631 MID:0.6305 P1:0.6305 P2:0.63 P3:0.6305 P4:0.63 STATE:IDLE
[2026-05-11 23:08:22Z] CHK MOM:0.15% RANGE:0.15% UP:36.36% SPREAD:0.15873015% BID:0.63 ASK:0.631 MID:0.6305 P1:0.6305 P2:0.6305 P3:0.63 P4:0.6305 STATE:IDLE
[2026-05-11 23:08:23Z] CHK MOM:0.15% RANGE:0.15% UP:33.33% SPREAD:0.15873015% BID:0.63 ASK:0.631 MID:0.6305 P1:0.6305 P2:0.6305 P3:0.6305 P4:0.63 STATE:IDLE
[2026-05-11 23:08:23Z] CHK MOM:0.15% RANGE:0.15% UP:33.33% SPREAD:0.15873015% BID:0.63 ASK:0.631 MID:0.6305 P1:0.6305 P2:0.6305 P3:0.6305 P4:0.63 STATE:IDLE
[2026-05-11 23:08:24Z] CHK MOM:0.15% RANGE:0.15% UP:33.33% SPREAD:0.15873015% BID:0.63 ASK:0.631 MID:0.6305 P1:0.6305 P2:0.6305 P3:0.6305 P4:0.6305 STATE:IDLE
[2026-05-11 23:08:24Z] CHK MOM:0.15% RANGE:0.15% UP:33.33% SPREAD:0.15873015% BID:0.63 ASK:0.631 MID:0.6305 P1:0.6305 P2:0.6305 P3:0.6305 P4:0.6305 STATE:IDLE
[2026-05-11 23:08:25Z] CHK MOM:0.15% RANGE:0.15% UP:33.33% SPREAD:0.15873015% BID:0.63 ASK:0.631 MID:0.6305 P1:0.6305 P2:0.6305 P3:0.6305 P4:0.6305 STATE:IDLE
[2026-05-11 23:08:25Z] CHK MOM:0.15% RANGE:0.15% UP:33.33% SPREAD:0.15873015% BID:0.63 ASK:0.631 MID:0.6305 P1:0.6305 P2:0.6305 P3:0.6305 P4:0.6305 STATE:IDLE
[2026-05-11 23:08:26Z] CHK MOM:0.15% RANGE:0.15% UP:33.33% SPREAD:0.15873015% BID:0.63 ASK:0.631 MID:0.6305 P1:0.6305 P2:0.6305 P3:0.6305 P4:0.6305 STATE:IDLE
[2026-05-11 23:08:26Z] CHK MOM:0.15% RANGE:0.15% UP:33.33% SPREAD:0.15873015% BID:0.63 ASK:0.631 MID:0.6305 P1:0.6305 P2:0.6305 P3:0.6305 P4:0.6305 STATE:IDLE
[2026-05-11 23:08:27Z] CHK MOM:0.15% RANGE:0.15% UP:33.33% SPREAD:0.15873015% BID:0.63 ASK:0.631 MID:0.6305 P1:0.6305 P2:0.6305 P3:0.6305 P4:0.6305 STATE:IDLE
[2026-05-11 23:08:28Z] CHK MOM:0.15% RANGE:0.15% UP:33.33% SPREAD:0.15873015% BID:0.63 ASK:0.631 MID:0.6305 P1:0.6305 P2:0.6305 P3:0.6305 P4:0.6305 STATE:IDLE
[2026-05-11 23:08:28Z] CHK MOM:0% RANGE:0.07% UP:22.22% SPREAD:0.15873015% BID:0.63 ASK:0.631 MID:0.6305 P1:0.6305 P2:0.6305 P3:0.6305 P4:0.6305 STATE:IDLE
[2026-05-11 23:08:29Z] CHK MOM:0% RANGE:0.07% UP:22.22% SPREAD:0.15873015% BID:0.63 ASK:0.631 MID:0.6305 P1:0.6305 P2:0.6305 P3:0.6305 P4:0.6305 STATE:IDLE
[2026-05-11 23:08:29Z] CHK MOM:0.07% RANGE:0.07% UP:22.22% SPREAD:0.15873015% BID:0.63 ASK:0.631 MID:0.6305 P1:0.6305 P2:0.6305 P3:0.6305 P4:0.6305 STATE:IDLE
[2026-05-11 23:08:30Z] CHK MOM:0.07% RANGE:0.07% UP:22.22% SPREAD:0.15873015% BID:0.63 ASK:0.631 MID:0.6305 P1:0.6305 P2:0.6305 P3:0.6305 P4:0.6305 STATE:IDLE
[2026-05-11 23:08:30Z] CHK MOM:0.07% RANGE:0.07% UP:22.22% SPREAD:0.15873015% BID:0.63 ASK:0.631 MID:0.6305 P1:0.6305 P2:0.6305 P3:0.6305 P4:0.6305 STATE:IDLE
[2026-05-11 23:08:31Z] CHK MOM:0.07% RANGE:0.07% UP:12.5% SPREAD:0.15873015% BID:0.63 ASK:0.631 MID:0.6305 P1:0.6305 P2:0.6305 P3:0.6305 P4:0.6305 STATE:IDLE
[2026-05-11 23:08:31Z] CHK MOM:0.07% RANGE:0.07% UP:11.11% SPREAD:0.15873015% BID:0.63 ASK:0.631 MID:0.6305 P1:0.6305 P2:0.6305 P3:0.6305 P4:0.6305 STATE:IDLE
[2026-05-11 23:08:32Z] CHK MOM:0% RANGE:0% UP:0% SPREAD:0.15873015% BID:0.63 ASK:0.631 MID:0.6305 P1:0.6305 P2:0.6305 P3:0.6305 P4:0.6305 STATE:IDLE
[2026-05-11 23:08:32Z] CHK MOM:0% RANGE:0% UP:0% SPREAD:0.15873015% BID:0.63 ASK:0.631 MID:0.6305 P1:0.6305 P2:0.6305 P3:0.6305 P4:0.6305 STATE:IDLE
[2026-05-11 23:08:33Z] CHK MOM:0% RANGE:0% UP:0% SPREAD:0.15873015% BID:0.63 ASK:0.631 MID:0.6305 P1:0.6305 P2:0.6305 P3:0.6305 P4:0.6305 STATE:IDLE
[2026-05-11 23:08:34Z] CHK MOM:0% RANGE:0% UP:0% SPREAD:0.15873015% BID:0.63 ASK:0.631 MID:0.6305 P1:0.6305 P2:0.6305 P3:0.6305 P4:0.6305 STATE:IDLE
[2026-05-11 23:08:34Z] CHK MOM:0% RANGE:0% UP:0% SPREAD:0.15873015% BID:0.63 ASK:0.631 MID:0.6305 P1:0.6305 P2:0.6305 P3:0.6305 P4:0.6305 STATE:IDLE
[2026-05-11 23:08:35Z] CHK MOM:0% RANGE:0% UP:0% SPREAD:0.15873015% BID:0.63 ASK:0.631 MID:0.6305 P1:0.6305 P2:0.6305 P3:0.6305 P4:0.6305 STATE:IDLE
[2026-05-11 23:08:35Z] CHK MOM:0% RANGE:0% UP:0% SPREAD:0.15873015% BID:0.63 ASK:0.631 MID:0.6305 P1:0.6305 P2:0.6305 P3:0.6305 P4:0.6305 STATE:IDLE
[2026-05-11 23:08:36Z] CHK MOM:0% RANGE:0% UP:0% SPREAD:0.15873015% BID:0.63 ASK:0.631 MID:0.6305 P1:0.6305 P2:0.6305 P3:0.6305 P4:0.6305 STATE:IDLE
[2026-05-11 23:08:36Z] CHK MOM:-0.07% RANGE:0.07% UP:0% SPREAD:0.31796502% BID:0.629 ASK:0.631 MID:0.63 P1:0.63 P2:0.6305 P3:0.6305 P4:0.6305 STATE:IDLE
[2026-05-11 23:08:37Z] CHK MOM:-0.07% RANGE:0.07% UP:0% SPREAD:0.31796502% BID:0.629 ASK:0.631 MID:0.63 P1:0.63 P2:0.6305 P3:0.6305 P4:0.6305 STATE:IDLE
[2026-05-11 23:08:37Z] CHK MOM:-0.07% RANGE:0.07% UP:0% SPREAD:0.31796502% BID:0.629 ASK:0.631 MID:0.63 P1:0.63 P2:0.6305 P3:0.6305 P4:0.6305 STATE:IDLE
[2026-05-11 23:08:38Z] CHK MOM:-0.07% RANGE:0.07% UP:0% SPREAD:0.31796502% BID:0.629 ASK:0.631 MID:0.63 P1:0.63 P2:0.6305 P3:0.6305 P4:0.6305 STATE:IDLE
[2026-05-11 23:08:39Z] CHK MOM:-0.07% RANGE:0.07% UP:0% SPREAD:0.31796502% BID:0.629 ASK:0.631 MID:0.63 P1:0.63 P2:0.6305 P3:0.6305 P4:0.6305 STATE:IDLE
[2026-05-11 23:08:44Z] CHK MOM:-0.15% RANGE:0.15% UP:0% SPREAD:0.15898251% BID:0.629 ASK:0.63 MID:0.6295 P1:0.6295 P2:0.63 P3:0.6305 P4:0.6305 STATE:IDLE
[2026-05-11 23:08:45Z] CHK MOM:-0.15% RANGE:0.15% UP:0% SPREAD:0.15898251% BID:0.629 ASK:0.63 MID:0.6295 P1:0.6295 P2:0.63 P3:0.6305 P4:0.6305 STATE:IDLE
[2026-05-11 23:08:45Z] CHK MOM:-0.15% RANGE:0.15% UP:0% SPREAD:0.15898251% BID:0.629 ASK:0.63 MID:0.6295 P1:0.6295 P2:0.63 P3:0.6305 P4:0.6305 STATE:IDLE
[2026-05-11 23:08:46Z] CHK MOM:-0.15% RANGE:0.15% UP:0% SPREAD:0.15898251% BID:0.629 ASK:0.63 MID:0.6295 P1:0.6295 P2:0.63 P3:0.6305 P4:0.6305 STATE:IDLE
[2026-05-11 23:08:46Z] CHK MOM:-0.15% RANGE:0.15% UP:0% SPREAD:0.15898251% BID:0.629 ASK:0.63 MID:0.6295 P1:0.6295 P2:0.63 P3:0.6305 P4:0.6305 STATE:IDLE
[2026-05-11 23:08:54Z] CHK MOM:0% RANGE:0% UP:0% SPREAD:0.15898251% BID:0.629 ASK:0.63 MID:0.6295 P1:0.6295 P2:0.6295 P3:0.63 P4:0.6305 STATE:IDLE
[2026-05-11 23:08:55Z] CHK MOM:0% RANGE:0% UP:0% SPREAD:0.15898251% BID:0.629 ASK:0.63 MID:0.6295 P1:0.6295 P2:0.6295 P3:0.6295 P4:0.63 STATE:IDLE
[2026-05-11 23:08:55Z] CHK MOM:0% RANGE:0% UP:0% SPREAD:0.15898251% BID:0.629 ASK:0.63 MID:0.6295 P1:0.6295 P2:0.6295 P3:0.6295 P4:0.63 STATE:IDLE
[2026-05-11 23:08:56Z] CHK MOM:0% RANGE:0% UP:0% SPREAD:0.15898251% BID:0.629 ASK:0.63 MID:0.6295 P1:0.6295 P2:0.6295 P3:0.6295 P4:0.63 STATE:IDLE
[2026-05-11 23:08:56Z] CHK MOM:0% RANGE:0% UP:0% SPREAD:0.15898251% BID:0.629 ASK:0.63 MID:0.6295 P1:0.6295 P2:0.6295 P3:0.6295 P4:0.63 STATE:IDLE
[2026-05-11 23:08:57Z] CHK MOM:0% RANGE:0% UP:0% SPREAD:0.15898251% BID:0.629 ASK:0.63 MID:0.6295 P1:0.6295 P2:0.6295 P3:0.6295 P4:0.63 STATE:IDLE
[2026-05-11 23:08:57Z] CHK MOM:0% RANGE:0% UP:0% SPREAD:0.15898251% BID:0.629 ASK:0.63 MID:0.6295 P1:0.6295 P2:0.6295 P3:0.6295 P4:0.63 STATE:IDLE
[2026-05-11 23:09:00Z] CHK MOM:0% RANGE:0% UP:0% SPREAD:0.15898251% BID:0.629 ASK:0.63 MID:0.6295 P1:0.6295 P2:0.6295 P3:0.6295 P4:0.6295 STATE:IDLE
[2026-05-11 23:09:01Z] CHK MOM:0.15% RANGE:0.15% UP:33.33% SPREAD:0.15873015% BID:0.63 ASK:0.631 MID:0.6305 P1:0.6305 P2:0.6295 P3:0.6295 P4:0.6295 STATE:IDLE
[2026-05-11 23:09:01Z] CHK MOM:0.15% RANGE:0.15% UP:33.33% SPREAD:0.15873015% BID:0.63 ASK:0.631 MID:0.6305 P1:0.6305 P2:0.6295 P3:0.6295 P4:0.6295 STATE:IDLE
[2026-05-11 23:09:02Z] CHK MOM:0.15% RANGE:0.15% UP:25% SPREAD:0.15873015% BID:0.63 ASK:0.631 MID:0.6305 P1:0.6305 P2:0.6305 P3:0.6295 P4:0.6295 STATE:IDLE
[2026-05-11 23:09:02Z] CHK MOM:0.15% RANGE:0.15% UP:20% SPREAD:0.15873015% BID:0.63 ASK:0.631 MID:0.6305 P1:0.6305 P2:0.6305 P3:0.6305 P4:0.6295 STATE:IDLE
[2026-05-11 23:09:03Z] CHK MOM:0.15% RANGE:0.15% UP:20% SPREAD:0.15873015% BID:0.63 ASK:0.631 MID:0.6305 P1:0.6305 P2:0.6305 P3:0.6305 P4:0.6295 STATE:IDLE
[2026-05-11 23:09:03Z] CHK MOM:0.15% RANGE:0.15% UP:20% SPREAD:0.15873015% BID:0.63 ASK:0.631 MID:0.6305 P1:0.6305 P2:0.6305 P3:0.6305 P4:0.6295 STATE:IDLE
[2026-05-11 23:09:04Z] CHK MOM:0.15% RANGE:0.15% UP:16.66% SPREAD:0.15873015% BID:0.63 ASK:0.631 MID:0.6305 P1:0.6305 P2:0.6305 P3:0.6305 P4:0.6305 STATE:IDLE
[2026-05-11 23:09:04Z] CHK MOM:0.15% RANGE:0.15% UP:16.66% SPREAD:0.15873015% BID:0.63 ASK:0.631 MID:0.6305 P1:0.6305 P2:0.6305 P3:0.6305 P4:0.6305 STATE:IDLE
[2026-05-11 23:09:05Z] CHK MOM:0.15% RANGE:0.15% UP:16.66% SPREAD:0.15873015% BID:0.63 ASK:0.631 MID:0.6305 P1:0.6305 P2:0.6305 P3:0.6305 P4:0.6305 STATE:IDLE
[2026-05-11 23:09:06Z] CHK MOM:0.15% RANGE:0.15% UP:16.66% SPREAD:0.15873015% BID:0.63 ASK:0.631 MID:0.6305 P1:0.6305 P2:0.6305 P3:0.6305 P4:0.6305 STATE:IDLE
[2026-05-11 23:09:06Z] CHK MOM:0.15% RANGE:0.15% UP:14.28% SPREAD:0.15873015% BID:0.63 ASK:0.631 MID:0.6305 P1:0.6305 P2:0.6305 P3:0.6305 P4:0.6305 STATE:IDLE
[2026-05-11 23:09:07Z] CHK MOM:0.15% RANGE:0.15% UP:14.28% SPREAD:0.15873015% BID:0.63 ASK:0.631 MID:0.6305 P1:0.6305 P2:0.6305 P3:0.6305 P4:0.6305 STATE:IDLE
[2026-05-11 23:09:07Z] CHK MOM:0.15% RANGE:0.15% UP:14.28% SPREAD:0.15873015% BID:0.63 ASK:0.631 MID:0.6305 P1:0.6305 P2:0.6305 P3:0.6305 P4:0.6305 STATE:IDLE
[2026-05-11 23:09:08Z] CHK MOM:0.15% RANGE:0.15% UP:16.66% SPREAD:0.15873015% BID:0.63 ASK:0.631 MID:0.6305 P1:0.6305 P2:0.6305 P3:0.6305 P4:0.6305 STATE:IDLE
[2026-05-11 23:09:08Z] CHK MOM:0.15% RANGE:0.15% UP:16.66% SPREAD:0.15873015% BID:0.63 ASK:0.631 MID:0.6305 P1:0.6305 P2:0.6305 P3:0.6305 P4:0.6305 STATE:IDLE
[2026-05-11 23:09:09Z] CHK MOM:0.15% RANGE:0.15% UP:16.66% SPREAD:0.15873015% BID:0.63 ASK:0.631 MID:0.6305 P1:0.6305 P2:0.6305 P3:0.6305 P4:0.6305 STATE:IDLE
[2026-05-11 23:09:09Z] CHK MOM:0.15% RANGE:0.15% UP:16.66% SPREAD:0.15873015% BID:0.63 ASK:0.631 MID:0.6305 P1:0.6305 P2:0.6305 P3:0.6305 P4:0.6305 STATE:IDLE
[2026-05-11 23:09:10Z] CHK MOM:0.15% RANGE:0.15% UP:16.66% SPREAD:0.15873015% BID:0.63 ASK:0.631 MID:0.6305 P1:0.6305 P2:0.6305 P3:0.6305 P4:0.6305 STATE:IDLE
[2026-05-11 23:09:10Z] CHK MOM:0.15% RANGE:0.15% UP:16.66% SPREAD:0.15873015% BID:0.63 ASK:0.631 MID:0.6305 P1:0.6305 P2:0.6305 P3:0.6305 P4:0.6305 STATE:IDLE
[2026-05-11 23:09:11Z] CHK MOM:0.15% RANGE:0.15% UP:14.28% SPREAD:0.15873015% BID:0.63 ASK:0.631 MID:0.6305 P1:0.6305 P2:0.6305 P3:0.6305 P4:0.6305 STATE:IDLE
[2026-05-11 23:09:12Z] CHK MOM:0% RANGE:0.15% UP:12.5% SPREAD:0.15898251% BID:0.629 ASK:0.63 MID:0.6295 P1:0.6295 P2:0.6305 P3:0.6305 P4:0.6305 STATE:IDLE
[2026-05-11 23:09:12Z] CHK MOM:0% RANGE:0.15% UP:12.5% SPREAD:0.15898251% BID:0.629 ASK:0.63 MID:0.6295 P1:0.6295 P2:0.6305 P3:0.6305 P4:0.6305 STATE:IDLE
[2026-05-11 23:09:13Z] CHK MOM:-0.15% RANGE:0.15% UP:0% SPREAD:0.15898251% BID:0.629 ASK:0.63 MID:0.6295 P1:0.6295 P2:0.6295 P3:0.6305 P4:0.6305 STATE:IDLE
[2026-05-11 23:09:13Z] CHK MOM:-0.15% RANGE:0.15% UP:0% SPREAD:0.15898251% BID:0.629 ASK:0.63 MID:0.6295 P1:0.6295 P2:0.6295 P3:0.6305 P4:0.6305 STATE:IDLE
[2026-05-11 23:09:14Z] CHK MOM:-0.15% RANGE:0.15% UP:0% SPREAD:0.15898251% BID:0.629 ASK:0.63 MID:0.6295 P1:0.6295 P2:0.6295 P3:0.6305 P4:0.6305 STATE:IDLE
[2026-05-11 23:09:14Z] CHK MOM:-0.15% RANGE:0.15% UP:0% SPREAD:0.15898251% BID:0.629 ASK:0.63 MID:0.6295 P1:0.6295 P2:0.6295 P3:0.6305 P4:0.6305 STATE:IDLE
[2026-05-11 23:09:15Z] CHK MOM:0% RANGE:0.15% UP:16.66% SPREAD:0.15873015% BID:0.63 ASK:0.631 MID:0.6305 P1:0.6305 P2:0.6295 P3:0.6295 P4:0.6305 STATE:IDLE
[2026-05-11 23:09:15Z] CHK MOM:0% RANGE:0.15% UP:16.66% SPREAD:0.15873015% BID:0.63 ASK:0.631 MID:0.6305 P1:0.6305 P2:0.6295 P3:0.6295 P4:0.6305 STATE:IDLE
[2026-05-11 23:09:16Z] CHK MOM:0% RANGE:0.15% UP:16.66% SPREAD:0.15873015% BID:0.63 ASK:0.631 MID:0.6305 P1:0.6305 P2:0.6295 P3:0.6295 P4:0.6305 STATE:IDLE
[2026-05-11 23:09:17Z] CHK MOM:0% RANGE:0.15% UP:16.66% SPREAD:0.15873015% BID:0.63 ASK:0.631 MID:0.6305 P1:0.6305 P2:0.6295 P3:0.6295 P4:0.6305 STATE:IDLE
[2026-05-11 23:09:17Z] CHK MOM:0% RANGE:0.15% UP:16.66% SPREAD:0.15873015% BID:0.63 ASK:0.631 MID:0.6305 P1:0.6305 P2:0.6305 P3:0.6295 P4:0.6295 STATE:IDLE
[2026-05-11 23:09:18Z] CHK MOM:0% RANGE:0.15% UP:16.66% SPREAD:0.15873015% BID:0.63 ASK:0.631 MID:0.6305 P1:0.6305 P2:0.6305 P3:0.6295 P4:0.6295 STATE:IDLE
[2026-05-11 23:09:18Z] CHK MOM:0% RANGE:0.15% UP:16.66% SPREAD:0.15873015% BID:0.63 ASK:0.631 MID:0.6305 P1:0.6305 P2:0.6305 P3:0.6295 P4:0.6295 STATE:IDLE
[2026-05-11 23:09:19Z] CHK MOM:-0.07% RANGE:0.15% UP:16.66% SPREAD:0.31796502% BID:0.629 ASK:0.631 MID:0.63 P1:0.63 P2:0.6305 P3:0.6305 P4:0.6295 STATE:IDLE
[2026-05-11 23:09:19Z] CHK MOM:0% RANGE:0.15% UP:28.57% SPREAD:0.15873015% BID:0.63 ASK:0.631 MID:0.6305 P1:0.6305 P2:0.63 P3:0.6305 P4:0.6305 STATE:IDLE
[2026-05-11 23:09:20Z] CHK MOM:0% RANGE:0.15% UP:28.57% SPREAD:0.15873015% BID:0.63 ASK:0.631 MID:0.6305 P1:0.6305 P2:0.6305 P3:0.63 P4:0.6305 STATE:IDLE
[2026-05-11 23:09:20Z] CHK MOM:0% RANGE:0.15% UP:28.57% SPREAD:0.15873015% BID:0.63 ASK:0.631 MID:0.6305 P1:0.6305 P2:0.6305 P3:0.63 P4:0.6305 STATE:IDLE
[2026-05-11 23:09:21Z] CHK MOM:0% RANGE:0.15% UP:28.57% SPREAD:0.15873015% BID:0.63 ASK:0.631 MID:0.6305 P1:0.6305 P2:0.6305 P3:0.63 P4:0.6305 STATE:IDLE
[2026-05-11 23:09:21Z] CHK MOM:0% RANGE:0.15% UP:25% SPREAD:0.15873015% BID:0.63 ASK:0.631 MID:0.6305 P1:0.6305 P2:0.6305 P3:0.6305 P4:0.63 STATE:IDLE
[2026-05-11 23:09:22Z] CHK MOM:0% RANGE:0.15% UP:22.22% SPREAD:0.15873015% BID:0.63 ASK:0.631 MID:0.6305 P1:0.6305 P2:0.6305 P3:0.6305 P4:0.6305 STATE:IDLE
[2026-05-11 23:09:23Z] CHK MOM:0% RANGE:0.15% UP:20% SPREAD:0.15873015% BID:0.63 ASK:0.631 MID:0.6305 P1:0.6305 P2:0.6305 P3:0.6305 P4:0.6305 STATE:IDLE
[2026-05-11 23:09:23Z] CHK MOM:0% RANGE:0.15% UP:20% SPREAD:0.15873015% BID:0.63 ASK:0.631 MID:0.6305 P1:0.6305 P2:0.6305 P3:0.6305 P4:0.6305 STATE:IDLE
[2026-05-11 23:09:24Z] CHK MOM:0% RANGE:0.15% UP:20% SPREAD:0.15873015% BID:0.63 ASK:0.631 MID:0.6305 P1:0.6305 P2:0.6305 P3:0.6305 P4:0.6305 STATE:IDLE
[2026-05-11 23:09:24Z] CHK MOM:0% RANGE:0.15% UP:20% SPREAD:0.15873015% BID:0.63 ASK:0.631 MID:0.6305 P1:0.6305 P2:0.6305 P3:0.6305 P4:0.6305 STATE:IDLE
[2026-05-11 23:09:25Z] CHK MOM:0% RANGE:0.15% UP:20% SPREAD:0.15873015% BID:0.63 ASK:0.631 MID:0.6305 P1:0.6305 P2:0.6305 P3:0.6305 P4:0.6305 STATE:IDLE
[2026-05-11 23:09:25Z] CHK MOM:0% RANGE:0.07% UP:12.5% SPREAD:0.15873015% BID:0.63 ASK:0.631 MID:0.6305 P1:0.6305 P2:0.6305 P3:0.6305 P4:0.6305 STATE:IDLE
[2026-05-11 23:09:26Z] CHK MOM:0% RANGE:0.07% UP:11.11% SPREAD:0.15873015% BID:0.63 ASK:0.631 MID:0.6305 P1:0.6305 P2:0.6305 P3:0.6305 P4:0.6305 STATE:IDLE
[2026-05-11 23:09:26Z] CHK MOM:0% RANGE:0.07% UP:11.11% SPREAD:0.15873015% BID:0.63 ASK:0.631 MID:0.6305 P1:0.6305 P2:0.6305 P3:0.6305 P4:0.6305 STATE:IDLE
[2026-05-11 23:09:27Z] CHK MOM:0% RANGE:0.07% UP:11.11% SPREAD:0.15873015% BID:0.63 ASK:0.631 MID:0.6305 P1:0.6305 P2:0.6305 P3:0.6305 P4:0.6305 STATE:IDLE
[2026-05-11 23:09:28Z] CHK MOM:0% RANGE:0.07% UP:11.11% SPREAD:0.15873015% BID:0.63 ASK:0.631 MID:0.6305 P1:0.6305 P2:0.6305 P3:0.6305 P4:0.6305 STATE:IDLE
[2026-05-11 23:09:28Z] CHK MOM:0% RANGE:0.07% UP:10% SPREAD:0.15873015% BID:0.63 ASK:0.631 MID:0.6305 P1:0.6305 P2:0.6305 P3:0.6305 P4:0.6305 STATE:IDLE
[2026-05-11 23:09:29Z] CHK MOM:0% RANGE:0.07% UP:10% SPREAD:0.15873015% BID:0.63 ASK:0.631 MID:0.6305 P1:0.6305 P2:0.6305 P3:0.6305 P4:0.6305 STATE:IDLE
[2026-05-11 23:09:29Z] CHK MOM:0% RANGE:0.07% UP:10% SPREAD:0.15873015% BID:0.63 ASK:0.631 MID:0.6305 P1:0.6305 P2:0.6305 P3:0.6305 P4:0.6305 STATE:IDLE
[2026-05-11 23:09:30Z] CHK MOM:0% RANGE:0.07% UP:10% SPREAD:0.15873015% BID:0.63 ASK:0.631 MID:0.6305 P1:0.6305 P2:0.6305 P3:0.6305 P4:0.6305 STATE:IDLE
[2026-05-11 23:09:30Z] CHK MOM:0% RANGE:0.07% UP:10% SPREAD:0.15873015% BID:0.63 ASK:0.631 MID:0.6305 P1:0.6305 P2:0.6305 P3:0.6305 P4:0.6305 STATE:IDLE
[2026-05-11 23:09:31Z] CHK MOM:0% RANGE:0.07% UP:10% SPREAD:0.15873015% BID:0.63 ASK:0.631 MID:0.6305 P1:0.6305 P2:0.6305 P3:0.6305 P4:0.6305 STATE:IDLE
[2026-05-11 23:09:32Z] CHK MOM:0% RANGE:0% UP:0% SPREAD:0.15873015% BID:0.63 ASK:0.631 MID:0.6305 P1:0.6305 P2:0.6305 P3:0.6305 P4:0.6305 STATE:IDLE
[2026-05-11 23:09:32Z] CHK MOM:0% RANGE:0% UP:0% SPREAD:0.15873015% BID:0.63 ASK:0.631 MID:0.6305 P1:0.6305 P2:0.6305 P3:0.6305 P4:0.6305 STATE:IDLE
[2026-05-11 23:09:33Z] CHK MOM:0% RANGE:0% UP:0% SPREAD:0.15873015% BID:0.63 ASK:0.631 MID:0.6305 P1:0.6305 P2:0.6305 P3:0.6305 P4:0.6305 STATE:IDLE
[2026-05-11 23:09:34Z] CHK MOM:0% RANGE:0% UP:0% SPREAD:0.15873015% BID:0.63 ASK:0.631 MID:0.6305 P1:0.6305 P2:0.6305 P3:0.6305 P4:0.6305 STATE:IDLE
[2026-05-11 23:09:34Z] CHK MOM:0% RANGE:0% UP:0% SPREAD:0.15873015% BID:0.63 ASK:0.631 MID:0.6305 P1:0.6305 P2:0.6305 P3:0.6305 P4:0.6305 STATE:IDLE
[2026-05-11 23:09:35Z] CHK MOM:0% RANGE:0% UP:0% SPREAD:0.15873015% BID:0.63 ASK:0.631 MID:0.6305 P1:0.6305 P2:0.6305 P3:0.6305 P4:0.6305 STATE:IDLE
[2026-05-11 23:09:35Z] CHK MOM:0% RANGE:0% UP:0% SPREAD:0.15873015% BID:0.63 ASK:0.631 MID:0.6305 P1:0.6305 P2:0.6305 P3:0.6305 P4:0.6305 STATE:IDLE
[2026-05-11 23:09:36Z] CHK MOM:0% RANGE:0% UP:0% SPREAD:0.15873015% BID:0.63 ASK:0.631 MID:0.6305 P1:0.6305 P2:0.6305 P3:0.6305 P4:0.6305 STATE:IDLE
[2026-05-11 23:09:36Z] CHK MOM:0% RANGE:0% UP:0% SPREAD:0.15873015% BID:0.63 ASK:0.631 MID:0.6305 P1:0.6305 P2:0.6305 P3:0.6305 P4:0.6305 STATE:IDLE
[2026-05-11 23:09:37Z] CHK MOM:0% RANGE:0% UP:0% SPREAD:0.15873015% BID:0.63 ASK:0.631 MID:0.6305 P1:0.6305 P2:0.6305 P3:0.6305 P4:0.6305 STATE:IDLE
[2026-05-11 23:09:37Z] CHK MOM:0% RANGE:0% UP:0% SPREAD:0.15873015% BID:0.63 ASK:0.631 MID:0.6305 P1:0.6305 P2:0.6305 P3:0.6305 P4:0.6305 STATE:IDLE
[2026-05-11 23:09:38Z] CHK MOM:0% RANGE:0% UP:0% SPREAD:0.15873015% BID:0.63 ASK:0.631 MID:0.6305 P1:0.6305 P2:0.6305 P3:0.6305 P4:0.6305 STATE:IDLE
[2026-05-11 23:09:39Z] CHK MOM:0% RANGE:0% UP:0% SPREAD:0.15873015% BID:0.63 ASK:0.631 MID:0.6305 P1:0.6305 P2:0.6305 P3:0.6305 P4:0.6305 STATE:IDLE
[2026-05-11 23:09:39Z] CHK MOM:0% RANGE:0% UP:0% SPREAD:0.15873015% BID:0.63 ASK:0.631 MID:0.6305 P1:0.6305 P2:0.6305 P3:0.6305 P4:0.6305 STATE:IDLE
[2026-05-11 23:09:40Z] CHK MOM:0% RANGE:0% UP:0% SPREAD:0.15873015% BID:0.63 ASK:0.631 MID:0.6305 P1:0.6305 P2:0.6305 P3:0.6305 P4:0.6305 STATE:IDLE
[2026-05-11 23:09:40Z] CHK MOM:0% RANGE:0% UP:0% SPREAD:0.15873015% BID:0.63 ASK:0.631 MID:0.6305 P1:0.6305 P2:0.6305 P3:0.6305 P4:0.6305 STATE:IDLE
[2026-05-11 23:09:41Z] CHK MOM:0% RANGE:0% UP:0% SPREAD:0.15873015% BID:0.63 ASK:0.631 MID:0.6305 P1:0.6305 P2:0.6305 P3:0.6305 P4:0.6305 STATE:IDLE
[2026-05-11 23:09:41Z] CHK MOM:0% RANGE:0% UP:0% SPREAD:0.15873015% BID:0.63 ASK:0.631 MID:0.6305 P1:0.6305 P2:0.6305 P3:0.6305 P4:0.6305 STATE:IDLE
[2026-05-11 23:09:42Z] CHK MOM:-0.07% RANGE:0.07% UP:0% SPREAD:0.31796502% BID:0.629 ASK:0.631 MID:0.63 P1:0.63 P2:0.6305 P3:0.6305 P4:0.6305 STATE:IDLE
[2026-05-11 23:09:42Z] CHK MOM:-0.07% RANGE:0.07% UP:0% SPREAD:0.31796502% BID:0.629 ASK:0.631 MID:0.63 P1:0.63 P2:0.6305 P3:0.6305 P4:0.6305 STATE:IDLE
[2026-05-11 23:09:43Z] CHK MOM:0% RANGE:0.07% UP:11.11% SPREAD:0.15873015% BID:0.63 ASK:0.631 MID:0.6305 P1:0.6305 P2:0.63 P3:0.6305 P4:0.6305 STATE:IDLE
[2026-05-11 23:09:43Z] CHK MOM:-0.07% RANGE:0.07% UP:10% SPREAD:0.31796502% BID:0.629 ASK:0.631 MID:0.63 P1:0.63 P2:0.6305 P3:0.63 P4:0.6305 STATE:IDLE
[2026-05-11 23:09:44Z] CHK MOM:-0.07% RANGE:0.07% UP:10% SPREAD:0.31796502% BID:0.629 ASK:0.631 MID:0.63 P1:0.63 P2:0.6305 P3:0.63 P4:0.6305 STATE:IDLE
[2026-05-11 23:09:45Z] CHK MOM:-0.15% RANGE:0.15% UP:10% SPREAD:0.15898251% BID:0.629 ASK:0.63 MID:0.6295 P1:0.6295 P2:0.63 P3:0.6305 P4:0.63 STATE:IDLE
[2026-05-11 23:09:45Z] CHK MOM:-0.15% RANGE:0.15% UP:10% SPREAD:0.15898251% BID:0.629 ASK:0.63 MID:0.6295 P1:0.6295 P2:0.63 P3:0.6305 P4:0.63 STATE:IDLE
[2026-05-11 23:09:46Z] CHK MOM:-0.15% RANGE:0.15% UP:10% SPREAD:0.15898251% BID:0.629 ASK:0.63 MID:0.6295 P1:0.6295 P2:0.63 P3:0.6305 P4:0.63 STATE:IDLE
[2026-05-11 23:09:46Z] CHK MOM:-0.07% RANGE:0.15% UP:20% SPREAD:0.31796502% BID:0.629 ASK:0.631 MID:0.63 P1:0.63 P2:0.6295 P3:0.63 P4:0.6305 STATE:IDLE
[2026-05-11 23:09:47Z] CHK MOM:-0.07% RANGE:0.15% UP:20% SPREAD:0.31796502% BID:0.629 ASK:0.631 MID:0.63 P1:0.63 P2:0.6295 P3:0.63 P4:0.6305 STATE:IDLE
[2026-05-11 23:09:47Z] CHK MOM:-0.07% RANGE:0.15% UP:20% SPREAD:0.31796502% BID:0.629 ASK:0.631 MID:0.63 P1:0.63 P2:0.6295 P3:0.63 P4:0.6305 STATE:IDLE
[2026-05-11 23:09:48Z] CHK MOM:-0.07% RANGE:0.15% UP:20% SPREAD:0.31796502% BID:0.629 ASK:0.631 MID:0.63 P1:0.63 P2:0.6295 P3:0.63 P4:0.6305 STATE:IDLE
[2026-05-11 23:09:48Z] CHK MOM:-0.15% RANGE:0.15% UP:25% SPREAD:0.15898251% BID:0.629 ASK:0.63 MID:0.6295 P1:0.6295 P2:0.63 P3:0.6295 P4:0.63 STATE:IDLE
[2026-05-11 23:09:49Z] CHK MOM:-0.15% RANGE:0.15% UP:25% SPREAD:0.15898251% BID:0.629 ASK:0.63 MID:0.6295 P1:0.6295 P2:0.63 P3:0.6295 P4:0.63 STATE:IDLE
[2026-05-11 23:09:50Z] CHK MOM:-0.15% RANGE:0.15% UP:25% SPREAD:0.15898251% BID:0.629 ASK:0.63 MID:0.6295 P1:0.6295 P2:0.63 P3:0.6295 P4:0.63 STATE:IDLE
[2026-05-11 23:09:50Z] CHK MOM:-0.15% RANGE:0.15% UP:22.22% SPREAD:0.15898251% BID:0.629 ASK:0.63 MID:0.6295 P1:0.6295 P2:0.6295 P3:0.63 P4:0.6295 STATE:IDLE
[2026-05-11 23:09:51Z] CHK MOM:-0.15% RANGE:0.15% UP:22.22% SPREAD:0.15898251% BID:0.629 ASK:0.63 MID:0.6295 P1:0.6295 P2:0.6295 P3:0.63 P4:0.6295 STATE:IDLE
[2026-05-11 23:09:51Z] CHK MOM:-0.15% RANGE:0.15% UP:22.22% SPREAD:0.15898251% BID:0.629 ASK:0.63 MID:0.6295 P1:0.6295 P2:0.6295 P3:0.63 P4:0.6295 STATE:IDLE
[2026-05-11 23:09:52Z] CHK MOM:-0.15% RANGE:0.15% UP:22.22% SPREAD:0.15898251% BID:0.629 ASK:0.63 MID:0.6295 P1:0.6295 P2:0.6295 P3:0.63 P4:0.6295 STATE:IDLE
[2026-05-11 23:09:52Z] CHK MOM:-0.15% RANGE:0.15% UP:22.22% SPREAD:0.15898251% BID:0.629 ASK:0.63 MID:0.6295 P1:0.6295 P2:0.6295 P3:0.63 P4:0.6295 STATE:IDLE
[2026-05-11 23:09:54Z] CHK MOM:-0.07% RANGE:0.15% UP:28.57% SPREAD:0.15898251% BID:0.629 ASK:0.63 MID:0.6295 P1:0.6295 P2:0.6295 P3:0.6295 P4:0.63 STATE:IDLE
[2026-05-11 23:09:54Z] CHK MOM:-0.07% RANGE:0.15% UP:28.57% SPREAD:0.15898251% BID:0.629 ASK:0.63 MID:0.6295 P1:0.6295 P2:0.6295 P3:0.6295 P4:0.63 STATE:IDLE
[2026-05-11 23:09:55Z] CHK MOM:-0.07% RANGE:0.07% UP:16.66% SPREAD:0.15898251% BID:0.629 ASK:0.63 MID:0.6295 P1:0.6295 P2:0.6295 P3:0.6295 P4:0.6295 STATE:IDLE
[2026-05-11 23:09:56Z] CHK MOM:-0.07% RANGE:0.07% UP:16.66% SPREAD:0.15898251% BID:0.629 ASK:0.63 MID:0.6295 P1:0.6295 P2:0.6295 P3:0.6295 P4:0.6295 STATE:IDLE
[2026-05-11 23:09:56Z] CHK MOM:-0.07% RANGE:0.07% UP:16.66% SPREAD:0.15898251% BID:0.629 ASK:0.63 MID:0.6295 P1:0.6295 P2:0.6295 P3:0.6295 P4:0.6295 STATE:IDLE
[2026-05-11 23:09:57Z] CHK MOM:-0.07% RANGE:0.07% UP:0% SPREAD:0.15898251% BID:0.629 ASK:0.63 MID:0.6295 P1:0.6295 P2:0.6295 P3:0.6295 P4:0.6295 STATE:IDLE
[2026-05-11 23:09:57Z] CHK MOM:-0.07% RANGE:0.07% UP:0% SPREAD:0.15898251% BID:0.629 ASK:0.63 MID:0.6295 P1:0.6295 P2:0.6295 P3:0.6295 P4:0.6295 STATE:IDLE
[2026-05-11 23:09:58Z] CHK MOM:-0.07% RANGE:0.07% UP:0% SPREAD:0.15898251% BID:0.629 ASK:0.63 MID:0.6295 P1:0.6295 P2:0.6295 P3:0.6295 P4:0.6295 STATE:IDLE
[2026-05-11 23:09:58Z] CHK MOM:-0.07% RANGE:0.07% UP:0% SPREAD:0.15898251% BID:0.629 ASK:0.63 MID:0.6295 P1:0.6295 P2:0.6295 P3:0.6295 P4:0.6295 STATE:IDLE
[2026-05-11 23:09:59Z] CHK MOM:-0.07% RANGE:0.07% UP:0% SPREAD:0.15898251% BID:0.629 ASK:0.63 MID:0.6295 P1:0.6295 P2:0.6295 P3:0.6295 P4:0.6295 STATE:IDLE
[2026-05-11 23:09:59Z] CHK MOM:-0.07% RANGE:0.07% UP:0% SPREAD:0.15898251% BID:0.629 ASK:0.63 MID:0.6295 P1:0.6295 P2:0.6295 P3:0.6295 P4:0.6295 STATE:IDLE
[2026-05-11 23:10:01Z] CHK MOM:0% RANGE:0% UP:0% SPREAD:0.15898251% BID:0.629 ASK:0.63 MID:0.6295 P1:0.6295 P2:0.6295 P3:0.6295 P4:0.6295 STATE:IDLE
[2026-05-11 23:10:01Z] CHK MOM:0% RANGE:0% UP:0% SPREAD:0.15898251% BID:0.629 ASK:0.63 MID:0.6295 P1:0.6295 P2:0.6295 P3:0.6295 P4:0.6295 STATE:IDLE
[2026-05-11 23:10:02Z] CHK MOM:0% RANGE:0% UP:0% SPREAD:0.15898251% BID:0.629 ASK:0.63 MID:0.6295 P1:0.6295 P2:0.6295 P3:0.6295 P4:0.6295 STATE:IDLE
[2026-05-11 23:10:02Z] CHK MOM:0% RANGE:0% UP:0% SPREAD:0.15898251% BID:0.629 ASK:0.63 MID:0.6295 P1:0.6295 P2:0.6295 P3:0.6295 P4:0.6295 STATE:IDLE
[2026-05-11 23:10:03Z] CHK MOM:0% RANGE:0% UP:0% SPREAD:0.15898251% BID:0.629 ASK:0.63 MID:0.6295 P1:0.6295 P2:0.6295 P3:0.6295 P4:0.6295 STATE:IDLE
[2026-05-11 23:10:03Z] CHK MOM:0% RANGE:0% UP:0% SPREAD:0.15898251% BID:0.629 ASK:0.63 MID:0.6295 P1:0.6295 P2:0.6295 P3:0.6295 P4:0.6295 STATE:IDLE
[2026-05-11 23:10:04Z] CHK MOM:0% RANGE:0% UP:0% SPREAD:0.15898251% BID:0.629 ASK:0.63 MID:0.6295 P1:0.6295 P2:0.6295 P3:0.6295 P4:0.6295 STATE:IDLE
[2026-05-11 23:10:04Z] CHK MOM:0% RANGE:0% UP:0% SPREAD:0.15898251% BID:0.629 ASK:0.63 MID:0.6295 P1:0.6295 P2:0.6295 P3:0.6295 P4:0.6295 STATE:IDLE
[2026-05-11 23:10:05Z] CHK MOM:0% RANGE:0% UP:0% SPREAD:0.15898251% BID:0.629 ASK:0.63 MID:0.6295 P1:0.6295 P2:0.6295 P3:0.6295 P4:0.6295 STATE:IDLE
[2026-05-11 23:10:05Z] CHK MOM:0% RANGE:0% UP:0% SPREAD:0.15898251% BID:0.629 ASK:0.63 MID:0.6295 P1:0.6295 P2:0.6295 P3:0.6295 P4:0.6295 STATE:IDLE
[2026-05-11 23:10:06Z] CHK MOM:0% RANGE:0% UP:0% SPREAD:0.15898251% BID:0.629 ASK:0.63 MID:0.6295 P1:0.6295 P2:0.6295 P3:0.6295 P4:0.6295 STATE:IDLE
[2026-05-11 23:10:07Z] CHK MOM:0% RANGE:0% UP:0% SPREAD:0.15898251% BID:0.629 ASK:0.63 MID:0.6295 P1:0.6295 P2:0.6295 P3:0.6295 P4:0.6295 STATE:IDLE
[2026-05-11 23:10:07Z] CHK MOM:0% RANGE:0% UP:0% SPREAD:0.15898251% BID:0.629 ASK:0.63 MID:0.6295 P1:0.6295 P2:0.6295 P3:0.6295 P4:0.6295 STATE:IDLE
[2026-05-11 23:10:08Z] CHK MOM:0% RANGE:0% UP:0% SPREAD:0.15898251% BID:0.629 ASK:0.63 MID:0.6295 P1:0.6295 P2:0.6295 P3:0.6295 P4:0.6295 STATE:IDLE
[2026-05-11 23:10:09Z] CHK MOM:0% RANGE:0% UP:0% SPREAD:0.15898251% BID:0.629 ASK:0.63 MID:0.6295 P1:0.6295 P2:0.6295 P3:0.6295 P4:0.6295 STATE:IDLE
[2026-05-11 23:10:09Z] CHK MOM:0.07% RANGE:0.07% UP:20% SPREAD:0.31796502% BID:0.629 ASK:0.631 MID:0.63 P1:0.63 P2:0.6295 P3:0.6295 P4:0.6295 STATE:IDLE
[2026-05-11 23:10:10Z] CHK MOM:0.07% RANGE:0.07% UP:16.66% SPREAD:0.31796502% BID:0.629 ASK:0.631 MID:0.63 P1:0.63 P2:0.63 P3:0.6295 P4:0.6295 STATE:IDLE
[2026-05-11 23:10:10Z] CHK MOM:0.07% RANGE:0.07% UP:14.28% SPREAD:0.31796502% BID:0.629 ASK:0.631 MID:0.63 P1:0.63 P2:0.63 P3:0.63 P4:0.6295 STATE:IDLE
[2026-05-11 23:10:11Z] CHK MOM:0.07% RANGE:0.07% UP:14.28% SPREAD:0.31796502% BID:0.629 ASK:0.631 MID:0.63 P1:0.63 P2:0.63 P3:0.63 P4:0.6295 STATE:IDLE
[2026-05-11 23:10:12Z] CHK MOM:0.07% RANGE:0.07% UP:14.28% SPREAD:0.31796502% BID:0.629 ASK:0.631 MID:0.63 P1:0.63 P2:0.63 P3:0.63 P4:0.6295 STATE:IDLE
[2026-05-11 23:10:12Z] CHK MOM:0% RANGE:0.07% UP:12.5% SPREAD:0.15898251% BID:0.629 ASK:0.63 MID:0.6295 P1:0.6295 P2:0.63 P3:0.63 P4:0.63 STATE:IDLE
[2026-05-11 23:10:13Z] CHK MOM:0% RANGE:0.07% UP:12.5% SPREAD:0.15898251% BID:0.629 ASK:0.63 MID:0.6295 P1:0.6295 P2:0.63 P3:0.63 P4:0.63 STATE:IDLE
[2026-05-11 23:10:13Z] CHK MOM:0% RANGE:0.07% UP:12.5% SPREAD:0.15898251% BID:0.629 ASK:0.63 MID:0.6295 P1:0.6295 P2:0.63 P3:0.63 P4:0.63 STATE:IDLE
[2026-05-11 23:10:14Z] CHK MOM:0% RANGE:0.07% UP:12.5% SPREAD:0.15898251% BID:0.629 ASK:0.63 MID:0.6295 P1:0.6295 P2:0.63 P3:0.63 P4:0.63 STATE:IDLE
[2026-05-11 23:10:14Z] CHK MOM:0% RANGE:0.07% UP:12.5% SPREAD:0.15898251% BID:0.629 ASK:0.63 MID:0.6295 P1:0.6295 P2:0.63 P3:0.63 P4:0.63 STATE:IDLE
[2026-05-11 23:10:15Z] CHK MOM:0% RANGE:0.07% UP:12.5% SPREAD:0.15898251% BID:0.629 ASK:0.63 MID:0.6295 P1:0.6295 P2:0.63 P3:0.63 P4:0.63 STATE:IDLE
[2026-05-11 23:10:16Z] CHK MOM:0.07% RANGE:0.07% UP:33.33% SPREAD:0.31796502% BID:0.629 ASK:0.631 MID:0.63 P1:0.63 P2:0.6295 P3:0.63 P4:0.63 STATE:IDLE
[2026-05-11 23:10:17Z] CHK MOM:0.07% RANGE:0.07% UP:33.33% SPREAD:0.31796502% BID:0.629 ASK:0.631 MID:0.63 P1:0.63 P2:0.63 P3:0.6295 P4:0.63 STATE:IDLE
[2026-05-11 23:10:18Z] CHK MOM:0.07% RANGE:0.07% UP:33.33% SPREAD:0.31796502% BID:0.629 ASK:0.631 MID:0.63 P1:0.63 P2:0.63 P3:0.6295 P4:0.63 STATE:IDLE
[2026-05-11 23:10:18Z] CHK MOM:0.07% RANGE:0.07% UP:33.33% SPREAD:0.31796502% BID:0.629 ASK:0.631 MID:0.63 P1:0.63 P2:0.63 P3:0.6295 P4:0.63 STATE:IDLE
[2026-05-11 23:10:19Z] CHK MOM:0.07% RANGE:0.07% UP:33.33% SPREAD:0.31796502% BID:0.629 ASK:0.631 MID:0.63 P1:0.63 P2:0.63 P3:0.6295 P4:0.63 STATE:IDLE
[2026-05-11 23:10:19Z] CHK MOM:0.07% RANGE:0.07% UP:33.33% SPREAD:0.31796502% BID:0.629 ASK:0.631 MID:0.63 P1:0.63 P2:0.63 P3:0.6295 P4:0.63 STATE:IDLE
[2026-05-11 23:10:20Z] CHK MOM:0% RANGE:0.07% UP:28.57% SPREAD:0.15898251% BID:0.629 ASK:0.63 MID:0.6295 P1:0.6295 P2:0.63 P3:0.63 P4:0.6295 STATE:IDLE
[2026-05-11 23:10:21Z] CHK MOM:0% RANGE:0.07% UP:28.57% SPREAD:0.15898251% BID:0.629 ASK:0.63 MID:0.6295 P1:0.6295 P2:0.63 P3:0.63 P4:0.6295 STATE:IDLE
[2026-05-11 23:10:21Z] CHK MOM:0% RANGE:0.07% UP:28.57% SPREAD:0.15898251% BID:0.629 ASK:0.63 MID:0.6295 P1:0.6295 P2:0.63 P3:0.63 P4:0.6295 STATE:IDLE
[2026-05-11 23:10:22Z] CHK MOM:0% RANGE:0.07% UP:28.57% SPREAD:0.15898251% BID:0.629 ASK:0.63 MID:0.6295 P1:0.6295 P2:0.63 P3:0.63 P4:0.6295 STATE:IDLE
[2026-05-11 23:10:23Z] CHK MOM:0% RANGE:0.07% UP:28.57% SPREAD:0.15898251% BID:0.629 ASK:0.63 MID:0.6295 P1:0.6295 P2:0.63 P3:0.63 P4:0.6295 STATE:IDLE
[2026-05-11 23:10:23Z] CHK MOM:0.07% RANGE:0.07% UP:50% SPREAD:0.31796502% BID:0.629 ASK:0.631 MID:0.63 P1:0.63 P2:0.6295 P3:0.63 P4:0.63 STATE:IDLE
[2026-05-11 23:10:24Z] CHK MOM:0.15% RANGE:0.15% UP:60% SPREAD:0.15873015% BID:0.63 ASK:0.631 MID:0.6305 P1:0.6305 P2:0.63 P3:0.6295 P4:0.63 STATE:IDLE
[2026-05-11 23:10:24Z] CHK MOM:0% RANGE:0.15% UP:40% SPREAD:0.31796502% BID:0.629 ASK:0.631 MID:0.63 P1:0.63 P2:0.6305 P3:0.63 P4:0.6295 STATE:IDLE
[2026-05-11 23:10:25Z] CHK MOM:0% RANGE:0.15% UP:33.33% SPREAD:0.31796502% BID:0.629 ASK:0.631 MID:0.63 P1:0.63 P2:0.63 P3:0.6305 P4:0.63 STATE:IDLE
[2026-05-11 23:10:25Z] CHK MOM:-0.07% RANGE:0.15% UP:28.57% SPREAD:0.15898251% BID:0.629 ASK:0.63 MID:0.6295 P1:0.6295 P2:0.63 P3:0.63 P4:0.6305 STATE:IDLE
[2026-05-11 23:10:26Z] CHK MOM:-0.07% RANGE:0.15% UP:28.57% SPREAD:0.15898251% BID:0.629 ASK:0.63 MID:0.6295 P1:0.6295 P2:0.63 P3:0.63 P4:0.6305 STATE:IDLE
[2026-05-11 23:10:26Z] CHK MOM:-0.07% RANGE:0.15% UP:28.57% SPREAD:0.15898251% BID:0.629 ASK:0.63 MID:0.6295 P1:0.6295 P2:0.63 P3:0.63 P4:0.6305 STATE:IDLE
[2026-05-11 23:10:27Z] CHK MOM:-0.07% RANGE:0.15% UP:28.57% SPREAD:0.15898251% BID:0.629 ASK:0.63 MID:0.6295 P1:0.6295 P2:0.63 P3:0.63 P4:0.6305 STATE:IDLE
[2026-05-11 23:10:27Z] CHK MOM:-0.07% RANGE:0.15% UP:25% SPREAD:0.15898251% BID:0.629 ASK:0.63 MID:0.6295 P1:0.6295 P2:0.6295 P3:0.63 P4:0.63 STATE:IDLE
[2026-05-11 23:10:28Z] CHK MOM:0% RANGE:0.15% UP:33.33% SPREAD:0.31796502% BID:0.629 ASK:0.631 MID:0.63 P1:0.63 P2:0.6295 P3:0.6295 P4:0.63 STATE:IDLE
[2026-05-11 23:10:29Z] CHK MOM:0% RANGE:0.15% UP:33.33% SPREAD:0.31796502% BID:0.629 ASK:0.631 MID:0.63 P1:0.63 P2:0.6295 P3:0.6295 P4:0.63 STATE:IDLE
[2026-05-11 23:10:29Z] CHK MOM:0% RANGE:0.15% UP:33.33% SPREAD:0.31796502% BID:0.629 ASK:0.631 MID:0.63 P1:0.63 P2:0.6295 P3:0.6295 P4:0.63 STATE:IDLE
[2026-05-11 23:10:30Z] CHK MOM:0% RANGE:0.15% UP:33.33% SPREAD:0.31796502% BID:0.629 ASK:0.631 MID:0.63 P1:0.63 P2:0.6295 P3:0.6295 P4:0.63 STATE:IDLE
[2026-05-11 23:10:30Z] CHK MOM:0.07% RANGE:0.15% UP:37.5% SPREAD:0.31796502% BID:0.629 ASK:0.631 MID:0.63 P1:0.63 P2:0.63 P3:0.6295 P4:0.6295 STATE:IDLE
[2026-05-11 23:10:31Z] CHK MOM:0.07% RANGE:0.15% UP:37.5% SPREAD:0.31796502% BID:0.629 ASK:0.631 MID:0.63 P1:0.63 P2:0.63 P3:0.6295 P4:0.6295 STATE:IDLE
[2026-05-11 23:10:31Z] CHK MOM:0.07% RANGE:0.15% UP:33.33% SPREAD:0.31796502% BID:0.629 ASK:0.631 MID:0.63 P1:0.63 P2:0.63 P3:0.63 P4:0.6295 STATE:IDLE
[2026-05-11 23:10:32Z] CHK MOM:0.07% RANGE:0.15% UP:33.33% SPREAD:0.31796502% BID:0.629 ASK:0.631 MID:0.63 P1:0.63 P2:0.63 P3:0.63 P4:0.6295 STATE:IDLE
[2026-05-11 23:10:32Z] CHK MOM:0.07% RANGE:0.15% UP:33.33% SPREAD:0.31796502% BID:0.629 ASK:0.631 MID:0.63 P1:0.63 P2:0.63 P3:0.63 P4:0.6295 STATE:IDLE
[2026-05-11 23:10:33Z] CHK MOM:0.07% RANGE:0.15% UP:33.33% SPREAD:0.31796502% BID:0.629 ASK:0.631 MID:0.63 P1:0.63 P2:0.63 P3:0.63 P4:0.6295 STATE:IDLE
[2026-05-11 23:10:34Z] CHK MOM:0.07% RANGE:0.15% UP:33.33% SPREAD:0.15873015% BID:0.63 ASK:0.631 MID:0.6305 P1:0.6305 P2:0.63 P3:0.63 P4:0.63 STATE:IDLE
[2026-05-11 23:10:34Z] CHK MOM:0.07% RANGE:0.15% UP:33.33% SPREAD:0.15873015% BID:0.63 ASK:0.631 MID:0.6305 P1:0.6305 P2:0.63 P3:0.63 P4:0.63 STATE:IDLE
[2026-05-11 23:10:35Z] CHK MOM:0.07% RANGE:0.15% UP:33.33% SPREAD:0.15873015% BID:0.63 ASK:0.631 MID:0.6305 P1:0.6305 P2:0.63 P3:0.63 P4:0.63 STATE:IDLE
[2026-05-11 23:10:35Z] CHK MOM:0% RANGE:0.15% UP:22.22% SPREAD:0.15873015% BID:0.63 ASK:0.631 MID:0.6305 P1:0.6305 P2:0.6305 P3:0.63 P4:0.63 STATE:IDLE
[2026-05-11 23:10:36Z] CHK MOM:0% RANGE:0.15% UP:22.22% SPREAD:0.15873015% BID:0.63 ASK:0.631 MID:0.6305 P1:0.6305 P2:0.6305 P3:0.63 P4:0.63 STATE:IDLE
[2026-05-11 23:10:36Z] CHK MOM:0% RANGE:0.15% UP:22.22% SPREAD:0.15873015% BID:0.63 ASK:0.631 MID:0.6305 P1:0.6305 P2:0.6305 P3:0.63 P4:0.63 STATE:IDLE
[2026-05-11 23:10:37Z] CHK MOM:0% RANGE:0.15% UP:22.22% SPREAD:0.15873015% BID:0.63 ASK:0.631 MID:0.6305 P1:0.6305 P2:0.6305 P3:0.63 P4:0.63 STATE:IDLE
[2026-05-11 23:10:37Z] CHK MOM:0% RANGE:0.15% UP:22.22% SPREAD:0.15873015% BID:0.63 ASK:0.631 MID:0.6305 P1:0.6305 P2:0.6305 P3:0.63 P4:0.63 STATE:IDLE
[2026-05-11 23:10:38Z] CHK MOM:0% RANGE:0.15% UP:22.22% SPREAD:0.15873015% BID:0.63 ASK:0.631 MID:0.6305 P1:0.6305 P2:0.6305 P3:0.63 P4:0.63 STATE:IDLE
[2026-05-11 23:10:43Z] CHK MOM:0.07% RANGE:0.07% UP:33.33% SPREAD:0.15873015% BID:0.63 ASK:0.631 MID:0.6305 P1:0.6305 P2:0.6305 P3:0.6305 P4:0.63 STATE:IDLE
[2026-05-11 23:10:44Z] CHK MOM:0.07% RANGE:0.07% UP:33.33% SPREAD:0.15873015% BID:0.63 ASK:0.631 MID:0.6305 P1:0.6305 P2:0.6305 P3:0.6305 P4:0.63 STATE:IDLE
[2026-05-11 23:10:44Z] CHK MOM:0.07% RANGE:0.07% UP:33.33% SPREAD:0.15873015% BID:0.63 ASK:0.631 MID:0.6305 P1:0.6305 P2:0.6305 P3:0.6305 P4:0.63 STATE:IDLE
[2026-05-11 23:10:45Z] CHK MOM:0.07% RANGE:0.07% UP:33.33% SPREAD:0.15873015% BID:0.63 ASK:0.631 MID:0.6305 P1:0.6305 P2:0.6305 P3:0.6305 P4:0.63 STATE:IDLE
[2026-05-11 23:10:45Z] CHK MOM:0% RANGE:0% UP:0% SPREAD:0.15873015% BID:0.63 ASK:0.631 MID:0.6305 P1:0.6305 P2:0.6305 P3:0.6305 P4:0.6305 STATE:IDLE
[2026-05-11 23:10:46Z] CHK MOM:0% RANGE:0% UP:0% SPREAD:0.15873015% BID:0.63 ASK:0.631 MID:0.6305 P1:0.6305 P2:0.6305 P3:0.6305 P4:0.6305 STATE:IDLE
[2026-05-11 23:10:46Z] CHK MOM:0% RANGE:0% UP:0% SPREAD:0.15873015% BID:0.63 ASK:0.631 MID:0.6305 P1:0.6305 P2:0.6305 P3:0.6305 P4:0.6305 STATE:IDLE
[2026-05-11 23:10:47Z] CHK MOM:0% RANGE:0% UP:0% SPREAD:0.15873015% BID:0.63 ASK:0.631 MID:0.6305 P1:0.6305 P2:0.6305 P3:0.6305 P4:0.6305 STATE:IDLE
[2026-05-11 23:10:47Z] CHK MOM:0% RANGE:0% UP:0% SPREAD:0.15873015% BID:0.63 ASK:0.631 MID:0.6305 P1:0.6305 P2:0.6305 P3:0.6305 P4:0.6305 STATE:IDLE
[2026-05-11 23:10:48Z] CHK MOM:0% RANGE:0% UP:0% SPREAD:0.15873015% BID:0.63 ASK:0.631 MID:0.6305 P1:0.6305 P2:0.6305 P3:0.6305 P4:0.6305 STATE:IDLE
[2026-05-11 23:10:49Z] CHK MOM:0% RANGE:0% UP:0% SPREAD:0.15873015% BID:0.63 ASK:0.631 MID:0.6305 P1:0.6305 P2:0.6305 P3:0.6305 P4:0.6305 STATE:IDLE
[2026-05-11 23:10:49Z] CHK MOM:0% RANGE:0% UP:0% SPREAD:0.15873015% BID:0.63 ASK:0.631 MID:0.6305 P1:0.6305 P2:0.6305 P3:0.6305 P4:0.6305 STATE:IDLE
[2026-05-11 23:10:50Z] CHK MOM:-0.07% RANGE:0.07% UP:0% SPREAD:0.31796502% BID:0.629 ASK:0.631 MID:0.63 P1:0.63 P2:0.6305 P3:0.6305 P4:0.6305 STATE:IDLE
[2026-05-11 23:10:50Z] CHK MOM:-0.07% RANGE:0.07% UP:0% SPREAD:0.31796502% BID:0.629 ASK:0.631 MID:0.63 P1:0.63 P2:0.63 P3:0.6305 P4:0.6305 STATE:IDLE
[2026-05-11 23:10:51Z] CHK MOM:-0.07% RANGE:0.07% UP:0% SPREAD:0.31796502% BID:0.629 ASK:0.631 MID:0.63 P1:0.63 P2:0.63 P3:0.6305 P4:0.6305 STATE:IDLE
[2026-05-11 23:10:51Z] CHK MOM:-0.07% RANGE:0.07% UP:0% SPREAD:0.31796502% BID:0.629 ASK:0.631 MID:0.63 P1:0.63 P2:0.63 P3:0.6305 P4:0.6305 STATE:IDLE
[2026-05-11 23:10:52Z] CHK MOM:-0.07% RANGE:0.07% UP:0% SPREAD:0.31796502% BID:0.629 ASK:0.631 MID:0.63 P1:0.63 P2:0.63 P3:0.6305 P4:0.6305 STATE:IDLE
[2026-05-11 23:10:52Z] CHK MOM:-0.07% RANGE:0.07% UP:0% SPREAD:0.31796502% BID:0.629 ASK:0.631 MID:0.63 P1:0.63 P2:0.63 P3:0.6305 P4:0.6305 STATE:IDLE
[2026-05-11 23:10:53Z] CHK MOM:-0.07% RANGE:0.07% UP:0% SPREAD:0.31796502% BID:0.629 ASK:0.631 MID:0.63 P1:0.63 P2:0.63 P3:0.6305 P4:0.6305 STATE:IDLE
[2026-05-11 23:11:02Z] CHK MOM:0.07% RANGE:0.07% UP:50% SPREAD:0.15873015% BID:0.63 ASK:0.631 MID:0.6305 P1:0.6305 P2:0.63 P3:0.63 P4:0.6305 STATE:IDLE
[2026-05-11 23:11:02Z] CHK MOM:-0.07% RANGE:0.07% UP:0% SPREAD:0.31796502% BID:0.629 ASK:0.631 MID:0.63 P1:0.63 P2:0.6305 P3:0.63 P4:0.63 STATE:IDLE
[2026-05-11 23:11:03Z] CHK MOM:-0.07% RANGE:0.07% UP:0% SPREAD:0.31796502% BID:0.629 ASK:0.631 MID:0.63 P1:0.63 P2:0.6305 P3:0.63 P4:0.63 STATE:IDLE
[2026-05-11 23:11:04Z] CHK MOM:-0.07% RANGE:0.07% UP:0% SPREAD:0.31796502% BID:0.629 ASK:0.631 MID:0.63 P1:0.63 P2:0.6305 P3:0.63 P4:0.63 STATE:IDLE
[2026-05-11 23:11:04Z] CHK MOM:-0.07% RANGE:0.07% UP:0% SPREAD:0.31796502% BID:0.629 ASK:0.631 MID:0.63 P1:0.63 P2:0.6305 P3:0.63 P4:0.63 STATE:IDLE
[2026-05-11 23:11:05Z] CHK MOM:-0.07% RANGE:0.07% UP:0% SPREAD:0.31796502% BID:0.629 ASK:0.631 MID:0.63 P1:0.63 P2:0.6305 P3:0.63 P4:0.63 STATE:IDLE
[2026-05-11 23:11:10Z] CHK MOM:-0.15% RANGE:0.15% UP:0% SPREAD:0.15898251% BID:0.629 ASK:0.63 MID:0.6295 P1:0.6295 P2:0.63 P3:0.6305 P4:0.63 STATE:IDLE
[2026-05-11 23:11:10Z] CHK MOM:-0.15% RANGE:0.15% UP:0% SPREAD:0.15898251% BID:0.629 ASK:0.63 MID:0.6295 P1:0.6295 P2:0.6295 P3:0.63 P4:0.6305 STATE:IDLE
[2026-05-11 23:11:11Z] CHK MOM:-0.15% RANGE:0.15% UP:0% SPREAD:0.15898251% BID:0.629 ASK:0.63 MID:0.6295 P1:0.6295 P2:0.6295 P3:0.63 P4:0.6305 STATE:IDLE
[2026-05-11 23:11:11Z] CHK MOM:-0.15% RANGE:0.15% UP:0% SPREAD:0.15898251% BID:0.629 ASK:0.63 MID:0.6295 P1:0.6295 P2:0.6295 P3:0.6295 P4:0.63 STATE:IDLE
[2026-05-11 23:11:12Z] CHK MOM:-0.15% RANGE:0.15% UP:0% SPREAD:0.15898251% BID:0.629 ASK:0.63 MID:0.6295 P1:0.6295 P2:0.6295 P3:0.6295 P4:0.6295 STATE:IDLE
[2026-05-11 23:11:12Z] CHK MOM:-0.15% RANGE:0.15% UP:0% SPREAD:0.15898251% BID:0.629 ASK:0.63 MID:0.6295 P1:0.6295 P2:0.6295 P3:0.6295 P4:0.6295 STATE:IDLE
[2026-05-11 23:11:13Z] CHK MOM:-0.15% RANGE:0.15% UP:0% SPREAD:0.15898251% BID:0.629 ASK:0.63 MID:0.6295 P1:0.6295 P2:0.6295 P3:0.6295 P4:0.6295 STATE:IDLE
[2026-05-11 23:11:13Z] CHK MOM:-0.15% RANGE:0.15% UP:0% SPREAD:0.15898251% BID:0.629 ASK:0.63 MID:0.6295 P1:0.6295 P2:0.6295 P3:0.6295 P4:0.6295 STATE:IDLE
[2026-05-11 23:11:14Z] CHK MOM:-0.15% RANGE:0.15% UP:0% SPREAD:0.15898251% BID:0.629 ASK:0.63 MID:0.6295 P1:0.6295 P2:0.6295 P3:0.6295 P4:0.6295 STATE:IDLE
[2026-05-11 23:11:14Z] CHK MOM:-0.15% RANGE:0.15% UP:0% SPREAD:0.15898251% BID:0.629 ASK:0.63 MID:0.6295 P1:0.6295 P2:0.6295 P3:0.6295 P4:0.6295 STATE:IDLE
[2026-05-11 23:11:20Z] CHK MOM:0% RANGE:0% UP:0% SPREAD:0.15898251% BID:0.629 ASK:0.63 MID:0.6295 P1:0.6295 P2:0.6295 P3:0.6295 P4:0.6295 STATE:IDLE
[2026-05-11 23:11:21Z] CHK MOM:0% RANGE:0% UP:0% SPREAD:0.15898251% BID:0.629 ASK:0.63 MID:0.6295 P1:0.6295 P2:0.6295 P3:0.6295 P4:0.6295 STATE:IDLE
[2026-05-11 23:11:21Z] CHK MOM:0% RANGE:0% UP:0% SPREAD:0.15898251% BID:0.629 ASK:0.63 MID:0.6295 P1:0.6295 P2:0.6295 P3:0.6295 P4:0.6295 STATE:IDLE
[2026-05-11 23:11:22Z] CHK MOM:0% RANGE:0% UP:0% SPREAD:0.15898251% BID:0.629 ASK:0.63 MID:0.6295 P1:0.6295 P2:0.6295 P3:0.6295 P4:0.6295 STATE:IDLE
[2026-05-11 23:11:22Z] CHK MOM:0% RANGE:0% UP:0% SPREAD:0.15898251% BID:0.629 ASK:0.63 MID:0.6295 P1:0.6295 P2:0.6295 P3:0.6295 P4:0.6295 STATE:IDLE
[2026-05-11 23:11:30Z] CHK MOM:0% RANGE:0% UP:0% SPREAD:0.15898251% BID:0.629 ASK:0.63 MID:0.6295 P1:0.6295 P2:0.6295 P3:0.6295 P4:0.6295 STATE:IDLE
