[2026-05-12 00:10:57Z] SESSION_START symbol=SEIUSDC dry_run=0 profile=major strategy=momentum base_url=https://api.binance.com
[2026-05-12 00:10:57Z] TOXIC_MEMORY_LOADED count=5 symbols=GUNUSDC,JTOUSDC,ORDIUSDC,SAHARAUSDC,TONUSDC
[2026-05-12 00:10:59Z] CHK MOM:0% RANGE:0% UP:0% SPREAD:0.03941145% BID:0.07612 ASK:0.07615 MID:0.076135 P1:0.076135 P2:NA P3:NA P4:NA STATE:IDLE
[2026-05-12 00:10:59Z] CHK MOM:0.03% RANGE:0.03% UP:100% SPREAD:0.02626395% BID:0.07615 ASK:0.07617 MID:0.07616 P1:0.07616 P2:0.076135 P3:NA P4:NA STATE:IDLE
[2026-05-12 00:11:00Z] CHK MOM:0% RANGE:0.03% UP:50% SPREAD:0.03941145% BID:0.07612 ASK:0.07615 MID:0.076135 P1:0.076135 P2:0.07616 P3:0.076135 P4:NA STATE:IDLE
[2026-05-12 00:11:00Z] CHK MOM:0% RANGE:0.03% UP:33.33% SPREAD:0.03941145% BID:0.07612 ASK:0.07615 MID:0.076135 P1:0.076135 P2:0.076135 P3:0.07616 P4:0.076135 STATE:IDLE
[2026-05-12 00:11:01Z] CHK MOM:0.02% RANGE:0.03% UP:50% SPREAD:0.0394011% BID:0.07614 ASK:0.07617 MID:0.076155 P1:0.076155 P2:0.076135 P3:0.076135 P4:0.07616 STATE:IDLE
[2026-05-12 00:11:01Z] CHK MOM:-0.05% RANGE:0.09% UP:40% SPREAD:0.02628811% BID:0.07608 ASK:0.0761 MID:0.07608999 P1:0.07608999 P2:0.076155 P3:0.076135 P4:0.076135 STATE:IDLE
[2026-05-12 00:11:02Z] CHK MOM:-0.06% RANGE:0.09% UP:33.33% SPREAD:0.03943736% BID:0.07607 ASK:0.0761 MID:0.076085 P1:0.076085 P2:0.07608999 P3:0.076155 P4:0.076135 STATE:IDLE
[2026-05-12 00:11:02Z] CHK MOM:-0.06% RANGE:0.09% UP:33.33% SPREAD:0.03943736% BID:0.07607 ASK:0.0761 MID:0.076085 P1:0.076085 P2:0.07608999 P3:0.076155 P4:0.076135 STATE:IDLE
[2026-05-12 00:11:03Z] CHK MOM:-0.05% RANGE:0.09% UP:42.85% SPREAD:0.05258314% BID:0.07607 ASK:0.07611 MID:0.07608999 P1:0.07608999 P2:0.076085 P3:0.07608999 P4:0.076155 STATE:IDLE
[2026-05-12 00:11:03Z] CHK MOM:-0.07% RANGE:0.11% UP:37.5% SPREAD:0.03944254% BID:0.07606 ASK:0.07609 MID:0.076075 P1:0.076075 P2:0.07608999 P3:0.076085 P4:0.07608999 STATE:IDLE
[2026-05-12 00:11:04Z] CHK MOM:-0.06% RANGE:0.11% UP:44.44% SPREAD:0.03943736% BID:0.07607 ASK:0.0761 MID:0.076085 P1:0.076085 P2:0.076075 P3:0.07608999 P4:0.076085 STATE:IDLE
[2026-05-12 00:11:05Z] CHK MOM:-0.06% RANGE:0.11% UP:44.44% SPREAD:0.03943736% BID:0.07607 ASK:0.0761 MID:0.076085 P1:0.076085 P2:0.076075 P3:0.07608999 P4:0.076085 STATE:IDLE
[2026-05-12 00:11:05Z] CHK MOM:-0.07% RANGE:0.11% UP:40% SPREAD:0.03944254% BID:0.07606 ASK:0.07609 MID:0.076075 P1:0.076075 P2:0.076085 P3:0.076075 P4:0.07608999 STATE:IDLE
[2026-05-12 00:11:06Z] CHK MOM:0.01% RANGE:0.11% UP:45.45% SPREAD:0.0525417% BID:0.07613 ASK:0.07617 MID:0.07615 P1:0.07615 P2:0.076075 P3:0.076085 P4:0.076075 STATE:IDLE
[2026-05-12 00:11:06Z] CHK MOM:0% RANGE:0.11% UP:41.66% SPREAD:0.0525486% BID:0.07612 ASK:0.07616 MID:0.07614 P1:0.07614 P2:0.07615 P3:0.076075 P4:0.076085 STATE:IDLE
[2026-05-12 00:11:07Z] CHK MOM:0.01% RANGE:0.11% UP:46.15% SPREAD:0.03940627% BID:0.07613 ASK:0.07616 MID:0.076145 P1:0.076145 P2:0.07614 P3:0.07615 P4:0.076075 STATE:IDLE
[2026-05-12 00:11:07Z] CHK MOM:0.01% RANGE:0.11% UP:46.15% SPREAD:0.03940627% BID:0.07613 ASK:0.07616 MID:0.076145 P1:0.076145 P2:0.07614 P3:0.07615 P4:0.076075 STATE:IDLE
[2026-05-12 00:11:08Z] CHK MOM:0.01% RANGE:0.11% UP:46.15% SPREAD:0.03940627% BID:0.07613 ASK:0.07616 MID:0.076145 P1:0.076145 P2:0.07614 P3:0.07615 P4:0.076075 STATE:IDLE
[2026-05-12 00:11:08Z] CHK MOM:0.01% RANGE:0.11% UP:46.15% SPREAD:0.03940627% BID:0.07613 ASK:0.07616 MID:0.076145 P1:0.076145 P2:0.07614 P3:0.07615 P4:0.076075 STATE:IDLE
[2026-05-12 00:11:09Z] CHK MOM:0.01% RANGE:0.11% UP:50% SPREAD:0.0525417% BID:0.07613 ASK:0.07617 MID:0.07615 P1:0.07615 P2:0.076145 P3:0.07614 P4:0.07615 STATE:IDLE
[2026-05-12 00:11:10Z] CHK MOM:0.01% RANGE:0.11% UP:50% SPREAD:0.0525417% BID:0.07613 ASK:0.07617 MID:0.07615 P1:0.07615 P2:0.076145 P3:0.07614 P4:0.07615 STATE:IDLE
[2026-05-12 00:11:10Z] CHK MOM:0.01% RANGE:0.11% UP:50% SPREAD:0.0525417% BID:0.07613 ASK:0.07617 MID:0.07615 P1:0.07615 P2:0.076145 P3:0.07614 P4:0.07615 STATE:IDLE
[2026-05-12 00:11:11Z] CHK MOM:0% RANGE:0.11% UP:50% SPREAD:0.0525348% BID:0.07614 ASK:0.07618 MID:0.07616 P1:0.07616 P2:0.07615 P3:0.076145 P4:0.07614 STATE:IDLE
[2026-05-12 00:11:11Z] CHK MOM:0.01% RANGE:0.13% UP:53.33% SPREAD:0.03939075% BID:0.07616 ASK:0.07619 MID:0.07617499 P1:0.07617499 P2:0.07616 P3:0.07615 P4:0.076145 STATE:IDLE
[2026-05-12 00:11:12Z] CHK MOM:0.01% RANGE:0.13% UP:53.33% SPREAD:0.03939075% BID:0.07616 ASK:0.07619 MID:0.07617499 P1:0.07617499 P2:0.07616 P3:0.07615 P4:0.076145 STATE:IDLE
[2026-05-12 00:11:12Z] CHK MOM:0.01% RANGE:0.13% UP:53.33% SPREAD:0.03939075% BID:0.07616 ASK:0.07619 MID:0.07617499 P1:0.07617499 P2:0.07616 P3:0.07615 P4:0.076145 STATE:IDLE
[2026-05-12 00:11:13Z] CHK MOM:0.02% RANGE:0.13% UP:53.84% SPREAD:0.03939075% BID:0.07616 ASK:0.07619 MID:0.07617499 P1:0.07617499 P2:0.07617499 P3:0.07616 P4:0.07615 STATE:IDLE
[2026-05-12 00:11:13Z] CHK MOM:0.09% RANGE:0.13% UP:53.84% SPREAD:0.0525348% BID:0.07614 ASK:0.07618 MID:0.07616 P1:0.07616 P2:0.07617499 P3:0.07617499 P4:0.07616 STATE:IDLE
[2026-05-12 00:11:14Z] CHK MOM:0.09% RANGE:0.13% UP:53.84% SPREAD:0.0525348% BID:0.07614 ASK:0.07618 MID:0.07616 P1:0.07616 P2:0.07617499 P3:0.07617499 P4:0.07616 STATE:IDLE
[2026-05-12 00:11:14Z] CHK MOM:0.09% RANGE:0.13% UP:53.84% SPREAD:0.0525348% BID:0.07614 ASK:0.07618 MID:0.07616 P1:0.07616 P2:0.07617499 P3:0.07617499 P4:0.07616 STATE:IDLE
[2026-05-12 00:11:15Z] CHK MOM:0.09% RANGE:0.13% UP:53.84% SPREAD:0.0525348% BID:0.07614 ASK:0.07618 MID:0.07616 P1:0.07616 P2:0.07617499 P3:0.07617499 P4:0.07616 STATE:IDLE
[2026-05-12 00:11:16Z] CHK MOM:0.09% RANGE:0.13% UP:53.84% SPREAD:0.0525348% BID:0.07614 ASK:0.07618 MID:0.07616 P1:0.07616 P2:0.07617499 P3:0.07617499 P4:0.07616 STATE:IDLE
[2026-05-12 00:11:18Z] CHK MOM:0% RANGE:0.04% UP:57.14% SPREAD:0.0131337% BID:0.07614 ASK:0.07615 MID:0.07614499 P1:0.07614499 P2:0.07616 P3:0.07617499 P4:0.07617499 STATE:IDLE
[2026-05-12 00:11:19Z] CHK MOM:0% RANGE:0.03% UP:42.85% SPREAD:0.0131337% BID:0.07614 ASK:0.07615 MID:0.07614499 P1:0.07614499 P2:0.07614499 P3:0.07616 P4:0.07617499 STATE:IDLE
[2026-05-12 00:11:19Z] CHK MOM:0.01% RANGE:0.03% UP:42.85% SPREAD:0.03939592% BID:0.07615 ASK:0.07618 MID:0.076165 P1:0.076165 P2:0.07614499 P3:0.07614499 P4:0.07616 STATE:IDLE
[2026-05-12 00:11:20Z] CHK MOM:0.01% RANGE:0.03% UP:37.5% SPREAD:0.02626395% BID:0.07615 ASK:0.07617 MID:0.07616 P1:0.07616 P2:0.076165 P3:0.07614499 P4:0.07614499 STATE:IDLE
[2026-05-12 00:11:21Z] CHK MOM:0.01% RANGE:0.03% UP:37.5% SPREAD:0.02626395% BID:0.07615 ASK:0.07617 MID:0.07616 P1:0.07616 P2:0.076165 P3:0.07614499 P4:0.07614499 STATE:IDLE
[2026-05-12 00:11:21Z] CHK MOM:0.01% RANGE:0.03% UP:37.5% SPREAD:0.02626395% BID:0.07615 ASK:0.07617 MID:0.07616 P1:0.07616 P2:0.076165 P3:0.07614499 P4:0.07614499 STATE:IDLE
[2026-05-12 00:11:22Z] CHK MOM:0% RANGE:0.03% UP:37.5% SPREAD:0.03939592% BID:0.07615 ASK:0.07618 MID:0.076165 P1:0.076165 P2:0.07616 P3:0.076165 P4:0.07614499 STATE:IDLE
[2026-05-12 00:11:22Z] CHK MOM:0% RANGE:0.03% UP:37.5% SPREAD:0.03939592% BID:0.07615 ASK:0.07618 MID:0.076165 P1:0.076165 P2:0.07616 P3:0.076165 P4:0.07614499 STATE:IDLE
[2026-05-12 00:11:23Z] CHK MOM:0% RANGE:0.03% UP:37.5% SPREAD:0.03939592% BID:0.07615 ASK:0.07618 MID:0.076165 P1:0.076165 P2:0.07616 P3:0.076165 P4:0.07614499 STATE:IDLE
[2026-05-12 00:11:23Z] CHK MOM:0% RANGE:0.03% UP:37.5% SPREAD:0.03939075% BID:0.07616 ASK:0.07619 MID:0.07617499 P1:0.07617499 P2:0.076165 P3:0.07616 P4:0.076165 STATE:IDLE
[2026-05-12 00:11:24Z] CHK MOM:0% RANGE:0.03% UP:37.5% SPREAD:0.03939075% BID:0.07616 ASK:0.07619 MID:0.07617499 P1:0.07617499 P2:0.076165 P3:0.07616 P4:0.076165 STATE:IDLE
[2026-05-12 00:11:24Z] CHK MOM:-0.02% RANGE:0.03% UP:37.5% SPREAD:0.0394011% BID:0.07614 ASK:0.07617 MID:0.076155 P1:0.076155 P2:0.07617499 P3:0.076165 P4:0.07616 STATE:IDLE
[2026-05-12 00:11:25Z] CHK MOM:-0.02% RANGE:0.03% UP:37.5% SPREAD:0.0394011% BID:0.07614 ASK:0.07617 MID:0.076155 P1:0.076155 P2:0.07617499 P3:0.076165 P4:0.07616 STATE:IDLE
[2026-05-12 00:11:25Z] CHK MOM:0% RANGE:0.03% UP:50% SPREAD:0.0525348% BID:0.07614 ASK:0.07618 MID:0.07616 P1:0.07616 P2:0.076155 P3:0.07617499 P4:0.076165 STATE:IDLE
[2026-05-12 00:11:26Z] CHK MOM:0.01% RANGE:0.03% UP:50% SPREAD:0.0394011% BID:0.07614 ASK:0.07617 MID:0.076155 P1:0.076155 P2:0.07616 P3:0.076155 P4:0.07617499 STATE:IDLE
[2026-05-12 00:11:27Z] CHK MOM:0.01% RANGE:0.03% UP:50% SPREAD:0.0394011% BID:0.07614 ASK:0.07617 MID:0.076155 P1:0.076155 P2:0.07616 P3:0.076155 P4:0.07617499 STATE:IDLE
[2026-05-12 00:11:27Z] CHK MOM:0.01% RANGE:0.03% UP:44.44% SPREAD:0.0394011% BID:0.07614 ASK:0.07617 MID:0.076155 P1:0.076155 P2:0.076155 P3:0.07616 P4:0.076155 STATE:IDLE
[2026-05-12 00:11:28Z] CHK MOM:0.01% RANGE:0.03% UP:44.44% SPREAD:0.0394011% BID:0.07614 ASK:0.07617 MID:0.076155 P1:0.076155 P2:0.076155 P3:0.07616 P4:0.076155 STATE:IDLE
[2026-05-12 00:11:28Z] CHK MOM:0.04% RANGE:0.04% UP:50% SPREAD:0.052521% BID:0.07616 ASK:0.0762 MID:0.07618 P1:0.07618 P2:0.076155 P3:0.076155 P4:0.07616 STATE:IDLE
[2026-05-12 00:11:29Z] CHK MOM:0.01% RANGE:0.04% UP:45.45% SPREAD:0.0394011% BID:0.07614 ASK:0.07617 MID:0.076155 P1:0.076155 P2:0.07618 P3:0.076155 P4:0.076155 STATE:IDLE
[2026-05-12 00:11:29Z] CHK MOM:0% RANGE:0.04% UP:41.66% SPREAD:0.03940627% BID:0.07613 ASK:0.07616 MID:0.076145 P1:0.076145 P2:0.076155 P3:0.07618 P4:0.076155 STATE:IDLE
[2026-05-12 00:11:30Z] CHK MOM:0% RANGE:0.04% UP:38.46% SPREAD:0.03940627% BID:0.07613 ASK:0.07616 MID:0.076145 P1:0.076145 P2:0.076145 P3:0.076155 P4:0.07618 STATE:IDLE
[2026-05-12 00:11:30Z] CHK MOM:0% RANGE:0.04% UP:38.46% SPREAD:0.03940627% BID:0.07613 ASK:0.07616 MID:0.076145 P1:0.076145 P2:0.076145 P3:0.076155 P4:0.07618 STATE:IDLE
[2026-05-12 00:11:31Z] CHK MOM:-0.01% RANGE:0.04% UP:41.66% SPREAD:0.0394011% BID:0.07614 ASK:0.07617 MID:0.076155 P1:0.076155 P2:0.076145 P3:0.076145 P4:0.076155 STATE:IDLE
[2026-05-12 00:11:32Z] CHK MOM:-0.01% RANGE:0.04% UP:41.66% SPREAD:0.0394011% BID:0.07614 ASK:0.07617 MID:0.076155 P1:0.076155 P2:0.076145 P3:0.076145 P4:0.076155 STATE:IDLE
[2026-05-12 00:11:32Z] CHK MOM:-0.11% RANGE:0.13% UP:36.36% SPREAD:0.05259006% BID:0.07606 ASK:0.0761 MID:0.07608 P1:0.07608 P2:0.076155 P3:0.076145 P4:0.076145 STATE:IDLE
[2026-05-12 00:11:33Z] CHK MOM:-0.1% RANGE:0.13% UP:41.66% SPREAD:0.03943736% BID:0.07607 ASK:0.0761 MID:0.076085 P1:0.076085 P2:0.07608 P3:0.076155 P4:0.076145 STATE:IDLE
[2026-05-12 00:11:33Z] CHK MOM:-0.11% RANGE:0.13% UP:38.46% SPREAD:0.03944254% BID:0.07606 ASK:0.07609 MID:0.076075 P1:0.076075 P2:0.076085 P3:0.07608 P4:0.076155 STATE:IDLE
[2026-05-12 00:11:34Z] CHK MOM:-0.11% RANGE:0.13% UP:38.46% SPREAD:0.03944254% BID:0.07606 ASK:0.07609 MID:0.076075 P1:0.076075 P2:0.076085 P3:0.07608 P4:0.076155 STATE:IDLE
[2026-05-12 00:11:34Z] CHK MOM:-0.11% RANGE:0.13% UP:38.46% SPREAD:0.03944254% BID:0.07606 ASK:0.07609 MID:0.076075 P1:0.076075 P2:0.076085 P3:0.07608 P4:0.076155 STATE:IDLE
[2026-05-12 00:11:35Z] CHK MOM:-0.1% RANGE:0.13% UP:38.46% SPREAD:0.03943217% BID:0.07608 ASK:0.07611 MID:0.076095 P1:0.076095 P2:0.076075 P3:0.076085 P4:0.07608 STATE:IDLE
[2026-05-12 00:11:35Z] CHK MOM:-0.1% RANGE:0.13% UP:38.46% SPREAD:0.03943217% BID:0.07608 ASK:0.07611 MID:0.076095 P1:0.076095 P2:0.076075 P3:0.076085 P4:0.07608 STATE:IDLE
[2026-05-12 00:11:36Z] CHK MOM:-0.1% RANGE:0.13% UP:38.46% SPREAD:0.03943217% BID:0.07608 ASK:0.07611 MID:0.076095 P1:0.076095 P2:0.076075 P3:0.076085 P4:0.07608 STATE:IDLE
[2026-05-12 00:11:36Z] CHK MOM:-0.1% RANGE:0.13% UP:38.46% SPREAD:0.03943217% BID:0.07608 ASK:0.07611 MID:0.076095 P1:0.076095 P2:0.076075 P3:0.076085 P4:0.07608 STATE:IDLE
[2026-05-12 00:11:37Z] CHK MOM:-0.1% RANGE:0.13% UP:33.33% SPREAD:0.05259006% BID:0.07606 ASK:0.0761 MID:0.07608 P1:0.07608 P2:0.076095 P3:0.076075 P4:0.076085 STATE:IDLE
[2026-05-12 00:11:38Z] CHK MOM:-0.09% RANGE:0.13% UP:45.45% SPREAD:0.03943736% BID:0.07607 ASK:0.0761 MID:0.076085 P1:0.076085 P2:0.07608 P3:0.076095 P4:0.076075 STATE:IDLE
[2026-05-12 00:11:38Z] CHK MOM:-0.09% RANGE:0.13% UP:45.45% SPREAD:0.03943736% BID:0.07607 ASK:0.0761 MID:0.076085 P1:0.076085 P2:0.07608 P3:0.076095 P4:0.076075 STATE:IDLE
[2026-05-12 00:11:39Z] CHK MOM:-0.06% RANGE:0.13% UP:50% SPREAD:0.06572029% BID:0.07608 ASK:0.07613 MID:0.076105 P1:0.076105 P2:0.076085 P3:0.07608 P4:0.076095 STATE:IDLE
[2026-05-12 00:11:39Z] CHK MOM:-0.07% RANGE:0.13% UP:50% SPREAD:0.05256241% BID:0.0761 ASK:0.07614 MID:0.07612 P1:0.07612 P2:0.076105 P3:0.076085 P4:0.07608 STATE:IDLE
[2026-05-12 00:11:40Z] CHK MOM:-0.07% RANGE:0.13% UP:50% SPREAD:0.05256241% BID:0.0761 ASK:0.07614 MID:0.07612 P1:0.07612 P2:0.076105 P3:0.076085 P4:0.07608 STATE:IDLE
[2026-05-12 00:11:40Z] CHK MOM:-0.07% RANGE:0.13% UP:50% SPREAD:0.05256241% BID:0.0761 ASK:0.07614 MID:0.07612 P1:0.07612 P2:0.076105 P3:0.076085 P4:0.07608 STATE:IDLE
[2026-05-12 00:11:41Z] CHK MOM:-0.07% RANGE:0.13% UP:50% SPREAD:0.05256241% BID:0.0761 ASK:0.07614 MID:0.07612 P1:0.07612 P2:0.076105 P3:0.076085 P4:0.07608 STATE:IDLE
[2026-05-12 00:11:41Z] CHK MOM:-0.07% RANGE:0.13% UP:50% SPREAD:0.05256241% BID:0.0761 ASK:0.07614 MID:0.07612 P1:0.07612 P2:0.076105 P3:0.076085 P4:0.07608 STATE:IDLE
[2026-05-12 00:11:42Z] CHK MOM:-0.07% RANGE:0.13% UP:50% SPREAD:0.05256241% BID:0.0761 ASK:0.07614 MID:0.07612 P1:0.07612 P2:0.076105 P3:0.076085 P4:0.07608 STATE:IDLE
[2026-05-12 00:11:46Z] CHK MOM:0.05% RANGE:0.05% UP:66.66% SPREAD:0.06571165% BID:0.07609 ASK:0.07614 MID:0.076115 P1:0.076115 P2:0.07612 P3:0.076105 P4:0.076085 STATE:IDLE
[2026-05-12 00:11:46Z] CHK MOM:-0.02% RANGE:0.05% UP:50% SPREAD:0.03944254% BID:0.07606 ASK:0.07609 MID:0.076075 P1:0.076075 P2:0.076115 P3:0.07612 P4:0.076105 STATE:IDLE
[2026-05-12 00:11:47Z] CHK MOM:-0.02% RANGE:0.05% UP:50% SPREAD:0.03944254% BID:0.07606 ASK:0.07609 MID:0.076075 P1:0.076075 P2:0.076115 P3:0.07612 P4:0.076105 STATE:IDLE
[2026-05-12 00:11:47Z] CHK MOM:0% RANGE:0.05% UP:66.66% SPREAD:0.05259006% BID:0.07606 ASK:0.0761 MID:0.07608 P1:0.07608 P2:0.076075 P3:0.076115 P4:0.07612 STATE:IDLE
[2026-05-12 00:11:48Z] CHK MOM:0.03% RANGE:0.05% UP:71.42% SPREAD:0.03942699% BID:0.07609 ASK:0.07612 MID:0.076105 P1:0.076105 P2:0.07608 P3:0.076075 P4:0.076115 STATE:IDLE
[2026-05-12 00:11:48Z] CHK MOM:0.03% RANGE:0.05% UP:75% SPREAD:0.0262812% BID:0.0761 ASK:0.07612 MID:0.07611 P1:0.07611 P2:0.076105 P3:0.07608 P4:0.076075 STATE:IDLE
[2026-05-12 00:11:49Z] CHK MOM:0.04% RANGE:0.05% UP:75% SPREAD:0.02627775% BID:0.07611 ASK:0.07613 MID:0.07612 P1:0.07612 P2:0.07611 P3:0.076105 P4:0.07608 STATE:IDLE
[2026-05-12 00:11:49Z] CHK MOM:0.04% RANGE:0.05% UP:75% SPREAD:0.02627775% BID:0.07611 ASK:0.07613 MID:0.07612 P1:0.07612 P2:0.07611 P3:0.076105 P4:0.07608 STATE:IDLE
[2026-05-12 00:11:50Z] CHK MOM:0.04% RANGE:0.05% UP:75% SPREAD:0.02627775% BID:0.07611 ASK:0.07613 MID:0.07612 P1:0.07612 P2:0.07611 P3:0.076105 P4:0.07608 STATE:IDLE
[2026-05-12 00:11:50Z] CHK MOM:0.04% RANGE:0.05% UP:75% SPREAD:0.02627775% BID:0.07611 ASK:0.07613 MID:0.07612 P1:0.07612 P2:0.07611 P3:0.076105 P4:0.07608 STATE:IDLE
[2026-05-12 00:11:51Z] CHK MOM:0.06% RANGE:0.1% UP:75% SPREAD:0.0394011% BID:0.07614 ASK:0.07617 MID:0.076155 P1:0.076155 P2:0.07612 P3:0.07611 P4:0.076105 STATE:IDLE
[2026-05-12 00:11:52Z] CHK MOM:0.04% RANGE:0.1% UP:71.42% SPREAD:0.0525417% BID:0.07613 ASK:0.07617 MID:0.07615 P1:0.07615 P2:0.076155 P3:0.07612 P4:0.07611 STATE:IDLE
[2026-05-12 00:11:52Z] CHK MOM:0.04% RANGE:0.1% UP:62.5% SPREAD:0.0525417% BID:0.07613 ASK:0.07617 MID:0.07615 P1:0.07615 P2:0.07615 P3:0.076155 P4:0.07612 STATE:IDLE
[2026-05-12 00:11:53Z] CHK MOM:0.05% RANGE:0.1% UP:66.66% SPREAD:0.0394011% BID:0.07614 ASK:0.07617 MID:0.076155 P1:0.076155 P2:0.07615 P3:0.07615 P4:0.076155 STATE:IDLE
[2026-05-12 00:11:53Z] CHK MOM:0.09% RANGE:0.14% UP:70% SPREAD:0.0131268% BID:0.07618 ASK:0.07619 MID:0.076185 P1:0.076185 P2:0.076155 P3:0.07615 P4:0.07615 STATE:IDLE
[2026-05-12 00:11:54Z] CHK MOM:0.02% RANGE:0.14% UP:63.63% SPREAD:0.03941145% BID:0.07612 ASK:0.07615 MID:0.076135 P1:0.076135 P2:0.076185 P3:0.076155 P4:0.07615 STATE:IDLE
[2026-05-12 00:11:54Z] CHK MOM:0.02% RANGE:0.14% UP:63.63% SPREAD:0.03941145% BID:0.07612 ASK:0.07615 MID:0.076135 P1:0.076135 P2:0.076185 P3:0.076155 P4:0.07615 STATE:IDLE
[2026-05-12 00:11:55Z] CHK MOM:0.02% RANGE:0.14% UP:63.63% SPREAD:0.03941145% BID:0.07612 ASK:0.07615 MID:0.076135 P1:0.076135 P2:0.076185 P3:0.076155 P4:0.07615 STATE:IDLE
[2026-05-12 00:11:55Z] CHK MOM:0.02% RANGE:0.14% UP:63.63% SPREAD:0.03941145% BID:0.07612 ASK:0.07615 MID:0.076135 P1:0.076135 P2:0.076185 P3:0.076155 P4:0.07615 STATE:IDLE
[2026-05-12 00:11:56Z] CHK MOM:0.03% RANGE:0.14% UP:66.66% SPREAD:0.0525486% BID:0.07612 ASK:0.07616 MID:0.07614 P1:0.07614 P2:0.076135 P3:0.076185 P4:0.076155 STATE:IDLE
[2026-05-12 00:11:57Z] CHK MOM:0.03% RANGE:0.14% UP:66.66% SPREAD:0.0525486% BID:0.07612 ASK:0.07616 MID:0.07614 P1:0.07614 P2:0.076135 P3:0.076185 P4:0.076155 STATE:IDLE
[2026-05-12 00:11:57Z] CHK MOM:0.07% RANGE:0.14% UP:66.66% SPREAD:0.03941145% BID:0.07612 ASK:0.07615 MID:0.076135 P1:0.076135 P2:0.07614 P3:0.076135 P4:0.076185 STATE:IDLE
[2026-05-12 00:11:58Z] CHK MOM:0.07% RANGE:0.14% UP:66.66% SPREAD:0.03941145% BID:0.07612 ASK:0.07615 MID:0.076135 P1:0.076135 P2:0.07614 P3:0.076135 P4:0.076185 STATE:IDLE
[2026-05-12 00:11:58Z] CHK MOM:0.07% RANGE:0.14% UP:66.66% SPREAD:0.03941145% BID:0.07612 ASK:0.07615 MID:0.076135 P1:0.076135 P2:0.07614 P3:0.076135 P4:0.076185 STATE:IDLE
[2026-05-12 00:11:59Z] CHK MOM:0.1% RANGE:0.13% UP:66.66% SPREAD:0.02626395% BID:0.07615 ASK:0.07617 MID:0.07616 P1:0.07616 P2:0.076135 P3:0.07614 P4:0.076135 STATE:IDLE
[2026-05-12 00:11:59Z] CHK MOM:0.09% RANGE:0.13% UP:61.53% SPREAD:0.0394011% BID:0.07614 ASK:0.07617 MID:0.076155 P1:0.076155 P2:0.07616 P3:0.076135 P4:0.07614 STATE:IDLE
[2026-05-12 00:12:00Z] CHK MOM:0.09% RANGE:0.13% UP:61.53% SPREAD:0.0394011% BID:0.07614 ASK:0.07617 MID:0.076155 P1:0.076155 P2:0.07616 P3:0.076135 P4:0.07614 STATE:IDLE
[2026-05-12 00:12:00Z] CHK MOM:0.05% RANGE:0.08% UP:54.54% SPREAD:0.03939592% BID:0.07615 ASK:0.07618 MID:0.076165 P1:0.076165 P2:0.076155 P3:0.07616 P4:0.076135 STATE:IDLE
[2026-05-12 00:12:01Z] CHK MOM:0.07% RANGE:0.08% UP:58.33% SPREAD:0.03939075% BID:0.07616 ASK:0.07619 MID:0.07617499 P1:0.07617499 P2:0.076165 P3:0.076155 P4:0.07616 STATE:IDLE
[2026-05-12 00:12:01Z] CHK MOM:0.07% RANGE:0.08% UP:58.33% SPREAD:0.03939075% BID:0.07616 ASK:0.07619 MID:0.07617499 P1:0.07617499 P2:0.076165 P3:0.076155 P4:0.07616 STATE:IDLE
[2026-05-12 00:12:02Z] CHK MOM:0.03% RANGE:0.06% UP:58.33% SPREAD:0.03938558% BID:0.07617 ASK:0.0762 MID:0.076185 P1:0.076185 P2:0.07617499 P3:0.076165 P4:0.076155 STATE:IDLE
[2026-05-12 00:12:03Z] CHK MOM:-0.01% RANGE:0.06% UP:58.33% SPREAD:0.02627085% BID:0.07613 ASK:0.07615 MID:0.07614 P1:0.07614 P2:0.076185 P3:0.07617499 P4:0.076165 STATE:IDLE
[2026-05-12 00:12:03Z] CHK MOM:0% RANGE:0.06% UP:61.53% SPREAD:0.0262674% BID:0.07614 ASK:0.07616 MID:0.07615 P1:0.07615 P2:0.07614 P3:0.076185 P4:0.07617499 STATE:IDLE
[2026-05-12 00:12:04Z] CHK MOM:0% RANGE:0.06% UP:61.53% SPREAD:0.0262674% BID:0.07614 ASK:0.07616 MID:0.07615 P1:0.07615 P2:0.07615 P3:0.07614 P4:0.076185 STATE:IDLE
[2026-05-12 00:12:04Z] CHK MOM:0.03% RANGE:0.06% UP:61.53% SPREAD:0.052521% BID:0.07616 ASK:0.0762 MID:0.07618 P1:0.07618 P2:0.07615 P3:0.07615 P4:0.07614 STATE:IDLE
[2026-05-12 00:12:05Z] CHK MOM:0.04% RANGE:0.07% UP:64.28% SPREAD:0.05251411% BID:0.07617 ASK:0.07621 MID:0.07619 P1:0.07619 P2:0.07618 P3:0.07615 P4:0.07615 STATE:IDLE
[2026-05-12 00:12:05Z] CHK MOM:0.04% RANGE:0.07% UP:64.28% SPREAD:0.05251411% BID:0.07617 ASK:0.07621 MID:0.07619 P1:0.07619 P2:0.07618 P3:0.07615 P4:0.07615 STATE:IDLE
[2026-05-12 00:12:06Z] CHK MOM:0.07% RANGE:0.07% UP:61.53% SPREAD:0.05251411% BID:0.07617 ASK:0.07621 MID:0.07619 P1:0.07619 P2:0.07619 P3:0.07618 P4:0.07615 STATE:IDLE
[2026-05-12 00:12:06Z] CHK MOM:0.07% RANGE:0.07% UP:61.53% SPREAD:0.03938041% BID:0.07618 ASK:0.07621 MID:0.076195 P1:0.076195 P2:0.07619 P3:0.07619 P4:0.07618 STATE:IDLE
[2026-05-12 00:12:07Z] CHK MOM:0.03% RANGE:0.07% UP:57.14% SPREAD:0.0525279% BID:0.07615 ASK:0.07619 MID:0.07616999 P1:0.07616999 P2:0.076195 P3:0.07619 P4:0.07619 STATE:IDLE
[2026-05-12 00:12:07Z] CHK MOM:0.03% RANGE:0.07% UP:53.33% SPREAD:0.0525279% BID:0.07615 ASK:0.07619 MID:0.07616999 P1:0.07616999 P2:0.07616999 P3:0.076195 P4:0.07619 STATE:IDLE
[2026-05-12 00:12:08Z] CHK MOM:0.03% RANGE:0.07% UP:53.33% SPREAD:0.03939592% BID:0.07615 ASK:0.07618 MID:0.076165 P1:0.076165 P2:0.07616999 P3:0.07616999 P4:0.076195 STATE:IDLE
[2026-05-12 00:12:08Z] CHK MOM:0.04% RANGE:0.07% UP:56.25% SPREAD:0.0525279% BID:0.07615 ASK:0.07619 MID:0.07616999 P1:0.07616999 P2:0.076165 P3:0.07616999 P4:0.07616999 STATE:IDLE
[2026-05-12 00:12:09Z] CHK MOM:0.04% RANGE:0.07% UP:56.25% SPREAD:0.0525279% BID:0.07615 ASK:0.07619 MID:0.07616999 P1:0.07616999 P2:0.076165 P3:0.07616999 P4:0.07616999 STATE:IDLE
[2026-05-12 00:12:09Z] CHK MOM:0.01% RANGE:0.07% UP:50% SPREAD:0.0525279% BID:0.07615 ASK:0.07619 MID:0.07616999 P1:0.07616999 P2:0.07616999 P3:0.076165 P4:0.07616999 STATE:IDLE
[2026-05-12 00:12:10Z] CHK MOM:0.01% RANGE:0.07% UP:50% SPREAD:0.0525279% BID:0.07615 ASK:0.07619 MID:0.07616999 P1:0.07616999 P2:0.07616999 P3:0.076165 P4:0.07616999 STATE:IDLE
[2026-05-12 00:12:10Z] CHK MOM:0% RANGE:0.07% UP:47.05% SPREAD:0.0525348% BID:0.07614 ASK:0.07618 MID:0.07616 P1:0.07616 P2:0.07616999 P3:0.07616999 P4:0.076165 STATE:IDLE
[2026-05-12 00:12:11Z] CHK MOM:0.01% RANGE:0.07% UP:52.94% SPREAD:0.0525279% BID:0.07615 ASK:0.07619 MID:0.07616999 P1:0.07616999 P2:0.07616 P3:0.07616999 P4:0.07616999 STATE:IDLE
[2026-05-12 00:12:11Z] CHK MOM:0.01% RANGE:0.07% UP:52.94% SPREAD:0.0525279% BID:0.07615 ASK:0.07619 MID:0.07616999 P1:0.07616999 P2:0.07616 P3:0.07616999 P4:0.07616999 STATE:IDLE
[2026-05-12 00:12:12Z] CHK MOM:0.01% RANGE:0.07% UP:52.94% SPREAD:0.0525279% BID:0.07615 ASK:0.07619 MID:0.07616999 P1:0.07616999 P2:0.07616 P3:0.07616999 P4:0.07616999 STATE:IDLE
[2026-05-12 00:12:13Z] CHK MOM:0.01% RANGE:0.07% UP:52.94% SPREAD:0.0525279% BID:0.07615 ASK:0.07619 MID:0.07616999 P1:0.07616999 P2:0.07616 P3:0.07616999 P4:0.07616999 STATE:IDLE
[2026-05-12 00:12:13Z] CHK MOM:-0.02% RANGE:0.07% UP:40% SPREAD:0.03939592% BID:0.07615 ASK:0.07618 MID:0.076165 P1:0.076165 P2:0.07616999 P3:0.07616 P4:0.07616999 STATE:IDLE
[2026-05-12 00:12:14Z] CHK MOM:0.03% RANGE:0.07% UP:46.66% SPREAD:0.0525279% BID:0.07615 ASK:0.07619 MID:0.07616999 P1:0.07616999 P2:0.076165 P3:0.07616999 P4:0.07616 STATE:IDLE
[2026-05-12 00:12:14Z] CHK MOM:0.03% RANGE:0.07% UP:46.66% SPREAD:0.0525279% BID:0.07615 ASK:0.07619 MID:0.07616999 P1:0.07616999 P2:0.076165 P3:0.07616999 P4:0.07616 STATE:IDLE
[2026-05-12 00:12:15Z] CHK MOM:0.03% RANGE:0.07% UP:46.66% SPREAD:0.0525279% BID:0.07615 ASK:0.07619 MID:0.07616999 P1:0.07616999 P2:0.076165 P3:0.07616999 P4:0.07616 STATE:IDLE
[2026-05-12 00:12:15Z] CHK MOM:0.03% RANGE:0.07% UP:46.66% SPREAD:0.0525279% BID:0.07615 ASK:0.07619 MID:0.07616999 P1:0.07616999 P2:0.076165 P3:0.07616999 P4:0.07616 STATE:IDLE
[2026-05-12 00:12:16Z] CHK MOM:0.03% RANGE:0.07% UP:46.66% SPREAD:0.0525279% BID:0.07615 ASK:0.07619 MID:0.07616999 P1:0.07616999 P2:0.076165 P3:0.07616999 P4:0.07616 STATE:IDLE
[2026-05-12 00:12:16Z] CHK MOM:-0.03% RANGE:0.04% UP:33.33% SPREAD:0.03939592% BID:0.07615 ASK:0.07618 MID:0.076165 P1:0.076165 P2:0.07616999 P3:0.076165 P4:0.07616999 STATE:IDLE
[2026-05-12 00:12:17Z] CHK MOM:-0.03% RANGE:0.04% UP:33.33% SPREAD:0.03939592% BID:0.07615 ASK:0.07618 MID:0.076165 P1:0.076165 P2:0.07616999 P3:0.076165 P4:0.07616999 STATE:IDLE
[2026-05-12 00:12:17Z] CHK MOM:-0.04% RANGE:0.05% UP:33.33% SPREAD:0.0394011% BID:0.07614 ASK:0.07617 MID:0.076155 P1:0.076155 P2:0.076165 P3:0.07616999 P4:0.076165 STATE:IDLE
[2026-05-12 00:12:18Z] CHK MOM:-0.01% RANGE:0.01% UP:36.36% SPREAD:0.0525348% BID:0.07614 ASK:0.07618 MID:0.07616 P1:0.07616 P2:0.076155 P3:0.076165 P4:0.07616999 STATE:IDLE
[2026-05-12 00:12:19Z] CHK MOM:-0.01% RANGE:0.01% UP:36.36% SPREAD:0.0525348% BID:0.07614 ASK:0.07618 MID:0.07616 P1:0.07616 P2:0.076155 P3:0.076165 P4:0.07616999 STATE:IDLE
[2026-05-12 00:12:19Z] CHK MOM:-0.01% RANGE:0.01% UP:36.36% SPREAD:0.0525348% BID:0.07614 ASK:0.07618 MID:0.07616 P1:0.07616 P2:0.076155 P3:0.076165 P4:0.07616999 STATE:IDLE
[2026-05-12 00:12:20Z] CHK MOM:-0.01% RANGE:0.01% UP:36.36% SPREAD:0.0525348% BID:0.07614 ASK:0.07618 MID:0.07616 P1:0.07616 P2:0.076155 P3:0.076165 P4:0.07616999 STATE:IDLE
[2026-05-12 00:12:20Z] CHK MOM:0% RANGE:0.01% UP:44.44% SPREAD:0.0525279% BID:0.07615 ASK:0.07619 MID:0.07616999 P1:0.07616999 P2:0.07616 P3:0.076155 P4:0.076165 STATE:IDLE
[2026-05-12 00:12:21Z] CHK MOM:-0.01% RANGE:0.01% UP:44.44% SPREAD:0.0525348% BID:0.07614 ASK:0.07618 MID:0.07616 P1:0.07616 P2:0.07616999 P3:0.07616 P4:0.076155 STATE:IDLE
[2026-05-12 00:12:21Z] CHK MOM:-0.01% RANGE:0.01% UP:40% SPREAD:0.0525348% BID:0.07614 ASK:0.07618 MID:0.07616 P1:0.07616 P2:0.07616 P3:0.07616999 P4:0.07616 STATE:IDLE
[2026-05-12 00:12:22Z] CHK MOM:-0.01% RANGE:0.01% UP:40% SPREAD:0.0525348% BID:0.07614 ASK:0.07618 MID:0.07616 P1:0.07616 P2:0.07616 P3:0.07616999 P4:0.07616 STATE:IDLE
[2026-05-12 00:12:22Z] CHK MOM:-0.01% RANGE:0.01% UP:40% SPREAD:0.0525348% BID:0.07614 ASK:0.07618 MID:0.07616 P1:0.07616 P2:0.07616 P3:0.07616999 P4:0.07616 STATE:IDLE
[2026-05-12 00:12:23Z] CHK MOM:-0.01% RANGE:0.01% UP:40% SPREAD:0.0525348% BID:0.07614 ASK:0.07618 MID:0.07616 P1:0.07616 P2:0.07616 P3:0.07616999 P4:0.07616 STATE:IDLE
[2026-05-12 00:12:24Z] CHK MOM:0.01% RANGE:0.02% UP:50% SPREAD:0.06565988% BID:0.07615 ASK:0.0762 MID:0.07617499 P1:0.07617499 P2:0.07616 P3:0.07616 P4:0.07616999 STATE:IDLE
[2026-05-12 00:12:24Z] CHK MOM:0% RANGE:0.02% UP:44.44% SPREAD:0.0525279% BID:0.07615 ASK:0.07619 MID:0.07616999 P1:0.07616999 P2:0.07617499 P3:0.07616 P4:0.07616 STATE:IDLE
[2026-05-12 00:12:25Z] CHK MOM:0% RANGE:0.02% UP:44.44% SPREAD:0.0525279% BID:0.07615 ASK:0.07619 MID:0.07616999 P1:0.07616999 P2:0.07617499 P3:0.07616 P4:0.07616 STATE:IDLE
[2026-05-12 00:12:25Z] CHK MOM:0% RANGE:0.02% UP:44.44% SPREAD:0.06565988% BID:0.07615 ASK:0.0762 MID:0.07617499 P1:0.07617499 P2:0.07616999 P3:0.07617499 P4:0.07616 STATE:IDLE
[2026-05-12 00:12:26Z] CHK MOM:0% RANGE:0.02% UP:44.44% SPREAD:0.0525279% BID:0.07615 ASK:0.07619 MID:0.07616999 P1:0.07616999 P2:0.07617499 P3:0.07616999 P4:0.07617499 STATE:IDLE
[2026-05-12 00:12:26Z] CHK MOM:0.01% RANGE:0.03% UP:50% SPREAD:0.052521% BID:0.07616 ASK:0.0762 MID:0.07618 P1:0.07618 P2:0.07616999 P3:0.07617499 P4:0.07616999 STATE:IDLE
[2026-05-12 00:12:27Z] CHK MOM:0.01% RANGE:0.03% UP:45.45% SPREAD:0.052521% BID:0.07616 ASK:0.0762 MID:0.07618 P1:0.07618 P2:0.07618 P3:0.07616999 P4:0.07617499 STATE:IDLE
[2026-05-12 00:12:27Z] CHK MOM:0% RANGE:0.03% UP:41.66% SPREAD:0.0525279% BID:0.07615 ASK:0.07619 MID:0.07616999 P1:0.07616999 P2:0.07618 P3:0.07618 P4:0.07616999 STATE:IDLE
[2026-05-12 00:12:28Z] CHK MOM:0% RANGE:0.03% UP:41.66% SPREAD:0.0525279% BID:0.07615 ASK:0.07619 MID:0.07616999 P1:0.07616999 P2:0.07618 P3:0.07618 P4:0.07616999 STATE:IDLE
[2026-05-12 00:12:28Z] CHK MOM:0.01% RANGE:0.03% UP:41.66% SPREAD:0.0525279% BID:0.07615 ASK:0.07619 MID:0.07616999 P1:0.07616999 P2:0.07616999 P3:0.07618 P4:0.07618 STATE:IDLE
[2026-05-12 00:12:29Z] CHK MOM:0.01% RANGE:0.03% UP:46.15% SPREAD:0.0262605% BID:0.07616 ASK:0.07618 MID:0.07617 P1:0.07617 P2:0.07616999 P3:0.07616999 P4:0.07618 STATE:IDLE
[2026-05-12 00:12:30Z] CHK MOM:0.02% RANGE:0.03% UP:50% SPREAD:0.03939075% BID:0.07616 ASK:0.07619 MID:0.07617499 P1:0.07617499 P2:0.07617 P3:0.07616999 P4:0.07616999 STATE:IDLE
[2026-05-12 00:12:30Z] CHK MOM:0% RANGE:0.02% UP:38.46% SPREAD:0.03939592% BID:0.07615 ASK:0.07618 MID:0.076165 P1:0.076165 P2:0.07617499 P3:0.07617 P4:0.07616999 STATE:IDLE
[2026-05-12 00:12:31Z] CHK MOM:0.01% RANGE:0.02% UP:42.85% SPREAD:0.052521% BID:0.07616 ASK:0.0762 MID:0.07618 P1:0.07618 P2:0.076165 P3:0.07617499 P4:0.07617 STATE:IDLE
[2026-05-12 00:12:31Z] CHK MOM:0.01% RANGE:0.03% UP:46.66% SPREAD:0.03938558% BID:0.07617 ASK:0.0762 MID:0.076185 P1:0.076185 P2:0.07618 P3:0.076165 P4:0.07617499 STATE:IDLE
[2026-05-12 00:12:32Z] CHK MOM:0.01% RANGE:0.03% UP:43.75% SPREAD:0.03938558% BID:0.07617 ASK:0.0762 MID:0.076185 P1:0.076185 P2:0.076185 P3:0.07618 P4:0.076165 STATE:IDLE
[2026-05-12 00:12:32Z] CHK MOM:0.01% RANGE:0.03% UP:43.75% SPREAD:0.03938558% BID:0.07617 ASK:0.0762 MID:0.076185 P1:0.076185 P2:0.076185 P3:0.07618 P4:0.076165 STATE:IDLE
[2026-05-12 00:12:33Z] CHK MOM:0.01% RANGE:0.03% UP:43.75% SPREAD:0.03938558% BID:0.07617 ASK:0.0762 MID:0.076185 P1:0.076185 P2:0.076185 P3:0.07618 P4:0.076165 STATE:IDLE
[2026-05-12 00:12:33Z] CHK MOM:0.01% RANGE:0.03% UP:43.75% SPREAD:0.03938558% BID:0.07617 ASK:0.0762 MID:0.076185 P1:0.076185 P2:0.076185 P3:0.07618 P4:0.076165 STATE:IDLE
[2026-05-12 00:12:34Z] CHK MOM:0.01% RANGE:0.02% UP:42.85% SPREAD:0.03938558% BID:0.07617 ASK:0.0762 MID:0.076185 P1:0.076185 P2:0.076185 P3:0.076185 P4:0.07618 STATE:IDLE
[2026-05-12 00:12:35Z] CHK MOM:0.01% RANGE:0.02% UP:42.85% SPREAD:0.03938558% BID:0.07617 ASK:0.0762 MID:0.076185 P1:0.076185 P2:0.076185 P3:0.076185 P4:0.07618 STATE:IDLE
[2026-05-12 00:12:35Z] CHK MOM:0.01% RANGE:0.02% UP:42.85% SPREAD:0.03938558% BID:0.07617 ASK:0.0762 MID:0.076185 P1:0.076185 P2:0.076185 P3:0.076185 P4:0.07618 STATE:IDLE
[2026-05-12 00:12:36Z] CHK MOM:0.01% RANGE:0.02% UP:42.85% SPREAD:0.03938558% BID:0.07617 ASK:0.0762 MID:0.076185 P1:0.076185 P2:0.076185 P3:0.076185 P4:0.07618 STATE:IDLE
[2026-05-12 00:12:36Z] CHK MOM:-0.01% RANGE:0.03% UP:38.46% SPREAD:0.02626395% BID:0.07615 ASK:0.07617 MID:0.07616 P1:0.07616 P2:0.076185 P3:0.076185 P4:0.076185 STATE:IDLE
[2026-05-12 00:12:37Z] CHK MOM:-0.03% RANGE:0.04% UP:35.71% SPREAD:0.0262674% BID:0.07614 ASK:0.07616 MID:0.07615 P1:0.07615 P2:0.07616 P3:0.076185 P4:0.076185 STATE:IDLE
[2026-05-12 00:12:37Z] CHK MOM:-0.03% RANGE:0.04% UP:35.71% SPREAD:0.0262674% BID:0.07614 ASK:0.07616 MID:0.07615 P1:0.07615 P2:0.07616 P3:0.076185 P4:0.076185 STATE:IDLE
[2026-05-12 00:12:38Z] CHK MOM:-0.03% RANGE:0.04% UP:35.71% SPREAD:0.0262674% BID:0.07614 ASK:0.07616 MID:0.07615 P1:0.07615 P2:0.07616 P3:0.076185 P4:0.076185 STATE:IDLE
[2026-05-12 00:12:38Z] CHK MOM:-0.03% RANGE:0.04% UP:35.71% SPREAD:0.0262674% BID:0.07614 ASK:0.07616 MID:0.07615 P1:0.07615 P2:0.07616 P3:0.076185 P4:0.076185 STATE:IDLE
[2026-05-12 00:12:39Z] CHK MOM:-0.05% RANGE:0.06% UP:33.33% SPREAD:0.03941145% BID:0.07612 ASK:0.07615 MID:0.076135 P1:0.076135 P2:0.07615 P3:0.07616 P4:0.076185 STATE:IDLE
[2026-05-12 00:12:39Z] CHK MOM:-0.05% RANGE:0.06% UP:33.33% SPREAD:0.03941145% BID:0.07612 ASK:0.07615 MID:0.076135 P1:0.076135 P2:0.07615 P3:0.07616 P4:0.076185 STATE:IDLE
[2026-05-12 00:12:40Z] CHK MOM:-0.04% RANGE:0.06% UP:36.36% SPREAD:0.03941145% BID:0.07612 ASK:0.07615 MID:0.076135 P1:0.076135 P2:0.076135 P3:0.07615 P4:0.07616 STATE:IDLE
[2026-05-12 00:12:41Z] CHK MOM:-0.01% RANGE:0.06% UP:36.36% SPREAD:0.0525348% BID:0.07614 ASK:0.07618 MID:0.07616 P1:0.07616 P2:0.076135 P3:0.076135 P4:0.07615 STATE:IDLE
[2026-05-12 00:12:41Z] CHK MOM:-0.01% RANGE:0.06% UP:36.36% SPREAD:0.0525348% BID:0.07614 ASK:0.07618 MID:0.07616 P1:0.07616 P2:0.076135 P3:0.076135 P4:0.07615 STATE:IDLE
[2026-05-12 00:12:42Z] CHK MOM:-0.01% RANGE:0.06% UP:36.36% SPREAD:0.0525348% BID:0.07614 ASK:0.07618 MID:0.07616 P1:0.07616 P2:0.076135 P3:0.076135 P4:0.07615 STATE:IDLE
[2026-05-12 00:12:42Z] CHK MOM:-0.01% RANGE:0.06% UP:30% SPREAD:0.0394011% BID:0.07614 ASK:0.07617 MID:0.076155 P1:0.076155 P2:0.07616 P3:0.076135 P4:0.076135 STATE:IDLE
[2026-05-12 00:12:43Z] CHK MOM:-0.03% RANGE:0.06% UP:20% SPREAD:0.0394011% BID:0.07614 ASK:0.07617 MID:0.076155 P1:0.076155 P2:0.076155 P3:0.07616 P4:0.076135 STATE:IDLE
[2026-05-12 00:12:43Z] CHK MOM:-0.05% RANGE:0.06% UP:11.11% SPREAD:0.03940627% BID:0.07613 ASK:0.07616 MID:0.076145 P1:0.076145 P2:0.076155 P3:0.076155 P4:0.07616 STATE:IDLE
[2026-05-12 00:12:44Z] CHK MOM:-0.05% RANGE:0.06% UP:11.11% SPREAD:0.03940627% BID:0.07613 ASK:0.07616 MID:0.076145 P1:0.076145 P2:0.076145 P3:0.076155 P4:0.076155 STATE:IDLE
[2026-05-12 00:12:44Z] CHK MOM:-0.05% RANGE:0.06% UP:10% SPREAD:0.03940627% BID:0.07613 ASK:0.07616 MID:0.076145 P1:0.076145 P2:0.076145 P3:0.076145 P4:0.076155 STATE:IDLE
[2026-05-12 00:12:45Z] CHK MOM:-0.04% RANGE:0.06% UP:18.18% SPREAD:0.0525417% BID:0.07613 ASK:0.07617 MID:0.07615 P1:0.07615 P2:0.076145 P3:0.076145 P4:0.076145 STATE:IDLE
[2026-05-12 00:12:46Z] CHK MOM:-0.04% RANGE:0.06% UP:18.18% SPREAD:0.0525417% BID:0.07613 ASK:0.07617 MID:0.07615 P1:0.07615 P2:0.076145 P3:0.076145 P4:0.076145 STATE:IDLE
[2026-05-12 00:12:46Z] CHK MOM:-0.04% RANGE:0.06% UP:18.18% SPREAD:0.0525417% BID:0.07613 ASK:0.07617 MID:0.07615 P1:0.07615 P2:0.076145 P3:0.076145 P4:0.076145 STATE:IDLE
[2026-05-12 00:12:47Z] CHK MOM:-0.04% RANGE:0.06% UP:18.18% SPREAD:0.0525417% BID:0.07613 ASK:0.07617 MID:0.07615 P1:0.07615 P2:0.076145 P3:0.076145 P4:0.076145 STATE:IDLE
[2026-05-12 00:12:47Z] CHK MOM:-0.04% RANGE:0.06% UP:18.18% SPREAD:0.0525417% BID:0.07613 ASK:0.07617 MID:0.07615 P1:0.07615 P2:0.076145 P3:0.076145 P4:0.076145 STATE:IDLE
[2026-05-12 00:12:48Z] CHK MOM:-0.01% RANGE:0.03% UP:18.18% SPREAD:0.03940627% BID:0.07613 ASK:0.07616 MID:0.076145 P1:0.076145 P2:0.07615 P3:0.076145 P4:0.076145 STATE:IDLE
[2026-05-12 00:12:49Z] CHK MOM:-0.01% RANGE:0.03% UP:18.18% SPREAD:0.03940627% BID:0.07613 ASK:0.07616 MID:0.076145 P1:0.076145 P2:0.07615 P3:0.076145 P4:0.076145 STATE:IDLE
[2026-05-12 00:12:49Z] CHK MOM:-0.01% RANGE:0.03% UP:18.18% SPREAD:0.03940627% BID:0.07613 ASK:0.07616 MID:0.076145 P1:0.076145 P2:0.07615 P3:0.076145 P4:0.076145 STATE:IDLE
[2026-05-12 00:12:50Z] CHK MOM:-0.01% RANGE:0.03% UP:18.18% SPREAD:0.03940627% BID:0.07613 ASK:0.07616 MID:0.076145 P1:0.076145 P2:0.07615 P3:0.076145 P4:0.076145 STATE:IDLE
[2026-05-12 00:12:50Z] CHK MOM:-0.01% RANGE:0.03% UP:18.18% SPREAD:0.03940627% BID:0.07613 ASK:0.07616 MID:0.076145 P1:0.076145 P2:0.07615 P3:0.076145 P4:0.076145 STATE:IDLE
[2026-05-12 00:12:51Z] CHK MOM:-0.01% RANGE:0.03% UP:18.18% SPREAD:0.03940627% BID:0.07613 ASK:0.07616 MID:0.076145 P1:0.076145 P2:0.07615 P3:0.076145 P4:0.076145 STATE:IDLE
[2026-05-12 00:12:57Z] CHK MOM:0% RANGE:0% UP:50% SPREAD:0.0525417% BID:0.07613 ASK:0.07617 MID:0.07615 P1:0.07615 P2:0.076145 P3:0.07615 P4:0.076145 STATE:IDLE
[2026-05-12 00:12:57Z] CHK MOM:0.01% RANGE:0.01% UP:100% SPREAD:0.0394011% BID:0.07614 ASK:0.07617 MID:0.076155 P1:0.076155 P2:0.07615 P3:0.076145 P4:0.07615 STATE:IDLE
