[2026-05-14 18:06:40Z] SESSION_START symbol=SUIUSDC dry_run=0 profile=major strategy=momentum base_url=https://api.binance.com
[2026-05-14 18:06:40Z] TOXIC_MEMORY_LOADED count=6 symbols=GUNUSDC,JTOUSDC,ORDIUSDC,PENDLEUSDC,SAHARAUSDC,TONUSDC
[2026-05-14 18:06:43Z] CHK MOM:0% RANGE:0% UP:0% SPREAD:0.00831117% BID:1.2032 ASK:1.2033 MID:1.20325 P1:1.20325 P2:NA P3:NA P4:NA STATE:IDLE
[2026-05-14 18:06:43Z] CHK MOM:0% RANGE:0% UP:0% SPREAD:0.00831117% BID:1.2032 ASK:1.2033 MID:1.20325 P1:1.20325 P2:1.20325 P3:NA P4:NA STATE:IDLE
[2026-05-14 18:06:44Z] CHK MOM:0% RANGE:0% UP:0% SPREAD:0.00831117% BID:1.2032 ASK:1.2033 MID:1.20325 P1:1.20325 P2:1.20325 P3:NA P4:NA STATE:IDLE
[2026-05-14 18:06:44Z] CHK MOM:0% RANGE:0% UP:0% SPREAD:0.00831117% BID:1.2032 ASK:1.2033 MID:1.20325 P1:1.20325 P2:1.20325 P3:1.20325 P4:NA STATE:IDLE
[2026-05-14 18:06:45Z] CHK MOM:0% RANGE:0% UP:0% SPREAD:0.00831117% BID:1.2032 ASK:1.2033 MID:1.20325 P1:1.20325 P2:1.20325 P3:1.20325 P4:1.20325 STATE:IDLE
[2026-05-14 18:06:45Z] CHK MOM:0% RANGE:0% UP:25% SPREAD:0.00831047% BID:1.2033 ASK:1.2034 MID:1.20335 P1:1.20335 P2:1.20325 P3:1.20325 P4:1.20325 STATE:IDLE
[2026-05-14 18:06:46Z] CHK MOM:0% RANGE:0% UP:20% SPREAD:0.00831047% BID:1.2033 ASK:1.2034 MID:1.20335 P1:1.20335 P2:1.20335 P3:1.20325 P4:1.20325 STATE:IDLE
[2026-05-14 18:06:46Z] CHK MOM:0% RANGE:0% UP:16.66% SPREAD:0.00831047% BID:1.2033 ASK:1.2034 MID:1.20335 P1:1.20335 P2:1.20335 P3:1.20335 P4:1.20325 STATE:IDLE
[2026-05-14 18:06:47Z] CHK MOM:0% RANGE:0% UP:16.66% SPREAD:0.00831047% BID:1.2033 ASK:1.2034 MID:1.20335 P1:1.20335 P2:1.20335 P3:1.20335 P4:1.20325 STATE:IDLE
[2026-05-14 18:06:48Z] CHK MOM:0% RANGE:0% UP:14.28% SPREAD:0.00831047% BID:1.2033 ASK:1.2034 MID:1.20335 P1:1.20335 P2:1.20335 P3:1.20335 P4:1.20335 STATE:IDLE
[2026-05-14 18:06:48Z] CHK MOM:0% RANGE:0% UP:12.5% SPREAD:0.00831117% BID:1.2032 ASK:1.2033 MID:1.20325 P1:1.20325 P2:1.20335 P3:1.20335 P4:1.20335 STATE:IDLE
[2026-05-14 18:06:49Z] CHK MOM:0% RANGE:0% UP:22.22% SPREAD:0.00831047% BID:1.2033 ASK:1.2034 MID:1.20335 P1:1.20335 P2:1.20325 P3:1.20335 P4:1.20335 STATE:IDLE
[2026-05-14 18:06:49Z] CHK MOM:0.03% RANGE:0.03% UP:30% SPREAD:0.0083084% BID:1.2036 ASK:1.2037 MID:1.20365 P1:1.20365 P2:1.20335 P3:1.20325 P4:1.20335 STATE:IDLE
[2026-05-14 18:06:50Z] CHK MOM:0.03% RANGE:0.03% UP:27.27% SPREAD:0.0083084% BID:1.2036 ASK:1.2037 MID:1.20365 P1:1.20365 P2:1.20365 P3:1.20335 P4:1.20325 STATE:IDLE
[2026-05-14 18:06:50Z] CHK MOM:0.03% RANGE:0.03% UP:25% SPREAD:0.0083084% BID:1.2036 ASK:1.2037 MID:1.20365 P1:1.20365 P2:1.20365 P3:1.20365 P4:1.20335 STATE:IDLE
[2026-05-14 18:06:51Z] CHK MOM:0.03% RANGE:0.03% UP:25% SPREAD:0.0083084% BID:1.2036 ASK:1.2037 MID:1.20365 P1:1.20365 P2:1.20365 P3:1.20365 P4:1.20335 STATE:IDLE
[2026-05-14 18:06:51Z] CHK MOM:0.03% RANGE:0.03% UP:25% SPREAD:0.0083084% BID:1.2036 ASK:1.2037 MID:1.20365 P1:1.20365 P2:1.20365 P3:1.20365 P4:1.20335 STATE:IDLE
[2026-05-14 18:06:52Z] CHK MOM:0.03% RANGE:0.03% UP:25% SPREAD:0.0083084% BID:1.2036 ASK:1.2037 MID:1.20365 P1:1.20365 P2:1.20365 P3:1.20365 P4:1.20335 STATE:IDLE
[2026-05-14 18:06:52Z] CHK MOM:0.03% RANGE:0.03% UP:23.07% SPREAD:0.0083084% BID:1.2036 ASK:1.2037 MID:1.20365 P1:1.20365 P2:1.20365 P3:1.20365 P4:1.20365 STATE:IDLE
[2026-05-14 18:06:53Z] CHK MOM:0.03% RANGE:0.03% UP:21.42% SPREAD:0.0083084% BID:1.2036 ASK:1.2037 MID:1.20365 P1:1.20365 P2:1.20365 P3:1.20365 P4:1.20365 STATE:IDLE
[2026-05-14 18:06:54Z] CHK MOM:0.03% RANGE:0.03% UP:20% SPREAD:0.0083084% BID:1.2036 ASK:1.2037 MID:1.20365 P1:1.20365 P2:1.20365 P3:1.20365 P4:1.20365 STATE:IDLE
[2026-05-14 18:06:54Z] CHK MOM:0.03% RANGE:0.03% UP:20% SPREAD:0.0083084% BID:1.2036 ASK:1.2037 MID:1.20365 P1:1.20365 P2:1.20365 P3:1.20365 P4:1.20365 STATE:IDLE
[2026-05-14 18:06:55Z] CHK MOM:0.03% RANGE:0.03% UP:20% SPREAD:0.0083084% BID:1.2036 ASK:1.2037 MID:1.20365 P1:1.20365 P2:1.20365 P3:1.20365 P4:1.20365 STATE:IDLE
[2026-05-14 18:06:55Z] CHK MOM:0.03% RANGE:0.03% UP:20% SPREAD:0.0083084% BID:1.2036 ASK:1.2037 MID:1.20365 P1:1.20365 P2:1.20365 P3:1.20365 P4:1.20365 STATE:IDLE
[2026-05-14 18:06:56Z] CHK MOM:0.03% RANGE:0.03% UP:18.75% SPREAD:0.0083084% BID:1.2036 ASK:1.2037 MID:1.20365 P1:1.20365 P2:1.20365 P3:1.20365 P4:1.20365 STATE:IDLE
[2026-05-14 18:06:56Z] CHK MOM:0.03% RANGE:0.03% UP:17.64% SPREAD:0.0083084% BID:1.2036 ASK:1.2037 MID:1.20365 P1:1.20365 P2:1.20365 P3:1.20365 P4:1.20365 STATE:IDLE
[2026-05-14 18:06:57Z] CHK MOM:0.03% RANGE:0.03% UP:17.64% SPREAD:0.0083084% BID:1.2036 ASK:1.2037 MID:1.20365 P1:1.20365 P2:1.20365 P3:1.20365 P4:1.20365 STATE:IDLE
[2026-05-14 18:06:57Z] CHK MOM:0.02% RANGE:0.03% UP:12.5% SPREAD:0.0083084% BID:1.2036 ASK:1.2037 MID:1.20365 P1:1.20365 P2:1.20365 P3:1.20365 P4:1.20365 STATE:IDLE
[2026-05-14 18:06:58Z] CHK MOM:0.02% RANGE:0.03% UP:13.33% SPREAD:0.0083084% BID:1.2036 ASK:1.2037 MID:1.20365 P1:1.20365 P2:1.20365 P3:1.20365 P4:1.20365 STATE:IDLE
[2026-05-14 18:06:59Z] CHK MOM:0.02% RANGE:0.03% UP:12.5% SPREAD:0.0083084% BID:1.2036 ASK:1.2037 MID:1.20365 P1:1.20365 P2:1.20365 P3:1.20365 P4:1.20365 STATE:IDLE
[2026-05-14 18:06:59Z] CHK MOM:0.02% RANGE:0.03% UP:12.5% SPREAD:0.0083084% BID:1.2036 ASK:1.2037 MID:1.20365 P1:1.20365 P2:1.20365 P3:1.20365 P4:1.20365 STATE:IDLE
[2026-05-14 18:07:00Z] CHK MOM:0.03% RANGE:0.03% UP:12.5% SPREAD:0.0083084% BID:1.2036 ASK:1.2037 MID:1.20365 P1:1.20365 P2:1.20365 P3:1.20365 P4:1.20365 STATE:IDLE
[2026-05-14 18:07:00Z] CHK MOM:0.04% RANGE:0.04% UP:12.5% SPREAD:0.00830633% BID:1.2039 ASK:1.204 MID:1.20394999 P1:1.20394999 P2:1.20365 P3:1.20365 P4:1.20365 STATE:IDLE
[2026-05-14 18:07:01Z] CHK MOM:0.01% RANGE:0.02% UP:6.25% SPREAD:0.00830702% BID:1.2038 ASK:1.2039 MID:1.20385 P1:1.20385 P2:1.20394999 P3:1.20365 P4:1.20365 STATE:IDLE
[2026-05-14 18:07:01Z] CHK MOM:0.02% RANGE:0.02% UP:11.76% SPREAD:0.00830633% BID:1.2039 ASK:1.204 MID:1.20394999 P1:1.20394999 P2:1.20385 P3:1.20394999 P4:1.20365 STATE:IDLE
[2026-05-14 18:07:02Z] CHK MOM:0.02% RANGE:0.02% UP:11.76% SPREAD:0.00830633% BID:1.2039 ASK:1.204 MID:1.20394999 P1:1.20394999 P2:1.20385 P3:1.20394999 P4:1.20365 STATE:IDLE
[2026-05-14 18:07:02Z] CHK MOM:0.02% RANGE:0.02% UP:12.5% SPREAD:0.00830633% BID:1.2039 ASK:1.204 MID:1.20394999 P1:1.20394999 P2:1.20394999 P3:1.20385 P4:1.20394999 STATE:IDLE
[2026-05-14 18:07:03Z] CHK MOM:0.02% RANGE:0.02% UP:12.5% SPREAD:0.00830633% BID:1.2039 ASK:1.204 MID:1.20394999 P1:1.20394999 P2:1.20394999 P3:1.20394999 P4:1.20385 STATE:IDLE
[2026-05-14 18:07:04Z] CHK MOM:0.02% RANGE:0.02% UP:11.76% SPREAD:0.00830633% BID:1.2039 ASK:1.204 MID:1.20394999 P1:1.20394999 P2:1.20394999 P3:1.20394999 P4:1.20394999 STATE:IDLE
[2026-05-14 18:07:04Z] CHK MOM:0.02% RANGE:0.02% UP:11.11% SPREAD:0.00830633% BID:1.2039 ASK:1.204 MID:1.20394999 P1:1.20394999 P2:1.20394999 P3:1.20394999 P4:1.20394999 STATE:IDLE
[2026-05-14 18:07:05Z] CHK MOM:0.02% RANGE:0.02% UP:11.11% SPREAD:0.00830633% BID:1.2039 ASK:1.204 MID:1.20394999 P1:1.20394999 P2:1.20394999 P3:1.20394999 P4:1.20394999 STATE:IDLE
[2026-05-14 18:07:05Z] CHK MOM:0.02% RANGE:0.02% UP:11.11% SPREAD:0.00830633% BID:1.2039 ASK:1.204 MID:1.20394999 P1:1.20394999 P2:1.20394999 P3:1.20394999 P4:1.20394999 STATE:IDLE
[2026-05-14 18:07:06Z] CHK MOM:0.02% RANGE:0.02% UP:10.52% SPREAD:0.00830633% BID:1.2039 ASK:1.204 MID:1.20394999 P1:1.20394999 P2:1.20394999 P3:1.20394999 P4:1.20394999 STATE:IDLE
[2026-05-14 18:07:06Z] CHK MOM:0.02% RANGE:0.02% UP:10.52% SPREAD:0.00830633% BID:1.2039 ASK:1.204 MID:1.20394999 P1:1.20394999 P2:1.20394999 P3:1.20394999 P4:1.20394999 STATE:IDLE
[2026-05-14 18:07:07Z] CHK MOM:0.04% RANGE:0.04% UP:15.78% SPREAD:0.00830495% BID:1.2041 ASK:1.2042 MID:1.20414999 P1:1.20414999 P2:1.20394999 P3:1.20394999 P4:1.20394999 STATE:IDLE
[2026-05-14 18:07:07Z] CHK MOM:0.04% RANGE:0.04% UP:15.78% SPREAD:0.00830495% BID:1.2041 ASK:1.2042 MID:1.20414999 P1:1.20414999 P2:1.20414999 P3:1.20394999 P4:1.20394999 STATE:IDLE
[2026-05-14 18:07:08Z] CHK MOM:0.04% RANGE:0.04% UP:15.78% SPREAD:0.00830495% BID:1.2041 ASK:1.2042 MID:1.20414999 P1:1.20414999 P2:1.20414999 P3:1.20394999 P4:1.20394999 STATE:IDLE
[2026-05-14 18:07:08Z] CHK MOM:0.03% RANGE:0.04% UP:16.66% SPREAD:0.00830564% BID:1.204 ASK:1.2041 MID:1.20405 P1:1.20405 P2:1.20414999 P3:1.20414999 P4:1.20394999 STATE:IDLE
[2026-05-14 18:07:09Z] CHK MOM:0.03% RANGE:0.04% UP:16.66% SPREAD:0.00830564% BID:1.204 ASK:1.2041 MID:1.20405 P1:1.20405 P2:1.20405 P3:1.20414999 P4:1.20414999 STATE:IDLE
[2026-05-14 18:07:10Z] CHK MOM:0.03% RANGE:0.04% UP:16.66% SPREAD:0.00830564% BID:1.204 ASK:1.2041 MID:1.20405 P1:1.20405 P2:1.20405 P3:1.20405 P4:1.20414999 STATE:IDLE
[2026-05-14 18:07:10Z] CHK MOM:0.04% RANGE:0.04% UP:23.52% SPREAD:0.00830495% BID:1.2041 ASK:1.2042 MID:1.20414999 P1:1.20414999 P2:1.20405 P3:1.20405 P4:1.20405 STATE:IDLE
[2026-05-14 18:07:11Z] CHK MOM:0.05% RANGE:0.05% UP:27.77% SPREAD:0.00830357% BID:1.2043 ASK:1.2044 MID:1.20434999 P1:1.20434999 P2:1.20414999 P3:1.20405 P4:1.20405 STATE:IDLE
[2026-05-14 18:07:11Z] CHK MOM:0.05% RANGE:0.05% UP:27.77% SPREAD:0.00830357% BID:1.2043 ASK:1.2044 MID:1.20434999 P1:1.20434999 P2:1.20434999 P3:1.20414999 P4:1.20405 STATE:IDLE
[2026-05-14 18:07:12Z] CHK MOM:0.03% RANGE:0.04% UP:22.22% SPREAD:0.00830357% BID:1.2043 ASK:1.2044 MID:1.20434999 P1:1.20434999 P2:1.20434999 P3:1.20434999 P4:1.20414999 STATE:IDLE
[2026-05-14 18:07:12Z] CHK MOM:0.03% RANGE:0.04% UP:21.05% SPREAD:0.00830357% BID:1.2043 ASK:1.2044 MID:1.20434999 P1:1.20434999 P2:1.20434999 P3:1.20434999 P4:1.20434999 STATE:IDLE
[2026-05-14 18:07:13Z] CHK MOM:0.06% RANGE:0.06% UP:22.22% SPREAD:0.00830082% BID:1.2047 ASK:1.2048 MID:1.20475 P1:1.20475 P2:1.20434999 P3:1.20434999 P4:1.20434999 STATE:IDLE
[2026-05-14 18:07:13Z] CHK MOM:0.05% RANGE:0.06% UP:22.22% SPREAD:0.00830151% BID:1.2046 ASK:1.2047 MID:1.20465 P1:1.20465 P2:1.20475 P3:1.20434999 P4:1.20434999 STATE:IDLE
[2026-05-14 18:07:14Z] CHK MOM:0.06% RANGE:0.06% UP:26.31% SPREAD:0.00830082% BID:1.2047 ASK:1.2048 MID:1.20475 P1:1.20475 P2:1.20465 P3:1.20475 P4:1.20434999 STATE:IDLE
[2026-05-14 18:07:15Z] CHK MOM:0.08% RANGE:0.08% UP:31.57% SPREAD:0.00829944% BID:1.2049 ASK:1.205 MID:1.20495 P1:1.20495 P2:1.20475 P3:1.20465 P4:1.20475 STATE:IDLE
[2026-05-14 18:07:15Z] CHK MOM:0.08% RANGE:0.08% UP:31.57% SPREAD:0.00829944% BID:1.2049 ASK:1.205 MID:1.20495 P1:1.20495 P2:1.20495 P3:1.20475 P4:1.20465 STATE:IDLE
[2026-05-14 18:07:16Z] CHK MOM:0.08% RANGE:0.08% UP:31.57% SPREAD:0.00829944% BID:1.2049 ASK:1.205 MID:1.20495 P1:1.20495 P2:1.20495 P3:1.20495 P4:1.20475 STATE:IDLE
[2026-05-14 18:07:16Z] CHK MOM:0.08% RANGE:0.08% UP:31.57% SPREAD:0.00829944% BID:1.2049 ASK:1.205 MID:1.20495 P1:1.20495 P2:1.20495 P3:1.20495 P4:1.20495 STATE:IDLE
[2026-05-14 18:07:17Z] CHK MOM:0.08% RANGE:0.08% UP:31.57% SPREAD:0.00829944% BID:1.2049 ASK:1.205 MID:1.20495 P1:1.20495 P2:1.20495 P3:1.20495 P4:1.20495 STATE:IDLE
[2026-05-14 18:07:17Z] CHK MOM:0.07% RANGE:0.08% UP:33.33% SPREAD:0.00830013% BID:1.2048 ASK:1.2049 MID:1.20485 P1:1.20485 P2:1.20495 P3:1.20495 P4:1.20495 STATE:IDLE
[2026-05-14 18:07:18Z] CHK MOM:0.05% RANGE:0.07% UP:27.77% SPREAD:0.00830013% BID:1.2048 ASK:1.2049 MID:1.20485 P1:1.20485 P2:1.20485 P3:1.20495 P4:1.20495 STATE:IDLE
[2026-05-14 18:07:18Z] CHK MOM:0.05% RANGE:0.07% UP:26.31% SPREAD:0.00830013% BID:1.2048 ASK:1.2049 MID:1.20485 P1:1.20485 P2:1.20485 P3:1.20485 P4:1.20495 STATE:IDLE
[2026-05-14 18:07:19Z] CHK MOM:0.05% RANGE:0.07% UP:25% SPREAD:0.00830013% BID:1.2048 ASK:1.2049 MID:1.20485 P1:1.20485 P2:1.20485 P3:1.20485 P4:1.20485 STATE:IDLE
[2026-05-14 18:07:20Z] CHK MOM:0.06% RANGE:0.07% UP:30% SPREAD:0.00829944% BID:1.2049 ASK:1.205 MID:1.20495 P1:1.20495 P2:1.20485 P3:1.20485 P4:1.20485 STATE:IDLE
[2026-05-14 18:07:20Z] CHK MOM:0.06% RANGE:0.07% UP:30% SPREAD:0.00829944% BID:1.2049 ASK:1.205 MID:1.20495 P1:1.20495 P2:1.20485 P3:1.20485 P4:1.20485 STATE:IDLE
[2026-05-14 18:07:21Z] CHK MOM:0.07% RANGE:0.07% UP:33.33% SPREAD:0.00829944% BID:1.2049 ASK:1.205 MID:1.20495 P1:1.20495 P2:1.20495 P3:1.20485 P4:1.20485 STATE:IDLE
[2026-05-14 18:07:21Z] CHK MOM:0.07% RANGE:0.07% UP:31.57% SPREAD:0.00829944% BID:1.2049 ASK:1.205 MID:1.20495 P1:1.20495 P2:1.20495 P3:1.20495 P4:1.20485 STATE:IDLE
[2026-05-14 18:07:22Z] CHK MOM:0.07% RANGE:0.07% UP:30% SPREAD:0.00829944% BID:1.2049 ASK:1.205 MID:1.20495 P1:1.20495 P2:1.20495 P3:1.20495 P4:1.20495 STATE:IDLE
[2026-05-14 18:07:22Z] CHK MOM:0.06% RANGE:0.06% UP:25% SPREAD:0.00829944% BID:1.2049 ASK:1.205 MID:1.20495 P1:1.20495 P2:1.20495 P3:1.20495 P4:1.20495 STATE:IDLE
[2026-05-14 18:07:23Z] CHK MOM:0.04% RANGE:0.04% UP:20% SPREAD:0.00830013% BID:1.2048 ASK:1.2049 MID:1.20485 P1:1.20485 P2:1.20495 P3:1.20495 P4:1.20495 STATE:IDLE
[2026-05-14 18:07:23Z] CHK MOM:0.04% RANGE:0.04% UP:20% SPREAD:0.00830013% BID:1.2048 ASK:1.2049 MID:1.20485 P1:1.20485 P2:1.20485 P3:1.20495 P4:1.20495 STATE:IDLE
[2026-05-14 18:07:24Z] CHK MOM:0.04% RANGE:0.04% UP:26.31% SPREAD:0.00829944% BID:1.2049 ASK:1.205 MID:1.20495 P1:1.20495 P2:1.20485 P3:1.20485 P4:1.20495 STATE:IDLE
[2026-05-14 18:07:25Z] CHK MOM:0.04% RANGE:0.04% UP:25% SPREAD:0.00829944% BID:1.2049 ASK:1.205 MID:1.20495 P1:1.20495 P2:1.20495 P3:1.20485 P4:1.20485 STATE:IDLE
[2026-05-14 18:07:25Z] CHK MOM:0.02% RANGE:0.02% UP:21.05% SPREAD:0.00829944% BID:1.2049 ASK:1.205 MID:1.20495 P1:1.20495 P2:1.20495 P3:1.20495 P4:1.20485 STATE:IDLE
[2026-05-14 18:07:26Z] CHK MOM:0.01% RANGE:0.01% UP:15.78% SPREAD:0.00829944% BID:1.2049 ASK:1.205 MID:1.20495 P1:1.20495 P2:1.20495 P3:1.20495 P4:1.20495 STATE:IDLE
[2026-05-14 18:07:26Z] CHK MOM:0% RANGE:0% UP:10.52% SPREAD:0.00829944% BID:1.2049 ASK:1.205 MID:1.20495 P1:1.20495 P2:1.20495 P3:1.20495 P4:1.20495 STATE:IDLE
[2026-05-14 18:07:27Z] CHK MOM:0% RANGE:0% UP:10.52% SPREAD:0.00829944% BID:1.2049 ASK:1.205 MID:1.20495 P1:1.20495 P2:1.20495 P3:1.20495 P4:1.20495 STATE:IDLE
[2026-05-14 18:07:27Z] CHK MOM:0% RANGE:0% UP:10.52% SPREAD:0.00829944% BID:1.2049 ASK:1.205 MID:1.20495 P1:1.20495 P2:1.20495 P3:1.20495 P4:1.20495 STATE:IDLE
[2026-05-14 18:07:28Z] CHK MOM:0% RANGE:0% UP:10.52% SPREAD:0.00829944% BID:1.2049 ASK:1.205 MID:1.20495 P1:1.20495 P2:1.20495 P3:1.20495 P4:1.20495 STATE:IDLE
[2026-05-14 18:07:28Z] CHK MOM:0% RANGE:0% UP:10.52% SPREAD:0.00829944% BID:1.2049 ASK:1.205 MID:1.20495 P1:1.20495 P2:1.20495 P3:1.20495 P4:1.20495 STATE:IDLE
[2026-05-14 18:07:29Z] CHK MOM:0% RANGE:0% UP:10.52% SPREAD:0.00829944% BID:1.2049 ASK:1.205 MID:1.20495 P1:1.20495 P2:1.20495 P3:1.20495 P4:1.20495 STATE:IDLE
[2026-05-14 18:07:30Z] CHK MOM:0% RANGE:0% UP:10.52% SPREAD:0.00830013% BID:1.2048 ASK:1.2049 MID:1.20485 P1:1.20485 P2:1.20495 P3:1.20495 P4:1.20495 STATE:IDLE
[2026-05-14 18:07:30Z] CHK MOM:0% RANGE:0% UP:16.66% SPREAD:0.00829944% BID:1.2049 ASK:1.205 MID:1.20495 P1:1.20495 P2:1.20485 P3:1.20495 P4:1.20495 STATE:IDLE
[2026-05-14 18:07:31Z] CHK MOM:0% RANGE:0% UP:11.11% SPREAD:0.00829944% BID:1.2049 ASK:1.205 MID:1.20495 P1:1.20495 P2:1.20495 P3:1.20485 P4:1.20495 STATE:IDLE
[2026-05-14 18:07:31Z] CHK MOM:0.01% RANGE:0.02% UP:16.66% SPREAD:0.00829806% BID:1.2051 ASK:1.2052 MID:1.20515 P1:1.20515 P2:1.20495 P3:1.20495 P4:1.20485 STATE:IDLE
[2026-05-14 18:07:32Z] CHK MOM:0.02% RANGE:0.03% UP:21.05% SPREAD:0.00829737% BID:1.2052 ASK:1.2053 MID:1.20525 P1:1.20525 P2:1.20515 P3:1.20495 P4:1.20495 STATE:IDLE
[2026-05-14 18:07:32Z] CHK MOM:0.02% RANGE:0.03% UP:21.05% SPREAD:0.00829737% BID:1.2052 ASK:1.2053 MID:1.20525 P1:1.20525 P2:1.20515 P3:1.20495 P4:1.20495 STATE:IDLE
[2026-05-14 18:07:33Z] CHK MOM:0.02% RANGE:0.03% UP:20% SPREAD:0.00829737% BID:1.2052 ASK:1.2053 MID:1.20525 P1:1.20525 P2:1.20525 P3:1.20515 P4:1.20495 STATE:IDLE
[2026-05-14 18:07:33Z] CHK MOM:0.02% RANGE:0.03% UP:20% SPREAD:0.00829737% BID:1.2052 ASK:1.2053 MID:1.20525 P1:1.20525 P2:1.20525 P3:1.20515 P4:1.20495 STATE:IDLE
[2026-05-14 18:07:34Z] CHK MOM:0.02% RANGE:0.03% UP:20% SPREAD:0.00829737% BID:1.2052 ASK:1.2053 MID:1.20525 P1:1.20525 P2:1.20525 P3:1.20515 P4:1.20495 STATE:IDLE
[2026-05-14 18:07:34Z] CHK MOM:0.02% RANGE:0.03% UP:20% SPREAD:0.00829737% BID:1.2052 ASK:1.2053 MID:1.20525 P1:1.20525 P2:1.20525 P3:1.20515 P4:1.20495 STATE:IDLE
[2026-05-14 18:07:35Z] CHK MOM:0.02% RANGE:0.03% UP:20% SPREAD:0.00829737% BID:1.2052 ASK:1.2053 MID:1.20525 P1:1.20525 P2:1.20525 P3:1.20515 P4:1.20495 STATE:IDLE
[2026-05-14 18:07:36Z] CHK MOM:0.02% RANGE:0.03% UP:21.42% SPREAD:0.00829737% BID:1.2052 ASK:1.2053 MID:1.20525 P1:1.20525 P2:1.20525 P3:1.20525 P4:1.20515 STATE:IDLE
[2026-05-14 18:07:36Z] CHK MOM:0.02% RANGE:0.03% UP:21.42% SPREAD:0.00829737% BID:1.2052 ASK:1.2053 MID:1.20525 P1:1.20525 P2:1.20525 P3:1.20525 P4:1.20515 STATE:IDLE
[2026-05-14 18:07:37Z] CHK MOM:0.02% RANGE:0.03% UP:21.42% SPREAD:0.00829737% BID:1.2052 ASK:1.2053 MID:1.20525 P1:1.20525 P2:1.20525 P3:1.20525 P4:1.20515 STATE:IDLE
[2026-05-14 18:07:37Z] CHK MOM:0.02% RANGE:0.03% UP:23.07% SPREAD:0.00829737% BID:1.2052 ASK:1.2053 MID:1.20525 P1:1.20525 P2:1.20525 P3:1.20525 P4:1.20525 STATE:IDLE
[2026-05-14 18:07:38Z] CHK MOM:0.02% RANGE:0.03% UP:23.07% SPREAD:0.00829737% BID:1.2052 ASK:1.2053 MID:1.20525 P1:1.20525 P2:1.20525 P3:1.20525 P4:1.20525 STATE:IDLE
[2026-05-14 18:07:38Z] CHK MOM:0.02% RANGE:0.03% UP:23.07% SPREAD:0.00829737% BID:1.2052 ASK:1.2053 MID:1.20525 P1:1.20525 P2:1.20525 P3:1.20525 P4:1.20525 STATE:IDLE
[2026-05-14 18:07:39Z] CHK MOM:0.02% RANGE:0.03% UP:27.27% SPREAD:0.00829737% BID:1.2052 ASK:1.2053 MID:1.20525 P1:1.20525 P2:1.20525 P3:1.20525 P4:1.20525 STATE:IDLE
[2026-05-14 18:07:39Z] CHK MOM:0.02% RANGE:0.03% UP:25% SPREAD:0.00829737% BID:1.2052 ASK:1.2053 MID:1.20525 P1:1.20525 P2:1.20525 P3:1.20525 P4:1.20525 STATE:IDLE
[2026-05-14 18:07:40Z] CHK MOM:0.02% RANGE:0.03% UP:25% SPREAD:0.00829737% BID:1.2052 ASK:1.2053 MID:1.20525 P1:1.20525 P2:1.20525 P3:1.20525 P4:1.20525 STATE:IDLE
[2026-05-14 18:07:41Z] CHK MOM:0.03% RANGE:0.04% UP:33.33% SPREAD:0.00829668% BID:1.2053 ASK:1.2054 MID:1.20535 P1:1.20535 P2:1.20525 P3:1.20525 P4:1.20525 STATE:IDLE
[2026-05-14 18:07:41Z] CHK MOM:0.04% RANGE:0.04% UP:33.33% SPREAD:0.00829668% BID:1.2053 ASK:1.2054 MID:1.20535 P1:1.20535 P2:1.20535 P3:1.20525 P4:1.20525 STATE:IDLE
[2026-05-14 18:07:42Z] CHK MOM:0.03% RANGE:0.03% UP:25% SPREAD:0.00829668% BID:1.2053 ASK:1.2054 MID:1.20535 P1:1.20535 P2:1.20535 P3:1.20535 P4:1.20525 STATE:IDLE
[2026-05-14 18:07:42Z] CHK MOM:0.03% RANGE:0.03% UP:25% SPREAD:0.00829668% BID:1.2053 ASK:1.2054 MID:1.20535 P1:1.20535 P2:1.20535 P3:1.20535 P4:1.20535 STATE:IDLE
[2026-05-14 18:07:43Z] CHK MOM:0.01% RANGE:0.01% UP:16.66% SPREAD:0.00829668% BID:1.2053 ASK:1.2054 MID:1.20535 P1:1.20535 P2:1.20535 P3:1.20535 P4:1.20535 STATE:IDLE
[2026-05-14 18:07:43Z] CHK MOM:0.01% RANGE:0.01% UP:16.66% SPREAD:0.008296% BID:1.2054 ASK:1.2055 MID:1.20545 P1:1.20545 P2:1.20535 P3:1.20535 P4:1.20535 STATE:IDLE
[2026-05-14 18:07:44Z] CHK MOM:0.01% RANGE:0.01% UP:15.38% SPREAD:0.008296% BID:1.2054 ASK:1.2055 MID:1.20545 P1:1.20545 P2:1.20545 P3:1.20535 P4:1.20535 STATE:IDLE
[2026-05-14 18:07:44Z] CHK MOM:0.01% RANGE:0.01% UP:15.38% SPREAD:0.008296% BID:1.2054 ASK:1.2055 MID:1.20545 P1:1.20545 P2:1.20545 P3:1.20535 P4:1.20535 STATE:IDLE
[2026-05-14 18:07:45Z] CHK MOM:0.01% RANGE:0.01% UP:15.38% SPREAD:0.008296% BID:1.2054 ASK:1.2055 MID:1.20545 P1:1.20545 P2:1.20545 P3:1.20545 P4:1.20535 STATE:IDLE
[2026-05-14 18:07:46Z] CHK MOM:0% RANGE:0.01% UP:15.38% SPREAD:0.00829737% BID:1.2052 ASK:1.2053 MID:1.20525 P1:1.20525 P2:1.20545 P3:1.20545 P4:1.20545 STATE:IDLE
[2026-05-14 18:07:46Z] CHK MOM:0% RANGE:0.02% UP:14.28% SPREAD:0.00829806% BID:1.2051 ASK:1.2052 MID:1.20515 P1:1.20515 P2:1.20525 P3:1.20545 P4:1.20545 STATE:IDLE
[2026-05-14 18:07:47Z] CHK MOM:0% RANGE:0.02% UP:20% SPREAD:0.00829737% BID:1.2052 ASK:1.2053 MID:1.20525 P1:1.20525 P2:1.20515 P3:1.20525 P4:1.20545 STATE:IDLE
[2026-05-14 18:07:47Z] CHK MOM:0% RANGE:0.02% UP:18.75% SPREAD:0.00829737% BID:1.2052 ASK:1.2053 MID:1.20525 P1:1.20525 P2:1.20525 P3:1.20515 P4:1.20525 STATE:IDLE
[2026-05-14 18:07:48Z] CHK MOM:0% RANGE:0.02% UP:17.64% SPREAD:0.00829737% BID:1.2052 ASK:1.2053 MID:1.20525 P1:1.20525 P2:1.20525 P3:1.20525 P4:1.20515 STATE:IDLE
[2026-05-14 18:07:48Z] CHK MOM:0% RANGE:0.02% UP:17.64% SPREAD:0.00829737% BID:1.2052 ASK:1.2053 MID:1.20525 P1:1.20525 P2:1.20525 P3:1.20525 P4:1.20525 STATE:IDLE
[2026-05-14 18:07:49Z] CHK MOM:0% RANGE:0.02% UP:16.66% SPREAD:0.00829737% BID:1.2052 ASK:1.2053 MID:1.20525 P1:1.20525 P2:1.20525 P3:1.20525 P4:1.20525 STATE:IDLE
[2026-05-14 18:07:49Z] CHK MOM:0% RANGE:0.02% UP:16.66% SPREAD:0.00829737% BID:1.2052 ASK:1.2053 MID:1.20525 P1:1.20525 P2:1.20525 P3:1.20525 P4:1.20525 STATE:IDLE
[2026-05-14 18:07:50Z] CHK MOM:0% RANGE:0.02% UP:16.66% SPREAD:0.00829737% BID:1.2052 ASK:1.2053 MID:1.20525 P1:1.20525 P2:1.20525 P3:1.20525 P4:1.20525 STATE:IDLE
[2026-05-14 18:07:50Z] CHK MOM:0% RANGE:0.02% UP:16.66% SPREAD:0.00829737% BID:1.2052 ASK:1.2053 MID:1.20525 P1:1.20525 P2:1.20525 P3:1.20525 P4:1.20525 STATE:IDLE
[2026-05-14 18:07:51Z] CHK MOM:0.01% RANGE:0.02% UP:21.05% SPREAD:0.008296% BID:1.2054 ASK:1.2055 MID:1.20545 P1:1.20545 P2:1.20525 P3:1.20525 P4:1.20525 STATE:IDLE
[2026-05-14 18:07:52Z] CHK MOM:0.01% RANGE:0.02% UP:22.22% SPREAD:0.008296% BID:1.2054 ASK:1.2055 MID:1.20545 P1:1.20545 P2:1.20545 P3:1.20525 P4:1.20525 STATE:IDLE
[2026-05-14 18:07:52Z] CHK MOM:0.01% RANGE:0.02% UP:22.22% SPREAD:0.008296% BID:1.2054 ASK:1.2055 MID:1.20545 P1:1.20545 P2:1.20545 P3:1.20525 P4:1.20525 STATE:IDLE
[2026-05-14 18:07:53Z] CHK MOM:0% RANGE:0.02% UP:17.64% SPREAD:0.00829668% BID:1.2053 ASK:1.2054 MID:1.20535 P1:1.20535 P2:1.20545 P3:1.20545 P4:1.20525 STATE:IDLE
[2026-05-14 18:07:53Z] CHK MOM:0% RANGE:0.02% UP:17.64% SPREAD:0.00829668% BID:1.2053 ASK:1.2054 MID:1.20535 P1:1.20535 P2:1.20545 P3:1.20545 P4:1.20525 STATE:IDLE
[2026-05-14 18:07:54Z] CHK MOM:0% RANGE:0.02% UP:18.75% SPREAD:0.00829668% BID:1.2053 ASK:1.2054 MID:1.20535 P1:1.20535 P2:1.20535 P3:1.20545 P4:1.20545 STATE:IDLE
[2026-05-14 18:07:54Z] CHK MOM:0% RANGE:0.02% UP:17.64% SPREAD:0.00829668% BID:1.2053 ASK:1.2054 MID:1.20535 P1:1.20535 P2:1.20535 P3:1.20535 P4:1.20545 STATE:IDLE
[2026-05-14 18:07:55Z] CHK MOM:0% RANGE:0.02% UP:17.64% SPREAD:0.00829668% BID:1.2053 ASK:1.2054 MID:1.20535 P1:1.20535 P2:1.20535 P3:1.20535 P4:1.20535 STATE:IDLE
[2026-05-14 18:07:55Z] CHK MOM:0% RANGE:0.02% UP:17.64% SPREAD:0.00829668% BID:1.2053 ASK:1.2054 MID:1.20535 P1:1.20535 P2:1.20535 P3:1.20535 P4:1.20535 STATE:IDLE
[2026-05-14 18:07:56Z] CHK MOM:0% RANGE:0.02% UP:17.64% SPREAD:0.00829668% BID:1.2053 ASK:1.2054 MID:1.20535 P1:1.20535 P2:1.20535 P3:1.20535 P4:1.20535 STATE:IDLE
[2026-05-14 18:07:57Z] CHK MOM:0% RANGE:0.02% UP:17.64% SPREAD:0.00829668% BID:1.2053 ASK:1.2054 MID:1.20535 P1:1.20535 P2:1.20535 P3:1.20535 P4:1.20535 STATE:IDLE
[2026-05-14 18:07:57Z] CHK MOM:0% RANGE:0.02% UP:17.64% SPREAD:0.00829668% BID:1.2053 ASK:1.2054 MID:1.20535 P1:1.20535 P2:1.20535 P3:1.20535 P4:1.20535 STATE:IDLE
[2026-05-14 18:07:58Z] CHK MOM:0.01% RANGE:0.02% UP:15.38% SPREAD:0.00829668% BID:1.2053 ASK:1.2054 MID:1.20535 P1:1.20535 P2:1.20535 P3:1.20535 P4:1.20535 STATE:IDLE
[2026-05-14 18:07:58Z] CHK MOM:0.01% RANGE:0.02% UP:15.38% SPREAD:0.00829668% BID:1.2053 ASK:1.2054 MID:1.20535 P1:1.20535 P2:1.20535 P3:1.20535 P4:1.20535 STATE:IDLE
[2026-05-14 18:07:59Z] CHK MOM:0.01% RANGE:0.02% UP:15.38% SPREAD:0.00829668% BID:1.2053 ASK:1.2054 MID:1.20535 P1:1.20535 P2:1.20535 P3:1.20535 P4:1.20535 STATE:IDLE
[2026-05-14 18:07:59Z] CHK MOM:0.01% RANGE:0.02% UP:15.38% SPREAD:0.00829668% BID:1.2053 ASK:1.2054 MID:1.20535 P1:1.20535 P2:1.20535 P3:1.20535 P4:1.20535 STATE:IDLE
[2026-05-14 18:08:00Z] CHK MOM:0.01% RANGE:0.02% UP:15.38% SPREAD:0.00829668% BID:1.2053 ASK:1.2054 MID:1.20535 P1:1.20535 P2:1.20535 P3:1.20535 P4:1.20535 STATE:IDLE
[2026-05-14 18:08:00Z] CHK MOM:-0.01% RANGE:0.03% UP:10% SPREAD:0.00829875% BID:1.205 ASK:1.2051 MID:1.20505 P1:1.20505 P2:1.20535 P3:1.20535 P4:1.20535 STATE:IDLE
[2026-05-14 18:08:01Z] CHK MOM:-0.02% RANGE:0.04% UP:11.11% SPREAD:0.00829944% BID:1.2049 ASK:1.205 MID:1.20495 P1:1.20495 P2:1.20505 P3:1.20535 P4:1.20535 STATE:IDLE
[2026-05-14 18:08:02Z] CHK MOM:-0.02% RANGE:0.04% UP:10% SPREAD:0.00829944% BID:1.2049 ASK:1.205 MID:1.20495 P1:1.20495 P2:1.20495 P3:1.20505 P4:1.20535 STATE:IDLE
[2026-05-14 18:08:02Z] CHK MOM:-0.04% RANGE:0.04% UP:0% SPREAD:0.00830013% BID:1.2048 ASK:1.2049 MID:1.20485 P1:1.20485 P2:1.20495 P3:1.20495 P4:1.20505 STATE:IDLE
[2026-05-14 18:08:03Z] CHK MOM:-0.04% RANGE:0.04% UP:0% SPREAD:0.00830013% BID:1.2048 ASK:1.2049 MID:1.20485 P1:1.20485 P2:1.20495 P3:1.20495 P4:1.20505 STATE:IDLE
[2026-05-14 18:08:03Z] CHK MOM:-0.04% RANGE:0.04% UP:0% SPREAD:0.00830013% BID:1.2048 ASK:1.2049 MID:1.20485 P1:1.20485 P2:1.20495 P3:1.20495 P4:1.20505 STATE:IDLE
[2026-05-14 18:08:04Z] CHK MOM:-0.04% RANGE:0.04% UP:0% SPREAD:0.00830013% BID:1.2048 ASK:1.2049 MID:1.20485 P1:1.20485 P2:1.20485 P3:1.20495 P4:1.20495 STATE:IDLE
[2026-05-14 18:08:04Z] CHK MOM:-0.04% RANGE:0.04% UP:0% SPREAD:0.00830013% BID:1.2048 ASK:1.2049 MID:1.20485 P1:1.20485 P2:1.20485 P3:1.20495 P4:1.20495 STATE:IDLE
[2026-05-14 18:08:05Z] CHK MOM:-0.04% RANGE:0.04% UP:0% SPREAD:0.00830013% BID:1.2048 ASK:1.2049 MID:1.20485 P1:1.20485 P2:1.20485 P3:1.20495 P4:1.20495 STATE:IDLE
[2026-05-14 18:08:05Z] CHK MOM:-0.04% RANGE:0.04% UP:0% SPREAD:0.00830013% BID:1.2048 ASK:1.2049 MID:1.20485 P1:1.20485 P2:1.20485 P3:1.20485 P4:1.20495 STATE:IDLE
[2026-05-14 18:08:06Z] CHK MOM:-0.04% RANGE:0.04% UP:0% SPREAD:0.00830013% BID:1.2048 ASK:1.2049 MID:1.20485 P1:1.20485 P2:1.20485 P3:1.20485 P4:1.20495 STATE:IDLE
[2026-05-14 18:08:06Z] CHK MOM:-0.04% RANGE:0.04% UP:0% SPREAD:0.00830013% BID:1.2048 ASK:1.2049 MID:1.20485 P1:1.20485 P2:1.20485 P3:1.20485 P4:1.20495 STATE:IDLE
[2026-05-14 18:08:07Z] CHK MOM:-0.04% RANGE:0.04% UP:0% SPREAD:0.00830013% BID:1.2048 ASK:1.2049 MID:1.20485 P1:1.20485 P2:1.20485 P3:1.20485 P4:1.20485 STATE:IDLE
[2026-05-14 18:08:08Z] CHK MOM:-0.04% RANGE:0.04% UP:0% SPREAD:0.00830013% BID:1.2048 ASK:1.2049 MID:1.20485 P1:1.20485 P2:1.20485 P3:1.20485 P4:1.20485 STATE:IDLE
[2026-05-14 18:08:08Z] CHK MOM:-0.04% RANGE:0.04% UP:0% SPREAD:0.00830013% BID:1.2048 ASK:1.2049 MID:1.20485 P1:1.20485 P2:1.20485 P3:1.20485 P4:1.20485 STATE:IDLE
[2026-05-14 18:08:09Z] CHK MOM:-0.04% RANGE:0.04% UP:0% SPREAD:0.00830013% BID:1.2048 ASK:1.2049 MID:1.20485 P1:1.20485 P2:1.20485 P3:1.20485 P4:1.20485 STATE:IDLE
[2026-05-14 18:08:09Z] CHK MOM:-0.04% RANGE:0.04% UP:0% SPREAD:0.00830013% BID:1.2048 ASK:1.2049 MID:1.20485 P1:1.20485 P2:1.20485 P3:1.20485 P4:1.20485 STATE:IDLE
[2026-05-14 18:08:10Z] CHK MOM:-0.04% RANGE:0.04% UP:0% SPREAD:0.00830013% BID:1.2048 ASK:1.2049 MID:1.20485 P1:1.20485 P2:1.20485 P3:1.20485 P4:1.20485 STATE:IDLE
[2026-05-14 18:08:10Z] CHK MOM:-0.02% RANGE:0.02% UP:0% SPREAD:0.00830082% BID:1.2047 ASK:1.2048 MID:1.20475 P1:1.20475 P2:1.20485 P3:1.20485 P4:1.20485 STATE:IDLE
[2026-05-14 18:08:11Z] CHK MOM:-0.02% RANGE:0.02% UP:0% SPREAD:0.00830082% BID:1.2047 ASK:1.2048 MID:1.20475 P1:1.20475 P2:1.20475 P3:1.20485 P4:1.20485 STATE:IDLE
[2026-05-14 18:08:11Z] CHK MOM:-0.02% RANGE:0.02% UP:0% SPREAD:0.00830082% BID:1.2047 ASK:1.2048 MID:1.20475 P1:1.20475 P2:1.20475 P3:1.20475 P4:1.20485 STATE:IDLE
[2026-05-14 18:08:12Z] CHK MOM:-0.02% RANGE:0.02% UP:0% SPREAD:0.00830082% BID:1.2047 ASK:1.2048 MID:1.20475 P1:1.20475 P2:1.20475 P3:1.20475 P4:1.20475 STATE:IDLE
[2026-05-14 18:08:13Z] CHK MOM:-0.02% RANGE:0.02% UP:0% SPREAD:0.00830082% BID:1.2047 ASK:1.2048 MID:1.20475 P1:1.20475 P2:1.20475 P3:1.20475 P4:1.20475 STATE:IDLE
[2026-05-14 18:08:13Z] CHK MOM:-0.01% RANGE:0.01% UP:0% SPREAD:0.00830082% BID:1.2047 ASK:1.2048 MID:1.20475 P1:1.20475 P2:1.20475 P3:1.20475 P4:1.20475 STATE:IDLE
[2026-05-14 18:08:14Z] CHK MOM:0% RANGE:0% UP:0% SPREAD:0.00830082% BID:1.2047 ASK:1.2048 MID:1.20475 P1:1.20475 P2:1.20475 P3:1.20475 P4:1.20475 STATE:IDLE
[2026-05-14 18:08:14Z] CHK MOM:0% RANGE:0% UP:0% SPREAD:0.00830082% BID:1.2047 ASK:1.2048 MID:1.20475 P1:1.20475 P2:1.20475 P3:1.20475 P4:1.20475 STATE:IDLE
[2026-05-14 18:08:15Z] CHK MOM:0% RANGE:0% UP:0% SPREAD:0.00830082% BID:1.2047 ASK:1.2048 MID:1.20475 P1:1.20475 P2:1.20475 P3:1.20475 P4:1.20475 STATE:IDLE
[2026-05-14 18:08:15Z] CHK MOM:0% RANGE:0% UP:7.14% SPREAD:0.00830013% BID:1.2048 ASK:1.2049 MID:1.20485 P1:1.20485 P2:1.20475 P3:1.20475 P4:1.20475 STATE:IDLE
[2026-05-14 18:08:16Z] CHK MOM:0% RANGE:0.01% UP:13.33% SPREAD:0.00829944% BID:1.2049 ASK:1.205 MID:1.20495 P1:1.20495 P2:1.20485 P3:1.20475 P4:1.20475 STATE:IDLE
[2026-05-14 18:08:16Z] CHK MOM:0% RANGE:0.01% UP:13.33% SPREAD:0.00830013% BID:1.2048 ASK:1.2049 MID:1.20485 P1:1.20485 P2:1.20495 P3:1.20485 P4:1.20475 STATE:IDLE
[2026-05-14 18:08:17Z] CHK MOM:0% RANGE:0.01% UP:12.5% SPREAD:0.00830013% BID:1.2048 ASK:1.2049 MID:1.20485 P1:1.20485 P2:1.20485 P3:1.20495 P4:1.20485 STATE:IDLE
[2026-05-14 18:08:18Z] CHK MOM:0% RANGE:0.01% UP:12.5% SPREAD:0.00830013% BID:1.2048 ASK:1.2049 MID:1.20485 P1:1.20485 P2:1.20485 P3:1.20495 P4:1.20485 STATE:IDLE
[2026-05-14 18:08:18Z] CHK MOM:0% RANGE:0.01% UP:12.5% SPREAD:0.00830013% BID:1.2048 ASK:1.2049 MID:1.20485 P1:1.20485 P2:1.20485 P3:1.20485 P4:1.20495 STATE:IDLE
[2026-05-14 18:08:19Z] CHK MOM:0% RANGE:0.01% UP:12.5% SPREAD:0.00830013% BID:1.2048 ASK:1.2049 MID:1.20485 P1:1.20485 P2:1.20485 P3:1.20485 P4:1.20495 STATE:IDLE
[2026-05-14 18:08:19Z] CHK MOM:0% RANGE:0.01% UP:12.5% SPREAD:0.00830013% BID:1.2048 ASK:1.2049 MID:1.20485 P1:1.20485 P2:1.20485 P3:1.20485 P4:1.20485 STATE:IDLE
[2026-05-14 18:08:20Z] CHK MOM:0% RANGE:0.01% UP:18.75% SPREAD:0.00829944% BID:1.2049 ASK:1.205 MID:1.20495 P1:1.20495 P2:1.20485 P3:1.20485 P4:1.20485 STATE:IDLE
[2026-05-14 18:08:20Z] CHK MOM:0% RANGE:0.01% UP:17.64% SPREAD:0.00829944% BID:1.2049 ASK:1.205 MID:1.20495 P1:1.20495 P2:1.20495 P3:1.20485 P4:1.20485 STATE:IDLE
[2026-05-14 18:08:21Z] CHK MOM:0.01% RANGE:0.01% UP:17.64% SPREAD:0.00829944% BID:1.2049 ASK:1.205 MID:1.20495 P1:1.20495 P2:1.20495 P3:1.20495 P4:1.20485 STATE:IDLE
[2026-05-14 18:08:21Z] CHK MOM:0% RANGE:0.01% UP:16.66% SPREAD:0.00830013% BID:1.2048 ASK:1.2049 MID:1.20485 P1:1.20485 P2:1.20495 P3:1.20495 P4:1.20495 STATE:IDLE
[2026-05-14 18:08:22Z] CHK MOM:0.01% RANGE:0.01% UP:21.05% SPREAD:0.00829944% BID:1.2049 ASK:1.205 MID:1.20495 P1:1.20495 P2:1.20485 P3:1.20495 P4:1.20495 STATE:IDLE
[2026-05-14 18:08:22Z] CHK MOM:0% RANGE:0.01% UP:21.05% SPREAD:0.00830013% BID:1.2048 ASK:1.2049 MID:1.20485 P1:1.20485 P2:1.20495 P3:1.20485 P4:1.20495 STATE:IDLE
[2026-05-14 18:08:23Z] CHK MOM:0% RANGE:0.01% UP:21.05% SPREAD:0.00830082% BID:1.2047 ASK:1.2048 MID:1.20475 P1:1.20475 P2:1.20485 P3:1.20495 P4:1.20485 STATE:IDLE
[2026-05-14 18:08:24Z] CHK MOM:0% RANGE:0.01% UP:22.22% SPREAD:0.00830082% BID:1.2047 ASK:1.2048 MID:1.20475 P1:1.20475 P2:1.20475 P3:1.20485 P4:1.20495 STATE:IDLE
[2026-05-14 18:08:24Z] CHK MOM:0% RANGE:0.01% UP:22.22% SPREAD:0.00830082% BID:1.2047 ASK:1.2048 MID:1.20475 P1:1.20475 P2:1.20475 P3:1.20485 P4:1.20495 STATE:IDLE
[2026-05-14 18:08:25Z] CHK MOM:0% RANGE:0.01% UP:22.22% SPREAD:0.00830082% BID:1.2047 ASK:1.2048 MID:1.20475 P1:1.20475 P2:1.20475 P3:1.20485 P4:1.20495 STATE:IDLE
[2026-05-14 18:08:25Z] CHK MOM:0% RANGE:0.01% UP:22.22% SPREAD:0.00830082% BID:1.2047 ASK:1.2048 MID:1.20475 P1:1.20475 P2:1.20475 P3:1.20485 P4:1.20495 STATE:IDLE
[2026-05-14 18:08:26Z] CHK MOM:0% RANGE:0.01% UP:23.52% SPREAD:0.00830082% BID:1.2047 ASK:1.2048 MID:1.20475 P1:1.20475 P2:1.20475 P3:1.20475 P4:1.20485 STATE:IDLE
[2026-05-14 18:08:26Z] CHK MOM:0% RANGE:0.01% UP:23.52% SPREAD:0.00830082% BID:1.2047 ASK:1.2048 MID:1.20475 P1:1.20475 P2:1.20475 P3:1.20475 P4:1.20475 STATE:IDLE
[2026-05-14 18:08:27Z] CHK MOM:0% RANGE:0.02% UP:23.52% SPREAD:0.00830151% BID:1.2046 ASK:1.2047 MID:1.20465 P1:1.20465 P2:1.20475 P3:1.20475 P4:1.20475 STATE:IDLE
[2026-05-14 18:08:27Z] CHK MOM:-0.01% RANGE:0.02% UP:17.64% SPREAD:0.00830151% BID:1.2046 ASK:1.2047 MID:1.20465 P1:1.20465 P2:1.20465 P3:1.20475 P4:1.20475 STATE:IDLE
[2026-05-14 18:08:28Z] CHK MOM:-0.02% RANGE:0.02% UP:11.76% SPREAD:0.00830151% BID:1.2046 ASK:1.2047 MID:1.20465 P1:1.20465 P2:1.20465 P3:1.20465 P4:1.20475 STATE:IDLE
[2026-05-14 18:08:29Z] CHK MOM:-0.01% RANGE:0.02% UP:11.76% SPREAD:0.00830151% BID:1.2046 ASK:1.2047 MID:1.20465 P1:1.20465 P2:1.20465 P3:1.20465 P4:1.20465 STATE:IDLE
[2026-05-14 18:08:29Z] CHK MOM:-0.01% RANGE:0.02% UP:12.5% SPREAD:0.00830151% BID:1.2046 ASK:1.2047 MID:1.20465 P1:1.20465 P2:1.20465 P3:1.20465 P4:1.20465 STATE:IDLE
[2026-05-14 18:08:30Z] CHK MOM:-0.01% RANGE:0.02% UP:11.76% SPREAD:0.00830151% BID:1.2046 ASK:1.2047 MID:1.20465 P1:1.20465 P2:1.20465 P3:1.20465 P4:1.20465 STATE:IDLE
[2026-05-14 18:08:30Z] CHK MOM:0.01% RANGE:0.03% UP:17.64% SPREAD:0.00829875% BID:1.205 ASK:1.2051 MID:1.20505 P1:1.20505 P2:1.20465 P3:1.20465 P4:1.20465 STATE:IDLE
[2026-05-14 18:08:31Z] CHK MOM:0.04% RANGE:0.05% UP:22.22% SPREAD:0.00829668% BID:1.2053 ASK:1.2054 MID:1.20535 P1:1.20535 P2:1.20505 P3:1.20465 P4:1.20465 STATE:IDLE
[2026-05-14 18:08:31Z] CHK MOM:0.06% RANGE:0.09% UP:22.22% SPREAD:0.00829393% BID:1.2057 ASK:1.2058 MID:1.20575 P1:1.20575 P2:1.20535 P3:1.20505 P4:1.20465 STATE:IDLE
[2026-05-14 18:08:32Z] CHK MOM:0.06% RANGE:0.09% UP:21.05% SPREAD:0.00829393% BID:1.2057 ASK:1.2058 MID:1.20575 P1:1.20575 P2:1.20575 P3:1.20535 P4:1.20505 STATE:IDLE
[2026-05-14 18:08:32Z] CHK MOM:0.08% RANGE:0.1% UP:27.77% SPREAD:0.00829256% BID:1.2059 ASK:1.206 MID:1.20595 P1:1.20595 P2:1.20575 P3:1.20575 P4:1.20535 STATE:IDLE
[2026-05-14 18:08:33Z] CHK MOM:0.09% RANGE:0.1% UP:27.77% SPREAD:0.00829256% BID:1.2059 ASK:1.206 MID:1.20595 P1:1.20595 P2:1.20595 P3:1.20575 P4:1.20575 STATE:IDLE
[2026-05-14 18:08:33Z] CHK MOM:0.09% RANGE:0.11% UP:31.57% SPREAD:0.00829187% BID:1.206 ASK:1.2061 MID:1.20604999 P1:1.20604999 P2:1.20595 P3:1.20595 P4:1.20575 STATE:IDLE
[2026-05-14 18:08:34Z] CHK MOM:0.09% RANGE:0.11% UP:26.31% SPREAD:0.00829187% BID:1.206 ASK:1.2061 MID:1.20604999 P1:1.20604999 P2:1.20604999 P3:1.20595 P4:1.20595 STATE:IDLE
[2026-05-14 18:08:35Z] CHK MOM:0.1% RANGE:0.11% UP:27.77% SPREAD:0.00829187% BID:1.206 ASK:1.2061 MID:1.20604999 P1:1.20604999 P2:1.20604999 P3:1.20604999 P4:1.20595 STATE:IDLE
[2026-05-14 18:08:35Z] CHK MOM:0.13% RANGE:0.14% UP:33.33% SPREAD:0.00828981% BID:1.2063 ASK:1.2064 MID:1.20635 P1:1.20635 P2:1.20604999 P3:1.20604999 P4:1.20604999 STATE:IDLE
[2026-05-14 18:08:36Z] CHK MOM:0.14% RANGE:0.15% UP:38.88% SPREAD:0.00828843% BID:1.2065 ASK:1.2066 MID:1.20655 P1:1.20655 P2:1.20635 P3:1.20604999 P4:1.20604999 STATE:IDLE
[2026-05-14 18:08:36Z] CHK MOM:0.14% RANGE:0.15% UP:36.84% SPREAD:0.00828843% BID:1.2065 ASK:1.2066 MID:1.20655 P1:1.20655 P2:1.20655 P3:1.20635 P4:1.20604999 STATE:IDLE
[2026-05-14 18:08:37Z] CHK MOM:0.16% RANGE:0.17% UP:40% SPREAD:0.00828706% BID:1.2067 ASK:1.2068 MID:1.20675 P1:1.20675 P2:1.20655 P3:1.20655 P4:1.20635 STATE:IDLE
[2026-05-14 18:08:37Z] CHK MOM:0.16% RANGE:0.17% UP:38.09% SPREAD:0.00828706% BID:1.2067 ASK:1.2068 MID:1.20675 P1:1.20675 P2:1.20675 P3:1.20655 P4:1.20655 STATE:IDLE
[2026-05-14 18:08:38Z] CHK MOM:0.16% RANGE:0.17% UP:36.36% SPREAD:0.00828706% BID:1.2067 ASK:1.2068 MID:1.20675 P1:1.20675 P2:1.20675 P3:1.20675 P4:1.20655 STATE:IDLE
[2026-05-14 18:08:38Z] CHK MOM:0.13% RANGE:0.17% UP:38.09% SPREAD:0.00829049% BID:1.2062 ASK:1.2063 MID:1.20624999 P1:1.20624999 P2:1.20675 P3:1.20675 P4:1.20675 STATE:IDLE
[2026-05-14 18:08:39Z] CHK MOM:0.14% RANGE:0.17% UP:40.9% SPREAD:0.00828912% BID:1.2064 ASK:1.2065 MID:1.20644999 P1:1.20644999 P2:1.20624999 P3:1.20675 P4:1.20675 STATE:IDLE
[2026-05-14 18:08:40Z] CHK MOM:0.14% RANGE:0.17% UP:40.9% SPREAD:0.00828981% BID:1.2063 ASK:1.2064 MID:1.20635 P1:1.20635 P2:1.20644999 P3:1.20624999 P4:1.20675 STATE:IDLE
[2026-05-14 18:08:40Z] CHK MOM:0.14% RANGE:0.17% UP:42.85% SPREAD:0.00828981% BID:1.2063 ASK:1.2064 MID:1.20635 P1:1.20635 P2:1.20635 P3:1.20644999 P4:1.20624999 STATE:IDLE
[2026-05-14 18:08:41Z] CHK MOM:0.14% RANGE:0.17% UP:42.85% SPREAD:0.00828981% BID:1.2063 ASK:1.2064 MID:1.20635 P1:1.20635 P2:1.20635 P3:1.20635 P4:1.20644999 STATE:IDLE
[2026-05-14 18:08:41Z] CHK MOM:0.14% RANGE:0.17% UP:42.85% SPREAD:0.00828981% BID:1.2063 ASK:1.2064 MID:1.20635 P1:1.20635 P2:1.20635 P3:1.20635 P4:1.20635 STATE:IDLE
[2026-05-14 18:08:42Z] CHK MOM:0.15% RANGE:0.17% UP:45.45% SPREAD:0.00828843% BID:1.2065 ASK:1.2066 MID:1.20655 P1:1.20655 P2:1.20635 P3:1.20635 P4:1.20635 STATE:IDLE
[2026-05-14 18:08:42Z] CHK MOM:0.11% RANGE:0.14% UP:40.9% SPREAD:0.00828912% BID:1.2064 ASK:1.2065 MID:1.20644999 P1:1.20644999 P2:1.20655 P3:1.20635 P4:1.20635 STATE:IDLE
[2026-05-14 18:08:43Z] CHK MOM:0.09% RANGE:0.11% UP:36.36% SPREAD:0.00828912% BID:1.2064 ASK:1.2065 MID:1.20644999 P1:1.20644999 P2:1.20644999 P3:1.20655 P4:1.20635 STATE:IDLE
[2026-05-14 18:08:43Z] CHK MOM:0.06% RANGE:0.08% UP:36.36% SPREAD:0.00828843% BID:1.2065 ASK:1.2066 MID:1.20655 P1:1.20655 P2:1.20644999 P3:1.20644999 P4:1.20655 STATE:IDLE
[2026-05-14 18:08:44Z] CHK MOM:0.06% RANGE:0.06% UP:38.09% SPREAD:0.00828706% BID:1.2067 ASK:1.2068 MID:1.20675 P1:1.20675 P2:1.20655 P3:1.20644999 P4:1.20644999 STATE:IDLE
[2026-05-14 18:08:44Z] CHK MOM:0.05% RANGE:0.06% UP:36.36% SPREAD:0.00828775% BID:1.2066 ASK:1.2067 MID:1.20665 P1:1.20665 P2:1.20675 P3:1.20655 P4:1.20644999 STATE:IDLE
[2026-05-14 18:08:45Z] CHK MOM:0.05% RANGE:0.06% UP:36.36% SPREAD:0.00828775% BID:1.2066 ASK:1.2067 MID:1.20665 P1:1.20665 P2:1.20665 P3:1.20675 P4:1.20655 STATE:IDLE
[2026-05-14 18:08:46Z] CHK MOM:0.04% RANGE:0.05% UP:35% SPREAD:0.00828775% BID:1.2066 ASK:1.2067 MID:1.20665 P1:1.20665 P2:1.20665 P3:1.20665 P4:1.20675 STATE:IDLE
[2026-05-14 18:08:46Z] CHK MOM:0.04% RANGE:0.05% UP:33.33% SPREAD:0.00828775% BID:1.2066 ASK:1.2067 MID:1.20665 P1:1.20665 P2:1.20665 P3:1.20665 P4:1.20665 STATE:IDLE
[2026-05-14 18:08:47Z] CHK MOM:0.03% RANGE:0.05% UP:31.81% SPREAD:0.00828912% BID:1.2064 ASK:1.2065 MID:1.20644999 P1:1.20644999 P2:1.20665 P3:1.20665 P4:1.20665 STATE:IDLE
[2026-05-14 18:08:47Z] CHK MOM:0.03% RANGE:0.05% UP:31.81% SPREAD:0.00828912% BID:1.2064 ASK:1.2065 MID:1.20644999 P1:1.20644999 P2:1.20665 P3:1.20665 P4:1.20665 STATE:IDLE
[2026-05-14 18:08:48Z] CHK MOM:0% RANGE:0.04% UP:25% SPREAD:0.00828912% BID:1.2064 ASK:1.2065 MID:1.20644999 P1:1.20644999 P2:1.20644999 P3:1.20665 P4:1.20665 STATE:IDLE
[2026-05-14 18:08:48Z] CHK MOM:-0.02% RANGE:0.04% UP:20% SPREAD:0.00828912% BID:1.2064 ASK:1.2065 MID:1.20644999 P1:1.20644999 P2:1.20644999 P3:1.20644999 P4:1.20665 STATE:IDLE
[2026-05-14 18:08:49Z] CHK MOM:-0.04% RANGE:0.04% UP:20% SPREAD:0.00829118% BID:1.2061 ASK:1.2062 MID:1.20615 P1:1.20615 P2:1.20644999 P3:1.20644999 P4:1.20644999 STATE:IDLE
[2026-05-14 18:08:49Z] CHK MOM:-0.04% RANGE:0.04% UP:19.04% SPREAD:0.00829118% BID:1.2061 ASK:1.2062 MID:1.20615 P1:1.20615 P2:1.20615 P3:1.20644999 P4:1.20644999 STATE:IDLE
[2026-05-14 18:08:50Z] CHK MOM:0% RANGE:0.04% UP:20% SPREAD:0.00829118% BID:1.2061 ASK:1.2062 MID:1.20615 P1:1.20615 P2:1.20615 P3:1.20615 P4:1.20644999 STATE:IDLE
[2026-05-14 18:08:51Z] CHK MOM:-0.03% RANGE:0.05% UP:15% SPREAD:0.00829187% BID:1.206 ASK:1.2061 MID:1.20604999 P1:1.20604999 P2:1.20615 P3:1.20615 P4:1.20615 STATE:IDLE
[2026-05-14 18:08:51Z] CHK MOM:-0.01% RANGE:0.05% UP:20% SPREAD:0.00829118% BID:1.2061 ASK:1.2062 MID:1.20615 P1:1.20615 P2:1.20604999 P3:1.20615 P4:1.20615 STATE:IDLE
[2026-05-14 18:08:52Z] CHK MOM:-0.02% RANGE:0.05% UP:20% SPREAD:0.00829187% BID:1.206 ASK:1.2061 MID:1.20604999 P1:1.20604999 P2:1.20615 P3:1.20604999 P4:1.20615 STATE:IDLE
[2026-05-14 18:08:52Z] CHK MOM:-0.02% RANGE:0.05% UP:20% SPREAD:0.00829187% BID:1.206 ASK:1.2061 MID:1.20604999 P1:1.20604999 P2:1.20615 P3:1.20604999 P4:1.20615 STATE:IDLE
[2026-05-14 18:08:53Z] CHK MOM:-0.02% RANGE:0.05% UP:20% SPREAD:0.00829187% BID:1.206 ASK:1.2061 MID:1.20604999 P1:1.20604999 P2:1.20604999 P3:1.20615 P4:1.20604999 STATE:IDLE
[2026-05-14 18:08:53Z] CHK MOM:-0.04% RANGE:0.05% UP:15.78% SPREAD:0.00829187% BID:1.206 ASK:1.2061 MID:1.20604999 P1:1.20604999 P2:1.20604999 P3:1.20604999 P4:1.20615 STATE:IDLE
[2026-05-14 18:08:54Z] CHK MOM:-0.02% RANGE:0.05% UP:21.05% SPREAD:0.00829118% BID:1.2061 ASK:1.2062 MID:1.20615 P1:1.20615 P2:1.20604999 P3:1.20604999 P4:1.20604999 STATE:IDLE
[2026-05-14 18:08:54Z] CHK MOM:-0.01% RANGE:0.05% UP:26.31% SPREAD:0.00829049% BID:1.2062 ASK:1.2063 MID:1.20624999 P1:1.20624999 P2:1.20615 P3:1.20604999 P4:1.20604999 STATE:IDLE
[2026-05-14 18:08:55Z] CHK MOM:-0.02% RANGE:0.05% UP:21.05% SPREAD:0.00829049% BID:1.2062 ASK:1.2063 MID:1.20624999 P1:1.20624999 P2:1.20624999 P3:1.20615 P4:1.20604999 STATE:IDLE
[2026-05-14 18:08:56Z] CHK MOM:-0.02% RANGE:0.05% UP:20% SPREAD:0.00829049% BID:1.2062 ASK:1.2063 MID:1.20624999 P1:1.20624999 P2:1.20624999 P3:1.20624999 P4:1.20615 STATE:IDLE
[2026-05-14 18:08:56Z] CHK MOM:-0.03% RANGE:0.04% UP:16.66% SPREAD:0.00829049% BID:1.2062 ASK:1.2063 MID:1.20624999 P1:1.20624999 P2:1.20624999 P3:1.20624999 P4:1.20624999 STATE:IDLE
[2026-05-14 18:08:57Z] CHK MOM:-0.03% RANGE:0.04% UP:16.66% SPREAD:0.00829049% BID:1.2062 ASK:1.2063 MID:1.20624999 P1:1.20624999 P2:1.20624999 P3:1.20624999 P4:1.20624999 STATE:IDLE
[2026-05-14 18:08:57Z] CHK MOM:-0.01% RANGE:0.04% UP:22.22% SPREAD:0.00828912% BID:1.2064 ASK:1.2065 MID:1.20644999 P1:1.20644999 P2:1.20624999 P3:1.20624999 P4:1.20624999 STATE:IDLE
[2026-05-14 18:08:58Z] CHK MOM:-0.01% RANGE:0.04% UP:21.05% SPREAD:0.00828912% BID:1.2064 ASK:1.2065 MID:1.20644999 P1:1.20644999 P2:1.20644999 P3:1.20624999 P4:1.20624999 STATE:IDLE
[2026-05-14 18:08:58Z] CHK MOM:0% RANGE:0.04% UP:27.77% SPREAD:0.00828843% BID:1.2065 ASK:1.2066 MID:1.20655 P1:1.20655 P2:1.20644999 P3:1.20644999 P4:1.20624999 STATE:IDLE
[2026-05-14 18:08:59Z] CHK MOM:0% RANGE:0.04% UP:27.77% SPREAD:0.00828843% BID:1.2065 ASK:1.2066 MID:1.20655 P1:1.20655 P2:1.20655 P3:1.20644999 P4:1.20644999 STATE:IDLE
[2026-05-14 18:08:59Z] CHK MOM:0.01% RANGE:0.04% UP:31.57% SPREAD:0.00828775% BID:1.2066 ASK:1.2067 MID:1.20665 P1:1.20665 P2:1.20655 P3:1.20655 P4:1.20644999 STATE:IDLE
[2026-05-14 18:09:00Z] CHK MOM:0.03% RANGE:0.06% UP:36.84% SPREAD:0.00828637% BID:1.2068 ASK:1.2069 MID:1.20685 P1:1.20685 P2:1.20665 P3:1.20655 P4:1.20655 STATE:IDLE
[2026-05-14 18:09:00Z] CHK MOM:0.04% RANGE:0.07% UP:40% SPREAD:0.00828569% BID:1.2069 ASK:1.207 MID:1.20695 P1:1.20695 P2:1.20685 P3:1.20665 P4:1.20655 STATE:IDLE
[2026-05-14 18:09:01Z] CHK MOM:0.06% RANGE:0.07% UP:40% SPREAD:0.00828569% BID:1.2069 ASK:1.207 MID:1.20695 P1:1.20695 P2:1.20695 P3:1.20685 P4:1.20665 STATE:IDLE
[2026-05-14 18:09:02Z] CHK MOM:0.06% RANGE:0.07% UP:44.44% SPREAD:0.00828637% BID:1.2068 ASK:1.2069 MID:1.20685 P1:1.20685 P2:1.20695 P3:1.20695 P4:1.20685 STATE:IDLE
[2026-05-14 18:09:02Z] CHK MOM:0.05% RANGE:0.07% UP:42.1% SPREAD:0.00828706% BID:1.2067 ASK:1.2068 MID:1.20675 P1:1.20675 P2:1.20685 P3:1.20695 P4:1.20695 STATE:IDLE
[2026-05-14 18:09:03Z] CHK MOM:0.04% RANGE:0.07% UP:36.84% SPREAD:0.00828706% BID:1.2067 ASK:1.2068 MID:1.20675 P1:1.20675 P2:1.20675 P3:1.20685 P4:1.20695 STATE:IDLE
[2026-05-14 18:09:03Z] CHK MOM:0.04% RANGE:0.07% UP:35% SPREAD:0.00828706% BID:1.2067 ASK:1.2068 MID:1.20675 P1:1.20675 P2:1.20675 P3:1.20675 P4:1.20685 STATE:IDLE
[2026-05-14 18:09:04Z] CHK MOM:0.04% RANGE:0.07% UP:36.84% SPREAD:0.00828775% BID:1.2066 ASK:1.2067 MID:1.20665 P1:1.20665 P2:1.20675 P3:1.20675 P4:1.20675 STATE:IDLE
[2026-05-14 18:09:04Z] CHK MOM:0.04% RANGE:0.07% UP:35% SPREAD:0.00828843% BID:1.2065 ASK:1.2066 MID:1.20655 P1:1.20655 P2:1.20665 P3:1.20675 P4:1.20675 STATE:IDLE
[2026-05-14 18:09:05Z] CHK MOM:0.04% RANGE:0.07% UP:40% SPREAD:0.00828775% BID:1.2066 ASK:1.2067 MID:1.20665 P1:1.20665 P2:1.20655 P3:1.20665 P4:1.20675 STATE:IDLE
[2026-05-14 18:09:05Z] CHK MOM:0.04% RANGE:0.07% UP:38.09% SPREAD:0.00828843% BID:1.2065 ASK:1.2066 MID:1.20655 P1:1.20655 P2:1.20665 P3:1.20655 P4:1.20665 STATE:IDLE
[2026-05-14 18:09:06Z] CHK MOM:0.04% RANGE:0.07% UP:38.09% SPREAD:0.00828843% BID:1.2065 ASK:1.2066 MID:1.20655 P1:1.20655 P2:1.20665 P3:1.20655 P4:1.20665 STATE:IDLE
[2026-05-14 18:09:07Z] CHK MOM:0.02% RANGE:0.05% UP:30% SPREAD:0.00828843% BID:1.2065 ASK:1.2066 MID:1.20655 P1:1.20655 P2:1.20655 P3:1.20665 P4:1.20655 STATE:IDLE
[2026-05-14 18:09:07Z] CHK MOM:0.04% RANGE:0.05% UP:38.88% SPREAD:0.00828706% BID:1.2067 ASK:1.2068 MID:1.20675 P1:1.20675 P2:1.20655 P3:1.20655 P4:1.20665 STATE:IDLE
[2026-05-14 18:09:08Z] CHK MOM:0.05% RANGE:0.05% UP:42.1% SPREAD:0.00828569% BID:1.2069 ASK:1.207 MID:1.20695 P1:1.20695 P2:1.20675 P3:1.20655 P4:1.20655 STATE:IDLE
[2026-05-14 18:09:08Z] CHK MOM:0.05% RANGE:0.05% UP:40% SPREAD:0.00828569% BID:1.2069 ASK:1.207 MID:1.20695 P1:1.20695 P2:1.20695 P3:1.20675 P4:1.20655 STATE:IDLE
[2026-05-14 18:09:09Z] CHK MOM:0.03% RANGE:0.04% UP:35% SPREAD:0.00828637% BID:1.2068 ASK:1.2069 MID:1.20685 P1:1.20685 P2:1.20695 P3:1.20695 P4:1.20675 STATE:IDLE
[2026-05-14 18:09:09Z] CHK MOM:0.03% RANGE:0.04% UP:35% SPREAD:0.00828637% BID:1.2068 ASK:1.2069 MID:1.20685 P1:1.20685 P2:1.20695 P3:1.20695 P4:1.20675 STATE:IDLE
[2026-05-14 18:09:10Z] CHK MOM:0.03% RANGE:0.04% UP:35% SPREAD:0.00828637% BID:1.2068 ASK:1.2069 MID:1.20685 P1:1.20685 P2:1.20695 P3:1.20695 P4:1.20675 STATE:IDLE
[2026-05-14 18:09:10Z] CHK MOM:0.02% RANGE:0.03% UP:31.57% SPREAD:0.00828637% BID:1.2068 ASK:1.2069 MID:1.20685 P1:1.20685 P2:1.20685 P3:1.20695 P4:1.20695 STATE:IDLE
[2026-05-14 18:09:11Z] CHK MOM:0% RANGE:0.03% UP:31.57% SPREAD:0.00828843% BID:1.2065 ASK:1.2066 MID:1.20655 P1:1.20655 P2:1.20685 P3:1.20685 P4:1.20695 STATE:IDLE
[2026-05-14 18:09:12Z] CHK MOM:0% RANGE:0.03% UP:31.57% SPREAD:0.00828843% BID:1.2065 ASK:1.2066 MID:1.20655 P1:1.20655 P2:1.20685 P3:1.20685 P4:1.20695 STATE:IDLE
[2026-05-14 18:09:12Z] CHK MOM:0% RANGE:0.03% UP:31.57% SPREAD:0.00828843% BID:1.2065 ASK:1.2066 MID:1.20655 P1:1.20655 P2:1.20685 P3:1.20685 P4:1.20695 STATE:IDLE
[2026-05-14 18:09:13Z] CHK MOM:0% RANGE:0.03% UP:31.57% SPREAD:0.00828843% BID:1.2065 ASK:1.2066 MID:1.20655 P1:1.20655 P2:1.20685 P3:1.20685 P4:1.20695 STATE:IDLE
[2026-05-14 18:09:13Z] CHK MOM:0% RANGE:0.03% UP:31.57% SPREAD:0.00828843% BID:1.2065 ASK:1.2066 MID:1.20655 P1:1.20655 P2:1.20685 P3:1.20685 P4:1.20695 STATE:IDLE
[2026-05-14 18:09:15Z] CHK MOM:-0.03% RANGE:0.04% UP:23.07% SPREAD:0.00828981% BID:1.2063 ASK:1.2064 MID:1.20635 P1:1.20635 P2:1.20655 P3:1.20685 P4:1.20685 STATE:IDLE
[2026-05-14 18:09:15Z] CHK MOM:-0.04% RANGE:0.06% UP:25% SPREAD:0.00829118% BID:1.2061 ASK:1.2062 MID:1.20615 P1:1.20615 P2:1.20635 P3:1.20655 P4:1.20685 STATE:IDLE
[2026-05-14 18:09:16Z] CHK MOM:-0.04% RANGE:0.06% UP:25% SPREAD:0.00829118% BID:1.2061 ASK:1.2062 MID:1.20615 P1:1.20615 P2:1.20635 P3:1.20655 P4:1.20685 STATE:IDLE
[2026-05-14 18:09:16Z] CHK MOM:-0.03% RANGE:0.06% UP:25% SPREAD:0.00829118% BID:1.2061 ASK:1.2062 MID:1.20615 P1:1.20615 P2:1.20615 P3:1.20635 P4:1.20655 STATE:IDLE
[2026-05-14 18:09:17Z] CHK MOM:-0.03% RANGE:0.06% UP:25% SPREAD:0.00829118% BID:1.2061 ASK:1.2062 MID:1.20615 P1:1.20615 P2:1.20615 P3:1.20635 P4:1.20655 STATE:IDLE
[2026-05-14 18:09:18Z] CHK MOM:-0.03% RANGE:0.06% UP:20% SPREAD:0.00829118% BID:1.2061 ASK:1.2062 MID:1.20615 P1:1.20615 P2:1.20615 P3:1.20615 P4:1.20635 STATE:IDLE
[2026-05-14 18:09:18Z] CHK MOM:-0.04% RANGE:0.06% UP:10% SPREAD:0.00829118% BID:1.2061 ASK:1.2062 MID:1.20615 P1:1.20615 P2:1.20615 P3:1.20615 P4:1.20615 STATE:IDLE
[2026-05-14 18:09:19Z] CHK MOM:-0.04% RANGE:0.06% UP:9.09% SPREAD:0.00829118% BID:1.2061 ASK:1.2062 MID:1.20615 P1:1.20615 P2:1.20615 P3:1.20615 P4:1.20615 STATE:IDLE
[2026-05-14 18:09:19Z] CHK MOM:-0.04% RANGE:0.06% UP:8.33% SPREAD:0.00829118% BID:1.2061 ASK:1.2062 MID:1.20615 P1:1.20615 P2:1.20615 P3:1.20615 P4:1.20615 STATE:IDLE
[2026-05-14 18:09:20Z] CHK MOM:-0.06% RANGE:0.06% UP:0% SPREAD:0.00829118% BID:1.2061 ASK:1.2062 MID:1.20615 P1:1.20615 P2:1.20615 P3:1.20615 P4:1.20615 STATE:IDLE
[2026-05-14 18:09:20Z] CHK MOM:-0.05% RANGE:0.05% UP:0% SPREAD:0.00829118% BID:1.2061 ASK:1.2062 MID:1.20615 P1:1.20615 P2:1.20615 P3:1.20615 P4:1.20615 STATE:IDLE
[2026-05-14 18:09:21Z] CHK MOM:-0.05% RANGE:0.05% UP:0% SPREAD:0.00829118% BID:1.2061 ASK:1.2062 MID:1.20615 P1:1.20615 P2:1.20615 P3:1.20615 P4:1.20615 STATE:IDLE
[2026-05-14 18:09:21Z] CHK MOM:-0.05% RANGE:0.05% UP:0% SPREAD:0.00829118% BID:1.2061 ASK:1.2062 MID:1.20615 P1:1.20615 P2:1.20615 P3:1.20615 P4:1.20615 STATE:IDLE
[2026-05-14 18:09:22Z] CHK MOM:-0.05% RANGE:0.05% UP:0% SPREAD:0.00829118% BID:1.2061 ASK:1.2062 MID:1.20615 P1:1.20615 P2:1.20615 P3:1.20615 P4:1.20615 STATE:IDLE
[2026-05-14 18:09:23Z] CHK MOM:-0.03% RANGE:0.03% UP:0% SPREAD:0.00829118% BID:1.2061 ASK:1.2062 MID:1.20615 P1:1.20615 P2:1.20615 P3:1.20615 P4:1.20615 STATE:IDLE
[2026-05-14 18:09:23Z] CHK MOM:-0.01% RANGE:0.01% UP:0% SPREAD:0.00829118% BID:1.2061 ASK:1.2062 MID:1.20615 P1:1.20615 P2:1.20615 P3:1.20615 P4:1.20615 STATE:IDLE
[2026-05-14 18:09:24Z] CHK MOM:0.01% RANGE:0.03% UP:8.33% SPREAD:0.00828843% BID:1.2065 ASK:1.2066 MID:1.20655 P1:1.20655 P2:1.20615 P3:1.20615 P4:1.20615 STATE:IDLE
[2026-05-14 18:09:24Z] CHK MOM:0% RANGE:0.03% UP:7.69% SPREAD:0.00828912% BID:1.2064 ASK:1.2065 MID:1.20644999 P1:1.20644999 P2:1.20655 P3:1.20615 P4:1.20615 STATE:IDLE
[2026-05-14 18:09:25Z] CHK MOM:0% RANGE:0.03% UP:7.14% SPREAD:0.00828981% BID:1.2063 ASK:1.2064 MID:1.20635 P1:1.20635 P2:1.20644999 P3:1.20655 P4:1.20615 STATE:IDLE
[2026-05-14 18:09:25Z] CHK MOM:0% RANGE:0.03% UP:7.14% SPREAD:0.00828981% BID:1.2063 ASK:1.2064 MID:1.20635 P1:1.20635 P2:1.20644999 P3:1.20655 P4:1.20615 STATE:IDLE
[2026-05-14 18:09:26Z] CHK MOM:0% RANGE:0.03% UP:6.66% SPREAD:0.00829049% BID:1.2062 ASK:1.2063 MID:1.20624999 P1:1.20624999 P2:1.20635 P3:1.20644999 P4:1.20655 STATE:IDLE
[2026-05-14 18:09:26Z] CHK MOM:-0.01% RANGE:0.03% UP:6.25% SPREAD:0.00829118% BID:1.2061 ASK:1.2062 MID:1.20615 P1:1.20615 P2:1.20624999 P3:1.20635 P4:1.20644999 STATE:IDLE
[2026-05-14 18:09:27Z] CHK MOM:0% RANGE:0.03% UP:6.25% SPREAD:0.00829118% BID:1.2061 ASK:1.2062 MID:1.20615 P1:1.20615 P2:1.20615 P3:1.20624999 P4:1.20635 STATE:IDLE
[2026-05-14 18:09:28Z] CHK MOM:0% RANGE:0.03% UP:6.25% SPREAD:0.00829118% BID:1.2061 ASK:1.2062 MID:1.20615 P1:1.20615 P2:1.20615 P3:1.20624999 P4:1.20635 STATE:IDLE
[2026-05-14 18:09:28Z] CHK MOM:0% RANGE:0.03% UP:6.25% SPREAD:0.00829118% BID:1.2061 ASK:1.2062 MID:1.20615 P1:1.20615 P2:1.20615 P3:1.20624999 P4:1.20635 STATE:IDLE
[2026-05-14 18:09:29Z] CHK MOM:0% RANGE:0.03% UP:6.25% SPREAD:0.00829118% BID:1.2061 ASK:1.2062 MID:1.20615 P1:1.20615 P2:1.20615 P3:1.20624999 P4:1.20635 STATE:IDLE
[2026-05-14 18:09:29Z] CHK MOM:0% RANGE:0.03% UP:6.25% SPREAD:0.00829118% BID:1.2061 ASK:1.2062 MID:1.20615 P1:1.20615 P2:1.20615 P3:1.20624999 P4:1.20635 STATE:IDLE
[2026-05-14 18:09:30Z] CHK MOM:-0.01% RANGE:0.04% UP:7.14% SPREAD:0.00829256% BID:1.2059 ASK:1.206 MID:1.20595 P1:1.20595 P2:1.20615 P3:1.20615 P4:1.20624999 STATE:IDLE
[2026-05-14 18:09:30Z] CHK MOM:-0.02% RANGE:0.05% UP:7.14% SPREAD:0.00829324% BID:1.2058 ASK:1.2059 MID:1.20584999 P1:1.20584999 P2:1.20595 P3:1.20615 P4:1.20615 STATE:IDLE
[2026-05-14 18:09:31Z] CHK MOM:-0.02% RANGE:0.05% UP:7.14% SPREAD:0.00829324% BID:1.2058 ASK:1.2059 MID:1.20584999 P1:1.20584999 P2:1.20584999 P3:1.20595 P4:1.20615 STATE:IDLE
[2026-05-14 18:09:31Z] CHK MOM:-0.02% RANGE:0.05% UP:7.14% SPREAD:0.00829324% BID:1.2058 ASK:1.2059 MID:1.20584999 P1:1.20584999 P2:1.20584999 P3:1.20584999 P4:1.20595 STATE:IDLE
[2026-05-14 18:09:32Z] CHK MOM:-0.02% RANGE:0.05% UP:7.14% SPREAD:0.00829324% BID:1.2058 ASK:1.2059 MID:1.20584999 P1:1.20584999 P2:1.20584999 P3:1.20584999 P4:1.20584999 STATE:IDLE
[2026-05-14 18:09:33Z] CHK MOM:-0.02% RANGE:0.05% UP:7.14% SPREAD:0.00829324% BID:1.2058 ASK:1.2059 MID:1.20584999 P1:1.20584999 P2:1.20584999 P3:1.20584999 P4:1.20584999 STATE:IDLE
[2026-05-14 18:09:33Z] CHK MOM:-0.02% RANGE:0.05% UP:7.69% SPREAD:0.00829324% BID:1.2058 ASK:1.2059 MID:1.20584999 P1:1.20584999 P2:1.20584999 P3:1.20584999 P4:1.20584999 STATE:IDLE
[2026-05-14 18:09:34Z] CHK MOM:-0.02% RANGE:0.05% UP:7.14% SPREAD:0.00829324% BID:1.2058 ASK:1.2059 MID:1.20584999 P1:1.20584999 P2:1.20584999 P3:1.20584999 P4:1.20584999 STATE:IDLE
[2026-05-14 18:09:34Z] CHK MOM:0% RANGE:0.05% UP:13.33% SPREAD:0.00829187% BID:1.206 ASK:1.2061 MID:1.20604999 P1:1.20604999 P2:1.20584999 P3:1.20584999 P4:1.20584999 STATE:IDLE
[2026-05-14 18:09:35Z] CHK MOM:0% RANGE:0.05% UP:12.5% SPREAD:0.00829187% BID:1.206 ASK:1.2061 MID:1.20604999 P1:1.20604999 P2:1.20604999 P3:1.20584999 P4:1.20584999 STATE:IDLE
[2026-05-14 18:09:35Z] CHK MOM:0% RANGE:0.05% UP:12.5% SPREAD:0.00829187% BID:1.206 ASK:1.2061 MID:1.20604999 P1:1.20604999 P2:1.20604999 P3:1.20604999 P4:1.20584999 STATE:IDLE
[2026-05-14 18:09:36Z] CHK MOM:-0.02% RANGE:0.05% UP:12.5% SPREAD:0.00829049% BID:1.2062 ASK:1.2063 MID:1.20624999 P1:1.20624999 P2:1.20604999 P3:1.20604999 P4:1.20604999 STATE:IDLE
[2026-05-14 18:09:36Z] CHK MOM:-0.01% RANGE:0.04% UP:12.5% SPREAD:0.00829049% BID:1.2062 ASK:1.2063 MID:1.20624999 P1:1.20624999 P2:1.20624999 P3:1.20604999 P4:1.20604999 STATE:IDLE
[2026-05-14 18:09:37Z] CHK MOM:0.01% RANGE:0.04% UP:20% SPREAD:0.00828912% BID:1.2064 ASK:1.2065 MID:1.20644999 P1:1.20644999 P2:1.20624999 P3:1.20624999 P4:1.20604999 STATE:IDLE
[2026-05-14 18:09:37Z] CHK MOM:0.01% RANGE:0.04% UP:20% SPREAD:0.00828912% BID:1.2064 ASK:1.2065 MID:1.20644999 P1:1.20644999 P2:1.20624999 P3:1.20624999 P4:1.20604999 STATE:IDLE
[2026-05-14 18:09:38Z] CHK MOM:0.01% RANGE:0.04% UP:20% SPREAD:0.00828912% BID:1.2064 ASK:1.2065 MID:1.20644999 P1:1.20644999 P2:1.20624999 P3:1.20624999 P4:1.20604999 STATE:IDLE
[2026-05-14 18:09:39Z] CHK MOM:0.03% RANGE:0.05% UP:28.57% SPREAD:0.00828843% BID:1.2065 ASK:1.2066 MID:1.20655 P1:1.20655 P2:1.20644999 P3:1.20624999 P4:1.20624999 STATE:IDLE
[2026-05-14 18:09:39Z] CHK MOM:0.04% RANGE:0.05% UP:28.57% SPREAD:0.00828843% BID:1.2065 ASK:1.2066 MID:1.20655 P1:1.20655 P2:1.20655 P3:1.20644999 P4:1.20624999 STATE:IDLE
[2026-05-14 18:09:40Z] CHK MOM:0.04% RANGE:0.05% UP:28.57% SPREAD:0.00828843% BID:1.2065 ASK:1.2066 MID:1.20655 P1:1.20655 P2:1.20655 P3:1.20644999 P4:1.20624999 STATE:IDLE
[2026-05-14 18:09:40Z] CHK MOM:0.04% RANGE:0.05% UP:26.66% SPREAD:0.00828843% BID:1.2065 ASK:1.2066 MID:1.20655 P1:1.20655 P2:1.20655 P3:1.20655 P4:1.20644999 STATE:IDLE
[2026-05-14 18:09:41Z] CHK MOM:0.04% RANGE:0.05% UP:25% SPREAD:0.00828843% BID:1.2065 ASK:1.2066 MID:1.20655 P1:1.20655 P2:1.20655 P3:1.20655 P4:1.20655 STATE:IDLE
[2026-05-14 18:09:41Z] CHK MOM:0.04% RANGE:0.05% UP:25% SPREAD:0.00828843% BID:1.2065 ASK:1.2066 MID:1.20655 P1:1.20655 P2:1.20655 P3:1.20655 P4:1.20655 STATE:IDLE
[2026-05-14 18:09:42Z] CHK MOM:0.04% RANGE:0.05% UP:25% SPREAD:0.00828843% BID:1.2065 ASK:1.2066 MID:1.20655 P1:1.20655 P2:1.20655 P3:1.20655 P4:1.20655 STATE:IDLE
[2026-05-14 18:09:42Z] CHK MOM:0.05% RANGE:0.05% UP:25% SPREAD:0.00828843% BID:1.2065 ASK:1.2066 MID:1.20655 P1:1.20655 P2:1.20655 P3:1.20655 P4:1.20655 STATE:IDLE
[2026-05-14 18:09:43Z] CHK MOM:0.05% RANGE:0.05% UP:25% SPREAD:0.00828843% BID:1.2065 ASK:1.2066 MID:1.20655 P1:1.20655 P2:1.20655 P3:1.20655 P4:1.20655 STATE:IDLE
[2026-05-14 18:09:44Z] CHK MOM:0.06% RANGE:0.06% UP:35.71% SPREAD:0.00828775% BID:1.2066 ASK:1.2067 MID:1.20665 P1:1.20665 P2:1.20655 P3:1.20655 P4:1.20655 STATE:IDLE
[2026-05-14 18:09:44Z] CHK MOM:0.06% RANGE:0.06% UP:35.71% SPREAD:0.00828775% BID:1.2066 ASK:1.2067 MID:1.20665 P1:1.20665 P2:1.20655 P3:1.20655 P4:1.20655 STATE:IDLE
[2026-05-14 18:09:45Z] CHK MOM:0.05% RANGE:0.06% UP:35.71% SPREAD:0.00828843% BID:1.2065 ASK:1.2066 MID:1.20655 P1:1.20655 P2:1.20665 P3:1.20655 P4:1.20655 STATE:IDLE
[2026-05-14 18:09:45Z] CHK MOM:0.07% RANGE:0.07% UP:40% SPREAD:0.00828706% BID:1.2067 ASK:1.2068 MID:1.20675 P1:1.20675 P2:1.20655 P3:1.20665 P4:1.20655 STATE:IDLE
[2026-05-14 18:09:46Z] CHK MOM:0.06% RANGE:0.07% UP:40% SPREAD:0.00828775% BID:1.2066 ASK:1.2067 MID:1.20665 P1:1.20665 P2:1.20675 P3:1.20655 P4:1.20665 STATE:IDLE
[2026-05-14 18:09:46Z] CHK MOM:0.04% RANGE:0.05% UP:33.33% SPREAD:0.00828775% BID:1.2066 ASK:1.2067 MID:1.20665 P1:1.20665 P2:1.20665 P3:1.20675 P4:1.20655 STATE:IDLE
[2026-05-14 18:09:47Z] CHK MOM:0.04% RANGE:0.05% UP:33.33% SPREAD:0.00828775% BID:1.2066 ASK:1.2067 MID:1.20665 P1:1.20665 P2:1.20665 P3:1.20675 P4:1.20655 STATE:IDLE
[2026-05-14 18:09:47Z] CHK MOM:0.04% RANGE:0.05% UP:33.33% SPREAD:0.00828775% BID:1.2066 ASK:1.2067 MID:1.20665 P1:1.20665 P2:1.20665 P3:1.20675 P4:1.20655 STATE:IDLE
[2026-05-14 18:09:48Z] CHK MOM:0.04% RANGE:0.05% UP:33.33% SPREAD:0.00828775% BID:1.2066 ASK:1.2067 MID:1.20665 P1:1.20665 P2:1.20665 P3:1.20675 P4:1.20655 STATE:IDLE
[2026-05-14 18:09:49Z] CHK MOM:0.03% RANGE:0.04% UP:33.33% SPREAD:0.00828775% BID:1.2066 ASK:1.2067 MID:1.20665 P1:1.20665 P2:1.20665 P3:1.20665 P4:1.20675 STATE:IDLE
[2026-05-14 18:09:49Z] CHK MOM:0.01% RANGE:0.01% UP:27.27% SPREAD:0.00828706% BID:1.2067 ASK:1.2068 MID:1.20675 P1:1.20675 P2:1.20665 P3:1.20665 P4:1.20665 STATE:IDLE
[2026-05-14 18:09:50Z] CHK MOM:0.01% RANGE:0.01% UP:25% SPREAD:0.00828706% BID:1.2067 ASK:1.2068 MID:1.20675 P1:1.20675 P2:1.20675 P3:1.20665 P4:1.20665 STATE:IDLE
[2026-05-14 18:09:50Z] CHK MOM:0.01% RANGE:0.01% UP:23.07% SPREAD:0.00828706% BID:1.2067 ASK:1.2068 MID:1.20675 P1:1.20675 P2:1.20675 P3:1.20675 P4:1.20665 STATE:IDLE
[2026-05-14 18:09:51Z] CHK MOM:0.01% RANGE:0.01% UP:21.42% SPREAD:0.00828706% BID:1.2067 ASK:1.2068 MID:1.20675 P1:1.20675 P2:1.20675 P3:1.20675 P4:1.20675 STATE:IDLE
[2026-05-14 18:09:51Z] CHK MOM:0.01% RANGE:0.01% UP:23.07% SPREAD:0.00828706% BID:1.2067 ASK:1.2068 MID:1.20675 P1:1.20675 P2:1.20675 P3:1.20675 P4:1.20675 STATE:IDLE
[2026-05-14 18:09:52Z] CHK MOM:0.01% RANGE:0.01% UP:21.42% SPREAD:0.00828706% BID:1.2067 ASK:1.2068 MID:1.20675 P1:1.20675 P2:1.20675 P3:1.20675 P4:1.20675 STATE:IDLE
[2026-05-14 18:09:52Z] CHK MOM:0.03% RANGE:0.03% UP:28.57% SPREAD:0.00828569% BID:1.2069 ASK:1.207 MID:1.20695 P1:1.20695 P2:1.20675 P3:1.20675 P4:1.20675 STATE:IDLE
[2026-05-14 18:09:53Z] CHK MOM:0.03% RANGE:0.03% UP:28.57% SPREAD:0.00828569% BID:1.2069 ASK:1.207 MID:1.20695 P1:1.20695 P2:1.20695 P3:1.20675 P4:1.20675 STATE:IDLE
[2026-05-14 18:09:53Z] CHK MOM:0.02% RANGE:0.03% UP:26.66% SPREAD:0.00828637% BID:1.2068 ASK:1.2069 MID:1.20685 P1:1.20685 P2:1.20695 P3:1.20695 P4:1.20675 STATE:IDLE
[2026-05-14 18:09:54Z] CHK MOM:0.02% RANGE:0.03% UP:25% SPREAD:0.00828637% BID:1.2068 ASK:1.2069 MID:1.20685 P1:1.20685 P2:1.20685 P3:1.20695 P4:1.20695 STATE:IDLE
[2026-05-14 18:09:55Z] CHK MOM:0.02% RANGE:0.03% UP:25% SPREAD:0.00828569% BID:1.2069 ASK:1.207 MID:1.20695 P1:1.20695 P2:1.20685 P3:1.20685 P4:1.20695 STATE:IDLE
[2026-05-14 18:09:55Z] CHK MOM:0.02% RANGE:0.03% UP:23.52% SPREAD:0.00828569% BID:1.2069 ASK:1.207 MID:1.20695 P1:1.20695 P2:1.20695 P3:1.20685 P4:1.20685 STATE:IDLE
[2026-05-14 18:09:56Z] CHK MOM:0.04% RANGE:0.04% UP:27.77% SPREAD:0.00828431% BID:1.2071 ASK:1.2072 MID:1.20715 P1:1.20715 P2:1.20695 P3:1.20695 P4:1.20685 STATE:IDLE
[2026-05-14 18:09:56Z] CHK MOM:0.03% RANGE:0.04% UP:27.77% SPREAD:0.00828569% BID:1.2069 ASK:1.207 MID:1.20695 P1:1.20695 P2:1.20715 P3:1.20695 P4:1.20695 STATE:IDLE
[2026-05-14 18:09:57Z] CHK MOM:0.02% RANGE:0.04% UP:26.31% SPREAD:0.00828637% BID:1.2068 ASK:1.2069 MID:1.20685 P1:1.20685 P2:1.20695 P3:1.20715 P4:1.20695 STATE:IDLE
[2026-05-14 18:09:57Z] CHK MOM:0% RANGE:0.04% UP:21.05% SPREAD:0.00828637% BID:1.2068 ASK:1.2069 MID:1.20685 P1:1.20685 P2:1.20685 P3:1.20695 P4:1.20715 STATE:IDLE
[2026-05-14 18:09:58Z] CHK MOM:0.01% RANGE:0.04% UP:21.05% SPREAD:0.00828637% BID:1.2068 ASK:1.2069 MID:1.20685 P1:1.20685 P2:1.20685 P3:1.20685 P4:1.20695 STATE:IDLE
[2026-05-14 18:09:58Z] CHK MOM:0.01% RANGE:0.04% UP:22.22% SPREAD:0.00828637% BID:1.2068 ASK:1.2069 MID:1.20685 P1:1.20685 P2:1.20685 P3:1.20685 P4:1.20685 STATE:IDLE
[2026-05-14 18:09:59Z] CHK MOM:0.02% RANGE:0.04% UP:26.31% SPREAD:0.00828569% BID:1.2069 ASK:1.207 MID:1.20695 P1:1.20695 P2:1.20685 P3:1.20685 P4:1.20685 STATE:IDLE
[2026-05-14 18:10:00Z] CHK MOM:0.03% RANGE:0.04% UP:30% SPREAD:0.008285% BID:1.207 ASK:1.2071 MID:1.20705 P1:1.20705 P2:1.20695 P3:1.20685 P4:1.20685 STATE:IDLE
[2026-05-14 18:10:00Z] CHK MOM:0.03% RANGE:0.04% UP:28.57% SPREAD:0.008285% BID:1.207 ASK:1.2071 MID:1.20705 P1:1.20705 P2:1.20705 P3:1.20695 P4:1.20685 STATE:IDLE
[2026-05-14 18:10:01Z] CHK MOM:0.02% RANGE:0.03% UP:23.8% SPREAD:0.008285% BID:1.207 ASK:1.2071 MID:1.20705 P1:1.20705 P2:1.20705 P3:1.20705 P4:1.20695 STATE:IDLE
[2026-05-14 18:10:01Z] CHK MOM:0.01% RANGE:0.03% UP:22.72% SPREAD:0.00828569% BID:1.2069 ASK:1.207 MID:1.20695 P1:1.20695 P2:1.20705 P3:1.20705 P4:1.20705 STATE:IDLE
[2026-05-14 18:10:02Z] CHK MOM:0.01% RANGE:0.03% UP:22.72% SPREAD:0.00828569% BID:1.2069 ASK:1.207 MID:1.20695 P1:1.20695 P2:1.20695 P3:1.20705 P4:1.20705 STATE:IDLE
[2026-05-14 18:10:02Z] CHK MOM:0.01% RANGE:0.03% UP:22.72% SPREAD:0.00828569% BID:1.2069 ASK:1.207 MID:1.20695 P1:1.20695 P2:1.20695 P3:1.20695 P4:1.20705 STATE:IDLE
[2026-05-14 18:10:03Z] CHK MOM:0.01% RANGE:0.03% UP:22.72% SPREAD:0.00828569% BID:1.2069 ASK:1.207 MID:1.20695 P1:1.20695 P2:1.20695 P3:1.20695 P4:1.20695 STATE:IDLE
[2026-05-14 18:10:03Z] CHK MOM:0.02% RANGE:0.03% UP:28.57% SPREAD:0.008285% BID:1.207 ASK:1.2071 MID:1.20705 P1:1.20705 P2:1.20695 P3:1.20695 P4:1.20695 STATE:IDLE
[2026-05-14 18:10:04Z] CHK MOM:0.01% RANGE:0.03% UP:27.27% SPREAD:0.00828569% BID:1.2069 ASK:1.207 MID:1.20695 P1:1.20695 P2:1.20705 P3:1.20695 P4:1.20695 STATE:IDLE
[2026-05-14 18:10:04Z] CHK MOM:-0.01% RANGE:0.03% UP:22.72% SPREAD:0.00828706% BID:1.2067 ASK:1.2068 MID:1.20675 P1:1.20675 P2:1.20695 P3:1.20705 P4:1.20695 STATE:IDLE
[2026-05-14 18:10:05Z] CHK MOM:-0.01% RANGE:0.03% UP:22.72% SPREAD:0.00828706% BID:1.2067 ASK:1.2068 MID:1.20675 P1:1.20675 P2:1.20675 P3:1.20695 P4:1.20705 STATE:IDLE
[2026-05-14 18:10:06Z] CHK MOM:-0.03% RANGE:0.04% UP:20% SPREAD:0.00828843% BID:1.2065 ASK:1.2066 MID:1.20655 P1:1.20655 P2:1.20675 P3:1.20675 P4:1.20695 STATE:IDLE
[2026-05-14 18:10:06Z] CHK MOM:-0.03% RANGE:0.04% UP:20% SPREAD:0.00828843% BID:1.2065 ASK:1.2066 MID:1.20655 P1:1.20655 P2:1.20675 P3:1.20675 P4:1.20695 STATE:IDLE
[2026-05-14 18:10:07Z] CHK MOM:-0.03% RANGE:0.04% UP:20% SPREAD:0.00828843% BID:1.2065 ASK:1.2066 MID:1.20655 P1:1.20655 P2:1.20655 P3:1.20675 P4:1.20675 STATE:IDLE
[2026-05-14 18:10:07Z] CHK MOM:-0.03% RANGE:0.04% UP:19.04% SPREAD:0.00828843% BID:1.2065 ASK:1.2066 MID:1.20655 P1:1.20655 P2:1.20655 P3:1.20655 P4:1.20675 STATE:IDLE
[2026-05-14 18:10:08Z] CHK MOM:-0.03% RANGE:0.04% UP:19.04% SPREAD:0.00828843% BID:1.2065 ASK:1.2066 MID:1.20655 P1:1.20655 P2:1.20655 P3:1.20655 P4:1.20675 STATE:IDLE
[2026-05-14 18:10:08Z] CHK MOM:-0.03% RANGE:0.04% UP:15% SPREAD:0.00828843% BID:1.2065 ASK:1.2066 MID:1.20655 P1:1.20655 P2:1.20655 P3:1.20655 P4:1.20655 STATE:IDLE
[2026-05-14 18:10:09Z] CHK MOM:-0.03% RANGE:0.04% UP:15% SPREAD:0.00828843% BID:1.2065 ASK:1.2066 MID:1.20655 P1:1.20655 P2:1.20655 P3:1.20655 P4:1.20655 STATE:IDLE
[2026-05-14 18:10:09Z] CHK MOM:-0.03% RANGE:0.04% UP:15.78% SPREAD:0.00828912% BID:1.2064 ASK:1.2065 MID:1.20644999 P1:1.20644999 P2:1.20655 P3:1.20655 P4:1.20655 STATE:IDLE
[2026-05-14 18:10:10Z] CHK MOM:-0.03% RANGE:0.04% UP:16.66% SPREAD:0.00828912% BID:1.2064 ASK:1.2065 MID:1.20644999 P1:1.20644999 P2:1.20644999 P3:1.20655 P4:1.20655 STATE:IDLE
[2026-05-14 18:10:11Z] CHK MOM:-0.03% RANGE:0.04% UP:15.78% SPREAD:0.00828912% BID:1.2064 ASK:1.2065 MID:1.20644999 P1:1.20644999 P2:1.20644999 P3:1.20644999 P4:1.20655 STATE:IDLE
[2026-05-14 18:10:11Z] CHK MOM:-0.04% RANGE:0.04% UP:5.88% SPREAD:0.00828912% BID:1.2064 ASK:1.2065 MID:1.20644999 P1:1.20644999 P2:1.20644999 P3:1.20644999 P4:1.20644999 STATE:IDLE
[2026-05-14 18:10:12Z] CHK MOM:-0.04% RANGE:0.04% UP:5.88% SPREAD:0.00828912% BID:1.2064 ASK:1.2065 MID:1.20644999 P1:1.20644999 P2:1.20644999 P3:1.20644999 P4:1.20644999 STATE:IDLE
[2026-05-14 18:10:12Z] CHK MOM:-0.04% RANGE:0.04% UP:5.88% SPREAD:0.00828912% BID:1.2064 ASK:1.2065 MID:1.20644999 P1:1.20644999 P2:1.20644999 P3:1.20644999 P4:1.20644999 STATE:IDLE
[2026-05-14 18:10:13Z] CHK MOM:-0.04% RANGE:0.04% UP:5.88% SPREAD:0.00828912% BID:1.2064 ASK:1.2065 MID:1.20644999 P1:1.20644999 P2:1.20644999 P3:1.20644999 P4:1.20644999 STATE:IDLE
[2026-05-14 18:10:13Z] CHK MOM:-0.04% RANGE:0.04% UP:5.88% SPREAD:0.00828912% BID:1.2064 ASK:1.2065 MID:1.20644999 P1:1.20644999 P2:1.20644999 P3:1.20644999 P4:1.20644999 STATE:IDLE
[2026-05-14 18:10:14Z] CHK MOM:-0.03% RANGE:0.04% UP:13.33% SPREAD:0.00828843% BID:1.2065 ASK:1.2066 MID:1.20655 P1:1.20655 P2:1.20644999 P3:1.20644999 P4:1.20644999 STATE:IDLE
[2026-05-14 18:10:14Z] CHK MOM:-0.03% RANGE:0.04% UP:13.33% SPREAD:0.00828843% BID:1.2065 ASK:1.2066 MID:1.20655 P1:1.20655 P2:1.20644999 P3:1.20644999 P4:1.20644999 STATE:IDLE
[2026-05-14 18:10:15Z] CHK MOM:-0.03% RANGE:0.04% UP:13.33% SPREAD:0.00828843% BID:1.2065 ASK:1.2066 MID:1.20655 P1:1.20655 P2:1.20644999 P3:1.20644999 P4:1.20644999 STATE:IDLE
[2026-05-14 18:10:15Z] CHK MOM:-0.03% RANGE:0.04% UP:13.33% SPREAD:0.00828843% BID:1.2065 ASK:1.2066 MID:1.20655 P1:1.20655 P2:1.20644999 P3:1.20644999 P4:1.20644999 STATE:IDLE
[2026-05-14 18:10:16Z] CHK MOM:-0.03% RANGE:0.04% UP:13.33% SPREAD:0.00828843% BID:1.2065 ASK:1.2066 MID:1.20655 P1:1.20655 P2:1.20644999 P3:1.20644999 P4:1.20644999 STATE:IDLE
[2026-05-14 18:10:17Z] CHK MOM:0% RANGE:0% UP:11.11% SPREAD:0.00828912% BID:1.2064 ASK:1.2065 MID:1.20644999 P1:1.20644999 P2:1.20655 P3:1.20644999 P4:1.20644999 STATE:IDLE
[2026-05-14 18:10:17Z] CHK MOM:0% RANGE:0% UP:10% SPREAD:0.00828912% BID:1.2064 ASK:1.2065 MID:1.20644999 P1:1.20644999 P2:1.20644999 P3:1.20655 P4:1.20644999 STATE:IDLE
[2026-05-14 18:10:18Z] CHK MOM:0% RANGE:0% UP:10% SPREAD:0.00828912% BID:1.2064 ASK:1.2065 MID:1.20644999 P1:1.20644999 P2:1.20644999 P3:1.20644999 P4:1.20655 STATE:IDLE
[2026-05-14 18:10:18Z] CHK MOM:0% RANGE:0% UP:10% SPREAD:0.00828912% BID:1.2064 ASK:1.2065 MID:1.20644999 P1:1.20644999 P2:1.20644999 P3:1.20644999 P4:1.20655 STATE:IDLE
[2026-05-14 18:10:19Z] CHK MOM:0% RANGE:0% UP:9.09% SPREAD:0.00828912% BID:1.2064 ASK:1.2065 MID:1.20644999 P1:1.20644999 P2:1.20644999 P3:1.20644999 P4:1.20644999 STATE:IDLE
[2026-05-14 18:10:19Z] CHK MOM:0% RANGE:0% UP:9.09% SPREAD:0.00828912% BID:1.2064 ASK:1.2065 MID:1.20644999 P1:1.20644999 P2:1.20644999 P3:1.20644999 P4:1.20644999 STATE:IDLE
[2026-05-14 18:10:20Z] CHK MOM:0% RANGE:0% UP:10% SPREAD:0.00828912% BID:1.2064 ASK:1.2065 MID:1.20644999 P1:1.20644999 P2:1.20644999 P3:1.20644999 P4:1.20644999 STATE:IDLE
[2026-05-14 18:10:20Z] CHK MOM:0% RANGE:0.01% UP:10% SPREAD:0.00828981% BID:1.2063 ASK:1.2064 MID:1.20635 P1:1.20635 P2:1.20644999 P3:1.20644999 P4:1.20644999 STATE:IDLE
[2026-05-14 18:10:21Z] CHK MOM:0% RANGE:0.01% UP:9.09% SPREAD:0.00828981% BID:1.2063 ASK:1.2064 MID:1.20635 P1:1.20635 P2:1.20635 P3:1.20644999 P4:1.20644999 STATE:IDLE
[2026-05-14 18:10:22Z] CHK MOM:0% RANGE:0.01% UP:8.33% SPREAD:0.00828981% BID:1.2063 ASK:1.2064 MID:1.20635 P1:1.20635 P2:1.20635 P3:1.20635 P4:1.20644999 STATE:IDLE
[2026-05-14 18:10:22Z] CHK MOM:-0.02% RANGE:0.03% UP:10% SPREAD:0.00829118% BID:1.2061 ASK:1.2062 MID:1.20615 P1:1.20615 P2:1.20635 P3:1.20635 P4:1.20635 STATE:IDLE
[2026-05-14 18:10:23Z] CHK MOM:-0.02% RANGE:0.03% UP:9.09% SPREAD:0.00829118% BID:1.2061 ASK:1.2062 MID:1.20615 P1:1.20615 P2:1.20615 P3:1.20635 P4:1.20635 STATE:IDLE
[2026-05-14 18:10:23Z] CHK MOM:-0.03% RANGE:0.03% UP:0% SPREAD:0.00829118% BID:1.2061 ASK:1.2062 MID:1.20615 P1:1.20615 P2:1.20615 P3:1.20615 P4:1.20635 STATE:IDLE
[2026-05-14 18:10:24Z] CHK MOM:-0.02% RANGE:0.03% UP:8.33% SPREAD:0.00829049% BID:1.2062 ASK:1.2063 MID:1.20624999 P1:1.20624999 P2:1.20615 P3:1.20615 P4:1.20615 STATE:IDLE
[2026-05-14 18:10:24Z] CHK MOM:0% RANGE:0.03% UP:15.38% SPREAD:0.00828843% BID:1.2065 ASK:1.2066 MID:1.20655 P1:1.20655 P2:1.20624999 P3:1.20615 P4:1.20615 STATE:IDLE
[2026-05-14 18:10:25Z] CHK MOM:0% RANGE:0.03% UP:15.38% SPREAD:0.00828843% BID:1.2065 ASK:1.2066 MID:1.20655 P1:1.20655 P2:1.20624999 P3:1.20615 P4:1.20615 STATE:IDLE
[2026-05-14 18:10:25Z] CHK MOM:0.04% RANGE:0.08% UP:21.42% SPREAD:0.00828431% BID:1.2071 ASK:1.2072 MID:1.20715 P1:1.20715 P2:1.20655 P3:1.20624999 P4:1.20615 STATE:IDLE
[2026-05-14 18:10:26Z] CHK MOM:0.04% RANGE:0.08% UP:21.42% SPREAD:0.00828569% BID:1.2069 ASK:1.207 MID:1.20695 P1:1.20695 P2:1.20715 P3:1.20655 P4:1.20624999 STATE:IDLE
[2026-05-14 18:10:26Z] CHK MOM:0.04% RANGE:0.08% UP:20% SPREAD:0.00828569% BID:1.2069 ASK:1.207 MID:1.20695 P1:1.20695 P2:1.20695 P3:1.20715 P4:1.20655 STATE:IDLE
[2026-05-14 18:10:27Z] CHK MOM:0.02% RANGE:0.08% UP:18.75% SPREAD:0.00828706% BID:1.2067 ASK:1.2068 MID:1.20675 P1:1.20675 P2:1.20695 P3:1.20695 P4:1.20715 STATE:IDLE
[2026-05-14 18:10:28Z] CHK MOM:0.01% RANGE:0.08% UP:17.64% SPREAD:0.00828775% BID:1.2066 ASK:1.2067 MID:1.20665 P1:1.20665 P2:1.20675 P3:1.20695 P4:1.20695 STATE:IDLE
[2026-05-14 18:10:28Z] CHK MOM:0.02% RANGE:0.08% UP:22.22% SPREAD:0.00828706% BID:1.2067 ASK:1.2068 MID:1.20675 P1:1.20675 P2:1.20665 P3:1.20675 P4:1.20695 STATE:IDLE
[2026-05-14 18:10:29Z] CHK MOM:0.02% RANGE:0.08% UP:21.05% SPREAD:0.00828706% BID:1.2067 ASK:1.2068 MID:1.20675 P1:1.20675 P2:1.20675 P3:1.20665 P4:1.20675 STATE:IDLE
[2026-05-14 18:10:29Z] CHK MOM:0.04% RANGE:0.08% UP:27.77% SPREAD:0.00828569% BID:1.2069 ASK:1.207 MID:1.20695 P1:1.20695 P2:1.20675 P3:1.20675 P4:1.20665 STATE:IDLE
[2026-05-14 18:10:30Z] CHK MOM:0.04% RANGE:0.08% UP:26.31% SPREAD:0.00828569% BID:1.2069 ASK:1.207 MID:1.20695 P1:1.20695 P2:1.20695 P3:1.20675 P4:1.20675 STATE:IDLE
[2026-05-14 18:10:30Z] CHK MOM:0.04% RANGE:0.08% UP:26.31% SPREAD:0.00828569% BID:1.2069 ASK:1.207 MID:1.20695 P1:1.20695 P2:1.20695 P3:1.20675 P4:1.20675 STATE:IDLE
[2026-05-14 18:10:31Z] CHK MOM:0.04% RANGE:0.08% UP:27.77% SPREAD:0.00828569% BID:1.2069 ASK:1.207 MID:1.20695 P1:1.20695 P2:1.20695 P3:1.20695 P4:1.20675 STATE:IDLE
[2026-05-14 18:10:31Z] CHK MOM:0.04% RANGE:0.08% UP:26.31% SPREAD:0.00828569% BID:1.2069 ASK:1.207 MID:1.20695 P1:1.20695 P2:1.20695 P3:1.20695 P4:1.20695 STATE:IDLE
[2026-05-14 18:10:32Z] CHK MOM:0.06% RANGE:0.08% UP:31.57% SPREAD:0.00828431% BID:1.2071 ASK:1.2072 MID:1.20715 P1:1.20715 P2:1.20695 P3:1.20695 P4:1.20695 STATE:IDLE
[2026-05-14 18:10:33Z] CHK MOM:0.07% RANGE:0.09% UP:36.84% SPREAD:0.00828363% BID:1.2072 ASK:1.2073 MID:1.20725 P1:1.20725 P2:1.20715 P3:1.20695 P4:1.20695 STATE:IDLE
[2026-05-14 18:10:33Z] CHK MOM:0.09% RANGE:0.09% UP:38.88% SPREAD:0.00828363% BID:1.2072 ASK:1.2073 MID:1.20725 P1:1.20725 P2:1.20725 P3:1.20715 P4:1.20695 STATE:IDLE
[2026-05-14 18:10:34Z] CHK MOM:0.09% RANGE:0.09% UP:38.88% SPREAD:0.00828363% BID:1.2072 ASK:1.2073 MID:1.20725 P1:1.20725 P2:1.20725 P3:1.20715 P4:1.20695 STATE:IDLE
[2026-05-14 18:10:34Z] CHK MOM:0.09% RANGE:0.09% UP:38.88% SPREAD:0.00828363% BID:1.2072 ASK:1.2073 MID:1.20725 P1:1.20725 P2:1.20725 P3:1.20725 P4:1.20715 STATE:IDLE
[2026-05-14 18:10:35Z] CHK MOM:0.09% RANGE:0.09% UP:38.88% SPREAD:0.00828363% BID:1.2072 ASK:1.2073 MID:1.20725 P1:1.20725 P2:1.20725 P3:1.20725 P4:1.20725 STATE:IDLE
[2026-05-14 18:10:35Z] CHK MOM:0.09% RANGE:0.09% UP:36.84% SPREAD:0.00828363% BID:1.2072 ASK:1.2073 MID:1.20725 P1:1.20725 P2:1.20725 P3:1.20725 P4:1.20725 STATE:IDLE
[2026-05-14 18:10:36Z] CHK MOM:0.09% RANGE:0.09% UP:36.84% SPREAD:0.00828294% BID:1.2073 ASK:1.2074 MID:1.20735 P1:1.20735 P2:1.20725 P3:1.20725 P4:1.20725 STATE:IDLE
[2026-05-14 18:10:36Z] CHK MOM:0.04% RANGE:0.09% UP:33.33% SPREAD:0.0082802% BID:1.2077 ASK:1.2078 MID:1.20774999 P1:1.20774999 P2:1.20735 P3:1.20725 P4:1.20725 STATE:IDLE
[2026-05-14 18:10:37Z] CHK MOM:0.04% RANGE:0.09% UP:31.57% SPREAD:0.0082802% BID:1.2077 ASK:1.2078 MID:1.20774999 P1:1.20774999 P2:1.20774999 P3:1.20735 P4:1.20725 STATE:IDLE
[2026-05-14 18:10:38Z] CHK MOM:0.05% RANGE:0.09% UP:31.57% SPREAD:0.00828088% BID:1.2076 ASK:1.2077 MID:1.20765 P1:1.20765 P2:1.20774999 P3:1.20774999 P4:1.20735 STATE:IDLE
[2026-05-14 18:10:38Z] CHK MOM:0.05% RANGE:0.09% UP:31.57% SPREAD:0.00828088% BID:1.2076 ASK:1.2077 MID:1.20765 P1:1.20765 P2:1.20765 P3:1.20774999 P4:1.20774999 STATE:IDLE
[2026-05-14 18:10:39Z] CHK MOM:0.09% RANGE:0.09% UP:38.88% SPREAD:0.0082802% BID:1.2077 ASK:1.2078 MID:1.20774999 P1:1.20774999 P2:1.20765 P3:1.20765 P4:1.20774999 STATE:IDLE
[2026-05-14 18:10:39Z] CHK MOM:0.09% RANGE:0.09% UP:36.84% SPREAD:0.0082802% BID:1.2077 ASK:1.2078 MID:1.20774999 P1:1.20774999 P2:1.20774999 P3:1.20765 P4:1.20765 STATE:IDLE
[2026-05-14 18:10:40Z] CHK MOM:0.08% RANGE:0.08% UP:31.57% SPREAD:0.0082802% BID:1.2077 ASK:1.2078 MID:1.20774999 P1:1.20774999 P2:1.20774999 P3:1.20774999 P4:1.20765 STATE:IDLE
[2026-05-14 18:10:40Z] CHK MOM:0.07% RANGE:0.08% UP:30% SPREAD:0.00828088% BID:1.2076 ASK:1.2077 MID:1.20765 P1:1.20765 P2:1.20774999 P3:1.20774999 P4:1.20774999 STATE:IDLE
[2026-05-14 18:10:41Z] CHK MOM:0.06% RANGE:0.06% UP:31.57% SPREAD:0.0082802% BID:1.2077 ASK:1.2078 MID:1.20774999 P1:1.20774999 P2:1.20765 P3:1.20774999 P4:1.20774999 STATE:IDLE
[2026-05-14 18:10:41Z] CHK MOM:0.06% RANGE:0.06% UP:30% SPREAD:0.0082802% BID:1.2077 ASK:1.2078 MID:1.20774999 P1:1.20774999 P2:1.20774999 P3:1.20765 P4:1.20774999 STATE:IDLE
[2026-05-14 18:10:42Z] CHK MOM:0.06% RANGE:0.06% UP:30% SPREAD:0.0082802% BID:1.2077 ASK:1.2078 MID:1.20774999 P1:1.20774999 P2:1.20774999 P3:1.20765 P4:1.20774999 STATE:IDLE
[2026-05-14 18:10:43Z] CHK MOM:0.05% RANGE:0.06% UP:31.57% SPREAD:0.00828088% BID:1.2076 ASK:1.2077 MID:1.20765 P1:1.20765 P2:1.20774999 P3:1.20774999 P4:1.20765 STATE:IDLE
[2026-05-14 18:10:43Z] CHK MOM:0.01% RANGE:0.04% UP:27.77% SPREAD:0.00828294% BID:1.2073 ASK:1.2074 MID:1.20735 P1:1.20735 P2:1.20765 P3:1.20774999 P4:1.20774999 STATE:IDLE
[2026-05-14 18:10:44Z] CHK MOM:0.01% RANGE:0.04% UP:26.31% SPREAD:0.00828294% BID:1.2073 ASK:1.2074 MID:1.20735 P1:1.20735 P2:1.20735 P3:1.20765 P4:1.20774999 STATE:IDLE
