[2026-05-12 00:08:54Z] SESSION_START symbol=SUIUSDC dry_run=0 profile=major strategy=momentum base_url=https://api.binance.com
[2026-05-12 00:08:54Z] TOXIC_MEMORY_LOADED count=5 symbols=GUNUSDC,JTOUSDC,ORDIUSDC,SAHARAUSDC,TONUSDC
[2026-05-12 00:08:57Z] CHK MOM:0% RANGE:0% UP:0% SPREAD:0.00774053% BID:1.2919 ASK:1.292 MID:1.29195 P1:1.29195 P2:NA P3:NA P4:NA STATE:IDLE
[2026-05-12 00:08:57Z] CHK MOM:0% RANGE:0% UP:0% SPREAD:0.00774053% BID:1.2919 ASK:1.292 MID:1.29195 P1:1.29195 P2:1.29195 P3:NA P4:NA STATE:IDLE
[2026-05-12 00:08:58Z] CHK MOM:0% RANGE:0% UP:0% SPREAD:0.00774053% BID:1.2919 ASK:1.292 MID:1.29195 P1:1.29195 P2:1.29195 P3:1.29195 P4:NA STATE:IDLE
[2026-05-12 00:08:58Z] CHK MOM:0% RANGE:0% UP:0% SPREAD:0.00774053% BID:1.2919 ASK:1.292 MID:1.29195 P1:1.29195 P2:1.29195 P3:1.29195 P4:1.29195 STATE:IDLE
[2026-05-12 00:08:59Z] CHK MOM:0% RANGE:0% UP:0% SPREAD:0.00774053% BID:1.2919 ASK:1.292 MID:1.29195 P1:1.29195 P2:1.29195 P3:1.29195 P4:1.29195 STATE:IDLE
[2026-05-12 00:08:59Z] CHK MOM:0% RANGE:0% UP:0% SPREAD:0.00774053% BID:1.2919 ASK:1.292 MID:1.29195 P1:1.29195 P2:1.29195 P3:1.29195 P4:1.29195 STATE:IDLE
[2026-05-12 00:09:00Z] CHK MOM:0.01% RANGE:0.01% UP:25% SPREAD:0.00773933% BID:1.2921 ASK:1.2922 MID:1.29215 P1:1.29215 P2:1.29195 P3:1.29195 P4:1.29195 STATE:IDLE
[2026-05-12 00:09:00Z] CHK MOM:-0.01% RANGE:0.03% UP:20% SPREAD:0.00774173% BID:1.2917 ASK:1.2918 MID:1.29175 P1:1.29175 P2:1.29215 P3:1.29195 P4:1.29195 STATE:IDLE
[2026-05-12 00:09:01Z] CHK MOM:-0.06% RANGE:0.07% UP:16.66% SPREAD:0.00774533% BID:1.2911 ASK:1.2912 MID:1.29115 P1:1.29115 P2:1.29175 P3:1.29215 P4:1.29195 STATE:IDLE
[2026-05-12 00:09:01Z] CHK MOM:-0.05% RANGE:0.07% UP:28.57% SPREAD:0.00774473% BID:1.2912 ASK:1.2913 MID:1.29124999 P1:1.29124999 P2:1.29115 P3:1.29175 P4:1.29215 STATE:IDLE
[2026-05-12 00:09:02Z] CHK MOM:-0.05% RANGE:0.07% UP:25% SPREAD:0.00774473% BID:1.2912 ASK:1.2913 MID:1.29124999 P1:1.29124999 P2:1.29124999 P3:1.29115 P4:1.29175 STATE:IDLE
[2026-05-12 00:09:03Z] CHK MOM:-0.06% RANGE:0.07% UP:22.22% SPREAD:0.00774533% BID:1.2911 ASK:1.2912 MID:1.29115 P1:1.29115 P2:1.29124999 P3:1.29124999 P4:1.29115 STATE:IDLE
[2026-05-12 00:09:03Z] CHK MOM:-0.06% RANGE:0.07% UP:22.22% SPREAD:0.00774533% BID:1.2911 ASK:1.2912 MID:1.29115 P1:1.29115 P2:1.29124999 P3:1.29124999 P4:1.29115 STATE:IDLE
[2026-05-12 00:09:04Z] CHK MOM:-0.06% RANGE:0.08% UP:20% SPREAD:0.00774593% BID:1.291 ASK:1.2911 MID:1.29104999 P1:1.29104999 P2:1.29115 P3:1.29124999 P4:1.29124999 STATE:IDLE
[2026-05-12 00:09:04Z] CHK MOM:-0.06% RANGE:0.08% UP:20% SPREAD:0.00774593% BID:1.291 ASK:1.2911 MID:1.29104999 P1:1.29104999 P2:1.29115 P3:1.29124999 P4:1.29124999 STATE:IDLE
[2026-05-12 00:09:05Z] CHK MOM:-0.06% RANGE:0.08% UP:20% SPREAD:0.00774593% BID:1.291 ASK:1.2911 MID:1.29104999 P1:1.29104999 P2:1.29115 P3:1.29124999 P4:1.29124999 STATE:IDLE
[2026-05-12 00:09:05Z] CHK MOM:-0.06% RANGE:0.08% UP:18.18% SPREAD:0.00774593% BID:1.291 ASK:1.2911 MID:1.29104999 P1:1.29104999 P2:1.29104999 P3:1.29115 P4:1.29124999 STATE:IDLE
[2026-05-12 00:09:06Z] CHK MOM:-0.07% RANGE:0.09% UP:16.66% SPREAD:0.00774653% BID:1.2909 ASK:1.291 MID:1.29095 P1:1.29095 P2:1.29104999 P3:1.29104999 P4:1.29115 STATE:IDLE
[2026-05-12 00:09:06Z] CHK MOM:-0.06% RANGE:0.09% UP:23.07% SPREAD:0.00774533% BID:1.2911 ASK:1.2912 MID:1.29115 P1:1.29115 P2:1.29095 P3:1.29104999 P4:1.29104999 STATE:IDLE
[2026-05-12 00:09:07Z] CHK MOM:-0.06% RANGE:0.09% UP:23.07% SPREAD:0.00774533% BID:1.2911 ASK:1.2912 MID:1.29115 P1:1.29115 P2:1.29095 P3:1.29104999 P4:1.29104999 STATE:IDLE
[2026-05-12 00:09:08Z] CHK MOM:-0.05% RANGE:0.09% UP:28.57% SPREAD:0.01549066% BID:1.2911 ASK:1.2913 MID:1.2912 P1:1.2912 P2:1.29115 P3:1.29095 P4:1.29104999 STATE:IDLE
[2026-05-12 00:09:08Z] CHK MOM:-0.05% RANGE:0.09% UP:28.57% SPREAD:0.01549066% BID:1.2911 ASK:1.2913 MID:1.2912 P1:1.2912 P2:1.29115 P3:1.29095 P4:1.29104999 STATE:IDLE
[2026-05-12 00:09:09Z] CHK MOM:-0.06% RANGE:0.09% UP:28.57% SPREAD:0.00774533% BID:1.2911 ASK:1.2912 MID:1.29115 P1:1.29115 P2:1.2912 P3:1.29115 P4:1.29095 STATE:IDLE
[2026-05-12 00:09:09Z] CHK MOM:-0.06% RANGE:0.09% UP:28.57% SPREAD:0.00774533% BID:1.2911 ASK:1.2912 MID:1.29115 P1:1.29115 P2:1.2912 P3:1.29115 P4:1.29095 STATE:IDLE
[2026-05-12 00:09:10Z] CHK MOM:-0.06% RANGE:0.09% UP:28.57% SPREAD:0.00774533% BID:1.2911 ASK:1.2912 MID:1.29115 P1:1.29115 P2:1.2912 P3:1.29115 P4:1.29095 STATE:IDLE
[2026-05-12 00:09:10Z] CHK MOM:-0.06% RANGE:0.09% UP:28.57% SPREAD:0.00774533% BID:1.2911 ASK:1.2912 MID:1.29115 P1:1.29115 P2:1.2912 P3:1.29115 P4:1.29095 STATE:IDLE
[2026-05-12 00:09:11Z] CHK MOM:-0.07% RANGE:0.09% UP:33.33% SPREAD:0.01549066% BID:1.2911 ASK:1.2913 MID:1.2912 P1:1.2912 P2:1.29115 P3:1.2912 P4:1.29115 STATE:IDLE
[2026-05-12 00:09:11Z] CHK MOM:-0.12% RANGE:0.12% UP:30.76% SPREAD:0.00774893% BID:1.2905 ASK:1.2906 MID:1.29055 P1:1.29055 P2:1.2912 P3:1.29115 P4:1.2912 STATE:IDLE
[2026-05-12 00:09:12Z] CHK MOM:-0.1% RANGE:0.12% UP:35.71% SPREAD:0.00774773% BID:1.2907 ASK:1.2908 MID:1.29075 P1:1.29075 P2:1.29055 P3:1.2912 P4:1.29115 STATE:IDLE
[2026-05-12 00:09:12Z] CHK MOM:-0.1% RANGE:0.12% UP:35.71% SPREAD:0.00774773% BID:1.2907 ASK:1.2908 MID:1.29075 P1:1.29075 P2:1.29055 P3:1.2912 P4:1.29115 STATE:IDLE
[2026-05-12 00:09:13Z] CHK MOM:-0.03% RANGE:0.05% UP:38.46% SPREAD:0.00774773% BID:1.2907 ASK:1.2908 MID:1.29075 P1:1.29075 P2:1.29075 P3:1.29055 P4:1.2912 STATE:IDLE
[2026-05-12 00:09:14Z] CHK MOM:0% RANGE:0.05% UP:45.45% SPREAD:0.00774533% BID:1.2911 ASK:1.2912 MID:1.29115 P1:1.29115 P2:1.29075 P3:1.29075 P4:1.29055 STATE:IDLE
[2026-05-12 00:09:14Z] CHK MOM:-0.01% RANGE:0.05% UP:41.66% SPREAD:0.00774653% BID:1.2909 ASK:1.291 MID:1.29095 P1:1.29095 P2:1.29115 P3:1.29075 P4:1.29075 STATE:IDLE
[2026-05-12 00:09:15Z] CHK MOM:0% RANGE:0.05% UP:46.15% SPREAD:0.00774593% BID:1.291 ASK:1.2911 MID:1.29104999 P1:1.29104999 P2:1.29095 P3:1.29115 P4:1.29075 STATE:IDLE
[2026-05-12 00:09:15Z] CHK MOM:0% RANGE:0.05% UP:46.15% SPREAD:0.00774593% BID:1.291 ASK:1.2911 MID:1.29104999 P1:1.29104999 P2:1.29095 P3:1.29115 P4:1.29075 STATE:IDLE
[2026-05-12 00:09:16Z] CHK MOM:0% RANGE:0.05% UP:46.15% SPREAD:0.00774593% BID:1.291 ASK:1.2911 MID:1.29104999 P1:1.29104999 P2:1.29095 P3:1.29115 P4:1.29075 STATE:IDLE
[2026-05-12 00:09:16Z] CHK MOM:0% RANGE:0.05% UP:50% SPREAD:0.00774593% BID:1.291 ASK:1.2911 MID:1.29104999 P1:1.29104999 P2:1.29104999 P3:1.29095 P4:1.29115 STATE:IDLE
[2026-05-12 00:09:17Z] CHK MOM:0% RANGE:0.05% UP:50% SPREAD:0.00774593% BID:1.291 ASK:1.2911 MID:1.29104999 P1:1.29104999 P2:1.29104999 P3:1.29095 P4:1.29115 STATE:IDLE
[2026-05-12 00:09:17Z] CHK MOM:0.01% RANGE:0.05% UP:58.33% SPREAD:0.00774533% BID:1.2911 ASK:1.2912 MID:1.29115 P1:1.29115 P2:1.29104999 P3:1.29104999 P4:1.29095 STATE:IDLE
[2026-05-12 00:09:18Z] CHK MOM:0.02% RANGE:0.06% UP:58.33% SPREAD:0.00774353% BID:1.2914 ASK:1.2915 MID:1.29145 P1:1.29145 P2:1.29115 P3:1.29104999 P4:1.29104999 STATE:IDLE
[2026-05-12 00:09:19Z] CHK MOM:-0.11% RANGE:0.13% UP:50% SPREAD:0.00775374% BID:1.2897 ASK:1.2898 MID:1.28975 P1:1.28975 P2:1.29145 P3:1.29115 P4:1.29104999 STATE:IDLE
[2026-05-12 00:09:19Z] CHK MOM:-0.1% RANGE:0.13% UP:50% SPREAD:0.00775374% BID:1.2897 ASK:1.2898 MID:1.28975 P1:1.28975 P2:1.28975 P3:1.29145 P4:1.29115 STATE:IDLE
[2026-05-12 00:09:20Z] CHK MOM:-0.1% RANGE:0.13% UP:53.84% SPREAD:0.00775314% BID:1.2898 ASK:1.2899 MID:1.28985 P1:1.28985 P2:1.28975 P3:1.28975 P4:1.29145 STATE:IDLE
[2026-05-12 00:09:20Z] CHK MOM:-0.1% RANGE:0.13% UP:50% SPREAD:0.00775374% BID:1.2897 ASK:1.2898 MID:1.28975 P1:1.28975 P2:1.28985 P3:1.28975 P4:1.28975 STATE:IDLE
[2026-05-12 00:09:21Z] CHK MOM:-0.1% RANGE:0.13% UP:46.66% SPREAD:0.00775374% BID:1.2897 ASK:1.2898 MID:1.28975 P1:1.28975 P2:1.28975 P3:1.28985 P4:1.28975 STATE:IDLE
[2026-05-12 00:09:21Z] CHK MOM:-0.1% RANGE:0.13% UP:46.66% SPREAD:0.00775374% BID:1.2897 ASK:1.2898 MID:1.28975 P1:1.28975 P2:1.28975 P3:1.28985 P4:1.28975 STATE:IDLE
[2026-05-12 00:09:22Z] CHK MOM:-0.1% RANGE:0.13% UP:46.66% SPREAD:0.00775374% BID:1.2897 ASK:1.2898 MID:1.28975 P1:1.28975 P2:1.28975 P3:1.28985 P4:1.28975 STATE:IDLE
[2026-05-12 00:09:22Z] CHK MOM:-0.11% RANGE:0.13% UP:40% SPREAD:0.00775374% BID:1.2897 ASK:1.2898 MID:1.28975 P1:1.28975 P2:1.28975 P3:1.28975 P4:1.28985 STATE:IDLE
[2026-05-12 00:09:23Z] CHK MOM:-0.11% RANGE:0.13% UP:40% SPREAD:0.00775374% BID:1.2897 ASK:1.2898 MID:1.28975 P1:1.28975 P2:1.28975 P3:1.28975 P4:1.28985 STATE:IDLE
[2026-05-12 00:09:23Z] CHK MOM:-0.05% RANGE:0.13% UP:46.66% SPREAD:0.00775314% BID:1.2898 ASK:1.2899 MID:1.28985 P1:1.28985 P2:1.28975 P3:1.28975 P4:1.28975 STATE:IDLE
[2026-05-12 00:09:24Z] CHK MOM:-0.03% RANGE:0.13% UP:46.66% SPREAD:0.00775073% BID:1.2902 ASK:1.2903 MID:1.29025 P1:1.29025 P2:1.28985 P3:1.28975 P4:1.28975 STATE:IDLE
[2026-05-12 00:09:25Z] CHK MOM:-0.04% RANGE:0.13% UP:46.66% SPREAD:0.00775133% BID:1.2901 ASK:1.2902 MID:1.29015 P1:1.29015 P2:1.29025 P3:1.28985 P4:1.28975 STATE:IDLE
[2026-05-12 00:09:25Z] CHK MOM:-0.07% RANGE:0.13% UP:40% SPREAD:0.00775133% BID:1.2901 ASK:1.2902 MID:1.29015 P1:1.29015 P2:1.29015 P3:1.29025 P4:1.28985 STATE:IDLE
[2026-05-12 00:09:26Z] CHK MOM:-0.06% RANGE:0.13% UP:40% SPREAD:0.00775133% BID:1.2901 ASK:1.2902 MID:1.29015 P1:1.29015 P2:1.29015 P3:1.29015 P4:1.29025 STATE:IDLE
[2026-05-12 00:09:26Z] CHK MOM:-0.06% RANGE:0.13% UP:37.5% SPREAD:0.00775193% BID:1.29 ASK:1.2901 MID:1.29005 P1:1.29005 P2:1.29015 P3:1.29015 P4:1.29015 STATE:IDLE
[2026-05-12 00:09:27Z] CHK MOM:-0.07% RANGE:0.13% UP:33.33% SPREAD:0.00775193% BID:1.29 ASK:1.2901 MID:1.29005 P1:1.29005 P2:1.29005 P3:1.29015 P4:1.29015 STATE:IDLE
[2026-05-12 00:09:27Z] CHK MOM:-0.07% RANGE:0.13% UP:33.33% SPREAD:0.00775193% BID:1.29 ASK:1.2901 MID:1.29005 P1:1.29005 P2:1.29005 P3:1.29015 P4:1.29015 STATE:IDLE
[2026-05-12 00:09:28Z] CHK MOM:-0.07% RANGE:0.13% UP:31.25% SPREAD:0.00775193% BID:1.29 ASK:1.2901 MID:1.29005 P1:1.29005 P2:1.29005 P3:1.29005 P4:1.29015 STATE:IDLE
[2026-05-12 00:09:28Z] CHK MOM:-0.07% RANGE:0.13% UP:31.25% SPREAD:0.00775193% BID:1.29 ASK:1.2901 MID:1.29005 P1:1.29005 P2:1.29005 P3:1.29005 P4:1.29015 STATE:IDLE
[2026-05-12 00:09:29Z] CHK MOM:-0.07% RANGE:0.13% UP:31.25% SPREAD:0.00775193% BID:1.29 ASK:1.2901 MID:1.29005 P1:1.29005 P2:1.29005 P3:1.29005 P4:1.29015 STATE:IDLE
[2026-05-12 00:09:30Z] CHK MOM:-0.08% RANGE:0.13% UP:25% SPREAD:0.00775193% BID:1.29 ASK:1.2901 MID:1.29005 P1:1.29005 P2:1.29005 P3:1.29005 P4:1.29005 STATE:IDLE
[2026-05-12 00:09:30Z] CHK MOM:0.06% RANGE:0.06% UP:26.66% SPREAD:0.00774833% BID:1.2906 ASK:1.2907 MID:1.29064999 P1:1.29064999 P2:1.29005 P3:1.29005 P4:1.29005 STATE:IDLE
[2026-05-12 00:09:31Z] CHK MOM:0.06% RANGE:0.06% UP:26.66% SPREAD:0.00774893% BID:1.2905 ASK:1.2906 MID:1.29055 P1:1.29055 P2:1.29064999 P3:1.29005 P4:1.29005 STATE:IDLE
[2026-05-12 00:09:31Z] CHK MOM:0.05% RANGE:0.06% UP:25% SPREAD:0.00774953% BID:1.2904 ASK:1.2905 MID:1.29044999 P1:1.29044999 P2:1.29055 P3:1.29064999 P4:1.29005 STATE:IDLE
[2026-05-12 00:09:32Z] CHK MOM:0.04% RANGE:0.06% UP:18.75% SPREAD:0.00774953% BID:1.2904 ASK:1.2905 MID:1.29044999 P1:1.29044999 P2:1.29044999 P3:1.29055 P4:1.29064999 STATE:IDLE
[2026-05-12 00:09:32Z] CHK MOM:0.04% RANGE:0.06% UP:18.75% SPREAD:0.00774953% BID:1.2904 ASK:1.2905 MID:1.29044999 P1:1.29044999 P2:1.29044999 P3:1.29055 P4:1.29064999 STATE:IDLE
[2026-05-12 00:09:33Z] CHK MOM:0.03% RANGE:0.06% UP:21.42% SPREAD:0.00775073% BID:1.2902 ASK:1.2903 MID:1.29025 P1:1.29025 P2:1.29044999 P3:1.29044999 P4:1.29055 STATE:IDLE
[2026-05-12 00:09:33Z] CHK MOM:0.03% RANGE:0.06% UP:21.42% SPREAD:0.00775073% BID:1.2902 ASK:1.2903 MID:1.29025 P1:1.29025 P2:1.29044999 P3:1.29044999 P4:1.29055 STATE:IDLE
[2026-05-12 00:09:34Z] CHK MOM:0.03% RANGE:0.06% UP:21.42% SPREAD:0.00775073% BID:1.2902 ASK:1.2903 MID:1.29025 P1:1.29025 P2:1.29044999 P3:1.29044999 P4:1.29055 STATE:IDLE
[2026-05-12 00:09:34Z] CHK MOM:0.03% RANGE:0.06% UP:21.42% SPREAD:0.00775073% BID:1.2902 ASK:1.2903 MID:1.29025 P1:1.29025 P2:1.29044999 P3:1.29044999 P4:1.29055 STATE:IDLE
[2026-05-12 00:09:35Z] CHK MOM:0.03% RANGE:0.06% UP:21.42% SPREAD:0.00775073% BID:1.2902 ASK:1.2903 MID:1.29025 P1:1.29025 P2:1.29044999 P3:1.29044999 P4:1.29055 STATE:IDLE
[2026-05-12 00:09:36Z] CHK MOM:0.01% RANGE:0.04% UP:16.66% SPREAD:0.00775013% BID:1.2903 ASK:1.2904 MID:1.29035 P1:1.29035 P2:1.29025 P3:1.29044999 P4:1.29044999 STATE:IDLE
[2026-05-12 00:09:36Z] CHK MOM:0.01% RANGE:0.04% UP:15.38% SPREAD:0.00775013% BID:1.2903 ASK:1.2904 MID:1.29035 P1:1.29035 P2:1.29035 P3:1.29025 P4:1.29044999 STATE:IDLE
[2026-05-12 00:09:37Z] CHK MOM:0% RANGE:0.04% UP:14.28% SPREAD:0.00775073% BID:1.2902 ASK:1.2903 MID:1.29025 P1:1.29025 P2:1.29035 P3:1.29035 P4:1.29025 STATE:IDLE
[2026-05-12 00:09:37Z] CHK MOM:0% RANGE:0.04% UP:14.28% SPREAD:0.00775073% BID:1.2902 ASK:1.2903 MID:1.29025 P1:1.29025 P2:1.29035 P3:1.29035 P4:1.29025 STATE:IDLE
[2026-05-12 00:09:38Z] CHK MOM:0% RANGE:0.04% UP:14.28% SPREAD:0.00775073% BID:1.2902 ASK:1.2903 MID:1.29025 P1:1.29025 P2:1.29035 P3:1.29035 P4:1.29025 STATE:IDLE
[2026-05-12 00:09:38Z] CHK MOM:0% RANGE:0.04% UP:14.28% SPREAD:0.00775073% BID:1.2902 ASK:1.2903 MID:1.29025 P1:1.29025 P2:1.29035 P3:1.29035 P4:1.29025 STATE:IDLE
[2026-05-12 00:09:39Z] CHK MOM:0% RANGE:0.04% UP:14.28% SPREAD:0.00775073% BID:1.2902 ASK:1.2903 MID:1.29025 P1:1.29025 P2:1.29035 P3:1.29035 P4:1.29025 STATE:IDLE
[2026-05-12 00:09:39Z] CHK MOM:0% RANGE:0.04% UP:14.28% SPREAD:0.00775073% BID:1.2902 ASK:1.2903 MID:1.29025 P1:1.29025 P2:1.29035 P3:1.29035 P4:1.29025 STATE:IDLE
[2026-05-12 00:09:40Z] CHK MOM:0.03% RANGE:0.04% UP:33.33% SPREAD:0.00774953% BID:1.2904 ASK:1.2905 MID:1.29044999 P1:1.29044999 P2:1.29025 P3:1.29035 P4:1.29035 STATE:IDLE
[2026-05-12 00:09:41Z] CHK MOM:0.04% RANGE:0.04% UP:40% SPREAD:0.00774833% BID:1.2906 ASK:1.2907 MID:1.29064999 P1:1.29064999 P2:1.29044999 P3:1.29025 P4:1.29035 STATE:IDLE
[2026-05-12 00:09:41Z] CHK MOM:-0.02% RANGE:0.03% UP:30% SPREAD:0.00775013% BID:1.2903 ASK:1.2904 MID:1.29035 P1:1.29035 P2:1.29064999 P3:1.29044999 P4:1.29025 STATE:IDLE
[2026-05-12 00:09:42Z] CHK MOM:-0.05% RANGE:0.05% UP:27.27% SPREAD:0.00775253% BID:1.2899 ASK:1.29 MID:1.28995 P1:1.28995 P2:1.29035 P3:1.29064999 P4:1.29044999 STATE:IDLE
[2026-05-12 00:09:42Z] CHK MOM:-0.05% RANGE:0.05% UP:25% SPREAD:0.00775253% BID:1.2899 ASK:1.29 MID:1.28995 P1:1.28995 P2:1.28995 P3:1.29035 P4:1.29064999 STATE:IDLE
[2026-05-12 00:09:43Z] CHK MOM:-0.05% RANGE:0.05% UP:25% SPREAD:0.00775253% BID:1.2899 ASK:1.29 MID:1.28995 P1:1.28995 P2:1.28995 P3:1.29035 P4:1.29064999 STATE:IDLE
[2026-05-12 00:09:43Z] CHK MOM:-0.05% RANGE:0.05% UP:25% SPREAD:0.00775253% BID:1.2899 ASK:1.29 MID:1.28995 P1:1.28995 P2:1.28995 P3:1.29035 P4:1.29064999 STATE:IDLE
[2026-05-12 00:09:44Z] CHK MOM:-0.05% RANGE:0.05% UP:25% SPREAD:0.00775253% BID:1.2899 ASK:1.29 MID:1.28995 P1:1.28995 P2:1.28995 P3:1.29035 P4:1.29064999 STATE:IDLE
[2026-05-12 00:09:44Z] CHK MOM:-0.05% RANGE:0.05% UP:25% SPREAD:0.00775253% BID:1.2899 ASK:1.29 MID:1.28995 P1:1.28995 P2:1.28995 P3:1.29035 P4:1.29064999 STATE:IDLE
[2026-05-12 00:09:45Z] CHK MOM:-0.05% RANGE:0.05% UP:25% SPREAD:0.00775253% BID:1.2899 ASK:1.29 MID:1.28995 P1:1.28995 P2:1.28995 P3:1.29035 P4:1.29064999 STATE:IDLE
[2026-05-12 00:09:47Z] CHK MOM:-0.01% RANGE:0.05% UP:37.5% SPREAD:0.00775133% BID:1.2901 ASK:1.2902 MID:1.29015 P1:1.29015 P2:1.28995 P3:1.28995 P4:1.29035 STATE:IDLE
[2026-05-12 00:09:48Z] CHK MOM:-0.01% RANGE:0.05% UP:33.33% SPREAD:0.00775133% BID:1.2901 ASK:1.2902 MID:1.29015 P1:1.29015 P2:1.29015 P3:1.28995 P4:1.28995 STATE:IDLE
[2026-05-12 00:09:48Z] CHK MOM:-0.01% RANGE:0.05% UP:33.33% SPREAD:0.00775133% BID:1.2901 ASK:1.2902 MID:1.29015 P1:1.29015 P2:1.29015 P3:1.28995 P4:1.28995 STATE:IDLE
[2026-05-12 00:09:49Z] CHK MOM:0% RANGE:0.05% UP:50% SPREAD:0.00775073% BID:1.2902 ASK:1.2903 MID:1.29025 P1:1.29025 P2:1.29015 P3:1.29015 P4:1.28995 STATE:IDLE
[2026-05-12 00:09:49Z] CHK MOM:0% RANGE:0.05% UP:50% SPREAD:0.00775073% BID:1.2902 ASK:1.2903 MID:1.29025 P1:1.29025 P2:1.29015 P3:1.29015 P4:1.28995 STATE:IDLE
[2026-05-12 00:09:50Z] CHK MOM:0% RANGE:0.05% UP:50% SPREAD:0.00775073% BID:1.2902 ASK:1.2903 MID:1.29025 P1:1.29025 P2:1.29015 P3:1.29015 P4:1.28995 STATE:IDLE
[2026-05-12 00:09:50Z] CHK MOM:0% RANGE:0.05% UP:50% SPREAD:0.00775073% BID:1.2902 ASK:1.2903 MID:1.29025 P1:1.29025 P2:1.29015 P3:1.29015 P4:1.28995 STATE:IDLE
[2026-05-12 00:09:51Z] CHK MOM:-0.02% RANGE:0.05% UP:37.5% SPREAD:0.00775133% BID:1.2901 ASK:1.2902 MID:1.29015 P1:1.29015 P2:1.29025 P3:1.29015 P4:1.29015 STATE:IDLE
[2026-05-12 00:09:51Z] CHK MOM:-0.02% RANGE:0.05% UP:37.5% SPREAD:0.00775133% BID:1.2901 ASK:1.2902 MID:1.29015 P1:1.29015 P2:1.29025 P3:1.29015 P4:1.29015 STATE:IDLE
[2026-05-12 00:09:52Z] CHK MOM:-0.02% RANGE:0.05% UP:37.5% SPREAD:0.00775133% BID:1.2901 ASK:1.2902 MID:1.29015 P1:1.29015 P2:1.29025 P3:1.29015 P4:1.29015 STATE:IDLE
[2026-05-12 00:09:53Z] CHK MOM:-0.02% RANGE:0.05% UP:37.5% SPREAD:0.00775133% BID:1.2901 ASK:1.2902 MID:1.29015 P1:1.29015 P2:1.29025 P3:1.29015 P4:1.29015 STATE:IDLE
[2026-05-12 00:09:53Z] CHK MOM:-0.02% RANGE:0.05% UP:37.5% SPREAD:0.00775133% BID:1.2901 ASK:1.2902 MID:1.29015 P1:1.29015 P2:1.29025 P3:1.29015 P4:1.29015 STATE:IDLE
[2026-05-12 00:09:56Z] CHK MOM:0% RANGE:0% UP:25% SPREAD:0.00775133% BID:1.2901 ASK:1.2902 MID:1.29015 P1:1.29015 P2:1.29015 P3:1.29025 P4:1.29015 STATE:IDLE
[2026-05-12 00:09:56Z] CHK MOM:0% RANGE:0% UP:25% SPREAD:0.00775133% BID:1.2901 ASK:1.2902 MID:1.29015 P1:1.29015 P2:1.29015 P3:1.29025 P4:1.29015 STATE:IDLE
[2026-05-12 00:09:57Z] CHK MOM:0% RANGE:0% UP:25% SPREAD:0.00775133% BID:1.2901 ASK:1.2902 MID:1.29015 P1:1.29015 P2:1.29015 P3:1.29025 P4:1.29015 STATE:IDLE
[2026-05-12 00:09:57Z] CHK MOM:0% RANGE:0% UP:25% SPREAD:0.00775133% BID:1.2901 ASK:1.2902 MID:1.29015 P1:1.29015 P2:1.29015 P3:1.29025 P4:1.29015 STATE:IDLE
[2026-05-12 00:09:58Z] CHK MOM:0% RANGE:0% UP:25% SPREAD:0.00775133% BID:1.2901 ASK:1.2902 MID:1.29015 P1:1.29015 P2:1.29015 P3:1.29025 P4:1.29015 STATE:IDLE
[2026-05-12 00:09:59Z] CHK MOM:0% RANGE:0% UP:40% SPREAD:0.00775073% BID:1.2902 ASK:1.2903 MID:1.29025 P1:1.29025 P2:1.29015 P3:1.29015 P4:1.29025 STATE:IDLE
[2026-05-12 00:09:59Z] CHK MOM:-0.01% RANGE:0.01% UP:25% SPREAD:0.01550387% BID:1.29 ASK:1.2902 MID:1.2901 P1:1.2901 P2:1.29025 P3:1.29015 P4:1.29015 STATE:IDLE
[2026-05-12 00:10:00Z] CHK MOM:-0.01% RANGE:0.01% UP:20% SPREAD:0.01550387% BID:1.29 ASK:1.2902 MID:1.2901 P1:1.2901 P2:1.2901 P3:1.29025 P4:1.29015 STATE:IDLE
[2026-05-12 00:10:00Z] CHK MOM:-0.03% RANGE:0.03% UP:16.66% SPREAD:0.00775314% BID:1.2898 ASK:1.2899 MID:1.28985 P1:1.28985 P2:1.2901 P3:1.2901 P4:1.29025 STATE:IDLE
[2026-05-12 00:10:01Z] CHK MOM:-0.03% RANGE:0.03% UP:16.66% SPREAD:0.00775314% BID:1.2898 ASK:1.2899 MID:1.28985 P1:1.28985 P2:1.2901 P3:1.2901 P4:1.29025 STATE:IDLE
[2026-05-12 00:10:01Z] CHK MOM:-0.02% RANGE:0.03% UP:16.66% SPREAD:0.00775314% BID:1.2898 ASK:1.2899 MID:1.28985 P1:1.28985 P2:1.28985 P3:1.2901 P4:1.2901 STATE:IDLE
[2026-05-12 00:10:02Z] CHK MOM:-0.02% RANGE:0.03% UP:16.66% SPREAD:0.00775314% BID:1.2898 ASK:1.2899 MID:1.28985 P1:1.28985 P2:1.28985 P3:1.2901 P4:1.2901 STATE:IDLE
[2026-05-12 00:10:02Z] CHK MOM:-0.05% RANGE:0.06% UP:14.28% SPREAD:0.00775554% BID:1.2894 ASK:1.2895 MID:1.28945 P1:1.28945 P2:1.28985 P3:1.28985 P4:1.2901 STATE:IDLE
[2026-05-12 00:10:03Z] CHK MOM:-0.05% RANGE:0.06% UP:12.5% SPREAD:0.00775554% BID:1.2894 ASK:1.2895 MID:1.28945 P1:1.28945 P2:1.28945 P3:1.28985 P4:1.28985 STATE:IDLE
[2026-05-12 00:10:04Z] CHK MOM:-0.05% RANGE:0.06% UP:12.5% SPREAD:0.00775554% BID:1.2894 ASK:1.2895 MID:1.28945 P1:1.28945 P2:1.28945 P3:1.28945 P4:1.28985 STATE:IDLE
[2026-05-12 00:10:04Z] CHK MOM:-0.07% RANGE:0.08% UP:11.11% SPREAD:0.00775735% BID:1.2891 ASK:1.2892 MID:1.28914999 P1:1.28914999 P2:1.28945 P3:1.28945 P4:1.28945 STATE:IDLE
[2026-05-12 00:10:05Z] CHK MOM:-0.07% RANGE:0.08% UP:10% SPREAD:0.00775735% BID:1.2891 ASK:1.2892 MID:1.28914999 P1:1.28914999 P2:1.28914999 P3:1.28945 P4:1.28945 STATE:IDLE
[2026-05-12 00:10:05Z] CHK MOM:-0.07% RANGE:0.08% UP:10% SPREAD:0.00775735% BID:1.2891 ASK:1.2892 MID:1.28914999 P1:1.28914999 P2:1.28914999 P3:1.28945 P4:1.28945 STATE:IDLE
[2026-05-12 00:10:06Z] CHK MOM:-0.07% RANGE:0.08% UP:9.09% SPREAD:0.00775735% BID:1.2891 ASK:1.2892 MID:1.28914999 P1:1.28914999 P2:1.28914999 P3:1.28914999 P4:1.28945 STATE:IDLE
[2026-05-12 00:10:06Z] CHK MOM:-0.07% RANGE:0.08% UP:9.09% SPREAD:0.00775735% BID:1.2891 ASK:1.2892 MID:1.28914999 P1:1.28914999 P2:1.28914999 P3:1.28914999 P4:1.28945 STATE:IDLE
[2026-05-12 00:10:07Z] CHK MOM:-0.08% RANGE:0.09% UP:8.33% SPREAD:0.00775795% BID:1.289 ASK:1.2891 MID:1.28905 P1:1.28905 P2:1.28914999 P3:1.28914999 P4:1.28914999 STATE:IDLE
[2026-05-12 00:10:07Z] CHK MOM:-0.08% RANGE:0.09% UP:8.33% SPREAD:0.00775795% BID:1.289 ASK:1.2891 MID:1.28905 P1:1.28905 P2:1.28914999 P3:1.28914999 P4:1.28914999 STATE:IDLE
[2026-05-12 00:10:08Z] CHK MOM:-0.08% RANGE:0.09% UP:8.33% SPREAD:0.00775795% BID:1.289 ASK:1.2891 MID:1.28905 P1:1.28905 P2:1.28914999 P3:1.28914999 P4:1.28914999 STATE:IDLE
[2026-05-12 00:10:08Z] CHK MOM:-0.08% RANGE:0.09% UP:8.33% SPREAD:0.00775735% BID:1.2891 ASK:1.2892 MID:1.28914999 P1:1.28914999 P2:1.28905 P3:1.28914999 P4:1.28914999 STATE:IDLE
[2026-05-12 00:10:09Z] CHK MOM:-0.08% RANGE:0.09% UP:8.33% SPREAD:0.00775735% BID:1.2891 ASK:1.2892 MID:1.28914999 P1:1.28914999 P2:1.28905 P3:1.28914999 P4:1.28914999 STATE:IDLE
[2026-05-12 00:10:10Z] CHK MOM:-0.08% RANGE:0.09% UP:7.69% SPREAD:0.00775735% BID:1.2891 ASK:1.2892 MID:1.28914999 P1:1.28914999 P2:1.28914999 P3:1.28905 P4:1.28914999 STATE:IDLE
[2026-05-12 00:10:10Z] CHK MOM:-0.08% RANGE:0.09% UP:7.69% SPREAD:0.00775735% BID:1.2891 ASK:1.2892 MID:1.28914999 P1:1.28914999 P2:1.28914999 P3:1.28905 P4:1.28914999 STATE:IDLE
[2026-05-12 00:10:11Z] CHK MOM:-0.07% RANGE:0.08% UP:7.69% SPREAD:0.0155159% BID:1.289 ASK:1.2892 MID:1.2891 P1:1.2891 P2:1.28914999 P3:1.28914999 P4:1.28905 STATE:IDLE
[2026-05-12 00:10:11Z] CHK MOM:-0.07% RANGE:0.08% UP:7.69% SPREAD:0.0155159% BID:1.289 ASK:1.2892 MID:1.2891 P1:1.2891 P2:1.28914999 P3:1.28914999 P4:1.28905 STATE:IDLE
[2026-05-12 00:10:12Z] CHK MOM:-0.06% RANGE:0.08% UP:15.38% SPREAD:0.00775674% BID:1.2892 ASK:1.2893 MID:1.28925 P1:1.28925 P2:1.2891 P3:1.28914999 P4:1.28914999 STATE:IDLE
[2026-05-12 00:10:12Z] CHK MOM:-0.03% RANGE:0.06% UP:23.07% SPREAD:0.00775554% BID:1.2894 ASK:1.2895 MID:1.28945 P1:1.28945 P2:1.28925 P3:1.2891 P4:1.28914999 STATE:IDLE
[2026-05-12 00:10:13Z] CHK MOM:-0.03% RANGE:0.06% UP:23.07% SPREAD:0.00775554% BID:1.2894 ASK:1.2895 MID:1.28945 P1:1.28945 P2:1.28925 P3:1.2891 P4:1.28914999 STATE:IDLE
[2026-05-12 00:10:13Z] CHK MOM:-0.03% RANGE:0.06% UP:23.07% SPREAD:0.00775554% BID:1.2894 ASK:1.2895 MID:1.28945 P1:1.28945 P2:1.28945 P3:1.28925 P4:1.2891 STATE:IDLE
[2026-05-12 00:10:14Z] CHK MOM:0% RANGE:0.03% UP:23.07% SPREAD:0.00775614% BID:1.2893 ASK:1.2894 MID:1.28935 P1:1.28935 P2:1.28945 P3:1.28945 P4:1.28925 STATE:IDLE
[2026-05-12 00:10:15Z] CHK MOM:0% RANGE:0.03% UP:21.42% SPREAD:0.00775614% BID:1.2893 ASK:1.2894 MID:1.28935 P1:1.28935 P2:1.28935 P3:1.28945 P4:1.28945 STATE:IDLE
[2026-05-12 00:10:15Z] CHK MOM:0% RANGE:0.03% UP:21.42% SPREAD:0.00775614% BID:1.2893 ASK:1.2894 MID:1.28935 P1:1.28935 P2:1.28935 P3:1.28945 P4:1.28945 STATE:IDLE
[2026-05-12 00:10:16Z] CHK MOM:0% RANGE:0.03% UP:21.42% SPREAD:0.00775614% BID:1.2893 ASK:1.2894 MID:1.28935 P1:1.28935 P2:1.28935 P3:1.28945 P4:1.28945 STATE:IDLE
[2026-05-12 00:10:16Z] CHK MOM:0% RANGE:0.03% UP:21.42% SPREAD:0.00775614% BID:1.2893 ASK:1.2894 MID:1.28935 P1:1.28935 P2:1.28935 P3:1.28945 P4:1.28945 STATE:IDLE
[2026-05-12 00:10:17Z] CHK MOM:0% RANGE:0.03% UP:21.42% SPREAD:0.00775614% BID:1.2893 ASK:1.2894 MID:1.28935 P1:1.28935 P2:1.28935 P3:1.28945 P4:1.28945 STATE:IDLE
[2026-05-12 00:10:17Z] CHK MOM:0.01% RANGE:0.03% UP:30% SPREAD:0.00775614% BID:1.2893 ASK:1.2894 MID:1.28935 P1:1.28935 P2:1.28935 P3:1.28935 P4:1.28945 STATE:IDLE
[2026-05-12 00:10:18Z] CHK MOM:0.02% RANGE:0.03% UP:36.36% SPREAD:0.00775554% BID:1.2894 ASK:1.2895 MID:1.28945 P1:1.28945 P2:1.28935 P3:1.28935 P4:1.28935 STATE:IDLE
[2026-05-12 00:10:18Z] CHK MOM:0.02% RANGE:0.03% UP:36.36% SPREAD:0.00775554% BID:1.2894 ASK:1.2895 MID:1.28945 P1:1.28945 P2:1.28935 P3:1.28935 P4:1.28935 STATE:IDLE
[2026-05-12 00:10:19Z] CHK MOM:0% RANGE:0.03% UP:30% SPREAD:0.00775795% BID:1.289 ASK:1.2891 MID:1.28905 P1:1.28905 P2:1.28945 P3:1.28935 P4:1.28935 STATE:IDLE
[2026-05-12 00:10:19Z] CHK MOM:-0.05% RANGE:0.07% UP:27.27% SPREAD:0.00776156% BID:1.2884 ASK:1.2885 MID:1.28845 P1:1.28845 P2:1.28905 P3:1.28945 P4:1.28935 STATE:IDLE
[2026-05-12 00:10:20Z] CHK MOM:-0.05% RANGE:0.07% UP:27.27% SPREAD:0.00776156% BID:1.2884 ASK:1.2885 MID:1.28845 P1:1.28845 P2:1.28905 P3:1.28945 P4:1.28935 STATE:IDLE
[2026-05-12 00:10:21Z] CHK MOM:-0.04% RANGE:0.07% UP:36.36% SPREAD:0.00776096% BID:1.2885 ASK:1.2886 MID:1.28854999 P1:1.28854999 P2:1.28845 P3:1.28905 P4:1.28945 STATE:IDLE
[2026-05-12 00:10:21Z] CHK MOM:-0.04% RANGE:0.07% UP:36.36% SPREAD:0.00776096% BID:1.2885 ASK:1.2886 MID:1.28854999 P1:1.28854999 P2:1.28845 P3:1.28905 P4:1.28945 STATE:IDLE
[2026-05-12 00:10:22Z] CHK MOM:-0.04% RANGE:0.07% UP:36.36% SPREAD:0.00776096% BID:1.2885 ASK:1.2886 MID:1.28854999 P1:1.28854999 P2:1.28854999 P3:1.28845 P4:1.28905 STATE:IDLE
[2026-05-12 00:10:22Z] CHK MOM:-0.04% RANGE:0.07% UP:33.33% SPREAD:0.00776096% BID:1.2885 ASK:1.2886 MID:1.28854999 P1:1.28854999 P2:1.28854999 P3:1.28854999 P4:1.28845 STATE:IDLE
[2026-05-12 00:10:23Z] CHK MOM:-0.04% RANGE:0.07% UP:33.33% SPREAD:0.00776096% BID:1.2885 ASK:1.2886 MID:1.28854999 P1:1.28854999 P2:1.28854999 P3:1.28854999 P4:1.28845 STATE:IDLE
[2026-05-12 00:10:23Z] CHK MOM:-0.04% RANGE:0.07% UP:33.33% SPREAD:0.00776096% BID:1.2885 ASK:1.2886 MID:1.28854999 P1:1.28854999 P2:1.28854999 P3:1.28854999 P4:1.28845 STATE:IDLE
[2026-05-12 00:10:24Z] CHK MOM:-0.04% RANGE:0.07% UP:33.33% SPREAD:0.00776096% BID:1.2885 ASK:1.2886 MID:1.28854999 P1:1.28854999 P2:1.28854999 P3:1.28854999 P4:1.28845 STATE:IDLE
[2026-05-12 00:10:24Z] CHK MOM:-0.04% RANGE:0.07% UP:33.33% SPREAD:0.00776096% BID:1.2885 ASK:1.2886 MID:1.28854999 P1:1.28854999 P2:1.28854999 P3:1.28854999 P4:1.28845 STATE:IDLE
[2026-05-12 00:10:25Z] CHK MOM:-0.04% RANGE:0.07% UP:33.33% SPREAD:0.00776096% BID:1.2885 ASK:1.2886 MID:1.28854999 P1:1.28854999 P2:1.28854999 P3:1.28854999 P4:1.28845 STATE:IDLE
[2026-05-12 00:10:25Z] CHK MOM:-0.06% RANGE:0.07% UP:22.22% SPREAD:0.01552312% BID:1.2884 ASK:1.2886 MID:1.2885 P1:1.2885 P2:1.28854999 P3:1.28854999 P4:1.28854999 STATE:IDLE
[2026-05-12 00:10:26Z] CHK MOM:-0.06% RANGE:0.07% UP:30% SPREAD:0.00776096% BID:1.2885 ASK:1.2886 MID:1.28854999 P1:1.28854999 P2:1.2885 P3:1.28854999 P4:1.28854999 STATE:IDLE
[2026-05-12 00:10:26Z] CHK MOM:-0.06% RANGE:0.07% UP:33.33% SPREAD:0.00776156% BID:1.2884 ASK:1.2885 MID:1.28845 P1:1.28845 P2:1.28854999 P3:1.2885 P4:1.28854999 STATE:IDLE
[2026-05-12 00:10:27Z] CHK MOM:-0.06% RANGE:0.07% UP:33.33% SPREAD:0.00776156% BID:1.2884 ASK:1.2885 MID:1.28845 P1:1.28845 P2:1.28854999 P3:1.2885 P4:1.28854999 STATE:IDLE
[2026-05-12 00:10:27Z] CHK MOM:-0.06% RANGE:0.07% UP:30% SPREAD:0.00776156% BID:1.2884 ASK:1.2885 MID:1.28845 P1:1.28845 P2:1.28845 P3:1.28854999 P4:1.2885 STATE:IDLE
[2026-05-12 00:10:28Z] CHK MOM:-0.06% RANGE:0.07% UP:30% SPREAD:0.00776156% BID:1.2884 ASK:1.2885 MID:1.28845 P1:1.28845 P2:1.28845 P3:1.28854999 P4:1.2885 STATE:IDLE
[2026-05-12 00:10:29Z] CHK MOM:-0.06% RANGE:0.07% UP:30% SPREAD:0.00776156% BID:1.2884 ASK:1.2885 MID:1.28845 P1:1.28845 P2:1.28845 P3:1.28854999 P4:1.2885 STATE:IDLE
[2026-05-12 00:10:29Z] CHK MOM:-0.06% RANGE:0.07% UP:30% SPREAD:0.00776156% BID:1.2884 ASK:1.2885 MID:1.28845 P1:1.28845 P2:1.28845 P3:1.28854999 P4:1.2885 STATE:IDLE
[2026-05-12 00:10:30Z] CHK MOM:-0.06% RANGE:0.07% UP:30% SPREAD:0.00776156% BID:1.2884 ASK:1.2885 MID:1.28845 P1:1.28845 P2:1.28845 P3:1.28854999 P4:1.2885 STATE:IDLE
[2026-05-12 00:10:30Z] CHK MOM:-0.04% RANGE:0.04% UP:22.22% SPREAD:0.00776156% BID:1.2884 ASK:1.2885 MID:1.28845 P1:1.28845 P2:1.28845 P3:1.28845 P4:1.28854999 STATE:IDLE
[2026-05-12 00:10:31Z] CHK MOM:-0.03% RANGE:0.04% UP:30% SPREAD:0.00776036% BID:1.2886 ASK:1.2887 MID:1.28865 P1:1.28865 P2:1.28845 P3:1.28845 P4:1.28845 STATE:IDLE
[2026-05-12 00:10:31Z] CHK MOM:0% RANGE:0.01% UP:22.22% SPREAD:0.00776036% BID:1.2886 ASK:1.2887 MID:1.28865 P1:1.28865 P2:1.28865 P3:1.28845 P4:1.28845 STATE:IDLE
[2026-05-12 00:10:32Z] CHK MOM:0.01% RANGE:0.02% UP:30% SPREAD:0.00775975% BID:1.2887 ASK:1.2888 MID:1.28874999 P1:1.28874999 P2:1.28865 P3:1.28865 P4:1.28845 STATE:IDLE
[2026-05-12 00:10:32Z] CHK MOM:0.01% RANGE:0.02% UP:30% SPREAD:0.00775975% BID:1.2887 ASK:1.2888 MID:1.28874999 P1:1.28874999 P2:1.28865 P3:1.28865 P4:1.28845 STATE:IDLE
[2026-05-12 00:10:33Z] CHK MOM:0.01% RANGE:0.02% UP:30% SPREAD:0.00775975% BID:1.2887 ASK:1.2888 MID:1.28874999 P1:1.28874999 P2:1.28865 P3:1.28865 P4:1.28845 STATE:IDLE
[2026-05-12 00:10:33Z] CHK MOM:0.03% RANGE:0.04% UP:40% SPREAD:0.00775795% BID:1.289 ASK:1.2891 MID:1.28905 P1:1.28905 P2:1.28874999 P3:1.28865 P4:1.28865 STATE:IDLE
[2026-05-12 00:10:34Z] CHK MOM:0.04% RANGE:0.04% UP:44.44% SPREAD:0.00775795% BID:1.289 ASK:1.2891 MID:1.28905 P1:1.28905 P2:1.28905 P3:1.28874999 P4:1.28865 STATE:IDLE
[2026-05-12 00:10:34Z] CHK MOM:0.04% RANGE:0.04% UP:44.44% SPREAD:0.00775795% BID:1.289 ASK:1.2891 MID:1.28905 P1:1.28905 P2:1.28905 P3:1.28874999 P4:1.28865 STATE:IDLE
[2026-05-12 00:10:35Z] CHK MOM:0.04% RANGE:0.04% UP:40% SPREAD:0.00775795% BID:1.289 ASK:1.2891 MID:1.28905 P1:1.28905 P2:1.28905 P3:1.28905 P4:1.28874999 STATE:IDLE
[2026-05-12 00:10:35Z] CHK MOM:0.04% RANGE:0.04% UP:36.36% SPREAD:0.00775795% BID:1.289 ASK:1.2891 MID:1.28905 P1:1.28905 P2:1.28905 P3:1.28905 P4:1.28905 STATE:IDLE
[2026-05-12 00:10:36Z] CHK MOM:0.04% RANGE:0.04% UP:36.36% SPREAD:0.00775795% BID:1.289 ASK:1.2891 MID:1.28905 P1:1.28905 P2:1.28905 P3:1.28905 P4:1.28905 STATE:IDLE
[2026-05-12 00:10:37Z] CHK MOM:0.04% RANGE:0.04% UP:36.36% SPREAD:0.00775795% BID:1.289 ASK:1.2891 MID:1.28905 P1:1.28905 P2:1.28905 P3:1.28905 P4:1.28905 STATE:IDLE
[2026-05-12 00:10:37Z] CHK MOM:0.04% RANGE:0.04% UP:36.36% SPREAD:0.00775795% BID:1.289 ASK:1.2891 MID:1.28905 P1:1.28905 P2:1.28905 P3:1.28905 P4:1.28905 STATE:IDLE
[2026-05-12 00:10:38Z] CHK MOM:0.04% RANGE:0.04% UP:36.36% SPREAD:0.00775795% BID:1.289 ASK:1.2891 MID:1.28905 P1:1.28905 P2:1.28905 P3:1.28905 P4:1.28905 STATE:IDLE
[2026-05-12 00:10:39Z] CHK MOM:0.05% RANGE:0.05% UP:44.44% SPREAD:0.00775735% BID:1.2891 ASK:1.2892 MID:1.28914999 P1:1.28914999 P2:1.28905 P3:1.28905 P4:1.28905 STATE:IDLE
[2026-05-12 00:10:39Z] CHK MOM:0.05% RANGE:0.05% UP:40% SPREAD:0.00775735% BID:1.2891 ASK:1.2892 MID:1.28914999 P1:1.28914999 P2:1.28914999 P3:1.28905 P4:1.28905 STATE:IDLE
[2026-05-12 00:10:40Z] CHK MOM:0.05% RANGE:0.05% UP:40% SPREAD:0.00775735% BID:1.2891 ASK:1.2892 MID:1.28914999 P1:1.28914999 P2:1.28914999 P3:1.28914999 P4:1.28905 STATE:IDLE
[2026-05-12 00:10:40Z] CHK MOM:0.05% RANGE:0.05% UP:40% SPREAD:0.00775735% BID:1.2891 ASK:1.2892 MID:1.28914999 P1:1.28914999 P2:1.28914999 P3:1.28914999 P4:1.28905 STATE:IDLE
[2026-05-12 00:10:41Z] CHK MOM:0.05% RANGE:0.05% UP:36.36% SPREAD:0.00775735% BID:1.2891 ASK:1.2892 MID:1.28914999 P1:1.28914999 P2:1.28914999 P3:1.28914999 P4:1.28914999 STATE:IDLE
[2026-05-12 00:10:42Z] CHK MOM:0.05% RANGE:0.05% UP:33.33% SPREAD:0.00775735% BID:1.2891 ASK:1.2892 MID:1.28914999 P1:1.28914999 P2:1.28914999 P3:1.28914999 P4:1.28914999 STATE:IDLE
[2026-05-12 00:10:42Z] CHK MOM:-0.02% RANGE:0.06% UP:27.27% SPREAD:0.01552553% BID:1.2882 ASK:1.2884 MID:1.2883 P1:1.2883 P2:1.28914999 P3:1.28914999 P4:1.28914999 STATE:IDLE
[2026-05-12 00:10:43Z] CHK MOM:-0.02% RANGE:0.06% UP:33.33% SPREAD:0.00776216% BID:1.2883 ASK:1.2884 MID:1.28834999 P1:1.28834999 P2:1.2883 P3:1.28914999 P4:1.28914999 STATE:IDLE
[2026-05-12 00:10:43Z] CHK MOM:-0.02% RANGE:0.06% UP:30.76% SPREAD:0.00776216% BID:1.2883 ASK:1.2884 MID:1.28834999 P1:1.28834999 P2:1.28834999 P3:1.2883 P4:1.28914999 STATE:IDLE
[2026-05-12 00:10:44Z] CHK MOM:-0.07% RANGE:0.08% UP:16.66% SPREAD:0.00776397% BID:1.288 ASK:1.2881 MID:1.28805 P1:1.28805 P2:1.28834999 P3:1.28834999 P4:1.2883 STATE:IDLE
[2026-05-12 00:10:44Z] CHK MOM:-0.07% RANGE:0.08% UP:15.38% SPREAD:0.00776397% BID:1.288 ASK:1.2881 MID:1.28805 P1:1.28805 P2:1.28805 P3:1.28834999 P4:1.28834999 STATE:IDLE
[2026-05-12 00:10:45Z] CHK MOM:-0.06% RANGE:0.08% UP:21.42% SPREAD:0.00776276% BID:1.2882 ASK:1.2883 MID:1.28825 P1:1.28825 P2:1.28805 P3:1.28805 P4:1.28834999 STATE:IDLE
[2026-05-12 00:10:45Z] CHK MOM:-0.05% RANGE:0.08% UP:28.57% SPREAD:0.00776216% BID:1.2883 ASK:1.2884 MID:1.28834999 P1:1.28834999 P2:1.28825 P3:1.28805 P4:1.28805 STATE:IDLE
[2026-05-12 00:10:46Z] CHK MOM:-0.05% RANGE:0.08% UP:26.66% SPREAD:0.00776216% BID:1.2883 ASK:1.2884 MID:1.28834999 P1:1.28834999 P2:1.28834999 P3:1.28825 P4:1.28805 STATE:IDLE
[2026-05-12 00:10:46Z] CHK MOM:-0.05% RANGE:0.08% UP:26.66% SPREAD:0.00776216% BID:1.2883 ASK:1.2884 MID:1.28834999 P1:1.28834999 P2:1.28834999 P3:1.28834999 P4:1.28825 STATE:IDLE
[2026-05-12 00:10:47Z] CHK MOM:-0.05% RANGE:0.08% UP:26.66% SPREAD:0.00776216% BID:1.2883 ASK:1.2884 MID:1.28834999 P1:1.28834999 P2:1.28834999 P3:1.28834999 P4:1.28834999 STATE:IDLE
[2026-05-12 00:10:48Z] CHK MOM:-0.03% RANGE:0.08% UP:26.66% SPREAD:0.00775975% BID:1.2887 ASK:1.2888 MID:1.28874999 P1:1.28874999 P2:1.28834999 P3:1.28834999 P4:1.28834999 STATE:IDLE
[2026-05-12 00:10:48Z] CHK MOM:-0.03% RANGE:0.08% UP:26.66% SPREAD:0.00775975% BID:1.2887 ASK:1.2888 MID:1.28874999 P1:1.28874999 P2:1.28834999 P3:1.28834999 P4:1.28834999 STATE:IDLE
[2026-05-12 00:10:49Z] CHK MOM:-0.03% RANGE:0.08% UP:26.66% SPREAD:0.00775975% BID:1.2887 ASK:1.2888 MID:1.28874999 P1:1.28874999 P2:1.28834999 P3:1.28834999 P4:1.28834999 STATE:IDLE
[2026-05-12 00:10:49Z] CHK MOM:-0.03% RANGE:0.08% UP:25% SPREAD:0.00775975% BID:1.2887 ASK:1.2888 MID:1.28874999 P1:1.28874999 P2:1.28874999 P3:1.28834999 P4:1.28834999 STATE:IDLE
[2026-05-12 00:10:50Z] CHK MOM:-0.03% RANGE:0.08% UP:25% SPREAD:0.00775975% BID:1.2887 ASK:1.2888 MID:1.28874999 P1:1.28874999 P2:1.28874999 P3:1.28834999 P4:1.28834999 STATE:IDLE
[2026-05-12 00:10:50Z] CHK MOM:-0.03% RANGE:0.08% UP:23.52% SPREAD:0.00776036% BID:1.2886 ASK:1.2887 MID:1.28865 P1:1.28865 P2:1.28874999 P3:1.28874999 P4:1.28834999 STATE:IDLE
[2026-05-12 00:10:51Z] CHK MOM:-0.03% RANGE:0.08% UP:23.52% SPREAD:0.00776036% BID:1.2886 ASK:1.2887 MID:1.28865 P1:1.28865 P2:1.28874999 P3:1.28874999 P4:1.28834999 STATE:IDLE
[2026-05-12 00:10:51Z] CHK MOM:-0.04% RANGE:0.08% UP:25% SPREAD:0.00776096% BID:1.2885 ASK:1.2886 MID:1.28854999 P1:1.28854999 P2:1.28865 P3:1.28874999 P4:1.28874999 STATE:IDLE
[2026-05-12 00:10:52Z] CHK MOM:-0.05% RANGE:0.08% UP:25% SPREAD:0.00776156% BID:1.2884 ASK:1.2885 MID:1.28845 P1:1.28845 P2:1.28854999 P3:1.28865 P4:1.28874999 STATE:IDLE
[2026-05-12 00:10:53Z] CHK MOM:-0.05% RANGE:0.08% UP:25% SPREAD:0.00776156% BID:1.2884 ASK:1.2885 MID:1.28845 P1:1.28845 P2:1.28854999 P3:1.28865 P4:1.28874999 STATE:IDLE
[2026-05-12 00:10:53Z] CHK MOM:-0.04% RANGE:0.08% UP:29.41% SPREAD:0.00776096% BID:1.2885 ASK:1.2886 MID:1.28854999 P1:1.28854999 P2:1.28845 P3:1.28854999 P4:1.28865 STATE:IDLE
[2026-05-12 00:10:54Z] CHK MOM:0.01% RANGE:0.05% UP:31.25% SPREAD:0.00776096% BID:1.2885 ASK:1.2886 MID:1.28854999 P1:1.28854999 P2:1.28854999 P3:1.28845 P4:1.28854999 STATE:IDLE
[2026-05-12 00:10:54Z] CHK MOM:0.03% RANGE:0.05% UP:31.25% SPREAD:0.00775975% BID:1.2887 ASK:1.2888 MID:1.28874999 P1:1.28874999 P2:1.28854999 P3:1.28854999 P4:1.28845 STATE:IDLE
[2026-05-12 00:10:55Z] CHK MOM:0.03% RANGE:0.06% UP:37.5% SPREAD:0.00775915% BID:1.2888 ASK:1.2889 MID:1.28885 P1:1.28885 P2:1.28874999 P3:1.28854999 P4:1.28854999 STATE:IDLE
[2026-05-12 00:10:55Z] CHK MOM:0.06% RANGE:0.06% UP:37.5% SPREAD:0.00775915% BID:1.2888 ASK:1.2889 MID:1.28885 P1:1.28885 P2:1.28885 P3:1.28874999 P4:1.28854999 STATE:IDLE
[2026-05-12 00:10:56Z] CHK MOM:0.06% RANGE:0.06% UP:41.17% SPREAD:0.00775855% BID:1.2889 ASK:1.289 MID:1.28894999 P1:1.28894999 P2:1.28885 P3:1.28885 P4:1.28874999 STATE:IDLE
