[2026-05-16 07:32:04Z] SESSION_START symbol=TRXUSDC dry_run=0 profile=major strategy=momentum base_url=https://api.binance.com
[2026-05-16 07:32:04Z] TOXIC_MEMORY_LOADED count=1 symbols=ORDIUSDC
[2026-05-16 07:32:12Z] CHK MOM:0% RANGE:0% UP:0% SPREAD:0.02855511% BID:0.3502 ASK:0.3503 MID:0.35025 P1:0.35025 P2:NA P3:NA P4:NA STATE:IDLE
[2026-05-16 07:32:12Z] CHK MOM:0% RANGE:0% UP:0% SPREAD:0.02855511% BID:0.3502 ASK:0.3503 MID:0.35025 P1:0.35025 P2:NA P3:NA P4:NA STATE:IDLE
[2026-05-16 07:32:13Z] CHK MOM:0% RANGE:0% UP:0% SPREAD:0.02855511% BID:0.3502 ASK:0.3503 MID:0.35025 P1:0.35025 P2:NA P3:NA P4:NA STATE:IDLE
[2026-05-16 07:32:13Z] CHK MOM:0% RANGE:0% UP:0% SPREAD:0.02855511% BID:0.3502 ASK:0.3503 MID:0.35025 P1:0.35025 P2:NA P3:NA P4:NA STATE:IDLE
[2026-05-16 07:32:14Z] CHK MOM:0% RANGE:0% UP:0% SPREAD:0.02855511% BID:0.3502 ASK:0.3503 MID:0.35025 P1:0.35025 P2:NA P3:NA P4:NA STATE:IDLE
[2026-05-16 07:32:20Z] CHK MOM:0.02% RANGE:0.02% UP:100% SPREAD:0.02854695% BID:0.3503 ASK:0.3504 MID:0.35035 P1:0.35035 P2:0.35025 P3:NA P4:NA STATE:IDLE
[2026-05-16 07:32:20Z] CHK MOM:0.02% RANGE:0.02% UP:50% SPREAD:0.02854695% BID:0.3503 ASK:0.3504 MID:0.35035 P1:0.35035 P2:0.35035 P3:0.35025 P4:NA STATE:IDLE
[2026-05-16 07:32:21Z] CHK MOM:0.02% RANGE:0.02% UP:50% SPREAD:0.02854695% BID:0.3503 ASK:0.3504 MID:0.35035 P1:0.35035 P2:0.35035 P3:0.35025 P4:NA STATE:IDLE
[2026-05-16 07:32:21Z] CHK MOM:0.02% RANGE:0.02% UP:50% SPREAD:0.02854695% BID:0.3503 ASK:0.3504 MID:0.35035 P1:0.35035 P2:0.35035 P3:0.35025 P4:NA STATE:IDLE
[2026-05-16 07:32:22Z] CHK MOM:0.02% RANGE:0.02% UP:33.33% SPREAD:0.02854695% BID:0.3503 ASK:0.3504 MID:0.35035 P1:0.35035 P2:0.35035 P3:0.35035 P4:0.35025 STATE:IDLE
[2026-05-16 07:32:22Z] CHK MOM:0.02% RANGE:0.02% UP:25% SPREAD:0.02854695% BID:0.3503 ASK:0.3504 MID:0.35035 P1:0.35035 P2:0.35035 P3:0.35035 P4:0.35035 STATE:IDLE
[2026-05-16 07:32:23Z] CHK MOM:0.02% RANGE:0.02% UP:25% SPREAD:0.02854695% BID:0.3503 ASK:0.3504 MID:0.35035 P1:0.35035 P2:0.35035 P3:0.35035 P4:0.35035 STATE:IDLE
[2026-05-16 07:32:23Z] CHK MOM:0.02% RANGE:0.02% UP:25% SPREAD:0.02853881% BID:0.3504 ASK:0.3505 MID:0.35045 P1:0.35045 P2:0.35035 P3:0.35035 P4:0.35035 STATE:IDLE
[2026-05-16 07:32:24Z] CHK MOM:0.02% RANGE:0.02% UP:25% SPREAD:0.02853881% BID:0.3504 ASK:0.3505 MID:0.35045 P1:0.35045 P2:0.35035 P3:0.35035 P4:0.35035 STATE:IDLE
[2026-05-16 07:32:25Z] CHK MOM:0.02% RANGE:0.02% UP:25% SPREAD:0.02853881% BID:0.3504 ASK:0.3505 MID:0.35045 P1:0.35045 P2:0.35035 P3:0.35035 P4:0.35035 STATE:IDLE
[2026-05-16 07:32:25Z] CHK MOM:0.02% RANGE:0.02% UP:25% SPREAD:0.02853881% BID:0.3504 ASK:0.3505 MID:0.35045 P1:0.35045 P2:0.35035 P3:0.35035 P4:0.35035 STATE:IDLE
[2026-05-16 07:32:26Z] CHK MOM:0.02% RANGE:0.02% UP:20% SPREAD:0.02853881% BID:0.3504 ASK:0.3505 MID:0.35045 P1:0.35045 P2:0.35045 P3:0.35035 P4:0.35035 STATE:IDLE
[2026-05-16 07:32:26Z] CHK MOM:0.02% RANGE:0.02% UP:20% SPREAD:0.02853881% BID:0.3504 ASK:0.3505 MID:0.35045 P1:0.35045 P2:0.35045 P3:0.35035 P4:0.35035 STATE:IDLE
[2026-05-16 07:32:27Z] CHK MOM:0.02% RANGE:0.02% UP:20% SPREAD:0.02853881% BID:0.3504 ASK:0.3505 MID:0.35045 P1:0.35045 P2:0.35045 P3:0.35035 P4:0.35035 STATE:IDLE
[2026-05-16 07:32:27Z] CHK MOM:0.02% RANGE:0.02% UP:20% SPREAD:0.02853881% BID:0.3504 ASK:0.3505 MID:0.35045 P1:0.35045 P2:0.35045 P3:0.35035 P4:0.35035 STATE:IDLE
[2026-05-16 07:32:28Z] CHK MOM:0.02% RANGE:0.02% UP:20% SPREAD:0.02853881% BID:0.3504 ASK:0.3505 MID:0.35045 P1:0.35045 P2:0.35045 P3:0.35035 P4:0.35035 STATE:IDLE
[2026-05-16 07:32:28Z] CHK MOM:0.02% RANGE:0.02% UP:20% SPREAD:0.02853881% BID:0.3504 ASK:0.3505 MID:0.35045 P1:0.35045 P2:0.35045 P3:0.35035 P4:0.35035 STATE:IDLE
[2026-05-16 07:32:29Z] CHK MOM:0.05% RANGE:0.05% UP:33.33% SPREAD:0.02853067% BID:0.3505 ASK:0.3506 MID:0.35055 P1:0.35055 P2:0.35045 P3:0.35045 P4:0.35035 STATE:IDLE
[2026-05-16 07:32:29Z] CHK MOM:0.05% RANGE:0.05% UP:28.57% SPREAD:0.02853067% BID:0.3505 ASK:0.3506 MID:0.35055 P1:0.35055 P2:0.35055 P3:0.35045 P4:0.35045 STATE:IDLE
[2026-05-16 07:32:30Z] CHK MOM:0.05% RANGE:0.05% UP:25% SPREAD:0.02853067% BID:0.3505 ASK:0.3506 MID:0.35055 P1:0.35055 P2:0.35055 P3:0.35055 P4:0.35045 STATE:IDLE
[2026-05-16 07:32:31Z] CHK MOM:0.05% RANGE:0.05% UP:22.22% SPREAD:0.02853067% BID:0.3505 ASK:0.3506 MID:0.35055 P1:0.35055 P2:0.35055 P3:0.35055 P4:0.35055 STATE:IDLE
[2026-05-16 07:32:31Z] CHK MOM:0.05% RANGE:0.05% UP:20% SPREAD:0.02853067% BID:0.3505 ASK:0.3506 MID:0.35055 P1:0.35055 P2:0.35055 P3:0.35055 P4:0.35055 STATE:IDLE
[2026-05-16 07:32:32Z] CHK MOM:0% RANGE:0.05% UP:20% SPREAD:0.02854695% BID:0.3503 ASK:0.3504 MID:0.35035 P1:0.35035 P2:0.35055 P3:0.35055 P4:0.35055 STATE:IDLE
[2026-05-16 07:32:32Z] CHK MOM:0% RANGE:0.05% UP:20% SPREAD:0.02854695% BID:0.3503 ASK:0.3504 MID:0.35035 P1:0.35035 P2:0.35035 P3:0.35055 P4:0.35055 STATE:IDLE
[2026-05-16 07:32:33Z] CHK MOM:0% RANGE:0.05% UP:18.18% SPREAD:0.02854695% BID:0.3503 ASK:0.3504 MID:0.35035 P1:0.35035 P2:0.35035 P3:0.35035 P4:0.35055 STATE:IDLE
[2026-05-16 07:32:33Z] CHK MOM:0% RANGE:0.05% UP:18.18% SPREAD:0.02854695% BID:0.3503 ASK:0.3504 MID:0.35035 P1:0.35035 P2:0.35035 P3:0.35035 P4:0.35055 STATE:IDLE
[2026-05-16 07:32:34Z] CHK MOM:0% RANGE:0.05% UP:18.18% SPREAD:0.02854695% BID:0.3503 ASK:0.3504 MID:0.35035 P1:0.35035 P2:0.35035 P3:0.35035 P4:0.35055 STATE:IDLE
[2026-05-16 07:32:34Z] CHK MOM:0% RANGE:0.05% UP:18.18% SPREAD:0.02854695% BID:0.3503 ASK:0.3504 MID:0.35035 P1:0.35035 P2:0.35035 P3:0.35035 P4:0.35035 STATE:IDLE
[2026-05-16 07:32:35Z] CHK MOM:0% RANGE:0.05% UP:18.18% SPREAD:0.02854695% BID:0.3503 ASK:0.3504 MID:0.35035 P1:0.35035 P2:0.35035 P3:0.35035 P4:0.35035 STATE:IDLE
[2026-05-16 07:32:36Z] CHK MOM:0% RANGE:0.05% UP:18.18% SPREAD:0.02854695% BID:0.3503 ASK:0.3504 MID:0.35035 P1:0.35035 P2:0.35035 P3:0.35035 P4:0.35035 STATE:IDLE
[2026-05-16 07:32:36Z] CHK MOM:0.05% RANGE:0.08% UP:20% SPREAD:0.02852253% BID:0.3506 ASK:0.3507 MID:0.35065 P1:0.35065 P2:0.35035 P3:0.35035 P4:0.35035 STATE:IDLE
[2026-05-16 07:32:37Z] CHK MOM:0.05% RANGE:0.08% UP:20% SPREAD:0.02852253% BID:0.3506 ASK:0.3507 MID:0.35065 P1:0.35065 P2:0.35035 P3:0.35035 P4:0.35035 STATE:IDLE
[2026-05-16 07:32:37Z] CHK MOM:0.05% RANGE:0.08% UP:18.18% SPREAD:0.02852253% BID:0.3506 ASK:0.3507 MID:0.35065 P1:0.35065 P2:0.35065 P3:0.35035 P4:0.35035 STATE:IDLE
[2026-05-16 07:32:38Z] CHK MOM:0% RANGE:0.08% UP:9.09% SPREAD:0.02853067% BID:0.3505 ASK:0.3506 MID:0.35055 P1:0.35055 P2:0.35065 P3:0.35065 P4:0.35035 STATE:IDLE
[2026-05-16 07:32:38Z] CHK MOM:0% RANGE:0.08% UP:8.33% SPREAD:0.02853067% BID:0.3505 ASK:0.3506 MID:0.35055 P1:0.35055 P2:0.35055 P3:0.35065 P4:0.35065 STATE:IDLE
[2026-05-16 07:32:39Z] CHK MOM:0% RANGE:0.08% UP:7.69% SPREAD:0.02853067% BID:0.3505 ASK:0.3506 MID:0.35055 P1:0.35055 P2:0.35055 P3:0.35055 P4:0.35065 STATE:IDLE
[2026-05-16 07:32:39Z] CHK MOM:0% RANGE:0.08% UP:7.14% SPREAD:0.02853067% BID:0.3505 ASK:0.3506 MID:0.35055 P1:0.35055 P2:0.35055 P3:0.35055 P4:0.35055 STATE:IDLE
[2026-05-16 07:32:40Z] CHK MOM:0% RANGE:0.08% UP:6.66% SPREAD:0.02853067% BID:0.3505 ASK:0.3506 MID:0.35055 P1:0.35055 P2:0.35055 P3:0.35055 P4:0.35055 STATE:IDLE
[2026-05-16 07:32:40Z] CHK MOM:0% RANGE:0.08% UP:6.25% SPREAD:0.02853067% BID:0.3505 ASK:0.3506 MID:0.35055 P1:0.35055 P2:0.35055 P3:0.35055 P4:0.35055 STATE:IDLE
[2026-05-16 07:32:41Z] CHK MOM:0% RANGE:0.08% UP:6.25% SPREAD:0.02853067% BID:0.3505 ASK:0.3506 MID:0.35055 P1:0.35055 P2:0.35055 P3:0.35055 P4:0.35055 STATE:IDLE
[2026-05-16 07:32:42Z] CHK MOM:0% RANGE:0.08% UP:6.25% SPREAD:0.02853067% BID:0.3505 ASK:0.3506 MID:0.35055 P1:0.35055 P2:0.35055 P3:0.35055 P4:0.35055 STATE:IDLE
[2026-05-16 07:32:42Z] CHK MOM:0% RANGE:0.08% UP:6.25% SPREAD:0.02853067% BID:0.3505 ASK:0.3506 MID:0.35055 P1:0.35055 P2:0.35055 P3:0.35055 P4:0.35055 STATE:IDLE
[2026-05-16 07:32:43Z] CHK MOM:0% RANGE:0.08% UP:6.25% SPREAD:0.02853067% BID:0.3505 ASK:0.3506 MID:0.35055 P1:0.35055 P2:0.35055 P3:0.35055 P4:0.35055 STATE:IDLE
[2026-05-16 07:32:43Z] CHK MOM:0% RANGE:0.08% UP:6.25% SPREAD:0.02853067% BID:0.3505 ASK:0.3506 MID:0.35055 P1:0.35055 P2:0.35055 P3:0.35055 P4:0.35055 STATE:IDLE
[2026-05-16 07:32:44Z] CHK MOM:0% RANGE:0.08% UP:6.25% SPREAD:0.02853067% BID:0.3505 ASK:0.3506 MID:0.35055 P1:0.35055 P2:0.35055 P3:0.35055 P4:0.35055 STATE:IDLE
[2026-05-16 07:32:48Z] CHK MOM:-0.02% RANGE:0.02% UP:0% SPREAD:0.02853067% BID:0.3505 ASK:0.3506 MID:0.35055 P1:0.35055 P2:0.35055 P3:0.35055 P4:0.35055 STATE:IDLE
[2026-05-16 07:32:49Z] CHK MOM:-0.02% RANGE:0.02% UP:0% SPREAD:0.02853067% BID:0.3505 ASK:0.3506 MID:0.35055 P1:0.35055 P2:0.35055 P3:0.35055 P4:0.35055 STATE:IDLE
[2026-05-16 07:32:49Z] CHK MOM:0% RANGE:0% UP:0% SPREAD:0.02853067% BID:0.3505 ASK:0.3506 MID:0.35055 P1:0.35055 P2:0.35055 P3:0.35055 P4:0.35055 STATE:IDLE
[2026-05-16 07:32:50Z] CHK MOM:0% RANGE:0% UP:0% SPREAD:0.02853067% BID:0.3505 ASK:0.3506 MID:0.35055 P1:0.35055 P2:0.35055 P3:0.35055 P4:0.35055 STATE:IDLE
[2026-05-16 07:32:51Z] CHK MOM:0% RANGE:0% UP:0% SPREAD:0.02853067% BID:0.3505 ASK:0.3506 MID:0.35055 P1:0.35055 P2:0.35055 P3:0.35055 P4:0.35055 STATE:IDLE
[2026-05-16 07:32:51Z] CHK MOM:0% RANGE:0% UP:0% SPREAD:0.02853067% BID:0.3505 ASK:0.3506 MID:0.35055 P1:0.35055 P2:0.35055 P3:0.35055 P4:0.35055 STATE:IDLE
[2026-05-16 07:32:52Z] CHK MOM:0% RANGE:0% UP:0% SPREAD:0.02853067% BID:0.3505 ASK:0.3506 MID:0.35055 P1:0.35055 P2:0.35055 P3:0.35055 P4:0.35055 STATE:IDLE
[2026-05-16 07:32:52Z] CHK MOM:0% RANGE:0% UP:0% SPREAD:0.02853067% BID:0.3505 ASK:0.3506 MID:0.35055 P1:0.35055 P2:0.35055 P3:0.35055 P4:0.35055 STATE:IDLE
[2026-05-16 07:32:53Z] CHK MOM:0% RANGE:0% UP:0% SPREAD:0.02853067% BID:0.3505 ASK:0.3506 MID:0.35055 P1:0.35055 P2:0.35055 P3:0.35055 P4:0.35055 STATE:IDLE
[2026-05-16 07:32:53Z] CHK MOM:0% RANGE:0% UP:0% SPREAD:0.02853067% BID:0.3505 ASK:0.3506 MID:0.35055 P1:0.35055 P2:0.35055 P3:0.35055 P4:0.35055 STATE:IDLE
[2026-05-16 07:32:54Z] CHK MOM:0% RANGE:0% UP:0% SPREAD:0.02853067% BID:0.3505 ASK:0.3506 MID:0.35055 P1:0.35055 P2:0.35055 P3:0.35055 P4:0.35055 STATE:IDLE
[2026-05-16 07:32:54Z] CHK MOM:0% RANGE:0% UP:0% SPREAD:0.02853067% BID:0.3505 ASK:0.3506 MID:0.35055 P1:0.35055 P2:0.35055 P3:0.35055 P4:0.35055 STATE:IDLE
[2026-05-16 07:32:55Z] CHK MOM:0% RANGE:0% UP:0% SPREAD:0.02853067% BID:0.3505 ASK:0.3506 MID:0.35055 P1:0.35055 P2:0.35055 P3:0.35055 P4:0.35055 STATE:IDLE
[2026-05-16 07:32:55Z] CHK MOM:0.02% RANGE:0.02% UP:20% SPREAD:0.02852253% BID:0.3506 ASK:0.3507 MID:0.35065 P1:0.35065 P2:0.35055 P3:0.35055 P4:0.35055 STATE:IDLE
[2026-05-16 07:32:56Z] CHK MOM:0.02% RANGE:0.02% UP:20% SPREAD:0.02852253% BID:0.3506 ASK:0.3507 MID:0.35065 P1:0.35065 P2:0.35055 P3:0.35055 P4:0.35055 STATE:IDLE
[2026-05-16 07:32:56Z] CHK MOM:0.08% RANGE:0.08% UP:33.33% SPREAD:0.02850627% BID:0.3508 ASK:0.3509 MID:0.35085 P1:0.35085 P2:0.35065 P3:0.35055 P4:0.35055 STATE:IDLE
[2026-05-16 07:32:57Z] CHK MOM:0.08% RANGE:0.08% UP:28.57% SPREAD:0.02850627% BID:0.3508 ASK:0.3509 MID:0.35085 P1:0.35085 P2:0.35085 P3:0.35065 P4:0.35055 STATE:IDLE
[2026-05-16 07:32:57Z] CHK MOM:0.08% RANGE:0.08% UP:28.57% SPREAD:0.02850627% BID:0.3508 ASK:0.3509 MID:0.35085 P1:0.35085 P2:0.35085 P3:0.35065 P4:0.35055 STATE:IDLE
[2026-05-16 07:32:58Z] CHK MOM:0.08% RANGE:0.08% UP:28.57% SPREAD:0.02850627% BID:0.3508 ASK:0.3509 MID:0.35085 P1:0.35085 P2:0.35085 P3:0.35065 P4:0.35055 STATE:IDLE
[2026-05-16 07:32:58Z] CHK MOM:0.08% RANGE:0.08% UP:25% SPREAD:0.02850627% BID:0.3508 ASK:0.3509 MID:0.35085 P1:0.35085 P2:0.35085 P3:0.35085 P4:0.35065 STATE:IDLE
[2026-05-16 07:32:59Z] CHK MOM:0.08% RANGE:0.08% UP:25% SPREAD:0.02850627% BID:0.3508 ASK:0.3509 MID:0.35085 P1:0.35085 P2:0.35085 P3:0.35085 P4:0.35065 STATE:IDLE
[2026-05-16 07:33:00Z] CHK MOM:0.08% RANGE:0.08% UP:22.22% SPREAD:0.02850627% BID:0.3508 ASK:0.3509 MID:0.35085 P1:0.35085 P2:0.35085 P3:0.35085 P4:0.35085 STATE:IDLE
[2026-05-16 07:33:00Z] CHK MOM:0.08% RANGE:0.08% UP:22.22% SPREAD:0.02850627% BID:0.3508 ASK:0.3509 MID:0.35085 P1:0.35085 P2:0.35085 P3:0.35085 P4:0.35085 STATE:IDLE
[2026-05-16 07:33:01Z] CHK MOM:0.08% RANGE:0.08% UP:22.22% SPREAD:0.02850627% BID:0.3508 ASK:0.3509 MID:0.35085 P1:0.35085 P2:0.35085 P3:0.35085 P4:0.35085 STATE:IDLE
[2026-05-16 07:33:01Z] CHK MOM:0.02% RANGE:0.08% UP:22.22% SPREAD:0.02852253% BID:0.3506 ASK:0.3507 MID:0.35065 P1:0.35065 P2:0.35085 P3:0.35085 P4:0.35085 STATE:IDLE
[2026-05-16 07:33:02Z] CHK MOM:0.02% RANGE:0.08% UP:20% SPREAD:0.02852253% BID:0.3506 ASK:0.3507 MID:0.35065 P1:0.35065 P2:0.35065 P3:0.35085 P4:0.35085 STATE:IDLE
[2026-05-16 07:33:02Z] CHK MOM:0.02% RANGE:0.08% UP:20% SPREAD:0.02852253% BID:0.3506 ASK:0.3507 MID:0.35065 P1:0.35065 P2:0.35065 P3:0.35085 P4:0.35085 STATE:IDLE
[2026-05-16 07:33:03Z] CHK MOM:0.02% RANGE:0.08% UP:20% SPREAD:0.02852253% BID:0.3506 ASK:0.3507 MID:0.35065 P1:0.35065 P2:0.35065 P3:0.35065 P4:0.35085 STATE:IDLE
[2026-05-16 07:33:03Z] CHK MOM:0.02% RANGE:0.08% UP:20% SPREAD:0.02852253% BID:0.3506 ASK:0.3507 MID:0.35065 P1:0.35065 P2:0.35065 P3:0.35065 P4:0.35085 STATE:IDLE
[2026-05-16 07:33:04Z] CHK MOM:0% RANGE:0.08% UP:20% SPREAD:0.02853067% BID:0.3505 ASK:0.3506 MID:0.35055 P1:0.35055 P2:0.35065 P3:0.35065 P4:0.35065 STATE:IDLE
[2026-05-16 07:33:05Z] CHK MOM:0% RANGE:0.08% UP:18.18% SPREAD:0.02853067% BID:0.3505 ASK:0.3506 MID:0.35055 P1:0.35055 P2:0.35055 P3:0.35065 P4:0.35065 STATE:IDLE
[2026-05-16 07:33:06Z] CHK MOM:0% RANGE:0.08% UP:16.66% SPREAD:0.02853067% BID:0.3505 ASK:0.3506 MID:0.35055 P1:0.35055 P2:0.35055 P3:0.35055 P4:0.35065 STATE:IDLE
[2026-05-16 07:33:06Z] CHK MOM:0% RANGE:0.08% UP:16.66% SPREAD:0.02853067% BID:0.3505 ASK:0.3506 MID:0.35055 P1:0.35055 P2:0.35055 P3:0.35055 P4:0.35065 STATE:IDLE
[2026-05-16 07:33:07Z] CHK MOM:-0.02% RANGE:0.08% UP:8.33% SPREAD:0.02853067% BID:0.3505 ASK:0.3506 MID:0.35055 P1:0.35055 P2:0.35055 P3:0.35055 P4:0.35055 STATE:IDLE
[2026-05-16 07:33:07Z] CHK MOM:-0.02% RANGE:0.08% UP:7.69% SPREAD:0.02853067% BID:0.3505 ASK:0.3506 MID:0.35055 P1:0.35055 P2:0.35055 P3:0.35055 P4:0.35055 STATE:IDLE
[2026-05-16 07:33:08Z] CHK MOM:-0.08% RANGE:0.08% UP:0% SPREAD:0.02853067% BID:0.3505 ASK:0.3506 MID:0.35055 P1:0.35055 P2:0.35055 P3:0.35055 P4:0.35055 STATE:IDLE
[2026-05-16 07:33:08Z] CHK MOM:-0.08% RANGE:0.08% UP:0% SPREAD:0.02853067% BID:0.3505 ASK:0.3506 MID:0.35055 P1:0.35055 P2:0.35055 P3:0.35055 P4:0.35055 STATE:IDLE
[2026-05-16 07:33:09Z] CHK MOM:-0.08% RANGE:0.08% UP:0% SPREAD:0.02853067% BID:0.3505 ASK:0.3506 MID:0.35055 P1:0.35055 P2:0.35055 P3:0.35055 P4:0.35055 STATE:IDLE
[2026-05-16 07:33:09Z] CHK MOM:-0.08% RANGE:0.08% UP:0% SPREAD:0.02853067% BID:0.3505 ASK:0.3506 MID:0.35055 P1:0.35055 P2:0.35055 P3:0.35055 P4:0.35055 STATE:IDLE
[2026-05-16 07:33:10Z] CHK MOM:-0.08% RANGE:0.08% UP:0% SPREAD:0.02853067% BID:0.3505 ASK:0.3506 MID:0.35055 P1:0.35055 P2:0.35055 P3:0.35055 P4:0.35055 STATE:IDLE
[2026-05-16 07:33:11Z] CHK MOM:-0.08% RANGE:0.08% UP:0% SPREAD:0.02853067% BID:0.3505 ASK:0.3506 MID:0.35055 P1:0.35055 P2:0.35055 P3:0.35055 P4:0.35055 STATE:IDLE
[2026-05-16 07:33:11Z] CHK MOM:-0.08% RANGE:0.08% UP:0% SPREAD:0.02853067% BID:0.3505 ASK:0.3506 MID:0.35055 P1:0.35055 P2:0.35055 P3:0.35055 P4:0.35055 STATE:IDLE
[2026-05-16 07:33:12Z] CHK MOM:-0.08% RANGE:0.08% UP:0% SPREAD:0.02853067% BID:0.3505 ASK:0.3506 MID:0.35055 P1:0.35055 P2:0.35055 P3:0.35055 P4:0.35055 STATE:IDLE
[2026-05-16 07:33:12Z] CHK MOM:-0.08% RANGE:0.08% UP:0% SPREAD:0.02853067% BID:0.3505 ASK:0.3506 MID:0.35055 P1:0.35055 P2:0.35055 P3:0.35055 P4:0.35055 STATE:IDLE
[2026-05-16 07:33:13Z] CHK MOM:-0.08% RANGE:0.08% UP:0% SPREAD:0.02853067% BID:0.3505 ASK:0.3506 MID:0.35055 P1:0.35055 P2:0.35055 P3:0.35055 P4:0.35055 STATE:IDLE
[2026-05-16 07:33:13Z] CHK MOM:-0.08% RANGE:0.08% UP:0% SPREAD:0.02853067% BID:0.3505 ASK:0.3506 MID:0.35055 P1:0.35055 P2:0.35055 P3:0.35055 P4:0.35055 STATE:IDLE
[2026-05-16 07:33:14Z] CHK MOM:-0.02% RANGE:0.02% UP:0% SPREAD:0.02853067% BID:0.3505 ASK:0.3506 MID:0.35055 P1:0.35055 P2:0.35055 P3:0.35055 P4:0.35055 STATE:IDLE
[2026-05-16 07:33:14Z] CHK MOM:-0.02% RANGE:0.02% UP:0% SPREAD:0.02853067% BID:0.3505 ASK:0.3506 MID:0.35055 P1:0.35055 P2:0.35055 P3:0.35055 P4:0.35055 STATE:IDLE
[2026-05-16 07:33:15Z] CHK MOM:-0.02% RANGE:0.02% UP:0% SPREAD:0.02853067% BID:0.3505 ASK:0.3506 MID:0.35055 P1:0.35055 P2:0.35055 P3:0.35055 P4:0.35055 STATE:IDLE
[2026-05-16 07:33:16Z] CHK MOM:0% RANGE:0% UP:0% SPREAD:0.02853067% BID:0.3505 ASK:0.3506 MID:0.35055 P1:0.35055 P2:0.35055 P3:0.35055 P4:0.35055 STATE:IDLE
[2026-05-16 07:33:16Z] CHK MOM:0% RANGE:0% UP:0% SPREAD:0.02853067% BID:0.3505 ASK:0.3506 MID:0.35055 P1:0.35055 P2:0.35055 P3:0.35055 P4:0.35055 STATE:IDLE
[2026-05-16 07:33:17Z] CHK MOM:0% RANGE:0% UP:0% SPREAD:0.02853067% BID:0.3505 ASK:0.3506 MID:0.35055 P1:0.35055 P2:0.35055 P3:0.35055 P4:0.35055 STATE:IDLE
[2026-05-16 07:33:17Z] CHK MOM:0% RANGE:0% UP:0% SPREAD:0.02853067% BID:0.3505 ASK:0.3506 MID:0.35055 P1:0.35055 P2:0.35055 P3:0.35055 P4:0.35055 STATE:IDLE
[2026-05-16 07:33:18Z] CHK MOM:0.08% RANGE:0.08% UP:7.69% SPREAD:0.02850627% BID:0.3508 ASK:0.3509 MID:0.35085 P1:0.35085 P2:0.35055 P3:0.35055 P4:0.35055 STATE:IDLE
[2026-05-16 07:33:18Z] CHK MOM:0.08% RANGE:0.08% UP:7.14% SPREAD:0.02850627% BID:0.3508 ASK:0.3509 MID:0.35085 P1:0.35085 P2:0.35085 P3:0.35055 P4:0.35055 STATE:IDLE
[2026-05-16 07:33:19Z] CHK MOM:0.08% RANGE:0.08% UP:7.14% SPREAD:0.02850627% BID:0.3508 ASK:0.3509 MID:0.35085 P1:0.35085 P2:0.35085 P3:0.35055 P4:0.35055 STATE:IDLE
[2026-05-16 07:33:19Z] CHK MOM:0.08% RANGE:0.08% UP:7.14% SPREAD:0.02850627% BID:0.3508 ASK:0.3509 MID:0.35085 P1:0.35085 P2:0.35085 P3:0.35085 P4:0.35055 STATE:IDLE
[2026-05-16 07:33:20Z] CHK MOM:0.08% RANGE:0.08% UP:7.14% SPREAD:0.02850627% BID:0.3508 ASK:0.3509 MID:0.35085 P1:0.35085 P2:0.35085 P3:0.35085 P4:0.35055 STATE:IDLE
[2026-05-16 07:33:20Z] CHK MOM:0.08% RANGE:0.08% UP:7.14% SPREAD:0.02850627% BID:0.3508 ASK:0.3509 MID:0.35085 P1:0.35085 P2:0.35085 P3:0.35085 P4:0.35055 STATE:IDLE
[2026-05-16 07:33:21Z] CHK MOM:0.08% RANGE:0.08% UP:7.14% SPREAD:0.02850627% BID:0.3508 ASK:0.3509 MID:0.35085 P1:0.35085 P2:0.35085 P3:0.35085 P4:0.35055 STATE:IDLE
[2026-05-16 07:33:22Z] CHK MOM:0.05% RANGE:0.08% UP:10% SPREAD:0.02851439% BID:0.3507 ASK:0.3508 MID:0.35075 P1:0.35075 P2:0.35085 P3:0.35085 P4:0.35085 STATE:IDLE
[2026-05-16 07:33:22Z] CHK MOM:0.05% RANGE:0.08% UP:9.09% SPREAD:0.02851439% BID:0.3507 ASK:0.3508 MID:0.35075 P1:0.35075 P2:0.35075 P3:0.35085 P4:0.35085 STATE:IDLE
[2026-05-16 07:33:23Z] CHK MOM:0.05% RANGE:0.08% UP:9.09% SPREAD:0.02851439% BID:0.3507 ASK:0.3508 MID:0.35075 P1:0.35075 P2:0.35075 P3:0.35075 P4:0.35085 STATE:IDLE
[2026-05-16 07:33:23Z] CHK MOM:0.05% RANGE:0.08% UP:8.33% SPREAD:0.02851439% BID:0.3507 ASK:0.3508 MID:0.35075 P1:0.35075 P2:0.35075 P3:0.35075 P4:0.35075 STATE:IDLE
[2026-05-16 07:33:24Z] CHK MOM:0.05% RANGE:0.08% UP:8.33% SPREAD:0.02851439% BID:0.3507 ASK:0.3508 MID:0.35075 P1:0.35075 P2:0.35075 P3:0.35075 P4:0.35075 STATE:IDLE
[2026-05-16 07:33:24Z] CHK MOM:0.05% RANGE:0.08% UP:8.33% SPREAD:0.02851439% BID:0.3507 ASK:0.3508 MID:0.35075 P1:0.35075 P2:0.35075 P3:0.35075 P4:0.35075 STATE:IDLE
[2026-05-16 07:33:25Z] CHK MOM:0.02% RANGE:0.08% UP:8.33% SPREAD:0.02852253% BID:0.3506 ASK:0.3507 MID:0.35065 P1:0.35065 P2:0.35075 P3:0.35075 P4:0.35075 STATE:IDLE
[2026-05-16 07:33:25Z] CHK MOM:0.08% RANGE:0.08% UP:15.38% SPREAD:0.02850627% BID:0.3508 ASK:0.3509 MID:0.35085 P1:0.35085 P2:0.35065 P3:0.35075 P4:0.35075 STATE:IDLE
[2026-05-16 07:33:26Z] CHK MOM:0.08% RANGE:0.08% UP:15.38% SPREAD:0.02850627% BID:0.3508 ASK:0.3509 MID:0.35085 P1:0.35085 P2:0.35065 P3:0.35075 P4:0.35075 STATE:IDLE
[2026-05-16 07:33:27Z] CHK MOM:0.08% RANGE:0.08% UP:15.38% SPREAD:0.02850627% BID:0.3508 ASK:0.3509 MID:0.35085 P1:0.35085 P2:0.35085 P3:0.35065 P4:0.35075 STATE:IDLE
[2026-05-16 07:33:27Z] CHK MOM:0% RANGE:0.05% UP:8.33% SPREAD:0.02850627% BID:0.3508 ASK:0.3509 MID:0.35085 P1:0.35085 P2:0.35085 P3:0.35085 P4:0.35065 STATE:IDLE
[2026-05-16 07:33:28Z] CHK MOM:0% RANGE:0.05% UP:8.33% SPREAD:0.02850627% BID:0.3508 ASK:0.3509 MID:0.35085 P1:0.35085 P2:0.35085 P3:0.35085 P4:0.35065 STATE:IDLE
[2026-05-16 07:33:28Z] CHK MOM:0% RANGE:0.05% UP:8.33% SPREAD:0.02850627% BID:0.3508 ASK:0.3509 MID:0.35085 P1:0.35085 P2:0.35085 P3:0.35085 P4:0.35065 STATE:IDLE
[2026-05-16 07:33:29Z] CHK MOM:0% RANGE:0.05% UP:8.33% SPREAD:0.02850627% BID:0.3508 ASK:0.3509 MID:0.35085 P1:0.35085 P2:0.35085 P3:0.35085 P4:0.35065 STATE:IDLE
[2026-05-16 07:33:29Z] CHK MOM:0% RANGE:0.05% UP:8.33% SPREAD:0.02850627% BID:0.3508 ASK:0.3509 MID:0.35085 P1:0.35085 P2:0.35085 P3:0.35085 P4:0.35065 STATE:IDLE
[2026-05-16 07:33:30Z] CHK MOM:0% RANGE:0.05% UP:8.33% SPREAD:0.02850627% BID:0.3508 ASK:0.3509 MID:0.35085 P1:0.35085 P2:0.35085 P3:0.35085 P4:0.35065 STATE:IDLE
[2026-05-16 07:33:30Z] CHK MOM:0% RANGE:0.05% UP:9.09% SPREAD:0.02850627% BID:0.3508 ASK:0.3509 MID:0.35085 P1:0.35085 P2:0.35085 P3:0.35085 P4:0.35085 STATE:IDLE
[2026-05-16 07:33:31Z] CHK MOM:0% RANGE:0.05% UP:8.33% SPREAD:0.02850627% BID:0.3508 ASK:0.3509 MID:0.35085 P1:0.35085 P2:0.35085 P3:0.35085 P4:0.35085 STATE:IDLE
[2026-05-16 07:33:31Z] CHK MOM:0% RANGE:0.05% UP:8.33% SPREAD:0.02850627% BID:0.3508 ASK:0.3509 MID:0.35085 P1:0.35085 P2:0.35085 P3:0.35085 P4:0.35085 STATE:IDLE
[2026-05-16 07:33:32Z] CHK MOM:0% RANGE:0.05% UP:8.33% SPREAD:0.02850627% BID:0.3508 ASK:0.3509 MID:0.35085 P1:0.35085 P2:0.35085 P3:0.35085 P4:0.35085 STATE:IDLE
[2026-05-16 07:33:33Z] CHK MOM:0% RANGE:0.05% UP:8.33% SPREAD:0.02850627% BID:0.3508 ASK:0.3509 MID:0.35085 P1:0.35085 P2:0.35085 P3:0.35085 P4:0.35085 STATE:IDLE
[2026-05-16 07:33:33Z] CHK MOM:0.02% RANGE:0.05% UP:8.33% SPREAD:0.02850627% BID:0.3508 ASK:0.3509 MID:0.35085 P1:0.35085 P2:0.35085 P3:0.35085 P4:0.35085 STATE:IDLE
[2026-05-16 07:33:34Z] CHK MOM:0.02% RANGE:0.05% UP:7.69% SPREAD:0.02850627% BID:0.3508 ASK:0.3509 MID:0.35085 P1:0.35085 P2:0.35085 P3:0.35085 P4:0.35085 STATE:IDLE
[2026-05-16 07:33:34Z] CHK MOM:0.02% RANGE:0.05% UP:7.69% SPREAD:0.02850627% BID:0.3508 ASK:0.3509 MID:0.35085 P1:0.35085 P2:0.35085 P3:0.35085 P4:0.35085 STATE:IDLE
[2026-05-16 07:33:35Z] CHK MOM:0.02% RANGE:0.05% UP:8.33% SPREAD:0.02850627% BID:0.3508 ASK:0.3509 MID:0.35085 P1:0.35085 P2:0.35085 P3:0.35085 P4:0.35085 STATE:IDLE
[2026-05-16 07:33:35Z] CHK MOM:0.02% RANGE:0.05% UP:8.33% SPREAD:0.02850627% BID:0.3508 ASK:0.3509 MID:0.35085 P1:0.35085 P2:0.35085 P3:0.35085 P4:0.35085 STATE:IDLE
[2026-05-16 07:33:36Z] CHK MOM:0.02% RANGE:0.05% UP:8.33% SPREAD:0.02850627% BID:0.3508 ASK:0.3509 MID:0.35085 P1:0.35085 P2:0.35085 P3:0.35085 P4:0.35085 STATE:IDLE
[2026-05-16 07:33:36Z] CHK MOM:0.02% RANGE:0.05% UP:9.09% SPREAD:0.02850627% BID:0.3508 ASK:0.3509 MID:0.35085 P1:0.35085 P2:0.35085 P3:0.35085 P4:0.35085 STATE:IDLE
[2026-05-16 07:33:37Z] CHK MOM:0.02% RANGE:0.05% UP:9.09% SPREAD:0.02850627% BID:0.3508 ASK:0.3509 MID:0.35085 P1:0.35085 P2:0.35085 P3:0.35085 P4:0.35085 STATE:IDLE
[2026-05-16 07:33:38Z] CHK MOM:0% RANGE:0% UP:0% SPREAD:0.02850627% BID:0.3508 ASK:0.3509 MID:0.35085 P1:0.35085 P2:0.35085 P3:0.35085 P4:0.35085 STATE:IDLE
[2026-05-16 07:33:38Z] CHK MOM:0% RANGE:0% UP:0% SPREAD:0.02850627% BID:0.3508 ASK:0.3509 MID:0.35085 P1:0.35085 P2:0.35085 P3:0.35085 P4:0.35085 STATE:IDLE
[2026-05-16 07:33:39Z] CHK MOM:0% RANGE:0% UP:0% SPREAD:0.02850627% BID:0.3508 ASK:0.3509 MID:0.35085 P1:0.35085 P2:0.35085 P3:0.35085 P4:0.35085 STATE:IDLE
[2026-05-16 07:33:39Z] CHK MOM:0% RANGE:0% UP:0% SPREAD:0.02850627% BID:0.3508 ASK:0.3509 MID:0.35085 P1:0.35085 P2:0.35085 P3:0.35085 P4:0.35085 STATE:IDLE
[2026-05-16 07:33:40Z] CHK MOM:0% RANGE:0% UP:0% SPREAD:0.02850627% BID:0.3508 ASK:0.3509 MID:0.35085 P1:0.35085 P2:0.35085 P3:0.35085 P4:0.35085 STATE:IDLE
[2026-05-16 07:33:40Z] CHK MOM:0% RANGE:0% UP:0% SPREAD:0.02850627% BID:0.3508 ASK:0.3509 MID:0.35085 P1:0.35085 P2:0.35085 P3:0.35085 P4:0.35085 STATE:IDLE
[2026-05-16 07:33:41Z] CHK MOM:0% RANGE:0% UP:0% SPREAD:0.02850627% BID:0.3508 ASK:0.3509 MID:0.35085 P1:0.35085 P2:0.35085 P3:0.35085 P4:0.35085 STATE:IDLE
[2026-05-16 07:33:48Z] CHK MOM:0.14% RANGE:0.14% UP:33.33% SPREAD:0.02846569% BID:0.3513 ASK:0.3514 MID:0.35135 P1:0.35135 P2:0.35085 P3:0.35085 P4:0.35085 STATE:IDLE
[2026-05-16 07:33:49Z] CHK MOM:0.14% RANGE:0.14% UP:33.33% SPREAD:0.02846569% BID:0.3513 ASK:0.3514 MID:0.35135 P1:0.35135 P2:0.35135 P3:0.35085 P4:0.35085 STATE:IDLE
[2026-05-16 07:33:49Z] CHK MOM:0.14% RANGE:0.14% UP:25% SPREAD:0.02846569% BID:0.3513 ASK:0.3514 MID:0.35135 P1:0.35135 P2:0.35135 P3:0.35135 P4:0.35085 STATE:IDLE
[2026-05-16 07:33:50Z] CHK MOM:0.14% RANGE:0.14% UP:25% SPREAD:0.02846569% BID:0.3513 ASK:0.3514 MID:0.35135 P1:0.35135 P2:0.35135 P3:0.35135 P4:0.35135 STATE:IDLE
[2026-05-16 07:33:50Z] CHK MOM:0% RANGE:0% UP:0% SPREAD:0.02846569% BID:0.3513 ASK:0.3514 MID:0.35135 P1:0.35135 P2:0.35135 P3:0.35135 P4:0.35135 STATE:IDLE
[2026-05-16 07:33:51Z] CHK MOM:0% RANGE:0% UP:0% SPREAD:0.02846569% BID:0.3513 ASK:0.3514 MID:0.35135 P1:0.35135 P2:0.35135 P3:0.35135 P4:0.35135 STATE:IDLE
[2026-05-16 07:33:51Z] CHK MOM:0% RANGE:0% UP:0% SPREAD:0.02846569% BID:0.3513 ASK:0.3514 MID:0.35135 P1:0.35135 P2:0.35135 P3:0.35135 P4:0.35135 STATE:IDLE
[2026-05-16 07:33:52Z] CHK MOM:-0.05% RANGE:0.05% UP:0% SPREAD:0.02848191% BID:0.3511 ASK:0.3512 MID:0.35115 P1:0.35115 P2:0.35135 P3:0.35135 P4:0.35135 STATE:IDLE
[2026-05-16 07:33:52Z] CHK MOM:-0.08% RANGE:0.08% UP:0% SPREAD:0.02849002% BID:0.351 ASK:0.3511 MID:0.35105 P1:0.35105 P2:0.35115 P3:0.35135 P4:0.35135 STATE:IDLE
[2026-05-16 07:33:53Z] CHK MOM:-0.08% RANGE:0.08% UP:0% SPREAD:0.02849002% BID:0.351 ASK:0.3511 MID:0.35105 P1:0.35105 P2:0.35105 P3:0.35115 P4:0.35135 STATE:IDLE
[2026-05-16 07:33:54Z] CHK MOM:-0.05% RANGE:0.08% UP:10% SPREAD:0.02848191% BID:0.3511 ASK:0.3512 MID:0.35115 P1:0.35115 P2:0.35105 P3:0.35105 P4:0.35115 STATE:IDLE
[2026-05-16 07:33:54Z] CHK MOM:-0.05% RANGE:0.08% UP:9.09% SPREAD:0.02848191% BID:0.3511 ASK:0.3512 MID:0.35115 P1:0.35115 P2:0.35115 P3:0.35105 P4:0.35105 STATE:IDLE
[2026-05-16 07:33:55Z] CHK MOM:-0.05% RANGE:0.08% UP:8.33% SPREAD:0.02848191% BID:0.3511 ASK:0.3512 MID:0.35115 P1:0.35115 P2:0.35115 P3:0.35115 P4:0.35105 STATE:IDLE
[2026-05-16 07:33:55Z] CHK MOM:-0.05% RANGE:0.08% UP:8.33% SPREAD:0.02848191% BID:0.3511 ASK:0.3512 MID:0.35115 P1:0.35115 P2:0.35115 P3:0.35115 P4:0.35105 STATE:IDLE
[2026-05-16 07:33:56Z] CHK MOM:-0.05% RANGE:0.08% UP:8.33% SPREAD:0.02848191% BID:0.3511 ASK:0.3512 MID:0.35115 P1:0.35115 P2:0.35115 P3:0.35115 P4:0.35105 STATE:IDLE
[2026-05-16 07:33:56Z] CHK MOM:-0.05% RANGE:0.08% UP:8.33% SPREAD:0.02848191% BID:0.3511 ASK:0.3512 MID:0.35115 P1:0.35115 P2:0.35115 P3:0.35115 P4:0.35105 STATE:IDLE
[2026-05-16 07:33:57Z] CHK MOM:-0.05% RANGE:0.08% UP:8.33% SPREAD:0.02848191% BID:0.3511 ASK:0.3512 MID:0.35115 P1:0.35115 P2:0.35115 P3:0.35115 P4:0.35105 STATE:IDLE
[2026-05-16 07:33:57Z] CHK MOM:-0.05% RANGE:0.08% UP:8.33% SPREAD:0.02848191% BID:0.3511 ASK:0.3512 MID:0.35115 P1:0.35115 P2:0.35115 P3:0.35115 P4:0.35105 STATE:IDLE
[2026-05-16 07:33:58Z] CHK MOM:-0.05% RANGE:0.08% UP:7.69% SPREAD:0.02848191% BID:0.3511 ASK:0.3512 MID:0.35115 P1:0.35115 P2:0.35115 P3:0.35115 P4:0.35115 STATE:IDLE
[2026-05-16 07:33:59Z] CHK MOM:-0.05% RANGE:0.08% UP:7.69% SPREAD:0.02848191% BID:0.3511 ASK:0.3512 MID:0.35115 P1:0.35115 P2:0.35115 P3:0.35115 P4:0.35115 STATE:IDLE
[2026-05-16 07:33:59Z] CHK MOM:-0.08% RANGE:0.08% UP:7.14% SPREAD:0.02849002% BID:0.351 ASK:0.3511 MID:0.35105 P1:0.35105 P2:0.35115 P3:0.35115 P4:0.35115 STATE:IDLE
[2026-05-16 07:34:00Z] CHK MOM:-0.08% RANGE:0.08% UP:6.66% SPREAD:0.02849002% BID:0.351 ASK:0.3511 MID:0.35105 P1:0.35105 P2:0.35105 P3:0.35115 P4:0.35115 STATE:IDLE
[2026-05-16 07:34:00Z] CHK MOM:-0.08% RANGE:0.08% UP:6.66% SPREAD:0.02849002% BID:0.351 ASK:0.3511 MID:0.35105 P1:0.35105 P2:0.35105 P3:0.35105 P4:0.35115 STATE:IDLE
[2026-05-16 07:34:01Z] CHK MOM:-0.08% RANGE:0.08% UP:6.25% SPREAD:0.02849002% BID:0.351 ASK:0.3511 MID:0.35105 P1:0.35105 P2:0.35105 P3:0.35105 P4:0.35105 STATE:IDLE
[2026-05-16 07:34:01Z] CHK MOM:-0.08% RANGE:0.08% UP:6.25% SPREAD:0.02849002% BID:0.351 ASK:0.3511 MID:0.35105 P1:0.35105 P2:0.35105 P3:0.35105 P4:0.35105 STATE:IDLE
[2026-05-16 07:34:02Z] CHK MOM:-0.08% RANGE:0.08% UP:6.66% SPREAD:0.02849002% BID:0.351 ASK:0.3511 MID:0.35105 P1:0.35105 P2:0.35105 P3:0.35105 P4:0.35105 STATE:IDLE
[2026-05-16 07:34:02Z] CHK MOM:-0.08% RANGE:0.08% UP:6.66% SPREAD:0.02849002% BID:0.351 ASK:0.3511 MID:0.35105 P1:0.35105 P2:0.35105 P3:0.35105 P4:0.35105 STATE:IDLE
[2026-05-16 07:34:03Z] CHK MOM:-0.08% RANGE:0.08% UP:6.66% SPREAD:0.02849002% BID:0.351 ASK:0.3511 MID:0.35105 P1:0.35105 P2:0.35105 P3:0.35105 P4:0.35105 STATE:IDLE
[2026-05-16 07:34:03Z] TOKEN_SWITCH old=TRXUSDC new=AVAXUSDC source=.service.env
