[2026-05-11 21:20:32Z] SESSION_START symbol=UNIUSDC dry_run=0 profile=major strategy=momentum base_url=https://api.binance.com
[2026-05-11 21:20:32Z] TOXIC_MEMORY_LOADED count=4 symbols=GUNUSDC,JTOUSDC,ORDIUSDC,SAHARAUSDC
[2026-05-11 21:20:34Z] CHK MOM:0% RANGE:0% UP:0% SPREAD:0.02562131% BID:3.903 ASK:3.904 MID:3.9035 P1:3.9035 P2:NA P3:NA P4:NA STATE:IDLE
[2026-05-11 21:20:34Z] CHK MOM:0% RANGE:0% UP:0% SPREAD:0.02562131% BID:3.903 ASK:3.904 MID:3.9035 P1:3.9035 P2:3.9035 P3:NA P4:NA STATE:IDLE
[2026-05-11 21:20:35Z] CHK MOM:0% RANGE:0% UP:0% SPREAD:0.02562131% BID:3.903 ASK:3.904 MID:3.9035 P1:3.9035 P2:3.9035 P3:NA P4:NA STATE:IDLE
[2026-05-11 21:20:35Z] CHK MOM:0% RANGE:0% UP:0% SPREAD:0.02562131% BID:3.903 ASK:3.904 MID:3.9035 P1:3.9035 P2:3.9035 P3:NA P4:NA STATE:IDLE
[2026-05-11 21:20:36Z] CHK MOM:0% RANGE:0% UP:0% SPREAD:0.02562131% BID:3.903 ASK:3.904 MID:3.9035 P1:3.9035 P2:3.9035 P3:NA P4:NA STATE:IDLE
[2026-05-11 21:20:36Z] CHK MOM:0% RANGE:0% UP:0% SPREAD:0.02562131% BID:3.903 ASK:3.904 MID:3.9035 P1:3.9035 P2:3.9035 P3:NA P4:NA STATE:IDLE
[2026-05-11 21:20:43Z] CHK MOM:0% RANGE:0% UP:0% SPREAD:0.02562131% BID:3.903 ASK:3.904 MID:3.9035 P1:3.9035 P2:3.9035 P3:3.9035 P4:NA STATE:IDLE
[2026-05-11 21:20:43Z] CHK MOM:0% RANGE:0% UP:0% SPREAD:0.02562131% BID:3.903 ASK:3.904 MID:3.9035 P1:3.9035 P2:3.9035 P3:3.9035 P4:NA STATE:IDLE
[2026-05-11 21:20:44Z] CHK MOM:0% RANGE:0% UP:0% SPREAD:0.02562131% BID:3.903 ASK:3.904 MID:3.9035 P1:3.9035 P2:3.9035 P3:3.9035 P4:NA STATE:IDLE
[2026-05-11 21:20:44Z] CHK MOM:0% RANGE:0% UP:0% SPREAD:0.02562131% BID:3.903 ASK:3.904 MID:3.9035 P1:3.9035 P2:3.9035 P3:3.9035 P4:NA STATE:IDLE
[2026-05-11 21:20:45Z] CHK MOM:0% RANGE:0% UP:0% SPREAD:0.02562131% BID:3.903 ASK:3.904 MID:3.9035 P1:3.9035 P2:3.9035 P3:3.9035 P4:NA STATE:IDLE
[2026-05-11 21:20:46Z] CHK MOM:0% RANGE:0% UP:0% SPREAD:0.02562131% BID:3.903 ASK:3.904 MID:3.9035 P1:3.9035 P2:3.9035 P3:3.9035 P4:3.9035 STATE:IDLE
[2026-05-11 21:20:47Z] CHK MOM:0% RANGE:0% UP:0% SPREAD:0.02562131% BID:3.903 ASK:3.904 MID:3.9035 P1:3.9035 P2:3.9035 P3:3.9035 P4:3.9035 STATE:IDLE
[2026-05-11 21:20:47Z] CHK MOM:0% RANGE:0% UP:0% SPREAD:0.02562131% BID:3.903 ASK:3.904 MID:3.9035 P1:3.9035 P2:3.9035 P3:3.9035 P4:3.9035 STATE:IDLE
[2026-05-11 21:20:48Z] CHK MOM:0% RANGE:0% UP:0% SPREAD:0.02562131% BID:3.903 ASK:3.904 MID:3.9035 P1:3.9035 P2:3.9035 P3:3.9035 P4:3.9035 STATE:IDLE
[2026-05-11 21:20:49Z] CHK MOM:0% RANGE:0% UP:0% SPREAD:0.02562131% BID:3.903 ASK:3.904 MID:3.9035 P1:3.9035 P2:3.9035 P3:3.9035 P4:3.9035 STATE:IDLE
[2026-05-11 21:20:52Z] CHK MOM:0% RANGE:0% UP:0% SPREAD:0.02562131% BID:3.903 ASK:3.904 MID:3.9035 P1:3.9035 P2:3.9035 P3:3.9035 P4:3.9035 STATE:IDLE
[2026-05-11 21:20:52Z] CHK MOM:0% RANGE:0% UP:0% SPREAD:0.02562131% BID:3.903 ASK:3.904 MID:3.9035 P1:3.9035 P2:3.9035 P3:3.9035 P4:3.9035 STATE:IDLE
[2026-05-11 21:20:53Z] CHK MOM:0% RANGE:0% UP:0% SPREAD:0.02562131% BID:3.903 ASK:3.904 MID:3.9035 P1:3.9035 P2:3.9035 P3:3.9035 P4:3.9035 STATE:IDLE
[2026-05-11 21:20:54Z] CHK MOM:0% RANGE:0% UP:0% SPREAD:0.02562131% BID:3.903 ASK:3.904 MID:3.9035 P1:3.9035 P2:3.9035 P3:3.9035 P4:3.9035 STATE:IDLE
[2026-05-11 21:20:54Z] CHK MOM:0% RANGE:0% UP:0% SPREAD:0.02562131% BID:3.903 ASK:3.904 MID:3.9035 P1:3.9035 P2:3.9035 P3:3.9035 P4:3.9035 STATE:IDLE
[2026-05-11 21:20:55Z] CHK MOM:0% RANGE:0% UP:0% SPREAD:0.02562131% BID:3.903 ASK:3.904 MID:3.9035 P1:3.9035 P2:3.9035 P3:3.9035 P4:3.9035 STATE:IDLE
[2026-05-11 21:20:55Z] CHK MOM:0% RANGE:0% UP:0% SPREAD:0.02562131% BID:3.903 ASK:3.904 MID:3.9035 P1:3.9035 P2:3.9035 P3:3.9035 P4:3.9035 STATE:IDLE
[2026-05-11 21:20:58Z] CHK MOM:0% RANGE:0% UP:0% SPREAD:0.02562131% BID:3.903 ASK:3.904 MID:3.9035 P1:3.9035 P2:3.9035 P3:3.9035 P4:3.9035 STATE:IDLE
[2026-05-11 21:20:59Z] CHK MOM:0% RANGE:0% UP:0% SPREAD:0.02562131% BID:3.903 ASK:3.904 MID:3.9035 P1:3.9035 P2:3.9035 P3:3.9035 P4:3.9035 STATE:IDLE
[2026-05-11 21:21:00Z] CHK MOM:0% RANGE:0% UP:0% SPREAD:0.02562131% BID:3.903 ASK:3.904 MID:3.9035 P1:3.9035 P2:3.9035 P3:3.9035 P4:3.9035 STATE:IDLE
[2026-05-11 21:21:00Z] CHK MOM:0% RANGE:0% UP:0% SPREAD:0.02562131% BID:3.903 ASK:3.904 MID:3.9035 P1:3.9035 P2:3.9035 P3:3.9035 P4:3.9035 STATE:IDLE
[2026-05-11 21:21:01Z] CHK MOM:0% RANGE:0% UP:0% SPREAD:0.02562131% BID:3.903 ASK:3.904 MID:3.9035 P1:3.9035 P2:3.9035 P3:3.9035 P4:3.9035 STATE:IDLE
[2026-05-11 21:21:01Z] CHK MOM:0% RANGE:0% UP:0% SPREAD:0.02562131% BID:3.903 ASK:3.904 MID:3.9035 P1:3.9035 P2:3.9035 P3:3.9035 P4:3.9035 STATE:IDLE
[2026-05-11 21:21:02Z] CHK MOM:0% RANGE:0% UP:0% SPREAD:0.02562131% BID:3.903 ASK:3.904 MID:3.9035 P1:3.9035 P2:3.9035 P3:3.9035 P4:3.9035 STATE:IDLE
[2026-05-11 21:21:02Z] CHK MOM:0% RANGE:0% UP:0% SPREAD:0.02562131% BID:3.903 ASK:3.904 MID:3.9035 P1:3.9035 P2:3.9035 P3:3.9035 P4:3.9035 STATE:IDLE
[2026-05-11 21:21:03Z] CHK MOM:0% RANGE:0% UP:0% SPREAD:0.02562131% BID:3.903 ASK:3.904 MID:3.9035 P1:3.9035 P2:3.9035 P3:3.9035 P4:3.9035 STATE:IDLE
[2026-05-11 21:21:03Z] CHK MOM:0% RANGE:0% UP:0% SPREAD:0.02562131% BID:3.903 ASK:3.904 MID:3.9035 P1:3.9035 P2:3.9035 P3:3.9035 P4:3.9035 STATE:IDLE
[2026-05-11 21:21:04Z] CHK MOM:0% RANGE:0% UP:0% SPREAD:0.02562131% BID:3.903 ASK:3.904 MID:3.9035 P1:3.9035 P2:3.9035 P3:3.9035 P4:3.9035 STATE:IDLE
[2026-05-11 21:21:04Z] CHK MOM:0% RANGE:0% UP:0% SPREAD:0.02562131% BID:3.903 ASK:3.904 MID:3.9035 P1:3.9035 P2:3.9035 P3:3.9035 P4:3.9035 STATE:IDLE
[2026-05-11 21:21:05Z] CHK MOM:0% RANGE:0% UP:0% SPREAD:0.02562131% BID:3.903 ASK:3.904 MID:3.9035 P1:3.9035 P2:3.9035 P3:3.9035 P4:3.9035 STATE:IDLE
[2026-05-11 21:21:05Z] CHK MOM:0% RANGE:0% UP:0% SPREAD:0.02562131% BID:3.903 ASK:3.904 MID:3.9035 P1:3.9035 P2:3.9035 P3:3.9035 P4:3.9035 STATE:IDLE
[2026-05-11 21:21:06Z] CHK MOM:0% RANGE:0% UP:0% SPREAD:0.02562131% BID:3.903 ASK:3.904 MID:3.9035 P1:3.9035 P2:3.9035 P3:3.9035 P4:3.9035 STATE:IDLE
[2026-05-11 21:21:12Z] CHK MOM:0.02% RANGE:0.02% UP:33.33% SPREAD:0.02561475% BID:3.904 ASK:3.905 MID:3.90449999 P1:3.90449999 P2:3.9035 P3:3.9035 P4:3.9035 STATE:IDLE
[2026-05-11 21:21:13Z] CHK MOM:0.02% RANGE:0.02% UP:25% SPREAD:0.02561475% BID:3.904 ASK:3.905 MID:3.90449999 P1:3.90449999 P2:3.90449999 P3:3.9035 P4:3.9035 STATE:IDLE
[2026-05-11 21:21:13Z] CHK MOM:0.02% RANGE:0.02% UP:25% SPREAD:0.02561475% BID:3.904 ASK:3.905 MID:3.90449999 P1:3.90449999 P2:3.90449999 P3:3.9035 P4:3.9035 STATE:IDLE
[2026-05-11 21:21:14Z] CHK MOM:0.02% RANGE:0.02% UP:25% SPREAD:0.02561475% BID:3.904 ASK:3.905 MID:3.90449999 P1:3.90449999 P2:3.90449999 P3:3.9035 P4:3.9035 STATE:IDLE
[2026-05-11 21:21:14Z] CHK MOM:0.02% RANGE:0.02% UP:25% SPREAD:0.02561475% BID:3.904 ASK:3.905 MID:3.90449999 P1:3.90449999 P2:3.90449999 P3:3.9035 P4:3.9035 STATE:IDLE
[2026-05-11 21:21:15Z] CHK MOM:0.02% RANGE:0.02% UP:25% SPREAD:0.02561475% BID:3.904 ASK:3.905 MID:3.90449999 P1:3.90449999 P2:3.90449999 P3:3.9035 P4:3.9035 STATE:IDLE
[2026-05-11 21:21:16Z] CHK MOM:0% RANGE:0% UP:0% SPREAD:0.02561475% BID:3.904 ASK:3.905 MID:3.90449999 P1:3.90449999 P2:3.90449999 P3:3.90449999 P4:3.9035 STATE:IDLE
[2026-05-11 21:21:17Z] CHK MOM:0% RANGE:0% UP:0% SPREAD:0.02561475% BID:3.904 ASK:3.905 MID:3.90449999 P1:3.90449999 P2:3.90449999 P3:3.90449999 P4:3.9035 STATE:IDLE
[2026-05-11 21:21:18Z] CHK MOM:0% RANGE:0% UP:0% SPREAD:0.02561475% BID:3.904 ASK:3.905 MID:3.90449999 P1:3.90449999 P2:3.90449999 P3:3.90449999 P4:3.9035 STATE:IDLE
[2026-05-11 21:21:18Z] CHK MOM:-0.02% RANGE:0.02% UP:0% SPREAD:0.02562131% BID:3.903 ASK:3.904 MID:3.9035 P1:3.9035 P2:3.90449999 P3:3.90449999 P4:3.90449999 STATE:IDLE
[2026-05-11 21:21:19Z] CHK MOM:-0.02% RANGE:0.02% UP:0% SPREAD:0.02562131% BID:3.903 ASK:3.904 MID:3.9035 P1:3.9035 P2:3.9035 P3:3.90449999 P4:3.90449999 STATE:IDLE
[2026-05-11 21:21:19Z] CHK MOM:-0.02% RANGE:0.02% UP:0% SPREAD:0.02562131% BID:3.903 ASK:3.904 MID:3.9035 P1:3.9035 P2:3.9035 P3:3.9035 P4:3.90449999 STATE:IDLE
[2026-05-11 21:21:20Z] CHK MOM:-0.02% RANGE:0.02% UP:0% SPREAD:0.02562131% BID:3.903 ASK:3.904 MID:3.9035 P1:3.9035 P2:3.9035 P3:3.9035 P4:3.90449999 STATE:IDLE
[2026-05-11 21:21:20Z] CHK MOM:-0.02% RANGE:0.02% UP:0% SPREAD:0.02562131% BID:3.903 ASK:3.904 MID:3.9035 P1:3.9035 P2:3.9035 P3:3.9035 P4:3.90449999 STATE:IDLE
[2026-05-11 21:21:21Z] CHK MOM:-0.02% RANGE:0.02% UP:0% SPREAD:0.02562131% BID:3.903 ASK:3.904 MID:3.9035 P1:3.9035 P2:3.9035 P3:3.9035 P4:3.90449999 STATE:IDLE
[2026-05-11 21:21:21Z] CHK MOM:-0.02% RANGE:0.02% UP:0% SPREAD:0.02562131% BID:3.903 ASK:3.904 MID:3.9035 P1:3.9035 P2:3.9035 P3:3.9035 P4:3.90449999 STATE:IDLE
[2026-05-11 21:21:22Z] CHK MOM:-0.02% RANGE:0.02% UP:0% SPREAD:0.02562131% BID:3.903 ASK:3.904 MID:3.9035 P1:3.9035 P2:3.9035 P3:3.9035 P4:3.90449999 STATE:IDLE
[2026-05-11 21:21:23Z] CHK MOM:-0.02% RANGE:0.02% UP:0% SPREAD:0.02562131% BID:3.903 ASK:3.904 MID:3.9035 P1:3.9035 P2:3.9035 P3:3.9035 P4:3.9035 STATE:IDLE
[2026-05-11 21:21:24Z] CHK MOM:-0.02% RANGE:0.02% UP:0% SPREAD:0.02562131% BID:3.903 ASK:3.904 MID:3.9035 P1:3.9035 P2:3.9035 P3:3.9035 P4:3.9035 STATE:IDLE
[2026-05-11 21:21:24Z] CHK MOM:-0.02% RANGE:0.02% UP:0% SPREAD:0.02562131% BID:3.903 ASK:3.904 MID:3.9035 P1:3.9035 P2:3.9035 P3:3.9035 P4:3.9035 STATE:IDLE
[2026-05-11 21:21:25Z] CHK MOM:-0.02% RANGE:0.02% UP:0% SPREAD:0.02562131% BID:3.903 ASK:3.904 MID:3.9035 P1:3.9035 P2:3.9035 P3:3.9035 P4:3.9035 STATE:IDLE
[2026-05-11 21:21:25Z] CHK MOM:-0.02% RANGE:0.02% UP:0% SPREAD:0.02562131% BID:3.903 ASK:3.904 MID:3.9035 P1:3.9035 P2:3.9035 P3:3.9035 P4:3.9035 STATE:IDLE
[2026-05-11 21:21:26Z] CHK MOM:-0.02% RANGE:0.02% UP:0% SPREAD:0.02562131% BID:3.903 ASK:3.904 MID:3.9035 P1:3.9035 P2:3.9035 P3:3.9035 P4:3.9035 STATE:IDLE
[2026-05-11 21:21:26Z] CHK MOM:-0.02% RANGE:0.02% UP:0% SPREAD:0.02562131% BID:3.903 ASK:3.904 MID:3.9035 P1:3.9035 P2:3.9035 P3:3.9035 P4:3.9035 STATE:IDLE
[2026-05-11 21:21:27Z] CHK MOM:-0.02% RANGE:0.02% UP:0% SPREAD:0.02562131% BID:3.903 ASK:3.904 MID:3.9035 P1:3.9035 P2:3.9035 P3:3.9035 P4:3.9035 STATE:IDLE
[2026-05-11 21:21:27Z] CHK MOM:0% RANGE:0.02% UP:14.28% SPREAD:0.07686395% BID:3.903 ASK:3.906 MID:3.9045 P1:3.9045 P2:3.9035 P3:3.9035 P4:3.9035 STATE:IDLE
[2026-05-11 21:21:28Z] CHK MOM:0% RANGE:0.02% UP:14.28% SPREAD:0.07686395% BID:3.903 ASK:3.906 MID:3.9045 P1:3.9045 P2:3.9035 P3:3.9035 P4:3.9035 STATE:IDLE
[2026-05-11 21:21:29Z] CHK MOM:0.02% RANGE:0.05% UP:25% SPREAD:0.02560819% BID:3.905 ASK:3.906 MID:3.9055 P1:3.9055 P2:3.9045 P3:3.9035 P4:3.9035 STATE:IDLE
[2026-05-11 21:21:29Z] CHK MOM:0.05% RANGE:0.05% UP:25% SPREAD:0.02560819% BID:3.905 ASK:3.906 MID:3.9055 P1:3.9055 P2:3.9055 P3:3.9045 P4:3.9035 STATE:IDLE
[2026-05-11 21:21:30Z] CHK MOM:0.05% RANGE:0.05% UP:22.22% SPREAD:0.02560819% BID:3.905 ASK:3.906 MID:3.9055 P1:3.9055 P2:3.9055 P3:3.9055 P4:3.9045 STATE:IDLE
[2026-05-11 21:21:30Z] CHK MOM:0.05% RANGE:0.05% UP:22.22% SPREAD:0.02560819% BID:3.905 ASK:3.906 MID:3.9055 P1:3.9055 P2:3.9055 P3:3.9055 P4:3.9045 STATE:IDLE
[2026-05-11 21:21:31Z] CHK MOM:0.05% RANGE:0.05% UP:22.22% SPREAD:0.02560819% BID:3.905 ASK:3.906 MID:3.9055 P1:3.9055 P2:3.9055 P3:3.9055 P4:3.9055 STATE:IDLE
[2026-05-11 21:21:31Z] CHK MOM:0.05% RANGE:0.05% UP:22.22% SPREAD:0.02560819% BID:3.905 ASK:3.906 MID:3.9055 P1:3.9055 P2:3.9055 P3:3.9055 P4:3.9055 STATE:IDLE
[2026-05-11 21:21:32Z] CHK MOM:0.05% RANGE:0.05% UP:22.22% SPREAD:0.02560819% BID:3.905 ASK:3.906 MID:3.9055 P1:3.9055 P2:3.9055 P3:3.9055 P4:3.9055 STATE:IDLE
[2026-05-11 21:21:32Z] CHK MOM:0.05% RANGE:0.05% UP:22.22% SPREAD:0.02560819% BID:3.905 ASK:3.906 MID:3.9055 P1:3.9055 P2:3.9055 P3:3.9055 P4:3.9055 STATE:IDLE
[2026-05-11 21:21:33Z] CHK MOM:0.05% RANGE:0.05% UP:22.22% SPREAD:0.02560819% BID:3.905 ASK:3.906 MID:3.9055 P1:3.9055 P2:3.9055 P3:3.9055 P4:3.9055 STATE:IDLE
[2026-05-11 21:21:33Z] CHK MOM:0.05% RANGE:0.05% UP:22.22% SPREAD:0.02560819% BID:3.905 ASK:3.906 MID:3.9055 P1:3.9055 P2:3.9055 P3:3.9055 P4:3.9055 STATE:IDLE
[2026-05-11 21:21:37Z] CHK MOM:0.05% RANGE:0.05% UP:33.33% SPREAD:0.02560819% BID:3.905 ASK:3.906 MID:3.9055 P1:3.9055 P2:3.9055 P3:3.9055 P4:3.9055 STATE:IDLE
[2026-05-11 21:21:38Z] CHK MOM:0.05% RANGE:0.05% UP:33.33% SPREAD:0.02560819% BID:3.905 ASK:3.906 MID:3.9055 P1:3.9055 P2:3.9055 P3:3.9055 P4:3.9055 STATE:IDLE
[2026-05-11 21:21:38Z] CHK MOM:0.05% RANGE:0.05% UP:33.33% SPREAD:0.02560819% BID:3.905 ASK:3.906 MID:3.9055 P1:3.9055 P2:3.9055 P3:3.9055 P4:3.9055 STATE:IDLE
[2026-05-11 21:21:39Z] CHK MOM:0.02% RANGE:0.02% UP:16.66% SPREAD:0.02560819% BID:3.905 ASK:3.906 MID:3.9055 P1:3.9055 P2:3.9055 P3:3.9055 P4:3.9055 STATE:IDLE
[2026-05-11 21:21:39Z] CHK MOM:0.02% RANGE:0.02% UP:16.66% SPREAD:0.02560819% BID:3.905 ASK:3.906 MID:3.9055 P1:3.9055 P2:3.9055 P3:3.9055 P4:3.9055 STATE:IDLE
[2026-05-11 21:21:40Z] CHK MOM:0% RANGE:0% UP:0% SPREAD:0.02560819% BID:3.905 ASK:3.906 MID:3.9055 P1:3.9055 P2:3.9055 P3:3.9055 P4:3.9055 STATE:IDLE
[2026-05-11 21:21:40Z] CHK MOM:0% RANGE:0% UP:0% SPREAD:0.02560819% BID:3.905 ASK:3.906 MID:3.9055 P1:3.9055 P2:3.9055 P3:3.9055 P4:3.9055 STATE:IDLE
[2026-05-11 21:21:41Z] CHK MOM:0% RANGE:0% UP:0% SPREAD:0.02560819% BID:3.905 ASK:3.906 MID:3.9055 P1:3.9055 P2:3.9055 P3:3.9055 P4:3.9055 STATE:IDLE
[2026-05-11 21:21:41Z] CHK MOM:0% RANGE:0% UP:0% SPREAD:0.02560819% BID:3.905 ASK:3.906 MID:3.9055 P1:3.9055 P2:3.9055 P3:3.9055 P4:3.9055 STATE:IDLE
[2026-05-11 21:21:42Z] CHK MOM:0% RANGE:0% UP:0% SPREAD:0.02560819% BID:3.905 ASK:3.906 MID:3.9055 P1:3.9055 P2:3.9055 P3:3.9055 P4:3.9055 STATE:IDLE
[2026-05-11 21:21:43Z] CHK MOM:0% RANGE:0% UP:0% SPREAD:0.02560819% BID:3.905 ASK:3.906 MID:3.9055 P1:3.9055 P2:3.9055 P3:3.9055 P4:3.9055 STATE:IDLE
[2026-05-11 21:22:00Z] CHK MOM:0% RANGE:0% UP:0% SPREAD:0.05121638% BID:3.905 ASK:3.907 MID:3.90599999 P1:3.90599999 P2:3.9055 P3:3.9055 P4:3.9055 STATE:IDLE
[2026-05-11 21:22:00Z] CHK MOM:0.01% RANGE:0.01% UP:100% SPREAD:0.02560163% BID:3.906 ASK:3.907 MID:3.9065 P1:3.9065 P2:3.90599999 P3:3.9055 P4:3.9055 STATE:IDLE
[2026-05-11 21:22:01Z] CHK MOM:0.03% RANGE:0.03% UP:100% SPREAD:0.02559508% BID:3.907 ASK:3.908 MID:3.90749999 P1:3.90749999 P2:3.9065 P3:3.90599999 P4:3.9055 STATE:IDLE
[2026-05-11 21:22:01Z] CHK MOM:0.03% RANGE:0.03% UP:66.66% SPREAD:0.02559508% BID:3.907 ASK:3.908 MID:3.90749999 P1:3.90749999 P2:3.90749999 P3:3.9065 P4:3.90599999 STATE:IDLE
[2026-05-11 21:22:02Z] CHK MOM:0.03% RANGE:0.03% UP:66.66% SPREAD:0.02559508% BID:3.907 ASK:3.908 MID:3.90749999 P1:3.90749999 P2:3.90749999 P3:3.9065 P4:3.90599999 STATE:IDLE
[2026-05-11 21:22:02Z] CHK MOM:0.03% RANGE:0.03% UP:66.66% SPREAD:0.02559508% BID:3.907 ASK:3.908 MID:3.90749999 P1:3.90749999 P2:3.90749999 P3:3.9065 P4:3.90599999 STATE:IDLE
[2026-05-11 21:22:03Z] CHK MOM:0.03% RANGE:0.03% UP:66.66% SPREAD:0.02559508% BID:3.907 ASK:3.908 MID:3.90749999 P1:3.90749999 P2:3.90749999 P3:3.9065 P4:3.90599999 STATE:IDLE
[2026-05-11 21:22:03Z] CHK MOM:0.03% RANGE:0.03% UP:50% SPREAD:0.02559508% BID:3.907 ASK:3.908 MID:3.90749999 P1:3.90749999 P2:3.90749999 P3:3.90749999 P4:3.9065 STATE:IDLE
[2026-05-11 21:22:04Z] CHK MOM:0.03% RANGE:0.03% UP:50% SPREAD:0.02559508% BID:3.907 ASK:3.908 MID:3.90749999 P1:3.90749999 P2:3.90749999 P3:3.90749999 P4:3.9065 STATE:IDLE
[2026-05-11 21:22:04Z] CHK MOM:0.03% RANGE:0.03% UP:50% SPREAD:0.02559508% BID:3.907 ASK:3.908 MID:3.90749999 P1:3.90749999 P2:3.90749999 P3:3.90749999 P4:3.9065 STATE:IDLE
[2026-05-11 21:22:05Z] CHK MOM:0.03% RANGE:0.03% UP:50% SPREAD:0.02559508% BID:3.907 ASK:3.908 MID:3.90749999 P1:3.90749999 P2:3.90749999 P3:3.90749999 P4:3.9065 STATE:IDLE
[2026-05-11 21:22:06Z] CHK MOM:0.03% RANGE:0.03% UP:50% SPREAD:0.02559508% BID:3.907 ASK:3.908 MID:3.90749999 P1:3.90749999 P2:3.90749999 P3:3.90749999 P4:3.9065 STATE:IDLE
[2026-05-11 21:22:19Z] CHK MOM:0% RANGE:0% UP:0% SPREAD:0.02559508% BID:3.907 ASK:3.908 MID:3.90749999 P1:3.90749999 P2:3.90749999 P3:3.90749999 P4:3.90749999 STATE:IDLE
[2026-05-11 21:22:19Z] CHK MOM:0.03% RANGE:0.03% UP:100% SPREAD:0.05117707% BID:3.908 ASK:3.91 MID:3.909 P1:3.909 P2:3.90749999 P3:3.90749999 P4:3.90749999 STATE:IDLE
[2026-05-11 21:22:20Z] CHK MOM:0.03% RANGE:0.03% UP:50% SPREAD:0.05117707% BID:3.908 ASK:3.91 MID:3.909 P1:3.909 P2:3.909 P3:3.90749999 P4:3.90749999 STATE:IDLE
[2026-05-11 21:22:20Z] CHK MOM:0% RANGE:0.03% UP:33.33% SPREAD:0.07680491% BID:3.906 ASK:3.909 MID:3.90749999 P1:3.90749999 P2:3.909 P3:3.909 P4:3.90749999 STATE:IDLE
[2026-05-11 21:22:21Z] CHK MOM:0% RANGE:0.03% UP:25% SPREAD:0.02559508% BID:3.907 ASK:3.908 MID:3.90749999 P1:3.90749999 P2:3.90749999 P3:3.909 P4:3.909 STATE:IDLE
[2026-05-11 21:22:21Z] CHK MOM:0% RANGE:0.03% UP:25% SPREAD:0.02559508% BID:3.907 ASK:3.908 MID:3.90749999 P1:3.90749999 P2:3.90749999 P3:3.909 P4:3.909 STATE:IDLE
[2026-05-11 21:22:22Z] CHK MOM:0% RANGE:0.03% UP:25% SPREAD:0.02559508% BID:3.907 ASK:3.908 MID:3.90749999 P1:3.90749999 P2:3.90749999 P3:3.909 P4:3.909 STATE:IDLE
[2026-05-11 21:22:22Z] CHK MOM:0% RANGE:0.03% UP:25% SPREAD:0.02559508% BID:3.907 ASK:3.908 MID:3.90749999 P1:3.90749999 P2:3.90749999 P3:3.909 P4:3.909 STATE:IDLE
[2026-05-11 21:22:23Z] CHK MOM:0% RANGE:0.03% UP:25% SPREAD:0.02559508% BID:3.907 ASK:3.908 MID:3.90749999 P1:3.90749999 P2:3.90749999 P3:3.909 P4:3.909 STATE:IDLE
[2026-05-11 21:22:23Z] CHK MOM:-0.01% RANGE:0.05% UP:20% SPREAD:0.05120327% BID:3.906 ASK:3.908 MID:3.907 P1:3.907 P2:3.90749999 P3:3.90749999 P4:3.909 STATE:IDLE
[2026-05-11 21:22:24Z] CHK MOM:0% RANGE:0.05% UP:33.33% SPREAD:0.07680491% BID:3.906 ASK:3.909 MID:3.90749999 P1:3.90749999 P2:3.907 P3:3.90749999 P4:3.90749999 STATE:IDLE
[2026-05-11 21:22:25Z] CHK MOM:0.01% RANGE:0.05% UP:42.85% SPREAD:0.05119017% BID:3.907 ASK:3.909 MID:3.908 P1:3.908 P2:3.90749999 P3:3.907 P4:3.90749999 STATE:IDLE
[2026-05-11 21:22:25Z] CHK MOM:0.01% RANGE:0.05% UP:42.85% SPREAD:0.05119017% BID:3.907 ASK:3.909 MID:3.908 P1:3.908 P2:3.90749999 P3:3.907 P4:3.90749999 STATE:IDLE
[2026-05-11 21:22:26Z] CHK MOM:0.01% RANGE:0.05% UP:42.85% SPREAD:0.05119017% BID:3.907 ASK:3.909 MID:3.908 P1:3.908 P2:3.90749999 P3:3.907 P4:3.90749999 STATE:IDLE
[2026-05-11 21:22:26Z] CHK MOM:0.01% RANGE:0.05% UP:42.85% SPREAD:0.05119017% BID:3.907 ASK:3.909 MID:3.908 P1:3.908 P2:3.90749999 P3:3.907 P4:3.90749999 STATE:IDLE
[2026-05-11 21:22:27Z] CHK MOM:0.01% RANGE:0.05% UP:37.5% SPREAD:0.05119017% BID:3.907 ASK:3.909 MID:3.908 P1:3.908 P2:3.908 P3:3.90749999 P4:3.907 STATE:IDLE
[2026-05-11 21:22:27Z] CHK MOM:0.01% RANGE:0.05% UP:37.5% SPREAD:0.05119017% BID:3.907 ASK:3.909 MID:3.908 P1:3.908 P2:3.908 P3:3.90749999 P4:3.907 STATE:IDLE
[2026-05-11 21:22:28Z] CHK MOM:0.01% RANGE:0.05% UP:33.33% SPREAD:0.05119017% BID:3.907 ASK:3.909 MID:3.908 P1:3.908 P2:3.908 P3:3.908 P4:3.90749999 STATE:IDLE
[2026-05-11 21:22:28Z] CHK MOM:0.01% RANGE:0.05% UP:33.33% SPREAD:0.05119017% BID:3.907 ASK:3.909 MID:3.908 P1:3.908 P2:3.908 P3:3.908 P4:3.90749999 STATE:IDLE
[2026-05-11 21:22:29Z] CHK MOM:0.01% RANGE:0.05% UP:33.33% SPREAD:0.05119017% BID:3.907 ASK:3.909 MID:3.908 P1:3.908 P2:3.908 P3:3.908 P4:3.90749999 STATE:IDLE
[2026-05-11 21:22:30Z] CHK MOM:0.01% RANGE:0.05% UP:33.33% SPREAD:0.05119017% BID:3.907 ASK:3.909 MID:3.908 P1:3.908 P2:3.908 P3:3.908 P4:3.90749999 STATE:IDLE
[2026-05-11 21:22:30Z] CHK MOM:-0.02% RANGE:0.05% UP:22.22% SPREAD:0.05119017% BID:3.907 ASK:3.909 MID:3.908 P1:3.908 P2:3.908 P3:3.908 P4:3.908 STATE:IDLE
[2026-05-11 21:22:31Z] CHK MOM:-0.03% RANGE:0.05% UP:20% SPREAD:0.02559508% BID:3.907 ASK:3.908 MID:3.90749999 P1:3.90749999 P2:3.908 P3:3.908 P4:3.908 STATE:IDLE
[2026-05-11 21:22:31Z] CHK MOM:-0.03% RANGE:0.05% UP:20% SPREAD:0.02559508% BID:3.907 ASK:3.908 MID:3.90749999 P1:3.90749999 P2:3.908 P3:3.908 P4:3.908 STATE:IDLE
[2026-05-11 21:22:32Z] CHK MOM:-0.03% RANGE:0.05% UP:20% SPREAD:0.02559508% BID:3.907 ASK:3.908 MID:3.90749999 P1:3.90749999 P2:3.908 P3:3.908 P4:3.908 STATE:IDLE
[2026-05-11 21:22:32Z] CHK MOM:-0.03% RANGE:0.05% UP:20% SPREAD:0.02559508% BID:3.907 ASK:3.908 MID:3.90749999 P1:3.90749999 P2:3.908 P3:3.908 P4:3.908 STATE:IDLE
[2026-05-11 21:22:33Z] CHK MOM:-0.03% RANGE:0.05% UP:20% SPREAD:0.02559508% BID:3.907 ASK:3.908 MID:3.90749999 P1:3.90749999 P2:3.908 P3:3.908 P4:3.908 STATE:IDLE
[2026-05-11 21:22:33Z] CHK MOM:-0.03% RANGE:0.05% UP:20% SPREAD:0.02559508% BID:3.907 ASK:3.908 MID:3.90749999 P1:3.90749999 P2:3.908 P3:3.908 P4:3.908 STATE:IDLE
[2026-05-11 21:22:50Z] CHK MOM:0% RANGE:0% UP:0% SPREAD:0.02561475% BID:3.904 ASK:3.905 MID:3.90449999 P1:3.90449999 P2:3.90749999 P3:3.908 P4:3.908 STATE:IDLE
[2026-05-11 21:22:51Z] CHK MOM:0% RANGE:0% UP:0% SPREAD:0.02561475% BID:3.904 ASK:3.905 MID:3.90449999 P1:3.90449999 P2:3.90749999 P3:3.908 P4:3.908 STATE:IDLE
[2026-05-11 21:22:51Z] CHK MOM:0% RANGE:0% UP:0% SPREAD:0.02561475% BID:3.904 ASK:3.905 MID:3.90449999 P1:3.90449999 P2:3.90749999 P3:3.908 P4:3.908 STATE:IDLE
[2026-05-11 21:22:52Z] CHK MOM:0% RANGE:0% UP:0% SPREAD:0.02561475% BID:3.904 ASK:3.905 MID:3.90449999 P1:3.90449999 P2:3.90749999 P3:3.908 P4:3.908 STATE:IDLE
[2026-05-11 21:22:52Z] CHK MOM:0% RANGE:0% UP:0% SPREAD:0.02561475% BID:3.904 ASK:3.905 MID:3.90449999 P1:3.90449999 P2:3.90749999 P3:3.908 P4:3.908 STATE:IDLE
[2026-05-11 21:22:53Z] CHK MOM:0% RANGE:0% UP:0% SPREAD:0.02561475% BID:3.904 ASK:3.905 MID:3.90449999 P1:3.90449999 P2:3.90449999 P3:3.90749999 P4:3.908 STATE:IDLE
[2026-05-11 21:22:54Z] CHK MOM:0% RANGE:0% UP:0% SPREAD:0.02561475% BID:3.904 ASK:3.905 MID:3.90449999 P1:3.90449999 P2:3.90449999 P3:3.90749999 P4:3.908 STATE:IDLE
[2026-05-11 21:22:54Z] CHK MOM:0% RANGE:0% UP:0% SPREAD:0.02561475% BID:3.904 ASK:3.905 MID:3.90449999 P1:3.90449999 P2:3.90449999 P3:3.90749999 P4:3.908 STATE:IDLE
[2026-05-11 21:22:55Z] CHK MOM:-0.01% RANGE:0.01% UP:0% SPREAD:0.05124263% BID:3.903 ASK:3.905 MID:3.904 P1:3.904 P2:3.90449999 P3:3.90449999 P4:3.90749999 STATE:IDLE
[2026-05-11 21:22:56Z] CHK MOM:0% RANGE:0.01% UP:33.33% SPREAD:0.02561475% BID:3.904 ASK:3.905 MID:3.90449999 P1:3.90449999 P2:3.904 P3:3.90449999 P4:3.90449999 STATE:IDLE
[2026-05-11 21:22:56Z] CHK MOM:0% RANGE:0.01% UP:33.33% SPREAD:0.02561475% BID:3.904 ASK:3.905 MID:3.90449999 P1:3.90449999 P2:3.904 P3:3.90449999 P4:3.90449999 STATE:IDLE
[2026-05-11 21:22:57Z] CHK MOM:0% RANGE:0.01% UP:33.33% SPREAD:0.02561475% BID:3.904 ASK:3.905 MID:3.90449999 P1:3.90449999 P2:3.904 P3:3.90449999 P4:3.90449999 STATE:IDLE
[2026-05-11 21:22:57Z] CHK MOM:0% RANGE:0.01% UP:33.33% SPREAD:0.02561475% BID:3.904 ASK:3.905 MID:3.90449999 P1:3.90449999 P2:3.904 P3:3.90449999 P4:3.90449999 STATE:IDLE
[2026-05-11 21:22:58Z] CHK MOM:0% RANGE:0.01% UP:33.33% SPREAD:0.02561475% BID:3.904 ASK:3.905 MID:3.90449999 P1:3.90449999 P2:3.904 P3:3.90449999 P4:3.90449999 STATE:IDLE
[2026-05-11 21:23:04Z] CHK MOM:-0.02% RANGE:0.02% UP:33.33% SPREAD:0.07688364% BID:3.902 ASK:3.905 MID:3.9035 P1:3.9035 P2:3.90449999 P3:3.904 P4:3.90449999 STATE:IDLE
[2026-05-11 21:23:04Z] CHK MOM:-0.02% RANGE:0.02% UP:25% SPREAD:0.02562131% BID:3.903 ASK:3.904 MID:3.9035 P1:3.9035 P2:3.9035 P3:3.90449999 P4:3.904 STATE:IDLE
[2026-05-11 21:23:05Z] CHK MOM:-0.02% RANGE:0.02% UP:25% SPREAD:0.02562131% BID:3.903 ASK:3.904 MID:3.9035 P1:3.9035 P2:3.9035 P3:3.90449999 P4:3.904 STATE:IDLE
[2026-05-11 21:23:05Z] CHK MOM:-0.02% RANGE:0.02% UP:25% SPREAD:0.02562131% BID:3.903 ASK:3.904 MID:3.9035 P1:3.9035 P2:3.9035 P3:3.90449999 P4:3.904 STATE:IDLE
[2026-05-11 21:23:06Z] CHK MOM:-0.02% RANGE:0.02% UP:25% SPREAD:0.02562131% BID:3.903 ASK:3.904 MID:3.9035 P1:3.9035 P2:3.9035 P3:3.90449999 P4:3.904 STATE:IDLE
[2026-05-11 21:23:06Z] CHK MOM:-0.01% RANGE:0.02% UP:25% SPREAD:0.02562131% BID:3.903 ASK:3.904 MID:3.9035 P1:3.9035 P2:3.9035 P3:3.9035 P4:3.90449999 STATE:IDLE
[2026-05-11 21:23:07Z] CHK MOM:-0.01% RANGE:0.02% UP:25% SPREAD:0.02562131% BID:3.903 ASK:3.904 MID:3.9035 P1:3.9035 P2:3.9035 P3:3.9035 P4:3.90449999 STATE:IDLE
[2026-05-11 21:23:07Z] CHK MOM:-0.01% RANGE:0.02% UP:25% SPREAD:0.02562131% BID:3.903 ASK:3.904 MID:3.9035 P1:3.9035 P2:3.9035 P3:3.9035 P4:3.90449999 STATE:IDLE
[2026-05-11 21:23:08Z] CHK MOM:-0.01% RANGE:0.02% UP:25% SPREAD:0.02562131% BID:3.903 ASK:3.904 MID:3.9035 P1:3.9035 P2:3.9035 P3:3.9035 P4:3.90449999 STATE:IDLE
[2026-05-11 21:23:08Z] CHK MOM:-0.01% RANGE:0.02% UP:25% SPREAD:0.02562131% BID:3.903 ASK:3.904 MID:3.9035 P1:3.9035 P2:3.9035 P3:3.9035 P4:3.90449999 STATE:IDLE
[2026-05-11 21:23:09Z] CHK MOM:-0.01% RANGE:0.02% UP:25% SPREAD:0.02562131% BID:3.903 ASK:3.904 MID:3.9035 P1:3.9035 P2:3.9035 P3:3.9035 P4:3.90449999 STATE:IDLE
[2026-05-11 21:23:10Z] CHK MOM:0.02% RANGE:0.02% UP:33.33% SPREAD:0.07686395% BID:3.903 ASK:3.906 MID:3.9045 P1:3.9045 P2:3.9035 P3:3.9035 P4:3.9035 STATE:IDLE
[2026-05-11 21:23:11Z] CHK MOM:0.05% RANGE:0.05% UP:50% SPREAD:0.02560819% BID:3.905 ASK:3.906 MID:3.9055 P1:3.9055 P2:3.9045 P3:3.9035 P4:3.9035 STATE:IDLE
[2026-05-11 21:23:11Z] CHK MOM:0.05% RANGE:0.05% UP:50% SPREAD:0.02560819% BID:3.905 ASK:3.906 MID:3.9055 P1:3.9055 P2:3.9045 P3:3.9035 P4:3.9035 STATE:IDLE
[2026-05-11 21:23:12Z] CHK MOM:0.05% RANGE:0.05% UP:50% SPREAD:0.02560819% BID:3.905 ASK:3.906 MID:3.9055 P1:3.9055 P2:3.9045 P3:3.9035 P4:3.9035 STATE:IDLE
[2026-05-11 21:23:12Z] CHK MOM:0.05% RANGE:0.05% UP:40% SPREAD:0.02560819% BID:3.905 ASK:3.906 MID:3.9055 P1:3.9055 P2:3.9055 P3:3.9045 P4:3.9035 STATE:IDLE
[2026-05-11 21:23:13Z] CHK MOM:0.05% RANGE:0.05% UP:40% SPREAD:0.02560819% BID:3.905 ASK:3.906 MID:3.9055 P1:3.9055 P2:3.9055 P3:3.9045 P4:3.9035 STATE:IDLE
[2026-05-11 21:23:13Z] CHK MOM:0.05% RANGE:0.05% UP:40% SPREAD:0.02560819% BID:3.905 ASK:3.906 MID:3.9055 P1:3.9055 P2:3.9055 P3:3.9045 P4:3.9035 STATE:IDLE
[2026-05-11 21:23:14Z] CHK MOM:0.05% RANGE:0.05% UP:40% SPREAD:0.02560819% BID:3.905 ASK:3.906 MID:3.9055 P1:3.9055 P2:3.9055 P3:3.9045 P4:3.9035 STATE:IDLE
[2026-05-11 21:23:15Z] CHK MOM:0.05% RANGE:0.05% UP:40% SPREAD:0.02560819% BID:3.905 ASK:3.906 MID:3.9055 P1:3.9055 P2:3.9055 P3:3.9045 P4:3.9035 STATE:IDLE
[2026-05-11 21:23:18Z] CHK MOM:0.01% RANGE:0.02% UP:33.33% SPREAD:0.0512295% BID:3.904 ASK:3.906 MID:3.905 P1:3.905 P2:3.9055 P3:3.9055 P4:3.9045 STATE:IDLE
[2026-05-11 21:23:19Z] CHK MOM:0.02% RANGE:0.02% UP:50% SPREAD:0.02560819% BID:3.905 ASK:3.906 MID:3.9055 P1:3.9055 P2:3.905 P3:3.9055 P4:3.9055 STATE:IDLE
[2026-05-11 21:23:19Z] CHK MOM:0.02% RANGE:0.02% UP:50% SPREAD:0.02560819% BID:3.905 ASK:3.906 MID:3.9055 P1:3.9055 P2:3.905 P3:3.9055 P4:3.9055 STATE:IDLE
[2026-05-11 21:23:20Z] CHK MOM:0.02% RANGE:0.02% UP:50% SPREAD:0.02560819% BID:3.905 ASK:3.906 MID:3.9055 P1:3.9055 P2:3.905 P3:3.9055 P4:3.9055 STATE:IDLE
[2026-05-11 21:23:21Z] CHK MOM:0.02% RANGE:0.02% UP:40% SPREAD:0.02560819% BID:3.905 ASK:3.906 MID:3.9055 P1:3.9055 P2:3.9055 P3:3.905 P4:3.9055 STATE:IDLE
[2026-05-11 21:23:21Z] CHK MOM:0.02% RANGE:0.02% UP:40% SPREAD:0.02560819% BID:3.905 ASK:3.906 MID:3.9055 P1:3.9055 P2:3.9055 P3:3.905 P4:3.9055 STATE:IDLE
[2026-05-11 21:23:22Z] CHK MOM:0.02% RANGE:0.02% UP:40% SPREAD:0.02560819% BID:3.905 ASK:3.906 MID:3.9055 P1:3.9055 P2:3.9055 P3:3.905 P4:3.9055 STATE:IDLE
[2026-05-11 21:23:22Z] CHK MOM:0.02% RANGE:0.02% UP:40% SPREAD:0.02560819% BID:3.905 ASK:3.906 MID:3.9055 P1:3.9055 P2:3.9055 P3:3.905 P4:3.9055 STATE:IDLE
[2026-05-11 21:23:23Z] CHK MOM:0.02% RANGE:0.02% UP:40% SPREAD:0.02560819% BID:3.905 ASK:3.906 MID:3.9055 P1:3.9055 P2:3.9055 P3:3.905 P4:3.9055 STATE:IDLE
[2026-05-11 21:23:26Z] CHK MOM:0.01% RANGE:0.01% UP:33.33% SPREAD:0.02560819% BID:3.905 ASK:3.906 MID:3.9055 P1:3.9055 P2:3.9055 P3:3.9055 P4:3.905 STATE:IDLE
[2026-05-11 21:23:26Z] CHK MOM:0.01% RANGE:0.01% UP:33.33% SPREAD:0.02560819% BID:3.905 ASK:3.906 MID:3.9055 P1:3.9055 P2:3.9055 P3:3.9055 P4:3.905 STATE:IDLE
[2026-05-11 21:23:27Z] CHK MOM:0.01% RANGE:0.01% UP:25% SPREAD:0.02560819% BID:3.905 ASK:3.906 MID:3.9055 P1:3.9055 P2:3.9055 P3:3.9055 P4:3.9055 STATE:IDLE
[2026-05-11 21:23:27Z] CHK MOM:0.01% RANGE:0.01% UP:25% SPREAD:0.02560819% BID:3.905 ASK:3.906 MID:3.9055 P1:3.9055 P2:3.9055 P3:3.9055 P4:3.9055 STATE:IDLE
[2026-05-11 21:23:28Z] CHK MOM:0.01% RANGE:0.01% UP:25% SPREAD:0.02560819% BID:3.905 ASK:3.906 MID:3.9055 P1:3.9055 P2:3.9055 P3:3.9055 P4:3.9055 STATE:IDLE
[2026-05-11 21:23:28Z] CHK MOM:0.01% RANGE:0.01% UP:25% SPREAD:0.02560819% BID:3.905 ASK:3.906 MID:3.9055 P1:3.9055 P2:3.9055 P3:3.9055 P4:3.9055 STATE:IDLE
[2026-05-11 21:23:29Z] CHK MOM:0.01% RANGE:0.01% UP:25% SPREAD:0.02560819% BID:3.905 ASK:3.906 MID:3.9055 P1:3.9055 P2:3.9055 P3:3.9055 P4:3.9055 STATE:IDLE
[2026-05-11 21:23:29Z] CHK MOM:0.01% RANGE:0.01% UP:25% SPREAD:0.02560819% BID:3.905 ASK:3.906 MID:3.9055 P1:3.9055 P2:3.9055 P3:3.9055 P4:3.9055 STATE:IDLE
[2026-05-11 21:23:33Z] CHK MOM:0% RANGE:0% UP:0% SPREAD:0.02560819% BID:3.905 ASK:3.906 MID:3.9055 P1:3.9055 P2:3.9055 P3:3.9055 P4:3.9055 STATE:IDLE
[2026-05-11 21:23:33Z] CHK MOM:-0.01% RANGE:0.01% UP:0% SPREAD:0.0512295% BID:3.904 ASK:3.906 MID:3.905 P1:3.905 P2:3.9055 P3:3.9055 P4:3.9055 STATE:IDLE
[2026-05-11 21:23:34Z] CHK MOM:-0.02% RANGE:0.02% UP:0% SPREAD:0.07686395% BID:3.903 ASK:3.906 MID:3.9045 P1:3.9045 P2:3.905 P3:3.9055 P4:3.9055 STATE:IDLE
[2026-05-11 21:23:34Z] CHK MOM:-0.02% RANGE:0.02% UP:0% SPREAD:0.07686395% BID:3.903 ASK:3.906 MID:3.9045 P1:3.9045 P2:3.905 P3:3.9055 P4:3.9055 STATE:IDLE
[2026-05-11 21:23:35Z] CHK MOM:-0.02% RANGE:0.02% UP:0% SPREAD:0.02561475% BID:3.904 ASK:3.905 MID:3.90449999 P1:3.90449999 P2:3.9045 P3:3.905 P4:3.9055 STATE:IDLE
[2026-05-11 21:23:35Z] CHK MOM:-0.02% RANGE:0.02% UP:0% SPREAD:0.02561475% BID:3.904 ASK:3.905 MID:3.90449999 P1:3.90449999 P2:3.9045 P3:3.905 P4:3.9055 STATE:IDLE
[2026-05-11 21:23:36Z] CHK MOM:-0.02% RANGE:0.02% UP:0% SPREAD:0.02561475% BID:3.904 ASK:3.905 MID:3.90449999 P1:3.90449999 P2:3.9045 P3:3.905 P4:3.9055 STATE:IDLE
[2026-05-11 21:23:36Z] CHK MOM:-0.02% RANGE:0.02% UP:0% SPREAD:0.02561475% BID:3.904 ASK:3.905 MID:3.90449999 P1:3.90449999 P2:3.9045 P3:3.905 P4:3.9055 STATE:IDLE
[2026-05-11 21:23:37Z] CHK MOM:-0.02% RANGE:0.02% UP:0% SPREAD:0.02561475% BID:3.904 ASK:3.905 MID:3.90449999 P1:3.90449999 P2:3.9045 P3:3.905 P4:3.9055 STATE:IDLE
[2026-05-11 21:23:37Z] CHK MOM:-0.02% RANGE:0.02% UP:0% SPREAD:0.02561475% BID:3.904 ASK:3.905 MID:3.90449999 P1:3.90449999 P2:3.9045 P3:3.905 P4:3.9055 STATE:IDLE
[2026-05-11 21:23:44Z] CHK MOM:-0.05% RANGE:0.05% UP:0% SPREAD:0.02562131% BID:3.903 ASK:3.904 MID:3.9035 P1:3.9035 P2:3.90449999 P3:3.9045 P4:3.905 STATE:IDLE
[2026-05-11 21:23:45Z] CHK MOM:-0.05% RANGE:0.05% UP:0% SPREAD:0.02562131% BID:3.903 ASK:3.904 MID:3.9035 P1:3.9035 P2:3.90449999 P3:3.9045 P4:3.905 STATE:IDLE
[2026-05-11 21:23:45Z] CHK MOM:-0.02% RANGE:0.02% UP:0% SPREAD:0.02562131% BID:3.903 ASK:3.904 MID:3.9035 P1:3.9035 P2:3.9035 P3:3.90449999 P4:3.9045 STATE:IDLE
[2026-05-11 21:23:46Z] CHK MOM:-0.02% RANGE:0.02% UP:0% SPREAD:0.02562131% BID:3.903 ASK:3.904 MID:3.9035 P1:3.9035 P2:3.9035 P3:3.90449999 P4:3.9045 STATE:IDLE
[2026-05-11 21:23:46Z] CHK MOM:-0.02% RANGE:0.02% UP:0% SPREAD:0.02562131% BID:3.903 ASK:3.904 MID:3.9035 P1:3.9035 P2:3.9035 P3:3.90449999 P4:3.9045 STATE:IDLE
[2026-05-11 21:23:47Z] CHK MOM:-0.02% RANGE:0.02% UP:0% SPREAD:0.02562131% BID:3.903 ASK:3.904 MID:3.9035 P1:3.9035 P2:3.9035 P3:3.90449999 P4:3.9045 STATE:IDLE
[2026-05-11 21:23:47Z] CHK MOM:-0.02% RANGE:0.02% UP:0% SPREAD:0.02562131% BID:3.903 ASK:3.904 MID:3.9035 P1:3.9035 P2:3.9035 P3:3.90449999 P4:3.9045 STATE:IDLE
[2026-05-11 21:23:48Z] CHK MOM:-0.02% RANGE:0.02% UP:0% SPREAD:0.02562131% BID:3.903 ASK:3.904 MID:3.9035 P1:3.9035 P2:3.9035 P3:3.90449999 P4:3.9045 STATE:IDLE
[2026-05-11 21:23:58Z] CHK MOM:-0.01% RANGE:0.01% UP:0% SPREAD:0.05125576% BID:3.902 ASK:3.904 MID:3.903 P1:3.903 P2:3.9035 P3:3.9035 P4:3.90449999 STATE:IDLE
[2026-05-11 21:23:58Z] CHK MOM:-0.01% RANGE:0.01% UP:0% SPREAD:0.02562788% BID:3.902 ASK:3.903 MID:3.9025 P1:3.9025 P2:3.903 P3:3.9035 P4:3.9035 STATE:IDLE
[2026-05-11 21:23:59Z] CHK MOM:-0.01% RANGE:0.01% UP:0% SPREAD:0.02562788% BID:3.902 ASK:3.903 MID:3.9025 P1:3.9025 P2:3.903 P3:3.9035 P4:3.9035 STATE:IDLE
[2026-05-11 21:23:59Z] CHK MOM:-0.01% RANGE:0.01% UP:0% SPREAD:0.02562788% BID:3.902 ASK:3.903 MID:3.9025 P1:3.9025 P2:3.903 P3:3.9035 P4:3.9035 STATE:IDLE
[2026-05-11 21:24:00Z] CHK MOM:-0.01% RANGE:0.01% UP:0% SPREAD:0.02562788% BID:3.902 ASK:3.903 MID:3.9025 P1:3.9025 P2:3.903 P3:3.9035 P4:3.9035 STATE:IDLE
[2026-05-11 21:24:00Z] CHK MOM:-0.01% RANGE:0.01% UP:0% SPREAD:0.02562788% BID:3.902 ASK:3.903 MID:3.9025 P1:3.9025 P2:3.903 P3:3.9035 P4:3.9035 STATE:IDLE
[2026-05-11 21:24:04Z] CHK MOM:0% RANGE:0.01% UP:50% SPREAD:0.05125576% BID:3.902 ASK:3.904 MID:3.903 P1:3.903 P2:3.9025 P3:3.903 P4:3.9035 STATE:IDLE
[2026-05-11 21:24:04Z] CHK MOM:0.01% RANGE:0.02% UP:66.66% SPREAD:0.02562131% BID:3.903 ASK:3.904 MID:3.9035 P1:3.9035 P2:3.903 P3:3.9025 P4:3.903 STATE:IDLE
[2026-05-11 21:24:05Z] CHK MOM:0.01% RANGE:0.02% UP:66.66% SPREAD:0.02562131% BID:3.903 ASK:3.904 MID:3.9035 P1:3.9035 P2:3.903 P3:3.9025 P4:3.903 STATE:IDLE
[2026-05-11 21:24:05Z] CHK MOM:0.01% RANGE:0.02% UP:66.66% SPREAD:0.02562131% BID:3.903 ASK:3.904 MID:3.9035 P1:3.9035 P2:3.903 P3:3.9025 P4:3.903 STATE:IDLE
[2026-05-11 21:24:06Z] CHK MOM:0.01% RANGE:0.02% UP:66.66% SPREAD:0.02562131% BID:3.903 ASK:3.904 MID:3.9035 P1:3.9035 P2:3.903 P3:3.9025 P4:3.903 STATE:IDLE
[2026-05-11 21:24:06Z] CHK MOM:0.01% RANGE:0.02% UP:66.66% SPREAD:0.02562131% BID:3.903 ASK:3.904 MID:3.9035 P1:3.9035 P2:3.903 P3:3.9025 P4:3.903 STATE:IDLE
[2026-05-11 21:24:15Z] CHK MOM:0.01% RANGE:0.01% UP:50% SPREAD:0.02562131% BID:3.903 ASK:3.904 MID:3.9035 P1:3.9035 P2:3.9035 P3:3.903 P4:3.9025 STATE:IDLE
[2026-05-11 21:24:15Z] CHK MOM:0.01% RANGE:0.01% UP:50% SPREAD:0.02562131% BID:3.903 ASK:3.904 MID:3.9035 P1:3.9035 P2:3.9035 P3:3.903 P4:3.9025 STATE:IDLE
[2026-05-11 21:24:16Z] CHK MOM:0% RANGE:0% UP:0% SPREAD:0.02562131% BID:3.903 ASK:3.904 MID:3.9035 P1:3.9035 P2:3.9035 P3:3.9035 P4:3.903 STATE:IDLE
[2026-05-11 21:24:16Z] CHK MOM:0% RANGE:0% UP:0% SPREAD:0.02562131% BID:3.903 ASK:3.904 MID:3.9035 P1:3.9035 P2:3.9035 P3:3.9035 P4:3.9035 STATE:IDLE
[2026-05-11 21:24:17Z] CHK MOM:0% RANGE:0% UP:0% SPREAD:0.02562131% BID:3.903 ASK:3.904 MID:3.9035 P1:3.9035 P2:3.9035 P3:3.9035 P4:3.9035 STATE:IDLE
[2026-05-11 21:24:17Z] CHK MOM:0% RANGE:0% UP:0% SPREAD:0.02562131% BID:3.903 ASK:3.904 MID:3.9035 P1:3.9035 P2:3.9035 P3:3.9035 P4:3.9035 STATE:IDLE
[2026-05-11 21:24:18Z] CHK MOM:0% RANGE:0% UP:0% SPREAD:0.02562131% BID:3.903 ASK:3.904 MID:3.9035 P1:3.9035 P2:3.9035 P3:3.9035 P4:3.9035 STATE:IDLE
[2026-05-11 21:24:18Z] CHK MOM:0% RANGE:0% UP:0% SPREAD:0.02562131% BID:3.903 ASK:3.904 MID:3.9035 P1:3.9035 P2:3.9035 P3:3.9035 P4:3.9035 STATE:IDLE
[2026-05-11 21:24:19Z] CHK MOM:0% RANGE:0% UP:0% SPREAD:0.02562131% BID:3.903 ASK:3.904 MID:3.9035 P1:3.9035 P2:3.9035 P3:3.9035 P4:3.9035 STATE:IDLE
[2026-05-11 21:24:21Z] CHK MOM:-0.02% RANGE:0.02% UP:0% SPREAD:0.02562788% BID:3.902 ASK:3.903 MID:3.9025 P1:3.9025 P2:3.9035 P3:3.9035 P4:3.9035 STATE:IDLE
[2026-05-11 21:24:22Z] CHK MOM:-0.02% RANGE:0.02% UP:0% SPREAD:0.02562788% BID:3.902 ASK:3.903 MID:3.9025 P1:3.9025 P2:3.9025 P3:3.9035 P4:3.9035 STATE:IDLE
[2026-05-11 21:24:22Z] CHK MOM:-0.02% RANGE:0.02% UP:0% SPREAD:0.02562788% BID:3.902 ASK:3.903 MID:3.9025 P1:3.9025 P2:3.9025 P3:3.9035 P4:3.9035 STATE:IDLE
[2026-05-11 21:24:23Z] CHK MOM:-0.02% RANGE:0.02% UP:0% SPREAD:0.02562788% BID:3.902 ASK:3.903 MID:3.9025 P1:3.9025 P2:3.9025 P3:3.9035 P4:3.9035 STATE:IDLE
[2026-05-11 21:24:23Z] CHK MOM:-0.02% RANGE:0.02% UP:0% SPREAD:0.02562788% BID:3.902 ASK:3.903 MID:3.9025 P1:3.9025 P2:3.9025 P3:3.9035 P4:3.9035 STATE:IDLE
[2026-05-11 21:24:24Z] CHK MOM:-0.02% RANGE:0.02% UP:0% SPREAD:0.02562788% BID:3.902 ASK:3.903 MID:3.9025 P1:3.9025 P2:3.9025 P3:3.9035 P4:3.9035 STATE:IDLE
[2026-05-11 21:24:31Z] CHK MOM:0% RANGE:0% UP:0% SPREAD:0.02562788% BID:3.902 ASK:3.903 MID:3.9025 P1:3.9025 P2:3.9025 P3:3.9025 P4:3.9035 STATE:IDLE
[2026-05-11 21:24:31Z] CHK MOM:-0.02% RANGE:0.02% UP:0% SPREAD:0.02563445% BID:3.901 ASK:3.902 MID:3.9015 P1:3.9015 P2:3.9025 P3:3.9025 P4:3.9025 STATE:IDLE
[2026-05-11 21:24:32Z] CHK MOM:-0.02% RANGE:0.02% UP:0% SPREAD:0.02563445% BID:3.901 ASK:3.902 MID:3.9015 P1:3.9015 P2:3.9015 P3:3.9025 P4:3.9025 STATE:IDLE
[2026-05-11 21:24:32Z] CHK MOM:-0.02% RANGE:0.02% UP:0% SPREAD:0.02563445% BID:3.901 ASK:3.902 MID:3.9015 P1:3.9015 P2:3.9015 P3:3.9025 P4:3.9025 STATE:IDLE
[2026-05-11 23:42:20Z] SESSION_START symbol=UNIUSDC dry_run=0 profile=major strategy=momentum base_url=https://api.binance.com
[2026-05-11 23:42:20Z] TOXIC_MEMORY_LOADED count=5 symbols=GUNUSDC,JTOUSDC,ORDIUSDC,SAHARAUSDC,TONUSDC
[2026-05-11 23:42:23Z] CHK MOM:0% RANGE:0% UP:0% SPREAD:0.02567394% BID:3.895 ASK:3.896 MID:3.8955 P1:3.8955 P2:NA P3:NA P4:NA STATE:IDLE
[2026-05-11 23:42:23Z] CHK MOM:0% RANGE:0% UP:0% SPREAD:0.02567394% BID:3.895 ASK:3.896 MID:3.8955 P1:3.8955 P2:NA P3:NA P4:NA STATE:IDLE
[2026-05-11 23:42:24Z] CHK MOM:0% RANGE:0% UP:0% SPREAD:0.02567394% BID:3.895 ASK:3.896 MID:3.8955 P1:3.8955 P2:NA P3:NA P4:NA STATE:IDLE
[2026-05-11 23:42:24Z] CHK MOM:0% RANGE:0% UP:0% SPREAD:0.02567394% BID:3.895 ASK:3.896 MID:3.8955 P1:3.8955 P2:NA P3:NA P4:NA STATE:IDLE
[2026-05-11 23:42:25Z] CHK MOM:0% RANGE:0% UP:0% SPREAD:0.02567394% BID:3.895 ASK:3.896 MID:3.8955 P1:3.8955 P2:NA P3:NA P4:NA STATE:IDLE
[2026-05-11 23:42:26Z] CHK MOM:-0.05% RANGE:0.05% UP:0% SPREAD:0.02568713% BID:3.893 ASK:3.894 MID:3.8935 P1:3.8935 P2:3.8955 P3:NA P4:NA STATE:IDLE
[2026-05-11 23:42:27Z] CHK MOM:-0.05% RANGE:0.05% UP:0% SPREAD:0.02568713% BID:3.893 ASK:3.894 MID:3.8935 P1:3.8935 P2:3.8935 P3:3.8955 P4:NA STATE:IDLE
[2026-05-11 23:42:27Z] CHK MOM:-0.05% RANGE:0.05% UP:0% SPREAD:0.02568713% BID:3.893 ASK:3.894 MID:3.8935 P1:3.8935 P2:3.8935 P3:3.8935 P4:3.8955 STATE:IDLE
[2026-05-11 23:42:28Z] CHK MOM:-0.05% RANGE:0.05% UP:0% SPREAD:0.02568713% BID:3.893 ASK:3.894 MID:3.8935 P1:3.8935 P2:3.8935 P3:3.8935 P4:3.8955 STATE:IDLE
[2026-05-11 23:42:29Z] CHK MOM:-0.05% RANGE:0.05% UP:0% SPREAD:0.02568713% BID:3.893 ASK:3.894 MID:3.8935 P1:3.8935 P2:3.8935 P3:3.8935 P4:3.8935 STATE:IDLE
[2026-05-11 23:42:29Z] CHK MOM:-0.05% RANGE:0.05% UP:0% SPREAD:0.02568713% BID:3.893 ASK:3.894 MID:3.8935 P1:3.8935 P2:3.8935 P3:3.8935 P4:3.8935 STATE:IDLE
[2026-05-11 23:42:30Z] CHK MOM:-0.05% RANGE:0.05% UP:0% SPREAD:0.02568713% BID:3.893 ASK:3.894 MID:3.8935 P1:3.8935 P2:3.8935 P3:3.8935 P4:3.8935 STATE:IDLE
[2026-05-11 23:42:30Z] CHK MOM:-0.05% RANGE:0.05% UP:0% SPREAD:0.02568713% BID:3.893 ASK:3.894 MID:3.8935 P1:3.8935 P2:3.8935 P3:3.8935 P4:3.8935 STATE:IDLE
[2026-05-11 23:42:31Z] CHK MOM:-0.05% RANGE:0.05% UP:0% SPREAD:0.02568713% BID:3.893 ASK:3.894 MID:3.8935 P1:3.8935 P2:3.8935 P3:3.8935 P4:3.8935 STATE:IDLE
[2026-05-11 23:42:31Z] CHK MOM:-0.05% RANGE:0.05% UP:0% SPREAD:0.02568713% BID:3.893 ASK:3.894 MID:3.8935 P1:3.8935 P2:3.8935 P3:3.8935 P4:3.8935 STATE:IDLE
[2026-05-11 23:42:32Z] CHK MOM:-0.05% RANGE:0.05% UP:0% SPREAD:0.02568713% BID:3.893 ASK:3.894 MID:3.8935 P1:3.8935 P2:3.8935 P3:3.8935 P4:3.8935 STATE:IDLE
[2026-05-11 23:42:32Z] CHK MOM:-0.05% RANGE:0.05% UP:0% SPREAD:0.02568713% BID:3.893 ASK:3.894 MID:3.8935 P1:3.8935 P2:3.8935 P3:3.8935 P4:3.8935 STATE:IDLE
[2026-05-11 23:42:43Z] CHK MOM:0% RANGE:0% UP:0% SPREAD:0.02568713% BID:3.893 ASK:3.894 MID:3.8935 P1:3.8935 P2:3.8935 P3:3.8935 P4:3.8935 STATE:IDLE
[2026-05-11 23:42:43Z] CHK MOM:0% RANGE:0% UP:0% SPREAD:0.02568713% BID:3.893 ASK:3.894 MID:3.8935 P1:3.8935 P2:3.8935 P3:3.8935 P4:3.8935 STATE:IDLE
[2026-05-11 23:42:44Z] CHK MOM:0% RANGE:0% UP:0% SPREAD:0.02568713% BID:3.893 ASK:3.894 MID:3.8935 P1:3.8935 P2:3.8935 P3:3.8935 P4:3.8935 STATE:IDLE
[2026-05-11 23:42:44Z] CHK MOM:0% RANGE:0% UP:0% SPREAD:0.02568713% BID:3.893 ASK:3.894 MID:3.8935 P1:3.8935 P2:3.8935 P3:3.8935 P4:3.8935 STATE:IDLE
[2026-05-11 23:42:45Z] CHK MOM:0% RANGE:0% UP:0% SPREAD:0.02568713% BID:3.893 ASK:3.894 MID:3.8935 P1:3.8935 P2:3.8935 P3:3.8935 P4:3.8935 STATE:IDLE
[2026-05-11 23:42:45Z] CHK MOM:0% RANGE:0% UP:0% SPREAD:0.02568713% BID:3.893 ASK:3.894 MID:3.8935 P1:3.8935 P2:3.8935 P3:3.8935 P4:3.8935 STATE:IDLE
[2026-05-11 23:42:47Z] CHK MOM:0% RANGE:0% UP:0% SPREAD:0.02568713% BID:3.893 ASK:3.894 MID:3.8935 P1:3.8935 P2:3.8935 P3:3.8935 P4:3.8935 STATE:IDLE
[2026-05-11 23:42:47Z] CHK MOM:0% RANGE:0% UP:0% SPREAD:0.02568713% BID:3.893 ASK:3.894 MID:3.8935 P1:3.8935 P2:3.8935 P3:3.8935 P4:3.8935 STATE:IDLE
[2026-05-11 23:42:48Z] CHK MOM:0% RANGE:0% UP:0% SPREAD:0.02568713% BID:3.893 ASK:3.894 MID:3.8935 P1:3.8935 P2:3.8935 P3:3.8935 P4:3.8935 STATE:IDLE
[2026-05-11 23:42:49Z] CHK MOM:0% RANGE:0% UP:0% SPREAD:0.02568713% BID:3.893 ASK:3.894 MID:3.8935 P1:3.8935 P2:3.8935 P3:3.8935 P4:3.8935 STATE:IDLE
[2026-05-11 23:42:49Z] CHK MOM:0% RANGE:0% UP:0% SPREAD:0.02568713% BID:3.893 ASK:3.894 MID:3.8935 P1:3.8935 P2:3.8935 P3:3.8935 P4:3.8935 STATE:IDLE
[2026-05-11 23:42:52Z] CHK MOM:0% RANGE:0% UP:0% SPREAD:0.02568713% BID:3.893 ASK:3.894 MID:3.8935 P1:3.8935 P2:3.8935 P3:3.8935 P4:3.8935 STATE:IDLE
[2026-05-11 23:42:53Z] CHK MOM:0% RANGE:0% UP:0% SPREAD:0.02568713% BID:3.893 ASK:3.894 MID:3.8935 P1:3.8935 P2:3.8935 P3:3.8935 P4:3.8935 STATE:IDLE
[2026-05-11 23:42:54Z] CHK MOM:0% RANGE:0% UP:0% SPREAD:0.02568713% BID:3.893 ASK:3.894 MID:3.8935 P1:3.8935 P2:3.8935 P3:3.8935 P4:3.8935 STATE:IDLE
[2026-05-11 23:42:54Z] CHK MOM:0% RANGE:0% UP:0% SPREAD:0.02568713% BID:3.893 ASK:3.894 MID:3.8935 P1:3.8935 P2:3.8935 P3:3.8935 P4:3.8935 STATE:IDLE
[2026-05-11 23:42:55Z] CHK MOM:0% RANGE:0% UP:0% SPREAD:0.02568713% BID:3.893 ASK:3.894 MID:3.8935 P1:3.8935 P2:3.8935 P3:3.8935 P4:3.8935 STATE:IDLE
[2026-05-11 23:42:55Z] CHK MOM:0% RANGE:0% UP:0% SPREAD:0.02568713% BID:3.893 ASK:3.894 MID:3.8935 P1:3.8935 P2:3.8935 P3:3.8935 P4:3.8935 STATE:IDLE
[2026-05-11 23:42:56Z] CHK MOM:0% RANGE:0% UP:0% SPREAD:0.02568713% BID:3.893 ASK:3.894 MID:3.8935 P1:3.8935 P2:3.8935 P3:3.8935 P4:3.8935 STATE:IDLE
[2026-05-11 23:43:01Z] CHK MOM:0% RANGE:0% UP:0% SPREAD:0.02568713% BID:3.893 ASK:3.894 MID:3.8935 P1:3.8935 P2:3.8935 P3:3.8935 P4:3.8935 STATE:IDLE
[2026-05-11 23:43:01Z] CHK MOM:0% RANGE:0% UP:0% SPREAD:0.02568713% BID:3.893 ASK:3.894 MID:3.8935 P1:3.8935 P2:3.8935 P3:3.8935 P4:3.8935 STATE:IDLE
[2026-05-11 23:43:02Z] CHK MOM:-0.03% RANGE:0.03% UP:0% SPREAD:0.05140066% BID:3.891 ASK:3.893 MID:3.892 P1:3.892 P2:3.8935 P3:3.8935 P4:3.8935 STATE:IDLE
[2026-05-11 23:43:02Z] CHK MOM:-0.03% RANGE:0.03% UP:0% SPREAD:0.05140066% BID:3.891 ASK:3.893 MID:3.892 P1:3.892 P2:3.892 P3:3.8935 P4:3.8935 STATE:IDLE
[2026-05-11 23:43:03Z] CHK MOM:-0.03% RANGE:0.03% UP:0% SPREAD:0.05140066% BID:3.891 ASK:3.893 MID:3.892 P1:3.892 P2:3.892 P3:3.892 P4:3.8935 STATE:IDLE
[2026-05-11 23:43:03Z] CHK MOM:-0.03% RANGE:0.03% UP:0% SPREAD:0.05140066% BID:3.891 ASK:3.893 MID:3.892 P1:3.892 P2:3.892 P3:3.892 P4:3.892 STATE:IDLE
[2026-05-11 23:43:04Z] CHK MOM:-0.03% RANGE:0.03% UP:0% SPREAD:0.05140066% BID:3.891 ASK:3.893 MID:3.892 P1:3.892 P2:3.892 P3:3.892 P4:3.892 STATE:IDLE
[2026-05-11 23:43:04Z] CHK MOM:-0.03% RANGE:0.03% UP:0% SPREAD:0.05140066% BID:3.891 ASK:3.893 MID:3.892 P1:3.892 P2:3.892 P3:3.892 P4:3.892 STATE:IDLE
[2026-05-11 23:43:05Z] CHK MOM:-0.03% RANGE:0.03% UP:0% SPREAD:0.05140066% BID:3.891 ASK:3.893 MID:3.892 P1:3.892 P2:3.892 P3:3.892 P4:3.892 STATE:IDLE
[2026-05-11 23:43:05Z] CHK MOM:-0.03% RANGE:0.03% UP:0% SPREAD:0.05140066% BID:3.891 ASK:3.893 MID:3.892 P1:3.892 P2:3.892 P3:3.892 P4:3.892 STATE:IDLE
[2026-05-11 23:43:06Z] CHK MOM:-0.03% RANGE:0.03% UP:0% SPREAD:0.05140066% BID:3.891 ASK:3.893 MID:3.892 P1:3.892 P2:3.892 P3:3.892 P4:3.892 STATE:IDLE
[2026-05-11 23:43:07Z] CHK MOM:-0.03% RANGE:0.03% UP:0% SPREAD:0.05140066% BID:3.891 ASK:3.893 MID:3.892 P1:3.892 P2:3.892 P3:3.892 P4:3.892 STATE:IDLE
[2026-05-11 23:43:07Z] CHK MOM:-0.05% RANGE:0.05% UP:0% SPREAD:0.02570033% BID:3.891 ASK:3.892 MID:3.89149999 P1:3.89149999 P2:3.892 P3:3.892 P4:3.892 STATE:IDLE
[2026-05-11 23:43:08Z] CHK MOM:-0.05% RANGE:0.05% UP:0% SPREAD:0.02570033% BID:3.891 ASK:3.892 MID:3.89149999 P1:3.89149999 P2:3.892 P3:3.892 P4:3.892 STATE:IDLE
[2026-05-11 23:43:08Z] CHK MOM:-0.05% RANGE:0.05% UP:0% SPREAD:0.02570033% BID:3.891 ASK:3.892 MID:3.89149999 P1:3.89149999 P2:3.892 P3:3.892 P4:3.892 STATE:IDLE
[2026-05-11 23:43:09Z] CHK MOM:-0.05% RANGE:0.05% UP:0% SPREAD:0.02570033% BID:3.891 ASK:3.892 MID:3.89149999 P1:3.89149999 P2:3.892 P3:3.892 P4:3.892 STATE:IDLE
[2026-05-11 23:43:09Z] CHK MOM:-0.05% RANGE:0.05% UP:0% SPREAD:0.02570033% BID:3.891 ASK:3.892 MID:3.89149999 P1:3.89149999 P2:3.892 P3:3.892 P4:3.892 STATE:IDLE
[2026-05-11 23:43:10Z] CHK MOM:-0.02% RANGE:0.05% UP:12.5% SPREAD:0.02569373% BID:3.892 ASK:3.893 MID:3.8925 P1:3.8925 P2:3.89149999 P3:3.892 P4:3.892 STATE:IDLE
[2026-05-11 23:43:10Z] CHK MOM:-0.03% RANGE:0.05% UP:11.11% SPREAD:0.05140066% BID:3.891 ASK:3.893 MID:3.892 P1:3.892 P2:3.8925 P3:3.89149999 P4:3.892 STATE:IDLE
[2026-05-11 23:43:11Z] CHK MOM:-0.03% RANGE:0.05% UP:10% SPREAD:0.05140066% BID:3.891 ASK:3.893 MID:3.892 P1:3.892 P2:3.892 P3:3.8925 P4:3.89149999 STATE:IDLE
[2026-05-11 23:43:12Z] CHK MOM:-0.03% RANGE:0.05% UP:9.09% SPREAD:0.05140066% BID:3.891 ASK:3.893 MID:3.892 P1:3.892 P2:3.892 P3:3.892 P4:3.8925 STATE:IDLE
[2026-05-11 23:43:12Z] CHK MOM:-0.05% RANGE:0.05% UP:9.09% SPREAD:0.02570033% BID:3.891 ASK:3.892 MID:3.89149999 P1:3.89149999 P2:3.892 P3:3.892 P4:3.892 STATE:IDLE
[2026-05-11 23:43:13Z] CHK MOM:-0.05% RANGE:0.05% UP:8.33% SPREAD:0.02570033% BID:3.891 ASK:3.892 MID:3.89149999 P1:3.89149999 P2:3.89149999 P3:3.892 P4:3.892 STATE:IDLE
[2026-05-11 23:43:13Z] CHK MOM:-0.05% RANGE:0.05% UP:8.33% SPREAD:0.02570033% BID:3.891 ASK:3.892 MID:3.89149999 P1:3.89149999 P2:3.89149999 P3:3.892 P4:3.892 STATE:IDLE
[2026-05-11 23:43:14Z] CHK MOM:-0.05% RANGE:0.05% UP:8.33% SPREAD:0.02570033% BID:3.891 ASK:3.892 MID:3.89149999 P1:3.89149999 P2:3.89149999 P3:3.892 P4:3.892 STATE:IDLE
[2026-05-11 23:43:14Z] CHK MOM:-0.05% RANGE:0.05% UP:8.33% SPREAD:0.02570033% BID:3.891 ASK:3.892 MID:3.89149999 P1:3.89149999 P2:3.89149999 P3:3.892 P4:3.892 STATE:IDLE
[2026-05-11 23:43:15Z] CHK MOM:-0.01% RANGE:0.02% UP:10% SPREAD:0.02570033% BID:3.891 ASK:3.892 MID:3.89149999 P1:3.89149999 P2:3.89149999 P3:3.89149999 P4:3.892 STATE:IDLE
[2026-05-11 23:43:15Z] CHK MOM:-0.01% RANGE:0.02% UP:10% SPREAD:0.02570033% BID:3.891 ASK:3.892 MID:3.89149999 P1:3.89149999 P2:3.89149999 P3:3.89149999 P4:3.892 STATE:IDLE
[2026-05-11 23:43:16Z] CHK MOM:-0.01% RANGE:0.02% UP:10% SPREAD:0.02570033% BID:3.891 ASK:3.892 MID:3.89149999 P1:3.89149999 P2:3.89149999 P3:3.89149999 P4:3.892 STATE:IDLE
[2026-05-11 23:43:16Z] CHK MOM:-0.01% RANGE:0.02% UP:10% SPREAD:0.02570033% BID:3.891 ASK:3.892 MID:3.89149999 P1:3.89149999 P2:3.89149999 P3:3.89149999 P4:3.892 STATE:IDLE
[2026-05-11 23:43:17Z] CHK MOM:-0.01% RANGE:0.02% UP:10% SPREAD:0.02570033% BID:3.891 ASK:3.892 MID:3.89149999 P1:3.89149999 P2:3.89149999 P3:3.89149999 P4:3.892 STATE:IDLE
[2026-05-11 23:43:26Z] CHK MOM:-0.01% RANGE:0.01% UP:0% SPREAD:0.05141388% BID:3.89 ASK:3.892 MID:3.891 P1:3.891 P2:3.89149999 P3:3.89149999 P4:3.89149999 STATE:IDLE
[2026-05-11 23:43:26Z] CHK MOM:-0.01% RANGE:0.01% UP:0% SPREAD:0.05141388% BID:3.89 ASK:3.892 MID:3.891 P1:3.891 P2:3.891 P3:3.89149999 P4:3.89149999 STATE:IDLE
[2026-05-11 23:43:27Z] CHK MOM:-0.01% RANGE:0.01% UP:0% SPREAD:0.05141388% BID:3.89 ASK:3.892 MID:3.891 P1:3.891 P2:3.891 P3:3.89149999 P4:3.89149999 STATE:IDLE
[2026-05-11 23:43:27Z] CHK MOM:-0.01% RANGE:0.01% UP:0% SPREAD:0.05141388% BID:3.89 ASK:3.892 MID:3.891 P1:3.891 P2:3.891 P3:3.89149999 P4:3.89149999 STATE:IDLE
[2026-05-11 23:43:28Z] CHK MOM:-0.01% RANGE:0.01% UP:0% SPREAD:0.05141388% BID:3.89 ASK:3.892 MID:3.891 P1:3.891 P2:3.891 P3:3.89149999 P4:3.89149999 STATE:IDLE
[2026-05-11 23:43:28Z] CHK MOM:-0.01% RANGE:0.01% UP:0% SPREAD:0.05141388% BID:3.89 ASK:3.892 MID:3.891 P1:3.891 P2:3.891 P3:3.89149999 P4:3.89149999 STATE:IDLE
[2026-05-11 23:43:29Z] CHK MOM:0.02% RANGE:0.02% UP:50% SPREAD:0.05140066% BID:3.891 ASK:3.893 MID:3.892 P1:3.892 P2:3.891 P3:3.891 P4:3.89149999 STATE:IDLE
[2026-05-11 23:43:29Z] CHK MOM:0.01% RANGE:0.02% UP:33.33% SPREAD:0.02570033% BID:3.891 ASK:3.892 MID:3.89149999 P1:3.89149999 P2:3.892 P3:3.891 P4:3.891 STATE:IDLE
[2026-05-11 23:43:30Z] CHK MOM:0.01% RANGE:0.02% UP:33.33% SPREAD:0.02570033% BID:3.891 ASK:3.892 MID:3.89149999 P1:3.89149999 P2:3.892 P3:3.891 P4:3.891 STATE:IDLE
[2026-05-11 23:43:30Z] CHK MOM:0.01% RANGE:0.02% UP:33.33% SPREAD:0.02570033% BID:3.891 ASK:3.892 MID:3.89149999 P1:3.89149999 P2:3.892 P3:3.891 P4:3.891 STATE:IDLE
[2026-05-11 23:43:31Z] CHK MOM:0.01% RANGE:0.02% UP:33.33% SPREAD:0.02570033% BID:3.891 ASK:3.892 MID:3.89149999 P1:3.89149999 P2:3.892 P3:3.891 P4:3.891 STATE:IDLE
[2026-05-11 23:43:32Z] CHK MOM:0.01% RANGE:0.02% UP:33.33% SPREAD:0.02570033% BID:3.891 ASK:3.892 MID:3.89149999 P1:3.89149999 P2:3.892 P3:3.891 P4:3.891 STATE:IDLE
[2026-05-11 23:43:37Z] CHK MOM:0.03% RANGE:0.03% UP:50% SPREAD:0.02569373% BID:3.892 ASK:3.893 MID:3.8925 P1:3.8925 P2:3.89149999 P3:3.892 P4:3.891 STATE:IDLE
[2026-05-11 23:43:37Z] CHK MOM:0.03% RANGE:0.03% UP:50% SPREAD:0.02569373% BID:3.892 ASK:3.893 MID:3.8925 P1:3.8925 P2:3.89149999 P3:3.892 P4:3.891 STATE:IDLE
[2026-05-11 23:43:38Z] CHK MOM:0.03% RANGE:0.03% UP:50% SPREAD:0.02569373% BID:3.892 ASK:3.893 MID:3.8925 P1:3.8925 P2:3.89149999 P3:3.892 P4:3.891 STATE:IDLE
[2026-05-11 23:43:38Z] CHK MOM:0.03% RANGE:0.03% UP:50% SPREAD:0.02569373% BID:3.892 ASK:3.893 MID:3.8925 P1:3.8925 P2:3.89149999 P3:3.892 P4:3.891 STATE:IDLE
[2026-05-11 23:43:39Z] CHK MOM:0.03% RANGE:0.03% UP:50% SPREAD:0.02569373% BID:3.892 ASK:3.893 MID:3.8925 P1:3.8925 P2:3.89149999 P3:3.892 P4:3.891 STATE:IDLE
[2026-05-11 23:43:39Z] CHK MOM:0.01% RANGE:0.02% UP:33.33% SPREAD:0.02569373% BID:3.892 ASK:3.893 MID:3.8925 P1:3.8925 P2:3.8925 P3:3.89149999 P4:3.892 STATE:IDLE
[2026-05-11 23:43:40Z] CHK MOM:0.01% RANGE:0.02% UP:25% SPREAD:0.02569373% BID:3.892 ASK:3.893 MID:3.8925 P1:3.8925 P2:3.8925 P3:3.8925 P4:3.89149999 STATE:IDLE
[2026-05-11 23:43:40Z] CHK MOM:0.01% RANGE:0.02% UP:25% SPREAD:0.02569373% BID:3.892 ASK:3.893 MID:3.8925 P1:3.8925 P2:3.8925 P3:3.8925 P4:3.89149999 STATE:IDLE
[2026-05-11 23:43:41Z] CHK MOM:0.01% RANGE:0.02% UP:25% SPREAD:0.02569373% BID:3.892 ASK:3.893 MID:3.8925 P1:3.8925 P2:3.8925 P3:3.8925 P4:3.89149999 STATE:IDLE
[2026-05-11 23:43:41Z] CHK MOM:0.01% RANGE:0.02% UP:25% SPREAD:0.02569373% BID:3.892 ASK:3.893 MID:3.8925 P1:3.8925 P2:3.8925 P3:3.8925 P4:3.89149999 STATE:IDLE
[2026-05-11 23:43:42Z] CHK MOM:0.01% RANGE:0.02% UP:25% SPREAD:0.02569373% BID:3.892 ASK:3.893 MID:3.8925 P1:3.8925 P2:3.8925 P3:3.8925 P4:3.89149999 STATE:IDLE
[2026-05-11 23:43:43Z] CHK MOM:0.03% RANGE:0.03% UP:33.33% SPREAD:0.05137426% BID:3.893 ASK:3.895 MID:3.894 P1:3.894 P2:3.8925 P3:3.8925 P4:3.8925 STATE:IDLE
[2026-05-11 23:43:43Z] CHK MOM:0.03% RANGE:0.03% UP:25% SPREAD:0.05137426% BID:3.893 ASK:3.895 MID:3.894 P1:3.894 P2:3.894 P3:3.8925 P4:3.8925 STATE:IDLE
[2026-05-11 23:43:44Z] CHK MOM:0.02% RANGE:0.03% UP:20% SPREAD:0.07708119% BID:3.892 ASK:3.895 MID:3.8935 P1:3.8935 P2:3.894 P3:3.894 P4:3.8925 STATE:IDLE
[2026-05-11 23:43:44Z] CHK MOM:0.02% RANGE:0.03% UP:16.66% SPREAD:0.07708119% BID:3.892 ASK:3.895 MID:3.8935 P1:3.8935 P2:3.8935 P3:3.894 P4:3.894 STATE:IDLE
[2026-05-11 23:43:45Z] CHK MOM:0.02% RANGE:0.03% UP:16.66% SPREAD:0.07708119% BID:3.892 ASK:3.895 MID:3.8935 P1:3.8935 P2:3.8935 P3:3.894 P4:3.894 STATE:IDLE
[2026-05-11 23:43:45Z] CHK MOM:0.02% RANGE:0.03% UP:16.66% SPREAD:0.07708119% BID:3.892 ASK:3.895 MID:3.8935 P1:3.8935 P2:3.8935 P3:3.894 P4:3.894 STATE:IDLE
[2026-05-11 23:43:46Z] CHK MOM:0.02% RANGE:0.03% UP:14.28% SPREAD:0.07708119% BID:3.892 ASK:3.895 MID:3.8935 P1:3.8935 P2:3.8935 P3:3.8935 P4:3.894 STATE:IDLE
[2026-05-11 23:43:46Z] CHK MOM:0.02% RANGE:0.03% UP:14.28% SPREAD:0.07708119% BID:3.892 ASK:3.895 MID:3.8935 P1:3.8935 P2:3.8935 P3:3.8935 P4:3.894 STATE:IDLE
[2026-05-11 23:43:47Z] CHK MOM:0.02% RANGE:0.03% UP:14.28% SPREAD:0.07708119% BID:3.892 ASK:3.895 MID:3.8935 P1:3.8935 P2:3.8935 P3:3.8935 P4:3.894 STATE:IDLE
[2026-05-11 23:43:48Z] CHK MOM:0.02% RANGE:0.03% UP:14.28% SPREAD:0.07708119% BID:3.892 ASK:3.895 MID:3.8935 P1:3.8935 P2:3.8935 P3:3.8935 P4:3.894 STATE:IDLE
[2026-05-11 23:43:48Z] CHK MOM:0.02% RANGE:0.03% UP:14.28% SPREAD:0.07708119% BID:3.892 ASK:3.895 MID:3.8935 P1:3.8935 P2:3.8935 P3:3.8935 P4:3.894 STATE:IDLE
[2026-05-11 23:43:55Z] CHK MOM:0% RANGE:0.01% UP:20% SPREAD:0.05137426% BID:3.893 ASK:3.895 MID:3.894 P1:3.894 P2:3.8935 P3:3.8935 P4:3.8935 STATE:IDLE
[2026-05-11 23:43:56Z] CHK MOM:0% RANGE:0.01% UP:20% SPREAD:0.05137426% BID:3.893 ASK:3.895 MID:3.894 P1:3.894 P2:3.8935 P3:3.8935 P4:3.8935 STATE:IDLE
[2026-05-11 23:43:56Z] CHK MOM:0% RANGE:0.01% UP:20% SPREAD:0.05137426% BID:3.893 ASK:3.895 MID:3.894 P1:3.894 P2:3.8935 P3:3.8935 P4:3.8935 STATE:IDLE
[2026-05-11 23:43:57Z] CHK MOM:0.01% RANGE:0.01% UP:50% SPREAD:0.05137426% BID:3.893 ASK:3.895 MID:3.894 P1:3.894 P2:3.894 P3:3.8935 P4:3.8935 STATE:IDLE
[2026-05-11 23:43:57Z] CHK MOM:0.01% RANGE:0.01% UP:50% SPREAD:0.05137426% BID:3.893 ASK:3.895 MID:3.894 P1:3.894 P2:3.894 P3:3.8935 P4:3.8935 STATE:IDLE
[2026-05-11 23:43:58Z] CHK MOM:-0.01% RANGE:0.02% UP:33.33% SPREAD:0.05138746% BID:3.892 ASK:3.894 MID:3.893 P1:3.893 P2:3.894 P3:3.894 P4:3.8935 STATE:IDLE
[2026-05-11 23:43:58Z] CHK MOM:-0.01% RANGE:0.02% UP:33.33% SPREAD:0.05138746% BID:3.892 ASK:3.894 MID:3.893 P1:3.893 P2:3.894 P3:3.894 P4:3.8935 STATE:IDLE
[2026-05-11 23:43:59Z] CHK MOM:-0.01% RANGE:0.02% UP:33.33% SPREAD:0.05138746% BID:3.892 ASK:3.894 MID:3.893 P1:3.893 P2:3.894 P3:3.894 P4:3.8935 STATE:IDLE
[2026-05-11 23:43:59Z] CHK MOM:-0.01% RANGE:0.02% UP:33.33% SPREAD:0.05138746% BID:3.892 ASK:3.894 MID:3.893 P1:3.893 P2:3.894 P3:3.894 P4:3.8935 STATE:IDLE
[2026-05-11 23:44:00Z] CHK MOM:0% RANGE:0.02% UP:33.33% SPREAD:0.05137426% BID:3.893 ASK:3.895 MID:3.894 P1:3.894 P2:3.893 P3:3.894 P4:3.894 STATE:IDLE
[2026-05-11 23:44:01Z] CHK MOM:0.05% RANGE:0.07% UP:50% SPREAD:0.05134788% BID:3.895 ASK:3.897 MID:3.896 P1:3.896 P2:3.894 P3:3.893 P4:3.894 STATE:IDLE
[2026-05-11 23:44:01Z] CHK MOM:0.05% RANGE:0.07% UP:50% SPREAD:0.05134788% BID:3.895 ASK:3.897 MID:3.896 P1:3.896 P2:3.894 P3:3.893 P4:3.894 STATE:IDLE
[2026-05-11 23:44:02Z] CHK MOM:0.05% RANGE:0.07% UP:50% SPREAD:0.05134788% BID:3.895 ASK:3.897 MID:3.896 P1:3.896 P2:3.894 P3:3.893 P4:3.894 STATE:IDLE
[2026-05-11 23:44:02Z] CHK MOM:0.05% RANGE:0.07% UP:50% SPREAD:0.05134788% BID:3.895 ASK:3.897 MID:3.896 P1:3.896 P2:3.894 P3:3.893 P4:3.894 STATE:IDLE
[2026-05-11 23:44:03Z] CHK MOM:0.05% RANGE:0.07% UP:50% SPREAD:0.05134788% BID:3.895 ASK:3.897 MID:3.896 P1:3.896 P2:3.894 P3:3.893 P4:3.894 STATE:IDLE
[2026-05-11 23:44:07Z] CHK MOM:0.05% RANGE:0.07% UP:50% SPREAD:0.05134788% BID:3.895 ASK:3.897 MID:3.896 P1:3.896 P2:3.896 P3:3.894 P4:3.893 STATE:IDLE
[2026-05-11 23:44:08Z] CHK MOM:0.05% RANGE:0.07% UP:50% SPREAD:0.05134788% BID:3.895 ASK:3.897 MID:3.896 P1:3.896 P2:3.896 P3:3.894 P4:3.893 STATE:IDLE
[2026-05-11 23:44:08Z] CHK MOM:0.06% RANGE:0.08% UP:60% SPREAD:0.02566735% BID:3.896 ASK:3.897 MID:3.89649999 P1:3.89649999 P2:3.896 P3:3.896 P4:3.894 STATE:IDLE
[2026-05-11 23:44:09Z] CHK MOM:0.06% RANGE:0.08% UP:60% SPREAD:0.02566735% BID:3.896 ASK:3.897 MID:3.89649999 P1:3.89649999 P2:3.896 P3:3.896 P4:3.894 STATE:IDLE
[2026-05-11 23:44:09Z] CHK MOM:0.08% RANGE:0.08% UP:60% SPREAD:0.02566735% BID:3.896 ASK:3.897 MID:3.89649999 P1:3.89649999 P2:3.89649999 P3:3.896 P4:3.896 STATE:IDLE
[2026-05-11 23:44:10Z] CHK MOM:0.08% RANGE:0.08% UP:60% SPREAD:0.02566735% BID:3.896 ASK:3.897 MID:3.89649999 P1:3.89649999 P2:3.89649999 P3:3.896 P4:3.896 STATE:IDLE
[2026-05-11 23:44:10Z] CHK MOM:0.08% RANGE:0.08% UP:60% SPREAD:0.02566735% BID:3.896 ASK:3.897 MID:3.89649999 P1:3.89649999 P2:3.89649999 P3:3.896 P4:3.896 STATE:IDLE
[2026-05-11 23:44:11Z] CHK MOM:0.06% RANGE:0.06% UP:40% SPREAD:0.02566735% BID:3.896 ASK:3.897 MID:3.89649999 P1:3.89649999 P2:3.89649999 P3:3.89649999 P4:3.896 STATE:IDLE
[2026-05-11 23:44:11Z] CHK MOM:0.06% RANGE:0.06% UP:40% SPREAD:0.02566735% BID:3.896 ASK:3.897 MID:3.89649999 P1:3.89649999 P2:3.89649999 P3:3.89649999 P4:3.896 STATE:IDLE
[2026-05-11 23:44:12Z] CHK MOM:0.06% RANGE:0.06% UP:40% SPREAD:0.02566735% BID:3.896 ASK:3.897 MID:3.89649999 P1:3.89649999 P2:3.89649999 P3:3.89649999 P4:3.896 STATE:IDLE
[2026-05-11 23:44:13Z] CHK MOM:0.06% RANGE:0.06% UP:40% SPREAD:0.02566735% BID:3.896 ASK:3.897 MID:3.89649999 P1:3.89649999 P2:3.89649999 P3:3.89649999 P4:3.896 STATE:IDLE
[2026-05-11 23:44:13Z] CHK MOM:0.06% RANGE:0.06% UP:40% SPREAD:0.02566735% BID:3.896 ASK:3.897 MID:3.89649999 P1:3.89649999 P2:3.89649999 P3:3.89649999 P4:3.896 STATE:IDLE
[2026-05-11 23:44:16Z] CHK MOM:0.01% RANGE:0.01% UP:25% SPREAD:0.02566735% BID:3.896 ASK:3.897 MID:3.89649999 P1:3.89649999 P2:3.89649999 P3:3.89649999 P4:3.89649999 STATE:IDLE
[2026-05-11 23:44:16Z] CHK MOM:0% RANGE:0.01% UP:20% SPREAD:0.05134788% BID:3.895 ASK:3.897 MID:3.896 P1:3.896 P2:3.89649999 P3:3.89649999 P4:3.89649999 STATE:IDLE
[2026-05-11 23:44:17Z] CHK MOM:0% RANGE:0.01% UP:20% SPREAD:0.05134788% BID:3.895 ASK:3.897 MID:3.896 P1:3.896 P2:3.89649999 P3:3.89649999 P4:3.89649999 STATE:IDLE
[2026-05-11 23:44:17Z] CHK MOM:0% RANGE:0.01% UP:20% SPREAD:0.05134788% BID:3.895 ASK:3.897 MID:3.896 P1:3.896 P2:3.89649999 P3:3.89649999 P4:3.89649999 STATE:IDLE
[2026-05-11 23:44:18Z] CHK MOM:0% RANGE:0.01% UP:20% SPREAD:0.05134788% BID:3.895 ASK:3.897 MID:3.896 P1:3.896 P2:3.89649999 P3:3.89649999 P4:3.89649999 STATE:IDLE
[2026-05-11 23:44:19Z] CHK MOM:0% RANGE:0.01% UP:20% SPREAD:0.05134788% BID:3.895 ASK:3.897 MID:3.896 P1:3.896 P2:3.89649999 P3:3.89649999 P4:3.89649999 STATE:IDLE
[2026-05-11 23:44:20Z] CHK MOM:-0.01% RANGE:0.01% UP:0% SPREAD:0.05134788% BID:3.895 ASK:3.897 MID:3.896 P1:3.896 P2:3.896 P3:3.89649999 P4:3.89649999 STATE:IDLE
[2026-05-11 23:44:21Z] CHK MOM:-0.01% RANGE:0.01% UP:0% SPREAD:0.05134788% BID:3.895 ASK:3.897 MID:3.896 P1:3.896 P2:3.896 P3:3.89649999 P4:3.89649999 STATE:IDLE
[2026-05-11 23:44:21Z] CHK MOM:-0.01% RANGE:0.01% UP:0% SPREAD:0.05134788% BID:3.895 ASK:3.897 MID:3.896 P1:3.896 P2:3.896 P3:3.89649999 P4:3.89649999 STATE:IDLE
[2026-05-11 23:44:22Z] CHK MOM:-0.01% RANGE:0.01% UP:0% SPREAD:0.05134788% BID:3.895 ASK:3.897 MID:3.896 P1:3.896 P2:3.896 P3:3.89649999 P4:3.89649999 STATE:IDLE
[2026-05-11 23:44:22Z] CHK MOM:-0.01% RANGE:0.01% UP:0% SPREAD:0.05134788% BID:3.895 ASK:3.897 MID:3.896 P1:3.896 P2:3.896 P3:3.89649999 P4:3.89649999 STATE:IDLE
[2026-05-11 23:44:23Z] CHK MOM:0% RANGE:0.01% UP:33.33% SPREAD:0.02566735% BID:3.896 ASK:3.897 MID:3.89649999 P1:3.89649999 P2:3.896 P3:3.896 P4:3.89649999 STATE:IDLE
[2026-05-11 23:44:24Z] CHK MOM:0% RANGE:0.01% UP:33.33% SPREAD:0.02566735% BID:3.896 ASK:3.897 MID:3.89649999 P1:3.89649999 P2:3.896 P3:3.896 P4:3.89649999 STATE:IDLE
[2026-05-11 23:44:24Z] CHK MOM:0% RANGE:0.01% UP:25% SPREAD:0.02566735% BID:3.896 ASK:3.897 MID:3.89649999 P1:3.89649999 P2:3.89649999 P3:3.896 P4:3.896 STATE:IDLE
[2026-05-11 23:44:25Z] CHK MOM:0% RANGE:0.01% UP:25% SPREAD:0.02566735% BID:3.896 ASK:3.897 MID:3.89649999 P1:3.89649999 P2:3.89649999 P3:3.896 P4:3.896 STATE:IDLE
[2026-05-11 23:44:25Z] CHK MOM:0% RANGE:0.01% UP:25% SPREAD:0.02566735% BID:3.896 ASK:3.897 MID:3.89649999 P1:3.89649999 P2:3.89649999 P3:3.896 P4:3.896 STATE:IDLE
[2026-05-11 23:44:26Z] CHK MOM:0% RANGE:0.01% UP:25% SPREAD:0.02566735% BID:3.896 ASK:3.897 MID:3.89649999 P1:3.89649999 P2:3.89649999 P3:3.896 P4:3.896 STATE:IDLE
[2026-05-11 23:44:26Z] CHK MOM:0% RANGE:0.01% UP:25% SPREAD:0.02566735% BID:3.896 ASK:3.897 MID:3.89649999 P1:3.89649999 P2:3.89649999 P3:3.896 P4:3.896 STATE:IDLE
[2026-05-11 23:44:27Z] CHK MOM:0% RANGE:0.01% UP:25% SPREAD:0.02566735% BID:3.896 ASK:3.897 MID:3.89649999 P1:3.89649999 P2:3.89649999 P3:3.896 P4:3.896 STATE:IDLE
[2026-05-11 23:44:28Z] CHK MOM:0% RANGE:0.01% UP:20% SPREAD:0.02566735% BID:3.896 ASK:3.897 MID:3.89649999 P1:3.89649999 P2:3.89649999 P3:3.89649999 P4:3.896 STATE:IDLE
[2026-05-11 23:44:28Z] CHK MOM:0% RANGE:0.01% UP:20% SPREAD:0.02566735% BID:3.896 ASK:3.897 MID:3.89649999 P1:3.89649999 P2:3.89649999 P3:3.89649999 P4:3.896 STATE:IDLE
[2026-05-11 23:44:29Z] CHK MOM:0% RANGE:0.01% UP:20% SPREAD:0.02566735% BID:3.896 ASK:3.897 MID:3.89649999 P1:3.89649999 P2:3.89649999 P3:3.89649999 P4:3.896 STATE:IDLE
[2026-05-11 23:44:30Z] CHK MOM:0% RANGE:0.01% UP:20% SPREAD:0.02566735% BID:3.896 ASK:3.897 MID:3.89649999 P1:3.89649999 P2:3.89649999 P3:3.89649999 P4:3.896 STATE:IDLE
[2026-05-11 23:44:30Z] CHK MOM:0.01% RANGE:0.01% UP:25% SPREAD:0.02566735% BID:3.896 ASK:3.897 MID:3.89649999 P1:3.89649999 P2:3.89649999 P3:3.89649999 P4:3.89649999 STATE:IDLE
[2026-05-11 23:44:31Z] CHK MOM:0.01% RANGE:0.01% UP:25% SPREAD:0.02566735% BID:3.896 ASK:3.897 MID:3.89649999 P1:3.89649999 P2:3.89649999 P3:3.89649999 P4:3.89649999 STATE:IDLE
[2026-05-11 23:44:31Z] CHK MOM:0.01% RANGE:0.01% UP:25% SPREAD:0.02566735% BID:3.896 ASK:3.897 MID:3.89649999 P1:3.89649999 P2:3.89649999 P3:3.89649999 P4:3.89649999 STATE:IDLE
[2026-05-11 23:44:32Z] CHK MOM:0.01% RANGE:0.01% UP:25% SPREAD:0.02566735% BID:3.896 ASK:3.897 MID:3.89649999 P1:3.89649999 P2:3.89649999 P3:3.89649999 P4:3.89649999 STATE:IDLE
[2026-05-11 23:44:32Z] CHK MOM:-0.01% RANGE:0.01% UP:0% SPREAD:0.05134788% BID:3.895 ASK:3.897 MID:3.896 P1:3.896 P2:3.89649999 P3:3.89649999 P4:3.89649999 STATE:IDLE
[2026-05-11 23:44:33Z] CHK MOM:-0.01% RANGE:0.01% UP:0% SPREAD:0.05134788% BID:3.895 ASK:3.897 MID:3.896 P1:3.896 P2:3.89649999 P3:3.89649999 P4:3.89649999 STATE:IDLE
[2026-05-11 23:44:33Z] CHK MOM:-0.01% RANGE:0.01% UP:0% SPREAD:0.05134788% BID:3.895 ASK:3.897 MID:3.896 P1:3.896 P2:3.89649999 P3:3.89649999 P4:3.89649999 STATE:IDLE
[2026-05-11 23:44:34Z] CHK MOM:-0.01% RANGE:0.01% UP:0% SPREAD:0.05134788% BID:3.895 ASK:3.897 MID:3.896 P1:3.896 P2:3.89649999 P3:3.89649999 P4:3.89649999 STATE:IDLE
[2026-05-11 23:44:35Z] CHK MOM:-0.01% RANGE:0.01% UP:0% SPREAD:0.05134788% BID:3.895 ASK:3.897 MID:3.896 P1:3.896 P2:3.89649999 P3:3.89649999 P4:3.89649999 STATE:IDLE
[2026-05-11 23:44:41Z] CHK MOM:-0.01% RANGE:0.01% UP:0% SPREAD:0.05134788% BID:3.895 ASK:3.897 MID:3.896 P1:3.896 P2:3.896 P3:3.89649999 P4:3.89649999 STATE:IDLE
[2026-05-11 23:44:42Z] CHK MOM:-0.01% RANGE:0.01% UP:0% SPREAD:0.05134788% BID:3.895 ASK:3.897 MID:3.896 P1:3.896 P2:3.896 P3:3.89649999 P4:3.89649999 STATE:IDLE
[2026-05-11 23:44:42Z] CHK MOM:-0.01% RANGE:0.01% UP:0% SPREAD:0.05134788% BID:3.895 ASK:3.897 MID:3.896 P1:3.896 P2:3.896 P3:3.89649999 P4:3.89649999 STATE:IDLE
[2026-05-11 23:44:43Z] CHK MOM:0% RANGE:0% UP:0% SPREAD:0.05134788% BID:3.895 ASK:3.897 MID:3.896 P1:3.896 P2:3.896 P3:3.896 P4:3.89649999 STATE:IDLE
[2026-05-11 23:44:43Z] CHK MOM:0% RANGE:0% UP:0% SPREAD:0.05134788% BID:3.895 ASK:3.897 MID:3.896 P1:3.896 P2:3.896 P3:3.896 P4:3.89649999 STATE:IDLE
[2026-05-11 23:44:44Z] CHK MOM:0% RANGE:0% UP:0% SPREAD:0.05134788% BID:3.895 ASK:3.897 MID:3.896 P1:3.896 P2:3.896 P3:3.896 P4:3.89649999 STATE:IDLE
[2026-05-11 23:44:44Z] CHK MOM:0% RANGE:0% UP:0% SPREAD:0.05134788% BID:3.895 ASK:3.897 MID:3.896 P1:3.896 P2:3.896 P3:3.896 P4:3.89649999 STATE:IDLE
[2026-05-11 23:44:45Z] CHK MOM:0% RANGE:0% UP:0% SPREAD:0.05134788% BID:3.895 ASK:3.897 MID:3.896 P1:3.896 P2:3.896 P3:3.896 P4:3.89649999 STATE:IDLE
[2026-05-11 23:44:45Z] CHK MOM:0% RANGE:0% UP:0% SPREAD:0.05134788% BID:3.895 ASK:3.897 MID:3.896 P1:3.896 P2:3.896 P3:3.896 P4:3.89649999 STATE:IDLE
[2026-05-11 23:44:48Z] CHK MOM:0.01% RANGE:0.01% UP:50% SPREAD:0.02566735% BID:3.896 ASK:3.897 MID:3.89649999 P1:3.89649999 P2:3.896 P3:3.896 P4:3.896 STATE:IDLE
[2026-05-11 23:44:49Z] CHK MOM:0.01% RANGE:0.01% UP:50% SPREAD:0.02566735% BID:3.896 ASK:3.897 MID:3.89649999 P1:3.89649999 P2:3.896 P3:3.896 P4:3.896 STATE:IDLE
[2026-05-11 23:44:49Z] CHK MOM:0.01% RANGE:0.01% UP:50% SPREAD:0.02566735% BID:3.896 ASK:3.897 MID:3.89649999 P1:3.89649999 P2:3.896 P3:3.896 P4:3.896 STATE:IDLE
[2026-05-11 23:44:50Z] CHK MOM:0.01% RANGE:0.01% UP:33.33% SPREAD:0.02566735% BID:3.896 ASK:3.897 MID:3.89649999 P1:3.89649999 P2:3.89649999 P3:3.896 P4:3.896 STATE:IDLE
[2026-05-11 23:44:50Z] CHK MOM:0.01% RANGE:0.01% UP:33.33% SPREAD:0.02566735% BID:3.896 ASK:3.897 MID:3.89649999 P1:3.89649999 P2:3.89649999 P3:3.896 P4:3.896 STATE:IDLE
[2026-05-11 23:44:51Z] CHK MOM:0.01% RANGE:0.01% UP:25% SPREAD:0.02566735% BID:3.896 ASK:3.897 MID:3.89649999 P1:3.89649999 P2:3.89649999 P3:3.89649999 P4:3.896 STATE:IDLE
[2026-05-11 23:44:51Z] CHK MOM:0.01% RANGE:0.01% UP:25% SPREAD:0.02566735% BID:3.896 ASK:3.897 MID:3.89649999 P1:3.89649999 P2:3.89649999 P3:3.89649999 P4:3.896 STATE:IDLE
[2026-05-11 23:44:52Z] CHK MOM:0.01% RANGE:0.01% UP:25% SPREAD:0.02566735% BID:3.896 ASK:3.897 MID:3.89649999 P1:3.89649999 P2:3.89649999 P3:3.89649999 P4:3.896 STATE:IDLE
[2026-05-11 23:44:52Z] CHK MOM:0.01% RANGE:0.01% UP:25% SPREAD:0.02566735% BID:3.896 ASK:3.897 MID:3.89649999 P1:3.89649999 P2:3.89649999 P3:3.89649999 P4:3.896 STATE:IDLE
[2026-05-11 23:44:53Z] CHK MOM:0.01% RANGE:0.01% UP:25% SPREAD:0.02566735% BID:3.896 ASK:3.897 MID:3.89649999 P1:3.89649999 P2:3.89649999 P3:3.89649999 P4:3.896 STATE:IDLE
[2026-05-11 23:44:54Z] CHK MOM:0.01% RANGE:0.01% UP:25% SPREAD:0.02566735% BID:3.896 ASK:3.897 MID:3.89649999 P1:3.89649999 P2:3.89649999 P3:3.89649999 P4:3.896 STATE:IDLE
[2026-05-11 23:45:01Z] CHK MOM:0.02% RANGE:0.02% UP:50% SPREAD:0.02566076% BID:3.897 ASK:3.898 MID:3.8975 P1:3.8975 P2:3.89649999 P3:3.89649999 P4:3.89649999 STATE:IDLE
[2026-05-11 23:45:01Z] CHK MOM:0.02% RANGE:0.02% UP:33.33% SPREAD:0.02566076% BID:3.897 ASK:3.898 MID:3.8975 P1:3.8975 P2:3.8975 P3:3.89649999 P4:3.89649999 STATE:IDLE
[2026-05-11 23:45:02Z] CHK MOM:0.02% RANGE:0.02% UP:33.33% SPREAD:0.02566076% BID:3.897 ASK:3.898 MID:3.8975 P1:3.8975 P2:3.8975 P3:3.8975 P4:3.89649999 STATE:IDLE
[2026-05-11 23:45:02Z] CHK MOM:0.02% RANGE:0.02% UP:33.33% SPREAD:0.02566076% BID:3.897 ASK:3.898 MID:3.8975 P1:3.8975 P2:3.8975 P3:3.8975 P4:3.89649999 STATE:IDLE
[2026-05-11 23:45:03Z] CHK MOM:0.02% RANGE:0.02% UP:33.33% SPREAD:0.02566076% BID:3.897 ASK:3.898 MID:3.8975 P1:3.8975 P2:3.8975 P3:3.8975 P4:3.89649999 STATE:IDLE
[2026-05-11 23:45:03Z] CHK MOM:0.02% RANGE:0.02% UP:33.33% SPREAD:0.02566076% BID:3.897 ASK:3.898 MID:3.8975 P1:3.8975 P2:3.8975 P3:3.8975 P4:3.89649999 STATE:IDLE
[2026-05-11 23:45:04Z] CHK MOM:0% RANGE:0% UP:0% SPREAD:0.02566076% BID:3.897 ASK:3.898 MID:3.8975 P1:3.8975 P2:3.8975 P3:3.8975 P4:3.8975 STATE:IDLE
[2026-05-11 23:45:04Z] CHK MOM:0% RANGE:0% UP:0% SPREAD:0.02566076% BID:3.897 ASK:3.898 MID:3.8975 P1:3.8975 P2:3.8975 P3:3.8975 P4:3.8975 STATE:IDLE
[2026-05-11 23:45:05Z] CHK MOM:0% RANGE:0% UP:0% SPREAD:0.02566076% BID:3.897 ASK:3.898 MID:3.8975 P1:3.8975 P2:3.8975 P3:3.8975 P4:3.8975 STATE:IDLE
[2026-05-11 23:45:06Z] CHK MOM:0% RANGE:0% UP:0% SPREAD:0.02566076% BID:3.897 ASK:3.898 MID:3.8975 P1:3.8975 P2:3.8975 P3:3.8975 P4:3.8975 STATE:IDLE
[2026-05-11 23:45:06Z] CHK MOM:0% RANGE:0% UP:0% SPREAD:0.02566076% BID:3.897 ASK:3.898 MID:3.8975 P1:3.8975 P2:3.8975 P3:3.8975 P4:3.8975 STATE:IDLE
[2026-05-11 23:45:07Z] CHK MOM:0% RANGE:0% UP:0% SPREAD:0.02566076% BID:3.897 ASK:3.898 MID:3.8975 P1:3.8975 P2:3.8975 P3:3.8975 P4:3.8975 STATE:IDLE
[2026-05-11 23:45:08Z] CHK MOM:0% RANGE:0% UP:0% SPREAD:0.02566076% BID:3.897 ASK:3.898 MID:3.8975 P1:3.8975 P2:3.8975 P3:3.8975 P4:3.8975 STATE:IDLE
[2026-05-11 23:45:08Z] CHK MOM:0% RANGE:0% UP:0% SPREAD:0.02566076% BID:3.897 ASK:3.898 MID:3.8975 P1:3.8975 P2:3.8975 P3:3.8975 P4:3.8975 STATE:IDLE
[2026-05-11 23:45:09Z] CHK MOM:0% RANGE:0% UP:0% SPREAD:0.02566076% BID:3.897 ASK:3.898 MID:3.8975 P1:3.8975 P2:3.8975 P3:3.8975 P4:3.8975 STATE:IDLE
[2026-05-11 23:45:09Z] CHK MOM:0% RANGE:0% UP:0% SPREAD:0.02566076% BID:3.897 ASK:3.898 MID:3.8975 P1:3.8975 P2:3.8975 P3:3.8975 P4:3.8975 STATE:IDLE
[2026-05-11 23:45:10Z] CHK MOM:0% RANGE:0% UP:0% SPREAD:0.02566076% BID:3.897 ASK:3.898 MID:3.8975 P1:3.8975 P2:3.8975 P3:3.8975 P4:3.8975 STATE:IDLE
[2026-05-11 23:45:10Z] CHK MOM:0% RANGE:0% UP:0% SPREAD:0.02566076% BID:3.897 ASK:3.898 MID:3.8975 P1:3.8975 P2:3.8975 P3:3.8975 P4:3.8975 STATE:IDLE
[2026-05-11 23:45:22Z] CHK MOM:0% RANGE:0% UP:0% SPREAD:0.02566076% BID:3.897 ASK:3.898 MID:3.8975 P1:3.8975 P2:3.8975 P3:3.8975 P4:3.8975 STATE:IDLE
[2026-05-11 23:45:23Z] CHK MOM:0% RANGE:0% UP:0% SPREAD:0.02566076% BID:3.897 ASK:3.898 MID:3.8975 P1:3.8975 P2:3.8975 P3:3.8975 P4:3.8975 STATE:IDLE
[2026-05-11 23:45:23Z] CHK MOM:0% RANGE:0% UP:0% SPREAD:0.02566076% BID:3.897 ASK:3.898 MID:3.8975 P1:3.8975 P2:3.8975 P3:3.8975 P4:3.8975 STATE:IDLE
[2026-05-11 23:45:24Z] CHK MOM:0% RANGE:0% UP:0% SPREAD:0.02566076% BID:3.897 ASK:3.898 MID:3.8975 P1:3.8975 P2:3.8975 P3:3.8975 P4:3.8975 STATE:IDLE
[2026-05-11 23:45:24Z] CHK MOM:0.01% RANGE:0.01% UP:50% SPREAD:0.05132152% BID:3.897 ASK:3.899 MID:3.89799999 P1:3.89799999 P2:3.8975 P3:3.8975 P4:3.8975 STATE:IDLE
[2026-05-11 23:45:25Z] CHK MOM:0.01% RANGE:0.01% UP:33.33% SPREAD:0.05132152% BID:3.897 ASK:3.899 MID:3.89799999 P1:3.89799999 P2:3.89799999 P3:3.8975 P4:3.8975 STATE:IDLE
[2026-05-11 23:45:25Z] CHK MOM:0.01% RANGE:0.01% UP:33.33% SPREAD:0.05132152% BID:3.897 ASK:3.899 MID:3.89799999 P1:3.89799999 P2:3.89799999 P3:3.8975 P4:3.8975 STATE:IDLE
[2026-05-11 23:45:26Z] CHK MOM:0.01% RANGE:0.01% UP:33.33% SPREAD:0.05132152% BID:3.897 ASK:3.899 MID:3.89799999 P1:3.89799999 P2:3.89799999 P3:3.8975 P4:3.8975 STATE:IDLE
[2026-05-11 23:45:26Z] CHK MOM:0.01% RANGE:0.01% UP:33.33% SPREAD:0.05132152% BID:3.897 ASK:3.899 MID:3.89799999 P1:3.89799999 P2:3.89799999 P3:3.8975 P4:3.8975 STATE:IDLE
[2026-05-11 23:45:27Z] CHK MOM:0.01% RANGE:0.01% UP:33.33% SPREAD:0.05132152% BID:3.897 ASK:3.899 MID:3.89799999 P1:3.89799999 P2:3.89799999 P3:3.8975 P4:3.8975 STATE:IDLE
[2026-05-11 23:45:28Z] CHK MOM:0.01% RANGE:0.01% UP:25% SPREAD:0.05132152% BID:3.897 ASK:3.899 MID:3.89799999 P1:3.89799999 P2:3.89799999 P3:3.89799999 P4:3.8975 STATE:IDLE
[2026-05-11 23:45:28Z] CHK MOM:0.01% RANGE:0.01% UP:20% SPREAD:0.05132152% BID:3.897 ASK:3.899 MID:3.89799999 P1:3.89799999 P2:3.89799999 P3:3.89799999 P4:3.89799999 STATE:IDLE
[2026-05-11 23:45:29Z] CHK MOM:0.01% RANGE:0.01% UP:16.66% SPREAD:0.05132152% BID:3.897 ASK:3.899 MID:3.89799999 P1:3.89799999 P2:3.89799999 P3:3.89799999 P4:3.89799999 STATE:IDLE
[2026-05-11 23:45:29Z] CHK MOM:0.01% RANGE:0.01% UP:14.28% SPREAD:0.05132152% BID:3.897 ASK:3.899 MID:3.89799999 P1:3.89799999 P2:3.89799999 P3:3.89799999 P4:3.89799999 STATE:IDLE
[2026-05-11 23:45:30Z] CHK MOM:0.01% RANGE:0.01% UP:14.28% SPREAD:0.05132152% BID:3.897 ASK:3.899 MID:3.89799999 P1:3.89799999 P2:3.89799999 P3:3.89799999 P4:3.89799999 STATE:IDLE
[2026-05-11 23:45:30Z] CHK MOM:0.01% RANGE:0.01% UP:14.28% SPREAD:0.05132152% BID:3.897 ASK:3.899 MID:3.89799999 P1:3.89799999 P2:3.89799999 P3:3.89799999 P4:3.89799999 STATE:IDLE
[2026-05-11 23:45:31Z] CHK MOM:0.01% RANGE:0.01% UP:14.28% SPREAD:0.05132152% BID:3.897 ASK:3.899 MID:3.89799999 P1:3.89799999 P2:3.89799999 P3:3.89799999 P4:3.89799999 STATE:IDLE
[2026-05-11 23:45:31Z] CHK MOM:0.01% RANGE:0.01% UP:14.28% SPREAD:0.05132152% BID:3.897 ASK:3.899 MID:3.89799999 P1:3.89799999 P2:3.89799999 P3:3.89799999 P4:3.89799999 STATE:IDLE
[2026-05-11 23:45:32Z] CHK MOM:0% RANGE:0.01% UP:12.5% SPREAD:0.02566076% BID:3.897 ASK:3.898 MID:3.8975 P1:3.8975 P2:3.89799999 P3:3.89799999 P4:3.89799999 STATE:IDLE
[2026-05-11 23:45:32Z] CHK MOM:0.01% RANGE:0.01% UP:22.22% SPREAD:0.05132152% BID:3.897 ASK:3.899 MID:3.89799999 P1:3.89799999 P2:3.8975 P3:3.89799999 P4:3.89799999 STATE:IDLE
[2026-05-11 23:45:33Z] CHK MOM:0.01% RANGE:0.01% UP:22.22% SPREAD:0.05132152% BID:3.897 ASK:3.899 MID:3.89799999 P1:3.89799999 P2:3.8975 P3:3.89799999 P4:3.89799999 STATE:IDLE
[2026-05-11 23:45:34Z] CHK MOM:-0.03% RANGE:0.05% UP:20% SPREAD:0.05134788% BID:3.895 ASK:3.897 MID:3.896 P1:3.896 P2:3.89799999 P3:3.8975 P4:3.89799999 STATE:IDLE
[2026-05-11 23:45:34Z] CHK MOM:-0.03% RANGE:0.05% UP:20% SPREAD:0.05134788% BID:3.895 ASK:3.897 MID:3.896 P1:3.896 P2:3.89799999 P3:3.8975 P4:3.89799999 STATE:IDLE
[2026-05-11 23:45:35Z] CHK MOM:-0.03% RANGE:0.05% UP:20% SPREAD:0.05134788% BID:3.895 ASK:3.897 MID:3.896 P1:3.896 P2:3.89799999 P3:3.8975 P4:3.89799999 STATE:IDLE
[2026-05-11 23:45:35Z] CHK MOM:-0.05% RANGE:0.05% UP:11.11% SPREAD:0.05134788% BID:3.895 ASK:3.897 MID:3.896 P1:3.896 P2:3.896 P3:3.89799999 P4:3.8975 STATE:IDLE
[2026-05-11 23:45:36Z] CHK MOM:-0.06% RANGE:0.06% UP:10% SPREAD:0.02567394% BID:3.895 ASK:3.896 MID:3.8955 P1:3.8955 P2:3.896 P3:3.896 P4:3.89799999 STATE:IDLE
[2026-05-11 23:45:36Z] CHK MOM:-0.03% RANGE:0.06% UP:18.18% SPREAD:0.02566735% BID:3.896 ASK:3.897 MID:3.89649999 P1:3.89649999 P2:3.8955 P3:3.896 P4:3.896 STATE:IDLE
[2026-05-11 23:45:37Z] CHK MOM:-0.05% RANGE:0.06% UP:18.18% SPREAD:0.05134788% BID:3.895 ASK:3.897 MID:3.896 P1:3.896 P2:3.89649999 P3:3.8955 P4:3.896 STATE:IDLE
[2026-05-11 23:45:37Z] CHK MOM:-0.05% RANGE:0.06% UP:18.18% SPREAD:0.05134788% BID:3.895 ASK:3.897 MID:3.896 P1:3.896 P2:3.89649999 P3:3.8955 P4:3.896 STATE:IDLE
[2026-05-11 23:45:38Z] CHK MOM:-0.05% RANGE:0.06% UP:18.18% SPREAD:0.05134788% BID:3.895 ASK:3.897 MID:3.896 P1:3.896 P2:3.89649999 P3:3.8955 P4:3.896 STATE:IDLE
[2026-05-11 23:45:39Z] CHK MOM:-0.05% RANGE:0.06% UP:18.18% SPREAD:0.05134788% BID:3.895 ASK:3.897 MID:3.896 P1:3.896 P2:3.89649999 P3:3.8955 P4:3.896 STATE:IDLE
[2026-05-11 23:45:39Z] CHK MOM:-0.05% RANGE:0.06% UP:18.18% SPREAD:0.05134788% BID:3.895 ASK:3.897 MID:3.896 P1:3.896 P2:3.89649999 P3:3.8955 P4:3.896 STATE:IDLE
[2026-05-11 23:45:40Z] CHK MOM:-0.03% RANGE:0.06% UP:30% SPREAD:0.02566735% BID:3.896 ASK:3.897 MID:3.89649999 P1:3.89649999 P2:3.896 P3:3.89649999 P4:3.8955 STATE:IDLE
[2026-05-11 23:45:40Z] CHK MOM:-0.03% RANGE:0.06% UP:27.27% SPREAD:0.02566735% BID:3.896 ASK:3.897 MID:3.89649999 P1:3.89649999 P2:3.89649999 P3:3.896 P4:3.89649999 STATE:IDLE
[2026-05-11 23:45:41Z] CHK MOM:-0.02% RANGE:0.06% UP:36.36% SPREAD:0.0513347% BID:3.896 ASK:3.898 MID:3.897 P1:3.897 P2:3.89649999 P3:3.89649999 P4:3.896 STATE:IDLE
[2026-05-11 23:45:41Z] CHK MOM:-0.02% RANGE:0.06% UP:36.36% SPREAD:0.0513347% BID:3.896 ASK:3.898 MID:3.897 P1:3.897 P2:3.89649999 P3:3.89649999 P4:3.896 STATE:IDLE
[2026-05-11 23:45:42Z] CHK MOM:-0.01% RANGE:0.06% UP:40% SPREAD:0.0513347% BID:3.896 ASK:3.898 MID:3.897 P1:3.897 P2:3.897 P3:3.89649999 P4:3.89649999 STATE:IDLE
[2026-05-11 23:45:42Z] CHK MOM:-0.01% RANGE:0.06% UP:36.36% SPREAD:0.0513347% BID:3.896 ASK:3.898 MID:3.897 P1:3.897 P2:3.897 P3:3.897 P4:3.89649999 STATE:IDLE
[2026-05-11 23:45:43Z] CHK MOM:0% RANGE:0.06% UP:41.66% SPREAD:0.02566076% BID:3.897 ASK:3.898 MID:3.8975 P1:3.8975 P2:3.897 P3:3.897 P4:3.897 STATE:IDLE
[2026-05-11 23:45:43Z] CHK MOM:0% RANGE:0.06% UP:41.66% SPREAD:0.02566076% BID:3.897 ASK:3.898 MID:3.8975 P1:3.8975 P2:3.897 P3:3.897 P4:3.897 STATE:IDLE
[2026-05-11 23:45:44Z] CHK MOM:0% RANGE:0.06% UP:41.66% SPREAD:0.02566076% BID:3.897 ASK:3.898 MID:3.8975 P1:3.8975 P2:3.897 P3:3.897 P4:3.897 STATE:IDLE
[2026-05-11 23:45:45Z] CHK MOM:0% RANGE:0.06% UP:41.66% SPREAD:0.02566076% BID:3.897 ASK:3.898 MID:3.8975 P1:3.8975 P2:3.897 P3:3.897 P4:3.897 STATE:IDLE
[2026-05-11 23:45:45Z] CHK MOM:0% RANGE:0.06% UP:41.66% SPREAD:0.02566076% BID:3.897 ASK:3.898 MID:3.8975 P1:3.8975 P2:3.897 P3:3.897 P4:3.897 STATE:IDLE
[2026-05-11 23:45:48Z] CHK MOM:0.05% RANGE:0.05% UP:44.44% SPREAD:0.02566076% BID:3.897 ASK:3.898 MID:3.8975 P1:3.8975 P2:3.8975 P3:3.897 P4:3.897 STATE:IDLE
[2026-05-11 23:45:48Z] CHK MOM:0.05% RANGE:0.05% UP:44.44% SPREAD:0.02566076% BID:3.897 ASK:3.898 MID:3.8975 P1:3.8975 P2:3.8975 P3:3.897 P4:3.897 STATE:IDLE
[2026-05-11 23:45:49Z] CHK MOM:0.03% RANGE:0.03% UP:42.85% SPREAD:0.05132152% BID:3.897 ASK:3.899 MID:3.89799999 P1:3.89799999 P2:3.8975 P3:3.8975 P4:3.897 STATE:IDLE
[2026-05-11 23:45:50Z] CHK MOM:0.03% RANGE:0.03% UP:42.85% SPREAD:0.05132152% BID:3.897 ASK:3.899 MID:3.89799999 P1:3.89799999 P2:3.8975 P3:3.8975 P4:3.897 STATE:IDLE
[2026-05-11 23:45:50Z] CHK MOM:0.03% RANGE:0.03% UP:42.85% SPREAD:0.05132152% BID:3.897 ASK:3.899 MID:3.89799999 P1:3.89799999 P2:3.8975 P3:3.8975 P4:3.897 STATE:IDLE
[2026-05-11 23:45:51Z] CHK MOM:0.03% RANGE:0.03% UP:42.85% SPREAD:0.05132152% BID:3.897 ASK:3.899 MID:3.89799999 P1:3.89799999 P2:3.8975 P3:3.8975 P4:3.897 STATE:IDLE
[2026-05-11 23:45:51Z] CHK MOM:0.03% RANGE:0.03% UP:42.85% SPREAD:0.05132152% BID:3.897 ASK:3.899 MID:3.89799999 P1:3.89799999 P2:3.8975 P3:3.8975 P4:3.897 STATE:IDLE
[2026-05-11 23:45:52Z] CHK MOM:0.03% RANGE:0.03% UP:42.85% SPREAD:0.05132152% BID:3.897 ASK:3.899 MID:3.89799999 P1:3.89799999 P2:3.8975 P3:3.8975 P4:3.897 STATE:IDLE
[2026-05-11 23:45:57Z] CHK MOM:0.01% RANGE:0.01% UP:50% SPREAD:0.05132152% BID:3.897 ASK:3.899 MID:3.89799999 P1:3.89799999 P2:3.89799999 P3:3.8975 P4:3.8975 STATE:IDLE
[2026-05-11 23:45:58Z] CHK MOM:0.01% RANGE:0.01% UP:50% SPREAD:0.05132152% BID:3.897 ASK:3.899 MID:3.89799999 P1:3.89799999 P2:3.89799999 P3:3.8975 P4:3.8975 STATE:IDLE
[2026-05-11 23:45:58Z] CHK MOM:0.01% RANGE:0.01% UP:50% SPREAD:0.05132152% BID:3.897 ASK:3.899 MID:3.89799999 P1:3.89799999 P2:3.89799999 P3:3.8975 P4:3.8975 STATE:IDLE
[2026-05-11 23:45:59Z] CHK MOM:0.01% RANGE:0.01% UP:50% SPREAD:0.05132152% BID:3.897 ASK:3.899 MID:3.89799999 P1:3.89799999 P2:3.89799999 P3:3.8975 P4:3.8975 STATE:IDLE
[2026-05-11 23:45:59Z] CHK MOM:0.01% RANGE:0.01% UP:50% SPREAD:0.05132152% BID:3.897 ASK:3.899 MID:3.89799999 P1:3.89799999 P2:3.89799999 P3:3.8975 P4:3.8975 STATE:IDLE
[2026-05-11 23:46:00Z] CHK MOM:-0.03% RANGE:0.03% UP:0% SPREAD:0.02566735% BID:3.896 ASK:3.897 MID:3.89649999 P1:3.89649999 P2:3.89799999 P3:3.89799999 P4:3.8975 STATE:IDLE
[2026-05-11 23:46:00Z] CHK MOM:-0.03% RANGE:0.03% UP:0% SPREAD:0.02566735% BID:3.896 ASK:3.897 MID:3.89649999 P1:3.89649999 P2:3.89649999 P3:3.89799999 P4:3.89799999 STATE:IDLE
[2026-05-11 23:46:01Z] CHK MOM:-0.05% RANGE:0.05% UP:0% SPREAD:0.05134788% BID:3.895 ASK:3.897 MID:3.896 P1:3.896 P2:3.89649999 P3:3.89649999 P4:3.89799999 STATE:IDLE
[2026-05-11 23:46:01Z] CHK MOM:-0.08% RANGE:0.08% UP:0% SPREAD:0.02568053% BID:3.894 ASK:3.895 MID:3.8945 P1:3.8945 P2:3.896 P3:3.89649999 P4:3.89649999 STATE:IDLE
[2026-05-11 23:46:02Z] CHK MOM:-0.07% RANGE:0.08% UP:20% SPREAD:0.05136106% BID:3.894 ASK:3.896 MID:3.895 P1:3.895 P2:3.8945 P3:3.896 P4:3.89649999 STATE:IDLE
[2026-05-11 23:46:03Z] CHK MOM:-0.07% RANGE:0.08% UP:16.66% SPREAD:0.05136106% BID:3.894 ASK:3.896 MID:3.895 P1:3.895 P2:3.895 P3:3.8945 P4:3.896 STATE:IDLE
[2026-05-11 23:46:03Z] CHK MOM:-0.05% RANGE:0.08% UP:28.57% SPREAD:0.05134788% BID:3.895 ASK:3.897 MID:3.896 P1:3.896 P2:3.895 P3:3.895 P4:3.8945 STATE:IDLE
[2026-05-11 23:46:04Z] CHK MOM:-0.05% RANGE:0.08% UP:25% SPREAD:0.05134788% BID:3.895 ASK:3.897 MID:3.896 P1:3.896 P2:3.896 P3:3.895 P4:3.895 STATE:IDLE
[2026-05-11 23:46:04Z] CHK MOM:-0.05% RANGE:0.08% UP:25% SPREAD:0.05134788% BID:3.895 ASK:3.897 MID:3.896 P1:3.896 P2:3.896 P3:3.895 P4:3.895 STATE:IDLE
[2026-05-11 23:46:05Z] CHK MOM:-0.05% RANGE:0.08% UP:25% SPREAD:0.05134788% BID:3.895 ASK:3.897 MID:3.896 P1:3.896 P2:3.896 P3:3.895 P4:3.895 STATE:IDLE
[2026-05-11 23:46:05Z] CHK MOM:-0.05% RANGE:0.08% UP:25% SPREAD:0.05134788% BID:3.895 ASK:3.897 MID:3.896 P1:3.896 P2:3.896 P3:3.895 P4:3.895 STATE:IDLE
[2026-05-11 23:46:06Z] CHK MOM:-0.05% RANGE:0.08% UP:25% SPREAD:0.05134788% BID:3.895 ASK:3.897 MID:3.896 P1:3.896 P2:3.896 P3:3.895 P4:3.895 STATE:IDLE
[2026-05-11 23:46:06Z] CHK MOM:-0.05% RANGE:0.08% UP:25% SPREAD:0.05134788% BID:3.895 ASK:3.897 MID:3.896 P1:3.896 P2:3.896 P3:3.895 P4:3.895 STATE:IDLE
[2026-05-11 23:46:07Z] CHK MOM:-0.05% RANGE:0.08% UP:22.22% SPREAD:0.05134788% BID:3.895 ASK:3.897 MID:3.896 P1:3.896 P2:3.896 P3:3.896 P4:3.895 STATE:IDLE
[2026-05-11 23:46:07Z] CHK MOM:-0.03% RANGE:0.08% UP:30% SPREAD:0.02566735% BID:3.896 ASK:3.897 MID:3.89649999 P1:3.89649999 P2:3.896 P3:3.896 P4:3.896 STATE:IDLE
[2026-05-11 23:46:08Z] CHK MOM:-0.03% RANGE:0.08% UP:27.27% SPREAD:0.02566735% BID:3.896 ASK:3.897 MID:3.89649999 P1:3.89649999 P2:3.89649999 P3:3.896 P4:3.896 STATE:IDLE
[2026-05-11 23:46:09Z] CHK MOM:-0.03% RANGE:0.08% UP:25% SPREAD:0.02566735% BID:3.896 ASK:3.897 MID:3.89649999 P1:3.89649999 P2:3.89649999 P3:3.89649999 P4:3.896 STATE:IDLE
[2026-05-11 23:46:09Z] CHK MOM:-0.03% RANGE:0.08% UP:25% SPREAD:0.02566735% BID:3.896 ASK:3.897 MID:3.89649999 P1:3.89649999 P2:3.89649999 P3:3.89649999 P4:3.896 STATE:IDLE
[2026-05-11 23:46:10Z] CHK MOM:-0.03% RANGE:0.08% UP:25% SPREAD:0.02566735% BID:3.896 ASK:3.897 MID:3.89649999 P1:3.89649999 P2:3.89649999 P3:3.89649999 P4:3.896 STATE:IDLE
[2026-05-11 23:46:10Z] CHK MOM:-0.03% RANGE:0.08% UP:25% SPREAD:0.02566735% BID:3.896 ASK:3.897 MID:3.89649999 P1:3.89649999 P2:3.89649999 P3:3.89649999 P4:3.896 STATE:IDLE
[2026-05-11 23:46:11Z] CHK MOM:-0.03% RANGE:0.08% UP:25% SPREAD:0.02566735% BID:3.896 ASK:3.897 MID:3.89649999 P1:3.89649999 P2:3.89649999 P3:3.89649999 P4:3.896 STATE:IDLE
[2026-05-11 23:46:14Z] CHK MOM:0.05% RANGE:0.05% UP:33.33% SPREAD:0.02566735% BID:3.896 ASK:3.897 MID:3.89649999 P1:3.89649999 P2:3.89649999 P3:3.89649999 P4:3.89649999 STATE:IDLE
[2026-05-11 23:46:14Z] CHK MOM:0.05% RANGE:0.05% UP:33.33% SPREAD:0.02566735% BID:3.896 ASK:3.897 MID:3.89649999 P1:3.89649999 P2:3.89649999 P3:3.89649999 P4:3.89649999 STATE:IDLE
[2026-05-11 23:46:15Z] CHK MOM:0.05% RANGE:0.05% UP:33.33% SPREAD:0.02566735% BID:3.896 ASK:3.897 MID:3.89649999 P1:3.89649999 P2:3.89649999 P3:3.89649999 P4:3.89649999 STATE:IDLE
[2026-05-11 23:46:15Z] CHK MOM:0.05% RANGE:0.05% UP:33.33% SPREAD:0.02566735% BID:3.896 ASK:3.897 MID:3.89649999 P1:3.89649999 P2:3.89649999 P3:3.89649999 P4:3.89649999 STATE:IDLE
[2026-05-11 23:46:16Z] CHK MOM:0.01% RANGE:0.01% UP:20% SPREAD:0.02566735% BID:3.896 ASK:3.897 MID:3.89649999 P1:3.89649999 P2:3.89649999 P3:3.89649999 P4:3.89649999 STATE:IDLE
[2026-05-11 23:46:16Z] CHK MOM:0.01% RANGE:0.01% UP:20% SPREAD:0.02566735% BID:3.896 ASK:3.897 MID:3.89649999 P1:3.89649999 P2:3.89649999 P3:3.89649999 P4:3.89649999 STATE:IDLE
[2026-05-11 23:46:17Z] CHK MOM:0.01% RANGE:0.01% UP:20% SPREAD:0.02566735% BID:3.896 ASK:3.897 MID:3.89649999 P1:3.89649999 P2:3.89649999 P3:3.89649999 P4:3.89649999 STATE:IDLE
[2026-05-11 23:46:17Z] CHK MOM:0.01% RANGE:0.01% UP:20% SPREAD:0.02566735% BID:3.896 ASK:3.897 MID:3.89649999 P1:3.89649999 P2:3.89649999 P3:3.89649999 P4:3.89649999 STATE:IDLE
[2026-05-11 23:46:18Z] CHK MOM:0.01% RANGE:0.01% UP:20% SPREAD:0.02566735% BID:3.896 ASK:3.897 MID:3.89649999 P1:3.89649999 P2:3.89649999 P3:3.89649999 P4:3.89649999 STATE:IDLE
[2026-05-11 23:46:18Z] CHK MOM:0.01% RANGE:0.01% UP:20% SPREAD:0.02566735% BID:3.896 ASK:3.897 MID:3.89649999 P1:3.89649999 P2:3.89649999 P3:3.89649999 P4:3.89649999 STATE:IDLE
[2026-05-11 23:46:19Z] CHK MOM:0.01% RANGE:0.01% UP:16.66% SPREAD:0.02566735% BID:3.896 ASK:3.897 MID:3.89649999 P1:3.89649999 P2:3.89649999 P3:3.89649999 P4:3.89649999 STATE:IDLE
[2026-05-11 23:46:20Z] CHK MOM:0.02% RANGE:0.02% UP:20% SPREAD:0.02566076% BID:3.897 ASK:3.898 MID:3.8975 P1:3.8975 P2:3.89649999 P3:3.89649999 P4:3.89649999 STATE:IDLE
[2026-05-11 23:46:20Z] CHK MOM:0.02% RANGE:0.02% UP:20% SPREAD:0.02566076% BID:3.897 ASK:3.898 MID:3.8975 P1:3.8975 P2:3.89649999 P3:3.89649999 P4:3.89649999 STATE:IDLE
[2026-05-11 23:46:21Z] CHK MOM:0.02% RANGE:0.02% UP:20% SPREAD:0.02566076% BID:3.897 ASK:3.898 MID:3.8975 P1:3.8975 P2:3.89649999 P3:3.89649999 P4:3.89649999 STATE:IDLE
[2026-05-11 23:46:21Z] CHK MOM:0.02% RANGE:0.02% UP:25% SPREAD:0.02566076% BID:3.897 ASK:3.898 MID:3.8975 P1:3.8975 P2:3.8975 P3:3.89649999 P4:3.89649999 STATE:IDLE
[2026-05-11 23:46:22Z] CHK MOM:0.02% RANGE:0.02% UP:20% SPREAD:0.02566076% BID:3.897 ASK:3.898 MID:3.8975 P1:3.8975 P2:3.8975 P3:3.8975 P4:3.89649999 STATE:IDLE
[2026-05-11 23:46:22Z] CHK MOM:0.02% RANGE:0.02% UP:20% SPREAD:0.02566076% BID:3.897 ASK:3.898 MID:3.8975 P1:3.8975 P2:3.8975 P3:3.8975 P4:3.89649999 STATE:IDLE
[2026-05-11 23:46:23Z] CHK MOM:0.02% RANGE:0.02% UP:20% SPREAD:0.02566076% BID:3.897 ASK:3.898 MID:3.8975 P1:3.8975 P2:3.8975 P3:3.8975 P4:3.89649999 STATE:IDLE
[2026-05-11 23:46:23Z] CHK MOM:0.02% RANGE:0.02% UP:16.66% SPREAD:0.02566076% BID:3.897 ASK:3.898 MID:3.8975 P1:3.8975 P2:3.8975 P3:3.8975 P4:3.8975 STATE:IDLE
[2026-05-11 23:46:24Z] CHK MOM:0.02% RANGE:0.02% UP:14.28% SPREAD:0.02566076% BID:3.897 ASK:3.898 MID:3.8975 P1:3.8975 P2:3.8975 P3:3.8975 P4:3.8975 STATE:IDLE
[2026-05-11 23:46:25Z] CHK MOM:0.02% RANGE:0.02% UP:12.5% SPREAD:0.02566076% BID:3.897 ASK:3.898 MID:3.8975 P1:3.8975 P2:3.8975 P3:3.8975 P4:3.8975 STATE:IDLE
