[2026-05-11 23:13:33Z] SESSION_START symbol=WLDUSDC dry_run=0 profile=major strategy=momentum base_url=https://api.binance.com
[2026-05-11 23:13:33Z] TOXIC_MEMORY_LOADED count=5 symbols=GUNUSDC,JTOUSDC,ORDIUSDC,SAHARAUSDC,TONUSDC
[2026-05-11 23:13:36Z] CHK MOM:0% RANGE:0% UP:0% SPREAD:0.0717875% BID:0.2786 ASK:0.2788 MID:0.2787 P1:0.2787 P2:NA P3:NA P4:NA STATE:IDLE
[2026-05-11 23:13:36Z] CHK MOM:0% RANGE:0% UP:0% SPREAD:0.0717875% BID:0.2786 ASK:0.2788 MID:0.2787 P1:0.2787 P2:NA P3:NA P4:NA STATE:IDLE
[2026-05-11 23:13:37Z] CHK MOM:0% RANGE:0% UP:0% SPREAD:0.0717875% BID:0.2786 ASK:0.2788 MID:0.2787 P1:0.2787 P2:NA P3:NA P4:NA STATE:IDLE
[2026-05-11 23:13:37Z] CHK MOM:0% RANGE:0% UP:0% SPREAD:0.0717875% BID:0.2786 ASK:0.2788 MID:0.2787 P1:0.2787 P2:NA P3:NA P4:NA STATE:IDLE
[2026-05-11 23:13:38Z] CHK MOM:0% RANGE:0% UP:0% SPREAD:0.0717875% BID:0.2786 ASK:0.2788 MID:0.2787 P1:0.2787 P2:NA P3:NA P4:NA STATE:IDLE
[2026-05-11 23:13:40Z] CHK MOM:0% RANGE:0% UP:0% SPREAD:0.0717875% BID:0.2786 ASK:0.2788 MID:0.2787 P1:0.2787 P2:0.2787 P3:NA P4:NA STATE:IDLE
[2026-05-11 23:13:41Z] CHK MOM:0% RANGE:0% UP:0% SPREAD:0.0717875% BID:0.2786 ASK:0.2788 MID:0.2787 P1:0.2787 P2:0.2787 P3:NA P4:NA STATE:IDLE
[2026-05-11 23:13:42Z] CHK MOM:0% RANGE:0% UP:0% SPREAD:0.0717875% BID:0.2786 ASK:0.2788 MID:0.2787 P1:0.2787 P2:0.2787 P3:NA P4:NA STATE:IDLE
[2026-05-11 23:13:42Z] CHK MOM:0% RANGE:0% UP:0% SPREAD:0.0717875% BID:0.2786 ASK:0.2788 MID:0.2787 P1:0.2787 P2:0.2787 P3:NA P4:NA STATE:IDLE
[2026-05-11 23:13:43Z] CHK MOM:0% RANGE:0% UP:0% SPREAD:0.0717875% BID:0.2786 ASK:0.2788 MID:0.2787 P1:0.2787 P2:0.2787 P3:NA P4:NA STATE:IDLE
[2026-05-11 23:13:50Z] CHK MOM:0% RANGE:0% UP:0% SPREAD:0.0717875% BID:0.2786 ASK:0.2788 MID:0.2787 P1:0.2787 P2:0.2787 P3:0.2787 P4:NA STATE:IDLE
[2026-05-11 23:13:51Z] CHK MOM:0% RANGE:0% UP:0% SPREAD:0.0717875% BID:0.2786 ASK:0.2788 MID:0.2787 P1:0.2787 P2:0.2787 P3:0.2787 P4:NA STATE:IDLE
[2026-05-11 23:13:51Z] CHK MOM:0% RANGE:0% UP:0% SPREAD:0.0717875% BID:0.2786 ASK:0.2788 MID:0.2787 P1:0.2787 P2:0.2787 P3:0.2787 P4:NA STATE:IDLE
[2026-05-11 23:13:52Z] CHK MOM:0% RANGE:0% UP:0% SPREAD:0.0717875% BID:0.2786 ASK:0.2788 MID:0.2787 P1:0.2787 P2:0.2787 P3:0.2787 P4:0.2787 STATE:IDLE
[2026-05-11 23:13:52Z] CHK MOM:0% RANGE:0% UP:0% SPREAD:0.0717875% BID:0.2786 ASK:0.2788 MID:0.2787 P1:0.2787 P2:0.2787 P3:0.2787 P4:0.2787 STATE:IDLE
[2026-05-11 23:13:53Z] CHK MOM:0% RANGE:0% UP:0% SPREAD:0.0717875% BID:0.2786 ASK:0.2788 MID:0.2787 P1:0.2787 P2:0.2787 P3:0.2787 P4:0.2787 STATE:IDLE
[2026-05-11 23:13:53Z] CHK MOM:0% RANGE:0% UP:0% SPREAD:0.0717875% BID:0.2786 ASK:0.2788 MID:0.2787 P1:0.2787 P2:0.2787 P3:0.2787 P4:0.2787 STATE:IDLE
[2026-05-11 23:13:54Z] CHK MOM:0% RANGE:0% UP:0% SPREAD:0.0717875% BID:0.2786 ASK:0.2788 MID:0.2787 P1:0.2787 P2:0.2787 P3:0.2787 P4:0.2787 STATE:IDLE
[2026-05-11 23:13:54Z] CHK MOM:0% RANGE:0% UP:0% SPREAD:0.0717875% BID:0.2786 ASK:0.2788 MID:0.2787 P1:0.2787 P2:0.2787 P3:0.2787 P4:0.2787 STATE:IDLE
[2026-05-11 23:13:57Z] CHK MOM:0.01% RANGE:0.01% UP:50% SPREAD:0.03588087% BID:0.2787 ASK:0.2788 MID:0.27875 P1:0.27875 P2:0.2787 P3:0.2787 P4:0.2787 STATE:IDLE
[2026-05-11 23:13:57Z] CHK MOM:0.01% RANGE:0.01% UP:50% SPREAD:0.03588087% BID:0.2787 ASK:0.2788 MID:0.27875 P1:0.27875 P2:0.2787 P3:0.2787 P4:0.2787 STATE:IDLE
[2026-05-11 23:13:58Z] CHK MOM:0.01% RANGE:0.01% UP:50% SPREAD:0.03588087% BID:0.2787 ASK:0.2788 MID:0.27875 P1:0.27875 P2:0.2787 P3:0.2787 P4:0.2787 STATE:IDLE
[2026-05-11 23:13:58Z] CHK MOM:0.01% RANGE:0.01% UP:50% SPREAD:0.03588087% BID:0.2787 ASK:0.2788 MID:0.27875 P1:0.27875 P2:0.2787 P3:0.2787 P4:0.2787 STATE:IDLE
[2026-05-11 23:13:59Z] CHK MOM:0.01% RANGE:0.01% UP:50% SPREAD:0.03588087% BID:0.2787 ASK:0.2788 MID:0.27875 P1:0.27875 P2:0.2787 P3:0.2787 P4:0.2787 STATE:IDLE
[2026-05-11 23:14:01Z] CHK MOM:0% RANGE:0.01% UP:33.33% SPREAD:0.0717875% BID:0.2786 ASK:0.2788 MID:0.2787 P1:0.2787 P2:0.27875 P3:0.2787 P4:0.2787 STATE:IDLE
[2026-05-11 23:14:01Z] CHK MOM:0% RANGE:0.01% UP:25% SPREAD:0.0717875% BID:0.2786 ASK:0.2788 MID:0.2787 P1:0.2787 P2:0.2787 P3:0.27875 P4:0.2787 STATE:IDLE
[2026-05-11 23:14:02Z] CHK MOM:0% RANGE:0.01% UP:25% SPREAD:0.0717875% BID:0.2786 ASK:0.2788 MID:0.2787 P1:0.2787 P2:0.2787 P3:0.27875 P4:0.2787 STATE:IDLE
[2026-05-11 23:14:03Z] CHK MOM:0% RANGE:0.01% UP:25% SPREAD:0.0717875% BID:0.2786 ASK:0.2788 MID:0.2787 P1:0.2787 P2:0.2787 P3:0.27875 P4:0.2787 STATE:IDLE
[2026-05-11 23:14:03Z] CHK MOM:0% RANGE:0.01% UP:25% SPREAD:0.0717875% BID:0.2786 ASK:0.2788 MID:0.2787 P1:0.2787 P2:0.2787 P3:0.27875 P4:0.2787 STATE:IDLE
[2026-05-11 23:14:04Z] CHK MOM:0% RANGE:0.01% UP:25% SPREAD:0.0717875% BID:0.2786 ASK:0.2788 MID:0.2787 P1:0.2787 P2:0.2787 P3:0.27875 P4:0.2787 STATE:IDLE
[2026-05-11 23:14:07Z] CHK MOM:-0.01% RANGE:0.01% UP:0% SPREAD:0.0717875% BID:0.2786 ASK:0.2788 MID:0.2787 P1:0.2787 P2:0.2787 P3:0.2787 P4:0.27875 STATE:IDLE
[2026-05-11 23:14:08Z] CHK MOM:-0.01% RANGE:0.01% UP:0% SPREAD:0.0717875% BID:0.2786 ASK:0.2788 MID:0.2787 P1:0.2787 P2:0.2787 P3:0.2787 P4:0.27875 STATE:IDLE
[2026-05-11 23:14:08Z] CHK MOM:-0.01% RANGE:0.01% UP:0% SPREAD:0.0717875% BID:0.2786 ASK:0.2788 MID:0.2787 P1:0.2787 P2:0.2787 P3:0.2787 P4:0.27875 STATE:IDLE
[2026-05-11 23:14:09Z] CHK MOM:-0.01% RANGE:0.01% UP:0% SPREAD:0.03589375% BID:0.2786 ASK:0.2787 MID:0.27865 P1:0.27865 P2:0.2787 P3:0.2787 P4:0.2787 STATE:IDLE
[2026-05-11 23:14:09Z] CHK MOM:-0.01% RANGE:0.01% UP:0% SPREAD:0.03589375% BID:0.2786 ASK:0.2787 MID:0.27865 P1:0.27865 P2:0.2787 P3:0.2787 P4:0.2787 STATE:IDLE
[2026-05-11 23:14:10Z] CHK MOM:-0.01% RANGE:0.01% UP:0% SPREAD:0.03589375% BID:0.2786 ASK:0.2787 MID:0.27865 P1:0.27865 P2:0.2787 P3:0.2787 P4:0.2787 STATE:IDLE
[2026-05-11 23:14:10Z] CHK MOM:-0.01% RANGE:0.01% UP:0% SPREAD:0.03589375% BID:0.2786 ASK:0.2787 MID:0.27865 P1:0.27865 P2:0.2787 P3:0.2787 P4:0.2787 STATE:IDLE
[2026-05-11 23:14:11Z] CHK MOM:-0.01% RANGE:0.01% UP:0% SPREAD:0.03589375% BID:0.2786 ASK:0.2787 MID:0.27865 P1:0.27865 P2:0.2787 P3:0.2787 P4:0.2787 STATE:IDLE
[2026-05-11 23:14:11Z] CHK MOM:0% RANGE:0.01% UP:25% SPREAD:0.0717875% BID:0.2786 ASK:0.2788 MID:0.2787 P1:0.2787 P2:0.27865 P3:0.2787 P4:0.2787 STATE:IDLE
[2026-05-11 23:14:12Z] CHK MOM:0% RANGE:0.01% UP:25% SPREAD:0.0717875% BID:0.2786 ASK:0.2788 MID:0.2787 P1:0.2787 P2:0.27865 P3:0.2787 P4:0.2787 STATE:IDLE
[2026-05-11 23:14:12Z] CHK MOM:0% RANGE:0.01% UP:25% SPREAD:0.0717875% BID:0.2786 ASK:0.2788 MID:0.2787 P1:0.2787 P2:0.27865 P3:0.2787 P4:0.2787 STATE:IDLE
[2026-05-11 23:14:13Z] CHK MOM:0% RANGE:0.01% UP:25% SPREAD:0.0717875% BID:0.2786 ASK:0.2788 MID:0.2787 P1:0.2787 P2:0.27865 P3:0.2787 P4:0.2787 STATE:IDLE
[2026-05-11 23:14:14Z] CHK MOM:-0.01% RANGE:0.01% UP:33.33% SPREAD:0.03589375% BID:0.2786 ASK:0.2787 MID:0.27865 P1:0.27865 P2:0.2787 P3:0.27865 P4:0.2787 STATE:IDLE
[2026-05-11 23:14:14Z] CHK MOM:-0.01% RANGE:0.01% UP:33.33% SPREAD:0.03589375% BID:0.2786 ASK:0.2787 MID:0.27865 P1:0.27865 P2:0.2787 P3:0.27865 P4:0.2787 STATE:IDLE
[2026-05-11 23:14:15Z] CHK MOM:-0.01% RANGE:0.01% UP:25% SPREAD:0.03589375% BID:0.2786 ASK:0.2787 MID:0.27865 P1:0.27865 P2:0.27865 P3:0.2787 P4:0.27865 STATE:IDLE
[2026-05-11 23:14:15Z] CHK MOM:-0.01% RANGE:0.01% UP:25% SPREAD:0.03589375% BID:0.2786 ASK:0.2787 MID:0.27865 P1:0.27865 P2:0.27865 P3:0.2787 P4:0.27865 STATE:IDLE
[2026-05-11 23:14:16Z] CHK MOM:-0.01% RANGE:0.01% UP:25% SPREAD:0.03589375% BID:0.2786 ASK:0.2787 MID:0.27865 P1:0.27865 P2:0.27865 P3:0.2787 P4:0.27865 STATE:IDLE
[2026-05-11 23:14:16Z] CHK MOM:-0.01% RANGE:0.01% UP:25% SPREAD:0.03589375% BID:0.2786 ASK:0.2787 MID:0.27865 P1:0.27865 P2:0.27865 P3:0.2787 P4:0.27865 STATE:IDLE
[2026-05-11 23:14:17Z] CHK MOM:-0.01% RANGE:0.01% UP:25% SPREAD:0.03589375% BID:0.2786 ASK:0.2787 MID:0.27865 P1:0.27865 P2:0.27865 P3:0.2787 P4:0.27865 STATE:IDLE
[2026-05-11 23:14:17Z] CHK MOM:-0.01% RANGE:0.01% UP:25% SPREAD:0.03589375% BID:0.2786 ASK:0.2787 MID:0.27865 P1:0.27865 P2:0.27865 P3:0.2787 P4:0.27865 STATE:IDLE
[2026-05-11 23:14:19Z] CHK MOM:0% RANGE:0.01% UP:25% SPREAD:0.03589375% BID:0.2786 ASK:0.2787 MID:0.27865 P1:0.27865 P2:0.27865 P3:0.27865 P4:0.2787 STATE:IDLE
[2026-05-11 23:14:20Z] CHK MOM:0.01% RANGE:0.01% UP:40% SPREAD:0.0717875% BID:0.2786 ASK:0.2788 MID:0.2787 P1:0.2787 P2:0.27865 P3:0.27865 P4:0.27865 STATE:IDLE
[2026-05-11 23:14:20Z] CHK MOM:0.01% RANGE:0.01% UP:40% SPREAD:0.0717875% BID:0.2786 ASK:0.2788 MID:0.2787 P1:0.2787 P2:0.27865 P3:0.27865 P4:0.27865 STATE:IDLE
[2026-05-11 23:14:21Z] CHK MOM:0.01% RANGE:0.01% UP:40% SPREAD:0.0717875% BID:0.2786 ASK:0.2788 MID:0.2787 P1:0.2787 P2:0.27865 P3:0.27865 P4:0.27865 STATE:IDLE
[2026-05-11 23:14:21Z] CHK MOM:0.01% RANGE:0.01% UP:40% SPREAD:0.0717875% BID:0.2786 ASK:0.2788 MID:0.2787 P1:0.2787 P2:0.27865 P3:0.27865 P4:0.27865 STATE:IDLE
[2026-05-11 23:14:22Z] CHK MOM:0.01% RANGE:0.01% UP:40% SPREAD:0.0717875% BID:0.2786 ASK:0.2788 MID:0.2787 P1:0.2787 P2:0.27865 P3:0.27865 P4:0.27865 STATE:IDLE
[2026-05-11 23:14:22Z] CHK MOM:0.01% RANGE:0.01% UP:40% SPREAD:0.0717875% BID:0.2786 ASK:0.2788 MID:0.2787 P1:0.2787 P2:0.27865 P3:0.27865 P4:0.27865 STATE:IDLE
[2026-05-11 23:14:23Z] CHK MOM:0% RANGE:0.01% UP:25% SPREAD:0.03589375% BID:0.2786 ASK:0.2787 MID:0.27865 P1:0.27865 P2:0.2787 P3:0.27865 P4:0.27865 STATE:IDLE
[2026-05-11 23:14:24Z] CHK MOM:0% RANGE:0.01% UP:20% SPREAD:0.03589375% BID:0.2786 ASK:0.2787 MID:0.27865 P1:0.27865 P2:0.27865 P3:0.2787 P4:0.27865 STATE:IDLE
[2026-05-11 23:14:25Z] CHK MOM:0% RANGE:0.01% UP:20% SPREAD:0.03589375% BID:0.2786 ASK:0.2787 MID:0.27865 P1:0.27865 P2:0.27865 P3:0.2787 P4:0.27865 STATE:IDLE
[2026-05-11 23:14:25Z] CHK MOM:0% RANGE:0.01% UP:20% SPREAD:0.03589375% BID:0.2786 ASK:0.2787 MID:0.27865 P1:0.27865 P2:0.27865 P3:0.2787 P4:0.27865 STATE:IDLE
[2026-05-11 23:14:26Z] CHK MOM:0% RANGE:0.01% UP:20% SPREAD:0.03589375% BID:0.2786 ASK:0.2787 MID:0.27865 P1:0.27865 P2:0.27865 P3:0.2787 P4:0.27865 STATE:IDLE
[2026-05-11 23:14:26Z] CHK MOM:0% RANGE:0.01% UP:20% SPREAD:0.03589375% BID:0.2786 ASK:0.2787 MID:0.27865 P1:0.27865 P2:0.27865 P3:0.2787 P4:0.27865 STATE:IDLE
[2026-05-11 23:14:27Z] CHK MOM:0% RANGE:0.01% UP:25% SPREAD:0.03589375% BID:0.2786 ASK:0.2787 MID:0.27865 P1:0.27865 P2:0.27865 P3:0.27865 P4:0.2787 STATE:IDLE
[2026-05-11 23:14:28Z] CHK MOM:0% RANGE:0.01% UP:20% SPREAD:0.03589375% BID:0.2786 ASK:0.2787 MID:0.27865 P1:0.27865 P2:0.27865 P3:0.27865 P4:0.27865 STATE:IDLE
[2026-05-11 23:14:28Z] CHK MOM:0% RANGE:0.01% UP:20% SPREAD:0.03589375% BID:0.2786 ASK:0.2787 MID:0.27865 P1:0.27865 P2:0.27865 P3:0.27865 P4:0.27865 STATE:IDLE
[2026-05-11 23:14:29Z] CHK MOM:0% RANGE:0.01% UP:20% SPREAD:0.03589375% BID:0.2786 ASK:0.2787 MID:0.27865 P1:0.27865 P2:0.27865 P3:0.27865 P4:0.27865 STATE:IDLE
[2026-05-11 23:14:29Z] CHK MOM:0% RANGE:0.01% UP:20% SPREAD:0.03589375% BID:0.2786 ASK:0.2787 MID:0.27865 P1:0.27865 P2:0.27865 P3:0.27865 P4:0.27865 STATE:IDLE
[2026-05-11 23:14:30Z] CHK MOM:0% RANGE:0.01% UP:20% SPREAD:0.03589375% BID:0.2786 ASK:0.2787 MID:0.27865 P1:0.27865 P2:0.27865 P3:0.27865 P4:0.27865 STATE:IDLE
[2026-05-11 23:14:34Z] CHK MOM:0% RANGE:0% UP:0% SPREAD:0.03589375% BID:0.2786 ASK:0.2787 MID:0.27865 P1:0.27865 P2:0.27865 P3:0.27865 P4:0.27865 STATE:IDLE
[2026-05-11 23:14:35Z] CHK MOM:0% RANGE:0% UP:0% SPREAD:0.03589375% BID:0.2786 ASK:0.2787 MID:0.27865 P1:0.27865 P2:0.27865 P3:0.27865 P4:0.27865 STATE:IDLE
[2026-05-11 23:14:36Z] CHK MOM:0% RANGE:0% UP:0% SPREAD:0.03589375% BID:0.2786 ASK:0.2787 MID:0.27865 P1:0.27865 P2:0.27865 P3:0.27865 P4:0.27865 STATE:IDLE
[2026-05-11 23:14:36Z] CHK MOM:0% RANGE:0% UP:0% SPREAD:0.03589375% BID:0.2786 ASK:0.2787 MID:0.27865 P1:0.27865 P2:0.27865 P3:0.27865 P4:0.27865 STATE:IDLE
[2026-05-11 23:14:37Z] CHK MOM:0% RANGE:0% UP:0% SPREAD:0.03589375% BID:0.2786 ASK:0.2787 MID:0.27865 P1:0.27865 P2:0.27865 P3:0.27865 P4:0.27865 STATE:IDLE
[2026-05-11 23:14:37Z] CHK MOM:0% RANGE:0% UP:0% SPREAD:0.03589375% BID:0.2786 ASK:0.2787 MID:0.27865 P1:0.27865 P2:0.27865 P3:0.27865 P4:0.27865 STATE:IDLE
[2026-05-11 23:14:38Z] CHK MOM:0% RANGE:0% UP:0% SPREAD:0.03589375% BID:0.2786 ASK:0.2787 MID:0.27865 P1:0.27865 P2:0.27865 P3:0.27865 P4:0.27865 STATE:IDLE
[2026-05-11 23:14:38Z] CHK MOM:0% RANGE:0% UP:0% SPREAD:0.03589375% BID:0.2786 ASK:0.2787 MID:0.27865 P1:0.27865 P2:0.27865 P3:0.27865 P4:0.27865 STATE:IDLE
[2026-05-11 23:14:39Z] CHK MOM:0% RANGE:0% UP:0% SPREAD:0.03589375% BID:0.2786 ASK:0.2787 MID:0.27865 P1:0.27865 P2:0.27865 P3:0.27865 P4:0.27865 STATE:IDLE
[2026-05-11 23:14:39Z] CHK MOM:0% RANGE:0% UP:0% SPREAD:0.03589375% BID:0.2786 ASK:0.2787 MID:0.27865 P1:0.27865 P2:0.27865 P3:0.27865 P4:0.27865 STATE:IDLE
[2026-05-11 23:14:40Z] CHK MOM:0% RANGE:0% UP:0% SPREAD:0.03589375% BID:0.2786 ASK:0.2787 MID:0.27865 P1:0.27865 P2:0.27865 P3:0.27865 P4:0.27865 STATE:IDLE
[2026-05-11 23:14:43Z] CHK MOM:0.01% RANGE:0.01% UP:33.33% SPREAD:0.0717875% BID:0.2786 ASK:0.2788 MID:0.2787 P1:0.2787 P2:0.27865 P3:0.27865 P4:0.27865 STATE:IDLE
[2026-05-11 23:14:43Z] CHK MOM:0.01% RANGE:0.01% UP:33.33% SPREAD:0.0717875% BID:0.2786 ASK:0.2788 MID:0.2787 P1:0.2787 P2:0.27865 P3:0.27865 P4:0.27865 STATE:IDLE
[2026-05-11 23:14:44Z] CHK MOM:0.01% RANGE:0.01% UP:33.33% SPREAD:0.0717875% BID:0.2786 ASK:0.2788 MID:0.2787 P1:0.2787 P2:0.27865 P3:0.27865 P4:0.27865 STATE:IDLE
[2026-05-11 23:14:44Z] CHK MOM:0.03% RANGE:0.03% UP:50% SPREAD:0.03588087% BID:0.2787 ASK:0.2788 MID:0.27875 P1:0.27875 P2:0.2787 P3:0.27865 P4:0.27865 STATE:IDLE
[2026-05-11 23:14:45Z] CHK MOM:0.03% RANGE:0.03% UP:50% SPREAD:0.03588087% BID:0.2787 ASK:0.2788 MID:0.27875 P1:0.27875 P2:0.2787 P3:0.27865 P4:0.27865 STATE:IDLE
[2026-05-11 23:14:45Z] CHK MOM:0.03% RANGE:0.03% UP:50% SPREAD:0.03588087% BID:0.2787 ASK:0.2788 MID:0.27875 P1:0.27875 P2:0.2787 P3:0.27865 P4:0.27865 STATE:IDLE
[2026-05-11 23:14:46Z] CHK MOM:0.03% RANGE:0.03% UP:50% SPREAD:0.03588087% BID:0.2787 ASK:0.2788 MID:0.27875 P1:0.27875 P2:0.2787 P3:0.27865 P4:0.27865 STATE:IDLE
[2026-05-11 23:14:46Z] CHK MOM:0.01% RANGE:0.03% UP:50% SPREAD:0.0717875% BID:0.2786 ASK:0.2788 MID:0.2787 P1:0.2787 P2:0.27875 P3:0.2787 P4:0.27865 STATE:IDLE
[2026-05-11 23:14:47Z] CHK MOM:0.01% RANGE:0.03% UP:40% SPREAD:0.0717875% BID:0.2786 ASK:0.2788 MID:0.2787 P1:0.2787 P2:0.2787 P3:0.27875 P4:0.2787 STATE:IDLE
[2026-05-11 23:14:47Z] CHK MOM:0.01% RANGE:0.03% UP:40% SPREAD:0.0717875% BID:0.2786 ASK:0.2788 MID:0.2787 P1:0.2787 P2:0.2787 P3:0.27875 P4:0.2787 STATE:IDLE
[2026-05-11 23:14:48Z] CHK MOM:0.01% RANGE:0.03% UP:40% SPREAD:0.0717875% BID:0.2786 ASK:0.2788 MID:0.2787 P1:0.2787 P2:0.2787 P3:0.27875 P4:0.2787 STATE:IDLE
[2026-05-11 23:14:49Z] CHK MOM:0.01% RANGE:0.03% UP:40% SPREAD:0.0717875% BID:0.2786 ASK:0.2788 MID:0.2787 P1:0.2787 P2:0.2787 P3:0.27875 P4:0.2787 STATE:IDLE
[2026-05-11 23:14:49Z] CHK MOM:0% RANGE:0.03% UP:40% SPREAD:0.03589375% BID:0.2786 ASK:0.2787 MID:0.27865 P1:0.27865 P2:0.2787 P3:0.2787 P4:0.27875 STATE:IDLE
[2026-05-11 23:14:50Z] CHK MOM:0% RANGE:0.03% UP:40% SPREAD:0.03589375% BID:0.2786 ASK:0.2787 MID:0.27865 P1:0.27865 P2:0.2787 P3:0.2787 P4:0.27875 STATE:IDLE
[2026-05-11 23:14:50Z] CHK MOM:0% RANGE:0.03% UP:40% SPREAD:0.0717875% BID:0.2786 ASK:0.2788 MID:0.2787 P1:0.2787 P2:0.27865 P3:0.2787 P4:0.2787 STATE:IDLE
[2026-05-11 23:14:51Z] CHK MOM:0% RANGE:0.03% UP:40% SPREAD:0.0717875% BID:0.2786 ASK:0.2788 MID:0.2787 P1:0.2787 P2:0.27865 P3:0.2787 P4:0.2787 STATE:IDLE
[2026-05-11 23:14:51Z] CHK MOM:-0.01% RANGE:0.03% UP:33.33% SPREAD:0.03589375% BID:0.2786 ASK:0.2787 MID:0.27865 P1:0.27865 P2:0.2787 P3:0.27865 P4:0.2787 STATE:IDLE
[2026-05-11 23:14:52Z] CHK MOM:-0.01% RANGE:0.03% UP:28.57% SPREAD:0.03589375% BID:0.2786 ASK:0.2787 MID:0.27865 P1:0.27865 P2:0.27865 P3:0.2787 P4:0.27865 STATE:IDLE
[2026-05-11 23:14:52Z] CHK MOM:-0.01% RANGE:0.03% UP:28.57% SPREAD:0.03589375% BID:0.2786 ASK:0.2787 MID:0.27865 P1:0.27865 P2:0.27865 P3:0.2787 P4:0.27865 STATE:IDLE
[2026-05-11 23:14:53Z] CHK MOM:-0.01% RANGE:0.03% UP:28.57% SPREAD:0.03589375% BID:0.2786 ASK:0.2787 MID:0.27865 P1:0.27865 P2:0.27865 P3:0.2787 P4:0.27865 STATE:IDLE
[2026-05-11 23:14:54Z] CHK MOM:-0.01% RANGE:0.03% UP:25% SPREAD:0.03589375% BID:0.2786 ASK:0.2787 MID:0.27865 P1:0.27865 P2:0.27865 P3:0.27865 P4:0.2787 STATE:IDLE
[2026-05-11 23:14:54Z] CHK MOM:-0.01% RANGE:0.03% UP:22.22% SPREAD:0.03589375% BID:0.2786 ASK:0.2787 MID:0.27865 P1:0.27865 P2:0.27865 P3:0.27865 P4:0.27865 STATE:IDLE
[2026-05-11 23:14:55Z] CHK MOM:-0.01% RANGE:0.03% UP:22.22% SPREAD:0.03589375% BID:0.2786 ASK:0.2787 MID:0.27865 P1:0.27865 P2:0.27865 P3:0.27865 P4:0.27865 STATE:IDLE
[2026-05-11 23:14:55Z] CHK MOM:-0.01% RANGE:0.03% UP:22.22% SPREAD:0.03589375% BID:0.2786 ASK:0.2787 MID:0.27865 P1:0.27865 P2:0.27865 P3:0.27865 P4:0.27865 STATE:IDLE
[2026-05-11 23:14:56Z] CHK MOM:-0.01% RANGE:0.03% UP:22.22% SPREAD:0.03589375% BID:0.2786 ASK:0.2787 MID:0.27865 P1:0.27865 P2:0.27865 P3:0.27865 P4:0.27865 STATE:IDLE
[2026-05-11 23:14:56Z] CHK MOM:-0.01% RANGE:0.03% UP:22.22% SPREAD:0.03589375% BID:0.2786 ASK:0.2787 MID:0.27865 P1:0.27865 P2:0.27865 P3:0.27865 P4:0.27865 STATE:IDLE
[2026-05-11 23:15:01Z] CHK MOM:-0.03% RANGE:0.05% UP:16.66% SPREAD:0.03590664% BID:0.2785 ASK:0.2786 MID:0.27855 P1:0.27855 P2:0.27865 P3:0.27865 P4:0.27865 STATE:IDLE
[2026-05-11 23:15:01Z] CHK MOM:-0.03% RANGE:0.05% UP:14.28% SPREAD:0.03590664% BID:0.2785 ASK:0.2786 MID:0.27855 P1:0.27855 P2:0.27855 P3:0.27865 P4:0.27865 STATE:IDLE
[2026-05-11 23:15:02Z] CHK MOM:-0.03% RANGE:0.05% UP:14.28% SPREAD:0.03590664% BID:0.2785 ASK:0.2786 MID:0.27855 P1:0.27855 P2:0.27855 P3:0.27865 P4:0.27865 STATE:IDLE
[2026-05-11 23:15:02Z] CHK MOM:-0.03% RANGE:0.05% UP:14.28% SPREAD:0.03590664% BID:0.2785 ASK:0.2786 MID:0.27855 P1:0.27855 P2:0.27855 P3:0.27865 P4:0.27865 STATE:IDLE
[2026-05-11 23:15:03Z] CHK MOM:-0.03% RANGE:0.05% UP:14.28% SPREAD:0.03590664% BID:0.2785 ASK:0.2786 MID:0.27855 P1:0.27855 P2:0.27855 P3:0.27865 P4:0.27865 STATE:IDLE
[2026-05-11 23:15:03Z] CHK MOM:-0.03% RANGE:0.05% UP:14.28% SPREAD:0.03590664% BID:0.2785 ASK:0.2786 MID:0.27855 P1:0.27855 P2:0.27855 P3:0.27865 P4:0.27865 STATE:IDLE
[2026-05-11 23:15:04Z] CHK MOM:-0.01% RANGE:0.03% UP:25% SPREAD:0.07181328% BID:0.2785 ASK:0.2787 MID:0.2786 P1:0.2786 P2:0.27855 P3:0.27855 P4:0.27865 STATE:IDLE
[2026-05-11 23:15:05Z] CHK MOM:-0.01% RANGE:0.03% UP:25% SPREAD:0.07181328% BID:0.2785 ASK:0.2787 MID:0.2786 P1:0.2786 P2:0.27855 P3:0.27855 P4:0.27865 STATE:IDLE
[2026-05-11 23:15:05Z] CHK MOM:-0.01% RANGE:0.03% UP:25% SPREAD:0.07181328% BID:0.2785 ASK:0.2787 MID:0.2786 P1:0.2786 P2:0.27855 P3:0.27855 P4:0.27865 STATE:IDLE
[2026-05-11 23:15:06Z] CHK MOM:-0.01% RANGE:0.03% UP:25% SPREAD:0.07181328% BID:0.2785 ASK:0.2787 MID:0.2786 P1:0.2786 P2:0.2786 P3:0.27855 P4:0.27855 STATE:IDLE
[2026-05-11 23:15:07Z] CHK MOM:0.05% RANGE:0.05% UP:50% SPREAD:0.0717875% BID:0.2786 ASK:0.2788 MID:0.2787 P1:0.2787 P2:0.2786 P3:0.2786 P4:0.27855 STATE:IDLE
[2026-05-11 23:15:07Z] CHK MOM:0.05% RANGE:0.05% UP:50% SPREAD:0.0717875% BID:0.2786 ASK:0.2788 MID:0.2787 P1:0.2787 P2:0.2786 P3:0.2786 P4:0.27855 STATE:IDLE
[2026-05-11 23:15:08Z] CHK MOM:0.05% RANGE:0.05% UP:50% SPREAD:0.0717875% BID:0.2786 ASK:0.2788 MID:0.2787 P1:0.2787 P2:0.2786 P3:0.2786 P4:0.27855 STATE:IDLE
[2026-05-11 23:15:08Z] CHK MOM:0.05% RANGE:0.05% UP:50% SPREAD:0.0717875% BID:0.2786 ASK:0.2788 MID:0.2787 P1:0.2787 P2:0.2786 P3:0.2786 P4:0.27855 STATE:IDLE
[2026-05-11 23:15:09Z] CHK MOM:0.05% RANGE:0.05% UP:50% SPREAD:0.0717875% BID:0.2786 ASK:0.2788 MID:0.2787 P1:0.2787 P2:0.2786 P3:0.2786 P4:0.27855 STATE:IDLE
[2026-05-11 23:15:09Z] CHK MOM:0.05% RANGE:0.05% UP:50% SPREAD:0.0717875% BID:0.2786 ASK:0.2788 MID:0.2787 P1:0.2787 P2:0.2786 P3:0.2786 P4:0.27855 STATE:IDLE
[2026-05-11 23:15:10Z] CHK MOM:0.07% RANGE:0.07% UP:60% SPREAD:0.03588087% BID:0.2787 ASK:0.2788 MID:0.27875 P1:0.27875 P2:0.2787 P3:0.2786 P4:0.2786 STATE:IDLE
[2026-05-11 23:15:10Z] CHK MOM:0.07% RANGE:0.07% UP:60% SPREAD:0.03588087% BID:0.2787 ASK:0.2788 MID:0.27875 P1:0.27875 P2:0.2787 P3:0.2786 P4:0.2786 STATE:IDLE
[2026-05-11 23:15:11Z] CHK MOM:0.07% RANGE:0.07% UP:60% SPREAD:0.03588087% BID:0.2787 ASK:0.2788 MID:0.27875 P1:0.27875 P2:0.2787 P3:0.2786 P4:0.2786 STATE:IDLE
[2026-05-11 23:15:12Z] CHK MOM:0.07% RANGE:0.07% UP:50% SPREAD:0.03588087% BID:0.2787 ASK:0.2788 MID:0.27875 P1:0.27875 P2:0.27875 P3:0.2787 P4:0.2786 STATE:IDLE
[2026-05-11 23:15:12Z] CHK MOM:0.07% RANGE:0.07% UP:42.85% SPREAD:0.03588087% BID:0.2787 ASK:0.2788 MID:0.27875 P1:0.27875 P2:0.27875 P3:0.27875 P4:0.2787 STATE:IDLE
[2026-05-11 23:15:13Z] CHK MOM:0.07% RANGE:0.07% UP:42.85% SPREAD:0.03588087% BID:0.2787 ASK:0.2788 MID:0.27875 P1:0.27875 P2:0.27875 P3:0.27875 P4:0.2787 STATE:IDLE
[2026-05-11 23:15:13Z] CHK MOM:0.07% RANGE:0.07% UP:42.85% SPREAD:0.03588087% BID:0.2787 ASK:0.2788 MID:0.27875 P1:0.27875 P2:0.27875 P3:0.27875 P4:0.2787 STATE:IDLE
[2026-05-11 23:15:14Z] CHK MOM:0.01% RANGE:0.05% UP:33.33% SPREAD:0.03589375% BID:0.2786 ASK:0.2787 MID:0.27865 P1:0.27865 P2:0.27875 P3:0.27875 P4:0.27875 STATE:IDLE
[2026-05-11 23:15:14Z] CHK MOM:0.01% RANGE:0.05% UP:28.57% SPREAD:0.03589375% BID:0.2786 ASK:0.2787 MID:0.27865 P1:0.27865 P2:0.27865 P3:0.27875 P4:0.27875 STATE:IDLE
[2026-05-11 23:15:15Z] CHK MOM:0.01% RANGE:0.05% UP:28.57% SPREAD:0.03589375% BID:0.2786 ASK:0.2787 MID:0.27865 P1:0.27865 P2:0.27865 P3:0.27875 P4:0.27875 STATE:IDLE
[2026-05-11 23:15:15Z] CHK MOM:0.01% RANGE:0.05% UP:28.57% SPREAD:0.03589375% BID:0.2786 ASK:0.2787 MID:0.27865 P1:0.27865 P2:0.27865 P3:0.27875 P4:0.27875 STATE:IDLE
[2026-05-11 23:15:16Z] CHK MOM:0.01% RANGE:0.05% UP:28.57% SPREAD:0.03589375% BID:0.2786 ASK:0.2787 MID:0.27865 P1:0.27865 P2:0.27865 P3:0.27875 P4:0.27875 STATE:IDLE
[2026-05-11 23:15:16Z] CHK MOM:0.01% RANGE:0.05% UP:28.57% SPREAD:0.03589375% BID:0.2786 ASK:0.2787 MID:0.27865 P1:0.27865 P2:0.27865 P3:0.27875 P4:0.27875 STATE:IDLE
[2026-05-11 23:15:17Z] CHK MOM:0.01% RANGE:0.05% UP:28.57% SPREAD:0.03589375% BID:0.2786 ASK:0.2787 MID:0.27865 P1:0.27865 P2:0.27865 P3:0.27875 P4:0.27875 STATE:IDLE
[2026-05-11 23:15:23Z] CHK MOM:-0.03% RANGE:0.03% UP:0% SPREAD:0.03589375% BID:0.2786 ASK:0.2787 MID:0.27865 P1:0.27865 P2:0.27865 P3:0.27865 P4:0.27875 STATE:IDLE
[2026-05-11 23:15:23Z] CHK MOM:-0.03% RANGE:0.03% UP:0% SPREAD:0.03589375% BID:0.2786 ASK:0.2787 MID:0.27865 P1:0.27865 P2:0.27865 P3:0.27865 P4:0.27865 STATE:IDLE
[2026-05-11 23:15:24Z] CHK MOM:-0.03% RANGE:0.03% UP:0% SPREAD:0.03589375% BID:0.2786 ASK:0.2787 MID:0.27865 P1:0.27865 P2:0.27865 P3:0.27865 P4:0.27865 STATE:IDLE
[2026-05-11 23:15:24Z] CHK MOM:-0.03% RANGE:0.03% UP:0% SPREAD:0.03589375% BID:0.2786 ASK:0.2787 MID:0.27865 P1:0.27865 P2:0.27865 P3:0.27865 P4:0.27865 STATE:IDLE
[2026-05-11 23:15:25Z] CHK MOM:-0.03% RANGE:0.03% UP:0% SPREAD:0.03589375% BID:0.2786 ASK:0.2787 MID:0.27865 P1:0.27865 P2:0.27865 P3:0.27865 P4:0.27865 STATE:IDLE
[2026-05-11 23:15:25Z] CHK MOM:-0.03% RANGE:0.03% UP:0% SPREAD:0.03589375% BID:0.2786 ASK:0.2787 MID:0.27865 P1:0.27865 P2:0.27865 P3:0.27865 P4:0.27865 STATE:IDLE
[2026-05-11 23:15:27Z] CHK MOM:0% RANGE:0% UP:0% SPREAD:0.03589375% BID:0.2786 ASK:0.2787 MID:0.27865 P1:0.27865 P2:0.27865 P3:0.27865 P4:0.27865 STATE:IDLE
[2026-05-11 23:15:28Z] CHK MOM:0% RANGE:0% UP:0% SPREAD:0.03589375% BID:0.2786 ASK:0.2787 MID:0.27865 P1:0.27865 P2:0.27865 P3:0.27865 P4:0.27865 STATE:IDLE
[2026-05-11 23:15:29Z] CHK MOM:0% RANGE:0% UP:0% SPREAD:0.03589375% BID:0.2786 ASK:0.2787 MID:0.27865 P1:0.27865 P2:0.27865 P3:0.27865 P4:0.27865 STATE:IDLE
[2026-05-11 23:15:29Z] CHK MOM:0% RANGE:0% UP:0% SPREAD:0.03589375% BID:0.2786 ASK:0.2787 MID:0.27865 P1:0.27865 P2:0.27865 P3:0.27865 P4:0.27865 STATE:IDLE
[2026-05-11 23:15:30Z] CHK MOM:0% RANGE:0% UP:0% SPREAD:0.03589375% BID:0.2786 ASK:0.2787 MID:0.27865 P1:0.27865 P2:0.27865 P3:0.27865 P4:0.27865 STATE:IDLE
[2026-05-11 23:15:37Z] CHK MOM:0% RANGE:0% UP:0% SPREAD:0.03589375% BID:0.2786 ASK:0.2787 MID:0.27865 P1:0.27865 P2:0.27865 P3:0.27865 P4:0.27865 STATE:IDLE
