[2026-05-11 21:55:27Z] SESSION_START symbol=WLFIUSDC dry_run=0 profile=major strategy=momentum base_url=https://api.binance.com
[2026-05-11 21:55:27Z] TOXIC_MEMORY_LOADED count=4 symbols=GUNUSDC,JTOUSDC,ORDIUSDC,SAHARAUSDC
[2026-05-11 21:55:36Z] CHK MOM:0% RANGE:0% UP:0% SPREAD:0.14925373% BID:0.067 ASK:0.0671 MID:0.06705 P1:0.06705 P2:NA P3:NA P4:NA STATE:IDLE
[2026-05-11 21:55:37Z] CHK MOM:0% RANGE:0% UP:0% SPREAD:0.14925373% BID:0.067 ASK:0.0671 MID:0.06705 P1:0.06705 P2:0.06705 P3:NA P4:NA STATE:IDLE
[2026-05-11 21:55:37Z] CHK MOM:0% RANGE:0% UP:0% SPREAD:0.14925373% BID:0.067 ASK:0.0671 MID:0.06705 P1:0.06705 P2:0.06705 P3:NA P4:NA STATE:IDLE
[2026-05-11 21:55:38Z] CHK MOM:0% RANGE:0% UP:0% SPREAD:0.14925373% BID:0.067 ASK:0.0671 MID:0.06705 P1:0.06705 P2:0.06705 P3:NA P4:NA STATE:IDLE
[2026-05-11 21:55:38Z] CHK MOM:0% RANGE:0% UP:0% SPREAD:0.14925373% BID:0.067 ASK:0.0671 MID:0.06705 P1:0.06705 P2:0.06705 P3:NA P4:NA STATE:IDLE
[2026-05-11 21:55:39Z] CHK MOM:0% RANGE:0% UP:0% SPREAD:0.14925373% BID:0.067 ASK:0.0671 MID:0.06705 P1:0.06705 P2:0.06705 P3:NA P4:NA STATE:IDLE
[2026-05-11 21:55:49Z] CHK MOM:0% RANGE:0% UP:0% SPREAD:0.14925373% BID:0.067 ASK:0.0671 MID:0.06705 P1:0.06705 P2:0.06705 P3:0.06705 P4:NA STATE:IDLE
[2026-05-11 21:55:49Z] CHK MOM:0% RANGE:0% UP:0% SPREAD:0.14925373% BID:0.067 ASK:0.0671 MID:0.06705 P1:0.06705 P2:0.06705 P3:0.06705 P4:0.06705 STATE:IDLE
[2026-05-11 21:55:50Z] CHK MOM:0% RANGE:0% UP:0% SPREAD:0.14925373% BID:0.067 ASK:0.0671 MID:0.06705 P1:0.06705 P2:0.06705 P3:0.06705 P4:0.06705 STATE:IDLE
[2026-05-11 21:55:50Z] CHK MOM:0% RANGE:0% UP:0% SPREAD:0.14925373% BID:0.067 ASK:0.0671 MID:0.06705 P1:0.06705 P2:0.06705 P3:0.06705 P4:0.06705 STATE:IDLE
[2026-05-11 21:55:51Z] CHK MOM:0% RANGE:0% UP:0% SPREAD:0.14925373% BID:0.067 ASK:0.0671 MID:0.06705 P1:0.06705 P2:0.06705 P3:0.06705 P4:0.06705 STATE:IDLE
[2026-05-11 21:55:51Z] CHK MOM:0% RANGE:0% UP:0% SPREAD:0.14925373% BID:0.067 ASK:0.0671 MID:0.06705 P1:0.06705 P2:0.06705 P3:0.06705 P4:0.06705 STATE:IDLE
[2026-05-11 21:55:52Z] CHK MOM:0% RANGE:0% UP:0% SPREAD:0.14925373% BID:0.067 ASK:0.0671 MID:0.06705 P1:0.06705 P2:0.06705 P3:0.06705 P4:0.06705 STATE:IDLE
[2026-05-11 21:55:55Z] CHK MOM:0% RANGE:0% UP:0% SPREAD:0.14925373% BID:0.067 ASK:0.0671 MID:0.06705 P1:0.06705 P2:0.06705 P3:0.06705 P4:0.06705 STATE:IDLE
[2026-05-11 21:55:55Z] CHK MOM:0% RANGE:0% UP:0% SPREAD:0.14925373% BID:0.067 ASK:0.0671 MID:0.06705 P1:0.06705 P2:0.06705 P3:0.06705 P4:0.06705 STATE:IDLE
[2026-05-11 21:55:56Z] CHK MOM:0% RANGE:0% UP:0% SPREAD:0.14925373% BID:0.067 ASK:0.0671 MID:0.06705 P1:0.06705 P2:0.06705 P3:0.06705 P4:0.06705 STATE:IDLE
[2026-05-11 21:55:56Z] CHK MOM:0% RANGE:0% UP:0% SPREAD:0.14925373% BID:0.067 ASK:0.0671 MID:0.06705 P1:0.06705 P2:0.06705 P3:0.06705 P4:0.06705 STATE:IDLE
[2026-05-11 21:55:57Z] CHK MOM:0% RANGE:0% UP:0% SPREAD:0.14925373% BID:0.067 ASK:0.0671 MID:0.06705 P1:0.06705 P2:0.06705 P3:0.06705 P4:0.06705 STATE:IDLE
[2026-05-11 21:55:57Z] CHK MOM:0% RANGE:0% UP:0% SPREAD:0.14925373% BID:0.067 ASK:0.0671 MID:0.06705 P1:0.06705 P2:0.06705 P3:0.06705 P4:0.06705 STATE:IDLE
[2026-05-11 21:55:58Z] CHK MOM:0% RANGE:0% UP:0% SPREAD:0.14925373% BID:0.067 ASK:0.0671 MID:0.06705 P1:0.06705 P2:0.06705 P3:0.06705 P4:0.06705 STATE:IDLE
[2026-05-11 21:56:02Z] CHK MOM:0% RANGE:0% UP:0% SPREAD:0.14925373% BID:0.067 ASK:0.0671 MID:0.06705 P1:0.06705 P2:0.06705 P3:0.06705 P4:0.06705 STATE:IDLE
[2026-05-11 21:56:02Z] CHK MOM:0% RANGE:0% UP:0% SPREAD:0.14925373% BID:0.067 ASK:0.0671 MID:0.06705 P1:0.06705 P2:0.06705 P3:0.06705 P4:0.06705 STATE:IDLE
[2026-05-11 21:56:03Z] CHK MOM:0% RANGE:0% UP:0% SPREAD:0.14925373% BID:0.067 ASK:0.0671 MID:0.06705 P1:0.06705 P2:0.06705 P3:0.06705 P4:0.06705 STATE:IDLE
[2026-05-11 21:56:03Z] CHK MOM:0% RANGE:0% UP:0% SPREAD:0.14925373% BID:0.067 ASK:0.0671 MID:0.06705 P1:0.06705 P2:0.06705 P3:0.06705 P4:0.06705 STATE:IDLE
[2026-05-11 21:56:04Z] CHK MOM:0% RANGE:0% UP:0% SPREAD:0.14925373% BID:0.067 ASK:0.0671 MID:0.06705 P1:0.06705 P2:0.06705 P3:0.06705 P4:0.06705 STATE:IDLE
[2026-05-11 21:56:04Z] CHK MOM:0% RANGE:0% UP:0% SPREAD:0.14925373% BID:0.067 ASK:0.0671 MID:0.06705 P1:0.06705 P2:0.06705 P3:0.06705 P4:0.06705 STATE:IDLE
[2026-05-11 21:56:05Z] CHK MOM:0% RANGE:0% UP:0% SPREAD:0.14925373% BID:0.067 ASK:0.0671 MID:0.06705 P1:0.06705 P2:0.06705 P3:0.06705 P4:0.06705 STATE:IDLE
[2026-05-11 21:56:05Z] CHK MOM:0% RANGE:0% UP:0% SPREAD:0.14925373% BID:0.067 ASK:0.0671 MID:0.06705 P1:0.06705 P2:0.06705 P3:0.06705 P4:0.06705 STATE:IDLE
[2026-05-11 21:56:06Z] CHK MOM:0% RANGE:0% UP:0% SPREAD:0.14925373% BID:0.067 ASK:0.0671 MID:0.06705 P1:0.06705 P2:0.06705 P3:0.06705 P4:0.06705 STATE:IDLE
[2026-05-11 21:56:06Z] CHK MOM:0% RANGE:0% UP:0% SPREAD:0.14925373% BID:0.067 ASK:0.0671 MID:0.06705 P1:0.06705 P2:0.06705 P3:0.06705 P4:0.06705 STATE:IDLE
[2026-05-11 21:56:07Z] CHK MOM:0% RANGE:0% UP:0% SPREAD:0.14925373% BID:0.067 ASK:0.0671 MID:0.06705 P1:0.06705 P2:0.06705 P3:0.06705 P4:0.06705 STATE:IDLE
[2026-05-11 21:56:08Z] CHK MOM:0% RANGE:0% UP:0% SPREAD:0.14925373% BID:0.067 ASK:0.0671 MID:0.06705 P1:0.06705 P2:0.06705 P3:0.06705 P4:0.06705 STATE:IDLE
[2026-05-11 21:56:08Z] CHK MOM:0% RANGE:0% UP:0% SPREAD:0.14925373% BID:0.067 ASK:0.0671 MID:0.06705 P1:0.06705 P2:0.06705 P3:0.06705 P4:0.06705 STATE:IDLE
[2026-05-11 21:56:09Z] CHK MOM:0% RANGE:0% UP:0% SPREAD:0.14925373% BID:0.067 ASK:0.0671 MID:0.06705 P1:0.06705 P2:0.06705 P3:0.06705 P4:0.06705 STATE:IDLE
[2026-05-11 21:56:09Z] CHK MOM:0% RANGE:0% UP:0% SPREAD:0.14925373% BID:0.067 ASK:0.0671 MID:0.06705 P1:0.06705 P2:0.06705 P3:0.06705 P4:0.06705 STATE:IDLE
[2026-05-11 21:56:10Z] CHK MOM:0% RANGE:0% UP:0% SPREAD:0.14925373% BID:0.067 ASK:0.0671 MID:0.06705 P1:0.06705 P2:0.06705 P3:0.06705 P4:0.06705 STATE:IDLE
[2026-05-11 21:56:11Z] CHK MOM:0% RANGE:0% UP:0% SPREAD:0.14925373% BID:0.067 ASK:0.0671 MID:0.06705 P1:0.06705 P2:0.06705 P3:0.06705 P4:0.06705 STATE:IDLE
[2026-05-11 21:56:12Z] CHK MOM:0% RANGE:0% UP:0% SPREAD:0.14925373% BID:0.067 ASK:0.0671 MID:0.06705 P1:0.06705 P2:0.06705 P3:0.06705 P4:0.06705 STATE:IDLE
[2026-05-11 21:56:13Z] CHK MOM:0% RANGE:0% UP:0% SPREAD:0.14925373% BID:0.067 ASK:0.0671 MID:0.06705 P1:0.06705 P2:0.06705 P3:0.06705 P4:0.06705 STATE:IDLE
[2026-05-11 21:56:13Z] CHK MOM:0% RANGE:0% UP:0% SPREAD:0.14925373% BID:0.067 ASK:0.0671 MID:0.06705 P1:0.06705 P2:0.06705 P3:0.06705 P4:0.06705 STATE:IDLE
[2026-05-11 21:56:14Z] CHK MOM:0% RANGE:0% UP:0% SPREAD:0.14925373% BID:0.067 ASK:0.0671 MID:0.06705 P1:0.06705 P2:0.06705 P3:0.06705 P4:0.06705 STATE:IDLE
[2026-05-11 21:56:14Z] CHK MOM:0% RANGE:0% UP:0% SPREAD:0.14925373% BID:0.067 ASK:0.0671 MID:0.06705 P1:0.06705 P2:0.06705 P3:0.06705 P4:0.06705 STATE:IDLE
[2026-05-11 21:56:15Z] CHK MOM:0% RANGE:0% UP:0% SPREAD:0.14925373% BID:0.067 ASK:0.0671 MID:0.06705 P1:0.06705 P2:0.06705 P3:0.06705 P4:0.06705 STATE:IDLE
[2026-05-11 21:56:16Z] CHK MOM:0% RANGE:0% UP:0% SPREAD:0.14925373% BID:0.067 ASK:0.0671 MID:0.06705 P1:0.06705 P2:0.06705 P3:0.06705 P4:0.06705 STATE:IDLE
[2026-05-11 21:56:16Z] CHK MOM:0% RANGE:0% UP:0% SPREAD:0.14925373% BID:0.067 ASK:0.0671 MID:0.06705 P1:0.06705 P2:0.06705 P3:0.06705 P4:0.06705 STATE:IDLE
[2026-05-11 21:56:17Z] CHK MOM:0% RANGE:0% UP:0% SPREAD:0.14925373% BID:0.067 ASK:0.0671 MID:0.06705 P1:0.06705 P2:0.06705 P3:0.06705 P4:0.06705 STATE:IDLE
[2026-05-11 21:56:17Z] CHK MOM:0% RANGE:0% UP:0% SPREAD:0.14925373% BID:0.067 ASK:0.0671 MID:0.06705 P1:0.06705 P2:0.06705 P3:0.06705 P4:0.06705 STATE:IDLE
[2026-05-11 21:56:18Z] CHK MOM:0% RANGE:0% UP:0% SPREAD:0.14925373% BID:0.067 ASK:0.0671 MID:0.06705 P1:0.06705 P2:0.06705 P3:0.06705 P4:0.06705 STATE:IDLE
[2026-05-11 21:56:27Z] CHK MOM:0% RANGE:0% UP:0% SPREAD:0.14925373% BID:0.067 ASK:0.0671 MID:0.06705 P1:0.06705 P2:0.06705 P3:0.06705 P4:0.06705 STATE:IDLE
[2026-05-11 21:56:27Z] CHK MOM:0% RANGE:0% UP:0% SPREAD:0.14925373% BID:0.067 ASK:0.0671 MID:0.06705 P1:0.06705 P2:0.06705 P3:0.06705 P4:0.06705 STATE:IDLE
[2026-05-11 21:56:28Z] CHK MOM:0% RANGE:0% UP:0% SPREAD:0.14925373% BID:0.067 ASK:0.0671 MID:0.06705 P1:0.06705 P2:0.06705 P3:0.06705 P4:0.06705 STATE:IDLE
[2026-05-11 21:56:28Z] CHK MOM:0% RANGE:0% UP:0% SPREAD:0.14925373% BID:0.067 ASK:0.0671 MID:0.06705 P1:0.06705 P2:0.06705 P3:0.06705 P4:0.06705 STATE:IDLE
[2026-05-11 21:56:29Z] CHK MOM:0% RANGE:0% UP:0% SPREAD:0.14925373% BID:0.067 ASK:0.0671 MID:0.06705 P1:0.06705 P2:0.06705 P3:0.06705 P4:0.06705 STATE:IDLE
[2026-05-11 21:56:29Z] CHK MOM:0% RANGE:0% UP:0% SPREAD:0.14925373% BID:0.067 ASK:0.0671 MID:0.06705 P1:0.06705 P2:0.06705 P3:0.06705 P4:0.06705 STATE:IDLE
[2026-05-11 21:56:31Z] CHK MOM:0% RANGE:0% UP:0% SPREAD:0.14925373% BID:0.067 ASK:0.0671 MID:0.06705 P1:0.06705 P2:0.06705 P3:0.06705 P4:0.06705 STATE:IDLE
[2026-05-11 21:56:31Z] CHK MOM:0% RANGE:0% UP:0% SPREAD:0.14925373% BID:0.067 ASK:0.0671 MID:0.06705 P1:0.06705 P2:0.06705 P3:0.06705 P4:0.06705 STATE:IDLE
[2026-05-11 21:56:32Z] CHK MOM:0% RANGE:0% UP:0% SPREAD:0.14925373% BID:0.067 ASK:0.0671 MID:0.06705 P1:0.06705 P2:0.06705 P3:0.06705 P4:0.06705 STATE:IDLE
[2026-05-11 21:56:33Z] CHK MOM:0% RANGE:0% UP:0% SPREAD:0.14925373% BID:0.067 ASK:0.0671 MID:0.06705 P1:0.06705 P2:0.06705 P3:0.06705 P4:0.06705 STATE:IDLE
[2026-05-11 21:56:33Z] CHK MOM:0% RANGE:0% UP:0% SPREAD:0.14925373% BID:0.067 ASK:0.0671 MID:0.06705 P1:0.06705 P2:0.06705 P3:0.06705 P4:0.06705 STATE:IDLE
[2026-05-11 21:56:36Z] CHK MOM:0% RANGE:0% UP:0% SPREAD:0.14925373% BID:0.067 ASK:0.0671 MID:0.06705 P1:0.06705 P2:0.06705 P3:0.06705 P4:0.06705 STATE:IDLE
[2026-05-11 21:56:36Z] CHK MOM:0% RANGE:0% UP:0% SPREAD:0.14925373% BID:0.067 ASK:0.0671 MID:0.06705 P1:0.06705 P2:0.06705 P3:0.06705 P4:0.06705 STATE:IDLE
[2026-05-11 21:56:37Z] CHK MOM:0% RANGE:0% UP:0% SPREAD:0.14925373% BID:0.067 ASK:0.0671 MID:0.06705 P1:0.06705 P2:0.06705 P3:0.06705 P4:0.06705 STATE:IDLE
[2026-05-11 21:56:38Z] CHK MOM:0% RANGE:0% UP:0% SPREAD:0.14925373% BID:0.067 ASK:0.0671 MID:0.06705 P1:0.06705 P2:0.06705 P3:0.06705 P4:0.06705 STATE:IDLE
[2026-05-11 21:56:38Z] CHK MOM:0% RANGE:0% UP:0% SPREAD:0.14925373% BID:0.067 ASK:0.0671 MID:0.06705 P1:0.06705 P2:0.06705 P3:0.06705 P4:0.06705 STATE:IDLE
[2026-05-11 21:56:39Z] CHK MOM:0% RANGE:0% UP:0% SPREAD:0.14925373% BID:0.067 ASK:0.0671 MID:0.06705 P1:0.06705 P2:0.06705 P3:0.06705 P4:0.06705 STATE:IDLE
[2026-05-11 21:56:39Z] CHK MOM:0% RANGE:0% UP:0% SPREAD:0.14925373% BID:0.067 ASK:0.0671 MID:0.06705 P1:0.06705 P2:0.06705 P3:0.06705 P4:0.06705 STATE:IDLE
[2026-05-11 21:56:40Z] CHK MOM:0% RANGE:0% UP:0% SPREAD:0.14925373% BID:0.067 ASK:0.0671 MID:0.06705 P1:0.06705 P2:0.06705 P3:0.06705 P4:0.06705 STATE:IDLE
[2026-05-11 21:56:40Z] CHK MOM:0% RANGE:0% UP:0% SPREAD:0.14925373% BID:0.067 ASK:0.0671 MID:0.06705 P1:0.06705 P2:0.06705 P3:0.06705 P4:0.06705 STATE:IDLE
[2026-05-11 21:56:41Z] CHK MOM:0% RANGE:0% UP:0% SPREAD:0.14925373% BID:0.067 ASK:0.0671 MID:0.06705 P1:0.06705 P2:0.06705 P3:0.06705 P4:0.06705 STATE:IDLE
[2026-05-11 21:56:41Z] CHK MOM:0% RANGE:0% UP:0% SPREAD:0.14925373% BID:0.067 ASK:0.0671 MID:0.06705 P1:0.06705 P2:0.06705 P3:0.06705 P4:0.06705 STATE:IDLE
[2026-05-11 21:56:42Z] CHK MOM:0% RANGE:0% UP:0% SPREAD:0.14925373% BID:0.067 ASK:0.0671 MID:0.06705 P1:0.06705 P2:0.06705 P3:0.06705 P4:0.06705 STATE:IDLE
[2026-05-11 21:56:42Z] CHK MOM:0% RANGE:0% UP:0% SPREAD:0.14925373% BID:0.067 ASK:0.0671 MID:0.06705 P1:0.06705 P2:0.06705 P3:0.06705 P4:0.06705 STATE:IDLE
[2026-05-11 21:56:43Z] CHK MOM:0% RANGE:0% UP:0% SPREAD:0.14925373% BID:0.067 ASK:0.0671 MID:0.06705 P1:0.06705 P2:0.06705 P3:0.06705 P4:0.06705 STATE:IDLE
[2026-05-11 21:56:44Z] CHK MOM:0% RANGE:0% UP:0% SPREAD:0.14925373% BID:0.067 ASK:0.0671 MID:0.06705 P1:0.06705 P2:0.06705 P3:0.06705 P4:0.06705 STATE:IDLE
[2026-05-11 21:56:44Z] CHK MOM:0% RANGE:0% UP:0% SPREAD:0.14925373% BID:0.067 ASK:0.0671 MID:0.06705 P1:0.06705 P2:0.06705 P3:0.06705 P4:0.06705 STATE:IDLE
[2026-05-11 21:56:45Z] CHK MOM:0% RANGE:0% UP:0% SPREAD:0.14925373% BID:0.067 ASK:0.0671 MID:0.06705 P1:0.06705 P2:0.06705 P3:0.06705 P4:0.06705 STATE:IDLE
[2026-05-11 21:56:45Z] CHK MOM:0% RANGE:0% UP:0% SPREAD:0.14925373% BID:0.067 ASK:0.0671 MID:0.06705 P1:0.06705 P2:0.06705 P3:0.06705 P4:0.06705 STATE:IDLE
[2026-05-11 21:56:46Z] CHK MOM:0% RANGE:0% UP:0% SPREAD:0.14925373% BID:0.067 ASK:0.0671 MID:0.06705 P1:0.06705 P2:0.06705 P3:0.06705 P4:0.06705 STATE:IDLE
[2026-05-11 21:56:46Z] CHK MOM:0% RANGE:0% UP:0% SPREAD:0.14925373% BID:0.067 ASK:0.0671 MID:0.06705 P1:0.06705 P2:0.06705 P3:0.06705 P4:0.06705 STATE:IDLE
[2026-05-11 21:56:47Z] CHK MOM:0% RANGE:0% UP:0% SPREAD:0.14925373% BID:0.067 ASK:0.0671 MID:0.06705 P1:0.06705 P2:0.06705 P3:0.06705 P4:0.06705 STATE:IDLE
[2026-05-11 21:56:47Z] CHK MOM:0% RANGE:0% UP:0% SPREAD:0.14925373% BID:0.067 ASK:0.0671 MID:0.06705 P1:0.06705 P2:0.06705 P3:0.06705 P4:0.06705 STATE:IDLE
[2026-05-11 21:56:48Z] CHK MOM:0% RANGE:0% UP:0% SPREAD:0.14925373% BID:0.067 ASK:0.0671 MID:0.06705 P1:0.06705 P2:0.06705 P3:0.06705 P4:0.06705 STATE:IDLE
[2026-05-11 21:56:49Z] CHK MOM:0% RANGE:0% UP:0% SPREAD:0.14925373% BID:0.067 ASK:0.0671 MID:0.06705 P1:0.06705 P2:0.06705 P3:0.06705 P4:0.06705 STATE:IDLE
[2026-05-11 21:56:49Z] CHK MOM:0% RANGE:0% UP:0% SPREAD:0.14925373% BID:0.067 ASK:0.0671 MID:0.06705 P1:0.06705 P2:0.06705 P3:0.06705 P4:0.06705 STATE:IDLE
[2026-05-11 21:56:50Z] CHK MOM:0% RANGE:0% UP:0% SPREAD:0.14925373% BID:0.067 ASK:0.0671 MID:0.06705 P1:0.06705 P2:0.06705 P3:0.06705 P4:0.06705 STATE:IDLE
[2026-05-11 21:56:50Z] CHK MOM:0% RANGE:0% UP:0% SPREAD:0.14925373% BID:0.067 ASK:0.0671 MID:0.06705 P1:0.06705 P2:0.06705 P3:0.06705 P4:0.06705 STATE:IDLE
[2026-05-11 21:56:51Z] CHK MOM:0% RANGE:0% UP:0% SPREAD:0.14925373% BID:0.067 ASK:0.0671 MID:0.06705 P1:0.06705 P2:0.06705 P3:0.06705 P4:0.06705 STATE:IDLE
[2026-05-11 21:56:51Z] CHK MOM:0% RANGE:0% UP:0% SPREAD:0.14925373% BID:0.067 ASK:0.0671 MID:0.06705 P1:0.06705 P2:0.06705 P3:0.06705 P4:0.06705 STATE:IDLE
[2026-05-11 21:56:52Z] CHK MOM:0% RANGE:0% UP:0% SPREAD:0.14925373% BID:0.067 ASK:0.0671 MID:0.06705 P1:0.06705 P2:0.06705 P3:0.06705 P4:0.06705 STATE:IDLE
[2026-05-11 21:56:52Z] CHK MOM:0% RANGE:0% UP:0% SPREAD:0.14925373% BID:0.067 ASK:0.0671 MID:0.06705 P1:0.06705 P2:0.06705 P3:0.06705 P4:0.06705 STATE:IDLE
[2026-05-11 21:56:53Z] CHK MOM:0% RANGE:0% UP:0% SPREAD:0.14925373% BID:0.067 ASK:0.0671 MID:0.06705 P1:0.06705 P2:0.06705 P3:0.06705 P4:0.06705 STATE:IDLE
[2026-05-11 21:56:54Z] CHK MOM:0% RANGE:0% UP:0% SPREAD:0.14925373% BID:0.067 ASK:0.0671 MID:0.06705 P1:0.06705 P2:0.06705 P3:0.06705 P4:0.06705 STATE:IDLE
[2026-05-11 21:56:54Z] CHK MOM:0% RANGE:0% UP:0% SPREAD:0.14925373% BID:0.067 ASK:0.0671 MID:0.06705 P1:0.06705 P2:0.06705 P3:0.06705 P4:0.06705 STATE:IDLE
[2026-05-11 21:56:55Z] CHK MOM:0% RANGE:0% UP:0% SPREAD:0.14925373% BID:0.067 ASK:0.0671 MID:0.06705 P1:0.06705 P2:0.06705 P3:0.06705 P4:0.06705 STATE:IDLE
[2026-05-11 21:56:55Z] CHK MOM:0% RANGE:0% UP:0% SPREAD:0.14925373% BID:0.067 ASK:0.0671 MID:0.06705 P1:0.06705 P2:0.06705 P3:0.06705 P4:0.06705 STATE:IDLE
[2026-05-11 21:56:56Z] CHK MOM:0% RANGE:0% UP:0% SPREAD:0.14925373% BID:0.067 ASK:0.0671 MID:0.06705 P1:0.06705 P2:0.06705 P3:0.06705 P4:0.06705 STATE:IDLE
[2026-05-11 21:56:56Z] CHK MOM:0% RANGE:0% UP:0% SPREAD:0.14925373% BID:0.067 ASK:0.0671 MID:0.06705 P1:0.06705 P2:0.06705 P3:0.06705 P4:0.06705 STATE:IDLE
[2026-05-11 21:56:57Z] CHK MOM:0% RANGE:0% UP:0% SPREAD:0.14925373% BID:0.067 ASK:0.0671 MID:0.06705 P1:0.06705 P2:0.06705 P3:0.06705 P4:0.06705 STATE:IDLE
[2026-05-11 21:56:57Z] CHK MOM:0% RANGE:0% UP:0% SPREAD:0.14925373% BID:0.067 ASK:0.0671 MID:0.06705 P1:0.06705 P2:0.06705 P3:0.06705 P4:0.06705 STATE:IDLE
[2026-05-11 21:56:58Z] CHK MOM:0% RANGE:0% UP:0% SPREAD:0.14925373% BID:0.067 ASK:0.0671 MID:0.06705 P1:0.06705 P2:0.06705 P3:0.06705 P4:0.06705 STATE:IDLE
[2026-05-11 21:56:58Z] CHK MOM:0% RANGE:0% UP:0% SPREAD:0.14925373% BID:0.067 ASK:0.0671 MID:0.06705 P1:0.06705 P2:0.06705 P3:0.06705 P4:0.06705 STATE:IDLE
[2026-05-11 21:56:59Z] CHK MOM:0% RANGE:0% UP:0% SPREAD:0.14925373% BID:0.067 ASK:0.0671 MID:0.06705 P1:0.06705 P2:0.06705 P3:0.06705 P4:0.06705 STATE:IDLE
[2026-05-11 21:57:00Z] CHK MOM:0% RANGE:0% UP:0% SPREAD:0.14925373% BID:0.067 ASK:0.0671 MID:0.06705 P1:0.06705 P2:0.06705 P3:0.06705 P4:0.06705 STATE:IDLE
[2026-05-11 21:57:00Z] CHK MOM:0% RANGE:0% UP:0% SPREAD:0.14925373% BID:0.067 ASK:0.0671 MID:0.06705 P1:0.06705 P2:0.06705 P3:0.06705 P4:0.06705 STATE:IDLE
[2026-05-11 21:57:01Z] CHK MOM:0% RANGE:0% UP:0% SPREAD:0.14925373% BID:0.067 ASK:0.0671 MID:0.06705 P1:0.06705 P2:0.06705 P3:0.06705 P4:0.06705 STATE:IDLE
[2026-05-11 21:57:01Z] CHK MOM:0% RANGE:0% UP:0% SPREAD:0.14925373% BID:0.067 ASK:0.0671 MID:0.06705 P1:0.06705 P2:0.06705 P3:0.06705 P4:0.06705 STATE:IDLE
[2026-05-11 21:57:02Z] CHK MOM:0% RANGE:0% UP:0% SPREAD:0.14925373% BID:0.067 ASK:0.0671 MID:0.06705 P1:0.06705 P2:0.06705 P3:0.06705 P4:0.06705 STATE:IDLE
[2026-05-11 21:57:02Z] CHK MOM:0% RANGE:0% UP:0% SPREAD:0.14925373% BID:0.067 ASK:0.0671 MID:0.06705 P1:0.06705 P2:0.06705 P3:0.06705 P4:0.06705 STATE:IDLE
[2026-05-11 21:57:03Z] CHK MOM:0% RANGE:0% UP:0% SPREAD:0.14925373% BID:0.067 ASK:0.0671 MID:0.06705 P1:0.06705 P2:0.06705 P3:0.06705 P4:0.06705 STATE:IDLE
[2026-05-11 21:57:03Z] CHK MOM:0% RANGE:0% UP:0% SPREAD:0.14925373% BID:0.067 ASK:0.0671 MID:0.06705 P1:0.06705 P2:0.06705 P3:0.06705 P4:0.06705 STATE:IDLE
[2026-05-11 21:57:05Z] CHK MOM:0% RANGE:0% UP:0% SPREAD:0.14925373% BID:0.067 ASK:0.0671 MID:0.06705 P1:0.06705 P2:0.06705 P3:0.06705 P4:0.06705 STATE:IDLE
[2026-05-11 21:57:06Z] CHK MOM:0% RANGE:0% UP:0% SPREAD:0.14925373% BID:0.067 ASK:0.0671 MID:0.06705 P1:0.06705 P2:0.06705 P3:0.06705 P4:0.06705 STATE:IDLE
[2026-05-11 21:57:06Z] CHK MOM:0% RANGE:0% UP:0% SPREAD:0.14925373% BID:0.067 ASK:0.0671 MID:0.06705 P1:0.06705 P2:0.06705 P3:0.06705 P4:0.06705 STATE:IDLE
[2026-05-11 21:57:07Z] CHK MOM:0% RANGE:0% UP:0% SPREAD:0.14925373% BID:0.067 ASK:0.0671 MID:0.06705 P1:0.06705 P2:0.06705 P3:0.06705 P4:0.06705 STATE:IDLE
[2026-05-11 21:57:07Z] CHK MOM:0% RANGE:0% UP:0% SPREAD:0.14925373% BID:0.067 ASK:0.0671 MID:0.06705 P1:0.06705 P2:0.06705 P3:0.06705 P4:0.06705 STATE:IDLE
[2026-05-11 21:57:08Z] CHK MOM:0% RANGE:0% UP:0% SPREAD:0.14925373% BID:0.067 ASK:0.0671 MID:0.06705 P1:0.06705 P2:0.06705 P3:0.06705 P4:0.06705 STATE:IDLE
[2026-05-11 21:57:08Z] CHK MOM:0% RANGE:0% UP:0% SPREAD:0.14925373% BID:0.067 ASK:0.0671 MID:0.06705 P1:0.06705 P2:0.06705 P3:0.06705 P4:0.06705 STATE:IDLE
[2026-05-11 21:57:09Z] CHK MOM:0% RANGE:0% UP:0% SPREAD:0.14925373% BID:0.067 ASK:0.0671 MID:0.06705 P1:0.06705 P2:0.06705 P3:0.06705 P4:0.06705 STATE:IDLE
[2026-05-11 21:57:14Z] CHK MOM:0% RANGE:0% UP:0% SPREAD:0.14925373% BID:0.067 ASK:0.0671 MID:0.06705 P1:0.06705 P2:0.06705 P3:0.06705 P4:0.06705 STATE:IDLE
[2026-05-11 21:57:14Z] CHK MOM:0% RANGE:0% UP:0% SPREAD:0.14925373% BID:0.067 ASK:0.0671 MID:0.06705 P1:0.06705 P2:0.06705 P3:0.06705 P4:0.06705 STATE:IDLE
[2026-05-11 21:57:15Z] CHK MOM:0% RANGE:0% UP:0% SPREAD:0.14925373% BID:0.067 ASK:0.0671 MID:0.06705 P1:0.06705 P2:0.06705 P3:0.06705 P4:0.06705 STATE:IDLE
[2026-05-11 21:57:15Z] CHK MOM:0% RANGE:0% UP:0% SPREAD:0.14925373% BID:0.067 ASK:0.0671 MID:0.06705 P1:0.06705 P2:0.06705 P3:0.06705 P4:0.06705 STATE:IDLE
[2026-05-11 21:57:16Z] CHK MOM:0% RANGE:0% UP:0% SPREAD:0.14925373% BID:0.067 ASK:0.0671 MID:0.06705 P1:0.06705 P2:0.06705 P3:0.06705 P4:0.06705 STATE:IDLE
[2026-05-11 21:57:16Z] CHK MOM:0% RANGE:0% UP:0% SPREAD:0.14925373% BID:0.067 ASK:0.0671 MID:0.06705 P1:0.06705 P2:0.06705 P3:0.06705 P4:0.06705 STATE:IDLE
[2026-05-11 21:57:18Z] CHK MOM:0% RANGE:0% UP:0% SPREAD:0.14925373% BID:0.067 ASK:0.0671 MID:0.06705 P1:0.06705 P2:0.06705 P3:0.06705 P4:0.06705 STATE:IDLE
[2026-05-11 21:57:19Z] CHK MOM:0% RANGE:0% UP:0% SPREAD:0.14925373% BID:0.067 ASK:0.0671 MID:0.06705 P1:0.06705 P2:0.06705 P3:0.06705 P4:0.06705 STATE:IDLE
[2026-05-11 21:57:20Z] CHK MOM:0% RANGE:0% UP:0% SPREAD:0.14925373% BID:0.067 ASK:0.0671 MID:0.06705 P1:0.06705 P2:0.06705 P3:0.06705 P4:0.06705 STATE:IDLE
[2026-05-11 21:57:20Z] CHK MOM:0% RANGE:0% UP:0% SPREAD:0.14925373% BID:0.067 ASK:0.0671 MID:0.06705 P1:0.06705 P2:0.06705 P3:0.06705 P4:0.06705 STATE:IDLE
[2026-05-11 21:57:21Z] CHK MOM:0% RANGE:0% UP:0% SPREAD:0.14925373% BID:0.067 ASK:0.0671 MID:0.06705 P1:0.06705 P2:0.06705 P3:0.06705 P4:0.06705 STATE:IDLE
[2026-05-11 21:57:21Z] CHK MOM:0% RANGE:0% UP:0% SPREAD:0.14925373% BID:0.067 ASK:0.0671 MID:0.06705 P1:0.06705 P2:0.06705 P3:0.06705 P4:0.06705 STATE:IDLE
[2026-05-11 21:57:22Z] CHK MOM:0% RANGE:0% UP:0% SPREAD:0.14925373% BID:0.067 ASK:0.0671 MID:0.06705 P1:0.06705 P2:0.06705 P3:0.06705 P4:0.06705 STATE:IDLE
[2026-05-11 21:57:22Z] CHK MOM:0% RANGE:0% UP:0% SPREAD:0.14925373% BID:0.067 ASK:0.0671 MID:0.06705 P1:0.06705 P2:0.06705 P3:0.06705 P4:0.06705 STATE:IDLE
[2026-05-11 21:57:23Z] CHK MOM:0% RANGE:0% UP:0% SPREAD:0.14925373% BID:0.067 ASK:0.0671 MID:0.06705 P1:0.06705 P2:0.06705 P3:0.06705 P4:0.06705 STATE:IDLE
[2026-05-11 21:57:23Z] CHK MOM:0% RANGE:0% UP:0% SPREAD:0.14925373% BID:0.067 ASK:0.0671 MID:0.06705 P1:0.06705 P2:0.06705 P3:0.06705 P4:0.06705 STATE:IDLE
[2026-05-11 21:57:24Z] CHK MOM:0% RANGE:0% UP:0% SPREAD:0.14925373% BID:0.067 ASK:0.0671 MID:0.06705 P1:0.06705 P2:0.06705 P3:0.06705 P4:0.06705 STATE:IDLE
[2026-05-11 21:57:25Z] CHK MOM:0% RANGE:0% UP:0% SPREAD:0.14925373% BID:0.067 ASK:0.0671 MID:0.06705 P1:0.06705 P2:0.06705 P3:0.06705 P4:0.06705 STATE:IDLE
[2026-05-11 21:57:26Z] CHK MOM:0% RANGE:0% UP:0% SPREAD:0.14925373% BID:0.067 ASK:0.0671 MID:0.06705 P1:0.06705 P2:0.06705 P3:0.06705 P4:0.06705 STATE:IDLE
[2026-05-11 21:57:27Z] CHK MOM:0% RANGE:0% UP:0% SPREAD:0.14925373% BID:0.067 ASK:0.0671 MID:0.06705 P1:0.06705 P2:0.06705 P3:0.06705 P4:0.06705 STATE:IDLE
[2026-05-11 21:57:27Z] CHK MOM:0% RANGE:0% UP:0% SPREAD:0.14925373% BID:0.067 ASK:0.0671 MID:0.06705 P1:0.06705 P2:0.06705 P3:0.06705 P4:0.06705 STATE:IDLE
[2026-05-11 21:57:28Z] CHK MOM:0% RANGE:0% UP:0% SPREAD:0.14925373% BID:0.067 ASK:0.0671 MID:0.06705 P1:0.06705 P2:0.06705 P3:0.06705 P4:0.06705 STATE:IDLE
[2026-05-11 21:57:28Z] CHK MOM:0% RANGE:0% UP:0% SPREAD:0.14925373% BID:0.067 ASK:0.0671 MID:0.06705 P1:0.06705 P2:0.06705 P3:0.06705 P4:0.06705 STATE:IDLE
[2026-05-11 21:57:29Z] CHK MOM:0% RANGE:0% UP:0% SPREAD:0.14925373% BID:0.067 ASK:0.0671 MID:0.06705 P1:0.06705 P2:0.06705 P3:0.06705 P4:0.06705 STATE:IDLE
[2026-05-11 21:57:29Z] CHK MOM:0% RANGE:0% UP:0% SPREAD:0.14925373% BID:0.067 ASK:0.0671 MID:0.06705 P1:0.06705 P2:0.06705 P3:0.06705 P4:0.06705 STATE:IDLE
[2026-05-11 21:57:31Z] CHK MOM:0% RANGE:0% UP:0% SPREAD:0.14925373% BID:0.067 ASK:0.0671 MID:0.06705 P1:0.06705 P2:0.06705 P3:0.06705 P4:0.06705 STATE:IDLE
[2026-05-11 21:57:32Z] CHK MOM:0% RANGE:0% UP:0% SPREAD:0.14925373% BID:0.067 ASK:0.0671 MID:0.06705 P1:0.06705 P2:0.06705 P3:0.06705 P4:0.06705 STATE:IDLE
[2026-05-11 21:57:32Z] CHK MOM:0% RANGE:0% UP:0% SPREAD:0.14925373% BID:0.067 ASK:0.0671 MID:0.06705 P1:0.06705 P2:0.06705 P3:0.06705 P4:0.06705 STATE:IDLE
[2026-05-11 21:57:33Z] CHK MOM:0% RANGE:0% UP:0% SPREAD:0.14925373% BID:0.067 ASK:0.0671 MID:0.06705 P1:0.06705 P2:0.06705 P3:0.06705 P4:0.06705 STATE:IDLE
[2026-05-11 21:57:33Z] CHK MOM:0% RANGE:0% UP:0% SPREAD:0.14925373% BID:0.067 ASK:0.0671 MID:0.06705 P1:0.06705 P2:0.06705 P3:0.06705 P4:0.06705 STATE:IDLE
[2026-05-11 21:57:34Z] CHK MOM:0% RANGE:0% UP:0% SPREAD:0.14925373% BID:0.067 ASK:0.0671 MID:0.06705 P1:0.06705 P2:0.06705 P3:0.06705 P4:0.06705 STATE:IDLE
[2026-05-11 21:57:36Z] CHK MOM:0% RANGE:0% UP:0% SPREAD:0.14925373% BID:0.067 ASK:0.0671 MID:0.06705 P1:0.06705 P2:0.06705 P3:0.06705 P4:0.06705 STATE:IDLE
[2026-05-11 21:57:37Z] CHK MOM:0% RANGE:0% UP:0% SPREAD:0.14925373% BID:0.067 ASK:0.0671 MID:0.06705 P1:0.06705 P2:0.06705 P3:0.06705 P4:0.06705 STATE:IDLE
[2026-05-11 21:57:37Z] CHK MOM:0% RANGE:0% UP:0% SPREAD:0.14925373% BID:0.067 ASK:0.0671 MID:0.06705 P1:0.06705 P2:0.06705 P3:0.06705 P4:0.06705 STATE:IDLE
[2026-05-11 21:57:38Z] CHK MOM:0% RANGE:0% UP:0% SPREAD:0.14925373% BID:0.067 ASK:0.0671 MID:0.06705 P1:0.06705 P2:0.06705 P3:0.06705 P4:0.06705 STATE:IDLE
[2026-05-11 21:57:38Z] CHK MOM:0% RANGE:0% UP:0% SPREAD:0.14925373% BID:0.067 ASK:0.0671 MID:0.06705 P1:0.06705 P2:0.06705 P3:0.06705 P4:0.06705 STATE:IDLE
[2026-05-11 21:57:39Z] CHK MOM:0% RANGE:0% UP:0% SPREAD:0.14925373% BID:0.067 ASK:0.0671 MID:0.06705 P1:0.06705 P2:0.06705 P3:0.06705 P4:0.06705 STATE:IDLE
[2026-05-11 21:57:39Z] CHK MOM:0% RANGE:0% UP:0% SPREAD:0.14925373% BID:0.067 ASK:0.0671 MID:0.06705 P1:0.06705 P2:0.06705 P3:0.06705 P4:0.06705 STATE:IDLE
[2026-05-11 21:57:40Z] CHK MOM:0% RANGE:0% UP:0% SPREAD:0.14925373% BID:0.067 ASK:0.0671 MID:0.06705 P1:0.06705 P2:0.06705 P3:0.06705 P4:0.06705 STATE:IDLE
[2026-05-11 21:57:41Z] CHK MOM:0% RANGE:0% UP:0% SPREAD:0.14925373% BID:0.067 ASK:0.0671 MID:0.06705 P1:0.06705 P2:0.06705 P3:0.06705 P4:0.06705 STATE:IDLE
[2026-05-11 21:57:41Z] CHK MOM:0% RANGE:0% UP:0% SPREAD:0.14925373% BID:0.067 ASK:0.0671 MID:0.06705 P1:0.06705 P2:0.06705 P3:0.06705 P4:0.06705 STATE:IDLE
[2026-05-11 21:57:42Z] CHK MOM:0% RANGE:0% UP:0% SPREAD:0.14925373% BID:0.067 ASK:0.0671 MID:0.06705 P1:0.06705 P2:0.06705 P3:0.06705 P4:0.06705 STATE:IDLE
[2026-05-11 21:57:43Z] CHK MOM:0% RANGE:0% UP:0% SPREAD:0.14925373% BID:0.067 ASK:0.0671 MID:0.06705 P1:0.06705 P2:0.06705 P3:0.06705 P4:0.06705 STATE:IDLE
[2026-05-11 21:57:43Z] CHK MOM:0% RANGE:0% UP:0% SPREAD:0.14925373% BID:0.067 ASK:0.0671 MID:0.06705 P1:0.06705 P2:0.06705 P3:0.06705 P4:0.06705 STATE:IDLE
[2026-05-11 21:57:45Z] CHK MOM:0% RANGE:0% UP:0% SPREAD:0.14925373% BID:0.067 ASK:0.0671 MID:0.06705 P1:0.06705 P2:0.06705 P3:0.06705 P4:0.06705 STATE:IDLE
[2026-05-11 21:57:46Z] CHK MOM:0% RANGE:0% UP:0% SPREAD:0.14925373% BID:0.067 ASK:0.0671 MID:0.06705 P1:0.06705 P2:0.06705 P3:0.06705 P4:0.06705 STATE:IDLE
[2026-05-11 21:57:46Z] CHK MOM:0% RANGE:0% UP:0% SPREAD:0.14925373% BID:0.067 ASK:0.0671 MID:0.06705 P1:0.06705 P2:0.06705 P3:0.06705 P4:0.06705 STATE:IDLE
[2026-05-11 21:57:47Z] CHK MOM:0% RANGE:0% UP:0% SPREAD:0.14925373% BID:0.067 ASK:0.0671 MID:0.06705 P1:0.06705 P2:0.06705 P3:0.06705 P4:0.06705 STATE:IDLE
[2026-05-11 21:57:48Z] CHK MOM:0% RANGE:0% UP:0% SPREAD:0.14925373% BID:0.067 ASK:0.0671 MID:0.06705 P1:0.06705 P2:0.06705 P3:0.06705 P4:0.06705 STATE:IDLE
[2026-05-11 21:57:48Z] CHK MOM:0% RANGE:0% UP:0% SPREAD:0.14925373% BID:0.067 ASK:0.0671 MID:0.06705 P1:0.06705 P2:0.06705 P3:0.06705 P4:0.06705 STATE:IDLE
[2026-05-11 21:57:49Z] CHK MOM:0% RANGE:0% UP:0% SPREAD:0.14925373% BID:0.067 ASK:0.0671 MID:0.06705 P1:0.06705 P2:0.06705 P3:0.06705 P4:0.06705 STATE:IDLE
[2026-05-11 21:57:50Z] CHK MOM:0% RANGE:0% UP:0% SPREAD:0.14925373% BID:0.067 ASK:0.0671 MID:0.06705 P1:0.06705 P2:0.06705 P3:0.06705 P4:0.06705 STATE:IDLE
[2026-05-11 21:57:50Z] CHK MOM:0% RANGE:0% UP:0% SPREAD:0.14925373% BID:0.067 ASK:0.0671 MID:0.06705 P1:0.06705 P2:0.06705 P3:0.06705 P4:0.06705 STATE:IDLE
[2026-05-11 21:57:51Z] CHK MOM:0% RANGE:0% UP:0% SPREAD:0.14925373% BID:0.067 ASK:0.0671 MID:0.06705 P1:0.06705 P2:0.06705 P3:0.06705 P4:0.06705 STATE:IDLE
[2026-05-11 21:57:51Z] CHK MOM:0% RANGE:0% UP:0% SPREAD:0.14925373% BID:0.067 ASK:0.0671 MID:0.06705 P1:0.06705 P2:0.06705 P3:0.06705 P4:0.06705 STATE:IDLE
[2026-05-11 21:57:52Z] CHK MOM:0% RANGE:0% UP:0% SPREAD:0.14925373% BID:0.067 ASK:0.0671 MID:0.06705 P1:0.06705 P2:0.06705 P3:0.06705 P4:0.06705 STATE:IDLE
[2026-05-11 21:57:52Z] CHK MOM:0% RANGE:0% UP:0% SPREAD:0.14925373% BID:0.067 ASK:0.0671 MID:0.06705 P1:0.06705 P2:0.06705 P3:0.06705 P4:0.06705 STATE:IDLE
[2026-05-11 21:57:57Z] CHK MOM:0% RANGE:0% UP:0% SPREAD:0.14925373% BID:0.067 ASK:0.0671 MID:0.06705 P1:0.06705 P2:0.06705 P3:0.06705 P4:0.06705 STATE:IDLE
[2026-05-11 21:57:57Z] CHK MOM:0% RANGE:0% UP:0% SPREAD:0.14925373% BID:0.067 ASK:0.0671 MID:0.06705 P1:0.06705 P2:0.06705 P3:0.06705 P4:0.06705 STATE:IDLE
[2026-05-11 21:57:58Z] CHK MOM:0% RANGE:0% UP:0% SPREAD:0.14925373% BID:0.067 ASK:0.0671 MID:0.06705 P1:0.06705 P2:0.06705 P3:0.06705 P4:0.06705 STATE:IDLE
[2026-05-11 21:57:58Z] CHK MOM:0% RANGE:0% UP:0% SPREAD:0.14925373% BID:0.067 ASK:0.0671 MID:0.06705 P1:0.06705 P2:0.06705 P3:0.06705 P4:0.06705 STATE:IDLE
[2026-05-11 21:57:59Z] CHK MOM:0% RANGE:0% UP:0% SPREAD:0.14925373% BID:0.067 ASK:0.0671 MID:0.06705 P1:0.06705 P2:0.06705 P3:0.06705 P4:0.06705 STATE:IDLE
[2026-05-11 21:57:59Z] CHK MOM:0% RANGE:0% UP:0% SPREAD:0.14925373% BID:0.067 ASK:0.0671 MID:0.06705 P1:0.06705 P2:0.06705 P3:0.06705 P4:0.06705 STATE:IDLE
[2026-05-11 21:58:00Z] CHK MOM:0% RANGE:0% UP:0% SPREAD:0.14925373% BID:0.067 ASK:0.0671 MID:0.06705 P1:0.06705 P2:0.06705 P3:0.06705 P4:0.06705 STATE:IDLE
[2026-05-11 21:58:00Z] CHK MOM:0% RANGE:0% UP:0% SPREAD:0.14925373% BID:0.067 ASK:0.0671 MID:0.06705 P1:0.06705 P2:0.06705 P3:0.06705 P4:0.06705 STATE:IDLE
[2026-05-11 21:58:01Z] CHK MOM:0% RANGE:0% UP:0% SPREAD:0.14925373% BID:0.067 ASK:0.0671 MID:0.06705 P1:0.06705 P2:0.06705 P3:0.06705 P4:0.06705 STATE:IDLE
[2026-05-11 21:58:01Z] CHK MOM:0% RANGE:0% UP:0% SPREAD:0.14925373% BID:0.067 ASK:0.0671 MID:0.06705 P1:0.06705 P2:0.06705 P3:0.06705 P4:0.06705 STATE:IDLE
[2026-05-11 21:58:03Z] CHK MOM:-0.14% RANGE:0.14% UP:0% SPREAD:0.14947683% BID:0.0669 ASK:0.067 MID:0.06695 P1:0.06695 P2:0.06705 P3:0.06705 P4:0.06705 STATE:IDLE
[2026-05-11 21:58:03Z] CHK MOM:-0.14% RANGE:0.14% UP:0% SPREAD:0.14947683% BID:0.0669 ASK:0.067 MID:0.06695 P1:0.06695 P2:0.06705 P3:0.06705 P4:0.06705 STATE:IDLE
[2026-05-11 21:58:04Z] CHK MOM:-0.14% RANGE:0.14% UP:0% SPREAD:0.14947683% BID:0.0669 ASK:0.067 MID:0.06695 P1:0.06695 P2:0.06705 P3:0.06705 P4:0.06705 STATE:IDLE
[2026-05-11 21:58:04Z] CHK MOM:-0.14% RANGE:0.14% UP:0% SPREAD:0.14947683% BID:0.0669 ASK:0.067 MID:0.06695 P1:0.06695 P2:0.06705 P3:0.06705 P4:0.06705 STATE:IDLE
[2026-05-11 21:58:05Z] CHK MOM:-0.14% RANGE:0.14% UP:0% SPREAD:0.14947683% BID:0.0669 ASK:0.067 MID:0.06695 P1:0.06695 P2:0.06705 P3:0.06705 P4:0.06705 STATE:IDLE
[2026-05-11 21:58:14Z] CHK MOM:0% RANGE:0% UP:0% SPREAD:0.14947683% BID:0.0669 ASK:0.067 MID:0.06695 P1:0.06695 P2:0.06695 P3:0.06705 P4:0.06705 STATE:IDLE
[2026-05-11 21:58:14Z] CHK MOM:0% RANGE:0% UP:0% SPREAD:0.14947683% BID:0.0669 ASK:0.067 MID:0.06695 P1:0.06695 P2:0.06695 P3:0.06705 P4:0.06705 STATE:IDLE
[2026-05-11 21:58:15Z] CHK MOM:0% RANGE:0% UP:0% SPREAD:0.14947683% BID:0.0669 ASK:0.067 MID:0.06695 P1:0.06695 P2:0.06695 P3:0.06705 P4:0.06705 STATE:IDLE
[2026-05-11 21:58:16Z] CHK MOM:0% RANGE:0% UP:0% SPREAD:0.14947683% BID:0.0669 ASK:0.067 MID:0.06695 P1:0.06695 P2:0.06695 P3:0.06695 P4:0.06705 STATE:IDLE
[2026-05-11 21:58:16Z] CHK MOM:0% RANGE:0% UP:0% SPREAD:0.14947683% BID:0.0669 ASK:0.067 MID:0.06695 P1:0.06695 P2:0.06695 P3:0.06695 P4:0.06705 STATE:IDLE
[2026-05-11 21:58:17Z] CHK MOM:0% RANGE:0% UP:0% SPREAD:0.14947683% BID:0.0669 ASK:0.067 MID:0.06695 P1:0.06695 P2:0.06695 P3:0.06695 P4:0.06705 STATE:IDLE
[2026-05-11 21:58:17Z] CHK MOM:0% RANGE:0% UP:0% SPREAD:0.14947683% BID:0.0669 ASK:0.067 MID:0.06695 P1:0.06695 P2:0.06695 P3:0.06695 P4:0.06705 STATE:IDLE
[2026-05-11 21:58:18Z] CHK MOM:0% RANGE:0% UP:0% SPREAD:0.14947683% BID:0.0669 ASK:0.067 MID:0.06695 P1:0.06695 P2:0.06695 P3:0.06695 P4:0.06705 STATE:IDLE
[2026-05-11 21:58:18Z] CHK MOM:0% RANGE:0% UP:0% SPREAD:0.14947683% BID:0.0669 ASK:0.067 MID:0.06695 P1:0.06695 P2:0.06695 P3:0.06695 P4:0.06705 STATE:IDLE
[2026-05-11 21:58:27Z] CHK MOM:0% RANGE:0% UP:0% SPREAD:0.14947683% BID:0.0669 ASK:0.067 MID:0.06695 P1:0.06695 P2:0.06695 P3:0.06695 P4:0.06695 STATE:IDLE
[2026-05-11 21:58:27Z] CHK MOM:0% RANGE:0% UP:0% SPREAD:0.14947683% BID:0.0669 ASK:0.067 MID:0.06695 P1:0.06695 P2:0.06695 P3:0.06695 P4:0.06695 STATE:IDLE
[2026-05-11 21:58:28Z] CHK MOM:0% RANGE:0% UP:0% SPREAD:0.14947683% BID:0.0669 ASK:0.067 MID:0.06695 P1:0.06695 P2:0.06695 P3:0.06695 P4:0.06695 STATE:IDLE
[2026-05-11 21:58:29Z] CHK MOM:0% RANGE:0% UP:0% SPREAD:0.14947683% BID:0.0669 ASK:0.067 MID:0.06695 P1:0.06695 P2:0.06695 P3:0.06695 P4:0.06695 STATE:IDLE
[2026-05-11 21:58:29Z] CHK MOM:0% RANGE:0% UP:0% SPREAD:0.14947683% BID:0.0669 ASK:0.067 MID:0.06695 P1:0.06695 P2:0.06695 P3:0.06695 P4:0.06695 STATE:IDLE
[2026-05-11 21:58:30Z] CHK MOM:0% RANGE:0% UP:0% SPREAD:0.14947683% BID:0.0669 ASK:0.067 MID:0.06695 P1:0.06695 P2:0.06695 P3:0.06695 P4:0.06695 STATE:IDLE
[2026-05-11 21:58:31Z] CHK MOM:0% RANGE:0% UP:0% SPREAD:0.14947683% BID:0.0669 ASK:0.067 MID:0.06695 P1:0.06695 P2:0.06695 P3:0.06695 P4:0.06695 STATE:IDLE
[2026-05-11 21:58:32Z] CHK MOM:0% RANGE:0% UP:0% SPREAD:0.14947683% BID:0.0669 ASK:0.067 MID:0.06695 P1:0.06695 P2:0.06695 P3:0.06695 P4:0.06695 STATE:IDLE
[2026-05-11 21:58:32Z] CHK MOM:0% RANGE:0% UP:0% SPREAD:0.14947683% BID:0.0669 ASK:0.067 MID:0.06695 P1:0.06695 P2:0.06695 P3:0.06695 P4:0.06695 STATE:IDLE
[2026-05-11 21:58:33Z] CHK MOM:0% RANGE:0% UP:0% SPREAD:0.14947683% BID:0.0669 ASK:0.067 MID:0.06695 P1:0.06695 P2:0.06695 P3:0.06695 P4:0.06695 STATE:IDLE
[2026-05-11 21:58:33Z] CHK MOM:0% RANGE:0% UP:0% SPREAD:0.14947683% BID:0.0669 ASK:0.067 MID:0.06695 P1:0.06695 P2:0.06695 P3:0.06695 P4:0.06695 STATE:IDLE
[2026-05-11 21:58:34Z] CHK MOM:0% RANGE:0% UP:0% SPREAD:0.14947683% BID:0.0669 ASK:0.067 MID:0.06695 P1:0.06695 P2:0.06695 P3:0.06695 P4:0.06695 STATE:IDLE
[2026-05-11 21:58:36Z] CHK MOM:0% RANGE:0% UP:0% SPREAD:0.14947683% BID:0.0669 ASK:0.067 MID:0.06695 P1:0.06695 P2:0.06695 P3:0.06695 P4:0.06695 STATE:IDLE
[2026-05-11 21:58:36Z] CHK MOM:0% RANGE:0% UP:0% SPREAD:0.14947683% BID:0.0669 ASK:0.067 MID:0.06695 P1:0.06695 P2:0.06695 P3:0.06695 P4:0.06695 STATE:IDLE
[2026-05-11 21:58:37Z] CHK MOM:0% RANGE:0% UP:0% SPREAD:0.14947683% BID:0.0669 ASK:0.067 MID:0.06695 P1:0.06695 P2:0.06695 P3:0.06695 P4:0.06695 STATE:IDLE
[2026-05-11 21:58:38Z] CHK MOM:0% RANGE:0% UP:0% SPREAD:0.14947683% BID:0.0669 ASK:0.067 MID:0.06695 P1:0.06695 P2:0.06695 P3:0.06695 P4:0.06695 STATE:IDLE
[2026-05-11 21:58:38Z] CHK MOM:0% RANGE:0% UP:0% SPREAD:0.14947683% BID:0.0669 ASK:0.067 MID:0.06695 P1:0.06695 P2:0.06695 P3:0.06695 P4:0.06695 STATE:IDLE
[2026-05-11 21:58:39Z] CHK MOM:0% RANGE:0% UP:0% SPREAD:0.14947683% BID:0.0669 ASK:0.067 MID:0.06695 P1:0.06695 P2:0.06695 P3:0.06695 P4:0.06695 STATE:IDLE
[2026-05-11 21:58:39Z] CHK MOM:0% RANGE:0% UP:0% SPREAD:0.14947683% BID:0.0669 ASK:0.067 MID:0.06695 P1:0.06695 P2:0.06695 P3:0.06695 P4:0.06695 STATE:IDLE
[2026-05-11 21:58:40Z] CHK MOM:0% RANGE:0% UP:0% SPREAD:0.14947683% BID:0.0669 ASK:0.067 MID:0.06695 P1:0.06695 P2:0.06695 P3:0.06695 P4:0.06695 STATE:IDLE
[2026-05-11 21:58:41Z] CHK MOM:0% RANGE:0% UP:0% SPREAD:0.14947683% BID:0.0669 ASK:0.067 MID:0.06695 P1:0.06695 P2:0.06695 P3:0.06695 P4:0.06695 STATE:IDLE
[2026-05-11 21:58:41Z] CHK MOM:0% RANGE:0% UP:0% SPREAD:0.14947683% BID:0.0669 ASK:0.067 MID:0.06695 P1:0.06695 P2:0.06695 P3:0.06695 P4:0.06695 STATE:IDLE
[2026-05-11 21:58:42Z] CHK MOM:0% RANGE:0% UP:0% SPREAD:0.14947683% BID:0.0669 ASK:0.067 MID:0.06695 P1:0.06695 P2:0.06695 P3:0.06695 P4:0.06695 STATE:IDLE
[2026-05-11 21:58:42Z] CHK MOM:0% RANGE:0% UP:0% SPREAD:0.14947683% BID:0.0669 ASK:0.067 MID:0.06695 P1:0.06695 P2:0.06695 P3:0.06695 P4:0.06695 STATE:IDLE
[2026-05-11 21:58:43Z] CHK MOM:0% RANGE:0% UP:0% SPREAD:0.14947683% BID:0.0669 ASK:0.067 MID:0.06695 P1:0.06695 P2:0.06695 P3:0.06695 P4:0.06695 STATE:IDLE
[2026-05-11 21:58:44Z] CHK MOM:0% RANGE:0% UP:0% SPREAD:0.14947683% BID:0.0669 ASK:0.067 MID:0.06695 P1:0.06695 P2:0.06695 P3:0.06695 P4:0.06695 STATE:IDLE
[2026-05-11 21:58:44Z] CHK MOM:0% RANGE:0% UP:0% SPREAD:0.14947683% BID:0.0669 ASK:0.067 MID:0.06695 P1:0.06695 P2:0.06695 P3:0.06695 P4:0.06695 STATE:IDLE
[2026-05-11 21:58:45Z] CHK MOM:0% RANGE:0% UP:0% SPREAD:0.14947683% BID:0.0669 ASK:0.067 MID:0.06695 P1:0.06695 P2:0.06695 P3:0.06695 P4:0.06695 STATE:IDLE
[2026-05-11 21:58:50Z] CHK MOM:0% RANGE:0% UP:0% SPREAD:0.14947683% BID:0.0669 ASK:0.067 MID:0.06695 P1:0.06695 P2:0.06695 P3:0.06695 P4:0.06695 STATE:IDLE
[2026-05-11 21:58:51Z] CHK MOM:0% RANGE:0% UP:0% SPREAD:0.14947683% BID:0.0669 ASK:0.067 MID:0.06695 P1:0.06695 P2:0.06695 P3:0.06695 P4:0.06695 STATE:IDLE
[2026-05-11 21:58:51Z] CHK MOM:0% RANGE:0% UP:0% SPREAD:0.14947683% BID:0.0669 ASK:0.067 MID:0.06695 P1:0.06695 P2:0.06695 P3:0.06695 P4:0.06695 STATE:IDLE
[2026-05-11 21:58:52Z] CHK MOM:0% RANGE:0% UP:0% SPREAD:0.14947683% BID:0.0669 ASK:0.067 MID:0.06695 P1:0.06695 P2:0.06695 P3:0.06695 P4:0.06695 STATE:IDLE
[2026-05-11 21:58:52Z] CHK MOM:0% RANGE:0% UP:0% SPREAD:0.14947683% BID:0.0669 ASK:0.067 MID:0.06695 P1:0.06695 P2:0.06695 P3:0.06695 P4:0.06695 STATE:IDLE
[2026-05-11 21:58:53Z] CHK MOM:0% RANGE:0% UP:0% SPREAD:0.14947683% BID:0.0669 ASK:0.067 MID:0.06695 P1:0.06695 P2:0.06695 P3:0.06695 P4:0.06695 STATE:IDLE
[2026-05-11 21:58:56Z] CHK MOM:0% RANGE:0% UP:0% SPREAD:0.14947683% BID:0.0669 ASK:0.067 MID:0.06695 P1:0.06695 P2:0.06695 P3:0.06695 P4:0.06695 STATE:IDLE
[2026-05-11 21:58:56Z] CHK MOM:0% RANGE:0% UP:0% SPREAD:0.14947683% BID:0.0669 ASK:0.067 MID:0.06695 P1:0.06695 P2:0.06695 P3:0.06695 P4:0.06695 STATE:IDLE
[2026-05-11 21:58:57Z] CHK MOM:0% RANGE:0% UP:0% SPREAD:0.14947683% BID:0.0669 ASK:0.067 MID:0.06695 P1:0.06695 P2:0.06695 P3:0.06695 P4:0.06695 STATE:IDLE
[2026-05-11 21:58:57Z] CHK MOM:0% RANGE:0% UP:0% SPREAD:0.14947683% BID:0.0669 ASK:0.067 MID:0.06695 P1:0.06695 P2:0.06695 P3:0.06695 P4:0.06695 STATE:IDLE
[2026-05-11 21:58:58Z] CHK MOM:0% RANGE:0% UP:0% SPREAD:0.14947683% BID:0.0669 ASK:0.067 MID:0.06695 P1:0.06695 P2:0.06695 P3:0.06695 P4:0.06695 STATE:IDLE
[2026-05-11 21:58:58Z] CHK MOM:0% RANGE:0% UP:0% SPREAD:0.14947683% BID:0.0669 ASK:0.067 MID:0.06695 P1:0.06695 P2:0.06695 P3:0.06695 P4:0.06695 STATE:IDLE
[2026-05-11 21:58:59Z] CHK MOM:0% RANGE:0% UP:0% SPREAD:0.14947683% BID:0.0669 ASK:0.067 MID:0.06695 P1:0.06695 P2:0.06695 P3:0.06695 P4:0.06695 STATE:IDLE
[2026-05-11 21:59:00Z] CHK MOM:0% RANGE:0% UP:0% SPREAD:0.14947683% BID:0.0669 ASK:0.067 MID:0.06695 P1:0.06695 P2:0.06695 P3:0.06695 P4:0.06695 STATE:IDLE
[2026-05-11 21:59:00Z] CHK MOM:0% RANGE:0% UP:0% SPREAD:0.14947683% BID:0.0669 ASK:0.067 MID:0.06695 P1:0.06695 P2:0.06695 P3:0.06695 P4:0.06695 STATE:IDLE
[2026-05-11 21:59:01Z] CHK MOM:0% RANGE:0% UP:0% SPREAD:0.14947683% BID:0.0669 ASK:0.067 MID:0.06695 P1:0.06695 P2:0.06695 P3:0.06695 P4:0.06695 STATE:IDLE
[2026-05-11 21:59:02Z] CHK MOM:0% RANGE:0% UP:0% SPREAD:0.14947683% BID:0.0669 ASK:0.067 MID:0.06695 P1:0.06695 P2:0.06695 P3:0.06695 P4:0.06695 STATE:IDLE
[2026-05-11 21:59:02Z] CHK MOM:0% RANGE:0% UP:0% SPREAD:0.14947683% BID:0.0669 ASK:0.067 MID:0.06695 P1:0.06695 P2:0.06695 P3:0.06695 P4:0.06695 STATE:IDLE
[2026-05-11 21:59:03Z] CHK MOM:0% RANGE:0% UP:0% SPREAD:0.14947683% BID:0.0669 ASK:0.067 MID:0.06695 P1:0.06695 P2:0.06695 P3:0.06695 P4:0.06695 STATE:IDLE
[2026-05-11 21:59:03Z] CHK MOM:0% RANGE:0% UP:0% SPREAD:0.14947683% BID:0.0669 ASK:0.067 MID:0.06695 P1:0.06695 P2:0.06695 P3:0.06695 P4:0.06695 STATE:IDLE
[2026-05-11 21:59:04Z] CHK MOM:0% RANGE:0% UP:0% SPREAD:0.14947683% BID:0.0669 ASK:0.067 MID:0.06695 P1:0.06695 P2:0.06695 P3:0.06695 P4:0.06695 STATE:IDLE
[2026-05-11 21:59:04Z] CHK MOM:0% RANGE:0% UP:0% SPREAD:0.14947683% BID:0.0669 ASK:0.067 MID:0.06695 P1:0.06695 P2:0.06695 P3:0.06695 P4:0.06695 STATE:IDLE
[2026-05-11 21:59:05Z] CHK MOM:0% RANGE:0% UP:0% SPREAD:0.14947683% BID:0.0669 ASK:0.067 MID:0.06695 P1:0.06695 P2:0.06695 P3:0.06695 P4:0.06695 STATE:IDLE
[2026-05-11 21:59:05Z] CHK MOM:0% RANGE:0% UP:0% SPREAD:0.14947683% BID:0.0669 ASK:0.067 MID:0.06695 P1:0.06695 P2:0.06695 P3:0.06695 P4:0.06695 STATE:IDLE
[2026-05-11 21:59:09Z] CHK MOM:0% RANGE:0% UP:0% SPREAD:0.14947683% BID:0.0669 ASK:0.067 MID:0.06695 P1:0.06695 P2:0.06695 P3:0.06695 P4:0.06695 STATE:IDLE
[2026-05-11 21:59:09Z] CHK MOM:0% RANGE:0% UP:0% SPREAD:0.14947683% BID:0.0669 ASK:0.067 MID:0.06695 P1:0.06695 P2:0.06695 P3:0.06695 P4:0.06695 STATE:IDLE
[2026-05-11 21:59:10Z] CHK MOM:0% RANGE:0% UP:0% SPREAD:0.14947683% BID:0.0669 ASK:0.067 MID:0.06695 P1:0.06695 P2:0.06695 P3:0.06695 P4:0.06695 STATE:IDLE
[2026-05-11 21:59:10Z] CHK MOM:0% RANGE:0% UP:0% SPREAD:0.14947683% BID:0.0669 ASK:0.067 MID:0.06695 P1:0.06695 P2:0.06695 P3:0.06695 P4:0.06695 STATE:IDLE
[2026-05-11 21:59:11Z] CHK MOM:0% RANGE:0% UP:0% SPREAD:0.14947683% BID:0.0669 ASK:0.067 MID:0.06695 P1:0.06695 P2:0.06695 P3:0.06695 P4:0.06695 STATE:IDLE
[2026-05-11 21:59:11Z] CHK MOM:0% RANGE:0% UP:0% SPREAD:0.14947683% BID:0.0669 ASK:0.067 MID:0.06695 P1:0.06695 P2:0.06695 P3:0.06695 P4:0.06695 STATE:IDLE
[2026-05-11 21:59:12Z] CHK MOM:0% RANGE:0% UP:0% SPREAD:0.14947683% BID:0.0669 ASK:0.067 MID:0.06695 P1:0.06695 P2:0.06695 P3:0.06695 P4:0.06695 STATE:IDLE
[2026-05-11 21:59:13Z] CHK MOM:0% RANGE:0% UP:0% SPREAD:0.14947683% BID:0.0669 ASK:0.067 MID:0.06695 P1:0.06695 P2:0.06695 P3:0.06695 P4:0.06695 STATE:IDLE
[2026-05-11 21:59:14Z] CHK MOM:0% RANGE:0% UP:0% SPREAD:0.14947683% BID:0.0669 ASK:0.067 MID:0.06695 P1:0.06695 P2:0.06695 P3:0.06695 P4:0.06695 STATE:IDLE
[2026-05-11 21:59:15Z] CHK MOM:0% RANGE:0% UP:0% SPREAD:0.14947683% BID:0.0669 ASK:0.067 MID:0.06695 P1:0.06695 P2:0.06695 P3:0.06695 P4:0.06695 STATE:IDLE
[2026-05-11 21:59:15Z] CHK MOM:0% RANGE:0% UP:0% SPREAD:0.14947683% BID:0.0669 ASK:0.067 MID:0.06695 P1:0.06695 P2:0.06695 P3:0.06695 P4:0.06695 STATE:IDLE
[2026-05-11 21:59:16Z] CHK MOM:0% RANGE:0% UP:0% SPREAD:0.14947683% BID:0.0669 ASK:0.067 MID:0.06695 P1:0.06695 P2:0.06695 P3:0.06695 P4:0.06695 STATE:IDLE
[2026-05-11 21:59:16Z] CHK MOM:0% RANGE:0% UP:0% SPREAD:0.14947683% BID:0.0669 ASK:0.067 MID:0.06695 P1:0.06695 P2:0.06695 P3:0.06695 P4:0.06695 STATE:IDLE
[2026-05-11 21:59:21Z] CHK MOM:0% RANGE:0% UP:0% SPREAD:0.14947683% BID:0.0669 ASK:0.067 MID:0.06695 P1:0.06695 P2:0.06695 P3:0.06695 P4:0.06695 STATE:IDLE
[2026-05-11 21:59:21Z] CHK MOM:0% RANGE:0% UP:0% SPREAD:0.14947683% BID:0.0669 ASK:0.067 MID:0.06695 P1:0.06695 P2:0.06695 P3:0.06695 P4:0.06695 STATE:IDLE
[2026-05-11 21:59:22Z] CHK MOM:0% RANGE:0% UP:0% SPREAD:0.14947683% BID:0.0669 ASK:0.067 MID:0.06695 P1:0.06695 P2:0.06695 P3:0.06695 P4:0.06695 STATE:IDLE
[2026-05-11 21:59:22Z] CHK MOM:0% RANGE:0% UP:0% SPREAD:0.14947683% BID:0.0669 ASK:0.067 MID:0.06695 P1:0.06695 P2:0.06695 P3:0.06695 P4:0.06695 STATE:IDLE
[2026-05-11 21:59:23Z] CHK MOM:0% RANGE:0% UP:0% SPREAD:0.14947683% BID:0.0669 ASK:0.067 MID:0.06695 P1:0.06695 P2:0.06695 P3:0.06695 P4:0.06695 STATE:IDLE
[2026-05-11 21:59:24Z] CHK MOM:0% RANGE:0% UP:0% SPREAD:0.14947683% BID:0.0669 ASK:0.067 MID:0.06695 P1:0.06695 P2:0.06695 P3:0.06695 P4:0.06695 STATE:IDLE
[2026-05-11 21:59:24Z] CHK MOM:0% RANGE:0% UP:0% SPREAD:0.14947683% BID:0.0669 ASK:0.067 MID:0.06695 P1:0.06695 P2:0.06695 P3:0.06695 P4:0.06695 STATE:IDLE
[2026-05-11 21:59:25Z] CHK MOM:0% RANGE:0% UP:0% SPREAD:0.14947683% BID:0.0669 ASK:0.067 MID:0.06695 P1:0.06695 P2:0.06695 P3:0.06695 P4:0.06695 STATE:IDLE
[2026-05-11 21:59:25Z] CHK MOM:0% RANGE:0% UP:0% SPREAD:0.14947683% BID:0.0669 ASK:0.067 MID:0.06695 P1:0.06695 P2:0.06695 P3:0.06695 P4:0.06695 STATE:IDLE
[2026-05-11 21:59:26Z] CHK MOM:0% RANGE:0% UP:0% SPREAD:0.14947683% BID:0.0669 ASK:0.067 MID:0.06695 P1:0.06695 P2:0.06695 P3:0.06695 P4:0.06695 STATE:IDLE
[2026-05-11 21:59:27Z] CHK MOM:0% RANGE:0% UP:0% SPREAD:0.14947683% BID:0.0669 ASK:0.067 MID:0.06695 P1:0.06695 P2:0.06695 P3:0.06695 P4:0.06695 STATE:IDLE
[2026-05-11 21:59:27Z] CHK MOM:0% RANGE:0% UP:0% SPREAD:0.14947683% BID:0.0669 ASK:0.067 MID:0.06695 P1:0.06695 P2:0.06695 P3:0.06695 P4:0.06695 STATE:IDLE
[2026-05-11 21:59:28Z] CHK MOM:0% RANGE:0% UP:0% SPREAD:0.14947683% BID:0.0669 ASK:0.067 MID:0.06695 P1:0.06695 P2:0.06695 P3:0.06695 P4:0.06695 STATE:IDLE
[2026-05-11 21:59:28Z] CHK MOM:0% RANGE:0% UP:0% SPREAD:0.14947683% BID:0.0669 ASK:0.067 MID:0.06695 P1:0.06695 P2:0.06695 P3:0.06695 P4:0.06695 STATE:IDLE
[2026-05-11 21:59:29Z] CHK MOM:0% RANGE:0% UP:0% SPREAD:0.14947683% BID:0.0669 ASK:0.067 MID:0.06695 P1:0.06695 P2:0.06695 P3:0.06695 P4:0.06695 STATE:IDLE
[2026-05-11 21:59:29Z] CHK MOM:0% RANGE:0% UP:0% SPREAD:0.14947683% BID:0.0669 ASK:0.067 MID:0.06695 P1:0.06695 P2:0.06695 P3:0.06695 P4:0.06695 STATE:IDLE
[2026-05-11 21:59:30Z] CHK MOM:0% RANGE:0% UP:0% SPREAD:0.14947683% BID:0.0669 ASK:0.067 MID:0.06695 P1:0.06695 P2:0.06695 P3:0.06695 P4:0.06695 STATE:IDLE
[2026-05-11 21:59:30Z] CHK MOM:0% RANGE:0% UP:0% SPREAD:0.14947683% BID:0.0669 ASK:0.067 MID:0.06695 P1:0.06695 P2:0.06695 P3:0.06695 P4:0.06695 STATE:IDLE
[2026-05-11 21:59:31Z] CHK MOM:0% RANGE:0% UP:0% SPREAD:0.14947683% BID:0.0669 ASK:0.067 MID:0.06695 P1:0.06695 P2:0.06695 P3:0.06695 P4:0.06695 STATE:IDLE
[2026-05-11 21:59:32Z] CHK MOM:0% RANGE:0% UP:0% SPREAD:0.14947683% BID:0.0669 ASK:0.067 MID:0.06695 P1:0.06695 P2:0.06695 P3:0.06695 P4:0.06695 STATE:IDLE
[2026-05-11 21:59:41Z] CHK MOM:0% RANGE:0% UP:0% SPREAD:0.14947683% BID:0.0669 ASK:0.067 MID:0.06695 P1:0.06695 P2:0.06695 P3:0.06695 P4:0.06695 STATE:IDLE
[2026-05-11 23:11:32Z] SESSION_START symbol=WLFIUSDC dry_run=0 profile=major strategy=momentum base_url=https://api.binance.com
[2026-05-11 23:11:32Z] TOXIC_MEMORY_LOADED count=5 symbols=GUNUSDC,JTOUSDC,ORDIUSDC,SAHARAUSDC,TONUSDC
[2026-05-11 23:11:35Z] CHK MOM:0% RANGE:0% UP:0% SPREAD:0.14925373% BID:0.067 ASK:0.0671 MID:0.06705 P1:0.06705 P2:NA P3:NA P4:NA STATE:IDLE
[2026-05-11 23:11:36Z] CHK MOM:0% RANGE:0% UP:0% SPREAD:0.14925373% BID:0.067 ASK:0.0671 MID:0.06705 P1:0.06705 P2:NA P3:NA P4:NA STATE:IDLE
[2026-05-11 23:11:36Z] CHK MOM:0% RANGE:0% UP:0% SPREAD:0.14925373% BID:0.067 ASK:0.0671 MID:0.06705 P1:0.06705 P2:NA P3:NA P4:NA STATE:IDLE
[2026-05-11 23:11:37Z] CHK MOM:0% RANGE:0% UP:0% SPREAD:0.14925373% BID:0.067 ASK:0.0671 MID:0.06705 P1:0.06705 P2:NA P3:NA P4:NA STATE:IDLE
[2026-05-11 23:11:37Z] CHK MOM:0% RANGE:0% UP:0% SPREAD:0.14925373% BID:0.067 ASK:0.0671 MID:0.06705 P1:0.06705 P2:NA P3:NA P4:NA STATE:IDLE
[2026-05-11 23:11:38Z] CHK MOM:0% RANGE:0% UP:0% SPREAD:0.14925373% BID:0.067 ASK:0.0671 MID:0.06705 P1:0.06705 P2:0.06705 P3:NA P4:NA STATE:IDLE
[2026-05-11 23:11:39Z] CHK MOM:0% RANGE:0% UP:0% SPREAD:0.14925373% BID:0.067 ASK:0.0671 MID:0.06705 P1:0.06705 P2:0.06705 P3:0.06705 P4:NA STATE:IDLE
[2026-05-11 23:11:39Z] CHK MOM:0% RANGE:0% UP:0% SPREAD:0.14925373% BID:0.067 ASK:0.0671 MID:0.06705 P1:0.06705 P2:0.06705 P3:0.06705 P4:NA STATE:IDLE
[2026-05-11 23:11:40Z] CHK MOM:0% RANGE:0% UP:0% SPREAD:0.14925373% BID:0.067 ASK:0.0671 MID:0.06705 P1:0.06705 P2:0.06705 P3:0.06705 P4:NA STATE:IDLE
[2026-05-11 23:11:41Z] CHK MOM:0% RANGE:0% UP:0% SPREAD:0.14925373% BID:0.067 ASK:0.0671 MID:0.06705 P1:0.06705 P2:0.06705 P3:0.06705 P4:NA STATE:IDLE
[2026-05-11 23:11:41Z] CHK MOM:0% RANGE:0% UP:0% SPREAD:0.14925373% BID:0.067 ASK:0.0671 MID:0.06705 P1:0.06705 P2:0.06705 P3:0.06705 P4:NA STATE:IDLE
[2026-05-11 23:11:46Z] CHK MOM:0% RANGE:0% UP:0% SPREAD:0.14925373% BID:0.067 ASK:0.0671 MID:0.06705 P1:0.06705 P2:0.06705 P3:0.06705 P4:0.06705 STATE:IDLE
[2026-05-11 23:11:46Z] CHK MOM:0% RANGE:0% UP:0% SPREAD:0.14925373% BID:0.067 ASK:0.0671 MID:0.06705 P1:0.06705 P2:0.06705 P3:0.06705 P4:0.06705 STATE:IDLE
[2026-05-11 23:11:47Z] CHK MOM:0% RANGE:0% UP:0% SPREAD:0.14925373% BID:0.067 ASK:0.0671 MID:0.06705 P1:0.06705 P2:0.06705 P3:0.06705 P4:0.06705 STATE:IDLE
[2026-05-11 23:11:47Z] CHK MOM:0% RANGE:0% UP:0% SPREAD:0.14925373% BID:0.067 ASK:0.0671 MID:0.06705 P1:0.06705 P2:0.06705 P3:0.06705 P4:0.06705 STATE:IDLE
[2026-05-11 23:11:48Z] CHK MOM:0% RANGE:0% UP:0% SPREAD:0.14925373% BID:0.067 ASK:0.0671 MID:0.06705 P1:0.06705 P2:0.06705 P3:0.06705 P4:0.06705 STATE:IDLE
[2026-05-11 23:11:48Z] CHK MOM:0% RANGE:0% UP:0% SPREAD:0.14925373% BID:0.067 ASK:0.0671 MID:0.06705 P1:0.06705 P2:0.06705 P3:0.06705 P4:0.06705 STATE:IDLE
[2026-05-11 23:11:55Z] CHK MOM:0% RANGE:0% UP:0% SPREAD:0.14925373% BID:0.067 ASK:0.0671 MID:0.06705 P1:0.06705 P2:0.06705 P3:0.06705 P4:0.06705 STATE:IDLE
[2026-05-11 23:11:56Z] CHK MOM:0% RANGE:0% UP:0% SPREAD:0.14925373% BID:0.067 ASK:0.0671 MID:0.06705 P1:0.06705 P2:0.06705 P3:0.06705 P4:0.06705 STATE:IDLE
[2026-05-11 23:11:56Z] CHK MOM:0% RANGE:0% UP:0% SPREAD:0.14925373% BID:0.067 ASK:0.0671 MID:0.06705 P1:0.06705 P2:0.06705 P3:0.06705 P4:0.06705 STATE:IDLE
[2026-05-11 23:11:57Z] CHK MOM:0% RANGE:0% UP:0% SPREAD:0.14925373% BID:0.067 ASK:0.0671 MID:0.06705 P1:0.06705 P2:0.06705 P3:0.06705 P4:0.06705 STATE:IDLE
[2026-05-11 23:11:57Z] CHK MOM:0% RANGE:0% UP:0% SPREAD:0.14925373% BID:0.067 ASK:0.0671 MID:0.06705 P1:0.06705 P2:0.06705 P3:0.06705 P4:0.06705 STATE:IDLE
[2026-05-11 23:11:58Z] CHK MOM:0% RANGE:0% UP:0% SPREAD:0.14925373% BID:0.067 ASK:0.0671 MID:0.06705 P1:0.06705 P2:0.06705 P3:0.06705 P4:0.06705 STATE:IDLE
[2026-05-11 23:11:59Z] CHK MOM:0% RANGE:0% UP:0% SPREAD:0.14925373% BID:0.067 ASK:0.0671 MID:0.06705 P1:0.06705 P2:0.06705 P3:0.06705 P4:0.06705 STATE:IDLE
[2026-05-11 23:11:59Z] CHK MOM:0% RANGE:0% UP:0% SPREAD:0.14925373% BID:0.067 ASK:0.0671 MID:0.06705 P1:0.06705 P2:0.06705 P3:0.06705 P4:0.06705 STATE:IDLE
[2026-05-11 23:12:00Z] CHK MOM:0% RANGE:0% UP:0% SPREAD:0.14925373% BID:0.067 ASK:0.0671 MID:0.06705 P1:0.06705 P2:0.06705 P3:0.06705 P4:0.06705 STATE:IDLE
[2026-05-11 23:12:01Z] CHK MOM:0% RANGE:0% UP:0% SPREAD:0.14925373% BID:0.067 ASK:0.0671 MID:0.06705 P1:0.06705 P2:0.06705 P3:0.06705 P4:0.06705 STATE:IDLE
[2026-05-11 23:12:01Z] CHK MOM:0% RANGE:0% UP:0% SPREAD:0.14925373% BID:0.067 ASK:0.0671 MID:0.06705 P1:0.06705 P2:0.06705 P3:0.06705 P4:0.06705 STATE:IDLE
[2026-05-11 23:12:02Z] CHK MOM:0% RANGE:0% UP:0% SPREAD:0.14925373% BID:0.067 ASK:0.0671 MID:0.06705 P1:0.06705 P2:0.06705 P3:0.06705 P4:0.06705 STATE:IDLE
[2026-05-11 23:12:03Z] CHK MOM:0% RANGE:0% UP:0% SPREAD:0.14925373% BID:0.067 ASK:0.0671 MID:0.06705 P1:0.06705 P2:0.06705 P3:0.06705 P4:0.06705 STATE:IDLE
[2026-05-11 23:12:04Z] CHK MOM:0% RANGE:0% UP:0% SPREAD:0.14925373% BID:0.067 ASK:0.0671 MID:0.06705 P1:0.06705 P2:0.06705 P3:0.06705 P4:0.06705 STATE:IDLE
[2026-05-11 23:12:04Z] CHK MOM:0% RANGE:0% UP:0% SPREAD:0.14925373% BID:0.067 ASK:0.0671 MID:0.06705 P1:0.06705 P2:0.06705 P3:0.06705 P4:0.06705 STATE:IDLE
[2026-05-11 23:12:05Z] CHK MOM:0% RANGE:0% UP:0% SPREAD:0.14925373% BID:0.067 ASK:0.0671 MID:0.06705 P1:0.06705 P2:0.06705 P3:0.06705 P4:0.06705 STATE:IDLE
[2026-05-11 23:12:05Z] CHK MOM:0% RANGE:0% UP:0% SPREAD:0.14925373% BID:0.067 ASK:0.0671 MID:0.06705 P1:0.06705 P2:0.06705 P3:0.06705 P4:0.06705 STATE:IDLE
[2026-05-11 23:12:06Z] CHK MOM:0% RANGE:0% UP:0% SPREAD:0.14925373% BID:0.067 ASK:0.0671 MID:0.06705 P1:0.06705 P2:0.06705 P3:0.06705 P4:0.06705 STATE:IDLE
[2026-05-11 23:12:07Z] CHK MOM:0% RANGE:0% UP:0% SPREAD:0.14925373% BID:0.067 ASK:0.0671 MID:0.06705 P1:0.06705 P2:0.06705 P3:0.06705 P4:0.06705 STATE:IDLE
[2026-05-11 23:12:07Z] CHK MOM:0% RANGE:0% UP:0% SPREAD:0.14925373% BID:0.067 ASK:0.0671 MID:0.06705 P1:0.06705 P2:0.06705 P3:0.06705 P4:0.06705 STATE:IDLE
[2026-05-11 23:12:08Z] CHK MOM:0% RANGE:0% UP:0% SPREAD:0.14925373% BID:0.067 ASK:0.0671 MID:0.06705 P1:0.06705 P2:0.06705 P3:0.06705 P4:0.06705 STATE:IDLE
[2026-05-11 23:12:08Z] CHK MOM:0% RANGE:0% UP:0% SPREAD:0.14925373% BID:0.067 ASK:0.0671 MID:0.06705 P1:0.06705 P2:0.06705 P3:0.06705 P4:0.06705 STATE:IDLE
[2026-05-11 23:12:09Z] CHK MOM:0% RANGE:0% UP:0% SPREAD:0.14925373% BID:0.067 ASK:0.0671 MID:0.06705 P1:0.06705 P2:0.06705 P3:0.06705 P4:0.06705 STATE:IDLE
[2026-05-11 23:12:09Z] CHK MOM:0% RANGE:0% UP:0% SPREAD:0.14925373% BID:0.067 ASK:0.0671 MID:0.06705 P1:0.06705 P2:0.06705 P3:0.06705 P4:0.06705 STATE:IDLE
[2026-05-11 23:12:10Z] CHK MOM:0% RANGE:0% UP:0% SPREAD:0.14925373% BID:0.067 ASK:0.0671 MID:0.06705 P1:0.06705 P2:0.06705 P3:0.06705 P4:0.06705 STATE:IDLE
[2026-05-11 23:12:10Z] CHK MOM:0% RANGE:0% UP:0% SPREAD:0.14925373% BID:0.067 ASK:0.0671 MID:0.06705 P1:0.06705 P2:0.06705 P3:0.06705 P4:0.06705 STATE:IDLE
[2026-05-11 23:12:11Z] CHK MOM:0% RANGE:0% UP:0% SPREAD:0.14925373% BID:0.067 ASK:0.0671 MID:0.06705 P1:0.06705 P2:0.06705 P3:0.06705 P4:0.06705 STATE:IDLE
[2026-05-11 23:12:12Z] CHK MOM:0% RANGE:0% UP:0% SPREAD:0.14925373% BID:0.067 ASK:0.0671 MID:0.06705 P1:0.06705 P2:0.06705 P3:0.06705 P4:0.06705 STATE:IDLE
[2026-05-11 23:12:12Z] CHK MOM:0% RANGE:0% UP:0% SPREAD:0.14925373% BID:0.067 ASK:0.0671 MID:0.06705 P1:0.06705 P2:0.06705 P3:0.06705 P4:0.06705 STATE:IDLE
[2026-05-11 23:12:13Z] CHK MOM:0% RANGE:0% UP:0% SPREAD:0.14925373% BID:0.067 ASK:0.0671 MID:0.06705 P1:0.06705 P2:0.06705 P3:0.06705 P4:0.06705 STATE:IDLE
[2026-05-11 23:12:13Z] CHK MOM:0% RANGE:0% UP:0% SPREAD:0.14925373% BID:0.067 ASK:0.0671 MID:0.06705 P1:0.06705 P2:0.06705 P3:0.06705 P4:0.06705 STATE:IDLE
[2026-05-11 23:12:14Z] CHK MOM:0% RANGE:0% UP:0% SPREAD:0.14925373% BID:0.067 ASK:0.0671 MID:0.06705 P1:0.06705 P2:0.06705 P3:0.06705 P4:0.06705 STATE:IDLE
[2026-05-11 23:12:14Z] CHK MOM:0% RANGE:0% UP:0% SPREAD:0.14925373% BID:0.067 ASK:0.0671 MID:0.06705 P1:0.06705 P2:0.06705 P3:0.06705 P4:0.06705 STATE:IDLE
[2026-05-11 23:12:15Z] CHK MOM:0% RANGE:0% UP:0% SPREAD:0.14925373% BID:0.067 ASK:0.0671 MID:0.06705 P1:0.06705 P2:0.06705 P3:0.06705 P4:0.06705 STATE:IDLE
[2026-05-11 23:12:15Z] CHK MOM:0% RANGE:0% UP:0% SPREAD:0.14925373% BID:0.067 ASK:0.0671 MID:0.06705 P1:0.06705 P2:0.06705 P3:0.06705 P4:0.06705 STATE:IDLE
[2026-05-11 23:12:16Z] CHK MOM:0% RANGE:0% UP:0% SPREAD:0.14925373% BID:0.067 ASK:0.0671 MID:0.06705 P1:0.06705 P2:0.06705 P3:0.06705 P4:0.06705 STATE:IDLE
[2026-05-11 23:12:16Z] CHK MOM:0% RANGE:0% UP:0% SPREAD:0.14925373% BID:0.067 ASK:0.0671 MID:0.06705 P1:0.06705 P2:0.06705 P3:0.06705 P4:0.06705 STATE:IDLE
[2026-05-11 23:12:17Z] CHK MOM:0% RANGE:0% UP:0% SPREAD:0.14925373% BID:0.067 ASK:0.0671 MID:0.06705 P1:0.06705 P2:0.06705 P3:0.06705 P4:0.06705 STATE:IDLE
[2026-05-11 23:12:18Z] CHK MOM:0% RANGE:0% UP:0% SPREAD:0.14925373% BID:0.067 ASK:0.0671 MID:0.06705 P1:0.06705 P2:0.06705 P3:0.06705 P4:0.06705 STATE:IDLE
[2026-05-11 23:12:18Z] CHK MOM:0% RANGE:0% UP:0% SPREAD:0.14925373% BID:0.067 ASK:0.0671 MID:0.06705 P1:0.06705 P2:0.06705 P3:0.06705 P4:0.06705 STATE:IDLE
[2026-05-11 23:12:19Z] CHK MOM:0% RANGE:0% UP:0% SPREAD:0.14925373% BID:0.067 ASK:0.0671 MID:0.06705 P1:0.06705 P2:0.06705 P3:0.06705 P4:0.06705 STATE:IDLE
[2026-05-11 23:12:20Z] CHK MOM:0% RANGE:0% UP:0% SPREAD:0.14925373% BID:0.067 ASK:0.0671 MID:0.06705 P1:0.06705 P2:0.06705 P3:0.06705 P4:0.06705 STATE:IDLE
[2026-05-11 23:12:20Z] CHK MOM:0% RANGE:0% UP:0% SPREAD:0.14925373% BID:0.067 ASK:0.0671 MID:0.06705 P1:0.06705 P2:0.06705 P3:0.06705 P4:0.06705 STATE:IDLE
[2026-05-11 23:12:21Z] CHK MOM:0% RANGE:0% UP:0% SPREAD:0.14925373% BID:0.067 ASK:0.0671 MID:0.06705 P1:0.06705 P2:0.06705 P3:0.06705 P4:0.06705 STATE:IDLE
[2026-05-11 23:12:21Z] CHK MOM:0% RANGE:0% UP:0% SPREAD:0.14925373% BID:0.067 ASK:0.0671 MID:0.06705 P1:0.06705 P2:0.06705 P3:0.06705 P4:0.06705 STATE:IDLE
[2026-05-11 23:12:22Z] CHK MOM:0% RANGE:0% UP:0% SPREAD:0.14925373% BID:0.067 ASK:0.0671 MID:0.06705 P1:0.06705 P2:0.06705 P3:0.06705 P4:0.06705 STATE:IDLE
[2026-05-11 23:12:23Z] CHK MOM:0% RANGE:0% UP:0% SPREAD:0.14925373% BID:0.067 ASK:0.0671 MID:0.06705 P1:0.06705 P2:0.06705 P3:0.06705 P4:0.06705 STATE:IDLE
[2026-05-11 23:12:23Z] CHK MOM:0% RANGE:0% UP:0% SPREAD:0.14925373% BID:0.067 ASK:0.0671 MID:0.06705 P1:0.06705 P2:0.06705 P3:0.06705 P4:0.06705 STATE:IDLE
[2026-05-11 23:12:26Z] CHK MOM:0% RANGE:0% UP:0% SPREAD:0.14925373% BID:0.067 ASK:0.0671 MID:0.06705 P1:0.06705 P2:0.06705 P3:0.06705 P4:0.06705 STATE:IDLE
[2026-05-11 23:12:26Z] CHK MOM:0% RANGE:0% UP:0% SPREAD:0.14925373% BID:0.067 ASK:0.0671 MID:0.06705 P1:0.06705 P2:0.06705 P3:0.06705 P4:0.06705 STATE:IDLE
[2026-05-11 23:12:27Z] CHK MOM:0% RANGE:0% UP:0% SPREAD:0.14925373% BID:0.067 ASK:0.0671 MID:0.06705 P1:0.06705 P2:0.06705 P3:0.06705 P4:0.06705 STATE:IDLE
[2026-05-11 23:12:27Z] CHK MOM:0% RANGE:0% UP:0% SPREAD:0.14925373% BID:0.067 ASK:0.0671 MID:0.06705 P1:0.06705 P2:0.06705 P3:0.06705 P4:0.06705 STATE:IDLE
[2026-05-11 23:12:28Z] CHK MOM:0% RANGE:0% UP:0% SPREAD:0.14925373% BID:0.067 ASK:0.0671 MID:0.06705 P1:0.06705 P2:0.06705 P3:0.06705 P4:0.06705 STATE:IDLE
[2026-05-11 23:12:29Z] CHK MOM:0% RANGE:0% UP:0% SPREAD:0.14925373% BID:0.067 ASK:0.0671 MID:0.06705 P1:0.06705 P2:0.06705 P3:0.06705 P4:0.06705 STATE:IDLE
[2026-05-11 23:12:30Z] CHK MOM:0% RANGE:0% UP:0% SPREAD:0.14925373% BID:0.067 ASK:0.0671 MID:0.06705 P1:0.06705 P2:0.06705 P3:0.06705 P4:0.06705 STATE:IDLE
[2026-05-11 23:12:30Z] CHK MOM:0% RANGE:0% UP:0% SPREAD:0.14925373% BID:0.067 ASK:0.0671 MID:0.06705 P1:0.06705 P2:0.06705 P3:0.06705 P4:0.06705 STATE:IDLE
[2026-05-11 23:12:31Z] CHK MOM:0% RANGE:0% UP:0% SPREAD:0.14925373% BID:0.067 ASK:0.0671 MID:0.06705 P1:0.06705 P2:0.06705 P3:0.06705 P4:0.06705 STATE:IDLE
[2026-05-11 23:12:31Z] CHK MOM:0% RANGE:0% UP:0% SPREAD:0.14925373% BID:0.067 ASK:0.0671 MID:0.06705 P1:0.06705 P2:0.06705 P3:0.06705 P4:0.06705 STATE:IDLE
[2026-05-11 23:12:32Z] CHK MOM:0% RANGE:0% UP:0% SPREAD:0.14925373% BID:0.067 ASK:0.0671 MID:0.06705 P1:0.06705 P2:0.06705 P3:0.06705 P4:0.06705 STATE:IDLE
[2026-05-11 23:12:32Z] CHK MOM:0% RANGE:0% UP:0% SPREAD:0.14925373% BID:0.067 ASK:0.0671 MID:0.06705 P1:0.06705 P2:0.06705 P3:0.06705 P4:0.06705 STATE:IDLE
[2026-05-11 23:12:34Z] CHK MOM:0% RANGE:0% UP:0% SPREAD:0.14925373% BID:0.067 ASK:0.0671 MID:0.06705 P1:0.06705 P2:0.06705 P3:0.06705 P4:0.06705 STATE:IDLE
[2026-05-11 23:12:34Z] CHK MOM:0% RANGE:0% UP:0% SPREAD:0.14925373% BID:0.067 ASK:0.0671 MID:0.06705 P1:0.06705 P2:0.06705 P3:0.06705 P4:0.06705 STATE:IDLE
[2026-05-11 23:12:35Z] CHK MOM:0% RANGE:0% UP:0% SPREAD:0.14925373% BID:0.067 ASK:0.0671 MID:0.06705 P1:0.06705 P2:0.06705 P3:0.06705 P4:0.06705 STATE:IDLE
[2026-05-11 23:12:35Z] CHK MOM:0% RANGE:0% UP:0% SPREAD:0.14925373% BID:0.067 ASK:0.0671 MID:0.06705 P1:0.06705 P2:0.06705 P3:0.06705 P4:0.06705 STATE:IDLE
[2026-05-11 23:12:36Z] CHK MOM:0% RANGE:0% UP:0% SPREAD:0.14925373% BID:0.067 ASK:0.0671 MID:0.06705 P1:0.06705 P2:0.06705 P3:0.06705 P4:0.06705 STATE:IDLE
[2026-05-11 23:12:36Z] CHK MOM:0% RANGE:0% UP:0% SPREAD:0.14925373% BID:0.067 ASK:0.0671 MID:0.06705 P1:0.06705 P2:0.06705 P3:0.06705 P4:0.06705 STATE:IDLE
[2026-05-11 23:12:38Z] CHK MOM:0% RANGE:0% UP:0% SPREAD:0.14925373% BID:0.067 ASK:0.0671 MID:0.06705 P1:0.06705 P2:0.06705 P3:0.06705 P4:0.06705 STATE:IDLE
[2026-05-11 23:12:39Z] CHK MOM:0% RANGE:0% UP:0% SPREAD:0.14925373% BID:0.067 ASK:0.0671 MID:0.06705 P1:0.06705 P2:0.06705 P3:0.06705 P4:0.06705 STATE:IDLE
[2026-05-11 23:12:40Z] CHK MOM:0% RANGE:0% UP:0% SPREAD:0.14925373% BID:0.067 ASK:0.0671 MID:0.06705 P1:0.06705 P2:0.06705 P3:0.06705 P4:0.06705 STATE:IDLE
[2026-05-11 23:12:40Z] CHK MOM:0% RANGE:0% UP:0% SPREAD:0.14925373% BID:0.067 ASK:0.0671 MID:0.06705 P1:0.06705 P2:0.06705 P3:0.06705 P4:0.06705 STATE:IDLE
[2026-05-11 23:12:41Z] CHK MOM:0% RANGE:0% UP:0% SPREAD:0.14925373% BID:0.067 ASK:0.0671 MID:0.06705 P1:0.06705 P2:0.06705 P3:0.06705 P4:0.06705 STATE:IDLE
[2026-05-11 23:12:41Z] CHK MOM:0% RANGE:0% UP:0% SPREAD:0.14925373% BID:0.067 ASK:0.0671 MID:0.06705 P1:0.06705 P2:0.06705 P3:0.06705 P4:0.06705 STATE:IDLE
[2026-05-11 23:12:45Z] CHK MOM:0% RANGE:0% UP:0% SPREAD:0.14925373% BID:0.067 ASK:0.0671 MID:0.06705 P1:0.06705 P2:0.06705 P3:0.06705 P4:0.06705 STATE:IDLE
[2026-05-11 23:12:45Z] CHK MOM:0% RANGE:0% UP:0% SPREAD:0.14925373% BID:0.067 ASK:0.0671 MID:0.06705 P1:0.06705 P2:0.06705 P3:0.06705 P4:0.06705 STATE:IDLE
[2026-05-11 23:12:46Z] CHK MOM:0% RANGE:0% UP:0% SPREAD:0.14925373% BID:0.067 ASK:0.0671 MID:0.06705 P1:0.06705 P2:0.06705 P3:0.06705 P4:0.06705 STATE:IDLE
[2026-05-11 23:12:46Z] CHK MOM:0% RANGE:0% UP:0% SPREAD:0.14925373% BID:0.067 ASK:0.0671 MID:0.06705 P1:0.06705 P2:0.06705 P3:0.06705 P4:0.06705 STATE:IDLE
[2026-05-11 23:12:47Z] CHK MOM:0% RANGE:0% UP:0% SPREAD:0.14925373% BID:0.067 ASK:0.0671 MID:0.06705 P1:0.06705 P2:0.06705 P3:0.06705 P4:0.06705 STATE:IDLE
[2026-05-11 23:12:47Z] CHK MOM:0% RANGE:0% UP:0% SPREAD:0.14925373% BID:0.067 ASK:0.0671 MID:0.06705 P1:0.06705 P2:0.06705 P3:0.06705 P4:0.06705 STATE:IDLE
[2026-05-11 23:12:48Z] CHK MOM:0% RANGE:0% UP:0% SPREAD:0.14925373% BID:0.067 ASK:0.0671 MID:0.06705 P1:0.06705 P2:0.06705 P3:0.06705 P4:0.06705 STATE:IDLE
[2026-05-11 23:12:49Z] CHK MOM:0% RANGE:0% UP:0% SPREAD:0.14925373% BID:0.067 ASK:0.0671 MID:0.06705 P1:0.06705 P2:0.06705 P3:0.06705 P4:0.06705 STATE:IDLE
[2026-05-11 23:12:49Z] CHK MOM:0% RANGE:0% UP:0% SPREAD:0.14925373% BID:0.067 ASK:0.0671 MID:0.06705 P1:0.06705 P2:0.06705 P3:0.06705 P4:0.06705 STATE:IDLE
[2026-05-11 23:12:50Z] CHK MOM:0% RANGE:0% UP:0% SPREAD:0.14925373% BID:0.067 ASK:0.0671 MID:0.06705 P1:0.06705 P2:0.06705 P3:0.06705 P4:0.06705 STATE:IDLE
[2026-05-11 23:12:51Z] CHK MOM:0% RANGE:0% UP:0% SPREAD:0.14925373% BID:0.067 ASK:0.0671 MID:0.06705 P1:0.06705 P2:0.06705 P3:0.06705 P4:0.06705 STATE:IDLE
[2026-05-11 23:12:51Z] CHK MOM:0% RANGE:0% UP:0% SPREAD:0.14925373% BID:0.067 ASK:0.0671 MID:0.06705 P1:0.06705 P2:0.06705 P3:0.06705 P4:0.06705 STATE:IDLE
[2026-05-11 23:12:53Z] CHK MOM:0% RANGE:0% UP:0% SPREAD:0.14925373% BID:0.067 ASK:0.0671 MID:0.06705 P1:0.06705 P2:0.06705 P3:0.06705 P4:0.06705 STATE:IDLE
[2026-05-11 23:12:54Z] CHK MOM:0% RANGE:0% UP:0% SPREAD:0.14925373% BID:0.067 ASK:0.0671 MID:0.06705 P1:0.06705 P2:0.06705 P3:0.06705 P4:0.06705 STATE:IDLE
[2026-05-11 23:12:54Z] CHK MOM:0% RANGE:0% UP:0% SPREAD:0.14925373% BID:0.067 ASK:0.0671 MID:0.06705 P1:0.06705 P2:0.06705 P3:0.06705 P4:0.06705 STATE:IDLE
[2026-05-11 23:12:55Z] CHK MOM:0% RANGE:0% UP:0% SPREAD:0.14925373% BID:0.067 ASK:0.0671 MID:0.06705 P1:0.06705 P2:0.06705 P3:0.06705 P4:0.06705 STATE:IDLE
[2026-05-11 23:12:56Z] CHK MOM:0% RANGE:0% UP:0% SPREAD:0.14925373% BID:0.067 ASK:0.0671 MID:0.06705 P1:0.06705 P2:0.06705 P3:0.06705 P4:0.06705 STATE:IDLE
[2026-05-11 23:12:56Z] CHK MOM:0% RANGE:0% UP:0% SPREAD:0.14925373% BID:0.067 ASK:0.0671 MID:0.06705 P1:0.06705 P2:0.06705 P3:0.06705 P4:0.06705 STATE:IDLE
[2026-05-11 23:12:57Z] CHK MOM:0% RANGE:0% UP:0% SPREAD:0.14925373% BID:0.067 ASK:0.0671 MID:0.06705 P1:0.06705 P2:0.06705 P3:0.06705 P4:0.06705 STATE:IDLE
[2026-05-11 23:12:58Z] CHK MOM:0% RANGE:0% UP:0% SPREAD:0.14925373% BID:0.067 ASK:0.0671 MID:0.06705 P1:0.06705 P2:0.06705 P3:0.06705 P4:0.06705 STATE:IDLE
[2026-05-11 23:12:58Z] CHK MOM:0% RANGE:0% UP:0% SPREAD:0.14925373% BID:0.067 ASK:0.0671 MID:0.06705 P1:0.06705 P2:0.06705 P3:0.06705 P4:0.06705 STATE:IDLE
[2026-05-11 23:12:59Z] CHK MOM:0% RANGE:0% UP:0% SPREAD:0.14925373% BID:0.067 ASK:0.0671 MID:0.06705 P1:0.06705 P2:0.06705 P3:0.06705 P4:0.06705 STATE:IDLE
[2026-05-11 23:12:59Z] CHK MOM:0% RANGE:0% UP:0% SPREAD:0.14925373% BID:0.067 ASK:0.0671 MID:0.06705 P1:0.06705 P2:0.06705 P3:0.06705 P4:0.06705 STATE:IDLE
[2026-05-11 23:13:00Z] CHK MOM:0% RANGE:0% UP:0% SPREAD:0.14925373% BID:0.067 ASK:0.0671 MID:0.06705 P1:0.06705 P2:0.06705 P3:0.06705 P4:0.06705 STATE:IDLE
[2026-05-11 23:13:00Z] CHK MOM:0% RANGE:0% UP:0% SPREAD:0.14925373% BID:0.067 ASK:0.0671 MID:0.06705 P1:0.06705 P2:0.06705 P3:0.06705 P4:0.06705 STATE:IDLE
[2026-05-11 23:13:01Z] CHK MOM:0% RANGE:0% UP:0% SPREAD:0.14925373% BID:0.067 ASK:0.0671 MID:0.06705 P1:0.06705 P2:0.06705 P3:0.06705 P4:0.06705 STATE:IDLE
[2026-05-11 23:13:02Z] CHK MOM:0% RANGE:0% UP:0% SPREAD:0.14925373% BID:0.067 ASK:0.0671 MID:0.06705 P1:0.06705 P2:0.06705 P3:0.06705 P4:0.06705 STATE:IDLE
[2026-05-11 23:13:02Z] CHK MOM:0% RANGE:0% UP:0% SPREAD:0.14925373% BID:0.067 ASK:0.0671 MID:0.06705 P1:0.06705 P2:0.06705 P3:0.06705 P4:0.06705 STATE:IDLE
[2026-05-11 23:13:03Z] CHK MOM:0% RANGE:0% UP:0% SPREAD:0.14925373% BID:0.067 ASK:0.0671 MID:0.06705 P1:0.06705 P2:0.06705 P3:0.06705 P4:0.06705 STATE:IDLE
[2026-05-11 23:13:03Z] CHK MOM:0% RANGE:0% UP:0% SPREAD:0.14925373% BID:0.067 ASK:0.0671 MID:0.06705 P1:0.06705 P2:0.06705 P3:0.06705 P4:0.06705 STATE:IDLE
[2026-05-11 23:13:04Z] CHK MOM:0% RANGE:0% UP:0% SPREAD:0.14925373% BID:0.067 ASK:0.0671 MID:0.06705 P1:0.06705 P2:0.06705 P3:0.06705 P4:0.06705 STATE:IDLE
[2026-05-11 23:13:04Z] CHK MOM:0% RANGE:0% UP:0% SPREAD:0.14925373% BID:0.067 ASK:0.0671 MID:0.06705 P1:0.06705 P2:0.06705 P3:0.06705 P4:0.06705 STATE:IDLE
[2026-05-11 23:13:05Z] CHK MOM:0% RANGE:0% UP:0% SPREAD:0.14925373% BID:0.067 ASK:0.0671 MID:0.06705 P1:0.06705 P2:0.06705 P3:0.06705 P4:0.06705 STATE:IDLE
[2026-05-11 23:13:05Z] CHK MOM:0% RANGE:0% UP:0% SPREAD:0.14925373% BID:0.067 ASK:0.0671 MID:0.06705 P1:0.06705 P2:0.06705 P3:0.06705 P4:0.06705 STATE:IDLE
[2026-05-11 23:13:06Z] CHK MOM:0% RANGE:0% UP:0% SPREAD:0.14925373% BID:0.067 ASK:0.0671 MID:0.06705 P1:0.06705 P2:0.06705 P3:0.06705 P4:0.06705 STATE:IDLE
[2026-05-11 23:13:07Z] CHK MOM:0% RANGE:0% UP:0% SPREAD:0.14925373% BID:0.067 ASK:0.0671 MID:0.06705 P1:0.06705 P2:0.06705 P3:0.06705 P4:0.06705 STATE:IDLE
[2026-05-11 23:13:07Z] CHK MOM:0% RANGE:0% UP:0% SPREAD:0.14925373% BID:0.067 ASK:0.0671 MID:0.06705 P1:0.06705 P2:0.06705 P3:0.06705 P4:0.06705 STATE:IDLE
[2026-05-11 23:13:08Z] CHK MOM:0% RANGE:0% UP:0% SPREAD:0.14925373% BID:0.067 ASK:0.0671 MID:0.06705 P1:0.06705 P2:0.06705 P3:0.06705 P4:0.06705 STATE:IDLE
[2026-05-11 23:13:15Z] CHK MOM:0% RANGE:0% UP:0% SPREAD:0.14925373% BID:0.067 ASK:0.0671 MID:0.06705 P1:0.06705 P2:0.06705 P3:0.06705 P4:0.06705 STATE:IDLE
[2026-05-11 23:13:16Z] CHK MOM:0% RANGE:0% UP:0% SPREAD:0.14925373% BID:0.067 ASK:0.0671 MID:0.06705 P1:0.06705 P2:0.06705 P3:0.06705 P4:0.06705 STATE:IDLE
[2026-05-11 23:13:16Z] CHK MOM:0% RANGE:0% UP:0% SPREAD:0.14925373% BID:0.067 ASK:0.0671 MID:0.06705 P1:0.06705 P2:0.06705 P3:0.06705 P4:0.06705 STATE:IDLE
[2026-05-11 23:13:17Z] CHK MOM:0% RANGE:0% UP:0% SPREAD:0.14925373% BID:0.067 ASK:0.0671 MID:0.06705 P1:0.06705 P2:0.06705 P3:0.06705 P4:0.06705 STATE:IDLE
[2026-05-11 23:13:17Z] CHK MOM:0% RANGE:0% UP:0% SPREAD:0.14925373% BID:0.067 ASK:0.0671 MID:0.06705 P1:0.06705 P2:0.06705 P3:0.06705 P4:0.06705 STATE:IDLE
[2026-05-11 23:13:18Z] CHK MOM:0% RANGE:0% UP:0% SPREAD:0.14925373% BID:0.067 ASK:0.0671 MID:0.06705 P1:0.06705 P2:0.06705 P3:0.06705 P4:0.06705 STATE:IDLE
[2026-05-11 23:13:18Z] CHK MOM:0% RANGE:0% UP:0% SPREAD:0.14925373% BID:0.067 ASK:0.0671 MID:0.06705 P1:0.06705 P2:0.06705 P3:0.06705 P4:0.06705 STATE:IDLE
[2026-05-11 23:13:19Z] CHK MOM:0% RANGE:0% UP:0% SPREAD:0.14925373% BID:0.067 ASK:0.0671 MID:0.06705 P1:0.06705 P2:0.06705 P3:0.06705 P4:0.06705 STATE:IDLE
[2026-05-11 23:13:19Z] CHK MOM:0% RANGE:0% UP:0% SPREAD:0.14925373% BID:0.067 ASK:0.0671 MID:0.06705 P1:0.06705 P2:0.06705 P3:0.06705 P4:0.06705 STATE:IDLE
[2026-05-11 23:13:20Z] CHK MOM:0% RANGE:0% UP:0% SPREAD:0.14925373% BID:0.067 ASK:0.0671 MID:0.06705 P1:0.06705 P2:0.06705 P3:0.06705 P4:0.06705 STATE:IDLE
[2026-05-11 23:13:21Z] CHK MOM:0% RANGE:0% UP:0% SPREAD:0.14925373% BID:0.067 ASK:0.0671 MID:0.06705 P1:0.06705 P2:0.06705 P3:0.06705 P4:0.06705 STATE:IDLE
[2026-05-11 23:13:21Z] CHK MOM:0% RANGE:0% UP:0% SPREAD:0.14925373% BID:0.067 ASK:0.0671 MID:0.06705 P1:0.06705 P2:0.06705 P3:0.06705 P4:0.06705 STATE:IDLE
[2026-05-11 23:13:22Z] CHK MOM:0% RANGE:0% UP:0% SPREAD:0.14925373% BID:0.067 ASK:0.0671 MID:0.06705 P1:0.06705 P2:0.06705 P3:0.06705 P4:0.06705 STATE:IDLE
[2026-05-11 23:13:28Z] CHK MOM:0% RANGE:0% UP:0% SPREAD:0.14925373% BID:0.067 ASK:0.0671 MID:0.06705 P1:0.06705 P2:0.06705 P3:0.06705 P4:0.06705 STATE:IDLE
[2026-05-11 23:13:28Z] CHK MOM:0% RANGE:0% UP:0% SPREAD:0.14925373% BID:0.067 ASK:0.0671 MID:0.06705 P1:0.06705 P2:0.06705 P3:0.06705 P4:0.06705 STATE:IDLE
[2026-05-11 23:13:29Z] CHK MOM:0% RANGE:0% UP:0% SPREAD:0.14925373% BID:0.067 ASK:0.0671 MID:0.06705 P1:0.06705 P2:0.06705 P3:0.06705 P4:0.06705 STATE:IDLE
[2026-05-11 23:13:29Z] CHK MOM:0% RANGE:0% UP:0% SPREAD:0.14925373% BID:0.067 ASK:0.0671 MID:0.06705 P1:0.06705 P2:0.06705 P3:0.06705 P4:0.06705 STATE:IDLE
[2026-05-11 23:13:30Z] CHK MOM:0% RANGE:0% UP:0% SPREAD:0.14925373% BID:0.067 ASK:0.0671 MID:0.06705 P1:0.06705 P2:0.06705 P3:0.06705 P4:0.06705 STATE:IDLE
[2026-05-11 23:13:31Z] CHK MOM:0% RANGE:0% UP:0% SPREAD:0.14925373% BID:0.067 ASK:0.0671 MID:0.06705 P1:0.06705 P2:0.06705 P3:0.06705 P4:0.06705 STATE:IDLE
[2026-05-11 23:13:31Z] CHK MOM:0% RANGE:0% UP:0% SPREAD:0.14925373% BID:0.067 ASK:0.0671 MID:0.06705 P1:0.06705 P2:0.06705 P3:0.06705 P4:0.06705 STATE:IDLE
