[2026-05-16 16:22:54Z] SESSION_START symbol=XLMUSDC dry_run=0 profile=major strategy=momentum base_url=https://api.binance.com
[2026-05-16 16:22:54Z] TOXIC_MEMORY_LOADED count=1 symbols=ORDIUSDC
[2026-05-16 16:22:58Z] CHK MOM:0% RANGE:0% UP:0% SPREAD:0.06553079% BID:0.1526 ASK:0.1527 MID:0.15265 P1:0.15265 P2:NA P3:NA P4:NA STATE:IDLE
[2026-05-16 16:22:59Z] CHK MOM:-0.06% RANGE:0.06% UP:0% SPREAD:0.06557377% BID:0.1525 ASK:0.1526 MID:0.15255 P1:0.15255 P2:0.15265 P3:NA P4:NA STATE:IDLE
[2026-05-16 16:22:59Z] CHK MOM:-0.06% RANGE:0.06% UP:0% SPREAD:0.06557377% BID:0.1525 ASK:0.1526 MID:0.15255 P1:0.15255 P2:0.15265 P3:NA P4:NA STATE:IDLE
[2026-05-16 16:23:00Z] CHK MOM:-0.06% RANGE:0.06% UP:0% SPREAD:0.06557377% BID:0.1525 ASK:0.1526 MID:0.15255 P1:0.15255 P2:0.15265 P3:NA P4:NA STATE:IDLE
[2026-05-16 16:23:00Z] CHK MOM:-0.06% RANGE:0.06% UP:0% SPREAD:0.06557377% BID:0.1525 ASK:0.1526 MID:0.15255 P1:0.15255 P2:0.15265 P3:NA P4:NA STATE:IDLE
[2026-05-16 16:23:01Z] CHK MOM:-0.06% RANGE:0.06% UP:0% SPREAD:0.06557377% BID:0.1525 ASK:0.1526 MID:0.15255 P1:0.15255 P2:0.15265 P3:NA P4:NA STATE:IDLE
[2026-05-16 16:23:01Z] CHK MOM:-0.06% RANGE:0.06% UP:0% SPREAD:0.06557377% BID:0.1525 ASK:0.1526 MID:0.15255 P1:0.15255 P2:0.15265 P3:NA P4:NA STATE:IDLE
[2026-05-16 16:23:05Z] CHK MOM:-0.06% RANGE:0.06% UP:0% SPREAD:0.06557377% BID:0.1525 ASK:0.1526 MID:0.15255 P1:0.15255 P2:0.15255 P3:0.15265 P4:NA STATE:IDLE
[2026-05-16 16:23:06Z] CHK MOM:-0.06% RANGE:0.06% UP:0% SPREAD:0.06557377% BID:0.1525 ASK:0.1526 MID:0.15255 P1:0.15255 P2:0.15255 P3:0.15265 P4:NA STATE:IDLE
[2026-05-16 16:23:06Z] CHK MOM:-0.06% RANGE:0.06% UP:0% SPREAD:0.06557377% BID:0.1525 ASK:0.1526 MID:0.15255 P1:0.15255 P2:0.15255 P3:0.15255 P4:0.15265 STATE:IDLE
[2026-05-16 16:23:07Z] CHK MOM:-0.06% RANGE:0.06% UP:0% SPREAD:0.06557377% BID:0.1525 ASK:0.1526 MID:0.15255 P1:0.15255 P2:0.15255 P3:0.15255 P4:0.15255 STATE:IDLE
[2026-05-16 16:23:07Z] CHK MOM:-0.06% RANGE:0.06% UP:0% SPREAD:0.06557377% BID:0.1525 ASK:0.1526 MID:0.15255 P1:0.15255 P2:0.15255 P3:0.15255 P4:0.15255 STATE:IDLE
[2026-05-16 16:23:08Z] CHK MOM:-0.06% RANGE:0.06% UP:0% SPREAD:0.06557377% BID:0.1525 ASK:0.1526 MID:0.15255 P1:0.15255 P2:0.15255 P3:0.15255 P4:0.15255 STATE:IDLE
[2026-05-16 16:23:08Z] CHK MOM:-0.06% RANGE:0.06% UP:0% SPREAD:0.06557377% BID:0.1525 ASK:0.1526 MID:0.15255 P1:0.15255 P2:0.15255 P3:0.15255 P4:0.15255 STATE:IDLE
[2026-05-16 16:23:09Z] CHK MOM:-0.06% RANGE:0.06% UP:0% SPREAD:0.06557377% BID:0.1525 ASK:0.1526 MID:0.15255 P1:0.15255 P2:0.15255 P3:0.15255 P4:0.15255 STATE:IDLE
[2026-05-16 16:23:16Z] CHK MOM:0% RANGE:0% UP:0% SPREAD:0.06557377% BID:0.1525 ASK:0.1526 MID:0.15255 P1:0.15255 P2:0.15255 P3:0.15255 P4:0.15255 STATE:IDLE
[2026-05-16 16:23:17Z] CHK MOM:0% RANGE:0% UP:0% SPREAD:0.06557377% BID:0.1525 ASK:0.1526 MID:0.15255 P1:0.15255 P2:0.15255 P3:0.15255 P4:0.15255 STATE:IDLE
[2026-05-16 16:23:17Z] CHK MOM:0% RANGE:0% UP:0% SPREAD:0.06557377% BID:0.1525 ASK:0.1526 MID:0.15255 P1:0.15255 P2:0.15255 P3:0.15255 P4:0.15255 STATE:IDLE
[2026-05-16 16:23:18Z] CHK MOM:0% RANGE:0% UP:0% SPREAD:0.06557377% BID:0.1525 ASK:0.1526 MID:0.15255 P1:0.15255 P2:0.15255 P3:0.15255 P4:0.15255 STATE:IDLE
[2026-05-16 16:23:18Z] CHK MOM:0% RANGE:0% UP:0% SPREAD:0.06557377% BID:0.1525 ASK:0.1526 MID:0.15255 P1:0.15255 P2:0.15255 P3:0.15255 P4:0.15255 STATE:IDLE
[2026-05-16 16:23:22Z] CHK MOM:0.03% RANGE:0.03% UP:100% SPREAD:0.13114754% BID:0.1525 ASK:0.1527 MID:0.1526 P1:0.1526 P2:0.15255 P3:0.15255 P4:0.15255 STATE:IDLE
[2026-05-16 16:23:23Z] CHK MOM:0.03% RANGE:0.03% UP:100% SPREAD:0.13114754% BID:0.1525 ASK:0.1527 MID:0.1526 P1:0.1526 P2:0.15255 P3:0.15255 P4:0.15255 STATE:IDLE
[2026-05-16 16:23:23Z] CHK MOM:0.03% RANGE:0.03% UP:100% SPREAD:0.13114754% BID:0.1525 ASK:0.1527 MID:0.1526 P1:0.1526 P2:0.15255 P3:0.15255 P4:0.15255 STATE:IDLE
[2026-05-16 16:23:24Z] CHK MOM:0.03% RANGE:0.03% UP:100% SPREAD:0.13114754% BID:0.1525 ASK:0.1527 MID:0.1526 P1:0.1526 P2:0.15255 P3:0.15255 P4:0.15255 STATE:IDLE
[2026-05-16 16:23:24Z] CHK MOM:0.06% RANGE:0.06% UP:100% SPREAD:0.06553079% BID:0.1526 ASK:0.1527 MID:0.15265 P1:0.15265 P2:0.1526 P3:0.15255 P4:0.15255 STATE:IDLE
[2026-05-16 16:23:25Z] CHK MOM:0.06% RANGE:0.06% UP:66.66% SPREAD:0.06553079% BID:0.1526 ASK:0.1527 MID:0.15265 P1:0.15265 P2:0.15265 P3:0.1526 P4:0.15255 STATE:IDLE
[2026-05-16 16:23:25Z] CHK MOM:0.06% RANGE:0.06% UP:66.66% SPREAD:0.06553079% BID:0.1526 ASK:0.1527 MID:0.15265 P1:0.15265 P2:0.15265 P3:0.1526 P4:0.15255 STATE:IDLE
[2026-05-16 16:23:26Z] CHK MOM:0.06% RANGE:0.06% UP:66.66% SPREAD:0.06553079% BID:0.1526 ASK:0.1527 MID:0.15265 P1:0.15265 P2:0.15265 P3:0.1526 P4:0.15255 STATE:IDLE
[2026-05-16 16:23:26Z] CHK MOM:0.06% RANGE:0.06% UP:66.66% SPREAD:0.06553079% BID:0.1526 ASK:0.1527 MID:0.15265 P1:0.15265 P2:0.15265 P3:0.1526 P4:0.15255 STATE:IDLE
[2026-05-16 16:23:27Z] CHK MOM:0.06% RANGE:0.06% UP:66.66% SPREAD:0.06553079% BID:0.1526 ASK:0.1527 MID:0.15265 P1:0.15265 P2:0.15265 P3:0.1526 P4:0.15255 STATE:IDLE
[2026-05-16 16:23:28Z] CHK MOM:0.06% RANGE:0.06% UP:66.66% SPREAD:0.06553079% BID:0.1526 ASK:0.1527 MID:0.15265 P1:0.15265 P2:0.15265 P3:0.1526 P4:0.15255 STATE:IDLE
[2026-05-16 16:23:44Z] CHK MOM:0% RANGE:0% UP:0% SPREAD:0.06553079% BID:0.1526 ASK:0.1527 MID:0.15265 P1:0.15265 P2:0.15265 P3:0.15265 P4:0.1526 STATE:IDLE
[2026-05-16 16:23:44Z] CHK MOM:0% RANGE:0% UP:0% SPREAD:0.06553079% BID:0.1526 ASK:0.1527 MID:0.15265 P1:0.15265 P2:0.15265 P3:0.15265 P4:0.1526 STATE:IDLE
[2026-05-16 16:23:45Z] CHK MOM:0% RANGE:0% UP:0% SPREAD:0.06553079% BID:0.1526 ASK:0.1527 MID:0.15265 P1:0.15265 P2:0.15265 P3:0.15265 P4:0.1526 STATE:IDLE
[2026-05-16 16:23:45Z] CHK MOM:0% RANGE:0% UP:0% SPREAD:0.06553079% BID:0.1526 ASK:0.1527 MID:0.15265 P1:0.15265 P2:0.15265 P3:0.15265 P4:0.15265 STATE:IDLE
[2026-05-16 16:23:46Z] CHK MOM:0% RANGE:0% UP:0% SPREAD:0.06553079% BID:0.1526 ASK:0.1527 MID:0.15265 P1:0.15265 P2:0.15265 P3:0.15265 P4:0.15265 STATE:IDLE
[2026-05-16 16:23:46Z] CHK MOM:0% RANGE:0% UP:0% SPREAD:0.06553079% BID:0.1526 ASK:0.1527 MID:0.15265 P1:0.15265 P2:0.15265 P3:0.15265 P4:0.15265 STATE:IDLE
[2026-05-16 16:23:47Z] CHK MOM:0% RANGE:0% UP:0% SPREAD:0.06553079% BID:0.1526 ASK:0.1527 MID:0.15265 P1:0.15265 P2:0.15265 P3:0.15265 P4:0.15265 STATE:IDLE
[2026-05-16 16:23:47Z] CHK MOM:0% RANGE:0% UP:0% SPREAD:0.06553079% BID:0.1526 ASK:0.1527 MID:0.15265 P1:0.15265 P2:0.15265 P3:0.15265 P4:0.15265 STATE:IDLE
[2026-05-16 16:23:48Z] CHK MOM:0% RANGE:0% UP:0% SPREAD:0.06553079% BID:0.1526 ASK:0.1527 MID:0.15265 P1:0.15265 P2:0.15265 P3:0.15265 P4:0.15265 STATE:IDLE
[2026-05-16 16:23:48Z] CHK MOM:0% RANGE:0% UP:0% SPREAD:0.06553079% BID:0.1526 ASK:0.1527 MID:0.15265 P1:0.15265 P2:0.15265 P3:0.15265 P4:0.15265 STATE:IDLE
[2026-05-16 16:23:49Z] CHK MOM:0% RANGE:0% UP:0% SPREAD:0.06553079% BID:0.1526 ASK:0.1527 MID:0.15265 P1:0.15265 P2:0.15265 P3:0.15265 P4:0.15265 STATE:IDLE
[2026-05-16 16:23:51Z] CHK MOM:0% RANGE:0% UP:0% SPREAD:0.06553079% BID:0.1526 ASK:0.1527 MID:0.15265 P1:0.15265 P2:0.15265 P3:0.15265 P4:0.15265 STATE:IDLE
[2026-05-16 16:23:51Z] CHK MOM:0% RANGE:0% UP:0% SPREAD:0.06553079% BID:0.1526 ASK:0.1527 MID:0.15265 P1:0.15265 P2:0.15265 P3:0.15265 P4:0.15265 STATE:IDLE
[2026-05-16 16:23:52Z] CHK MOM:0% RANGE:0% UP:0% SPREAD:0.06553079% BID:0.1526 ASK:0.1527 MID:0.15265 P1:0.15265 P2:0.15265 P3:0.15265 P4:0.15265 STATE:IDLE
[2026-05-16 16:23:52Z] CHK MOM:0% RANGE:0% UP:0% SPREAD:0.06553079% BID:0.1526 ASK:0.1527 MID:0.15265 P1:0.15265 P2:0.15265 P3:0.15265 P4:0.15265 STATE:IDLE
[2026-05-16 16:23:53Z] CHK MOM:0% RANGE:0% UP:0% SPREAD:0.06553079% BID:0.1526 ASK:0.1527 MID:0.15265 P1:0.15265 P2:0.15265 P3:0.15265 P4:0.15265 STATE:IDLE
[2026-05-16 16:23:53Z] CHK MOM:0% RANGE:0% UP:0% SPREAD:0.06553079% BID:0.1526 ASK:0.1527 MID:0.15265 P1:0.15265 P2:0.15265 P3:0.15265 P4:0.15265 STATE:IDLE
[2026-05-16 16:23:58Z] CHK MOM:0% RANGE:0% UP:0% SPREAD:0.06553079% BID:0.1526 ASK:0.1527 MID:0.15265 P1:0.15265 P2:0.15265 P3:0.15265 P4:0.15265 STATE:IDLE
[2026-05-16 16:23:58Z] CHK MOM:0% RANGE:0% UP:0% SPREAD:0.06553079% BID:0.1526 ASK:0.1527 MID:0.15265 P1:0.15265 P2:0.15265 P3:0.15265 P4:0.15265 STATE:IDLE
[2026-05-16 16:23:59Z] CHK MOM:0% RANGE:0% UP:0% SPREAD:0.06553079% BID:0.1526 ASK:0.1527 MID:0.15265 P1:0.15265 P2:0.15265 P3:0.15265 P4:0.15265 STATE:IDLE
[2026-05-16 16:23:59Z] CHK MOM:0% RANGE:0% UP:0% SPREAD:0.06553079% BID:0.1526 ASK:0.1527 MID:0.15265 P1:0.15265 P2:0.15265 P3:0.15265 P4:0.15265 STATE:IDLE
[2026-05-16 16:24:00Z] CHK MOM:0% RANGE:0% UP:0% SPREAD:0.06553079% BID:0.1526 ASK:0.1527 MID:0.15265 P1:0.15265 P2:0.15265 P3:0.15265 P4:0.15265 STATE:IDLE
[2026-05-16 16:24:00Z] CHK MOM:0% RANGE:0% UP:0% SPREAD:0.06553079% BID:0.1526 ASK:0.1527 MID:0.15265 P1:0.15265 P2:0.15265 P3:0.15265 P4:0.15265 STATE:IDLE
[2026-05-16 16:24:01Z] CHK MOM:0% RANGE:0% UP:0% SPREAD:0.06553079% BID:0.1526 ASK:0.1527 MID:0.15265 P1:0.15265 P2:0.15265 P3:0.15265 P4:0.15265 STATE:IDLE
[2026-05-16 16:24:01Z] CHK MOM:0% RANGE:0% UP:0% SPREAD:0.06553079% BID:0.1526 ASK:0.1527 MID:0.15265 P1:0.15265 P2:0.15265 P3:0.15265 P4:0.15265 STATE:IDLE
[2026-05-16 16:24:02Z] CHK MOM:0% RANGE:0% UP:0% SPREAD:0.06553079% BID:0.1526 ASK:0.1527 MID:0.15265 P1:0.15265 P2:0.15265 P3:0.15265 P4:0.15265 STATE:IDLE
[2026-05-16 16:24:03Z] CHK MOM:0% RANGE:0% UP:0% SPREAD:0.06553079% BID:0.1526 ASK:0.1527 MID:0.15265 P1:0.15265 P2:0.15265 P3:0.15265 P4:0.15265 STATE:IDLE
[2026-05-16 16:24:03Z] CHK MOM:0% RANGE:0% UP:0% SPREAD:0.06553079% BID:0.1526 ASK:0.1527 MID:0.15265 P1:0.15265 P2:0.15265 P3:0.15265 P4:0.15265 STATE:IDLE
[2026-05-16 16:24:11Z] CHK MOM:0% RANGE:0% UP:0% SPREAD:0.06553079% BID:0.1526 ASK:0.1527 MID:0.15265 P1:0.15265 P2:0.15265 P3:0.15265 P4:0.15265 STATE:IDLE
[2026-05-16 16:24:11Z] CHK MOM:0% RANGE:0% UP:0% SPREAD:0.06553079% BID:0.1526 ASK:0.1527 MID:0.15265 P1:0.15265 P2:0.15265 P3:0.15265 P4:0.15265 STATE:IDLE
[2026-05-16 16:24:12Z] CHK MOM:0% RANGE:0% UP:0% SPREAD:0.06553079% BID:0.1526 ASK:0.1527 MID:0.15265 P1:0.15265 P2:0.15265 P3:0.15265 P4:0.15265 STATE:IDLE
[2026-05-16 16:24:12Z] CHK MOM:0% RANGE:0% UP:0% SPREAD:0.06553079% BID:0.1526 ASK:0.1527 MID:0.15265 P1:0.15265 P2:0.15265 P3:0.15265 P4:0.15265 STATE:IDLE
[2026-05-16 16:24:13Z] CHK MOM:0% RANGE:0% UP:0% SPREAD:0.06553079% BID:0.1526 ASK:0.1527 MID:0.15265 P1:0.15265 P2:0.15265 P3:0.15265 P4:0.15265 STATE:IDLE
[2026-05-16 16:24:41Z] CHK MOM:0% RANGE:0% UP:0% SPREAD:0.06553079% BID:0.1526 ASK:0.1527 MID:0.15265 P1:0.15265 P2:0.15265 P3:0.15265 P4:NA STATE:IDLE
[2026-05-16 16:24:41Z] CHK MOM:0% RANGE:0% UP:0% SPREAD:0.06553079% BID:0.1526 ASK:0.1527 MID:0.15265 P1:0.15265 P2:0.15265 P3:0.15265 P4:NA STATE:IDLE
[2026-05-16 16:24:42Z] CHK MOM:0% RANGE:0% UP:0% SPREAD:0.06553079% BID:0.1526 ASK:0.1527 MID:0.15265 P1:0.15265 P2:0.15265 P3:0.15265 P4:NA STATE:IDLE
[2026-05-16 16:24:42Z] CHK MOM:0% RANGE:0% UP:0% SPREAD:0.06553079% BID:0.1526 ASK:0.1527 MID:0.15265 P1:0.15265 P2:0.15265 P3:0.15265 P4:NA STATE:IDLE
[2026-05-16 16:24:43Z] CHK MOM:0% RANGE:0% UP:0% SPREAD:0.06553079% BID:0.1526 ASK:0.1527 MID:0.15265 P1:0.15265 P2:0.15265 P3:0.15265 P4:NA STATE:IDLE
[2026-05-16 16:25:00Z] CHK MOM:0% RANGE:0% UP:0% SPREAD:0.06553079% BID:0.1526 ASK:0.1527 MID:0.15265 P1:0.15265 P2:0.15265 P3:NA P4:NA STATE:IDLE
[2026-05-16 16:25:00Z] TOKEN_SWITCH old=XLMUSDC new=HBARUSDC source=.service.env
