[2026-05-14 17:48:14Z] SESSION_START symbol=XRPUSDC dry_run=0 profile=major strategy=momentum base_url=https://api.binance.com
[2026-05-14 17:48:14Z] TOXIC_MEMORY_LOADED count=5 symbols=GUNUSDC,JTOUSDC,ORDIUSDC,SAHARAUSDC,TONUSDC
[2026-05-14 17:48:15Z] CHK MOM:0% RANGE:0% UP:0% SPREAD:0.00667022% BID:1.4992 ASK:1.4993 MID:1.49925 P1:1.49925 P2:NA P3:NA P4:NA STATE:IDLE
[2026-05-14 17:48:16Z] CHK MOM:0.01% RANGE:0.01% UP:100% SPREAD:0.00666933% BID:1.4994 ASK:1.4995 MID:1.49945 P1:1.49945 P2:1.49925 P3:NA P4:NA STATE:IDLE
[2026-05-14 17:48:16Z] CHK MOM:0.01% RANGE:0.01% UP:50% SPREAD:0.00666933% BID:1.4994 ASK:1.4995 MID:1.49945 P1:1.49945 P2:1.49945 P3:1.49925 P4:NA STATE:IDLE
[2026-05-14 17:48:17Z] CHK MOM:0.01% RANGE:0.01% UP:33.33% SPREAD:0.00666933% BID:1.4994 ASK:1.4995 MID:1.49945 P1:1.49945 P2:1.49945 P3:1.49945 P4:1.49925 STATE:IDLE
[2026-05-14 17:48:17Z] CHK MOM:0.01% RANGE:0.01% UP:25% SPREAD:0.00666933% BID:1.4994 ASK:1.4995 MID:1.49945 P1:1.49945 P2:1.49945 P3:1.49945 P4:1.49945 STATE:IDLE
[2026-05-14 17:48:18Z] CHK MOM:0.01% RANGE:0.01% UP:20% SPREAD:0.00666933% BID:1.4994 ASK:1.4995 MID:1.49945 P1:1.49945 P2:1.49945 P3:1.49945 P4:1.49945 STATE:IDLE
[2026-05-14 17:48:18Z] CHK MOM:0.02% RANGE:0.02% UP:33.33% SPREAD:0.00666844% BID:1.4996 ASK:1.4997 MID:1.49965 P1:1.49965 P2:1.49945 P3:1.49945 P4:1.49945 STATE:IDLE
[2026-05-14 17:48:19Z] CHK MOM:0.04% RANGE:0.04% UP:42.85% SPREAD:0.00666755% BID:1.4998 ASK:1.4999 MID:1.49985 P1:1.49985 P2:1.49965 P3:1.49945 P4:1.49945 STATE:IDLE
[2026-05-14 17:48:19Z] CHK MOM:0.03% RANGE:0.04% UP:37.5% SPREAD:0.006668% BID:1.4997 ASK:1.4998 MID:1.49975 P1:1.49975 P2:1.49985 P3:1.49965 P4:1.49945 STATE:IDLE
[2026-05-14 17:48:20Z] CHK MOM:0.04% RANGE:0.04% UP:44.44% SPREAD:0.00666755% BID:1.4998 ASK:1.4999 MID:1.49985 P1:1.49985 P2:1.49975 P3:1.49985 P4:1.49965 STATE:IDLE
[2026-05-14 17:48:21Z] CHK MOM:0.04% RANGE:0.04% UP:40% SPREAD:0.00666755% BID:1.4998 ASK:1.4999 MID:1.49985 P1:1.49985 P2:1.49985 P3:1.49975 P4:1.49985 STATE:IDLE
[2026-05-14 17:48:21Z] CHK MOM:0.04% RANGE:0.04% UP:36.36% SPREAD:0.00666755% BID:1.4998 ASK:1.4999 MID:1.49985 P1:1.49985 P2:1.49985 P3:1.49985 P4:1.49975 STATE:IDLE
[2026-05-14 17:48:22Z] CHK MOM:0.04% RANGE:0.04% UP:36.36% SPREAD:0.00666755% BID:1.4998 ASK:1.4999 MID:1.49985 P1:1.49985 P2:1.49985 P3:1.49985 P4:1.49975 STATE:IDLE
[2026-05-14 17:48:22Z] CHK MOM:0.05% RANGE:0.05% UP:41.66% SPREAD:0.00666666% BID:1.5 ASK:1.5001 MID:1.50004999 P1:1.50004999 P2:1.49985 P3:1.49985 P4:1.49985 STATE:IDLE
[2026-05-14 17:48:23Z] CHK MOM:0.08% RANGE:0.08% UP:46.15% SPREAD:0.00666488% BID:1.5004 ASK:1.5005 MID:1.50044999 P1:1.50044999 P2:1.50004999 P3:1.49985 P4:1.49985 STATE:IDLE
[2026-05-14 17:48:23Z] CHK MOM:0.06% RANGE:0.08% UP:42.85% SPREAD:0.00666577% BID:1.5002 ASK:1.5003 MID:1.50024999 P1:1.50024999 P2:1.50044999 P3:1.50004999 P4:1.49985 STATE:IDLE
[2026-05-14 17:48:24Z] CHK MOM:0.04% RANGE:0.08% UP:40% SPREAD:0.00666711% BID:1.4999 ASK:1.5 MID:1.49995 P1:1.49995 P2:1.50024999 P3:1.50044999 P4:1.50004999 STATE:IDLE
[2026-05-14 17:48:24Z] CHK MOM:0.04% RANGE:0.08% UP:37.5% SPREAD:0.00666711% BID:1.4999 ASK:1.5 MID:1.49995 P1:1.49995 P2:1.49995 P3:1.50024999 P4:1.50044999 STATE:IDLE
[2026-05-14 17:48:25Z] CHK MOM:0.04% RANGE:0.08% UP:35.29% SPREAD:0.00666711% BID:1.4999 ASK:1.5 MID:1.49995 P1:1.49995 P2:1.49995 P3:1.49995 P4:1.50024999 STATE:IDLE
[2026-05-14 17:48:25Z] CHK MOM:0.04% RANGE:0.08% UP:33.33% SPREAD:0.00666711% BID:1.4999 ASK:1.5 MID:1.49995 P1:1.49995 P2:1.49995 P3:1.49995 P4:1.49995 STATE:IDLE
[2026-05-14 17:48:26Z] CHK MOM:0.04% RANGE:0.08% UP:31.57% SPREAD:0.00666711% BID:1.4999 ASK:1.5 MID:1.49995 P1:1.49995 P2:1.49995 P3:1.49995 P4:1.49995 STATE:IDLE
[2026-05-14 17:48:27Z] CHK MOM:0.04% RANGE:0.08% UP:30% SPREAD:0.00666711% BID:1.4999 ASK:1.5 MID:1.49995 P1:1.49995 P2:1.49995 P3:1.49995 P4:1.49995 STATE:IDLE
[2026-05-14 17:48:27Z] CHK MOM:0.02% RANGE:0.06% UP:25% SPREAD:0.00666755% BID:1.4998 ASK:1.4999 MID:1.49985 P1:1.49985 P2:1.49995 P3:1.49995 P4:1.49995 STATE:IDLE
[2026-05-14 17:48:28Z] CHK MOM:0.02% RANGE:0.06% UP:25% SPREAD:0.00666755% BID:1.4998 ASK:1.4999 MID:1.49985 P1:1.49985 P2:1.49985 P3:1.49995 P4:1.49995 STATE:IDLE
[2026-05-14 17:48:28Z] CHK MOM:0.02% RANGE:0.06% UP:25% SPREAD:0.00666755% BID:1.4998 ASK:1.4999 MID:1.49985 P1:1.49985 P2:1.49985 P3:1.49985 P4:1.49995 STATE:IDLE
[2026-05-14 17:48:29Z] CHK MOM:-0.01% RANGE:0.08% UP:25% SPREAD:0.00667022% BID:1.4992 ASK:1.4993 MID:1.49925 P1:1.49925 P2:1.49985 P3:1.49985 P4:1.49985 STATE:IDLE
[2026-05-14 17:48:29Z] CHK MOM:-0.01% RANGE:0.08% UP:25% SPREAD:0.00667022% BID:1.4992 ASK:1.4993 MID:1.49925 P1:1.49925 P2:1.49925 P3:1.49985 P4:1.49985 STATE:IDLE
[2026-05-14 17:48:30Z] CHK MOM:-0.01% RANGE:0.08% UP:23.8% SPREAD:0.00667022% BID:1.4992 ASK:1.4993 MID:1.49925 P1:1.49925 P2:1.49925 P3:1.49925 P4:1.49985 STATE:IDLE
[2026-05-14 17:48:30Z] CHK MOM:-0.02% RANGE:0.08% UP:19.04% SPREAD:0.00667022% BID:1.4992 ASK:1.4993 MID:1.49925 P1:1.49925 P2:1.49925 P3:1.49925 P4:1.49925 STATE:IDLE
[2026-05-14 17:48:31Z] CHK MOM:-0.04% RANGE:0.08% UP:14.28% SPREAD:0.00667022% BID:1.4992 ASK:1.4993 MID:1.49925 P1:1.49925 P2:1.49925 P3:1.49925 P4:1.49925 STATE:IDLE
[2026-05-14 17:48:32Z] CHK MOM:-0.16% RANGE:0.2% UP:10.52% SPREAD:0.00667824% BID:1.4974 ASK:1.4975 MID:1.49745 P1:1.49745 P2:1.49925 P3:1.49925 P4:1.49925 STATE:IDLE
[2026-05-14 17:48:32Z] CHK MOM:-0.15% RANGE:0.2% UP:15% SPREAD:0.00667779% BID:1.4975 ASK:1.4976 MID:1.49755 P1:1.49755 P2:1.49745 P3:1.49925 P4:1.49925 STATE:IDLE
[2026-05-14 17:48:33Z] CHK MOM:-0.15% RANGE:0.2% UP:15% SPREAD:0.00667779% BID:1.4975 ASK:1.4976 MID:1.49755 P1:1.49755 P2:1.49755 P3:1.49745 P4:1.49925 STATE:IDLE
[2026-05-14 17:48:33Z] CHK MOM:-0.13% RANGE:0.2% UP:15% SPREAD:0.00667601% BID:1.4979 ASK:1.498 MID:1.49795 P1:1.49795 P2:1.49755 P3:1.49755 P4:1.49745 STATE:IDLE
[2026-05-14 17:48:34Z] CHK MOM:-0.13% RANGE:0.2% UP:14.28% SPREAD:0.00667601% BID:1.4979 ASK:1.498 MID:1.49795 P1:1.49795 P2:1.49795 P3:1.49755 P4:1.49755 STATE:IDLE
[2026-05-14 17:48:34Z] CHK MOM:-0.13% RANGE:0.2% UP:13.63% SPREAD:0.00667601% BID:1.4979 ASK:1.498 MID:1.49795 P1:1.49795 P2:1.49795 P3:1.49795 P4:1.49755 STATE:IDLE
[2026-05-14 17:48:35Z] CHK MOM:-0.16% RANGE:0.2% UP:9.09% SPREAD:0.00667601% BID:1.4979 ASK:1.498 MID:1.49795 P1:1.49795 P2:1.49795 P3:1.49795 P4:1.49795 STATE:IDLE
[2026-05-14 17:48:35Z] CHK MOM:-0.14% RANGE:0.16% UP:9.52% SPREAD:0.00667645% BID:1.4978 ASK:1.4979 MID:1.49785 P1:1.49785 P2:1.49795 P3:1.49795 P4:1.49795 STATE:IDLE
[2026-05-14 17:48:36Z] CHK MOM:-0.16% RANGE:0.16% UP:9.52% SPREAD:0.00667779% BID:1.4975 ASK:1.4976 MID:1.49755 P1:1.49755 P2:1.49785 P3:1.49795 P4:1.49795 STATE:IDLE
[2026-05-14 17:48:37Z] CHK MOM:-0.12% RANGE:0.16% UP:15% SPREAD:0.00667556% BID:1.498 ASK:1.4981 MID:1.49805 P1:1.49805 P2:1.49755 P3:1.49785 P4:1.49795 STATE:IDLE
[2026-05-14 17:48:37Z] CHK MOM:-0.12% RANGE:0.16% UP:15% SPREAD:0.00667556% BID:1.498 ASK:1.4981 MID:1.49805 P1:1.49805 P2:1.49805 P3:1.49755 P4:1.49785 STATE:IDLE
[2026-05-14 17:48:38Z] CHK MOM:-0.12% RANGE:0.16% UP:15% SPREAD:0.00667556% BID:1.498 ASK:1.4981 MID:1.49805 P1:1.49805 P2:1.49805 P3:1.49805 P4:1.49755 STATE:IDLE
[2026-05-14 17:48:38Z] CHK MOM:-0.12% RANGE:0.16% UP:14.28% SPREAD:0.00667556% BID:1.498 ASK:1.4981 MID:1.49805 P1:1.49805 P2:1.49805 P3:1.49805 P4:1.49805 STATE:IDLE
[2026-05-14 17:48:39Z] CHK MOM:-0.12% RANGE:0.16% UP:14.28% SPREAD:0.00667556% BID:1.498 ASK:1.4981 MID:1.49805 P1:1.49805 P2:1.49805 P3:1.49805 P4:1.49805 STATE:IDLE
[2026-05-14 17:48:39Z] CHK MOM:-0.12% RANGE:0.16% UP:13.63% SPREAD:0.00667556% BID:1.498 ASK:1.4981 MID:1.49805 P1:1.49805 P2:1.49805 P3:1.49805 P4:1.49805 STATE:IDLE
[2026-05-14 17:48:40Z] CHK MOM:-0.12% RANGE:0.16% UP:14.28% SPREAD:0.00667556% BID:1.498 ASK:1.4981 MID:1.49805 P1:1.49805 P2:1.49805 P3:1.49805 P4:1.49805 STATE:IDLE
[2026-05-14 17:48:40Z] CHK MOM:-0.1% RANGE:0.16% UP:18.18% SPREAD:0.00667467% BID:1.4982 ASK:1.4983 MID:1.49825 P1:1.49825 P2:1.49805 P3:1.49805 P4:1.49805 STATE:IDLE
[2026-05-14 17:48:41Z] CHK MOM:-0.07% RANGE:0.12% UP:19.04% SPREAD:0.00667512% BID:1.4981 ASK:1.4982 MID:1.49814999 P1:1.49814999 P2:1.49825 P3:1.49805 P4:1.49805 STATE:IDLE
[2026-05-14 17:48:42Z] CHK MOM:-0.07% RANGE:0.12% UP:19.04% SPREAD:0.00667512% BID:1.4981 ASK:1.4982 MID:1.49814999 P1:1.49814999 P2:1.49814999 P3:1.49825 P4:1.49805 STATE:IDLE
[2026-05-14 17:48:42Z] CHK MOM:-0.06% RANGE:0.12% UP:25% SPREAD:0.00667467% BID:1.4982 ASK:1.4983 MID:1.49825 P1:1.49825 P2:1.49814999 P3:1.49814999 P4:1.49825 STATE:IDLE
[2026-05-14 17:48:43Z] CHK MOM:-0.07% RANGE:0.12% UP:23.8% SPREAD:0.00667512% BID:1.4981 ASK:1.4982 MID:1.49814999 P1:1.49814999 P2:1.49825 P3:1.49814999 P4:1.49814999 STATE:IDLE
[2026-05-14 17:48:43Z] CHK MOM:0.04% RANGE:0.05% UP:23.8% SPREAD:0.00667556% BID:1.498 ASK:1.4981 MID:1.49805 P1:1.49805 P2:1.49814999 P3:1.49825 P4:1.49814999 STATE:IDLE
[2026-05-14 17:48:44Z] CHK MOM:0.04% RANGE:0.05% UP:22.72% SPREAD:0.00667556% BID:1.498 ASK:1.4981 MID:1.49805 P1:1.49805 P2:1.49805 P3:1.49814999 P4:1.49825 STATE:IDLE
[2026-05-14 17:48:44Z] CHK MOM:0.03% RANGE:0.04% UP:19.04% SPREAD:0.00667556% BID:1.498 ASK:1.4981 MID:1.49805 P1:1.49805 P2:1.49805 P3:1.49805 P4:1.49814999 STATE:IDLE
[2026-05-14 17:48:45Z] CHK MOM:0.03% RANGE:0.04% UP:18.18% SPREAD:0.00667556% BID:1.498 ASK:1.4981 MID:1.49805 P1:1.49805 P2:1.49805 P3:1.49805 P4:1.49805 STATE:IDLE
[2026-05-14 17:48:45Z] CHK MOM:0.03% RANGE:0.04% UP:18.18% SPREAD:0.00667556% BID:1.498 ASK:1.4981 MID:1.49805 P1:1.49805 P2:1.49805 P3:1.49805 P4:1.49805 STATE:IDLE
[2026-05-14 17:48:46Z] CHK MOM:0.03% RANGE:0.04% UP:18.18% SPREAD:0.00667556% BID:1.498 ASK:1.4981 MID:1.49805 P1:1.49805 P2:1.49805 P3:1.49805 P4:1.49805 STATE:IDLE
[2026-05-14 17:48:46Z] CHK MOM:0.03% RANGE:0.04% UP:18.18% SPREAD:0.00667556% BID:1.498 ASK:1.4981 MID:1.49805 P1:1.49805 P2:1.49805 P3:1.49805 P4:1.49805 STATE:IDLE
[2026-05-14 17:48:47Z] CHK MOM:0% RANGE:0.04% UP:15.78% SPREAD:0.00667556% BID:1.498 ASK:1.4981 MID:1.49805 P1:1.49805 P2:1.49805 P3:1.49805 P4:1.49805 STATE:IDLE
[2026-05-14 17:48:48Z] CHK MOM:0.01% RANGE:0.04% UP:15.78% SPREAD:0.00667556% BID:1.498 ASK:1.4981 MID:1.49805 P1:1.49805 P2:1.49805 P3:1.49805 P4:1.49805 STATE:IDLE
[2026-05-14 17:48:48Z] CHK MOM:0% RANGE:0.01% UP:11.11% SPREAD:0.00667556% BID:1.498 ASK:1.4981 MID:1.49805 P1:1.49805 P2:1.49805 P3:1.49805 P4:1.49805 STATE:IDLE
[2026-05-14 17:48:49Z] CHK MOM:0% RANGE:0.01% UP:15.78% SPREAD:0.00667512% BID:1.4981 ASK:1.4982 MID:1.49814999 P1:1.49814999 P2:1.49805 P3:1.49805 P4:1.49805 STATE:IDLE
[2026-05-14 17:48:49Z] CHK MOM:0% RANGE:0.01% UP:15.78% SPREAD:0.00667512% BID:1.4981 ASK:1.4982 MID:1.49814999 P1:1.49814999 P2:1.49805 P3:1.49805 P4:1.49805 STATE:IDLE
[2026-05-14 17:48:50Z] CHK MOM:0% RANGE:0.01% UP:16.66% SPREAD:0.00667512% BID:1.4981 ASK:1.4982 MID:1.49814999 P1:1.49814999 P2:1.49814999 P3:1.49805 P4:1.49805 STATE:IDLE
[2026-05-14 17:48:50Z] CHK MOM:0% RANGE:0.01% UP:16.66% SPREAD:0.00667512% BID:1.4981 ASK:1.4982 MID:1.49814999 P1:1.49814999 P2:1.49814999 P3:1.49805 P4:1.49805 STATE:IDLE
[2026-05-14 17:48:51Z] CHK MOM:0% RANGE:0.01% UP:16.66% SPREAD:0.00667512% BID:1.4981 ASK:1.4982 MID:1.49814999 P1:1.49814999 P2:1.49814999 P3:1.49805 P4:1.49805 STATE:IDLE
[2026-05-14 17:48:51Z] CHK MOM:0% RANGE:0.01% UP:16.66% SPREAD:0.00667512% BID:1.4981 ASK:1.4982 MID:1.49814999 P1:1.49814999 P2:1.49814999 P3:1.49805 P4:1.49805 STATE:IDLE
[2026-05-14 17:48:52Z] CHK MOM:0% RANGE:0.01% UP:20% SPREAD:0.00667512% BID:1.4981 ASK:1.4982 MID:1.49814999 P1:1.49814999 P2:1.49814999 P3:1.49814999 P4:1.49805 STATE:IDLE
[2026-05-14 17:48:53Z] CHK MOM:0% RANGE:0.01% UP:20% SPREAD:0.00667512% BID:1.4981 ASK:1.4982 MID:1.49814999 P1:1.49814999 P2:1.49814999 P3:1.49814999 P4:1.49805 STATE:IDLE
[2026-05-14 17:48:53Z] CHK MOM:0% RANGE:0.01% UP:14.28% SPREAD:0.00667556% BID:1.498 ASK:1.4981 MID:1.49805 P1:1.49805 P2:1.49814999 P3:1.49814999 P4:1.49814999 STATE:IDLE
[2026-05-14 17:48:54Z] CHK MOM:0% RANGE:0.01% UP:15.38% SPREAD:0.00667467% BID:1.4982 ASK:1.4983 MID:1.49825 P1:1.49825 P2:1.49805 P3:1.49814999 P4:1.49814999 STATE:IDLE
[2026-05-14 17:48:54Z] CHK MOM:0.03% RANGE:0.04% UP:21.42% SPREAD:0.00667244% BID:1.4987 ASK:1.4988 MID:1.49874999 P1:1.49874999 P2:1.49825 P3:1.49805 P4:1.49814999 STATE:IDLE
[2026-05-14 17:48:55Z] CHK MOM:0.04% RANGE:0.04% UP:23.07% SPREAD:0.00667244% BID:1.4987 ASK:1.4988 MID:1.49874999 P1:1.49874999 P2:1.49874999 P3:1.49825 P4:1.49805 STATE:IDLE
[2026-05-14 17:48:55Z] CHK MOM:0.04% RANGE:0.04% UP:23.07% SPREAD:0.00667244% BID:1.4987 ASK:1.4988 MID:1.49874999 P1:1.49874999 P2:1.49874999 P3:1.49874999 P4:1.49825 STATE:IDLE
[2026-05-14 17:48:56Z] CHK MOM:0.04% RANGE:0.04% UP:23.07% SPREAD:0.00667244% BID:1.4987 ASK:1.4988 MID:1.49874999 P1:1.49874999 P2:1.49874999 P3:1.49874999 P4:1.49874999 STATE:IDLE
[2026-05-14 17:48:56Z] CHK MOM:0.04% RANGE:0.04% UP:21.42% SPREAD:0.00667244% BID:1.4987 ASK:1.4988 MID:1.49874999 P1:1.49874999 P2:1.49874999 P3:1.49874999 P4:1.49874999 STATE:IDLE
[2026-05-14 17:48:57Z] CHK MOM:0.04% RANGE:0.04% UP:23.07% SPREAD:0.00667244% BID:1.4987 ASK:1.4988 MID:1.49874999 P1:1.49874999 P2:1.49874999 P3:1.49874999 P4:1.49874999 STATE:IDLE
[2026-05-14 17:48:57Z] CHK MOM:0.04% RANGE:0.04% UP:21.42% SPREAD:0.00667244% BID:1.4987 ASK:1.4988 MID:1.49874999 P1:1.49874999 P2:1.49874999 P3:1.49874999 P4:1.49874999 STATE:IDLE
[2026-05-14 17:48:58Z] CHK MOM:0.04% RANGE:0.04% UP:20% SPREAD:0.00667289% BID:1.4986 ASK:1.4987 MID:1.49865 P1:1.49865 P2:1.49874999 P3:1.49874999 P4:1.49874999 STATE:IDLE
[2026-05-14 17:48:59Z] CHK MOM:0.04% RANGE:0.04% UP:18.75% SPREAD:0.00667289% BID:1.4986 ASK:1.4987 MID:1.49865 P1:1.49865 P2:1.49865 P3:1.49874999 P4:1.49874999 STATE:IDLE
[2026-05-14 17:48:59Z] CHK MOM:0.04% RANGE:0.04% UP:18.75% SPREAD:0.00667289% BID:1.4986 ASK:1.4987 MID:1.49865 P1:1.49865 P2:1.49865 P3:1.49874999 P4:1.49874999 STATE:IDLE
[2026-05-14 17:49:00Z] CHK MOM:0.02% RANGE:0.04% UP:20% SPREAD:0.00667423% BID:1.4983 ASK:1.4984 MID:1.49834999 P1:1.49834999 P2:1.49865 P3:1.49865 P4:1.49874999 STATE:IDLE
[2026-05-14 17:49:00Z] CHK MOM:0.01% RANGE:0.04% UP:13.33% SPREAD:0.00667423% BID:1.4983 ASK:1.4984 MID:1.49834999 P1:1.49834999 P2:1.49834999 P3:1.49865 P4:1.49865 STATE:IDLE
[2026-05-14 17:49:01Z] CHK MOM:0.01% RANGE:0.04% UP:13.33% SPREAD:0.00667423% BID:1.4983 ASK:1.4984 MID:1.49834999 P1:1.49834999 P2:1.49834999 P3:1.49834999 P4:1.49865 STATE:IDLE
[2026-05-14 17:49:01Z] CHK MOM:0.03% RANGE:0.04% UP:18.75% SPREAD:0.00667289% BID:1.4986 ASK:1.4987 MID:1.49865 P1:1.49865 P2:1.49834999 P3:1.49834999 P4:1.49834999 STATE:IDLE
[2026-05-14 17:49:02Z] CHK MOM:0.04% RANGE:0.04% UP:25% SPREAD:0.00667244% BID:1.4987 ASK:1.4988 MID:1.49874999 P1:1.49874999 P2:1.49865 P3:1.49834999 P4:1.49834999 STATE:IDLE
[2026-05-14 17:49:02Z] CHK MOM:0.06% RANGE:0.06% UP:29.41% SPREAD:0.00667111% BID:1.499 ASK:1.4991 MID:1.49905 P1:1.49905 P2:1.49874999 P3:1.49865 P4:1.49834999 STATE:IDLE
[2026-05-14 17:49:03Z] CHK MOM:0.04% RANGE:0.06% UP:27.77% SPREAD:0.006672% BID:1.4988 ASK:1.4989 MID:1.49885 P1:1.49885 P2:1.49905 P3:1.49874999 P4:1.49865 STATE:IDLE
[2026-05-14 17:49:04Z] CHK MOM:0.03% RANGE:0.06% UP:26.31% SPREAD:0.00667289% BID:1.4986 ASK:1.4987 MID:1.49865 P1:1.49865 P2:1.49885 P3:1.49905 P4:1.49874999 STATE:IDLE
[2026-05-14 17:49:04Z] CHK MOM:0.04% RANGE:0.06% UP:26.31% SPREAD:0.00667289% BID:1.4986 ASK:1.4987 MID:1.49865 P1:1.49865 P2:1.49865 P3:1.49885 P4:1.49905 STATE:IDLE
[2026-05-14 17:49:05Z] CHK MOM:0.04% RANGE:0.06% UP:26.31% SPREAD:0.00667289% BID:1.4986 ASK:1.4987 MID:1.49865 P1:1.49865 P2:1.49865 P3:1.49885 P4:1.49905 STATE:IDLE
[2026-05-14 17:49:05Z] CHK MOM:0.02% RANGE:0.05% UP:21.05% SPREAD:0.00667289% BID:1.4986 ASK:1.4987 MID:1.49865 P1:1.49865 P2:1.49865 P3:1.49865 P4:1.49885 STATE:IDLE
[2026-05-14 17:49:06Z] CHK MOM:0.03% RANGE:0.05% UP:25% SPREAD:0.00667244% BID:1.4987 ASK:1.4988 MID:1.49874999 P1:1.49874999 P2:1.49865 P3:1.49865 P4:1.49865 STATE:IDLE
[2026-05-14 17:49:06Z] CHK MOM:0% RANGE:0.04% UP:20% SPREAD:0.00667244% BID:1.4987 ASK:1.4988 MID:1.49874999 P1:1.49874999 P2:1.49874999 P3:1.49865 P4:1.49865 STATE:IDLE
[2026-05-14 17:49:07Z] CHK MOM:0% RANGE:0.04% UP:20% SPREAD:0.00667244% BID:1.4987 ASK:1.4988 MID:1.49874999 P1:1.49874999 P2:1.49874999 P3:1.49874999 P4:1.49865 STATE:IDLE
[2026-05-14 17:49:07Z] CHK MOM:0% RANGE:0.04% UP:20% SPREAD:0.00667244% BID:1.4987 ASK:1.4988 MID:1.49874999 P1:1.49874999 P2:1.49874999 P3:1.49874999 P4:1.49865 STATE:IDLE
[2026-05-14 17:49:08Z] CHK MOM:0.01% RANGE:0.04% UP:26.31% SPREAD:0.00667155% BID:1.4989 ASK:1.499 MID:1.49895 P1:1.49895 P2:1.49874999 P3:1.49874999 P4:1.49874999 STATE:IDLE
[2026-05-14 17:49:08Z] CHK MOM:0% RANGE:0.04% UP:27.77% SPREAD:0.006672% BID:1.4988 ASK:1.4989 MID:1.49885 P1:1.49885 P2:1.49895 P3:1.49874999 P4:1.49874999 STATE:IDLE
[2026-05-14 17:49:09Z] CHK MOM:0% RANGE:0.04% UP:26.31% SPREAD:0.006672% BID:1.4988 ASK:1.4989 MID:1.49885 P1:1.49885 P2:1.49885 P3:1.49895 P4:1.49874999 STATE:IDLE
[2026-05-14 17:49:10Z] CHK MOM:0% RANGE:0.04% UP:27.77% SPREAD:0.00667244% BID:1.4987 ASK:1.4988 MID:1.49874999 P1:1.49874999 P2:1.49885 P3:1.49885 P4:1.49895 STATE:IDLE
[2026-05-14 17:49:10Z] CHK MOM:0% RANGE:0.04% UP:27.77% SPREAD:0.00667244% BID:1.4987 ASK:1.4988 MID:1.49874999 P1:1.49874999 P2:1.49874999 P3:1.49885 P4:1.49885 STATE:IDLE
[2026-05-14 17:49:11Z] CHK MOM:0.02% RANGE:0.04% UP:27.77% SPREAD:0.00667244% BID:1.4987 ASK:1.4988 MID:1.49874999 P1:1.49874999 P2:1.49874999 P3:1.49874999 P4:1.49885 STATE:IDLE
[2026-05-14 17:49:11Z] CHK MOM:0.02% RANGE:0.04% UP:27.77% SPREAD:0.00667244% BID:1.4987 ASK:1.4988 MID:1.49874999 P1:1.49874999 P2:1.49874999 P3:1.49874999 P4:1.49885 STATE:IDLE
[2026-05-14 17:49:12Z] CHK MOM:0.02% RANGE:0.04% UP:27.77% SPREAD:0.00667244% BID:1.4987 ASK:1.4988 MID:1.49874999 P1:1.49874999 P2:1.49874999 P3:1.49874999 P4:1.49885 STATE:IDLE
[2026-05-14 17:49:12Z] CHK MOM:0.02% RANGE:0.04% UP:27.77% SPREAD:0.00667244% BID:1.4987 ASK:1.4988 MID:1.49874999 P1:1.49874999 P2:1.49874999 P3:1.49874999 P4:1.49885 STATE:IDLE
[2026-05-14 17:49:13Z] CHK MOM:0.02% RANGE:0.04% UP:29.41% SPREAD:0.00667244% BID:1.4987 ASK:1.4988 MID:1.49874999 P1:1.49874999 P2:1.49874999 P3:1.49874999 P4:1.49874999 STATE:IDLE
[2026-05-14 17:49:13Z] CHK MOM:0% RANGE:0.02% UP:23.52% SPREAD:0.00667289% BID:1.4986 ASK:1.4987 MID:1.49865 P1:1.49865 P2:1.49874999 P3:1.49874999 P4:1.49874999 STATE:IDLE
[2026-05-14 17:49:14Z] CHK MOM:0% RANGE:0.02% UP:18.75% SPREAD:0.01334311% BID:1.4989 ASK:1.4991 MID:1.499 P1:1.499 P2:1.49865 P3:1.49874999 P4:1.49874999 STATE:IDLE
[2026-05-14 17:49:15Z] CHK MOM:0% RANGE:0.02% UP:18.75% SPREAD:0.006672% BID:1.4988 ASK:1.4989 MID:1.49885 P1:1.49885 P2:1.499 P3:1.49865 P4:1.49874999 STATE:IDLE
[2026-05-14 17:49:15Z] CHK MOM:0.01% RANGE:0.02% UP:18.75% SPREAD:0.006672% BID:1.4988 ASK:1.4989 MID:1.49885 P1:1.49885 P2:1.49885 P3:1.499 P4:1.49865 STATE:IDLE
[2026-05-14 17:49:16Z] CHK MOM:0.01% RANGE:0.02% UP:18.75% SPREAD:0.006672% BID:1.4988 ASK:1.4989 MID:1.49885 P1:1.49885 P2:1.49885 P3:1.499 P4:1.49865 STATE:IDLE
[2026-05-14 17:49:16Z] CHK MOM:0% RANGE:0.02% UP:20% SPREAD:0.00667244% BID:1.4987 ASK:1.4988 MID:1.49874999 P1:1.49874999 P2:1.49885 P3:1.49885 P4:1.499 STATE:IDLE
[2026-05-14 17:49:17Z] CHK MOM:0% RANGE:0.02% UP:18.75% SPREAD:0.00667244% BID:1.4987 ASK:1.4988 MID:1.49874999 P1:1.49874999 P2:1.49874999 P3:1.49885 P4:1.49885 STATE:IDLE
[2026-05-14 17:49:17Z] CHK MOM:0% RANGE:0.02% UP:18.75% SPREAD:0.00667244% BID:1.4987 ASK:1.4988 MID:1.49874999 P1:1.49874999 P2:1.49874999 P3:1.49885 P4:1.49885 STATE:IDLE
[2026-05-14 17:49:18Z] CHK MOM:0% RANGE:0.02% UP:18.75% SPREAD:0.00667244% BID:1.4987 ASK:1.4988 MID:1.49874999 P1:1.49874999 P2:1.49874999 P3:1.49885 P4:1.49885 STATE:IDLE
[2026-05-14 17:49:18Z] CHK MOM:0.01% RANGE:0.02% UP:20% SPREAD:0.00667155% BID:1.4989 ASK:1.499 MID:1.49895 P1:1.49895 P2:1.49874999 P3:1.49874999 P4:1.49885 STATE:IDLE
[2026-05-14 17:49:19Z] CHK MOM:0.01% RANGE:0.03% UP:21.42% SPREAD:0.00667066% BID:1.4991 ASK:1.4992 MID:1.49915 P1:1.49915 P2:1.49895 P3:1.49874999 P4:1.49874999 STATE:IDLE
[2026-05-14 17:49:20Z] CHK MOM:0.01% RANGE:0.03% UP:20% SPREAD:0.00667066% BID:1.4991 ASK:1.4992 MID:1.49915 P1:1.49915 P2:1.49915 P3:1.49895 P4:1.49874999 STATE:IDLE
[2026-05-14 17:49:20Z] CHK MOM:0.01% RANGE:0.03% UP:20% SPREAD:0.00667111% BID:1.499 ASK:1.4991 MID:1.49905 P1:1.49905 P2:1.49915 P3:1.49915 P4:1.49895 STATE:IDLE
[2026-05-14 17:49:21Z] CHK MOM:0.02% RANGE:0.03% UP:21.42% SPREAD:0.00667111% BID:1.499 ASK:1.4991 MID:1.49905 P1:1.49905 P2:1.49905 P3:1.49915 P4:1.49915 STATE:IDLE
[2026-05-14 17:49:21Z] CHK MOM:0.02% RANGE:0.03% UP:20% SPREAD:0.00667111% BID:1.499 ASK:1.4991 MID:1.49905 P1:1.49905 P2:1.49905 P3:1.49905 P4:1.49915 STATE:IDLE
[2026-05-14 17:49:22Z] CHK MOM:0.02% RANGE:0.03% UP:20% SPREAD:0.00667111% BID:1.499 ASK:1.4991 MID:1.49905 P1:1.49905 P2:1.49905 P3:1.49905 P4:1.49915 STATE:IDLE
[2026-05-14 17:49:22Z] CHK MOM:0.02% RANGE:0.03% UP:28.57% SPREAD:0.00667066% BID:1.4991 ASK:1.4992 MID:1.49915 P1:1.49915 P2:1.49905 P3:1.49905 P4:1.49905 STATE:IDLE
[2026-05-14 17:49:23Z] CHK MOM:0.03% RANGE:0.04% UP:35.71% SPREAD:0.00667022% BID:1.4992 ASK:1.4993 MID:1.49925 P1:1.49925 P2:1.49915 P3:1.49905 P4:1.49905 STATE:IDLE
[2026-05-14 17:49:23Z] CHK MOM:0.03% RANGE:0.04% UP:33.33% SPREAD:0.00667022% BID:1.4992 ASK:1.4993 MID:1.49925 P1:1.49925 P2:1.49925 P3:1.49915 P4:1.49905 STATE:IDLE
[2026-05-14 17:49:24Z] CHK MOM:0.02% RANGE:0.04% UP:31.25% SPREAD:0.00667066% BID:1.4991 ASK:1.4992 MID:1.49915 P1:1.49915 P2:1.49925 P3:1.49925 P4:1.49915 STATE:IDLE
[2026-05-14 17:49:24Z] CHK MOM:0.02% RANGE:0.04% UP:29.41% SPREAD:0.00667066% BID:1.4991 ASK:1.4992 MID:1.49915 P1:1.49915 P2:1.49915 P3:1.49925 P4:1.49925 STATE:IDLE
[2026-05-14 17:49:25Z] CHK MOM:0.02% RANGE:0.04% UP:29.41% SPREAD:0.00667066% BID:1.4991 ASK:1.4992 MID:1.49915 P1:1.49915 P2:1.49915 P3:1.49925 P4:1.49925 STATE:IDLE
[2026-05-14 17:49:26Z] CHK MOM:-0.02% RANGE:0.04% UP:25% SPREAD:0.00667289% BID:1.4986 ASK:1.4987 MID:1.49865 P1:1.49865 P2:1.49915 P3:1.49915 P4:1.49925 STATE:IDLE
[2026-05-14 17:49:26Z] CHK MOM:-0.01% RANGE:0.04% UP:25% SPREAD:0.00667289% BID:1.4986 ASK:1.4987 MID:1.49865 P1:1.49865 P2:1.49865 P3:1.49915 P4:1.49915 STATE:IDLE
[2026-05-14 17:49:27Z] CHK MOM:-0.01% RANGE:0.04% UP:23.52% SPREAD:0.00667289% BID:1.4986 ASK:1.4987 MID:1.49865 P1:1.49865 P2:1.49865 P3:1.49865 P4:1.49915 STATE:IDLE
[2026-05-14 17:49:27Z] CHK MOM:-0.01% RANGE:0.04% UP:23.52% SPREAD:0.00667289% BID:1.4986 ASK:1.4987 MID:1.49865 P1:1.49865 P2:1.49865 P3:1.49865 P4:1.49915 STATE:IDLE
[2026-05-14 17:49:28Z] CHK MOM:0% RANGE:0.04% UP:25% SPREAD:0.00667289% BID:1.4986 ASK:1.4987 MID:1.49865 P1:1.49865 P2:1.49865 P3:1.49865 P4:1.49865 STATE:IDLE
[2026-05-14 17:49:28Z] CHK MOM:0% RANGE:0.04% UP:25% SPREAD:0.00667289% BID:1.4986 ASK:1.4987 MID:1.49865 P1:1.49865 P2:1.49865 P3:1.49865 P4:1.49865 STATE:IDLE
[2026-05-14 17:49:29Z] CHK MOM:-0.02% RANGE:0.04% UP:18.75% SPREAD:0.00667289% BID:1.4986 ASK:1.4987 MID:1.49865 P1:1.49865 P2:1.49865 P3:1.49865 P4:1.49865 STATE:IDLE
[2026-05-14 17:49:29Z] CHK MOM:-0.02% RANGE:0.04% UP:18.75% SPREAD:0.00667289% BID:1.4986 ASK:1.4987 MID:1.49865 P1:1.49865 P2:1.49865 P3:1.49865 P4:1.49865 STATE:IDLE
[2026-05-14 17:49:30Z] CHK MOM:-0.02% RANGE:0.04% UP:17.64% SPREAD:0.00667289% BID:1.4986 ASK:1.4987 MID:1.49865 P1:1.49865 P2:1.49865 P3:1.49865 P4:1.49865 STATE:IDLE
[2026-05-14 17:49:31Z] CHK MOM:-0.02% RANGE:0.04% UP:17.64% SPREAD:0.00667289% BID:1.4986 ASK:1.4987 MID:1.49865 P1:1.49865 P2:1.49865 P3:1.49865 P4:1.49865 STATE:IDLE
[2026-05-14 17:49:31Z] CHK MOM:-0.02% RANGE:0.04% UP:13.33% SPREAD:0.00667289% BID:1.4986 ASK:1.4987 MID:1.49865 P1:1.49865 P2:1.49865 P3:1.49865 P4:1.49865 STATE:IDLE
[2026-05-14 17:49:32Z] CHK MOM:-0.02% RANGE:0.04% UP:13.33% SPREAD:0.00667289% BID:1.4986 ASK:1.4987 MID:1.49865 P1:1.49865 P2:1.49865 P3:1.49865 P4:1.49865 STATE:IDLE
[2026-05-14 17:49:32Z] CHK MOM:-0.02% RANGE:0.04% UP:12.5% SPREAD:0.00667289% BID:1.4986 ASK:1.4987 MID:1.49865 P1:1.49865 P2:1.49865 P3:1.49865 P4:1.49865 STATE:IDLE
[2026-05-14 17:49:33Z] CHK MOM:-0.02% RANGE:0.04% UP:12.5% SPREAD:0.00667289% BID:1.4986 ASK:1.4987 MID:1.49865 P1:1.49865 P2:1.49865 P3:1.49865 P4:1.49865 STATE:IDLE
[2026-05-14 17:49:33Z] CHK MOM:-0.02% RANGE:0.04% UP:13.33% SPREAD:0.00667289% BID:1.4986 ASK:1.4987 MID:1.49865 P1:1.49865 P2:1.49865 P3:1.49865 P4:1.49865 STATE:IDLE
[2026-05-14 17:49:34Z] CHK MOM:-0.03% RANGE:0.04% UP:6.66% SPREAD:0.00667289% BID:1.4986 ASK:1.4987 MID:1.49865 P1:1.49865 P2:1.49865 P3:1.49865 P4:1.49865 STATE:IDLE
[2026-05-14 17:49:34Z] CHK MOM:-0.03% RANGE:0.04% UP:6.66% SPREAD:0.00667289% BID:1.4986 ASK:1.4987 MID:1.49865 P1:1.49865 P2:1.49865 P3:1.49865 P4:1.49865 STATE:IDLE
[2026-05-14 17:49:35Z] CHK MOM:-0.03% RANGE:0.04% UP:6.66% SPREAD:0.00667289% BID:1.4986 ASK:1.4987 MID:1.49865 P1:1.49865 P2:1.49865 P3:1.49865 P4:1.49865 STATE:IDLE
[2026-05-14 17:49:35Z] CHK MOM:-0.07% RANGE:0.07% UP:0% SPREAD:0.00667556% BID:1.498 ASK:1.4981 MID:1.49805 P1:1.49805 P2:1.49865 P3:1.49865 P4:1.49865 STATE:IDLE
[2026-05-14 17:49:36Z] CHK MOM:-0.07% RANGE:0.07% UP:0% SPREAD:0.00667556% BID:1.498 ASK:1.4981 MID:1.49805 P1:1.49805 P2:1.49805 P3:1.49865 P4:1.49865 STATE:IDLE
[2026-05-14 17:49:37Z] CHK MOM:-0.05% RANGE:0.05% UP:0% SPREAD:0.00667645% BID:1.4978 ASK:1.4979 MID:1.49785 P1:1.49785 P2:1.49805 P3:1.49805 P4:1.49865 STATE:IDLE
[2026-05-14 17:49:37Z] CHK MOM:-0.05% RANGE:0.05% UP:0% SPREAD:0.00667645% BID:1.4978 ASK:1.4979 MID:1.49785 P1:1.49785 P2:1.49785 P3:1.49805 P4:1.49805 STATE:IDLE
[2026-05-14 17:49:38Z] CHK MOM:-0.05% RANGE:0.05% UP:0% SPREAD:0.00667645% BID:1.4978 ASK:1.4979 MID:1.49785 P1:1.49785 P2:1.49785 P3:1.49785 P4:1.49805 STATE:IDLE
[2026-05-14 17:49:38Z] CHK MOM:-0.05% RANGE:0.05% UP:0% SPREAD:0.00667645% BID:1.4978 ASK:1.4979 MID:1.49785 P1:1.49785 P2:1.49785 P3:1.49785 P4:1.49805 STATE:IDLE
[2026-05-14 17:49:39Z] CHK MOM:-0.05% RANGE:0.05% UP:0% SPREAD:0.00667645% BID:1.4978 ASK:1.4979 MID:1.49785 P1:1.49785 P2:1.49785 P3:1.49785 P4:1.49805 STATE:IDLE
[2026-05-14 17:49:39Z] CHK MOM:-0.05% RANGE:0.05% UP:0% SPREAD:0.00667645% BID:1.4978 ASK:1.4979 MID:1.49785 P1:1.49785 P2:1.49785 P3:1.49785 P4:1.49785 STATE:IDLE
[2026-05-14 17:49:40Z] CHK MOM:-0.05% RANGE:0.05% UP:0% SPREAD:0.00667645% BID:1.4978 ASK:1.4979 MID:1.49785 P1:1.49785 P2:1.49785 P3:1.49785 P4:1.49785 STATE:IDLE
[2026-05-14 17:49:40Z] CHK MOM:-0.05% RANGE:0.05% UP:0% SPREAD:0.00667645% BID:1.4978 ASK:1.4979 MID:1.49785 P1:1.49785 P2:1.49785 P3:1.49785 P4:1.49785 STATE:IDLE
[2026-05-14 17:49:41Z] CHK MOM:-0.04% RANGE:0.05% UP:7.69% SPREAD:0.00667556% BID:1.498 ASK:1.4981 MID:1.49805 P1:1.49805 P2:1.49785 P3:1.49785 P4:1.49785 STATE:IDLE
[2026-05-14 17:49:42Z] CHK MOM:-0.01% RANGE:0.05% UP:15.38% SPREAD:0.00667378% BID:1.4984 ASK:1.4985 MID:1.49845 P1:1.49845 P2:1.49805 P3:1.49785 P4:1.49785 STATE:IDLE
[2026-05-14 17:49:42Z] CHK MOM:-0.03% RANGE:0.05% UP:15.38% SPREAD:0.00667512% BID:1.4981 ASK:1.4982 MID:1.49814999 P1:1.49814999 P2:1.49845 P3:1.49805 P4:1.49785 STATE:IDLE
[2026-05-14 17:49:43Z] CHK MOM:-0.04% RANGE:0.05% UP:14.28% SPREAD:0.00667556% BID:1.498 ASK:1.4981 MID:1.49805 P1:1.49805 P2:1.49814999 P3:1.49845 P4:1.49805 STATE:IDLE
[2026-05-14 17:49:43Z] CHK MOM:-0.04% RANGE:0.05% UP:14.28% SPREAD:0.00667556% BID:1.498 ASK:1.4981 MID:1.49805 P1:1.49805 P2:1.49814999 P3:1.49845 P4:1.49805 STATE:IDLE
[2026-05-14 17:49:44Z] CHK MOM:-0.04% RANGE:0.05% UP:14.28% SPREAD:0.00667556% BID:1.498 ASK:1.4981 MID:1.49805 P1:1.49805 P2:1.49814999 P3:1.49845 P4:1.49805 STATE:IDLE
[2026-05-14 17:49:44Z] CHK MOM:-0.06% RANGE:0.06% UP:15.38% SPREAD:0.0066769% BID:1.4977 ASK:1.4978 MID:1.49775 P1:1.49775 P2:1.49805 P3:1.49814999 P4:1.49845 STATE:IDLE
[2026-05-14 17:49:45Z] CHK MOM:-0.06% RANGE:0.06% UP:14.28% SPREAD:0.0066769% BID:1.4977 ASK:1.4978 MID:1.49775 P1:1.49775 P2:1.49775 P3:1.49805 P4:1.49814999 STATE:IDLE
[2026-05-14 17:49:45Z] CHK MOM:-0.06% RANGE:0.06% UP:13.33% SPREAD:0.0066769% BID:1.4977 ASK:1.4978 MID:1.49775 P1:1.49775 P2:1.49775 P3:1.49775 P4:1.49805 STATE:IDLE
[2026-05-14 17:49:46Z] CHK MOM:-0.07% RANGE:0.07% UP:13.33% SPREAD:0.00667779% BID:1.4975 ASK:1.4976 MID:1.49755 P1:1.49755 P2:1.49775 P3:1.49775 P4:1.49775 STATE:IDLE
[2026-05-14 17:49:46Z] CHK MOM:0% RANGE:0.06% UP:20% SPREAD:0.00667601% BID:1.4979 ASK:1.498 MID:1.49795 P1:1.49795 P2:1.49755 P3:1.49775 P4:1.49775 STATE:IDLE
[2026-05-14 17:49:47Z] CHK MOM:0% RANGE:0.06% UP:20% SPREAD:0.00667601% BID:1.4979 ASK:1.498 MID:1.49795 P1:1.49795 P2:1.49755 P3:1.49775 P4:1.49775 STATE:IDLE
[2026-05-14 17:49:48Z] CHK MOM:-0.02% RANGE:0.06% UP:20% SPREAD:0.0066769% BID:1.4977 ASK:1.4978 MID:1.49775 P1:1.49775 P2:1.49795 P3:1.49755 P4:1.49775 STATE:IDLE
[2026-05-14 17:49:48Z] CHK MOM:-0.02% RANGE:0.06% UP:20% SPREAD:0.00667779% BID:1.4975 ASK:1.4976 MID:1.49755 P1:1.49755 P2:1.49775 P3:1.49795 P4:1.49755 STATE:IDLE
[2026-05-14 17:49:49Z] CHK MOM:-0.03% RANGE:0.07% UP:20% SPREAD:0.00667868% BID:1.4973 ASK:1.4974 MID:1.49735 P1:1.49735 P2:1.49755 P3:1.49775 P4:1.49795 STATE:IDLE
[2026-05-14 17:49:49Z] CHK MOM:0% RANGE:0.07% UP:26.66% SPREAD:0.00667645% BID:1.4978 ASK:1.4979 MID:1.49785 P1:1.49785 P2:1.49735 P3:1.49755 P4:1.49775 STATE:IDLE
[2026-05-14 17:49:50Z] CHK MOM:0% RANGE:0.07% UP:25% SPREAD:0.0066769% BID:1.4977 ASK:1.4978 MID:1.49775 P1:1.49775 P2:1.49785 P3:1.49735 P4:1.49755 STATE:IDLE
[2026-05-14 17:49:50Z] CHK MOM:0% RANGE:0.07% UP:25% SPREAD:0.0066769% BID:1.4977 ASK:1.4978 MID:1.49775 P1:1.49775 P2:1.49775 P3:1.49785 P4:1.49735 STATE:IDLE
[2026-05-14 17:49:51Z] CHK MOM:0% RANGE:0.07% UP:23.52% SPREAD:0.0066769% BID:1.4977 ASK:1.4978 MID:1.49775 P1:1.49775 P2:1.49775 P3:1.49775 P4:1.49785 STATE:IDLE
[2026-05-14 17:49:51Z] CHK MOM:0% RANGE:0.07% UP:22.22% SPREAD:0.0066769% BID:1.4977 ASK:1.4978 MID:1.49775 P1:1.49775 P2:1.49775 P3:1.49775 P4:1.49775 STATE:IDLE
[2026-05-14 17:49:52Z] CHK MOM:0% RANGE:0.07% UP:27.77% SPREAD:0.00667645% BID:1.4978 ASK:1.4979 MID:1.49785 P1:1.49785 P2:1.49775 P3:1.49775 P4:1.49775 STATE:IDLE
[2026-05-14 17:49:53Z] CHK MOM:-0.01% RANGE:0.07% UP:22.22% SPREAD:0.00667645% BID:1.4978 ASK:1.4979 MID:1.49785 P1:1.49785 P2:1.49785 P3:1.49775 P4:1.49775 STATE:IDLE
[2026-05-14 17:49:53Z] CHK MOM:-0.02% RANGE:0.05% UP:17.64% SPREAD:0.0066769% BID:1.4977 ASK:1.4978 MID:1.49775 P1:1.49775 P2:1.49785 P3:1.49785 P4:1.49775 STATE:IDLE
[2026-05-14 17:49:54Z] CHK MOM:-0.02% RANGE:0.05% UP:16.66% SPREAD:0.0066769% BID:1.4977 ASK:1.4978 MID:1.49775 P1:1.49775 P2:1.49775 P3:1.49785 P4:1.49785 STATE:IDLE
[2026-05-14 17:49:54Z] CHK MOM:-0.02% RANGE:0.05% UP:21.05% SPREAD:0.00667645% BID:1.4978 ASK:1.4979 MID:1.49785 P1:1.49785 P2:1.49775 P3:1.49775 P4:1.49785 STATE:IDLE
[2026-05-14 17:49:55Z] CHK MOM:-0.02% RANGE:0.05% UP:21.05% SPREAD:0.00667645% BID:1.4978 ASK:1.4979 MID:1.49785 P1:1.49785 P2:1.49775 P3:1.49775 P4:1.49785 STATE:IDLE
[2026-05-14 17:49:55Z] CHK MOM:0.01% RANGE:0.04% UP:27.77% SPREAD:0.00667601% BID:1.4979 ASK:1.498 MID:1.49795 P1:1.49795 P2:1.49785 P3:1.49775 P4:1.49775 STATE:IDLE
[2026-05-14 17:49:56Z] CHK MOM:0.01% RANGE:0.04% UP:27.77% SPREAD:0.00667601% BID:1.4979 ASK:1.498 MID:1.49795 P1:1.49795 P2:1.49785 P3:1.49775 P4:1.49775 STATE:IDLE
[2026-05-14 17:49:56Z] CHK MOM:0.01% RANGE:0.04% UP:27.77% SPREAD:0.00667601% BID:1.4979 ASK:1.498 MID:1.49795 P1:1.49795 P2:1.49785 P3:1.49775 P4:1.49775 STATE:IDLE
[2026-05-14 17:49:57Z] CHK MOM:0.01% RANGE:0.04% UP:29.41% SPREAD:0.00667601% BID:1.4979 ASK:1.498 MID:1.49795 P1:1.49795 P2:1.49795 P3:1.49785 P4:1.49775 STATE:IDLE
[2026-05-14 17:49:57Z] CHK MOM:0.02% RANGE:0.04% UP:29.41% SPREAD:0.00667601% BID:1.4979 ASK:1.498 MID:1.49795 P1:1.49795 P2:1.49795 P3:1.49795 P4:1.49785 STATE:IDLE
[2026-05-14 17:49:58Z] CHK MOM:0% RANGE:0.04% UP:23.52% SPREAD:0.00667601% BID:1.4979 ASK:1.498 MID:1.49795 P1:1.49795 P2:1.49795 P3:1.49795 P4:1.49795 STATE:IDLE
[2026-05-14 17:49:59Z] CHK MOM:0.01% RANGE:0.04% UP:23.52% SPREAD:0.00667601% BID:1.4979 ASK:1.498 MID:1.49795 P1:1.49795 P2:1.49795 P3:1.49795 P4:1.49795 STATE:IDLE
[2026-05-14 17:49:59Z] CHK MOM:0.01% RANGE:0.04% UP:22.22% SPREAD:0.00667601% BID:1.4979 ASK:1.498 MID:1.49795 P1:1.49795 P2:1.49795 P3:1.49795 P4:1.49795 STATE:IDLE
[2026-05-14 17:50:00Z] CHK MOM:0.02% RANGE:0.04% UP:22.22% SPREAD:0.00667601% BID:1.4979 ASK:1.498 MID:1.49795 P1:1.49795 P2:1.49795 P3:1.49795 P4:1.49795 STATE:IDLE
[2026-05-14 17:50:00Z] CHK MOM:0.04% RANGE:0.04% UP:22.22% SPREAD:0.00667601% BID:1.4979 ASK:1.498 MID:1.49795 P1:1.49795 P2:1.49795 P3:1.49795 P4:1.49795 STATE:IDLE
[2026-05-14 17:50:01Z] CHK MOM:0.06% RANGE:0.06% UP:26.31% SPREAD:0.00667423% BID:1.4983 ASK:1.4984 MID:1.49834999 P1:1.49834999 P2:1.49795 P3:1.49795 P4:1.49795 STATE:IDLE
[2026-05-14 17:50:01Z] CHK MOM:0.06% RANGE:0.06% UP:26.31% SPREAD:0.00667423% BID:1.4983 ASK:1.4984 MID:1.49834999 P1:1.49834999 P2:1.49795 P3:1.49795 P4:1.49795 STATE:IDLE
[2026-05-14 17:50:02Z] CHK MOM:0.04% RANGE:0.04% UP:23.52% SPREAD:0.00667423% BID:1.4983 ASK:1.4984 MID:1.49834999 P1:1.49834999 P2:1.49834999 P3:1.49795 P4:1.49795 STATE:IDLE
[2026-05-14 17:50:02Z] CHK MOM:0.04% RANGE:0.04% UP:27.77% SPREAD:0.00667378% BID:1.4984 ASK:1.4985 MID:1.49845 P1:1.49845 P2:1.49834999 P3:1.49834999 P4:1.49795 STATE:IDLE
[2026-05-14 17:50:03Z] CHK MOM:0.04% RANGE:0.04% UP:29.41% SPREAD:0.00667378% BID:1.4984 ASK:1.4985 MID:1.49845 P1:1.49845 P2:1.49845 P3:1.49834999 P4:1.49834999 STATE:IDLE
[2026-05-14 17:50:04Z] CHK MOM:0.04% RANGE:0.04% UP:27.77% SPREAD:0.00667378% BID:1.4984 ASK:1.4985 MID:1.49845 P1:1.49845 P2:1.49845 P3:1.49845 P4:1.49834999 STATE:IDLE
[2026-05-14 17:50:04Z] CHK MOM:0.02% RANGE:0.04% UP:25% SPREAD:0.00667556% BID:1.498 ASK:1.4981 MID:1.49805 P1:1.49805 P2:1.49845 P3:1.49845 P4:1.49845 STATE:IDLE
[2026-05-14 17:50:05Z] CHK MOM:0.02% RANGE:0.04% UP:23.52% SPREAD:0.00667556% BID:1.498 ASK:1.4981 MID:1.49805 P1:1.49805 P2:1.49805 P3:1.49845 P4:1.49845 STATE:IDLE
[2026-05-14 17:50:05Z] CHK MOM:0.02% RANGE:0.04% UP:22.22% SPREAD:0.00667556% BID:1.498 ASK:1.4981 MID:1.49805 P1:1.49805 P2:1.49805 P3:1.49805 P4:1.49845 STATE:IDLE
[2026-05-14 17:50:06Z] CHK MOM:0.01% RANGE:0.04% UP:17.64% SPREAD:0.00667556% BID:1.498 ASK:1.4981 MID:1.49805 P1:1.49805 P2:1.49805 P3:1.49805 P4:1.49805 STATE:IDLE
[2026-05-14 17:50:06Z] CHK MOM:0% RANGE:0.03% UP:11.76% SPREAD:0.00667556% BID:1.498 ASK:1.4981 MID:1.49805 P1:1.49805 P2:1.49805 P3:1.49805 P4:1.49805 STATE:IDLE
[2026-05-14 17:50:07Z] CHK MOM:0% RANGE:0.03% UP:11.11% SPREAD:0.00667556% BID:1.498 ASK:1.4981 MID:1.49805 P1:1.49805 P2:1.49805 P3:1.49805 P4:1.49805 STATE:IDLE
[2026-05-14 17:50:07Z] CHK MOM:0% RANGE:0.03% UP:10.52% SPREAD:0.00667556% BID:1.498 ASK:1.4981 MID:1.49805 P1:1.49805 P2:1.49805 P3:1.49805 P4:1.49805 STATE:IDLE
[2026-05-14 17:50:08Z] CHK MOM:0% RANGE:0.03% UP:10.52% SPREAD:0.00667556% BID:1.498 ASK:1.4981 MID:1.49805 P1:1.49805 P2:1.49805 P3:1.49805 P4:1.49805 STATE:IDLE
[2026-05-14 17:50:09Z] CHK MOM:0% RANGE:0.03% UP:10.52% SPREAD:0.00667556% BID:1.498 ASK:1.4981 MID:1.49805 P1:1.49805 P2:1.49805 P3:1.49805 P4:1.49805 STATE:IDLE
[2026-05-14 17:50:09Z] CHK MOM:0% RANGE:0.04% UP:10% SPREAD:0.00667645% BID:1.4978 ASK:1.4979 MID:1.49785 P1:1.49785 P2:1.49805 P3:1.49805 P4:1.49805 STATE:IDLE
[2026-05-14 17:50:10Z] CHK MOM:0% RANGE:0.04% UP:11.11% SPREAD:0.00667645% BID:1.4978 ASK:1.4979 MID:1.49785 P1:1.49785 P2:1.49785 P3:1.49805 P4:1.49805 STATE:IDLE
[2026-05-14 17:50:10Z] CHK MOM:-0.03% RANGE:0.06% UP:10.52% SPREAD:0.00667824% BID:1.4974 ASK:1.4975 MID:1.49745 P1:1.49745 P2:1.49785 P3:1.49785 P4:1.49805 STATE:IDLE
[2026-05-14 17:50:11Z] CHK MOM:-0.03% RANGE:0.06% UP:10.52% SPREAD:0.00667824% BID:1.4974 ASK:1.4975 MID:1.49745 P1:1.49745 P2:1.49745 P3:1.49785 P4:1.49785 STATE:IDLE
[2026-05-14 17:50:11Z] CHK MOM:-0.04% RANGE:0.07% UP:10.52% SPREAD:0.00667868% BID:1.4973 ASK:1.4974 MID:1.49735 P1:1.49735 P2:1.49745 P3:1.49745 P4:1.49785 STATE:IDLE
[2026-05-14 17:50:12Z] CHK MOM:-0.02% RANGE:0.07% UP:15.78% SPREAD:0.00667779% BID:1.4975 ASK:1.4976 MID:1.49755 P1:1.49755 P2:1.49735 P3:1.49745 P4:1.49745 STATE:IDLE
[2026-05-14 17:50:12Z] CHK MOM:-0.02% RANGE:0.07% UP:15% SPREAD:0.00667779% BID:1.4975 ASK:1.4976 MID:1.49755 P1:1.49755 P2:1.49755 P3:1.49735 P4:1.49745 STATE:IDLE
[2026-05-14 17:50:13Z] CHK MOM:-0.05% RANGE:0.07% UP:10.52% SPREAD:0.00667779% BID:1.4975 ASK:1.4976 MID:1.49755 P1:1.49755 P2:1.49755 P3:1.49755 P4:1.49735 STATE:IDLE
[2026-05-14 17:50:13Z] CHK MOM:-0.05% RANGE:0.07% UP:10% SPREAD:0.00667779% BID:1.4975 ASK:1.4976 MID:1.49755 P1:1.49755 P2:1.49755 P3:1.49755 P4:1.49755 STATE:IDLE
[2026-05-14 17:50:14Z] CHK MOM:-0.06% RANGE:0.07% UP:9.52% SPREAD:0.00667824% BID:1.4974 ASK:1.4975 MID:1.49745 P1:1.49745 P2:1.49755 P3:1.49755 P4:1.49755 STATE:IDLE
[2026-05-14 17:50:15Z] CHK MOM:-0.07% RANGE:0.07% UP:5% SPREAD:0.00667868% BID:1.4973 ASK:1.4974 MID:1.49735 P1:1.49735 P2:1.49745 P3:1.49755 P4:1.49755 STATE:IDLE
[2026-05-14 17:50:15Z] CHK MOM:-0.05% RANGE:0.05% UP:5.26% SPREAD:0.00667913% BID:1.4972 ASK:1.4973 MID:1.49725 P1:1.49725 P2:1.49735 P3:1.49745 P4:1.49755 STATE:IDLE
[2026-05-14 17:50:16Z] CHK MOM:-0.06% RANGE:0.06% UP:5% SPREAD:0.00668002% BID:1.497 ASK:1.4971 MID:1.49705 P1:1.49705 P2:1.49725 P3:1.49735 P4:1.49745 STATE:IDLE
[2026-05-14 18:04:39Z] SESSION_START symbol=XRPUSDC dry_run=0 profile=major strategy=momentum base_url=https://api.binance.com
[2026-05-14 18:04:39Z] TOXIC_MEMORY_LOADED count=6 symbols=GUNUSDC,JTOUSDC,ORDIUSDC,PENDLEUSDC,SAHARAUSDC,TONUSDC
[2026-05-14 18:04:40Z] CHK MOM:0% RANGE:0% UP:0% SPREAD:0.006706% BID:1.4912 ASK:1.4913 MID:1.49125 P1:1.49125 P2:NA P3:NA P4:NA STATE:IDLE
[2026-05-14 18:04:40Z] CHK MOM:0% RANGE:0% UP:0% SPREAD:0.006706% BID:1.4912 ASK:1.4913 MID:1.49125 P1:1.49125 P2:NA P3:NA P4:NA STATE:IDLE
[2026-05-14 18:04:41Z] CHK MOM:0% RANGE:0% UP:0% SPREAD:0.006706% BID:1.4912 ASK:1.4913 MID:1.49125 P1:1.49125 P2:1.49125 P3:NA P4:NA STATE:IDLE
[2026-05-14 18:04:41Z] CHK MOM:0.01% RANGE:0.01% UP:50% SPREAD:0.0067051% BID:1.4914 ASK:1.4915 MID:1.49145 P1:1.49145 P2:1.49125 P3:1.49125 P4:NA STATE:IDLE
[2026-05-14 18:04:42Z] CHK MOM:0.01% RANGE:0.01% UP:33.33% SPREAD:0.0067051% BID:1.4914 ASK:1.4915 MID:1.49145 P1:1.49145 P2:1.49145 P3:1.49125 P4:1.49125 STATE:IDLE
[2026-05-14 18:04:42Z] CHK MOM:0.01% RANGE:0.01% UP:33.33% SPREAD:0.0067051% BID:1.4914 ASK:1.4915 MID:1.49145 P1:1.49145 P2:1.49145 P3:1.49125 P4:1.49125 STATE:IDLE
[2026-05-14 18:04:43Z] CHK MOM:0.01% RANGE:0.01% UP:33.33% SPREAD:0.0067051% BID:1.4914 ASK:1.4915 MID:1.49145 P1:1.49145 P2:1.49145 P3:1.49125 P4:1.49125 STATE:IDLE
[2026-05-14 18:04:43Z] CHK MOM:0.01% RANGE:0.01% UP:25% SPREAD:0.0067051% BID:1.4914 ASK:1.4915 MID:1.49145 P1:1.49145 P2:1.49145 P3:1.49145 P4:1.49125 STATE:IDLE
[2026-05-14 18:04:44Z] CHK MOM:0.01% RANGE:0.01% UP:20% SPREAD:0.0067051% BID:1.4914 ASK:1.4915 MID:1.49145 P1:1.49145 P2:1.49145 P3:1.49145 P4:1.49145 STATE:IDLE
[2026-05-14 18:04:44Z] CHK MOM:0.01% RANGE:0.01% UP:16.66% SPREAD:0.0067051% BID:1.4914 ASK:1.4915 MID:1.49145 P1:1.49145 P2:1.49145 P3:1.49145 P4:1.49145 STATE:IDLE
[2026-05-14 18:04:45Z] CHK MOM:0.01% RANGE:0.01% UP:16.66% SPREAD:0.0067051% BID:1.4914 ASK:1.4915 MID:1.49145 P1:1.49145 P2:1.49145 P3:1.49145 P4:1.49145 STATE:IDLE
[2026-05-14 18:04:46Z] CHK MOM:0.01% RANGE:0.01% UP:14.28% SPREAD:0.0067051% BID:1.4914 ASK:1.4915 MID:1.49145 P1:1.49145 P2:1.49145 P3:1.49145 P4:1.49145 STATE:IDLE
[2026-05-14 18:04:46Z] CHK MOM:0.01% RANGE:0.01% UP:14.28% SPREAD:0.0067051% BID:1.4914 ASK:1.4915 MID:1.49145 P1:1.49145 P2:1.49145 P3:1.49145 P4:1.49145 STATE:IDLE
[2026-05-14 18:04:47Z] CHK MOM:0.01% RANGE:0.01% UP:12.5% SPREAD:0.0067051% BID:1.4914 ASK:1.4915 MID:1.49145 P1:1.49145 P2:1.49145 P3:1.49145 P4:1.49145 STATE:IDLE
[2026-05-14 18:04:47Z] CHK MOM:0.01% RANGE:0.01% UP:12.5% SPREAD:0.0067051% BID:1.4914 ASK:1.4915 MID:1.49145 P1:1.49145 P2:1.49145 P3:1.49145 P4:1.49145 STATE:IDLE
[2026-05-14 18:04:48Z] CHK MOM:0.01% RANGE:0.01% UP:11.11% SPREAD:0.0067051% BID:1.4914 ASK:1.4915 MID:1.49145 P1:1.49145 P2:1.49145 P3:1.49145 P4:1.49145 STATE:IDLE
[2026-05-14 18:04:48Z] CHK MOM:0.01% RANGE:0.01% UP:10% SPREAD:0.0067051% BID:1.4914 ASK:1.4915 MID:1.49145 P1:1.49145 P2:1.49145 P3:1.49145 P4:1.49145 STATE:IDLE
[2026-05-14 18:04:49Z] CHK MOM:0.02% RANGE:0.02% UP:18.18% SPREAD:0.00670465% BID:1.4915 ASK:1.4916 MID:1.49155 P1:1.49155 P2:1.49145 P3:1.49145 P4:1.49145 STATE:IDLE
[2026-05-14 18:04:49Z] CHK MOM:0.02% RANGE:0.02% UP:16.66% SPREAD:0.00670465% BID:1.4915 ASK:1.4916 MID:1.49155 P1:1.49155 P2:1.49155 P3:1.49145 P4:1.49145 STATE:IDLE
[2026-05-14 18:04:50Z] CHK MOM:0.02% RANGE:0.02% UP:15.38% SPREAD:0.00670465% BID:1.4915 ASK:1.4916 MID:1.49155 P1:1.49155 P2:1.49155 P3:1.49155 P4:1.49145 STATE:IDLE
[2026-05-14 18:04:51Z] CHK MOM:0.02% RANGE:0.02% UP:14.28% SPREAD:0.00670465% BID:1.4915 ASK:1.4916 MID:1.49155 P1:1.49155 P2:1.49155 P3:1.49155 P4:1.49155 STATE:IDLE
[2026-05-14 18:04:51Z] CHK MOM:0.06% RANGE:0.06% UP:20% SPREAD:0.00670196% BID:1.4921 ASK:1.4922 MID:1.49215 P1:1.49215 P2:1.49155 P3:1.49155 P4:1.49155 STATE:IDLE
[2026-05-14 18:04:52Z] CHK MOM:0.06% RANGE:0.06% UP:26.66% SPREAD:0.00670151% BID:1.4922 ASK:1.4923 MID:1.49224999 P1:1.49224999 P2:1.49215 P3:1.49155 P4:1.49155 STATE:IDLE
[2026-05-14 18:04:52Z] CHK MOM:0.06% RANGE:0.06% UP:25% SPREAD:0.00670196% BID:1.4921 ASK:1.4922 MID:1.49215 P1:1.49215 P2:1.49224999 P3:1.49215 P4:1.49155 STATE:IDLE
[2026-05-14 18:04:53Z] CHK MOM:0.06% RANGE:0.06% UP:25% SPREAD:0.00670196% BID:1.4921 ASK:1.4922 MID:1.49215 P1:1.49215 P2:1.49224999 P3:1.49215 P4:1.49155 STATE:IDLE
[2026-05-14 18:04:53Z] CHK MOM:0.06% RANGE:0.06% UP:25% SPREAD:0.00670196% BID:1.4921 ASK:1.4922 MID:1.49215 P1:1.49215 P2:1.49224999 P3:1.49215 P4:1.49155 STATE:IDLE
[2026-05-14 18:04:54Z] CHK MOM:0.06% RANGE:0.06% UP:25% SPREAD:0.00670196% BID:1.4921 ASK:1.4922 MID:1.49215 P1:1.49215 P2:1.49224999 P3:1.49215 P4:1.49155 STATE:IDLE
[2026-05-14 18:04:54Z] CHK MOM:0.06% RANGE:0.06% UP:25% SPREAD:0.00670196% BID:1.4921 ASK:1.4922 MID:1.49215 P1:1.49215 P2:1.49224999 P3:1.49215 P4:1.49155 STATE:IDLE
[2026-05-14 18:04:55Z] CHK MOM:0.04% RANGE:0.05% UP:21.42% SPREAD:0.00670196% BID:1.4921 ASK:1.4922 MID:1.49215 P1:1.49215 P2:1.49215 P3:1.49224999 P4:1.49215 STATE:IDLE
[2026-05-14 18:04:55Z] CHK MOM:0% RANGE:0.05% UP:21.42% SPREAD:0.0067051% BID:1.4914 ASK:1.4915 MID:1.49145 P1:1.49145 P2:1.49215 P3:1.49215 P4:1.49224999 STATE:IDLE
[2026-05-14 18:04:56Z] CHK MOM:0% RANGE:0.05% UP:21.42% SPREAD:0.0067051% BID:1.4914 ASK:1.4915 MID:1.49145 P1:1.49145 P2:1.49145 P3:1.49215 P4:1.49215 STATE:IDLE
[2026-05-14 18:04:57Z] CHK MOM:0% RANGE:0.05% UP:21.42% SPREAD:0.0067051% BID:1.4914 ASK:1.4915 MID:1.49145 P1:1.49145 P2:1.49145 P3:1.49145 P4:1.49215 STATE:IDLE
[2026-05-14 18:04:57Z] CHK MOM:0% RANGE:0.05% UP:21.42% SPREAD:0.0067051% BID:1.4914 ASK:1.4915 MID:1.49145 P1:1.49145 P2:1.49145 P3:1.49145 P4:1.49145 STATE:IDLE
[2026-05-14 18:04:58Z] CHK MOM:0% RANGE:0.05% UP:26.66% SPREAD:0.00670465% BID:1.4915 ASK:1.4916 MID:1.49155 P1:1.49155 P2:1.49145 P3:1.49145 P4:1.49145 STATE:IDLE
[2026-05-14 18:04:58Z] CHK MOM:0% RANGE:0.05% UP:25% SPREAD:0.00670465% BID:1.4915 ASK:1.4916 MID:1.49155 P1:1.49155 P2:1.49155 P3:1.49145 P4:1.49145 STATE:IDLE
[2026-05-14 18:04:59Z] CHK MOM:0% RANGE:0.05% UP:23.52% SPREAD:0.00670465% BID:1.4915 ASK:1.4916 MID:1.49155 P1:1.49155 P2:1.49155 P3:1.49155 P4:1.49145 STATE:IDLE
[2026-05-14 18:04:59Z] CHK MOM:0% RANGE:0.05% UP:23.52% SPREAD:0.00670465% BID:1.4915 ASK:1.4916 MID:1.49155 P1:1.49155 P2:1.49155 P3:1.49155 P4:1.49155 STATE:IDLE
[2026-05-14 18:05:00Z] CHK MOM:0% RANGE:0.05% UP:22.22% SPREAD:0.00670465% BID:1.4915 ASK:1.4916 MID:1.49155 P1:1.49155 P2:1.49155 P3:1.49155 P4:1.49155 STATE:IDLE
[2026-05-14 18:05:00Z] CHK MOM:0% RANGE:0.05% UP:17.64% SPREAD:0.00670465% BID:1.4915 ASK:1.4916 MID:1.49155 P1:1.49155 P2:1.49155 P3:1.49155 P4:1.49155 STATE:IDLE
[2026-05-14 18:05:01Z] CHK MOM:0% RANGE:0.05% UP:16.66% SPREAD:0.00670465% BID:1.4915 ASK:1.4916 MID:1.49155 P1:1.49155 P2:1.49155 P3:1.49155 P4:1.49155 STATE:IDLE
[2026-05-14 18:05:02Z] CHK MOM:0% RANGE:0.05% UP:16.66% SPREAD:0.00670465% BID:1.4915 ASK:1.4916 MID:1.49155 P1:1.49155 P2:1.49155 P3:1.49155 P4:1.49155 STATE:IDLE
[2026-05-14 18:05:03Z] CHK MOM:0% RANGE:0.05% UP:18.75% SPREAD:0.00670241% BID:1.492 ASK:1.4921 MID:1.49204999 P1:1.49204999 P2:1.49155 P3:1.49155 P4:1.49155 STATE:IDLE
[2026-05-14 18:05:03Z] CHK MOM:0% RANGE:0.05% UP:18.75% SPREAD:0.00670196% BID:1.4921 ASK:1.4922 MID:1.49215 P1:1.49215 P2:1.49204999 P3:1.49155 P4:1.49155 STATE:IDLE
[2026-05-14 18:05:04Z] CHK MOM:0% RANGE:0.05% UP:23.52% SPREAD:0.00670151% BID:1.4922 ASK:1.4923 MID:1.49224999 P1:1.49224999 P2:1.49215 P3:1.49204999 P4:1.49155 STATE:IDLE
[2026-05-14 18:05:04Z] CHK MOM:0% RANGE:0.05% UP:23.52% SPREAD:0.00670151% BID:1.4922 ASK:1.4923 MID:1.49224999 P1:1.49224999 P2:1.49224999 P3:1.49215 P4:1.49204999 STATE:IDLE
[2026-05-14 18:05:05Z] CHK MOM:0% RANGE:0.05% UP:23.52% SPREAD:0.00670151% BID:1.4922 ASK:1.4923 MID:1.49224999 P1:1.49224999 P2:1.49224999 P3:1.49215 P4:1.49204999 STATE:IDLE
[2026-05-14 18:05:05Z] CHK MOM:0% RANGE:0.05% UP:23.52% SPREAD:0.00670151% BID:1.4922 ASK:1.4923 MID:1.49224999 P1:1.49224999 P2:1.49224999 P3:1.49224999 P4:1.49215 STATE:IDLE
[2026-05-14 18:05:06Z] CHK MOM:0% RANGE:0.05% UP:23.52% SPREAD:0.00670151% BID:1.4922 ASK:1.4923 MID:1.49224999 P1:1.49224999 P2:1.49224999 P3:1.49224999 P4:1.49215 STATE:IDLE
[2026-05-14 18:05:06Z] CHK MOM:0% RANGE:0.05% UP:22.22% SPREAD:0.00670151% BID:1.4922 ASK:1.4923 MID:1.49224999 P1:1.49224999 P2:1.49224999 P3:1.49224999 P4:1.49224999 STATE:IDLE
[2026-05-14 18:05:07Z] CHK MOM:0.01% RANGE:0.06% UP:26.31% SPREAD:0.00670106% BID:1.4923 ASK:1.4924 MID:1.49235 P1:1.49235 P2:1.49224999 P3:1.49224999 P4:1.49224999 STATE:IDLE
[2026-05-14 18:05:08Z] CHK MOM:0.08% RANGE:0.08% UP:31.57% SPREAD:0.00669971% BID:1.4926 ASK:1.4927 MID:1.49264999 P1:1.49264999 P2:1.49235 P3:1.49224999 P4:1.49224999 STATE:IDLE
[2026-05-14 18:05:08Z] CHK MOM:0.08% RANGE:0.08% UP:31.57% SPREAD:0.00669971% BID:1.4926 ASK:1.4927 MID:1.49264999 P1:1.49264999 P2:1.49235 P3:1.49224999 P4:1.49224999 STATE:IDLE
[2026-05-14 18:05:09Z] CHK MOM:0.08% RANGE:0.08% UP:35.29% SPREAD:0.00669971% BID:1.4926 ASK:1.4927 MID:1.49264999 P1:1.49264999 P2:1.49264999 P3:1.49235 P4:1.49224999 STATE:IDLE
[2026-05-14 18:05:09Z] CHK MOM:0.08% RANGE:0.08% UP:33.33% SPREAD:0.00669971% BID:1.4926 ASK:1.4927 MID:1.49264999 P1:1.49264999 P2:1.49264999 P3:1.49264999 P4:1.49235 STATE:IDLE
[2026-05-14 18:05:10Z] CHK MOM:0.08% RANGE:0.08% UP:33.33% SPREAD:0.00669971% BID:1.4926 ASK:1.4927 MID:1.49264999 P1:1.49264999 P2:1.49264999 P3:1.49264999 P4:1.49235 STATE:IDLE
[2026-05-14 18:05:10Z] CHK MOM:0.08% RANGE:0.08% UP:33.33% SPREAD:0.00669971% BID:1.4926 ASK:1.4927 MID:1.49264999 P1:1.49264999 P2:1.49264999 P3:1.49264999 P4:1.49235 STATE:IDLE
[2026-05-14 18:05:11Z] CHK MOM:0.07% RANGE:0.07% UP:31.25% SPREAD:0.00669971% BID:1.4926 ASK:1.4927 MID:1.49264999 P1:1.49264999 P2:1.49264999 P3:1.49264999 P4:1.49264999 STATE:IDLE
[2026-05-14 18:05:11Z] CHK MOM:0.07% RANGE:0.07% UP:33.33% SPREAD:0.00669971% BID:1.4926 ASK:1.4927 MID:1.49264999 P1:1.49264999 P2:1.49264999 P3:1.49264999 P4:1.49264999 STATE:IDLE
[2026-05-14 18:05:12Z] CHK MOM:0.07% RANGE:0.07% UP:33.33% SPREAD:0.00669971% BID:1.4926 ASK:1.4927 MID:1.49264999 P1:1.49264999 P2:1.49264999 P3:1.49264999 P4:1.49264999 STATE:IDLE
[2026-05-14 18:05:13Z] CHK MOM:0.07% RANGE:0.07% UP:33.33% SPREAD:0.00669971% BID:1.4926 ASK:1.4927 MID:1.49264999 P1:1.49264999 P2:1.49264999 P3:1.49264999 P4:1.49264999 STATE:IDLE
[2026-05-14 18:05:13Z] CHK MOM:-0.01% RANGE:0.05% UP:33.33% SPREAD:0.00670331% BID:1.4918 ASK:1.4919 MID:1.49185 P1:1.49185 P2:1.49264999 P3:1.49264999 P4:1.49264999 STATE:IDLE
[2026-05-14 18:05:14Z] CHK MOM:0% RANGE:0.05% UP:38.46% SPREAD:0.00670286% BID:1.4919 ASK:1.492 MID:1.49195 P1:1.49195 P2:1.49185 P3:1.49264999 P4:1.49264999 STATE:IDLE
[2026-05-14 18:05:14Z] CHK MOM:-0.04% RANGE:0.08% UP:35.71% SPREAD:0.00670555% BID:1.4913 ASK:1.4914 MID:1.49135 P1:1.49135 P2:1.49195 P3:1.49185 P4:1.49264999 STATE:IDLE
[2026-05-14 18:05:15Z] CHK MOM:-0.06% RANGE:0.1% UP:33.33% SPREAD:0.00670645% BID:1.4911 ASK:1.4912 MID:1.49115 P1:1.49115 P2:1.49135 P3:1.49195 P4:1.49185 STATE:IDLE
[2026-05-14 18:05:15Z] CHK MOM:-0.08% RANGE:0.1% UP:21.42% SPREAD:0.0067069% BID:1.491 ASK:1.4911 MID:1.49105 P1:1.49105 P2:1.49115 P3:1.49135 P4:1.49195 STATE:IDLE
[2026-05-14 18:05:16Z] CHK MOM:-0.08% RANGE:0.1% UP:20% SPREAD:0.0067069% BID:1.491 ASK:1.4911 MID:1.49105 P1:1.49105 P2:1.49105 P3:1.49115 P4:1.49135 STATE:IDLE
[2026-05-14 18:05:16Z] CHK MOM:-0.08% RANGE:0.1% UP:21.42% SPREAD:0.0067069% BID:1.491 ASK:1.4911 MID:1.49105 P1:1.49105 P2:1.49105 P3:1.49105 P4:1.49115 STATE:IDLE
[2026-05-14 18:05:17Z] CHK MOM:-0.08% RANGE:0.1% UP:21.42% SPREAD:0.0067069% BID:1.491 ASK:1.4911 MID:1.49105 P1:1.49105 P2:1.49105 P3:1.49105 P4:1.49115 STATE:IDLE
[2026-05-14 18:05:18Z] CHK MOM:-0.08% RANGE:0.11% UP:21.42% SPREAD:0.01341471% BID:1.4909 ASK:1.4911 MID:1.491 P1:1.491 P2:1.49105 P3:1.49105 P4:1.49105 STATE:IDLE
[2026-05-14 18:05:19Z] CHK MOM:-0.06% RANGE:0.11% UP:26.66% SPREAD:0.006706% BID:1.4912 ASK:1.4913 MID:1.49125 P1:1.49125 P2:1.491 P3:1.49105 P4:1.49105 STATE:IDLE
[2026-05-14 18:05:19Z] CHK MOM:-0.06% RANGE:0.11% UP:26.66% SPREAD:0.006706% BID:1.4912 ASK:1.4913 MID:1.49125 P1:1.49125 P2:1.491 P3:1.49105 P4:1.49105 STATE:IDLE
[2026-05-14 18:05:20Z] CHK MOM:-0.09% RANGE:0.11% UP:15.38% SPREAD:0.006706% BID:1.4912 ASK:1.4913 MID:1.49125 P1:1.49125 P2:1.49125 P3:1.491 P4:1.49105 STATE:IDLE
[2026-05-14 18:05:20Z] CHK MOM:-0.08% RANGE:0.11% UP:21.42% SPREAD:0.00670555% BID:1.4913 ASK:1.4914 MID:1.49135 P1:1.49135 P2:1.49125 P3:1.49125 P4:1.491 STATE:IDLE
[2026-05-14 18:05:21Z] CHK MOM:-0.08% RANGE:0.11% UP:26.66% SPREAD:0.0067051% BID:1.4914 ASK:1.4915 MID:1.49145 P1:1.49145 P2:1.49135 P3:1.49125 P4:1.49125 STATE:IDLE
[2026-05-14 18:05:21Z] CHK MOM:-0.08% RANGE:0.11% UP:26.66% SPREAD:0.0067051% BID:1.4914 ASK:1.4915 MID:1.49145 P1:1.49145 P2:1.49145 P3:1.49135 P4:1.49125 STATE:IDLE
[2026-05-14 18:05:22Z] CHK MOM:-0.08% RANGE:0.11% UP:26.66% SPREAD:0.0067051% BID:1.4914 ASK:1.4915 MID:1.49145 P1:1.49145 P2:1.49145 P3:1.49135 P4:1.49125 STATE:IDLE
[2026-05-14 18:05:22Z] CHK MOM:-0.08% RANGE:0.11% UP:26.66% SPREAD:0.0067051% BID:1.4914 ASK:1.4915 MID:1.49145 P1:1.49145 P2:1.49145 P3:1.49145 P4:1.49135 STATE:IDLE
[2026-05-14 18:05:24Z] CHK MOM:-0.08% RANGE:0.11% UP:26.66% SPREAD:0.0067051% BID:1.4914 ASK:1.4915 MID:1.49145 P1:1.49145 P2:1.49145 P3:1.49145 P4:1.49135 STATE:IDLE
[2026-05-14 18:05:24Z] CHK MOM:-0.01% RANGE:0.06% UP:35.71% SPREAD:0.00670421% BID:1.4916 ASK:1.4917 MID:1.49165 P1:1.49165 P2:1.49145 P3:1.49145 P4:1.49145 STATE:IDLE
[2026-05-14 18:05:25Z] CHK MOM:-0.01% RANGE:0.06% UP:35.71% SPREAD:0.00670421% BID:1.4916 ASK:1.4917 MID:1.49165 P1:1.49165 P2:1.49145 P3:1.49145 P4:1.49145 STATE:IDLE
[2026-05-14 18:05:25Z] CHK MOM:0% RANGE:0.06% UP:40% SPREAD:0.00670376% BID:1.4917 ASK:1.4918 MID:1.49175 P1:1.49175 P2:1.49165 P3:1.49145 P4:1.49145 STATE:IDLE
[2026-05-14 18:05:26Z] CHK MOM:-0.01% RANGE:0.06% UP:33.33% SPREAD:0.00670376% BID:1.4917 ASK:1.4918 MID:1.49175 P1:1.49175 P2:1.49175 P3:1.49165 P4:1.49145 STATE:IDLE
[2026-05-14 18:05:26Z] CHK MOM:0.07% RANGE:0.08% UP:42.85% SPREAD:0.00670151% BID:1.4922 ASK:1.4923 MID:1.49224999 P1:1.49224999 P2:1.49175 P3:1.49175 P4:1.49165 STATE:IDLE
[2026-05-14 18:05:27Z] CHK MOM:0.07% RANGE:0.08% UP:40% SPREAD:0.00670151% BID:1.4922 ASK:1.4923 MID:1.49224999 P1:1.49224999 P2:1.49224999 P3:1.49175 P4:1.49175 STATE:IDLE
[2026-05-14 18:05:27Z] CHK MOM:0.1% RANGE:0.1% UP:46.66% SPREAD:0.00670016% BID:1.4925 ASK:1.4926 MID:1.49255 P1:1.49255 P2:1.49224999 P3:1.49224999 P4:1.49175 STATE:IDLE
[2026-05-14 18:05:28Z] CHK MOM:0.1% RANGE:0.1% UP:46.66% SPREAD:0.00670016% BID:1.4925 ASK:1.4926 MID:1.49255 P1:1.49255 P2:1.49255 P3:1.49224999 P4:1.49224999 STATE:IDLE
[2026-05-14 18:05:29Z] CHK MOM:0.1% RANGE:0.1% UP:46.66% SPREAD:0.00670016% BID:1.4925 ASK:1.4926 MID:1.49255 P1:1.49255 P2:1.49255 P3:1.49224999 P4:1.49224999 STATE:IDLE
[2026-05-14 18:05:29Z] CHK MOM:0.1% RANGE:0.1% UP:50% SPREAD:0.00670016% BID:1.4925 ASK:1.4926 MID:1.49255 P1:1.49255 P2:1.49255 P3:1.49255 P4:1.49224999 STATE:IDLE
[2026-05-14 18:05:30Z] CHK MOM:0.08% RANGE:0.08% UP:42.85% SPREAD:0.00670016% BID:1.4925 ASK:1.4926 MID:1.49255 P1:1.49255 P2:1.49255 P3:1.49255 P4:1.49255 STATE:IDLE
[2026-05-14 18:05:30Z] CHK MOM:0.08% RANGE:0.08% UP:42.85% SPREAD:0.00670016% BID:1.4925 ASK:1.4926 MID:1.49255 P1:1.49255 P2:1.49255 P3:1.49255 P4:1.49255 STATE:IDLE
[2026-05-14 18:05:31Z] CHK MOM:0.08% RANGE:0.08% UP:42.85% SPREAD:0.00670016% BID:1.4925 ASK:1.4926 MID:1.49255 P1:1.49255 P2:1.49255 P3:1.49255 P4:1.49255 STATE:IDLE
[2026-05-14 18:05:31Z] CHK MOM:0.09% RANGE:0.09% UP:46.66% SPREAD:0.00669971% BID:1.4926 ASK:1.4927 MID:1.49264999 P1:1.49264999 P2:1.49255 P3:1.49255 P4:1.49255 STATE:IDLE
[2026-05-14 18:05:32Z] CHK MOM:0.08% RANGE:0.08% UP:40% SPREAD:0.00669971% BID:1.4926 ASK:1.4927 MID:1.49264999 P1:1.49264999 P2:1.49264999 P3:1.49255 P4:1.49255 STATE:IDLE
[2026-05-14 18:05:32Z] CHK MOM:0.08% RANGE:0.08% UP:37.5% SPREAD:0.00670016% BID:1.4925 ASK:1.4926 MID:1.49255 P1:1.49255 P2:1.49264999 P3:1.49264999 P4:1.49255 STATE:IDLE
[2026-05-14 18:05:33Z] CHK MOM:0.07% RANGE:0.08% UP:33.33% SPREAD:0.00670016% BID:1.4925 ASK:1.4926 MID:1.49255 P1:1.49255 P2:1.49255 P3:1.49264999 P4:1.49264999 STATE:IDLE
[2026-05-14 18:05:33Z] CHK MOM:0.05% RANGE:0.08% UP:31.25% SPREAD:0.00670151% BID:1.4922 ASK:1.4923 MID:1.49224999 P1:1.49224999 P2:1.49255 P3:1.49255 P4:1.49264999 STATE:IDLE
[2026-05-14 18:05:34Z] CHK MOM:0.05% RANGE:0.08% UP:31.25% SPREAD:0.00670151% BID:1.4922 ASK:1.4923 MID:1.49224999 P1:1.49224999 P2:1.49224999 P3:1.49255 P4:1.49255 STATE:IDLE
[2026-05-14 18:05:35Z] CHK MOM:0.05% RANGE:0.08% UP:29.41% SPREAD:0.00670151% BID:1.4922 ASK:1.4923 MID:1.49224999 P1:1.49224999 P2:1.49224999 P3:1.49224999 P4:1.49255 STATE:IDLE
[2026-05-14 18:05:35Z] CHK MOM:0.04% RANGE:0.06% UP:23.52% SPREAD:0.00670151% BID:1.4922 ASK:1.4923 MID:1.49224999 P1:1.49224999 P2:1.49224999 P3:1.49224999 P4:1.49224999 STATE:IDLE
[2026-05-14 18:05:36Z] CHK MOM:0.03% RANGE:0.06% UP:17.64% SPREAD:0.00670151% BID:1.4922 ASK:1.4923 MID:1.49224999 P1:1.49224999 P2:1.49224999 P3:1.49224999 P4:1.49224999 STATE:IDLE
[2026-05-14 18:05:36Z] CHK MOM:0.03% RANGE:0.06% UP:16.66% SPREAD:0.00670151% BID:1.4922 ASK:1.4923 MID:1.49224999 P1:1.49224999 P2:1.49224999 P3:1.49224999 P4:1.49224999 STATE:IDLE
[2026-05-14 18:05:37Z] CHK MOM:0.01% RANGE:0.06% UP:15.78% SPREAD:0.00670286% BID:1.4919 ASK:1.492 MID:1.49195 P1:1.49195 P2:1.49224999 P3:1.49224999 P4:1.49224999 STATE:IDLE
[2026-05-14 18:05:37Z] CHK MOM:0% RANGE:0.06% UP:15.78% SPREAD:0.00670376% BID:1.4917 ASK:1.4918 MID:1.49175 P1:1.49175 P2:1.49195 P3:1.49224999 P4:1.49224999 STATE:IDLE
[2026-05-14 18:05:38Z] CHK MOM:-0.04% RANGE:0.06% UP:10.52% SPREAD:0.00670421% BID:1.4916 ASK:1.4917 MID:1.49165 P1:1.49165 P2:1.49175 P3:1.49195 P4:1.49224999 STATE:IDLE
[2026-05-14 18:05:38Z] CHK MOM:-0.04% RANGE:0.06% UP:10% SPREAD:0.00670421% BID:1.4916 ASK:1.4917 MID:1.49165 P1:1.49165 P2:1.49165 P3:1.49175 P4:1.49195 STATE:IDLE
[2026-05-14 18:05:39Z] CHK MOM:-0.06% RANGE:0.07% UP:5.26% SPREAD:0.00670465% BID:1.4915 ASK:1.4916 MID:1.49155 P1:1.49155 P2:1.49165 P3:1.49165 P4:1.49175 STATE:IDLE
[2026-05-14 18:05:40Z] CHK MOM:-0.09% RANGE:0.1% UP:5% SPREAD:0.00670645% BID:1.4911 ASK:1.4912 MID:1.49115 P1:1.49115 P2:1.49155 P3:1.49165 P4:1.49165 STATE:IDLE
[2026-05-14 18:05:40Z] CHK MOM:-0.11% RANGE:0.12% UP:5.26% SPREAD:0.0067078% BID:1.4908 ASK:1.4909 MID:1.49085 P1:1.49085 P2:1.49115 P3:1.49155 P4:1.49165 STATE:IDLE
[2026-05-14 18:05:41Z] CHK MOM:-0.09% RANGE:0.12% UP:10% SPREAD:0.00670645% BID:1.4911 ASK:1.4912 MID:1.49115 P1:1.49115 P2:1.49085 P3:1.49115 P4:1.49155 STATE:IDLE
[2026-05-14 18:05:41Z] CHK MOM:-0.08% RANGE:0.12% UP:14.28% SPREAD:0.00670555% BID:1.4913 ASK:1.4914 MID:1.49135 P1:1.49135 P2:1.49115 P3:1.49085 P4:1.49115 STATE:IDLE
[2026-05-14 18:05:42Z] CHK MOM:-0.07% RANGE:0.12% UP:19.04% SPREAD:0.0067051% BID:1.4914 ASK:1.4915 MID:1.49145 P1:1.49145 P2:1.49135 P3:1.49115 P4:1.49085 STATE:IDLE
[2026-05-14 18:05:42Z] CHK MOM:-0.07% RANGE:0.12% UP:19.04% SPREAD:0.0067051% BID:1.4914 ASK:1.4915 MID:1.49145 P1:1.49145 P2:1.49145 P3:1.49135 P4:1.49115 STATE:IDLE
[2026-05-14 18:05:43Z] CHK MOM:-0.08% RANGE:0.12% UP:18.18% SPREAD:0.00670555% BID:1.4913 ASK:1.4914 MID:1.49135 P1:1.49135 P2:1.49145 P3:1.49145 P4:1.49135 STATE:IDLE
[2026-05-14 18:05:43Z] CHK MOM:-0.08% RANGE:0.12% UP:18.18% SPREAD:0.00670555% BID:1.4913 ASK:1.4914 MID:1.49135 P1:1.49135 P2:1.49145 P3:1.49145 P4:1.49135 STATE:IDLE
[2026-05-14 18:05:44Z] CHK MOM:-0.08% RANGE:0.11% UP:15% SPREAD:0.00670555% BID:1.4913 ASK:1.4914 MID:1.49135 P1:1.49135 P2:1.49135 P3:1.49145 P4:1.49145 STATE:IDLE
[2026-05-14 18:05:45Z] CHK MOM:-0.08% RANGE:0.11% UP:15% SPREAD:0.00670555% BID:1.4913 ASK:1.4914 MID:1.49135 P1:1.49135 P2:1.49135 P3:1.49145 P4:1.49145 STATE:IDLE
[2026-05-14 18:05:45Z] CHK MOM:-0.08% RANGE:0.11% UP:15% SPREAD:0.00670555% BID:1.4913 ASK:1.4914 MID:1.49135 P1:1.49135 P2:1.49135 P3:1.49145 P4:1.49145 STATE:IDLE
[2026-05-14 18:05:46Z] CHK MOM:-0.08% RANGE:0.11% UP:15% SPREAD:0.00670555% BID:1.4913 ASK:1.4914 MID:1.49135 P1:1.49135 P2:1.49135 P3:1.49145 P4:1.49145 STATE:IDLE
[2026-05-14 18:05:46Z] CHK MOM:-0.06% RANGE:0.09% UP:18.75% SPREAD:0.00670555% BID:1.4913 ASK:1.4914 MID:1.49135 P1:1.49135 P2:1.49135 P3:1.49135 P4:1.49145 STATE:IDLE
[2026-05-14 18:05:47Z] CHK MOM:-0.06% RANGE:0.09% UP:17.64% SPREAD:0.00670555% BID:1.4913 ASK:1.4914 MID:1.49135 P1:1.49135 P2:1.49135 P3:1.49135 P4:1.49135 STATE:IDLE
[2026-05-14 18:05:47Z] CHK MOM:-0.05% RANGE:0.09% UP:23.52% SPREAD:0.0067051% BID:1.4914 ASK:1.4915 MID:1.49145 P1:1.49145 P2:1.49135 P3:1.49135 P4:1.49135 STATE:IDLE
[2026-05-14 18:05:48Z] CHK MOM:-0.05% RANGE:0.09% UP:22.22% SPREAD:0.0067051% BID:1.4914 ASK:1.4915 MID:1.49145 P1:1.49145 P2:1.49145 P3:1.49135 P4:1.49135 STATE:IDLE
[2026-05-14 18:05:48Z] CHK MOM:-0.03% RANGE:0.07% UP:23.52% SPREAD:0.0067051% BID:1.4914 ASK:1.4915 MID:1.49145 P1:1.49145 P2:1.49145 P3:1.49145 P4:1.49135 STATE:IDLE
[2026-05-14 18:05:49Z] CHK MOM:-0.03% RANGE:0.07% UP:23.52% SPREAD:0.0067051% BID:1.4914 ASK:1.4915 MID:1.49145 P1:1.49145 P2:1.49145 P3:1.49145 P4:1.49135 STATE:IDLE
[2026-05-14 18:05:49Z] CHK MOM:-0.02% RANGE:0.06% UP:23.52% SPREAD:0.0067051% BID:1.4914 ASK:1.4915 MID:1.49145 P1:1.49145 P2:1.49145 P3:1.49145 P4:1.49145 STATE:IDLE
[2026-05-14 18:05:50Z] CHK MOM:-0.02% RANGE:0.06% UP:23.52% SPREAD:0.0067051% BID:1.4914 ASK:1.4915 MID:1.49145 P1:1.49145 P2:1.49145 P3:1.49145 P4:1.49145 STATE:IDLE
[2026-05-14 18:05:51Z] CHK MOM:0% RANGE:0.04% UP:26.66% SPREAD:0.0067051% BID:1.4914 ASK:1.4915 MID:1.49145 P1:1.49145 P2:1.49145 P3:1.49145 P4:1.49145 STATE:IDLE
[2026-05-14 18:05:51Z] CHK MOM:0.02% RANGE:0.04% UP:28.57% SPREAD:0.006706% BID:1.4912 ASK:1.4913 MID:1.49125 P1:1.49125 P2:1.49145 P3:1.49145 P4:1.49145 STATE:IDLE
[2026-05-14 18:05:52Z] CHK MOM:0.02% RANGE:0.04% UP:26.66% SPREAD:0.006706% BID:1.4912 ASK:1.4913 MID:1.49125 P1:1.49125 P2:1.49125 P3:1.49145 P4:1.49145 STATE:IDLE
[2026-05-14 18:05:52Z] CHK MOM:0.02% RANGE:0.04% UP:26.66% SPREAD:0.006706% BID:1.4912 ASK:1.4913 MID:1.49125 P1:1.49125 P2:1.49125 P3:1.49145 P4:1.49145 STATE:IDLE
[2026-05-14 18:05:53Z] CHK MOM:0.02% RANGE:0.04% UP:26.66% SPREAD:0.006706% BID:1.4912 ASK:1.4913 MID:1.49125 P1:1.49125 P2:1.49125 P3:1.49145 P4:1.49145 STATE:IDLE
[2026-05-14 18:05:53Z] CHK MOM:-0.01% RANGE:0.02% UP:14.28% SPREAD:0.00670645% BID:1.4911 ASK:1.4912 MID:1.49115 P1:1.49115 P2:1.49125 P3:1.49125 P4:1.49145 STATE:IDLE
[2026-05-14 18:05:54Z] CHK MOM:-0.01% RANGE:0.02% UP:14.28% SPREAD:0.00670645% BID:1.4911 ASK:1.4912 MID:1.49115 P1:1.49115 P2:1.49125 P3:1.49125 P4:1.49145 STATE:IDLE
[2026-05-14 18:05:54Z] CHK MOM:-0.01% RANGE:0.02% UP:14.28% SPREAD:0.00670645% BID:1.4911 ASK:1.4912 MID:1.49115 P1:1.49115 P2:1.49125 P3:1.49125 P4:1.49145 STATE:IDLE
[2026-05-14 18:05:55Z] CHK MOM:-0.01% RANGE:0.02% UP:14.28% SPREAD:0.00670645% BID:1.4911 ASK:1.4912 MID:1.49115 P1:1.49115 P2:1.49125 P3:1.49125 P4:1.49145 STATE:IDLE
[2026-05-14 18:05:56Z] CHK MOM:-0.01% RANGE:0.02% UP:14.28% SPREAD:0.00670645% BID:1.4911 ASK:1.4912 MID:1.49115 P1:1.49115 P2:1.49125 P3:1.49125 P4:1.49145 STATE:IDLE
[2026-05-14 18:05:56Z] CHK MOM:-0.01% RANGE:0.02% UP:10% SPREAD:0.00670645% BID:1.4911 ASK:1.4912 MID:1.49115 P1:1.49115 P2:1.49115 P3:1.49125 P4:1.49125 STATE:IDLE
[2026-05-14 18:05:57Z] CHK MOM:-0.01% RANGE:0.02% UP:10% SPREAD:0.00670645% BID:1.4911 ASK:1.4912 MID:1.49115 P1:1.49115 P2:1.49115 P3:1.49125 P4:1.49125 STATE:IDLE
[2026-05-14 18:05:57Z] CHK MOM:-0.01% RANGE:0.02% UP:9.09% SPREAD:0.00670645% BID:1.4911 ASK:1.4912 MID:1.49115 P1:1.49115 P2:1.49115 P3:1.49115 P4:1.49125 STATE:IDLE
[2026-05-14 18:05:58Z] CHK MOM:-0.01% RANGE:0.02% UP:8.33% SPREAD:0.00670645% BID:1.4911 ASK:1.4912 MID:1.49115 P1:1.49115 P2:1.49115 P3:1.49115 P4:1.49115 STATE:IDLE
[2026-05-14 18:05:58Z] CHK MOM:-0.01% RANGE:0.02% UP:7.69% SPREAD:0.00670645% BID:1.4911 ASK:1.4912 MID:1.49115 P1:1.49115 P2:1.49115 P3:1.49115 P4:1.49115 STATE:IDLE
[2026-05-14 18:05:59Z] CHK MOM:-0.02% RANGE:0.02% UP:0% SPREAD:0.0067069% BID:1.491 ASK:1.4911 MID:1.49105 P1:1.49105 P2:1.49115 P3:1.49115 P4:1.49115 STATE:IDLE
[2026-05-14 18:05:59Z] CHK MOM:-0.04% RANGE:0.04% UP:0% SPREAD:0.00670825% BID:1.4907 ASK:1.4908 MID:1.49074999 P1:1.49074999 P2:1.49105 P3:1.49115 P4:1.49115 STATE:IDLE
[2026-05-14 18:06:00Z] CHK MOM:-0.04% RANGE:0.04% UP:0% SPREAD:0.00670825% BID:1.4907 ASK:1.4908 MID:1.49074999 P1:1.49074999 P2:1.49074999 P3:1.49105 P4:1.49115 STATE:IDLE
[2026-05-14 18:06:00Z] CHK MOM:-0.04% RANGE:0.04% UP:0% SPREAD:0.00670825% BID:1.4907 ASK:1.4908 MID:1.49074999 P1:1.49074999 P2:1.49074999 P3:1.49074999 P4:1.49105 STATE:IDLE
[2026-05-14 18:06:01Z] CHK MOM:-0.04% RANGE:0.04% UP:0% SPREAD:0.00670825% BID:1.4907 ASK:1.4908 MID:1.49074999 P1:1.49074999 P2:1.49074999 P3:1.49074999 P4:1.49105 STATE:IDLE
[2026-05-14 18:06:02Z] CHK MOM:-0.04% RANGE:0.04% UP:0% SPREAD:0.00670825% BID:1.4907 ASK:1.4908 MID:1.49074999 P1:1.49074999 P2:1.49074999 P3:1.49074999 P4:1.49074999 STATE:IDLE
[2026-05-14 18:06:02Z] CHK MOM:-0.04% RANGE:0.04% UP:0% SPREAD:0.00670825% BID:1.4907 ASK:1.4908 MID:1.49074999 P1:1.49074999 P2:1.49074999 P3:1.49074999 P4:1.49074999 STATE:IDLE
[2026-05-14 18:06:03Z] CHK MOM:-0.03% RANGE:0.03% UP:0% SPREAD:0.00670825% BID:1.4907 ASK:1.4908 MID:1.49074999 P1:1.49074999 P2:1.49074999 P3:1.49074999 P4:1.49074999 STATE:IDLE
[2026-05-14 18:06:03Z] CHK MOM:-0.03% RANGE:0.03% UP:0% SPREAD:0.00670825% BID:1.4907 ASK:1.4908 MID:1.49074999 P1:1.49074999 P2:1.49074999 P3:1.49074999 P4:1.49074999 STATE:IDLE
[2026-05-14 18:06:04Z] CHK MOM:-0.03% RANGE:0.03% UP:0% SPREAD:0.00670825% BID:1.4907 ASK:1.4908 MID:1.49074999 P1:1.49074999 P2:1.49074999 P3:1.49074999 P4:1.49074999 STATE:IDLE
[2026-05-14 18:06:04Z] CHK MOM:-0.02% RANGE:0.02% UP:0% SPREAD:0.00670825% BID:1.4907 ASK:1.4908 MID:1.49074999 P1:1.49074999 P2:1.49074999 P3:1.49074999 P4:1.49074999 STATE:IDLE
[2026-05-14 18:06:05Z] CHK MOM:-0.02% RANGE:0.02% UP:0% SPREAD:0.00670825% BID:1.4907 ASK:1.4908 MID:1.49074999 P1:1.49074999 P2:1.49074999 P3:1.49074999 P4:1.49074999 STATE:IDLE
[2026-05-14 18:06:05Z] CHK MOM:-0.02% RANGE:0.02% UP:0% SPREAD:0.00670825% BID:1.4907 ASK:1.4908 MID:1.49074999 P1:1.49074999 P2:1.49074999 P3:1.49074999 P4:1.49074999 STATE:IDLE
[2026-05-14 18:06:06Z] CHK MOM:-0.02% RANGE:0.02% UP:0% SPREAD:0.00670825% BID:1.4907 ASK:1.4908 MID:1.49074999 P1:1.49074999 P2:1.49074999 P3:1.49074999 P4:1.49074999 STATE:IDLE
[2026-05-14 18:06:07Z] CHK MOM:0% RANGE:0.02% UP:6.66% SPREAD:0.0067069% BID:1.491 ASK:1.4911 MID:1.49105 P1:1.49105 P2:1.49074999 P3:1.49074999 P4:1.49074999 STATE:IDLE
[2026-05-14 18:06:07Z] CHK MOM:0% RANGE:0.03% UP:12.5% SPREAD:0.006706% BID:1.4912 ASK:1.4913 MID:1.49125 P1:1.49125 P2:1.49105 P3:1.49074999 P4:1.49074999 STATE:IDLE
[2026-05-14 18:06:08Z] CHK MOM:0% RANGE:0.03% UP:12.5% SPREAD:0.006706% BID:1.4912 ASK:1.4913 MID:1.49125 P1:1.49125 P2:1.49105 P3:1.49074999 P4:1.49074999 STATE:IDLE
[2026-05-14 18:06:08Z] CHK MOM:0.01% RANGE:0.04% UP:17.64% SPREAD:0.00670555% BID:1.4913 ASK:1.4914 MID:1.49135 P1:1.49135 P2:1.49125 P3:1.49105 P4:1.49074999 STATE:IDLE
[2026-05-14 18:06:09Z] CHK MOM:0.01% RANGE:0.04% UP:17.64% SPREAD:0.00670555% BID:1.4913 ASK:1.4914 MID:1.49135 P1:1.49135 P2:1.49125 P3:1.49105 P4:1.49074999 STATE:IDLE
[2026-05-14 18:06:09Z] CHK MOM:0.01% RANGE:0.04% UP:17.64% SPREAD:0.00670555% BID:1.4913 ASK:1.4914 MID:1.49135 P1:1.49135 P2:1.49125 P3:1.49105 P4:1.49074999 STATE:IDLE
[2026-05-14 18:06:10Z] CHK MOM:0.01% RANGE:0.04% UP:17.64% SPREAD:0.00670555% BID:1.4913 ASK:1.4914 MID:1.49135 P1:1.49135 P2:1.49125 P3:1.49105 P4:1.49074999 STATE:IDLE
[2026-05-14 18:06:10Z] CHK MOM:0.01% RANGE:0.04% UP:17.64% SPREAD:0.00670555% BID:1.4913 ASK:1.4914 MID:1.49135 P1:1.49135 P2:1.49125 P3:1.49105 P4:1.49074999 STATE:IDLE
[2026-05-14 18:06:11Z] CHK MOM:0.01% RANGE:0.04% UP:17.64% SPREAD:0.00670555% BID:1.4913 ASK:1.4914 MID:1.49135 P1:1.49135 P2:1.49125 P3:1.49105 P4:1.49074999 STATE:IDLE
[2026-05-14 18:06:11Z] CHK MOM:0.04% RANGE:0.04% UP:30.76% SPREAD:0.0067051% BID:1.4914 ASK:1.4915 MID:1.49145 P1:1.49145 P2:1.49135 P3:1.49125 P4:1.49105 STATE:IDLE
[2026-05-14 18:06:12Z] CHK MOM:0.04% RANGE:0.04% UP:30.76% SPREAD:0.0067051% BID:1.4914 ASK:1.4915 MID:1.49145 P1:1.49145 P2:1.49135 P3:1.49125 P4:1.49105 STATE:IDLE
[2026-05-14 18:06:13Z] CHK MOM:0.05% RANGE:0.05% UP:45.45% SPREAD:0.00670465% BID:1.4915 ASK:1.4916 MID:1.49155 P1:1.49155 P2:1.49145 P3:1.49135 P4:1.49125 STATE:IDLE
[2026-05-14 18:06:13Z] CHK MOM:0.06% RANGE:0.06% UP:50% SPREAD:0.00670376% BID:1.4917 ASK:1.4918 MID:1.49175 P1:1.49175 P2:1.49155 P3:1.49145 P4:1.49135 STATE:IDLE
[2026-05-14 18:06:14Z] CHK MOM:0.06% RANGE:0.06% UP:46.15% SPREAD:0.00670376% BID:1.4917 ASK:1.4918 MID:1.49175 P1:1.49175 P2:1.49175 P3:1.49155 P4:1.49145 STATE:IDLE
[2026-05-14 18:06:14Z] CHK MOM:0.06% RANGE:0.06% UP:46.15% SPREAD:0.00670376% BID:1.4917 ASK:1.4918 MID:1.49175 P1:1.49175 P2:1.49175 P3:1.49175 P4:1.49155 STATE:IDLE
[2026-05-14 18:06:15Z] CHK MOM:0.06% RANGE:0.06% UP:46.15% SPREAD:0.00670376% BID:1.4917 ASK:1.4918 MID:1.49175 P1:1.49175 P2:1.49175 P3:1.49175 P4:1.49155 STATE:IDLE
[2026-05-14 18:06:15Z] CHK MOM:0.06% RANGE:0.06% UP:46.15% SPREAD:0.00670376% BID:1.4917 ASK:1.4918 MID:1.49175 P1:1.49175 P2:1.49175 P3:1.49175 P4:1.49155 STATE:IDLE
[2026-05-14 18:06:16Z] CHK MOM:0.06% RANGE:0.06% UP:60% SPREAD:0.00670376% BID:1.4917 ASK:1.4918 MID:1.49175 P1:1.49175 P2:1.49175 P3:1.49175 P4:1.49175 STATE:IDLE
[2026-05-14 18:06:16Z] CHK MOM:0.08% RANGE:0.08% UP:70% SPREAD:0.00670286% BID:1.4919 ASK:1.492 MID:1.49195 P1:1.49195 P2:1.49175 P3:1.49175 P4:1.49175 STATE:IDLE
[2026-05-14 18:06:17Z] CHK MOM:0.08% RANGE:0.08% UP:63.63% SPREAD:0.00670286% BID:1.4919 ASK:1.492 MID:1.49195 P1:1.49195 P2:1.49195 P3:1.49175 P4:1.49175 STATE:IDLE
[2026-05-14 18:06:18Z] CHK MOM:0.1% RANGE:0.1% UP:66.66% SPREAD:0.00670151% BID:1.4922 ASK:1.4923 MID:1.49224999 P1:1.49224999 P2:1.49195 P3:1.49195 P4:1.49175 STATE:IDLE
[2026-05-14 18:06:18Z] CHK MOM:0.08% RANGE:0.08% UP:58.33% SPREAD:0.00670151% BID:1.4922 ASK:1.4923 MID:1.49224999 P1:1.49224999 P2:1.49224999 P3:1.49195 P4:1.49195 STATE:IDLE
[2026-05-14 18:06:19Z] CHK MOM:0.09% RANGE:0.09% UP:58.33% SPREAD:0.00669971% BID:1.4926 ASK:1.4927 MID:1.49264999 P1:1.49264999 P2:1.49224999 P3:1.49224999 P4:1.49195 STATE:IDLE
[2026-05-14 18:06:19Z] CHK MOM:0.09% RANGE:0.09% UP:53.84% SPREAD:0.00669971% BID:1.4926 ASK:1.4927 MID:1.49264999 P1:1.49264999 P2:1.49264999 P3:1.49224999 P4:1.49224999 STATE:IDLE
[2026-05-14 18:06:20Z] CHK MOM:0.08% RANGE:0.08% UP:46.15% SPREAD:0.00669971% BID:1.4926 ASK:1.4927 MID:1.49264999 P1:1.49264999 P2:1.49264999 P3:1.49264999 P4:1.49224999 STATE:IDLE
[2026-05-14 18:06:20Z] CHK MOM:0.08% RANGE:0.08% UP:46.15% SPREAD:0.00669971% BID:1.4926 ASK:1.4927 MID:1.49264999 P1:1.49264999 P2:1.49264999 P3:1.49264999 P4:1.49224999 STATE:IDLE
[2026-05-14 18:06:21Z] CHK MOM:0.09% RANGE:0.09% UP:46.15% SPREAD:0.00669882% BID:1.4928 ASK:1.4929 MID:1.49284999 P1:1.49284999 P2:1.49264999 P3:1.49264999 P4:1.49264999 STATE:IDLE
[2026-05-14 18:06:21Z] CHK MOM:0.09% RANGE:0.09% UP:42.85% SPREAD:0.00669882% BID:1.4928 ASK:1.4929 MID:1.49284999 P1:1.49284999 P2:1.49284999 P3:1.49264999 P4:1.49264999 STATE:IDLE
[2026-05-14 18:06:22Z] CHK MOM:0.09% RANGE:0.09% UP:40% SPREAD:0.00669882% BID:1.4928 ASK:1.4929 MID:1.49284999 P1:1.49284999 P2:1.49284999 P3:1.49284999 P4:1.49264999 STATE:IDLE
[2026-05-14 18:06:23Z] CHK MOM:0.09% RANGE:0.09% UP:40% SPREAD:0.00669882% BID:1.4928 ASK:1.4929 MID:1.49284999 P1:1.49284999 P2:1.49284999 P3:1.49284999 P4:1.49264999 STATE:IDLE
[2026-05-14 18:06:23Z] CHK MOM:0.09% RANGE:0.09% UP:37.5% SPREAD:0.00669882% BID:1.4928 ASK:1.4929 MID:1.49284999 P1:1.49284999 P2:1.49284999 P3:1.49284999 P4:1.49284999 STATE:IDLE
[2026-05-14 18:06:24Z] CHK MOM:0.09% RANGE:0.09% UP:37.5% SPREAD:0.00669837% BID:1.4929 ASK:1.493 MID:1.49295 P1:1.49295 P2:1.49284999 P3:1.49284999 P4:1.49284999 STATE:IDLE
[2026-05-14 18:06:24Z] CHK MOM:0.09% RANGE:0.09% UP:37.5% SPREAD:0.00669837% BID:1.4929 ASK:1.493 MID:1.49295 P1:1.49295 P2:1.49284999 P3:1.49284999 P4:1.49284999 STATE:IDLE
[2026-05-14 18:06:25Z] CHK MOM:0.08% RANGE:0.08% UP:31.25% SPREAD:0.00669837% BID:1.4929 ASK:1.493 MID:1.49295 P1:1.49295 P2:1.49295 P3:1.49284999 P4:1.49284999 STATE:IDLE
[2026-05-14 18:06:25Z] CHK MOM:0.08% RANGE:0.08% UP:31.25% SPREAD:0.00669837% BID:1.4929 ASK:1.493 MID:1.49295 P1:1.49295 P2:1.49295 P3:1.49295 P4:1.49284999 STATE:IDLE
[2026-05-14 18:06:26Z] CHK MOM:0.09% RANGE:0.09% UP:37.5% SPREAD:0.00669747% BID:1.4931 ASK:1.4932 MID:1.49315 P1:1.49315 P2:1.49295 P3:1.49295 P4:1.49295 STATE:IDLE
[2026-05-14 18:06:26Z] CHK MOM:0.09% RANGE:0.09% UP:37.5% SPREAD:0.00669747% BID:1.4931 ASK:1.4932 MID:1.49315 P1:1.49315 P2:1.49315 P3:1.49295 P4:1.49295 STATE:IDLE
[2026-05-14 18:06:27Z] CHK MOM:0.09% RANGE:0.09% UP:37.5% SPREAD:0.00669747% BID:1.4931 ASK:1.4932 MID:1.49315 P1:1.49315 P2:1.49315 P3:1.49295 P4:1.49295 STATE:IDLE
[2026-05-14 18:06:27Z] CHK MOM:0.1% RANGE:0.1% UP:41.17% SPREAD:0.00669702% BID:1.4932 ASK:1.4933 MID:1.49325 P1:1.49325 P2:1.49315 P3:1.49315 P4:1.49295 STATE:IDLE
[2026-05-14 18:06:28Z] CHK MOM:0.08% RANGE:0.08% UP:35.29% SPREAD:0.00669702% BID:1.4932 ASK:1.4933 MID:1.49325 P1:1.49325 P2:1.49325 P3:1.49315 P4:1.49315 STATE:IDLE
[2026-05-14 18:06:29Z] CHK MOM:0.07% RANGE:0.07% UP:37.5% SPREAD:0.00669657% BID:1.4933 ASK:1.4934 MID:1.49335 P1:1.49335 P2:1.49325 P3:1.49325 P4:1.49315 STATE:IDLE
[2026-05-14 18:06:29Z] CHK MOM:0.07% RANGE:0.07% UP:37.5% SPREAD:0.00669657% BID:1.4933 ASK:1.4934 MID:1.49335 P1:1.49335 P2:1.49325 P3:1.49325 P4:1.49315 STATE:IDLE
[2026-05-14 18:06:30Z] CHK MOM:0.04% RANGE:0.04% UP:33.33% SPREAD:0.00669657% BID:1.4933 ASK:1.4934 MID:1.49335 P1:1.49335 P2:1.49335 P3:1.49325 P4:1.49325 STATE:IDLE
[2026-05-14 18:06:30Z] CHK MOM:0.04% RANGE:0.04% UP:31.25% SPREAD:0.00669657% BID:1.4933 ASK:1.4934 MID:1.49335 P1:1.49335 P2:1.49335 P3:1.49335 P4:1.49325 STATE:IDLE
[2026-05-14 18:06:31Z] CHK MOM:0.05% RANGE:0.05% UP:35.29% SPREAD:0.00669612% BID:1.4934 ASK:1.4935 MID:1.49345 P1:1.49345 P2:1.49335 P3:1.49335 P4:1.49335 STATE:IDLE
[2026-05-14 18:06:31Z] CHK MOM:0.05% RANGE:0.05% UP:35.29% SPREAD:0.00669612% BID:1.4934 ASK:1.4935 MID:1.49345 P1:1.49345 P2:1.49345 P3:1.49335 P4:1.49335 STATE:IDLE
[2026-05-14 18:06:32Z] CHK MOM:0.05% RANGE:0.05% UP:35.29% SPREAD:0.00669612% BID:1.4934 ASK:1.4935 MID:1.49345 P1:1.49345 P2:1.49345 P3:1.49335 P4:1.49335 STATE:IDLE
[2026-05-14 18:06:32Z] CHK MOM:0.04% RANGE:0.04% UP:31.25% SPREAD:0.00669612% BID:1.4934 ASK:1.4935 MID:1.49345 P1:1.49345 P2:1.49345 P3:1.49345 P4:1.49335 STATE:IDLE
[2026-05-14 18:06:33Z] CHK MOM:0.04% RANGE:0.04% UP:37.5% SPREAD:0.00669568% BID:1.4935 ASK:1.4936 MID:1.49355 P1:1.49355 P2:1.49345 P3:1.49345 P4:1.49345 STATE:IDLE
[2026-05-14 18:06:34Z] CHK MOM:0.04% RANGE:0.04% UP:40% SPREAD:0.00669568% BID:1.4935 ASK:1.4936 MID:1.49355 P1:1.49355 P2:1.49355 P3:1.49345 P4:1.49345 STATE:IDLE
[2026-05-14 18:06:34Z] CHK MOM:0.04% RANGE:0.04% UP:37.5% SPREAD:0.00669568% BID:1.4935 ASK:1.4936 MID:1.49355 P1:1.49355 P2:1.49355 P3:1.49355 P4:1.49345 STATE:IDLE
[2026-05-14 18:06:35Z] CHK MOM:0.04% RANGE:0.04% UP:37.5% SPREAD:0.00669568% BID:1.4935 ASK:1.4936 MID:1.49355 P1:1.49355 P2:1.49355 P3:1.49355 P4:1.49345 STATE:IDLE
[2026-05-14 18:06:35Z] CHK MOM:0.04% RANGE:0.04% UP:31.25% SPREAD:0.00669568% BID:1.4935 ASK:1.4936 MID:1.49355 P1:1.49355 P2:1.49355 P3:1.49355 P4:1.49355 STATE:IDLE
[2026-05-14 18:06:36Z] CHK MOM:0.04% RANGE:0.04% UP:31.25% SPREAD:0.00669568% BID:1.4935 ASK:1.4936 MID:1.49355 P1:1.49355 P2:1.49355 P3:1.49355 P4:1.49355 STATE:IDLE
[2026-05-14 18:06:36Z] CHK MOM:0.04% RANGE:0.04% UP:37.5% SPREAD:0.00669523% BID:1.4936 ASK:1.4937 MID:1.49365 P1:1.49365 P2:1.49355 P3:1.49355 P4:1.49355 STATE:IDLE
[2026-05-14 18:06:37Z] CHK MOM:0.06% RANGE:0.06% UP:43.75% SPREAD:0.00669433% BID:1.4938 ASK:1.4939 MID:1.49385 P1:1.49385 P2:1.49365 P3:1.49355 P4:1.49355 STATE:IDLE
[2026-05-14 18:06:37Z] CHK MOM:0.06% RANGE:0.06% UP:43.75% SPREAD:0.00669433% BID:1.4938 ASK:1.4939 MID:1.49385 P1:1.49385 P2:1.49365 P3:1.49355 P4:1.49355 STATE:IDLE
[2026-05-14 18:06:38Z] CHK MOM:0.04% RANGE:0.04% UP:37.5% SPREAD:0.00669433% BID:1.4938 ASK:1.4939 MID:1.49385 P1:1.49385 P2:1.49385 P3:1.49365 P4:1.49355 STATE:IDLE
[2026-05-14 18:06:39Z] CHK MOM:0.04% RANGE:0.04% UP:37.5% SPREAD:0.00669433% BID:1.4938 ASK:1.4939 MID:1.49385 P1:1.49385 P2:1.49385 P3:1.49365 P4:1.49355 STATE:IDLE
