[2026-02-28 00:00:18] SESSION_START symbol=ENSOUSDC dry_run=0 profile=major strategy=momentum base_url=https://api.binance.com
[2026-02-28 00:00:21] CHK EMA1m:NO EMA5m:OK RSI:26.76056338 VOL:OK MOM:0% RANGE:0% UP:0% SPREAD:0.20505809% BID:1.463 ASK:1.466 STATE:IDLE
[2026-02-28 00:00:21] DECIDE_HOLD reason=HOLD_RANGE_CHOP spread=0.2051% mom=0.0000% range=0.0000% up=0.00% rsi=26.760563380281653
[2026-02-28 00:00:22] CHK EMA1m:NO EMA5m:OK RSI:26.76056338 VOL:OK MOM:-0.06% RANGE:0.06% UP:0% SPREAD:0.27359781% BID:1.462 ASK:1.466 STATE:IDLE
[2026-02-28 00:00:23] CHK EMA1m:NO EMA5m:OK RSI:26.76056338 VOL:OK MOM:-0.06% RANGE:0.06% UP:0% SPREAD:0.27359781% BID:1.462 ASK:1.466 STATE:IDLE
[2026-02-28 00:00:24] CHK EMA1m:NO EMA5m:OK RSI:26.76056338 VOL:OK MOM:-0.06% RANGE:0.06% UP:0% SPREAD:0.27359781% BID:1.462 ASK:1.466 STATE:IDLE
[2026-02-28 00:00:25] CHK EMA1m:NO EMA5m:OK RSI:26.76056338 VOL:OK MOM:-0.06% RANGE:0.06% UP:0% SPREAD:0.27359781% BID:1.462 ASK:1.466 STATE:IDLE
[2026-02-28 00:00:26] CHK EMA1m:NO EMA5m:OK RSI:26.76056338 VOL:OK MOM:0.06% RANGE:0.13% UP:2E+1% SPREAD:0.20491803% BID:1.464 ASK:1.467 STATE:IDLE
[2026-02-28 00:00:27] CHK EMA1m:NO EMA5m:OK RSI:26.76056338 VOL:OK MOM:0% RANGE:0.13% UP:16.66% SPREAD:0.20505809% BID:1.463 ASK:1.466 STATE:IDLE
[2026-02-28 00:00:28] CHK EMA1m:NO EMA5m:OK RSI:26.76056338 VOL:OK MOM:0% RANGE:0.13% UP:14.28% SPREAD:0.20505809% BID:1.463 ASK:1.466 STATE:IDLE
[2026-02-28 00:00:29] CHK EMA1m:NO EMA5m:OK RSI:26.76056338 VOL:OK MOM:0% RANGE:0.13% UP:12.5% SPREAD:0.20505809% BID:1.463 ASK:1.466 STATE:IDLE
[2026-02-28 00:00:35] CHK EMA1m:NO EMA5m:OK RSI:26.76056338 VOL:OK MOM:0.06% RANGE:0.13% UP:22.22% SPREAD:0.20491803% BID:1.464 ASK:1.467 STATE:IDLE
[2026-02-28 00:00:35] DECIDE_HOLD reason=HOLD_RANGE_SPREAD spread=0.2049% mom=0.0684% range=0.1368% up=22.22% rsi=26.760563380281653
[2026-02-28 00:00:36] CHK EMA1m:NO EMA5m:OK RSI:27.53623188 VOL:OK MOM:0.13% RANGE:0.2% UP:3E+1% SPREAD:0.13651877% BID:1.465 ASK:1.467 STATE:IDLE
[2026-02-28 00:00:37] CHK EMA1m:NO EMA5m:OK RSI:27.53623188 VOL:OK MOM:0.06% RANGE:0.2% UP:27.27% SPREAD:0.20491803% BID:1.464 ASK:1.467 STATE:IDLE
[2026-02-28 00:00:38] CHK EMA1m:NO EMA5m:OK RSI:27.53623188 VOL:OK MOM:0.06% RANGE:0.2% UP:25% SPREAD:0.20491803% BID:1.464 ASK:1.467 STATE:IDLE
[2026-02-28 00:00:39] CHK EMA1m:NO EMA5m:OK RSI:27.53623188 VOL:OK MOM:0% RANGE:0.2% UP:23.07% SPREAD:0.13670539% BID:1.463 ASK:1.465 STATE:IDLE
[2026-02-28 00:00:41] CHK EMA1m:NO EMA5m:OK RSI:27.53623188 VOL:OK MOM:0% RANGE:0.2% UP:21.42% SPREAD:0.13670539% BID:1.463 ASK:1.465 STATE:IDLE
[2026-02-28 00:00:43] CHK EMA1m:NO EMA5m:OK RSI:27.53623188 VOL:OK MOM:0% RANGE:0.2% UP:25% SPREAD:0.20519835% BID:1.462 ASK:1.465 STATE:IDLE
[2026-02-28 00:00:44] CHK EMA1m:NO EMA5m:OK RSI:27.53623188 VOL:OK MOM:-0.06% RANGE:0.27% UP:25% SPREAD:0.13689253% BID:1.461 ASK:1.463 STATE:IDLE
[2026-02-28 00:00:46] CHK EMA1m:NO EMA5m:OK RSI:27.53623188 VOL:OK MOM:-0.06% RANGE:0.27% UP:25% SPREAD:0.13670539% BID:1.463 ASK:1.465 STATE:IDLE
[2026-02-28 00:00:46] DECIDE_HOLD reason=HOLD_MIN_NOTIONAL spread=0.1367% mom=-0.0683% range=0.2738% up=25.00% rsi=27.53623188405794
[2026-02-28 00:00:47] CHK EMA1m:NO EMA5m:OK RSI:27.53623188 VOL:OK MOM:0% RANGE:0.27% UP:27.27% SPREAD:0.13670539% BID:1.463 ASK:1.465 STATE:IDLE
[2026-02-28 00:00:48] CHK EMA1m:NO EMA5m:OK RSI:27.53623188 VOL:OK MOM:-0.06% RANGE:0.27% UP:27.27% SPREAD:0.20519835% BID:1.462 ASK:1.465 STATE:IDLE
[2026-02-28 00:00:50] CHK EMA1m:NO EMA5m:OK RSI:27.53623188 VOL:OK MOM:-0.13% RANGE:0.27% UP:18.18% SPREAD:0.20519835% BID:1.462 ASK:1.465 STATE:IDLE
[2026-02-28 00:00:51] CHK EMA1m:NO EMA5m:OK RSI:27.53623188 VOL:OK MOM:-0.2% RANGE:0.27% UP:16.66% SPREAD:0.13689253% BID:1.461 ASK:1.463 STATE:IDLE
[2026-02-28 00:00:53] CHK EMA1m:NO EMA5m:OK RSI:27.53623188 VOL:OK MOM:-0.27% RANGE:0.34% UP:15.38% SPREAD:0.20547945% BID:1.46 ASK:1.463 STATE:IDLE
[2026-02-28 00:00:54] CHK EMA1m:NO EMA5m:OK RSI:27.53623188 VOL:OK MOM:-0.27% RANGE:0.34% UP:14.28% SPREAD:0.20547945% BID:1.46 ASK:1.463 STATE:IDLE
[2026-02-28 00:00:55] CHK EMA1m:NO EMA5m:OK RSI:26.76056338 VOL:OK MOM:-0.34% RANGE:0.34% UP:7.14% SPREAD:0.20547945% BID:1.46 ASK:1.463 STATE:IDLE
[2026-02-28 00:00:57] CHK EMA1m:NO EMA5m:OK RSI:26.76056338 VOL:OK MOM:-0.47% RANGE:0.48% UP:7.14% SPREAD:0.13726835% BID:1.457 ASK:1.459 STATE:IDLE
[2026-02-28 00:00:57] DECIDE_HOLD reason=HOLD_MOM spread=0.1373% mom=-0.4781% range=0.4804% up=7.14% rsi=26.760563380281653
[2026-02-28 00:00:58] CHK EMA1m:NO EMA5m:OK RSI:26.76056338 VOL:OK MOM:-0.4% RANGE:0.48% UP:14.28% SPREAD:0.0685871% BID:1.458 ASK:1.459 STATE:IDLE
[2026-02-28 00:00:59] CHK EMA1m:NO EMA5m:OK RSI:26.76056338 VOL:OK MOM:-0.34% RANGE:0.41% UP:14.28% SPREAD:0.0685871% BID:1.458 ASK:1.459 STATE:IDLE
[2026-02-28 00:01:00] CHK EMA1m:NO EMA5m:OK RSI:26.76056338 VOL:OK MOM:-0.34% RANGE:0.41% UP:14.28% SPREAD:0.0685871% BID:1.458 ASK:1.459 STATE:IDLE
[2026-02-28 00:01:02] CHK EMA1m:NO EMA5m:OK RSI:27.14285714 VOL:OK MOM:-0.06% RANGE:0.41% UP:21.42% SPREAD:0.13689253% BID:1.461 ASK:1.463 STATE:IDLE
[2026-02-28 00:01:03] CHK EMA1m:NO EMA5m:OK RSI:27.14285714 VOL:OK MOM:-0.13% RANGE:0.41% UP:2E+1% SPREAD:0.20547945% BID:1.46 ASK:1.463 STATE:IDLE
[2026-02-28 00:01:04] CHK EMA1m:NO EMA5m:OK RSI:27.14285714 VOL:OK MOM:0.13% RANGE:0.41% UP:26.66% SPREAD:0.13670539% BID:1.463 ASK:1.465 STATE:IDLE
[2026-02-28 00:01:05] CHK EMA1m:NO EMA5m:OK RSI:27.14285714 VOL:OK MOM:-0.06% RANGE:0.41% UP:2E+1% SPREAD:0.20519835% BID:1.462 ASK:1.465 STATE:IDLE
[2026-02-28 00:01:07] CHK EMA1m:NO EMA5m:OK RSI:27.14285714 VOL:OK MOM:-0.06% RANGE:0.41% UP:2E+1% SPREAD:0.20519835% BID:1.462 ASK:1.465 STATE:IDLE
[2026-02-28 00:01:07] DECIDE_HOLD reason=HOLD_MOM spread=0.2052% mom=-0.0684% range=0.4118% up=20.00% rsi=27.142857142857068
[2026-02-28 00:01:08] CHK EMA1m:NO EMA5m:OK RSI:27.14285714 VOL:OK MOM:0.06% RANGE:0.41% UP:26.66% SPREAD:0.13670539% BID:1.463 ASK:1.465 STATE:IDLE
[2026-02-28 00:01:10] CHK EMA1m:NO EMA5m:OK RSI:27.14285714 VOL:OK MOM:0.13% RANGE:0.48% UP:33.33% SPREAD:0.13661202% BID:1.464 ASK:1.466 STATE:IDLE
[2026-02-28 00:01:11] CHK EMA1m:NO EMA5m:OK RSI:27.14285714 VOL:OK MOM:0.27% RANGE:0.54% UP:4E+1% SPREAD:0.13651877% BID:1.465 ASK:1.467 STATE:IDLE
[2026-02-28 00:01:12] CHK EMA1m:NO EMA5m:OK RSI:27.14285714 VOL:OK MOM:0.34% RANGE:0.54% UP:4E+1% SPREAD:0.13651877% BID:1.465 ASK:1.467 STATE:IDLE
[2026-02-28 00:01:14] CHK EMA1m:NO EMA5m:OK RSI:27.14285714 VOL:OK MOM:0.41% RANGE:0.61% UP:46.66% SPREAD:0.13642564% BID:1.466 ASK:1.468 STATE:IDLE
[2026-02-28 00:01:15] CHK EMA1m:NO EMA5m:OK RSI:27.14285714 VOL:OK MOM:0.47% RANGE:0.68% UP:53.33% SPREAD:0.13633265% BID:1.467 ASK:1.469 STATE:IDLE
[2026-02-28 00:01:16] CHK EMA1m:NO EMA5m:OK RSI:27.14285714 VOL:OK MOM:0.68% RANGE:0.68% UP:57.14% SPREAD:0.20435967% BID:1.468 ASK:1.471 STATE:IDLE
[2026-02-28 00:01:18] CHK EMA1m:NO EMA5m:OK RSI:37.33333333 VOL:OK MOM:0.75% RANGE:0.75% UP:6E+1% SPREAD:0.20422055% BID:1.469 ASK:1.472 STATE:IDLE
[2026-02-28 00:01:18] DECIDE_HOLD reason=HOLD_MIN_NOTIONAL spread=0.2042% mom=0.7545% range=0.7545% up=60.00% rsi=37.3333333333332
[2026-02-28 00:01:19] CHK EMA1m:NO EMA5m:OK RSI:37.33333333 VOL:OK MOM:0.82% RANGE:0.82% UP:71.42% SPREAD:0.13605442% BID:1.47 ASK:1.472 STATE:IDLE
[2026-02-28 00:01:21] CHK EMA1m:NO EMA5m:OK RSI:37.33333333 VOL:OK MOM:0.68% RANGE:0.75% UP:71.42% SPREAD:0.13596193% BID:1.471 ASK:1.473 STATE:IDLE
[2026-02-28 00:01:22] CHK EMA1m:NO EMA5m:OK RSI:37.33333333 VOL:OK MOM:0.95% RANGE:0.95% UP:78.57% SPREAD:0.0678426% BID:1.474 ASK:1.475 STATE:IDLE
[2026-02-28 00:01:25] CHK EMA1m:NO EMA5m:OK RSI:37.33333333 VOL:OK MOM:0.75% RANGE:0.82% UP:71.42% SPREAD:0.0678426% BID:1.474 ASK:1.475 STATE:IDLE
[2026-02-28 00:01:26] CHK EMA1m:NO EMA5m:OK RSI:39.74358974 VOL:OK MOM:0.95% RANGE:0.95% UP:84.61% SPREAD:0.13550135% BID:1.476 ASK:1.478 STATE:IDLE
[2026-02-28 00:01:27] CHK EMA1m:NO EMA5m:OK RSI:39.74358974 VOL:OK MOM:0.88% RANGE:0.88% UP:76.92% SPREAD:0.13550135% BID:1.476 ASK:1.478 STATE:IDLE
[2026-02-28 00:01:28] CHK EMA1m:NO EMA5m:OK RSI:39.74358974 VOL:OK MOM:0.95% RANGE:0.95% UP:78.57% SPREAD:0.0677048% BID:1.477 ASK:1.478 STATE:IDLE
[2026-02-28 00:01:28] DECIDE_HOLD reason=HOLD_MIN_NOTIONAL spread=0.0677% mom=0.9569% range=0.9569% up=78.57% rsi=39.74358974358971
[2026-02-28 00:01:30] CHK EMA1m:NO EMA5m:OK RSI:41.97530864 VOL:OK MOM:1.02% RANGE:1.02% UP:78.57% SPREAD:0.1352265% BID:1.479 ASK:1.481 STATE:IDLE
[2026-02-28 00:01:31] CHK EMA1m:NO EMA5m:OK RSI:42.68292682 VOL:OK MOM:0.95% RANGE:0.95% UP:76.92% SPREAD:0.20283975% BID:1.479 ASK:1.482 STATE:IDLE
[2026-02-28 00:01:32] CHK EMA1m:NO EMA5m:OK RSI:42.68292682 VOL:OK MOM:0.88% RANGE:0.88% UP:69.23% SPREAD:0.20283975% BID:1.479 ASK:1.482 STATE:IDLE
[2026-02-28 00:01:33] CHK EMA1m:NO EMA5m:OK RSI:42.68292682 VOL:OK MOM:0.95% RANGE:0.95% UP:71.42% SPREAD:0.2027027% BID:1.48 ASK:1.483 STATE:IDLE
[2026-02-28 00:01:35] CHK EMA1m:NO EMA5m:OK RSI:42.68292682 VOL:OK MOM:1.02% RANGE:1.02% UP:71.42% SPREAD:0.20242914% BID:1.482 ASK:1.485 STATE:IDLE
[2026-02-28 00:01:36] CHK EMA1m:NO EMA5m:OK RSI:42.68292682 VOL:OK MOM:1.15% RANGE:1.15% UP:71.42% SPREAD:0.13468013% BID:1.485 ASK:1.487 STATE:IDLE
[2026-02-28 00:01:38] CHK EMA1m:NO EMA5m:OK RSI:46.59090909 VOL:OK MOM:1.08% RANGE:1.08% UP:64.28% SPREAD:0.2020202% BID:1.485 ASK:1.488 STATE:IDLE
[2026-02-28 00:01:39] CHK EMA1m:NO EMA5m:OK RSI:46.59090909 VOL:OK MOM:1.02% RANGE:1.02% UP:57.14% SPREAD:0.13468013% BID:1.485 ASK:1.487 STATE:IDLE
[2026-02-28 00:01:39] DECIDE_HOLD reason=HOLD_MIN_NOTIONAL spread=0.1347% mom=1.0204% range=1.0204% up=57.14% rsi=46.59090909090908
[2026-02-28 00:01:40] CHK EMA1m:NO EMA5m:OK RSI:46.59090909 VOL:OK MOM:1.01% RANGE:1.01% UP:57.14% SPREAD:0.20188425% BID:1.486 ASK:1.489 STATE:IDLE
[2026-02-28 00:01:42] CHK EMA1m:NO EMA5m:OK RSI:46.59090909 VOL:OK MOM:0.88% RANGE:0.88% UP:57.14% SPREAD:0.20174848% BID:1.487 ASK:1.49 STATE:IDLE
[2026-02-28 00:01:43] CHK EMA1m:NO EMA5m:OK RSI:46.59090909 VOL:OK MOM:0.94% RANGE:0.94% UP:64.28% SPREAD:0.2016129% BID:1.488 ASK:1.491 STATE:IDLE
[2026-02-28 00:01:44] CHK EMA1m:NO EMA5m:OK RSI:46.59090909 VOL:OK MOM:0.81% RANGE:0.81% UP:57.14% SPREAD:0.2016129% BID:1.488 ASK:1.491 STATE:IDLE
[2026-02-28 00:01:46] CHK EMA1m:NO EMA5m:OK RSI:46.59090909 VOL:OK MOM:0.74% RANGE:0.81% UP:53.33% SPREAD:0.13449899% BID:1.487 ASK:1.489 STATE:IDLE
[2026-02-28 00:01:47] CHK EMA1m:NO EMA5m:OK RSI:46.59090909 VOL:OK MOM:0.54% RANGE:0.74% UP:5E+1% SPREAD:0.13468013% BID:1.485 ASK:1.487 STATE:IDLE
[2026-02-28 00:01:48] CHK EMA1m:NO EMA5m:OK RSI:46.59090909 VOL:OK MOM:0.2% RANGE:0.6% UP:42.85% SPREAD:0.20242914% BID:1.482 ASK:1.485 STATE:IDLE
[2026-02-28 00:01:50] CHK EMA1m:NO EMA5m:OK RSI:46.59090909 VOL:OK MOM:0.2% RANGE:0.6% UP:42.85% SPREAD:0.20242914% BID:1.482 ASK:1.485 STATE:IDLE
[2026-02-28 00:01:50] DECIDE_HOLD reason=HOLD_MIN_NOTIONAL spread=0.2024% mom=0.2028% range=0.6085% up=42.86% rsi=46.59090909090908
[2026-02-28 00:01:52] CHK EMA1m:NO EMA5m:OK RSI:46.59090909 VOL:OK MOM:0.2% RANGE:0.6% UP:42.85% SPREAD:0.20242914% BID:1.482 ASK:1.485 STATE:IDLE
[2026-02-28 00:01:53] CHK EMA1m:NO EMA5m:OK RSI:46.59090909 VOL:OK MOM:0.27% RANGE:0.54% UP:42.85% SPREAD:0.20215633% BID:1.484 ASK:1.487 STATE:IDLE
[2026-02-28 00:01:54] CHK EMA1m:NO EMA5m:OK RSI:46.59090909 VOL:OK MOM:0.2% RANGE:0.4% UP:42.85% SPREAD:0.26936026% BID:1.485 ASK:1.489 STATE:IDLE
[2026-02-28 00:01:55] CHK EMA1m:NO EMA5m:OK RSI:46.59090909 VOL:OK MOM:0% RANGE:0.4% UP:35.71% SPREAD:0.26936026% BID:1.485 ASK:1.489 STATE:IDLE
[2026-02-28 00:01:57] CHK EMA1m:NO EMA5m:OK RSI:46.59090909 VOL:OK MOM:0.13% RANGE:0.4% UP:42.85% SPREAD:0.13449899% BID:1.487 ASK:1.489 STATE:IDLE
[2026-02-28 00:01:58] CHK EMA1m:NO EMA5m:OK RSI:46.59090909 VOL:OK MOM:0% RANGE:0.4% UP:42.85% SPREAD:0.26936026% BID:1.485 ASK:1.489 STATE:IDLE
[2026-02-28 00:01:59] CHK EMA1m:NO EMA5m:OK RSI:46.59090909 VOL:OK MOM:-0.13% RANGE:0.4% UP:35.71% SPREAD:0.20215633% BID:1.484 ASK:1.487 STATE:IDLE
[2026-02-28 00:02:00] CHK EMA1m:NO EMA5m:OK RSI:46.59090909 VOL:OK MOM:-0.2% RANGE:0.4% UP:28.57% SPREAD:0.20215633% BID:1.484 ASK:1.487 STATE:IDLE
[2026-02-28 00:02:01] DECIDE_HOLD reason=HOLD_MOM spread=0.2022% mom=-0.2017% range=0.4049% up=28.57% rsi=46.59090909090908
[2026-02-28 00:02:02] CHK EMA1m:NO EMA5m:OK RSI:52.56410256 VOL:NO MOM:-0.06% RANGE:0.4% UP:33.33% SPREAD:0.20188425% BID:1.486 ASK:1.489 STATE:IDLE
[2026-02-28 00:02:03] CHK EMA1m:NO EMA5m:OK RSI:52.56410256 VOL:NO MOM:-0.06% RANGE:0.4% UP:33.33% SPREAD:0.13449899% BID:1.487 ASK:1.489 STATE:IDLE
[2026-02-28 00:02:04] CHK EMA1m:NO EMA5m:OK RSI:52.56410256 VOL:NO MOM:0.06% RANGE:0.47% UP:4E+1% SPREAD:0.26863666% BID:1.489 ASK:1.493 STATE:IDLE
[2026-02-28 00:02:06] CHK EMA1m:NO EMA5m:OK RSI:56.47058823 VOL:OK MOM:0.26% RANGE:0.6% UP:46.66% SPREAD:0.13413816% BID:1.491 ASK:1.493 STATE:IDLE
[2026-02-28 00:02:08] CHK EMA1m:NO EMA5m:OK RSI:55.95238095 VOL:OK MOM:0.4% RANGE:0.6% UP:46.66% SPREAD:0.13413816% BID:1.491 ASK:1.493 STATE:IDLE
[2026-02-28 00:02:10] CHK EMA1m:NO EMA5m:OK RSI:57.95454545 VOL:OK MOM:0.74% RANGE:0.74% UP:57.14% SPREAD:0.06697923% BID:1.493 ASK:1.494 STATE:IDLE
[2026-02-28 00:02:11] CHK EMA1m:NO EMA5m:OK RSI:57.95454545 VOL:OK MOM:0.74% RANGE:0.74% UP:57.14% SPREAD:0.13395847% BID:1.493 ASK:1.495 STATE:IDLE
[2026-02-28 00:02:11] DECIDE_HOLD reason=HOLD_MIN_NOTIONAL spread=0.1340% mom=0.7422% range=0.7422% up=57.14% rsi=57.954545454545475
[2026-02-28 00:02:13] CHK EMA1m:NO EMA5m:OK RSI:58.42696629 VOL:OK MOM:0.74% RANGE:0.74% UP:57.14% SPREAD:0.06688963% BID:1.495 ASK:1.496 STATE:IDLE
[2026-02-28 00:02:14] CHK EMA1m:NO EMA5m:OK RSI:58.88888888 VOL:OK MOM:0.74% RANGE:0.8% UP:57.14% SPREAD:0.13368983% BID:1.496 ASK:1.498 STATE:IDLE
[2026-02-28 00:02:15] CHK EMA1m:NO EMA5m:OK RSI:58.88888888 VOL:OK MOM:0.53% RANGE:0.8% UP:57.14% SPREAD:0.2009377% BID:1.493 ASK:1.496 STATE:IDLE
[2026-02-28 00:02:16] CHK EMA1m:NO EMA5m:OK RSI:58.88888888 VOL:OK MOM:0.6% RANGE:0.8% UP:57.14% SPREAD:0.20053475% BID:1.496 ASK:1.499 STATE:IDLE
[2026-02-28 00:02:18] CHK EMA1m:NO EMA5m:OK RSI:58.88888888 VOL:OK MOM:0.6% RANGE:0.8% UP:57.14% SPREAD:0.20080321% BID:1.494 ASK:1.497 STATE:IDLE
[2026-02-28 00:02:19] CHK EMA1m:NO EMA5m:OK RSI:58.88888888 VOL:OK MOM:0.87% RANGE:0.87% UP:69.23% SPREAD:0.2004008% BID:1.497 ASK:1.5 STATE:IDLE
[2026-02-28 00:02:20] CHK EMA1m:NO EMA5m:OK RSI:58.88888888 VOL:OK MOM:0.74% RANGE:0.74% UP:61.53% SPREAD:0.13360053% BID:1.497 ASK:1.499 STATE:IDLE
[2026-02-28 00:02:22] CHK EMA1m:NO EMA5m:OK RSI:58.42696629 VOL:OK MOM:0.87% RANGE:0.87% UP:61.53% SPREAD:0.13333333% BID:1.5 ASK:1.502 STATE:IDLE
[2026-02-28 00:02:22] DECIDE_HOLD reason=HOLD_MIN_NOTIONAL spread=0.1333% mom=0.8742% range=0.8742% up=61.54% rsi=58.4269662921348
[2026-02-28 00:02:23] CHK EMA1m:NO EMA5m:OK RSI:60.21505376 VOL:OK MOM:0.8% RANGE:0.87% UP:57.14% SPREAD:0.13342228% BID:1.499 ASK:1.501 STATE:IDLE
[2026-02-28 00:02:24] CHK EMA1m:NO EMA5m:OK RSI:60.21505376 VOL:OK MOM:0.53% RANGE:0.6% UP:46.15% SPREAD:0.13342228% BID:1.499 ASK:1.501 STATE:IDLE
[2026-02-28 00:02:26] CHK EMA1m:NO EMA5m:OK RSI:59.34065934 VOL:OK MOM:0.4% RANGE:0.6% UP:46.15% SPREAD:0.2004008% BID:1.497 ASK:1.5 STATE:IDLE
[2026-02-28 00:02:27] CHK EMA1m:NO EMA5m:OK RSI:59.34065934 VOL:OK MOM:0.06% RANGE:0.46% UP:38.46% SPREAD:0.20080321% BID:1.494 ASK:1.497 STATE:IDLE
[2026-02-28 00:02:28] CHK EMA1m:NO EMA5m:OK RSI:59.34065934 VOL:OK MOM:0.06% RANGE:0.46% UP:35.71% SPREAD:0.20080321% BID:1.494 ASK:1.497 STATE:IDLE
[2026-02-28 00:02:30] CHK EMA1m:NO EMA5m:OK RSI:59.34065934 VOL:OK MOM:0.2% RANGE:0.46% UP:42.85% SPREAD:0.20053475% BID:1.496 ASK:1.499 STATE:IDLE
[2026-02-28 00:02:31] CHK EMA1m:NO EMA5m:OK RSI:59.34065934 VOL:OK MOM:0.2% RANGE:0.46% UP:4E+1% SPREAD:0.13368983% BID:1.496 ASK:1.498 STATE:IDLE
[2026-02-28 00:02:32] CHK EMA1m:NO EMA5m:OK RSI:59.34065934 VOL:OK MOM:0% RANGE:0.46% UP:33.33% SPREAD:0.13377926% BID:1.495 ASK:1.497 STATE:IDLE
[2026-02-28 00:02:32] DECIDE_HOLD reason=HOLD_MOM spread=0.1338% mom=0.0000% range=0.4689% up=33.33% rsi=59.340659340659315
[2026-02-28 00:02:34] CHK EMA1m:NO EMA5m:OK RSI:59.34065934 VOL:OK MOM:-0.4% RANGE:0.67% UP:26.66% SPREAD:0.20134228% BID:1.49 ASK:1.493 STATE:IDLE
[2026-02-28 00:02:35] CHK EMA1m:NO EMA5m:OK RSI:59.34065934 VOL:OK MOM:-0.26% RANGE:0.73% UP:26.66% SPREAD:0.2014775% BID:1.489 ASK:1.492 STATE:IDLE
[2026-02-28 00:02:36] CHK EMA1m:NO EMA5m:OK RSI:59.34065934 VOL:OK MOM:-0.6% RANGE:0.87% UP:2E+1% SPREAD:0.20174848% BID:1.487 ASK:1.49 STATE:IDLE
[2026-02-28 00:02:37] CHK EMA1m:NO EMA5m:OK RSI:59.34065934 VOL:OK MOM:-0.46% RANGE:0.87% UP:2E+1% SPREAD:0.20174848% BID:1.487 ASK:1.49 STATE:IDLE
[2026-02-28 00:02:39] CHK EMA1m:NO EMA5m:OK RSI:55.42168674 VOL:OK MOM:-0.46% RANGE:0.87% UP:2E+1% SPREAD:0.20134228% BID:1.49 ASK:1.493 STATE:IDLE
[2026-02-28 00:02:40] CHK EMA1m:NO EMA5m:OK RSI:55.42168674 VOL:OK MOM:-0.33% RANGE:0.87% UP:26.66% SPREAD:0.20107238% BID:1.492 ASK:1.495 STATE:IDLE
[2026-02-28 00:02:41] CHK EMA1m:NO EMA5m:OK RSI:55.42168674 VOL:OK MOM:-0.59% RANGE:0.87% UP:2E+1% SPREAD:0.20120724% BID:1.491 ASK:1.494 STATE:IDLE
[2026-02-28 00:03:40] SESSION_START symbol=ENSOUSDC dry_run=0 profile=major strategy=momentum base_url=https://api.binance.com
[2026-02-28 00:03:42] CHK EMA1m:OK EMA5m:OK RSI:63.72549019 VOL:OK MOM:0% RANGE:0% UP:0% SPREAD:0.19880715% BID:1.509 ASK:1.512 STATE:IDLE
[2026-02-28 00:03:42] DECIDE_HOLD reason=HOLD_RANGE_CHOP spread=0.1988% mom=0.0000% range=0.0000% up=0.00% rsi=63.72549019607838
[2026-02-28 00:03:43] CHK EMA1m:OK EMA5m:OK RSI:63.72549019 VOL:OK MOM:0.06% RANGE:0.06% UP:1E+2% SPREAD:0.13245033% BID:1.51 ASK:1.512 STATE:IDLE
[2026-02-28 00:03:44] CHK EMA1m:OK EMA5m:OK RSI:63.72549019 VOL:OK MOM:0.19% RANGE:0.19% UP:1E+2% SPREAD:0.19841269% BID:1.512 ASK:1.515 STATE:IDLE
[2026-02-28 00:03:46] CHK EMA1m:OK EMA5m:OK RSI:63.72549019 VOL:OK MOM:0.19% RANGE:0.19% UP:66.66% SPREAD:0.19841269% BID:1.512 ASK:1.515 STATE:IDLE
[2026-02-28 00:03:47] CHK EMA1m:OK EMA5m:OK RSI:63.72549019 VOL:OK MOM:0.13% RANGE:0.19% UP:5E+1% SPREAD:0.26472534% BID:1.511 ASK:1.515 STATE:IDLE
[2026-02-28 00:03:49] CHK EMA1m:OK EMA5m:OK RSI:63.72549019 VOL:OK MOM:0.13% RANGE:0.19% UP:4E+1% SPREAD:0.26472534% BID:1.511 ASK:1.515 STATE:IDLE
[2026-02-28 00:03:50] CHK EMA1m:OK EMA5m:OK RSI:65.09433962 VOL:OK MOM:0.39% RANGE:0.39% UP:5E+1% SPREAD:0.1980198% BID:1.515 ASK:1.518 STATE:IDLE
[2026-02-28 00:03:51] CHK EMA1m:OK EMA5m:OK RSI:66.66666666 VOL:OK MOM:0.39% RANGE:0.39% UP:42.85% SPREAD:0.2640264% BID:1.515 ASK:1.519 STATE:IDLE
[2026-02-28 00:03:53] CHK EMA1m:OK EMA5m:OK RSI:65.09433962 VOL:OK MOM:0.26% RANGE:0.39% UP:37.5% SPREAD:0.26437541% BID:1.513 ASK:1.517 STATE:IDLE
[2026-02-28 00:03:53] DECIDE_HOLD reason=HOLD_SPREAD spread=0.2644% mom=0.2651% range=0.3976% up=37.50% rsi=65.09433962264146
[2026-02-28 00:03:54] CHK EMA1m:OK EMA5m:OK RSI:65.42056074 VOL:OK MOM:0.26% RANGE:0.39% UP:33.33% SPREAD:0.26437541% BID:1.513 ASK:1.517 STATE:IDLE
[2026-02-28 00:03:55] CHK EMA1m:OK EMA5m:OK RSI:65.42056074 VOL:OK MOM:0.19% RANGE:0.39% UP:3E+1% SPREAD:0.19841269% BID:1.512 ASK:1.515 STATE:IDLE
[2026-02-28 00:03:57] CHK EMA1m:OK EMA5m:OK RSI:65.42056074 VOL:OK MOM:0.06% RANGE:0.39% UP:27.27% SPREAD:0.19867549% BID:1.51 ASK:1.513 STATE:IDLE
[2026-02-28 00:03:58] CHK EMA1m:OK EMA5m:OK RSI:65.42056074 VOL:OK MOM:0.06% RANGE:0.39% UP:25% SPREAD:0.19867549% BID:1.51 ASK:1.513 STATE:IDLE
[2026-02-28 00:04:00] CHK EMA1m:OK EMA5m:OK RSI:65.42056074 VOL:OK MOM:0.19% RANGE:0.39% UP:30.76% SPREAD:0.19841269% BID:1.512 ASK:1.515 STATE:IDLE
[2026-02-28 00:04:01] CHK EMA1m:OK EMA5m:OK RSI:61.11111111 VOL:OK MOM:-0.13% RANGE:0.53% UP:28.57% SPREAD:0.132714% BID:1.507 ASK:1.509 STATE:IDLE
[2026-02-28 00:04:02] CHK EMA1m:OK EMA5m:OK RSI:61.11111111 VOL:OK MOM:-0.26% RANGE:0.59% UP:21.42% SPREAD:0.19920318% BID:1.506 ASK:1.509 STATE:IDLE
[2026-02-28 00:04:03] DECIDE_HOLD reason=HOLD_MOM spread=0.1992% mom=-0.2649% range=0.5976% up=21.43% rsi=61.111111111111036
[2026-02-28 00:04:04] CHK EMA1m:OK EMA5m:OK RSI:61.11111111 VOL:OK MOM:-0.39% RANGE:0.59% UP:14.28% SPREAD:0.19920318% BID:1.506 ASK:1.509 STATE:IDLE
[2026-02-28 00:04:06] CHK EMA1m:OK EMA5m:OK RSI:58.40707964 VOL:OK MOM:-0.46% RANGE:0.66% UP:14.28% SPREAD:0.13289036% BID:1.505 ASK:1.507 STATE:IDLE
[2026-02-28 00:04:07] CHK EMA1m:OK EMA5m:OK RSI:58.40707964 VOL:OK MOM:-0.52% RANGE:0.79% UP:15.38% SPREAD:0.26613439% BID:1.503 ASK:1.507 STATE:IDLE
[2026-02-28 00:04:08] CHK EMA1m:OK EMA5m:OK RSI:58.40707964 VOL:OK MOM:-0.85% RANGE:0.86% UP:7.69% SPREAD:0.19973368% BID:1.502 ASK:1.505 STATE:IDLE
[2026-02-28 00:04:09] CHK EMA1m:OK EMA5m:OK RSI:57.39130434 VOL:OK MOM:-1.05% RANGE:1.06% UP:7.14% SPREAD:0.3335557% BID:1.499 ASK:1.504 STATE:IDLE
[2026-02-28 00:04:10] CHK EMA1m:OK EMA5m:OK RSI:57.39130434 VOL:OK MOM:-0.99% RANGE:1.06% UP:14.28% SPREAD:0.26666666% BID:1.5 ASK:1.504 STATE:IDLE
[2026-02-28 00:04:12] CHK EMA1m:OK EMA5m:OK RSI:57.39130434 VOL:OK MOM:-0.99% RANGE:1.06% UP:13.33% SPREAD:0.26666666% BID:1.5 ASK:1.504 STATE:IDLE
[2026-02-28 00:04:13] CHK EMA1m:OK EMA5m:OK RSI:57.39130434 VOL:OK MOM:-0.72% RANGE:0.93% UP:21.42% SPREAD:0.19973368% BID:1.502 ASK:1.505 STATE:IDLE
[2026-02-28 00:04:13] DECIDE_HOLD reason=HOLD_MIN_NOTIONAL spread=0.1997% mom=-0.7270% range=0.9340% up=21.43% rsi=57.39130434782606
[2026-02-28 00:04:14] CHK EMA1m:OK EMA5m:OK RSI:57.39130434 VOL:OK MOM:-0.52% RANGE:0.86% UP:28.57% SPREAD:0.19946808% BID:1.504 ASK:1.507 STATE:IDLE
[2026-02-28 00:04:15] CHK EMA1m:OK EMA5m:OK RSI:57.39130434 VOL:OK MOM:-0.39% RANGE:0.86% UP:28.57% SPREAD:0.19946808% BID:1.504 ASK:1.507 STATE:IDLE
[2026-02-28 00:04:17] CHK EMA1m:OK EMA5m:OK RSI:57.39130434 VOL:OK MOM:-0.39% RANGE:0.86% UP:26.66% SPREAD:0.19946808% BID:1.504 ASK:1.507 STATE:IDLE
[2026-02-28 00:04:18] CHK EMA1m:OK EMA5m:OK RSI:57.39130434 VOL:OK MOM:-0.59% RANGE:0.86% UP:21.42% SPREAD:0.26613439% BID:1.503 ASK:1.507 STATE:IDLE
[2026-02-28 00:04:19] CHK EMA1m:OK EMA5m:OK RSI:57.39130434 VOL:OK MOM:-0.72% RANGE:0.86% UP:2E+1% SPREAD:0.33311125% BID:1.501 ASK:1.506 STATE:IDLE
[2026-02-28 00:04:20] CHK EMA1m:OK EMA5m:OK RSI:57.39130434 VOL:OK MOM:-0.39% RANGE:0.53% UP:2E+1% SPREAD:0.33311125% BID:1.501 ASK:1.506 STATE:IDLE
[2026-02-28 00:04:21] CHK EMA1m:OK EMA5m:OK RSI:56.41025641 VOL:OK MOM:-0.46% RANGE:0.53% UP:18.75% SPREAD:0.26666666% BID:1.5 ASK:1.504 STATE:IDLE
[2026-02-28 00:04:22] CHK EMA1m:OK EMA5m:OK RSI:56.41025641 VOL:OK MOM:-0.39% RANGE:0.46% UP:18.75% SPREAD:0.26666666% BID:1.5 ASK:1.504 STATE:IDLE
[2026-02-28 00:04:23] CHK EMA1m:OK EMA5m:OK RSI:56.41025641 VOL:OK MOM:-0.39% RANGE:0.46% UP:18.75% SPREAD:0.26666666% BID:1.5 ASK:1.504 STATE:IDLE
[2026-02-28 00:04:23] DECIDE_HOLD reason=HOLD_SPREAD spread=0.2667% mom=-0.3984% range=0.4670% up=18.75% rsi=56.41025641025638
[2026-02-28 00:04:24] CHK EMA1m:OK EMA5m:OK RSI:56.41025641 VOL:OK MOM:-0.33% RANGE:0.4% UP:18.75% SPREAD:0.26666666% BID:1.5 ASK:1.504 STATE:IDLE
[2026-02-28 00:04:25] CHK EMA1m:OK EMA5m:OK RSI:56.41025641 VOL:OK MOM:-0.26% RANGE:0.4% UP:23.52% SPREAD:0.266489% BID:1.501 ASK:1.505 STATE:IDLE
[2026-02-28 00:04:26] CHK EMA1m:OK EMA5m:OK RSI:56.41025641 VOL:OK MOM:-0.19% RANGE:0.33% UP:23.52% SPREAD:0.26666666% BID:1.5 ASK:1.504 STATE:IDLE
[2026-02-28 00:04:28] CHK EMA1m:OK EMA5m:OK RSI:57.39130434 VOL:OK MOM:-0.13% RANGE:0.33% UP:23.52% SPREAD:0.26666666% BID:1.5 ASK:1.504 STATE:IDLE
[2026-02-28 00:04:29] CHK EMA1m:OK EMA5m:OK RSI:57.39130434 VOL:OK MOM:0.2% RANGE:0.33% UP:29.41% SPREAD:0.13315579% BID:1.502 ASK:1.504 STATE:IDLE
[2026-02-28 00:04:30] CHK EMA1m:OK EMA5m:OK RSI:57.39130434 VOL:OK MOM:0.13% RANGE:0.26% UP:23.52% SPREAD:0.13315579% BID:1.502 ASK:1.504 STATE:IDLE
[2026-02-28 00:04:31] CHK EMA1m:OK EMA5m:OK RSI:57.39130434 VOL:OK MOM:0% RANGE:0.26% UP:23.52% SPREAD:0.19999999% BID:1.5 ASK:1.503 STATE:IDLE
[2026-02-28 00:04:33] CHK EMA1m:OK EMA5m:OK RSI:56.41025641 VOL:OK MOM:-0.13% RANGE:0.26% UP:17.64% SPREAD:0.19999999% BID:1.5 ASK:1.503 STATE:IDLE
[2026-02-28 00:04:34] CHK EMA1m:OK EMA5m:OK RSI:56.41025641 VOL:OK MOM:-0.33% RANGE:0.33% UP:12.5% SPREAD:0.26684456% BID:1.499 ASK:1.503 STATE:IDLE
[2026-02-28 00:04:34] DECIDE_HOLD reason=HOLD_SPREAD spread=0.2668% mom=-0.3324% range=0.3336% up=12.50% rsi=56.41025641025638
[2026-02-28 00:04:35] CHK EMA1m:OK EMA5m:OK RSI:56.41025641 VOL:OK MOM:-0.33% RANGE:0.33% UP:11.76% SPREAD:0.26684456% BID:1.499 ASK:1.503 STATE:IDLE
[2026-02-28 00:04:36] CHK EMA1m:OK EMA5m:OK RSI:56.41025641 VOL:OK MOM:-0.26% RANGE:0.33% UP:17.64% SPREAD:0.19999999% BID:1.5 ASK:1.503 STATE:IDLE
[2026-02-28 00:04:37] CHK EMA1m:OK EMA5m:OK RSI:55.93220338 VOL:OK MOM:-0.53% RANGE:0.53% UP:17.64% SPREAD:0.20066889% BID:1.495 ASK:1.498 STATE:IDLE
[2026-02-28 00:04:39] CHK EMA1m:OK EMA5m:OK RSI:55.93220338 VOL:OK MOM:-0.46% RANGE:0.53% UP:17.64% SPREAD:0.26773761% BID:1.494 ASK:1.498 STATE:IDLE
[2026-02-28 00:04:40] CHK EMA1m:OK EMA5m:OK RSI:55 VOL:OK MOM:-0.53% RANGE:0.6% UP:17.64% SPREAD:0.2009377% BID:1.493 ASK:1.496 STATE:IDLE
[2026-02-28 00:04:41] CHK EMA1m:OK EMA5m:OK RSI:55 VOL:OK MOM:-0.59% RANGE:0.73% UP:18.75% SPREAD:0.20120724% BID:1.491 ASK:1.494 STATE:IDLE
[2026-02-28 00:04:42] CHK EMA1m:OK EMA5m:OK RSI:55 VOL:OK MOM:-0.66% RANGE:0.8% UP:18.75% SPREAD:0.20134228% BID:1.49 ASK:1.493 STATE:IDLE
[2026-02-28 00:04:44] CHK EMA1m:OK EMA5m:OK RSI:55 VOL:OK MOM:-0.8% RANGE:0.94% UP:18.75% SPREAD:0.2016129% BID:1.488 ASK:1.491 STATE:IDLE
[2026-02-28 00:04:47] CHK EMA1m:OK EMA5m:OK RSI:49.62406015 VOL:OK MOM:-1.13% RANGE:1.28% UP:13.33% SPREAD:0.13486176% BID:1.483 ASK:1.485 STATE:IDLE
[2026-02-28 00:04:47] DECIDE_HOLD reason=HOLD_MOM spread=0.1349% mom=-1.1333% range=1.2812% up=13.33% rsi=49.6240601503759
[2026-02-28 00:04:48] CHK EMA1m:OK EMA5m:OK RSI:48.52941176 VOL:OK MOM:-1.39% RANGE:1.41% UP:7.14% SPREAD:0.20256583% BID:1.481 ASK:1.484 STATE:IDLE
[2026-02-28 00:04:50] CHK EMA1m:OK EMA5m:OK RSI:48.52941176 VOL:OK MOM:-1.26% RANGE:1.41% UP:14.28% SPREAD:0.13486176% BID:1.483 ASK:1.485 STATE:IDLE
[2026-02-28 00:04:51] CHK EMA1m:OK EMA5m:OK RSI:48.52941176 VOL:OK MOM:-1.13% RANGE:1.28% UP:14.28% SPREAD:0.26972353% BID:1.483 ASK:1.487 STATE:IDLE
[2026-02-28 00:04:52] CHK EMA1m:OK EMA5m:OK RSI:48.52941176 VOL:OK MOM:-1.06% RANGE:1.28% UP:21.42% SPREAD:0.20215633% BID:1.484 ASK:1.487 STATE:IDLE
[2026-02-28 00:04:53] CHK EMA1m:OK EMA5m:OK RSI:50.76923076 VOL:OK MOM:-0.86% RANGE:1.28% UP:28.57% SPREAD:0.1345895% BID:1.486 ASK:1.488 STATE:IDLE
[2026-02-28 00:04:55] CHK EMA1m:OK EMA5m:OK RSI:50.76923076 VOL:OK MOM:-0.93% RANGE:1.28% UP:28.57% SPREAD:0.26936026% BID:1.485 ASK:1.489 STATE:IDLE
[2026-02-28 00:04:56] CHK EMA1m:OK EMA5m:OK RSI:50.76923076 VOL:OK MOM:-0.99% RANGE:1.28% UP:21.42% SPREAD:0.2020202% BID:1.485 ASK:1.488 STATE:IDLE
[2026-02-28 00:04:56] DECIDE_HOLD reason=HOLD_MOM spread=0.2020% mom=-1.0000% range=1.2829% up=21.43% rsi=50.76923076923077
[2026-02-28 00:04:57] CHK EMA1m:OK EMA5m:OK RSI:50.76923076 VOL:OK MOM:-0.73% RANGE:0.94% UP:21.42% SPREAD:0.20215633% BID:1.484 ASK:1.487 STATE:IDLE
[2026-02-28 00:04:58] CHK EMA1m:OK EMA5m:OK RSI:50.76923076 VOL:OK MOM:-0.8% RANGE:0.87% UP:21.42% SPREAD:0.20242914% BID:1.482 ASK:1.485 STATE:IDLE
[2026-02-28 00:05:00] CHK EMA1m:OK EMA5m:OK RSI:48.52941176 VOL:OK MOM:-0.73% RANGE:0.81% UP:21.42% SPREAD:0.13495276% BID:1.482 ASK:1.484 STATE:IDLE
