[2026-02-28 06:35:31] SESSION_START symbol=PAXGUSDC dry_run=0 profile=major strategy=momentum base_url=https://api.binance.com
[2026-02-28 06:35:33] CHK EMA1m:OK EMA5m:OK RSI:68.02325581 VOL:OK MOM:0% RANGE:0% UP:0% SPREAD:0.00018699% BID:5347.79 ASK:5347.8 STATE:IDLE
[2026-02-28 06:35:33] DECIDE_HOLD reason=HOLD_RANGE_CHOP spread=0.0002% mom=0.0000% range=0.0000% up=0.00% rsi=68.02325581395334
[2026-02-28 06:35:34] CHK EMA1m:OK EMA5m:OK RSI:68.02325581 VOL:OK MOM:0% RANGE:0% UP:1E+2% SPREAD:0.00018699% BID:5347.8 ASK:5347.81 STATE:IDLE
[2026-02-28 06:35:35] CHK EMA1m:OK EMA5m:OK RSI:68.02325581 VOL:OK MOM:0% RANGE:0% UP:5E+1% SPREAD:0.00018699% BID:5347.8 ASK:5347.81 STATE:IDLE
[2026-02-28 06:35:36] CHK EMA1m:OK EMA5m:OK RSI:68.41584158 VOL:OK MOM:0.01% RANGE:0.01% UP:66.66% SPREAD:0.00018697% BID:5348.42 ASK:5348.43 STATE:IDLE
[2026-02-28 06:35:37] CHK EMA1m:OK EMA5m:OK RSI:68.60854162 VOL:OK MOM:0.01% RANGE:0.01% UP:75% SPREAD:0.00018696% BID:5348.73 ASK:5348.74 STATE:IDLE
[2026-02-28 06:35:39] CHK EMA1m:OK EMA5m:OK RSI:68.60854162 VOL:OK MOM:0.01% RANGE:0.01% UP:6E+1% SPREAD:0.00018696% BID:5348.73 ASK:5348.74 STATE:IDLE
[2026-02-28 06:35:40] CHK EMA1m:OK EMA5m:OK RSI:68.60854162 VOL:OK MOM:0.01% RANGE:0.01% UP:5E+1% SPREAD:0.00018696% BID:5348.73 ASK:5348.74 STATE:IDLE
[2026-02-28 06:35:41] CHK EMA1m:OK EMA5m:OK RSI:68.60854162 VOL:OK MOM:0.01% RANGE:0.01% UP:42.85% SPREAD:0.00280448% BID:5348.58 ASK:5348.73 STATE:IDLE
[2026-02-28 06:35:42] CHK EMA1m:OK EMA5m:OK RSI:68.60854162 VOL:OK MOM:0.01% RANGE:0.01% UP:5E+1% SPREAD:0.00018696% BID:5348.73 ASK:5348.74 STATE:IDLE
[2026-02-28 06:35:43] CHK EMA1m:OK EMA5m:OK RSI:68.60854162 VOL:OK MOM:0.01% RANGE:0.01% UP:44.44% SPREAD:0.00018696% BID:5348.73 ASK:5348.74 STATE:IDLE
[2026-02-28 06:35:43] DECIDE_HOLD reason=HOLD_RANGE_CHOP spread=0.0002% mom=0.0176% range=0.0176% up=44.44% rsi=68.60854162566429
[2026-02-28 06:35:44] CHK EMA1m:OK EMA5m:OK RSI:68.60854162 VOL:OK MOM:0.01% RANGE:0.01% UP:4E+1% SPREAD:0.00018696% BID:5348.73 ASK:5348.74 STATE:IDLE
[2026-02-28 06:35:47] CHK EMA1m:OK EMA5m:OK RSI:68.98697258 VOL:OK MOM:0.02% RANGE:0.02% UP:45.45% SPREAD:0.00018693% BID:5349.35 ASK:5349.36 STATE:IDLE
[2026-02-28 06:35:48] CHK EMA1m:OK EMA5m:OK RSI:69.17278701 VOL:OK MOM:0.03% RANGE:0.03% UP:5E+1% SPREAD:0.00018692% BID:5349.66 ASK:5349.67 STATE:IDLE
[2026-02-28 06:35:50] CHK EMA1m:OK EMA5m:OK RSI:69.17278701 VOL:OK MOM:0.03% RANGE:0.03% UP:46.15% SPREAD:0.00018692% BID:5349.66 ASK:5349.67 STATE:IDLE
[2026-02-28 06:35:51] CHK EMA1m:OK EMA5m:OK RSI:69.17278701 VOL:OK MOM:0.03% RANGE:0.03% UP:42.85% SPREAD:0.00018692% BID:5349.66 ASK:5349.67 STATE:IDLE
[2026-02-28 06:35:52] CHK EMA1m:OK EMA5m:OK RSI:69.17278701 VOL:OK MOM:0.03% RANGE:0.03% UP:4E+1% SPREAD:0.00467341% BID:5349.41 ASK:5349.66 STATE:IDLE
[2026-02-28 06:35:53] CHK EMA1m:OK EMA5m:OK RSI:69.17278701 VOL:OK MOM:0.03% RANGE:0.03% UP:43.75% SPREAD:0.00018692% BID:5349.66 ASK:5349.67 STATE:IDLE
[2026-02-28 06:35:53] CHK EMA1m:OK EMA5m:OK RSI:69.17278701 VOL:OK MOM:0.03% RANGE:0.03% UP:37.5% SPREAD:0.00018692% BID:5349.66 ASK:5349.67 STATE:IDLE
[2026-02-28 06:35:53] DECIDE_HOLD reason=HOLD_RANGE_CHOP spread=0.0002% mom=0.0348% range=0.0348% up=37.50% rsi=69.17278701198268
[2026-02-28 06:35:55] CHK EMA1m:OK EMA5m:OK RSI:69.17278701 VOL:OK MOM:0.03% RANGE:0.03% UP:37.5% SPREAD:0.00018692% BID:5349.66 ASK:5349.67 STATE:IDLE
[2026-02-28 06:35:56] CHK EMA1m:OK EMA5m:OK RSI:69.17278701 VOL:OK MOM:0.01% RANGE:0.02% UP:31.25% SPREAD:0.01046905% BID:5349.1 ASK:5349.66 STATE:IDLE
[2026-02-28 06:35:57] CHK EMA1m:OK EMA5m:OK RSI:69.17278701 VOL:OK MOM:0% RANGE:0.02% UP:31.25% SPREAD:0.00916029% BID:5349.17 ASK:5349.66 STATE:IDLE
[2026-02-28 06:35:58] CHK EMA1m:OK EMA5m:OK RSI:69.17278701 VOL:OK MOM:0.01% RANGE:0.02% UP:37.5% SPREAD:0.00467341% BID:5349.41 ASK:5349.66 STATE:IDLE
[2026-02-28 06:35:59] CHK EMA1m:OK EMA5m:OK RSI:69.20254875 VOL:OK MOM:0% RANGE:0.02% UP:37.5% SPREAD:0.01533042% BID:5348.84 ASK:5349.66 STATE:IDLE
[2026-02-28 06:36:01] CHK EMA1m:OK EMA5m:OK RSI:68.21442805 VOL:NO MOM:0% RANGE:0.02% UP:43.75% SPREAD:0.01159086% BID:5349.04 ASK:5349.66 STATE:IDLE
[2026-02-28 06:36:02] CHK EMA1m:OK EMA5m:OK RSI:68.52801894 VOL:OK MOM:0.01% RANGE:0.01% UP:46.66% SPREAD:0.00672985% BID:5349.3 ASK:5349.66 STATE:IDLE
[2026-02-28 06:36:03] CHK EMA1m:OK EMA5m:OK RSI:68.52801894 VOL:OK MOM:0.01% RANGE:0.01% UP:53.33% SPREAD:0.00018692% BID:5349.66 ASK:5349.67 STATE:IDLE
[2026-02-28 06:36:04] CHK EMA1m:OK EMA5m:OK RSI:68.52801894 VOL:OK MOM:0% RANGE:0.01% UP:46.66% SPREAD:0.00448646% BID:5349.42 ASK:5349.66 STATE:IDLE
[2026-02-28 06:36:04] DECIDE_HOLD reason=HOLD_RANGE_CHOP spread=0.0045% mom=0.0013% range=0.0153% up=46.67% rsi=68.52801894238355
[2026-02-28 06:36:05] CHK EMA1m:OK EMA5m:OK RSI:68.52801894 VOL:OK MOM:0% RANGE:0.01% UP:5E+1% SPREAD:0.00018692% BID:5349.66 ASK:5349.67 STATE:IDLE
[2026-02-28 06:36:06] CHK EMA1m:OK EMA5m:OK RSI:68.52801894 VOL:OK MOM:0% RANGE:0.01% UP:47.05% SPREAD:0.00018692% BID:5349.66 ASK:5349.67 STATE:IDLE
[2026-02-28 06:36:07] CHK EMA1m:OK EMA5m:OK RSI:68.52801894 VOL:OK MOM:-0% RANGE:0.01% UP:41.17% SPREAD:0.00243012% BID:5349.53 ASK:5349.66 STATE:IDLE
[2026-02-28 06:36:08] CHK EMA1m:OK EMA5m:OK RSI:68.52801894 VOL:OK MOM:0% RANGE:0.01% UP:47.05% SPREAD:0.00018692% BID:5349.66 ASK:5349.67 STATE:IDLE
[2026-02-28 06:36:09] CHK EMA1m:OK EMA5m:OK RSI:68.52801894 VOL:OK MOM:-0% RANGE:0.01% UP:47.05% SPREAD:0.0069168% BID:5349.29 ASK:5349.66 STATE:IDLE
[2026-02-28 06:36:10] CHK EMA1m:OK EMA5m:OK RSI:68.29656131 VOL:OK MOM:-0% RANGE:0.01% UP:5E+1% SPREAD:0.00186931% BID:5349.56 ASK:5349.66 STATE:IDLE
[2026-02-28 06:36:12] CHK EMA1m:OK EMA5m:OK RSI:68.29656131 VOL:OK MOM:0% RANGE:0.01% UP:55.55% SPREAD:0.00018692% BID:5349.66 ASK:5349.67 STATE:IDLE
[2026-02-28 06:36:13] CHK EMA1m:OK EMA5m:OK RSI:68.29656131 VOL:OK MOM:-0% RANGE:0.01% UP:52.94% SPREAD:0.00299093% BID:5349.5 ASK:5349.66 STATE:IDLE
[2026-02-28 06:36:14] CHK EMA1m:OK EMA5m:OK RSI:68.29656131 VOL:OK MOM:0% RANGE:0.01% UP:58.82% SPREAD:0.00018692% BID:5349.66 ASK:5349.67 STATE:IDLE
[2026-02-28 06:36:15] CHK EMA1m:OK EMA5m:OK RSI:68.29656131 VOL:OK MOM:0.01% RANGE:0.01% UP:58.82% SPREAD:0.00018692% BID:5349.66 ASK:5349.67 STATE:IDLE
[2026-02-28 06:36:15] DECIDE_HOLD reason=HOLD_RANGE_CHOP spread=0.0002% mom=0.0105% range=0.0153% up=58.82% rsi=68.29656131981717
[2026-02-28 06:36:16] CHK EMA1m:OK EMA5m:OK RSI:68.29656131 VOL:OK MOM:0% RANGE:0.01% UP:55.55% SPREAD:0.00299093% BID:5349.5 ASK:5349.66 STATE:IDLE
[2026-02-28 06:36:17] CHK EMA1m:OK EMA5m:OK RSI:68.29656131 VOL:OK MOM:0% RANGE:0.01% UP:55.55% SPREAD:0.00261705% BID:5349.53 ASK:5349.67 STATE:IDLE
[2026-02-28 06:36:18] CHK EMA1m:OK EMA5m:OK RSI:68.29656131 VOL:OK MOM:-0.01% RANGE:0.01% UP:5E+1% SPREAD:0.01720031% BID:5348.74 ASK:5349.66 STATE:IDLE
[2026-02-28 06:36:19] CHK EMA1m:OK EMA5m:OK RSI:68.52801894 VOL:OK MOM:-0% RANGE:0.01% UP:5E+1% SPREAD:0.01720031% BID:5348.74 ASK:5349.66 STATE:IDLE
[2026-02-28 06:36:20] CHK EMA1m:OK EMA5m:OK RSI:68.52801894 VOL:OK MOM:-0% RANGE:0.01% UP:44.44% SPREAD:0.01720031% BID:5348.74 ASK:5349.66 STATE:IDLE
[2026-02-28 06:36:21] CHK EMA1m:OK EMA5m:OK RSI:68.52801894 VOL:OK MOM:-0.01% RANGE:0.01% UP:38.88% SPREAD:0.01720031% BID:5348.74 ASK:5349.66 STATE:IDLE
[2026-02-28 06:36:25] CHK EMA1m:OK EMA5m:OK RSI:68.52801894 VOL:OK MOM:-0.01% RANGE:0.01% UP:31.25% SPREAD:0.01720031% BID:5348.74 ASK:5349.66 STATE:IDLE
[2026-02-28 06:36:26] CHK EMA1m:OK EMA5m:OK RSI:68.52801894 VOL:OK MOM:-0.01% RANGE:0.01% UP:37.5% SPREAD:0.01102995% BID:5349.07 ASK:5349.66 STATE:IDLE
[2026-02-28 06:36:26] DECIDE_HOLD reason=HOLD_RANGE_CHOP spread=0.0110% mom=-0.0110% range=0.0172% up=37.50% rsi=68.52801894238355
[2026-02-28 06:36:27] CHK EMA1m:OK EMA5m:OK RSI:68.52801894 VOL:OK MOM:0% RANGE:0.01% UP:43.75% SPREAD:0.00018692% BID:5349.66 ASK:5349.67 STATE:IDLE
[2026-02-28 06:36:28] CHK EMA1m:OK EMA5m:OK RSI:68.52801894 VOL:OK MOM:0% RANGE:0.01% UP:37.5% SPREAD:0.00018692% BID:5349.66 ASK:5349.67 STATE:IDLE
[2026-02-28 06:36:29] CHK EMA1m:OK EMA5m:OK RSI:68.52801894 VOL:OK MOM:0% RANGE:0.01% UP:37.5% SPREAD:0.0057951% BID:5349.34 ASK:5349.65 STATE:IDLE
[2026-02-28 06:36:30] CHK EMA1m:OK EMA5m:OK RSI:68.52801894 VOL:OK MOM:-0% RANGE:0.01% UP:31.25% SPREAD:0.00841247% BID:5349.2 ASK:5349.65 STATE:IDLE
[2026-02-28 06:36:31] CHK EMA1m:OK EMA5m:OK RSI:68.24606808 VOL:OK MOM:-0.01% RANGE:0.01% UP:25% SPREAD:0.00878711% BID:5348.74 ASK:5349.21 STATE:IDLE
[2026-02-28 06:36:32] CHK EMA1m:OK EMA5m:OK RSI:68.24606808 VOL:OK MOM:-0.01% RANGE:0.01% UP:31.25% SPREAD:0.00018695% BID:5348.91 ASK:5348.92 STATE:IDLE
[2026-02-28 06:36:33] CHK EMA1m:OK EMA5m:OK RSI:68.24606808 VOL:OK MOM:-0.01% RANGE:0.01% UP:25% SPREAD:0.00018695% BID:5348.74 ASK:5348.75 STATE:IDLE
[2026-02-28 06:36:34] CHK EMA1m:OK EMA5m:OK RSI:68.24606808 VOL:OK MOM:-0.01% RANGE:0.01% UP:25% SPREAD:0.00018695% BID:5348.74 ASK:5348.75 STATE:IDLE
[2026-02-28 06:36:36] CHK EMA1m:OK EMA5m:OK RSI:67.23629935 VOL:OK MOM:-0.01% RANGE:0.01% UP:25% SPREAD:0.00018695% BID:5348.74 ASK:5348.75 STATE:IDLE
[2026-02-28 06:36:37] CHK EMA1m:OK EMA5m:OK RSI:67.23629935 VOL:OK MOM:-0.05% RANGE:0.05% UP:18.75% SPREAD:0.00018703% BID:5346.53 ASK:5346.54 STATE:IDLE
[2026-02-28 06:36:37] DECIDE_HOLD reason=HOLD_MOM spread=0.0002% mom=-0.0561% range=0.0585% up=18.75% rsi=67.23629935179783
[2026-02-28 06:36:38] CHK EMA1m:OK EMA5m:OK RSI:64.81726945 VOL:OK MOM:-0.04% RANGE:0.06% UP:18.75% SPREAD:0.00018704% BID:5346.26 ASK:5346.27 STATE:IDLE
[2026-02-28 06:36:39] CHK EMA1m:OK EMA5m:OK RSI:62.91122955 VOL:OK MOM:-0.07% RANGE:0.08% UP:18.75% SPREAD:0.00018709% BID:5344.91 ASK:5344.92 STATE:IDLE
[2026-02-28 06:36:41] CHK EMA1m:OK EMA5m:OK RSI:62.91122955 VOL:OK MOM:-0.06% RANGE:0.08% UP:26.66% SPREAD:0.00018708% BID:5345.08 ASK:5345.09 STATE:IDLE
[2026-02-28 06:36:42] CHK EMA1m:OK EMA5m:OK RSI:62.91122955 VOL:OK MOM:-0.06% RANGE:0.08% UP:26.66% SPREAD:0.00018708% BID:5345.05 ASK:5345.06 STATE:IDLE
[2026-02-28 06:36:44] CHK EMA1m:OK EMA5m:OK RSI:62.7037919 VOL:OK MOM:-0.07% RANGE:0.09% UP:25% SPREAD:0.00318072% BID:5344.69 ASK:5344.86 STATE:IDLE
[2026-02-28 06:36:45] CHK EMA1m:OK EMA5m:OK RSI:62.7037919 VOL:OK MOM:-0.05% RANGE:0.09% UP:25% SPREAD:0.00018705% BID:5346.04 ASK:5346.05 STATE:IDLE
[2026-02-28 06:36:47] CHK EMA1m:OK EMA5m:OK RSI:63.90963405 VOL:OK MOM:-0.07% RANGE:0.09% UP:18.75% SPREAD:0.00018706% BID:5345.77 ASK:5345.78 STATE:IDLE
[2026-02-28 06:36:47] DECIDE_HOLD reason=HOLD_MOM spread=0.0002% mom=-0.0727% range=0.0930% up=18.75% rsi=63.90963405526492
[2026-02-28 06:36:48] CHK EMA1m:OK EMA5m:OK RSI:63.90963405 VOL:OK MOM:-0.06% RANGE:0.08% UP:2E+1% SPREAD:0.00018706% BID:5345.68 ASK:5345.69 STATE:IDLE
[2026-02-28 06:36:50] CHK EMA1m:OK EMA5m:OK RSI:63.60089186 VOL:OK MOM:-0.06% RANGE:0.08% UP:26.66% SPREAD:0.00841783% BID:5345.79 ASK:5346.24 STATE:IDLE
