[2026-02-28 00:05:01] SESSION_START symbol=SIGNUSDC dry_run=0 profile=major strategy=momentum base_url=https://api.binance.com
[2026-02-28 00:05:03] CHK EMA1m:OK EMA5m:OK RSI:84.09961685 VOL:OK MOM:0% RANGE:0% UP:0% SPREAD:0.64958498% BID:0.02771 ASK:0.02789 STATE:IDLE
[2026-02-28 00:05:03] DECIDE_HOLD reason=HOLD_SPREAD spread=0.6496% mom=0.0000% range=0.0000% up=0.00% rsi=84.09961685823752
[2026-02-28 00:05:04] CHK EMA1m:OK EMA5m:OK RSI:84.09961685 VOL:OK MOM:0.03% RANGE:0.03% UP:1E+2% SPREAD:0.72150072% BID:0.02772 ASK:0.02792 STATE:IDLE
[2026-02-28 00:05:05] CHK EMA1m:OK EMA5m:OK RSI:84.09961685 VOL:OK MOM:-0.18% RANGE:0.21% UP:5E+1% SPREAD:0.83152566% BID:0.02766 ASK:0.02789 STATE:IDLE
[2026-02-28 00:05:06] CHK EMA1m:OK EMA5m:OK RSI:84.09961685 VOL:OK MOM:0% RANGE:0.21% UP:66.66% SPREAD:0.72176109% BID:0.02771 ASK:0.02791 STATE:IDLE
[2026-02-28 00:05:07] CHK EMA1m:OK EMA5m:OK RSI:84.09961685 VOL:OK MOM:0.21% RANGE:0.39% UP:75% SPREAD:0.50414115% BID:0.02777 ASK:0.02791 STATE:IDLE
[2026-02-28 00:05:09] CHK EMA1m:OK EMA5m:OK RSI:84.60076045 VOL:OK MOM:0.32% RANGE:0.5% UP:8E+1% SPREAD:0.71942446% BID:0.0278 ASK:0.028 STATE:IDLE
[2026-02-28 00:05:10] CHK EMA1m:OK EMA5m:OK RSI:85.11029411 VOL:OK MOM:0.57% RANGE:0.75% UP:83.33% SPREAD:0.7176175% BID:0.02787 ASK:0.02807 STATE:IDLE
[2026-02-28 00:05:11] CHK EMA1m:OK EMA5m:OK RSI:85.11029411 VOL:OK MOM:0.75% RANGE:0.93% UP:85.71% SPREAD:0.64469914% BID:0.02792 ASK:0.0281 STATE:IDLE
[2026-02-28 00:05:12] CHK EMA1m:OK EMA5m:OK RSI:85.11029411 VOL:OK MOM:1.01% RANGE:1.19% UP:87.5% SPREAD:0.75026795% BID:0.02799 ASK:0.0282 STATE:IDLE
[2026-02-28 00:05:13] CHK EMA1m:OK EMA5m:OK RSI:85.11029411 VOL:OK MOM:0.9% RANGE:1.19% UP:77.77% SPREAD:0.75107296% BID:0.02796 ASK:0.02817 STATE:IDLE
[2026-02-28 00:05:13] DECIDE_HOLD reason=HOLD_SPREAD spread=0.7511% mom=0.9022% range=1.1931% up=77.78% rsi=85.11029411764707
[2026-02-28 00:05:14] CHK EMA1m:OK EMA5m:OK RSI:84.83146067 VOL:OK MOM:0.57% RANGE:1.19% UP:7E+1% SPREAD:0.574094% BID:0.02787 ASK:0.02803 STATE:IDLE
[2026-02-28 00:05:15] CHK EMA1m:OK EMA5m:OK RSI:84.51242829 VOL:OK MOM:0.5% RANGE:1.19% UP:63.63% SPREAD:0.64631956% BID:0.02785 ASK:0.02803 STATE:IDLE
[2026-02-28 00:05:16] CHK EMA1m:OK EMA5m:OK RSI:84.74576271 VOL:OK MOM:0.1% RANGE:1.19% UP:58.33% SPREAD:0.75702956% BID:0.02774 ASK:0.02795 STATE:IDLE
[2026-02-28 00:05:17] CHK EMA1m:OK EMA5m:OK RSI:84.74576271 VOL:OK MOM:-0.21% RANGE:1.22% UP:53.84% SPREAD:0.86799276% BID:0.02765 ASK:0.02789 STATE:IDLE
[2026-02-28 00:05:18] CHK EMA1m:OK EMA5m:OK RSI:82.20973782 VOL:OK MOM:-0.54% RANGE:1.56% UP:5E+1% SPREAD:0.76197387% BID:0.02756 ASK:0.02777 STATE:IDLE
[2026-02-28 00:05:20] CHK EMA1m:OK EMA5m:OK RSI:85.29945553 VOL:OK MOM:0.54% RANGE:1.56% UP:53.33% SPREAD:0.8614501% BID:0.02786 ASK:0.0281 STATE:IDLE
[2026-02-28 00:05:21] CHK EMA1m:OK EMA5m:OK RSI:85.16483516 VOL:OK MOM:0.25% RANGE:1.56% UP:5E+1% SPREAD:0.79193664% BID:0.02778 ASK:0.028 STATE:IDLE
[2026-02-28 00:05:22] CHK EMA1m:OK EMA5m:OK RSI:85.16483516 VOL:OK MOM:0.43% RANGE:1.56% UP:52.94% SPREAD:0.71864893% BID:0.02783 ASK:0.02803 STATE:IDLE
[2026-02-28 00:05:23] CHK EMA1m:OK EMA5m:OK RSI:85.16483516 VOL:OK MOM:0.43% RANGE:1.56% UP:5E+1% SPREAD:0.71864893% BID:0.02783 ASK:0.02803 STATE:IDLE
[2026-02-28 00:05:23] CHK EMA1m:OK EMA5m:OK RSI:85.4054054 VOL:OK MOM:0.75% RANGE:1.56% UP:5E+1% SPREAD:0.64446831% BID:0.02793 ASK:0.02811 STATE:IDLE
[2026-02-28 00:05:23] DECIDE_HOLD reason=HOLD_SPREAD spread=0.6445% mom=0.7576% range=1.5602% up=50.00% rsi=85.40540540540543
[2026-02-28 00:05:25] CHK EMA1m:OK EMA5m:OK RSI:85.08287292 VOL:OK MOM:1.12% RANGE:1.56% UP:55.55% SPREAD:0.71505184% BID:0.02797 ASK:0.02817 STATE:IDLE
[2026-02-28 00:05:26] CHK EMA1m:OK EMA5m:OK RSI:85.08287292 VOL:OK MOM:0.75% RANGE:1.56% UP:5E+1% SPREAD:0.93123209% BID:0.02792 ASK:0.02818 STATE:IDLE
[2026-02-28 00:05:27] CHK EMA1m:OK EMA5m:OK RSI:85.08287292 VOL:OK MOM:0.57% RANGE:1.56% UP:5E+1% SPREAD:0.7160759% BID:0.02793 ASK:0.02813 STATE:IDLE
[2026-02-28 00:05:28] CHK EMA1m:OK EMA5m:OK RSI:85.08287292 VOL:OK MOM:0.5% RANGE:1.56% UP:5E+1% SPREAD:0.82319255% BID:0.02794 ASK:0.02817 STATE:IDLE
[2026-02-28 00:05:29] CHK EMA1m:OK EMA5m:OK RSI:85.63829787 VOL:OK MOM:0.57% RANGE:1.7% UP:5E+1% SPREAD:0.89190153% BID:0.02803 ASK:0.02828 STATE:IDLE
[2026-02-28 00:05:30] CHK EMA1m:OK EMA5m:OK RSI:85.9375 VOL:OK MOM:1.07% RANGE:2.21% UP:52.63% SPREAD:1.13596024% BID:0.02817 ASK:0.02849 STATE:IDLE
[2026-02-28 00:05:31] CHK EMA1m:OK EMA5m:OK RSI:85.9375 VOL:OK MOM:0.64% RANGE:2.21% UP:44.44% SPREAD:1.20695775% BID:0.02817 ASK:0.02851 STATE:IDLE
[2026-02-28 00:05:32] CHK EMA1m:OK EMA5m:OK RSI:85.9375 VOL:OK MOM:0.71% RANGE:2.21% UP:44.44% SPREAD:1.13636363% BID:0.02816 ASK:0.02848 STATE:IDLE
[2026-02-28 00:05:33] CHK EMA1m:OK EMA5m:OK RSI:85.61278863 VOL:OK MOM:0.86% RANGE:2.21% UP:44.44% SPREAD:1.10281038% BID:0.02811 ASK:0.02842 STATE:IDLE
[2026-02-28 00:05:34] CHK EMA1m:OK EMA5m:OK RSI:85.61278863 VOL:OK MOM:0.93% RANGE:2.21% UP:44.44% SPREAD:1.03166133% BID:0.02811 ASK:0.0284 STATE:IDLE
[2026-02-28 00:05:34] DECIDE_HOLD reason=HOLD_SPREAD spread=1.0317% mom=0.9336% range=2.2134% up=44.44% rsi=85.61278863232684
[2026-02-28 00:05:36] CHK EMA1m:OK EMA5m:OK RSI:85.81436077 VOL:OK MOM:0.93% RANGE:2.21% UP:42.1% SPREAD:1.03166133% BID:0.02811 ASK:0.0284 STATE:IDLE
[2026-02-28 00:05:37] CHK EMA1m:OK EMA5m:OK RSI:85.81436077 VOL:OK MOM:1.73% RANGE:2.21% UP:5E+1% SPREAD:0.74653394% BID:0.02813 ASK:0.02834 STATE:IDLE
[2026-02-28 00:05:38] CHK EMA1m:OK EMA5m:OK RSI:85.81436077 VOL:OK MOM:2.06% RANGE:2.21% UP:5E+1% SPREAD:0.74653394% BID:0.02813 ASK:0.02834 STATE:IDLE
[2026-02-28 00:05:38] CHK EMA1m:OK EMA5m:OK RSI:86.05851979 VOL:OK MOM:1.54% RANGE:1.83% UP:5E+1% SPREAD:0.70696359% BID:0.02829 ASK:0.02849 STATE:IDLE
[2026-02-28 00:05:39] CHK EMA1m:OK EMA5m:OK RSI:85.83916083 VOL:OK MOM:1.33% RANGE:1.83% UP:5E+1% SPREAD:1.03019538% BID:0.02815 ASK:0.02844 STATE:IDLE
[2026-02-28 00:05:41] CHK EMA1m:OK EMA5m:OK RSI:85.50983899 VOL:OK MOM:1.29% RANGE:1.83% UP:47.36% SPREAD:0.92395167% BID:0.02814 ASK:0.0284 STATE:IDLE
[2026-02-28 00:05:42] CHK EMA1m:OK EMA5m:OK RSI:85.37906137 VOL:OK MOM:1.22% RANGE:1.65% UP:5E+1% SPREAD:0.85197018% BID:0.02817 ASK:0.02841 STATE:IDLE
[2026-02-28 00:05:43] CHK EMA1m:OK EMA5m:OK RSI:85.37906137 VOL:OK MOM:0.75% RANGE:1.32% UP:44.44% SPREAD:0.95948827% BID:0.02814 ASK:0.02841 STATE:IDLE
[2026-02-28 00:05:44] CHK EMA1m:OK EMA5m:OK RSI:85.37906137 VOL:OK MOM:0.21% RANGE:1.32% UP:38.88% SPREAD:1.07028184% BID:0.02803 ASK:0.02833 STATE:IDLE
[2026-02-28 00:05:45] CHK EMA1m:OK EMA5m:OK RSI:85.50983899 VOL:OK MOM:0.35% RANGE:1.32% UP:38.88% SPREAD:1.1063526% BID:0.02802 ASK:0.02833 STATE:IDLE
[2026-02-28 00:05:45] DECIDE_HOLD reason=HOLD_SPREAD spread=1.1064% mom=0.3582% range=1.3252% up=38.89% rsi=85.50983899821111
[2026-02-28 00:05:46] CHK EMA1m:OK EMA5m:OK RSI:85.71428571 VOL:OK MOM:0.75% RANGE:1.32% UP:42.1% SPREAD:0.604337% BID:0.02813 ASK:0.0283 STATE:IDLE
[2026-02-28 00:05:47] CHK EMA1m:OK EMA5m:OK RSI:85.71428571 VOL:OK MOM:0.68% RANGE:1.25% UP:33.33% SPREAD:0.604337% BID:0.02813 ASK:0.0283 STATE:IDLE
[2026-02-28 00:05:49] CHK EMA1m:OK EMA5m:OK RSI:85.02772643 VOL:OK MOM:-0.74% RANGE:1.68% UP:27.77% SPREAD:1.07836089% BID:0.02782 ASK:0.02812 STATE:IDLE
[2026-02-28 00:05:50] CHK EMA1m:OK EMA5m:OK RSI:84.54198473 VOL:OK MOM:-1.7% RANGE:2.16% UP:22.22% SPREAD:0.97508125% BID:0.02769 ASK:0.02796 STATE:IDLE
[2026-02-28 00:05:51] CHK EMA1m:OK EMA5m:OK RSI:83.77862595 VOL:OK MOM:-2.05% RANGE:2.53% UP:22.22% SPREAD:0.72490032% BID:0.02759 ASK:0.02779 STATE:IDLE
[2026-02-28 00:05:52] CHK EMA1m:OK EMA5m:OK RSI:82.20973782 VOL:OK MOM:-2.02% RANGE:2.53% UP:22.22% SPREAD:0.72490032% BID:0.02759 ASK:0.02779 STATE:IDLE
[2026-02-28 00:05:53] CHK EMA1m:OK EMA5m:OK RSI:82.20973782 VOL:OK MOM:-2.02% RANGE:2.72% UP:22.22% SPREAD:0.90777051% BID:0.02754 ASK:0.02779 STATE:IDLE
[2026-02-28 00:05:54] CHK EMA1m:OK EMA5m:OK RSI:81.75046554 VOL:OK MOM:-2.27% RANGE:2.98% UP:22.22% SPREAD:1.16490717% BID:0.02747 ASK:0.02779 STATE:IDLE
[2026-02-28 00:05:55] CHK EMA1m:OK EMA5m:OK RSI:81.75046554 VOL:OK MOM:-2.17% RANGE:2.98% UP:27.77% SPREAD:0.83636363% BID:0.0275 ASK:0.02773 STATE:IDLE
[2026-02-28 00:05:55] DECIDE_HOLD reason=HOLD_SPREAD spread=0.8364% mom=-2.1700% range=2.9851% up=27.78% rsi=81.75046554934825
[2026-02-28 00:05:56] CHK EMA1m:OK EMA5m:OK RSI:84.51242829 VOL:OK MOM:-2.27% RANGE:2.98% UP:22.22% SPREAD:0.87304474% BID:0.02749 ASK:0.02773 STATE:IDLE
[2026-02-28 00:05:57] CHK EMA1m:OK EMA5m:OK RSI:84.51242829 VOL:OK MOM:-2.27% RANGE:2.98% UP:22.22% SPREAD:1.0185522% BID:0.02749 ASK:0.02777 STATE:IDLE
[2026-02-28 00:05:58] CHK EMA1m:OK EMA5m:OK RSI:84.09961685 VOL:OK MOM:-1.94% RANGE:2.98% UP:22.22% SPREAD:0.79307858% BID:0.02774 ASK:0.02796 STATE:IDLE
[2026-02-28 00:05:59] CHK EMA1m:OK EMA5m:OK RSI:84.09961685 VOL:OK MOM:-1.27% RANGE:2.54% UP:27.77% SPREAD:0.82763584% BID:0.02779 ASK:0.02802 STATE:IDLE
[2026-02-28 00:06:00] CHK EMA1m:OK EMA5m:OK RSI:84.8880597 VOL:OK MOM:-1.06% RANGE:2.54% UP:33.33% SPREAD:1.04166666% BID:0.02784 ASK:0.02813 STATE:IDLE
[2026-02-28 00:06:01] CHK EMA1m:OK EMA5m:OK RSI:84.83146067 VOL:NO MOM:-1.17% RANGE:2.54% UP:27.77% SPREAD:1.11350574% BID:0.02784 ASK:0.02815 STATE:IDLE
[2026-02-28 00:06:03] CHK EMA1m:OK EMA5m:OK RSI:84.83146067 VOL:NO MOM:-1.27% RANGE:2.43% UP:27.77% SPREAD:1.15190784% BID:0.02778 ASK:0.0281 STATE:IDLE
[2026-02-28 00:06:04] CHK EMA1m:OK EMA5m:OK RSI:84.67289719 VOL:OK MOM:-0.24% RANGE:2.4% UP:33.33% SPREAD:0.92989985% BID:0.02796 ASK:0.02822 STATE:IDLE
[2026-02-28 00:06:05] CHK EMA1m:OK EMA5m:OK RSI:84.67289719 VOL:OK MOM:-0.39% RANGE:2.4% UP:33.33% SPREAD:1.14654245% BID:0.02791 ASK:0.02823 STATE:IDLE
[2026-02-28 00:06:06] CHK EMA1m:OK EMA5m:OK RSI:85.37906137 VOL:OK MOM:-0.6% RANGE:2.4% UP:33.33% SPREAD:0.96566523% BID:0.02796 ASK:0.02823 STATE:IDLE
[2026-02-28 00:06:06] DECIDE_HOLD reason=HOLD_SPREAD spread=0.9657% mom=-0.6043% range=2.4026% up=33.33% rsi=85.37906137184117
[2026-02-28 00:06:07] CHK EMA1m:OK EMA5m:OK RSI:85.78947368 VOL:OK MOM:-0.6% RANGE:2.4% UP:33.33% SPREAD:1.03719599% BID:0.02796 ASK:0.02825 STATE:IDLE
[2026-02-28 00:06:08] CHK EMA1m:OK EMA5m:OK RSI:85.88850174 VOL:OK MOM:0.5% RANGE:1.78% UP:33.33% SPREAD:1.03719599% BID:0.02796 ASK:0.02825 STATE:IDLE
[2026-02-28 00:06:09] CHK EMA1m:OK EMA5m:OK RSI:85.88850174 VOL:OK MOM:0.97% RANGE:1.78% UP:33.33% SPREAD:1.25178826% BID:0.02796 ASK:0.02831 STATE:IDLE
[2026-02-28 00:06:10] CHK EMA1m:OK EMA5m:OK RSI:85.88850174 VOL:OK MOM:1.19% RANGE:1.78% UP:33.33% SPREAD:1.18194842% BID:0.02792 ASK:0.02825 STATE:IDLE
[2026-02-28 00:06:11] CHK EMA1m:OK EMA5m:OK RSI:85.88850174 VOL:OK MOM:1.19% RANGE:1.78% UP:33.33% SPREAD:1.07449856% BID:0.02792 ASK:0.02822 STATE:IDLE
[2026-02-28 00:06:12] CHK EMA1m:OK EMA5m:OK RSI:85.19195612 VOL:OK MOM:1.67% RANGE:1.92% UP:38.88% SPREAD:0.85714285% BID:0.028 ASK:0.02824 STATE:IDLE
[2026-02-28 00:06:13] CHK EMA1m:OK EMA5m:OK RSI:85.24590163 VOL:OK MOM:1.56% RANGE:1.92% UP:36.84% SPREAD:0.39327851% BID:0.02797 ASK:0.02808 STATE:IDLE
[2026-02-28 00:06:14] CHK EMA1m:OK EMA5m:OK RSI:85.56149732 VOL:OK MOM:2.29% RANGE:2.32% UP:38.88% SPREAD:0.46214006% BID:0.02813 ASK:0.02826 STATE:IDLE
[2026-02-28 00:06:15] CHK EMA1m:OK EMA5m:OK RSI:85.11029411 VOL:OK MOM:2.54% RANGE:2.54% UP:44.44% SPREAD:0.31926214% BID:0.02819 ASK:0.02828 STATE:IDLE
[2026-02-28 00:06:16] CHK EMA1m:OK EMA5m:OK RSI:85.76449912 VOL:OK MOM:2.65% RANGE:2.65% UP:5E+1% SPREAD:0.56697377% BID:0.02822 ASK:0.02838 STATE:IDLE
[2026-02-28 00:06:16] DECIDE_HOLD reason=HOLD_SPREAD spread=0.5670% mom=2.6555% range=2.6555% up=50.00% rsi=85.7644991212654
[2026-02-28 00:06:17] CHK EMA1m:OK EMA5m:OK RSI:86.36363636 VOL:OK MOM:1.87% RANGE:1.87% UP:5E+1% SPREAD:0.70771408% BID:0.02826 ASK:0.02846 STATE:IDLE
[2026-02-28 00:06:19] CHK EMA1m:OK EMA5m:OK RSI:86.03448275 VOL:OK MOM:1.79% RANGE:1.83% UP:5E+1% SPREAD:0.45952633% BID:0.02829 ASK:0.02842 STATE:IDLE
[2026-02-28 00:06:20] CHK EMA1m:OK EMA5m:OK RSI:85.9375 VOL:OK MOM:1.4% RANGE:1.83% UP:44.44% SPREAD:0.60219624% BID:0.02823 ASK:0.0284 STATE:IDLE
[2026-02-28 00:06:21] CHK EMA1m:OK EMA5m:OK RSI:85.91304347 VOL:OK MOM:0.93% RANGE:1.83% UP:44.44% SPREAD:0.24911032% BID:0.0281 ASK:0.02817 STATE:IDLE
[2026-02-28 00:06:22] CHK EMA1m:OK EMA5m:OK RSI:85.58718861 VOL:OK MOM:1.22% RANGE:1.83% UP:5E+1% SPREAD:0.17780938% BID:0.02812 ASK:0.02817 STATE:IDLE
[2026-02-28 00:06:23] CHK EMA1m:OK EMA5m:OK RSI:85.58718861 VOL:OK MOM:0.67% RANGE:1.36% UP:5E+1% SPREAD:0.24866785% BID:0.02815 ASK:0.02822 STATE:IDLE
[2026-02-28 00:06:25] CHK EMA1m:OK EMA5m:OK RSI:85.63829787 VOL:OK MOM:0.78% RANGE:1.36% UP:5E+1% SPREAD:0.56878777% BID:0.02813 ASK:0.02829 STATE:IDLE
[2026-02-28 00:06:26] CHK EMA1m:OK EMA5m:OK RSI:85.63829787 VOL:OK MOM:1.18% RANGE:1.32% UP:52.94% SPREAD:0.31813361% BID:0.02829 ASK:0.02838 STATE:IDLE
[2026-02-28 00:06:27] CHK EMA1m:OK EMA5m:OK RSI:85.73943661 VOL:OK MOM:0.35% RANGE:1.32% UP:52.94% SPREAD:0.64148253% BID:0.02806 ASK:0.02824 STATE:IDLE
[2026-02-28 00:06:27] DECIDE_HOLD reason=HOLD_SPREAD spread=0.6415% mom=0.3577% range=1.3252% up=52.94% rsi=85.73943661971833
[2026-02-28 00:06:28] CHK EMA1m:OK EMA5m:OK RSI:84.0445269 VOL:OK MOM:-0.75% RANGE:1.94% UP:52.94% SPREAD:0.54054054% BID:0.02775 ASK:0.0279 STATE:IDLE
[2026-02-28 00:06:29] CHK EMA1m:OK EMA5m:OK RSI:84.0445269 VOL:OK MOM:-0.42% RANGE:1.94% UP:58.82% SPREAD:0.28776978% BID:0.0278 ASK:0.02788 STATE:IDLE
[2026-02-28 00:06:31] CHK EMA1m:OK EMA5m:OK RSI:84.8880597 VOL:OK MOM:-0.17% RANGE:1.94% UP:64.7% SPREAD:0.287047% BID:0.02787 ASK:0.02795 STATE:IDLE
[2026-02-28 00:06:32] CHK EMA1m:OK EMA5m:OK RSI:85.02772643 VOL:OK MOM:-0.78% RANGE:1.94% UP:62.5% SPREAD:0.25225225% BID:0.02775 ASK:0.02782 STATE:IDLE
[2026-02-28 00:06:33] CHK EMA1m:OK EMA5m:OK RSI:83.73382624 VOL:OK MOM:-1.56% RANGE:2.16% UP:56.25% SPREAD:0.3611412% BID:0.02769 ASK:0.02779 STATE:IDLE
[2026-02-28 00:06:34] CHK EMA1m:OK EMA5m:OK RSI:82.66423357 VOL:OK MOM:-1.74% RANGE:2.35% UP:52.94% SPREAD:0.2894356% BID:0.02764 ASK:0.02772 STATE:IDLE
[2026-02-28 00:06:35] CHK EMA1m:OK EMA5m:OK RSI:82.66423357 VOL:OK MOM:-1.84% RANGE:2.35% UP:52.94% SPREAD:0.21684134% BID:0.02767 ASK:0.02773 STATE:IDLE
[2026-02-28 00:06:37] CHK EMA1m:OK EMA5m:OK RSI:82.66423357 VOL:OK MOM:-1.84% RANGE:2.35% UP:52.94% SPREAD:0.25270758% BID:0.0277 ASK:0.02777 STATE:IDLE
[2026-02-28 00:06:38] CHK EMA1m:OK EMA5m:OK RSI:82.66423357 VOL:OK MOM:-2.54% RANGE:2.61% UP:43.75% SPREAD:0.76169749% BID:0.02757 ASK:0.02778 STATE:IDLE
[2026-02-28 00:06:38] DECIDE_HOLD reason=HOLD_SPREAD spread=0.7617% mom=-2.5451% range=2.6115% up=43.75% rsi=82.66423357664235
[2026-02-28 00:06:39] CHK EMA1m:OK EMA5m:OK RSI:81.03756708 VOL:OK MOM:-3.25% RANGE:3.58% UP:43.75% SPREAD:1.20834859% BID:0.02731 ASK:0.02764 STATE:IDLE
[2026-02-28 00:06:40] CHK EMA1m:OK EMA5m:OK RSI:81.03756708 VOL:OK MOM:-3.01% RANGE:3.58% UP:47.05% SPREAD:1.13221329% BID:0.02738 ASK:0.02769 STATE:IDLE
[2026-02-28 00:06:41] CHK EMA1m:OK EMA5m:OK RSI:81.03756708 VOL:OK MOM:-2.56% RANGE:3.58% UP:47.05% SPREAD:1.13221329% BID:0.02738 ASK:0.02769 STATE:IDLE
[2026-02-28 00:06:42] CHK EMA1m:OK EMA5m:OK RSI:81.03756708 VOL:OK MOM:-2.63% RANGE:3.58% UP:41.17% SPREAD:0.98612125% BID:0.02738 ASK:0.02765 STATE:IDLE
[2026-02-28 00:06:43] CHK EMA1m:OK EMA5m:OK RSI:81.91681735 VOL:OK MOM:-2.41% RANGE:3.58% UP:41.17% SPREAD:1.31052056% BID:0.02747 ASK:0.02783 STATE:IDLE
[2026-02-28 00:06:44] CHK EMA1m:OK EMA5m:OK RSI:81.91681735 VOL:OK MOM:-2.34% RANGE:3.58% UP:41.17% SPREAD:1.31052056% BID:0.02747 ASK:0.02783 STATE:IDLE
[2026-02-28 00:06:45] CHK EMA1m:OK EMA5m:OK RSI:81.91681735 VOL:OK MOM:-2.89% RANGE:3.58% UP:35.29% SPREAD:1.31052056% BID:0.02747 ASK:0.02783 STATE:IDLE
[2026-02-28 00:06:46] CHK EMA1m:OK EMA5m:OK RSI:81.91681735 VOL:OK MOM:-2.03% RANGE:2.74% UP:41.17% SPREAD:1.09130592% BID:0.02749 ASK:0.02779 STATE:IDLE
[2026-02-28 00:06:47] CHK EMA1m:OK EMA5m:OK RSI:83.42541436 VOL:OK MOM:-2.03% RANGE:2.74% UP:38.88% SPREAD:0.94579847% BID:0.02749 ASK:0.02775 STATE:IDLE
[2026-02-28 00:06:48] CHK EMA1m:OK EMA5m:OK RSI:83.42541436 VOL:OK MOM:-1.11% RANGE:2.05% UP:35.29% SPREAD:0.80029101% BID:0.02749 ASK:0.02771 STATE:IDLE
[2026-02-28 00:06:48] DECIDE_HOLD reason=HOLD_SPREAD spread=0.8003% mom=-1.1151% range=2.0505% up=35.29% rsi=83.42541436464086
[2026-02-28 00:06:49] CHK EMA1m:OK EMA5m:OK RSI:77.83505154 VOL:OK MOM:-2.22% RANGE:2.27% UP:29.41% SPREAD:1.39449541% BID:0.02725 ASK:0.02763 STATE:IDLE
[2026-02-28 00:06:50] CHK EMA1m:OK EMA5m:OK RSI:77.83505154 VOL:OK MOM:-1.54% RANGE:1.83% UP:35.29% SPREAD:1.13469985% BID:0.02732 ASK:0.02763 STATE:IDLE
[2026-02-28 00:06:51] CHK EMA1m:OK EMA5m:OK RSI:77.83505154 VOL:OK MOM:-1.18% RANGE:1.83% UP:38.88% SPREAD:1.05762217% BID:0.02742 ASK:0.02771 STATE:IDLE
[2026-02-28 00:06:53] CHK EMA1m:OK EMA5m:OK RSI:83.57933579 VOL:OK MOM:-0.72% RANGE:1.65% UP:44.44% SPREAD:0.76391415% BID:0.02749 ASK:0.0277 STATE:IDLE
[2026-02-28 00:06:54] CHK EMA1m:OK EMA5m:OK RSI:83.57933579 VOL:OK MOM:-1.12% RANGE:1.65% UP:41.17% SPREAD:0.91374269% BID:0.02736 ASK:0.02761 STATE:IDLE
[2026-02-28 00:06:55] CHK EMA1m:OK EMA5m:OK RSI:83.57933579 VOL:OK MOM:-1.01% RANGE:1.65% UP:41.17% SPREAD:0.94821298% BID:0.02742 ASK:0.02768 STATE:IDLE
[2026-02-28 00:06:56] CHK EMA1m:OK EMA5m:OK RSI:83.57933579 VOL:OK MOM:-0.54% RANGE:1.17% UP:41.17% SPREAD:0.94821298% BID:0.02742 ASK:0.02768 STATE:IDLE
[2026-02-28 00:06:57] CHK EMA1m:OK EMA5m:OK RSI:83.73382624 VOL:OK MOM:-0.21% RANGE:1.17% UP:44.44% SPREAD:0.90876045% BID:0.02751 ASK:0.02776 STATE:IDLE
[2026-02-28 00:06:58] CHK EMA1m:OK EMA5m:OK RSI:83.73382624 VOL:OK MOM:0.95% RANGE:1.17% UP:5E+1% SPREAD:0.76169749% BID:0.02757 ASK:0.02778 STATE:IDLE
[2026-02-28 00:06:59] CHK EMA1m:OK EMA5m:OK RSI:83.73382624 VOL:OK MOM:0.69% RANGE:1.17% UP:44.44% SPREAD:0.76169749% BID:0.02757 ASK:0.02778 STATE:IDLE
[2026-02-28 00:06:59] DECIDE_HOLD reason=HOLD_SPREAD spread=0.7617% mom=0.6939% range=1.1743% up=44.44% rsi=83.73382624768948
[2026-02-28 00:07:00] CHK EMA1m:OK EMA5m:OK RSI:83.73382624 VOL:OK MOM:0.47% RANGE:1.17% UP:44.44% SPREAD:0.98146128% BID:0.02751 ASK:0.02778 STATE:IDLE
[2026-02-28 00:07:01] CHK EMA1m:OK EMA5m:OK RSI:83.73382624 VOL:NO MOM:0.36% RANGE:1.17% UP:44.44% SPREAD:1.09170305% BID:0.02748 ASK:0.02778 STATE:IDLE
[2026-02-28 00:07:02] CHK EMA1m:OK EMA5m:OK RSI:83.73382624 VOL:NO MOM:0.03% RANGE:1.17% UP:38.88% SPREAD:1.09170305% BID:0.02748 ASK:0.02778 STATE:IDLE
[2026-02-28 00:07:04] CHK EMA1m:OK EMA5m:OK RSI:83.73382624 VOL:NO MOM:-0.14% RANGE:1.17% UP:38.88% SPREAD:1.02078016% BID:0.02743 ASK:0.02771 STATE:IDLE
[2026-02-28 00:07:05] CHK EMA1m:OK EMA5m:OK RSI:83.73382624 VOL:NO MOM:0.76% RANGE:1.57% UP:44.44% SPREAD:0.72254335% BID:0.02768 ASK:0.02788 STATE:IDLE
[2026-02-28 00:07:06] CHK EMA1m:OK EMA5m:OK RSI:83.73382624 VOL:NO MOM:0.32% RANGE:1.57% UP:38.88% SPREAD:0.97897026% BID:0.02758 ASK:0.02785 STATE:IDLE
[2026-02-28 00:07:07] CHK EMA1m:OK EMA5m:OK RSI:83.73382624 VOL:NO MOM:0.32% RANGE:1.57% UP:38.88% SPREAD:0.97897026% BID:0.02758 ASK:0.02785 STATE:IDLE
[2026-02-28 00:07:08] CHK EMA1m:OK EMA5m:OK RSI:83.73382624 VOL:NO MOM:0.14% RANGE:1.57% UP:38.88% SPREAD:1.0897203% BID:0.02753 ASK:0.02783 STATE:IDLE
[2026-02-28 00:07:09] CHK EMA1m:OK EMA5m:OK RSI:83.73382624 VOL:NO MOM:1.57% RANGE:1.57% UP:44.44% SPREAD:1.01156069% BID:0.02768 ASK:0.02796 STATE:IDLE
[2026-02-28 00:07:10] CHK EMA1m:OK EMA5m:OK RSI:83.73382624 VOL:NO MOM:1.93% RANGE:1.93% UP:44.44% SPREAD:0.57450628% BID:0.02785 ASK:0.02801 STATE:IDLE
[2026-02-28 00:07:10] DECIDE_HOLD reason=HOLD_SPREAD spread=0.5745% mom=1.9400% range=1.9400% up=44.44% rsi=83.73382624768948
[2026-02-28 00:07:11] CHK EMA1m:OK EMA5m:OK RSI:83.73382624 VOL:NO MOM:1.89% RANGE:2.11% UP:44.44% SPREAD:0.68002863% BID:0.02794 ASK:0.02813 STATE:IDLE
[2026-02-28 00:07:12] CHK EMA1m:OK EMA5m:OK RSI:83.73382624 VOL:NO MOM:0.98% RANGE:2.11% UP:38.88% SPREAD:0.86455331% BID:0.02776 ASK:0.028 STATE:IDLE
[2026-02-28 00:07:13] CHK EMA1m:OK EMA5m:OK RSI:83.73382624 VOL:NO MOM:1.27% RANGE:2.11% UP:38.88% SPREAD:0.97437748% BID:0.02771 ASK:0.02798 STATE:IDLE
[2026-02-28 00:07:14] CHK EMA1m:OK EMA5m:OK RSI:83.73382624 VOL:NO MOM:1.35% RANGE:2.11% UP:42.1% SPREAD:0.86548864% BID:0.02773 ASK:0.02797 STATE:IDLE
[2026-02-28 00:07:15] CHK EMA1m:OK EMA5m:OK RSI:83.73382624 VOL:NO MOM:1.09% RANGE:1.89% UP:38.88% SPREAD:0.79365079% BID:0.02772 ASK:0.02794 STATE:IDLE
[2026-02-28 00:07:16] CHK EMA1m:OK EMA5m:OK RSI:83.73382624 VOL:NO MOM:0.94% RANGE:1.85% UP:38.88% SPREAD:1.15232265% BID:0.02777 ASK:0.02809 STATE:IDLE
[2026-02-28 00:07:17] CHK EMA1m:OK EMA5m:OK RSI:83.73382624 VOL:NO MOM:0.72% RANGE:1.85% UP:33.33% SPREAD:0.97227223% BID:0.02777 ASK:0.02804 STATE:IDLE
[2026-02-28 00:07:18] CHK EMA1m:OK EMA5m:OK RSI:83.73382624 VOL:NO MOM:0.25% RANGE:1.85% UP:33.33% SPREAD:1.12156295% BID:0.02764 ASK:0.02795 STATE:IDLE
[2026-02-28 00:07:20] CHK EMA1m:OK EMA5m:OK RSI:83.73382624 VOL:NO MOM:0.5% RANGE:1.85% UP:36.84% SPREAD:0.86611331% BID:0.02771 ASK:0.02795 STATE:IDLE
[2026-02-28 00:07:21] CHK EMA1m:OK EMA5m:OK RSI:83.73382624 VOL:NO MOM:1.16% RANGE:1.85% UP:44.44% SPREAD:0.7913669% BID:0.0278 ASK:0.02802 STATE:IDLE
[2026-02-28 00:07:21] DECIDE_HOLD reason=HOLD_SPREAD spread=0.7914% mom=1.1645% range=1.8593% up=44.44% rsi=83.73382624768948
[2026-02-28 00:07:22] CHK EMA1m:OK EMA5m:OK RSI:83.73382624 VOL:NO MOM:1.38% RANGE:1.85% UP:5E+1% SPREAD:0.8614501% BID:0.02786 ASK:0.0281 STATE:IDLE
[2026-02-28 00:07:23] CHK EMA1m:OK EMA5m:OK RSI:83.82352941 VOL:OK MOM:1.71% RANGE:1.85% UP:55.55% SPREAD:0.78853046% BID:0.0279 ASK:0.02812 STATE:IDLE
[2026-02-28 00:07:24] CHK EMA1m:OK EMA5m:OK RSI:83.82352941 VOL:OK MOM:0.86% RANGE:1.48% UP:55.55% SPREAD:0.71633237% BID:0.02792 ASK:0.02812 STATE:IDLE
[2026-02-28 00:07:25] CHK EMA1m:OK EMA5m:OK RSI:83.9708561 VOL:OK MOM:0.79% RANGE:1.48% UP:52.63% SPREAD:0.78853046% BID:0.0279 ASK:0.02812 STATE:IDLE
[2026-02-28 00:07:26] CHK EMA1m:OK EMA5m:OK RSI:83.9708561 VOL:OK MOM:0.94% RANGE:1.48% UP:55.55% SPREAD:0.93390804% BID:0.02784 ASK:0.0281 STATE:IDLE
[2026-02-28 00:07:27] CHK EMA1m:OK EMA5m:OK RSI:83.9708561 VOL:OK MOM:1.12% RANGE:1.48% UP:55.55% SPREAD:0.93390804% BID:0.02784 ASK:0.0281 STATE:IDLE
[2026-02-28 00:07:28] CHK EMA1m:OK EMA5m:OK RSI:83.9708561 VOL:OK MOM:0.54% RANGE:1.08% UP:5E+1% SPREAD:0.89831117% BID:0.02783 ASK:0.02808 STATE:IDLE
[2026-02-28 00:07:29] CHK EMA1m:OK EMA5m:OK RSI:83.9708561 VOL:OK MOM:-0.14% RANGE:1.08% UP:44.44% SPREAD:0.97087378% BID:0.02781 ASK:0.02808 STATE:IDLE
[2026-02-28 00:07:30] CHK EMA1m:OK EMA5m:OK RSI:83.9708561 VOL:OK MOM:-0.14% RANGE:1.08% UP:42.1% SPREAD:0.97087378% BID:0.02781 ASK:0.02808 STATE:IDLE
[2026-02-28 00:07:31] CHK EMA1m:OK EMA5m:OK RSI:83.9708561 VOL:OK MOM:0.21% RANGE:1.01% UP:44.44% SPREAD:0.79079798% BID:0.02782 ASK:0.02804 STATE:IDLE
[2026-02-28 00:07:31] DECIDE_HOLD reason=HOLD_SPREAD spread=0.7908% mom=0.2161% range=1.0130% up=44.44% rsi=83.97085610200367
[2026-02-28 00:07:32] CHK EMA1m:OK EMA5m:OK RSI:83.9708561 VOL:OK MOM:0.39% RANGE:1.01% UP:44.44% SPREAD:0.79079798% BID:0.02782 ASK:0.02804 STATE:IDLE
[2026-02-28 00:07:33] CHK EMA1m:OK EMA5m:OK RSI:83.9708561 VOL:OK MOM:0.32% RANGE:1.01% UP:38.88% SPREAD:0.79079798% BID:0.02782 ASK:0.02804 STATE:IDLE
[2026-02-28 00:07:35] CHK EMA1m:OK EMA5m:OK RSI:84.39716312 VOL:OK MOM:0.43% RANGE:1.01% UP:44.44% SPREAD:0.86206896% BID:0.02784 ASK:0.02808 STATE:IDLE
[2026-02-28 00:07:36] CHK EMA1m:OK EMA5m:OK RSI:84.39716312 VOL:OK MOM:0.18% RANGE:1.01% UP:38.88% SPREAD:0.82674335% BID:0.02782 ASK:0.02805 STATE:IDLE
[2026-02-28 00:07:37] CHK EMA1m:OK EMA5m:OK RSI:84.39716312 VOL:OK MOM:-0.07% RANGE:1.01% UP:38.88% SPREAD:0.9009009% BID:0.02775 ASK:0.028 STATE:IDLE
[2026-02-28 00:07:38] CHK EMA1m:OK EMA5m:OK RSI:83.94160583 VOL:OK MOM:0.9% RANGE:1.01% UP:44.44% SPREAD:0.28684116% BID:0.02789 ASK:0.02797 STATE:IDLE
[2026-02-28 00:07:39] CHK EMA1m:OK EMA5m:OK RSI:83.94160583 VOL:OK MOM:0.07% RANGE:0.61% UP:35.29% SPREAD:0.53918044% BID:0.02782 ASK:0.02797 STATE:IDLE
[2026-02-28 00:07:40] CHK EMA1m:OK EMA5m:OK RSI:83.94160583 VOL:OK MOM:0.35% RANGE:0.61% UP:38.88% SPREAD:0.17921146% BID:0.0279 ASK:0.02795 STATE:IDLE
[2026-02-28 00:07:42] CHK EMA1m:OK EMA5m:OK RSI:84.17266187 VOL:OK MOM:0.17% RANGE:0.61% UP:38.88% SPREAD:0.21497671% BID:0.02791 ASK:0.02797 STATE:IDLE
[2026-02-28 00:07:42] DECIDE_HOLD reason=HOLD_MIN_NOTIONAL spread=0.2150% mom=0.1795% range=0.6126% up=38.89% rsi=84.1726618705036
[2026-02-28 00:07:43] CHK EMA1m:OK EMA5m:OK RSI:84.20107719 VOL:OK MOM:0.14% RANGE:0.75% UP:35.29% SPREAD:0.21459227% BID:0.02796 ASK:0.02802 STATE:IDLE
[2026-02-28 00:07:44] CHK EMA1m:OK EMA5m:OK RSI:84.20107719 VOL:OK MOM:0.43% RANGE:0.97% UP:41.17% SPREAD:0.49964311% BID:0.02802 ASK:0.02816 STATE:IDLE
[2026-02-28 00:07:45] CHK EMA1m:OK EMA5m:OK RSI:84.64223385 VOL:OK MOM:0.96% RANGE:1.29% UP:47.05% SPREAD:0.28459622% BID:0.02811 ASK:0.02819 STATE:IDLE
[2026-02-28 00:07:48] CHK EMA1m:OK EMA5m:OK RSI:84.64223385 VOL:OK MOM:1.22% RANGE:1.54% UP:52.94% SPREAD:0.24840312% BID:0.02818 ASK:0.02825 STATE:IDLE
[2026-02-28 00:07:49] CHK EMA1m:OK EMA5m:OK RSI:84.64223385 VOL:OK MOM:0% RANGE:1.54% UP:56.25% SPREAD:0.8989572% BID:0.02781 ASK:0.02806 STATE:IDLE
[2026-02-28 00:07:50] CHK EMA1m:OK EMA5m:OK RSI:84.64223385 VOL:OK MOM:0.21% RANGE:1.54% UP:62.5% SPREAD:0.60997488% BID:0.02787 ASK:0.02804 STATE:IDLE
[2026-02-28 00:07:51] CHK EMA1m:OK EMA5m:OK RSI:83.853211 VOL:OK MOM:0.03% RANGE:1.54% UP:56.25% SPREAD:0.89831117% BID:0.02783 ASK:0.02808 STATE:IDLE
[2026-02-28 00:07:52] CHK EMA1m:OK EMA5m:OK RSI:83.853211 VOL:OK MOM:0.03% RANGE:1.54% UP:56.25% SPREAD:0.97017606% BID:0.02783 ASK:0.0281 STATE:IDLE
[2026-02-28 00:07:52] DECIDE_HOLD reason=HOLD_SPREAD spread=0.9702% mom=0.0359% range=1.5495% up=56.25% rsi=83.85321100917432
[2026-02-28 00:07:53] CHK EMA1m:OK EMA5m:OK RSI:83.853211 VOL:OK MOM:-0.14% RANGE:1.54% UP:56.25% SPREAD:0.79193664% BID:0.02778 ASK:0.028 STATE:IDLE
[2026-02-28 00:07:54] CHK EMA1m:OK EMA5m:OK RSI:83.853211 VOL:OK MOM:-0.21% RANGE:1.54% UP:5E+1% SPREAD:0.97192224% BID:0.02778 ASK:0.02805 STATE:IDLE
[2026-02-28 00:07:55] CHK EMA1m:OK EMA5m:OK RSI:83.853211 VOL:OK MOM:-0.14% RANGE:1.54% UP:5E+1% SPREAD:0.97192224% BID:0.02778 ASK:0.02805 STATE:IDLE
[2026-02-28 00:07:56] CHK EMA1m:OK EMA5m:OK RSI:83.853211 VOL:OK MOM:0.1% RANGE:1.54% UP:5E+1% SPREAD:0.97192224% BID:0.02778 ASK:0.02805 STATE:IDLE
[2026-02-28 00:07:57] CHK EMA1m:OK EMA5m:OK RSI:83.853211 VOL:OK MOM:0.21% RANGE:1.54% UP:52.94% SPREAD:0.79108234% BID:0.02781 ASK:0.02803 STATE:IDLE
[2026-02-28 00:07:58] CHK EMA1m:OK EMA5m:OK RSI:83.853211 VOL:OK MOM:0.14% RANGE:1.43% UP:56.25% SPREAD:0.8614501% BID:0.02786 ASK:0.0281 STATE:IDLE
[2026-02-28 00:07:59] CHK EMA1m:OK EMA5m:OK RSI:84.64223385 VOL:OK MOM:0.32% RANGE:1.43% UP:58.82% SPREAD:0.82407739% BID:0.02791 ASK:0.02814 STATE:IDLE
[2026-02-28 00:08:00] CHK EMA1m:OK EMA5m:OK RSI:84.64223385 VOL:OK MOM:0.03% RANGE:1.43% UP:52.94% SPREAD:0.68075958% BID:0.02791 ASK:0.0281 STATE:IDLE
[2026-02-28 00:08:01] CHK EMA1m:OK EMA5m:OK RSI:84.93870402 VOL:NO MOM:0% RANGE:1.43% UP:47.05% SPREAD:0.96739519% BID:0.02791 ASK:0.02818 STATE:IDLE
[2026-02-28 00:08:03] CHK EMA1m:OK EMA5m:OK RSI:85.0174216 VOL:OK MOM:-0.17% RANGE:1.43% UP:41.17% SPREAD:0.89573629% BID:0.02791 ASK:0.02816 STATE:IDLE
[2026-02-28 00:08:03] DECIDE_HOLD reason=HOLD_SPREAD spread=0.8957% mom=-0.1788% range=1.4399% up=41.18% rsi=85.01742160278746
[2026-02-28 00:08:04] CHK EMA1m:OK EMA5m:OK RSI:85.0174216 VOL:OK MOM:-0.32% RANGE:1.43% UP:41.17% SPREAD:0.96670247% BID:0.02793 ASK:0.0282 STATE:IDLE
[2026-02-28 00:08:05] CHK EMA1m:OK EMA5m:OK RSI:85.17241379 VOL:OK MOM:0.14% RANGE:1.43% UP:41.17% SPREAD:0.88809946% BID:0.02815 ASK:0.0284 STATE:IDLE
[2026-02-28 00:08:06] CHK EMA1m:OK EMA5m:OK RSI:84.93870402 VOL:OK MOM:0.03% RANGE:1.47% UP:41.17% SPREAD:0.70947144% BID:0.02819 ASK:0.02839 STATE:IDLE
[2026-02-28 00:08:07] CHK EMA1m:OK EMA5m:OK RSI:84.93870402 VOL:OK MOM:1.07% RANGE:1.47% UP:41.17% SPREAD:0.78263963% BID:0.02811 ASK:0.02833 STATE:IDLE
[2026-02-28 00:08:08] CHK EMA1m:OK EMA5m:OK RSI:84.93870402 VOL:OK MOM:1.22% RANGE:1.47% UP:44.44% SPREAD:0.63943161% BID:0.02815 ASK:0.02833 STATE:IDLE
[2026-02-28 00:08:09] CHK EMA1m:OK EMA5m:OK RSI:84.93870402 VOL:OK MOM:1.18% RANGE:1.51% UP:44.44% SPREAD:0.74468085% BID:0.0282 ASK:0.02841 STATE:IDLE
[2026-02-28 00:08:10] CHK EMA1m:OK EMA5m:OK RSI:84.93870402 VOL:OK MOM:1.47% RANGE:1.65% UP:5E+1% SPREAD:0.67280453% BID:0.02824 ASK:0.02843 STATE:IDLE
[2026-02-28 00:08:11] CHK EMA1m:OK EMA5m:OK RSI:86.03896103 VOL:OK MOM:1.54% RANGE:1.72% UP:55.55% SPREAD:0.77848549% BID:0.02826 ASK:0.02848 STATE:IDLE
[2026-02-28 00:08:12] CHK EMA1m:OK EMA5m:OK RSI:85.94771241 VOL:OK MOM:1.87% RANGE:1.87% UP:61.11% SPREAD:0.91872791% BID:0.0283 ASK:0.02856 STATE:IDLE
[2026-02-28 00:08:13] CHK EMA1m:OK EMA5m:OK RSI:85.42372881 VOL:OK MOM:1.58% RANGE:1.87% UP:57.89% SPREAD:0.95676824% BID:0.02822 ASK:0.02849 STATE:IDLE
[2026-02-28 00:08:13] DECIDE_HOLD reason=HOLD_SPREAD spread=0.9568% mom=1.5839% range=1.8719% up=57.89% rsi=85.42372881355932
[2026-02-28 00:08:14] CHK EMA1m:OK EMA5m:OK RSI:86.24 VOL:OK MOM:1.65% RANGE:1.87% UP:66.66% SPREAD:0.99150141% BID:0.02824 ASK:0.02852 STATE:IDLE
[2026-02-28 00:08:15] CHK EMA1m:OK EMA5m:OK RSI:86.24 VOL:OK MOM:1.65% RANGE:1.87% UP:66.66% SPREAD:0.92067988% BID:0.02824 ASK:0.0285 STATE:IDLE
[2026-02-28 00:08:16] CHK EMA1m:OK EMA5m:OK RSI:86.24 VOL:OK MOM:1.54% RANGE:1.76% UP:61.11% SPREAD:0.84985835% BID:0.02824 ASK:0.02848 STATE:IDLE
[2026-02-28 00:08:17] CHK EMA1m:OK EMA5m:OK RSI:86.26198083 VOL:OK MOM:1.75% RANGE:1.75% UP:61.11% SPREAD:1.16402116% BID:0.02835 ASK:0.02868 STATE:IDLE
[2026-02-28 00:08:19] CHK EMA1m:OK EMA5m:OK RSI:86.26198083 VOL:OK MOM:1.5% RANGE:1.75% UP:57.89% SPREAD:1.1669024% BID:0.02828 ASK:0.02861 STATE:IDLE
[2026-02-28 00:08:20] CHK EMA1m:OK EMA5m:OK RSI:86.26198083 VOL:OK MOM:1.32% RANGE:1.57% UP:55.55% SPREAD:1.1669024% BID:0.02828 ASK:0.02861 STATE:IDLE
[2026-02-28 00:08:21] CHK EMA1m:OK EMA5m:OK RSI:85.34923339 VOL:OK MOM:1.03% RANGE:1.57% UP:55.55% SPREAD:1.06382978% BID:0.0282 ASK:0.0285 STATE:IDLE
[2026-02-28 00:08:22] CHK EMA1m:OK EMA5m:OK RSI:85.34923339 VOL:OK MOM:1.03% RANGE:1.57% UP:55.55% SPREAD:1.06382978% BID:0.0282 ASK:0.0285 STATE:IDLE
[2026-02-28 00:08:24] CHK EMA1m:OK EMA5m:OK RSI:85.64273789 VOL:OK MOM:0.71% RANGE:1.5% UP:5E+1% SPREAD:0.92428012% BID:0.02813 ASK:0.02839 STATE:IDLE
[2026-02-28 00:08:24] DECIDE_HOLD reason=HOLD_SPREAD spread=0.9243% mom=0.7161% range=1.5038% up=50.00% rsi=85.64273789649415
[2026-02-28 00:08:25] CHK EMA1m:OK EMA5m:OK RSI:85.0174216 VOL:OK MOM:-0.07% RANGE:0.85% UP:47.05% SPREAD:0.7454739% BID:0.02817 ASK:0.02838 STATE:IDLE
[2026-02-28 00:08:26] CHK EMA1m:OK EMA5m:OK RSI:85.0174216 VOL:OK MOM:0.1% RANGE:0.85% UP:47.05% SPREAD:0.78180525% BID:0.02814 ASK:0.02836 STATE:IDLE
[2026-02-28 00:08:27] CHK EMA1m:OK EMA5m:OK RSI:85.85526315 VOL:OK MOM:-0.03% RANGE:0.78% UP:41.17% SPREAD:0.95948827% BID:0.02814 ASK:0.02841 STATE:IDLE
[2026-02-28 00:08:28] CHK EMA1m:OK EMA5m:OK RSI:85.85526315 VOL:OK MOM:-0.07% RANGE:0.78% UP:41.17% SPREAD:0.95812633% BID:0.02818 ASK:0.02845 STATE:IDLE
[2026-02-28 00:08:30] CHK EMA1m:OK EMA5m:OK RSI:85.17241379 VOL:OK MOM:-0.31% RANGE:0.78% UP:35.29% SPREAD:0.95914742% BID:0.02815 ASK:0.02842 STATE:IDLE
[2026-02-28 00:08:31] CHK EMA1m:OK EMA5m:OK RSI:85.6905158 VOL:OK MOM:-0.31% RANGE:0.78% UP:35.29% SPREAD:1.06496272% BID:0.02817 ASK:0.02847 STATE:IDLE
[2026-02-28 00:08:32] CHK EMA1m:OK EMA5m:OK RSI:85.6905158 VOL:OK MOM:-0.14% RANGE:0.78% UP:35.29% SPREAD:0.8492569% BID:0.02826 ASK:0.0285 STATE:IDLE
[2026-02-28 00:08:33] CHK EMA1m:OK EMA5m:OK RSI:85.6905158 VOL:OK MOM:0.42% RANGE:0.78% UP:41.17% SPREAD:1.02328863% BID:0.02834 ASK:0.02863 STATE:IDLE
[2026-02-28 00:08:34] CHK EMA1m:OK EMA5m:OK RSI:85.6905158 VOL:OK MOM:0.49% RANGE:0.88% UP:41.17% SPREAD:0.70472163% BID:0.02838 ASK:0.02858 STATE:IDLE
[2026-02-28 00:08:34] DECIDE_HOLD reason=HOLD_SPREAD spread=0.7047% mom=0.4958% range=0.8887% up=41.18% rsi=85.69051580698836
[2026-02-28 00:08:35] CHK EMA1m:OK EMA5m:OK RSI:85.6905158 VOL:OK MOM:0.49% RANGE:0.88% UP:41.17% SPREAD:0.63424947% BID:0.02838 ASK:0.02856 STATE:IDLE
[2026-02-28 00:08:36] CHK EMA1m:OK EMA5m:OK RSI:85.6905158 VOL:OK MOM:0.28% RANGE:0.88% UP:41.17% SPREAD:0.91807909% BID:0.02832 ASK:0.02858 STATE:IDLE
[2026-02-28 00:08:37] CHK EMA1m:OK EMA5m:OK RSI:85.6905158 VOL:OK MOM:-0.24% RANGE:0.88% UP:35.29% SPREAD:0.91937765% BID:0.02828 ASK:0.02854 STATE:IDLE
[2026-02-28 00:08:38] CHK EMA1m:OK EMA5m:OK RSI:85.6905158 VOL:OK MOM:-0.07% RANGE:0.88% UP:35.29% SPREAD:0.70771408% BID:0.02826 ASK:0.02846 STATE:IDLE
[2026-02-28 00:08:39] CHK EMA1m:OK EMA5m:OK RSI:85.6905158 VOL:OK MOM:-0.53% RANGE:0.88% UP:35.29% SPREAD:0.85318165% BID:0.02813 ASK:0.02837 STATE:IDLE
[2026-02-28 00:08:40] CHK EMA1m:OK EMA5m:OK RSI:83.0479452 VOL:OK MOM:-0.88% RANGE:1.53% UP:35.29% SPREAD:0.96601073% BID:0.02795 ASK:0.02822 STATE:IDLE
[2026-02-28 00:08:41] CHK EMA1m:OK EMA5m:OK RSI:83.0479452 VOL:OK MOM:-0.56% RANGE:1.53% UP:41.17% SPREAD:0.64194008% BID:0.02804 ASK:0.02822 STATE:IDLE
[2026-02-28 00:08:42] CHK EMA1m:OK EMA5m:OK RSI:81.37583892 VOL:OK MOM:-0.81% RANGE:1.72% UP:41.17% SPREAD:0.75268817% BID:0.0279 ASK:0.02811 STATE:IDLE
[2026-02-28 00:08:43] CHK EMA1m:OK EMA5m:OK RSI:81.37583892 VOL:OK MOM:-0.81% RANGE:1.72% UP:38.88% SPREAD:0.75268817% BID:0.0279 ASK:0.02811 STATE:IDLE
[2026-02-28 00:08:44] CHK EMA1m:OK EMA5m:OK RSI:81.37583892 VOL:OK MOM:-0.95% RANGE:1.72% UP:33.33% SPREAD:0.75268817% BID:0.0279 ASK:0.02811 STATE:IDLE
[2026-02-28 00:08:44] DECIDE_HOLD reason=HOLD_SPREAD spread=0.7527% mom=-0.9585% range=1.7204% up=33.33% rsi=81.37583892617454
[2026-02-28 00:08:46] CHK EMA1m:OK EMA5m:OK RSI:81.37583892 VOL:OK MOM:-1.52% RANGE:2.3% UP:31.57% SPREAD:0.90122566% BID:0.02774 ASK:0.02799 STATE:IDLE
[2026-02-28 00:08:47] CHK EMA1m:OK EMA5m:OK RSI:81.37583892 VOL:OK MOM:-0.85% RANGE:2.3% UP:38.88% SPREAD:0.46594982% BID:0.0279 ASK:0.02803 STATE:IDLE
[2026-02-28 00:08:48] CHK EMA1m:OK EMA5m:OK RSI:83.33333333 VOL:OK MOM:-0.99% RANGE:2.3% UP:33.33% SPREAD:0.46594982% BID:0.0279 ASK:0.02803 STATE:IDLE
[2026-02-28 00:08:49] CHK EMA1m:OK EMA5m:OK RSI:83.33333333 VOL:OK MOM:-0.88% RANGE:2.3% UP:33.33% SPREAD:0.46594982% BID:0.0279 ASK:0.02803 STATE:IDLE
[2026-02-28 00:08:50] CHK EMA1m:OK EMA5m:OK RSI:84.20138888 VOL:OK MOM:-0.85% RANGE:2.3% UP:33.33% SPREAD:0.96670247% BID:0.02793 ASK:0.0282 STATE:IDLE
[2026-02-28 00:08:51] CHK EMA1m:OK EMA5m:OK RSI:83.76511226 VOL:OK MOM:-0.35% RANGE:2.3% UP:36.84% SPREAD:0.320627% BID:0.02807 ASK:0.02816 STATE:IDLE
[2026-02-28 00:08:53] CHK EMA1m:OK EMA5m:OK RSI:85.0174216 VOL:OK MOM:-1.44% RANGE:2.3% UP:27.77% SPREAD:0.89509488% BID:0.02793 ASK:0.02818 STATE:IDLE
[2026-02-28 00:08:54] CHK EMA1m:OK EMA5m:OK RSI:82.48299319 VOL:OK MOM:-1.51% RANGE:2.3% UP:29.41% SPREAD:0.75134168% BID:0.02795 ASK:0.02816 STATE:IDLE
[2026-02-28 00:08:55] CHK EMA1m:OK EMA5m:OK RSI:83.19039451 VOL:OK MOM:-1.12% RANGE:2.09% UP:35.29% SPREAD:0.28571428% BID:0.028 ASK:0.02808 STATE:IDLE
[2026-02-28 00:08:55] DECIDE_HOLD reason=HOLD_MIN_NOTIONAL spread=0.2857% mom=-1.1299% range=2.0908% up=35.29% rsi=83.19039451114925
[2026-02-28 00:08:57] CHK EMA1m:OK EMA5m:OK RSI:82.9059829 VOL:OK MOM:-1.3% RANGE:1.94% UP:35.29% SPREAD:0.42995342% BID:0.02791 ASK:0.02803 STATE:IDLE
[2026-02-28 00:08:58] CHK EMA1m:OK EMA5m:OK RSI:83.19039451 VOL:OK MOM:-0.92% RANGE:1.87% UP:41.17% SPREAD:0.25% BID:0.028 ASK:0.02807 STATE:IDLE
[2026-02-28 00:08:59] CHK EMA1m:OK EMA5m:OK RSI:83.0479452 VOL:OK MOM:-0.42% RANGE:1.4% UP:47.05% SPREAD:0.14280614% BID:0.02801 ASK:0.02805 STATE:IDLE
[2026-02-28 00:09:00] CHK EMA1m:OK EMA5m:OK RSI:82.76450511 VOL:OK MOM:-0.21% RANGE:1.18% UP:43.75% SPREAD:0.25017869% BID:0.02798 ASK:0.02805 STATE:IDLE
[2026-02-28 00:09:01] CHK EMA1m:OK EMA5m:OK RSI:83.33333333 VOL:OK MOM:-0.24% RANGE:1.18% UP:41.17% SPREAD:0.28602073% BID:0.02797 ASK:0.02805 STATE:IDLE
[2026-02-28 00:09:02] CHK EMA1m:OK EMA5m:OK RSI:83.33333333 VOL:OK MOM:0% RANGE:1.18% UP:41.17% SPREAD:0.68100358% BID:0.0279 ASK:0.02809 STATE:IDLE
[2026-02-28 00:09:03] CHK EMA1m:OK EMA5m:OK RSI:83.33333333 VOL:OK MOM:0% RANGE:1.18% UP:43.75% SPREAD:0.25089605% BID:0.0279 ASK:0.02797 STATE:IDLE
[2026-02-28 00:09:04] CHK EMA1m:OK EMA5m:OK RSI:82.20338983 VOL:OK MOM:0.54% RANGE:1.18% UP:43.75% SPREAD:0.28684116% BID:0.02789 ASK:0.02797 STATE:IDLE
[2026-02-28 00:09:05] CHK EMA1m:OK EMA5m:OK RSI:82.20338983 VOL:OK MOM:-0.03% RANGE:0.64% UP:37.5% SPREAD:0.21513087% BID:0.02789 ASK:0.02795 STATE:IDLE
[2026-02-28 00:09:06] DECIDE_HOLD reason=HOLD_MOM spread=0.2151% mom=-0.0358% range=0.6454% up=37.50% rsi=82.20338983050853
[2026-02-28 00:09:07] CHK EMA1m:OK EMA5m:OK RSI:82.20338983 VOL:OK MOM:-0.46% RANGE:1.08% UP:35.29% SPREAD:0.64818149% BID:0.02777 ASK:0.02795 STATE:IDLE
[2026-02-28 00:09:08] CHK EMA1m:OK EMA5m:OK RSI:82.9059829 VOL:OK MOM:-0.07% RANGE:1.08% UP:41.17% SPREAD:0.32281205% BID:0.02788 ASK:0.02797 STATE:IDLE
[2026-02-28 00:09:09] CHK EMA1m:OK EMA5m:OK RSI:82.9059829 VOL:OK MOM:-0.07% RANGE:1.08% UP:43.75% SPREAD:0.85990684% BID:0.02791 ASK:0.02815 STATE:IDLE
[2026-02-28 00:09:10] CHK EMA1m:OK EMA5m:OK RSI:83.75634517 VOL:OK MOM:-0.49% RANGE:1.08% UP:43.75% SPREAD:0.89509488% BID:0.02793 ASK:0.02818 STATE:IDLE
[2026-02-28 00:09:11] CHK EMA1m:OK EMA5m:OK RSI:83.83838383 VOL:OK MOM:0% RANGE:0.86% UP:43.75% SPREAD:0.82348728% BID:0.02793 ASK:0.02816 STATE:IDLE
[2026-02-28 00:09:12] CHK EMA1m:OK EMA5m:OK RSI:83.94648829 VOL:OK MOM:0.71% RANGE:1.29% UP:47.05% SPREAD:0.21329541% BID:0.02813 ASK:0.02819 STATE:IDLE
[2026-02-28 00:09:14] CHK EMA1m:OK EMA5m:OK RSI:83.94648829 VOL:OK MOM:0.53% RANGE:1.29% UP:41.17% SPREAD:0.17793594% BID:0.0281 ASK:0.02815 STATE:IDLE
[2026-02-28 00:09:15] CHK EMA1m:OK EMA5m:OK RSI:83.94648829 VOL:OK MOM:0.49% RANGE:1.33% UP:41.17% SPREAD:0.24875621% BID:0.02814 ASK:0.02821 STATE:IDLE
[2026-02-28 00:09:16] CHK EMA1m:OK EMA5m:OK RSI:83.94648829 VOL:OK MOM:0.17% RANGE:1.33% UP:41.17% SPREAD:0.85836909% BID:0.02796 ASK:0.0282 STATE:IDLE
[2026-02-28 00:09:16] DECIDE_HOLD reason=HOLD_SPREAD spread=0.8584% mom=0.1791% range=1.3324% up=41.18% rsi=83.94648829431443
[2026-02-28 00:09:17] CHK EMA1m:OK EMA5m:OK RSI:83.94648829 VOL:OK MOM:0.49% RANGE:1.33% UP:41.17% SPREAD:0.24875621% BID:0.02814 ASK:0.02821 STATE:IDLE
[2026-02-28 00:09:19] CHK EMA1m:OK EMA5m:OK RSI:83.94648829 VOL:OK MOM:0.35% RANGE:1.33% UP:35.29% SPREAD:0.32017075% BID:0.02811 ASK:0.0282 STATE:IDLE
[2026-02-28 00:09:20] CHK EMA1m:OK EMA5m:OK RSI:83.86554621 VOL:OK MOM:0.14% RANGE:1.33% UP:35.29% SPREAD:0.42826552% BID:0.02802 ASK:0.02814 STATE:IDLE
[2026-02-28 00:09:21] CHK EMA1m:OK EMA5m:OK RSI:83.89261744 VOL:OK MOM:0.42% RANGE:1.33% UP:41.17% SPREAD:0.53399786% BID:0.02809 ASK:0.02824 STATE:IDLE
[2026-02-28 00:09:22] CHK EMA1m:OK EMA5m:OK RSI:83.89261744 VOL:OK MOM:0.57% RANGE:1.33% UP:41.17% SPREAD:0.24946543% BID:0.02806 ASK:0.02813 STATE:IDLE
[2026-02-28 00:09:23] CHK EMA1m:OK EMA5m:OK RSI:83.58974358 VOL:OK MOM:0.21% RANGE:1.33% UP:41.17% SPREAD:0.46494992% BID:0.02796 ASK:0.02809 STATE:IDLE
[2026-02-28 00:09:25] CHK EMA1m:OK EMA5m:OK RSI:83.58974358 VOL:OK MOM:0.25% RANGE:1.33% UP:41.17% SPREAD:0.64377682% BID:0.02796 ASK:0.02814 STATE:IDLE
[2026-02-28 00:09:26] CHK EMA1m:OK EMA5m:OK RSI:83.58974358 VOL:OK MOM:0.61% RANGE:1.33% UP:43.75% SPREAD:0.71581961% BID:0.02794 ASK:0.02814 STATE:IDLE
[2026-02-28 00:09:27] CHK EMA1m:OK EMA5m:OK RSI:83.58974358 VOL:OK MOM:0.53% RANGE:0.93% UP:43.75% SPREAD:0.21405636% BID:0.02803 ASK:0.02809 STATE:IDLE
[2026-02-28 00:09:27] DECIDE_HOLD reason=HOLD_MIN_NOTIONAL spread=0.2141% mom=0.5380% range=0.9326% up=43.75% rsi=83.58974358974363
[2026-02-28 00:09:28] CHK EMA1m:OK EMA5m:OK RSI:83.70118845 VOL:OK MOM:0.46% RANGE:0.82% UP:43.75% SPREAD:0.21398002% BID:0.02804 ASK:0.0281 STATE:IDLE
[2026-02-28 00:09:29] CHK EMA1m:OK EMA5m:OK RSI:83.75634517 VOL:OK MOM:0.5% RANGE:0.82% UP:47.05% SPREAD:0.28520499% BID:0.02805 ASK:0.02813 STATE:IDLE
[2026-02-28 00:09:31] CHK EMA1m:OK EMA5m:OK RSI:83.81112984 VOL:OK MOM:0.5% RANGE:0.75% UP:5E+1% SPREAD:0.320627% BID:0.02807 ASK:0.02816 STATE:IDLE
[2026-02-28 00:09:32] CHK EMA1m:OK EMA5m:OK RSI:84 VOL:OK MOM:0.14% RANGE:0.82% UP:5E+1% SPREAD:0.17749378% BID:0.02817 ASK:0.02822 STATE:IDLE
[2026-02-28 00:09:33] CHK EMA1m:OK EMA5m:OK RSI:84 VOL:OK MOM:0.39% RANGE:0.96% UP:56.25% SPREAD:0.21269053% BID:0.02821 ASK:0.02827 STATE:IDLE
[2026-02-28 00:09:34] CHK EMA1m:OK EMA5m:OK RSI:84 VOL:OK MOM:0.24% RANGE:0.96% UP:5E+1% SPREAD:0.21269053% BID:0.02821 ASK:0.02827 STATE:IDLE
[2026-02-28 00:09:36] CHK EMA1m:OK EMA5m:OK RSI:84.07960199 VOL:OK MOM:0.71% RANGE:0.96% UP:5E+1% SPREAD:0.24857954% BID:0.02816 ASK:0.02823 STATE:IDLE
[2026-02-28 00:09:37] CHK EMA1m:OK EMA5m:OK RSI:84.07960199 VOL:OK MOM:0.24% RANGE:0.96% UP:53.33% SPREAD:0.1774308% BID:0.02818 ASK:0.02823 STATE:IDLE
[2026-02-28 00:09:38] DECIDE_HOLD reason=HOLD_MIN_NOTIONAL spread=0.1774% mom=0.2490% range=0.9664% up=53.33% rsi=84.0796019900498
[2026-02-28 00:09:38] CHK EMA1m:OK EMA5m:OK RSI:84 VOL:OK MOM:0.42% RANGE:0.96% UP:53.33% SPREAD:0.31982942% BID:0.02814 ASK:0.02823 STATE:IDLE
[2026-02-28 00:09:39] CHK EMA1m:OK EMA5m:OK RSI:84.10596026 VOL:OK MOM:0.53% RANGE:0.96% UP:56.25% SPREAD:0.63897763% BID:0.02817 ASK:0.02835 STATE:IDLE
[2026-02-28 00:09:40] CHK EMA1m:OK EMA5m:OK RSI:84.10596026 VOL:OK MOM:0.35% RANGE:0.96% UP:56.25% SPREAD:0.14189428% BID:0.02819 ASK:0.02823 STATE:IDLE
[2026-02-28 00:09:42] CHK EMA1m:OK EMA5m:OK RSI:84.02662229 VOL:OK MOM:0.39% RANGE:0.96% UP:56.25% SPREAD:0.21299254% BID:0.02817 ASK:0.02823 STATE:IDLE
[2026-02-28 00:09:43] CHK EMA1m:OK EMA5m:OK RSI:84.2364532 VOL:OK MOM:0.85% RANGE:0.96% UP:66.66% SPREAD:0.24822695% BID:0.0282 ASK:0.02827 STATE:IDLE
[2026-02-28 00:09:44] CHK EMA1m:OK EMA5m:OK RSI:84.44084278 VOL:OK MOM:0.93% RANGE:0.96% UP:66.66% SPREAD:0.28368794% BID:0.0282 ASK:0.02828 STATE:IDLE
[2026-02-28 00:09:45] CHK EMA1m:OK EMA5m:OK RSI:84.26229508 VOL:OK MOM:1.1% RANGE:1.1% UP:68.75% SPREAD:0.28318584% BID:0.02825 ASK:0.02833 STATE:IDLE
[2026-02-28 00:09:47] CHK EMA1m:OK EMA5m:OK RSI:84.44084278 VOL:OK MOM:0.92% RANGE:0.92% UP:68.75% SPREAD:0.74231177% BID:0.02829 ASK:0.0285 STATE:IDLE
[2026-02-28 00:09:49] CHK EMA1m:OK EMA5m:OK RSI:84.44084278 VOL:OK MOM:0.96% RANGE:0.96% UP:66.66% SPREAD:0.42372881% BID:0.02832 ASK:0.02844 STATE:IDLE
[2026-02-28 00:09:49] DECIDE_HOLD reason=HOLD_SPREAD spread=0.4237% mom=0.9626% range=0.9626% up=66.67% rsi=84.44084278768239
[2026-02-28 00:09:50] CHK EMA1m:OK EMA5m:OK RSI:84.3902439 VOL:OK MOM:0.64% RANGE:0.89% UP:6E+1% SPREAD:0.67256637% BID:0.02825 ASK:0.02844 STATE:IDLE
[2026-02-28 00:09:50] CHK EMA1m:OK EMA5m:OK RSI:84.3902439 VOL:OK MOM:0.14% RANGE:0.63% UP:53.33% SPREAD:0.42538107% BID:0.02821 ASK:0.02833 STATE:IDLE
[2026-02-28 00:09:51] CHK EMA1m:OK EMA5m:OK RSI:84.3902439 VOL:OK MOM:0.28% RANGE:0.63% UP:56.25% SPREAD:0.28318584% BID:0.02825 ASK:0.02833 STATE:IDLE
[2026-02-28 00:09:53] CHK EMA1m:OK EMA5m:OK RSI:84.36482084 VOL:OK MOM:0.14% RANGE:0.63% UP:5E+1% SPREAD:0.24778761% BID:0.02825 ASK:0.02832 STATE:IDLE
[2026-02-28 00:09:54] CHK EMA1m:OK EMA5m:OK RSI:84.26229508 VOL:OK MOM:0.14% RANGE:0.63% UP:5E+1% SPREAD:0.17699115% BID:0.02825 ASK:0.0283 STATE:IDLE
[2026-02-28 00:09:56] CHK EMA1m:OK EMA5m:OK RSI:84.26229508 VOL:OK MOM:0.24% RANGE:0.63% UP:5E+1% SPREAD:0.24796315% BID:0.02823 ASK:0.0283 STATE:IDLE
[2026-02-28 00:09:57] CHK EMA1m:OK EMA5m:OK RSI:84.21052631 VOL:OK MOM:0% RANGE:0.63% UP:43.75% SPREAD:0.24840312% BID:0.02818 ASK:0.02825 STATE:IDLE
[2026-02-28 00:09:58] CHK EMA1m:OK EMA5m:OK RSI:84.15841584 VOL:OK MOM:0.14% RANGE:0.63% UP:43.75% SPREAD:0.7097232% BID:0.02818 ASK:0.02838 STATE:IDLE
[2026-02-28 00:09:59] CHK EMA1m:OK EMA5m:OK RSI:83.83838383 VOL:OK MOM:-0.46% RANGE:0.99% UP:37.5% SPREAD:0.32097004% BID:0.02804 ASK:0.02813 STATE:IDLE
[2026-02-28 00:09:59] DECIDE_HOLD reason=HOLD_SPREAD spread=0.3210% mom=-0.4615% range=0.9986% up=37.50% rsi=83.83838383838389
[2026-02-28 00:10:01] CHK EMA1m:OK EMA5m:OK RSI:84.05315614 VOL:OK MOM:-0.53% RANGE:0.99% UP:31.25% SPREAD:0.24964336% BID:0.02804 ASK:0.02811 STATE:IDLE
[2026-02-28 00:10:02] CHK EMA1m:OK EMA5m:OK RSI:80.33613445 VOL:OK MOM:-0.49% RANGE:0.99% UP:33.33% SPREAD:0.21382751% BID:0.02806 ASK:0.02812 STATE:IDLE
[2026-02-28 00:10:04] CHK EMA1m:OK EMA5m:OK RSI:80.33613445 VOL:OK MOM:-0.74% RANGE:1.17% UP:33.33% SPREAD:0.57163272% BID:0.02799 ASK:0.02815 STATE:IDLE
[2026-02-28 00:10:05] CHK EMA1m:OK EMA5m:OK RSI:82.84228769 VOL:OK MOM:-0.67% RANGE:1.17% UP:33.33% SPREAD:0.49893086% BID:0.02806 ASK:0.0282 STATE:IDLE
[2026-02-28 00:10:06] CHK EMA1m:OK EMA5m:OK RSI:83.27526132 VOL:OK MOM:-0.88% RANGE:1.17% UP:26.66% SPREAD:0.89158345% BID:0.02804 ASK:0.02829 STATE:IDLE
[2026-02-28 00:10:07] CHK EMA1m:OK EMA5m:OK RSI:83.27526132 VOL:OK MOM:-0.49% RANGE:1.17% UP:26.66% SPREAD:0.31937544% BID:0.02818 ASK:0.02827 STATE:IDLE
[2026-02-28 00:10:08] CHK EMA1m:OK EMA5m:OK RSI:83.27526132 VOL:OK MOM:-0.7% RANGE:1.17% UP:25% SPREAD:0.35561877% BID:0.02812 ASK:0.02822 STATE:IDLE
[2026-02-28 00:10:09] CHK EMA1m:OK EMA5m:OK RSI:83.27526132 VOL:OK MOM:-0.46% RANGE:0.92% UP:25% SPREAD:0.64011379% BID:0.02812 ASK:0.0283 STATE:IDLE
[2026-02-28 00:10:10] CHK EMA1m:OK EMA5m:OK RSI:83.27526132 VOL:OK MOM:-0.46% RANGE:0.92% UP:25% SPREAD:0.78347578% BID:0.02808 ASK:0.0283 STATE:IDLE
[2026-02-28 00:10:10] DECIDE_HOLD reason=HOLD_SPREAD spread=0.7835% mom=-0.4608% range=0.9289% up=25.00% rsi=83.27526132404186
[2026-02-28 00:10:11] CHK EMA1m:OK EMA5m:OK RSI:82.84228769 VOL:OK MOM:-0.74% RANGE:0.92% UP:18.75% SPREAD:0.74893009% BID:0.02804 ASK:0.02825 STATE:IDLE
[2026-02-28 00:10:12] CHK EMA1m:OK EMA5m:OK RSI:82.4137931 VOL:OK MOM:-1.09% RANGE:1.1% UP:18.75% SPREAD:0.57265569% BID:0.02794 ASK:0.0281 STATE:IDLE
[2026-02-28 00:10:14] CHK EMA1m:OK EMA5m:OK RSI:81.84931506 VOL:OK MOM:-0.46% RANGE:1.1% UP:25% SPREAD:0.32005689% BID:0.02812 ASK:0.02821 STATE:IDLE
[2026-02-28 00:10:15] CHK EMA1m:OK EMA5m:OK RSI:82.98611111 VOL:OK MOM:-0.46% RANGE:1.03% UP:25% SPREAD:0.53380782% BID:0.0281 ASK:0.02825 STATE:IDLE
[2026-02-28 00:10:16] CHK EMA1m:OK EMA5m:OK RSI:81.84931506 VOL:OK MOM:-0.42% RANGE:0.85% UP:25% SPREAD:0.32074126% BID:0.02806 ASK:0.02815 STATE:IDLE
[2026-02-28 00:10:17] CHK EMA1m:OK EMA5m:OK RSI:81.84931506 VOL:OK MOM:-0.7% RANGE:0.85% UP:25% SPREAD:0.46461758% BID:0.02798 ASK:0.02811 STATE:IDLE
[2026-02-28 00:10:18] CHK EMA1m:OK EMA5m:OK RSI:80.20134228 VOL:OK MOM:-0.46% RANGE:0.96% UP:25% SPREAD:0.32246506% BID:0.02791 ASK:0.028 STATE:IDLE
[2026-02-28 00:10:19] CHK EMA1m:OK EMA5m:OK RSI:79.79966611 VOL:OK MOM:-0.28% RANGE:0.96% UP:29.41% SPREAD:0.25035765% BID:0.02796 ASK:0.02803 STATE:IDLE
[2026-02-28 00:10:21] CHK EMA1m:OK EMA5m:OK RSI:79.79966611 VOL:OK MOM:-0.24% RANGE:0.96% UP:31.25% SPREAD:0.25008931% BID:0.02799 ASK:0.02806 STATE:IDLE
[2026-02-28 00:10:21] DECIDE_HOLD reason=HOLD_MIN_NOTIONAL spread=0.2501% mom=-0.2495% range=0.9674% up=31.25% rsi=79.79966611018368
[2026-02-28 00:10:22] CHK EMA1m:OK EMA5m:OK RSI:79.79966611 VOL:OK MOM:0% RANGE:0.96% UP:31.25% SPREAD:0.50017863% BID:0.02799 ASK:0.02813 STATE:IDLE
[2026-02-28 00:10:24] CHK EMA1m:OK EMA5m:OK RSI:79.79966611 VOL:OK MOM:0.32% RANGE:0.96% UP:35.29% SPREAD:0.24928774% BID:0.02808 ASK:0.02815 STATE:IDLE
[2026-02-28 00:10:25] CHK EMA1m:OK EMA5m:OK RSI:79.79966611 VOL:OK MOM:0.07% RANGE:0.96% UP:31.25% SPREAD:0.24946543% BID:0.02806 ASK:0.02813 STATE:IDLE
[2026-02-28 00:10:27] CHK EMA1m:OK EMA5m:OK RSI:79.79966611 VOL:OK MOM:-0.49% RANGE:0.96% UP:25% SPREAD:0.21398002% BID:0.02804 ASK:0.0281 STATE:IDLE
[2026-02-28 00:10:28] CHK EMA1m:OK EMA5m:OK RSI:79.79966611 VOL:OK MOM:-0.24% RANGE:0.75% UP:31.25% SPREAD:0.21390374% BID:0.02805 ASK:0.02811 STATE:IDLE
[2026-02-28 00:10:29] CHK EMA1m:OK EMA5m:OK RSI:79.79966611 VOL:OK MOM:-0.14% RANGE:0.75% UP:33.33% SPREAD:0.24964336% BID:0.02804 ASK:0.02811 STATE:IDLE
[2026-02-28 00:10:30] CHK EMA1m:OK EMA5m:OK RSI:79.79966611 VOL:OK MOM:-0.03% RANGE:0.75% UP:37.5% SPREAD:0.28500178% BID:0.02807 ASK:0.02815 STATE:IDLE
[2026-02-28 00:10:32] CHK EMA1m:OK EMA5m:OK RSI:79.79966611 VOL:OK MOM:0.46% RANGE:0.75% UP:4E+1% SPREAD:0.28500178% BID:0.02807 ASK:0.02815 STATE:IDLE
[2026-02-28 00:10:32] DECIDE_HOLD reason=HOLD_SPREAD spread=0.2850% mom=0.4653% range=0.7524% up=40.00% rsi=79.79966611018368
[2026-02-28 00:10:33] CHK EMA1m:OK EMA5m:OK RSI:79.79966611 VOL:OK MOM:-0.39% RANGE:0.75% UP:33.33% SPREAD:0.64262763% BID:0.02801 ASK:0.02819 STATE:IDLE
[2026-02-28 00:10:34] CHK EMA1m:OK EMA5m:OK RSI:79.79966611 VOL:OK MOM:-0.03% RANGE:0.68% UP:4E+1% SPREAD:0.28479886% BID:0.02809 ASK:0.02817 STATE:IDLE
[2026-02-28 00:10:35] CHK EMA1m:OK EMA5m:OK RSI:81.7094017 VOL:OK MOM:0.1% RANGE:0.64% UP:4E+1% SPREAD:0.249199% BID:0.02809 ASK:0.02816 STATE:IDLE
[2026-02-28 00:10:36] CHK EMA1m:OK EMA5m:OK RSI:81.7094017 VOL:OK MOM:0.03% RANGE:0.64% UP:37.5% SPREAD:0.28500178% BID:0.02807 ASK:0.02815 STATE:IDLE
[2026-02-28 00:10:38] CHK EMA1m:OK EMA5m:OK RSI:81.43100511 VOL:OK MOM:0.07% RANGE:0.64% UP:37.5% SPREAD:0.28571428% BID:0.028 ASK:0.02808 STATE:IDLE
[2026-02-28 00:10:39] CHK EMA1m:OK EMA5m:OK RSI:81.43100511 VOL:OK MOM:0.25% RANGE:0.46% UP:4E+1% SPREAD:0.24973242% BID:0.02803 ASK:0.0281 STATE:IDLE
[2026-02-28 00:10:40] CHK EMA1m:OK EMA5m:OK RSI:81.43100511 VOL:OK MOM:0.1% RANGE:0.35% UP:33.33% SPREAD:0.24982155% BID:0.02802 ASK:0.02809 STATE:IDLE
[2026-02-28 00:10:41] CHK EMA1m:OK EMA5m:OK RSI:81.43100511 VOL:OK MOM:0.17% RANGE:0.35% UP:4E+1% SPREAD:0.2853067% BID:0.02804 ASK:0.02812 STATE:IDLE
[2026-02-28 00:10:43] CHK EMA1m:OK EMA5m:OK RSI:82.13058419 VOL:OK MOM:-0.49% RANGE:0.53% UP:33.33% SPREAD:0.64423765% BID:0.02794 ASK:0.02812 STATE:IDLE
[2026-02-28 00:10:43] DECIDE_HOLD reason=HOLD_SPREAD spread=0.6442% mom=-0.4986% range=0.5369% up=33.33% rsi=82.13058419243991
[2026-02-28 00:10:44] CHK EMA1m:OK EMA5m:OK RSI:82.13058419 VOL:OK MOM:-0.07% RANGE:0.53% UP:4E+1% SPREAD:0.67760342% BID:0.02804 ASK:0.02823 STATE:IDLE
[2026-02-28 00:10:45] CHK EMA1m:OK EMA5m:OK RSI:82.13058419 VOL:OK MOM:0.03% RANGE:0.53% UP:43.75% SPREAD:0.24937655% BID:0.02807 ASK:0.02814 STATE:IDLE
[2026-02-28 00:10:46] CHK EMA1m:OK EMA5m:OK RSI:82.13058419 VOL:OK MOM:-0.14% RANGE:0.53% UP:43.75% SPREAD:0.53571428% BID:0.028 ASK:0.02815 STATE:IDLE
[2026-02-28 00:10:47] CHK EMA1m:OK EMA5m:OK RSI:82.13058419 VOL:OK MOM:0.49% RANGE:0.89% UP:43.75% SPREAD:0.67399787% BID:0.02819 ASK:0.02838 STATE:IDLE
[2026-02-28 00:10:48] CHK EMA1m:OK EMA5m:OK RSI:82.13058419 VOL:OK MOM:0.21% RANGE:0.89% UP:41.17% SPREAD:0.96051227% BID:0.02811 ASK:0.02838 STATE:IDLE
[2026-02-28 00:10:50] CHK EMA1m:OK EMA5m:OK RSI:83.78378378 VOL:OK MOM:0.46% RANGE:0.93% UP:43.75% SPREAD:0.63829787% BID:0.0282 ASK:0.02838 STATE:IDLE
[2026-02-28 00:10:51] CHK EMA1m:OK EMA5m:OK RSI:83.78378378 VOL:OK MOM:0.46% RANGE:0.93% UP:43.75% SPREAD:0.63829787% BID:0.0282 ASK:0.02838 STATE:IDLE
[2026-02-28 00:10:52] CHK EMA1m:OK EMA5m:OK RSI:83.78378378 VOL:OK MOM:0.67% RANGE:0.93% UP:43.75% SPREAD:0.63829787% BID:0.0282 ASK:0.02838 STATE:IDLE
[2026-02-28 00:10:54] CHK EMA1m:OK EMA5m:OK RSI:83.78378378 VOL:OK MOM:0.24% RANGE:0.93% UP:37.5% SPREAD:0.78124999% BID:0.02816 ASK:0.02838 STATE:IDLE
[2026-02-28 00:10:54] DECIDE_HOLD reason=HOLD_SPREAD spread=0.7812% mom=0.2492% range=0.9306% up=37.50% rsi=83.78378378378383
[2026-02-28 00:10:55] CHK EMA1m:OK EMA5m:OK RSI:83.78378378 VOL:OK MOM:0.53% RANGE:1.07% UP:43.75% SPREAD:0.88526912% BID:0.02824 ASK:0.02849 STATE:IDLE
[2026-02-28 00:10:56] CHK EMA1m:OK EMA5m:OK RSI:83.78378378 VOL:OK MOM:0.81% RANGE:1.28% UP:5E+1% SPREAD:0.77738515% BID:0.0283 ASK:0.02852 STATE:IDLE
[2026-02-28 00:10:57] CHK EMA1m:OK EMA5m:OK RSI:83.78378378 VOL:OK MOM:1.14% RANGE:1.36% UP:56.25% SPREAD:0.70621468% BID:0.02832 ASK:0.02852 STATE:IDLE
[2026-02-28 00:10:58] CHK EMA1m:OK EMA5m:OK RSI:83.78378378 VOL:OK MOM:1.03% RANGE:1.36% UP:5E+1% SPREAD:0.84745762% BID:0.02832 ASK:0.02856 STATE:IDLE
[2026-02-28 00:10:59] CHK EMA1m:OK EMA5m:OK RSI:83.78378378 VOL:OK MOM:1.35% RANGE:1.64% UP:56.25% SPREAD:0.56338028% BID:0.0284 ASK:0.02856 STATE:IDLE
[2026-02-28 00:11:00] CHK EMA1m:OK EMA5m:OK RSI:85.32110091 VOL:OK MOM:1.42% RANGE:1.78% UP:56.25% SPREAD:0.8790436% BID:0.02844 ASK:0.02869 STATE:IDLE
[2026-02-28 00:11:01] CHK EMA1m:OK EMA5m:OK RSI:88.15165876 VOL:NO MOM:1.53% RANGE:1.78% UP:56.25% SPREAD:0.98695805% BID:0.02837 ASK:0.02865 STATE:IDLE
[2026-02-28 00:11:03] CHK EMA1m:OK EMA5m:OK RSI:88.15165876 VOL:NO MOM:1.53% RANGE:1.78% UP:52.94% SPREAD:0.98695805% BID:0.02837 ASK:0.02865 STATE:IDLE
[2026-02-28 00:11:04] CHK EMA1m:OK EMA5m:OK RSI:88.15165876 VOL:NO MOM:1.17% RANGE:1.57% UP:47.05% SPREAD:0.88121254% BID:0.02837 ASK:0.02862 STATE:IDLE
[2026-02-28 00:11:04] DECIDE_HOLD reason=HOLD_SPREAD spread=0.8812% mom=1.1769% range=1.5714% up=47.06% rsi=88.15165876777255
[2026-02-28 00:11:05] CHK EMA1m:OK EMA5m:OK RSI:88.15165876 VOL:NO MOM:0.99% RANGE:1.57% UP:41.17% SPREAD:0.74074074% BID:0.02835 ASK:0.02856 STATE:IDLE
[2026-02-28 00:11:06] CHK EMA1m:OK EMA5m:OK RSI:88.15165876 VOL:NO MOM:0.56% RANGE:1.17% UP:37.5% SPREAD:0.74074074% BID:0.02835 ASK:0.02856 STATE:IDLE
[2026-02-28 00:11:07] CHK EMA1m:OK EMA5m:OK RSI:88.15165876 VOL:NO MOM:0.78% RANGE:1.17% UP:37.5% SPREAD:0.74126367% BID:0.02833 ASK:0.02854 STATE:IDLE
[2026-02-28 00:11:08] CHK EMA1m:OK EMA5m:OK RSI:82.17967599 VOL:OK MOM:0.39% RANGE:0.99% UP:31.25% SPREAD:0.81243376% BID:0.02831 ASK:0.02854 STATE:IDLE
[2026-02-28 00:11:09] CHK EMA1m:OK EMA5m:OK RSI:82.17967599 VOL:OK MOM:0.39% RANGE:0.99% UP:31.25% SPREAD:0.81243376% BID:0.02831 ASK:0.02854 STATE:IDLE
[2026-02-28 00:11:11] CHK EMA1m:OK EMA5m:OK RSI:82.17967599 VOL:OK MOM:0.39% RANGE:0.99% UP:29.41% SPREAD:0.67114093% BID:0.02831 ASK:0.0285 STATE:IDLE
[2026-02-28 00:11:12] CHK EMA1m:OK EMA5m:OK RSI:82.17967599 VOL:OK MOM:0.53% RANGE:0.99% UP:31.25% SPREAD:0.81243376% BID:0.02831 ASK:0.02854 STATE:IDLE
[2026-02-28 00:11:13] CHK EMA1m:OK EMA5m:OK RSI:82.17967599 VOL:OK MOM:0.46% RANGE:0.7% UP:31.25% SPREAD:0.59922453% BID:0.02837 ASK:0.02854 STATE:IDLE
[2026-02-28 00:11:14] CHK EMA1m:OK EMA5m:OK RSI:82.17967599 VOL:OK MOM:0.14% RANGE:0.7% UP:29.41% SPREAD:0.91937765% BID:0.02828 ASK:0.02854 STATE:IDLE
[2026-02-28 00:11:14] DECIDE_HOLD reason=HOLD_SPREAD spread=0.9194% mom=0.1416% range=0.7082% up=29.41% rsi=82.17967599410899
[2026-02-28 00:11:15] CHK EMA1m:OK EMA5m:OK RSI:82.17967599 VOL:OK MOM:0.14% RANGE:0.56% UP:29.41% SPREAD:0.7057163% BID:0.02834 ASK:0.02854 STATE:IDLE
[2026-02-28 00:11:17] CHK EMA1m:OK EMA5m:OK RSI:82.17967599 VOL:OK MOM:0.14% RANGE:0.56% UP:29.41% SPREAD:0.63469675% BID:0.02836 ASK:0.02854 STATE:IDLE
[2026-02-28 00:11:18] CHK EMA1m:OK EMA5m:OK RSI:83.28358208 VOL:OK MOM:0.28% RANGE:0.56% UP:35.29% SPREAD:0.73943661% BID:0.0284 ASK:0.02861 STATE:IDLE
[2026-02-28 00:11:19] CHK EMA1m:OK EMA5m:OK RSI:83.28358208 VOL:OK MOM:0% RANGE:0.56% UP:29.41% SPREAD:0.56338028% BID:0.0284 ASK:0.02856 STATE:IDLE
[2026-02-28 00:11:19] CHK EMA1m:OK EMA5m:OK RSI:82.54437869 VOL:OK MOM:-0.21% RANGE:0.56% UP:23.52% SPREAD:0.5637773% BID:0.02838 ASK:0.02854 STATE:IDLE
[2026-02-28 00:11:20] CHK EMA1m:OK EMA5m:OK RSI:82.54437869 VOL:OK MOM:-0.1% RANGE:0.42% UP:23.52% SPREAD:0.91743119% BID:0.02834 ASK:0.0286 STATE:IDLE
[2026-02-28 00:11:22] CHK EMA1m:OK EMA5m:OK RSI:82.54437869 VOL:OK MOM:-0.03% RANGE:0.42% UP:29.41% SPREAD:0.56417489% BID:0.02836 ASK:0.02852 STATE:IDLE
[2026-02-28 00:11:23] CHK EMA1m:OK EMA5m:OK RSI:82.05882352 VOL:OK MOM:0.17% RANGE:0.49% UP:35.29% SPREAD:0.84447572% BID:0.02842 ASK:0.02866 STATE:IDLE
[2026-02-28 00:11:24] CHK EMA1m:OK EMA5m:OK RSI:82.05882352 VOL:OK MOM:0.31% RANGE:0.56% UP:41.17% SPREAD:0.80872011% BID:0.02844 ASK:0.02867 STATE:IDLE
[2026-02-28 00:11:25] CHK EMA1m:OK EMA5m:OK RSI:82.05882352 VOL:OK MOM:0.52% RANGE:0.77% UP:47.05% SPREAD:0.63157894% BID:0.0285 ASK:0.02868 STATE:IDLE
[2026-02-28 00:11:25] DECIDE_HOLD reason=HOLD_SPREAD spread=0.6316% mom=0.5291% range=0.7779% up=47.06% rsi=82.05882352941177
[2026-02-28 00:11:26] CHK EMA1m:OK EMA5m:OK RSI:81.93832599 VOL:OK MOM:0.42% RANGE:0.77% UP:44.44% SPREAD:0.87811731% BID:0.02847 ASK:0.02872 STATE:IDLE
[2026-02-28 00:11:28] CHK EMA1m:OK EMA5m:OK RSI:81.93832599 VOL:OK MOM:0.63% RANGE:0.81% UP:5E+1% SPREAD:0.77165906% BID:0.02851 ASK:0.02873 STATE:IDLE
[2026-02-28 00:11:29] CHK EMA1m:OK EMA5m:OK RSI:81.93832599 VOL:OK MOM:0.77% RANGE:0.88% UP:58.82% SPREAD:0.63091482% BID:0.02853 ASK:0.02871 STATE:IDLE
[2026-02-28 00:11:30] CHK EMA1m:OK EMA5m:OK RSI:84.54545454 VOL:OK MOM:0.84% RANGE:0.95% UP:64.7% SPREAD:0.87565674% BID:0.02855 ASK:0.0288 STATE:IDLE
[2026-02-28 00:11:31] CHK EMA1m:OK EMA5m:OK RSI:84.54545454 VOL:OK MOM:0.84% RANGE:0.95% UP:64.7% SPREAD:0.87565674% BID:0.02855 ASK:0.0288 STATE:IDLE
[2026-02-28 00:11:32] CHK EMA1m:OK EMA5m:OK RSI:84.54545454 VOL:OK MOM:0.84% RANGE:0.95% UP:61.11% SPREAD:0.87565674% BID:0.02855 ASK:0.0288 STATE:IDLE
[2026-02-28 00:11:34] CHK EMA1m:OK EMA5m:OK RSI:84.54545454 VOL:OK MOM:0.88% RANGE:0.95% UP:58.82% SPREAD:0.87627059% BID:0.02853 ASK:0.02878 STATE:IDLE
[2026-02-28 00:11:35] CHK EMA1m:OK EMA5m:OK RSI:84.54545454 VOL:OK MOM:0.67% RANGE:0.74% UP:52.94% SPREAD:0.80616894% BID:0.02853 ASK:0.02876 STATE:IDLE
[2026-02-28 00:11:36] CHK EMA1m:OK EMA5m:OK RSI:84.54545454 VOL:OK MOM:0.81% RANGE:0.88% UP:52.94% SPREAD:0.73452256% BID:0.02859 ASK:0.0288 STATE:IDLE
[2026-02-28 00:11:36] DECIDE_HOLD reason=HOLD_SPREAD spread=0.7345% mom=0.8110% range=0.8821% up=52.94% rsi=84.54545454545453
[2026-02-28 00:11:37] CHK EMA1m:OK EMA5m:OK RSI:83.40807174 VOL:OK MOM:0.63% RANGE:0.88% UP:47.05% SPREAD:0.76976906% BID:0.02858 ASK:0.0288 STATE:IDLE
[2026-02-28 00:11:38] CHK EMA1m:OK EMA5m:OK RSI:78.92503536 VOL:OK MOM:-1.3% RANGE:1.99% UP:47.05% SPREAD:0.85622547% BID:0.02803 ASK:0.02827 STATE:IDLE
[2026-02-28 00:11:39] CHK EMA1m:OK EMA5m:OK RSI:75.50744248 VOL:OK MOM:-2.5% RANGE:3.32% UP:47.05% SPREAD:0.83122515% BID:0.02767 ASK:0.0279 STATE:IDLE
[2026-02-28 00:11:40] CHK EMA1m:OK EMA5m:OK RSI:75.50744248 VOL:OK MOM:-1.44% RANGE:3.32% UP:52.94% SPREAD:0.57286072% BID:0.02793 ASK:0.02809 STATE:IDLE
[2026-02-28 00:11:41] CHK EMA1m:OK EMA5m:OK RSI:76.54320987 VOL:OK MOM:-1.37% RANGE:3.32% UP:52.94% SPREAD:0.64354665% BID:0.02797 ASK:0.02815 STATE:IDLE
[2026-02-28 00:11:42] CHK EMA1m:OK EMA5m:OK RSI:76.54320987 VOL:OK MOM:-1.58% RANGE:3.32% UP:47.05% SPREAD:0.67929924% BID:0.02797 ASK:0.02816 STATE:IDLE
[2026-02-28 00:11:43] CHK EMA1m:OK EMA5m:OK RSI:76.54320987 VOL:OK MOM:-1.51% RANGE:3.32% UP:47.05% SPREAD:0.64262763% BID:0.02801 ASK:0.02819 STATE:IDLE
[2026-02-28 00:11:44] CHK EMA1m:OK EMA5m:OK RSI:80.0573888 VOL:OK MOM:-1.29% RANGE:3.32% UP:47.05% SPREAD:0.604337% BID:0.02813 ASK:0.0283 STATE:IDLE
[2026-02-28 00:11:45] CHK EMA1m:OK EMA5m:OK RSI:80.0573888 VOL:OK MOM:-0.77% RANGE:3.32% UP:52.94% SPREAD:0.53097345% BID:0.02825 ASK:0.0284 STATE:IDLE
[2026-02-28 00:11:46] CHK EMA1m:OK EMA5m:OK RSI:82.17967599 VOL:OK MOM:-0.84% RANGE:3.32% UP:52.94% SPREAD:0.5305978% BID:0.02827 ASK:0.02842 STATE:IDLE
[2026-02-28 00:11:46] DECIDE_HOLD reason=HOLD_SPREAD spread=0.5306% mom=-0.8418% range=3.3249% up=52.94% rsi=82.17967599410899
[2026-02-28 00:11:47] CHK EMA1m:OK EMA5m:OK RSI:80.28776978 VOL:OK MOM:-0.91% RANGE:3.32% UP:47.05% SPREAD:1.13194198% BID:0.02827 ASK:0.02859 STATE:IDLE
[2026-02-28 00:11:48] CHK EMA1m:OK EMA5m:OK RSI:79.37411095 VOL:OK MOM:-1.12% RANGE:3.32% UP:44.44% SPREAD:0.70896845% BID:0.02821 ASK:0.02841 STATE:IDLE
[2026-02-28 00:11:50] CHK EMA1m:OK EMA5m:OK RSI:81.34110787 VOL:OK MOM:-0.73% RANGE:3.32% UP:44.44% SPREAD:0.88214537% BID:0.02834 ASK:0.02859 STATE:IDLE
[2026-02-28 00:11:51] CHK EMA1m:OK EMA5m:OK RSI:85.19083969 VOL:OK MOM:0.1% RANGE:3.32% UP:5E+1% SPREAD:0.59482155% BID:0.02858 ASK:0.02875 STATE:IDLE
[2026-02-28 00:11:53] CHK EMA1m:OK EMA5m:OK RSI:85.97842835 VOL:OK MOM:0.87% RANGE:4.01% UP:58.82% SPREAD:0.72967338% BID:0.02878 ASK:0.02899 STATE:IDLE
[2026-02-28 00:11:54] CHK EMA1m:OK EMA5m:OK RSI:85.71428571 VOL:OK MOM:0.7% RANGE:4.01% UP:58.82% SPREAD:0.90497737% BID:0.02873 ASK:0.02899 STATE:IDLE
[2026-02-28 00:11:56] CHK EMA1m:OK EMA5m:OK RSI:85.71428571 VOL:OK MOM:0.59% RANGE:4.01% UP:58.82% SPREAD:0.7301808% BID:0.02876 ASK:0.02897 STATE:IDLE
[2026-02-28 00:11:57] CHK EMA1m:OK EMA5m:OK RSI:84.93150684 VOL:OK MOM:2.74% RANGE:4.08% UP:68.75% SPREAD:0.55555555% BID:0.0288 ASK:0.02896 STATE:IDLE
[2026-02-28 00:11:57] DECIDE_HOLD reason=HOLD_SPREAD spread=0.5556% mom=2.7471% range=4.0838% up=68.75% rsi=84.9315068493151
[2026-02-28 00:11:58] CHK EMA1m:OK EMA5m:OK RSI:84.16289592 VOL:OK MOM:3.72% RANGE:4.08% UP:68.75% SPREAD:0.6271777% BID:0.0287 ASK:0.02888 STATE:IDLE
[2026-02-28 00:11:59] CHK EMA1m:OK EMA5m:OK RSI:84.16289592 VOL:OK MOM:2.5% RANGE:3.11% UP:62.5% SPREAD:0.62871114% BID:0.02863 ASK:0.02881 STATE:IDLE
[2026-02-28 00:12:00] CHK EMA1m:OK EMA5m:OK RSI:84.16289592 VOL:OK MOM:2.61% RANGE:3.11% UP:64.7% SPREAD:0.20935101% BID:0.02866 ASK:0.02872 STATE:IDLE
[2026-02-28 00:12:02] CHK EMA1m:OK EMA5m:OK RSI:84.21052631 VOL:OK MOM:2% RANGE:2.96% UP:58.82% SPREAD:0.66596565% BID:0.02853 ASK:0.02872 STATE:IDLE
[2026-02-28 00:12:03] CHK EMA1m:OK EMA5m:OK RSI:83.50983358 VOL:OK MOM:1.92% RANGE:2.82% UP:62.5% SPREAD:0.28021015% BID:0.02855 ASK:0.02863 STATE:IDLE
[2026-02-28 00:12:04] CHK EMA1m:OK EMA5m:OK RSI:83.3836858 VOL:OK MOM:1.09% RANGE:2.09% UP:6E+1% SPREAD:0.31512605% BID:0.02856 ASK:0.02865 STATE:IDLE
[2026-02-28 00:12:05] CHK EMA1m:OK EMA5m:OK RSI:84.04255319 VOL:OK MOM:1.45% RANGE:2.09% UP:62.5% SPREAD:0.20935101% BID:0.02866 ASK:0.02872 STATE:IDLE
[2026-02-28 00:12:07] CHK EMA1m:OK EMA5m:OK RSI:84.55882352 VOL:OK MOM:1.34% RANGE:2.09% UP:6E+1% SPREAD:0.90750436% BID:0.02865 ASK:0.02891 STATE:IDLE
[2026-02-28 00:12:08] CHK EMA1m:OK EMA5m:OK RSI:84.1389728 VOL:OK MOM:1.66% RANGE:2.09% UP:66.66% SPREAD:0.94142259% BID:0.02868 ASK:0.02895 STATE:IDLE
[2026-02-28 00:12:08] DECIDE_HOLD reason=HOLD_SPREAD spread=0.9414% mom=1.6661% range=2.0915% up=66.67% rsi=84.13897280966769
[2026-02-28 00:12:09] CHK EMA1m:OK EMA5m:OK RSI:84.16289592 VOL:OK MOM:1.37% RANGE:1.62% UP:66.66% SPREAD:0.76575008% BID:0.02873 ASK:0.02895 STATE:IDLE
[2026-02-28 00:12:10] CHK EMA1m:OK EMA5m:OK RSI:84.30493273 VOL:OK MOM:0.59% RANGE:0.94% UP:66.66% SPREAD:0.20869565% BID:0.02875 ASK:0.02881 STATE:IDLE
[2026-02-28 00:12:11] CHK EMA1m:OK EMA5m:OK RSI:84.23423423 VOL:OK MOM:-0.13% RANGE:0.94% UP:6E+1% SPREAD:0.24356297% BID:0.02874 ASK:0.02881 STATE:IDLE
[2026-02-28 00:12:13] CHK EMA1m:OK EMA5m:OK RSI:84.25787106 VOL:OK MOM:0.17% RANGE:0.94% UP:66.66% SPREAD:0.2084781% BID:0.02878 ASK:0.02884 STATE:IDLE
[2026-02-28 00:12:14] CHK EMA1m:OK EMA5m:OK RSI:84.04255319 VOL:OK MOM:-0.27% RANGE:0.94% UP:6E+1% SPREAD:0.20920502% BID:0.02868 ASK:0.02874 STATE:IDLE
[2026-02-28 00:12:15] CHK EMA1m:OK EMA5m:OK RSI:82.88288288 VOL:OK MOM:-0.86% RANGE:0.94% UP:53.33% SPREAD:0.70052539% BID:0.02855 ASK:0.02875 STATE:IDLE
[2026-02-28 00:12:16] CHK EMA1m:OK EMA5m:OK RSI:82.88288288 VOL:OK MOM:-0.79% RANGE:0.94% UP:56.25% SPREAD:0.280014% BID:0.02857 ASK:0.02865 STATE:IDLE
[2026-02-28 00:12:18] CHK EMA1m:OK EMA5m:OK RSI:83.63636363 VOL:OK MOM:-0.38% RANGE:0.87% UP:62.5% SPREAD:0.27981811% BID:0.02859 ASK:0.02867 STATE:IDLE
[2026-02-28 00:12:19] CHK EMA1m:OK EMA5m:OK RSI:83.63636363 VOL:OK MOM:-0.1% RANGE:0.87% UP:66.66% SPREAD:0.24449877% BID:0.02863 ASK:0.0287 STATE:IDLE
[2026-02-28 00:12:20] DECIDE_HOLD reason=HOLD_MIN_NOTIONAL spread=0.2445% mom=-0.1047% range=0.8763% up=66.67% rsi=83.63636363636365
[2026-02-28 00:12:21] CHK EMA1m:OK EMA5m:OK RSI:84.01826484 VOL:OK MOM:0.31% RANGE:0.87% UP:66.66% SPREAD:0.55904961% BID:0.02862 ASK:0.02878 STATE:IDLE
[2026-02-28 00:12:21] CHK EMA1m:OK EMA5m:OK RSI:84.04255319 VOL:OK MOM:0.31% RANGE:0.8% UP:66.66% SPREAD:0.45391061% BID:0.02864 ASK:0.02877 STATE:IDLE
[2026-02-28 00:12:22] CHK EMA1m:OK EMA5m:OK RSI:84.23423423 VOL:OK MOM:0.77% RANGE:0.8% UP:68.75% SPREAD:0.20855057% BID:0.02877 ASK:0.02883 STATE:IDLE
[2026-02-28 00:12:24] CHK EMA1m:OK EMA5m:OK RSI:84.25787106 VOL:OK MOM:1.01% RANGE:1.05% UP:68.75% SPREAD:0.27729636% BID:0.02885 ASK:0.02893 STATE:IDLE
[2026-02-28 00:12:25] CHK EMA1m:OK EMA5m:OK RSI:84.28143712 VOL:OK MOM:0.2% RANGE:1.05% UP:66.66% SPREAD:0.27864855% BID:0.02871 ASK:0.02879 STATE:IDLE
[2026-02-28 00:12:26] CHK EMA1m:OK EMA5m:OK RSI:84.16289592 VOL:OK MOM:0.38% RANGE:1.05% UP:68.75% SPREAD:0.41724617% BID:0.02876 ASK:0.02888 STATE:IDLE
[2026-02-28 00:12:27] CHK EMA1m:OK EMA5m:OK RSI:84.23423423 VOL:OK MOM:0.1% RANGE:1.05% UP:62.5% SPREAD:0.48763497% BID:0.02871 ASK:0.02885 STATE:IDLE
[2026-02-28 00:12:28] CHK EMA1m:OK EMA5m:OK RSI:84.23423423 VOL:OK MOM:0.06% RANGE:1.05% UP:62.5% SPREAD:0.17391304% BID:0.02875 ASK:0.0288 STATE:IDLE
[2026-02-28 00:12:30] CHK EMA1m:OK EMA5m:OK RSI:84.53608247 VOL:OK MOM:0.27% RANGE:1.05% UP:62.5% SPREAD:0.20811654% BID:0.02883 ASK:0.02889 STATE:IDLE
[2026-02-28 00:12:30] DECIDE_HOLD reason=HOLD_MIN_NOTIONAL spread=0.2081% mom=0.2783% range=1.0508% up=62.50% rsi=84.53608247422682
[2026-02-28 00:12:31] CHK EMA1m:OK EMA5m:OK RSI:84.35171385 VOL:OK MOM:0.06% RANGE:1.05% UP:6E+1% SPREAD:0.41666666% BID:0.0288 ASK:0.02892 STATE:IDLE
[2026-02-28 00:12:32] CHK EMA1m:OK EMA5m:OK RSI:84.42136498 VOL:OK MOM:0.1% RANGE:1.05% UP:62.5% SPREAD:0.20826102% BID:0.02881 ASK:0.02887 STATE:IDLE
[2026-02-28 00:12:33] CHK EMA1m:OK EMA5m:OK RSI:84.1389728 VOL:OK MOM:0.1% RANGE:1.05% UP:62.5% SPREAD:0.20898641% BID:0.02871 ASK:0.02877 STATE:IDLE
[2026-02-28 00:12:35] CHK EMA1m:OK EMA5m:OK RSI:83.3836858 VOL:OK MOM:0.56% RANGE:1.05% UP:62.5% SPREAD:0.73145245% BID:0.02871 ASK:0.02892 STATE:IDLE
[2026-02-28 00:12:36] CHK EMA1m:OK EMA5m:OK RSI:83.3836858 VOL:OK MOM:0.1% RANGE:0.98% UP:56.25% SPREAD:0.2097902% BID:0.0286 ASK:0.02866 STATE:IDLE
[2026-02-28 00:12:37] CHK EMA1m:OK EMA5m:OK RSI:83.25791855 VOL:OK MOM:-0.03% RANGE:0.94% UP:5E+1% SPREAD:0.66480055% BID:0.02858 ASK:0.02877 STATE:IDLE
[2026-02-28 00:12:38] CHK EMA1m:OK EMA5m:OK RSI:83.3836858 VOL:OK MOM:-0.17% RANGE:0.94% UP:43.75% SPREAD:0.59482155% BID:0.02858 ASK:0.02875 STATE:IDLE
[2026-02-28 00:12:39] CHK EMA1m:OK EMA5m:OK RSI:83.3836858 VOL:OK MOM:0.03% RANGE:0.94% UP:47.05% SPREAD:0.31424581% BID:0.02864 ASK:0.02873 STATE:IDLE
[2026-02-28 00:12:41] CHK EMA1m:OK EMA5m:OK RSI:83.3836858 VOL:OK MOM:0.13% RANGE:0.94% UP:52.94% SPREAD:0.66294487% BID:0.02866 ASK:0.02885 STATE:IDLE
[2026-02-28 00:12:41] DECIDE_HOLD reason=HOLD_SPREAD spread=0.6629% mom=0.1398% range=0.9447% up=52.94% rsi=83.38368580060421
[2026-02-28 00:12:42] CHK EMA1m:OK EMA5m:OK RSI:84.04255319 VOL:OK MOM:-0.45% RANGE:0.94% UP:43.75% SPREAD:1.29189944% BID:0.02864 ASK:0.02901 STATE:IDLE
[2026-02-28 00:12:43] CHK EMA1m:OK EMA5m:OK RSI:84.58149779 VOL:OK MOM:0.13% RANGE:1.08% UP:43.75% SPREAD:0.93457943% BID:0.02889 ASK:0.02916 STATE:IDLE
[2026-02-28 00:12:44] CHK EMA1m:OK EMA5m:OK RSI:84.60410557 VOL:OK MOM:0.1% RANGE:1.08% UP:41.17% SPREAD:0.17313019% BID:0.02888 ASK:0.02893 STATE:IDLE
[2026-02-28 00:12:45] CHK EMA1m:OK EMA5m:OK RSI:84.44444444 VOL:OK MOM:0.59% RANGE:1.08% UP:41.17% SPREAD:0.10387811% BID:0.02888 ASK:0.02891 STATE:IDLE
[2026-02-28 00:12:47] CHK EMA1m:OK EMA5m:OK RSI:84.25787106 VOL:OK MOM:0.13% RANGE:1.08% UP:35.29% SPREAD:0.13888888% BID:0.0288 ASK:0.02884 STATE:IDLE
[2026-02-28 00:12:48] CHK EMA1m:OK EMA5m:OK RSI:84.375 VOL:OK MOM:0.17% RANGE:1.08% UP:31.25% SPREAD:0.83333333% BID:0.0288 ASK:0.02904 STATE:IDLE
[2026-02-28 00:12:49] CHK EMA1m:OK EMA5m:OK RSI:84.39821693 VOL:OK MOM:-0.17% RANGE:1.08% UP:25% SPREAD:0.90340514% BID:0.02878 ASK:0.02904 STATE:IDLE
[2026-02-28 00:12:50] CHK EMA1m:OK EMA5m:OK RSI:84.25787106 VOL:OK MOM:-0.2% RANGE:1.08% UP:25% SPREAD:1.04384133% BID:0.02874 ASK:0.02904 STATE:IDLE
[2026-02-28 00:12:51] CHK EMA1m:OK EMA5m:OK RSI:84.25787106 VOL:OK MOM:-0.31% RANGE:1.08% UP:23.52% SPREAD:0.20898641% BID:0.02871 ASK:0.02877 STATE:IDLE
[2026-02-28 00:12:51] DECIDE_HOLD reason=HOLD_MOM spread=0.2090% mom=-0.3125% range=1.0847% up=23.53% rsi=84.25787106446778
[2026-02-28 00:12:53] CHK EMA1m:OK EMA5m:OK RSI:84.28143712 VOL:OK MOM:0.2% RANGE:1.08% UP:25% SPREAD:0.62565172% BID:0.02877 ASK:0.02895 STATE:IDLE
[2026-02-28 00:12:54] CHK EMA1m:OK EMA5m:OK RSI:84.25787106 VOL:OK MOM:0.03% RANGE:1.08% UP:25% SPREAD:0.27855153% BID:0.02872 ASK:0.0288 STATE:IDLE
[2026-02-28 00:12:55] CHK EMA1m:OK EMA5m:OK RSI:84.25787106 VOL:OK MOM:0.45% RANGE:1.08% UP:31.25% SPREAD:0.76575008% BID:0.02873 ASK:0.02895 STATE:IDLE
[2026-02-28 00:12:56] CHK EMA1m:OK EMA5m:OK RSI:84.06676783 VOL:OK MOM:0.34% RANGE:1.08% UP:29.41% SPREAD:0.80139372% BID:0.0287 ASK:0.02893 STATE:IDLE
[2026-02-28 00:12:57] CHK EMA1m:OK EMA5m:OK RSI:84.06676783 VOL:OK MOM:0.34% RANGE:1.08% UP:29.41% SPREAD:0.48814504% BID:0.02868 ASK:0.02882 STATE:IDLE
[2026-02-28 00:12:58] CHK EMA1m:OK EMA5m:OK RSI:84.06676783 VOL:OK MOM:0.34% RANGE:1.08% UP:29.41% SPREAD:0.48814504% BID:0.02868 ASK:0.02882 STATE:IDLE
[2026-02-28 00:12:59] CHK EMA1m:OK EMA5m:OK RSI:84.06676783 VOL:OK MOM:0.06% RANGE:0.87% UP:23.52% SPREAD:0.24424284% BID:0.02866 ASK:0.02873 STATE:IDLE
[2026-02-28 00:13:00] CHK EMA1m:OK EMA5m:OK RSI:84.06676783 VOL:OK MOM:0.03% RANGE:0.87% UP:23.52% SPREAD:0.20927799% BID:0.02867 ASK:0.02873 STATE:IDLE
[2026-02-28 00:13:01] CHK EMA1m:OK EMA5m:OK RSI:83.67029548 VOL:NO MOM:-0.06% RANGE:0.94% UP:23.52% SPREAD:0.2445842% BID:0.02862 ASK:0.02869 STATE:IDLE
[2026-02-28 00:13:02] DECIDE_HOLD reason=HOLD_MOM spread=0.2446% mom=-0.0698% range=0.9434% up=23.53% rsi=83.67029548989115
[2026-02-28 00:13:03] CHK EMA1m:OK EMA5m:OK RSI:82.01219512 VOL:OK MOM:-1.03% RANGE:1.04% UP:17.64% SPREAD:0.41972717% BID:0.02859 ASK:0.02871 STATE:IDLE
[2026-02-28 00:13:04] CHK EMA1m:OK EMA5m:OK RSI:82.76923076 VOL:OK MOM:-1% RANGE:1.01% UP:18.75% SPREAD:0.24484085% BID:0.02859 ASK:0.02866 STATE:IDLE
[2026-02-28 00:13:05] CHK EMA1m:OK EMA5m:OK RSI:82.76923076 VOL:OK MOM:-0.76% RANGE:0.76% UP:18.75% SPREAD:0.31490552% BID:0.02858 ASK:0.02867 STATE:IDLE
[2026-02-28 00:13:06] CHK EMA1m:OK EMA5m:OK RSI:82.76923076 VOL:OK MOM:-0.9% RANGE:0.91% UP:18.75% SPREAD:0.28030833% BID:0.02854 ASK:0.02862 STATE:IDLE
[2026-02-28 00:13:07] CHK EMA1m:OK EMA5m:OK RSI:82.76923076 VOL:OK MOM:-0.76% RANGE:0.91% UP:23.52% SPREAD:0.24492652% BID:0.02858 ASK:0.02865 STATE:IDLE
[2026-02-28 00:13:09] CHK EMA1m:OK EMA5m:OK RSI:83.74613003 VOL:OK MOM:0.06% RANGE:0.91% UP:29.41% SPREAD:0.20833333% BID:0.0288 ASK:0.02886 STATE:IDLE
[2026-02-28 00:13:10] CHK EMA1m:OK EMA5m:OK RSI:83.87096774 VOL:OK MOM:0.2% RANGE:0.91% UP:31.25% SPREAD:0.34758428% BID:0.02877 ASK:0.02887 STATE:IDLE
[2026-02-28 00:13:12] CHK EMA1m:OK EMA5m:OK RSI:83.87096774 VOL:OK MOM:0% RANGE:0.91% UP:25% SPREAD:0.27806743% BID:0.02877 ASK:0.02885 STATE:IDLE
[2026-02-28 00:13:13] CHK EMA1m:OK EMA5m:OK RSI:83.74613003 VOL:OK MOM:-0.06% RANGE:0.91% UP:25% SPREAD:0.24390243% BID:0.0287 ASK:0.02877 STATE:IDLE
[2026-02-28 00:13:13] DECIDE_HOLD reason=HOLD_MOM spread=0.2439% mom=-0.0696% range=0.9110% up=25.00% rsi=83.74613003095978
[2026-02-28 00:13:14] CHK EMA1m:OK EMA5m:OK RSI:83.82126348 VOL:OK MOM:0.06% RANGE:0.91% UP:25% SPREAD:0.27826086% BID:0.02875 ASK:0.02883 STATE:IDLE
[2026-02-28 00:13:16] CHK EMA1m:OK EMA5m:OK RSI:83.82126348 VOL:OK MOM:0.2% RANGE:0.91% UP:31.25% SPREAD:0.27816411% BID:0.02876 ASK:0.02884 STATE:IDLE
[2026-02-28 00:13:17] CHK EMA1m:OK EMA5m:OK RSI:83.82126348 VOL:OK MOM:0.13% RANGE:0.91% UP:33.33% SPREAD:0.24373259% BID:0.02872 ASK:0.02879 STATE:IDLE
[2026-02-28 00:13:18] CHK EMA1m:OK EMA5m:OK RSI:83.82126348 VOL:OK MOM:0.31% RANGE:0.91% UP:4E+1% SPREAD:0.31304347% BID:0.02875 ASK:0.02884 STATE:IDLE
[2026-02-28 00:13:20] CHK EMA1m:OK EMA5m:OK RSI:83.82126348 VOL:OK MOM:0.31% RANGE:0.91% UP:4E+1% SPREAD:0.2433936% BID:0.02876 ASK:0.02883 STATE:IDLE
[2026-02-28 00:13:21] CHK EMA1m:OK EMA5m:OK RSI:83.82126348 VOL:OK MOM:0.1% RANGE:0.91% UP:4E+1% SPREAD:0.20942408% BID:0.02865 ASK:0.02871 STATE:IDLE
[2026-02-28 00:13:23] CHK EMA1m:OK EMA5m:OK RSI:83.02469135 VOL:OK MOM:0.31% RANGE:0.91% UP:46.66% SPREAD:0.20920502% BID:0.02868 ASK:0.02874 STATE:IDLE
[2026-02-28 00:13:24] CHK EMA1m:OK EMA5m:OK RSI:82.64208909 VOL:OK MOM:0.34% RANGE:0.91% UP:53.33% SPREAD:0.52283025% BID:0.02869 ASK:0.02884 STATE:IDLE
[2026-02-28 00:13:24] DECIDE_HOLD reason=HOLD_SPREAD spread=0.5228% mom=0.3498% range=0.9110% up=53.33% rsi=82.64208909370201
[2026-02-28 00:13:25] CHK EMA1m:OK EMA5m:OK RSI:84.16289592 VOL:OK MOM:0.48% RANGE:0.91% UP:6E+1% SPREAD:0.27855153% BID:0.02872 ASK:0.0288 STATE:IDLE
[2026-02-28 00:13:26] CHK EMA1m:OK EMA5m:OK RSI:83.79629629 VOL:OK MOM:0.41% RANGE:0.76% UP:57.14% SPREAD:0.24390243% BID:0.0287 ASK:0.02877 STATE:IDLE
[2026-02-28 00:13:28] CHK EMA1m:OK EMA5m:OK RSI:83.79629629 VOL:OK MOM:-0.38% RANGE:0.52% UP:5E+1% SPREAD:0.17427675% BID:0.02869 ASK:0.02874 STATE:IDLE
[2026-02-28 00:13:29] CHK EMA1m:OK EMA5m:OK RSI:83.72093023 VOL:OK MOM:-0.13% RANGE:0.41% UP:57.14% SPREAD:0.27845457% BID:0.02873 ASK:0.02881 STATE:IDLE
[2026-02-28 00:13:30] CHK EMA1m:OK EMA5m:OK RSI:83.72093023 VOL:OK MOM:-0.13% RANGE:0.41% UP:53.33% SPREAD:0.17403411% BID:0.02873 ASK:0.02878 STATE:IDLE
[2026-02-28 00:13:32] CHK EMA1m:OK EMA5m:OK RSI:84.1389728 VOL:OK MOM:0.24% RANGE:0.41% UP:64.28% SPREAD:0.27806743% BID:0.02877 ASK:0.02885 STATE:IDLE
[2026-02-28 00:13:33] CHK EMA1m:OK EMA5m:OK RSI:83.79629629 VOL:OK MOM:-0.03% RANGE:0.41% UP:57.14% SPREAD:0.3131524% BID:0.02874 ASK:0.02883 STATE:IDLE
[2026-02-28 00:13:34] CHK EMA1m:OK EMA5m:OK RSI:83.96946564 VOL:OK MOM:0.06% RANGE:0.41% UP:6E+1% SPREAD:0.20855057% BID:0.02877 ASK:0.02883 STATE:IDLE
[2026-02-28 00:13:34] DECIDE_HOLD reason=HOLD_MIN_NOTIONAL spread=0.2086% mom=0.0696% range=0.4188% up=60.00% rsi=83.96946564885498
[2026-02-28 00:13:35] CHK EMA1m:OK EMA5m:OK RSI:83.89570552 VOL:OK MOM:-0.13% RANGE:0.41% UP:53.33% SPREAD:0.31337047% BID:0.02872 ASK:0.02881 STATE:IDLE
[2026-02-28 00:13:36] CHK EMA1m:OK EMA5m:OK RSI:83.89570552 VOL:OK MOM:0.03% RANGE:0.41% UP:6E+1% SPREAD:0.17403411% BID:0.02873 ASK:0.02878 STATE:IDLE
[2026-02-28 00:13:38] CHK EMA1m:OK EMA5m:OK RSI:83.84615384 VOL:OK MOM:-0.06% RANGE:0.41% UP:53.33% SPREAD:0.52210233% BID:0.02873 ASK:0.02888 STATE:IDLE
[2026-02-28 00:13:39] CHK EMA1m:OK EMA5m:OK RSI:84.1149773 VOL:OK MOM:-0.13% RANGE:0.41% UP:46.66% SPREAD:0.20891364% BID:0.02872 ASK:0.02878 STATE:IDLE
[2026-02-28 00:13:40] CHK EMA1m:OK EMA5m:OK RSI:84.1149773 VOL:OK MOM:0.27% RANGE:0.41% UP:53.33% SPREAD:0.20884093% BID:0.02873 ASK:0.02879 STATE:IDLE
[2026-02-28 00:13:42] CHK EMA1m:OK EMA5m:OK RSI:83.02469135 VOL:OK MOM:-0.06% RANGE:0.38% UP:46.66% SPREAD:0.20935101% BID:0.02866 ASK:0.02872 STATE:IDLE
[2026-02-28 00:13:44] CHK EMA1m:OK EMA5m:OK RSI:81.51515151 VOL:OK MOM:-0.48% RANGE:0.77% UP:4E+1% SPREAD:0.21015761% BID:0.02855 ASK:0.02861 STATE:IDLE
[2026-02-28 00:13:45] CHK EMA1m:OK EMA5m:OK RSI:81.02409638 VOL:OK MOM:-0.87% RANGE:1.12% UP:35.71% SPREAD:0.456942% BID:0.02845 ASK:0.02858 STATE:IDLE
[2026-02-28 00:13:45] DECIDE_HOLD reason=HOLD_SPREAD spread=0.4569% mom=-0.8711% range=1.1248% up=35.71% rsi=81.02409638554221
[2026-02-28 00:13:46] CHK EMA1m:OK EMA5m:OK RSI:81.02409638 VOL:OK MOM:-0.66% RANGE:1.12% UP:4E+1% SPREAD:0.21045247% BID:0.02851 ASK:0.02857 STATE:IDLE
[2026-02-28 00:13:48] CHK EMA1m:OK EMA5m:OK RSI:81.63884673 VOL:OK MOM:-0.59% RANGE:1.12% UP:46.66% SPREAD:0.21037868% BID:0.02852 ASK:0.02858 STATE:IDLE
[2026-02-28 00:13:49] CHK EMA1m:OK EMA5m:OK RSI:81.76291793 VOL:OK MOM:-0.62% RANGE:1.12% UP:5E+1% SPREAD:0.21015761% BID:0.02855 ASK:0.02861 STATE:IDLE
[2026-02-28 00:13:50] CHK EMA1m:OK EMA5m:OK RSI:81.63884673 VOL:OK MOM:-0.83% RANGE:1.12% UP:42.85% SPREAD:0.35050823% BID:0.02853 ASK:0.02863 STATE:IDLE
[2026-02-28 00:13:51] CHK EMA1m:OK EMA5m:OK RSI:82.64208909 VOL:OK MOM:-0.48% RANGE:1.12% UP:46.66% SPREAD:0.52392595% BID:0.02863 ASK:0.02878 STATE:IDLE
[2026-02-28 00:13:53] CHK EMA1m:OK EMA5m:OK RSI:83.41085271 VOL:OK MOM:-0.38% RANGE:1.12% UP:46.66% SPREAD:0.27942717% BID:0.02863 ASK:0.02871 STATE:IDLE
[2026-02-28 00:13:55] CHK EMA1m:OK EMA5m:OK RSI:83.94495412 VOL:OK MOM:-0.2% RANGE:0.98% UP:5E+1% SPREAD:0.52337752% BID:0.02866 ASK:0.02881 STATE:IDLE
[2026-02-28 00:13:57] CHK EMA1m:OK EMA5m:OK RSI:83.41085271 VOL:OK MOM:-0.24% RANGE:0.98% UP:42.85% SPREAD:0.55826936% BID:0.02866 ASK:0.02882 STATE:IDLE
[2026-02-28 00:13:57] DECIDE_HOLD reason=HOLD_SPREAD spread=0.5583% mom=-0.2436% range=0.9842% up=42.86% rsi=83.41085271317831
[2026-02-28 00:13:58] CHK EMA1m:OK EMA5m:OK RSI:83.41085271 VOL:OK MOM:-0.1% RANGE:0.98% UP:53.84% SPREAD:0.24398745% BID:0.02869 ASK:0.02876 STATE:IDLE
[2026-02-28 00:13:59] CHK EMA1m:OK EMA5m:OK RSI:83.87096774 VOL:OK MOM:-0.34% RANGE:0.98% UP:46.15% SPREAD:0.27942717% BID:0.02863 ASK:0.02871 STATE:IDLE
[2026-02-28 00:14:00] CHK EMA1m:OK EMA5m:OK RSI:83.87096774 VOL:OK MOM:-0.03% RANGE:0.84% UP:53.84% SPREAD:0.27923211% BID:0.02865 ASK:0.02873 STATE:IDLE
[2026-02-28 00:14:02] CHK EMA1m:OK EMA5m:OK RSI:88.7804878 VOL:OK MOM:0.17% RANGE:0.84% UP:53.84% SPREAD:0.24475524% BID:0.0286 ASK:0.02867 STATE:IDLE
[2026-02-28 00:14:03] CHK EMA1m:OK EMA5m:OK RSI:88.7804878 VOL:OK MOM:0.14% RANGE:0.84% UP:5E+1% SPREAD:0.24484085% BID:0.02859 ASK:0.02866 STATE:IDLE
[2026-02-28 00:14:04] CHK EMA1m:OK EMA5m:OK RSI:88.7804878 VOL:OK MOM:0.45% RANGE:0.84% UP:5E+1% SPREAD:0.24492652% BID:0.02858 ASK:0.02865 STATE:IDLE
[2026-02-28 00:14:06] CHK EMA1m:OK EMA5m:OK RSI:88.06451612 VOL:OK MOM:0.17% RANGE:0.63% UP:42.85% SPREAD:0.45518207% BID:0.02856 ASK:0.02869 STATE:IDLE
[2026-02-28 00:14:07] CHK EMA1m:OK EMA5m:OK RSI:88.06451612 VOL:OK MOM:0.14% RANGE:0.59% UP:35.71% SPREAD:0.24509803% BID:0.02856 ASK:0.02863 STATE:IDLE
[2026-02-28 00:14:07] DECIDE_HOLD reason=HOLD_MIN_NOTIONAL spread=0.2451% mom=0.1403% range=0.5961% up=35.71% rsi=88.06451612903228
[2026-02-28 00:14:08] CHK EMA1m:OK EMA5m:OK RSI:88.06451612 VOL:OK MOM:0.03% RANGE:0.56% UP:28.57% SPREAD:0.17507002% BID:0.02856 ASK:0.02861 STATE:IDLE
[2026-02-28 00:14:09] CHK EMA1m:OK EMA5m:OK RSI:88.06451612 VOL:OK MOM:0.07% RANGE:0.56% UP:33.33% SPREAD:0.420021% BID:0.02857 ASK:0.02869 STATE:IDLE
[2026-02-28 00:14:10] CHK EMA1m:OK EMA5m:OK RSI:88.20678513 VOL:OK MOM:0.21% RANGE:0.56% UP:4E+1% SPREAD:0.31479538% BID:0.02859 ASK:0.02868 STATE:IDLE
[2026-02-28 00:14:12] CHK EMA1m:OK EMA5m:OK RSI:88.20678513 VOL:OK MOM:-0.06% RANGE:0.45% UP:4E+1% SPREAD:0.2796225% BID:0.02861 ASK:0.02869 STATE:IDLE
