[2026-02-28 06:40:54] SESSION_START symbol=STOUSDC dry_run=0 profile=major strategy=momentum base_url=https://api.binance.com
[2026-02-28 06:40:59] CHK EMA1m:OK EMA5m:OK RSI:60.86956521 VOL:OK MOM:0% RANGE:0% UP:0% SPREAD:0.46874999% BID:0.064 ASK:0.0643 STATE:IDLE
[2026-02-28 06:40:59] DECIDE_HOLD reason=HOLD_SPREAD spread=0.4687% mom=0.0000% range=0.0000% up=0.00% rsi=60.86956521739133
[2026-02-28 06:41:00] CHK EMA1m:OK EMA5m:OK RSI:60.86956521 VOL:OK MOM:0% RANGE:0% UP:0% SPREAD:0.31249999% BID:0.064 ASK:0.0642 STATE:IDLE
[2026-02-28 06:41:01] CHK EMA1m:OK EMA5m:OK RSI:60.86956521 VOL:NO MOM:-0.15% RANGE:0.15% UP:0% SPREAD:0.46948356% BID:0.0639 ASK:0.0642 STATE:IDLE
[2026-02-28 06:41:02] CHK EMA1m:OK EMA5m:OK RSI:60.86956521 VOL:NO MOM:-0.15% RANGE:0.15% UP:0% SPREAD:0.46948356% BID:0.0639 ASK:0.0642 STATE:IDLE
[2026-02-28 06:41:03] CHK EMA1m:OK EMA5m:OK RSI:60.86956521 VOL:NO MOM:-0.15% RANGE:0.15% UP:0% SPREAD:0.46948356% BID:0.0639 ASK:0.0642 STATE:IDLE
[2026-02-28 06:41:05] CHK EMA1m:OK EMA5m:OK RSI:60.86956521 VOL:NO MOM:-0.15% RANGE:0.15% UP:0% SPREAD:0.31298904% BID:0.0639 ASK:0.0641 STATE:IDLE
[2026-02-28 06:41:06] CHK EMA1m:OK EMA5m:OK RSI:60.86956521 VOL:NO MOM:-0.15% RANGE:0.15% UP:0% SPREAD:0.31298904% BID:0.0639 ASK:0.0641 STATE:IDLE
[2026-02-28 06:41:07] CHK EMA1m:OK EMA5m:OK RSI:60.86956521 VOL:NO MOM:-0.15% RANGE:0.15% UP:0% SPREAD:0.31298904% BID:0.0639 ASK:0.0641 STATE:IDLE
[2026-02-28 06:41:08] CHK EMA1m:OK EMA5m:OK RSI:60.86956521 VOL:NO MOM:-0.15% RANGE:0.15% UP:0% SPREAD:0.31298904% BID:0.0639 ASK:0.0641 STATE:IDLE
[2026-02-28 06:41:11] CHK EMA1m:OK EMA5m:OK RSI:60.86956521 VOL:NO MOM:-0.15% RANGE:0.15% UP:0% SPREAD:0.31298904% BID:0.0639 ASK:0.0641 STATE:IDLE
[2026-02-28 06:41:11] DECIDE_HOLD reason=HOLD_SPREAD spread=0.3130% mom=-0.1563% range=0.1565% up=0.00% rsi=60.86956521739133
[2026-02-28 06:41:12] CHK EMA1m:OK EMA5m:OK RSI:60.86956521 VOL:NO MOM:-0.15% RANGE:0.15% UP:0% SPREAD:0.31298904% BID:0.0639 ASK:0.0641 STATE:IDLE
[2026-02-28 06:41:13] CHK EMA1m:OK EMA5m:OK RSI:60.86956521 VOL:OK MOM:-0.15% RANGE:0.15% UP:0% SPREAD:0.31298904% BID:0.0639 ASK:0.0641 STATE:IDLE
[2026-02-28 06:41:13] CHK EMA1m:OK EMA5m:OK RSI:60.86956521 VOL:OK MOM:-0.15% RANGE:0.15% UP:0% SPREAD:0.31298904% BID:0.0639 ASK:0.0641 STATE:IDLE
[2026-02-28 06:41:14] CHK EMA1m:OK EMA5m:OK RSI:60.86956521 VOL:OK MOM:-0.15% RANGE:0.15% UP:0% SPREAD:0.46948356% BID:0.0639 ASK:0.0642 STATE:IDLE
[2026-02-28 06:41:16] CHK EMA1m:OK EMA5m:OK RSI:60.86956521 VOL:OK MOM:-0.15% RANGE:0.15% UP:0% SPREAD:0.31298904% BID:0.0639 ASK:0.0641 STATE:IDLE
[2026-02-28 06:41:17] CHK EMA1m:OK EMA5m:OK RSI:60.86956521 VOL:OK MOM:-0.15% RANGE:0.15% UP:0% SPREAD:0.31298904% BID:0.0639 ASK:0.0641 STATE:IDLE
[2026-02-28 06:41:18] CHK EMA1m:OK EMA5m:OK RSI:60.86956521 VOL:OK MOM:-0.15% RANGE:0.15% UP:0% SPREAD:0.31298904% BID:0.0639 ASK:0.0641 STATE:IDLE
[2026-02-28 06:41:19] CHK EMA1m:OK EMA5m:OK RSI:60.86956521 VOL:OK MOM:-0.15% RANGE:0.15% UP:0% SPREAD:0.31298904% BID:0.0639 ASK:0.0641 STATE:IDLE
[2026-02-28 06:41:20] CHK EMA1m:OK EMA5m:OK RSI:60.86956521 VOL:OK MOM:-0.15% RANGE:0.15% UP:0% SPREAD:0.31298904% BID:0.0639 ASK:0.0641 STATE:IDLE
[2026-02-28 06:41:21] CHK EMA1m:OK EMA5m:OK RSI:60.86956521 VOL:OK MOM:0% RANGE:0% UP:0% SPREAD:0.31298904% BID:0.0639 ASK:0.0641 STATE:IDLE
[2026-02-28 06:41:21] DECIDE_HOLD reason=HOLD_SPREAD spread=0.3130% mom=0.0000% range=0.0000% up=0.00% rsi=60.86956521739133
[2026-02-28 06:41:22] CHK EMA1m:OK EMA5m:OK RSI:60.86956521 VOL:OK MOM:0% RANGE:0% UP:0% SPREAD:0.31298904% BID:0.0639 ASK:0.0641 STATE:IDLE
[2026-02-28 06:41:23] CHK EMA1m:OK EMA5m:OK RSI:65.38461538 VOL:OK MOM:0% RANGE:0% UP:0% SPREAD:0.31298904% BID:0.0639 ASK:0.0641 STATE:IDLE
[2026-02-28 06:41:24] CHK EMA1m:OK EMA5m:OK RSI:65.38461538 VOL:OK MOM:0% RANGE:0% UP:0% SPREAD:0.31298904% BID:0.0639 ASK:0.0641 STATE:IDLE
[2026-02-28 06:41:25] CHK EMA1m:OK EMA5m:OK RSI:65.38461538 VOL:OK MOM:0% RANGE:0% UP:0% SPREAD:0.31298904% BID:0.0639 ASK:0.0641 STATE:IDLE
[2026-02-28 06:41:27] CHK EMA1m:OK EMA5m:OK RSI:65.38461538 VOL:OK MOM:0% RANGE:0% UP:0% SPREAD:0.31298904% BID:0.0639 ASK:0.0641 STATE:IDLE
[2026-02-28 06:41:28] CHK EMA1m:OK EMA5m:OK RSI:65.38461538 VOL:OK MOM:0% RANGE:0% UP:0% SPREAD:0.46948356% BID:0.0639 ASK:0.0642 STATE:IDLE
[2026-02-28 06:41:29] CHK EMA1m:OK EMA5m:OK RSI:65.38461538 VOL:OK MOM:0% RANGE:0% UP:0% SPREAD:0.46948356% BID:0.0639 ASK:0.0642 STATE:IDLE
[2026-02-28 06:41:30] CHK EMA1m:OK EMA5m:OK RSI:65.38461538 VOL:OK MOM:0% RANGE:0% UP:0% SPREAD:0.46948356% BID:0.0639 ASK:0.0642 STATE:IDLE
[2026-02-28 06:41:31] CHK EMA1m:OK EMA5m:OK RSI:65.38461538 VOL:OK MOM:0% RANGE:0% UP:0% SPREAD:0.46948356% BID:0.0639 ASK:0.0642 STATE:IDLE
[2026-02-28 06:41:31] DECIDE_HOLD reason=HOLD_SPREAD spread=0.4695% mom=0.0000% range=0.0000% up=0.00% rsi=65.38461538461553
[2026-02-28 06:41:32] CHK EMA1m:OK EMA5m:OK RSI:65.38461538 VOL:OK MOM:0% RANGE:0% UP:0% SPREAD:0.31298904% BID:0.0639 ASK:0.0641 STATE:IDLE
[2026-02-28 06:41:33] CHK EMA1m:OK EMA5m:OK RSI:65.38461538 VOL:OK MOM:-0.31% RANGE:0.31% UP:0% SPREAD:0.31397174% BID:0.0637 ASK:0.0639 STATE:IDLE
[2026-02-28 06:41:34] CHK EMA1m:OK EMA5m:OK RSI:60.86956521 VOL:OK MOM:-0.93% RANGE:0.94% UP:0% SPREAD:0.47393364% BID:0.0633 ASK:0.0636 STATE:IDLE
[2026-02-28 06:41:35] CHK EMA1m:OK EMA5m:OK RSI:60.86956521 VOL:OK MOM:-0.93% RANGE:0.94% UP:0% SPREAD:0.47393364% BID:0.0633 ASK:0.0636 STATE:IDLE
[2026-02-28 06:41:36] CHK EMA1m:OK EMA5m:OK RSI:60.86956521 VOL:OK MOM:-0.93% RANGE:0.94% UP:0% SPREAD:0.47393364% BID:0.0633 ASK:0.0636 STATE:IDLE
[2026-02-28 06:41:38] CHK EMA1m:OK EMA5m:OK RSI:5E+1 VOL:OK MOM:-1.09% RANGE:1.1% UP:0% SPREAD:0.47468354% BID:0.0632 ASK:0.0635 STATE:IDLE
[2026-02-28 06:41:39] CHK EMA1m:OK EMA5m:OK RSI:5E+1 VOL:OK MOM:-0.93% RANGE:1.1% UP:5.88% SPREAD:0.31595576% BID:0.0633 ASK:0.0635 STATE:IDLE
[2026-02-28 06:41:40] BUY symbol=STOUSDC qty=134.0 entry=0.0634 momPct=-0.0093896713615024 rangePct=0.011075949367088484 upRatio=0.058823529411764705 profile=major
[2026-02-28 06:41:40] CHK EMA1m:OK EMA5m:OK RSI:51.85185185 VOL:OK MOM:-1.09% RANGE:1.1% UP:5.88% SPREAD:0.31645569% BID:0.0632 ASK:0.0634 STATE:IN_POS
[2026-02-28 06:41:41] CHK EMA1m:OK EMA5m:OK RSI:51.85185185 VOL:OK MOM:-1.09% RANGE:1.1% UP:5.88% SPREAD:0.31645569% BID:0.0632 ASK:0.0634 STATE:IN_POS
[2026-02-28 06:41:42] CHK EMA1m:OK EMA5m:OK RSI:51.85185185 VOL:OK MOM:-1.09% RANGE:1.1% UP:5.88% SPREAD:0.47468354% BID:0.0632 ASK:0.0635 STATE:IN_POS
[2026-02-28 06:41:44] CHK EMA1m:OK EMA5m:OK RSI:51.85185185 VOL:OK MOM:-1.09% RANGE:1.1% UP:5.88% SPREAD:0.47468354% BID:0.0632 ASK:0.0635 STATE:IN_POS
[2026-02-28 06:41:45] CHK EMA1m:OK EMA5m:OK RSI:51.85185185 VOL:OK MOM:-1.09% RANGE:1.1% UP:5.88% SPREAD:0.47468354% BID:0.0632 ASK:0.0635 STATE:IN_POS
[2026-02-28 06:41:46] CHK EMA1m:OK EMA5m:OK RSI:51.85185185 VOL:OK MOM:-1.25% RANGE:1.26% UP:6.25% SPREAD:0.31695721% BID:0.0631 ASK:0.0633 STATE:IN_POS
[2026-02-28 06:41:47] CHK EMA1m:OK EMA5m:OK RSI:51.85185185 VOL:OK MOM:-1.25% RANGE:1.26% UP:5.88% SPREAD:0.31695721% BID:0.0631 ASK:0.0633 STATE:IN_POS
[2026-02-28 06:41:48] CHK EMA1m:OK EMA5m:OK RSI:51.85185185 VOL:OK MOM:-1.25% RANGE:1.26% UP:5.88% SPREAD:0.31695721% BID:0.0631 ASK:0.0633 STATE:IN_POS
[2026-02-28 06:41:52] CHK EMA1m:OK EMA5m:OK RSI:5E+1 VOL:OK MOM:-1.09% RANGE:1.26% UP:13.33% SPREAD:0.31645569% BID:0.0632 ASK:0.0634 STATE:IN_POS
[2026-02-28 06:41:53] CHK EMA1m:OK EMA5m:OK RSI:5E+1 VOL:OK MOM:-0.78% RANGE:0.95% UP:13.33% SPREAD:0.31645569% BID:0.0632 ASK:0.0634 STATE:IN_POS
[2026-02-28 06:41:54] CHK EMA1m:OK EMA5m:OK RSI:5E+1 VOL:OK MOM:-0.15% RANGE:0.31% UP:13.33% SPREAD:0.31645569% BID:0.0632 ASK:0.0634 STATE:IN_POS
[2026-02-28 06:41:56] CHK EMA1m:OK EMA5m:OK RSI:5E+1 VOL:OK MOM:-0.31% RANGE:0.31% UP:14.28% SPREAD:0.47543581% BID:0.0631 ASK:0.0634 STATE:IN_POS
[2026-02-28 06:41:57] CHK EMA1m:OK EMA5m:OK RSI:5E+1 VOL:OK MOM:-0.15% RANGE:0.31% UP:14.28% SPREAD:0.47543581% BID:0.0631 ASK:0.0634 STATE:IN_POS
[2026-02-28 06:41:58] CHK EMA1m:OK EMA5m:OK RSI:5E+1 VOL:OK MOM:-0.31% RANGE:0.31% UP:7.14% SPREAD:0.47543581% BID:0.0631 ASK:0.0634 STATE:IN_POS
[2026-02-28 06:41:59] CHK EMA1m:OK EMA5m:OK RSI:5E+1 VOL:OK MOM:-0.15% RANGE:0.15% UP:7.14% SPREAD:0.47543581% BID:0.0631 ASK:0.0634 STATE:IN_POS
[2026-02-28 06:42:01] CHK EMA1m:OK EMA5m:OK RSI:5E+1 VOL:OK MOM:0% RANGE:0.15% UP:14.28% SPREAD:0.31645569% BID:0.0632 ASK:0.0634 STATE:IN_POS
[2026-02-28 06:42:02] CHK EMA1m:OK EMA5m:OK RSI:5E+1 VOL:NO MOM:0% RANGE:0.15% UP:14.28% SPREAD:0.31645569% BID:0.0632 ASK:0.0634 STATE:IN_POS
[2026-02-28 06:42:03] CHK EMA1m:OK EMA5m:OK RSI:5E+1 VOL:NO MOM:0% RANGE:0.15% UP:14.28% SPREAD:0.31645569% BID:0.0632 ASK:0.0634 STATE:IN_POS
[2026-02-28 06:42:07] CHK EMA1m:OK EMA5m:OK RSI:5E+1 VOL:NO MOM:0.31% RANGE:0.31% UP:25% SPREAD:0.31595576% BID:0.0633 ASK:0.0635 STATE:IN_POS
[2026-02-28 06:42:08] CHK EMA1m:OK EMA5m:OK RSI:5E+1 VOL:NO MOM:0.31% RANGE:0.31% UP:25% SPREAD:0.31595576% BID:0.0633 ASK:0.0635 STATE:IN_POS
[2026-02-28 06:42:09] CHK EMA1m:OK EMA5m:OK RSI:5E+1 VOL:NO MOM:0.15% RANGE:0.31% UP:16.66% SPREAD:0.31595576% BID:0.0633 ASK:0.0635 STATE:IN_POS
[2026-02-28 06:42:10] CHK EMA1m:OK EMA5m:OK RSI:5E+1 VOL:NO MOM:0% RANGE:0.31% UP:15.38% SPREAD:0.47468354% BID:0.0632 ASK:0.0635 STATE:IN_POS
[2026-02-28 06:42:11] CHK EMA1m:OK EMA5m:OK RSI:5E+1 VOL:NO MOM:0% RANGE:0.31% UP:14.28% SPREAD:0.47468354% BID:0.0632 ASK:0.0635 STATE:IN_POS
[2026-02-28 06:42:12] CHK EMA1m:OK EMA5m:OK RSI:5E+1 VOL:NO MOM:0% RANGE:0.31% UP:14.28% SPREAD:0.47468354% BID:0.0632 ASK:0.0635 STATE:IN_POS
[2026-02-28 06:42:13] CHK EMA1m:OK EMA5m:OK RSI:5E+1 VOL:NO MOM:0% RANGE:0.31% UP:13.33% SPREAD:0.47468354% BID:0.0632 ASK:0.0635 STATE:IN_POS
[2026-02-28 06:42:17] CHK EMA1m:OK EMA5m:OK RSI:5E+1 VOL:NO MOM:0.15% RANGE:0.31% UP:16.66% SPREAD:0.47468354% BID:0.0632 ASK:0.0635 STATE:IN_POS
[2026-02-28 06:42:18] CHK EMA1m:OK EMA5m:OK RSI:5E+1 VOL:NO MOM:0.15% RANGE:0.31% UP:16.66% SPREAD:0.47468354% BID:0.0632 ASK:0.0635 STATE:IN_POS
[2026-02-28 06:42:19] CHK EMA1m:OK EMA5m:OK RSI:5E+1 VOL:NO MOM:0% RANGE:0.15% UP:8.33% SPREAD:0.47468354% BID:0.0632 ASK:0.0635 STATE:IN_POS
[2026-02-28 06:42:20] CHK EMA1m:OK EMA5m:OK RSI:5E+1 VOL:NO MOM:0% RANGE:0.15% UP:7.69% SPREAD:0.47468354% BID:0.0632 ASK:0.0635 STATE:IN_POS
[2026-02-28 06:42:21] CHK EMA1m:OK EMA5m:OK RSI:5E+1 VOL:NO MOM:0% RANGE:0.15% UP:7.69% SPREAD:0.47468354% BID:0.0632 ASK:0.0635 STATE:IN_POS
[2026-02-28 06:42:23] CHK EMA1m:OK EMA5m:OK RSI:5E+1 VOL:NO MOM:0% RANGE:0.15% UP:7.69% SPREAD:0.47468354% BID:0.0632 ASK:0.0635 STATE:IN_POS
[2026-02-28 06:42:24] CHK EMA1m:OK EMA5m:OK RSI:5E+1 VOL:NO MOM:-0.15% RANGE:0.15% UP:0% SPREAD:0.47468354% BID:0.0632 ASK:0.0635 STATE:IN_POS
[2026-02-28 06:42:25] CHK EMA1m:OK EMA5m:OK RSI:5E+1 VOL:NO MOM:-0.15% RANGE:0.15% UP:0% SPREAD:0.47468354% BID:0.0632 ASK:0.0635 STATE:IN_POS
[2026-02-28 06:42:26] CHK EMA1m:OK EMA5m:OK RSI:5E+1 VOL:NO MOM:-0.15% RANGE:0.15% UP:0% SPREAD:0.47468354% BID:0.0632 ASK:0.0635 STATE:IN_POS
[2026-02-28 06:42:27] CHK EMA1m:OK EMA5m:OK RSI:5E+1 VOL:NO MOM:-0.15% RANGE:0.15% UP:0% SPREAD:0.47468354% BID:0.0632 ASK:0.0635 STATE:IN_POS
[2026-02-28 06:42:28] CHK EMA1m:OK EMA5m:OK RSI:5E+1 VOL:NO MOM:-0.15% RANGE:0.15% UP:0% SPREAD:0.47468354% BID:0.0632 ASK:0.0635 STATE:IN_POS
[2026-02-28 06:42:29] CHK EMA1m:OK EMA5m:OK RSI:5E+1 VOL:NO MOM:0% RANGE:0% UP:0% SPREAD:0.47468354% BID:0.0632 ASK:0.0635 STATE:IN_POS
[2026-02-28 06:42:30] CHK EMA1m:OK EMA5m:OK RSI:5E+1 VOL:NO MOM:0.15% RANGE:0.15% UP:6.25% SPREAD:0.31595576% BID:0.0633 ASK:0.0635 STATE:IN_POS
[2026-02-28 06:42:31] CHK EMA1m:OK EMA5m:OK RSI:5E+1 VOL:NO MOM:0.15% RANGE:0.15% UP:6.25% SPREAD:0.31595576% BID:0.0633 ASK:0.0635 STATE:IN_POS
[2026-02-28 06:42:32] CHK EMA1m:OK EMA5m:OK RSI:5E+1 VOL:NO MOM:0.31% RANGE:0.31% UP:12.5% SPREAD:0.1577287% BID:0.0634 ASK:0.0635 STATE:IN_POS
[2026-02-28 06:42:33] CHK EMA1m:OK EMA5m:OK RSI:5E+1 VOL:NO MOM:0.31% RANGE:0.31% UP:12.5% SPREAD:0.1577287% BID:0.0634 ASK:0.0635 STATE:IN_POS
[2026-02-28 06:42:38] CHK EMA1m:OK EMA5m:OK RSI:5E+1 VOL:NO MOM:0% RANGE:0.31% UP:13.33% SPREAD:0.31645569% BID:0.0632 ASK:0.0634 STATE:IN_POS
[2026-02-28 06:42:39] CHK EMA1m:OK EMA5m:OK RSI:5E+1 VOL:NO MOM:0% RANGE:0.31% UP:13.33% SPREAD:0.31645569% BID:0.0632 ASK:0.0634 STATE:IN_POS
[2026-02-28 06:42:40] CHK EMA1m:OK EMA5m:OK RSI:5E+1 VOL:NO MOM:0% RANGE:0.31% UP:13.33% SPREAD:0.31645569% BID:0.0632 ASK:0.0634 STATE:IN_POS
[2026-02-28 06:42:47] CHK EMA1m:OK EMA5m:OK RSI:5E+1 VOL:NO MOM:0.15% RANGE:0.31% UP:3E+1% SPREAD:0.31595576% BID:0.0633 ASK:0.0635 STATE:IN_POS
[2026-02-28 06:42:48] CHK EMA1m:OK EMA5m:OK RSI:5E+1 VOL:NO MOM:0.15% RANGE:0.31% UP:33.33% SPREAD:0.31595576% BID:0.0633 ASK:0.0635 STATE:IN_POS
[2026-02-28 06:42:49] CHK EMA1m:OK EMA5m:OK RSI:5E+1 VOL:NO MOM:0.15% RANGE:0.31% UP:3E+1% SPREAD:0.31595576% BID:0.0633 ASK:0.0635 STATE:IN_POS
[2026-02-28 06:43:08] CHK EMA1m:OK EMA5m:OK RSI:63.63636363 VOL:NO MOM:-0.15% RANGE:0.15% UP:0% SPREAD:0.31645569% BID:0.0632 ASK:0.0634 STATE:IN_POS
[2026-02-28 06:43:09] CHK EMA1m:OK EMA5m:OK RSI:63.63636363 VOL:NO MOM:-0.15% RANGE:0.15% UP:0% SPREAD:0.31645569% BID:0.0632 ASK:0.0634 STATE:IN_POS
[2026-02-28 06:43:10] CHK EMA1m:OK EMA5m:OK RSI:63.63636363 VOL:NO MOM:0% RANGE:0% UP:0% SPREAD:0.31645569% BID:0.0632 ASK:0.0634 STATE:IN_POS
[2026-02-28 06:43:11] CHK EMA1m:OK EMA5m:OK RSI:63.63636363 VOL:NO MOM:0% RANGE:0% UP:0% SPREAD:0.31645569% BID:0.0632 ASK:0.0634 STATE:IN_POS
[2026-02-28 06:43:12] CHK EMA1m:OK EMA5m:OK RSI:63.63636363 VOL:NO MOM:0% RANGE:0% UP:0% SPREAD:0.31645569% BID:0.0632 ASK:0.0634 STATE:IN_POS
[2026-02-28 06:43:13] CHK EMA1m:OK EMA5m:OK RSI:63.63636363 VOL:NO MOM:0% RANGE:0% UP:0% SPREAD:0.31645569% BID:0.0632 ASK:0.0634 STATE:IN_POS
[2026-02-28 06:43:14] CHK EMA1m:OK EMA5m:OK RSI:63.63636363 VOL:NO MOM:0% RANGE:0% UP:0% SPREAD:0.31645569% BID:0.0632 ASK:0.0634 STATE:IN_POS
[2026-02-28 06:43:16] CHK EMA1m:OK EMA5m:OK RSI:63.63636363 VOL:NO MOM:0% RANGE:0% UP:0% SPREAD:0.31645569% BID:0.0632 ASK:0.0634 STATE:IN_POS
[2026-02-28 06:43:17] CHK EMA1m:OK EMA5m:OK RSI:63.63636363 VOL:NO MOM:0% RANGE:0% UP:0% SPREAD:0.31645569% BID:0.0632 ASK:0.0634 STATE:IN_POS
[2026-02-28 06:43:19] CHK EMA1m:OK EMA5m:OK RSI:63.63636363 VOL:NO MOM:0% RANGE:0% UP:0% SPREAD:0.31645569% BID:0.0632 ASK:0.0634 STATE:IN_POS
[2026-02-28 06:43:23] CHK EMA1m:OK EMA5m:OK RSI:63.63636363 VOL:NO MOM:0% RANGE:0% UP:0% SPREAD:0.31645569% BID:0.0632 ASK:0.0634 STATE:IN_POS
[2026-02-28 06:43:24] CHK EMA1m:OK EMA5m:OK RSI:63.63636363 VOL:NO MOM:0% RANGE:0% UP:0% SPREAD:0.31645569% BID:0.0632 ASK:0.0634 STATE:IN_POS
[2026-02-28 06:43:25] CHK EMA1m:OK EMA5m:OK RSI:63.63636363 VOL:NO MOM:0% RANGE:0% UP:0% SPREAD:0.31645569% BID:0.0632 ASK:0.0634 STATE:IN_POS
[2026-02-28 06:43:26] CHK EMA1m:OK EMA5m:OK RSI:63.63636363 VOL:NO MOM:0% RANGE:0% UP:0% SPREAD:0.31645569% BID:0.0632 ASK:0.0634 STATE:IN_POS
[2026-02-28 06:43:27] CHK EMA1m:OK EMA5m:OK RSI:63.63636363 VOL:NO MOM:0% RANGE:0% UP:0% SPREAD:0.31645569% BID:0.0632 ASK:0.0634 STATE:IN_POS
[2026-02-28 06:43:28] CHK EMA1m:OK EMA5m:OK RSI:63.63636363 VOL:NO MOM:0% RANGE:0% UP:0% SPREAD:0.31645569% BID:0.0632 ASK:0.0634 STATE:IN_POS
[2026-02-28 06:43:30] CHK EMA1m:OK EMA5m:OK RSI:63.63636363 VOL:NO MOM:0% RANGE:0% UP:0% SPREAD:0.31645569% BID:0.0632 ASK:0.0634 STATE:IN_POS
[2026-02-28 06:43:36] CHK EMA1m:OK EMA5m:OK RSI:63.63636363 VOL:NO MOM:-0.15% RANGE:0.15% UP:0% SPREAD:0.47543581% BID:0.0631 ASK:0.0634 STATE:IN_POS
[2026-02-28 06:43:37] CHK EMA1m:OK EMA5m:OK RSI:63.63636363 VOL:NO MOM:-0.15% RANGE:0.15% UP:0% SPREAD:0.31695721% BID:0.0631 ASK:0.0633 STATE:IN_POS
[2026-02-28 06:43:38] CHK EMA1m:OK EMA5m:OK RSI:63.63636363 VOL:NO MOM:-0.15% RANGE:0.15% UP:0% SPREAD:0.31695721% BID:0.0631 ASK:0.0633 STATE:IN_POS
[2026-02-28 06:43:40] CHK EMA1m:OK EMA5m:OK RSI:63.63636363 VOL:NO MOM:-0.31% RANGE:0.31% UP:0% SPREAD:0.47619047% BID:0.063 ASK:0.0633 STATE:IN_POS
[2026-02-28 06:43:41] CHK EMA1m:OK EMA5m:OK RSI:63.63636363 VOL:NO MOM:-0.31% RANGE:0.31% UP:0% SPREAD:0.47619047% BID:0.063 ASK:0.0633 STATE:IN_POS
[2026-02-28 06:43:42] CHK EMA1m:OK EMA5m:OK RSI:63.63636363 VOL:NO MOM:-0.15% RANGE:0.31% UP:8.33% SPREAD:0.31695721% BID:0.0631 ASK:0.0633 STATE:IN_POS
[2026-02-28 06:43:43] CHK EMA1m:OK EMA5m:OK RSI:63.63636363 VOL:NO MOM:-0.15% RANGE:0.31% UP:8.33% SPREAD:0.31695721% BID:0.0631 ASK:0.0633 STATE:IN_POS
[2026-02-28 06:43:44] CHK EMA1m:OK EMA5m:OK RSI:63.63636363 VOL:NO MOM:-0.15% RANGE:0.31% UP:8.33% SPREAD:0.31695721% BID:0.0631 ASK:0.0633 STATE:IN_POS
[2026-02-28 06:43:45] CHK EMA1m:OK EMA5m:OK RSI:63.63636363 VOL:NO MOM:-0.15% RANGE:0.31% UP:8.33% SPREAD:0.31695721% BID:0.0631 ASK:0.0633 STATE:IN_POS
[2026-02-28 06:43:47] CHK EMA1m:OK EMA5m:OK RSI:63.63636363 VOL:NO MOM:-0.15% RANGE:0.31% UP:8.33% SPREAD:0.31695721% BID:0.0631 ASK:0.0633 STATE:IN_POS
[2026-02-28 06:44:00] CHK EMA1m:OK EMA5m:OK RSI:63.63636363 VOL:NO MOM:0% RANGE:0.15% UP:14.28% SPREAD:0.31746031% BID:0.063 ASK:0.0632 STATE:IN_POS
[2026-02-28 06:44:01] CHK EMA1m:OK EMA5m:OK RSI:63.63636363 VOL:NO MOM:-0.15% RANGE:0.15% UP:0% SPREAD:0.31746031% BID:0.063 ASK:0.0632 STATE:IN_POS
[2026-02-28 06:44:02] CHK EMA1m:OK EMA5m:OK RSI:63.63636363 VOL:NO MOM:-0.15% RANGE:0.15% UP:0% SPREAD:0.31746031% BID:0.063 ASK:0.0632 STATE:IN_POS
[2026-02-28 06:44:03] CHK EMA1m:OK EMA5m:OK RSI:63.63636363 VOL:NO MOM:-0.15% RANGE:0.15% UP:0% SPREAD:0.31746031% BID:0.063 ASK:0.0632 STATE:IN_POS
[2026-02-28 06:44:04] CHK EMA1m:OK EMA5m:OK RSI:63.63636363 VOL:NO MOM:-0.31% RANGE:0.31% UP:0% SPREAD:0.47694753% BID:0.0629 ASK:0.0632 STATE:IN_POS
[2026-02-28 06:44:05] CHK EMA1m:OK EMA5m:OK RSI:63.63636363 VOL:NO MOM:-0.31% RANGE:0.31% UP:0% SPREAD:0.47694753% BID:0.0629 ASK:0.0632 STATE:IN_POS
[2026-02-28 06:44:06] CHK EMA1m:OK EMA5m:OK RSI:63.63636363 VOL:NO MOM:-0.15% RANGE:0.15% UP:0% SPREAD:0.47694753% BID:0.0629 ASK:0.0632 STATE:IN_POS
[2026-02-28 06:44:26] CHK EMA1m:OK EMA5m:OK RSI:51.85185185 VOL:OK MOM:-0.15% RANGE:0.15% UP:0% SPREAD:0.31847133% BID:0.0628 ASK:0.063 STATE:IN_POS
[2026-02-28 06:44:27] SELL symbol=STOUSDC qty=133.8 exit=0.0628 pnl=-0.08028000000000045 reason=STOP profile=major
[2026-02-28 06:44:57] CHK EMA1m:OK EMA5m:OK RSI:51.85185185 VOL:OK MOM:-0.15% RANGE:0.15% UP:0% SPREAD:0.31897926% BID:0.0627 ASK:0.0629 STATE:IDLE
[2026-02-28 06:44:57] DECIDE_HOLD reason=HOLD_SPREAD spread=0.3190% mom=-0.1592% range=0.1595% up=0.00% rsi=51.85185185185164
[2026-02-28 06:44:58] CHK EMA1m:OK EMA5m:OK RSI:51.85185185 VOL:OK MOM:-0.15% RANGE:0.15% UP:0% SPREAD:0.31897926% BID:0.0627 ASK:0.0629 STATE:IDLE
[2026-02-28 06:44:59] CHK EMA1m:OK EMA5m:OK RSI:51.85185185 VOL:OK MOM:-0.15% RANGE:0.15% UP:0% SPREAD:0.31897926% BID:0.0627 ASK:0.0629 STATE:IDLE
[2026-02-28 06:45:01] CHK EMA1m:OK EMA5m:OK RSI:51.85185185 VOL:OK MOM:-0.15% RANGE:0.15% UP:0% SPREAD:0.31897926% BID:0.0627 ASK:0.0629 STATE:IDLE
[2026-02-28 06:45:02] CHK EMA1m:OK EMA5m:NO RSI:51.85185185 VOL:NO MOM:0% RANGE:0% UP:0% SPREAD:0.31897926% BID:0.0627 ASK:0.0629 STATE:IDLE
[2026-02-28 06:45:05] CHK EMA1m:OK EMA5m:NO RSI:51.85185185 VOL:NO MOM:0% RANGE:0% UP:0% SPREAD:0.31897926% BID:0.0627 ASK:0.0629 STATE:IDLE
[2026-02-28 06:45:06] CHK EMA1m:OK EMA5m:NO RSI:51.85185185 VOL:NO MOM:0% RANGE:0% UP:0% SPREAD:0.31897926% BID:0.0627 ASK:0.0629 STATE:IDLE
[2026-02-28 06:45:13] CHK EMA1m:OK EMA5m:NO RSI:51.85185185 VOL:NO MOM:0% RANGE:0% UP:0% SPREAD:0.47846889% BID:0.0627 ASK:0.063 STATE:IDLE
[2026-02-28 06:45:13] DECIDE_HOLD reason=HOLD_SPREAD spread=0.4785% mom=0.0000% range=0.0000% up=0.00% rsi=51.85185185185164
[2026-02-28 06:45:14] CHK EMA1m:OK EMA5m:NO RSI:51.85185185 VOL:NO MOM:0% RANGE:0% UP:0% SPREAD:0.47846889% BID:0.0627 ASK:0.063 STATE:IDLE
[2026-02-28 06:45:15] CHK EMA1m:OK EMA5m:NO RSI:51.85185185 VOL:NO MOM:0.15% RANGE:0.15% UP:7.69% SPREAD:0.31847133% BID:0.0628 ASK:0.063 STATE:IDLE
[2026-02-28 06:45:16] CHK EMA1m:OK EMA5m:NO RSI:51.85185185 VOL:NO MOM:0.15% RANGE:0.15% UP:8.33% SPREAD:0.31847133% BID:0.0628 ASK:0.063 STATE:IDLE
[2026-02-28 06:45:17] CHK EMA1m:OK EMA5m:NO RSI:51.85185185 VOL:NO MOM:0% RANGE:0.15% UP:9.09% SPREAD:0.47846889% BID:0.0627 ASK:0.063 STATE:IDLE
[2026-02-28 06:45:18] CHK EMA1m:OK EMA5m:NO RSI:51.85185185 VOL:NO MOM:0% RANGE:0.15% UP:9.09% SPREAD:0.47846889% BID:0.0627 ASK:0.063 STATE:IDLE
[2026-02-28 06:45:19] CHK EMA1m:OK EMA5m:NO RSI:51.85185185 VOL:NO MOM:0% RANGE:0.15% UP:9.09% SPREAD:0.47846889% BID:0.0627 ASK:0.063 STATE:IDLE
[2026-02-28 06:45:20] CHK EMA1m:OK EMA5m:NO RSI:51.85185185 VOL:NO MOM:0% RANGE:0.15% UP:9.09% SPREAD:0.47846889% BID:0.0627 ASK:0.063 STATE:IDLE
[2026-02-28 06:45:21] CHK EMA1m:OK EMA5m:NO RSI:51.85185185 VOL:NO MOM:0% RANGE:0.15% UP:9.09% SPREAD:0.47846889% BID:0.0627 ASK:0.063 STATE:IDLE
[2026-02-28 06:45:22] CHK EMA1m:OK EMA5m:NO RSI:51.85185185 VOL:NO MOM:0% RANGE:0.15% UP:9.09% SPREAD:0.47846889% BID:0.0627 ASK:0.063 STATE:IDLE
[2026-02-28 06:45:24] CHK EMA1m:OK EMA5m:NO RSI:51.85185185 VOL:NO MOM:0% RANGE:0.15% UP:8.33% SPREAD:0.47846889% BID:0.0627 ASK:0.063 STATE:IDLE
[2026-02-28 06:45:24] DECIDE_HOLD reason=HOLD_SPREAD spread=0.4785% mom=0.0000% range=0.1595% up=8.33% rsi=51.85185185185164
[2026-02-28 06:45:27] CHK EMA1m:OK EMA5m:NO RSI:51.85185185 VOL:NO MOM:0% RANGE:0.15% UP:9.09% SPREAD:0.47846889% BID:0.0627 ASK:0.063 STATE:IDLE
[2026-02-28 06:45:28] CHK EMA1m:OK EMA5m:NO RSI:51.85185185 VOL:NO MOM:0% RANGE:0.15% UP:8.33% SPREAD:0.47846889% BID:0.0627 ASK:0.063 STATE:IDLE
[2026-02-28 06:45:29] CHK EMA1m:OK EMA5m:NO RSI:51.85185185 VOL:NO MOM:0% RANGE:0.15% UP:7.69% SPREAD:0.31897926% BID:0.0627 ASK:0.0629 STATE:IDLE
[2026-02-28 06:45:30] CHK EMA1m:OK EMA5m:NO RSI:51.85185185 VOL:NO MOM:0% RANGE:0.15% UP:7.14% SPREAD:0.31897926% BID:0.0627 ASK:0.0629 STATE:IDLE
[2026-02-28 06:45:31] CHK EMA1m:OK EMA5m:NO RSI:51.85185185 VOL:NO MOM:0% RANGE:0.15% UP:6.66% SPREAD:0.31897926% BID:0.0627 ASK:0.0629 STATE:IDLE
[2026-02-28 06:45:32] CHK EMA1m:OK EMA5m:NO RSI:51.85185185 VOL:NO MOM:0% RANGE:0.15% UP:6.25% SPREAD:0.31897926% BID:0.0627 ASK:0.0629 STATE:IDLE
[2026-02-28 06:45:33] CHK EMA1m:OK EMA5m:NO RSI:51.85185185 VOL:NO MOM:0% RANGE:0.15% UP:6.25% SPREAD:0.31897926% BID:0.0627 ASK:0.0629 STATE:IDLE
[2026-02-28 06:45:33] DECIDE_HOLD reason=HOLD_SPREAD spread=0.3190% mom=0.0000% range=0.1595% up=6.25% rsi=51.85185185185164
[2026-02-28 06:45:35] CHK EMA1m:OK EMA5m:NO RSI:51.85185185 VOL:NO MOM:-0.15% RANGE:0.15% UP:0% SPREAD:0.31897926% BID:0.0627 ASK:0.0629 STATE:IDLE
[2026-02-28 06:45:39] CHK EMA1m:OK EMA5m:NO RSI:51.85185185 VOL:NO MOM:0.15% RANGE:0.15% UP:7.69% SPREAD:0.31847133% BID:0.0628 ASK:0.063 STATE:IDLE
[2026-02-28 06:45:40] CHK EMA1m:OK EMA5m:NO RSI:51.85185185 VOL:NO MOM:0.15% RANGE:0.15% UP:7.69% SPREAD:0.31847133% BID:0.0628 ASK:0.063 STATE:IDLE
[2026-02-28 06:45:41] CHK EMA1m:OK EMA5m:NO RSI:51.85185185 VOL:NO MOM:0.31% RANGE:0.31% UP:16.66% SPREAD:0.15898251% BID:0.0629 ASK:0.063 STATE:IDLE
[2026-02-28 06:45:42] BUY symbol=STOUSDC qty=133.4 entry=0.06299999999999999 momPct=0.003189792663476744 rangePct=0.003189792663476744 upRatio=0.16666666666666666 profile=major
[2026-02-28 06:45:42] CHK EMA1m:OK EMA5m:OK RSI:55.17241379 VOL:OK MOM:0.31% RANGE:0.31% UP:16.66% SPREAD:0.15898251% BID:0.0629 ASK:0.063 STATE:IN_POS
[2026-02-28 06:45:43] CHK EMA1m:OK EMA5m:OK RSI:55.17241379 VOL:OK MOM:0.31% RANGE:0.31% UP:16.66% SPREAD:0.15898251% BID:0.0629 ASK:0.063 STATE:IN_POS
[2026-02-28 06:45:44] CHK EMA1m:OK EMA5m:OK RSI:55.17241379 VOL:OK MOM:0.31% RANGE:0.31% UP:15.38% SPREAD:0.15898251% BID:0.0629 ASK:0.063 STATE:IN_POS
[2026-02-28 06:45:53] CHK EMA1m:OK EMA5m:OK RSI:55.17241379 VOL:OK MOM:0.31% RANGE:0.31% UP:22.22% SPREAD:0.31796502% BID:0.0629 ASK:0.0631 STATE:IN_POS
[2026-02-28 06:45:54] CHK EMA1m:OK EMA5m:OK RSI:55.17241379 VOL:OK MOM:0.31% RANGE:0.31% UP:25% SPREAD:0.31796502% BID:0.0629 ASK:0.0631 STATE:IN_POS
[2026-02-28 06:45:55] CHK EMA1m:OK EMA5m:OK RSI:55.17241379 VOL:OK MOM:0.15% RANGE:0.15% UP:12.5% SPREAD:0.31796502% BID:0.0629 ASK:0.0631 STATE:IN_POS
[2026-02-28 06:45:59] CHK EMA1m:OK EMA5m:OK RSI:55.17241379 VOL:OK MOM:0.15% RANGE:0.15% UP:11.11% SPREAD:0.47694753% BID:0.0629 ASK:0.0632 STATE:IN_POS
[2026-02-28 06:46:00] CHK EMA1m:OK EMA5m:OK RSI:55.17241379 VOL:OK MOM:0.15% RANGE:0.15% UP:11.11% SPREAD:0.47694753% BID:0.0629 ASK:0.0632 STATE:IN_POS
[2026-02-28 06:46:01] CHK EMA1m:OK EMA5m:OK RSI:55.17241379 VOL:OK MOM:0% RANGE:0% UP:0% SPREAD:0.47694753% BID:0.0629 ASK:0.0632 STATE:IN_POS
[2026-02-28 06:46:01] CHK EMA1m:OK EMA5m:OK RSI:55.17241379 VOL:OK MOM:0% RANGE:0% UP:0% SPREAD:0.47694753% BID:0.0629 ASK:0.0632 STATE:IN_POS
[2026-02-28 06:46:04] CHK EMA1m:OK EMA5m:OK RSI:59.25925925 VOL:NO MOM:0% RANGE:0% UP:0% SPREAD:0.31796502% BID:0.0629 ASK:0.0631 STATE:IN_POS
[2026-02-28 06:46:05] CHK EMA1m:OK EMA5m:OK RSI:59.25925925 VOL:NO MOM:0% RANGE:0% UP:0% SPREAD:0.31796502% BID:0.0629 ASK:0.0631 STATE:IN_POS
[2026-02-28 06:46:06] CHK EMA1m:OK EMA5m:OK RSI:59.25925925 VOL:NO MOM:0% RANGE:0% UP:0% SPREAD:0.31796502% BID:0.0629 ASK:0.0631 STATE:IN_POS
[2026-02-28 06:46:18] CHK EMA1m:OK EMA5m:OK RSI:59.25925925 VOL:NO MOM:0% RANGE:0% UP:0% SPREAD:0.31796502% BID:0.0629 ASK:0.0631 STATE:IN_POS
[2026-02-28 06:46:19] CHK EMA1m:OK EMA5m:OK RSI:59.25925925 VOL:NO MOM:0% RANGE:0% UP:0% SPREAD:0.31796502% BID:0.0629 ASK:0.0631 STATE:IN_POS
[2026-02-28 06:46:20] CHK EMA1m:OK EMA5m:OK RSI:59.25925925 VOL:NO MOM:0% RANGE:0% UP:0% SPREAD:0.31796502% BID:0.0629 ASK:0.0631 STATE:IN_POS
[2026-02-28 06:46:29] CHK EMA1m:OK EMA5m:OK RSI:59.25925925 VOL:NO MOM:0% RANGE:0% UP:0% SPREAD:0.47694753% BID:0.0629 ASK:0.0632 STATE:IN_POS
[2026-02-28 06:46:30] CHK EMA1m:OK EMA5m:OK RSI:59.25925925 VOL:NO MOM:0% RANGE:0% UP:0% SPREAD:0.47694753% BID:0.0629 ASK:0.0632 STATE:IN_POS
[2026-02-28 06:46:31] CHK EMA1m:OK EMA5m:OK RSI:59.25925925 VOL:NO MOM:0% RANGE:0% UP:0% SPREAD:0.47694753% BID:0.0629 ASK:0.0632 STATE:IN_POS
[2026-02-28 06:46:32] CHK EMA1m:OK EMA5m:OK RSI:59.25925925 VOL:NO MOM:0% RANGE:0% UP:0% SPREAD:0.47694753% BID:0.0629 ASK:0.0632 STATE:IN_POS
[2026-02-28 06:46:33] CHK EMA1m:OK EMA5m:OK RSI:59.25925925 VOL:NO MOM:0% RANGE:0% UP:0% SPREAD:0.47694753% BID:0.0629 ASK:0.0632 STATE:IN_POS
[2026-02-28 06:46:35] CHK EMA1m:OK EMA5m:OK RSI:59.25925925 VOL:NO MOM:0% RANGE:0% UP:0% SPREAD:0.47694753% BID:0.0629 ASK:0.0632 STATE:IN_POS
[2026-02-28 06:47:07] CHK EMA1m:NO EMA5m:OK RSI:59.25925925 VOL:NO MOM:0% RANGE:0% UP:0% SPREAD:0.47694753% BID:0.0629 ASK:0.0632 STATE:IN_POS
[2026-02-28 06:47:08] CHK EMA1m:NO EMA5m:OK RSI:59.25925925 VOL:NO MOM:0% RANGE:0% UP:0% SPREAD:0.47694753% BID:0.0629 ASK:0.0632 STATE:IN_POS
[2026-02-28 06:47:27] CHK EMA1m:NO EMA5m:OK RSI:59.25925925 VOL:NO MOM:0.31% RANGE:0.31% UP:1E+2% SPREAD:0.31695721% BID:0.0631 ASK:0.0633 STATE:IN_POS
[2026-02-28 06:47:28] CHK EMA1m:NO EMA5m:OK RSI:59.25925925 VOL:NO MOM:0.31% RANGE:0.31% UP:5E+1% SPREAD:0.31695721% BID:0.0631 ASK:0.0633 STATE:IN_POS
[2026-02-28 06:47:29] CHK EMA1m:NO EMA5m:OK RSI:59.25925925 VOL:NO MOM:0% RANGE:0% UP:0% SPREAD:0.31695721% BID:0.0631 ASK:0.0633 STATE:IN_POS
[2026-02-28 06:47:32] CHK EMA1m:NO EMA5m:OK RSI:59.25925925 VOL:NO MOM:0% RANGE:0% UP:0% SPREAD:0.31695721% BID:0.0631 ASK:0.0633 STATE:IN_POS
[2026-02-28 06:47:33] CHK EMA1m:NO EMA5m:OK RSI:59.25925925 VOL:NO MOM:0% RANGE:0% UP:0% SPREAD:0.31695721% BID:0.0631 ASK:0.0633 STATE:IN_POS
[2026-02-28 06:47:34] CHK EMA1m:NO EMA5m:OK RSI:59.25925925 VOL:NO MOM:0% RANGE:0% UP:0% SPREAD:0.31695721% BID:0.0631 ASK:0.0633 STATE:IN_POS
[2026-02-28 06:47:39] CHK EMA1m:NO EMA5m:OK RSI:59.25925925 VOL:NO MOM:-0.15% RANGE:0.15% UP:0% SPREAD:0.31746031% BID:0.063 ASK:0.0632 STATE:IN_POS
[2026-02-28 06:47:40] CHK EMA1m:NO EMA5m:OK RSI:59.25925925 VOL:NO MOM:-0.15% RANGE:0.15% UP:0% SPREAD:0.31746031% BID:0.063 ASK:0.0632 STATE:IN_POS
[2026-02-28 06:47:41] CHK EMA1m:NO EMA5m:OK RSI:59.25925925 VOL:NO MOM:-0.15% RANGE:0.15% UP:0% SPREAD:0.31746031% BID:0.063 ASK:0.0632 STATE:IN_POS
[2026-02-28 06:47:44] CHK EMA1m:NO EMA5m:OK RSI:59.25925925 VOL:NO MOM:-0.15% RANGE:0.15% UP:0% SPREAD:0.31746031% BID:0.063 ASK:0.0632 STATE:IN_POS
[2026-02-28 06:47:45] CHK EMA1m:NO EMA5m:OK RSI:59.25925925 VOL:NO MOM:-0.15% RANGE:0.15% UP:0% SPREAD:0.31746031% BID:0.063 ASK:0.0632 STATE:IN_POS
[2026-02-28 06:47:46] CHK EMA1m:NO EMA5m:OK RSI:59.25925925 VOL:NO MOM:-0.15% RANGE:0.15% UP:0% SPREAD:0.31746031% BID:0.063 ASK:0.0632 STATE:IN_POS
[2026-02-28 06:47:47] CHK EMA1m:NO EMA5m:OK RSI:59.25925925 VOL:NO MOM:-0.15% RANGE:0.15% UP:0% SPREAD:0.31746031% BID:0.063 ASK:0.0632 STATE:IN_POS
[2026-02-28 06:47:48] CHK EMA1m:NO EMA5m:OK RSI:59.25925925 VOL:NO MOM:-0.15% RANGE:0.15% UP:0% SPREAD:0.31746031% BID:0.063 ASK:0.0632 STATE:IN_POS
[2026-02-28 06:47:56] CHK EMA1m:NO EMA5m:OK RSI:59.25925925 VOL:NO MOM:-0.15% RANGE:0.15% UP:0% SPREAD:0.47694753% BID:0.0629 ASK:0.0632 STATE:IN_POS
[2026-02-28 06:47:57] CHK EMA1m:NO EMA5m:OK RSI:59.25925925 VOL:NO MOM:-0.15% RANGE:0.15% UP:0% SPREAD:0.47694753% BID:0.0629 ASK:0.0632 STATE:IN_POS
[2026-02-28 06:47:58] CHK EMA1m:NO EMA5m:OK RSI:59.25925925 VOL:NO MOM:-0.15% RANGE:0.15% UP:0% SPREAD:0.47694753% BID:0.0629 ASK:0.0632 STATE:IN_POS
[2026-02-28 06:48:01] CHK EMA1m:NO EMA5m:OK RSI:59.25925925 VOL:NO MOM:0% RANGE:0.15% UP:11.11% SPREAD:0.31746031% BID:0.063 ASK:0.0632 STATE:IN_POS
[2026-02-28 06:48:02] CHK EMA1m:NO EMA5m:OK RSI:59.25925925 VOL:NO MOM:0% RANGE:0.15% UP:11.11% SPREAD:0.31746031% BID:0.063 ASK:0.0632 STATE:IN_POS
[2026-02-28 06:48:03] CHK EMA1m:NO EMA5m:OK RSI:59.25925925 VOL:NO MOM:0% RANGE:0.15% UP:1E+1% SPREAD:0.31746031% BID:0.063 ASK:0.0632 STATE:IN_POS
[2026-02-28 06:48:04] CHK EMA1m:NO EMA5m:OK RSI:59.25925925 VOL:NO MOM:0% RANGE:0.15% UP:1E+1% SPREAD:0.31746031% BID:0.063 ASK:0.0632 STATE:IN_POS
[2026-02-28 06:48:08] CHK EMA1m:OK EMA5m:OK RSI:60.71428571 VOL:OK MOM:0% RANGE:0.15% UP:12.5% SPREAD:0.31746031% BID:0.063 ASK:0.0632 STATE:IN_POS
[2026-02-28 06:48:09] CHK EMA1m:OK EMA5m:OK RSI:60.71428571 VOL:OK MOM:0.15% RANGE:0.15% UP:12.5% SPREAD:0.31746031% BID:0.063 ASK:0.0632 STATE:IN_POS
[2026-02-28 06:48:10] CHK EMA1m:OK EMA5m:OK RSI:60.71428571 VOL:OK MOM:0.15% RANGE:0.15% UP:11.11% SPREAD:0.31746031% BID:0.063 ASK:0.0632 STATE:IN_POS
[2026-02-28 06:48:24] CHK EMA1m:OK EMA5m:OK RSI:63.33333333 VOL:OK MOM:0.63% RANGE:0.63% UP:25% SPREAD:0.31545741% BID:0.0634 ASK:0.0636 STATE:IN_POS
[2026-02-28 06:48:25] CHK EMA1m:OK EMA5m:OK RSI:63.33333333 VOL:OK MOM:0.63% RANGE:0.63% UP:25% SPREAD:0.47318611% BID:0.0634 ASK:0.0637 STATE:IN_POS
[2026-02-28 06:48:26] CHK EMA1m:OK EMA5m:OK RSI:63.33333333 VOL:OK MOM:0.63% RANGE:0.63% UP:2E+1% SPREAD:0.47318611% BID:0.0634 ASK:0.0637 STATE:IN_POS
[2026-02-28 06:48:27] CHK EMA1m:OK EMA5m:OK RSI:63.33333333 VOL:OK MOM:0.79% RANGE:0.79% UP:33.33% SPREAD:0.31496062% BID:0.0635 ASK:0.0637 STATE:IN_POS
[2026-02-28 06:48:28] CHK EMA1m:OK EMA5m:OK RSI:63.33333333 VOL:OK MOM:0.79% RANGE:0.79% UP:33.33% SPREAD:0.31496062% BID:0.0635 ASK:0.0637 STATE:IN_POS
[2026-02-28 06:48:30] CHK EMA1m:OK EMA5m:OK RSI:63.33333333 VOL:OK MOM:0.79% RANGE:0.79% UP:33.33% SPREAD:0.31496062% BID:0.0635 ASK:0.0637 STATE:IN_POS
[2026-02-28 06:48:31] CHK EMA1m:OK EMA5m:OK RSI:63.33333333 VOL:OK MOM:0.15% RANGE:0.15% UP:16.66% SPREAD:0.31496062% BID:0.0635 ASK:0.0637 STATE:IN_POS
[2026-02-28 06:48:32] CHK EMA1m:OK EMA5m:OK RSI:63.33333333 VOL:OK MOM:0.15% RANGE:0.15% UP:14.28% SPREAD:0.31496062% BID:0.0635 ASK:0.0637 STATE:IN_POS
[2026-02-28 06:48:33] CHK EMA1m:OK EMA5m:OK RSI:63.33333333 VOL:OK MOM:0.15% RANGE:0.15% UP:12.5% SPREAD:0.31496062% BID:0.0635 ASK:0.0637 STATE:IN_POS
[2026-02-28 06:48:34] CHK EMA1m:OK EMA5m:OK RSI:63.33333333 VOL:OK MOM:0.15% RANGE:0.15% UP:11.11% SPREAD:0.31496062% BID:0.0635 ASK:0.0637 STATE:IN_POS
[2026-02-28 06:48:36] CHK EMA1m:OK EMA5m:OK RSI:63.33333333 VOL:OK MOM:0.15% RANGE:0.15% UP:1E+1% SPREAD:0.31496062% BID:0.0635 ASK:0.0637 STATE:IN_POS
[2026-02-28 06:48:37] CHK EMA1m:OK EMA5m:OK RSI:63.33333333 VOL:OK MOM:0.15% RANGE:0.15% UP:9.09% SPREAD:0.47244094% BID:0.0635 ASK:0.0638 STATE:IN_POS
[2026-02-28 06:48:38] CHK EMA1m:OK EMA5m:OK RSI:63.33333333 VOL:OK MOM:0.15% RANGE:0.15% UP:8.33% SPREAD:0.47244094% BID:0.0635 ASK:0.0638 STATE:IN_POS
[2026-02-28 06:48:38] CHK EMA1m:OK EMA5m:OK RSI:63.33333333 VOL:OK MOM:0.15% RANGE:0.15% UP:7.69% SPREAD:0.47244094% BID:0.0635 ASK:0.0638 STATE:IN_POS
[2026-02-28 06:48:39] CHK EMA1m:OK EMA5m:OK RSI:63.33333333 VOL:OK MOM:0.15% RANGE:0.15% UP:7.14% SPREAD:0.47244094% BID:0.0635 ASK:0.0638 STATE:IN_POS
[2026-02-28 06:48:45] CHK EMA1m:OK EMA5m:OK RSI:63.33333333 VOL:OK MOM:0.15% RANGE:0.15% UP:7.14% SPREAD:0.31496062% BID:0.0635 ASK:0.0637 STATE:IN_POS
[2026-02-28 06:48:46] CHK EMA1m:OK EMA5m:OK RSI:63.33333333 VOL:OK MOM:0.15% RANGE:0.15% UP:7.14% SPREAD:0.31496062% BID:0.0635 ASK:0.0637 STATE:IN_POS
[2026-02-28 06:48:47] CHK EMA1m:OK EMA5m:OK RSI:63.33333333 VOL:OK MOM:0% RANGE:0% UP:0% SPREAD:0.31496062% BID:0.0635 ASK:0.0637 STATE:IN_POS
[2026-02-28 06:48:48] CHK EMA1m:OK EMA5m:OK RSI:63.33333333 VOL:OK MOM:0% RANGE:0% UP:0% SPREAD:0.31496062% BID:0.0635 ASK:0.0637 STATE:IN_POS
[2026-02-28 06:48:49] CHK EMA1m:OK EMA5m:OK RSI:63.33333333 VOL:OK MOM:0% RANGE:0% UP:0% SPREAD:0.31496062% BID:0.0635 ASK:0.0637 STATE:IN_POS
[2026-02-28 06:48:50] CHK EMA1m:OK EMA5m:OK RSI:63.33333333 VOL:OK MOM:0% RANGE:0% UP:0% SPREAD:0.31496062% BID:0.0635 ASK:0.0637 STATE:IN_POS
[2026-02-28 06:48:51] CHK EMA1m:OK EMA5m:OK RSI:63.33333333 VOL:OK MOM:0% RANGE:0% UP:0% SPREAD:0.31496062% BID:0.0635 ASK:0.0637 STATE:IN_POS
[2026-02-28 06:48:53] CHK EMA1m:OK EMA5m:OK RSI:65.62499999 VOL:OK MOM:0% RANGE:0% UP:0% SPREAD:0.31496062% BID:0.0635 ASK:0.0637 STATE:IN_POS
[2026-02-28 06:48:54] CHK EMA1m:OK EMA5m:OK RSI:65.62499999 VOL:OK MOM:0% RANGE:0% UP:0% SPREAD:0.31496062% BID:0.0635 ASK:0.0637 STATE:IN_POS
[2026-02-28 06:48:56] CHK EMA1m:OK EMA5m:OK RSI:65.62499999 VOL:OK MOM:0% RANGE:0% UP:0% SPREAD:0.31496062% BID:0.0635 ASK:0.0637 STATE:IN_POS
[2026-02-28 06:48:57] CHK EMA1m:OK EMA5m:OK RSI:65.62499999 VOL:OK MOM:0.15% RANGE:0.15% UP:7.69% SPREAD:0.3144654% BID:0.0636 ASK:0.0638 STATE:IN_POS
[2026-02-28 06:48:58] CHK EMA1m:OK EMA5m:OK RSI:65.62499999 VOL:OK MOM:0.15% RANGE:0.15% UP:7.69% SPREAD:0.3144654% BID:0.0636 ASK:0.0638 STATE:IN_POS
[2026-02-28 06:48:59] CHK EMA1m:OK EMA5m:OK RSI:65.62499999 VOL:OK MOM:0.15% RANGE:0.15% UP:7.69% SPREAD:0.3144654% BID:0.0636 ASK:0.0638 STATE:IN_POS
[2026-02-28 06:48:59] CHK EMA1m:OK EMA5m:OK RSI:65.62499999 VOL:OK MOM:0.15% RANGE:0.15% UP:7.69% SPREAD:0.3144654% BID:0.0636 ASK:0.0638 STATE:IN_POS
[2026-02-28 06:49:01] CHK EMA1m:OK EMA5m:OK RSI:65.62499999 VOL:NO MOM:0.15% RANGE:0.15% UP:7.14% SPREAD:0.3144654% BID:0.0636 ASK:0.0638 STATE:IN_POS
[2026-02-28 06:49:02] CHK EMA1m:OK EMA5m:OK RSI:65.62499999 VOL:NO MOM:0% RANGE:0.15% UP:6.66% SPREAD:0.31496062% BID:0.0635 ASK:0.0637 STATE:IN_POS
[2026-02-28 06:49:03] CHK EMA1m:OK EMA5m:OK RSI:65.62499999 VOL:NO MOM:0% RANGE:0.15% UP:6.25% SPREAD:0.31496062% BID:0.0635 ASK:0.0637 STATE:IN_POS
[2026-02-28 06:49:04] CHK EMA1m:OK EMA5m:OK RSI:65.62499999 VOL:NO MOM:0% RANGE:0.15% UP:5.88% SPREAD:0.31496062% BID:0.0635 ASK:0.0637 STATE:IN_POS
[2026-02-28 06:49:05] CHK EMA1m:OK EMA5m:OK RSI:65.62499999 VOL:NO MOM:0% RANGE:0.15% UP:5.88% SPREAD:0.31496062% BID:0.0635 ASK:0.0637 STATE:IN_POS
[2026-02-28 06:49:14] CHK EMA1m:OK EMA5m:OK RSI:63.63636363 VOL:OK MOM:-0.31% RANGE:0.47% UP:9.09% SPREAD:0.31595576% BID:0.0633 ASK:0.0635 STATE:IN_POS
[2026-02-28 06:49:15] CHK EMA1m:OK EMA5m:OK RSI:63.63636363 VOL:OK MOM:-0.47% RANGE:0.63% UP:9.09% SPREAD:0.47468354% BID:0.0632 ASK:0.0635 STATE:IN_POS
[2026-02-28 06:49:16] CHK EMA1m:OK EMA5m:OK RSI:63.63636363 VOL:OK MOM:-0.62% RANGE:0.63% UP:0% SPREAD:0.47468354% BID:0.0632 ASK:0.0635 STATE:IN_POS
[2026-02-28 06:49:17] CHK EMA1m:OK EMA5m:OK RSI:63.63636363 VOL:OK MOM:-0.62% RANGE:0.63% UP:0% SPREAD:0.47468354% BID:0.0632 ASK:0.0635 STATE:IN_POS
[2026-02-28 06:49:18] CHK EMA1m:OK EMA5m:OK RSI:63.63636363 VOL:OK MOM:-0.62% RANGE:0.63% UP:0% SPREAD:0.47468354% BID:0.0632 ASK:0.0635 STATE:IN_POS
[2026-02-28 06:49:19] CHK EMA1m:OK EMA5m:OK RSI:63.63636363 VOL:OK MOM:-0.62% RANGE:0.63% UP:0% SPREAD:0.47468354% BID:0.0632 ASK:0.0635 STATE:IN_POS
[2026-02-28 06:49:21] CHK EMA1m:OK EMA5m:OK RSI:63.63636363 VOL:OK MOM:-0.31% RANGE:0.47% UP:1E+1% SPREAD:0.31595576% BID:0.0633 ASK:0.0635 STATE:IN_POS
[2026-02-28 06:49:22] CHK EMA1m:OK EMA5m:OK RSI:63.63636363 VOL:OK MOM:-0.47% RANGE:0.47% UP:9.09% SPREAD:0.47468354% BID:0.0632 ASK:0.0635 STATE:IN_POS
[2026-02-28 06:49:22] CHK EMA1m:OK EMA5m:OK RSI:63.63636363 VOL:OK MOM:-0.47% RANGE:0.47% UP:9.09% SPREAD:0.47468354% BID:0.0632 ASK:0.0635 STATE:IN_POS
[2026-02-28 06:49:23] CHK EMA1m:OK EMA5m:OK RSI:63.63636363 VOL:OK MOM:-0.47% RANGE:0.47% UP:9.09% SPREAD:0.47468354% BID:0.0632 ASK:0.0635 STATE:IN_POS
[2026-02-28 06:49:33] CHK EMA1m:OK EMA5m:OK RSI:63.63636363 VOL:OK MOM:-0.15% RANGE:0.15% UP:1E+1% SPREAD:0.47468354% BID:0.0632 ASK:0.0635 STATE:IN_POS
[2026-02-28 06:49:34] CHK EMA1m:OK EMA5m:OK RSI:63.63636363 VOL:OK MOM:0% RANGE:0.15% UP:1E+1% SPREAD:0.47468354% BID:0.0632 ASK:0.0635 STATE:IN_POS
[2026-02-28 06:49:35] CHK EMA1m:OK EMA5m:OK RSI:63.63636363 VOL:OK MOM:0% RANGE:0.15% UP:1E+1% SPREAD:0.47468354% BID:0.0632 ASK:0.0635 STATE:IN_POS
[2026-02-28 06:49:45] CHK EMA1m:OK EMA5m:OK RSI:63.63636363 VOL:OK MOM:0% RANGE:0% UP:0% SPREAD:0.31645569% BID:0.0632 ASK:0.0634 STATE:IN_POS
[2026-02-28 06:49:46] CHK EMA1m:OK EMA5m:OK RSI:63.63636363 VOL:OK MOM:0% RANGE:0% UP:0% SPREAD:0.31645569% BID:0.0632 ASK:0.0634 STATE:IN_POS
[2026-02-28 06:49:50] CHK EMA1m:OK EMA5m:OK RSI:63.63636363 VOL:OK MOM:0% RANGE:0% UP:0% SPREAD:0.31645569% BID:0.0632 ASK:0.0634 STATE:IN_POS
[2026-02-28 06:49:51] CHK EMA1m:OK EMA5m:OK RSI:63.63636363 VOL:OK MOM:0% RANGE:0% UP:0% SPREAD:0.31645569% BID:0.0632 ASK:0.0634 STATE:IN_POS
[2026-02-28 06:49:52] CHK EMA1m:OK EMA5m:OK RSI:63.63636363 VOL:OK MOM:0% RANGE:0% UP:0% SPREAD:0.31645569% BID:0.0632 ASK:0.0634 STATE:IN_POS
[2026-02-28 06:49:53] CHK EMA1m:OK EMA5m:OK RSI:63.63636363 VOL:OK MOM:0% RANGE:0% UP:0% SPREAD:0.31645569% BID:0.0632 ASK:0.0634 STATE:IN_POS
[2026-02-28 06:49:54] CHK EMA1m:OK EMA5m:OK RSI:63.63636363 VOL:OK MOM:0% RANGE:0% UP:0% SPREAD:0.31645569% BID:0.0632 ASK:0.0634 STATE:IN_POS
[2026-02-28 06:49:57] CHK EMA1m:OK EMA5m:OK RSI:63.63636363 VOL:OK MOM:0% RANGE:0% UP:0% SPREAD:0.31645569% BID:0.0632 ASK:0.0634 STATE:IN_POS
[2026-02-28 06:49:58] CHK EMA1m:OK EMA5m:OK RSI:63.63636363 VOL:OK MOM:0% RANGE:0% UP:0% SPREAD:0.31645569% BID:0.0632 ASK:0.0634 STATE:IN_POS
[2026-02-28 06:49:59] CHK EMA1m:OK EMA5m:OK RSI:63.63636363 VOL:OK MOM:0% RANGE:0% UP:0% SPREAD:0.31645569% BID:0.0632 ASK:0.0634 STATE:IN_POS
[2026-02-28 06:50:03] CHK EMA1m:OK EMA5m:OK RSI:53.84615384 VOL:NO MOM:0% RANGE:0% UP:0% SPREAD:0.31645569% BID:0.0632 ASK:0.0634 STATE:IN_POS
[2026-02-28 06:50:04] CHK EMA1m:OK EMA5m:OK RSI:53.84615384 VOL:NO MOM:0% RANGE:0% UP:0% SPREAD:0.31645569% BID:0.0632 ASK:0.0634 STATE:IN_POS
[2026-02-28 06:50:05] CHK EMA1m:OK EMA5m:OK RSI:53.84615384 VOL:NO MOM:0% RANGE:0% UP:0% SPREAD:0.31645569% BID:0.0632 ASK:0.0634 STATE:IN_POS
[2026-02-28 06:50:06] CHK EMA1m:OK EMA5m:OK RSI:53.84615384 VOL:NO MOM:0% RANGE:0% UP:0% SPREAD:0.31645569% BID:0.0632 ASK:0.0634 STATE:IN_POS
[2026-02-28 06:50:07] CHK EMA1m:OK EMA5m:OK RSI:53.84615384 VOL:NO MOM:0% RANGE:0% UP:0% SPREAD:0.31645569% BID:0.0632 ASK:0.0634 STATE:IN_POS
[2026-02-28 06:50:12] CHK EMA1m:OK EMA5m:OK RSI:53.84615384 VOL:NO MOM:0% RANGE:0% UP:0% SPREAD:0.31645569% BID:0.0632 ASK:0.0634 STATE:IN_POS
[2026-02-28 06:50:13] CHK EMA1m:OK EMA5m:OK RSI:53.84615384 VOL:NO MOM:0% RANGE:0% UP:0% SPREAD:0.31645569% BID:0.0632 ASK:0.0634 STATE:IN_POS
[2026-02-28 06:50:14] CHK EMA1m:OK EMA5m:OK RSI:53.84615384 VOL:NO MOM:0% RANGE:0% UP:0% SPREAD:0.31645569% BID:0.0632 ASK:0.0634 STATE:IN_POS
[2026-02-28 06:50:18] CHK EMA1m:OK EMA5m:OK RSI:53.84615384 VOL:NO MOM:0% RANGE:0% UP:0% SPREAD:0.31645569% BID:0.0632 ASK:0.0634 STATE:IN_POS
[2026-02-28 06:50:19] CHK EMA1m:OK EMA5m:OK RSI:53.84615384 VOL:NO MOM:0% RANGE:0% UP:0% SPREAD:0.47468354% BID:0.0632 ASK:0.0635 STATE:IN_POS
[2026-02-28 06:50:19] CHK EMA1m:OK EMA5m:OK RSI:53.84615384 VOL:NO MOM:0% RANGE:0% UP:0% SPREAD:0.47468354% BID:0.0632 ASK:0.0635 STATE:IN_POS
[2026-02-28 06:50:20] CHK EMA1m:OK EMA5m:OK RSI:53.84615384 VOL:NO MOM:0% RANGE:0% UP:0% SPREAD:0.47468354% BID:0.0632 ASK:0.0635 STATE:IN_POS
[2026-02-28 06:50:27] CHK EMA1m:OK EMA5m:OK RSI:53.84615384 VOL:NO MOM:0% RANGE:0% UP:0% SPREAD:0.47468354% BID:0.0632 ASK:0.0635 STATE:IN_POS
[2026-02-28 06:50:28] CHK EMA1m:OK EMA5m:OK RSI:53.84615384 VOL:NO MOM:0% RANGE:0% UP:0% SPREAD:0.47468354% BID:0.0632 ASK:0.0635 STATE:IN_POS
[2026-02-28 06:50:29] CHK EMA1m:OK EMA5m:OK RSI:53.84615384 VOL:NO MOM:0% RANGE:0% UP:0% SPREAD:0.47468354% BID:0.0632 ASK:0.0635 STATE:IN_POS
[2026-02-28 06:50:30] CHK EMA1m:OK EMA5m:OK RSI:53.84615384 VOL:NO MOM:0% RANGE:0% UP:0% SPREAD:0.47468354% BID:0.0632 ASK:0.0635 STATE:IN_POS
[2026-02-28 06:50:31] CHK EMA1m:OK EMA5m:OK RSI:53.84615384 VOL:NO MOM:0% RANGE:0% UP:0% SPREAD:0.47468354% BID:0.0632 ASK:0.0635 STATE:IN_POS
[2026-02-28 06:50:32] CHK EMA1m:OK EMA5m:OK RSI:53.84615384 VOL:NO MOM:0% RANGE:0% UP:0% SPREAD:0.47468354% BID:0.0632 ASK:0.0635 STATE:IN_POS
[2026-02-28 06:50:33] CHK EMA1m:OK EMA5m:OK RSI:53.84615384 VOL:NO MOM:0% RANGE:0% UP:0% SPREAD:0.47468354% BID:0.0632 ASK:0.0635 STATE:IN_POS
[2026-02-28 06:50:34] CHK EMA1m:OK EMA5m:OK RSI:53.84615384 VOL:NO MOM:0.31% RANGE:0.31% UP:9.09% SPREAD:0.31545741% BID:0.0634 ASK:0.0636 STATE:IN_POS
[2026-02-28 06:50:35] CHK EMA1m:OK EMA5m:OK RSI:53.84615384 VOL:NO MOM:0.31% RANGE:0.31% UP:8.33% SPREAD:0.31545741% BID:0.0634 ASK:0.0636 STATE:IN_POS
[2026-02-28 06:50:36] CHK EMA1m:OK EMA5m:OK RSI:53.84615384 VOL:NO MOM:0.31% RANGE:0.31% UP:7.69% SPREAD:0.31545741% BID:0.0634 ASK:0.0636 STATE:IN_POS
[2026-02-28 06:50:39] CHK EMA1m:OK EMA5m:OK RSI:53.84615384 VOL:NO MOM:0.15% RANGE:0.31% UP:7.69% SPREAD:0.47393364% BID:0.0633 ASK:0.0636 STATE:IN_POS
[2026-02-28 06:50:40] CHK EMA1m:OK EMA5m:OK RSI:53.84615384 VOL:NO MOM:0.15% RANGE:0.31% UP:8.33% SPREAD:0.47393364% BID:0.0633 ASK:0.0636 STATE:IN_POS
[2026-02-28 06:50:41] CHK EMA1m:OK EMA5m:OK RSI:53.84615384 VOL:NO MOM:0.15% RANGE:0.31% UP:8.33% SPREAD:0.47393364% BID:0.0633 ASK:0.0636 STATE:IN_POS
[2026-02-28 06:50:41] CHK EMA1m:OK EMA5m:OK RSI:53.84615384 VOL:NO MOM:0.31% RANGE:0.31% UP:15.38% SPREAD:0.31545741% BID:0.0634 ASK:0.0636 STATE:IN_POS
[2026-02-28 06:50:42] CHK EMA1m:OK EMA5m:OK RSI:53.84615384 VOL:NO MOM:0.31% RANGE:0.31% UP:14.28% SPREAD:0.31545741% BID:0.0634 ASK:0.0636 STATE:IN_POS
[2026-02-28 06:50:43] SELL symbol=STOUSDC qty=133.3 exit=0.06339999999999998 pnl=0.05331999999999968 reason=TIME profile=major
[2026-02-28 06:50:54] CHK EMA1m:OK EMA5m:OK RSI:53.84615384 VOL:OK MOM:0.31% RANGE:0.47% UP:13.63% SPREAD:0.3144654% BID:0.0636 ASK:0.0638 STATE:IDLE
[2026-02-28 06:50:54] DECIDE_HOLD reason=HOLD_SPREAD spread=0.3145% mom=0.3155% range=0.4739% up=13.64% rsi=53.84615384615368
[2026-02-28 06:50:55] CHK EMA1m:OK EMA5m:OK RSI:53.84615384 VOL:OK MOM:0.31% RANGE:0.47% UP:13.63% SPREAD:0.3144654% BID:0.0636 ASK:0.0638 STATE:IDLE
[2026-02-28 06:50:56] CHK EMA1m:OK EMA5m:OK RSI:53.84615384 VOL:OK MOM:0.31% RANGE:0.47% UP:13.63% SPREAD:0.3144654% BID:0.0636 ASK:0.0638 STATE:IDLE
[2026-02-28 06:50:57] CHK EMA1m:OK EMA5m:OK RSI:53.84615384 VOL:OK MOM:0.63% RANGE:0.63% UP:18.18% SPREAD:0.31397174% BID:0.0637 ASK:0.0639 STATE:IDLE
[2026-02-28 06:50:58] BUY symbol=STOUSDC qty=132.2 entry=0.06390000000000001 momPct=0.0063191153238548415 rangePct=0.0063191153238548415 upRatio=0.18181818181818182 profile=major
[2026-02-28 06:50:58] CHK EMA1m:OK EMA5m:OK RSI:61.29032258 VOL:OK MOM:0.47% RANGE:0.63% UP:18.18% SPREAD:0.47169811% BID:0.0636 ASK:0.0639 STATE:IN_POS
[2026-02-28 06:51:00] CHK EMA1m:OK EMA5m:OK RSI:61.29032258 VOL:OK MOM:0.47% RANGE:0.63% UP:17.39% SPREAD:0.47169811% BID:0.0636 ASK:0.0639 STATE:IN_POS
[2026-02-28 06:51:01] CHK EMA1m:OK EMA5m:OK RSI:61.29032258 VOL:OK MOM:0.31% RANGE:0.47% UP:13.63% SPREAD:0.47169811% BID:0.0636 ASK:0.0639 STATE:IN_POS
[2026-02-28 06:51:02] CHK EMA1m:OK EMA5m:OK RSI:61.29032258 VOL:NO MOM:0.31% RANGE:0.47% UP:13.63% SPREAD:0.47169811% BID:0.0636 ASK:0.0639 STATE:IN_POS
[2026-02-28 06:51:03] CHK EMA1m:OK EMA5m:OK RSI:61.29032258 VOL:NO MOM:0.31% RANGE:0.47% UP:13.63% SPREAD:0.3144654% BID:0.0636 ASK:0.0638 STATE:IN_POS
[2026-02-28 06:51:04] CHK EMA1m:OK EMA5m:OK RSI:61.29032258 VOL:NO MOM:0.31% RANGE:0.47% UP:13.04% SPREAD:0.3144654% BID:0.0636 ASK:0.0638 STATE:IN_POS
[2026-02-28 06:51:05] CHK EMA1m:OK EMA5m:OK RSI:54.28571428 VOL:OK MOM:0.15% RANGE:0.47% UP:13.63% SPREAD:0.15748031% BID:0.0635 ASK:0.0636 STATE:IN_POS
[2026-02-28 06:51:06] CHK EMA1m:OK EMA5m:OK RSI:54.28571428 VOL:OK MOM:-0.31% RANGE:0.79% UP:15% SPREAD:0.47468354% BID:0.0632 ASK:0.0635 STATE:IN_POS
[2026-02-28 06:51:07] SELL symbol=STOUSDC qty=132.1 exit=0.0633 pnl=-0.07926000000000227 reason=STOP profile=major
[2026-02-28 06:51:38] CHK EMA1m:OK EMA5m:OK RSI:55.88235294 VOL:OK MOM:0.31% RANGE:0.63% UP:7.14% SPREAD:0.31496062% BID:0.0635 ASK:0.0637 STATE:IDLE
[2026-02-28 06:51:38] DECIDE_HOLD reason=HOLD_SPREAD spread=0.3150% mom=0.3160% range=0.6339% up=7.14% rsi=55.882352941176435
[2026-02-28 06:51:39] CHK EMA1m:OK EMA5m:OK RSI:55.88235294 VOL:OK MOM:0.47% RANGE:0.63% UP:7.14% SPREAD:0.31496062% BID:0.0635 ASK:0.0637 STATE:IDLE
[2026-02-28 06:51:40] CHK EMA1m:OK EMA5m:OK RSI:55.88235294 VOL:OK MOM:0.63% RANGE:0.63% UP:7.4% SPREAD:0.31496062% BID:0.0635 ASK:0.0637 STATE:IDLE
[2026-02-28 06:51:40] CHK EMA1m:OK EMA5m:OK RSI:55.88235294 VOL:OK MOM:0.63% RANGE:0.63% UP:7.69% SPREAD:0.31496062% BID:0.0635 ASK:0.0637 STATE:IDLE
[2026-02-28 06:51:41] CHK EMA1m:OK EMA5m:OK RSI:55.88235294 VOL:OK MOM:0.63% RANGE:0.63% UP:8% SPREAD:0.31496062% BID:0.0635 ASK:0.0637 STATE:IDLE
[2026-02-28 06:51:43] CHK EMA1m:OK EMA5m:OK RSI:55.88235294 VOL:OK MOM:0.63% RANGE:0.63% UP:8% SPREAD:0.31496062% BID:0.0635 ASK:0.0637 STATE:IDLE
[2026-02-28 06:51:50] CHK EMA1m:OK EMA5m:OK RSI:55.88235294 VOL:OK MOM:0.31% RANGE:0.47% UP:6.25% SPREAD:0.47318611% BID:0.0634 ASK:0.0637 STATE:IDLE
[2026-02-28 06:51:50] DECIDE_HOLD reason=HOLD_SPREAD spread=0.4732% mom=0.3165% range=0.4747% up=6.25% rsi=55.882352941176435
[2026-02-28 06:51:51] CHK EMA1m:OK EMA5m:OK RSI:64.70588235 VOL:OK MOM:0.15% RANGE:0.47% UP:5.88% SPREAD:0.63191153% BID:0.0633 ASK:0.0637 STATE:IDLE
[2026-02-28 06:51:52] CHK EMA1m:OK EMA5m:OK RSI:64.70588235 VOL:OK MOM:0.79% RANGE:0.79% UP:11.11% SPREAD:0.31397174% BID:0.0637 ASK:0.0639 STATE:IDLE
[2026-02-28 06:51:52] BUY symbol=STOUSDC qty=130.7 entry=0.0639 momPct=0.007911392405063297 rangePct=0.007911392405063297 upRatio=0.1111111111111111 profile=major
[2026-02-28 06:51:53] CHK EMA1m:OK EMA5m:OK RSI:61.29032258 VOL:OK MOM:0.79% RANGE:0.79% UP:11.76% SPREAD:0.31397174% BID:0.0637 ASK:0.0639 STATE:IN_POS
[2026-02-28 06:51:54] CHK EMA1m:OK EMA5m:OK RSI:61.29032258 VOL:OK MOM:0.94% RANGE:0.94% UP:18.75% SPREAD:0.31347962% BID:0.0638 ASK:0.064 STATE:IN_POS
[2026-02-28 06:51:55] CHK EMA1m:OK EMA5m:OK RSI:61.29032258 VOL:OK MOM:0.47% RANGE:0.78% UP:13.33% SPREAD:0.31347962% BID:0.0638 ASK:0.064 STATE:IN_POS
[2026-02-28 06:51:56] CHK EMA1m:OK EMA5m:OK RSI:61.29032258 VOL:OK MOM:0.47% RANGE:0.78% UP:15.38% SPREAD:0.47021943% BID:0.0638 ASK:0.0641 STATE:IN_POS
[2026-02-28 06:51:57] CHK EMA1m:OK EMA5m:OK RSI:61.29032258 VOL:OK MOM:0.47% RANGE:0.78% UP:16.66% SPREAD:0.47021943% BID:0.0638 ASK:0.0641 STATE:IN_POS
[2026-02-28 06:51:58] CHK EMA1m:OK EMA5m:OK RSI:61.29032258 VOL:OK MOM:0.47% RANGE:0.78% UP:15.38% SPREAD:0.47021943% BID:0.0638 ASK:0.0641 STATE:IN_POS
[2026-02-28 06:51:59] CHK EMA1m:OK EMA5m:OK RSI:61.29032258 VOL:OK MOM:0.47% RANGE:0.78% UP:15.38% SPREAD:0.47021943% BID:0.0638 ASK:0.0641 STATE:IN_POS
[2026-02-28 06:52:01] CHK EMA1m:OK EMA5m:OK RSI:61.29032258 VOL:OK MOM:0.47% RANGE:0.78% UP:15.38% SPREAD:0.47021943% BID:0.0638 ASK:0.0641 STATE:IN_POS
[2026-02-28 06:52:02] CHK EMA1m:OK EMA5m:OK RSI:59.375 VOL:OK MOM:0.15% RANGE:0.78% UP:16.66% SPREAD:0.3144654% BID:0.0636 ASK:0.0638 STATE:IN_POS
[2026-02-28 06:52:03] CHK EMA1m:OK EMA5m:OK RSI:59.375 VOL:OK MOM:0.31% RANGE:0.78% UP:16.66% SPREAD:0.3144654% BID:0.0636 ASK:0.0638 STATE:IN_POS
[2026-02-28 06:52:04] CHK EMA1m:OK EMA5m:OK RSI:59.375 VOL:OK MOM:0.31% RANGE:0.78% UP:15.38% SPREAD:0.47169811% BID:0.0636 ASK:0.0639 STATE:IN_POS
[2026-02-28 06:52:05] CHK EMA1m:OK EMA5m:OK RSI:59.375 VOL:OK MOM:0.31% RANGE:0.78% UP:14.28% SPREAD:0.47169811% BID:0.0636 ASK:0.0639 STATE:IN_POS
[2026-02-28 06:52:06] CHK EMA1m:OK EMA5m:OK RSI:59.375 VOL:OK MOM:0.31% RANGE:0.78% UP:13.33% SPREAD:0.3144654% BID:0.0636 ASK:0.0638 STATE:IN_POS
[2026-02-28 06:52:07] CHK EMA1m:OK EMA5m:OK RSI:59.375 VOL:OK MOM:0.31% RANGE:0.78% UP:12.5% SPREAD:0.3144654% BID:0.0636 ASK:0.0638 STATE:IN_POS
[2026-02-28 06:52:08] CHK EMA1m:OK EMA5m:OK RSI:59.375 VOL:OK MOM:0.31% RANGE:0.78% UP:11.76% SPREAD:0.3144654% BID:0.0636 ASK:0.0638 STATE:IN_POS
[2026-02-28 06:52:09] CHK EMA1m:OK EMA5m:OK RSI:59.375 VOL:OK MOM:0.47% RANGE:0.78% UP:11.76% SPREAD:0.1572327% BID:0.0636 ASK:0.0637 STATE:IN_POS
[2026-02-28 06:52:10] CHK EMA1m:OK EMA5m:OK RSI:59.375 VOL:OK MOM:0.31% RANGE:0.78% UP:11.11% SPREAD:0.31496062% BID:0.0635 ASK:0.0637 STATE:IN_POS
[2026-02-28 06:52:12] CHK EMA1m:OK EMA5m:OK RSI:59.375 VOL:OK MOM:-0.31% RANGE:0.47% UP:5.55% SPREAD:0.31496062% BID:0.0635 ASK:0.0637 STATE:IN_POS
[2026-02-28 06:52:15] CHK EMA1m:OK EMA5m:OK RSI:59.375 VOL:OK MOM:-0.47% RANGE:0.47% UP:0% SPREAD:0.31496062% BID:0.0635 ASK:0.0637 STATE:IN_POS
[2026-02-28 06:52:16] CHK EMA1m:OK EMA5m:OK RSI:59.375 VOL:OK MOM:-0.47% RANGE:0.47% UP:0% SPREAD:0.31496062% BID:0.0635 ASK:0.0637 STATE:IN_POS
[2026-02-28 06:52:17] CHK EMA1m:OK EMA5m:OK RSI:59.375 VOL:OK MOM:-0.47% RANGE:0.47% UP:0% SPREAD:0.31496062% BID:0.0635 ASK:0.0637 STATE:IN_POS
[2026-02-28 06:52:18] CHK EMA1m:OK EMA5m:OK RSI:59.375 VOL:OK MOM:-0.62% RANGE:0.63% UP:0% SPREAD:0.31545741% BID:0.0634 ASK:0.0636 STATE:IN_POS
[2026-02-28 06:52:19] CHK EMA1m:OK EMA5m:OK RSI:59.375 VOL:OK MOM:-0.62% RANGE:0.63% UP:0% SPREAD:0.31545741% BID:0.0634 ASK:0.0636 STATE:IN_POS
[2026-02-28 06:52:20] CHK EMA1m:OK EMA5m:OK RSI:59.375 VOL:OK MOM:-0.78% RANGE:0.78% UP:0% SPREAD:0.15797788% BID:0.0633 ASK:0.0634 STATE:IN_POS
[2026-02-28 06:52:21] SELL symbol=STOUSDC qty=130.5 exit=0.0633 pnl=-0.07830000000000042 reason=STOP profile=major
[2026-02-28 06:53:05] CHK EMA1m:OK EMA5m:OK RSI:51.72413793 VOL:NO MOM:0% RANGE:0% UP:0% SPREAD:0.31545741% BID:0.0634 ASK:0.0636 STATE:IDLE
[2026-02-28 06:53:05] DECIDE_HOLD reason=HOLD_SPREAD spread=0.3155% mom=0.0000% range=0.0000% up=0.00% rsi=51.72413793103453
[2026-02-28 06:53:06] CHK EMA1m:OK EMA5m:OK RSI:51.72413793 VOL:NO MOM:0% RANGE:0% UP:0% SPREAD:0.31545741% BID:0.0634 ASK:0.0636 STATE:IDLE
[2026-02-28 06:53:07] CHK EMA1m:OK EMA5m:OK RSI:51.72413793 VOL:NO MOM:0% RANGE:0% UP:0% SPREAD:0.31545741% BID:0.0634 ASK:0.0636 STATE:IDLE
[2026-02-28 06:53:13] CHK EMA1m:OK EMA5m:OK RSI:51.72413793 VOL:NO MOM:-0.15% RANGE:0.15% UP:0% SPREAD:0.31595576% BID:0.0633 ASK:0.0635 STATE:IDLE
[2026-02-28 06:53:14] CHK EMA1m:OK EMA5m:OK RSI:51.72413793 VOL:NO MOM:-0.15% RANGE:0.15% UP:0% SPREAD:0.31595576% BID:0.0633 ASK:0.0635 STATE:IDLE
[2026-02-28 06:53:15] CHK EMA1m:OK EMA5m:OK RSI:51.72413793 VOL:NO MOM:-0.15% RANGE:0.15% UP:0% SPREAD:0.31595576% BID:0.0633 ASK:0.0635 STATE:IDLE
[2026-02-28 06:53:15] DECIDE_HOLD reason=HOLD_SPREAD spread=0.3160% mom=-0.1577% range=0.1580% up=0.00% rsi=51.72413793103453
[2026-02-28 06:53:19] CHK EMA1m:OK EMA5m:OK RSI:51.72413793 VOL:NO MOM:-0.31% RANGE:0.31% UP:0% SPREAD:0.47468354% BID:0.0632 ASK:0.0635 STATE:IDLE
[2026-02-28 06:53:20] CHK EMA1m:OK EMA5m:OK RSI:51.72413793 VOL:NO MOM:-0.31% RANGE:0.31% UP:0% SPREAD:0.47468354% BID:0.0632 ASK:0.0635 STATE:IDLE
[2026-02-28 06:53:23] CHK EMA1m:OK EMA5m:OK RSI:51.72413793 VOL:NO MOM:-0.31% RANGE:0.31% UP:0% SPREAD:0.47468354% BID:0.0632 ASK:0.0635 STATE:IDLE
[2026-02-28 06:53:25] CHK EMA1m:OK EMA5m:OK RSI:51.72413793 VOL:NO MOM:-0.31% RANGE:0.31% UP:0% SPREAD:0.47468354% BID:0.0632 ASK:0.0635 STATE:IDLE
[2026-02-28 06:53:34] CHK EMA1m:OK EMA5m:OK RSI:51.72413793 VOL:NO MOM:0% RANGE:0.15% UP:16.66% SPREAD:0.31595576% BID:0.0633 ASK:0.0635 STATE:IDLE
[2026-02-28 06:53:34] DECIDE_HOLD reason=HOLD_RANGE_SPREAD spread=0.3160% mom=0.0000% range=0.1582% up=16.67% rsi=51.72413793103453
[2026-02-28 06:53:35] CHK EMA1m:OK EMA5m:OK RSI:51.72413793 VOL:NO MOM:0.15% RANGE:0.15% UP:2E+1% SPREAD:0.31595576% BID:0.0633 ASK:0.0635 STATE:IDLE
[2026-02-28 06:53:36] CHK EMA1m:OK EMA5m:OK RSI:51.72413793 VOL:NO MOM:0.15% RANGE:0.15% UP:16.66% SPREAD:0.31595576% BID:0.0633 ASK:0.0635 STATE:IDLE
[2026-02-28 06:53:43] CHK EMA1m:OK EMA5m:OK RSI:51.72413793 VOL:NO MOM:0.15% RANGE:0.15% UP:25% SPREAD:0.31595576% BID:0.0633 ASK:0.0635 STATE:IDLE
[2026-02-28 06:53:44] CHK EMA1m:OK EMA5m:OK RSI:5E+1 VOL:OK MOM:0.47% RANGE:0.47% UP:4E+1% SPREAD:0.15748031% BID:0.0635 ASK:0.0636 STATE:IDLE
[2026-02-28 06:53:44] BUY symbol=STOUSDC qty=129.8 entry=0.0636 momPct=0.004746835443037891 rangePct=0.004746835443037891 upRatio=0.4 profile=major
[2026-02-28 06:53:45] CHK EMA1m:OK EMA5m:OK RSI:51.72413793 VOL:OK MOM:0.31% RANGE:0.31% UP:2E+1% SPREAD:0.15748031% BID:0.0635 ASK:0.0636 STATE:IN_POS
[2026-02-28 06:53:46] CHK EMA1m:OK EMA5m:OK RSI:51.72413793 VOL:OK MOM:0.31% RANGE:0.31% UP:16.66% SPREAD:0.15748031% BID:0.0635 ASK:0.0636 STATE:IN_POS
[2026-02-28 06:53:47] CHK EMA1m:OK EMA5m:OK RSI:51.72413793 VOL:OK MOM:0.31% RANGE:0.31% UP:14.28% SPREAD:0.15748031% BID:0.0635 ASK:0.0636 STATE:IN_POS
[2026-02-28 06:53:54] CHK EMA1m:OK EMA5m:OK RSI:51.72413793 VOL:OK MOM:0.15% RANGE:0.31% UP:12.5% SPREAD:0.31545741% BID:0.0634 ASK:0.0636 STATE:IN_POS
[2026-02-28 06:53:55] CHK EMA1m:OK EMA5m:OK RSI:51.72413793 VOL:OK MOM:0.15% RANGE:0.31% UP:12.5% SPREAD:0.31545741% BID:0.0634 ASK:0.0636 STATE:IN_POS
[2026-02-28 06:53:55] CHK EMA1m:OK EMA5m:OK RSI:51.72413793 VOL:OK MOM:0.15% RANGE:0.31% UP:12.5% SPREAD:0.31545741% BID:0.0634 ASK:0.0636 STATE:IN_POS
[2026-02-28 06:54:19] CHK EMA1m:OK EMA5m:OK RSI:46.15384615 VOL:OK MOM:0% RANGE:0% UP:0% SPREAD:0.31545741% BID:0.0634 ASK:0.0636 STATE:IN_POS
[2026-02-28 06:54:20] CHK EMA1m:OK EMA5m:OK RSI:46.15384615 VOL:OK MOM:0% RANGE:0% UP:0% SPREAD:0.31545741% BID:0.0634 ASK:0.0636 STATE:IN_POS
[2026-02-28 06:54:21] CHK EMA1m:OK EMA5m:OK RSI:46.15384615 VOL:OK MOM:0% RANGE:0% UP:0% SPREAD:0.31545741% BID:0.0634 ASK:0.0636 STATE:IN_POS
[2026-02-28 06:54:23] CHK EMA1m:OK EMA5m:OK RSI:46.15384615 VOL:OK MOM:-0.15% RANGE:0.15% UP:0% SPREAD:0.31595576% BID:0.0633 ASK:0.0635 STATE:IN_POS
[2026-02-28 06:54:25] CHK EMA1m:OK EMA5m:OK RSI:46.15384615 VOL:OK MOM:-0.15% RANGE:0.15% UP:0% SPREAD:0.31595576% BID:0.0633 ASK:0.0635 STATE:IN_POS
[2026-02-28 06:54:26] CHK EMA1m:OK EMA5m:OK RSI:46.15384615 VOL:OK MOM:-0.15% RANGE:0.15% UP:0% SPREAD:0.31595576% BID:0.0633 ASK:0.0635 STATE:IN_POS
[2026-02-28 06:54:29] CHK EMA1m:OK EMA5m:OK RSI:46.15384615 VOL:OK MOM:-0.31% RANGE:0.31% UP:0% SPREAD:0.47468354% BID:0.0632 ASK:0.0635 STATE:IN_POS
[2026-02-28 06:54:31] CHK EMA1m:OK EMA5m:OK RSI:46.15384615 VOL:OK MOM:-0.31% RANGE:0.31% UP:0% SPREAD:0.47468354% BID:0.0632 ASK:0.0635 STATE:IN_POS
[2026-02-28 06:54:48] CHK EMA1m:OK EMA5m:OK RSI:46.15384615 VOL:OK MOM:0.15% RANGE:0.15% UP:5E+1% SPREAD:0.31595576% BID:0.0633 ASK:0.0635 STATE:IN_POS
[2026-02-28 06:54:49] CHK EMA1m:OK EMA5m:OK RSI:46.15384615 VOL:OK MOM:0% RANGE:0.15% UP:33.33% SPREAD:0.47468354% BID:0.0632 ASK:0.0635 STATE:IN_POS
[2026-02-28 06:54:50] CHK EMA1m:OK EMA5m:OK RSI:46.15384615 VOL:OK MOM:0% RANGE:0.15% UP:33.33% SPREAD:0.47468354% BID:0.0632 ASK:0.0635 STATE:IN_POS
[2026-02-28 06:54:50] CHK EMA1m:OK EMA5m:OK RSI:46.15384615 VOL:OK MOM:-0.15% RANGE:0.15% UP:0% SPREAD:0.47468354% BID:0.0632 ASK:0.0635 STATE:IN_POS
[2026-02-28 06:54:57] CHK EMA1m:OK EMA5m:OK RSI:46.15384615 VOL:OK MOM:-0.15% RANGE:0.15% UP:0% SPREAD:0.47468354% BID:0.0632 ASK:0.0635 STATE:IN_POS
[2026-02-28 06:54:58] CHK EMA1m:OK EMA5m:OK RSI:46.15384615 VOL:OK MOM:-0.15% RANGE:0.15% UP:0% SPREAD:0.47468354% BID:0.0632 ASK:0.0635 STATE:IN_POS
[2026-02-28 06:54:59] CHK EMA1m:OK EMA5m:OK RSI:46.15384615 VOL:OK MOM:-0.15% RANGE:0.15% UP:0% SPREAD:0.47468354% BID:0.0632 ASK:0.0635 STATE:IN_POS
[2026-02-28 06:55:01] CHK EMA1m:OK EMA5m:OK RSI:57.14285714 VOL:NO MOM:-0.15% RANGE:0.15% UP:0% SPREAD:0.47468354% BID:0.0632 ASK:0.0635 STATE:IN_POS
[2026-02-28 06:55:03] CHK EMA1m:OK EMA5m:OK RSI:57.14285714 VOL:NO MOM:-0.15% RANGE:0.15% UP:0% SPREAD:0.47468354% BID:0.0632 ASK:0.0635 STATE:IN_POS
[2026-02-28 06:55:04] CHK EMA1m:OK EMA5m:OK RSI:57.14285714 VOL:NO MOM:-0.15% RANGE:0.15% UP:0% SPREAD:0.47468354% BID:0.0632 ASK:0.0635 STATE:IN_POS
