[2026-05-01T05:41:30+02:00] SESSION_START symbol=LINKUSDC dry_run=1 profile=major strategy=momentum base_url=https://api.binance.com
[2026-05-01T05:41:30+02:00] TOXIC_MEMORY_LOADED count=17 symbols=0GUSDC,AAVEUSDC,CFGUSDC,DASHUSDC,ENJUSDC,FETUSDC,GIGGLEUSDC,GUNUSDC,HBARUSDC,KITEUSDC
[2026-05-01T05:41:32+02:00] CHK MOM:0% RANGE:0% UP:0% SPREAD:0.10905125% BID:9.17 ASK:9.18 MID:9.175 P1:9.175 P2:NA P3:NA P4:NA STATE:IDLE
[2026-05-01T05:41:33+02:00] CHK MOM:0% RANGE:0% UP:0% SPREAD:0.10905125% BID:9.17 ASK:9.18 MID:9.175 P1:9.175 P2:NA P3:NA P4:NA STATE:IDLE
[2026-05-01T05:41:33+02:00] CHK MOM:0% RANGE:0% UP:0% SPREAD:0.10905125% BID:9.17 ASK:9.18 MID:9.175 P1:9.175 P2:NA P3:NA P4:NA STATE:IDLE
[2026-05-01T05:41:34+02:00] CHK MOM:0% RANGE:0% UP:0% SPREAD:0.10905125% BID:9.17 ASK:9.18 MID:9.175 P1:9.175 P2:NA P3:NA P4:NA STATE:IDLE
[2026-05-01T05:41:34+02:00] CHK MOM:0% RANGE:0% UP:0% SPREAD:0.10905125% BID:9.17 ASK:9.18 MID:9.175 P1:9.175 P2:9.175 P3:NA P4:NA STATE:IDLE
[2026-05-01T05:41:35+02:00] CHK MOM:0% RANGE:0% UP:0% SPREAD:0.10905125% BID:9.17 ASK:9.18 MID:9.175 P1:9.175 P2:9.175 P3:NA P4:NA STATE:IDLE
[2026-05-01T05:41:35+02:00] CHK MOM:0% RANGE:0% UP:0% SPREAD:0.10905125% BID:9.17 ASK:9.18 MID:9.175 P1:9.175 P2:9.175 P3:9.175 P4:NA STATE:IDLE
[2026-05-01T05:41:36+02:00] CHK MOM:0% RANGE:0% UP:0% SPREAD:0.10905125% BID:9.17 ASK:9.18 MID:9.175 P1:9.175 P2:9.175 P3:9.175 P4:NA STATE:IDLE
[2026-05-01T05:41:36+02:00] CHK MOM:0% RANGE:0% UP:0% SPREAD:0.10905125% BID:9.17 ASK:9.18 MID:9.175 P1:9.175 P2:9.175 P3:9.175 P4:9.175 STATE:IDLE
[2026-05-01T05:41:37+02:00] CHK MOM:0% RANGE:0% UP:0% SPREAD:0.10905125% BID:9.17 ASK:9.18 MID:9.175 P1:9.175 P2:9.175 P3:9.175 P4:9.175 STATE:IDLE
[2026-05-01T05:41:38+02:00] CHK MOM:0% RANGE:0% UP:0% SPREAD:0.10905125% BID:9.17 ASK:9.18 MID:9.175 P1:9.175 P2:9.175 P3:9.175 P4:9.175 STATE:IDLE
[2026-05-01T05:41:38+02:00] CHK MOM:0% RANGE:0% UP:0% SPREAD:0.10905125% BID:9.17 ASK:9.18 MID:9.175 P1:9.175 P2:9.175 P3:9.175 P4:9.175 STATE:IDLE
[2026-05-01T05:41:39+02:00] CHK MOM:0% RANGE:0% UP:0% SPREAD:0.10905125% BID:9.17 ASK:9.18 MID:9.175 P1:9.175 P2:9.175 P3:9.175 P4:9.175 STATE:IDLE
[2026-05-01T05:41:41+02:00] CHK MOM:0% RANGE:0% UP:0% SPREAD:0.10905125% BID:9.17 ASK:9.18 MID:9.175 P1:9.175 P2:9.175 P3:9.175 P4:9.175 STATE:IDLE
[2026-05-01T05:41:42+02:00] CHK MOM:0% RANGE:0% UP:0% SPREAD:0.10905125% BID:9.17 ASK:9.18 MID:9.175 P1:9.175 P2:9.175 P3:9.175 P4:9.175 STATE:IDLE
[2026-05-01T05:41:42+02:00] CHK MOM:0% RANGE:0% UP:0% SPREAD:0.10905125% BID:9.17 ASK:9.18 MID:9.175 P1:9.175 P2:9.175 P3:9.175 P4:9.175 STATE:IDLE
[2026-05-01T05:41:43+02:00] CHK MOM:0% RANGE:0% UP:0% SPREAD:0.10905125% BID:9.17 ASK:9.18 MID:9.175 P1:9.175 P2:9.175 P3:9.175 P4:9.175 STATE:IDLE
[2026-05-01T05:41:44+02:00] CHK MOM:0% RANGE:0% UP:0% SPREAD:0.10905125% BID:9.17 ASK:9.18 MID:9.175 P1:9.175 P2:9.175 P3:9.175 P4:9.175 STATE:IDLE
[2026-05-01T05:41:46+02:00] CHK MOM:0% RANGE:0% UP:0% SPREAD:0.10905125% BID:9.17 ASK:9.18 MID:9.175 P1:9.175 P2:9.175 P3:9.175 P4:9.175 STATE:IDLE
[2026-05-01T05:41:46+02:00] CHK MOM:0% RANGE:0% UP:0% SPREAD:0.10905125% BID:9.17 ASK:9.18 MID:9.175 P1:9.175 P2:9.175 P3:9.175 P4:9.175 STATE:IDLE
[2026-05-01T05:41:47+02:00] CHK MOM:0% RANGE:0% UP:0% SPREAD:0.10905125% BID:9.17 ASK:9.18 MID:9.175 P1:9.175 P2:9.175 P3:9.175 P4:9.175 STATE:IDLE
[2026-05-01T05:41:47+02:00] CHK MOM:0% RANGE:0% UP:0% SPREAD:0.10905125% BID:9.17 ASK:9.18 MID:9.175 P1:9.175 P2:9.175 P3:9.175 P4:9.175 STATE:IDLE
[2026-05-01T05:41:48+02:00] CHK MOM:0% RANGE:0% UP:0% SPREAD:0.10905125% BID:9.17 ASK:9.18 MID:9.175 P1:9.175 P2:9.175 P3:9.175 P4:9.175 STATE:IDLE
[2026-05-01T05:41:49+02:00] CHK MOM:0% RANGE:0% UP:0% SPREAD:0.10905125% BID:9.17 ASK:9.18 MID:9.175 P1:9.175 P2:9.175 P3:9.175 P4:9.175 STATE:IDLE
[2026-05-01T05:41:49+02:00] CHK MOM:0% RANGE:0% UP:0% SPREAD:0.10905125% BID:9.17 ASK:9.18 MID:9.175 P1:9.175 P2:9.175 P3:9.175 P4:9.175 STATE:IDLE
[2026-05-01T05:41:50+02:00] CHK MOM:0% RANGE:0% UP:0% SPREAD:0.10905125% BID:9.17 ASK:9.18 MID:9.175 P1:9.175 P2:9.175 P3:9.175 P4:9.175 STATE:IDLE
[2026-05-01T05:41:50+02:00] CHK MOM:0% RANGE:0% UP:0% SPREAD:0.10905125% BID:9.17 ASK:9.18 MID:9.175 P1:9.175 P2:9.175 P3:9.175 P4:9.175 STATE:IDLE
[2026-05-01T05:41:51+02:00] CHK MOM:0% RANGE:0% UP:0% SPREAD:0.10905125% BID:9.17 ASK:9.18 MID:9.175 P1:9.175 P2:9.175 P3:9.175 P4:9.175 STATE:IDLE
[2026-05-01T05:41:51+02:00] CHK MOM:0% RANGE:0% UP:0% SPREAD:0.10905125% BID:9.17 ASK:9.18 MID:9.175 P1:9.175 P2:9.175 P3:9.175 P4:9.175 STATE:IDLE
[2026-05-01T05:41:52+02:00] CHK MOM:0% RANGE:0% UP:0% SPREAD:0.10905125% BID:9.17 ASK:9.18 MID:9.175 P1:9.175 P2:9.175 P3:9.175 P4:9.175 STATE:IDLE
[2026-05-01T05:41:52+02:00] CHK MOM:0% RANGE:0% UP:0% SPREAD:0.10905125% BID:9.17 ASK:9.18 MID:9.175 P1:9.175 P2:9.175 P3:9.175 P4:9.175 STATE:IDLE
[2026-05-01T05:41:53+02:00] CHK MOM:0% RANGE:0% UP:0% SPREAD:0.10905125% BID:9.17 ASK:9.18 MID:9.175 P1:9.175 P2:9.175 P3:9.175 P4:9.175 STATE:IDLE
[2026-05-01T05:41:53+02:00] CHK MOM:0% RANGE:0% UP:0% SPREAD:0.10905125% BID:9.17 ASK:9.18 MID:9.175 P1:9.175 P2:9.175 P3:9.175 P4:9.175 STATE:IDLE
[2026-05-01T05:41:59+02:00] CHK MOM:0% RANGE:0% UP:0% SPREAD:0.10905125% BID:9.17 ASK:9.18 MID:9.175 P1:9.175 P2:9.175 P3:9.175 P4:9.175 STATE:IDLE
[2026-05-01T05:41:59+02:00] CHK MOM:0% RANGE:0% UP:0% SPREAD:0.10905125% BID:9.17 ASK:9.18 MID:9.175 P1:9.175 P2:9.175 P3:9.175 P4:9.175 STATE:IDLE
[2026-05-01T05:42:00+02:00] CHK MOM:0% RANGE:0% UP:0% SPREAD:0.10905125% BID:9.17 ASK:9.18 MID:9.175 P1:9.175 P2:9.175 P3:9.175 P4:9.175 STATE:IDLE
[2026-05-01T05:42:00+02:00] CHK MOM:0% RANGE:0% UP:0% SPREAD:0.10905125% BID:9.17 ASK:9.18 MID:9.175 P1:9.175 P2:9.175 P3:9.175 P4:9.175 STATE:IDLE
[2026-05-01T05:42:01+02:00] CHK MOM:0% RANGE:0% UP:0% SPREAD:0.10905125% BID:9.17 ASK:9.18 MID:9.175 P1:9.175 P2:9.175 P3:9.175 P4:9.175 STATE:IDLE
[2026-05-01T05:42:01+02:00] CHK MOM:0% RANGE:0% UP:0% SPREAD:0.10905125% BID:9.17 ASK:9.18 MID:9.175 P1:9.175 P2:9.175 P3:9.175 P4:9.175 STATE:IDLE
[2026-05-01T05:42:02+02:00] CHK MOM:0% RANGE:0% UP:0% SPREAD:0.10905125% BID:9.17 ASK:9.18 MID:9.175 P1:9.175 P2:9.175 P3:9.175 P4:9.175 STATE:IDLE
[2026-05-01T05:42:02+02:00] CHK MOM:0% RANGE:0% UP:0% SPREAD:0.10905125% BID:9.17 ASK:9.18 MID:9.175 P1:9.175 P2:9.175 P3:9.175 P4:9.175 STATE:IDLE
[2026-05-01T05:42:03+02:00] CHK MOM:0% RANGE:0% UP:0% SPREAD:0.10905125% BID:9.17 ASK:9.18 MID:9.175 P1:9.175 P2:9.175 P3:9.175 P4:9.175 STATE:IDLE
[2026-05-01T05:42:03+02:00] CHK MOM:0% RANGE:0% UP:0% SPREAD:0.10905125% BID:9.17 ASK:9.18 MID:9.175 P1:9.175 P2:9.175 P3:9.175 P4:9.175 STATE:IDLE
[2026-05-01T05:42:04+02:00] CHK MOM:0% RANGE:0% UP:0% SPREAD:0.10905125% BID:9.17 ASK:9.18 MID:9.175 P1:9.175 P2:9.175 P3:9.175 P4:9.175 STATE:IDLE
[2026-05-01T05:42:05+02:00] CHK MOM:0% RANGE:0% UP:0% SPREAD:0.10905125% BID:9.17 ASK:9.18 MID:9.175 P1:9.175 P2:9.175 P3:9.175 P4:9.175 STATE:IDLE
[2026-05-01T05:42:05+02:00] CHK MOM:0% RANGE:0% UP:0% SPREAD:0.10905125% BID:9.17 ASK:9.18 MID:9.175 P1:9.175 P2:9.175 P3:9.175 P4:9.175 STATE:IDLE
[2026-05-01T05:42:06+02:00] CHK MOM:0% RANGE:0% UP:0% SPREAD:0.10905125% BID:9.17 ASK:9.18 MID:9.175 P1:9.175 P2:9.175 P3:9.175 P4:9.175 STATE:IDLE
[2026-05-01T05:42:06+02:00] CHK MOM:0% RANGE:0% UP:0% SPREAD:0.10905125% BID:9.17 ASK:9.18 MID:9.175 P1:9.175 P2:9.175 P3:9.175 P4:9.175 STATE:IDLE
[2026-05-01T05:42:07+02:00] CHK MOM:0% RANGE:0% UP:0% SPREAD:0.10905125% BID:9.17 ASK:9.18 MID:9.175 P1:9.175 P2:9.175 P3:9.175 P4:9.175 STATE:IDLE
[2026-05-01T05:42:07+02:00] CHK MOM:0% RANGE:0% UP:0% SPREAD:0.10905125% BID:9.17 ASK:9.18 MID:9.175 P1:9.175 P2:9.175 P3:9.175 P4:9.175 STATE:IDLE
[2026-05-01T05:42:08+02:00] CHK MOM:0% RANGE:0% UP:0% SPREAD:0.10905125% BID:9.17 ASK:9.18 MID:9.175 P1:9.175 P2:9.175 P3:9.175 P4:9.175 STATE:IDLE
[2026-05-01T05:42:08+02:00] CHK MOM:0% RANGE:0% UP:0% SPREAD:0.10905125% BID:9.17 ASK:9.18 MID:9.175 P1:9.175 P2:9.175 P3:9.175 P4:9.175 STATE:IDLE
[2026-05-01T05:42:09+02:00] CHK MOM:0% RANGE:0% UP:0% SPREAD:0.10905125% BID:9.17 ASK:9.18 MID:9.175 P1:9.175 P2:9.175 P3:9.175 P4:9.175 STATE:IDLE
[2026-05-01T05:42:10+02:00] CHK MOM:0% RANGE:0% UP:0% SPREAD:0.10905125% BID:9.17 ASK:9.18 MID:9.175 P1:9.175 P2:9.175 P3:9.175 P4:9.175 STATE:IDLE
[2026-05-01T05:42:10+02:00] CHK MOM:0% RANGE:0% UP:0% SPREAD:0.10905125% BID:9.17 ASK:9.18 MID:9.175 P1:9.175 P2:9.175 P3:9.175 P4:9.175 STATE:IDLE
[2026-05-01T05:42:11+02:00] CHK MOM:0% RANGE:0% UP:0% SPREAD:0.10905125% BID:9.17 ASK:9.18 MID:9.175 P1:9.175 P2:9.175 P3:9.175 P4:9.175 STATE:IDLE
[2026-05-01T05:42:11+02:00] CHK MOM:0% RANGE:0% UP:0% SPREAD:0.10905125% BID:9.17 ASK:9.18 MID:9.175 P1:9.175 P2:9.175 P3:9.175 P4:9.175 STATE:IDLE
[2026-05-01T05:42:12+02:00] CHK MOM:0% RANGE:0% UP:0% SPREAD:0.10905125% BID:9.17 ASK:9.18 MID:9.175 P1:9.175 P2:9.175 P3:9.175 P4:9.175 STATE:IDLE
[2026-05-01T05:42:16+02:00] CHK MOM:0% RANGE:0% UP:0% SPREAD:0.10905125% BID:9.17 ASK:9.18 MID:9.175 P1:9.175 P2:9.175 P3:9.175 P4:9.175 STATE:IDLE
[2026-05-01T05:42:16+02:00] CHK MOM:0% RANGE:0% UP:0% SPREAD:0.10905125% BID:9.17 ASK:9.18 MID:9.175 P1:9.175 P2:9.175 P3:9.175 P4:9.175 STATE:IDLE
[2026-05-01T05:42:17+02:00] CHK MOM:0% RANGE:0% UP:0% SPREAD:0.10905125% BID:9.17 ASK:9.18 MID:9.175 P1:9.175 P2:9.175 P3:9.175 P4:9.175 STATE:IDLE
[2026-05-01T05:42:17+02:00] CHK MOM:0% RANGE:0% UP:0% SPREAD:0.10905125% BID:9.17 ASK:9.18 MID:9.175 P1:9.175 P2:9.175 P3:9.175 P4:9.175 STATE:IDLE
[2026-05-01T05:42:18+02:00] CHK MOM:0% RANGE:0% UP:0% SPREAD:0.10905125% BID:9.17 ASK:9.18 MID:9.175 P1:9.175 P2:9.175 P3:9.175 P4:9.175 STATE:IDLE
[2026-05-01T05:42:18+02:00] CHK MOM:0% RANGE:0% UP:0% SPREAD:0.10905125% BID:9.17 ASK:9.18 MID:9.175 P1:9.175 P2:9.175 P3:9.175 P4:9.175 STATE:IDLE
[2026-05-01T05:42:19+02:00] CHK MOM:0% RANGE:0% UP:0% SPREAD:0.10905125% BID:9.17 ASK:9.18 MID:9.175 P1:9.175 P2:9.175 P3:9.175 P4:9.175 STATE:IDLE
[2026-05-01T05:42:19+02:00] CHK MOM:0% RANGE:0% UP:0% SPREAD:0.10905125% BID:9.17 ASK:9.18 MID:9.175 P1:9.175 P2:9.175 P3:9.175 P4:9.175 STATE:IDLE
[2026-05-01T05:42:20+02:00] CHK MOM:0% RANGE:0% UP:0% SPREAD:0.10905125% BID:9.17 ASK:9.18 MID:9.175 P1:9.175 P2:9.175 P3:9.175 P4:9.175 STATE:IDLE
[2026-05-01T05:42:30+02:00] CHK MOM:0% RANGE:0% UP:0% SPREAD:0.10905125% BID:9.17 ASK:9.18 MID:9.175 P1:9.175 P2:9.175 P3:9.175 P4:9.175 STATE:IDLE
[2026-05-01T05:42:30+02:00] CHK MOM:0% RANGE:0% UP:0% SPREAD:0.10905125% BID:9.17 ASK:9.18 MID:9.175 P1:9.175 P2:9.175 P3:9.175 P4:9.175 STATE:IDLE
[2026-05-01T05:42:31+02:00] CHK MOM:0% RANGE:0% UP:0% SPREAD:0.10905125% BID:9.17 ASK:9.18 MID:9.175 P1:9.175 P2:9.175 P3:9.175 P4:9.175 STATE:IDLE
[2026-05-01T05:42:31+02:00] CHK MOM:0% RANGE:0% UP:0% SPREAD:0.10905125% BID:9.17 ASK:9.18 MID:9.175 P1:9.175 P2:9.175 P3:9.175 P4:9.175 STATE:IDLE
[2026-05-01T05:42:32+02:00] CHK MOM:0% RANGE:0% UP:0% SPREAD:0.10905125% BID:9.17 ASK:9.18 MID:9.175 P1:9.175 P2:9.175 P3:9.175 P4:9.175 STATE:IDLE
[2026-05-01T05:42:32+02:00] CHK MOM:0% RANGE:0% UP:0% SPREAD:0.10905125% BID:9.17 ASK:9.18 MID:9.175 P1:9.175 P2:9.175 P3:9.175 P4:9.175 STATE:IDLE
[2026-05-01T05:42:33+02:00] CHK MOM:0% RANGE:0% UP:0% SPREAD:0.10905125% BID:9.17 ASK:9.18 MID:9.175 P1:9.175 P2:9.175 P3:9.175 P4:9.175 STATE:IDLE
[2026-05-01T05:42:33+02:00] CHK MOM:0% RANGE:0% UP:0% SPREAD:0.10905125% BID:9.17 ASK:9.18 MID:9.175 P1:9.175 P2:9.175 P3:9.175 P4:9.175 STATE:IDLE
[2026-05-01T05:42:34+02:00] CHK MOM:0% RANGE:0% UP:0% SPREAD:0.10905125% BID:9.17 ASK:9.18 MID:9.175 P1:9.175 P2:9.175 P3:9.175 P4:9.175 STATE:IDLE
[2026-05-01T05:42:37+02:00] CHK MOM:0% RANGE:0% UP:0% SPREAD:0.10905125% BID:9.17 ASK:9.18 MID:9.175 P1:9.175 P2:9.175 P3:9.175 P4:9.175 STATE:IDLE
[2026-05-01T05:42:37+02:00] CHK MOM:0% RANGE:0% UP:0% SPREAD:0.10905125% BID:9.17 ASK:9.18 MID:9.175 P1:9.175 P2:9.175 P3:9.175 P4:9.175 STATE:IDLE
[2026-05-01T05:42:38+02:00] CHK MOM:0% RANGE:0% UP:0% SPREAD:0.10905125% BID:9.17 ASK:9.18 MID:9.175 P1:9.175 P2:9.175 P3:9.175 P4:9.175 STATE:IDLE
[2026-05-01T05:42:38+02:00] CHK MOM:0% RANGE:0% UP:0% SPREAD:0.10905125% BID:9.17 ASK:9.18 MID:9.175 P1:9.175 P2:9.175 P3:9.175 P4:9.175 STATE:IDLE
[2026-05-01T05:42:39+02:00] CHK MOM:0% RANGE:0% UP:0% SPREAD:0.10905125% BID:9.17 ASK:9.18 MID:9.175 P1:9.175 P2:9.175 P3:9.175 P4:9.175 STATE:IDLE
[2026-05-01T05:42:48+02:00] CHK MOM:0% RANGE:0% UP:0% SPREAD:0.10905125% BID:9.17 ASK:9.18 MID:9.175 P1:9.175 P2:9.175 P3:9.175 P4:9.175 STATE:IDLE
[2026-05-01T05:42:48+02:00] CHK MOM:0% RANGE:0% UP:0% SPREAD:0.10905125% BID:9.17 ASK:9.18 MID:9.175 P1:9.175 P2:9.175 P3:9.175 P4:9.175 STATE:IDLE
[2026-05-01T05:42:49+02:00] CHK MOM:0% RANGE:0% UP:0% SPREAD:0.10905125% BID:9.17 ASK:9.18 MID:9.175 P1:9.175 P2:9.175 P3:9.175 P4:9.175 STATE:IDLE
[2026-05-01T05:42:49+02:00] CHK MOM:0% RANGE:0% UP:0% SPREAD:0.10905125% BID:9.17 ASK:9.18 MID:9.175 P1:9.175 P2:9.175 P3:9.175 P4:9.175 STATE:IDLE
[2026-05-01T05:42:50+02:00] CHK MOM:0% RANGE:0% UP:0% SPREAD:0.10905125% BID:9.17 ASK:9.18 MID:9.175 P1:9.175 P2:9.175 P3:9.175 P4:9.175 STATE:IDLE
[2026-05-01T05:42:55+02:00] CHK MOM:0% RANGE:0% UP:0% SPREAD:0.10905125% BID:9.17 ASK:9.18 MID:9.175 P1:9.175 P2:9.175 P3:9.175 P4:9.175 STATE:IDLE
[2026-05-01T05:42:56+02:00] CHK MOM:0% RANGE:0% UP:0% SPREAD:0.10905125% BID:9.17 ASK:9.18 MID:9.175 P1:9.175 P2:9.175 P3:9.175 P4:9.175 STATE:IDLE
[2026-05-01T05:42:56+02:00] CHK MOM:0% RANGE:0% UP:0% SPREAD:0.10905125% BID:9.17 ASK:9.18 MID:9.175 P1:9.175 P2:9.175 P3:9.175 P4:9.175 STATE:IDLE
[2026-05-01T05:42:57+02:00] CHK MOM:0% RANGE:0% UP:0% SPREAD:0.10905125% BID:9.17 ASK:9.18 MID:9.175 P1:9.175 P2:9.175 P3:9.175 P4:9.175 STATE:IDLE
[2026-05-01T05:42:57+02:00] CHK MOM:0% RANGE:0% UP:0% SPREAD:0.10905125% BID:9.17 ASK:9.18 MID:9.175 P1:9.175 P2:9.175 P3:9.175 P4:9.175 STATE:IDLE
[2026-05-01T05:42:58+02:00] CHK MOM:0% RANGE:0% UP:0% SPREAD:0.10905125% BID:9.17 ASK:9.18 MID:9.175 P1:9.175 P2:9.175 P3:9.175 P4:9.175 STATE:IDLE
[2026-05-01T05:42:59+02:00] CHK MOM:0% RANGE:0% UP:0% SPREAD:0.10905125% BID:9.17 ASK:9.18 MID:9.175 P1:9.175 P2:9.175 P3:9.175 P4:9.175 STATE:IDLE
[2026-05-01T05:42:59+02:00] CHK MOM:0% RANGE:0% UP:0% SPREAD:0.10905125% BID:9.17 ASK:9.18 MID:9.175 P1:9.175 P2:9.175 P3:9.175 P4:9.175 STATE:IDLE
[2026-05-01T05:43:00+02:00] CHK MOM:0% RANGE:0% UP:0% SPREAD:0.10905125% BID:9.17 ASK:9.18 MID:9.175 P1:9.175 P2:9.175 P3:9.175 P4:9.175 STATE:IDLE
[2026-05-01T05:43:01+02:00] CHK MOM:0% RANGE:0% UP:0% SPREAD:0.10905125% BID:9.17 ASK:9.18 MID:9.175 P1:9.175 P2:9.175 P3:9.175 P4:9.175 STATE:IDLE
[2026-05-01T05:43:01+02:00] CHK MOM:0% RANGE:0% UP:0% SPREAD:0.10905125% BID:9.17 ASK:9.18 MID:9.175 P1:9.175 P2:9.175 P3:9.175 P4:9.175 STATE:IDLE
[2026-05-01T05:43:02+02:00] CHK MOM:0% RANGE:0% UP:0% SPREAD:0.10905125% BID:9.17 ASK:9.18 MID:9.175 P1:9.175 P2:9.175 P3:9.175 P4:9.175 STATE:IDLE
[2026-05-01T05:43:02+02:00] CHK MOM:0% RANGE:0% UP:0% SPREAD:0.10905125% BID:9.17 ASK:9.18 MID:9.175 P1:9.175 P2:9.175 P3:9.175 P4:9.175 STATE:IDLE
[2026-05-01T05:43:03+02:00] CHK MOM:0% RANGE:0% UP:0% SPREAD:0.10905125% BID:9.17 ASK:9.18 MID:9.175 P1:9.175 P2:9.175 P3:9.175 P4:9.175 STATE:IDLE
[2026-05-01T05:43:03+02:00] CHK MOM:0% RANGE:0% UP:0% SPREAD:0.10905125% BID:9.17 ASK:9.18 MID:9.175 P1:9.175 P2:9.175 P3:9.175 P4:9.175 STATE:IDLE
[2026-05-01T05:43:04+02:00] CHK MOM:0% RANGE:0% UP:0% SPREAD:0.10905125% BID:9.17 ASK:9.18 MID:9.175 P1:9.175 P2:9.175 P3:9.175 P4:9.175 STATE:IDLE
[2026-05-01T05:43:04+02:00] CHK MOM:0% RANGE:0% UP:0% SPREAD:0.10905125% BID:9.17 ASK:9.18 MID:9.175 P1:9.175 P2:9.175 P3:9.175 P4:9.175 STATE:IDLE
[2026-05-01T05:43:05+02:00] CHK MOM:0% RANGE:0% UP:0% SPREAD:0.10905125% BID:9.17 ASK:9.18 MID:9.175 P1:9.175 P2:9.175 P3:9.175 P4:9.175 STATE:IDLE
[2026-05-01T05:43:05+02:00] CHK MOM:0% RANGE:0% UP:0% SPREAD:0.10905125% BID:9.17 ASK:9.18 MID:9.175 P1:9.175 P2:9.175 P3:9.175 P4:9.175 STATE:IDLE
[2026-05-01T05:43:06+02:00] CHK MOM:0% RANGE:0% UP:0% SPREAD:0.10905125% BID:9.17 ASK:9.18 MID:9.175 P1:9.175 P2:9.175 P3:9.175 P4:9.175 STATE:IDLE
[2026-05-01T05:43:07+02:00] CHK MOM:0% RANGE:0% UP:0% SPREAD:0.10905125% BID:9.17 ASK:9.18 MID:9.175 P1:9.175 P2:9.175 P3:9.175 P4:9.175 STATE:IDLE
[2026-05-01T05:43:07+02:00] CHK MOM:0% RANGE:0% UP:0% SPREAD:0.10905125% BID:9.17 ASK:9.18 MID:9.175 P1:9.175 P2:9.175 P3:9.175 P4:9.175 STATE:IDLE
[2026-05-01T05:43:08+02:00] CHK MOM:0% RANGE:0% UP:0% SPREAD:0.10905125% BID:9.17 ASK:9.18 MID:9.175 P1:9.175 P2:9.175 P3:9.175 P4:9.175 STATE:IDLE
[2026-05-01T05:43:08+02:00] CHK MOM:0% RANGE:0% UP:0% SPREAD:0.10905125% BID:9.17 ASK:9.18 MID:9.175 P1:9.175 P2:9.175 P3:9.175 P4:9.175 STATE:IDLE
[2026-05-01T05:43:09+02:00] CHK MOM:0% RANGE:0% UP:0% SPREAD:0.10905125% BID:9.17 ASK:9.18 MID:9.175 P1:9.175 P2:9.175 P3:9.175 P4:9.175 STATE:IDLE
[2026-05-01T05:43:09+02:00] CHK MOM:0% RANGE:0% UP:0% SPREAD:0.10905125% BID:9.17 ASK:9.18 MID:9.175 P1:9.175 P2:9.175 P3:9.175 P4:9.175 STATE:IDLE
[2026-05-01T05:43:10+02:00] CHK MOM:0% RANGE:0% UP:0% SPREAD:0.10905125% BID:9.17 ASK:9.18 MID:9.175 P1:9.175 P2:9.175 P3:9.175 P4:9.175 STATE:IDLE
[2026-05-01T05:43:10+02:00] CHK MOM:0% RANGE:0% UP:0% SPREAD:0.10905125% BID:9.17 ASK:9.18 MID:9.175 P1:9.175 P2:9.175 P3:9.175 P4:9.175 STATE:IDLE
[2026-05-01T05:43:11+02:00] CHK MOM:0% RANGE:0% UP:0% SPREAD:0.10905125% BID:9.17 ASK:9.18 MID:9.175 P1:9.175 P2:9.175 P3:9.175 P4:9.175 STATE:IDLE
[2026-05-01T05:43:12+02:00] CHK MOM:0% RANGE:0% UP:0% SPREAD:0.10905125% BID:9.17 ASK:9.18 MID:9.175 P1:9.175 P2:9.175 P3:9.175 P4:9.175 STATE:IDLE
[2026-05-01T05:43:13+02:00] CHK MOM:0% RANGE:0% UP:0% SPREAD:0.10905125% BID:9.17 ASK:9.18 MID:9.175 P1:9.175 P2:9.175 P3:9.175 P4:9.175 STATE:IDLE
[2026-05-01T05:43:13+02:00] CHK MOM:0% RANGE:0% UP:0% SPREAD:0.10905125% BID:9.17 ASK:9.18 MID:9.175 P1:9.175 P2:9.175 P3:9.175 P4:9.175 STATE:IDLE
[2026-05-01T05:43:14+02:00] CHK MOM:0% RANGE:0% UP:0% SPREAD:0.10905125% BID:9.17 ASK:9.18 MID:9.175 P1:9.175 P2:9.175 P3:9.175 P4:9.175 STATE:IDLE
[2026-05-01T05:43:14+02:00] CHK MOM:0% RANGE:0% UP:0% SPREAD:0.10905125% BID:9.17 ASK:9.18 MID:9.175 P1:9.175 P2:9.175 P3:9.175 P4:9.175 STATE:IDLE
[2026-05-01T05:43:18+02:00] CHK MOM:0% RANGE:0% UP:0% SPREAD:0.10905125% BID:9.17 ASK:9.18 MID:9.175 P1:9.175 P2:9.175 P3:9.175 P4:9.175 STATE:IDLE
[2026-05-01T05:43:18+02:00] CHK MOM:0% RANGE:0% UP:0% SPREAD:0.10905125% BID:9.17 ASK:9.18 MID:9.175 P1:9.175 P2:9.175 P3:9.175 P4:9.175 STATE:IDLE
[2026-05-01T05:43:19+02:00] CHK MOM:0% RANGE:0% UP:0% SPREAD:0.10905125% BID:9.17 ASK:9.18 MID:9.175 P1:9.175 P2:9.175 P3:9.175 P4:9.175 STATE:IDLE
[2026-05-01T05:43:19+02:00] CHK MOM:0% RANGE:0% UP:0% SPREAD:0.10905125% BID:9.17 ASK:9.18 MID:9.175 P1:9.175 P2:9.175 P3:9.175 P4:9.175 STATE:IDLE
[2026-05-01T05:43:20+02:00] CHK MOM:0% RANGE:0% UP:0% SPREAD:0.10905125% BID:9.17 ASK:9.18 MID:9.175 P1:9.175 P2:9.175 P3:9.175 P4:9.175 STATE:IDLE
[2026-05-01T05:43:21+02:00] CHK MOM:0% RANGE:0% UP:0% SPREAD:0.10905125% BID:9.17 ASK:9.18 MID:9.175 P1:9.175 P2:9.175 P3:9.175 P4:9.175 STATE:IDLE
[2026-05-01T05:43:21+02:00] CHK MOM:0% RANGE:0% UP:0% SPREAD:0.10905125% BID:9.17 ASK:9.18 MID:9.175 P1:9.175 P2:9.175 P3:9.175 P4:9.175 STATE:IDLE
[2026-05-01T05:43:22+02:00] CHK MOM:0% RANGE:0% UP:0% SPREAD:0.10905125% BID:9.17 ASK:9.18 MID:9.175 P1:9.175 P2:9.175 P3:9.175 P4:9.175 STATE:IDLE
[2026-05-01T05:43:22+02:00] CHK MOM:0% RANGE:0% UP:0% SPREAD:0.10905125% BID:9.17 ASK:9.18 MID:9.175 P1:9.175 P2:9.175 P3:9.175 P4:9.175 STATE:IDLE
[2026-05-01T05:43:23+02:00] CHK MOM:0% RANGE:0% UP:0% SPREAD:0.10905125% BID:9.17 ASK:9.18 MID:9.175 P1:9.175 P2:9.175 P3:9.175 P4:9.175 STATE:IDLE
[2026-05-01T05:43:24+02:00] CHK MOM:0% RANGE:0% UP:0% SPREAD:0.10905125% BID:9.17 ASK:9.18 MID:9.175 P1:9.175 P2:9.175 P3:9.175 P4:9.175 STATE:IDLE
[2026-05-01T05:43:24+02:00] CHK MOM:0% RANGE:0% UP:0% SPREAD:0.10905125% BID:9.17 ASK:9.18 MID:9.175 P1:9.175 P2:9.175 P3:9.175 P4:9.175 STATE:IDLE
[2026-05-01T05:43:25+02:00] CHK MOM:0% RANGE:0% UP:0% SPREAD:0.10905125% BID:9.17 ASK:9.18 MID:9.175 P1:9.175 P2:9.175 P3:9.175 P4:9.175 STATE:IDLE
[2026-05-01T05:43:25+02:00] CHK MOM:0% RANGE:0% UP:0% SPREAD:0.10905125% BID:9.17 ASK:9.18 MID:9.175 P1:9.175 P2:9.175 P3:9.175 P4:9.175 STATE:IDLE
[2026-05-01T05:43:27+02:00] CHK MOM:0% RANGE:0% UP:0% SPREAD:0.10905125% BID:9.17 ASK:9.18 MID:9.175 P1:9.175 P2:9.175 P3:9.175 P4:9.175 STATE:IDLE
[2026-05-01T05:43:27+02:00] CHK MOM:0% RANGE:0% UP:0% SPREAD:0.10905125% BID:9.17 ASK:9.18 MID:9.175 P1:9.175 P2:9.175 P3:9.175 P4:9.175 STATE:IDLE
[2026-05-01T05:43:28+02:00] CHK MOM:0% RANGE:0% UP:0% SPREAD:0.10905125% BID:9.17 ASK:9.18 MID:9.175 P1:9.175 P2:9.175 P3:9.175 P4:9.175 STATE:IDLE
[2026-05-01T05:43:29+02:00] CHK MOM:0% RANGE:0% UP:0% SPREAD:0.10905125% BID:9.17 ASK:9.18 MID:9.175 P1:9.175 P2:9.175 P3:9.175 P4:9.175 STATE:IDLE
[2026-05-01T05:43:29+02:00] CHK MOM:0% RANGE:0% UP:0% SPREAD:0.10905125% BID:9.17 ASK:9.18 MID:9.175 P1:9.175 P2:9.175 P3:9.175 P4:9.175 STATE:IDLE
[2026-05-01T05:43:30+02:00] CHK MOM:0% RANGE:0% UP:0% SPREAD:0.10905125% BID:9.17 ASK:9.18 MID:9.175 P1:9.175 P2:9.175 P3:9.175 P4:9.175 STATE:IDLE
[2026-05-01T05:43:31+02:00] CHK MOM:0% RANGE:0% UP:0% SPREAD:0.10905125% BID:9.17 ASK:9.18 MID:9.175 P1:9.175 P2:9.175 P3:9.175 P4:9.175 STATE:IDLE
[2026-05-01T05:43:31+02:00] CHK MOM:0% RANGE:0% UP:0% SPREAD:0.10905125% BID:9.17 ASK:9.18 MID:9.175 P1:9.175 P2:9.175 P3:9.175 P4:9.175 STATE:IDLE
[2026-05-01T05:43:32+02:00] CHK MOM:0% RANGE:0% UP:0% SPREAD:0.10905125% BID:9.17 ASK:9.18 MID:9.175 P1:9.175 P2:9.175 P3:9.175 P4:9.175 STATE:IDLE
[2026-05-01T05:43:32+02:00] CHK MOM:0% RANGE:0% UP:0% SPREAD:0.10905125% BID:9.17 ASK:9.18 MID:9.175 P1:9.175 P2:9.175 P3:9.175 P4:9.175 STATE:IDLE
[2026-05-01T05:43:33+02:00] CHK MOM:0% RANGE:0% UP:0% SPREAD:0.10905125% BID:9.17 ASK:9.18 MID:9.175 P1:9.175 P2:9.175 P3:9.175 P4:9.175 STATE:IDLE
[2026-05-01T05:43:34+02:00] CHK MOM:0% RANGE:0% UP:0% SPREAD:0.10905125% BID:9.17 ASK:9.18 MID:9.175 P1:9.175 P2:9.175 P3:9.175 P4:9.175 STATE:IDLE
[2026-05-01T05:43:34+02:00] CHK MOM:0% RANGE:0% UP:0% SPREAD:0.10905125% BID:9.17 ASK:9.18 MID:9.175 P1:9.175 P2:9.175 P3:9.175 P4:9.175 STATE:IDLE
[2026-05-01T05:43:35+02:00] CHK MOM:0% RANGE:0% UP:0% SPREAD:0.10905125% BID:9.17 ASK:9.18 MID:9.175 P1:9.175 P2:9.175 P3:9.175 P4:9.175 STATE:IDLE
[2026-05-01T05:43:36+02:00] CHK MOM:0% RANGE:0% UP:0% SPREAD:0.10905125% BID:9.17 ASK:9.18 MID:9.175 P1:9.175 P2:9.175 P3:9.175 P4:9.175 STATE:IDLE
[2026-05-01T05:43:36+02:00] CHK MOM:0% RANGE:0% UP:0% SPREAD:0.10905125% BID:9.17 ASK:9.18 MID:9.175 P1:9.175 P2:9.175 P3:9.175 P4:9.175 STATE:IDLE
[2026-05-01T05:43:37+02:00] CHK MOM:0% RANGE:0% UP:0% SPREAD:0.10905125% BID:9.17 ASK:9.18 MID:9.175 P1:9.175 P2:9.175 P3:9.175 P4:9.175 STATE:IDLE
[2026-05-01T05:43:38+02:00] CHK MOM:0% RANGE:0% UP:0% SPREAD:0.10905125% BID:9.17 ASK:9.18 MID:9.175 P1:9.175 P2:9.175 P3:9.175 P4:9.175 STATE:IDLE
[2026-05-01T05:43:38+02:00] CHK MOM:0% RANGE:0% UP:0% SPREAD:0.10905125% BID:9.17 ASK:9.18 MID:9.175 P1:9.175 P2:9.175 P3:9.175 P4:9.175 STATE:IDLE
[2026-05-01T05:43:39+02:00] CHK MOM:0% RANGE:0% UP:0% SPREAD:0.10905125% BID:9.17 ASK:9.18 MID:9.175 P1:9.175 P2:9.175 P3:9.175 P4:9.175 STATE:IDLE
[2026-05-01T05:43:39+02:00] CHK MOM:0% RANGE:0% UP:0% SPREAD:0.10905125% BID:9.17 ASK:9.18 MID:9.175 P1:9.175 P2:9.175 P3:9.175 P4:9.175 STATE:IDLE
[2026-05-01T05:43:40+02:00] CHK MOM:0% RANGE:0% UP:0% SPREAD:0.10905125% BID:9.17 ASK:9.18 MID:9.175 P1:9.175 P2:9.175 P3:9.175 P4:9.175 STATE:IDLE
[2026-05-01T05:43:40+02:00] CHK MOM:0% RANGE:0% UP:0% SPREAD:0.10905125% BID:9.17 ASK:9.18 MID:9.175 P1:9.175 P2:9.175 P3:9.175 P4:9.175 STATE:IDLE
[2026-05-01T05:43:41+02:00] CHK MOM:0% RANGE:0% UP:0% SPREAD:0.10905125% BID:9.17 ASK:9.18 MID:9.175 P1:9.175 P2:9.175 P3:9.175 P4:9.175 STATE:IDLE
[2026-05-01T05:43:43+02:00] CHK MOM:0% RANGE:0% UP:0% SPREAD:0.10905125% BID:9.17 ASK:9.18 MID:9.175 P1:9.175 P2:9.175 P3:9.175 P4:9.175 STATE:IDLE
[2026-05-01T05:43:44+02:00] CHK MOM:0% RANGE:0% UP:0% SPREAD:0.10905125% BID:9.17 ASK:9.18 MID:9.175 P1:9.175 P2:9.175 P3:9.175 P4:9.175 STATE:IDLE
[2026-05-01T05:43:45+02:00] CHK MOM:0% RANGE:0% UP:0% SPREAD:0.10905125% BID:9.17 ASK:9.18 MID:9.175 P1:9.175 P2:9.175 P3:9.175 P4:9.175 STATE:IDLE
[2026-05-01T05:43:45+02:00] CHK MOM:0% RANGE:0% UP:0% SPREAD:0.10905125% BID:9.17 ASK:9.18 MID:9.175 P1:9.175 P2:9.175 P3:9.175 P4:9.175 STATE:IDLE
[2026-05-01T05:43:46+02:00] CHK MOM:0% RANGE:0% UP:0% SPREAD:0.10905125% BID:9.17 ASK:9.18 MID:9.175 P1:9.175 P2:9.175 P3:9.175 P4:9.175 STATE:IDLE
[2026-05-01T05:43:46+02:00] CHK MOM:0% RANGE:0% UP:0% SPREAD:0.10905125% BID:9.17 ASK:9.18 MID:9.175 P1:9.175 P2:9.175 P3:9.175 P4:9.175 STATE:IDLE
[2026-05-01T05:43:47+02:00] CHK MOM:0% RANGE:0% UP:0% SPREAD:0.10905125% BID:9.17 ASK:9.18 MID:9.175 P1:9.175 P2:9.175 P3:9.175 P4:9.175 STATE:IDLE
[2026-05-01T05:43:47+02:00] CHK MOM:0% RANGE:0% UP:0% SPREAD:0.10905125% BID:9.17 ASK:9.18 MID:9.175 P1:9.175 P2:9.175 P3:9.175 P4:9.175 STATE:IDLE
[2026-05-01T05:43:48+02:00] CHK MOM:0% RANGE:0% UP:0% SPREAD:0.10905125% BID:9.17 ASK:9.18 MID:9.175 P1:9.175 P2:9.175 P3:9.175 P4:9.175 STATE:IDLE
[2026-05-01T05:43:48+02:00] CHK MOM:0% RANGE:0% UP:0% SPREAD:0.10905125% BID:9.17 ASK:9.18 MID:9.175 P1:9.175 P2:9.175 P3:9.175 P4:9.175 STATE:IDLE
[2026-05-01T05:43:49+02:00] CHK MOM:0% RANGE:0% UP:0% SPREAD:0.10905125% BID:9.17 ASK:9.18 MID:9.175 P1:9.175 P2:9.175 P3:9.175 P4:9.175 STATE:IDLE
[2026-05-01T05:43:50+02:00] CHK MOM:0% RANGE:0% UP:0% SPREAD:0.10905125% BID:9.17 ASK:9.18 MID:9.175 P1:9.175 P2:9.175 P3:9.175 P4:9.175 STATE:IDLE
[2026-05-01T05:43:50+02:00] CHK MOM:0% RANGE:0% UP:0% SPREAD:0.10905125% BID:9.17 ASK:9.18 MID:9.175 P1:9.175 P2:9.175 P3:9.175 P4:9.175 STATE:IDLE
[2026-05-01T05:43:51+02:00] CHK MOM:0% RANGE:0% UP:0% SPREAD:0.10905125% BID:9.17 ASK:9.18 MID:9.175 P1:9.175 P2:9.175 P3:9.175 P4:9.175 STATE:IDLE
[2026-05-01T05:43:51+02:00] CHK MOM:0% RANGE:0% UP:0% SPREAD:0.10905125% BID:9.17 ASK:9.18 MID:9.175 P1:9.175 P2:9.175 P3:9.175 P4:9.175 STATE:IDLE
[2026-05-01T05:43:52+02:00] CHK MOM:0% RANGE:0% UP:0% SPREAD:0.10905125% BID:9.17 ASK:9.18 MID:9.175 P1:9.175 P2:9.175 P3:9.175 P4:9.175 STATE:IDLE
[2026-05-01T05:43:52+02:00] CHK MOM:0% RANGE:0% UP:0% SPREAD:0.10905125% BID:9.17 ASK:9.18 MID:9.175 P1:9.175 P2:9.175 P3:9.175 P4:9.175 STATE:IDLE
[2026-05-01T05:43:53+02:00] CHK MOM:0% RANGE:0% UP:0% SPREAD:0.10905125% BID:9.17 ASK:9.18 MID:9.175 P1:9.175 P2:9.175 P3:9.175 P4:9.175 STATE:IDLE
[2026-05-01T05:43:53+02:00] CHK MOM:0% RANGE:0% UP:0% SPREAD:0.10905125% BID:9.17 ASK:9.18 MID:9.175 P1:9.175 P2:9.175 P3:9.175 P4:9.175 STATE:IDLE
[2026-05-01T05:43:54+02:00] CHK MOM:0% RANGE:0% UP:0% SPREAD:0.10905125% BID:9.17 ASK:9.18 MID:9.175 P1:9.175 P2:9.175 P3:9.175 P4:9.175 STATE:IDLE
[2026-05-01T05:43:54+02:00] CHK MOM:0% RANGE:0% UP:0% SPREAD:0.10905125% BID:9.17 ASK:9.18 MID:9.175 P1:9.175 P2:9.175 P3:9.175 P4:9.175 STATE:IDLE
[2026-05-01T05:43:55+02:00] CHK MOM:0% RANGE:0% UP:0% SPREAD:0.10905125% BID:9.17 ASK:9.18 MID:9.175 P1:9.175 P2:9.175 P3:9.175 P4:9.175 STATE:IDLE
[2026-05-01T05:43:56+02:00] CHK MOM:0% RANGE:0% UP:0% SPREAD:0.10905125% BID:9.17 ASK:9.18 MID:9.175 P1:9.175 P2:9.175 P3:9.175 P4:9.175 STATE:IDLE
[2026-05-01T05:43:56+02:00] CHK MOM:0% RANGE:0% UP:0% SPREAD:0.10905125% BID:9.17 ASK:9.18 MID:9.175 P1:9.175 P2:9.175 P3:9.175 P4:9.175 STATE:IDLE
[2026-05-01T05:43:57+02:00] CHK MOM:0% RANGE:0% UP:0% SPREAD:0.10905125% BID:9.17 ASK:9.18 MID:9.175 P1:9.175 P2:9.175 P3:9.175 P4:9.175 STATE:IDLE
[2026-05-01T05:43:57+02:00] CHK MOM:0% RANGE:0% UP:0% SPREAD:0.10905125% BID:9.17 ASK:9.18 MID:9.175 P1:9.175 P2:9.175 P3:9.175 P4:9.175 STATE:IDLE
[2026-05-01T05:43:58+02:00] CHK MOM:0% RANGE:0% UP:0% SPREAD:0.10905125% BID:9.17 ASK:9.18 MID:9.175 P1:9.175 P2:9.175 P3:9.175 P4:9.175 STATE:IDLE
[2026-05-01T05:43:59+02:00] CHK MOM:0% RANGE:0% UP:0% SPREAD:0.10905125% BID:9.17 ASK:9.18 MID:9.175 P1:9.175 P2:9.175 P3:9.175 P4:9.175 STATE:IDLE
[2026-05-01T05:43:59+02:00] CHK MOM:0% RANGE:0% UP:0% SPREAD:0.10905125% BID:9.17 ASK:9.18 MID:9.175 P1:9.175 P2:9.175 P3:9.175 P4:9.175 STATE:IDLE
[2026-05-01T05:44:00+02:00] CHK MOM:0% RANGE:0% UP:0% SPREAD:0.10905125% BID:9.17 ASK:9.18 MID:9.175 P1:9.175 P2:9.175 P3:9.175 P4:9.175 STATE:IDLE
[2026-05-01T05:44:01+02:00] CHK MOM:0% RANGE:0% UP:0% SPREAD:0.10905125% BID:9.17 ASK:9.18 MID:9.175 P1:9.175 P2:9.175 P3:9.175 P4:9.175 STATE:IDLE
[2026-05-01T05:44:01+02:00] CHK MOM:0% RANGE:0% UP:0% SPREAD:0.10905125% BID:9.17 ASK:9.18 MID:9.175 P1:9.175 P2:9.175 P3:9.175 P4:9.175 STATE:IDLE
[2026-05-01T05:44:02+02:00] CHK MOM:0% RANGE:0% UP:0% SPREAD:0.10905125% BID:9.17 ASK:9.18 MID:9.175 P1:9.175 P2:9.175 P3:9.175 P4:9.175 STATE:IDLE
[2026-05-01T05:44:02+02:00] CHK MOM:0% RANGE:0% UP:0% SPREAD:0.10905125% BID:9.17 ASK:9.18 MID:9.175 P1:9.175 P2:9.175 P3:9.175 P4:9.175 STATE:IDLE
[2026-05-01T05:44:03+02:00] CHK MOM:0% RANGE:0% UP:0% SPREAD:0.10905125% BID:9.17 ASK:9.18 MID:9.175 P1:9.175 P2:9.175 P3:9.175 P4:9.175 STATE:IDLE
[2026-05-01T05:44:03+02:00] CHK MOM:0% RANGE:0% UP:0% SPREAD:0.10905125% BID:9.17 ASK:9.18 MID:9.175 P1:9.175 P2:9.175 P3:9.175 P4:9.175 STATE:IDLE
[2026-05-01T05:44:04+02:00] CHK MOM:0% RANGE:0% UP:0% SPREAD:0.10905125% BID:9.17 ASK:9.18 MID:9.175 P1:9.175 P2:9.175 P3:9.175 P4:9.175 STATE:IDLE
[2026-05-01T05:44:04+02:00] CHK MOM:0% RANGE:0% UP:0% SPREAD:0.10905125% BID:9.17 ASK:9.18 MID:9.175 P1:9.175 P2:9.175 P3:9.175 P4:9.175 STATE:IDLE
[2026-05-01T05:44:05+02:00] CHK MOM:0% RANGE:0% UP:0% SPREAD:0.10905125% BID:9.17 ASK:9.18 MID:9.175 P1:9.175 P2:9.175 P3:9.175 P4:9.175 STATE:IDLE
[2026-05-01T05:44:09+02:00] CHK MOM:0% RANGE:0% UP:0% SPREAD:0.10905125% BID:9.17 ASK:9.18 MID:9.175 P1:9.175 P2:9.175 P3:9.175 P4:9.175 STATE:IDLE
[2026-05-01T05:44:09+02:00] CHK MOM:0% RANGE:0% UP:0% SPREAD:0.10905125% BID:9.17 ASK:9.18 MID:9.175 P1:9.175 P2:9.175 P3:9.175 P4:9.175 STATE:IDLE
[2026-05-01T05:44:10+02:00] CHK MOM:0% RANGE:0% UP:0% SPREAD:0.10905125% BID:9.17 ASK:9.18 MID:9.175 P1:9.175 P2:9.175 P3:9.175 P4:9.175 STATE:IDLE
[2026-05-01T05:44:10+02:00] CHK MOM:0% RANGE:0% UP:0% SPREAD:0.10905125% BID:9.17 ASK:9.18 MID:9.175 P1:9.175 P2:9.175 P3:9.175 P4:9.175 STATE:IDLE
[2026-05-01T05:44:11+02:00] CHK MOM:0% RANGE:0% UP:0% SPREAD:0.10905125% BID:9.17 ASK:9.18 MID:9.175 P1:9.175 P2:9.175 P3:9.175 P4:9.175 STATE:IDLE
[2026-05-01T05:44:12+02:00] CHK MOM:0% RANGE:0% UP:0% SPREAD:0.10905125% BID:9.17 ASK:9.18 MID:9.175 P1:9.175 P2:9.175 P3:9.175 P4:9.175 STATE:IDLE
[2026-05-01T05:44:12+02:00] CHK MOM:0% RANGE:0% UP:0% SPREAD:0.10905125% BID:9.17 ASK:9.18 MID:9.175 P1:9.175 P2:9.175 P3:9.175 P4:9.175 STATE:IDLE
[2026-05-01T05:44:13+02:00] CHK MOM:0% RANGE:0% UP:0% SPREAD:0.10905125% BID:9.17 ASK:9.18 MID:9.175 P1:9.175 P2:9.175 P3:9.175 P4:9.175 STATE:IDLE
[2026-05-01T05:44:13+02:00] CHK MOM:0% RANGE:0% UP:0% SPREAD:0.10905125% BID:9.17 ASK:9.18 MID:9.175 P1:9.175 P2:9.175 P3:9.175 P4:9.175 STATE:IDLE
[2026-05-01T05:44:14+02:00] CHK MOM:0% RANGE:0% UP:0% SPREAD:0.10905125% BID:9.17 ASK:9.18 MID:9.175 P1:9.175 P2:9.175 P3:9.175 P4:9.175 STATE:IDLE
[2026-05-01T05:44:15+02:00] CHK MOM:0% RANGE:0% UP:0% SPREAD:0.10905125% BID:9.17 ASK:9.18 MID:9.175 P1:9.175 P2:9.175 P3:9.175 P4:9.175 STATE:IDLE
[2026-05-01T05:44:15+02:00] CHK MOM:0% RANGE:0% UP:0% SPREAD:0.10905125% BID:9.17 ASK:9.18 MID:9.175 P1:9.175 P2:9.175 P3:9.175 P4:9.175 STATE:IDLE
[2026-05-01T05:44:16+02:00] CHK MOM:0% RANGE:0% UP:0% SPREAD:0.10905125% BID:9.17 ASK:9.18 MID:9.175 P1:9.175 P2:9.175 P3:9.175 P4:9.175 STATE:IDLE
[2026-05-01T05:44:16+02:00] CHK MOM:0% RANGE:0% UP:0% SPREAD:0.10905125% BID:9.17 ASK:9.18 MID:9.175 P1:9.175 P2:9.175 P3:9.175 P4:9.175 STATE:IDLE
[2026-05-01T05:44:17+02:00] CHK MOM:0% RANGE:0% UP:0% SPREAD:0.10905125% BID:9.17 ASK:9.18 MID:9.175 P1:9.175 P2:9.175 P3:9.175 P4:9.175 STATE:IDLE
[2026-05-01T05:44:17+02:00] CHK MOM:0% RANGE:0% UP:0% SPREAD:0.10905125% BID:9.17 ASK:9.18 MID:9.175 P1:9.175 P2:9.175 P3:9.175 P4:9.175 STATE:IDLE
[2026-05-01T05:44:18+02:00] CHK MOM:0% RANGE:0% UP:0% SPREAD:0.10905125% BID:9.17 ASK:9.18 MID:9.175 P1:9.175 P2:9.175 P3:9.175 P4:9.175 STATE:IDLE
[2026-05-01T05:44:18+02:00] CHK MOM:0% RANGE:0% UP:0% SPREAD:0.10905125% BID:9.17 ASK:9.18 MID:9.175 P1:9.175 P2:9.175 P3:9.175 P4:9.175 STATE:IDLE
[2026-05-01T05:44:19+02:00] CHK MOM:0% RANGE:0% UP:0% SPREAD:0.10905125% BID:9.17 ASK:9.18 MID:9.175 P1:9.175 P2:9.175 P3:9.175 P4:9.175 STATE:IDLE
[2026-05-01T05:44:20+02:00] CHK MOM:0% RANGE:0% UP:0% SPREAD:0.10905125% BID:9.17 ASK:9.18 MID:9.175 P1:9.175 P2:9.175 P3:9.175 P4:9.175 STATE:IDLE
[2026-05-01T05:44:23+02:00] CHK MOM:0% RANGE:0% UP:0% SPREAD:0.10905125% BID:9.17 ASK:9.18 MID:9.175 P1:9.175 P2:9.175 P3:9.175 P4:9.175 STATE:IDLE
[2026-05-01T05:44:24+02:00] CHK MOM:0% RANGE:0% UP:0% SPREAD:0.10905125% BID:9.17 ASK:9.18 MID:9.175 P1:9.175 P2:9.175 P3:9.175 P4:9.175 STATE:IDLE
[2026-05-01T05:44:24+02:00] CHK MOM:0% RANGE:0% UP:0% SPREAD:0.10905125% BID:9.17 ASK:9.18 MID:9.175 P1:9.175 P2:9.175 P3:9.175 P4:9.175 STATE:IDLE
[2026-05-01T05:44:25+02:00] CHK MOM:0% RANGE:0% UP:0% SPREAD:0.10905125% BID:9.17 ASK:9.18 MID:9.175 P1:9.175 P2:9.175 P3:9.175 P4:9.175 STATE:IDLE
[2026-05-01T05:44:26+02:00] CHK MOM:0% RANGE:0% UP:0% SPREAD:0.10905125% BID:9.17 ASK:9.18 MID:9.175 P1:9.175 P2:9.175 P3:9.175 P4:9.175 STATE:IDLE
[2026-05-01T05:44:26+02:00] CHK MOM:0% RANGE:0% UP:0% SPREAD:0.10905125% BID:9.17 ASK:9.18 MID:9.175 P1:9.175 P2:9.175 P3:9.175 P4:9.175 STATE:IDLE
[2026-05-01T05:44:27+02:00] CHK MOM:0% RANGE:0% UP:0% SPREAD:0.10905125% BID:9.17 ASK:9.18 MID:9.175 P1:9.175 P2:9.175 P3:9.175 P4:9.175 STATE:IDLE
[2026-05-01T05:44:27+02:00] CHK MOM:0% RANGE:0% UP:0% SPREAD:0.10905125% BID:9.17 ASK:9.18 MID:9.175 P1:9.175 P2:9.175 P3:9.175 P4:9.175 STATE:IDLE
[2026-05-01T05:44:28+02:00] CHK MOM:0% RANGE:0% UP:0% SPREAD:0.10905125% BID:9.17 ASK:9.18 MID:9.175 P1:9.175 P2:9.175 P3:9.175 P4:9.175 STATE:IDLE
[2026-05-01T05:44:29+02:00] CHK MOM:0% RANGE:0% UP:0% SPREAD:0.10905125% BID:9.17 ASK:9.18 MID:9.175 P1:9.175 P2:9.175 P3:9.175 P4:9.175 STATE:IDLE
[2026-05-01T05:44:29+02:00] CHK MOM:0% RANGE:0% UP:0% SPREAD:0.10905125% BID:9.17 ASK:9.18 MID:9.175 P1:9.175 P2:9.175 P3:9.175 P4:9.175 STATE:IDLE
[2026-05-01T05:44:30+02:00] CHK MOM:0% RANGE:0% UP:0% SPREAD:0.10905125% BID:9.17 ASK:9.18 MID:9.175 P1:9.175 P2:9.175 P3:9.175 P4:9.175 STATE:IDLE
[2026-05-01T05:44:31+02:00] CHK MOM:0% RANGE:0% UP:0% SPREAD:0.10905125% BID:9.17 ASK:9.18 MID:9.175 P1:9.175 P2:9.175 P3:9.175 P4:9.175 STATE:IDLE
[2026-05-01T05:44:31+02:00] CHK MOM:0% RANGE:0% UP:0% SPREAD:0.10905125% BID:9.17 ASK:9.18 MID:9.175 P1:9.175 P2:9.175 P3:9.175 P4:9.175 STATE:IDLE
[2026-05-01T05:44:32+02:00] CHK MOM:0% RANGE:0% UP:0% SPREAD:0.10905125% BID:9.17 ASK:9.18 MID:9.175 P1:9.175 P2:9.175 P3:9.175 P4:9.175 STATE:IDLE
[2026-05-01T05:44:32+02:00] CHK MOM:0% RANGE:0% UP:0% SPREAD:0.10905125% BID:9.17 ASK:9.18 MID:9.175 P1:9.175 P2:9.175 P3:9.175 P4:9.175 STATE:IDLE
[2026-05-01T05:44:45+02:00] CHK MOM:0% RANGE:0% UP:0% SPREAD:0.10905125% BID:9.17 ASK:9.18 MID:9.175 P1:9.175 P2:9.175 P3:9.175 P4:9.175 STATE:IDLE
[2026-05-01T05:44:46+02:00] CHK MOM:0% RANGE:0% UP:0% SPREAD:0.10905125% BID:9.17 ASK:9.18 MID:9.175 P1:9.175 P2:9.175 P3:9.175 P4:9.175 STATE:IDLE
[2026-05-01T05:44:46+02:00] CHK MOM:0% RANGE:0% UP:0% SPREAD:0.10905125% BID:9.17 ASK:9.18 MID:9.175 P1:9.175 P2:9.175 P3:9.175 P4:9.175 STATE:IDLE
[2026-05-01T05:44:47+02:00] CHK MOM:0% RANGE:0% UP:0% SPREAD:0.10905125% BID:9.17 ASK:9.18 MID:9.175 P1:9.175 P2:9.175 P3:9.175 P4:9.175 STATE:IDLE
[2026-05-01T05:44:47+02:00] CHK MOM:0% RANGE:0% UP:0% SPREAD:0.10905125% BID:9.17 ASK:9.18 MID:9.175 P1:9.175 P2:9.175 P3:9.175 P4:9.175 STATE:IDLE
[2026-05-01T05:44:48+02:00] CHK MOM:0% RANGE:0% UP:0% SPREAD:0.10905125% BID:9.17 ASK:9.18 MID:9.175 P1:9.175 P2:9.175 P3:9.175 P4:9.175 STATE:IDLE
[2026-05-01T05:44:48+02:00] CHK MOM:0% RANGE:0% UP:0% SPREAD:0.10905125% BID:9.17 ASK:9.18 MID:9.175 P1:9.175 P2:9.175 P3:9.175 P4:9.175 STATE:IDLE
[2026-05-01T05:44:49+02:00] CHK MOM:0% RANGE:0% UP:0% SPREAD:0.10905125% BID:9.17 ASK:9.18 MID:9.175 P1:9.175 P2:9.175 P3:9.175 P4:9.175 STATE:IDLE
[2026-05-01T05:44:49+02:00] CHK MOM:0% RANGE:0% UP:0% SPREAD:0.10905125% BID:9.17 ASK:9.18 MID:9.175 P1:9.175 P2:9.175 P3:9.175 P4:9.175 STATE:IDLE
[2026-05-01T05:44:50+02:00] CHK MOM:0% RANGE:0% UP:0% SPREAD:0.10905125% BID:9.17 ASK:9.18 MID:9.175 P1:9.175 P2:9.175 P3:9.175 P4:9.175 STATE:IDLE
[2026-05-01T05:44:51+02:00] CHK MOM:0% RANGE:0% UP:0% SPREAD:0.10905125% BID:9.17 ASK:9.18 MID:9.175 P1:9.175 P2:9.175 P3:9.175 P4:9.175 STATE:IDLE
[2026-05-01T05:44:51+02:00] CHK MOM:0% RANGE:0% UP:0% SPREAD:0.10905125% BID:9.17 ASK:9.18 MID:9.175 P1:9.175 P2:9.175 P3:9.175 P4:9.175 STATE:IDLE
[2026-05-01T05:44:52+02:00] CHK MOM:0% RANGE:0% UP:0% SPREAD:0.10905125% BID:9.17 ASK:9.18 MID:9.175 P1:9.175 P2:9.175 P3:9.175 P4:9.175 STATE:IDLE
[2026-05-01T05:44:52+02:00] CHK MOM:0% RANGE:0% UP:0% SPREAD:0.10905125% BID:9.17 ASK:9.18 MID:9.175 P1:9.175 P2:9.175 P3:9.175 P4:9.175 STATE:IDLE
[2026-05-01T05:44:54+02:00] CHK MOM:0% RANGE:0% UP:0% SPREAD:0.10905125% BID:9.17 ASK:9.18 MID:9.175 P1:9.175 P2:9.175 P3:9.175 P4:9.175 STATE:IDLE
[2026-05-01T05:44:55+02:00] CHK MOM:0% RANGE:0% UP:0% SPREAD:0.10905125% BID:9.17 ASK:9.18 MID:9.175 P1:9.175 P2:9.175 P3:9.175 P4:9.175 STATE:IDLE
[2026-05-01T05:44:55+02:00] CHK MOM:0% RANGE:0% UP:0% SPREAD:0.10905125% BID:9.17 ASK:9.18 MID:9.175 P1:9.175 P2:9.175 P3:9.175 P4:9.175 STATE:IDLE
[2026-05-01T05:44:56+02:00] CHK MOM:0% RANGE:0% UP:0% SPREAD:0.10905125% BID:9.17 ASK:9.18 MID:9.175 P1:9.175 P2:9.175 P3:9.175 P4:9.175 STATE:IDLE
[2026-05-01T05:44:57+02:00] CHK MOM:0% RANGE:0% UP:0% SPREAD:0.10905125% BID:9.17 ASK:9.18 MID:9.175 P1:9.175 P2:9.175 P3:9.175 P4:9.175 STATE:IDLE
[2026-05-01T05:44:57+02:00] CHK MOM:0% RANGE:0% UP:0% SPREAD:0.10905125% BID:9.17 ASK:9.18 MID:9.175 P1:9.175 P2:9.175 P3:9.175 P4:9.175 STATE:IDLE
[2026-05-01T05:44:58+02:00] CHK MOM:0% RANGE:0% UP:0% SPREAD:0.10905125% BID:9.17 ASK:9.18 MID:9.175 P1:9.175 P2:9.175 P3:9.175 P4:9.175 STATE:IDLE
[2026-05-01T05:45:00+02:00] CHK MOM:0% RANGE:0% UP:0% SPREAD:0.10905125% BID:9.17 ASK:9.18 MID:9.175 P1:9.175 P2:9.175 P3:9.175 P4:9.175 STATE:IDLE
[2026-05-01T05:45:00+02:00] CHK MOM:0% RANGE:0% UP:0% SPREAD:0.10905125% BID:9.17 ASK:9.18 MID:9.175 P1:9.175 P2:9.175 P3:9.175 P4:9.175 STATE:IDLE
[2026-05-01T05:45:01+02:00] CHK MOM:0% RANGE:0% UP:0% SPREAD:0.10905125% BID:9.17 ASK:9.18 MID:9.175 P1:9.175 P2:9.175 P3:9.175 P4:9.175 STATE:IDLE
[2026-05-01T05:45:02+02:00] CHK MOM:0% RANGE:0% UP:0% SPREAD:0.10905125% BID:9.17 ASK:9.18 MID:9.175 P1:9.175 P2:9.175 P3:9.175 P4:9.175 STATE:IDLE
[2026-05-01T05:45:02+02:00] CHK MOM:0% RANGE:0% UP:0% SPREAD:0.10905125% BID:9.17 ASK:9.18 MID:9.175 P1:9.175 P2:9.175 P3:9.175 P4:9.175 STATE:IDLE
[2026-05-01T05:45:03+02:00] CHK MOM:0% RANGE:0% UP:0% SPREAD:0.10905125% BID:9.17 ASK:9.18 MID:9.175 P1:9.175 P2:9.175 P3:9.175 P4:9.175 STATE:IDLE
[2026-05-01T05:45:03+02:00] CHK MOM:0% RANGE:0% UP:0% SPREAD:0.10905125% BID:9.17 ASK:9.18 MID:9.175 P1:9.175 P2:9.175 P3:9.175 P4:9.175 STATE:IDLE
[2026-05-01T05:45:04+02:00] CHK MOM:0% RANGE:0% UP:0% SPREAD:0.10905125% BID:9.17 ASK:9.18 MID:9.175 P1:9.175 P2:9.175 P3:9.175 P4:9.175 STATE:IDLE
[2026-05-01T05:45:04+02:00] CHK MOM:0% RANGE:0% UP:0% SPREAD:0.10905125% BID:9.17 ASK:9.18 MID:9.175 P1:9.175 P2:9.175 P3:9.175 P4:9.175 STATE:IDLE
[2026-05-01T05:45:05+02:00] CHK MOM:0% RANGE:0% UP:0% SPREAD:0.10905125% BID:9.17 ASK:9.18 MID:9.175 P1:9.175 P2:9.175 P3:9.175 P4:9.175 STATE:IDLE
[2026-05-01T05:45:05+02:00] CHK MOM:0% RANGE:0% UP:0% SPREAD:0.10905125% BID:9.17 ASK:9.18 MID:9.175 P1:9.175 P2:9.175 P3:9.175 P4:9.175 STATE:IDLE
[2026-05-01T05:45:06+02:00] CHK MOM:0% RANGE:0% UP:0% SPREAD:0.10905125% BID:9.17 ASK:9.18 MID:9.175 P1:9.175 P2:9.175 P3:9.175 P4:9.175 STATE:IDLE
[2026-05-01T05:45:06+02:00] CHK MOM:0% RANGE:0% UP:0% SPREAD:0.10905125% BID:9.17 ASK:9.18 MID:9.175 P1:9.175 P2:9.175 P3:9.175 P4:9.175 STATE:IDLE
[2026-05-01T05:45:07+02:00] CHK MOM:0% RANGE:0% UP:0% SPREAD:0.10905125% BID:9.17 ASK:9.18 MID:9.175 P1:9.175 P2:9.175 P3:9.175 P4:9.175 STATE:IDLE
[2026-05-01T05:45:08+02:00] CHK MOM:0% RANGE:0% UP:0% SPREAD:0.10905125% BID:9.17 ASK:9.18 MID:9.175 P1:9.175 P2:9.175 P3:9.175 P4:9.175 STATE:IDLE
[2026-05-01T05:45:08+02:00] CHK MOM:0% RANGE:0% UP:0% SPREAD:0.10905125% BID:9.17 ASK:9.18 MID:9.175 P1:9.175 P2:9.175 P3:9.175 P4:9.175 STATE:IDLE
[2026-05-01T05:45:10+02:00] CHK MOM:0% RANGE:0% UP:0% SPREAD:0.10905125% BID:9.17 ASK:9.18 MID:9.175 P1:9.175 P2:9.175 P3:9.175 P4:9.175 STATE:IDLE
[2026-05-01T05:45:11+02:00] CHK MOM:0% RANGE:0% UP:0% SPREAD:0.10905125% BID:9.17 ASK:9.18 MID:9.175 P1:9.175 P2:9.175 P3:9.175 P4:9.175 STATE:IDLE
[2026-05-01T05:45:11+02:00] CHK MOM:0% RANGE:0% UP:0% SPREAD:0.10905125% BID:9.17 ASK:9.18 MID:9.175 P1:9.175 P2:9.175 P3:9.175 P4:9.175 STATE:IDLE
[2026-05-01T05:45:12+02:00] CHK MOM:0% RANGE:0% UP:0% SPREAD:0.10905125% BID:9.17 ASK:9.18 MID:9.175 P1:9.175 P2:9.175 P3:9.175 P4:9.175 STATE:IDLE
[2026-05-01T05:45:13+02:00] CHK MOM:0% RANGE:0% UP:0% SPREAD:0.10905125% BID:9.17 ASK:9.18 MID:9.175 P1:9.175 P2:9.175 P3:9.175 P4:9.175 STATE:IDLE
[2026-05-01T05:45:13+02:00] CHK MOM:0% RANGE:0% UP:0% SPREAD:0.10905125% BID:9.17 ASK:9.18 MID:9.175 P1:9.175 P2:9.175 P3:9.175 P4:9.175 STATE:IDLE
[2026-05-01T05:45:14+02:00] CHK MOM:0% RANGE:0% UP:0% SPREAD:0.10905125% BID:9.17 ASK:9.18 MID:9.175 P1:9.175 P2:9.175 P3:9.175 P4:9.175 STATE:IDLE
[2026-05-01T05:45:14+02:00] CHK MOM:0% RANGE:0% UP:0% SPREAD:0.10905125% BID:9.17 ASK:9.18 MID:9.175 P1:9.175 P2:9.175 P3:9.175 P4:9.175 STATE:IDLE
[2026-05-01T05:45:15+02:00] CHK MOM:0% RANGE:0% UP:0% SPREAD:0.10905125% BID:9.17 ASK:9.18 MID:9.175 P1:9.175 P2:9.175 P3:9.175 P4:9.175 STATE:IDLE
[2026-05-01T05:45:15+02:00] CHK MOM:0% RANGE:0% UP:0% SPREAD:0.10905125% BID:9.17 ASK:9.18 MID:9.175 P1:9.175 P2:9.175 P3:9.175 P4:9.175 STATE:IDLE
[2026-05-01T05:45:16+02:00] CHK MOM:0% RANGE:0% UP:0% SPREAD:0.10905125% BID:9.17 ASK:9.18 MID:9.175 P1:9.175 P2:9.175 P3:9.175 P4:9.175 STATE:IDLE
[2026-05-01T05:45:16+02:00] CHK MOM:0% RANGE:0% UP:0% SPREAD:0.10905125% BID:9.17 ASK:9.18 MID:9.175 P1:9.175 P2:9.175 P3:9.175 P4:9.175 STATE:IDLE
[2026-05-01T05:45:17+02:00] CHK MOM:0% RANGE:0% UP:0% SPREAD:0.10905125% BID:9.17 ASK:9.18 MID:9.175 P1:9.175 P2:9.175 P3:9.175 P4:9.175 STATE:IDLE
[2026-05-01T05:45:18+02:00] CHK MOM:0% RANGE:0% UP:0% SPREAD:0.10905125% BID:9.17 ASK:9.18 MID:9.175 P1:9.175 P2:9.175 P3:9.175 P4:9.175 STATE:IDLE
[2026-05-01T05:45:19+02:00] CHK MOM:0% RANGE:0% UP:0% SPREAD:0.10905125% BID:9.17 ASK:9.18 MID:9.175 P1:9.175 P2:9.175 P3:9.175 P4:9.175 STATE:IDLE
[2026-05-01T05:45:19+02:00] CHK MOM:0% RANGE:0% UP:0% SPREAD:0.10905125% BID:9.17 ASK:9.18 MID:9.175 P1:9.175 P2:9.175 P3:9.175 P4:9.175 STATE:IDLE
[2026-05-01T05:45:20+02:00] CHK MOM:0% RANGE:0% UP:0% SPREAD:0.10905125% BID:9.17 ASK:9.18 MID:9.175 P1:9.175 P2:9.175 P3:9.175 P4:9.175 STATE:IDLE
[2026-05-01T05:45:20+02:00] CHK MOM:0% RANGE:0% UP:0% SPREAD:0.10905125% BID:9.17 ASK:9.18 MID:9.175 P1:9.175 P2:9.175 P3:9.175 P4:9.175 STATE:IDLE
[2026-05-01T05:45:21+02:00] CHK MOM:0% RANGE:0% UP:0% SPREAD:0.10905125% BID:9.17 ASK:9.18 MID:9.175 P1:9.175 P2:9.175 P3:9.175 P4:9.175 STATE:IDLE
[2026-05-01T05:45:21+02:00] CHK MOM:0% RANGE:0% UP:0% SPREAD:0.10905125% BID:9.17 ASK:9.18 MID:9.175 P1:9.175 P2:9.175 P3:9.175 P4:9.175 STATE:IDLE
[2026-05-01T05:45:22+02:00] CHK MOM:0% RANGE:0% UP:0% SPREAD:0.10905125% BID:9.17 ASK:9.18 MID:9.175 P1:9.175 P2:9.175 P3:9.175 P4:9.175 STATE:IDLE
[2026-05-01T05:45:22+02:00] CHK MOM:0% RANGE:0% UP:0% SPREAD:0.10905125% BID:9.17 ASK:9.18 MID:9.175 P1:9.175 P2:9.175 P3:9.175 P4:9.175 STATE:IDLE
[2026-05-01T05:45:23+02:00] CHK MOM:0% RANGE:0% UP:0% SPREAD:0.10905125% BID:9.17 ASK:9.18 MID:9.175 P1:9.175 P2:9.175 P3:9.175 P4:9.175 STATE:IDLE
[2026-05-01T05:45:24+02:00] CHK MOM:0% RANGE:0% UP:0% SPREAD:0.10905125% BID:9.17 ASK:9.18 MID:9.175 P1:9.175 P2:9.175 P3:9.175 P4:9.175 STATE:IDLE
[2026-05-01T05:45:24+02:00] CHK MOM:0% RANGE:0% UP:0% SPREAD:0.10905125% BID:9.17 ASK:9.18 MID:9.175 P1:9.175 P2:9.175 P3:9.175 P4:9.175 STATE:IDLE
[2026-05-01T05:45:27+02:00] CHK MOM:0% RANGE:0% UP:0% SPREAD:0.10905125% BID:9.17 ASK:9.18 MID:9.175 P1:9.175 P2:9.175 P3:9.175 P4:9.175 STATE:IDLE
[2026-05-01T05:45:28+02:00] CHK MOM:0% RANGE:0% UP:0% SPREAD:0.10905125% BID:9.17 ASK:9.18 MID:9.175 P1:9.175 P2:9.175 P3:9.175 P4:9.175 STATE:IDLE
[2026-05-01T05:45:28+02:00] CHK MOM:0% RANGE:0% UP:0% SPREAD:0.10905125% BID:9.17 ASK:9.18 MID:9.175 P1:9.175 P2:9.175 P3:9.175 P4:9.175 STATE:IDLE
[2026-05-01T05:45:29+02:00] CHK MOM:0% RANGE:0% UP:0% SPREAD:0.10905125% BID:9.17 ASK:9.18 MID:9.175 P1:9.175 P2:9.175 P3:9.175 P4:9.175 STATE:IDLE
[2026-05-01T05:45:30+02:00] CHK MOM:0% RANGE:0% UP:0% SPREAD:0.10905125% BID:9.17 ASK:9.18 MID:9.175 P1:9.175 P2:9.175 P3:9.175 P4:9.175 STATE:IDLE
[2026-05-01T05:45:35+02:00] CHK MOM:0% RANGE:0% UP:0% SPREAD:0.10905125% BID:9.17 ASK:9.18 MID:9.175 P1:9.175 P2:9.175 P3:9.175 P4:9.175 STATE:IDLE
[2026-05-01T05:45:35+02:00] CHK MOM:0% RANGE:0% UP:0% SPREAD:0.10905125% BID:9.17 ASK:9.18 MID:9.175 P1:9.175 P2:9.175 P3:9.175 P4:9.175 STATE:IDLE
[2026-05-01T05:45:36+02:00] CHK MOM:0% RANGE:0% UP:0% SPREAD:0.10905125% BID:9.17 ASK:9.18 MID:9.175 P1:9.175 P2:9.175 P3:9.175 P4:9.175 STATE:IDLE
[2026-05-01T05:45:36+02:00] CHK MOM:0% RANGE:0% UP:0% SPREAD:0.10905125% BID:9.17 ASK:9.18 MID:9.175 P1:9.175 P2:9.175 P3:9.175 P4:9.175 STATE:IDLE
[2026-05-01T05:45:37+02:00] CHK MOM:0% RANGE:0% UP:0% SPREAD:0.10905125% BID:9.17 ASK:9.18 MID:9.175 P1:9.175 P2:9.175 P3:9.175 P4:9.175 STATE:IDLE
[2026-05-01T05:45:37+02:00] CHK MOM:0% RANGE:0% UP:0% SPREAD:0.10905125% BID:9.17 ASK:9.18 MID:9.175 P1:9.175 P2:9.175 P3:9.175 P4:9.175 STATE:IDLE
[2026-05-01T05:45:38+02:00] CHK MOM:0% RANGE:0% UP:0% SPREAD:0.10905125% BID:9.17 ASK:9.18 MID:9.175 P1:9.175 P2:9.175 P3:9.175 P4:9.175 STATE:IDLE
[2026-05-01T05:45:38+02:00] CHK MOM:0% RANGE:0% UP:0% SPREAD:0.10905125% BID:9.17 ASK:9.18 MID:9.175 P1:9.175 P2:9.175 P3:9.175 P4:9.175 STATE:IDLE
[2026-05-01T05:45:39+02:00] CHK MOM:0% RANGE:0% UP:0% SPREAD:0.10905125% BID:9.17 ASK:9.18 MID:9.175 P1:9.175 P2:9.175 P3:9.175 P4:9.175 STATE:IDLE
[2026-05-01T05:45:39+02:00] CHK MOM:0% RANGE:0% UP:0% SPREAD:0.10905125% BID:9.17 ASK:9.18 MID:9.175 P1:9.175 P2:9.175 P3:9.175 P4:9.175 STATE:IDLE
[2026-05-01T05:45:40+02:00] CHK MOM:0% RANGE:0% UP:0% SPREAD:0.10905125% BID:9.17 ASK:9.18 MID:9.175 P1:9.175 P2:9.175 P3:9.175 P4:9.175 STATE:IDLE
[2026-05-01T05:45:41+02:00] CHK MOM:0% RANGE:0% UP:0% SPREAD:0.10905125% BID:9.17 ASK:9.18 MID:9.175 P1:9.175 P2:9.175 P3:9.175 P4:9.175 STATE:IDLE
[2026-05-01T05:45:41+02:00] CHK MOM:0% RANGE:0% UP:0% SPREAD:0.10905125% BID:9.17 ASK:9.18 MID:9.175 P1:9.175 P2:9.175 P3:9.175 P4:9.175 STATE:IDLE
[2026-05-01T05:45:42+02:00] CHK MOM:0% RANGE:0% UP:0% SPREAD:0.10905125% BID:9.17 ASK:9.18 MID:9.175 P1:9.175 P2:9.175 P3:9.175 P4:9.175 STATE:IDLE
[2026-05-01T05:45:42+02:00] CHK MOM:0% RANGE:0% UP:0% SPREAD:0.10905125% BID:9.17 ASK:9.18 MID:9.175 P1:9.175 P2:9.175 P3:9.175 P4:9.175 STATE:IDLE
[2026-05-01T05:45:43+02:00] CHK MOM:0% RANGE:0% UP:0% SPREAD:0.10905125% BID:9.17 ASK:9.18 MID:9.175 P1:9.175 P2:9.175 P3:9.175 P4:9.175 STATE:IDLE
[2026-05-01T05:45:44+02:00] CHK MOM:0% RANGE:0% UP:0% SPREAD:0.10905125% BID:9.17 ASK:9.18 MID:9.175 P1:9.175 P2:9.175 P3:9.175 P4:9.175 STATE:IDLE
[2026-05-01T05:45:44+02:00] CHK MOM:0% RANGE:0% UP:0% SPREAD:0.10905125% BID:9.17 ASK:9.18 MID:9.175 P1:9.175 P2:9.175 P3:9.175 P4:9.175 STATE:IDLE
[2026-05-01T05:45:45+02:00] CHK MOM:0% RANGE:0% UP:0% SPREAD:0.10905125% BID:9.17 ASK:9.18 MID:9.175 P1:9.175 P2:9.175 P3:9.175 P4:9.175 STATE:IDLE
[2026-05-01T05:45:46+02:00] CHK MOM:0% RANGE:0% UP:0% SPREAD:0.10905125% BID:9.17 ASK:9.18 MID:9.175 P1:9.175 P2:9.175 P3:9.175 P4:9.175 STATE:IDLE
[2026-05-01T05:45:46+02:00] CHK MOM:0% RANGE:0% UP:0% SPREAD:0.10905125% BID:9.17 ASK:9.18 MID:9.175 P1:9.175 P2:9.175 P3:9.175 P4:9.175 STATE:IDLE
[2026-05-01T05:45:47+02:00] CHK MOM:0% RANGE:0% UP:0% SPREAD:0.10905125% BID:9.17 ASK:9.18 MID:9.175 P1:9.175 P2:9.175 P3:9.175 P4:9.175 STATE:IDLE
[2026-05-01T05:45:47+02:00] CHK MOM:0% RANGE:0% UP:0% SPREAD:0.10905125% BID:9.17 ASK:9.18 MID:9.175 P1:9.175 P2:9.175 P3:9.175 P4:9.175 STATE:IDLE
[2026-05-01T05:45:48+02:00] CHK MOM:0% RANGE:0% UP:0% SPREAD:0.10905125% BID:9.17 ASK:9.18 MID:9.175 P1:9.175 P2:9.175 P3:9.175 P4:9.175 STATE:IDLE
[2026-05-01T05:45:48+02:00] CHK MOM:0% RANGE:0% UP:0% SPREAD:0.10905125% BID:9.17 ASK:9.18 MID:9.175 P1:9.175 P2:9.175 P3:9.175 P4:9.175 STATE:IDLE
[2026-05-01T05:45:49+02:00] CHK MOM:0% RANGE:0% UP:0% SPREAD:0.10905125% BID:9.17 ASK:9.18 MID:9.175 P1:9.175 P2:9.175 P3:9.175 P4:9.175 STATE:IDLE
[2026-05-01T05:45:49+02:00] CHK MOM:0% RANGE:0% UP:0% SPREAD:0.10905125% BID:9.17 ASK:9.18 MID:9.175 P1:9.175 P2:9.175 P3:9.175 P4:9.175 STATE:IDLE
[2026-05-01T05:45:50+02:00] CHK MOM:0% RANGE:0% UP:0% SPREAD:0.10905125% BID:9.17 ASK:9.18 MID:9.175 P1:9.175 P2:9.175 P3:9.175 P4:9.175 STATE:IDLE
[2026-05-01T05:45:50+02:00] CHK MOM:0% RANGE:0% UP:0% SPREAD:0.10905125% BID:9.17 ASK:9.18 MID:9.175 P1:9.175 P2:9.175 P3:9.175 P4:9.175 STATE:IDLE
[2026-05-01T05:45:51+02:00] CHK MOM:0% RANGE:0% UP:0% SPREAD:0.10905125% BID:9.17 ASK:9.18 MID:9.175 P1:9.175 P2:9.175 P3:9.175 P4:9.175 STATE:IDLE
[2026-05-01T05:45:52+02:00] CHK MOM:0% RANGE:0% UP:0% SPREAD:0.10905125% BID:9.17 ASK:9.18 MID:9.175 P1:9.175 P2:9.175 P3:9.175 P4:9.175 STATE:IDLE
[2026-05-01T05:45:53+02:00] CHK MOM:0% RANGE:0% UP:0% SPREAD:0.10905125% BID:9.17 ASK:9.18 MID:9.175 P1:9.175 P2:9.175 P3:9.175 P4:9.175 STATE:IDLE
[2026-05-01T05:45:54+02:00] CHK MOM:0% RANGE:0% UP:0% SPREAD:0.10905125% BID:9.17 ASK:9.18 MID:9.175 P1:9.175 P2:9.175 P3:9.175 P4:9.175 STATE:IDLE
[2026-05-01T05:45:54+02:00] CHK MOM:0% RANGE:0% UP:0% SPREAD:0.10905125% BID:9.17 ASK:9.18 MID:9.175 P1:9.175 P2:9.175 P3:9.175 P4:9.175 STATE:IDLE
[2026-05-01T05:45:55+02:00] CHK MOM:0% RANGE:0% UP:0% SPREAD:0.10905125% BID:9.17 ASK:9.18 MID:9.175 P1:9.175 P2:9.175 P3:9.175 P4:9.175 STATE:IDLE
[2026-05-01T05:45:55+02:00] CHK MOM:0% RANGE:0% UP:0% SPREAD:0.10905125% BID:9.17 ASK:9.18 MID:9.175 P1:9.175 P2:9.175 P3:9.175 P4:9.175 STATE:IDLE
[2026-05-01T05:45:56+02:00] CHK MOM:0% RANGE:0% UP:0% SPREAD:0.10905125% BID:9.17 ASK:9.18 MID:9.175 P1:9.175 P2:9.175 P3:9.175 P4:9.175 STATE:IDLE
[2026-05-01T05:45:57+02:00] CHK MOM:0% RANGE:0% UP:0% SPREAD:0.10905125% BID:9.17 ASK:9.18 MID:9.175 P1:9.175 P2:9.175 P3:9.175 P4:9.175 STATE:IDLE
[2026-05-01T05:45:57+02:00] CHK MOM:0% RANGE:0% UP:0% SPREAD:0.10905125% BID:9.17 ASK:9.18 MID:9.175 P1:9.175 P2:9.175 P3:9.175 P4:9.175 STATE:IDLE
[2026-05-01T05:45:58+02:00] CHK MOM:0% RANGE:0% UP:0% SPREAD:0.10905125% BID:9.17 ASK:9.18 MID:9.175 P1:9.175 P2:9.175 P3:9.175 P4:9.175 STATE:IDLE
[2026-05-01T05:45:58+02:00] CHK MOM:0% RANGE:0% UP:0% SPREAD:0.10905125% BID:9.17 ASK:9.18 MID:9.175 P1:9.175 P2:9.175 P3:9.175 P4:9.175 STATE:IDLE
[2026-05-01T05:45:59+02:00] CHK MOM:0% RANGE:0% UP:0% SPREAD:0.10905125% BID:9.17 ASK:9.18 MID:9.175 P1:9.175 P2:9.175 P3:9.175 P4:9.175 STATE:IDLE
[2026-05-01T05:45:59+02:00] CHK MOM:0% RANGE:0% UP:0% SPREAD:0.10905125% BID:9.17 ASK:9.18 MID:9.175 P1:9.175 P2:9.175 P3:9.175 P4:9.175 STATE:IDLE
[2026-05-01T05:46:00+02:00] CHK MOM:0% RANGE:0% UP:0% SPREAD:0.10905125% BID:9.17 ASK:9.18 MID:9.175 P1:9.175 P2:9.175 P3:9.175 P4:9.175 STATE:IDLE
[2026-05-01T05:46:00+02:00] CHK MOM:0% RANGE:0% UP:0% SPREAD:0.10905125% BID:9.17 ASK:9.18 MID:9.175 P1:9.175 P2:9.175 P3:9.175 P4:9.175 STATE:IDLE
[2026-05-01T05:46:01+02:00] CHK MOM:0% RANGE:0% UP:0% SPREAD:0.10905125% BID:9.17 ASK:9.18 MID:9.175 P1:9.175 P2:9.175 P3:9.175 P4:9.175 STATE:IDLE
[2026-05-01T05:46:02+02:00] CHK MOM:0% RANGE:0% UP:0% SPREAD:0.10905125% BID:9.17 ASK:9.18 MID:9.175 P1:9.175 P2:9.175 P3:9.175 P4:9.175 STATE:IDLE
[2026-05-01T05:46:02+02:00] CHK MOM:0% RANGE:0% UP:0% SPREAD:0.10905125% BID:9.17 ASK:9.18 MID:9.175 P1:9.175 P2:9.175 P3:9.175 P4:9.175 STATE:IDLE
[2026-05-01T05:46:03+02:00] CHK MOM:0% RANGE:0% UP:0% SPREAD:0.10905125% BID:9.17 ASK:9.18 MID:9.175 P1:9.175 P2:9.175 P3:9.175 P4:9.175 STATE:IDLE
[2026-05-01T05:46:03+02:00] CHK MOM:0% RANGE:0% UP:0% SPREAD:0.10905125% BID:9.17 ASK:9.18 MID:9.175 P1:9.175 P2:9.175 P3:9.175 P4:9.175 STATE:IDLE
[2026-05-01T05:46:04+02:00] CHK MOM:0% RANGE:0% UP:0% SPREAD:0.10905125% BID:9.17 ASK:9.18 MID:9.175 P1:9.175 P2:9.175 P3:9.175 P4:9.175 STATE:IDLE
[2026-05-01T05:46:04+02:00] CHK MOM:0% RANGE:0% UP:0% SPREAD:0.10905125% BID:9.17 ASK:9.18 MID:9.175 P1:9.175 P2:9.175 P3:9.175 P4:9.175 STATE:IDLE
[2026-05-01T05:46:05+02:00] CHK MOM:0% RANGE:0% UP:0% SPREAD:0.10905125% BID:9.17 ASK:9.18 MID:9.175 P1:9.175 P2:9.175 P3:9.175 P4:9.175 STATE:IDLE
[2026-05-01T05:46:05+02:00] CHK MOM:0% RANGE:0% UP:0% SPREAD:0.10905125% BID:9.17 ASK:9.18 MID:9.175 P1:9.175 P2:9.175 P3:9.175 P4:9.175 STATE:IDLE
[2026-05-01T05:46:06+02:00] CHK MOM:0% RANGE:0% UP:0% SPREAD:0.10905125% BID:9.17 ASK:9.18 MID:9.175 P1:9.175 P2:9.175 P3:9.175 P4:9.175 STATE:IDLE
[2026-05-01T05:46:06+02:00] CHK MOM:0% RANGE:0% UP:0% SPREAD:0.10905125% BID:9.17 ASK:9.18 MID:9.175 P1:9.175 P2:9.175 P3:9.175 P4:9.175 STATE:IDLE
[2026-05-01T05:46:07+02:00] CHK MOM:0% RANGE:0% UP:0% SPREAD:0.10905125% BID:9.17 ASK:9.18 MID:9.175 P1:9.175 P2:9.175 P3:9.175 P4:9.175 STATE:IDLE
[2026-05-01T05:46:08+02:00] CHK MOM:0% RANGE:0% UP:0% SPREAD:0.10905125% BID:9.17 ASK:9.18 MID:9.175 P1:9.175 P2:9.175 P3:9.175 P4:9.175 STATE:IDLE
[2026-05-01T05:46:08+02:00] CHK MOM:0% RANGE:0% UP:0% SPREAD:0.10905125% BID:9.17 ASK:9.18 MID:9.175 P1:9.175 P2:9.175 P3:9.175 P4:9.175 STATE:IDLE
[2026-05-01T05:46:09+02:00] CHK MOM:0% RANGE:0% UP:0% SPREAD:0.10905125% BID:9.17 ASK:9.18 MID:9.175 P1:9.175 P2:9.175 P3:9.175 P4:9.175 STATE:IDLE
[2026-05-01T05:46:09+02:00] CHK MOM:0% RANGE:0% UP:0% SPREAD:0.10905125% BID:9.17 ASK:9.18 MID:9.175 P1:9.175 P2:9.175 P3:9.175 P4:9.175 STATE:IDLE
[2026-05-01T05:46:10+02:00] CHK MOM:0% RANGE:0% UP:0% SPREAD:0.10905125% BID:9.17 ASK:9.18 MID:9.175 P1:9.175 P2:9.175 P3:9.175 P4:9.175 STATE:IDLE
[2026-05-01T05:46:10+02:00] CHK MOM:0% RANGE:0% UP:0% SPREAD:0.10905125% BID:9.17 ASK:9.18 MID:9.175 P1:9.175 P2:9.175 P3:9.175 P4:9.175 STATE:IDLE
[2026-05-01T05:46:13+02:00] CHK MOM:0% RANGE:0% UP:0% SPREAD:0.10905125% BID:9.17 ASK:9.18 MID:9.175 P1:9.175 P2:9.175 P3:9.175 P4:9.175 STATE:IDLE
[2026-05-01T05:46:13+02:00] CHK MOM:0% RANGE:0% UP:0% SPREAD:0.10905125% BID:9.17 ASK:9.18 MID:9.175 P1:9.175 P2:9.175 P3:9.175 P4:9.175 STATE:IDLE
[2026-05-01T05:46:14+02:00] CHK MOM:-0.1% RANGE:0.1% UP:0% SPREAD:0.1091703% BID:9.16 ASK:9.17 MID:9.165 P1:9.165 P2:9.175 P3:9.175 P4:9.175 STATE:IDLE
[2026-05-01T05:46:14+02:00] CHK MOM:-0.1% RANGE:0.1% UP:0% SPREAD:0.1091703% BID:9.16 ASK:9.17 MID:9.165 P1:9.165 P2:9.165 P3:9.175 P4:9.175 STATE:IDLE
[2026-05-01T05:46:15+02:00] CHK MOM:-0.1% RANGE:0.1% UP:0% SPREAD:0.1091703% BID:9.16 ASK:9.17 MID:9.165 P1:9.165 P2:9.165 P3:9.165 P4:9.175 STATE:IDLE
[2026-05-01T05:46:15+02:00] CHK MOM:-0.1% RANGE:0.1% UP:0% SPREAD:0.1091703% BID:9.16 ASK:9.17 MID:9.165 P1:9.165 P2:9.165 P3:9.165 P4:9.175 STATE:IDLE
[2026-05-01T05:46:16+02:00] CHK MOM:-0.1% RANGE:0.1% UP:0% SPREAD:0.1091703% BID:9.16 ASK:9.17 MID:9.165 P1:9.165 P2:9.165 P3:9.165 P4:9.175 STATE:IDLE
[2026-05-01T05:46:16+02:00] CHK MOM:-0.1% RANGE:0.1% UP:0% SPREAD:0.1091703% BID:9.16 ASK:9.17 MID:9.165 P1:9.165 P2:9.165 P3:9.165 P4:9.175 STATE:IDLE
[2026-05-01T05:46:17+02:00] CHK MOM:-0.1% RANGE:0.1% UP:0% SPREAD:0.1091703% BID:9.16 ASK:9.17 MID:9.165 P1:9.165 P2:9.165 P3:9.165 P4:9.165 STATE:IDLE
[2026-05-01T05:46:17+02:00] CHK MOM:-0.1% RANGE:0.1% UP:0% SPREAD:0.1091703% BID:9.16 ASK:9.17 MID:9.165 P1:9.165 P2:9.165 P3:9.165 P4:9.165 STATE:IDLE
[2026-05-01T05:46:18+02:00] CHK MOM:-0.1% RANGE:0.1% UP:0% SPREAD:0.1091703% BID:9.16 ASK:9.17 MID:9.165 P1:9.165 P2:9.165 P3:9.165 P4:9.165 STATE:IDLE
[2026-05-01T05:46:19+02:00] CHK MOM:-0.1% RANGE:0.1% UP:0% SPREAD:0.1091703% BID:9.16 ASK:9.17 MID:9.165 P1:9.165 P2:9.165 P3:9.165 P4:9.165 STATE:IDLE
[2026-05-01T05:46:19+02:00] CHK MOM:-0.1% RANGE:0.1% UP:0% SPREAD:0.1091703% BID:9.16 ASK:9.17 MID:9.165 P1:9.165 P2:9.165 P3:9.165 P4:9.165 STATE:IDLE
[2026-05-01T05:46:20+02:00] CHK MOM:-0.1% RANGE:0.1% UP:0% SPREAD:0.1091703% BID:9.16 ASK:9.17 MID:9.165 P1:9.165 P2:9.165 P3:9.165 P4:9.165 STATE:IDLE
[2026-05-01T05:46:20+02:00] CHK MOM:-0.1% RANGE:0.1% UP:0% SPREAD:0.1091703% BID:9.16 ASK:9.17 MID:9.165 P1:9.165 P2:9.165 P3:9.165 P4:9.165 STATE:IDLE
[2026-05-01T05:46:21+02:00] CHK MOM:-0.1% RANGE:0.1% UP:0% SPREAD:0.1091703% BID:9.16 ASK:9.17 MID:9.165 P1:9.165 P2:9.165 P3:9.165 P4:9.165 STATE:IDLE
[2026-05-01T05:46:21+02:00] CHK MOM:-0.1% RANGE:0.1% UP:0% SPREAD:0.1091703% BID:9.16 ASK:9.17 MID:9.165 P1:9.165 P2:9.165 P3:9.165 P4:9.165 STATE:IDLE
[2026-05-01T05:46:24+02:00] CHK MOM:-0.1% RANGE:0.1% UP:0% SPREAD:0.1091703% BID:9.16 ASK:9.17 MID:9.165 P1:9.165 P2:9.165 P3:9.165 P4:9.165 STATE:IDLE
[2026-05-01T05:46:24+02:00] CHK MOM:-0.1% RANGE:0.1% UP:0% SPREAD:0.1091703% BID:9.16 ASK:9.17 MID:9.165 P1:9.165 P2:9.165 P3:9.165 P4:9.165 STATE:IDLE
[2026-05-01T05:46:25+02:00] CHK MOM:-0.1% RANGE:0.1% UP:0% SPREAD:0.1091703% BID:9.16 ASK:9.17 MID:9.165 P1:9.165 P2:9.165 P3:9.165 P4:9.165 STATE:IDLE
[2026-05-01T05:46:25+02:00] CHK MOM:-0.1% RANGE:0.1% UP:0% SPREAD:0.1091703% BID:9.16 ASK:9.17 MID:9.165 P1:9.165 P2:9.165 P3:9.165 P4:9.165 STATE:IDLE
[2026-05-01T05:46:26+02:00] CHK MOM:-0.1% RANGE:0.1% UP:0% SPREAD:0.1091703% BID:9.16 ASK:9.17 MID:9.165 P1:9.165 P2:9.165 P3:9.165 P4:9.165 STATE:IDLE
[2026-05-01T05:46:26+02:00] CHK MOM:-0.1% RANGE:0.1% UP:0% SPREAD:0.1091703% BID:9.16 ASK:9.17 MID:9.165 P1:9.165 P2:9.165 P3:9.165 P4:9.165 STATE:IDLE
[2026-05-01T05:46:27+02:00] CHK MOM:-0.1% RANGE:0.1% UP:0% SPREAD:0.1091703% BID:9.16 ASK:9.17 MID:9.165 P1:9.165 P2:9.165 P3:9.165 P4:9.165 STATE:IDLE
[2026-05-01T05:46:27+02:00] CHK MOM:-0.1% RANGE:0.1% UP:0% SPREAD:0.1091703% BID:9.16 ASK:9.17 MID:9.165 P1:9.165 P2:9.165 P3:9.165 P4:9.165 STATE:IDLE
[2026-05-01T05:46:28+02:00] CHK MOM:-0.1% RANGE:0.1% UP:0% SPREAD:0.1091703% BID:9.16 ASK:9.17 MID:9.165 P1:9.165 P2:9.165 P3:9.165 P4:9.165 STATE:IDLE
[2026-05-01T05:46:28+02:00] CHK MOM:-0.1% RANGE:0.1% UP:0% SPREAD:0.1091703% BID:9.16 ASK:9.17 MID:9.165 P1:9.165 P2:9.165 P3:9.165 P4:9.165 STATE:IDLE
[2026-05-01T05:46:29+02:00] CHK MOM:-0.1% RANGE:0.1% UP:0% SPREAD:0.1091703% BID:9.16 ASK:9.17 MID:9.165 P1:9.165 P2:9.165 P3:9.165 P4:9.165 STATE:IDLE
[2026-05-01T05:46:30+02:00] CHK MOM:-0.1% RANGE:0.1% UP:0% SPREAD:0.1091703% BID:9.16 ASK:9.17 MID:9.165 P1:9.165 P2:9.165 P3:9.165 P4:9.165 STATE:IDLE
[2026-05-01T05:46:35+02:00] CHK MOM:0.1% RANGE:0.1% UP:16.66% SPREAD:0.10905125% BID:9.17 ASK:9.18 MID:9.175 P1:9.175 P2:9.165 P3:9.165 P4:9.165 STATE:IDLE
