[2026-05-01T04:51:04+02:00] SESSION_START symbol=SOLUSDC dry_run=1 profile=major strategy=momentum base_url=https://api.binance.com
[2026-05-01T04:51:04+02:00] TOXIC_MEMORY_LOADED count=17 symbols=0GUSDC,AAVEUSDC,CFGUSDC,DASHUSDC,ENJUSDC,FETUSDC,GIGGLEUSDC,GUNUSDC,HBARUSDC,KITEUSDC
[2026-05-01T04:51:06+02:00] CHK MOM:0% RANGE:0% UP:0% SPREAD:0.01193032% BID:83.82 ASK:83.83 MID:83.82499999 P1:83.82499999 P2:NA P3:NA P4:NA STATE:IDLE
[2026-05-01T04:51:06+02:00] CHK MOM:0.01% RANGE:0.01% UP:100% SPREAD:0.0119289% BID:83.83 ASK:83.84 MID:83.835 P1:83.835 P2:83.82499999 P3:NA P4:NA STATE:IDLE
[2026-05-01T04:51:07+02:00] CHK MOM:0.01% RANGE:0.01% UP:50% SPREAD:0.0119289% BID:83.83 ASK:83.84 MID:83.835 P1:83.835 P2:83.835 P3:83.82499999 P4:NA STATE:IDLE
[2026-05-01T04:51:07+02:00] CHK MOM:0.01% RANGE:0.01% UP:33.33% SPREAD:0.0119289% BID:83.83 ASK:83.84 MID:83.835 P1:83.835 P2:83.835 P3:83.835 P4:83.82499999 STATE:IDLE
[2026-05-01T04:51:08+02:00] CHK MOM:0.01% RANGE:0.01% UP:25% SPREAD:0.0119289% BID:83.83 ASK:83.84 MID:83.835 P1:83.835 P2:83.835 P3:83.835 P4:83.835 STATE:IDLE
[2026-05-01T04:51:08+02:00] CHK MOM:0.01% RANGE:0.01% UP:20% SPREAD:0.0119289% BID:83.83 ASK:83.84 MID:83.835 P1:83.835 P2:83.835 P3:83.835 P4:83.835 STATE:IDLE
[2026-05-01T04:51:09+02:00] CHK MOM:0.01% RANGE:0.01% UP:16.66% SPREAD:0.0119289% BID:83.83 ASK:83.84 MID:83.835 P1:83.835 P2:83.835 P3:83.835 P4:83.835 STATE:IDLE
[2026-05-01T04:51:09+02:00] CHK MOM:0.01% RANGE:0.01% UP:16.66% SPREAD:0.0119289% BID:83.83 ASK:83.84 MID:83.835 P1:83.835 P2:83.835 P3:83.835 P4:83.835 STATE:IDLE
[2026-05-01T04:51:10+02:00] CHK MOM:0.01% RANGE:0.01% UP:14.28% SPREAD:0.0119289% BID:83.83 ASK:83.84 MID:83.835 P1:83.835 P2:83.835 P3:83.835 P4:83.835 STATE:IDLE
[2026-05-01T04:51:10+02:00] CHK MOM:0.01% RANGE:0.01% UP:14.28% SPREAD:0.0119289% BID:83.83 ASK:83.84 MID:83.835 P1:83.835 P2:83.835 P3:83.835 P4:83.835 STATE:IDLE
[2026-05-01T04:51:11+02:00] CHK MOM:0.01% RANGE:0.01% UP:12.5% SPREAD:0.0119289% BID:83.83 ASK:83.84 MID:83.835 P1:83.835 P2:83.835 P3:83.835 P4:83.835 STATE:IDLE
[2026-05-01T04:51:12+02:00] CHK MOM:0.01% RANGE:0.01% UP:11.11% SPREAD:0.0119289% BID:83.83 ASK:83.84 MID:83.835 P1:83.835 P2:83.835 P3:83.835 P4:83.835 STATE:IDLE
[2026-05-01T04:51:12+02:00] CHK MOM:0% RANGE:0.01% UP:10% SPREAD:0.01193032% BID:83.82 ASK:83.83 MID:83.82499999 P1:83.82499999 P2:83.835 P3:83.835 P4:83.835 STATE:IDLE
[2026-05-01T04:51:13+02:00] CHK MOM:0% RANGE:0.01% UP:9.09% SPREAD:0.01193032% BID:83.82 ASK:83.83 MID:83.82499999 P1:83.82499999 P2:83.82499999 P3:83.835 P4:83.835 STATE:IDLE
[2026-05-01T04:51:13+02:00] CHK MOM:0% RANGE:0.01% UP:9.09% SPREAD:0.01193032% BID:83.82 ASK:83.83 MID:83.82499999 P1:83.82499999 P2:83.82499999 P3:83.835 P4:83.835 STATE:IDLE
[2026-05-01T04:51:14+02:00] CHK MOM:0% RANGE:0.01% UP:8.33% SPREAD:0.01193032% BID:83.82 ASK:83.83 MID:83.82499999 P1:83.82499999 P2:83.82499999 P3:83.82499999 P4:83.835 STATE:IDLE
[2026-05-01T04:51:14+02:00] CHK MOM:0% RANGE:0.01% UP:7.69% SPREAD:0.01193032% BID:83.82 ASK:83.83 MID:83.82499999 P1:83.82499999 P2:83.82499999 P3:83.82499999 P4:83.82499999 STATE:IDLE
[2026-05-01T04:51:15+02:00] CHK MOM:0% RANGE:0.01% UP:7.69% SPREAD:0.01193032% BID:83.82 ASK:83.83 MID:83.82499999 P1:83.82499999 P2:83.82499999 P3:83.82499999 P4:83.82499999 STATE:IDLE
[2026-05-01T04:51:15+02:00] CHK MOM:0% RANGE:0.01% UP:7.69% SPREAD:0.01193032% BID:83.82 ASK:83.83 MID:83.82499999 P1:83.82499999 P2:83.82499999 P3:83.82499999 P4:83.82499999 STATE:IDLE
[2026-05-01T04:51:16+02:00] CHK MOM:0% RANGE:0.01% UP:7.69% SPREAD:0.01193032% BID:83.82 ASK:83.83 MID:83.82499999 P1:83.82499999 P2:83.82499999 P3:83.82499999 P4:83.82499999 STATE:IDLE
[2026-05-01T04:51:17+02:00] CHK MOM:0% RANGE:0.01% UP:7.69% SPREAD:0.01193032% BID:83.82 ASK:83.83 MID:83.82499999 P1:83.82499999 P2:83.82499999 P3:83.82499999 P4:83.82499999 STATE:IDLE
[2026-05-01T04:51:20+02:00] CHK MOM:0% RANGE:0.01% UP:7.14% SPREAD:0.01193032% BID:83.82 ASK:83.83 MID:83.82499999 P1:83.82499999 P2:83.82499999 P3:83.82499999 P4:83.82499999 STATE:IDLE
[2026-05-01T04:51:20+02:00] CHK MOM:0% RANGE:0.01% UP:7.14% SPREAD:0.01193032% BID:83.82 ASK:83.83 MID:83.82499999 P1:83.82499999 P2:83.82499999 P3:83.82499999 P4:83.82499999 STATE:IDLE
[2026-05-01T04:51:21+02:00] CHK MOM:0% RANGE:0.01% UP:7.14% SPREAD:0.01193032% BID:83.82 ASK:83.83 MID:83.82499999 P1:83.82499999 P2:83.82499999 P3:83.82499999 P4:83.82499999 STATE:IDLE
[2026-05-01T04:51:21+02:00] CHK MOM:0% RANGE:0.01% UP:6.66% SPREAD:0.01193032% BID:83.82 ASK:83.83 MID:83.82499999 P1:83.82499999 P2:83.82499999 P3:83.82499999 P4:83.82499999 STATE:IDLE
[2026-05-01T04:51:22+02:00] CHK MOM:-0.01% RANGE:0.01% UP:0% SPREAD:0.01193032% BID:83.82 ASK:83.83 MID:83.82499999 P1:83.82499999 P2:83.82499999 P3:83.82499999 P4:83.82499999 STATE:IDLE
[2026-05-01T04:51:23+02:00] CHK MOM:-0.01% RANGE:0.01% UP:0% SPREAD:0.01193032% BID:83.82 ASK:83.83 MID:83.82499999 P1:83.82499999 P2:83.82499999 P3:83.82499999 P4:83.82499999 STATE:IDLE
[2026-05-01T04:51:23+02:00] CHK MOM:-0.01% RANGE:0.01% UP:0% SPREAD:0.01193032% BID:83.82 ASK:83.83 MID:83.82499999 P1:83.82499999 P2:83.82499999 P3:83.82499999 P4:83.82499999 STATE:IDLE
[2026-05-01T04:51:24+02:00] CHK MOM:-0.01% RANGE:0.01% UP:0% SPREAD:0.01193032% BID:83.82 ASK:83.83 MID:83.82499999 P1:83.82499999 P2:83.82499999 P3:83.82499999 P4:83.82499999 STATE:IDLE
[2026-05-01T04:51:24+02:00] CHK MOM:-0.01% RANGE:0.01% UP:0% SPREAD:0.01193032% BID:83.82 ASK:83.83 MID:83.82499999 P1:83.82499999 P2:83.82499999 P3:83.82499999 P4:83.82499999 STATE:IDLE
[2026-05-01T04:51:25+02:00] CHK MOM:-0.01% RANGE:0.01% UP:0% SPREAD:0.01193032% BID:83.82 ASK:83.83 MID:83.82499999 P1:83.82499999 P2:83.82499999 P3:83.82499999 P4:83.82499999 STATE:IDLE
[2026-05-01T04:51:25+02:00] CHK MOM:-0.01% RANGE:0.01% UP:0% SPREAD:0.01193032% BID:83.82 ASK:83.83 MID:83.82499999 P1:83.82499999 P2:83.82499999 P3:83.82499999 P4:83.82499999 STATE:IDLE
[2026-05-01T04:51:26+02:00] CHK MOM:0% RANGE:0.01% UP:8.33% SPREAD:0.0119289% BID:83.83 ASK:83.84 MID:83.835 P1:83.835 P2:83.82499999 P3:83.82499999 P4:83.82499999 STATE:IDLE
[2026-05-01T04:51:26+02:00] CHK MOM:0% RANGE:0.01% UP:8.33% SPREAD:0.0119289% BID:83.83 ASK:83.84 MID:83.835 P1:83.835 P2:83.82499999 P3:83.82499999 P4:83.82499999 STATE:IDLE
[2026-05-01T04:51:27+02:00] CHK MOM:0% RANGE:0.01% UP:7.69% SPREAD:0.0119289% BID:83.83 ASK:83.84 MID:83.835 P1:83.835 P2:83.835 P3:83.82499999 P4:83.82499999 STATE:IDLE
[2026-05-01T04:51:28+02:00] CHK MOM:0% RANGE:0.01% UP:7.69% SPREAD:0.0119289% BID:83.83 ASK:83.84 MID:83.835 P1:83.835 P2:83.835 P3:83.835 P4:83.82499999 STATE:IDLE
[2026-05-01T04:51:28+02:00] CHK MOM:0% RANGE:0.01% UP:7.69% SPREAD:0.01193032% BID:83.82 ASK:83.83 MID:83.82499999 P1:83.82499999 P2:83.835 P3:83.835 P4:83.835 STATE:IDLE
[2026-05-01T04:51:29+02:00] CHK MOM:0% RANGE:0.01% UP:7.69% SPREAD:0.01193032% BID:83.82 ASK:83.83 MID:83.82499999 P1:83.82499999 P2:83.82499999 P3:83.835 P4:83.835 STATE:IDLE
[2026-05-01T04:51:29+02:00] CHK MOM:0% RANGE:0.01% UP:7.69% SPREAD:0.01193032% BID:83.82 ASK:83.83 MID:83.82499999 P1:83.82499999 P2:83.82499999 P3:83.82499999 P4:83.835 STATE:IDLE
[2026-05-01T04:51:30+02:00] CHK MOM:0% RANGE:0.01% UP:7.14% SPREAD:0.01193032% BID:83.82 ASK:83.83 MID:83.82499999 P1:83.82499999 P2:83.82499999 P3:83.82499999 P4:83.82499999 STATE:IDLE
[2026-05-01T04:51:30+02:00] CHK MOM:0% RANGE:0.01% UP:7.14% SPREAD:0.01193032% BID:83.82 ASK:83.83 MID:83.82499999 P1:83.82499999 P2:83.82499999 P3:83.82499999 P4:83.82499999 STATE:IDLE
[2026-05-01T04:51:31+02:00] CHK MOM:0% RANGE:0.01% UP:7.14% SPREAD:0.01193032% BID:83.82 ASK:83.83 MID:83.82499999 P1:83.82499999 P2:83.82499999 P3:83.82499999 P4:83.82499999 STATE:IDLE
[2026-05-01T04:51:31+02:00] CHK MOM:0% RANGE:0.01% UP:7.14% SPREAD:0.01193032% BID:83.82 ASK:83.83 MID:83.82499999 P1:83.82499999 P2:83.82499999 P3:83.82499999 P4:83.82499999 STATE:IDLE
[2026-05-01T04:51:32+02:00] CHK MOM:0% RANGE:0.01% UP:7.14% SPREAD:0.01193032% BID:83.82 ASK:83.83 MID:83.82499999 P1:83.82499999 P2:83.82499999 P3:83.82499999 P4:83.82499999 STATE:IDLE
[2026-05-01T04:51:32+02:00] CHK MOM:0% RANGE:0.01% UP:7.14% SPREAD:0.01193032% BID:83.82 ASK:83.83 MID:83.82499999 P1:83.82499999 P2:83.82499999 P3:83.82499999 P4:83.82499999 STATE:IDLE
[2026-05-01T04:51:33+02:00] CHK MOM:0% RANGE:0.01% UP:7.14% SPREAD:0.01193032% BID:83.82 ASK:83.83 MID:83.82499999 P1:83.82499999 P2:83.82499999 P3:83.82499999 P4:83.82499999 STATE:IDLE
[2026-05-01T04:51:34+02:00] CHK MOM:0% RANGE:0.01% UP:7.14% SPREAD:0.01193032% BID:83.82 ASK:83.83 MID:83.82499999 P1:83.82499999 P2:83.82499999 P3:83.82499999 P4:83.82499999 STATE:IDLE
[2026-05-01T04:51:34+02:00] CHK MOM:0% RANGE:0.01% UP:7.14% SPREAD:0.01193032% BID:83.82 ASK:83.83 MID:83.82499999 P1:83.82499999 P2:83.82499999 P3:83.82499999 P4:83.82499999 STATE:IDLE
[2026-05-01T04:51:35+02:00] CHK MOM:0% RANGE:0.01% UP:7.14% SPREAD:0.01193032% BID:83.82 ASK:83.83 MID:83.82499999 P1:83.82499999 P2:83.82499999 P3:83.82499999 P4:83.82499999 STATE:IDLE
[2026-05-01T04:51:35+02:00] CHK MOM:0% RANGE:0.01% UP:7.14% SPREAD:0.01193032% BID:83.82 ASK:83.83 MID:83.82499999 P1:83.82499999 P2:83.82499999 P3:83.82499999 P4:83.82499999 STATE:IDLE
[2026-05-01T04:51:36+02:00] CHK MOM:0% RANGE:0.01% UP:7.14% SPREAD:0.01193032% BID:83.82 ASK:83.83 MID:83.82499999 P1:83.82499999 P2:83.82499999 P3:83.82499999 P4:83.82499999 STATE:IDLE
[2026-05-01T04:51:36+02:00] CHK MOM:0% RANGE:0.01% UP:7.14% SPREAD:0.01193032% BID:83.82 ASK:83.83 MID:83.82499999 P1:83.82499999 P2:83.82499999 P3:83.82499999 P4:83.82499999 STATE:IDLE
[2026-05-01T04:51:37+02:00] CHK MOM:0% RANGE:0.01% UP:7.14% SPREAD:0.01193032% BID:83.82 ASK:83.83 MID:83.82499999 P1:83.82499999 P2:83.82499999 P3:83.82499999 P4:83.82499999 STATE:IDLE
[2026-05-01T04:51:37+02:00] CHK MOM:0% RANGE:0.01% UP:7.14% SPREAD:0.01193032% BID:83.82 ASK:83.83 MID:83.82499999 P1:83.82499999 P2:83.82499999 P3:83.82499999 P4:83.82499999 STATE:IDLE
[2026-05-01T04:51:38+02:00] CHK MOM:0% RANGE:0.01% UP:7.14% SPREAD:0.01193032% BID:83.82 ASK:83.83 MID:83.82499999 P1:83.82499999 P2:83.82499999 P3:83.82499999 P4:83.82499999 STATE:IDLE
[2026-05-01T04:51:39+02:00] CHK MOM:0% RANGE:0.01% UP:7.69% SPREAD:0.01193032% BID:83.82 ASK:83.83 MID:83.82499999 P1:83.82499999 P2:83.82499999 P3:83.82499999 P4:83.82499999 STATE:IDLE
[2026-05-01T04:51:39+02:00] CHK MOM:0.01% RANGE:0.01% UP:15.38% SPREAD:0.0119289% BID:83.83 ASK:83.84 MID:83.835 P1:83.835 P2:83.82499999 P3:83.82499999 P4:83.82499999 STATE:IDLE
[2026-05-01T04:51:40+02:00] CHK MOM:0% RANGE:0.01% UP:14.28% SPREAD:0.01193032% BID:83.82 ASK:83.83 MID:83.82499999 P1:83.82499999 P2:83.835 P3:83.82499999 P4:83.82499999 STATE:IDLE
[2026-05-01T04:51:40+02:00] CHK MOM:0% RANGE:0.01% UP:13.33% SPREAD:0.01193032% BID:83.82 ASK:83.83 MID:83.82499999 P1:83.82499999 P2:83.82499999 P3:83.835 P4:83.82499999 STATE:IDLE
[2026-05-01T04:51:41+02:00] CHK MOM:0% RANGE:0.01% UP:12.5% SPREAD:0.01193032% BID:83.82 ASK:83.83 MID:83.82499999 P1:83.82499999 P2:83.82499999 P3:83.82499999 P4:83.835 STATE:IDLE
[2026-05-01T04:51:41+02:00] CHK MOM:0% RANGE:0.01% UP:12.5% SPREAD:0.01193032% BID:83.82 ASK:83.83 MID:83.82499999 P1:83.82499999 P2:83.82499999 P3:83.82499999 P4:83.835 STATE:IDLE
[2026-05-01T04:51:42+02:00] CHK MOM:0% RANGE:0.01% UP:12.5% SPREAD:0.01193032% BID:83.82 ASK:83.83 MID:83.82499999 P1:83.82499999 P2:83.82499999 P3:83.82499999 P4:83.835 STATE:IDLE
[2026-05-01T04:51:42+02:00] CHK MOM:-0.01% RANGE:0.01% UP:7.14% SPREAD:0.01193032% BID:83.82 ASK:83.83 MID:83.82499999 P1:83.82499999 P2:83.82499999 P3:83.82499999 P4:83.82499999 STATE:IDLE
[2026-05-01T04:51:43+02:00] CHK MOM:-0.01% RANGE:0.01% UP:7.14% SPREAD:0.01193032% BID:83.82 ASK:83.83 MID:83.82499999 P1:83.82499999 P2:83.82499999 P3:83.82499999 P4:83.82499999 STATE:IDLE
[2026-05-01T04:51:43+02:00] CHK MOM:0% RANGE:0.01% UP:7.14% SPREAD:0.01193032% BID:83.82 ASK:83.83 MID:83.82499999 P1:83.82499999 P2:83.82499999 P3:83.82499999 P4:83.82499999 STATE:IDLE
[2026-05-01T04:51:44+02:00] CHK MOM:0% RANGE:0.01% UP:7.14% SPREAD:0.01193032% BID:83.82 ASK:83.83 MID:83.82499999 P1:83.82499999 P2:83.82499999 P3:83.82499999 P4:83.82499999 STATE:IDLE
[2026-05-01T04:51:45+02:00] CHK MOM:0.01% RANGE:0.01% UP:15.38% SPREAD:0.0119289% BID:83.83 ASK:83.84 MID:83.835 P1:83.835 P2:83.82499999 P3:83.82499999 P4:83.82499999 STATE:IDLE
[2026-05-01T04:51:45+02:00] CHK MOM:0.01% RANGE:0.01% UP:14.28% SPREAD:0.0119289% BID:83.83 ASK:83.84 MID:83.835 P1:83.835 P2:83.835 P3:83.82499999 P4:83.82499999 STATE:IDLE
[2026-05-01T04:51:46+02:00] CHK MOM:0.01% RANGE:0.01% UP:15.38% SPREAD:0.0119289% BID:83.83 ASK:83.84 MID:83.835 P1:83.835 P2:83.835 P3:83.835 P4:83.82499999 STATE:IDLE
[2026-05-01T04:51:46+02:00] CHK MOM:0.01% RANGE:0.01% UP:15.38% SPREAD:0.0119289% BID:83.83 ASK:83.84 MID:83.835 P1:83.835 P2:83.835 P3:83.835 P4:83.835 STATE:IDLE
[2026-05-01T04:51:47+02:00] CHK MOM:0.01% RANGE:0.01% UP:14.28% SPREAD:0.0119289% BID:83.83 ASK:83.84 MID:83.835 P1:83.835 P2:83.835 P3:83.835 P4:83.835 STATE:IDLE
[2026-05-01T04:51:47+02:00] CHK MOM:0.01% RANGE:0.01% UP:13.33% SPREAD:0.0119289% BID:83.83 ASK:83.84 MID:83.835 P1:83.835 P2:83.835 P3:83.835 P4:83.835 STATE:IDLE
[2026-05-01T04:51:48+02:00] CHK MOM:0.01% RANGE:0.01% UP:12.5% SPREAD:0.0119289% BID:83.83 ASK:83.84 MID:83.835 P1:83.835 P2:83.835 P3:83.835 P4:83.835 STATE:IDLE
[2026-05-01T04:51:48+02:00] CHK MOM:0.01% RANGE:0.01% UP:11.76% SPREAD:0.0119289% BID:83.83 ASK:83.84 MID:83.835 P1:83.835 P2:83.835 P3:83.835 P4:83.835 STATE:IDLE
[2026-05-01T04:51:49+02:00] CHK MOM:0.01% RANGE:0.01% UP:11.11% SPREAD:0.0119289% BID:83.83 ASK:83.84 MID:83.835 P1:83.835 P2:83.835 P3:83.835 P4:83.835 STATE:IDLE
[2026-05-01T04:51:50+02:00] CHK MOM:0.01% RANGE:0.01% UP:10.52% SPREAD:0.0119289% BID:83.83 ASK:83.84 MID:83.835 P1:83.835 P2:83.835 P3:83.835 P4:83.835 STATE:IDLE
[2026-05-01T04:51:50+02:00] CHK MOM:0.01% RANGE:0.01% UP:10.52% SPREAD:0.0119289% BID:83.83 ASK:83.84 MID:83.835 P1:83.835 P2:83.835 P3:83.835 P4:83.835 STATE:IDLE
[2026-05-01T04:51:51+02:00] CHK MOM:0.01% RANGE:0.01% UP:10% SPREAD:0.0119289% BID:83.83 ASK:83.84 MID:83.835 P1:83.835 P2:83.835 P3:83.835 P4:83.835 STATE:IDLE
[2026-05-01T04:51:51+02:00] CHK MOM:0.01% RANGE:0.01% UP:9.52% SPREAD:0.0119289% BID:83.83 ASK:83.84 MID:83.835 P1:83.835 P2:83.835 P3:83.835 P4:83.835 STATE:IDLE
[2026-05-01T04:51:52+02:00] CHK MOM:0.01% RANGE:0.01% UP:9.09% SPREAD:0.0119289% BID:83.83 ASK:83.84 MID:83.835 P1:83.835 P2:83.835 P3:83.835 P4:83.835 STATE:IDLE
[2026-05-01T04:51:52+02:00] CHK MOM:0.01% RANGE:0.01% UP:8.69% SPREAD:0.0119289% BID:83.83 ASK:83.84 MID:83.835 P1:83.835 P2:83.835 P3:83.835 P4:83.835 STATE:IDLE
[2026-05-01T04:51:53+02:00] CHK MOM:0.01% RANGE:0.01% UP:8.69% SPREAD:0.0119289% BID:83.83 ASK:83.84 MID:83.835 P1:83.835 P2:83.835 P3:83.835 P4:83.835 STATE:IDLE
[2026-05-01T04:51:53+02:00] CHK MOM:0.01% RANGE:0.01% UP:8.33% SPREAD:0.0119289% BID:83.83 ASK:83.84 MID:83.835 P1:83.835 P2:83.835 P3:83.835 P4:83.835 STATE:IDLE
[2026-05-01T04:51:54+02:00] CHK MOM:0.01% RANGE:0.01% UP:8% SPREAD:0.0119289% BID:83.83 ASK:83.84 MID:83.835 P1:83.835 P2:83.835 P3:83.835 P4:83.835 STATE:IDLE
[2026-05-01T04:51:54+02:00] CHK MOM:0% RANGE:0.01% UP:4% SPREAD:0.0119289% BID:83.83 ASK:83.84 MID:83.835 P1:83.835 P2:83.835 P3:83.835 P4:83.835 STATE:IDLE
[2026-05-01T04:51:55+02:00] CHK MOM:0% RANGE:0.01% UP:3.84% SPREAD:0.0119289% BID:83.83 ASK:83.84 MID:83.835 P1:83.835 P2:83.835 P3:83.835 P4:83.835 STATE:IDLE
[2026-05-01T04:51:56+02:00] CHK MOM:0.01% RANGE:0.01% UP:4% SPREAD:0.0119289% BID:83.83 ASK:83.84 MID:83.835 P1:83.835 P2:83.835 P3:83.835 P4:83.835 STATE:IDLE
[2026-05-01T04:51:56+02:00] CHK MOM:0.01% RANGE:0.01% UP:4% SPREAD:0.0119289% BID:83.83 ASK:83.84 MID:83.835 P1:83.835 P2:83.835 P3:83.835 P4:83.835 STATE:IDLE
[2026-05-01T04:51:57+02:00] CHK MOM:0.01% RANGE:0.01% UP:4% SPREAD:0.0119289% BID:83.83 ASK:83.84 MID:83.835 P1:83.835 P2:83.835 P3:83.835 P4:83.835 STATE:IDLE
[2026-05-01T04:51:57+02:00] CHK MOM:0% RANGE:0.01% UP:3.84% SPREAD:0.01193032% BID:83.82 ASK:83.83 MID:83.82499999 P1:83.82499999 P2:83.835 P3:83.835 P4:83.835 STATE:IDLE
[2026-05-01T04:51:58+02:00] CHK MOM:0% RANGE:0.01% UP:3.84% SPREAD:0.01193032% BID:83.82 ASK:83.83 MID:83.82499999 P1:83.82499999 P2:83.835 P3:83.835 P4:83.835 STATE:IDLE
[2026-05-01T04:51:58+02:00] CHK MOM:0% RANGE:0.01% UP:3.7% SPREAD:0.01193032% BID:83.82 ASK:83.83 MID:83.82499999 P1:83.82499999 P2:83.82499999 P3:83.835 P4:83.835 STATE:IDLE
[2026-05-01T04:51:59+02:00] CHK MOM:0% RANGE:0.01% UP:3.7% SPREAD:0.01193032% BID:83.82 ASK:83.83 MID:83.82499999 P1:83.82499999 P2:83.82499999 P3:83.82499999 P4:83.835 STATE:IDLE
[2026-05-01T04:51:59+02:00] CHK MOM:0% RANGE:0.01% UP:3.7% SPREAD:0.01193032% BID:83.82 ASK:83.83 MID:83.82499999 P1:83.82499999 P2:83.82499999 P3:83.82499999 P4:83.835 STATE:IDLE
[2026-05-01T04:52:00+02:00] CHK MOM:-0.01% RANGE:0.01% UP:0% SPREAD:0.01193032% BID:83.82 ASK:83.83 MID:83.82499999 P1:83.82499999 P2:83.82499999 P3:83.82499999 P4:83.82499999 STATE:IDLE
[2026-05-01T04:52:01+02:00] CHK MOM:-0.01% RANGE:0.01% UP:0% SPREAD:0.01193032% BID:83.82 ASK:83.83 MID:83.82499999 P1:83.82499999 P2:83.82499999 P3:83.82499999 P4:83.82499999 STATE:IDLE
[2026-05-01T04:52:01+02:00] CHK MOM:-0.01% RANGE:0.01% UP:0% SPREAD:0.01193032% BID:83.82 ASK:83.83 MID:83.82499999 P1:83.82499999 P2:83.82499999 P3:83.82499999 P4:83.82499999 STATE:IDLE
[2026-05-01T04:52:02+02:00] CHK MOM:-0.01% RANGE:0.01% UP:0% SPREAD:0.01193032% BID:83.82 ASK:83.83 MID:83.82499999 P1:83.82499999 P2:83.82499999 P3:83.82499999 P4:83.82499999 STATE:IDLE
[2026-05-01T04:52:02+02:00] CHK MOM:-0.01% RANGE:0.01% UP:0% SPREAD:0.01193032% BID:83.82 ASK:83.83 MID:83.82499999 P1:83.82499999 P2:83.82499999 P3:83.82499999 P4:83.82499999 STATE:IDLE
[2026-05-01T04:52:03+02:00] CHK MOM:-0.01% RANGE:0.01% UP:0% SPREAD:0.01193032% BID:83.82 ASK:83.83 MID:83.82499999 P1:83.82499999 P2:83.82499999 P3:83.82499999 P4:83.82499999 STATE:IDLE
[2026-05-01T04:52:03+02:00] CHK MOM:-0.01% RANGE:0.01% UP:0% SPREAD:0.01193032% BID:83.82 ASK:83.83 MID:83.82499999 P1:83.82499999 P2:83.82499999 P3:83.82499999 P4:83.82499999 STATE:IDLE
[2026-05-01T04:52:04+02:00] CHK MOM:-0.01% RANGE:0.01% UP:0% SPREAD:0.01193032% BID:83.82 ASK:83.83 MID:83.82499999 P1:83.82499999 P2:83.82499999 P3:83.82499999 P4:83.82499999 STATE:IDLE
[2026-05-01T04:52:04+02:00] CHK MOM:-0.01% RANGE:0.01% UP:0% SPREAD:0.01193032% BID:83.82 ASK:83.83 MID:83.82499999 P1:83.82499999 P2:83.82499999 P3:83.82499999 P4:83.82499999 STATE:IDLE
[2026-05-01T04:52:05+02:00] CHK MOM:-0.01% RANGE:0.01% UP:0% SPREAD:0.01193032% BID:83.82 ASK:83.83 MID:83.82499999 P1:83.82499999 P2:83.82499999 P3:83.82499999 P4:83.82499999 STATE:IDLE
[2026-05-01T04:52:05+02:00] CHK MOM:-0.01% RANGE:0.01% UP:0% SPREAD:0.01193032% BID:83.82 ASK:83.83 MID:83.82499999 P1:83.82499999 P2:83.82499999 P3:83.82499999 P4:83.82499999 STATE:IDLE
[2026-05-01T04:52:06+02:00] CHK MOM:-0.01% RANGE:0.01% UP:0% SPREAD:0.01193032% BID:83.82 ASK:83.83 MID:83.82499999 P1:83.82499999 P2:83.82499999 P3:83.82499999 P4:83.82499999 STATE:IDLE
[2026-05-01T04:52:07+02:00] CHK MOM:-0.01% RANGE:0.01% UP:0% SPREAD:0.01193032% BID:83.82 ASK:83.83 MID:83.82499999 P1:83.82499999 P2:83.82499999 P3:83.82499999 P4:83.82499999 STATE:IDLE
[2026-05-01T04:52:07+02:00] CHK MOM:-0.01% RANGE:0.01% UP:0% SPREAD:0.01193032% BID:83.82 ASK:83.83 MID:83.82499999 P1:83.82499999 P2:83.82499999 P3:83.82499999 P4:83.82499999 STATE:IDLE
[2026-05-01T04:52:08+02:00] CHK MOM:-0.01% RANGE:0.01% UP:0% SPREAD:0.01193032% BID:83.82 ASK:83.83 MID:83.82499999 P1:83.82499999 P2:83.82499999 P3:83.82499999 P4:83.82499999 STATE:IDLE
[2026-05-01T04:52:08+02:00] CHK MOM:-0.01% RANGE:0.01% UP:0% SPREAD:0.01193032% BID:83.82 ASK:83.83 MID:83.82499999 P1:83.82499999 P2:83.82499999 P3:83.82499999 P4:83.82499999 STATE:IDLE
[2026-05-01T04:52:09+02:00] CHK MOM:-0.01% RANGE:0.01% UP:0% SPREAD:0.01193032% BID:83.82 ASK:83.83 MID:83.82499999 P1:83.82499999 P2:83.82499999 P3:83.82499999 P4:83.82499999 STATE:IDLE
[2026-05-01T04:52:09+02:00] CHK MOM:-0.01% RANGE:0.01% UP:0% SPREAD:0.01193032% BID:83.82 ASK:83.83 MID:83.82499999 P1:83.82499999 P2:83.82499999 P3:83.82499999 P4:83.82499999 STATE:IDLE
[2026-05-01T04:52:10+02:00] CHK MOM:-0.01% RANGE:0.01% UP:0% SPREAD:0.01193032% BID:83.82 ASK:83.83 MID:83.82499999 P1:83.82499999 P2:83.82499999 P3:83.82499999 P4:83.82499999 STATE:IDLE
[2026-05-01T04:52:14+02:00] CHK MOM:0% RANGE:0% UP:0% SPREAD:0.01193032% BID:83.82 ASK:83.83 MID:83.82499999 P1:83.82499999 P2:83.82499999 P3:83.82499999 P4:83.82499999 STATE:IDLE
[2026-05-01T04:52:14+02:00] CHK MOM:0% RANGE:0% UP:0% SPREAD:0.01193032% BID:83.82 ASK:83.83 MID:83.82499999 P1:83.82499999 P2:83.82499999 P3:83.82499999 P4:83.82499999 STATE:IDLE
[2026-05-01T04:52:15+02:00] CHK MOM:0% RANGE:0% UP:0% SPREAD:0.01193032% BID:83.82 ASK:83.83 MID:83.82499999 P1:83.82499999 P2:83.82499999 P3:83.82499999 P4:83.82499999 STATE:IDLE
[2026-05-01T04:52:15+02:00] CHK MOM:0% RANGE:0% UP:0% SPREAD:0.01193032% BID:83.82 ASK:83.83 MID:83.82499999 P1:83.82499999 P2:83.82499999 P3:83.82499999 P4:83.82499999 STATE:IDLE
[2026-05-01T04:52:16+02:00] CHK MOM:0% RANGE:0% UP:0% SPREAD:0.01193032% BID:83.82 ASK:83.83 MID:83.82499999 P1:83.82499999 P2:83.82499999 P3:83.82499999 P4:83.82499999 STATE:IDLE
[2026-05-01T04:52:16+02:00] CHK MOM:0% RANGE:0% UP:0% SPREAD:0.01193032% BID:83.82 ASK:83.83 MID:83.82499999 P1:83.82499999 P2:83.82499999 P3:83.82499999 P4:83.82499999 STATE:IDLE
[2026-05-01T04:52:17+02:00] CHK MOM:0% RANGE:0% UP:0% SPREAD:0.01193032% BID:83.82 ASK:83.83 MID:83.82499999 P1:83.82499999 P2:83.82499999 P3:83.82499999 P4:83.82499999 STATE:IDLE
[2026-05-01T04:52:17+02:00] CHK MOM:0% RANGE:0% UP:0% SPREAD:0.01193032% BID:83.82 ASK:83.83 MID:83.82499999 P1:83.82499999 P2:83.82499999 P3:83.82499999 P4:83.82499999 STATE:IDLE
[2026-05-01T04:52:18+02:00] CHK MOM:0% RANGE:0% UP:0% SPREAD:0.01193032% BID:83.82 ASK:83.83 MID:83.82499999 P1:83.82499999 P2:83.82499999 P3:83.82499999 P4:83.82499999 STATE:IDLE
[2026-05-01T04:52:18+02:00] CHK MOM:0% RANGE:0% UP:0% SPREAD:0.01193032% BID:83.82 ASK:83.83 MID:83.82499999 P1:83.82499999 P2:83.82499999 P3:83.82499999 P4:83.82499999 STATE:IDLE
[2026-05-01T04:52:19+02:00] CHK MOM:0% RANGE:0% UP:0% SPREAD:0.01193032% BID:83.82 ASK:83.83 MID:83.82499999 P1:83.82499999 P2:83.82499999 P3:83.82499999 P4:83.82499999 STATE:IDLE
[2026-05-01T04:52:20+02:00] CHK MOM:0% RANGE:0% UP:0% SPREAD:0.01193032% BID:83.82 ASK:83.83 MID:83.82499999 P1:83.82499999 P2:83.82499999 P3:83.82499999 P4:83.82499999 STATE:IDLE
[2026-05-01T04:52:20+02:00] CHK MOM:0% RANGE:0% UP:0% SPREAD:0.01193032% BID:83.82 ASK:83.83 MID:83.82499999 P1:83.82499999 P2:83.82499999 P3:83.82499999 P4:83.82499999 STATE:IDLE
[2026-05-01T04:52:21+02:00] CHK MOM:-0.01% RANGE:0.01% UP:0% SPREAD:0.01193175% BID:83.81 ASK:83.82 MID:83.815 P1:83.815 P2:83.82499999 P3:83.82499999 P4:83.82499999 STATE:IDLE
[2026-05-01T04:52:21+02:00] CHK MOM:-0.01% RANGE:0.01% UP:0% SPREAD:0.01193175% BID:83.81 ASK:83.82 MID:83.815 P1:83.815 P2:83.815 P3:83.82499999 P4:83.82499999 STATE:IDLE
[2026-05-01T04:52:22+02:00] CHK MOM:-0.02% RANGE:0.02% UP:0% SPREAD:0.01193317% BID:83.8 ASK:83.81 MID:83.805 P1:83.805 P2:83.815 P3:83.815 P4:83.82499999 STATE:IDLE
[2026-05-01T04:52:22+02:00] CHK MOM:-0.02% RANGE:0.02% UP:0% SPREAD:0.01193317% BID:83.8 ASK:83.81 MID:83.805 P1:83.805 P2:83.805 P3:83.815 P4:83.815 STATE:IDLE
[2026-05-01T04:52:23+02:00] CHK MOM:-0.02% RANGE:0.02% UP:0% SPREAD:0.01193317% BID:83.8 ASK:83.81 MID:83.805 P1:83.805 P2:83.805 P3:83.805 P4:83.815 STATE:IDLE
[2026-05-01T04:52:23+02:00] CHK MOM:-0.01% RANGE:0.02% UP:10% SPREAD:0.01193175% BID:83.81 ASK:83.82 MID:83.815 P1:83.815 P2:83.805 P3:83.805 P4:83.805 STATE:IDLE
[2026-05-01T04:52:24+02:00] CHK MOM:-0.01% RANGE:0.02% UP:10% SPREAD:0.01193175% BID:83.81 ASK:83.82 MID:83.815 P1:83.815 P2:83.805 P3:83.805 P4:83.805 STATE:IDLE
[2026-05-01T04:52:25+02:00] CHK MOM:-0.01% RANGE:0.02% UP:9.09% SPREAD:0.01193175% BID:83.81 ASK:83.82 MID:83.815 P1:83.815 P2:83.815 P3:83.805 P4:83.805 STATE:IDLE
[2026-05-01T04:52:25+02:00] CHK MOM:-0.01% RANGE:0.02% UP:9.09% SPREAD:0.01193175% BID:83.81 ASK:83.82 MID:83.815 P1:83.815 P2:83.815 P3:83.805 P4:83.805 STATE:IDLE
[2026-05-01T04:52:26+02:00] CHK MOM:-0.01% RANGE:0.02% UP:9.09% SPREAD:0.01193175% BID:83.81 ASK:83.82 MID:83.815 P1:83.815 P2:83.815 P3:83.805 P4:83.805 STATE:IDLE
[2026-05-01T04:52:26+02:00] CHK MOM:-0.01% RANGE:0.02% UP:9.09% SPREAD:0.01193175% BID:83.81 ASK:83.82 MID:83.815 P1:83.815 P2:83.815 P3:83.805 P4:83.805 STATE:IDLE
[2026-05-01T04:52:27+02:00] CHK MOM:-0.01% RANGE:0.02% UP:9.09% SPREAD:0.01193175% BID:83.81 ASK:83.82 MID:83.815 P1:83.815 P2:83.815 P3:83.805 P4:83.805 STATE:IDLE
[2026-05-01T04:52:27+02:00] CHK MOM:-0.01% RANGE:0.02% UP:8.33% SPREAD:0.01193175% BID:83.81 ASK:83.82 MID:83.815 P1:83.815 P2:83.815 P3:83.815 P4:83.805 STATE:IDLE
[2026-05-01T04:52:28+02:00] CHK MOM:-0.01% RANGE:0.02% UP:7.69% SPREAD:0.01193175% BID:83.81 ASK:83.82 MID:83.815 P1:83.815 P2:83.815 P3:83.815 P4:83.815 STATE:IDLE
[2026-05-01T04:52:28+02:00] CHK MOM:-0.01% RANGE:0.02% UP:7.69% SPREAD:0.01193175% BID:83.81 ASK:83.82 MID:83.815 P1:83.815 P2:83.815 P3:83.815 P4:83.815 STATE:IDLE
[2026-05-01T04:52:29+02:00] CHK MOM:-0.01% RANGE:0.02% UP:7.14% SPREAD:0.01193175% BID:83.81 ASK:83.82 MID:83.815 P1:83.815 P2:83.815 P3:83.815 P4:83.815 STATE:IDLE
[2026-05-01T04:52:29+02:00] CHK MOM:-0.01% RANGE:0.02% UP:6.66% SPREAD:0.01193175% BID:83.81 ASK:83.82 MID:83.815 P1:83.815 P2:83.815 P3:83.815 P4:83.815 STATE:IDLE
[2026-05-01T04:52:30+02:00] CHK MOM:-0.01% RANGE:0.02% UP:6.66% SPREAD:0.01193175% BID:83.81 ASK:83.82 MID:83.815 P1:83.815 P2:83.815 P3:83.815 P4:83.815 STATE:IDLE
[2026-05-01T04:52:31+02:00] CHK MOM:-0.01% RANGE:0.02% UP:6.66% SPREAD:0.01193175% BID:83.81 ASK:83.82 MID:83.815 P1:83.815 P2:83.815 P3:83.815 P4:83.815 STATE:IDLE
[2026-05-01T04:52:31+02:00] CHK MOM:-0.01% RANGE:0.02% UP:6.66% SPREAD:0.01193175% BID:83.81 ASK:83.82 MID:83.815 P1:83.815 P2:83.815 P3:83.815 P4:83.815 STATE:IDLE
[2026-05-01T04:52:32+02:00] CHK MOM:-0.01% RANGE:0.02% UP:6.66% SPREAD:0.01193175% BID:83.81 ASK:83.82 MID:83.815 P1:83.815 P2:83.815 P3:83.815 P4:83.815 STATE:IDLE
[2026-05-01T04:52:32+02:00] CHK MOM:-0.01% RANGE:0.02% UP:6.66% SPREAD:0.01193175% BID:83.81 ASK:83.82 MID:83.815 P1:83.815 P2:83.815 P3:83.815 P4:83.815 STATE:IDLE
[2026-05-01T04:52:33+02:00] CHK MOM:-0.01% RANGE:0.02% UP:6.66% SPREAD:0.01193175% BID:83.81 ASK:83.82 MID:83.815 P1:83.815 P2:83.815 P3:83.815 P4:83.815 STATE:IDLE
[2026-05-01T04:52:33+02:00] CHK MOM:-0.01% RANGE:0.02% UP:6.66% SPREAD:0.01193175% BID:83.81 ASK:83.82 MID:83.815 P1:83.815 P2:83.815 P3:83.815 P4:83.815 STATE:IDLE
[2026-05-01T04:52:34+02:00] CHK MOM:-0.01% RANGE:0.02% UP:6.66% SPREAD:0.01193175% BID:83.81 ASK:83.82 MID:83.815 P1:83.815 P2:83.815 P3:83.815 P4:83.815 STATE:IDLE
[2026-05-01T04:52:34+02:00] CHK MOM:0% RANGE:0.01% UP:7.69% SPREAD:0.01193175% BID:83.81 ASK:83.82 MID:83.815 P1:83.815 P2:83.815 P3:83.815 P4:83.815 STATE:IDLE
[2026-05-01T04:52:35+02:00] CHK MOM:0% RANGE:0.01% UP:7.69% SPREAD:0.01193175% BID:83.81 ASK:83.82 MID:83.815 P1:83.815 P2:83.815 P3:83.815 P4:83.815 STATE:IDLE
[2026-05-01T04:52:36+02:00] CHK MOM:0% RANGE:0.01% UP:7.69% SPREAD:0.01193175% BID:83.81 ASK:83.82 MID:83.815 P1:83.815 P2:83.815 P3:83.815 P4:83.815 STATE:IDLE
[2026-05-01T04:52:36+02:00] CHK MOM:0% RANGE:0.01% UP:7.14% SPREAD:0.01193175% BID:83.81 ASK:83.82 MID:83.815 P1:83.815 P2:83.815 P3:83.815 P4:83.815 STATE:IDLE
[2026-05-01T04:52:37+02:00] CHK MOM:0% RANGE:0.01% UP:7.14% SPREAD:0.01193175% BID:83.81 ASK:83.82 MID:83.815 P1:83.815 P2:83.815 P3:83.815 P4:83.815 STATE:IDLE
[2026-05-01T04:52:37+02:00] CHK MOM:0% RANGE:0.01% UP:7.14% SPREAD:0.01193175% BID:83.81 ASK:83.82 MID:83.815 P1:83.815 P2:83.815 P3:83.815 P4:83.815 STATE:IDLE
[2026-05-01T04:52:38+02:00] CHK MOM:0% RANGE:0.01% UP:7.14% SPREAD:0.01193175% BID:83.81 ASK:83.82 MID:83.815 P1:83.815 P2:83.815 P3:83.815 P4:83.815 STATE:IDLE
[2026-05-01T04:52:38+02:00] CHK MOM:0% RANGE:0.01% UP:7.14% SPREAD:0.01193175% BID:83.81 ASK:83.82 MID:83.815 P1:83.815 P2:83.815 P3:83.815 P4:83.815 STATE:IDLE
[2026-05-01T04:52:39+02:00] CHK MOM:0% RANGE:0.01% UP:7.14% SPREAD:0.01193175% BID:83.81 ASK:83.82 MID:83.815 P1:83.815 P2:83.815 P3:83.815 P4:83.815 STATE:IDLE
[2026-05-01T04:52:42+02:00] CHK MOM:0% RANGE:0% UP:0% SPREAD:0.01193175% BID:83.81 ASK:83.82 MID:83.815 P1:83.815 P2:83.815 P3:83.815 P4:83.815 STATE:IDLE
[2026-05-01T04:52:43+02:00] CHK MOM:0% RANGE:0% UP:0% SPREAD:0.01193175% BID:83.81 ASK:83.82 MID:83.815 P1:83.815 P2:83.815 P3:83.815 P4:83.815 STATE:IDLE
[2026-05-01T04:52:43+02:00] CHK MOM:0% RANGE:0% UP:0% SPREAD:0.01193175% BID:83.81 ASK:83.82 MID:83.815 P1:83.815 P2:83.815 P3:83.815 P4:83.815 STATE:IDLE
[2026-05-01T04:52:44+02:00] CHK MOM:0% RANGE:0% UP:0% SPREAD:0.01193175% BID:83.81 ASK:83.82 MID:83.815 P1:83.815 P2:83.815 P3:83.815 P4:83.815 STATE:IDLE
[2026-05-01T04:52:44+02:00] CHK MOM:0% RANGE:0% UP:0% SPREAD:0.01193175% BID:83.81 ASK:83.82 MID:83.815 P1:83.815 P2:83.815 P3:83.815 P4:83.815 STATE:IDLE
[2026-05-01T04:52:45+02:00] CHK MOM:0% RANGE:0% UP:0% SPREAD:0.01193175% BID:83.81 ASK:83.82 MID:83.815 P1:83.815 P2:83.815 P3:83.815 P4:83.815 STATE:IDLE
[2026-05-01T04:52:45+02:00] CHK MOM:0% RANGE:0% UP:0% SPREAD:0.01193175% BID:83.81 ASK:83.82 MID:83.815 P1:83.815 P2:83.815 P3:83.815 P4:83.815 STATE:IDLE
[2026-05-01T04:52:46+02:00] CHK MOM:0% RANGE:0% UP:0% SPREAD:0.01193175% BID:83.81 ASK:83.82 MID:83.815 P1:83.815 P2:83.815 P3:83.815 P4:83.815 STATE:IDLE
[2026-05-01T04:52:46+02:00] CHK MOM:0% RANGE:0% UP:0% SPREAD:0.01193175% BID:83.81 ASK:83.82 MID:83.815 P1:83.815 P2:83.815 P3:83.815 P4:83.815 STATE:IDLE
[2026-05-01T04:52:47+02:00] CHK MOM:0% RANGE:0% UP:0% SPREAD:0.01193175% BID:83.81 ASK:83.82 MID:83.815 P1:83.815 P2:83.815 P3:83.815 P4:83.815 STATE:IDLE
[2026-05-01T04:52:48+02:00] CHK MOM:0% RANGE:0% UP:0% SPREAD:0.01193175% BID:83.81 ASK:83.82 MID:83.815 P1:83.815 P2:83.815 P3:83.815 P4:83.815 STATE:IDLE
[2026-05-01T04:52:48+02:00] CHK MOM:0% RANGE:0% UP:0% SPREAD:0.01193175% BID:83.81 ASK:83.82 MID:83.815 P1:83.815 P2:83.815 P3:83.815 P4:83.815 STATE:IDLE
[2026-05-01T04:52:49+02:00] CHK MOM:-0.01% RANGE:0.01% UP:0% SPREAD:0.01193317% BID:83.8 ASK:83.81 MID:83.805 P1:83.805 P2:83.815 P3:83.815 P4:83.815 STATE:IDLE
[2026-05-01T04:52:49+02:00] CHK MOM:-0.01% RANGE:0.01% UP:0% SPREAD:0.01193317% BID:83.8 ASK:83.81 MID:83.805 P1:83.805 P2:83.805 P3:83.815 P4:83.815 STATE:IDLE
[2026-05-01T04:52:50+02:00] CHK MOM:-0.01% RANGE:0.01% UP:0% SPREAD:0.01193317% BID:83.8 ASK:83.81 MID:83.805 P1:83.805 P2:83.805 P3:83.815 P4:83.815 STATE:IDLE
[2026-05-01T04:52:50+02:00] CHK MOM:-0.01% RANGE:0.01% UP:0% SPREAD:0.01193317% BID:83.8 ASK:83.81 MID:83.805 P1:83.805 P2:83.805 P3:83.805 P4:83.815 STATE:IDLE
[2026-05-01T04:52:51+02:00] CHK MOM:-0.01% RANGE:0.01% UP:0% SPREAD:0.01193317% BID:83.8 ASK:83.81 MID:83.805 P1:83.805 P2:83.805 P3:83.805 P4:83.805 STATE:IDLE
[2026-05-01T04:52:51+02:00] CHK MOM:-0.01% RANGE:0.01% UP:0% SPREAD:0.01193317% BID:83.8 ASK:83.81 MID:83.805 P1:83.805 P2:83.805 P3:83.805 P4:83.805 STATE:IDLE
[2026-05-01T04:52:52+02:00] CHK MOM:-0.01% RANGE:0.01% UP:0% SPREAD:0.01193317% BID:83.8 ASK:83.81 MID:83.805 P1:83.805 P2:83.805 P3:83.805 P4:83.805 STATE:IDLE
[2026-05-01T04:52:52+02:00] CHK MOM:-0.01% RANGE:0.01% UP:0% SPREAD:0.01193317% BID:83.8 ASK:83.81 MID:83.805 P1:83.805 P2:83.805 P3:83.805 P4:83.805 STATE:IDLE
[2026-05-01T04:52:53+02:00] CHK MOM:-0.01% RANGE:0.01% UP:0% SPREAD:0.01193317% BID:83.8 ASK:83.81 MID:83.805 P1:83.805 P2:83.805 P3:83.805 P4:83.805 STATE:IDLE
[2026-05-01T04:52:54+02:00] CHK MOM:-0.01% RANGE:0.01% UP:0% SPREAD:0.01193317% BID:83.8 ASK:83.81 MID:83.805 P1:83.805 P2:83.805 P3:83.805 P4:83.805 STATE:IDLE
[2026-05-01T04:52:56+02:00] CHK MOM:-0.01% RANGE:0.01% UP:0% SPREAD:0.01193317% BID:83.8 ASK:83.81 MID:83.805 P1:83.805 P2:83.805 P3:83.805 P4:83.805 STATE:IDLE
[2026-05-01T04:52:57+02:00] CHK MOM:-0.01% RANGE:0.01% UP:0% SPREAD:0.01193317% BID:83.8 ASK:83.81 MID:83.805 P1:83.805 P2:83.805 P3:83.805 P4:83.805 STATE:IDLE
[2026-05-01T04:52:57+02:00] CHK MOM:-0.01% RANGE:0.01% UP:0% SPREAD:0.01193317% BID:83.8 ASK:83.81 MID:83.805 P1:83.805 P2:83.805 P3:83.805 P4:83.805 STATE:IDLE
[2026-05-01T04:52:58+02:00] CHK MOM:-0.01% RANGE:0.01% UP:0% SPREAD:0.01193317% BID:83.8 ASK:83.81 MID:83.805 P1:83.805 P2:83.805 P3:83.805 P4:83.805 STATE:IDLE
[2026-05-01T04:52:59+02:00] CHK MOM:-0.01% RANGE:0.01% UP:0% SPREAD:0.01193317% BID:83.8 ASK:83.81 MID:83.805 P1:83.805 P2:83.805 P3:83.805 P4:83.805 STATE:IDLE
[2026-05-01T04:52:59+02:00] CHK MOM:-0.01% RANGE:0.01% UP:0% SPREAD:0.01193317% BID:83.8 ASK:83.81 MID:83.805 P1:83.805 P2:83.805 P3:83.805 P4:83.805 STATE:IDLE
[2026-05-01T04:53:00+02:00] CHK MOM:-0.01% RANGE:0.01% UP:0% SPREAD:0.01193317% BID:83.8 ASK:83.81 MID:83.805 P1:83.805 P2:83.805 P3:83.805 P4:83.805 STATE:IDLE
[2026-05-01T04:53:00+02:00] CHK MOM:-0.01% RANGE:0.01% UP:0% SPREAD:0.01193317% BID:83.8 ASK:83.81 MID:83.805 P1:83.805 P2:83.805 P3:83.805 P4:83.805 STATE:IDLE
[2026-05-01T04:53:01+02:00] CHK MOM:-0.01% RANGE:0.01% UP:0% SPREAD:0.01193317% BID:83.8 ASK:83.81 MID:83.805 P1:83.805 P2:83.805 P3:83.805 P4:83.805 STATE:IDLE
[2026-05-01T04:53:02+02:00] CHK MOM:-0.01% RANGE:0.01% UP:0% SPREAD:0.01193317% BID:83.8 ASK:83.81 MID:83.805 P1:83.805 P2:83.805 P3:83.805 P4:83.805 STATE:IDLE
[2026-05-01T04:53:02+02:00] CHK MOM:-0.01% RANGE:0.01% UP:0% SPREAD:0.01193317% BID:83.8 ASK:83.81 MID:83.805 P1:83.805 P2:83.805 P3:83.805 P4:83.805 STATE:IDLE
[2026-05-01T04:53:03+02:00] CHK MOM:-0.01% RANGE:0.01% UP:0% SPREAD:0.01193317% BID:83.8 ASK:83.81 MID:83.805 P1:83.805 P2:83.805 P3:83.805 P4:83.805 STATE:IDLE
[2026-05-01T04:53:03+02:00] CHK MOM:-0.01% RANGE:0.01% UP:0% SPREAD:0.01193317% BID:83.8 ASK:83.81 MID:83.805 P1:83.805 P2:83.805 P3:83.805 P4:83.805 STATE:IDLE
[2026-05-01T04:53:04+02:00] CHK MOM:-0.08% RANGE:0.08% UP:0% SPREAD:0.01194315% BID:83.73 ASK:83.74 MID:83.735 P1:83.735 P2:83.805 P3:83.805 P4:83.805 STATE:IDLE
[2026-05-01T04:53:05+02:00] CHK MOM:-0.09% RANGE:0.09% UP:0% SPREAD:0.01194457% BID:83.72 ASK:83.73 MID:83.725 P1:83.725 P2:83.735 P3:83.805 P4:83.805 STATE:IDLE
[2026-05-01T04:53:05+02:00] CHK MOM:-0.09% RANGE:0.09% UP:0% SPREAD:0.01194457% BID:83.72 ASK:83.73 MID:83.725 P1:83.725 P2:83.735 P3:83.805 P4:83.805 STATE:IDLE
[2026-05-01T04:53:06+02:00] CHK MOM:-0.09% RANGE:0.09% UP:0% SPREAD:0.01194457% BID:83.72 ASK:83.73 MID:83.725 P1:83.725 P2:83.725 P3:83.735 P4:83.805 STATE:IDLE
[2026-05-01T04:53:06+02:00] CHK MOM:-0.09% RANGE:0.09% UP:0% SPREAD:0.01194457% BID:83.72 ASK:83.73 MID:83.725 P1:83.725 P2:83.725 P3:83.735 P4:83.805 STATE:IDLE
[2026-05-01T04:53:07+02:00] CHK MOM:-0.09% RANGE:0.09% UP:0% SPREAD:0.01194457% BID:83.72 ASK:83.73 MID:83.725 P1:83.725 P2:83.725 P3:83.735 P4:83.805 STATE:IDLE
[2026-05-01T04:53:07+02:00] CHK MOM:-0.09% RANGE:0.09% UP:0% SPREAD:0.01194457% BID:83.72 ASK:83.73 MID:83.725 P1:83.725 P2:83.725 P3:83.735 P4:83.805 STATE:IDLE
[2026-05-01T04:53:08+02:00] CHK MOM:-0.09% RANGE:0.09% UP:0% SPREAD:0.01194457% BID:83.72 ASK:83.73 MID:83.725 P1:83.725 P2:83.725 P3:83.725 P4:83.735 STATE:IDLE
[2026-05-01T04:53:08+02:00] CHK MOM:-0.09% RANGE:0.09% UP:0% SPREAD:0.01194457% BID:83.72 ASK:83.73 MID:83.725 P1:83.725 P2:83.725 P3:83.725 P4:83.725 STATE:IDLE
[2026-05-01T04:53:09+02:00] CHK MOM:-0.09% RANGE:0.09% UP:0% SPREAD:0.01194457% BID:83.72 ASK:83.73 MID:83.725 P1:83.725 P2:83.725 P3:83.725 P4:83.725 STATE:IDLE
[2026-05-01T04:53:10+02:00] CHK MOM:-0.09% RANGE:0.09% UP:0% SPREAD:0.01194457% BID:83.72 ASK:83.73 MID:83.725 P1:83.725 P2:83.725 P3:83.725 P4:83.725 STATE:IDLE
[2026-05-01T04:53:10+02:00] CHK MOM:-0.08% RANGE:0.09% UP:9.09% SPREAD:0.01194315% BID:83.73 ASK:83.74 MID:83.735 P1:83.735 P2:83.725 P3:83.725 P4:83.725 STATE:IDLE
[2026-05-01T04:53:11+02:00] CHK MOM:-0.08% RANGE:0.09% UP:8.33% SPREAD:0.01194315% BID:83.73 ASK:83.74 MID:83.735 P1:83.735 P2:83.735 P3:83.725 P4:83.725 STATE:IDLE
[2026-05-01T04:53:11+02:00] CHK MOM:-0.08% RANGE:0.09% UP:7.69% SPREAD:0.01194315% BID:83.73 ASK:83.74 MID:83.735 P1:83.735 P2:83.735 P3:83.735 P4:83.725 STATE:IDLE
[2026-05-01T04:53:12+02:00] CHK MOM:-0.08% RANGE:0.09% UP:7.69% SPREAD:0.01194315% BID:83.73 ASK:83.74 MID:83.735 P1:83.735 P2:83.735 P3:83.735 P4:83.725 STATE:IDLE
[2026-05-01T04:53:12+02:00] CHK MOM:-0.08% RANGE:0.09% UP:7.69% SPREAD:0.01194315% BID:83.73 ASK:83.74 MID:83.735 P1:83.735 P2:83.735 P3:83.735 P4:83.735 STATE:IDLE
[2026-05-01T04:53:13+02:00] CHK MOM:-0.08% RANGE:0.09% UP:7.69% SPREAD:0.01194315% BID:83.73 ASK:83.74 MID:83.735 P1:83.735 P2:83.735 P3:83.735 P4:83.735 STATE:IDLE
[2026-05-01T04:53:13+02:00] CHK MOM:-0.08% RANGE:0.09% UP:7.69% SPREAD:0.01194315% BID:83.73 ASK:83.74 MID:83.735 P1:83.735 P2:83.735 P3:83.735 P4:83.735 STATE:IDLE
[2026-05-01T04:53:14+02:00] CHK MOM:-0.08% RANGE:0.09% UP:7.69% SPREAD:0.01194315% BID:83.73 ASK:83.74 MID:83.735 P1:83.735 P2:83.735 P3:83.735 P4:83.735 STATE:IDLE
[2026-05-01T04:53:14+02:00] CHK MOM:-0.08% RANGE:0.09% UP:7.69% SPREAD:0.01194315% BID:83.73 ASK:83.74 MID:83.735 P1:83.735 P2:83.735 P3:83.735 P4:83.735 STATE:IDLE
[2026-05-01T04:53:15+02:00] CHK MOM:-0.08% RANGE:0.09% UP:7.69% SPREAD:0.01194315% BID:83.73 ASK:83.74 MID:83.735 P1:83.735 P2:83.735 P3:83.735 P4:83.735 STATE:IDLE
[2026-05-01T04:53:16+02:00] CHK MOM:-0.08% RANGE:0.09% UP:7.69% SPREAD:0.01194315% BID:83.73 ASK:83.74 MID:83.735 P1:83.735 P2:83.735 P3:83.735 P4:83.735 STATE:IDLE
[2026-05-01T04:53:16+02:00] CHK MOM:-0.08% RANGE:0.09% UP:7.14% SPREAD:0.01194315% BID:83.73 ASK:83.74 MID:83.735 P1:83.735 P2:83.735 P3:83.735 P4:83.735 STATE:IDLE
[2026-05-01T04:53:17+02:00] CHK MOM:-0.08% RANGE:0.09% UP:6.66% SPREAD:0.01194315% BID:83.73 ASK:83.74 MID:83.735 P1:83.735 P2:83.735 P3:83.735 P4:83.735 STATE:IDLE
[2026-05-01T04:53:17+02:00] CHK MOM:-0.08% RANGE:0.09% UP:6.25% SPREAD:0.01194315% BID:83.73 ASK:83.74 MID:83.735 P1:83.735 P2:83.735 P3:83.735 P4:83.735 STATE:IDLE
[2026-05-01T04:53:18+02:00] CHK MOM:-0.08% RANGE:0.09% UP:6.25% SPREAD:0.01194315% BID:83.73 ASK:83.74 MID:83.735 P1:83.735 P2:83.735 P3:83.735 P4:83.735 STATE:IDLE
[2026-05-01T04:53:18+02:00] CHK MOM:-0.08% RANGE:0.09% UP:5.88% SPREAD:0.01194315% BID:83.73 ASK:83.74 MID:83.735 P1:83.735 P2:83.735 P3:83.735 P4:83.735 STATE:IDLE
[2026-05-01T04:53:19+02:00] CHK MOM:-0.08% RANGE:0.09% UP:5.55% SPREAD:0.01194315% BID:83.73 ASK:83.74 MID:83.735 P1:83.735 P2:83.735 P3:83.735 P4:83.735 STATE:IDLE
[2026-05-01T04:53:19+02:00] CHK MOM:0% RANGE:0.01% UP:5.55% SPREAD:0.01194315% BID:83.73 ASK:83.74 MID:83.735 P1:83.735 P2:83.735 P3:83.735 P4:83.735 STATE:IDLE
[2026-05-01T04:53:20+02:00] CHK MOM:0% RANGE:0.01% UP:5.55% SPREAD:0.01194315% BID:83.73 ASK:83.74 MID:83.735 P1:83.735 P2:83.735 P3:83.735 P4:83.735 STATE:IDLE
[2026-05-01T04:53:21+02:00] CHK MOM:0% RANGE:0.01% UP:5.55% SPREAD:0.01194315% BID:83.73 ASK:83.74 MID:83.735 P1:83.735 P2:83.735 P3:83.735 P4:83.735 STATE:IDLE
[2026-05-01T04:53:21+02:00] CHK MOM:0% RANGE:0.01% UP:5.55% SPREAD:0.01194315% BID:83.73 ASK:83.74 MID:83.735 P1:83.735 P2:83.735 P3:83.735 P4:83.735 STATE:IDLE
[2026-05-01T04:53:22+02:00] CHK MOM:0% RANGE:0.01% UP:5.55% SPREAD:0.01194315% BID:83.73 ASK:83.74 MID:83.735 P1:83.735 P2:83.735 P3:83.735 P4:83.735 STATE:IDLE
[2026-05-01T04:53:24+02:00] CHK MOM:0.01% RANGE:0.01% UP:6.66% SPREAD:0.01194315% BID:83.73 ASK:83.74 MID:83.735 P1:83.735 P2:83.735 P3:83.735 P4:83.735 STATE:IDLE
[2026-05-01T04:53:24+02:00] CHK MOM:0.01% RANGE:0.01% UP:6.25% SPREAD:0.01194315% BID:83.73 ASK:83.74 MID:83.735 P1:83.735 P2:83.735 P3:83.735 P4:83.735 STATE:IDLE
[2026-05-01T04:53:25+02:00] CHK MOM:0.01% RANGE:0.01% UP:6.25% SPREAD:0.01194315% BID:83.73 ASK:83.74 MID:83.735 P1:83.735 P2:83.735 P3:83.735 P4:83.735 STATE:IDLE
[2026-05-01T04:53:25+02:00] CHK MOM:-0.04% RANGE:0.04% UP:0% SPREAD:0.01194885% BID:83.69 ASK:83.7 MID:83.695 P1:83.695 P2:83.735 P3:83.735 P4:83.735 STATE:IDLE
[2026-05-01T04:53:26+02:00] CHK MOM:-0.04% RANGE:0.04% UP:0% SPREAD:0.01194885% BID:83.69 ASK:83.7 MID:83.695 P1:83.695 P2:83.735 P3:83.735 P4:83.735 STATE:IDLE
[2026-05-01T04:53:27+02:00] CHK MOM:-0.04% RANGE:0.04% UP:0% SPREAD:0.01194885% BID:83.69 ASK:83.7 MID:83.695 P1:83.695 P2:83.695 P3:83.735 P4:83.735 STATE:IDLE
[2026-05-01T04:53:27+02:00] CHK MOM:-0.04% RANGE:0.04% UP:0% SPREAD:0.01194885% BID:83.69 ASK:83.7 MID:83.695 P1:83.695 P2:83.695 P3:83.695 P4:83.735 STATE:IDLE
[2026-05-01T04:53:28+02:00] CHK MOM:-0.04% RANGE:0.04% UP:0% SPREAD:0.01194885% BID:83.69 ASK:83.7 MID:83.695 P1:83.695 P2:83.695 P3:83.695 P4:83.735 STATE:IDLE
[2026-05-01T04:53:28+02:00] CHK MOM:-0.04% RANGE:0.04% UP:0% SPREAD:0.01194885% BID:83.69 ASK:83.7 MID:83.695 P1:83.695 P2:83.695 P3:83.695 P4:83.695 STATE:IDLE
[2026-05-01T04:53:29+02:00] CHK MOM:-0.04% RANGE:0.04% UP:0% SPREAD:0.01194885% BID:83.69 ASK:83.7 MID:83.695 P1:83.695 P2:83.695 P3:83.695 P4:83.695 STATE:IDLE
[2026-05-01T04:53:29+02:00] CHK MOM:-0.04% RANGE:0.04% UP:0% SPREAD:0.01194885% BID:83.69 ASK:83.7 MID:83.695 P1:83.695 P2:83.695 P3:83.695 P4:83.695 STATE:IDLE
[2026-05-01T04:53:30+02:00] CHK MOM:-0.04% RANGE:0.04% UP:0% SPREAD:0.01194885% BID:83.69 ASK:83.7 MID:83.695 P1:83.695 P2:83.695 P3:83.695 P4:83.695 STATE:IDLE
[2026-05-01T04:53:30+02:00] CHK MOM:-0.04% RANGE:0.04% UP:0% SPREAD:0.01194885% BID:83.69 ASK:83.7 MID:83.695 P1:83.695 P2:83.695 P3:83.695 P4:83.695 STATE:IDLE
[2026-05-01T04:53:31+02:00] CHK MOM:-0.04% RANGE:0.04% UP:0% SPREAD:0.01194885% BID:83.69 ASK:83.7 MID:83.695 P1:83.695 P2:83.695 P3:83.695 P4:83.695 STATE:IDLE
[2026-05-01T04:53:32+02:00] CHK MOM:-0.04% RANGE:0.04% UP:0% SPREAD:0.01194885% BID:83.69 ASK:83.7 MID:83.695 P1:83.695 P2:83.695 P3:83.695 P4:83.695 STATE:IDLE
[2026-05-01T04:53:32+02:00] CHK MOM:-0.04% RANGE:0.04% UP:0% SPREAD:0.01194885% BID:83.69 ASK:83.7 MID:83.695 P1:83.695 P2:83.695 P3:83.695 P4:83.695 STATE:IDLE
[2026-05-01T04:53:33+02:00] CHK MOM:-0.04% RANGE:0.04% UP:0% SPREAD:0.01194885% BID:83.69 ASK:83.7 MID:83.695 P1:83.695 P2:83.695 P3:83.695 P4:83.695 STATE:IDLE
[2026-05-01T04:53:33+02:00] CHK MOM:-0.04% RANGE:0.04% UP:0% SPREAD:0.01194885% BID:83.69 ASK:83.7 MID:83.695 P1:83.695 P2:83.695 P3:83.695 P4:83.695 STATE:IDLE
[2026-05-01T04:53:34+02:00] CHK MOM:-0.05% RANGE:0.05% UP:0% SPREAD:0.01195028% BID:83.68 ASK:83.69 MID:83.685 P1:83.685 P2:83.695 P3:83.695 P4:83.695 STATE:IDLE
[2026-05-01T04:53:34+02:00] CHK MOM:-0.07% RANGE:0.07% UP:0% SPREAD:0.01195171% BID:83.67 ASK:83.68 MID:83.675 P1:83.675 P2:83.685 P3:83.695 P4:83.695 STATE:IDLE
[2026-05-01T04:53:35+02:00] CHK MOM:-0.07% RANGE:0.07% UP:0% SPREAD:0.01195171% BID:83.67 ASK:83.68 MID:83.675 P1:83.675 P2:83.685 P3:83.695 P4:83.695 STATE:IDLE
[2026-05-01T04:53:35+02:00] CHK MOM:-0.07% RANGE:0.07% UP:0% SPREAD:0.01195171% BID:83.67 ASK:83.68 MID:83.675 P1:83.675 P2:83.685 P3:83.695 P4:83.695 STATE:IDLE
[2026-05-01T04:53:36+02:00] CHK MOM:-0.07% RANGE:0.07% UP:0% SPREAD:0.01195171% BID:83.67 ASK:83.68 MID:83.675 P1:83.675 P2:83.685 P3:83.695 P4:83.695 STATE:IDLE
[2026-05-01T04:53:36+02:00] CHK MOM:-0.07% RANGE:0.07% UP:0% SPREAD:0.01195171% BID:83.67 ASK:83.68 MID:83.675 P1:83.675 P2:83.685 P3:83.695 P4:83.695 STATE:IDLE
[2026-05-01T04:53:37+02:00] CHK MOM:-0.08% RANGE:0.08% UP:0% SPREAD:0.01195314% BID:83.66 ASK:83.67 MID:83.66499999 P1:83.66499999 P2:83.675 P3:83.685 P4:83.695 STATE:IDLE
[2026-05-01T04:53:38+02:00] CHK MOM:-0.08% RANGE:0.08% UP:0% SPREAD:0.01195314% BID:83.66 ASK:83.67 MID:83.66499999 P1:83.66499999 P2:83.66499999 P3:83.675 P4:83.685 STATE:IDLE
[2026-05-01T04:53:38+02:00] CHK MOM:-0.08% RANGE:0.08% UP:0% SPREAD:0.01195314% BID:83.66 ASK:83.67 MID:83.66499999 P1:83.66499999 P2:83.66499999 P3:83.66499999 P4:83.675 STATE:IDLE
[2026-05-01T04:53:39+02:00] CHK MOM:-0.08% RANGE:0.08% UP:0% SPREAD:0.01195314% BID:83.66 ASK:83.67 MID:83.66499999 P1:83.66499999 P2:83.66499999 P3:83.66499999 P4:83.675 STATE:IDLE
[2026-05-01T04:53:39+02:00] CHK MOM:-0.08% RANGE:0.08% UP:0% SPREAD:0.01195314% BID:83.66 ASK:83.67 MID:83.66499999 P1:83.66499999 P2:83.66499999 P3:83.66499999 P4:83.675 STATE:IDLE
[2026-05-01T04:53:40+02:00] CHK MOM:-0.08% RANGE:0.08% UP:0% SPREAD:0.01195314% BID:83.66 ASK:83.67 MID:83.66499999 P1:83.66499999 P2:83.66499999 P3:83.66499999 P4:83.66499999 STATE:IDLE
[2026-05-01T04:53:40+02:00] CHK MOM:-0.03% RANGE:0.03% UP:0% SPREAD:0.01195314% BID:83.66 ASK:83.67 MID:83.66499999 P1:83.66499999 P2:83.66499999 P3:83.66499999 P4:83.66499999 STATE:IDLE
[2026-05-01T04:53:41+02:00] CHK MOM:-0.03% RANGE:0.03% UP:0% SPREAD:0.01195314% BID:83.66 ASK:83.67 MID:83.66499999 P1:83.66499999 P2:83.66499999 P3:83.66499999 P4:83.66499999 STATE:IDLE
[2026-05-01T04:53:41+02:00] CHK MOM:-0.03% RANGE:0.03% UP:0% SPREAD:0.01195314% BID:83.66 ASK:83.67 MID:83.66499999 P1:83.66499999 P2:83.66499999 P3:83.66499999 P4:83.66499999 STATE:IDLE
[2026-05-01T04:53:42+02:00] CHK MOM:-0.03% RANGE:0.03% UP:0% SPREAD:0.01195314% BID:83.66 ASK:83.67 MID:83.66499999 P1:83.66499999 P2:83.66499999 P3:83.66499999 P4:83.66499999 STATE:IDLE
[2026-05-01T04:53:43+02:00] CHK MOM:-0.03% RANGE:0.03% UP:0% SPREAD:0.01195314% BID:83.66 ASK:83.67 MID:83.66499999 P1:83.66499999 P2:83.66499999 P3:83.66499999 P4:83.66499999 STATE:IDLE
[2026-05-01T04:53:43+02:00] CHK MOM:-0.03% RANGE:0.03% UP:0% SPREAD:0.01195314% BID:83.66 ASK:83.67 MID:83.66499999 P1:83.66499999 P2:83.66499999 P3:83.66499999 P4:83.66499999 STATE:IDLE
[2026-05-01T04:53:44+02:00] CHK MOM:-0.03% RANGE:0.03% UP:0% SPREAD:0.01195314% BID:83.66 ASK:83.67 MID:83.66499999 P1:83.66499999 P2:83.66499999 P3:83.66499999 P4:83.66499999 STATE:IDLE
[2026-05-01T04:53:44+02:00] CHK MOM:-0.03% RANGE:0.03% UP:0% SPREAD:0.01195314% BID:83.66 ASK:83.67 MID:83.66499999 P1:83.66499999 P2:83.66499999 P3:83.66499999 P4:83.66499999 STATE:IDLE
[2026-05-01T04:53:45+02:00] CHK MOM:-0.03% RANGE:0.03% UP:0% SPREAD:0.01195314% BID:83.66 ASK:83.67 MID:83.66499999 P1:83.66499999 P2:83.66499999 P3:83.66499999 P4:83.66499999 STATE:IDLE
[2026-05-01T04:53:46+02:00] CHK MOM:-0.03% RANGE:0.03% UP:0% SPREAD:0.01195314% BID:83.66 ASK:83.67 MID:83.66499999 P1:83.66499999 P2:83.66499999 P3:83.66499999 P4:83.66499999 STATE:IDLE
[2026-05-01T04:53:46+02:00] CHK MOM:-0.09% RANGE:0.09% UP:0% SPREAD:0.01196029% BID:83.61 ASK:83.62 MID:83.615 P1:83.615 P2:83.66499999 P3:83.66499999 P4:83.66499999 STATE:IDLE
[2026-05-01T04:53:47+02:00] CHK MOM:-0.09% RANGE:0.09% UP:0% SPREAD:0.01196029% BID:83.61 ASK:83.62 MID:83.615 P1:83.615 P2:83.66499999 P3:83.66499999 P4:83.66499999 STATE:IDLE
[2026-05-01T04:53:47+02:00] CHK MOM:-0.09% RANGE:0.09% UP:0% SPREAD:0.01196029% BID:83.61 ASK:83.62 MID:83.615 P1:83.615 P2:83.615 P3:83.66499999 P4:83.66499999 STATE:IDLE
[2026-05-01T04:53:48+02:00] CHK MOM:-0.09% RANGE:0.09% UP:0% SPREAD:0.01196029% BID:83.61 ASK:83.62 MID:83.615 P1:83.615 P2:83.615 P3:83.615 P4:83.66499999 STATE:IDLE
[2026-05-01T04:53:48+02:00] CHK MOM:-0.09% RANGE:0.09% UP:0% SPREAD:0.01196029% BID:83.61 ASK:83.62 MID:83.615 P1:83.615 P2:83.615 P3:83.615 P4:83.66499999 STATE:IDLE
[2026-05-01T04:53:49+02:00] CHK MOM:-0.09% RANGE:0.09% UP:0% SPREAD:0.01196029% BID:83.61 ASK:83.62 MID:83.615 P1:83.615 P2:83.615 P3:83.615 P4:83.66499999 STATE:IDLE
[2026-05-01T04:53:49+02:00] CHK MOM:-0.08% RANGE:0.08% UP:0% SPREAD:0.01196029% BID:83.61 ASK:83.62 MID:83.615 P1:83.615 P2:83.615 P3:83.615 P4:83.615 STATE:IDLE
[2026-05-01T04:53:50+02:00] CHK MOM:-0.07% RANGE:0.07% UP:0% SPREAD:0.01196029% BID:83.61 ASK:83.62 MID:83.615 P1:83.615 P2:83.615 P3:83.615 P4:83.615 STATE:IDLE
[2026-05-01T04:53:51+02:00] CHK MOM:-0.05% RANGE:0.05% UP:0% SPREAD:0.01196029% BID:83.61 ASK:83.62 MID:83.615 P1:83.615 P2:83.615 P3:83.615 P4:83.615 STATE:IDLE
[2026-05-01T04:53:51+02:00] CHK MOM:-0.05% RANGE:0.05% UP:0% SPREAD:0.01196029% BID:83.61 ASK:83.62 MID:83.615 P1:83.615 P2:83.615 P3:83.615 P4:83.615 STATE:IDLE
[2026-05-01T04:53:52+02:00] CHK MOM:-0.05% RANGE:0.05% UP:0% SPREAD:0.01196029% BID:83.61 ASK:83.62 MID:83.615 P1:83.615 P2:83.615 P3:83.615 P4:83.615 STATE:IDLE
[2026-05-01T04:53:52+02:00] CHK MOM:-0.05% RANGE:0.05% UP:0% SPREAD:0.01196029% BID:83.61 ASK:83.62 MID:83.615 P1:83.615 P2:83.615 P3:83.615 P4:83.615 STATE:IDLE
[2026-05-01T04:53:53+02:00] CHK MOM:-0.05% RANGE:0.05% UP:0% SPREAD:0.01196029% BID:83.61 ASK:83.62 MID:83.615 P1:83.615 P2:83.615 P3:83.615 P4:83.615 STATE:IDLE
[2026-05-01T04:53:54+02:00] CHK MOM:-0.05% RANGE:0.05% UP:0% SPREAD:0.01196029% BID:83.61 ASK:83.62 MID:83.615 P1:83.615 P2:83.615 P3:83.615 P4:83.615 STATE:IDLE
[2026-05-01T04:53:57+02:00] CHK MOM:-0.04% RANGE:0.05% UP:12.5% SPREAD:0.01195886% BID:83.62 ASK:83.63 MID:83.625 P1:83.625 P2:83.615 P3:83.615 P4:83.615 STATE:IDLE
[2026-05-01T04:53:58+02:00] CHK MOM:-0.04% RANGE:0.05% UP:11.11% SPREAD:0.01195886% BID:83.62 ASK:83.63 MID:83.625 P1:83.625 P2:83.625 P3:83.615 P4:83.615 STATE:IDLE
[2026-05-01T04:53:59+02:00] CHK MOM:-0.04% RANGE:0.05% UP:10% SPREAD:0.01195886% BID:83.62 ASK:83.63 MID:83.625 P1:83.625 P2:83.625 P3:83.625 P4:83.615 STATE:IDLE
[2026-05-01T04:53:59+02:00] CHK MOM:-0.04% RANGE:0.05% UP:9.09% SPREAD:0.01195886% BID:83.62 ASK:83.63 MID:83.625 P1:83.625 P2:83.625 P3:83.625 P4:83.625 STATE:IDLE
[2026-05-01T04:54:00+02:00] CHK MOM:-0.04% RANGE:0.05% UP:9.09% SPREAD:0.01195886% BID:83.62 ASK:83.63 MID:83.625 P1:83.625 P2:83.625 P3:83.625 P4:83.625 STATE:IDLE
[2026-05-01T04:54:00+02:00] CHK MOM:-0.04% RANGE:0.05% UP:9.09% SPREAD:0.01195886% BID:83.62 ASK:83.63 MID:83.625 P1:83.625 P2:83.625 P3:83.625 P4:83.625 STATE:IDLE
[2026-05-01T04:54:01+02:00] CHK MOM:-0.04% RANGE:0.05% UP:8.33% SPREAD:0.01195886% BID:83.62 ASK:83.63 MID:83.625 P1:83.625 P2:83.625 P3:83.625 P4:83.625 STATE:IDLE
[2026-05-01T04:54:01+02:00] CHK MOM:-0.04% RANGE:0.05% UP:8.33% SPREAD:0.01195886% BID:83.62 ASK:83.63 MID:83.625 P1:83.625 P2:83.625 P3:83.625 P4:83.625 STATE:IDLE
[2026-05-01T04:54:02+02:00] CHK MOM:-0.04% RANGE:0.05% UP:8.33% SPREAD:0.01195886% BID:83.62 ASK:83.63 MID:83.625 P1:83.625 P2:83.625 P3:83.625 P4:83.625 STATE:IDLE
[2026-05-01T04:54:02+02:00] CHK MOM:0.02% RANGE:0.02% UP:20% SPREAD:0.01195743% BID:83.63 ASK:83.64 MID:83.63499999 P1:83.63499999 P2:83.625 P3:83.625 P4:83.625 STATE:IDLE
[2026-05-01T04:54:03+02:00] CHK MOM:0.02% RANGE:0.02% UP:18.18% SPREAD:0.01195743% BID:83.63 ASK:83.64 MID:83.63499999 P1:83.63499999 P2:83.63499999 P3:83.625 P4:83.625 STATE:IDLE
[2026-05-01T04:54:04+02:00] CHK MOM:0.02% RANGE:0.02% UP:18.18% SPREAD:0.01195743% BID:83.63 ASK:83.64 MID:83.63499999 P1:83.63499999 P2:83.63499999 P3:83.625 P4:83.625 STATE:IDLE
[2026-05-01T04:54:04+02:00] CHK MOM:0.02% RANGE:0.02% UP:20% SPREAD:0.01195743% BID:83.63 ASK:83.64 MID:83.63499999 P1:83.63499999 P2:83.63499999 P3:83.63499999 P4:83.625 STATE:IDLE
[2026-05-01T04:54:05+02:00] CHK MOM:0.02% RANGE:0.02% UP:20% SPREAD:0.01195743% BID:83.63 ASK:83.64 MID:83.63499999 P1:83.63499999 P2:83.63499999 P3:83.63499999 P4:83.625 STATE:IDLE
[2026-05-01T04:54:05+02:00] CHK MOM:0.02% RANGE:0.02% UP:18.18% SPREAD:0.01195743% BID:83.63 ASK:83.64 MID:83.63499999 P1:83.63499999 P2:83.63499999 P3:83.63499999 P4:83.63499999 STATE:IDLE
[2026-05-01T04:54:06+02:00] CHK MOM:0.02% RANGE:0.02% UP:18.18% SPREAD:0.01195743% BID:83.63 ASK:83.64 MID:83.63499999 P1:83.63499999 P2:83.63499999 P3:83.63499999 P4:83.63499999 STATE:IDLE
[2026-05-01T04:54:06+02:00] CHK MOM:0.02% RANGE:0.02% UP:18.18% SPREAD:0.01195743% BID:83.63 ASK:83.64 MID:83.63499999 P1:83.63499999 P2:83.63499999 P3:83.63499999 P4:83.63499999 STATE:IDLE
[2026-05-01T04:54:07+02:00] CHK MOM:0.02% RANGE:0.02% UP:18.18% SPREAD:0.01195743% BID:83.63 ASK:83.64 MID:83.63499999 P1:83.63499999 P2:83.63499999 P3:83.63499999 P4:83.63499999 STATE:IDLE
[2026-05-01T04:54:07+02:00] CHK MOM:0.02% RANGE:0.02% UP:18.18% SPREAD:0.01195743% BID:83.63 ASK:83.64 MID:83.63499999 P1:83.63499999 P2:83.63499999 P3:83.63499999 P4:83.63499999 STATE:IDLE
[2026-05-01T04:54:08+02:00] CHK MOM:0.02% RANGE:0.02% UP:18.18% SPREAD:0.01195743% BID:83.63 ASK:83.64 MID:83.63499999 P1:83.63499999 P2:83.63499999 P3:83.63499999 P4:83.63499999 STATE:IDLE
[2026-05-01T04:54:10+02:00] CHK MOM:0.01% RANGE:0.01% UP:11.11% SPREAD:0.01195743% BID:83.63 ASK:83.64 MID:83.63499999 P1:83.63499999 P2:83.63499999 P3:83.63499999 P4:83.63499999 STATE:IDLE
[2026-05-01T04:54:11+02:00] CHK MOM:0.01% RANGE:0.01% UP:10% SPREAD:0.01195743% BID:83.63 ASK:83.64 MID:83.63499999 P1:83.63499999 P2:83.63499999 P3:83.63499999 P4:83.63499999 STATE:IDLE
[2026-05-01T04:54:11+02:00] CHK MOM:0.01% RANGE:0.01% UP:10% SPREAD:0.01195743% BID:83.63 ASK:83.64 MID:83.63499999 P1:83.63499999 P2:83.63499999 P3:83.63499999 P4:83.63499999 STATE:IDLE
[2026-05-01T04:54:12+02:00] CHK MOM:0.01% RANGE:0.01% UP:10% SPREAD:0.01195743% BID:83.63 ASK:83.64 MID:83.63499999 P1:83.63499999 P2:83.63499999 P3:83.63499999 P4:83.63499999 STATE:IDLE
[2026-05-01T04:54:12+02:00] CHK MOM:0.01% RANGE:0.01% UP:10% SPREAD:0.01195743% BID:83.63 ASK:83.64 MID:83.63499999 P1:83.63499999 P2:83.63499999 P3:83.63499999 P4:83.63499999 STATE:IDLE
[2026-05-01T04:54:13+02:00] CHK MOM:0.01% RANGE:0.01% UP:9.09% SPREAD:0.01195743% BID:83.63 ASK:83.64 MID:83.63499999 P1:83.63499999 P2:83.63499999 P3:83.63499999 P4:83.63499999 STATE:IDLE
[2026-05-01T04:54:13+02:00] CHK MOM:0.01% RANGE:0.01% UP:9.09% SPREAD:0.01195743% BID:83.63 ASK:83.64 MID:83.63499999 P1:83.63499999 P2:83.63499999 P3:83.63499999 P4:83.63499999 STATE:IDLE
[2026-05-01T04:54:14+02:00] CHK MOM:0.01% RANGE:0.01% UP:9.09% SPREAD:0.01195743% BID:83.63 ASK:83.64 MID:83.63499999 P1:83.63499999 P2:83.63499999 P3:83.63499999 P4:83.63499999 STATE:IDLE
[2026-05-01T04:54:14+02:00] CHK MOM:0.01% RANGE:0.01% UP:9.09% SPREAD:0.01195743% BID:83.63 ASK:83.64 MID:83.63499999 P1:83.63499999 P2:83.63499999 P3:83.63499999 P4:83.63499999 STATE:IDLE
[2026-05-01T04:54:15+02:00] CHK MOM:0.01% RANGE:0.01% UP:9.09% SPREAD:0.01195743% BID:83.63 ASK:83.64 MID:83.63499999 P1:83.63499999 P2:83.63499999 P3:83.63499999 P4:83.63499999 STATE:IDLE
[2026-05-01T04:54:16+02:00] CHK MOM:0.01% RANGE:0.01% UP:9.09% SPREAD:0.01195743% BID:83.63 ASK:83.64 MID:83.63499999 P1:83.63499999 P2:83.63499999 P3:83.63499999 P4:83.63499999 STATE:IDLE
[2026-05-01T04:54:17+02:00] CHK MOM:0% RANGE:0% UP:0% SPREAD:0.01195743% BID:83.63 ASK:83.64 MID:83.63499999 P1:83.63499999 P2:83.63499999 P3:83.63499999 P4:83.63499999 STATE:IDLE
[2026-05-01T04:54:18+02:00] CHK MOM:-0.01% RANGE:0.01% UP:0% SPREAD:0.01195886% BID:83.62 ASK:83.63 MID:83.625 P1:83.625 P2:83.63499999 P3:83.63499999 P4:83.63499999 STATE:IDLE
[2026-05-01T04:54:18+02:00] CHK MOM:-0.01% RANGE:0.01% UP:0% SPREAD:0.01195886% BID:83.62 ASK:83.63 MID:83.625 P1:83.625 P2:83.625 P3:83.63499999 P4:83.63499999 STATE:IDLE
[2026-05-01T04:54:19+02:00] CHK MOM:-0.01% RANGE:0.01% UP:0% SPREAD:0.01195886% BID:83.62 ASK:83.63 MID:83.625 P1:83.625 P2:83.625 P3:83.625 P4:83.63499999 STATE:IDLE
[2026-05-01T04:54:19+02:00] CHK MOM:-0.01% RANGE:0.01% UP:0% SPREAD:0.01195886% BID:83.62 ASK:83.63 MID:83.625 P1:83.625 P2:83.625 P3:83.625 P4:83.63499999 STATE:IDLE
[2026-05-01T04:54:20+02:00] CHK MOM:-0.01% RANGE:0.01% UP:0% SPREAD:0.01195886% BID:83.62 ASK:83.63 MID:83.625 P1:83.625 P2:83.625 P3:83.625 P4:83.63499999 STATE:IDLE
[2026-05-01T04:54:20+02:00] CHK MOM:-0.01% RANGE:0.01% UP:0% SPREAD:0.01195886% BID:83.62 ASK:83.63 MID:83.625 P1:83.625 P2:83.625 P3:83.625 P4:83.625 STATE:IDLE
[2026-05-01T04:54:21+02:00] CHK MOM:-0.01% RANGE:0.01% UP:0% SPREAD:0.01195886% BID:83.62 ASK:83.63 MID:83.625 P1:83.625 P2:83.625 P3:83.625 P4:83.625 STATE:IDLE
[2026-05-01T04:54:22+02:00] CHK MOM:-0.01% RANGE:0.01% UP:0% SPREAD:0.01195886% BID:83.62 ASK:83.63 MID:83.625 P1:83.625 P2:83.625 P3:83.625 P4:83.625 STATE:IDLE
[2026-05-01T04:54:22+02:00] CHK MOM:-0.01% RANGE:0.01% UP:0% SPREAD:0.01195886% BID:83.62 ASK:83.63 MID:83.625 P1:83.625 P2:83.625 P3:83.625 P4:83.625 STATE:IDLE
[2026-05-01T04:54:23+02:00] CHK MOM:-0.01% RANGE:0.01% UP:0% SPREAD:0.01195886% BID:83.62 ASK:83.63 MID:83.625 P1:83.625 P2:83.625 P3:83.625 P4:83.625 STATE:IDLE
[2026-05-01T04:54:23+02:00] CHK MOM:-0.01% RANGE:0.01% UP:0% SPREAD:0.01195886% BID:83.62 ASK:83.63 MID:83.625 P1:83.625 P2:83.625 P3:83.625 P4:83.625 STATE:IDLE
[2026-05-01T04:54:24+02:00] CHK MOM:-0.01% RANGE:0.01% UP:0% SPREAD:0.01195886% BID:83.62 ASK:83.63 MID:83.625 P1:83.625 P2:83.625 P3:83.625 P4:83.625 STATE:IDLE
[2026-05-01T04:54:24+02:00] CHK MOM:-0.01% RANGE:0.01% UP:0% SPREAD:0.01195886% BID:83.62 ASK:83.63 MID:83.625 P1:83.625 P2:83.625 P3:83.625 P4:83.625 STATE:IDLE
[2026-05-01T04:54:25+02:00] CHK MOM:-0.01% RANGE:0.01% UP:0% SPREAD:0.01195886% BID:83.62 ASK:83.63 MID:83.625 P1:83.625 P2:83.625 P3:83.625 P4:83.625 STATE:IDLE
[2026-05-01T04:54:25+02:00] CHK MOM:-0.01% RANGE:0.01% UP:0% SPREAD:0.01195886% BID:83.62 ASK:83.63 MID:83.625 P1:83.625 P2:83.625 P3:83.625 P4:83.625 STATE:IDLE
[2026-05-01T04:54:26+02:00] CHK MOM:-0.01% RANGE:0.01% UP:0% SPREAD:0.01195886% BID:83.62 ASK:83.63 MID:83.625 P1:83.625 P2:83.625 P3:83.625 P4:83.625 STATE:IDLE
[2026-05-01T04:54:27+02:00] CHK MOM:-0.01% RANGE:0.01% UP:0% SPREAD:0.01195886% BID:83.62 ASK:83.63 MID:83.625 P1:83.625 P2:83.625 P3:83.625 P4:83.625 STATE:IDLE
[2026-05-01T04:54:27+02:00] CHK MOM:-0.01% RANGE:0.01% UP:0% SPREAD:0.01195886% BID:83.62 ASK:83.63 MID:83.625 P1:83.625 P2:83.625 P3:83.625 P4:83.625 STATE:IDLE
[2026-05-01T04:54:28+02:00] CHK MOM:-0.01% RANGE:0.01% UP:0% SPREAD:0.01195886% BID:83.62 ASK:83.63 MID:83.625 P1:83.625 P2:83.625 P3:83.625 P4:83.625 STATE:IDLE
[2026-05-01T04:54:29+02:00] CHK MOM:-0.01% RANGE:0.01% UP:0% SPREAD:0.01195886% BID:83.62 ASK:83.63 MID:83.625 P1:83.625 P2:83.625 P3:83.625 P4:83.625 STATE:IDLE
[2026-05-01T04:54:29+02:00] CHK MOM:-0.01% RANGE:0.01% UP:0% SPREAD:0.01195886% BID:83.62 ASK:83.63 MID:83.625 P1:83.625 P2:83.625 P3:83.625 P4:83.625 STATE:IDLE
[2026-05-01T04:54:30+02:00] CHK MOM:-0.01% RANGE:0.01% UP:0% SPREAD:0.01195886% BID:83.62 ASK:83.63 MID:83.625 P1:83.625 P2:83.625 P3:83.625 P4:83.625 STATE:IDLE
[2026-05-01T04:54:30+02:00] CHK MOM:-0.01% RANGE:0.01% UP:0% SPREAD:0.01195886% BID:83.62 ASK:83.63 MID:83.625 P1:83.625 P2:83.625 P3:83.625 P4:83.625 STATE:IDLE
[2026-05-01T04:54:31+02:00] CHK MOM:-0.01% RANGE:0.01% UP:0% SPREAD:0.01195886% BID:83.62 ASK:83.63 MID:83.625 P1:83.625 P2:83.625 P3:83.625 P4:83.625 STATE:IDLE
[2026-05-01T04:54:31+02:00] CHK MOM:-0.01% RANGE:0.01% UP:0% SPREAD:0.01195886% BID:83.62 ASK:83.63 MID:83.625 P1:83.625 P2:83.625 P3:83.625 P4:83.625 STATE:IDLE
[2026-05-01T04:54:38+02:00] CHK MOM:0% RANGE:0% UP:0% SPREAD:0.01195886% BID:83.62 ASK:83.63 MID:83.625 P1:83.625 P2:83.625 P3:83.625 P4:83.625 STATE:IDLE
[2026-05-01T04:54:38+02:00] CHK MOM:0% RANGE:0% UP:0% SPREAD:0.01195886% BID:83.62 ASK:83.63 MID:83.625 P1:83.625 P2:83.625 P3:83.625 P4:83.625 STATE:IDLE
[2026-05-01T04:54:39+02:00] CHK MOM:0% RANGE:0% UP:0% SPREAD:0.01195886% BID:83.62 ASK:83.63 MID:83.625 P1:83.625 P2:83.625 P3:83.625 P4:83.625 STATE:IDLE
[2026-05-01T04:54:39+02:00] CHK MOM:0% RANGE:0% UP:0% SPREAD:0.01195886% BID:83.62 ASK:83.63 MID:83.625 P1:83.625 P2:83.625 P3:83.625 P4:83.625 STATE:IDLE
[2026-05-01T04:54:40+02:00] CHK MOM:0% RANGE:0% UP:0% SPREAD:0.01195886% BID:83.62 ASK:83.63 MID:83.625 P1:83.625 P2:83.625 P3:83.625 P4:83.625 STATE:IDLE
[2026-05-01T04:54:40+02:00] CHK MOM:0% RANGE:0% UP:0% SPREAD:0.01195886% BID:83.62 ASK:83.63 MID:83.625 P1:83.625 P2:83.625 P3:83.625 P4:83.625 STATE:IDLE
[2026-05-01T04:54:41+02:00] CHK MOM:0% RANGE:0% UP:0% SPREAD:0.01195886% BID:83.62 ASK:83.63 MID:83.625 P1:83.625 P2:83.625 P3:83.625 P4:83.625 STATE:IDLE
[2026-05-01T04:54:41+02:00] CHK MOM:0% RANGE:0% UP:0% SPREAD:0.01195886% BID:83.62 ASK:83.63 MID:83.625 P1:83.625 P2:83.625 P3:83.625 P4:83.625 STATE:IDLE
[2026-05-01T04:54:42+02:00] CHK MOM:0% RANGE:0% UP:0% SPREAD:0.01195886% BID:83.62 ASK:83.63 MID:83.625 P1:83.625 P2:83.625 P3:83.625 P4:83.625 STATE:IDLE
[2026-05-01T04:54:42+02:00] CHK MOM:0% RANGE:0% UP:0% SPREAD:0.01195886% BID:83.62 ASK:83.63 MID:83.625 P1:83.625 P2:83.625 P3:83.625 P4:83.625 STATE:IDLE
[2026-05-01T04:54:43+02:00] CHK MOM:0% RANGE:0% UP:0% SPREAD:0.01195886% BID:83.62 ASK:83.63 MID:83.625 P1:83.625 P2:83.625 P3:83.625 P4:83.625 STATE:IDLE
[2026-05-01T04:54:44+02:00] CHK MOM:0% RANGE:0% UP:0% SPREAD:0.01195886% BID:83.62 ASK:83.63 MID:83.625 P1:83.625 P2:83.625 P3:83.625 P4:83.625 STATE:IDLE
[2026-05-01T04:54:44+02:00] CHK MOM:0% RANGE:0% UP:0% SPREAD:0.01195886% BID:83.62 ASK:83.63 MID:83.625 P1:83.625 P2:83.625 P3:83.625 P4:83.625 STATE:IDLE
[2026-05-01T04:54:45+02:00] CHK MOM:0% RANGE:0% UP:0% SPREAD:0.01195886% BID:83.62 ASK:83.63 MID:83.625 P1:83.625 P2:83.625 P3:83.625 P4:83.625 STATE:IDLE
[2026-05-01T04:54:45+02:00] CHK MOM:0% RANGE:0% UP:0% SPREAD:0.01195886% BID:83.62 ASK:83.63 MID:83.625 P1:83.625 P2:83.625 P3:83.625 P4:83.625 STATE:IDLE
[2026-05-01T04:54:46+02:00] CHK MOM:0% RANGE:0% UP:0% SPREAD:0.01195886% BID:83.62 ASK:83.63 MID:83.625 P1:83.625 P2:83.625 P3:83.625 P4:83.625 STATE:IDLE
[2026-05-01T04:54:46+02:00] CHK MOM:0% RANGE:0% UP:0% SPREAD:0.01195886% BID:83.62 ASK:83.63 MID:83.625 P1:83.625 P2:83.625 P3:83.625 P4:83.625 STATE:IDLE
[2026-05-01T04:54:47+02:00] CHK MOM:0% RANGE:0% UP:0% SPREAD:0.01195886% BID:83.62 ASK:83.63 MID:83.625 P1:83.625 P2:83.625 P3:83.625 P4:83.625 STATE:IDLE
[2026-05-01T04:54:47+02:00] CHK MOM:0% RANGE:0% UP:0% SPREAD:0.01195886% BID:83.62 ASK:83.63 MID:83.625 P1:83.625 P2:83.625 P3:83.625 P4:83.625 STATE:IDLE
[2026-05-01T04:54:48+02:00] CHK MOM:0% RANGE:0% UP:0% SPREAD:0.01195886% BID:83.62 ASK:83.63 MID:83.625 P1:83.625 P2:83.625 P3:83.625 P4:83.625 STATE:IDLE
[2026-05-01T04:54:49+02:00] CHK MOM:0% RANGE:0% UP:0% SPREAD:0.01195886% BID:83.62 ASK:83.63 MID:83.625 P1:83.625 P2:83.625 P3:83.625 P4:83.625 STATE:IDLE
[2026-05-01T04:54:49+02:00] CHK MOM:0% RANGE:0% UP:0% SPREAD:0.01195886% BID:83.62 ASK:83.63 MID:83.625 P1:83.625 P2:83.625 P3:83.625 P4:83.625 STATE:IDLE
[2026-05-01T04:54:50+02:00] CHK MOM:0% RANGE:0% UP:0% SPREAD:0.01195886% BID:83.62 ASK:83.63 MID:83.625 P1:83.625 P2:83.625 P3:83.625 P4:83.625 STATE:IDLE
[2026-05-01T04:54:50+02:00] CHK MOM:0% RANGE:0% UP:0% SPREAD:0.01195886% BID:83.62 ASK:83.63 MID:83.625 P1:83.625 P2:83.625 P3:83.625 P4:83.625 STATE:IDLE
[2026-05-01T04:54:51+02:00] CHK MOM:0% RANGE:0% UP:0% SPREAD:0.01195886% BID:83.62 ASK:83.63 MID:83.625 P1:83.625 P2:83.625 P3:83.625 P4:83.625 STATE:IDLE
[2026-05-01T04:54:51+02:00] CHK MOM:0% RANGE:0% UP:0% SPREAD:0.01195886% BID:83.62 ASK:83.63 MID:83.625 P1:83.625 P2:83.625 P3:83.625 P4:83.625 STATE:IDLE
[2026-05-01T04:54:52+02:00] CHK MOM:0% RANGE:0% UP:0% SPREAD:0.01195886% BID:83.62 ASK:83.63 MID:83.625 P1:83.625 P2:83.625 P3:83.625 P4:83.625 STATE:IDLE
[2026-05-01T04:54:52+02:00] CHK MOM:0% RANGE:0% UP:0% SPREAD:0.01195886% BID:83.62 ASK:83.63 MID:83.625 P1:83.625 P2:83.625 P3:83.625 P4:83.625 STATE:IDLE
[2026-05-01T04:54:53+02:00] CHK MOM:0% RANGE:0% UP:0% SPREAD:0.01195886% BID:83.62 ASK:83.63 MID:83.625 P1:83.625 P2:83.625 P3:83.625 P4:83.625 STATE:IDLE
[2026-05-01T04:54:53+02:00] CHK MOM:0% RANGE:0% UP:0% SPREAD:0.01195886% BID:83.62 ASK:83.63 MID:83.625 P1:83.625 P2:83.625 P3:83.625 P4:83.625 STATE:IDLE
[2026-05-01T04:54:54+02:00] CHK MOM:0% RANGE:0% UP:0% SPREAD:0.01195886% BID:83.62 ASK:83.63 MID:83.625 P1:83.625 P2:83.625 P3:83.625 P4:83.625 STATE:IDLE
[2026-05-01T04:54:55+02:00] CHK MOM:0% RANGE:0% UP:0% SPREAD:0.01195886% BID:83.62 ASK:83.63 MID:83.625 P1:83.625 P2:83.625 P3:83.625 P4:83.625 STATE:IDLE
[2026-05-01T04:54:55+02:00] CHK MOM:0% RANGE:0% UP:0% SPREAD:0.01195886% BID:83.62 ASK:83.63 MID:83.625 P1:83.625 P2:83.625 P3:83.625 P4:83.625 STATE:IDLE
[2026-05-01T04:54:56+02:00] CHK MOM:0% RANGE:0% UP:0% SPREAD:0.01195886% BID:83.62 ASK:83.63 MID:83.625 P1:83.625 P2:83.625 P3:83.625 P4:83.625 STATE:IDLE
[2026-05-01T04:54:56+02:00] CHK MOM:0% RANGE:0% UP:0% SPREAD:0.01195886% BID:83.62 ASK:83.63 MID:83.625 P1:83.625 P2:83.625 P3:83.625 P4:83.625 STATE:IDLE
[2026-05-01T04:54:57+02:00] CHK MOM:0% RANGE:0% UP:0% SPREAD:0.01195886% BID:83.62 ASK:83.63 MID:83.625 P1:83.625 P2:83.625 P3:83.625 P4:83.625 STATE:IDLE
[2026-05-01T04:54:57+02:00] CHK MOM:0% RANGE:0% UP:0% SPREAD:0.01195886% BID:83.62 ASK:83.63 MID:83.625 P1:83.625 P2:83.625 P3:83.625 P4:83.625 STATE:IDLE
[2026-05-01T04:54:58+02:00] CHK MOM:0% RANGE:0% UP:0% SPREAD:0.01195886% BID:83.62 ASK:83.63 MID:83.625 P1:83.625 P2:83.625 P3:83.625 P4:83.625 STATE:IDLE
[2026-05-01T04:54:58+02:00] CHK MOM:0% RANGE:0% UP:0% SPREAD:0.01195886% BID:83.62 ASK:83.63 MID:83.625 P1:83.625 P2:83.625 P3:83.625 P4:83.625 STATE:IDLE
[2026-05-01T04:54:59+02:00] CHK MOM:0% RANGE:0% UP:0% SPREAD:0.01195886% BID:83.62 ASK:83.63 MID:83.625 P1:83.625 P2:83.625 P3:83.625 P4:83.625 STATE:IDLE
[2026-05-01T04:55:00+02:00] CHK MOM:0% RANGE:0% UP:0% SPREAD:0.01195886% BID:83.62 ASK:83.63 MID:83.625 P1:83.625 P2:83.625 P3:83.625 P4:83.625 STATE:IDLE
[2026-05-01T04:55:00+02:00] CHK MOM:-0.01% RANGE:0.01% UP:0% SPREAD:0.01196029% BID:83.61 ASK:83.62 MID:83.615 P1:83.615 P2:83.625 P3:83.625 P4:83.625 STATE:IDLE
[2026-05-01T04:55:01+02:00] CHK MOM:-0.01% RANGE:0.01% UP:0% SPREAD:0.01196029% BID:83.61 ASK:83.62 MID:83.615 P1:83.615 P2:83.615 P3:83.625 P4:83.625 STATE:IDLE
[2026-05-01T04:55:01+02:00] CHK MOM:-0.01% RANGE:0.01% UP:0% SPREAD:0.01196029% BID:83.61 ASK:83.62 MID:83.615 P1:83.615 P2:83.615 P3:83.615 P4:83.625 STATE:IDLE
[2026-05-01T04:55:02+02:00] CHK MOM:-0.01% RANGE:0.01% UP:0% SPREAD:0.01196029% BID:83.61 ASK:83.62 MID:83.615 P1:83.615 P2:83.615 P3:83.615 P4:83.625 STATE:IDLE
[2026-05-01T04:55:02+02:00] CHK MOM:-0.01% RANGE:0.01% UP:0% SPREAD:0.01196029% BID:83.61 ASK:83.62 MID:83.615 P1:83.615 P2:83.615 P3:83.615 P4:83.625 STATE:IDLE
[2026-05-01T04:55:03+02:00] CHK MOM:-0.01% RANGE:0.01% UP:0% SPREAD:0.01196029% BID:83.61 ASK:83.62 MID:83.615 P1:83.615 P2:83.615 P3:83.615 P4:83.615 STATE:IDLE
[2026-05-01T04:55:03+02:00] CHK MOM:-0.01% RANGE:0.01% UP:0% SPREAD:0.01196029% BID:83.61 ASK:83.62 MID:83.615 P1:83.615 P2:83.615 P3:83.615 P4:83.615 STATE:IDLE
[2026-05-01T04:55:04+02:00] CHK MOM:-0.01% RANGE:0.01% UP:0% SPREAD:0.01196029% BID:83.61 ASK:83.62 MID:83.615 P1:83.615 P2:83.615 P3:83.615 P4:83.615 STATE:IDLE
[2026-05-01T04:55:04+02:00] CHK MOM:-0.01% RANGE:0.01% UP:0% SPREAD:0.01196029% BID:83.61 ASK:83.62 MID:83.615 P1:83.615 P2:83.615 P3:83.615 P4:83.615 STATE:IDLE
[2026-05-01T04:55:05+02:00] CHK MOM:-0.01% RANGE:0.01% UP:0% SPREAD:0.01196029% BID:83.61 ASK:83.62 MID:83.615 P1:83.615 P2:83.615 P3:83.615 P4:83.615 STATE:IDLE
[2026-05-01T04:55:07+02:00] CHK MOM:-0.01% RANGE:0.01% UP:0% SPREAD:0.01196029% BID:83.61 ASK:83.62 MID:83.615 P1:83.615 P2:83.615 P3:83.615 P4:83.615 STATE:IDLE
[2026-05-01T04:55:07+02:00] CHK MOM:-0.01% RANGE:0.01% UP:0% SPREAD:0.01196029% BID:83.61 ASK:83.62 MID:83.615 P1:83.615 P2:83.615 P3:83.615 P4:83.615 STATE:IDLE
[2026-05-01T04:55:08+02:00] CHK MOM:-0.01% RANGE:0.01% UP:0% SPREAD:0.01196029% BID:83.61 ASK:83.62 MID:83.615 P1:83.615 P2:83.615 P3:83.615 P4:83.615 STATE:IDLE
[2026-05-01T04:55:08+02:00] CHK MOM:-0.01% RANGE:0.01% UP:0% SPREAD:0.01196029% BID:83.61 ASK:83.62 MID:83.615 P1:83.615 P2:83.615 P3:83.615 P4:83.615 STATE:IDLE
[2026-05-01T04:55:09+02:00] CHK MOM:-0.01% RANGE:0.01% UP:0% SPREAD:0.01196029% BID:83.61 ASK:83.62 MID:83.615 P1:83.615 P2:83.615 P3:83.615 P4:83.615 STATE:IDLE
[2026-05-01T04:55:09+02:00] CHK MOM:-0.01% RANGE:0.01% UP:0% SPREAD:0.01196029% BID:83.61 ASK:83.62 MID:83.615 P1:83.615 P2:83.615 P3:83.615 P4:83.615 STATE:IDLE
[2026-05-01T04:55:10+02:00] CHK MOM:-0.01% RANGE:0.01% UP:0% SPREAD:0.01196029% BID:83.61 ASK:83.62 MID:83.615 P1:83.615 P2:83.615 P3:83.615 P4:83.615 STATE:IDLE
[2026-05-01T04:55:11+02:00] CHK MOM:-0.01% RANGE:0.01% UP:0% SPREAD:0.01196029% BID:83.61 ASK:83.62 MID:83.615 P1:83.615 P2:83.615 P3:83.615 P4:83.615 STATE:IDLE
[2026-05-01T04:55:11+02:00] CHK MOM:-0.01% RANGE:0.01% UP:0% SPREAD:0.01196029% BID:83.61 ASK:83.62 MID:83.615 P1:83.615 P2:83.615 P3:83.615 P4:83.615 STATE:IDLE
[2026-05-01T04:55:17+02:00] CHK MOM:0% RANGE:0% UP:0% SPREAD:0.01196029% BID:83.61 ASK:83.62 MID:83.615 P1:83.615 P2:83.615 P3:83.615 P4:83.615 STATE:IDLE
[2026-05-01T04:55:17+02:00] CHK MOM:0% RANGE:0% UP:0% SPREAD:0.01196029% BID:83.61 ASK:83.62 MID:83.615 P1:83.615 P2:83.615 P3:83.615 P4:83.615 STATE:IDLE
[2026-05-01T04:55:18+02:00] CHK MOM:0% RANGE:0% UP:0% SPREAD:0.01196029% BID:83.61 ASK:83.62 MID:83.615 P1:83.615 P2:83.615 P3:83.615 P4:83.615 STATE:IDLE
[2026-05-01T04:55:18+02:00] CHK MOM:0% RANGE:0% UP:0% SPREAD:0.01196029% BID:83.61 ASK:83.62 MID:83.615 P1:83.615 P2:83.615 P3:83.615 P4:83.615 STATE:IDLE
[2026-05-01T04:55:19+02:00] CHK MOM:0% RANGE:0% UP:0% SPREAD:0.01196029% BID:83.61 ASK:83.62 MID:83.615 P1:83.615 P2:83.615 P3:83.615 P4:83.615 STATE:IDLE
[2026-05-01T04:55:19+02:00] CHK MOM:0% RANGE:0% UP:0% SPREAD:0.01196029% BID:83.61 ASK:83.62 MID:83.615 P1:83.615 P2:83.615 P3:83.615 P4:83.615 STATE:IDLE
[2026-05-01T04:55:20+02:00] CHK MOM:0% RANGE:0% UP:0% SPREAD:0.01196029% BID:83.61 ASK:83.62 MID:83.615 P1:83.615 P2:83.615 P3:83.615 P4:83.615 STATE:IDLE
[2026-05-01T04:55:20+02:00] CHK MOM:0% RANGE:0% UP:0% SPREAD:0.01196029% BID:83.61 ASK:83.62 MID:83.615 P1:83.615 P2:83.615 P3:83.615 P4:83.615 STATE:IDLE
[2026-05-01T04:55:21+02:00] CHK MOM:0% RANGE:0% UP:0% SPREAD:0.01196029% BID:83.61 ASK:83.62 MID:83.615 P1:83.615 P2:83.615 P3:83.615 P4:83.615 STATE:IDLE
[2026-05-01T04:55:21+02:00] CHK MOM:0% RANGE:0% UP:0% SPREAD:0.01196029% BID:83.61 ASK:83.62 MID:83.615 P1:83.615 P2:83.615 P3:83.615 P4:83.615 STATE:IDLE
[2026-05-01T04:55:22+02:00] CHK MOM:0% RANGE:0% UP:0% SPREAD:0.01196029% BID:83.61 ASK:83.62 MID:83.615 P1:83.615 P2:83.615 P3:83.615 P4:83.615 STATE:IDLE
[2026-05-01T04:55:23+02:00] CHK MOM:0% RANGE:0% UP:0% SPREAD:0.01196029% BID:83.61 ASK:83.62 MID:83.615 P1:83.615 P2:83.615 P3:83.615 P4:83.615 STATE:IDLE
[2026-05-01T04:55:23+02:00] CHK MOM:0% RANGE:0% UP:0% SPREAD:0.01196029% BID:83.61 ASK:83.62 MID:83.615 P1:83.615 P2:83.615 P3:83.615 P4:83.615 STATE:IDLE
[2026-05-01T04:55:24+02:00] CHK MOM:0% RANGE:0% UP:0% SPREAD:0.01196029% BID:83.61 ASK:83.62 MID:83.615 P1:83.615 P2:83.615 P3:83.615 P4:83.615 STATE:IDLE
[2026-05-01T04:55:24+02:00] CHK MOM:0% RANGE:0% UP:0% SPREAD:0.01196029% BID:83.61 ASK:83.62 MID:83.615 P1:83.615 P2:83.615 P3:83.615 P4:83.615 STATE:IDLE
[2026-05-01T04:55:25+02:00] CHK MOM:0% RANGE:0% UP:0% SPREAD:0.01196029% BID:83.61 ASK:83.62 MID:83.615 P1:83.615 P2:83.615 P3:83.615 P4:83.615 STATE:IDLE
[2026-05-01T04:55:25+02:00] CHK MOM:0% RANGE:0% UP:0% SPREAD:0.01196029% BID:83.61 ASK:83.62 MID:83.615 P1:83.615 P2:83.615 P3:83.615 P4:83.615 STATE:IDLE
[2026-05-01T04:55:26+02:00] CHK MOM:0% RANGE:0% UP:0% SPREAD:0.01196029% BID:83.61 ASK:83.62 MID:83.615 P1:83.615 P2:83.615 P3:83.615 P4:83.615 STATE:IDLE
[2026-05-01T04:55:26+02:00] CHK MOM:0% RANGE:0% UP:0% SPREAD:0.01196029% BID:83.61 ASK:83.62 MID:83.615 P1:83.615 P2:83.615 P3:83.615 P4:83.615 STATE:IDLE
[2026-05-01T04:55:27+02:00] CHK MOM:0% RANGE:0% UP:0% SPREAD:0.01196029% BID:83.61 ASK:83.62 MID:83.615 P1:83.615 P2:83.615 P3:83.615 P4:83.615 STATE:IDLE
[2026-05-01T04:55:28+02:00] CHK MOM:0% RANGE:0% UP:0% SPREAD:0.01196029% BID:83.61 ASK:83.62 MID:83.615 P1:83.615 P2:83.615 P3:83.615 P4:83.615 STATE:IDLE
[2026-05-01T04:55:28+02:00] CHK MOM:-0.01% RANGE:0.01% UP:0% SPREAD:0.01196172% BID:83.6 ASK:83.61 MID:83.60499999 P1:83.60499999 P2:83.615 P3:83.615 P4:83.615 STATE:IDLE
[2026-05-01T04:55:29+02:00] CHK MOM:-0.01% RANGE:0.01% UP:0% SPREAD:0.01196172% BID:83.6 ASK:83.61 MID:83.60499999 P1:83.60499999 P2:83.615 P3:83.615 P4:83.615 STATE:IDLE
[2026-05-01T04:55:29+02:00] CHK MOM:-0.01% RANGE:0.01% UP:0% SPREAD:0.01196172% BID:83.6 ASK:83.61 MID:83.60499999 P1:83.60499999 P2:83.615 P3:83.615 P4:83.615 STATE:IDLE
[2026-05-01T04:55:30+02:00] CHK MOM:-0.01% RANGE:0.01% UP:0% SPREAD:0.01196172% BID:83.6 ASK:83.61 MID:83.60499999 P1:83.60499999 P2:83.60499999 P3:83.615 P4:83.615 STATE:IDLE
[2026-05-01T04:55:30+02:00] CHK MOM:-0.01% RANGE:0.01% UP:0% SPREAD:0.01196172% BID:83.6 ASK:83.61 MID:83.60499999 P1:83.60499999 P2:83.60499999 P3:83.60499999 P4:83.615 STATE:IDLE
[2026-05-01T04:55:31+02:00] CHK MOM:-0.01% RANGE:0.01% UP:0% SPREAD:0.01196172% BID:83.6 ASK:83.61 MID:83.60499999 P1:83.60499999 P2:83.60499999 P3:83.60499999 P4:83.60499999 STATE:IDLE
[2026-05-01T04:55:31+02:00] CHK MOM:-0.01% RANGE:0.01% UP:0% SPREAD:0.01196172% BID:83.6 ASK:83.61 MID:83.60499999 P1:83.60499999 P2:83.60499999 P3:83.60499999 P4:83.60499999 STATE:IDLE
[2026-05-01T04:55:32+02:00] CHK MOM:-0.01% RANGE:0.01% UP:0% SPREAD:0.01196172% BID:83.6 ASK:83.61 MID:83.60499999 P1:83.60499999 P2:83.60499999 P3:83.60499999 P4:83.60499999 STATE:IDLE
[2026-05-01T04:55:32+02:00] CHK MOM:-0.01% RANGE:0.01% UP:0% SPREAD:0.01196172% BID:83.6 ASK:83.61 MID:83.60499999 P1:83.60499999 P2:83.60499999 P3:83.60499999 P4:83.60499999 STATE:IDLE
[2026-05-01T04:55:33+02:00] CHK MOM:-0.01% RANGE:0.01% UP:0% SPREAD:0.01196172% BID:83.6 ASK:83.61 MID:83.60499999 P1:83.60499999 P2:83.60499999 P3:83.60499999 P4:83.60499999 STATE:IDLE
[2026-05-01T04:55:34+02:00] CHK MOM:-0.01% RANGE:0.01% UP:0% SPREAD:0.01196172% BID:83.6 ASK:83.61 MID:83.60499999 P1:83.60499999 P2:83.60499999 P3:83.60499999 P4:83.60499999 STATE:IDLE
[2026-05-01T04:55:34+02:00] CHK MOM:-0.01% RANGE:0.01% UP:0% SPREAD:0.01196172% BID:83.6 ASK:83.61 MID:83.60499999 P1:83.60499999 P2:83.60499999 P3:83.60499999 P4:83.60499999 STATE:IDLE
[2026-05-01T04:55:35+02:00] CHK MOM:-0.01% RANGE:0.01% UP:0% SPREAD:0.01196172% BID:83.6 ASK:83.61 MID:83.60499999 P1:83.60499999 P2:83.60499999 P3:83.60499999 P4:83.60499999 STATE:IDLE
[2026-05-01T04:55:35+02:00] CHK MOM:-0.01% RANGE:0.01% UP:0% SPREAD:0.01196172% BID:83.6 ASK:83.61 MID:83.60499999 P1:83.60499999 P2:83.60499999 P3:83.60499999 P4:83.60499999 STATE:IDLE
[2026-05-01T04:55:36+02:00] CHK MOM:-0.01% RANGE:0.01% UP:0% SPREAD:0.01196172% BID:83.6 ASK:83.61 MID:83.60499999 P1:83.60499999 P2:83.60499999 P3:83.60499999 P4:83.60499999 STATE:IDLE
[2026-05-01T04:55:36+02:00] CHK MOM:-0.01% RANGE:0.01% UP:0% SPREAD:0.01196172% BID:83.6 ASK:83.61 MID:83.60499999 P1:83.60499999 P2:83.60499999 P3:83.60499999 P4:83.60499999 STATE:IDLE
[2026-05-01T04:55:37+02:00] CHK MOM:-0.01% RANGE:0.01% UP:0% SPREAD:0.01196172% BID:83.6 ASK:83.61 MID:83.60499999 P1:83.60499999 P2:83.60499999 P3:83.60499999 P4:83.60499999 STATE:IDLE
[2026-05-01T04:55:37+02:00] CHK MOM:-0.01% RANGE:0.01% UP:0% SPREAD:0.01196172% BID:83.6 ASK:83.61 MID:83.60499999 P1:83.60499999 P2:83.60499999 P3:83.60499999 P4:83.60499999 STATE:IDLE
[2026-05-01T04:55:38+02:00] CHK MOM:-0.01% RANGE:0.01% UP:0% SPREAD:0.01196172% BID:83.6 ASK:83.61 MID:83.60499999 P1:83.60499999 P2:83.60499999 P3:83.60499999 P4:83.60499999 STATE:IDLE
[2026-05-01T04:55:39+02:00] CHK MOM:-0.01% RANGE:0.01% UP:0% SPREAD:0.01196172% BID:83.6 ASK:83.61 MID:83.60499999 P1:83.60499999 P2:83.60499999 P3:83.60499999 P4:83.60499999 STATE:IDLE
[2026-05-01T04:55:39+02:00] CHK MOM:-0.01% RANGE:0.01% UP:0% SPREAD:0.01196172% BID:83.6 ASK:83.61 MID:83.60499999 P1:83.60499999 P2:83.60499999 P3:83.60499999 P4:83.60499999 STATE:IDLE
[2026-05-01T04:55:40+02:00] CHK MOM:-0.01% RANGE:0.01% UP:0% SPREAD:0.01196172% BID:83.6 ASK:83.61 MID:83.60499999 P1:83.60499999 P2:83.60499999 P3:83.60499999 P4:83.60499999 STATE:IDLE
[2026-05-01T04:55:42+02:00] CHK MOM:-0.01% RANGE:0.01% UP:0% SPREAD:0.01196172% BID:83.6 ASK:83.61 MID:83.60499999 P1:83.60499999 P2:83.60499999 P3:83.60499999 P4:83.60499999 STATE:IDLE
[2026-05-01T04:55:42+02:00] CHK MOM:-0.01% RANGE:0.01% UP:0% SPREAD:0.01196172% BID:83.6 ASK:83.61 MID:83.60499999 P1:83.60499999 P2:83.60499999 P3:83.60499999 P4:83.60499999 STATE:IDLE
[2026-05-01T04:55:43+02:00] CHK MOM:-0.01% RANGE:0.01% UP:0% SPREAD:0.01196172% BID:83.6 ASK:83.61 MID:83.60499999 P1:83.60499999 P2:83.60499999 P3:83.60499999 P4:83.60499999 STATE:IDLE
[2026-05-01T04:55:43+02:00] CHK MOM:-0.01% RANGE:0.01% UP:0% SPREAD:0.01196172% BID:83.6 ASK:83.61 MID:83.60499999 P1:83.60499999 P2:83.60499999 P3:83.60499999 P4:83.60499999 STATE:IDLE
[2026-05-01T04:55:44+02:00] CHK MOM:-0.01% RANGE:0.01% UP:0% SPREAD:0.01196172% BID:83.6 ASK:83.61 MID:83.60499999 P1:83.60499999 P2:83.60499999 P3:83.60499999 P4:83.60499999 STATE:IDLE
[2026-05-01T04:55:45+02:00] CHK MOM:-0.01% RANGE:0.01% UP:0% SPREAD:0.01196172% BID:83.6 ASK:83.61 MID:83.60499999 P1:83.60499999 P2:83.60499999 P3:83.60499999 P4:83.60499999 STATE:IDLE
[2026-05-01T04:55:50+02:00] CHK MOM:0% RANGE:0% UP:0% SPREAD:0.01196172% BID:83.6 ASK:83.61 MID:83.60499999 P1:83.60499999 P2:83.60499999 P3:83.60499999 P4:83.60499999 STATE:IDLE
[2026-05-01T04:55:50+02:00] CHK MOM:0% RANGE:0% UP:0% SPREAD:0.01196172% BID:83.6 ASK:83.61 MID:83.60499999 P1:83.60499999 P2:83.60499999 P3:83.60499999 P4:83.60499999 STATE:IDLE
[2026-05-01T04:55:51+02:00] CHK MOM:0% RANGE:0% UP:0% SPREAD:0.01196172% BID:83.6 ASK:83.61 MID:83.60499999 P1:83.60499999 P2:83.60499999 P3:83.60499999 P4:83.60499999 STATE:IDLE
[2026-05-01T04:55:51+02:00] CHK MOM:0% RANGE:0% UP:0% SPREAD:0.01196172% BID:83.6 ASK:83.61 MID:83.60499999 P1:83.60499999 P2:83.60499999 P3:83.60499999 P4:83.60499999 STATE:IDLE
[2026-05-01T04:55:52+02:00] CHK MOM:0% RANGE:0% UP:0% SPREAD:0.01196172% BID:83.6 ASK:83.61 MID:83.60499999 P1:83.60499999 P2:83.60499999 P3:83.60499999 P4:83.60499999 STATE:IDLE
[2026-05-01T04:55:58+02:00] CHK MOM:0% RANGE:0% UP:0% SPREAD:0.01196172% BID:83.6 ASK:83.61 MID:83.60499999 P1:83.60499999 P2:83.60499999 P3:83.60499999 P4:83.60499999 STATE:IDLE
[2026-05-01T04:55:59+02:00] CHK MOM:0% RANGE:0% UP:0% SPREAD:0.01196172% BID:83.6 ASK:83.61 MID:83.60499999 P1:83.60499999 P2:83.60499999 P3:83.60499999 P4:83.60499999 STATE:IDLE
[2026-05-01T04:55:59+02:00] CHK MOM:0% RANGE:0% UP:0% SPREAD:0.01196172% BID:83.6 ASK:83.61 MID:83.60499999 P1:83.60499999 P2:83.60499999 P3:83.60499999 P4:83.60499999 STATE:IDLE
[2026-05-01T04:56:00+02:00] CHK MOM:0% RANGE:0% UP:0% SPREAD:0.01196172% BID:83.6 ASK:83.61 MID:83.60499999 P1:83.60499999 P2:83.60499999 P3:83.60499999 P4:83.60499999 STATE:IDLE
[2026-05-01T04:56:00+02:00] CHK MOM:0% RANGE:0% UP:0% SPREAD:0.01196172% BID:83.6 ASK:83.61 MID:83.60499999 P1:83.60499999 P2:83.60499999 P3:83.60499999 P4:83.60499999 STATE:IDLE
[2026-05-01T04:56:01+02:00] CHK MOM:0% RANGE:0% UP:0% SPREAD:0.01196172% BID:83.6 ASK:83.61 MID:83.60499999 P1:83.60499999 P2:83.60499999 P3:83.60499999 P4:83.60499999 STATE:IDLE
