[2026-05-01T04:15:32+02:00] SESSION_START symbol=SOMIUSDC dry_run=1 profile=major strategy=momentum base_url=https://api.binance.com
[2026-05-01T04:15:32+02:00] TOXIC_MEMORY_LOADED count=17 symbols=0GUSDC,AAVEUSDC,CFGUSDC,DASHUSDC,ENJUSDC,FETUSDC,GIGGLEUSDC,GUNUSDC,HBARUSDC,KITEUSDC
[2026-05-01T04:15:37+02:00] CHK MOM:0% RANGE:0% UP:0% SPREAD:0.05364806% BID:0.1864 ASK:0.1865 MID:0.18645 P1:0.18645 P2:NA P3:NA P4:NA STATE:IDLE
[2026-05-01T04:15:38+02:00] CHK MOM:0% RANGE:0% UP:0% SPREAD:0.05364806% BID:0.1864 ASK:0.1865 MID:0.18645 P1:0.18645 P2:NA P3:NA P4:NA STATE:IDLE
[2026-05-01T04:15:38+02:00] CHK MOM:0% RANGE:0% UP:0% SPREAD:0.05364806% BID:0.1864 ASK:0.1865 MID:0.18645 P1:0.18645 P2:NA P3:NA P4:NA STATE:IDLE
[2026-05-01T04:15:39+02:00] CHK MOM:0% RANGE:0% UP:0% SPREAD:0.05364806% BID:0.1864 ASK:0.1865 MID:0.18645 P1:0.18645 P2:NA P3:NA P4:NA STATE:IDLE
[2026-05-01T04:15:39+02:00] CHK MOM:0% RANGE:0% UP:0% SPREAD:0.05364806% BID:0.1864 ASK:0.1865 MID:0.18645 P1:0.18645 P2:NA P3:NA P4:NA STATE:IDLE
[2026-05-01T04:15:56+02:00] CHK MOM:0% RANGE:0% UP:0% SPREAD:0.05367686% BID:0.1863 ASK:0.1864 MID:0.18635 P1:0.18635 P2:0.18645 P3:NA P4:NA STATE:IDLE
[2026-05-01T04:15:57+02:00] CHK MOM:0% RANGE:0% UP:0% SPREAD:0.05367686% BID:0.1863 ASK:0.1864 MID:0.18635 P1:0.18635 P2:0.18645 P3:NA P4:NA STATE:IDLE
[2026-05-01T04:15:57+02:00] CHK MOM:0% RANGE:0% UP:0% SPREAD:0.05367686% BID:0.1863 ASK:0.1864 MID:0.18635 P1:0.18635 P2:0.18645 P3:NA P4:NA STATE:IDLE
[2026-05-01T04:15:58+02:00] CHK MOM:0% RANGE:0% UP:0% SPREAD:0.05367686% BID:0.1863 ASK:0.1864 MID:0.18635 P1:0.18635 P2:0.18645 P3:NA P4:NA STATE:IDLE
[2026-05-01T04:15:58+02:00] CHK MOM:0% RANGE:0% UP:0% SPREAD:0.05367686% BID:0.1863 ASK:0.1864 MID:0.18635 P1:0.18635 P2:0.18645 P3:NA P4:NA STATE:IDLE
[2026-05-01T04:16:10+02:00] CHK MOM:0% RANGE:0% UP:0% SPREAD:0.05367686% BID:0.1863 ASK:0.1864 MID:0.18635 P1:0.18635 P2:0.18635 P3:0.18645 P4:NA STATE:IDLE
[2026-05-01T04:16:11+02:00] CHK MOM:0% RANGE:0% UP:0% SPREAD:0.05367686% BID:0.1863 ASK:0.1864 MID:0.18635 P1:0.18635 P2:0.18635 P3:0.18645 P4:NA STATE:IDLE
[2026-05-01T04:16:11+02:00] CHK MOM:0% RANGE:0% UP:0% SPREAD:0.05367686% BID:0.1863 ASK:0.1864 MID:0.18635 P1:0.18635 P2:0.18635 P3:0.18645 P4:NA STATE:IDLE
[2026-05-01T04:16:12+02:00] CHK MOM:0% RANGE:0% UP:0% SPREAD:0.05367686% BID:0.1863 ASK:0.1864 MID:0.18635 P1:0.18635 P2:0.18635 P3:0.18645 P4:NA STATE:IDLE
[2026-05-01T04:16:12+02:00] CHK MOM:0% RANGE:0% UP:0% SPREAD:0.05367686% BID:0.1863 ASK:0.1864 MID:0.18635 P1:0.18635 P2:0.18635 P3:0.18645 P4:NA STATE:IDLE
[2026-05-01T04:16:13+02:00] CHK MOM:0.05% RANGE:0.05% UP:100% SPREAD:0.05364806% BID:0.1864 ASK:0.1865 MID:0.18645 P1:0.18645 P2:0.18635 P3:0.18635 P4:0.18645 STATE:IDLE
[2026-05-01T04:16:13+02:00] CHK MOM:0.05% RANGE:0.05% UP:100% SPREAD:0.05364806% BID:0.1864 ASK:0.1865 MID:0.18645 P1:0.18645 P2:0.18635 P3:0.18635 P4:0.18645 STATE:IDLE
[2026-05-01T04:16:14+02:00] CHK MOM:0.05% RANGE:0.05% UP:100% SPREAD:0.05364806% BID:0.1864 ASK:0.1865 MID:0.18645 P1:0.18645 P2:0.18635 P3:0.18635 P4:0.18645 STATE:IDLE
[2026-05-01T04:16:14+02:00] CHK MOM:0.05% RANGE:0.05% UP:100% SPREAD:0.05364806% BID:0.1864 ASK:0.1865 MID:0.18645 P1:0.18645 P2:0.18635 P3:0.18635 P4:0.18645 STATE:IDLE
[2026-05-01T04:16:15+02:00] CHK MOM:0.05% RANGE:0.05% UP:100% SPREAD:0.05364806% BID:0.1864 ASK:0.1865 MID:0.18645 P1:0.18645 P2:0.18635 P3:0.18635 P4:0.18645 STATE:IDLE
[2026-05-01T04:16:16+02:00] CHK MOM:0.05% RANGE:0.05% UP:100% SPREAD:0.05364806% BID:0.1864 ASK:0.1865 MID:0.18645 P1:0.18645 P2:0.18635 P3:0.18635 P4:0.18645 STATE:IDLE
[2026-05-01T04:16:21+02:00] CHK MOM:0% RANGE:0.05% UP:50% SPREAD:0.05367686% BID:0.1863 ASK:0.1864 MID:0.18635 P1:0.18635 P2:0.18645 P3:0.18635 P4:0.18635 STATE:IDLE
[2026-05-01T04:16:22+02:00] CHK MOM:0% RANGE:0.05% UP:50% SPREAD:0.05367686% BID:0.1863 ASK:0.1864 MID:0.18635 P1:0.18635 P2:0.18645 P3:0.18635 P4:0.18635 STATE:IDLE
[2026-05-01T04:16:22+02:00] CHK MOM:0% RANGE:0.05% UP:50% SPREAD:0.05367686% BID:0.1863 ASK:0.1864 MID:0.18635 P1:0.18635 P2:0.18645 P3:0.18635 P4:0.18635 STATE:IDLE
[2026-05-01T04:16:23+02:00] CHK MOM:0% RANGE:0.05% UP:50% SPREAD:0.05367686% BID:0.1863 ASK:0.1864 MID:0.18635 P1:0.18635 P2:0.18645 P3:0.18635 P4:0.18635 STATE:IDLE
[2026-05-01T04:16:23+02:00] CHK MOM:0% RANGE:0.05% UP:50% SPREAD:0.05367686% BID:0.1863 ASK:0.1864 MID:0.18635 P1:0.18635 P2:0.18645 P3:0.18635 P4:0.18635 STATE:IDLE
[2026-05-01T04:16:27+02:00] CHK MOM:-0.05% RANGE:0.05% UP:0% SPREAD:0.05367686% BID:0.1863 ASK:0.1864 MID:0.18635 P1:0.18635 P2:0.18635 P3:0.18645 P4:0.18635 STATE:IDLE
[2026-05-01T04:16:27+02:00] CHK MOM:-0.05% RANGE:0.05% UP:0% SPREAD:0.05367686% BID:0.1863 ASK:0.1864 MID:0.18635 P1:0.18635 P2:0.18635 P3:0.18645 P4:0.18635 STATE:IDLE
[2026-05-01T04:16:28+02:00] CHK MOM:-0.05% RANGE:0.05% UP:0% SPREAD:0.05367686% BID:0.1863 ASK:0.1864 MID:0.18635 P1:0.18635 P2:0.18635 P3:0.18645 P4:0.18635 STATE:IDLE
[2026-05-01T04:16:28+02:00] CHK MOM:-0.05% RANGE:0.05% UP:0% SPREAD:0.05367686% BID:0.1863 ASK:0.1864 MID:0.18635 P1:0.18635 P2:0.18635 P3:0.18645 P4:0.18635 STATE:IDLE
[2026-05-01T04:16:29+02:00] CHK MOM:-0.05% RANGE:0.05% UP:0% SPREAD:0.05367686% BID:0.1863 ASK:0.1864 MID:0.18635 P1:0.18635 P2:0.18635 P3:0.18645 P4:0.18635 STATE:IDLE
[2026-05-01T04:16:33+02:00] CHK MOM:0% RANGE:0% UP:0% SPREAD:0.05367686% BID:0.1863 ASK:0.1864 MID:0.18635 P1:0.18635 P2:0.18635 P3:0.18635 P4:0.18645 STATE:IDLE
[2026-05-01T04:16:34+02:00] CHK MOM:0% RANGE:0% UP:0% SPREAD:0.05367686% BID:0.1863 ASK:0.1864 MID:0.18635 P1:0.18635 P2:0.18635 P3:0.18635 P4:0.18645 STATE:IDLE
[2026-05-01T04:16:34+02:00] CHK MOM:0% RANGE:0% UP:0% SPREAD:0.05367686% BID:0.1863 ASK:0.1864 MID:0.18635 P1:0.18635 P2:0.18635 P3:0.18635 P4:0.18645 STATE:IDLE
[2026-05-01T04:16:35+02:00] CHK MOM:0% RANGE:0% UP:0% SPREAD:0.05367686% BID:0.1863 ASK:0.1864 MID:0.18635 P1:0.18635 P2:0.18635 P3:0.18635 P4:0.18645 STATE:IDLE
[2026-05-01T04:16:35+02:00] CHK MOM:0% RANGE:0% UP:0% SPREAD:0.05367686% BID:0.1863 ASK:0.1864 MID:0.18635 P1:0.18635 P2:0.18635 P3:0.18635 P4:0.18645 STATE:IDLE
[2026-05-01T04:16:50+02:00] CHK MOM:0% RANGE:0% UP:0% SPREAD:0.05364806% BID:0.1864 ASK:0.1865 MID:0.18645 P1:0.18645 P2:0.18635 P3:0.18635 P4:0.18635 STATE:IDLE
[2026-05-01T04:16:50+02:00] CHK MOM:0% RANGE:0% UP:0% SPREAD:0.05364806% BID:0.1864 ASK:0.1865 MID:0.18645 P1:0.18645 P2:0.18635 P3:0.18635 P4:0.18635 STATE:IDLE
[2026-05-01T04:16:51+02:00] CHK MOM:0% RANGE:0% UP:0% SPREAD:0.05364806% BID:0.1864 ASK:0.1865 MID:0.18645 P1:0.18645 P2:0.18635 P3:0.18635 P4:0.18635 STATE:IDLE
[2026-05-01T04:16:51+02:00] CHK MOM:0% RANGE:0% UP:0% SPREAD:0.05364806% BID:0.1864 ASK:0.1865 MID:0.18645 P1:0.18645 P2:0.18635 P3:0.18635 P4:0.18635 STATE:IDLE
[2026-05-01T04:16:52+02:00] CHK MOM:0% RANGE:0% UP:0% SPREAD:0.05364806% BID:0.1864 ASK:0.1865 MID:0.18645 P1:0.18645 P2:0.18635 P3:0.18635 P4:0.18635 STATE:IDLE
[2026-05-01T04:16:53+02:00] CHK MOM:0% RANGE:0% UP:0% SPREAD:0.05364806% BID:0.1864 ASK:0.1865 MID:0.18645 P1:0.18645 P2:0.18645 P3:0.18635 P4:0.18635 STATE:IDLE
[2026-05-01T04:16:53+02:00] CHK MOM:0% RANGE:0% UP:0% SPREAD:0.05364806% BID:0.1864 ASK:0.1865 MID:0.18645 P1:0.18645 P2:0.18645 P3:0.18635 P4:0.18635 STATE:IDLE
[2026-05-01T04:16:54+02:00] CHK MOM:0% RANGE:0% UP:0% SPREAD:0.05364806% BID:0.1864 ASK:0.1865 MID:0.18645 P1:0.18645 P2:0.18645 P3:0.18635 P4:0.18635 STATE:IDLE
[2026-05-01T04:16:54+02:00] CHK MOM:0% RANGE:0% UP:0% SPREAD:0.05364806% BID:0.1864 ASK:0.1865 MID:0.18645 P1:0.18645 P2:0.18645 P3:0.18635 P4:0.18635 STATE:IDLE
[2026-05-01T04:16:55+02:00] CHK MOM:0% RANGE:0% UP:0% SPREAD:0.05364806% BID:0.1864 ASK:0.1865 MID:0.18645 P1:0.18645 P2:0.18645 P3:0.18635 P4:0.18635 STATE:IDLE
[2026-05-01T04:17:03+02:00] CHK MOM:0% RANGE:0% UP:0% SPREAD:0.05364806% BID:0.1864 ASK:0.1865 MID:0.18645 P1:0.18645 P2:0.18645 P3:0.18645 P4:0.18635 STATE:IDLE
[2026-05-01T04:17:04+02:00] CHK MOM:0% RANGE:0% UP:0% SPREAD:0.05364806% BID:0.1864 ASK:0.1865 MID:0.18645 P1:0.18645 P2:0.18645 P3:0.18645 P4:0.18635 STATE:IDLE
[2026-05-01T04:17:04+02:00] CHK MOM:0% RANGE:0% UP:0% SPREAD:0.05364806% BID:0.1864 ASK:0.1865 MID:0.18645 P1:0.18645 P2:0.18645 P3:0.18645 P4:0.18635 STATE:IDLE
[2026-05-01T04:17:05+02:00] CHK MOM:0% RANGE:0% UP:0% SPREAD:0.05364806% BID:0.1864 ASK:0.1865 MID:0.18645 P1:0.18645 P2:0.18645 P3:0.18645 P4:0.18635 STATE:IDLE
[2026-05-01T04:17:05+02:00] CHK MOM:0% RANGE:0% UP:0% SPREAD:0.05364806% BID:0.1864 ASK:0.1865 MID:0.18645 P1:0.18645 P2:0.18645 P3:0.18645 P4:0.18635 STATE:IDLE
[2026-05-01T04:17:28+02:00] CHK MOM:0% RANGE:0% UP:0% SPREAD:0.05367686% BID:0.1863 ASK:0.1864 MID:0.18635 P1:0.18635 P2:0.18645 P3:0.18645 P4:0.18645 STATE:IDLE
[2026-05-01T04:17:29+02:00] CHK MOM:0% RANGE:0% UP:0% SPREAD:0.05367686% BID:0.1863 ASK:0.1864 MID:0.18635 P1:0.18635 P2:0.18645 P3:0.18645 P4:0.18645 STATE:IDLE
[2026-05-01T04:17:29+02:00] CHK MOM:0% RANGE:0% UP:0% SPREAD:0.05367686% BID:0.1863 ASK:0.1864 MID:0.18635 P1:0.18635 P2:0.18645 P3:0.18645 P4:0.18645 STATE:IDLE
[2026-05-01T04:17:30+02:00] CHK MOM:0% RANGE:0% UP:0% SPREAD:0.05367686% BID:0.1863 ASK:0.1864 MID:0.18635 P1:0.18635 P2:0.18645 P3:0.18645 P4:0.18645 STATE:IDLE
[2026-05-01T04:17:30+02:00] CHK MOM:0% RANGE:0% UP:0% SPREAD:0.05367686% BID:0.1863 ASK:0.1864 MID:0.18635 P1:0.18635 P2:0.18645 P3:0.18645 P4:0.18645 STATE:IDLE
[2026-05-01T04:18:13+02:00] CHK MOM:0% RANGE:0% UP:0% SPREAD:0.05364806% BID:0.1864 ASK:0.1865 MID:0.18645 P1:0.18645 P2:NA P3:NA P4:NA STATE:IDLE
[2026-05-01T04:18:14+02:00] CHK MOM:0% RANGE:0% UP:0% SPREAD:0.05364806% BID:0.1864 ASK:0.1865 MID:0.18645 P1:0.18645 P2:NA P3:NA P4:NA STATE:IDLE
[2026-05-01T04:18:14+02:00] CHK MOM:0% RANGE:0% UP:0% SPREAD:0.05364806% BID:0.1864 ASK:0.1865 MID:0.18645 P1:0.18645 P2:NA P3:NA P4:NA STATE:IDLE
[2026-05-01T04:18:15+02:00] CHK MOM:-0.05% RANGE:0.05% UP:0% SPREAD:0.05367686% BID:0.1863 ASK:0.1864 MID:0.18635 P1:0.18635 P2:0.18645 P3:NA P4:NA STATE:IDLE
[2026-05-01T04:18:15+02:00] CHK MOM:-0.05% RANGE:0.05% UP:0% SPREAD:0.05367686% BID:0.1863 ASK:0.1864 MID:0.18635 P1:0.18635 P2:0.18645 P3:NA P4:NA STATE:IDLE
[2026-05-01T04:18:16+02:00] CHK MOM:0% RANGE:0.05% UP:50% SPREAD:0.05364806% BID:0.1864 ASK:0.1865 MID:0.18645 P1:0.18645 P2:0.18635 P3:0.18645 P4:NA STATE:IDLE
[2026-05-01T04:18:16+02:00] CHK MOM:0% RANGE:0.05% UP:50% SPREAD:0.05364806% BID:0.1864 ASK:0.1865 MID:0.18645 P1:0.18645 P2:0.18635 P3:0.18645 P4:NA STATE:IDLE
[2026-05-01T04:18:17+02:00] CHK MOM:0% RANGE:0.05% UP:50% SPREAD:0.05364806% BID:0.1864 ASK:0.1865 MID:0.18645 P1:0.18645 P2:0.18635 P3:0.18645 P4:NA STATE:IDLE
[2026-05-01T04:18:17+02:00] CHK MOM:0% RANGE:0.05% UP:50% SPREAD:0.05364806% BID:0.1864 ASK:0.1865 MID:0.18645 P1:0.18645 P2:0.18635 P3:0.18645 P4:NA STATE:IDLE
[2026-05-01T04:18:18+02:00] CHK MOM:0% RANGE:0.05% UP:50% SPREAD:0.05364806% BID:0.1864 ASK:0.1865 MID:0.18645 P1:0.18645 P2:0.18635 P3:0.18645 P4:NA STATE:IDLE
[2026-05-01T04:18:19+02:00] CHK MOM:0% RANGE:0.05% UP:50% SPREAD:0.05364806% BID:0.1864 ASK:0.1865 MID:0.18645 P1:0.18645 P2:0.18635 P3:0.18645 P4:NA STATE:IDLE
[2026-05-01T04:18:20+02:00] CHK MOM:0% RANGE:0.05% UP:33.33% SPREAD:0.05364806% BID:0.1864 ASK:0.1865 MID:0.18645 P1:0.18645 P2:0.18645 P3:0.18635 P4:0.18645 STATE:IDLE
[2026-05-01T04:18:20+02:00] CHK MOM:0% RANGE:0.05% UP:33.33% SPREAD:0.05364806% BID:0.1864 ASK:0.1865 MID:0.18645 P1:0.18645 P2:0.18645 P3:0.18635 P4:0.18645 STATE:IDLE
[2026-05-01T04:18:21+02:00] CHK MOM:0% RANGE:0.05% UP:33.33% SPREAD:0.05364806% BID:0.1864 ASK:0.1865 MID:0.18645 P1:0.18645 P2:0.18645 P3:0.18635 P4:0.18645 STATE:IDLE
[2026-05-01T04:18:21+02:00] CHK MOM:0% RANGE:0.05% UP:33.33% SPREAD:0.05364806% BID:0.1864 ASK:0.1865 MID:0.18645 P1:0.18645 P2:0.18645 P3:0.18635 P4:0.18645 STATE:IDLE
[2026-05-01T04:18:22+02:00] CHK MOM:0% RANGE:0.05% UP:33.33% SPREAD:0.05364806% BID:0.1864 ASK:0.1865 MID:0.18645 P1:0.18645 P2:0.18645 P3:0.18635 P4:0.18645 STATE:IDLE
[2026-05-01T04:18:22+02:00] CHK MOM:0% RANGE:0.05% UP:33.33% SPREAD:0.05364806% BID:0.1864 ASK:0.1865 MID:0.18645 P1:0.18645 P2:0.18645 P3:0.18635 P4:0.18645 STATE:IDLE
[2026-05-01T04:18:54+02:00] CHK MOM:0% RANGE:0% UP:0% SPREAD:0.10735373% BID:0.1863 ASK:0.1865 MID:0.1864 P1:0.1864 P2:0.18645 P3:0.18645 P4:0.18635 STATE:IDLE
[2026-05-01T04:18:54+02:00] CHK MOM:0% RANGE:0% UP:0% SPREAD:0.10735373% BID:0.1863 ASK:0.1865 MID:0.1864 P1:0.1864 P2:0.18645 P3:0.18645 P4:0.18635 STATE:IDLE
[2026-05-01T04:18:55+02:00] CHK MOM:0% RANGE:0% UP:0% SPREAD:0.10735373% BID:0.1863 ASK:0.1865 MID:0.1864 P1:0.1864 P2:0.18645 P3:0.18645 P4:0.18635 STATE:IDLE
[2026-05-01T04:18:55+02:00] CHK MOM:0% RANGE:0% UP:0% SPREAD:0.10735373% BID:0.1863 ASK:0.1865 MID:0.1864 P1:0.1864 P2:0.18645 P3:0.18645 P4:0.18635 STATE:IDLE
[2026-05-01T04:18:56+02:00] CHK MOM:0% RANGE:0% UP:0% SPREAD:0.10735373% BID:0.1863 ASK:0.1865 MID:0.1864 P1:0.1864 P2:0.18645 P3:0.18645 P4:0.18635 STATE:IDLE
[2026-05-01T04:19:01+02:00] CHK MOM:0.02% RANGE:0.02% UP:100% SPREAD:0.05364806% BID:0.1864 ASK:0.1865 MID:0.18645 P1:0.18645 P2:0.1864 P3:NA P4:NA STATE:IDLE
[2026-05-01T04:19:01+02:00] CHK MOM:0.02% RANGE:0.02% UP:100% SPREAD:0.05364806% BID:0.1864 ASK:0.1865 MID:0.18645 P1:0.18645 P2:0.1864 P3:NA P4:NA STATE:IDLE
[2026-05-01T04:19:02+02:00] CHK MOM:0.02% RANGE:0.02% UP:100% SPREAD:0.05364806% BID:0.1864 ASK:0.1865 MID:0.18645 P1:0.18645 P2:0.1864 P3:NA P4:NA STATE:IDLE
[2026-05-01T04:19:02+02:00] CHK MOM:0.08% RANGE:0.08% UP:100% SPREAD:0.0536193% BID:0.1865 ASK:0.1866 MID:0.18655 P1:0.18655 P2:0.18645 P3:0.1864 P4:NA STATE:IDLE
[2026-05-01T04:19:03+02:00] CHK MOM:0.08% RANGE:0.08% UP:100% SPREAD:0.0536193% BID:0.1865 ASK:0.1866 MID:0.18655 P1:0.18655 P2:0.18645 P3:0.1864 P4:NA STATE:IDLE
[2026-05-01T04:19:03+02:00] CHK MOM:0.02% RANGE:0.08% UP:66.66% SPREAD:0.05364806% BID:0.1864 ASK:0.1865 MID:0.18645 P1:0.18645 P2:0.18655 P3:0.18645 P4:0.1864 STATE:IDLE
[2026-05-01T04:19:04+02:00] CHK MOM:0.02% RANGE:0.08% UP:66.66% SPREAD:0.05364806% BID:0.1864 ASK:0.1865 MID:0.18645 P1:0.18645 P2:0.18655 P3:0.18645 P4:0.1864 STATE:IDLE
[2026-05-01T04:19:04+02:00] CHK MOM:0.02% RANGE:0.08% UP:66.66% SPREAD:0.05364806% BID:0.1864 ASK:0.1865 MID:0.18645 P1:0.18645 P2:0.18655 P3:0.18645 P4:0.1864 STATE:IDLE
[2026-05-01T04:19:05+02:00] CHK MOM:0.02% RANGE:0.08% UP:66.66% SPREAD:0.05364806% BID:0.1864 ASK:0.1865 MID:0.18645 P1:0.18645 P2:0.18655 P3:0.18645 P4:0.1864 STATE:IDLE
[2026-05-01T04:19:05+02:00] CHK MOM:0.02% RANGE:0.08% UP:66.66% SPREAD:0.05364806% BID:0.1864 ASK:0.1865 MID:0.18645 P1:0.18645 P2:0.18655 P3:0.18645 P4:0.1864 STATE:IDLE
[2026-05-01T04:19:06+02:00] CHK MOM:0.02% RANGE:0.08% UP:66.66% SPREAD:0.05364806% BID:0.1864 ASK:0.1865 MID:0.18645 P1:0.18645 P2:0.18655 P3:0.18645 P4:0.1864 STATE:IDLE
[2026-05-01T04:19:16+02:00] CHK MOM:-0.02% RANGE:0.08% UP:33.33% SPREAD:0.10735373% BID:0.1863 ASK:0.1865 MID:0.1864 P1:0.1864 P2:0.18645 P3:0.18655 P4:0.18645 STATE:IDLE
[2026-05-01T04:19:17+02:00] CHK MOM:-0.02% RANGE:0.08% UP:33.33% SPREAD:0.10735373% BID:0.1863 ASK:0.1865 MID:0.1864 P1:0.1864 P2:0.18645 P3:0.18655 P4:0.18645 STATE:IDLE
[2026-05-01T04:19:17+02:00] CHK MOM:-0.02% RANGE:0.08% UP:33.33% SPREAD:0.10735373% BID:0.1863 ASK:0.1865 MID:0.1864 P1:0.1864 P2:0.18645 P3:0.18655 P4:0.18645 STATE:IDLE
[2026-05-01T04:19:18+02:00] CHK MOM:-0.02% RANGE:0.08% UP:33.33% SPREAD:0.10735373% BID:0.1863 ASK:0.1865 MID:0.1864 P1:0.1864 P2:0.18645 P3:0.18655 P4:0.18645 STATE:IDLE
[2026-05-01T04:19:18+02:00] CHK MOM:-0.02% RANGE:0.08% UP:33.33% SPREAD:0.10735373% BID:0.1863 ASK:0.1865 MID:0.1864 P1:0.1864 P2:0.18645 P3:0.18655 P4:0.18645 STATE:IDLE
[2026-05-01T04:19:32+02:00] CHK MOM:0.02% RANGE:0.02% UP:100% SPREAD:0.05364806% BID:0.1864 ASK:0.1865 MID:0.18645 P1:0.18645 P2:0.1864 P3:0.18645 P4:0.18655 STATE:IDLE
[2026-05-01T04:19:32+02:00] CHK MOM:0% RANGE:0% UP:0% SPREAD:0.05364806% BID:0.1864 ASK:0.1865 MID:0.18645 P1:0.18645 P2:0.18645 P3:0.1864 P4:0.18645 STATE:IDLE
[2026-05-01T04:19:33+02:00] CHK MOM:0% RANGE:0% UP:0% SPREAD:0.05364806% BID:0.1864 ASK:0.1865 MID:0.18645 P1:0.18645 P2:0.18645 P3:0.1864 P4:0.18645 STATE:IDLE
[2026-05-01T04:19:33+02:00] CHK MOM:0% RANGE:0% UP:0% SPREAD:0.05364806% BID:0.1864 ASK:0.1865 MID:0.18645 P1:0.18645 P2:0.18645 P3:0.1864 P4:0.18645 STATE:IDLE
[2026-05-01T04:19:34+02:00] CHK MOM:0% RANGE:0% UP:0% SPREAD:0.05364806% BID:0.1864 ASK:0.1865 MID:0.18645 P1:0.18645 P2:0.18645 P3:0.1864 P4:0.18645 STATE:IDLE
[2026-05-01T04:19:34+02:00] CHK MOM:-0.02% RANGE:0.02% UP:0% SPREAD:0.10735373% BID:0.1863 ASK:0.1865 MID:0.1864 P1:0.1864 P2:0.18645 P3:0.18645 P4:0.1864 STATE:IDLE
[2026-05-01T04:19:35+02:00] CHK MOM:-0.02% RANGE:0.02% UP:0% SPREAD:0.10735373% BID:0.1863 ASK:0.1865 MID:0.1864 P1:0.1864 P2:0.18645 P3:0.18645 P4:0.1864 STATE:IDLE
[2026-05-01T04:19:35+02:00] CHK MOM:-0.02% RANGE:0.02% UP:0% SPREAD:0.10735373% BID:0.1863 ASK:0.1865 MID:0.1864 P1:0.1864 P2:0.18645 P3:0.18645 P4:0.1864 STATE:IDLE
[2026-05-01T04:19:36+02:00] CHK MOM:-0.02% RANGE:0.02% UP:0% SPREAD:0.10735373% BID:0.1863 ASK:0.1865 MID:0.1864 P1:0.1864 P2:0.18645 P3:0.18645 P4:0.1864 STATE:IDLE
[2026-05-01T04:19:36+02:00] CHK MOM:-0.02% RANGE:0.02% UP:0% SPREAD:0.10735373% BID:0.1863 ASK:0.1865 MID:0.1864 P1:0.1864 P2:0.18645 P3:0.18645 P4:0.1864 STATE:IDLE
[2026-05-01T04:19:37+02:00] CHK MOM:-0.02% RANGE:0.02% UP:0% SPREAD:0.10735373% BID:0.1863 ASK:0.1865 MID:0.1864 P1:0.1864 P2:0.18645 P3:0.18645 P4:0.1864 STATE:IDLE
[2026-05-01T04:19:38+02:00] CHK MOM:0% RANGE:0.02% UP:33.33% SPREAD:0.05364806% BID:0.1864 ASK:0.1865 MID:0.18645 P1:0.18645 P2:0.1864 P3:0.18645 P4:0.18645 STATE:IDLE
[2026-05-01T04:19:39+02:00] CHK MOM:-0.02% RANGE:0.02% UP:25% SPREAD:0.10735373% BID:0.1863 ASK:0.1865 MID:0.1864 P1:0.1864 P2:0.18645 P3:0.1864 P4:0.18645 STATE:IDLE
[2026-05-01T04:19:39+02:00] CHK MOM:-0.02% RANGE:0.02% UP:25% SPREAD:0.10735373% BID:0.1863 ASK:0.1865 MID:0.1864 P1:0.1864 P2:0.18645 P3:0.1864 P4:0.18645 STATE:IDLE
[2026-05-01T04:19:40+02:00] CHK MOM:-0.02% RANGE:0.02% UP:25% SPREAD:0.10735373% BID:0.1863 ASK:0.1865 MID:0.1864 P1:0.1864 P2:0.18645 P3:0.1864 P4:0.18645 STATE:IDLE
[2026-05-01T04:19:40+02:00] CHK MOM:0% RANGE:0.02% UP:40% SPREAD:0.05364806% BID:0.1864 ASK:0.1865 MID:0.18645 P1:0.18645 P2:0.1864 P3:0.18645 P4:0.1864 STATE:IDLE
[2026-05-01T04:19:41+02:00] CHK MOM:0% RANGE:0.02% UP:40% SPREAD:0.05364806% BID:0.1864 ASK:0.1865 MID:0.18645 P1:0.18645 P2:0.1864 P3:0.18645 P4:0.1864 STATE:IDLE
[2026-05-01T04:19:41+02:00] CHK MOM:0% RANGE:0.02% UP:40% SPREAD:0.05364806% BID:0.1864 ASK:0.1865 MID:0.18645 P1:0.18645 P2:0.1864 P3:0.18645 P4:0.1864 STATE:IDLE
[2026-05-01T04:19:42+02:00] CHK MOM:0% RANGE:0.02% UP:40% SPREAD:0.05364806% BID:0.1864 ASK:0.1865 MID:0.18645 P1:0.18645 P2:0.1864 P3:0.18645 P4:0.1864 STATE:IDLE
[2026-05-01T04:19:43+02:00] CHK MOM:0% RANGE:0.02% UP:40% SPREAD:0.05364806% BID:0.1864 ASK:0.1865 MID:0.18645 P1:0.18645 P2:0.1864 P3:0.18645 P4:0.1864 STATE:IDLE
[2026-05-01T04:19:52+02:00] CHK MOM:0% RANGE:0.02% UP:33.33% SPREAD:0.05364806% BID:0.1864 ASK:0.1865 MID:0.18645 P1:0.18645 P2:0.18645 P3:0.1864 P4:0.18645 STATE:IDLE
[2026-05-01T04:19:52+02:00] CHK MOM:0% RANGE:0.02% UP:33.33% SPREAD:0.05364806% BID:0.1864 ASK:0.1865 MID:0.18645 P1:0.18645 P2:0.18645 P3:0.1864 P4:0.18645 STATE:IDLE
[2026-05-01T04:19:53+02:00] CHK MOM:0% RANGE:0.02% UP:33.33% SPREAD:0.05364806% BID:0.1864 ASK:0.1865 MID:0.18645 P1:0.18645 P2:0.18645 P3:0.1864 P4:0.18645 STATE:IDLE
[2026-05-01T04:19:53+02:00] CHK MOM:0% RANGE:0.02% UP:33.33% SPREAD:0.05364806% BID:0.1864 ASK:0.1865 MID:0.18645 P1:0.18645 P2:0.18645 P3:0.1864 P4:0.18645 STATE:IDLE
[2026-05-01T04:19:58+02:00] CHK MOM:0% RANGE:0% UP:0% SPREAD:0.05364806% BID:0.1864 ASK:0.1865 MID:0.18645 P1:0.18645 P2:0.18645 P3:0.18645 P4:0.1864 STATE:IDLE
[2026-05-01T04:19:59+02:00] CHK MOM:0% RANGE:0% UP:0% SPREAD:0.05364806% BID:0.1864 ASK:0.1865 MID:0.18645 P1:0.18645 P2:0.18645 P3:0.18645 P4:0.1864 STATE:IDLE
[2026-05-01T04:19:59+02:00] CHK MOM:0% RANGE:0% UP:0% SPREAD:0.05364806% BID:0.1864 ASK:0.1865 MID:0.18645 P1:0.18645 P2:0.18645 P3:0.18645 P4:0.1864 STATE:IDLE
[2026-05-01T04:20:00+02:00] CHK MOM:0% RANGE:0% UP:0% SPREAD:0.05364806% BID:0.1864 ASK:0.1865 MID:0.18645 P1:0.18645 P2:0.18645 P3:0.18645 P4:0.1864 STATE:IDLE
[2026-05-01T04:20:00+02:00] CHK MOM:0% RANGE:0% UP:0% SPREAD:0.05364806% BID:0.1864 ASK:0.1865 MID:0.18645 P1:0.18645 P2:0.18645 P3:0.18645 P4:0.1864 STATE:IDLE
[2026-05-01T04:20:01+02:00] CHK MOM:0% RANGE:0% UP:0% SPREAD:0.05364806% BID:0.1864 ASK:0.1865 MID:0.18645 P1:0.18645 P2:0.18645 P3:0.18645 P4:0.1864 STATE:IDLE
[2026-05-01T04:20:49+02:00] CHK MOM:0% RANGE:0% UP:0% SPREAD:0.05364806% BID:0.1864 ASK:0.1865 MID:0.18645 P1:0.18645 P2:NA P3:NA P4:NA STATE:IDLE
[2026-05-01T04:30:53+02:00] SESSION_START symbol=SOMIUSDC dry_run=1 profile=major strategy=momentum base_url=https://api.binance.com
[2026-05-01T04:30:53+02:00] TOXIC_MEMORY_LOADED count=17 symbols=0GUSDC,AAVEUSDC,CFGUSDC,DASHUSDC,ENJUSDC,FETUSDC,GIGGLEUSDC,GUNUSDC,HBARUSDC,KITEUSDC
[2026-05-01T04:31:01+02:00] CHK MOM:0% RANGE:0% UP:0% SPREAD:0.05350454% BID:0.1869 ASK:0.187 MID:0.18695 P1:0.18695 P2:NA P3:NA P4:NA STATE:IDLE
[2026-05-01T04:31:02+02:00] CHK MOM:0% RANGE:0% UP:0% SPREAD:0.05350454% BID:0.1869 ASK:0.187 MID:0.18695 P1:0.18695 P2:NA P3:NA P4:NA STATE:IDLE
[2026-05-01T04:31:02+02:00] CHK MOM:0% RANGE:0% UP:0% SPREAD:0.05350454% BID:0.1869 ASK:0.187 MID:0.18695 P1:0.18695 P2:NA P3:NA P4:NA STATE:IDLE
[2026-05-01T04:31:03+02:00] CHK MOM:0% RANGE:0% UP:0% SPREAD:0.05350454% BID:0.1869 ASK:0.187 MID:0.18695 P1:0.18695 P2:NA P3:NA P4:NA STATE:IDLE
[2026-05-01T04:31:03+02:00] CHK MOM:0% RANGE:0% UP:0% SPREAD:0.05350454% BID:0.1869 ASK:0.187 MID:0.18695 P1:0.18695 P2:NA P3:NA P4:NA STATE:IDLE
[2026-05-01T04:31:22+02:00] CHK MOM:0% RANGE:0% UP:0% SPREAD:0.05350454% BID:0.1869 ASK:0.187 MID:0.18695 P1:0.18695 P2:0.18695 P3:NA P4:NA STATE:IDLE
[2026-05-01T04:31:22+02:00] CHK MOM:0.05% RANGE:0.05% UP:100% SPREAD:0.05347593% BID:0.187 ASK:0.1871 MID:0.18705 P1:0.18705 P2:0.18695 P3:0.18695 P4:NA STATE:IDLE
[2026-05-01T04:31:23+02:00] CHK MOM:0.05% RANGE:0.05% UP:50% SPREAD:0.05347593% BID:0.187 ASK:0.1871 MID:0.18705 P1:0.18705 P2:0.18705 P3:0.18695 P4:0.18695 STATE:IDLE
[2026-05-01T04:31:23+02:00] CHK MOM:0.05% RANGE:0.05% UP:50% SPREAD:0.05347593% BID:0.187 ASK:0.1871 MID:0.18705 P1:0.18705 P2:0.18705 P3:0.18695 P4:0.18695 STATE:IDLE
[2026-05-01T04:31:24+02:00] CHK MOM:0.05% RANGE:0.05% UP:50% SPREAD:0.05347593% BID:0.187 ASK:0.1871 MID:0.18705 P1:0.18705 P2:0.18705 P3:0.18695 P4:0.18695 STATE:IDLE
[2026-05-01T04:31:24+02:00] CHK MOM:0.05% RANGE:0.05% UP:50% SPREAD:0.05347593% BID:0.187 ASK:0.1871 MID:0.18705 P1:0.18705 P2:0.18705 P3:0.18695 P4:0.18695 STATE:IDLE
[2026-05-01T04:31:25+02:00] CHK MOM:0.05% RANGE:0.05% UP:50% SPREAD:0.05347593% BID:0.187 ASK:0.1871 MID:0.18705 P1:0.18705 P2:0.18705 P3:0.18695 P4:0.18695 STATE:IDLE
[2026-05-01T04:31:25+02:00] CHK MOM:0.05% RANGE:0.05% UP:50% SPREAD:0.05347593% BID:0.187 ASK:0.1871 MID:0.18705 P1:0.18705 P2:0.18705 P3:0.18695 P4:0.18695 STATE:IDLE
[2026-05-01T04:31:42+02:00] CHK MOM:0% RANGE:0% UP:0% SPREAD:0.05347593% BID:0.187 ASK:0.1871 MID:0.18705 P1:0.18705 P2:0.18705 P3:0.18705 P4:0.18695 STATE:IDLE
[2026-05-01T04:31:43+02:00] CHK MOM:0% RANGE:0% UP:0% SPREAD:0.05347593% BID:0.187 ASK:0.1871 MID:0.18705 P1:0.18705 P2:0.18705 P3:0.18705 P4:0.18695 STATE:IDLE
[2026-05-01T04:31:43+02:00] CHK MOM:-0.05% RANGE:0.05% UP:0% SPREAD:0.05350454% BID:0.1869 ASK:0.187 MID:0.18695 P1:0.18695 P2:0.18705 P3:0.18705 P4:0.18705 STATE:IDLE
[2026-05-01T04:31:44+02:00] CHK MOM:-0.05% RANGE:0.05% UP:0% SPREAD:0.05350454% BID:0.1869 ASK:0.187 MID:0.18695 P1:0.18695 P2:0.18705 P3:0.18705 P4:0.18705 STATE:IDLE
[2026-05-01T04:31:44+02:00] CHK MOM:-0.05% RANGE:0.05% UP:0% SPREAD:0.05350454% BID:0.1869 ASK:0.187 MID:0.18695 P1:0.18695 P2:0.18705 P3:0.18705 P4:0.18705 STATE:IDLE
[2026-05-01T04:31:45+02:00] CHK MOM:-0.05% RANGE:0.05% UP:0% SPREAD:0.05350454% BID:0.1869 ASK:0.187 MID:0.18695 P1:0.18695 P2:0.18705 P3:0.18705 P4:0.18705 STATE:IDLE
[2026-05-01T04:31:45+02:00] CHK MOM:-0.05% RANGE:0.05% UP:0% SPREAD:0.05350454% BID:0.1869 ASK:0.187 MID:0.18695 P1:0.18695 P2:0.18705 P3:0.18705 P4:0.18705 STATE:IDLE
[2026-05-01T04:31:46+02:00] CHK MOM:-0.05% RANGE:0.05% UP:0% SPREAD:0.05350454% BID:0.1869 ASK:0.187 MID:0.18695 P1:0.18695 P2:0.18705 P3:0.18705 P4:0.18705 STATE:IDLE
[2026-05-01T04:31:51+02:00] CHK MOM:-0.1% RANGE:0.1% UP:0% SPREAD:0.05353319% BID:0.1868 ASK:0.1869 MID:0.18685 P1:0.18685 P2:0.18695 P3:0.18705 P4:0.18705 STATE:IDLE
[2026-05-01T04:31:51+02:00] CHK MOM:-0.1% RANGE:0.1% UP:0% SPREAD:0.05353319% BID:0.1868 ASK:0.1869 MID:0.18685 P1:0.18685 P2:0.18695 P3:0.18705 P4:0.18705 STATE:IDLE
[2026-05-01T04:31:52+02:00] CHK MOM:-0.1% RANGE:0.1% UP:0% SPREAD:0.05353319% BID:0.1868 ASK:0.1869 MID:0.18685 P1:0.18685 P2:0.18695 P3:0.18705 P4:0.18705 STATE:IDLE
[2026-05-01T04:31:52+02:00] CHK MOM:-0.1% RANGE:0.1% UP:0% SPREAD:0.05353319% BID:0.1868 ASK:0.1869 MID:0.18685 P1:0.18685 P2:0.18695 P3:0.18705 P4:0.18705 STATE:IDLE
[2026-05-01T04:31:53+02:00] CHK MOM:-0.1% RANGE:0.1% UP:0% SPREAD:0.05353319% BID:0.1868 ASK:0.1869 MID:0.18685 P1:0.18685 P2:0.18695 P3:0.18705 P4:0.18705 STATE:IDLE
[2026-05-01T04:32:08+02:00] CHK MOM:0% RANGE:0% UP:0% SPREAD:0.05350454% BID:0.1869 ASK:0.187 MID:0.18695 P1:0.18695 P2:0.18685 P3:0.18695 P4:0.18705 STATE:IDLE
[2026-05-01T04:32:08+02:00] CHK MOM:0% RANGE:0% UP:0% SPREAD:0.05350454% BID:0.1869 ASK:0.187 MID:0.18695 P1:0.18695 P2:0.18685 P3:0.18695 P4:0.18705 STATE:IDLE
[2026-05-01T04:32:09+02:00] CHK MOM:0% RANGE:0% UP:0% SPREAD:0.05350454% BID:0.1869 ASK:0.187 MID:0.18695 P1:0.18695 P2:0.18685 P3:0.18695 P4:0.18705 STATE:IDLE
[2026-05-01T04:32:09+02:00] CHK MOM:0% RANGE:0% UP:0% SPREAD:0.05350454% BID:0.1869 ASK:0.187 MID:0.18695 P1:0.18695 P2:0.18685 P3:0.18695 P4:0.18705 STATE:IDLE
[2026-05-01T04:32:10+02:00] CHK MOM:0% RANGE:0% UP:0% SPREAD:0.05350454% BID:0.1869 ASK:0.187 MID:0.18695 P1:0.18695 P2:0.18685 P3:0.18695 P4:0.18705 STATE:IDLE
[2026-05-01T04:32:38+02:00] CHK MOM:0% RANGE:0% UP:0% SPREAD:0.10712372% BID:0.1867 ASK:0.1869 MID:0.1868 P1:0.1868 P2:0.18695 P3:NA P4:NA STATE:IDLE
[2026-05-01T04:32:38+02:00] CHK MOM:0.02% RANGE:0.02% UP:100% SPREAD:0.05353319% BID:0.1868 ASK:0.1869 MID:0.18685 P1:0.18685 P2:0.1868 P3:0.18695 P4:NA STATE:IDLE
[2026-05-01T04:32:39+02:00] CHK MOM:0.02% RANGE:0.02% UP:50% SPREAD:0.05353319% BID:0.1868 ASK:0.1869 MID:0.18685 P1:0.18685 P2:0.18685 P3:0.1868 P4:0.18695 STATE:IDLE
[2026-05-01T04:32:39+02:00] CHK MOM:0.02% RANGE:0.02% UP:50% SPREAD:0.05353319% BID:0.1868 ASK:0.1869 MID:0.18685 P1:0.18685 P2:0.18685 P3:0.1868 P4:0.18695 STATE:IDLE
[2026-05-01T04:32:40+02:00] CHK MOM:0.02% RANGE:0.02% UP:50% SPREAD:0.05353319% BID:0.1868 ASK:0.1869 MID:0.18685 P1:0.18685 P2:0.18685 P3:0.1868 P4:0.18695 STATE:IDLE
[2026-05-01T04:32:40+02:00] CHK MOM:0.02% RANGE:0.02% UP:50% SPREAD:0.05353319% BID:0.1868 ASK:0.1869 MID:0.18685 P1:0.18685 P2:0.18685 P3:0.1868 P4:0.18695 STATE:IDLE
[2026-05-01T04:32:41+02:00] CHK MOM:0.02% RANGE:0.02% UP:50% SPREAD:0.05353319% BID:0.1868 ASK:0.1869 MID:0.18685 P1:0.18685 P2:0.18685 P3:0.1868 P4:0.18695 STATE:IDLE
[2026-05-01T04:32:41+02:00] CHK MOM:0.02% RANGE:0.02% UP:50% SPREAD:0.05353319% BID:0.1868 ASK:0.1869 MID:0.18685 P1:0.18685 P2:0.18685 P3:0.1868 P4:0.18695 STATE:IDLE
[2026-05-01T04:32:42+02:00] CHK MOM:-0.02% RANGE:0.05% UP:33.33% SPREAD:0.05356186% BID:0.1867 ASK:0.1868 MID:0.18675 P1:0.18675 P2:0.18685 P3:0.18685 P4:0.1868 STATE:IDLE
[2026-05-01T04:32:43+02:00] CHK MOM:-0.02% RANGE:0.05% UP:33.33% SPREAD:0.05356186% BID:0.1867 ASK:0.1868 MID:0.18675 P1:0.18675 P2:0.18685 P3:0.18685 P4:0.1868 STATE:IDLE
[2026-05-01T04:32:44+02:00] CHK MOM:-0.02% RANGE:0.05% UP:33.33% SPREAD:0.05356186% BID:0.1867 ASK:0.1868 MID:0.18675 P1:0.18675 P2:0.18685 P3:0.18685 P4:0.1868 STATE:IDLE
[2026-05-01T04:32:44+02:00] CHK MOM:-0.02% RANGE:0.05% UP:33.33% SPREAD:0.05356186% BID:0.1867 ASK:0.1868 MID:0.18675 P1:0.18675 P2:0.18685 P3:0.18685 P4:0.1868 STATE:IDLE
[2026-05-01T04:32:45+02:00] CHK MOM:-0.02% RANGE:0.05% UP:33.33% SPREAD:0.05356186% BID:0.1867 ASK:0.1868 MID:0.18675 P1:0.18675 P2:0.18685 P3:0.18685 P4:0.1868 STATE:IDLE
[2026-05-01T04:32:50+02:00] CHK MOM:-0.32% RANGE:0.34% UP:25% SPREAD:0.1074691% BID:0.1861 ASK:0.1863 MID:0.18619999 P1:0.18619999 P2:0.18675 P3:0.18685 P4:0.18685 STATE:IDLE
[2026-05-01T04:32:50+02:00] CHK MOM:-0.32% RANGE:0.34% UP:25% SPREAD:0.1074691% BID:0.1861 ASK:0.1863 MID:0.18619999 P1:0.18619999 P2:0.18675 P3:0.18685 P4:0.18685 STATE:IDLE
[2026-05-01T04:32:51+02:00] CHK MOM:-0.32% RANGE:0.34% UP:25% SPREAD:0.1074691% BID:0.1861 ASK:0.1863 MID:0.18619999 P1:0.18619999 P2:0.18675 P3:0.18685 P4:0.18685 STATE:IDLE
[2026-05-01T04:32:51+02:00] CHK MOM:-0.32% RANGE:0.34% UP:25% SPREAD:0.1074691% BID:0.1861 ASK:0.1863 MID:0.18619999 P1:0.18619999 P2:0.18675 P3:0.18685 P4:0.18685 STATE:IDLE
[2026-05-01T04:32:52+02:00] CHK MOM:-0.32% RANGE:0.34% UP:25% SPREAD:0.1074691% BID:0.1861 ASK:0.1863 MID:0.18619999 P1:0.18619999 P2:0.18675 P3:0.18685 P4:0.18685 STATE:IDLE
[2026-05-01T04:32:52+02:00] CHK MOM:-0.26% RANGE:0.34% UP:40% SPREAD:0.10741138% BID:0.1862 ASK:0.1864 MID:0.1863 P1:0.1863 P2:0.18619999 P3:0.18675 P4:0.18685 STATE:IDLE
[2026-05-01T04:32:53+02:00] CHK MOM:-0.26% RANGE:0.34% UP:40% SPREAD:0.10741138% BID:0.1862 ASK:0.1864 MID:0.1863 P1:0.1863 P2:0.18619999 P3:0.18675 P4:0.18685 STATE:IDLE
[2026-05-01T04:32:53+02:00] CHK MOM:-0.26% RANGE:0.34% UP:40% SPREAD:0.10741138% BID:0.1862 ASK:0.1864 MID:0.1863 P1:0.1863 P2:0.18619999 P3:0.18675 P4:0.18685 STATE:IDLE
[2026-05-01T04:32:54+02:00] CHK MOM:-0.26% RANGE:0.34% UP:40% SPREAD:0.10741138% BID:0.1862 ASK:0.1864 MID:0.1863 P1:0.1863 P2:0.18619999 P3:0.18675 P4:0.18685 STATE:IDLE
[2026-05-01T04:32:54+02:00] CHK MOM:-0.34% RANGE:0.34% UP:25% SPREAD:0.1074691% BID:0.1861 ASK:0.1863 MID:0.18619999 P1:0.18619999 P2:0.1863 P3:0.18619999 P4:0.18675 STATE:IDLE
[2026-05-01T04:32:55+02:00] CHK MOM:-0.34% RANGE:0.34% UP:25% SPREAD:0.1074691% BID:0.1861 ASK:0.1863 MID:0.18619999 P1:0.18619999 P2:0.1863 P3:0.18619999 P4:0.18675 STATE:IDLE
[2026-05-01T04:32:56+02:00] CHK MOM:-0.34% RANGE:0.34% UP:25% SPREAD:0.1074691% BID:0.1861 ASK:0.1863 MID:0.18619999 P1:0.18619999 P2:0.1863 P3:0.18619999 P4:0.18675 STATE:IDLE
[2026-05-01T04:32:56+02:00] CHK MOM:-0.29% RANGE:0.29% UP:25% SPREAD:0.1074691% BID:0.1861 ASK:0.1863 MID:0.18619999 P1:0.18619999 P2:0.18619999 P3:0.1863 P4:0.18619999 STATE:IDLE
[2026-05-01T04:32:57+02:00] CHK MOM:-0.24% RANGE:0.29% UP:40% SPREAD:0.10741138% BID:0.1862 ASK:0.1864 MID:0.1863 P1:0.1863 P2:0.18619999 P3:0.18619999 P4:0.1863 STATE:IDLE
[2026-05-01T04:32:57+02:00] CHK MOM:-0.24% RANGE:0.29% UP:40% SPREAD:0.10741138% BID:0.1862 ASK:0.1864 MID:0.1863 P1:0.1863 P2:0.18619999 P3:0.18619999 P4:0.1863 STATE:IDLE
[2026-05-01T04:32:58+02:00] CHK MOM:-0.24% RANGE:0.29% UP:40% SPREAD:0.10741138% BID:0.1862 ASK:0.1864 MID:0.1863 P1:0.1863 P2:0.18619999 P3:0.18619999 P4:0.1863 STATE:IDLE
[2026-05-01T04:32:58+02:00] CHK MOM:-0.24% RANGE:0.29% UP:40% SPREAD:0.10741138% BID:0.1862 ASK:0.1864 MID:0.1863 P1:0.1863 P2:0.18619999 P3:0.18619999 P4:0.1863 STATE:IDLE
[2026-05-01T04:32:59+02:00] CHK MOM:-0.24% RANGE:0.29% UP:40% SPREAD:0.10741138% BID:0.1862 ASK:0.1864 MID:0.1863 P1:0.1863 P2:0.18619999 P3:0.18619999 P4:0.1863 STATE:IDLE
[2026-05-01T04:32:59+02:00] CHK MOM:-0.24% RANGE:0.29% UP:40% SPREAD:0.10741138% BID:0.1862 ASK:0.1864 MID:0.1863 P1:0.1863 P2:0.18619999 P3:0.18619999 P4:0.1863 STATE:IDLE
[2026-05-01T04:33:03+02:00] CHK MOM:0.02% RANGE:0.05% UP:40% SPREAD:0.05370569% BID:0.1862 ASK:0.1863 MID:0.18625 P1:0.18625 P2:0.1863 P3:0.18619999 P4:0.18619999 STATE:IDLE
[2026-05-01T04:33:03+02:00] CHK MOM:0.02% RANGE:0.05% UP:40% SPREAD:0.05370569% BID:0.1862 ASK:0.1863 MID:0.18625 P1:0.18625 P2:0.1863 P3:0.18619999 P4:0.18619999 STATE:IDLE
[2026-05-01T04:33:04+02:00] CHK MOM:0.02% RANGE:0.05% UP:40% SPREAD:0.05370569% BID:0.1862 ASK:0.1863 MID:0.18625 P1:0.18625 P2:0.1863 P3:0.18619999 P4:0.18619999 STATE:IDLE
[2026-05-01T04:33:04+02:00] CHK MOM:0.02% RANGE:0.05% UP:40% SPREAD:0.05370569% BID:0.1862 ASK:0.1863 MID:0.18625 P1:0.18625 P2:0.1863 P3:0.18619999 P4:0.18619999 STATE:IDLE
[2026-05-01T04:33:05+02:00] CHK MOM:0.02% RANGE:0.05% UP:40% SPREAD:0.05370569% BID:0.1862 ASK:0.1863 MID:0.18625 P1:0.18625 P2:0.1863 P3:0.18619999 P4:0.18619999 STATE:IDLE
[2026-05-01T04:34:01+02:00] CHK MOM:0% RANGE:0% UP:0% SPREAD:0.05367686% BID:0.1863 ASK:0.1864 MID:0.18635 P1:0.18635 P2:NA P3:NA P4:NA STATE:IDLE
[2026-05-01T04:34:01+02:00] CHK MOM:0% RANGE:0% UP:0% SPREAD:0.05367686% BID:0.1863 ASK:0.1864 MID:0.18635 P1:0.18635 P2:NA P3:NA P4:NA STATE:IDLE
[2026-05-01T04:34:02+02:00] CHK MOM:0% RANGE:0% UP:0% SPREAD:0.05367686% BID:0.1863 ASK:0.1864 MID:0.18635 P1:0.18635 P2:NA P3:NA P4:NA STATE:IDLE
[2026-05-01T04:34:02+02:00] CHK MOM:0% RANGE:0% UP:0% SPREAD:0.05367686% BID:0.1863 ASK:0.1864 MID:0.18635 P1:0.18635 P2:NA P3:NA P4:NA STATE:IDLE
[2026-05-01T04:34:03+02:00] CHK MOM:0% RANGE:0% UP:0% SPREAD:0.05367686% BID:0.1863 ASK:0.1864 MID:0.18635 P1:0.18635 P2:NA P3:NA P4:NA STATE:IDLE
[2026-05-01T04:34:03+02:00] CHK MOM:-0.05% RANGE:0.05% UP:0% SPREAD:0.05370569% BID:0.1862 ASK:0.1863 MID:0.18625 P1:0.18625 P2:0.18635 P3:NA P4:NA STATE:IDLE
[2026-05-01T04:34:04+02:00] CHK MOM:0% RANGE:0.05% UP:50% SPREAD:0.05367686% BID:0.1863 ASK:0.1864 MID:0.18635 P1:0.18635 P2:0.18625 P3:0.18635 P4:NA STATE:IDLE
[2026-05-01T04:34:04+02:00] CHK MOM:0% RANGE:0.05% UP:50% SPREAD:0.05367686% BID:0.1863 ASK:0.1864 MID:0.18635 P1:0.18635 P2:0.18625 P3:0.18635 P4:NA STATE:IDLE
[2026-05-01T04:34:05+02:00] CHK MOM:0% RANGE:0.05% UP:50% SPREAD:0.05367686% BID:0.1863 ASK:0.1864 MID:0.18635 P1:0.18635 P2:0.18625 P3:0.18635 P4:NA STATE:IDLE
[2026-05-01T04:34:05+02:00] CHK MOM:0% RANGE:0.05% UP:50% SPREAD:0.05367686% BID:0.1863 ASK:0.1864 MID:0.18635 P1:0.18635 P2:0.18625 P3:0.18635 P4:NA STATE:IDLE
[2026-05-01T04:34:06+02:00] CHK MOM:0% RANGE:0.05% UP:50% SPREAD:0.05367686% BID:0.1863 ASK:0.1864 MID:0.18635 P1:0.18635 P2:0.18625 P3:0.18635 P4:NA STATE:IDLE
[2026-05-01T04:34:11+02:00] CHK MOM:0% RANGE:0.05% UP:33.33% SPREAD:0.05367686% BID:0.1863 ASK:0.1864 MID:0.18635 P1:0.18635 P2:0.18635 P3:0.18625 P4:0.18635 STATE:IDLE
[2026-05-01T04:34:12+02:00] CHK MOM:0% RANGE:0.05% UP:33.33% SPREAD:0.05367686% BID:0.1863 ASK:0.1864 MID:0.18635 P1:0.18635 P2:0.18635 P3:0.18625 P4:0.18635 STATE:IDLE
[2026-05-01T04:34:12+02:00] CHK MOM:0% RANGE:0.05% UP:33.33% SPREAD:0.05367686% BID:0.1863 ASK:0.1864 MID:0.18635 P1:0.18635 P2:0.18635 P3:0.18625 P4:0.18635 STATE:IDLE
[2026-05-01T04:34:13+02:00] CHK MOM:0% RANGE:0.05% UP:33.33% SPREAD:0.05367686% BID:0.1863 ASK:0.1864 MID:0.18635 P1:0.18635 P2:0.18635 P3:0.18625 P4:0.18635 STATE:IDLE
[2026-05-01T04:34:13+02:00] CHK MOM:0% RANGE:0.05% UP:33.33% SPREAD:0.05367686% BID:0.1863 ASK:0.1864 MID:0.18635 P1:0.18635 P2:0.18635 P3:0.18625 P4:0.18635 STATE:IDLE
[2026-05-01T04:34:16+02:00] CHK MOM:-0.05% RANGE:0.05% UP:25% SPREAD:0.05370569% BID:0.1862 ASK:0.1863 MID:0.18625 P1:0.18625 P2:0.18635 P3:0.18635 P4:0.18625 STATE:IDLE
[2026-05-01T04:34:17+02:00] CHK MOM:0.05% RANGE:0.05% UP:50% SPREAD:0.05367686% BID:0.1863 ASK:0.1864 MID:0.18635 P1:0.18635 P2:0.18625 P3:0.18635 P4:0.18635 STATE:IDLE
[2026-05-01T04:34:18+02:00] CHK MOM:0.05% RANGE:0.05% UP:50% SPREAD:0.05367686% BID:0.1863 ASK:0.1864 MID:0.18635 P1:0.18635 P2:0.18625 P3:0.18635 P4:0.18635 STATE:IDLE
[2026-05-01T04:34:18+02:00] CHK MOM:0.05% RANGE:0.05% UP:50% SPREAD:0.05367686% BID:0.1863 ASK:0.1864 MID:0.18635 P1:0.18635 P2:0.18625 P3:0.18635 P4:0.18635 STATE:IDLE
[2026-05-01T04:34:19+02:00] CHK MOM:0.05% RANGE:0.05% UP:50% SPREAD:0.05367686% BID:0.1863 ASK:0.1864 MID:0.18635 P1:0.18635 P2:0.18625 P3:0.18635 P4:0.18635 STATE:IDLE
[2026-05-01T04:34:19+02:00] CHK MOM:0.05% RANGE:0.05% UP:50% SPREAD:0.05367686% BID:0.1863 ASK:0.1864 MID:0.18635 P1:0.18635 P2:0.18625 P3:0.18635 P4:0.18635 STATE:IDLE
[2026-05-01T04:34:25+02:00] CHK MOM:-0.18% RANGE:0.18% UP:33.33% SPREAD:0.10758472% BID:0.1859 ASK:0.1861 MID:0.186 P1:0.186 P2:0.18635 P3:0.18625 P4:0.18635 STATE:IDLE
[2026-05-01T04:34:25+02:00] CHK MOM:-0.21% RANGE:0.21% UP:25% SPREAD:0.05379236% BID:0.1859 ASK:0.186 MID:0.18595 P1:0.18595 P2:0.186 P3:0.18635 P4:0.18625 STATE:IDLE
[2026-05-01T04:34:26+02:00] CHK MOM:-0.21% RANGE:0.21% UP:25% SPREAD:0.05379236% BID:0.1859 ASK:0.186 MID:0.18595 P1:0.18595 P2:0.186 P3:0.18635 P4:0.18625 STATE:IDLE
[2026-05-01T04:34:26+02:00] CHK MOM:-0.24% RANGE:0.24% UP:20% SPREAD:0.10764262% BID:0.1858 ASK:0.186 MID:0.1859 P1:0.1859 P2:0.18595 P3:0.186 P4:0.18635 STATE:IDLE
[2026-05-01T04:34:27+02:00] CHK MOM:-0.24% RANGE:0.24% UP:20% SPREAD:0.10764262% BID:0.1858 ASK:0.186 MID:0.1859 P1:0.1859 P2:0.18595 P3:0.186 P4:0.18635 STATE:IDLE
[2026-05-01T04:34:27+02:00] CHK MOM:-0.21% RANGE:0.26% UP:20% SPREAD:0.16155088% BID:0.1857 ASK:0.186 MID:0.18585 P1:0.18585 P2:0.1859 P3:0.18595 P4:0.186 STATE:IDLE
[2026-05-01T04:34:28+02:00] CHK MOM:-0.24% RANGE:0.29% UP:16.66% SPREAD:0.10770059% BID:0.1857 ASK:0.1859 MID:0.1858 P1:0.1858 P2:0.18585 P3:0.1859 P4:0.18595 STATE:IDLE
[2026-05-01T04:34:28+02:00] CHK MOM:-0.24% RANGE:0.29% UP:14.28% SPREAD:0.10770059% BID:0.1857 ASK:0.1859 MID:0.1858 P1:0.1858 P2:0.1858 P3:0.18585 P4:0.1859 STATE:IDLE
[2026-05-01T04:34:29+02:00] CHK MOM:-0.18% RANGE:0.29% UP:25% SPREAD:0.10764262% BID:0.1858 ASK:0.186 MID:0.1859 P1:0.1859 P2:0.1858 P3:0.1858 P4:0.18585 STATE:IDLE
[2026-05-01T04:34:29+02:00] CHK MOM:-0.18% RANGE:0.29% UP:25% SPREAD:0.10764262% BID:0.1858 ASK:0.186 MID:0.1859 P1:0.1859 P2:0.1858 P3:0.1858 P4:0.18585 STATE:IDLE
[2026-05-01T04:34:30+02:00] CHK MOM:-0.18% RANGE:0.29% UP:25% SPREAD:0.10764262% BID:0.1858 ASK:0.186 MID:0.1859 P1:0.1859 P2:0.1858 P3:0.1858 P4:0.18585 STATE:IDLE
[2026-05-01T04:34:31+02:00] CHK MOM:-0.18% RANGE:0.29% UP:25% SPREAD:0.10764262% BID:0.1858 ASK:0.186 MID:0.1859 P1:0.1859 P2:0.1858 P3:0.1858 P4:0.18585 STATE:IDLE
[2026-05-01T04:34:31+02:00] CHK MOM:-0.21% RANGE:0.29% UP:22.22% SPREAD:0.05382131% BID:0.1858 ASK:0.1859 MID:0.18585 P1:0.18585 P2:0.1859 P3:0.1858 P4:0.1858 STATE:IDLE
[2026-05-01T04:34:32+02:00] CHK MOM:-0.26% RANGE:0.32% UP:20% SPREAD:0.05385029% BID:0.1857 ASK:0.1858 MID:0.18575 P1:0.18575 P2:0.18585 P3:0.1859 P4:0.1858 STATE:IDLE
[2026-05-01T04:34:32+02:00] CHK MOM:-0.26% RANGE:0.32% UP:20% SPREAD:0.05385029% BID:0.1857 ASK:0.1858 MID:0.18575 P1:0.18575 P2:0.18585 P3:0.1859 P4:0.1858 STATE:IDLE
[2026-05-01T04:34:33+02:00] CHK MOM:0% RANGE:0.13% UP:22.22% SPREAD:0.10758472% BID:0.1859 ASK:0.1861 MID:0.186 P1:0.186 P2:0.18575 P3:0.18585 P4:0.1859 STATE:IDLE
[2026-05-01T04:34:33+02:00] CHK MOM:0.02% RANGE:0.16% UP:30% SPREAD:0.16137708% BID:0.1859 ASK:0.1862 MID:0.18605 P1:0.18605 P2:0.186 P3:0.18575 P4:0.18585 STATE:IDLE
[2026-05-01T04:34:34+02:00] CHK MOM:0.02% RANGE:0.16% UP:30% SPREAD:0.16137708% BID:0.1859 ASK:0.1862 MID:0.18605 P1:0.18605 P2:0.186 P3:0.18575 P4:0.18585 STATE:IDLE
[2026-05-01T04:34:34+02:00] CHK MOM:0.02% RANGE:0.16% UP:27.27% SPREAD:0.16137708% BID:0.1859 ASK:0.1862 MID:0.18605 P1:0.18605 P2:0.18605 P3:0.186 P4:0.18575 STATE:IDLE
[2026-05-01T04:34:35+02:00] CHK MOM:0.02% RANGE:0.16% UP:27.27% SPREAD:0.16137708% BID:0.1859 ASK:0.1862 MID:0.18605 P1:0.18605 P2:0.18605 P3:0.186 P4:0.18575 STATE:IDLE
[2026-05-01T04:34:36+02:00] CHK MOM:0.02% RANGE:0.16% UP:27.27% SPREAD:0.16137708% BID:0.1859 ASK:0.1862 MID:0.18605 P1:0.18605 P2:0.18605 P3:0.186 P4:0.18575 STATE:IDLE
[2026-05-01T04:34:36+02:00] CHK MOM:0.02% RANGE:0.16% UP:27.27% SPREAD:0.16137708% BID:0.1859 ASK:0.1862 MID:0.18605 P1:0.18605 P2:0.18605 P3:0.186 P4:0.18575 STATE:IDLE
[2026-05-01T04:34:37+02:00] CHK MOM:0.02% RANGE:0.16% UP:27.27% SPREAD:0.16137708% BID:0.1859 ASK:0.1862 MID:0.18605 P1:0.18605 P2:0.18605 P3:0.186 P4:0.18575 STATE:IDLE
[2026-05-01T04:34:39+02:00] CHK MOM:0.02% RANGE:0.16% UP:25% SPREAD:0.16137708% BID:0.1859 ASK:0.1862 MID:0.18605 P1:0.18605 P2:0.18605 P3:0.18605 P4:0.186 STATE:IDLE
[2026-05-01T04:34:40+02:00] CHK MOM:0.02% RANGE:0.16% UP:25% SPREAD:0.16137708% BID:0.1859 ASK:0.1862 MID:0.18605 P1:0.18605 P2:0.18605 P3:0.18605 P4:0.186 STATE:IDLE
[2026-05-01T04:34:40+02:00] CHK MOM:0.02% RANGE:0.16% UP:25% SPREAD:0.16137708% BID:0.1859 ASK:0.1862 MID:0.18605 P1:0.18605 P2:0.18605 P3:0.18605 P4:0.186 STATE:IDLE
[2026-05-01T04:34:41+02:00] CHK MOM:0.02% RANGE:0.16% UP:25% SPREAD:0.16137708% BID:0.1859 ASK:0.1862 MID:0.18605 P1:0.18605 P2:0.18605 P3:0.18605 P4:0.186 STATE:IDLE
[2026-05-01T04:34:42+02:00] CHK MOM:0.02% RANGE:0.16% UP:25% SPREAD:0.16137708% BID:0.1859 ASK:0.1862 MID:0.18605 P1:0.18605 P2:0.18605 P3:0.18605 P4:0.186 STATE:IDLE
[2026-05-01T04:34:44+02:00] CHK MOM:0.1% RANGE:0.16% UP:37.5% SPREAD:0.10758472% BID:0.1859 ASK:0.1861 MID:0.186 P1:0.186 P2:0.18605 P3:0.18605 P4:0.18605 STATE:IDLE
[2026-05-01T04:34:45+02:00] CHK MOM:0.1% RANGE:0.16% UP:42.85% SPREAD:0.16137708% BID:0.1859 ASK:0.1862 MID:0.18605 P1:0.18605 P2:0.186 P3:0.18605 P4:0.18605 STATE:IDLE
[2026-05-01T04:34:45+02:00] CHK MOM:0.1% RANGE:0.16% UP:42.85% SPREAD:0.16137708% BID:0.1859 ASK:0.1862 MID:0.18605 P1:0.18605 P2:0.186 P3:0.18605 P4:0.18605 STATE:IDLE
[2026-05-01T04:34:46+02:00] CHK MOM:0.1% RANGE:0.16% UP:42.85% SPREAD:0.16137708% BID:0.1859 ASK:0.1862 MID:0.18605 P1:0.18605 P2:0.186 P3:0.18605 P4:0.18605 STATE:IDLE
[2026-05-01T04:34:47+02:00] CHK MOM:0.1% RANGE:0.16% UP:42.85% SPREAD:0.16137708% BID:0.1859 ASK:0.1862 MID:0.18605 P1:0.18605 P2:0.186 P3:0.18605 P4:0.18605 STATE:IDLE
[2026-05-01T04:34:47+02:00] CHK MOM:0.1% RANGE:0.16% UP:42.85% SPREAD:0.16137708% BID:0.1859 ASK:0.1862 MID:0.18605 P1:0.18605 P2:0.186 P3:0.18605 P4:0.18605 STATE:IDLE
[2026-05-01T04:34:48+02:00] CHK MOM:0.05% RANGE:0.05% UP:50% SPREAD:0.10752688% BID:0.186 ASK:0.1862 MID:0.1861 P1:0.1861 P2:0.18605 P3:0.186 P4:0.18605 STATE:IDLE
[2026-05-01T04:34:48+02:00] CHK MOM:0.05% RANGE:0.05% UP:50% SPREAD:0.10752688% BID:0.186 ASK:0.1862 MID:0.1861 P1:0.1861 P2:0.18605 P3:0.186 P4:0.18605 STATE:IDLE
[2026-05-01T04:34:49+02:00] CHK MOM:0.05% RANGE:0.05% UP:50% SPREAD:0.10752688% BID:0.186 ASK:0.1862 MID:0.1861 P1:0.1861 P2:0.18605 P3:0.186 P4:0.18605 STATE:IDLE
[2026-05-01T04:34:49+02:00] CHK MOM:0.05% RANGE:0.05% UP:50% SPREAD:0.10752688% BID:0.186 ASK:0.1862 MID:0.1861 P1:0.1861 P2:0.18605 P3:0.186 P4:0.18605 STATE:IDLE
[2026-05-01T04:34:50+02:00] CHK MOM:0.05% RANGE:0.05% UP:50% SPREAD:0.10752688% BID:0.186 ASK:0.1862 MID:0.1861 P1:0.1861 P2:0.18605 P3:0.186 P4:0.18605 STATE:IDLE
[2026-05-01T04:34:50+02:00] CHK MOM:0.05% RANGE:0.05% UP:50% SPREAD:0.10752688% BID:0.186 ASK:0.1862 MID:0.1861 P1:0.1861 P2:0.18605 P3:0.186 P4:0.18605 STATE:IDLE
[2026-05-01T04:34:52+02:00] CHK MOM:0.02% RANGE:0.05% UP:50% SPREAD:0.10752688% BID:0.186 ASK:0.1862 MID:0.1861 P1:0.1861 P2:0.1861 P3:0.18605 P4:0.186 STATE:IDLE
[2026-05-01T04:34:53+02:00] CHK MOM:0.02% RANGE:0.05% UP:50% SPREAD:0.10752688% BID:0.186 ASK:0.1862 MID:0.1861 P1:0.1861 P2:0.1861 P3:0.18605 P4:0.186 STATE:IDLE
[2026-05-01T04:34:53+02:00] CHK MOM:0.02% RANGE:0.05% UP:50% SPREAD:0.10752688% BID:0.186 ASK:0.1862 MID:0.1861 P1:0.1861 P2:0.1861 P3:0.18605 P4:0.186 STATE:IDLE
[2026-05-01T04:34:54+02:00] CHK MOM:0.02% RANGE:0.05% UP:50% SPREAD:0.10752688% BID:0.186 ASK:0.1862 MID:0.1861 P1:0.1861 P2:0.1861 P3:0.18605 P4:0.186 STATE:IDLE
[2026-05-01T04:34:54+02:00] CHK MOM:0.02% RANGE:0.05% UP:50% SPREAD:0.10752688% BID:0.186 ASK:0.1862 MID:0.1861 P1:0.1861 P2:0.1861 P3:0.18605 P4:0.186 STATE:IDLE
[2026-05-01T04:35:25+02:00] CHK MOM:0% RANGE:0% UP:0% SPREAD:0.05373455% BID:0.1861 ASK:0.1862 MID:0.18614999 P1:0.18614999 P2:0.1861 P3:0.1861 P4:0.18605 STATE:IDLE
[2026-05-01T04:35:25+02:00] CHK MOM:0% RANGE:0% UP:0% SPREAD:0.05373455% BID:0.1861 ASK:0.1862 MID:0.18614999 P1:0.18614999 P2:0.1861 P3:0.1861 P4:0.18605 STATE:IDLE
[2026-05-01T04:35:26+02:00] CHK MOM:0% RANGE:0% UP:0% SPREAD:0.05373455% BID:0.1861 ASK:0.1862 MID:0.18614999 P1:0.18614999 P2:0.1861 P3:0.1861 P4:0.18605 STATE:IDLE
[2026-05-01T04:35:26+02:00] CHK MOM:0% RANGE:0% UP:0% SPREAD:0.05373455% BID:0.1861 ASK:0.1862 MID:0.18614999 P1:0.18614999 P2:0.1861 P3:0.1861 P4:0.18605 STATE:IDLE
[2026-05-01T04:35:27+02:00] CHK MOM:0% RANGE:0% UP:0% SPREAD:0.05373455% BID:0.1861 ASK:0.1862 MID:0.18614999 P1:0.18614999 P2:0.1861 P3:0.1861 P4:0.18605 STATE:IDLE
[2026-05-01T04:35:35+02:00] CHK MOM:0% RANGE:0% UP:0% SPREAD:0.05373455% BID:0.1861 ASK:0.1862 MID:0.18614999 P1:0.18614999 P2:0.18614999 P3:NA P4:NA STATE:IDLE
[2026-05-01T04:35:36+02:00] CHK MOM:0% RANGE:0% UP:0% SPREAD:0.05373455% BID:0.1861 ASK:0.1862 MID:0.18614999 P1:0.18614999 P2:0.18614999 P3:NA P4:NA STATE:IDLE
[2026-05-01T04:35:36+02:00] CHK MOM:0% RANGE:0% UP:0% SPREAD:0.05373455% BID:0.1861 ASK:0.1862 MID:0.18614999 P1:0.18614999 P2:0.18614999 P3:NA P4:NA STATE:IDLE
[2026-05-01T04:35:37+02:00] CHK MOM:0.05% RANGE:0.05% UP:50% SPREAD:0.05370569% BID:0.1862 ASK:0.1863 MID:0.18625 P1:0.18625 P2:0.18614999 P3:0.18614999 P4:NA STATE:IDLE
[2026-05-01T04:35:37+02:00] CHK MOM:0.05% RANGE:0.05% UP:50% SPREAD:0.05370569% BID:0.1862 ASK:0.1863 MID:0.18625 P1:0.18625 P2:0.18614999 P3:0.18614999 P4:NA STATE:IDLE
[2026-05-01T04:35:38+02:00] CHK MOM:0.05% RANGE:0.05% UP:50% SPREAD:0.05370569% BID:0.1862 ASK:0.1863 MID:0.18625 P1:0.18625 P2:0.18614999 P3:0.18614999 P4:NA STATE:IDLE
[2026-05-01T04:35:38+02:00] CHK MOM:0.05% RANGE:0.05% UP:50% SPREAD:0.05370569% BID:0.1862 ASK:0.1863 MID:0.18625 P1:0.18625 P2:0.18614999 P3:0.18614999 P4:NA STATE:IDLE
[2026-05-01T04:35:39+02:00] CHK MOM:0.05% RANGE:0.05% UP:50% SPREAD:0.05370569% BID:0.1862 ASK:0.1863 MID:0.18625 P1:0.18625 P2:0.18614999 P3:0.18614999 P4:NA STATE:IDLE
[2026-05-01T04:35:39+02:00] CHK MOM:0.05% RANGE:0.05% UP:33.33% SPREAD:0.05370569% BID:0.1862 ASK:0.1863 MID:0.18625 P1:0.18625 P2:0.18625 P3:0.18614999 P4:0.18614999 STATE:IDLE
[2026-05-01T04:35:40+02:00] CHK MOM:0.05% RANGE:0.05% UP:33.33% SPREAD:0.05370569% BID:0.1862 ASK:0.1863 MID:0.18625 P1:0.18625 P2:0.18625 P3:0.18614999 P4:0.18614999 STATE:IDLE
[2026-05-01T04:35:41+02:00] CHK MOM:0.05% RANGE:0.05% UP:33.33% SPREAD:0.05370569% BID:0.1862 ASK:0.1863 MID:0.18625 P1:0.18625 P2:0.18625 P3:0.18614999 P4:0.18614999 STATE:IDLE
[2026-05-01T04:35:41+02:00] CHK MOM:0.05% RANGE:0.05% UP:33.33% SPREAD:0.05370569% BID:0.1862 ASK:0.1863 MID:0.18625 P1:0.18625 P2:0.18625 P3:0.18614999 P4:0.18614999 STATE:IDLE
[2026-05-01T04:35:42+02:00] CHK MOM:0.05% RANGE:0.05% UP:33.33% SPREAD:0.05370569% BID:0.1862 ASK:0.1863 MID:0.18625 P1:0.18625 P2:0.18625 P3:0.18614999 P4:0.18614999 STATE:IDLE
[2026-05-01T04:35:43+02:00] CHK MOM:0.05% RANGE:0.05% UP:33.33% SPREAD:0.05370569% BID:0.1862 ASK:0.1863 MID:0.18625 P1:0.18625 P2:0.18625 P3:0.18625 P4:0.18614999 STATE:IDLE
[2026-05-01T04:35:43+02:00] CHK MOM:0.05% RANGE:0.05% UP:33.33% SPREAD:0.05370569% BID:0.1862 ASK:0.1863 MID:0.18625 P1:0.18625 P2:0.18625 P3:0.18625 P4:0.18614999 STATE:IDLE
[2026-05-01T04:35:44+02:00] CHK MOM:0.05% RANGE:0.05% UP:33.33% SPREAD:0.05370569% BID:0.1862 ASK:0.1863 MID:0.18625 P1:0.18625 P2:0.18625 P3:0.18625 P4:0.18614999 STATE:IDLE
[2026-05-01T04:35:44+02:00] CHK MOM:0.1% RANGE:0.1% UP:50% SPREAD:0.05367686% BID:0.1863 ASK:0.1864 MID:0.18635 P1:0.18635 P2:0.18625 P3:0.18625 P4:0.18625 STATE:IDLE
[2026-05-01T04:35:45+02:00] CHK MOM:0.1% RANGE:0.1% UP:40% SPREAD:0.05367686% BID:0.1863 ASK:0.1864 MID:0.18635 P1:0.18635 P2:0.18635 P3:0.18625 P4:0.18625 STATE:IDLE
[2026-05-01T04:35:45+02:00] CHK MOM:0.1% RANGE:0.1% UP:40% SPREAD:0.05367686% BID:0.1863 ASK:0.1864 MID:0.18635 P1:0.18635 P2:0.18635 P3:0.18625 P4:0.18625 STATE:IDLE
[2026-05-01T04:35:46+02:00] CHK MOM:0.1% RANGE:0.1% UP:40% SPREAD:0.05367686% BID:0.1863 ASK:0.1864 MID:0.18635 P1:0.18635 P2:0.18635 P3:0.18625 P4:0.18625 STATE:IDLE
[2026-05-01T04:35:47+02:00] CHK MOM:0.1% RANGE:0.1% UP:40% SPREAD:0.05367686% BID:0.1863 ASK:0.1864 MID:0.18635 P1:0.18635 P2:0.18635 P3:0.18625 P4:0.18625 STATE:IDLE
[2026-05-01T04:35:47+02:00] CHK MOM:0.1% RANGE:0.1% UP:40% SPREAD:0.05367686% BID:0.1863 ASK:0.1864 MID:0.18635 P1:0.18635 P2:0.18635 P3:0.18625 P4:0.18625 STATE:IDLE
[2026-05-01T04:35:48+02:00] CHK MOM:0.1% RANGE:0.1% UP:33.33% SPREAD:0.05367686% BID:0.1863 ASK:0.1864 MID:0.18635 P1:0.18635 P2:0.18635 P3:0.18635 P4:0.18625 STATE:IDLE
[2026-05-01T04:35:48+02:00] CHK MOM:0.1% RANGE:0.1% UP:33.33% SPREAD:0.05367686% BID:0.1863 ASK:0.1864 MID:0.18635 P1:0.18635 P2:0.18635 P3:0.18635 P4:0.18625 STATE:IDLE
[2026-05-01T04:35:49+02:00] CHK MOM:0.1% RANGE:0.1% UP:33.33% SPREAD:0.05367686% BID:0.1863 ASK:0.1864 MID:0.18635 P1:0.18635 P2:0.18635 P3:0.18635 P4:0.18625 STATE:IDLE
[2026-05-01T04:35:49+02:00] CHK MOM:0.1% RANGE:0.1% UP:28.57% SPREAD:0.05367686% BID:0.1863 ASK:0.1864 MID:0.18635 P1:0.18635 P2:0.18635 P3:0.18635 P4:0.18635 STATE:IDLE
[2026-05-01T04:35:50+02:00] CHK MOM:0.1% RANGE:0.1% UP:28.57% SPREAD:0.05367686% BID:0.1863 ASK:0.1864 MID:0.18635 P1:0.18635 P2:0.18635 P3:0.18635 P4:0.18635 STATE:IDLE
[2026-05-01T04:35:50+02:00] CHK MOM:0.1% RANGE:0.1% UP:28.57% SPREAD:0.05367686% BID:0.1863 ASK:0.1864 MID:0.18635 P1:0.18635 P2:0.18635 P3:0.18635 P4:0.18635 STATE:IDLE
[2026-05-01T04:35:51+02:00] CHK MOM:0.1% RANGE:0.1% UP:28.57% SPREAD:0.05367686% BID:0.1863 ASK:0.1864 MID:0.18635 P1:0.18635 P2:0.18635 P3:0.18635 P4:0.18635 STATE:IDLE
[2026-05-01T04:35:52+02:00] CHK MOM:0.1% RANGE:0.1% UP:28.57% SPREAD:0.05367686% BID:0.1863 ASK:0.1864 MID:0.18635 P1:0.18635 P2:0.18635 P3:0.18635 P4:0.18635 STATE:IDLE
[2026-05-01T06:17:20+02:00] SESSION_START symbol=SOMIUSDC dry_run=1 profile=major strategy=momentum base_url=https://api.binance.com
[2026-05-01T06:17:20+02:00] TOXIC_MEMORY_LOADED count=17 symbols=0GUSDC,AAVEUSDC,CFGUSDC,DASHUSDC,ENJUSDC,FETUSDC,GIGGLEUSDC,GUNUSDC,HBARUSDC,KITEUSDC
[2026-05-01T06:17:22+02:00] CHK MOM:0% RANGE:0% UP:0% SPREAD:0.05353319% BID:0.1868 ASK:0.1869 MID:0.18685 P1:0.18685 P2:NA P3:NA P4:NA STATE:IDLE
[2026-05-01T06:17:22+02:00] CHK MOM:-0.02% RANGE:0.02% UP:0% SPREAD:0.10712372% BID:0.1867 ASK:0.1869 MID:0.1868 P1:0.1868 P2:0.18685 P3:NA P4:NA STATE:IDLE
[2026-05-01T06:17:23+02:00] CHK MOM:-0.02% RANGE:0.02% UP:0% SPREAD:0.10712372% BID:0.1867 ASK:0.1869 MID:0.1868 P1:0.1868 P2:0.18685 P3:NA P4:NA STATE:IDLE
[2026-05-01T06:17:23+02:00] CHK MOM:-0.02% RANGE:0.02% UP:0% SPREAD:0.10712372% BID:0.1867 ASK:0.1869 MID:0.1868 P1:0.1868 P2:0.18685 P3:NA P4:NA STATE:IDLE
[2026-05-01T06:17:24+02:00] CHK MOM:-0.02% RANGE:0.02% UP:0% SPREAD:0.10712372% BID:0.1867 ASK:0.1869 MID:0.1868 P1:0.1868 P2:0.18685 P3:NA P4:NA STATE:IDLE
[2026-05-01T06:17:24+02:00] CHK MOM:-0.02% RANGE:0.02% UP:0% SPREAD:0.10712372% BID:0.1867 ASK:0.1869 MID:0.1868 P1:0.1868 P2:0.18685 P3:NA P4:NA STATE:IDLE
[2026-05-01T06:17:43+02:00] CHK MOM:0% RANGE:0% UP:0% SPREAD:0.10712372% BID:0.1867 ASK:0.1869 MID:0.1868 P1:0.1868 P2:0.1868 P3:0.18685 P4:NA STATE:IDLE
[2026-05-01T06:17:44+02:00] CHK MOM:0% RANGE:0% UP:0% SPREAD:0.10712372% BID:0.1867 ASK:0.1869 MID:0.1868 P1:0.1868 P2:0.1868 P3:0.18685 P4:NA STATE:IDLE
[2026-05-01T06:17:44+02:00] CHK MOM:0% RANGE:0% UP:0% SPREAD:0.10712372% BID:0.1867 ASK:0.1869 MID:0.1868 P1:0.1868 P2:0.1868 P3:0.18685 P4:NA STATE:IDLE
[2026-05-01T06:17:45+02:00] CHK MOM:0% RANGE:0% UP:0% SPREAD:0.10712372% BID:0.1867 ASK:0.1869 MID:0.1868 P1:0.1868 P2:0.1868 P3:0.18685 P4:NA STATE:IDLE
[2026-05-01T06:17:45+02:00] CHK MOM:0% RANGE:0% UP:0% SPREAD:0.10712372% BID:0.1867 ASK:0.1869 MID:0.1868 P1:0.1868 P2:0.1868 P3:0.18685 P4:NA STATE:IDLE
[2026-05-01T06:18:11+02:00] CHK MOM:0% RANGE:0% UP:0% SPREAD:0.10712372% BID:0.1867 ASK:0.1869 MID:0.1868 P1:0.1868 P2:0.1868 P3:NA P4:NA STATE:IDLE
[2026-05-01T06:18:12+02:00] CHK MOM:0% RANGE:0% UP:0% SPREAD:0.10712372% BID:0.1867 ASK:0.1869 MID:0.1868 P1:0.1868 P2:0.1868 P3:NA P4:NA STATE:IDLE
[2026-05-01T06:18:12+02:00] CHK MOM:0% RANGE:0% UP:0% SPREAD:0.10712372% BID:0.1867 ASK:0.1869 MID:0.1868 P1:0.1868 P2:0.1868 P3:NA P4:NA STATE:IDLE
[2026-05-01T06:18:13+02:00] CHK MOM:0% RANGE:0% UP:0% SPREAD:0.10712372% BID:0.1867 ASK:0.1869 MID:0.1868 P1:0.1868 P2:0.1868 P3:NA P4:NA STATE:IDLE
[2026-05-01T06:18:13+02:00] CHK MOM:0% RANGE:0% UP:0% SPREAD:0.10712372% BID:0.1867 ASK:0.1869 MID:0.1868 P1:0.1868 P2:0.1868 P3:NA P4:NA STATE:IDLE
[2026-05-01T06:18:36+02:00] CHK MOM:0% RANGE:0% UP:0% SPREAD:0.10712372% BID:0.1867 ASK:0.1869 MID:0.1868 P1:0.1868 P2:0.1868 P3:NA P4:NA STATE:IDLE
[2026-05-01T06:18:37+02:00] CHK MOM:0% RANGE:0% UP:0% SPREAD:0.10712372% BID:0.1867 ASK:0.1869 MID:0.1868 P1:0.1868 P2:0.1868 P3:NA P4:NA STATE:IDLE
[2026-05-01T06:18:37+02:00] CHK MOM:0% RANGE:0% UP:0% SPREAD:0.10712372% BID:0.1867 ASK:0.1869 MID:0.1868 P1:0.1868 P2:0.1868 P3:NA P4:NA STATE:IDLE
[2026-05-01T06:18:38+02:00] CHK MOM:0% RANGE:0% UP:0% SPREAD:0.10712372% BID:0.1867 ASK:0.1869 MID:0.1868 P1:0.1868 P2:0.1868 P3:NA P4:NA STATE:IDLE
[2026-05-01T06:18:38+02:00] CHK MOM:0% RANGE:0% UP:0% SPREAD:0.10712372% BID:0.1867 ASK:0.1869 MID:0.1868 P1:0.1868 P2:0.1868 P3:NA P4:NA STATE:IDLE
[2026-05-01T06:18:53+02:00] CHK MOM:0% RANGE:0% UP:0% SPREAD:0.1609442% BID:0.1864 ASK:0.1867 MID:0.18655 P1:0.18655 P2:0.1868 P3:NA P4:NA STATE:IDLE
[2026-05-01T06:18:53+02:00] CHK MOM:-0.16% RANGE:0.16% UP:0% SPREAD:0.05370569% BID:0.1862 ASK:0.1863 MID:0.18625 P1:0.18625 P2:0.18655 P3:0.1868 P4:NA STATE:IDLE
[2026-05-01T06:18:54+02:00] CHK MOM:-0.16% RANGE:0.16% UP:0% SPREAD:0.05370569% BID:0.1862 ASK:0.1863 MID:0.18625 P1:0.18625 P2:0.18655 P3:0.1868 P4:NA STATE:IDLE
[2026-05-01T06:18:54+02:00] CHK MOM:-0.16% RANGE:0.16% UP:0% SPREAD:0.05370569% BID:0.1862 ASK:0.1863 MID:0.18625 P1:0.18625 P2:0.18625 P3:0.18655 P4:0.1868 STATE:IDLE
[2026-05-01T06:18:55+02:00] CHK MOM:-0.16% RANGE:0.16% UP:0% SPREAD:0.05370569% BID:0.1862 ASK:0.1863 MID:0.18625 P1:0.18625 P2:0.18625 P3:0.18655 P4:0.1868 STATE:IDLE
[2026-05-01T06:18:55+02:00] CHK MOM:-0.16% RANGE:0.16% UP:0% SPREAD:0.05370569% BID:0.1862 ASK:0.1863 MID:0.18625 P1:0.18625 P2:0.18625 P3:0.18655 P4:0.1868 STATE:IDLE
[2026-05-01T06:18:56+02:00] CHK MOM:-0.1% RANGE:0.16% UP:33.33% SPREAD:0.05367686% BID:0.1863 ASK:0.1864 MID:0.18635 P1:0.18635 P2:0.18625 P3:0.18625 P4:0.18655 STATE:IDLE
[2026-05-01T06:18:56+02:00] CHK MOM:-0.16% RANGE:0.16% UP:25% SPREAD:0.05370569% BID:0.1862 ASK:0.1863 MID:0.18625 P1:0.18625 P2:0.18635 P3:0.18625 P4:0.18625 STATE:IDLE
[2026-05-01T06:18:57+02:00] CHK MOM:-0.16% RANGE:0.16% UP:25% SPREAD:0.05370569% BID:0.1862 ASK:0.1863 MID:0.18625 P1:0.18625 P2:0.18635 P3:0.18625 P4:0.18625 STATE:IDLE
[2026-05-01T06:18:57+02:00] CHK MOM:-0.16% RANGE:0.16% UP:25% SPREAD:0.05370569% BID:0.1862 ASK:0.1863 MID:0.18625 P1:0.18625 P2:0.18635 P3:0.18625 P4:0.18625 STATE:IDLE
[2026-05-01T06:18:58+02:00] CHK MOM:-0.16% RANGE:0.16% UP:25% SPREAD:0.05370569% BID:0.1862 ASK:0.1863 MID:0.18625 P1:0.18625 P2:0.18635 P3:0.18625 P4:0.18625 STATE:IDLE
[2026-05-01T06:18:59+02:00] CHK MOM:-0.16% RANGE:0.16% UP:25% SPREAD:0.05370569% BID:0.1862 ASK:0.1863 MID:0.18625 P1:0.18625 P2:0.18635 P3:0.18625 P4:0.18625 STATE:IDLE
[2026-05-01T06:19:01+02:00] CHK MOM:-0.1% RANGE:0.16% UP:40% SPREAD:0.05367686% BID:0.1863 ASK:0.1864 MID:0.18635 P1:0.18635 P2:0.18625 P3:0.18635 P4:0.18625 STATE:IDLE
[2026-05-01T06:19:02+02:00] CHK MOM:-0.1% RANGE:0.16% UP:40% SPREAD:0.05367686% BID:0.1863 ASK:0.1864 MID:0.18635 P1:0.18635 P2:0.18625 P3:0.18635 P4:0.18625 STATE:IDLE
[2026-05-01T06:19:02+02:00] CHK MOM:-0.1% RANGE:0.16% UP:40% SPREAD:0.05367686% BID:0.1863 ASK:0.1864 MID:0.18635 P1:0.18635 P2:0.18625 P3:0.18635 P4:0.18625 STATE:IDLE
[2026-05-01T06:19:03+02:00] CHK MOM:-0.1% RANGE:0.16% UP:40% SPREAD:0.05367686% BID:0.1863 ASK:0.1864 MID:0.18635 P1:0.18635 P2:0.18625 P3:0.18635 P4:0.18625 STATE:IDLE
[2026-05-01T06:19:04+02:00] CHK MOM:-0.1% RANGE:0.16% UP:40% SPREAD:0.05367686% BID:0.1863 ASK:0.1864 MID:0.18635 P1:0.18635 P2:0.18625 P3:0.18635 P4:0.18625 STATE:IDLE
[2026-05-01T06:19:04+02:00] CHK MOM:-0.16% RANGE:0.16% UP:33.33% SPREAD:0.05370569% BID:0.1862 ASK:0.1863 MID:0.18625 P1:0.18625 P2:0.18635 P3:0.18625 P4:0.18635 STATE:IDLE
[2026-05-01T06:19:05+02:00] CHK MOM:-0.16% RANGE:0.16% UP:33.33% SPREAD:0.05370569% BID:0.1862 ASK:0.1863 MID:0.18625 P1:0.18625 P2:0.18635 P3:0.18625 P4:0.18635 STATE:IDLE
[2026-05-01T06:19:05+02:00] CHK MOM:-0.16% RANGE:0.16% UP:33.33% SPREAD:0.05370569% BID:0.1862 ASK:0.1863 MID:0.18625 P1:0.18625 P2:0.18635 P3:0.18625 P4:0.18635 STATE:IDLE
[2026-05-01T06:19:06+02:00] CHK MOM:-0.16% RANGE:0.16% UP:33.33% SPREAD:0.05370569% BID:0.1862 ASK:0.1863 MID:0.18625 P1:0.18625 P2:0.18635 P3:0.18625 P4:0.18635 STATE:IDLE
[2026-05-01T06:19:06+02:00] CHK MOM:-0.16% RANGE:0.16% UP:33.33% SPREAD:0.05370569% BID:0.1862 ASK:0.1863 MID:0.18625 P1:0.18625 P2:0.18635 P3:0.18625 P4:0.18635 STATE:IDLE
[2026-05-01T06:19:11+02:00] CHK MOM:-0.05% RANGE:0.05% UP:25% SPREAD:0.05370569% BID:0.1862 ASK:0.1863 MID:0.18625 P1:0.18625 P2:0.18625 P3:0.18635 P4:0.18625 STATE:IDLE
[2026-05-01T06:19:12+02:00] CHK MOM:-0.05% RANGE:0.05% UP:25% SPREAD:0.05370569% BID:0.1862 ASK:0.1863 MID:0.18625 P1:0.18625 P2:0.18625 P3:0.18635 P4:0.18625 STATE:IDLE
[2026-05-01T06:19:12+02:00] CHK MOM:-0.05% RANGE:0.05% UP:25% SPREAD:0.05370569% BID:0.1862 ASK:0.1863 MID:0.18625 P1:0.18625 P2:0.18625 P3:0.18635 P4:0.18625 STATE:IDLE
[2026-05-01T06:19:13+02:00] CHK MOM:-0.05% RANGE:0.05% UP:25% SPREAD:0.05370569% BID:0.1862 ASK:0.1863 MID:0.18625 P1:0.18625 P2:0.18625 P3:0.18635 P4:0.18625 STATE:IDLE
[2026-05-01T06:19:13+02:00] CHK MOM:-0.05% RANGE:0.05% UP:25% SPREAD:0.05370569% BID:0.1862 ASK:0.1863 MID:0.18625 P1:0.18625 P2:0.18625 P3:0.18635 P4:0.18625 STATE:IDLE
[2026-05-01T06:19:41+02:00] CHK MOM:0% RANGE:0% UP:0% SPREAD:0.05370569% BID:0.1862 ASK:0.1863 MID:0.18625 P1:0.18625 P2:0.18625 P3:0.18625 P4:0.18635 STATE:IDLE
[2026-05-01T06:19:42+02:00] CHK MOM:0% RANGE:0% UP:0% SPREAD:0.05370569% BID:0.1862 ASK:0.1863 MID:0.18625 P1:0.18625 P2:0.18625 P3:0.18625 P4:0.18635 STATE:IDLE
[2026-05-01T06:19:42+02:00] CHK MOM:0% RANGE:0% UP:0% SPREAD:0.05370569% BID:0.1862 ASK:0.1863 MID:0.18625 P1:0.18625 P2:0.18625 P3:0.18625 P4:0.18635 STATE:IDLE
[2026-05-01T06:19:43+02:00] CHK MOM:0% RANGE:0% UP:0% SPREAD:0.05370569% BID:0.1862 ASK:0.1863 MID:0.18625 P1:0.18625 P2:0.18625 P3:0.18625 P4:0.18635 STATE:IDLE
[2026-05-01T06:19:43+02:00] CHK MOM:0% RANGE:0% UP:0% SPREAD:0.05370569% BID:0.1862 ASK:0.1863 MID:0.18625 P1:0.18625 P2:0.18625 P3:0.18625 P4:0.18635 STATE:IDLE
[2026-05-01T06:19:47+02:00] CHK MOM:0% RANGE:0% UP:0% SPREAD:0.05370569% BID:0.1862 ASK:0.1863 MID:0.18625 P1:0.18625 P2:0.18625 P3:0.18625 P4:NA STATE:IDLE
[2026-05-01T06:19:47+02:00] CHK MOM:0% RANGE:0% UP:0% SPREAD:0.05370569% BID:0.1862 ASK:0.1863 MID:0.18625 P1:0.18625 P2:0.18625 P3:0.18625 P4:NA STATE:IDLE
[2026-05-01T06:19:48+02:00] CHK MOM:0% RANGE:0% UP:0% SPREAD:0.05370569% BID:0.1862 ASK:0.1863 MID:0.18625 P1:0.18625 P2:0.18625 P3:0.18625 P4:NA STATE:IDLE
[2026-05-01T06:19:48+02:00] CHK MOM:0% RANGE:0% UP:0% SPREAD:0.05370569% BID:0.1862 ASK:0.1863 MID:0.18625 P1:0.18625 P2:0.18625 P3:0.18625 P4:NA STATE:IDLE
[2026-05-01T06:19:49+02:00] CHK MOM:0% RANGE:0% UP:0% SPREAD:0.05370569% BID:0.1862 ASK:0.1863 MID:0.18625 P1:0.18625 P2:0.18625 P3:0.18625 P4:NA STATE:IDLE
[2026-05-01T06:19:54+02:00] CHK MOM:0% RANGE:0% UP:0% SPREAD:0.05370569% BID:0.1862 ASK:0.1863 MID:0.18625 P1:0.18625 P2:0.18625 P3:0.18625 P4:NA STATE:IDLE
[2026-05-01T06:19:54+02:00] CHK MOM:0% RANGE:0% UP:0% SPREAD:0.05370569% BID:0.1862 ASK:0.1863 MID:0.18625 P1:0.18625 P2:0.18625 P3:0.18625 P4:NA STATE:IDLE
[2026-05-01T06:19:55+02:00] CHK MOM:0% RANGE:0% UP:0% SPREAD:0.05370569% BID:0.1862 ASK:0.1863 MID:0.18625 P1:0.18625 P2:0.18625 P3:0.18625 P4:NA STATE:IDLE
[2026-05-01T06:19:55+02:00] CHK MOM:0% RANGE:0% UP:0% SPREAD:0.05370569% BID:0.1862 ASK:0.1863 MID:0.18625 P1:0.18625 P2:0.18625 P3:0.18625 P4:NA STATE:IDLE
[2026-05-01T06:19:56+02:00] CHK MOM:0% RANGE:0% UP:0% SPREAD:0.05370569% BID:0.1862 ASK:0.1863 MID:0.18625 P1:0.18625 P2:0.18625 P3:0.18625 P4:NA STATE:IDLE
[2026-05-01T06:19:59+02:00] CHK MOM:0% RANGE:0% UP:0% SPREAD:0.05370569% BID:0.1862 ASK:0.1863 MID:0.18625 P1:0.18625 P2:0.18625 P3:0.18625 P4:0.18625 STATE:IDLE
[2026-05-01T06:20:00+02:00] CHK MOM:0% RANGE:0% UP:0% SPREAD:0.05370569% BID:0.1862 ASK:0.1863 MID:0.18625 P1:0.18625 P2:0.18625 P3:0.18625 P4:0.18625 STATE:IDLE
[2026-05-01T06:20:00+02:00] CHK MOM:0% RANGE:0% UP:0% SPREAD:0.05370569% BID:0.1862 ASK:0.1863 MID:0.18625 P1:0.18625 P2:0.18625 P3:0.18625 P4:0.18625 STATE:IDLE
[2026-05-01T06:20:01+02:00] CHK MOM:0% RANGE:0% UP:0% SPREAD:0.05370569% BID:0.1862 ASK:0.1863 MID:0.18625 P1:0.18625 P2:0.18625 P3:0.18625 P4:0.18625 STATE:IDLE
[2026-05-01T06:20:01+02:00] CHK MOM:0% RANGE:0% UP:0% SPREAD:0.05370569% BID:0.1862 ASK:0.1863 MID:0.18625 P1:0.18625 P2:0.18625 P3:0.18625 P4:0.18625 STATE:IDLE
[2026-05-01T06:20:02+02:00] CHK MOM:0% RANGE:0% UP:0% SPREAD:0.05370569% BID:0.1862 ASK:0.1863 MID:0.18625 P1:0.18625 P2:0.18625 P3:0.18625 P4:0.18625 STATE:IDLE
[2026-05-01T06:20:02+02:00] CHK MOM:0% RANGE:0% UP:0% SPREAD:0.05370569% BID:0.1862 ASK:0.1863 MID:0.18625 P1:0.18625 P2:0.18625 P3:0.18625 P4:0.18625 STATE:IDLE
[2026-05-01T06:20:03+02:00] CHK MOM:0% RANGE:0% UP:0% SPREAD:0.05370569% BID:0.1862 ASK:0.1863 MID:0.18625 P1:0.18625 P2:0.18625 P3:0.18625 P4:0.18625 STATE:IDLE
[2026-05-01T06:20:07+02:00] CHK MOM:0% RANGE:0% UP:0% SPREAD:0.05370569% BID:0.1862 ASK:0.1863 MID:0.18625 P1:0.18625 P2:0.18625 P3:0.18625 P4:0.18625 STATE:IDLE
[2026-05-01T06:20:08+02:00] CHK MOM:0% RANGE:0% UP:0% SPREAD:0.05370569% BID:0.1862 ASK:0.1863 MID:0.18625 P1:0.18625 P2:0.18625 P3:0.18625 P4:0.18625 STATE:IDLE
[2026-05-01T06:20:08+02:00] CHK MOM:0% RANGE:0% UP:0% SPREAD:0.05370569% BID:0.1862 ASK:0.1863 MID:0.18625 P1:0.18625 P2:0.18625 P3:0.18625 P4:0.18625 STATE:IDLE
[2026-05-01T06:20:09+02:00] CHK MOM:0% RANGE:0% UP:0% SPREAD:0.05370569% BID:0.1862 ASK:0.1863 MID:0.18625 P1:0.18625 P2:0.18625 P3:0.18625 P4:0.18625 STATE:IDLE
[2026-05-01T06:20:09+02:00] CHK MOM:0% RANGE:0% UP:0% SPREAD:0.05370569% BID:0.1862 ASK:0.1863 MID:0.18625 P1:0.18625 P2:0.18625 P3:0.18625 P4:0.18625 STATE:IDLE
[2026-05-01T06:20:17+02:00] CHK MOM:-0.05% RANGE:0.05% UP:0% SPREAD:0.05373455% BID:0.1861 ASK:0.1862 MID:0.18614999 P1:0.18614999 P2:0.18625 P3:0.18625 P4:0.18625 STATE:IDLE
[2026-05-01T06:20:17+02:00] CHK MOM:-0.05% RANGE:0.05% UP:0% SPREAD:0.05373455% BID:0.1861 ASK:0.1862 MID:0.18614999 P1:0.18614999 P2:0.18625 P3:0.18625 P4:0.18625 STATE:IDLE
[2026-05-01T06:20:18+02:00] CHK MOM:-0.05% RANGE:0.05% UP:0% SPREAD:0.05373455% BID:0.1861 ASK:0.1862 MID:0.18614999 P1:0.18614999 P2:0.18625 P3:0.18625 P4:0.18625 STATE:IDLE
[2026-05-01T06:20:18+02:00] CHK MOM:-0.05% RANGE:0.05% UP:0% SPREAD:0.05373455% BID:0.1861 ASK:0.1862 MID:0.18614999 P1:0.18614999 P2:0.18625 P3:0.18625 P4:0.18625 STATE:IDLE
[2026-05-01T06:20:19+02:00] CHK MOM:-0.05% RANGE:0.05% UP:0% SPREAD:0.05373455% BID:0.1861 ASK:0.1862 MID:0.18614999 P1:0.18614999 P2:0.18625 P3:0.18625 P4:0.18625 STATE:IDLE
[2026-05-01T06:20:21+02:00] CHK MOM:-0.05% RANGE:0.05% UP:0% SPREAD:0.05373455% BID:0.1861 ASK:0.1862 MID:0.18614999 P1:0.18614999 P2:0.18614999 P3:0.18625 P4:0.18625 STATE:IDLE
[2026-05-01T06:20:22+02:00] CHK MOM:-0.05% RANGE:0.05% UP:0% SPREAD:0.05373455% BID:0.1861 ASK:0.1862 MID:0.18614999 P1:0.18614999 P2:0.18614999 P3:0.18625 P4:0.18625 STATE:IDLE
[2026-05-01T06:20:23+02:00] CHK MOM:-0.05% RANGE:0.05% UP:0% SPREAD:0.05373455% BID:0.1861 ASK:0.1862 MID:0.18614999 P1:0.18614999 P2:0.18614999 P3:0.18625 P4:0.18625 STATE:IDLE
[2026-05-01T06:20:23+02:00] CHK MOM:-0.05% RANGE:0.05% UP:0% SPREAD:0.05373455% BID:0.1861 ASK:0.1862 MID:0.18614999 P1:0.18614999 P2:0.18614999 P3:0.18625 P4:0.18625 STATE:IDLE
[2026-05-01T06:20:24+02:00] CHK MOM:-0.05% RANGE:0.05% UP:0% SPREAD:0.05373455% BID:0.1861 ASK:0.1862 MID:0.18614999 P1:0.18614999 P2:0.18614999 P3:0.18625 P4:0.18625 STATE:IDLE
[2026-05-01T06:20:45+02:00] CHK MOM:0% RANGE:0% UP:0% SPREAD:0.05373455% BID:0.1861 ASK:0.1862 MID:0.18614999 P1:0.18614999 P2:0.18614999 P3:0.18614999 P4:0.18625 STATE:IDLE
[2026-05-01T06:20:46+02:00] CHK MOM:0% RANGE:0% UP:0% SPREAD:0.05373455% BID:0.1861 ASK:0.1862 MID:0.18614999 P1:0.18614999 P2:0.18614999 P3:0.18614999 P4:0.18625 STATE:IDLE
[2026-05-01T06:20:46+02:00] CHK MOM:0% RANGE:0% UP:0% SPREAD:0.05373455% BID:0.1861 ASK:0.1862 MID:0.18614999 P1:0.18614999 P2:0.18614999 P3:0.18614999 P4:0.18625 STATE:IDLE
[2026-05-01T06:20:47+02:00] CHK MOM:0% RANGE:0% UP:0% SPREAD:0.05373455% BID:0.1861 ASK:0.1862 MID:0.18614999 P1:0.18614999 P2:0.18614999 P3:0.18614999 P4:0.18625 STATE:IDLE
[2026-05-01T06:20:47+02:00] CHK MOM:0% RANGE:0% UP:0% SPREAD:0.05373455% BID:0.1861 ASK:0.1862 MID:0.18614999 P1:0.18614999 P2:0.18614999 P3:0.18614999 P4:0.18625 STATE:IDLE
[2026-05-01T06:21:46+02:00] CHK MOM:0% RANGE:0% UP:0% SPREAD:0.05373455% BID:0.1861 ASK:0.1862 MID:0.18614999 P1:0.18614999 P2:NA P3:NA P4:NA STATE:IDLE
[2026-05-01T06:21:47+02:00] CHK MOM:0% RANGE:0% UP:0% SPREAD:0.05373455% BID:0.1861 ASK:0.1862 MID:0.18614999 P1:0.18614999 P2:0.18614999 P3:NA P4:NA STATE:IDLE
[2026-05-01T06:21:47+02:00] CHK MOM:0% RANGE:0% UP:0% SPREAD:0.05373455% BID:0.1861 ASK:0.1862 MID:0.18614999 P1:0.18614999 P2:0.18614999 P3:NA P4:NA STATE:IDLE
[2026-05-01T06:21:48+02:00] CHK MOM:0% RANGE:0% UP:0% SPREAD:0.05373455% BID:0.1861 ASK:0.1862 MID:0.18614999 P1:0.18614999 P2:0.18614999 P3:NA P4:NA STATE:IDLE
[2026-05-01T06:21:48+02:00] CHK MOM:0% RANGE:0% UP:0% SPREAD:0.05373455% BID:0.1861 ASK:0.1862 MID:0.18614999 P1:0.18614999 P2:0.18614999 P3:NA P4:NA STATE:IDLE
[2026-05-01T06:21:49+02:00] CHK MOM:0% RANGE:0% UP:0% SPREAD:0.05373455% BID:0.1861 ASK:0.1862 MID:0.18614999 P1:0.18614999 P2:0.18614999 P3:NA P4:NA STATE:IDLE
[2026-05-01T06:21:50+02:00] CHK MOM:0.08% RANGE:0.08% UP:50% SPREAD:0.10741138% BID:0.1862 ASK:0.1864 MID:0.1863 P1:0.1863 P2:0.18614999 P3:0.18614999 P4:NA STATE:IDLE
[2026-05-01T06:21:51+02:00] CHK MOM:0.08% RANGE:0.08% UP:50% SPREAD:0.10741138% BID:0.1862 ASK:0.1864 MID:0.1863 P1:0.1863 P2:0.18614999 P3:0.18614999 P4:NA STATE:IDLE
[2026-05-01T06:21:52+02:00] CHK MOM:0.05% RANGE:0.08% UP:33.33% SPREAD:0.05370569% BID:0.1862 ASK:0.1863 MID:0.18625 P1:0.18625 P2:0.1863 P3:0.18614999 P4:0.18614999 STATE:IDLE
[2026-05-01T06:21:52+02:00] CHK MOM:0.05% RANGE:0.08% UP:33.33% SPREAD:0.05370569% BID:0.1862 ASK:0.1863 MID:0.18625 P1:0.18625 P2:0.1863 P3:0.18614999 P4:0.18614999 STATE:IDLE
[2026-05-01T06:21:53+02:00] CHK MOM:0.05% RANGE:0.08% UP:33.33% SPREAD:0.05370569% BID:0.1862 ASK:0.1863 MID:0.18625 P1:0.18625 P2:0.1863 P3:0.18614999 P4:0.18614999 STATE:IDLE
[2026-05-01T06:21:53+02:00] CHK MOM:0.05% RANGE:0.08% UP:33.33% SPREAD:0.05370569% BID:0.1862 ASK:0.1863 MID:0.18625 P1:0.18625 P2:0.1863 P3:0.18614999 P4:0.18614999 STATE:IDLE
[2026-05-01T06:21:54+02:00] CHK MOM:0.05% RANGE:0.08% UP:33.33% SPREAD:0.05370569% BID:0.1862 ASK:0.1863 MID:0.18625 P1:0.18625 P2:0.1863 P3:0.18614999 P4:0.18614999 STATE:IDLE
[2026-05-01T06:22:01+02:00] CHK MOM:0.05% RANGE:0.08% UP:25% SPREAD:0.05370569% BID:0.1862 ASK:0.1863 MID:0.18625 P1:0.18625 P2:0.18625 P3:0.1863 P4:0.18614999 STATE:IDLE
[2026-05-01T06:22:01+02:00] CHK MOM:0.05% RANGE:0.08% UP:25% SPREAD:0.05370569% BID:0.1862 ASK:0.1863 MID:0.18625 P1:0.18625 P2:0.18625 P3:0.1863 P4:0.18614999 STATE:IDLE
[2026-05-01T06:22:02+02:00] CHK MOM:0.05% RANGE:0.08% UP:25% SPREAD:0.05370569% BID:0.1862 ASK:0.1863 MID:0.18625 P1:0.18625 P2:0.18625 P3:0.1863 P4:0.18614999 STATE:IDLE
[2026-05-01T06:22:02+02:00] CHK MOM:0.05% RANGE:0.08% UP:25% SPREAD:0.05370569% BID:0.1862 ASK:0.1863 MID:0.18625 P1:0.18625 P2:0.18625 P3:0.18625 P4:0.1863 STATE:IDLE
[2026-05-01T06:22:03+02:00] CHK MOM:0.05% RANGE:0.08% UP:25% SPREAD:0.05370569% BID:0.1862 ASK:0.1863 MID:0.18625 P1:0.18625 P2:0.18625 P3:0.18625 P4:0.1863 STATE:IDLE
[2026-05-01T06:22:03+02:00] CHK MOM:-0.02% RANGE:0.02% UP:0% SPREAD:0.05370569% BID:0.1862 ASK:0.1863 MID:0.18625 P1:0.18625 P2:0.18625 P3:0.18625 P4:0.18625 STATE:IDLE
[2026-05-01T06:22:04+02:00] CHK MOM:-0.02% RANGE:0.02% UP:0% SPREAD:0.05370569% BID:0.1862 ASK:0.1863 MID:0.18625 P1:0.18625 P2:0.18625 P3:0.18625 P4:0.18625 STATE:IDLE
[2026-05-01T06:22:04+02:00] CHK MOM:-0.02% RANGE:0.02% UP:0% SPREAD:0.05370569% BID:0.1862 ASK:0.1863 MID:0.18625 P1:0.18625 P2:0.18625 P3:0.18625 P4:0.18625 STATE:IDLE
[2026-05-01T06:22:05+02:00] CHK MOM:-0.02% RANGE:0.02% UP:0% SPREAD:0.05370569% BID:0.1862 ASK:0.1863 MID:0.18625 P1:0.18625 P2:0.18625 P3:0.18625 P4:0.18625 STATE:IDLE
[2026-05-01T06:22:05+02:00] CHK MOM:-0.02% RANGE:0.02% UP:0% SPREAD:0.05370569% BID:0.1862 ASK:0.1863 MID:0.18625 P1:0.18625 P2:0.18625 P3:0.18625 P4:0.18625 STATE:IDLE
[2026-05-01T06:22:06+02:00] CHK MOM:-0.02% RANGE:0.02% UP:0% SPREAD:0.05370569% BID:0.1862 ASK:0.1863 MID:0.18625 P1:0.18625 P2:0.18625 P3:0.18625 P4:0.18625 STATE:IDLE
[2026-05-01T06:22:07+02:00] CHK MOM:0% RANGE:0% UP:0% SPREAD:0.05370569% BID:0.1862 ASK:0.1863 MID:0.18625 P1:0.18625 P2:0.18625 P3:0.18625 P4:0.18625 STATE:IDLE
[2026-05-01T06:22:08+02:00] CHK MOM:0% RANGE:0% UP:0% SPREAD:0.05370569% BID:0.1862 ASK:0.1863 MID:0.18625 P1:0.18625 P2:0.18625 P3:0.18625 P4:0.18625 STATE:IDLE
[2026-05-01T06:22:08+02:00] CHK MOM:0% RANGE:0% UP:0% SPREAD:0.05370569% BID:0.1862 ASK:0.1863 MID:0.18625 P1:0.18625 P2:0.18625 P3:0.18625 P4:0.18625 STATE:IDLE
[2026-05-01T06:22:09+02:00] CHK MOM:0% RANGE:0% UP:0% SPREAD:0.05370569% BID:0.1862 ASK:0.1863 MID:0.18625 P1:0.18625 P2:0.18625 P3:0.18625 P4:0.18625 STATE:IDLE
[2026-05-01T06:22:09+02:00] CHK MOM:0% RANGE:0% UP:0% SPREAD:0.05370569% BID:0.1862 ASK:0.1863 MID:0.18625 P1:0.18625 P2:0.18625 P3:0.18625 P4:0.18625 STATE:IDLE
[2026-05-01T06:22:10+02:00] CHK MOM:0% RANGE:0% UP:0% SPREAD:0.05370569% BID:0.1862 ASK:0.1863 MID:0.18625 P1:0.18625 P2:0.18625 P3:0.18625 P4:0.18625 STATE:IDLE
[2026-05-01T06:22:43+02:00] CHK MOM:0% RANGE:0% UP:0% SPREAD:0.05367686% BID:0.1863 ASK:0.1864 MID:0.18635 P1:0.18635 P2:0.18625 P3:0.18625 P4:0.18625 STATE:IDLE
[2026-05-01T08:54:52+02:00] SESSION_START symbol=SOMIUSDC dry_run=1 profile=major strategy=momentum base_url=https://api.binance.com
[2026-05-01T08:54:52+02:00] TOXIC_MEMORY_LOADED count=17 symbols=0GUSDC,AAVEUSDC,CFGUSDC,DASHUSDC,ENJUSDC,FETUSDC,GIGGLEUSDC,GUNUSDC,HBARUSDC,KITEUSDC
[2026-05-01T08:55:26+02:00] CHK MOM:0% RANGE:0% UP:0% SPREAD:0.05344735% BID:0.1871 ASK:0.1872 MID:0.18714999 P1:0.18714999 P2:NA P3:NA P4:NA STATE:IDLE
[2026-05-01T08:55:26+02:00] CHK MOM:0% RANGE:0% UP:0% SPREAD:0.05344735% BID:0.1871 ASK:0.1872 MID:0.18714999 P1:0.18714999 P2:NA P3:NA P4:NA STATE:IDLE
[2026-05-01T08:55:27+02:00] CHK MOM:0% RANGE:0% UP:0% SPREAD:0.05344735% BID:0.1871 ASK:0.1872 MID:0.18714999 P1:0.18714999 P2:NA P3:NA P4:NA STATE:IDLE
[2026-05-01T08:55:27+02:00] CHK MOM:0% RANGE:0% UP:0% SPREAD:0.05344735% BID:0.1871 ASK:0.1872 MID:0.18714999 P1:0.18714999 P2:NA P3:NA P4:NA STATE:IDLE
[2026-05-01T08:55:28+02:00] CHK MOM:0% RANGE:0% UP:0% SPREAD:0.05344735% BID:0.1871 ASK:0.1872 MID:0.18714999 P1:0.18714999 P2:NA P3:NA P4:NA STATE:IDLE
[2026-05-01T08:56:03+02:00] CHK MOM:0% RANGE:0% UP:0% SPREAD:0.10700909% BID:0.1869 ASK:0.1871 MID:0.187 P1:0.187 P2:0.18714999 P3:NA P4:NA STATE:IDLE
[2026-05-01T08:56:03+02:00] CHK MOM:0% RANGE:0% UP:0% SPREAD:0.10700909% BID:0.1869 ASK:0.1871 MID:0.187 P1:0.187 P2:0.18714999 P3:NA P4:NA STATE:IDLE
[2026-05-01T08:56:04+02:00] CHK MOM:0% RANGE:0% UP:0% SPREAD:0.10700909% BID:0.1869 ASK:0.1871 MID:0.187 P1:0.187 P2:0.18714999 P3:NA P4:NA STATE:IDLE
[2026-05-01T08:56:04+02:00] CHK MOM:-0.02% RANGE:0.02% UP:0% SPREAD:0.05350454% BID:0.1869 ASK:0.187 MID:0.18695 P1:0.18695 P2:0.187 P3:0.18714999 P4:NA STATE:IDLE
[2026-05-01T08:56:05+02:00] CHK MOM:-0.02% RANGE:0.02% UP:0% SPREAD:0.05350454% BID:0.1869 ASK:0.187 MID:0.18695 P1:0.18695 P2:0.187 P3:0.18714999 P4:NA STATE:IDLE
[2026-05-01T08:56:05+02:00] CHK MOM:-0.02% RANGE:0.02% UP:0% SPREAD:0.05350454% BID:0.1869 ASK:0.187 MID:0.18695 P1:0.18695 P2:0.187 P3:0.18714999 P4:NA STATE:IDLE
[2026-05-01T08:56:06+02:00] CHK MOM:-0.02% RANGE:0.02% UP:0% SPREAD:0.05350454% BID:0.1869 ASK:0.187 MID:0.18695 P1:0.18695 P2:0.187 P3:0.18714999 P4:NA STATE:IDLE
[2026-05-01T08:56:06+02:00] CHK MOM:-0.02% RANGE:0.02% UP:0% SPREAD:0.05350454% BID:0.1869 ASK:0.187 MID:0.18695 P1:0.18695 P2:0.187 P3:0.18714999 P4:NA STATE:IDLE
[2026-05-01T08:56:07+02:00] CHK MOM:-0.02% RANGE:0.02% UP:0% SPREAD:0.05350454% BID:0.1869 ASK:0.187 MID:0.18695 P1:0.18695 P2:0.187 P3:0.18714999 P4:NA STATE:IDLE
[2026-05-01T08:56:21+02:00] CHK MOM:0% RANGE:0% UP:0% SPREAD:0.05350454% BID:0.1869 ASK:0.187 MID:0.18695 P1:0.18695 P2:0.18695 P3:0.187 P4:NA STATE:IDLE
[2026-05-01T08:56:22+02:00] CHK MOM:0% RANGE:0% UP:0% SPREAD:0.05350454% BID:0.1869 ASK:0.187 MID:0.18695 P1:0.18695 P2:0.18695 P3:0.187 P4:NA STATE:IDLE
[2026-05-01T08:56:22+02:00] CHK MOM:0% RANGE:0% UP:0% SPREAD:0.05350454% BID:0.1869 ASK:0.187 MID:0.18695 P1:0.18695 P2:0.18695 P3:0.187 P4:NA STATE:IDLE
[2026-05-01T08:56:23+02:00] CHK MOM:0% RANGE:0% UP:0% SPREAD:0.05350454% BID:0.1869 ASK:0.187 MID:0.18695 P1:0.18695 P2:0.18695 P3:0.187 P4:NA STATE:IDLE
[2026-05-01T08:56:23+02:00] CHK MOM:0% RANGE:0% UP:0% SPREAD:0.05350454% BID:0.1869 ASK:0.187 MID:0.18695 P1:0.18695 P2:0.18695 P3:0.187 P4:NA STATE:IDLE
[2026-05-01T08:56:32+02:00] CHK MOM:0% RANGE:0% UP:0% SPREAD:0.05350454% BID:0.1869 ASK:0.187 MID:0.18695 P1:0.18695 P2:0.18695 P3:0.18695 P4:0.187 STATE:IDLE
[2026-05-01T08:56:32+02:00] CHK MOM:0% RANGE:0% UP:0% SPREAD:0.05350454% BID:0.1869 ASK:0.187 MID:0.18695 P1:0.18695 P2:0.18695 P3:0.18695 P4:0.187 STATE:IDLE
[2026-05-01T08:56:33+02:00] CHK MOM:0% RANGE:0% UP:0% SPREAD:0.05350454% BID:0.1869 ASK:0.187 MID:0.18695 P1:0.18695 P2:0.18695 P3:0.18695 P4:0.187 STATE:IDLE
[2026-05-01T08:56:33+02:00] CHK MOM:0% RANGE:0% UP:0% SPREAD:0.05350454% BID:0.1869 ASK:0.187 MID:0.18695 P1:0.18695 P2:0.18695 P3:0.18695 P4:0.187 STATE:IDLE
[2026-05-01T08:56:34+02:00] CHK MOM:0% RANGE:0% UP:0% SPREAD:0.05350454% BID:0.1869 ASK:0.187 MID:0.18695 P1:0.18695 P2:0.18695 P3:0.18695 P4:0.187 STATE:IDLE
[2026-05-01T08:56:35+02:00] CHK MOM:0% RANGE:0% UP:0% SPREAD:0.05350454% BID:0.1869 ASK:0.187 MID:0.18695 P1:0.18695 P2:0.18695 P3:0.18695 P4:0.18695 STATE:IDLE
[2026-05-01T08:56:36+02:00] CHK MOM:0% RANGE:0% UP:0% SPREAD:0.05350454% BID:0.1869 ASK:0.187 MID:0.18695 P1:0.18695 P2:0.18695 P3:0.18695 P4:0.18695 STATE:IDLE
[2026-05-01T08:56:36+02:00] CHK MOM:0% RANGE:0% UP:0% SPREAD:0.05350454% BID:0.1869 ASK:0.187 MID:0.18695 P1:0.18695 P2:0.18695 P3:0.18695 P4:0.18695 STATE:IDLE
[2026-05-01T08:56:37+02:00] CHK MOM:0% RANGE:0% UP:0% SPREAD:0.05350454% BID:0.1869 ASK:0.187 MID:0.18695 P1:0.18695 P2:0.18695 P3:0.18695 P4:0.18695 STATE:IDLE
[2026-05-01T08:56:38+02:00] CHK MOM:0% RANGE:0% UP:0% SPREAD:0.05350454% BID:0.1869 ASK:0.187 MID:0.18695 P1:0.18695 P2:0.18695 P3:0.18695 P4:0.18695 STATE:IDLE
[2026-05-01T08:56:48+02:00] CHK MOM:0% RANGE:0% UP:0% SPREAD:0.05350454% BID:0.1869 ASK:0.187 MID:0.18695 P1:0.18695 P2:0.18695 P3:0.18695 P4:0.18695 STATE:IDLE
[2026-05-01T08:56:49+02:00] CHK MOM:0% RANGE:0% UP:0% SPREAD:0.05350454% BID:0.1869 ASK:0.187 MID:0.18695 P1:0.18695 P2:0.18695 P3:0.18695 P4:0.18695 STATE:IDLE
[2026-05-01T08:56:49+02:00] CHK MOM:0% RANGE:0% UP:0% SPREAD:0.05350454% BID:0.1869 ASK:0.187 MID:0.18695 P1:0.18695 P2:0.18695 P3:0.18695 P4:0.18695 STATE:IDLE
[2026-05-01T08:56:50+02:00] CHK MOM:0% RANGE:0% UP:0% SPREAD:0.05350454% BID:0.1869 ASK:0.187 MID:0.18695 P1:0.18695 P2:0.18695 P3:0.18695 P4:0.18695 STATE:IDLE
[2026-05-01T08:56:50+02:00] CHK MOM:0% RANGE:0% UP:0% SPREAD:0.05350454% BID:0.1869 ASK:0.187 MID:0.18695 P1:0.18695 P2:0.18695 P3:0.18695 P4:0.18695 STATE:IDLE
[2026-05-01T08:56:55+02:00] CHK MOM:0% RANGE:0% UP:0% SPREAD:0.05350454% BID:0.1869 ASK:0.187 MID:0.18695 P1:0.18695 P2:0.18695 P3:0.18695 P4:0.18695 STATE:IDLE
[2026-05-01T08:56:56+02:00] CHK MOM:0% RANGE:0% UP:0% SPREAD:0.05350454% BID:0.1869 ASK:0.187 MID:0.18695 P1:0.18695 P2:0.18695 P3:0.18695 P4:0.18695 STATE:IDLE
[2026-05-01T08:56:56+02:00] CHK MOM:0% RANGE:0% UP:0% SPREAD:0.05350454% BID:0.1869 ASK:0.187 MID:0.18695 P1:0.18695 P2:0.18695 P3:0.18695 P4:0.18695 STATE:IDLE
[2026-05-01T08:56:57+02:00] CHK MOM:0% RANGE:0% UP:0% SPREAD:0.05350454% BID:0.1869 ASK:0.187 MID:0.18695 P1:0.18695 P2:0.18695 P3:0.18695 P4:0.18695 STATE:IDLE
[2026-05-01T08:56:57+02:00] CHK MOM:0% RANGE:0% UP:0% SPREAD:0.05350454% BID:0.1869 ASK:0.187 MID:0.18695 P1:0.18695 P2:0.18695 P3:0.18695 P4:0.18695 STATE:IDLE
[2026-05-01T08:57:01+02:00] CHK MOM:0.05% RANGE:0.05% UP:50% SPREAD:0.05347593% BID:0.187 ASK:0.1871 MID:0.18705 P1:0.18705 P2:0.18695 P3:0.18695 P4:0.18695 STATE:IDLE
[2026-05-01T08:57:01+02:00] CHK MOM:0.05% RANGE:0.05% UP:50% SPREAD:0.05347593% BID:0.187 ASK:0.1871 MID:0.18705 P1:0.18705 P2:0.18695 P3:0.18695 P4:0.18695 STATE:IDLE
[2026-05-01T08:57:02+02:00] CHK MOM:0.05% RANGE:0.05% UP:50% SPREAD:0.05347593% BID:0.187 ASK:0.1871 MID:0.18705 P1:0.18705 P2:0.18695 P3:0.18695 P4:0.18695 STATE:IDLE
[2026-05-01T08:57:02+02:00] CHK MOM:0.05% RANGE:0.05% UP:50% SPREAD:0.05347593% BID:0.187 ASK:0.1871 MID:0.18705 P1:0.18705 P2:0.18695 P3:0.18695 P4:0.18695 STATE:IDLE
[2026-05-01T08:57:03+02:00] CHK MOM:0.05% RANGE:0.05% UP:50% SPREAD:0.05347593% BID:0.187 ASK:0.1871 MID:0.18705 P1:0.18705 P2:0.18695 P3:0.18695 P4:0.18695 STATE:IDLE
[2026-05-01T08:57:03+02:00] CHK MOM:0.02% RANGE:0.05% UP:33.33% SPREAD:0.10700909% BID:0.1869 ASK:0.1871 MID:0.187 P1:0.187 P2:0.18705 P3:0.18695 P4:0.18695 STATE:IDLE
[2026-05-01T08:57:04+02:00] CHK MOM:0.02% RANGE:0.05% UP:33.33% SPREAD:0.10700909% BID:0.1869 ASK:0.1871 MID:0.187 P1:0.187 P2:0.18705 P3:0.18695 P4:0.18695 STATE:IDLE
[2026-05-01T08:57:04+02:00] CHK MOM:0.02% RANGE:0.05% UP:33.33% SPREAD:0.10700909% BID:0.1869 ASK:0.1871 MID:0.187 P1:0.187 P2:0.18705 P3:0.18695 P4:0.18695 STATE:IDLE
[2026-05-01T08:57:05+02:00] CHK MOM:0.02% RANGE:0.05% UP:33.33% SPREAD:0.10700909% BID:0.1869 ASK:0.1871 MID:0.187 P1:0.187 P2:0.18705 P3:0.18695 P4:0.18695 STATE:IDLE
[2026-05-01T08:57:05+02:00] CHK MOM:0.02% RANGE:0.05% UP:33.33% SPREAD:0.10700909% BID:0.1869 ASK:0.1871 MID:0.187 P1:0.187 P2:0.18705 P3:0.18695 P4:0.18695 STATE:IDLE
[2026-05-01T08:57:06+02:00] CHK MOM:0.02% RANGE:0.05% UP:33.33% SPREAD:0.10700909% BID:0.1869 ASK:0.1871 MID:0.187 P1:0.187 P2:0.18705 P3:0.18695 P4:0.18695 STATE:IDLE
[2026-05-01T08:57:08+02:00] CHK MOM:0.02% RANGE:0.05% UP:33.33% SPREAD:0.10700909% BID:0.1869 ASK:0.1871 MID:0.187 P1:0.187 P2:0.187 P3:0.18705 P4:0.18695 STATE:IDLE
[2026-05-01T08:57:09+02:00] CHK MOM:0.02% RANGE:0.05% UP:33.33% SPREAD:0.10700909% BID:0.1869 ASK:0.1871 MID:0.187 P1:0.187 P2:0.187 P3:0.18705 P4:0.18695 STATE:IDLE
[2026-05-01T08:57:09+02:00] CHK MOM:-0.08% RANGE:0.13% UP:25% SPREAD:0.10712372% BID:0.1867 ASK:0.1869 MID:0.1868 P1:0.1868 P2:0.187 P3:0.187 P4:0.18705 STATE:IDLE
[2026-05-01T08:57:10+02:00] CHK MOM:-0.08% RANGE:0.13% UP:25% SPREAD:0.10712372% BID:0.1867 ASK:0.1869 MID:0.1868 P1:0.1868 P2:0.187 P3:0.187 P4:0.18705 STATE:IDLE
[2026-05-01T08:57:10+02:00] CHK MOM:-0.08% RANGE:0.13% UP:25% SPREAD:0.10712372% BID:0.1867 ASK:0.1869 MID:0.1868 P1:0.1868 P2:0.187 P3:0.187 P4:0.18705 STATE:IDLE
[2026-05-01T08:57:11+02:00] CHK MOM:-0.08% RANGE:0.13% UP:20% SPREAD:0.10712372% BID:0.1867 ASK:0.1869 MID:0.1868 P1:0.1868 P2:0.1868 P3:0.187 P4:0.187 STATE:IDLE
[2026-05-01T08:57:12+02:00] CHK MOM:-0.13% RANGE:0.13% UP:0% SPREAD:0.10712372% BID:0.1867 ASK:0.1869 MID:0.1868 P1:0.1868 P2:0.1868 P3:0.1868 P4:0.187 STATE:IDLE
[2026-05-01T08:57:12+02:00] CHK MOM:-0.13% RANGE:0.13% UP:0% SPREAD:0.10712372% BID:0.1867 ASK:0.1869 MID:0.1868 P1:0.1868 P2:0.1868 P3:0.1868 P4:0.187 STATE:IDLE
[2026-05-01T08:57:13+02:00] CHK MOM:-0.13% RANGE:0.13% UP:0% SPREAD:0.10712372% BID:0.1867 ASK:0.1869 MID:0.1868 P1:0.1868 P2:0.1868 P3:0.1868 P4:0.187 STATE:IDLE
[2026-05-01T08:57:13+02:00] CHK MOM:-0.13% RANGE:0.13% UP:0% SPREAD:0.10712372% BID:0.1867 ASK:0.1869 MID:0.1868 P1:0.1868 P2:0.1868 P3:0.1868 P4:0.187 STATE:IDLE
[2026-05-01T08:57:14+02:00] CHK MOM:-0.13% RANGE:0.13% UP:0% SPREAD:0.10712372% BID:0.1867 ASK:0.1869 MID:0.1868 P1:0.1868 P2:0.1868 P3:0.1868 P4:0.187 STATE:IDLE
[2026-05-01T08:57:20+02:00] CHK MOM:-0.1% RANGE:0.1% UP:0% SPREAD:0.10712372% BID:0.1867 ASK:0.1869 MID:0.1868 P1:0.1868 P2:0.1868 P3:0.1868 P4:0.1868 STATE:IDLE
[2026-05-01T08:57:21+02:00] CHK MOM:-0.1% RANGE:0.1% UP:0% SPREAD:0.10712372% BID:0.1867 ASK:0.1869 MID:0.1868 P1:0.1868 P2:0.1868 P3:0.1868 P4:0.1868 STATE:IDLE
[2026-05-01T08:57:21+02:00] CHK MOM:-0.1% RANGE:0.1% UP:0% SPREAD:0.10712372% BID:0.1867 ASK:0.1869 MID:0.1868 P1:0.1868 P2:0.1868 P3:0.1868 P4:0.1868 STATE:IDLE
[2026-05-01T08:57:22+02:00] CHK MOM:-0.1% RANGE:0.1% UP:0% SPREAD:0.10712372% BID:0.1867 ASK:0.1869 MID:0.1868 P1:0.1868 P2:0.1868 P3:0.1868 P4:0.1868 STATE:IDLE
[2026-05-01T08:57:22+02:00] CHK MOM:-0.1% RANGE:0.1% UP:0% SPREAD:0.10712372% BID:0.1867 ASK:0.1869 MID:0.1868 P1:0.1868 P2:0.1868 P3:0.1868 P4:0.1868 STATE:IDLE
[2026-05-01T08:57:27+02:00] CHK MOM:0.08% RANGE:0.08% UP:33.33% SPREAD:0.05350454% BID:0.1869 ASK:0.187 MID:0.18695 P1:0.18695 P2:0.1868 P3:0.1868 P4:0.1868 STATE:IDLE
[2026-05-01T08:57:28+02:00] CHK MOM:0.08% RANGE:0.08% UP:33.33% SPREAD:0.05350454% BID:0.1869 ASK:0.187 MID:0.18695 P1:0.18695 P2:0.1868 P3:0.1868 P4:0.1868 STATE:IDLE
[2026-05-01T08:57:28+02:00] CHK MOM:0.08% RANGE:0.08% UP:33.33% SPREAD:0.05350454% BID:0.1869 ASK:0.187 MID:0.18695 P1:0.18695 P2:0.1868 P3:0.1868 P4:0.1868 STATE:IDLE
[2026-05-01T08:57:29+02:00] CHK MOM:0.08% RANGE:0.08% UP:33.33% SPREAD:0.05350454% BID:0.1869 ASK:0.187 MID:0.18695 P1:0.18695 P2:0.1868 P3:0.1868 P4:0.1868 STATE:IDLE
[2026-05-01T08:57:29+02:00] CHK MOM:0.08% RANGE:0.08% UP:33.33% SPREAD:0.05350454% BID:0.1869 ASK:0.187 MID:0.18695 P1:0.18695 P2:0.1868 P3:0.1868 P4:0.1868 STATE:IDLE
[2026-05-01T08:57:30+02:00] CHK MOM:0.05% RANGE:0.08% UP:50% SPREAD:0.10706638% BID:0.1868 ASK:0.187 MID:0.1869 P1:0.1869 P2:0.18695 P3:0.1868 P4:0.1868 STATE:IDLE
[2026-05-01T08:57:31+02:00] CHK MOM:0.08% RANGE:0.08% UP:66.66% SPREAD:0.05350454% BID:0.1869 ASK:0.187 MID:0.18695 P1:0.18695 P2:0.1869 P3:0.18695 P4:0.1868 STATE:IDLE
[2026-05-01T08:57:31+02:00] CHK MOM:0.08% RANGE:0.08% UP:66.66% SPREAD:0.05350454% BID:0.1869 ASK:0.187 MID:0.18695 P1:0.18695 P2:0.1869 P3:0.18695 P4:0.1868 STATE:IDLE
[2026-05-01T08:57:32+02:00] CHK MOM:0.08% RANGE:0.08% UP:66.66% SPREAD:0.05350454% BID:0.1869 ASK:0.187 MID:0.18695 P1:0.18695 P2:0.1869 P3:0.18695 P4:0.1868 STATE:IDLE
[2026-05-01T08:57:33+02:00] CHK MOM:0.08% RANGE:0.08% UP:66.66% SPREAD:0.05350454% BID:0.1869 ASK:0.187 MID:0.18695 P1:0.18695 P2:0.1869 P3:0.18695 P4:0.1868 STATE:IDLE
[2026-05-01T08:57:33+02:00] CHK MOM:0.08% RANGE:0.08% UP:66.66% SPREAD:0.05350454% BID:0.1869 ASK:0.187 MID:0.18695 P1:0.18695 P2:0.1869 P3:0.18695 P4:0.1868 STATE:IDLE
[2026-05-01T08:58:03+02:00] CHK MOM:0% RANGE:0% UP:0% SPREAD:0.05353319% BID:0.1868 ASK:0.1869 MID:0.18685 P1:0.18685 P2:0.18695 P3:0.1869 P4:0.18695 STATE:IDLE
[2026-05-01T08:58:03+02:00] CHK MOM:0% RANGE:0% UP:0% SPREAD:0.05353319% BID:0.1868 ASK:0.1869 MID:0.18685 P1:0.18685 P2:0.18695 P3:0.1869 P4:0.18695 STATE:IDLE
[2026-05-01T08:58:04+02:00] CHK MOM:0% RANGE:0% UP:0% SPREAD:0.05353319% BID:0.1868 ASK:0.1869 MID:0.18685 P1:0.18685 P2:0.18695 P3:0.1869 P4:0.18695 STATE:IDLE
[2026-05-01T08:58:04+02:00] CHK MOM:0% RANGE:0% UP:0% SPREAD:0.05353319% BID:0.1868 ASK:0.1869 MID:0.18685 P1:0.18685 P2:0.18695 P3:0.1869 P4:0.18695 STATE:IDLE
[2026-05-01T08:58:05+02:00] CHK MOM:0% RANGE:0% UP:0% SPREAD:0.05353319% BID:0.1868 ASK:0.1869 MID:0.18685 P1:0.18685 P2:0.18695 P3:0.1869 P4:0.18695 STATE:IDLE
[2026-05-01T08:58:13+02:00] CHK MOM:0.05% RANGE:0.05% UP:100% SPREAD:0.05350454% BID:0.1869 ASK:0.187 MID:0.18695 P1:0.18695 P2:0.18685 P3:NA P4:NA STATE:IDLE
[2026-05-01T08:58:14+02:00] CHK MOM:0.05% RANGE:0.05% UP:100% SPREAD:0.05350454% BID:0.1869 ASK:0.187 MID:0.18695 P1:0.18695 P2:0.18685 P3:NA P4:NA STATE:IDLE
[2026-05-01T08:58:14+02:00] CHK MOM:0.05% RANGE:0.05% UP:100% SPREAD:0.05350454% BID:0.1869 ASK:0.187 MID:0.18695 P1:0.18695 P2:0.18685 P3:NA P4:NA STATE:IDLE
[2026-05-01T08:58:15+02:00] CHK MOM:0.05% RANGE:0.05% UP:100% SPREAD:0.05350454% BID:0.1869 ASK:0.187 MID:0.18695 P1:0.18695 P2:0.18685 P3:NA P4:NA STATE:IDLE
[2026-05-01T08:58:15+02:00] CHK MOM:0.05% RANGE:0.05% UP:100% SPREAD:0.05350454% BID:0.1869 ASK:0.187 MID:0.18695 P1:0.18695 P2:0.18685 P3:NA P4:NA STATE:IDLE
[2026-05-01T08:58:43+02:00] CHK MOM:0% RANGE:0% UP:0% SPREAD:0.05353319% BID:0.1868 ASK:0.1869 MID:0.18685 P1:0.18685 P2:0.18695 P3:NA P4:NA STATE:IDLE
[2026-05-01T08:58:43+02:00] CHK MOM:0% RANGE:0% UP:0% SPREAD:0.05353319% BID:0.1868 ASK:0.1869 MID:0.18685 P1:0.18685 P2:0.18695 P3:NA P4:NA STATE:IDLE
[2026-05-01T08:58:44+02:00] CHK MOM:0% RANGE:0% UP:0% SPREAD:0.05353319% BID:0.1868 ASK:0.1869 MID:0.18685 P1:0.18685 P2:0.18695 P3:NA P4:NA STATE:IDLE
[2026-05-01T08:58:44+02:00] CHK MOM:0% RANGE:0% UP:0% SPREAD:0.05353319% BID:0.1868 ASK:0.1869 MID:0.18685 P1:0.18685 P2:0.18685 P3:0.18695 P4:NA STATE:IDLE
[2026-05-01T08:58:45+02:00] CHK MOM:0% RANGE:0% UP:0% SPREAD:0.05353319% BID:0.1868 ASK:0.1869 MID:0.18685 P1:0.18685 P2:0.18685 P3:0.18695 P4:NA STATE:IDLE
[2026-05-01T08:58:45+02:00] CHK MOM:0% RANGE:0% UP:0% SPREAD:0.05353319% BID:0.1868 ASK:0.1869 MID:0.18685 P1:0.18685 P2:0.18685 P3:0.18695 P4:NA STATE:IDLE
[2026-05-01T08:58:46+02:00] CHK MOM:0.05% RANGE:0.05% UP:50% SPREAD:0.05350454% BID:0.1869 ASK:0.187 MID:0.18695 P1:0.18695 P2:0.18685 P3:0.18685 P4:0.18695 STATE:IDLE
[2026-05-01T08:58:46+02:00] CHK MOM:0.05% RANGE:0.05% UP:50% SPREAD:0.05350454% BID:0.1869 ASK:0.187 MID:0.18695 P1:0.18695 P2:0.18685 P3:0.18685 P4:0.18695 STATE:IDLE
[2026-05-01T08:58:47+02:00] CHK MOM:0.05% RANGE:0.05% UP:50% SPREAD:0.05350454% BID:0.1869 ASK:0.187 MID:0.18695 P1:0.18695 P2:0.18685 P3:0.18685 P4:0.18695 STATE:IDLE
[2026-05-01T08:58:47+02:00] CHK MOM:0.05% RANGE:0.05% UP:50% SPREAD:0.05350454% BID:0.1869 ASK:0.187 MID:0.18695 P1:0.18695 P2:0.18685 P3:0.18685 P4:0.18695 STATE:IDLE
[2026-05-01T08:58:48+02:00] CHK MOM:0.05% RANGE:0.05% UP:50% SPREAD:0.05350454% BID:0.1869 ASK:0.187 MID:0.18695 P1:0.18695 P2:0.18685 P3:0.18685 P4:0.18695 STATE:IDLE
[2026-05-01T08:59:10+02:00] CHK MOM:0% RANGE:0% UP:0% SPREAD:0.05353319% BID:0.1868 ASK:0.1869 MID:0.18685 P1:0.18685 P2:0.18695 P3:0.18685 P4:0.18685 STATE:IDLE
[2026-05-01T08:59:11+02:00] CHK MOM:0% RANGE:0% UP:0% SPREAD:0.05353319% BID:0.1868 ASK:0.1869 MID:0.18685 P1:0.18685 P2:0.18695 P3:0.18685 P4:0.18685 STATE:IDLE
[2026-05-01T08:59:11+02:00] CHK MOM:0% RANGE:0% UP:0% SPREAD:0.05353319% BID:0.1868 ASK:0.1869 MID:0.18685 P1:0.18685 P2:0.18695 P3:0.18685 P4:0.18685 STATE:IDLE
[2026-05-01T08:59:12+02:00] CHK MOM:0% RANGE:0% UP:0% SPREAD:0.05353319% BID:0.1868 ASK:0.1869 MID:0.18685 P1:0.18685 P2:0.18695 P3:0.18685 P4:0.18685 STATE:IDLE
[2026-05-01T08:59:12+02:00] CHK MOM:0% RANGE:0% UP:0% SPREAD:0.05353319% BID:0.1868 ASK:0.1869 MID:0.18685 P1:0.18685 P2:0.18695 P3:0.18685 P4:0.18685 STATE:IDLE
[2026-05-01T08:59:28+02:00] CHK MOM:0% RANGE:0% UP:0% SPREAD:0.05350454% BID:0.1869 ASK:0.187 MID:0.18695 P1:0.18695 P2:0.18685 P3:NA P4:NA STATE:IDLE
[2026-05-01T08:59:28+02:00] CHK MOM:0% RANGE:0% UP:0% SPREAD:0.05350454% BID:0.1869 ASK:0.187 MID:0.18695 P1:0.18695 P2:0.18685 P3:NA P4:NA STATE:IDLE
[2026-05-01T08:59:29+02:00] CHK MOM:0% RANGE:0% UP:0% SPREAD:0.05350454% BID:0.1869 ASK:0.187 MID:0.18695 P1:0.18695 P2:0.18685 P3:NA P4:NA STATE:IDLE
[2026-05-01T08:59:29+02:00] CHK MOM:0% RANGE:0% UP:0% SPREAD:0.05350454% BID:0.1869 ASK:0.187 MID:0.18695 P1:0.18695 P2:0.18685 P3:NA P4:NA STATE:IDLE
[2026-05-01T08:59:30+02:00] CHK MOM:0% RANGE:0% UP:0% SPREAD:0.05350454% BID:0.1869 ASK:0.187 MID:0.18695 P1:0.18695 P2:0.18685 P3:NA P4:NA STATE:IDLE
[2026-05-01T08:59:43+02:00] CHK MOM:0% RANGE:0% UP:0% SPREAD:0.05350454% BID:0.1869 ASK:0.187 MID:0.18695 P1:0.18695 P2:0.18695 P3:0.18685 P4:NA STATE:IDLE
[2026-05-01T08:59:44+02:00] CHK MOM:0% RANGE:0% UP:0% SPREAD:0.05350454% BID:0.1869 ASK:0.187 MID:0.18695 P1:0.18695 P2:0.18695 P3:0.18685 P4:NA STATE:IDLE
[2026-05-01T08:59:44+02:00] CHK MOM:0% RANGE:0% UP:0% SPREAD:0.05350454% BID:0.1869 ASK:0.187 MID:0.18695 P1:0.18695 P2:0.18695 P3:0.18685 P4:NA STATE:IDLE
[2026-05-01T08:59:45+02:00] CHK MOM:0% RANGE:0% UP:0% SPREAD:0.05350454% BID:0.1869 ASK:0.187 MID:0.18695 P1:0.18695 P2:0.18695 P3:0.18685 P4:NA STATE:IDLE
[2026-05-01T08:59:45+02:00] CHK MOM:0% RANGE:0% UP:0% SPREAD:0.05350454% BID:0.1869 ASK:0.187 MID:0.18695 P1:0.18695 P2:0.18695 P3:0.18685 P4:NA STATE:IDLE
[2026-05-01T08:59:50+02:00] CHK MOM:-0.05% RANGE:0.05% UP:0% SPREAD:0.05353319% BID:0.1868 ASK:0.1869 MID:0.18685 P1:0.18685 P2:0.18695 P3:0.18695 P4:0.18685 STATE:IDLE
[2026-05-01T08:59:50+02:00] CHK MOM:-0.05% RANGE:0.05% UP:0% SPREAD:0.05353319% BID:0.1868 ASK:0.1869 MID:0.18685 P1:0.18685 P2:0.18685 P3:0.18695 P4:0.18695 STATE:IDLE
[2026-05-01T08:59:51+02:00] CHK MOM:-0.05% RANGE:0.05% UP:0% SPREAD:0.05353319% BID:0.1868 ASK:0.1869 MID:0.18685 P1:0.18685 P2:0.18685 P3:0.18695 P4:0.18695 STATE:IDLE
[2026-05-01T08:59:51+02:00] CHK MOM:-0.05% RANGE:0.05% UP:0% SPREAD:0.05353319% BID:0.1868 ASK:0.1869 MID:0.18685 P1:0.18685 P2:0.18685 P3:0.18695 P4:0.18695 STATE:IDLE
[2026-05-01T08:59:52+02:00] CHK MOM:-0.05% RANGE:0.05% UP:0% SPREAD:0.05353319% BID:0.1868 ASK:0.1869 MID:0.18685 P1:0.18685 P2:0.18685 P3:0.18695 P4:0.18695 STATE:IDLE
[2026-05-01T08:59:52+02:00] CHK MOM:-0.05% RANGE:0.05% UP:0% SPREAD:0.05353319% BID:0.1868 ASK:0.1869 MID:0.18685 P1:0.18685 P2:0.18685 P3:0.18695 P4:0.18695 STATE:IDLE
[2026-05-01T08:59:53+02:00] CHK MOM:-0.05% RANGE:0.05% UP:0% SPREAD:0.05353319% BID:0.1868 ASK:0.1869 MID:0.18685 P1:0.18685 P2:0.18685 P3:0.18695 P4:0.18695 STATE:IDLE
[2026-05-01T08:59:57+02:00] CHK MOM:-0.05% RANGE:0.05% UP:0% SPREAD:0.05353319% BID:0.1868 ASK:0.1869 MID:0.18685 P1:0.18685 P2:0.18685 P3:0.18685 P4:0.18695 STATE:IDLE
[2026-05-01T08:59:58+02:00] CHK MOM:-0.05% RANGE:0.05% UP:0% SPREAD:0.05353319% BID:0.1868 ASK:0.1869 MID:0.18685 P1:0.18685 P2:0.18685 P3:0.18685 P4:0.18685 STATE:IDLE
[2026-05-01T08:59:58+02:00] CHK MOM:-0.05% RANGE:0.05% UP:0% SPREAD:0.05353319% BID:0.1868 ASK:0.1869 MID:0.18685 P1:0.18685 P2:0.18685 P3:0.18685 P4:0.18685 STATE:IDLE
[2026-05-01T08:59:59+02:00] CHK MOM:-0.05% RANGE:0.05% UP:0% SPREAD:0.05353319% BID:0.1868 ASK:0.1869 MID:0.18685 P1:0.18685 P2:0.18685 P3:0.18685 P4:0.18685 STATE:IDLE
[2026-05-01T08:59:59+02:00] CHK MOM:-0.05% RANGE:0.05% UP:0% SPREAD:0.05353319% BID:0.1868 ASK:0.1869 MID:0.18685 P1:0.18685 P2:0.18685 P3:0.18685 P4:0.18685 STATE:IDLE
[2026-05-01T09:00:00+02:00] CHK MOM:-0.05% RANGE:0.05% UP:0% SPREAD:0.05353319% BID:0.1868 ASK:0.1869 MID:0.18685 P1:0.18685 P2:0.18685 P3:0.18685 P4:0.18685 STATE:IDLE
[2026-05-01T09:00:01+02:00] CHK MOM:0.05% RANGE:0.05% UP:25% SPREAD:0.05350454% BID:0.1869 ASK:0.187 MID:0.18695 P1:0.18695 P2:0.18685 P3:0.18685 P4:0.18685 STATE:IDLE
[2026-05-01T09:00:01+02:00] CHK MOM:0.05% RANGE:0.05% UP:25% SPREAD:0.05350454% BID:0.1869 ASK:0.187 MID:0.18695 P1:0.18695 P2:0.18685 P3:0.18685 P4:0.18685 STATE:IDLE
[2026-05-01T09:00:02+02:00] CHK MOM:0.1% RANGE:0.1% UP:40% SPREAD:0.05347593% BID:0.187 ASK:0.1871 MID:0.18705 P1:0.18705 P2:0.18695 P3:0.18685 P4:0.18685 STATE:IDLE
[2026-05-01T09:00:03+02:00] CHK MOM:0.1% RANGE:0.1% UP:40% SPREAD:0.05347593% BID:0.187 ASK:0.1871 MID:0.18705 P1:0.18705 P2:0.18695 P3:0.18685 P4:0.18685 STATE:IDLE
[2026-05-01T09:45:42+02:00] SESSION_START symbol=SOMIUSDC dry_run=1 profile=major strategy=momentum base_url=https://api.binance.com
[2026-05-01T09:45:42+02:00] TOXIC_MEMORY_LOADED count=17 symbols=0GUSDC,AAVEUSDC,CFGUSDC,DASHUSDC,ENJUSDC,FETUSDC,GIGGLEUSDC,GUNUSDC,HBARUSDC,KITEUSDC
[2026-05-01T09:45:48+02:00] CHK MOM:0% RANGE:0% UP:0% SPREAD:0.05367686% BID:0.1863 ASK:0.1864 MID:0.18635 P1:0.18635 P2:NA P3:NA P4:NA STATE:IDLE
[2026-05-01T09:45:49+02:00] CHK MOM:0% RANGE:0% UP:0% SPREAD:0.05367686% BID:0.1863 ASK:0.1864 MID:0.18635 P1:0.18635 P2:NA P3:NA P4:NA STATE:IDLE
[2026-05-01T09:45:49+02:00] CHK MOM:0% RANGE:0% UP:0% SPREAD:0.05367686% BID:0.1863 ASK:0.1864 MID:0.18635 P1:0.18635 P2:NA P3:NA P4:NA STATE:IDLE
[2026-05-01T09:45:50+02:00] CHK MOM:0% RANGE:0% UP:0% SPREAD:0.05367686% BID:0.1863 ASK:0.1864 MID:0.18635 P1:0.18635 P2:NA P3:NA P4:NA STATE:IDLE
[2026-05-01T09:45:50+02:00] CHK MOM:0% RANGE:0% UP:0% SPREAD:0.05367686% BID:0.1863 ASK:0.1864 MID:0.18635 P1:0.18635 P2:NA P3:NA P4:NA STATE:IDLE
[2026-05-01T09:45:52+02:00] CHK MOM:0% RANGE:0% UP:0% SPREAD:0.05367686% BID:0.1863 ASK:0.1864 MID:0.18635 P1:0.18635 P2:0.18635 P3:NA P4:NA STATE:IDLE
[2026-05-01T09:45:52+02:00] CHK MOM:0% RANGE:0% UP:0% SPREAD:0.05367686% BID:0.1863 ASK:0.1864 MID:0.18635 P1:0.18635 P2:0.18635 P3:NA P4:NA STATE:IDLE
[2026-05-01T09:45:53+02:00] CHK MOM:0% RANGE:0% UP:0% SPREAD:0.05367686% BID:0.1863 ASK:0.1864 MID:0.18635 P1:0.18635 P2:0.18635 P3:NA P4:NA STATE:IDLE
[2026-05-01T09:45:54+02:00] CHK MOM:0% RANGE:0% UP:0% SPREAD:0.05367686% BID:0.1863 ASK:0.1864 MID:0.18635 P1:0.18635 P2:0.18635 P3:NA P4:NA STATE:IDLE
[2026-05-01T09:45:54+02:00] CHK MOM:0% RANGE:0% UP:0% SPREAD:0.05367686% BID:0.1863 ASK:0.1864 MID:0.18635 P1:0.18635 P2:0.18635 P3:NA P4:NA STATE:IDLE
