[2026-05-04 17:09:07Z] SESSION_START symbol=ARBUSDC dry_run=0 profile=major strategy=momentum base_url=https://api.binance.com
[2026-05-04 17:09:07Z] TOXIC_MEMORY_LOADED count=3 symbols=GUNUSDC,JTOUSDC,SAHARAUSDC
[2026-05-04 17:09:09Z] CHK MOM:0% RANGE:0% UP:0% SPREAD:0.08665511% BID:0.1154 ASK:0.1155 MID:0.11545 P1:0.11545 P2:NA P3:NA P4:NA STATE:IDLE
[2026-05-04 17:09:10Z] CHK MOM:0% RANGE:0% UP:0% SPREAD:0.08665511% BID:0.1154 ASK:0.1155 MID:0.11545 P1:0.11545 P2:0.11545 P3:NA P4:NA STATE:IDLE
[2026-05-04 17:09:10Z] CHK MOM:0% RANGE:0% UP:0% SPREAD:0.08665511% BID:0.1154 ASK:0.1155 MID:0.11545 P1:0.11545 P2:0.11545 P3:NA P4:NA STATE:IDLE
[2026-05-04 17:09:11Z] CHK MOM:0% RANGE:0% UP:0% SPREAD:0.08665511% BID:0.1154 ASK:0.1155 MID:0.11545 P1:0.11545 P2:0.11545 P3:NA P4:NA STATE:IDLE
[2026-05-04 17:09:11Z] CHK MOM:0% RANGE:0% UP:0% SPREAD:0.08665511% BID:0.1154 ASK:0.1155 MID:0.11545 P1:0.11545 P2:0.11545 P3:0.11545 P4:NA STATE:IDLE
[2026-05-04 17:09:12Z] CHK MOM:0% RANGE:0% UP:0% SPREAD:0.08665511% BID:0.1154 ASK:0.1155 MID:0.11545 P1:0.11545 P2:0.11545 P3:0.11545 P4:NA STATE:IDLE
[2026-05-04 17:09:12Z] CHK MOM:0% RANGE:0% UP:0% SPREAD:0.08665511% BID:0.1154 ASK:0.1155 MID:0.11545 P1:0.11545 P2:0.11545 P3:0.11545 P4:0.11545 STATE:IDLE
[2026-05-04 17:09:13Z] CHK MOM:0% RANGE:0% UP:0% SPREAD:0.08665511% BID:0.1154 ASK:0.1155 MID:0.11545 P1:0.11545 P2:0.11545 P3:0.11545 P4:0.11545 STATE:IDLE
[2026-05-04 17:09:13Z] CHK MOM:0% RANGE:0% UP:0% SPREAD:0.08665511% BID:0.1154 ASK:0.1155 MID:0.11545 P1:0.11545 P2:0.11545 P3:0.11545 P4:0.11545 STATE:IDLE
[2026-05-04 17:09:14Z] CHK MOM:0% RANGE:0% UP:0% SPREAD:0.08665511% BID:0.1154 ASK:0.1155 MID:0.11545 P1:0.11545 P2:0.11545 P3:0.11545 P4:0.11545 STATE:IDLE
[2026-05-04 17:09:15Z] CHK MOM:0% RANGE:0% UP:0% SPREAD:0.08665511% BID:0.1154 ASK:0.1155 MID:0.11545 P1:0.11545 P2:0.11545 P3:0.11545 P4:0.11545 STATE:IDLE
[2026-05-04 17:09:16Z] CHK MOM:0% RANGE:0% UP:0% SPREAD:0.08665511% BID:0.1154 ASK:0.1155 MID:0.11545 P1:0.11545 P2:0.11545 P3:0.11545 P4:0.11545 STATE:IDLE
[2026-05-04 17:09:17Z] CHK MOM:0% RANGE:0% UP:0% SPREAD:0.08665511% BID:0.1154 ASK:0.1155 MID:0.11545 P1:0.11545 P2:0.11545 P3:0.11545 P4:0.11545 STATE:IDLE
[2026-05-04 17:09:17Z] CHK MOM:0% RANGE:0% UP:0% SPREAD:0.08665511% BID:0.1154 ASK:0.1155 MID:0.11545 P1:0.11545 P2:0.11545 P3:0.11545 P4:0.11545 STATE:IDLE
[2026-05-04 17:09:18Z] CHK MOM:0% RANGE:0% UP:0% SPREAD:0.08665511% BID:0.1154 ASK:0.1155 MID:0.11545 P1:0.11545 P2:0.11545 P3:0.11545 P4:0.11545 STATE:IDLE
[2026-05-04 17:09:18Z] CHK MOM:0% RANGE:0% UP:0% SPREAD:0.08665511% BID:0.1154 ASK:0.1155 MID:0.11545 P1:0.11545 P2:0.11545 P3:0.11545 P4:0.11545 STATE:IDLE
[2026-05-04 17:09:19Z] CHK MOM:0% RANGE:0% UP:0% SPREAD:0.08665511% BID:0.1154 ASK:0.1155 MID:0.11545 P1:0.11545 P2:0.11545 P3:0.11545 P4:0.11545 STATE:IDLE
[2026-05-04 17:09:19Z] CHK MOM:0% RANGE:0% UP:0% SPREAD:0.08665511% BID:0.1154 ASK:0.1155 MID:0.11545 P1:0.11545 P2:0.11545 P3:0.11545 P4:0.11545 STATE:IDLE
[2026-05-04 17:09:20Z] CHK MOM:0% RANGE:0% UP:0% SPREAD:0.08665511% BID:0.1154 ASK:0.1155 MID:0.11545 P1:0.11545 P2:0.11545 P3:0.11545 P4:0.11545 STATE:IDLE
[2026-05-04 17:09:21Z] CHK MOM:0.08% RANGE:0.08% UP:50% SPREAD:0.08658008% BID:0.1155 ASK:0.1156 MID:0.11555 P1:0.11555 P2:0.11545 P3:0.11545 P4:0.11545 STATE:IDLE
[2026-05-04 17:09:21Z] CHK MOM:0.08% RANGE:0.08% UP:33.33% SPREAD:0.08658008% BID:0.1155 ASK:0.1156 MID:0.11555 P1:0.11555 P2:0.11555 P3:0.11545 P4:0.11545 STATE:IDLE
[2026-05-04 17:09:22Z] CHK MOM:0.08% RANGE:0.08% UP:25% SPREAD:0.08658008% BID:0.1155 ASK:0.1156 MID:0.11555 P1:0.11555 P2:0.11555 P3:0.11555 P4:0.11545 STATE:IDLE
[2026-05-04 17:09:22Z] CHK MOM:0.08% RANGE:0.08% UP:25% SPREAD:0.08658008% BID:0.1155 ASK:0.1156 MID:0.11555 P1:0.11555 P2:0.11555 P3:0.11555 P4:0.11545 STATE:IDLE
[2026-05-04 17:09:23Z] CHK MOM:0.08% RANGE:0.08% UP:25% SPREAD:0.08658008% BID:0.1155 ASK:0.1156 MID:0.11555 P1:0.11555 P2:0.11555 P3:0.11555 P4:0.11545 STATE:IDLE
[2026-05-04 17:09:23Z] CHK MOM:0.08% RANGE:0.08% UP:25% SPREAD:0.08658008% BID:0.1155 ASK:0.1156 MID:0.11555 P1:0.11555 P2:0.11555 P3:0.11555 P4:0.11545 STATE:IDLE
[2026-05-04 17:09:24Z] CHK MOM:0.08% RANGE:0.08% UP:25% SPREAD:0.08658008% BID:0.1155 ASK:0.1156 MID:0.11555 P1:0.11555 P2:0.11555 P3:0.11555 P4:0.11545 STATE:IDLE
[2026-05-04 17:09:24Z] CHK MOM:0.08% RANGE:0.08% UP:20% SPREAD:0.08658008% BID:0.1155 ASK:0.1156 MID:0.11555 P1:0.11555 P2:0.11555 P3:0.11555 P4:0.11555 STATE:IDLE
[2026-05-04 17:09:25Z] CHK MOM:0.08% RANGE:0.08% UP:20% SPREAD:0.08658008% BID:0.1155 ASK:0.1156 MID:0.11555 P1:0.11555 P2:0.11555 P3:0.11555 P4:0.11555 STATE:IDLE
[2026-05-04 17:09:26Z] CHK MOM:0.08% RANGE:0.08% UP:20% SPREAD:0.08658008% BID:0.1155 ASK:0.1156 MID:0.11555 P1:0.11555 P2:0.11555 P3:0.11555 P4:0.11555 STATE:IDLE
[2026-05-04 17:09:26Z] CHK MOM:0% RANGE:0% UP:0% SPREAD:0.08658008% BID:0.1155 ASK:0.1156 MID:0.11555 P1:0.11555 P2:0.11555 P3:0.11555 P4:0.11555 STATE:IDLE
[2026-05-04 17:09:27Z] CHK MOM:0% RANGE:0% UP:0% SPREAD:0.08658008% BID:0.1155 ASK:0.1156 MID:0.11555 P1:0.11555 P2:0.11555 P3:0.11555 P4:0.11555 STATE:IDLE
[2026-05-04 17:09:27Z] CHK MOM:0% RANGE:0% UP:0% SPREAD:0.08658008% BID:0.1155 ASK:0.1156 MID:0.11555 P1:0.11555 P2:0.11555 P3:0.11555 P4:0.11555 STATE:IDLE
[2026-05-04 17:09:28Z] CHK MOM:0% RANGE:0% UP:0% SPREAD:0.08658008% BID:0.1155 ASK:0.1156 MID:0.11555 P1:0.11555 P2:0.11555 P3:0.11555 P4:0.11555 STATE:IDLE
[2026-05-04 17:09:28Z] CHK MOM:0% RANGE:0% UP:0% SPREAD:0.08658008% BID:0.1155 ASK:0.1156 MID:0.11555 P1:0.11555 P2:0.11555 P3:0.11555 P4:0.11555 STATE:IDLE
[2026-05-04 17:09:29Z] CHK MOM:0% RANGE:0% UP:0% SPREAD:0.08658008% BID:0.1155 ASK:0.1156 MID:0.11555 P1:0.11555 P2:0.11555 P3:0.11555 P4:0.11555 STATE:IDLE
[2026-05-04 17:09:30Z] CHK MOM:0% RANGE:0% UP:0% SPREAD:0.08658008% BID:0.1155 ASK:0.1156 MID:0.11555 P1:0.11555 P2:0.11555 P3:0.11555 P4:0.11555 STATE:IDLE
[2026-05-04 17:09:31Z] CHK MOM:0% RANGE:0% UP:0% SPREAD:0.08658008% BID:0.1155 ASK:0.1156 MID:0.11555 P1:0.11555 P2:0.11555 P3:0.11555 P4:0.11555 STATE:IDLE
[2026-05-04 17:09:31Z] CHK MOM:0% RANGE:0% UP:0% SPREAD:0.08658008% BID:0.1155 ASK:0.1156 MID:0.11555 P1:0.11555 P2:0.11555 P3:0.11555 P4:0.11555 STATE:IDLE
[2026-05-04 17:09:32Z] CHK MOM:0% RANGE:0% UP:0% SPREAD:0.08658008% BID:0.1155 ASK:0.1156 MID:0.11555 P1:0.11555 P2:0.11555 P3:0.11555 P4:0.11555 STATE:IDLE
[2026-05-04 17:09:32Z] CHK MOM:0% RANGE:0% UP:0% SPREAD:0.08658008% BID:0.1155 ASK:0.1156 MID:0.11555 P1:0.11555 P2:0.11555 P3:0.11555 P4:0.11555 STATE:IDLE
[2026-05-04 17:09:35Z] CHK MOM:0% RANGE:0% UP:0% SPREAD:0.08658008% BID:0.1155 ASK:0.1156 MID:0.11555 P1:0.11555 P2:0.11555 P3:0.11555 P4:0.11555 STATE:IDLE
[2026-05-04 17:09:35Z] CHK MOM:0% RANGE:0% UP:0% SPREAD:0.08658008% BID:0.1155 ASK:0.1156 MID:0.11555 P1:0.11555 P2:0.11555 P3:0.11555 P4:0.11555 STATE:IDLE
[2026-05-04 17:09:36Z] CHK MOM:0% RANGE:0% UP:0% SPREAD:0.08658008% BID:0.1155 ASK:0.1156 MID:0.11555 P1:0.11555 P2:0.11555 P3:0.11555 P4:0.11555 STATE:IDLE
[2026-05-04 17:09:37Z] CHK MOM:0% RANGE:0% UP:0% SPREAD:0.08658008% BID:0.1155 ASK:0.1156 MID:0.11555 P1:0.11555 P2:0.11555 P3:0.11555 P4:0.11555 STATE:IDLE
[2026-05-04 17:09:37Z] CHK MOM:-0.08% RANGE:0.08% UP:0% SPREAD:0.08665511% BID:0.1154 ASK:0.1155 MID:0.11545 P1:0.11545 P2:0.11555 P3:0.11555 P4:0.11555 STATE:IDLE
[2026-05-04 17:09:38Z] CHK MOM:-0.08% RANGE:0.08% UP:0% SPREAD:0.08665511% BID:0.1154 ASK:0.1155 MID:0.11545 P1:0.11545 P2:0.11545 P3:0.11555 P4:0.11555 STATE:IDLE
[2026-05-04 17:09:38Z] CHK MOM:-0.08% RANGE:0.08% UP:0% SPREAD:0.08665511% BID:0.1154 ASK:0.1155 MID:0.11545 P1:0.11545 P2:0.11545 P3:0.11555 P4:0.11555 STATE:IDLE
[2026-05-04 17:09:39Z] CHK MOM:0% RANGE:0.08% UP:25% SPREAD:0.08658008% BID:0.1155 ASK:0.1156 MID:0.11555 P1:0.11555 P2:0.11545 P3:0.11545 P4:0.11555 STATE:IDLE
[2026-05-04 17:09:39Z] CHK MOM:-0.08% RANGE:0.08% UP:20% SPREAD:0.08665511% BID:0.1154 ASK:0.1155 MID:0.11545 P1:0.11545 P2:0.11555 P3:0.11545 P4:0.11545 STATE:IDLE
[2026-05-04 17:09:40Z] CHK MOM:-0.08% RANGE:0.08% UP:20% SPREAD:0.08665511% BID:0.1154 ASK:0.1155 MID:0.11545 P1:0.11545 P2:0.11555 P3:0.11545 P4:0.11545 STATE:IDLE
[2026-05-04 17:09:40Z] CHK MOM:-0.08% RANGE:0.08% UP:20% SPREAD:0.08665511% BID:0.1154 ASK:0.1155 MID:0.11545 P1:0.11545 P2:0.11555 P3:0.11545 P4:0.11545 STATE:IDLE
[2026-05-04 17:09:41Z] CHK MOM:-0.08% RANGE:0.08% UP:20% SPREAD:0.08665511% BID:0.1154 ASK:0.1155 MID:0.11545 P1:0.11545 P2:0.11555 P3:0.11545 P4:0.11545 STATE:IDLE
[2026-05-04 17:09:42Z] CHK MOM:-0.08% RANGE:0.08% UP:20% SPREAD:0.08665511% BID:0.1154 ASK:0.1155 MID:0.11545 P1:0.11545 P2:0.11555 P3:0.11545 P4:0.11545 STATE:IDLE
[2026-05-04 17:09:43Z] CHK MOM:-0.08% RANGE:0.08% UP:20% SPREAD:0.08665511% BID:0.1154 ASK:0.1155 MID:0.11545 P1:0.11545 P2:0.11545 P3:0.11555 P4:0.11545 STATE:IDLE
[2026-05-04 17:09:43Z] CHK MOM:0% RANGE:0.08% UP:33.33% SPREAD:0.08658008% BID:0.1155 ASK:0.1156 MID:0.11555 P1:0.11555 P2:0.11545 P3:0.11545 P4:0.11555 STATE:IDLE
[2026-05-04 17:09:44Z] CHK MOM:0% RANGE:0.08% UP:33.33% SPREAD:0.08658008% BID:0.1155 ASK:0.1156 MID:0.11555 P1:0.11555 P2:0.11545 P3:0.11545 P4:0.11555 STATE:IDLE
[2026-05-04 17:09:44Z] CHK MOM:0% RANGE:0.08% UP:33.33% SPREAD:0.08658008% BID:0.1155 ASK:0.1156 MID:0.11555 P1:0.11555 P2:0.11545 P3:0.11545 P4:0.11555 STATE:IDLE
[2026-05-04 17:09:45Z] CHK MOM:0% RANGE:0.08% UP:33.33% SPREAD:0.08658008% BID:0.1155 ASK:0.1156 MID:0.11555 P1:0.11555 P2:0.11545 P3:0.11545 P4:0.11555 STATE:IDLE
[2026-05-04 17:09:45Z] CHK MOM:0% RANGE:0.08% UP:33.33% SPREAD:0.08658008% BID:0.1155 ASK:0.1156 MID:0.11555 P1:0.11555 P2:0.11545 P3:0.11545 P4:0.11555 STATE:IDLE
[2026-05-04 17:09:46Z] CHK MOM:0% RANGE:0.08% UP:40% SPREAD:0.08665511% BID:0.1154 ASK:0.1155 MID:0.11545 P1:0.11545 P2:0.11555 P3:0.11545 P4:0.11545 STATE:IDLE
[2026-05-04 17:09:47Z] CHK MOM:0% RANGE:0.08% UP:40% SPREAD:0.08665511% BID:0.1154 ASK:0.1155 MID:0.11545 P1:0.11545 P2:0.11555 P3:0.11545 P4:0.11545 STATE:IDLE
[2026-05-04 17:09:47Z] CHK MOM:0.08% RANGE:0.08% UP:66.66% SPREAD:0.08658008% BID:0.1155 ASK:0.1156 MID:0.11555 P1:0.11555 P2:0.11545 P3:0.11555 P4:0.11545 STATE:IDLE
[2026-05-04 17:09:48Z] CHK MOM:0.08% RANGE:0.08% UP:66.66% SPREAD:0.08658008% BID:0.1155 ASK:0.1156 MID:0.11555 P1:0.11555 P2:0.11545 P3:0.11555 P4:0.11545 STATE:IDLE
[2026-05-04 17:09:48Z] CHK MOM:0.08% RANGE:0.08% UP:50% SPREAD:0.08658008% BID:0.1155 ASK:0.1156 MID:0.11555 P1:0.11555 P2:0.11555 P3:0.11545 P4:0.11555 STATE:IDLE
[2026-05-04 17:09:49Z] CHK MOM:0.08% RANGE:0.08% UP:50% SPREAD:0.08658008% BID:0.1155 ASK:0.1156 MID:0.11555 P1:0.11555 P2:0.11555 P3:0.11545 P4:0.11555 STATE:IDLE
[2026-05-04 17:09:49Z] CHK MOM:0.08% RANGE:0.08% UP:50% SPREAD:0.08658008% BID:0.1155 ASK:0.1156 MID:0.11555 P1:0.11555 P2:0.11555 P3:0.11545 P4:0.11555 STATE:IDLE
[2026-05-04 17:09:50Z] CHK MOM:0.08% RANGE:0.08% UP:50% SPREAD:0.08658008% BID:0.1155 ASK:0.1156 MID:0.11555 P1:0.11555 P2:0.11555 P3:0.11545 P4:0.11555 STATE:IDLE
[2026-05-04 17:09:50Z] CHK MOM:0.08% RANGE:0.08% UP:50% SPREAD:0.08658008% BID:0.1155 ASK:0.1156 MID:0.11555 P1:0.11555 P2:0.11555 P3:0.11545 P4:0.11555 STATE:IDLE
[2026-05-04 17:09:51Z] CHK MOM:0.08% RANGE:0.08% UP:50% SPREAD:0.08658008% BID:0.1155 ASK:0.1156 MID:0.11555 P1:0.11555 P2:0.11555 P3:0.11545 P4:0.11555 STATE:IDLE
[2026-05-04 17:09:51Z] CHK MOM:0.08% RANGE:0.08% UP:33.33% SPREAD:0.08658008% BID:0.1155 ASK:0.1156 MID:0.11555 P1:0.11555 P2:0.11555 P3:0.11555 P4:0.11545 STATE:IDLE
[2026-05-04 17:09:52Z] CHK MOM:0.08% RANGE:0.08% UP:33.33% SPREAD:0.08658008% BID:0.1155 ASK:0.1156 MID:0.11555 P1:0.11555 P2:0.11555 P3:0.11555 P4:0.11545 STATE:IDLE
[2026-05-04 17:09:53Z] CHK MOM:0.08% RANGE:0.08% UP:33.33% SPREAD:0.08658008% BID:0.1155 ASK:0.1156 MID:0.11555 P1:0.11555 P2:0.11555 P3:0.11555 P4:0.11545 STATE:IDLE
[2026-05-04 17:09:53Z] CHK MOM:0.08% RANGE:0.08% UP:33.33% SPREAD:0.08658008% BID:0.1155 ASK:0.1156 MID:0.11555 P1:0.11555 P2:0.11555 P3:0.11555 P4:0.11545 STATE:IDLE
[2026-05-04 17:09:54Z] CHK MOM:0% RANGE:0% UP:0% SPREAD:0.08658008% BID:0.1155 ASK:0.1156 MID:0.11555 P1:0.11555 P2:0.11555 P3:0.11555 P4:0.11555 STATE:IDLE
[2026-05-04 17:09:54Z] CHK MOM:0% RANGE:0% UP:0% SPREAD:0.08658008% BID:0.1155 ASK:0.1156 MID:0.11555 P1:0.11555 P2:0.11555 P3:0.11555 P4:0.11555 STATE:IDLE
[2026-05-04 17:09:55Z] CHK MOM:0% RANGE:0% UP:0% SPREAD:0.08658008% BID:0.1155 ASK:0.1156 MID:0.11555 P1:0.11555 P2:0.11555 P3:0.11555 P4:0.11555 STATE:IDLE
[2026-05-04 17:09:55Z] CHK MOM:0% RANGE:0% UP:0% SPREAD:0.08658008% BID:0.1155 ASK:0.1156 MID:0.11555 P1:0.11555 P2:0.11555 P3:0.11555 P4:0.11555 STATE:IDLE
[2026-05-04 17:09:56Z] CHK MOM:0% RANGE:0% UP:0% SPREAD:0.08658008% BID:0.1155 ASK:0.1156 MID:0.11555 P1:0.11555 P2:0.11555 P3:0.11555 P4:0.11555 STATE:IDLE
[2026-05-04 17:09:56Z] CHK MOM:0% RANGE:0% UP:0% SPREAD:0.08658008% BID:0.1155 ASK:0.1156 MID:0.11555 P1:0.11555 P2:0.11555 P3:0.11555 P4:0.11555 STATE:IDLE
[2026-05-04 17:09:57Z] CHK MOM:0% RANGE:0% UP:0% SPREAD:0.08658008% BID:0.1155 ASK:0.1156 MID:0.11555 P1:0.11555 P2:0.11555 P3:0.11555 P4:0.11555 STATE:IDLE
[2026-05-04 17:09:58Z] CHK MOM:0% RANGE:0% UP:0% SPREAD:0.08658008% BID:0.1155 ASK:0.1156 MID:0.11555 P1:0.11555 P2:0.11555 P3:0.11555 P4:0.11555 STATE:IDLE
[2026-05-04 17:09:58Z] CHK MOM:0% RANGE:0% UP:0% SPREAD:0.08658008% BID:0.1155 ASK:0.1156 MID:0.11555 P1:0.11555 P2:0.11555 P3:0.11555 P4:0.11555 STATE:IDLE
[2026-05-04 17:09:59Z] CHK MOM:0% RANGE:0% UP:0% SPREAD:0.08658008% BID:0.1155 ASK:0.1156 MID:0.11555 P1:0.11555 P2:0.11555 P3:0.11555 P4:0.11555 STATE:IDLE
[2026-05-04 17:09:59Z] CHK MOM:0% RANGE:0% UP:0% SPREAD:0.08658008% BID:0.1155 ASK:0.1156 MID:0.11555 P1:0.11555 P2:0.11555 P3:0.11555 P4:0.11555 STATE:IDLE
[2026-05-04 17:10:00Z] CHK MOM:0% RANGE:0% UP:0% SPREAD:0.08658008% BID:0.1155 ASK:0.1156 MID:0.11555 P1:0.11555 P2:0.11555 P3:0.11555 P4:0.11555 STATE:IDLE
[2026-05-04 17:10:01Z] CHK MOM:0% RANGE:0% UP:0% SPREAD:0.08658008% BID:0.1155 ASK:0.1156 MID:0.11555 P1:0.11555 P2:0.11555 P3:0.11555 P4:0.11555 STATE:IDLE
[2026-05-04 17:10:01Z] CHK MOM:0% RANGE:0% UP:0% SPREAD:0.08658008% BID:0.1155 ASK:0.1156 MID:0.11555 P1:0.11555 P2:0.11555 P3:0.11555 P4:0.11555 STATE:IDLE
[2026-05-04 17:10:02Z] CHK MOM:0% RANGE:0% UP:0% SPREAD:0.08658008% BID:0.1155 ASK:0.1156 MID:0.11555 P1:0.11555 P2:0.11555 P3:0.11555 P4:0.11555 STATE:IDLE
[2026-05-04 17:10:03Z] CHK MOM:0% RANGE:0% UP:0% SPREAD:0.08658008% BID:0.1155 ASK:0.1156 MID:0.11555 P1:0.11555 P2:0.11555 P3:0.11555 P4:0.11555 STATE:IDLE
[2026-05-04 17:10:09Z] CHK MOM:0% RANGE:0% UP:0% SPREAD:0.08658008% BID:0.1155 ASK:0.1156 MID:0.11555 P1:0.11555 P2:0.11555 P3:0.11555 P4:0.11555 STATE:IDLE
[2026-05-04 17:10:10Z] CHK MOM:0% RANGE:0% UP:0% SPREAD:0.08658008% BID:0.1155 ASK:0.1156 MID:0.11555 P1:0.11555 P2:0.11555 P3:0.11555 P4:0.11555 STATE:IDLE
[2026-05-04 17:10:10Z] CHK MOM:0% RANGE:0% UP:0% SPREAD:0.08658008% BID:0.1155 ASK:0.1156 MID:0.11555 P1:0.11555 P2:0.11555 P3:0.11555 P4:0.11555 STATE:IDLE
[2026-05-04 17:10:11Z] CHK MOM:0% RANGE:0% UP:0% SPREAD:0.08658008% BID:0.1155 ASK:0.1156 MID:0.11555 P1:0.11555 P2:0.11555 P3:0.11555 P4:0.11555 STATE:IDLE
[2026-05-04 17:10:11Z] CHK MOM:0% RANGE:0% UP:0% SPREAD:0.08658008% BID:0.1155 ASK:0.1156 MID:0.11555 P1:0.11555 P2:0.11555 P3:0.11555 P4:0.11555 STATE:IDLE
[2026-05-04 17:10:25Z] CHK MOM:0% RANGE:0% UP:0% SPREAD:0.08658008% BID:0.1155 ASK:0.1156 MID:0.11555 P1:0.11555 P2:0.11555 P3:0.11555 P4:0.11555 STATE:IDLE
[2026-05-04 17:10:25Z] CHK MOM:0% RANGE:0% UP:0% SPREAD:0.08658008% BID:0.1155 ASK:0.1156 MID:0.11555 P1:0.11555 P2:0.11555 P3:0.11555 P4:0.11555 STATE:IDLE
[2026-05-04 17:10:26Z] CHK MOM:0% RANGE:0% UP:0% SPREAD:0.08658008% BID:0.1155 ASK:0.1156 MID:0.11555 P1:0.11555 P2:0.11555 P3:0.11555 P4:0.11555 STATE:IDLE
[2026-05-04 17:10:26Z] CHK MOM:0% RANGE:0% UP:0% SPREAD:0.08658008% BID:0.1155 ASK:0.1156 MID:0.11555 P1:0.11555 P2:0.11555 P3:0.11555 P4:0.11555 STATE:IDLE
[2026-05-04 17:10:27Z] CHK MOM:0% RANGE:0% UP:0% SPREAD:0.08658008% BID:0.1155 ASK:0.1156 MID:0.11555 P1:0.11555 P2:0.11555 P3:0.11555 P4:0.11555 STATE:IDLE
[2026-05-04 17:10:27Z] CHK MOM:0% RANGE:0% UP:0% SPREAD:0.08658008% BID:0.1155 ASK:0.1156 MID:0.11555 P1:0.11555 P2:0.11555 P3:0.11555 P4:0.11555 STATE:IDLE
[2026-05-04 17:10:28Z] CHK MOM:0% RANGE:0% UP:0% SPREAD:0.08658008% BID:0.1155 ASK:0.1156 MID:0.11555 P1:0.11555 P2:0.11555 P3:0.11555 P4:0.11555 STATE:IDLE
[2026-05-04 17:10:28Z] CHK MOM:0.08% RANGE:0.08% UP:25% SPREAD:0.08650519% BID:0.1156 ASK:0.1157 MID:0.11565 P1:0.11565 P2:0.11555 P3:0.11555 P4:0.11555 STATE:IDLE
[2026-05-04 17:10:29Z] CHK MOM:0.08% RANGE:0.08% UP:20% SPREAD:0.08650519% BID:0.1156 ASK:0.1157 MID:0.11565 P1:0.11565 P2:0.11565 P3:0.11555 P4:0.11555 STATE:IDLE
[2026-05-04 17:10:29Z] CHK MOM:0.08% RANGE:0.08% UP:20% SPREAD:0.08650519% BID:0.1156 ASK:0.1157 MID:0.11565 P1:0.11565 P2:0.11565 P3:0.11555 P4:0.11555 STATE:IDLE
[2026-05-04 17:10:30Z] CHK MOM:0.08% RANGE:0.08% UP:20% SPREAD:0.08650519% BID:0.1156 ASK:0.1157 MID:0.11565 P1:0.11565 P2:0.11565 P3:0.11555 P4:0.11555 STATE:IDLE
[2026-05-04 17:10:31Z] CHK MOM:0.08% RANGE:0.08% UP:20% SPREAD:0.08650519% BID:0.1156 ASK:0.1157 MID:0.11565 P1:0.11565 P2:0.11565 P3:0.11555 P4:0.11555 STATE:IDLE
[2026-05-04 17:10:31Z] CHK MOM:0.08% RANGE:0.08% UP:20% SPREAD:0.08650519% BID:0.1156 ASK:0.1157 MID:0.11565 P1:0.11565 P2:0.11565 P3:0.11555 P4:0.11555 STATE:IDLE
[2026-05-04 17:10:37Z] CHK MOM:0% RANGE:0% UP:0% SPREAD:0.08650519% BID:0.1156 ASK:0.1157 MID:0.11565 P1:0.11565 P2:0.11565 P3:0.11565 P4:0.11555 STATE:IDLE
[2026-05-04 17:10:37Z] CHK MOM:0% RANGE:0% UP:0% SPREAD:0.08650519% BID:0.1156 ASK:0.1157 MID:0.11565 P1:0.11565 P2:0.11565 P3:0.11565 P4:0.11555 STATE:IDLE
[2026-05-04 17:10:38Z] CHK MOM:0% RANGE:0% UP:0% SPREAD:0.08650519% BID:0.1156 ASK:0.1157 MID:0.11565 P1:0.11565 P2:0.11565 P3:0.11565 P4:0.11555 STATE:IDLE
[2026-05-04 17:10:38Z] CHK MOM:0% RANGE:0% UP:0% SPREAD:0.08650519% BID:0.1156 ASK:0.1157 MID:0.11565 P1:0.11565 P2:0.11565 P3:0.11565 P4:0.11555 STATE:IDLE
[2026-05-04 17:10:39Z] CHK MOM:0% RANGE:0% UP:0% SPREAD:0.08650519% BID:0.1156 ASK:0.1157 MID:0.11565 P1:0.11565 P2:0.11565 P3:0.11565 P4:0.11555 STATE:IDLE
[2026-05-04 17:10:40Z] CHK MOM:0.08% RANGE:0.08% UP:100% SPREAD:0.08643042% BID:0.1157 ASK:0.1158 MID:0.11574999 P1:0.11574999 P2:0.11565 P3:0.11565 P4:0.11565 STATE:IDLE
[2026-05-04 17:10:40Z] CHK MOM:0.08% RANGE:0.08% UP:50% SPREAD:0.08643042% BID:0.1157 ASK:0.1158 MID:0.11574999 P1:0.11574999 P2:0.11574999 P3:0.11565 P4:0.11565 STATE:IDLE
[2026-05-04 17:10:41Z] CHK MOM:0.08% RANGE:0.08% UP:33.33% SPREAD:0.08643042% BID:0.1157 ASK:0.1158 MID:0.11574999 P1:0.11574999 P2:0.11574999 P3:0.11574999 P4:0.11565 STATE:IDLE
[2026-05-04 17:10:41Z] CHK MOM:0.08% RANGE:0.08% UP:25% SPREAD:0.08643042% BID:0.1157 ASK:0.1158 MID:0.11574999 P1:0.11574999 P2:0.11574999 P3:0.11574999 P4:0.11574999 STATE:IDLE
[2026-05-04 17:10:42Z] CHK MOM:0.08% RANGE:0.08% UP:20% SPREAD:0.08643042% BID:0.1157 ASK:0.1158 MID:0.11574999 P1:0.11574999 P2:0.11574999 P3:0.11574999 P4:0.11574999 STATE:IDLE
[2026-05-04 17:10:43Z] CHK MOM:0.08% RANGE:0.08% UP:20% SPREAD:0.08643042% BID:0.1157 ASK:0.1158 MID:0.11574999 P1:0.11574999 P2:0.11574999 P3:0.11574999 P4:0.11574999 STATE:IDLE
[2026-05-04 17:10:43Z] CHK MOM:0.08% RANGE:0.08% UP:20% SPREAD:0.08643042% BID:0.1157 ASK:0.1158 MID:0.11574999 P1:0.11574999 P2:0.11574999 P3:0.11574999 P4:0.11574999 STATE:IDLE
[2026-05-04 17:10:44Z] CHK MOM:0.08% RANGE:0.08% UP:20% SPREAD:0.08643042% BID:0.1157 ASK:0.1158 MID:0.11574999 P1:0.11574999 P2:0.11574999 P3:0.11574999 P4:0.11574999 STATE:IDLE
[2026-05-04 17:10:44Z] CHK MOM:0.08% RANGE:0.08% UP:20% SPREAD:0.08643042% BID:0.1157 ASK:0.1158 MID:0.11574999 P1:0.11574999 P2:0.11574999 P3:0.11574999 P4:0.11574999 STATE:IDLE
[2026-05-04 17:10:45Z] CHK MOM:0.04% RANGE:0.04% UP:20% SPREAD:0.17286084% BID:0.1157 ASK:0.1159 MID:0.1158 P1:0.1158 P2:0.11574999 P3:0.11574999 P4:0.11574999 STATE:IDLE
[2026-05-04 17:10:45Z] CHK MOM:0.08% RANGE:0.08% UP:33.33% SPREAD:0.08635578% BID:0.1158 ASK:0.1159 MID:0.11585 P1:0.11585 P2:0.1158 P3:0.11574999 P4:0.11574999 STATE:IDLE
[2026-05-04 17:10:46Z] CHK MOM:0.08% RANGE:0.08% UP:33.33% SPREAD:0.08635578% BID:0.1158 ASK:0.1159 MID:0.11585 P1:0.11585 P2:0.1158 P3:0.11574999 P4:0.11574999 STATE:IDLE
[2026-05-04 17:10:46Z] CHK MOM:0% RANGE:0.08% UP:28.57% SPREAD:0.08643042% BID:0.1157 ASK:0.1158 MID:0.11574999 P1:0.11574999 P2:0.11585 P3:0.1158 P4:0.11574999 STATE:IDLE
[2026-05-04 17:10:47Z] CHK MOM:0% RANGE:0.08% UP:28.57% SPREAD:0.08643042% BID:0.1157 ASK:0.1158 MID:0.11574999 P1:0.11574999 P2:0.11585 P3:0.1158 P4:0.11574999 STATE:IDLE
[2026-05-04 17:10:48Z] CHK MOM:0% RANGE:0.08% UP:28.57% SPREAD:0.08643042% BID:0.1157 ASK:0.1158 MID:0.11574999 P1:0.11574999 P2:0.11585 P3:0.1158 P4:0.11574999 STATE:IDLE
[2026-05-04 17:10:48Z] CHK MOM:0% RANGE:0.08% UP:28.57% SPREAD:0.08643042% BID:0.1157 ASK:0.1158 MID:0.11574999 P1:0.11574999 P2:0.11574999 P3:0.11585 P4:0.1158 STATE:IDLE
[2026-05-04 17:10:49Z] CHK MOM:0% RANGE:0.08% UP:28.57% SPREAD:0.08643042% BID:0.1157 ASK:0.1158 MID:0.11574999 P1:0.11574999 P2:0.11574999 P3:0.11574999 P4:0.11585 STATE:IDLE
[2026-05-04 17:10:49Z] CHK MOM:0% RANGE:0.08% UP:33.33% SPREAD:0.08643042% BID:0.1157 ASK:0.1158 MID:0.11574999 P1:0.11574999 P2:0.11574999 P3:0.11574999 P4:0.11574999 STATE:IDLE
[2026-05-04 17:10:50Z] CHK MOM:0% RANGE:0.08% UP:28.57% SPREAD:0.08643042% BID:0.1157 ASK:0.1158 MID:0.11574999 P1:0.11574999 P2:0.11574999 P3:0.11574999 P4:0.11574999 STATE:IDLE
[2026-05-04 17:10:50Z] CHK MOM:-0.04% RANGE:0.08% UP:14.28% SPREAD:0.08643042% BID:0.1157 ASK:0.1158 MID:0.11574999 P1:0.11574999 P2:0.11574999 P3:0.11574999 P4:0.11574999 STATE:IDLE
[2026-05-04 17:10:51Z] CHK MOM:0% RANGE:0.08% UP:25% SPREAD:0.17286084% BID:0.1157 ASK:0.1159 MID:0.1158 P1:0.1158 P2:0.11574999 P3:0.11574999 P4:0.11574999 STATE:IDLE
[2026-05-04 17:10:51Z] CHK MOM:0% RANGE:0.08% UP:22.22% SPREAD:0.17286084% BID:0.1157 ASK:0.1159 MID:0.1158 P1:0.1158 P2:0.1158 P3:0.11574999 P4:0.11574999 STATE:IDLE
[2026-05-04 17:10:52Z] CHK MOM:0% RANGE:0.08% UP:22.22% SPREAD:0.17286084% BID:0.1157 ASK:0.1159 MID:0.1158 P1:0.1158 P2:0.1158 P3:0.11574999 P4:0.11574999 STATE:IDLE
[2026-05-04 17:10:52Z] CHK MOM:0.04% RANGE:0.08% UP:30% SPREAD:0.08635578% BID:0.1158 ASK:0.1159 MID:0.11585 P1:0.11585 P2:0.1158 P3:0.1158 P4:0.11574999 STATE:IDLE
[2026-05-04 17:10:53Z] CHK MOM:0.04% RANGE:0.08% UP:27.27% SPREAD:0.08635578% BID:0.1158 ASK:0.1159 MID:0.11585 P1:0.11585 P2:0.11585 P3:0.1158 P4:0.1158 STATE:IDLE
[2026-05-04 17:10:54Z] CHK MOM:0.08% RANGE:0.08% UP:20% SPREAD:0.08635578% BID:0.1158 ASK:0.1159 MID:0.11585 P1:0.11585 P2:0.11585 P3:0.11585 P4:0.1158 STATE:IDLE
[2026-05-04 17:10:54Z] CHK MOM:0.08% RANGE:0.08% UP:20% SPREAD:0.08635578% BID:0.1158 ASK:0.1159 MID:0.11585 P1:0.11585 P2:0.11585 P3:0.11585 P4:0.1158 STATE:IDLE
[2026-05-04 17:10:55Z] CHK MOM:0.08% RANGE:0.08% UP:20% SPREAD:0.08635578% BID:0.1158 ASK:0.1159 MID:0.11585 P1:0.11585 P2:0.11585 P3:0.11585 P4:0.1158 STATE:IDLE
[2026-05-04 17:10:55Z] CHK MOM:0% RANGE:0.08% UP:20% SPREAD:0.08643042% BID:0.1157 ASK:0.1158 MID:0.11574999 P1:0.11574999 P2:0.11585 P3:0.11585 P4:0.11585 STATE:IDLE
[2026-05-04 17:10:56Z] CHK MOM:0% RANGE:0.08% UP:18.18% SPREAD:0.08643042% BID:0.1157 ASK:0.1158 MID:0.11574999 P1:0.11574999 P2:0.11574999 P3:0.11585 P4:0.11585 STATE:IDLE
[2026-05-04 17:10:56Z] CHK MOM:0.04% RANGE:0.08% UP:27.27% SPREAD:0.17286084% BID:0.1157 ASK:0.1159 MID:0.1158 P1:0.1158 P2:0.11574999 P3:0.11574999 P4:0.11585 STATE:IDLE
[2026-05-04 17:10:57Z] CHK MOM:0% RANGE:0.08% UP:27.27% SPREAD:0.08643042% BID:0.1157 ASK:0.1158 MID:0.11574999 P1:0.11574999 P2:0.1158 P3:0.11574999 P4:0.11574999 STATE:IDLE
[2026-05-04 17:10:57Z] CHK MOM:0% RANGE:0.08% UP:27.27% SPREAD:0.08643042% BID:0.1157 ASK:0.1158 MID:0.11574999 P1:0.11574999 P2:0.1158 P3:0.11574999 P4:0.11574999 STATE:IDLE
[2026-05-04 17:10:58Z] CHK MOM:0% RANGE:0.08% UP:27.27% SPREAD:0.08643042% BID:0.1157 ASK:0.1158 MID:0.11574999 P1:0.11574999 P2:0.1158 P3:0.11574999 P4:0.11574999 STATE:IDLE
[2026-05-04 17:10:59Z] CHK MOM:0% RANGE:0.08% UP:27.27% SPREAD:0.08643042% BID:0.1157 ASK:0.1158 MID:0.11574999 P1:0.11574999 P2:0.1158 P3:0.11574999 P4:0.11574999 STATE:IDLE
[2026-05-04 17:10:59Z] CHK MOM:0% RANGE:0.08% UP:27.27% SPREAD:0.08643042% BID:0.1157 ASK:0.1158 MID:0.11574999 P1:0.11574999 P2:0.1158 P3:0.11574999 P4:0.11574999 STATE:IDLE
[2026-05-04 17:11:00Z] CHK MOM:-0.08% RANGE:0.08% UP:14.28% SPREAD:0.08643042% BID:0.1157 ASK:0.1158 MID:0.11574999 P1:0.11574999 P2:0.11574999 P3:0.1158 P4:0.11574999 STATE:IDLE
[2026-05-04 17:11:00Z] CHK MOM:-0.04% RANGE:0.08% UP:28.57% SPREAD:0.17286084% BID:0.1157 ASK:0.1159 MID:0.1158 P1:0.1158 P2:0.11574999 P3:0.11574999 P4:0.1158 STATE:IDLE
[2026-05-04 17:11:01Z] CHK MOM:-0.04% RANGE:0.08% UP:25% SPREAD:0.17286084% BID:0.1157 ASK:0.1159 MID:0.1158 P1:0.1158 P2:0.1158 P3:0.11574999 P4:0.11574999 STATE:IDLE
[2026-05-04 17:11:01Z] CHK MOM:-0.04% RANGE:0.08% UP:25% SPREAD:0.17286084% BID:0.1157 ASK:0.1159 MID:0.1158 P1:0.1158 P2:0.1158 P3:0.11574999 P4:0.11574999 STATE:IDLE
[2026-05-04 17:11:02Z] CHK MOM:-0.04% RANGE:0.08% UP:25% SPREAD:0.17286084% BID:0.1157 ASK:0.1159 MID:0.1158 P1:0.1158 P2:0.1158 P3:0.11574999 P4:0.11574999 STATE:IDLE
[2026-05-04 17:11:02Z] CHK MOM:0% RANGE:0.04% UP:28.57% SPREAD:0.08643042% BID:0.1157 ASK:0.1158 MID:0.11574999 P1:0.11574999 P2:0.1158 P3:0.1158 P4:0.11574999 STATE:IDLE
[2026-05-04 17:11:03Z] CHK MOM:0% RANGE:0.04% UP:28.57% SPREAD:0.08643042% BID:0.1157 ASK:0.1158 MID:0.11574999 P1:0.11574999 P2:0.1158 P3:0.1158 P4:0.11574999 STATE:IDLE
[2026-05-04 17:11:03Z] CHK MOM:0% RANGE:0.04% UP:28.57% SPREAD:0.08643042% BID:0.1157 ASK:0.1158 MID:0.11574999 P1:0.11574999 P2:0.1158 P3:0.1158 P4:0.11574999 STATE:IDLE
[2026-05-04 17:11:04Z] CHK MOM:0% RANGE:0.04% UP:28.57% SPREAD:0.08643042% BID:0.1157 ASK:0.1158 MID:0.11574999 P1:0.11574999 P2:0.11574999 P3:0.1158 P4:0.1158 STATE:IDLE
[2026-05-04 17:11:05Z] CHK MOM:0% RANGE:0.04% UP:28.57% SPREAD:0.08643042% BID:0.1157 ASK:0.1158 MID:0.11574999 P1:0.11574999 P2:0.11574999 P3:0.1158 P4:0.1158 STATE:IDLE
[2026-05-04 17:11:05Z] CHK MOM:0% RANGE:0.04% UP:28.57% SPREAD:0.08643042% BID:0.1157 ASK:0.1158 MID:0.11574999 P1:0.11574999 P2:0.11574999 P3:0.1158 P4:0.1158 STATE:IDLE
[2026-05-04 17:11:06Z] CHK MOM:0% RANGE:0.04% UP:28.57% SPREAD:0.08643042% BID:0.1157 ASK:0.1158 MID:0.11574999 P1:0.11574999 P2:0.11574999 P3:0.1158 P4:0.1158 STATE:IDLE
[2026-05-04 17:11:06Z] CHK MOM:0% RANGE:0.04% UP:28.57% SPREAD:0.08643042% BID:0.1157 ASK:0.1158 MID:0.11574999 P1:0.11574999 P2:0.11574999 P3:0.1158 P4:0.1158 STATE:IDLE
[2026-05-04 17:11:07Z] CHK MOM:0.08% RANGE:0.08% UP:40% SPREAD:0.08635578% BID:0.1158 ASK:0.1159 MID:0.11585 P1:0.11585 P2:0.11574999 P3:0.11574999 P4:0.1158 STATE:IDLE
[2026-05-04 17:11:07Z] CHK MOM:0% RANGE:0.08% UP:33.33% SPREAD:0.08643042% BID:0.1157 ASK:0.1158 MID:0.11574999 P1:0.11574999 P2:0.11585 P3:0.11574999 P4:0.11574999 STATE:IDLE
[2026-05-04 17:11:08Z] CHK MOM:0% RANGE:0.08% UP:28.57% SPREAD:0.08643042% BID:0.1157 ASK:0.1158 MID:0.11574999 P1:0.11574999 P2:0.11574999 P3:0.11585 P4:0.11574999 STATE:IDLE
[2026-05-04 17:11:08Z] CHK MOM:0% RANGE:0.08% UP:28.57% SPREAD:0.08643042% BID:0.1157 ASK:0.1158 MID:0.11574999 P1:0.11574999 P2:0.11574999 P3:0.11585 P4:0.11574999 STATE:IDLE
[2026-05-04 17:11:09Z] CHK MOM:0% RANGE:0.08% UP:28.57% SPREAD:0.08643042% BID:0.1157 ASK:0.1158 MID:0.11574999 P1:0.11574999 P2:0.11574999 P3:0.11585 P4:0.11574999 STATE:IDLE
[2026-05-04 17:11:10Z] CHK MOM:0% RANGE:0.08% UP:20% SPREAD:0.08643042% BID:0.1157 ASK:0.1158 MID:0.11574999 P1:0.11574999 P2:0.11574999 P3:0.11574999 P4:0.11585 STATE:IDLE
[2026-05-04 17:11:10Z] CHK MOM:-0.08% RANGE:0.17% UP:16.66% SPREAD:0.08650519% BID:0.1156 ASK:0.1157 MID:0.11565 P1:0.11565 P2:0.11574999 P3:0.11574999 P4:0.11574999 STATE:IDLE
[2026-05-04 17:11:11Z] CHK MOM:-0.04% RANGE:0.17% UP:33.33% SPREAD:0.17301038% BID:0.1156 ASK:0.1158 MID:0.1157 P1:0.1157 P2:0.11565 P3:0.11574999 P4:0.11574999 STATE:IDLE
[2026-05-04 17:11:11Z] CHK MOM:-0.08% RANGE:0.17% UP:28.57% SPREAD:0.08650519% BID:0.1156 ASK:0.1157 MID:0.11565 P1:0.11565 P2:0.1157 P3:0.11565 P4:0.11574999 STATE:IDLE
[2026-05-04 17:11:12Z] CHK MOM:-0.08% RANGE:0.17% UP:28.57% SPREAD:0.08650519% BID:0.1156 ASK:0.1157 MID:0.11565 P1:0.11565 P2:0.1157 P3:0.11565 P4:0.11574999 STATE:IDLE
[2026-05-04 17:11:12Z] CHK MOM:-0.17% RANGE:0.17% UP:14.28% SPREAD:0.08650519% BID:0.1156 ASK:0.1157 MID:0.11565 P1:0.11565 P2:0.11565 P3:0.1157 P4:0.11565 STATE:IDLE
[2026-05-04 17:11:13Z] CHK MOM:-0.17% RANGE:0.17% UP:14.28% SPREAD:0.08650519% BID:0.1156 ASK:0.1157 MID:0.11565 P1:0.11565 P2:0.11565 P3:0.1157 P4:0.11565 STATE:IDLE
[2026-05-04 17:11:13Z] CHK MOM:-0.17% RANGE:0.17% UP:12.5% SPREAD:0.08650519% BID:0.1156 ASK:0.1157 MID:0.11565 P1:0.11565 P2:0.11565 P3:0.11565 P4:0.1157 STATE:IDLE
[2026-05-04 17:11:14Z] CHK MOM:-0.17% RANGE:0.17% UP:12.5% SPREAD:0.08650519% BID:0.1156 ASK:0.1157 MID:0.11565 P1:0.11565 P2:0.11565 P3:0.11565 P4:0.1157 STATE:IDLE
[2026-05-04 17:11:14Z] CHK MOM:-0.17% RANGE:0.17% UP:12.5% SPREAD:0.08650519% BID:0.1156 ASK:0.1157 MID:0.11565 P1:0.11565 P2:0.11565 P3:0.11565 P4:0.1157 STATE:IDLE
[2026-05-04 17:11:15Z] CHK MOM:-0.17% RANGE:0.17% UP:12.5% SPREAD:0.08650519% BID:0.1156 ASK:0.1157 MID:0.11565 P1:0.11565 P2:0.11565 P3:0.11565 P4:0.1157 STATE:IDLE
[2026-05-04 17:11:16Z] CHK MOM:-0.17% RANGE:0.17% UP:12.5% SPREAD:0.08650519% BID:0.1156 ASK:0.1157 MID:0.11565 P1:0.11565 P2:0.11565 P3:0.11565 P4:0.1157 STATE:IDLE
[2026-05-04 17:11:21Z] CHK MOM:0% RANGE:0% UP:0% SPREAD:0.08650519% BID:0.1156 ASK:0.1157 MID:0.11565 P1:0.11565 P2:0.11565 P3:0.11565 P4:0.11565 STATE:IDLE
[2026-05-04 17:11:21Z] CHK MOM:0% RANGE:0% UP:0% SPREAD:0.08650519% BID:0.1156 ASK:0.1157 MID:0.11565 P1:0.11565 P2:0.11565 P3:0.11565 P4:0.11565 STATE:IDLE
[2026-05-04 17:11:22Z] CHK MOM:0% RANGE:0% UP:0% SPREAD:0.08650519% BID:0.1156 ASK:0.1157 MID:0.11565 P1:0.11565 P2:0.11565 P3:0.11565 P4:0.11565 STATE:IDLE
[2026-05-04 17:11:22Z] CHK MOM:0% RANGE:0% UP:0% SPREAD:0.08650519% BID:0.1156 ASK:0.1157 MID:0.11565 P1:0.11565 P2:0.11565 P3:0.11565 P4:0.11565 STATE:IDLE
[2026-05-04 17:11:23Z] CHK MOM:0% RANGE:0% UP:0% SPREAD:0.08650519% BID:0.1156 ASK:0.1157 MID:0.11565 P1:0.11565 P2:0.11565 P3:0.11565 P4:0.11565 STATE:IDLE
[2026-05-04 17:11:23Z] CHK MOM:0% RANGE:0% UP:0% SPREAD:0.08650519% BID:0.1156 ASK:0.1157 MID:0.11565 P1:0.11565 P2:0.11565 P3:0.11565 P4:0.11565 STATE:IDLE
[2026-05-04 17:11:24Z] CHK MOM:0% RANGE:0% UP:0% SPREAD:0.08650519% BID:0.1156 ASK:0.1157 MID:0.11565 P1:0.11565 P2:0.11565 P3:0.11565 P4:0.11565 STATE:IDLE
[2026-05-04 17:11:24Z] CHK MOM:0% RANGE:0% UP:0% SPREAD:0.08650519% BID:0.1156 ASK:0.1157 MID:0.11565 P1:0.11565 P2:0.11565 P3:0.11565 P4:0.11565 STATE:IDLE
[2026-05-04 17:11:25Z] CHK MOM:0% RANGE:0% UP:0% SPREAD:0.08650519% BID:0.1156 ASK:0.1157 MID:0.11565 P1:0.11565 P2:0.11565 P3:0.11565 P4:0.11565 STATE:IDLE
[2026-05-04 17:11:26Z] CHK MOM:0% RANGE:0% UP:0% SPREAD:0.08650519% BID:0.1156 ASK:0.1157 MID:0.11565 P1:0.11565 P2:0.11565 P3:0.11565 P4:0.11565 STATE:IDLE
[2026-05-04 17:11:34Z] CHK MOM:0% RANGE:0% UP:0% SPREAD:0.08650519% BID:0.1156 ASK:0.1157 MID:0.11565 P1:0.11565 P2:0.11565 P3:0.11565 P4:0.11565 STATE:IDLE
[2026-05-04 17:11:35Z] CHK MOM:0% RANGE:0% UP:0% SPREAD:0.08650519% BID:0.1156 ASK:0.1157 MID:0.11565 P1:0.11565 P2:0.11565 P3:0.11565 P4:0.11565 STATE:IDLE
[2026-05-04 17:11:35Z] CHK MOM:0% RANGE:0% UP:0% SPREAD:0.08650519% BID:0.1156 ASK:0.1157 MID:0.11565 P1:0.11565 P2:0.11565 P3:0.11565 P4:0.11565 STATE:IDLE
[2026-05-04 17:11:36Z] CHK MOM:0% RANGE:0% UP:0% SPREAD:0.08650519% BID:0.1156 ASK:0.1157 MID:0.11565 P1:0.11565 P2:0.11565 P3:0.11565 P4:0.11565 STATE:IDLE
[2026-05-04 17:11:36Z] CHK MOM:0% RANGE:0% UP:0% SPREAD:0.08650519% BID:0.1156 ASK:0.1157 MID:0.11565 P1:0.11565 P2:0.11565 P3:0.11565 P4:0.11565 STATE:IDLE
[2026-05-04 17:11:37Z] CHK MOM:0% RANGE:0% UP:0% SPREAD:0.08650519% BID:0.1156 ASK:0.1157 MID:0.11565 P1:0.11565 P2:0.11565 P3:0.11565 P4:0.11565 STATE:IDLE
[2026-05-04 17:11:37Z] CHK MOM:0% RANGE:0% UP:0% SPREAD:0.08650519% BID:0.1156 ASK:0.1157 MID:0.11565 P1:0.11565 P2:0.11565 P3:0.11565 P4:0.11565 STATE:IDLE
[2026-05-04 17:11:38Z] CHK MOM:0% RANGE:0% UP:0% SPREAD:0.08650519% BID:0.1156 ASK:0.1157 MID:0.11565 P1:0.11565 P2:0.11565 P3:0.11565 P4:0.11565 STATE:IDLE
[2026-05-04 17:11:38Z] CHK MOM:0% RANGE:0% UP:0% SPREAD:0.08650519% BID:0.1156 ASK:0.1157 MID:0.11565 P1:0.11565 P2:0.11565 P3:0.11565 P4:0.11565 STATE:IDLE
[2026-05-04 17:11:39Z] CHK MOM:0% RANGE:0% UP:0% SPREAD:0.08650519% BID:0.1156 ASK:0.1157 MID:0.11565 P1:0.11565 P2:0.11565 P3:0.11565 P4:0.11565 STATE:IDLE
[2026-05-04 17:11:40Z] CHK MOM:0% RANGE:0% UP:0% SPREAD:0.08650519% BID:0.1156 ASK:0.1157 MID:0.11565 P1:0.11565 P2:0.11565 P3:0.11565 P4:0.11565 STATE:IDLE
[2026-05-04 17:11:49Z] CHK MOM:0% RANGE:0% UP:0% SPREAD:0.08650519% BID:0.1156 ASK:0.1157 MID:0.11565 P1:0.11565 P2:0.11565 P3:0.11565 P4:0.11565 STATE:IDLE
[2026-05-04 17:11:50Z] CHK MOM:0% RANGE:0% UP:0% SPREAD:0.08650519% BID:0.1156 ASK:0.1157 MID:0.11565 P1:0.11565 P2:0.11565 P3:0.11565 P4:0.11565 STATE:IDLE
[2026-05-04 17:11:50Z] CHK MOM:0% RANGE:0% UP:0% SPREAD:0.08650519% BID:0.1156 ASK:0.1157 MID:0.11565 P1:0.11565 P2:0.11565 P3:0.11565 P4:0.11565 STATE:IDLE
[2026-05-04 17:11:51Z] CHK MOM:0% RANGE:0% UP:0% SPREAD:0.08650519% BID:0.1156 ASK:0.1157 MID:0.11565 P1:0.11565 P2:0.11565 P3:0.11565 P4:0.11565 STATE:IDLE
[2026-05-04 17:11:51Z] CHK MOM:0% RANGE:0% UP:0% SPREAD:0.08650519% BID:0.1156 ASK:0.1157 MID:0.11565 P1:0.11565 P2:0.11565 P3:0.11565 P4:0.11565 STATE:IDLE
[2026-05-04 17:11:52Z] CHK MOM:0% RANGE:0% UP:0% SPREAD:0.08650519% BID:0.1156 ASK:0.1157 MID:0.11565 P1:0.11565 P2:0.11565 P3:0.11565 P4:0.11565 STATE:IDLE
[2026-05-04 17:11:52Z] CHK MOM:0% RANGE:0% UP:0% SPREAD:0.08650519% BID:0.1156 ASK:0.1157 MID:0.11565 P1:0.11565 P2:0.11565 P3:0.11565 P4:0.11565 STATE:IDLE
[2026-05-04 17:11:55Z] CHK MOM:0% RANGE:0% UP:0% SPREAD:0.08650519% BID:0.1156 ASK:0.1157 MID:0.11565 P1:0.11565 P2:0.11565 P3:0.11565 P4:0.11565 STATE:IDLE
[2026-05-04 17:11:55Z] CHK MOM:0% RANGE:0% UP:0% SPREAD:0.08650519% BID:0.1156 ASK:0.1157 MID:0.11565 P1:0.11565 P2:0.11565 P3:0.11565 P4:0.11565 STATE:IDLE
[2026-05-04 17:11:56Z] CHK MOM:0% RANGE:0% UP:0% SPREAD:0.08650519% BID:0.1156 ASK:0.1157 MID:0.11565 P1:0.11565 P2:0.11565 P3:0.11565 P4:0.11565 STATE:IDLE
[2026-05-04 17:11:56Z] CHK MOM:0% RANGE:0% UP:0% SPREAD:0.08650519% BID:0.1156 ASK:0.1157 MID:0.11565 P1:0.11565 P2:0.11565 P3:0.11565 P4:0.11565 STATE:IDLE
[2026-05-04 17:11:57Z] CHK MOM:0% RANGE:0% UP:0% SPREAD:0.08650519% BID:0.1156 ASK:0.1157 MID:0.11565 P1:0.11565 P2:0.11565 P3:0.11565 P4:0.11565 STATE:IDLE
[2026-05-04 17:11:57Z] CHK MOM:0% RANGE:0% UP:0% SPREAD:0.08650519% BID:0.1156 ASK:0.1157 MID:0.11565 P1:0.11565 P2:0.11565 P3:0.11565 P4:0.11565 STATE:IDLE
[2026-05-04 17:11:58Z] CHK MOM:-0.08% RANGE:0.08% UP:0% SPREAD:0.08658008% BID:0.1155 ASK:0.1156 MID:0.11555 P1:0.11555 P2:0.11565 P3:0.11565 P4:0.11565 STATE:IDLE
[2026-05-04 17:11:58Z] CHK MOM:-0.08% RANGE:0.08% UP:0% SPREAD:0.08658008% BID:0.1155 ASK:0.1156 MID:0.11555 P1:0.11555 P2:0.11555 P3:0.11565 P4:0.11565 STATE:IDLE
[2026-05-04 17:11:59Z] CHK MOM:-0.08% RANGE:0.08% UP:0% SPREAD:0.08658008% BID:0.1155 ASK:0.1156 MID:0.11555 P1:0.11555 P2:0.11555 P3:0.11555 P4:0.11565 STATE:IDLE
[2026-05-04 17:11:59Z] CHK MOM:-0.08% RANGE:0.08% UP:0% SPREAD:0.08658008% BID:0.1155 ASK:0.1156 MID:0.11555 P1:0.11555 P2:0.11555 P3:0.11555 P4:0.11565 STATE:IDLE
[2026-05-04 17:12:00Z] CHK MOM:-0.08% RANGE:0.08% UP:0% SPREAD:0.08658008% BID:0.1155 ASK:0.1156 MID:0.11555 P1:0.11555 P2:0.11555 P3:0.11555 P4:0.11565 STATE:IDLE
[2026-05-04 17:12:01Z] CHK MOM:-0.04% RANGE:0.08% UP:20% SPREAD:0.17316017% BID:0.1155 ASK:0.1157 MID:0.1156 P1:0.1156 P2:0.11555 P3:0.11555 P4:0.11555 STATE:IDLE
[2026-05-04 17:12:01Z] CHK MOM:0% RANGE:0.08% UP:33.33% SPREAD:0.08650519% BID:0.1156 ASK:0.1157 MID:0.11565 P1:0.11565 P2:0.1156 P3:0.11555 P4:0.11555 STATE:IDLE
[2026-05-04 17:12:02Z] CHK MOM:-0.04% RANGE:0.08% UP:28.57% SPREAD:0.17316017% BID:0.1155 ASK:0.1157 MID:0.1156 P1:0.1156 P2:0.11565 P3:0.1156 P4:0.11555 STATE:IDLE
[2026-05-04 17:12:02Z] CHK MOM:-0.04% RANGE:0.08% UP:28.57% SPREAD:0.17316017% BID:0.1155 ASK:0.1157 MID:0.1156 P1:0.1156 P2:0.11565 P3:0.1156 P4:0.11555 STATE:IDLE
[2026-05-04 17:12:03Z] CHK MOM:-0.04% RANGE:0.08% UP:28.57% SPREAD:0.17316017% BID:0.1155 ASK:0.1157 MID:0.1156 P1:0.1156 P2:0.1156 P3:0.11565 P4:0.1156 STATE:IDLE
[2026-05-04 17:12:03Z] CHK MOM:-0.04% RANGE:0.08% UP:28.57% SPREAD:0.17316017% BID:0.1155 ASK:0.1157 MID:0.1156 P1:0.1156 P2:0.1156 P3:0.11565 P4:0.1156 STATE:IDLE
[2026-05-04 17:12:04Z] CHK MOM:-0.04% RANGE:0.08% UP:25% SPREAD:0.17316017% BID:0.1155 ASK:0.1157 MID:0.1156 P1:0.1156 P2:0.1156 P3:0.1156 P4:0.11565 STATE:IDLE
[2026-05-04 17:12:04Z] CHK MOM:-0.04% RANGE:0.08% UP:22.22% SPREAD:0.17316017% BID:0.1155 ASK:0.1157 MID:0.1156 P1:0.1156 P2:0.1156 P3:0.1156 P4:0.1156 STATE:IDLE
[2026-05-04 17:12:05Z] CHK MOM:-0.04% RANGE:0.08% UP:22.22% SPREAD:0.17316017% BID:0.1155 ASK:0.1157 MID:0.1156 P1:0.1156 P2:0.1156 P3:0.1156 P4:0.1156 STATE:IDLE
[2026-05-04 17:12:06Z] CHK MOM:-0.04% RANGE:0.08% UP:20% SPREAD:0.17316017% BID:0.1155 ASK:0.1157 MID:0.1156 P1:0.1156 P2:0.1156 P3:0.1156 P4:0.1156 STATE:IDLE
[2026-05-04 17:12:06Z] CHK MOM:-0.04% RANGE:0.08% UP:20% SPREAD:0.17316017% BID:0.1155 ASK:0.1157 MID:0.1156 P1:0.1156 P2:0.1156 P3:0.1156 P4:0.1156 STATE:IDLE
[2026-05-04 17:12:07Z] CHK MOM:0% RANGE:0.04% UP:14.28% SPREAD:0.17316017% BID:0.1155 ASK:0.1157 MID:0.1156 P1:0.1156 P2:0.1156 P3:0.1156 P4:0.1156 STATE:IDLE
[2026-05-04 17:12:07Z] CHK MOM:0% RANGE:0.04% UP:14.28% SPREAD:0.17316017% BID:0.1155 ASK:0.1157 MID:0.1156 P1:0.1156 P2:0.1156 P3:0.1156 P4:0.1156 STATE:IDLE
[2026-05-04 17:12:08Z] CHK MOM:0% RANGE:0.04% UP:14.28% SPREAD:0.17316017% BID:0.1155 ASK:0.1157 MID:0.1156 P1:0.1156 P2:0.1156 P3:0.1156 P4:0.1156 STATE:IDLE
[2026-05-04 17:12:08Z] CHK MOM:0% RANGE:0.04% UP:14.28% SPREAD:0.17316017% BID:0.1155 ASK:0.1157 MID:0.1156 P1:0.1156 P2:0.1156 P3:0.1156 P4:0.1156 STATE:IDLE
[2026-05-04 17:12:09Z] CHK MOM:0% RANGE:0.04% UP:12.5% SPREAD:0.17316017% BID:0.1155 ASK:0.1157 MID:0.1156 P1:0.1156 P2:0.1156 P3:0.1156 P4:0.1156 STATE:IDLE
[2026-05-04 17:12:09Z] CHK MOM:0% RANGE:0% UP:0% SPREAD:0.17316017% BID:0.1155 ASK:0.1157 MID:0.1156 P1:0.1156 P2:0.1156 P3:0.1156 P4:0.1156 STATE:IDLE
[2026-05-04 17:12:10Z] CHK MOM:0% RANGE:0% UP:0% SPREAD:0.17316017% BID:0.1155 ASK:0.1157 MID:0.1156 P1:0.1156 P2:0.1156 P3:0.1156 P4:0.1156 STATE:IDLE
[2026-05-04 17:12:10Z] CHK MOM:-0.04% RANGE:0.04% UP:0% SPREAD:0.08658008% BID:0.1155 ASK:0.1156 MID:0.11555 P1:0.11555 P2:0.1156 P3:0.1156 P4:0.1156 STATE:IDLE
[2026-05-04 17:12:11Z] CHK MOM:-0.04% RANGE:0.04% UP:0% SPREAD:0.08658008% BID:0.1155 ASK:0.1156 MID:0.11555 P1:0.11555 P2:0.11555 P3:0.1156 P4:0.1156 STATE:IDLE
[2026-05-04 17:12:12Z] CHK MOM:-0.04% RANGE:0.04% UP:0% SPREAD:0.08658008% BID:0.1155 ASK:0.1156 MID:0.11555 P1:0.11555 P2:0.11555 P3:0.11555 P4:0.1156 STATE:IDLE
[2026-05-04 17:12:12Z] CHK MOM:-0.04% RANGE:0.04% UP:0% SPREAD:0.08658008% BID:0.1155 ASK:0.1156 MID:0.11555 P1:0.11555 P2:0.11555 P3:0.11555 P4:0.11555 STATE:IDLE
[2026-05-04 17:12:13Z] CHK MOM:-0.04% RANGE:0.04% UP:0% SPREAD:0.08658008% BID:0.1155 ASK:0.1156 MID:0.11555 P1:0.11555 P2:0.11555 P3:0.11555 P4:0.11555 STATE:IDLE
[2026-05-04 17:12:13Z] CHK MOM:-0.04% RANGE:0.04% UP:0% SPREAD:0.08658008% BID:0.1155 ASK:0.1156 MID:0.11555 P1:0.11555 P2:0.11555 P3:0.11555 P4:0.11555 STATE:IDLE
[2026-05-04 17:12:14Z] CHK MOM:-0.04% RANGE:0.04% UP:0% SPREAD:0.08658008% BID:0.1155 ASK:0.1156 MID:0.11555 P1:0.11555 P2:0.11555 P3:0.11555 P4:0.11555 STATE:IDLE
[2026-05-04 17:12:14Z] CHK MOM:-0.04% RANGE:0.04% UP:0% SPREAD:0.08658008% BID:0.1155 ASK:0.1156 MID:0.11555 P1:0.11555 P2:0.11555 P3:0.11555 P4:0.11555 STATE:IDLE
[2026-05-04 17:12:15Z] CHK MOM:-0.04% RANGE:0.04% UP:0% SPREAD:0.08658008% BID:0.1155 ASK:0.1156 MID:0.11555 P1:0.11555 P2:0.11555 P3:0.11555 P4:0.11555 STATE:IDLE
[2026-05-04 17:12:15Z] CHK MOM:-0.04% RANGE:0.04% UP:0% SPREAD:0.08658008% BID:0.1155 ASK:0.1156 MID:0.11555 P1:0.11555 P2:0.11555 P3:0.11555 P4:0.11555 STATE:IDLE
[2026-05-04 17:12:16Z] CHK MOM:-0.04% RANGE:0.04% UP:0% SPREAD:0.08658008% BID:0.1155 ASK:0.1156 MID:0.11555 P1:0.11555 P2:0.11555 P3:0.11555 P4:0.11555 STATE:IDLE
[2026-05-04 17:12:17Z] CHK MOM:-0.04% RANGE:0.04% UP:0% SPREAD:0.08658008% BID:0.1155 ASK:0.1156 MID:0.11555 P1:0.11555 P2:0.11555 P3:0.11555 P4:0.11555 STATE:IDLE
[2026-05-04 17:12:18Z] CHK MOM:-0.04% RANGE:0.04% UP:0% SPREAD:0.08658008% BID:0.1155 ASK:0.1156 MID:0.11555 P1:0.11555 P2:0.11555 P3:0.11555 P4:0.11555 STATE:IDLE
[2026-05-04 17:12:18Z] CHK MOM:-0.04% RANGE:0.04% UP:0% SPREAD:0.08658008% BID:0.1155 ASK:0.1156 MID:0.11555 P1:0.11555 P2:0.11555 P3:0.11555 P4:0.11555 STATE:IDLE
[2026-05-04 17:12:19Z] CHK MOM:-0.04% RANGE:0.04% UP:0% SPREAD:0.08658008% BID:0.1155 ASK:0.1156 MID:0.11555 P1:0.11555 P2:0.11555 P3:0.11555 P4:0.11555 STATE:IDLE
[2026-05-04 17:12:19Z] CHK MOM:0% RANGE:0% UP:0% SPREAD:0.08658008% BID:0.1155 ASK:0.1156 MID:0.11555 P1:0.11555 P2:0.11555 P3:0.11555 P4:0.11555 STATE:IDLE
[2026-05-04 17:12:20Z] CHK MOM:0% RANGE:0% UP:0% SPREAD:0.08658008% BID:0.1155 ASK:0.1156 MID:0.11555 P1:0.11555 P2:0.11555 P3:0.11555 P4:0.11555 STATE:IDLE
[2026-05-04 17:12:20Z] CHK MOM:0% RANGE:0% UP:0% SPREAD:0.08658008% BID:0.1155 ASK:0.1156 MID:0.11555 P1:0.11555 P2:0.11555 P3:0.11555 P4:0.11555 STATE:IDLE
[2026-05-04 17:12:21Z] CHK MOM:0% RANGE:0% UP:0% SPREAD:0.08658008% BID:0.1155 ASK:0.1156 MID:0.11555 P1:0.11555 P2:0.11555 P3:0.11555 P4:0.11555 STATE:IDLE
[2026-05-04 17:12:21Z] CHK MOM:0% RANGE:0% UP:0% SPREAD:0.08658008% BID:0.1155 ASK:0.1156 MID:0.11555 P1:0.11555 P2:0.11555 P3:0.11555 P4:0.11555 STATE:IDLE
[2026-05-04 17:12:22Z] CHK MOM:0% RANGE:0% UP:0% SPREAD:0.08658008% BID:0.1155 ASK:0.1156 MID:0.11555 P1:0.11555 P2:0.11555 P3:0.11555 P4:0.11555 STATE:IDLE
[2026-05-04 17:12:54Z] CHK MOM:0% RANGE:0% UP:0% SPREAD:0.08658008% BID:0.1155 ASK:0.1156 MID:0.11555 P1:0.11555 P2:0.11555 P3:0.11555 P4:NA STATE:IDLE
[2026-05-04 17:12:55Z] CHK MOM:0% RANGE:0% UP:0% SPREAD:0.08658008% BID:0.1155 ASK:0.1156 MID:0.11555 P1:0.11555 P2:0.11555 P3:0.11555 P4:0.11555 STATE:IDLE
[2026-05-04 17:12:55Z] CHK MOM:0% RANGE:0% UP:0% SPREAD:0.08658008% BID:0.1155 ASK:0.1156 MID:0.11555 P1:0.11555 P2:0.11555 P3:0.11555 P4:0.11555 STATE:IDLE
[2026-05-04 17:12:56Z] CHK MOM:0% RANGE:0% UP:0% SPREAD:0.08658008% BID:0.1155 ASK:0.1156 MID:0.11555 P1:0.11555 P2:0.11555 P3:0.11555 P4:0.11555 STATE:IDLE
[2026-05-04 17:12:56Z] CHK MOM:0% RANGE:0% UP:0% SPREAD:0.08658008% BID:0.1155 ASK:0.1156 MID:0.11555 P1:0.11555 P2:0.11555 P3:0.11555 P4:0.11555 STATE:IDLE
[2026-05-04 17:12:57Z] CHK MOM:0% RANGE:0% UP:0% SPREAD:0.08658008% BID:0.1155 ASK:0.1156 MID:0.11555 P1:0.11555 P2:0.11555 P3:0.11555 P4:0.11555 STATE:IDLE
[2026-05-04 17:12:57Z] CHK MOM:0% RANGE:0% UP:0% SPREAD:0.08658008% BID:0.1155 ASK:0.1156 MID:0.11555 P1:0.11555 P2:0.11555 P3:0.11555 P4:0.11555 STATE:IDLE
[2026-05-04 17:12:58Z] CHK MOM:-0.08% RANGE:0.08% UP:0% SPREAD:0.08665511% BID:0.1154 ASK:0.1155 MID:0.11545 P1:0.11545 P2:0.11555 P3:0.11555 P4:0.11555 STATE:IDLE
[2026-05-04 17:12:58Z] CHK MOM:-0.08% RANGE:0.08% UP:0% SPREAD:0.08665511% BID:0.1154 ASK:0.1155 MID:0.11545 P1:0.11545 P2:0.11555 P3:0.11555 P4:0.11555 STATE:IDLE
[2026-05-04 17:12:59Z] CHK MOM:-0.08% RANGE:0.08% UP:0% SPREAD:0.08665511% BID:0.1154 ASK:0.1155 MID:0.11545 P1:0.11545 P2:0.11545 P3:0.11555 P4:0.11555 STATE:IDLE
[2026-05-04 17:13:00Z] CHK MOM:-0.08% RANGE:0.08% UP:0% SPREAD:0.08665511% BID:0.1154 ASK:0.1155 MID:0.11545 P1:0.11545 P2:0.11545 P3:0.11545 P4:0.11555 STATE:IDLE
[2026-05-04 17:13:00Z] CHK MOM:-0.08% RANGE:0.08% UP:0% SPREAD:0.08665511% BID:0.1154 ASK:0.1155 MID:0.11545 P1:0.11545 P2:0.11545 P3:0.11545 P4:0.11545 STATE:IDLE
[2026-05-04 17:13:01Z] CHK MOM:-0.08% RANGE:0.08% UP:0% SPREAD:0.08665511% BID:0.1154 ASK:0.1155 MID:0.11545 P1:0.11545 P2:0.11545 P3:0.11545 P4:0.11545 STATE:IDLE
[2026-05-04 17:13:01Z] CHK MOM:-0.08% RANGE:0.08% UP:0% SPREAD:0.08665511% BID:0.1154 ASK:0.1155 MID:0.11545 P1:0.11545 P2:0.11545 P3:0.11545 P4:0.11545 STATE:IDLE
[2026-05-04 17:13:02Z] CHK MOM:-0.08% RANGE:0.08% UP:0% SPREAD:0.08665511% BID:0.1154 ASK:0.1155 MID:0.11545 P1:0.11545 P2:0.11545 P3:0.11545 P4:0.11545 STATE:IDLE
[2026-05-04 17:13:02Z] CHK MOM:-0.08% RANGE:0.08% UP:0% SPREAD:0.08665511% BID:0.1154 ASK:0.1155 MID:0.11545 P1:0.11545 P2:0.11545 P3:0.11545 P4:0.11545 STATE:IDLE
[2026-05-04 17:13:03Z] CHK MOM:-0.08% RANGE:0.08% UP:0% SPREAD:0.08665511% BID:0.1154 ASK:0.1155 MID:0.11545 P1:0.11545 P2:0.11545 P3:0.11545 P4:0.11545 STATE:IDLE
[2026-05-04 17:13:03Z] CHK MOM:-0.08% RANGE:0.08% UP:0% SPREAD:0.08665511% BID:0.1154 ASK:0.1155 MID:0.11545 P1:0.11545 P2:0.11545 P3:0.11545 P4:0.11545 STATE:IDLE
[2026-05-04 17:13:04Z] CHK MOM:-0.08% RANGE:0.08% UP:0% SPREAD:0.08665511% BID:0.1154 ASK:0.1155 MID:0.11545 P1:0.11545 P2:0.11545 P3:0.11545 P4:0.11545 STATE:IDLE
[2026-05-04 17:13:05Z] CHK MOM:-0.08% RANGE:0.08% UP:0% SPREAD:0.08665511% BID:0.1154 ASK:0.1155 MID:0.11545 P1:0.11545 P2:0.11545 P3:0.11545 P4:0.11545 STATE:IDLE
[2026-05-04 17:13:05Z] CHK MOM:-0.08% RANGE:0.08% UP:0% SPREAD:0.08673026% BID:0.1153 ASK:0.1154 MID:0.11535 P1:0.11535 P2:0.11545 P3:0.11545 P4:0.11545 STATE:IDLE
[2026-05-04 17:13:06Z] CHK MOM:-0.08% RANGE:0.08% UP:0% SPREAD:0.08673026% BID:0.1153 ASK:0.1154 MID:0.11535 P1:0.11535 P2:0.11545 P3:0.11545 P4:0.11545 STATE:IDLE
[2026-05-04 17:13:06Z] CHK MOM:-0.08% RANGE:0.08% UP:0% SPREAD:0.08673026% BID:0.1153 ASK:0.1154 MID:0.11535 P1:0.11535 P2:0.11535 P3:0.11545 P4:0.11545 STATE:IDLE
[2026-05-04 17:13:07Z] CHK MOM:-0.08% RANGE:0.08% UP:0% SPREAD:0.08673026% BID:0.1153 ASK:0.1154 MID:0.11535 P1:0.11535 P2:0.11535 P3:0.11545 P4:0.11545 STATE:IDLE
[2026-05-04 17:13:07Z] CHK MOM:-0.08% RANGE:0.08% UP:0% SPREAD:0.08673026% BID:0.1153 ASK:0.1154 MID:0.11535 P1:0.11535 P2:0.11535 P3:0.11545 P4:0.11545 STATE:IDLE
[2026-05-04 17:13:08Z] CHK MOM:-0.08% RANGE:0.08% UP:0% SPREAD:0.08673026% BID:0.1153 ASK:0.1154 MID:0.11535 P1:0.11535 P2:0.11535 P3:0.11535 P4:0.11545 STATE:IDLE
[2026-05-04 17:13:08Z] CHK MOM:-0.08% RANGE:0.08% UP:0% SPREAD:0.08673026% BID:0.1153 ASK:0.1154 MID:0.11535 P1:0.11535 P2:0.11535 P3:0.11535 P4:0.11545 STATE:IDLE
[2026-05-04 17:13:09Z] CHK MOM:-0.08% RANGE:0.08% UP:0% SPREAD:0.08673026% BID:0.1153 ASK:0.1154 MID:0.11535 P1:0.11535 P2:0.11535 P3:0.11535 P4:0.11545 STATE:IDLE
[2026-05-04 17:13:09Z] CHK MOM:-0.08% RANGE:0.08% UP:0% SPREAD:0.08673026% BID:0.1153 ASK:0.1154 MID:0.11535 P1:0.11535 P2:0.11535 P3:0.11535 P4:0.11545 STATE:IDLE
[2026-05-04 17:13:10Z] CHK MOM:-0.08% RANGE:0.08% UP:0% SPREAD:0.08673026% BID:0.1153 ASK:0.1154 MID:0.11535 P1:0.11535 P2:0.11535 P3:0.11535 P4:0.11545 STATE:IDLE
[2026-05-04 17:13:15Z] CHK MOM:0% RANGE:0% UP:0% SPREAD:0.08673026% BID:0.1153 ASK:0.1154 MID:0.11535 P1:0.11535 P2:0.11535 P3:0.11535 P4:0.11535 STATE:IDLE
[2026-05-04 17:13:16Z] CHK MOM:0% RANGE:0% UP:0% SPREAD:0.08673026% BID:0.1153 ASK:0.1154 MID:0.11535 P1:0.11535 P2:0.11535 P3:0.11535 P4:0.11535 STATE:IDLE
[2026-05-04 17:13:16Z] CHK MOM:0% RANGE:0% UP:0% SPREAD:0.08673026% BID:0.1153 ASK:0.1154 MID:0.11535 P1:0.11535 P2:0.11535 P3:0.11535 P4:0.11535 STATE:IDLE
[2026-05-04 17:13:17Z] CHK MOM:0% RANGE:0% UP:0% SPREAD:0.08673026% BID:0.1153 ASK:0.1154 MID:0.11535 P1:0.11535 P2:0.11535 P3:0.11535 P4:0.11535 STATE:IDLE
[2026-05-04 17:13:17Z] CHK MOM:0% RANGE:0% UP:0% SPREAD:0.08673026% BID:0.1153 ASK:0.1154 MID:0.11535 P1:0.11535 P2:0.11535 P3:0.11535 P4:0.11535 STATE:IDLE
[2026-05-04 17:13:19Z] CHK MOM:0% RANGE:0% UP:0% SPREAD:0.08673026% BID:0.1153 ASK:0.1154 MID:0.11535 P1:0.11535 P2:0.11535 P3:0.11535 P4:0.11535 STATE:IDLE
[2026-05-04 17:13:20Z] CHK MOM:0% RANGE:0% UP:0% SPREAD:0.08673026% BID:0.1153 ASK:0.1154 MID:0.11535 P1:0.11535 P2:0.11535 P3:0.11535 P4:0.11535 STATE:IDLE
[2026-05-04 17:13:20Z] CHK MOM:0% RANGE:0% UP:0% SPREAD:0.08673026% BID:0.1153 ASK:0.1154 MID:0.11535 P1:0.11535 P2:0.11535 P3:0.11535 P4:0.11535 STATE:IDLE
[2026-05-04 17:13:21Z] CHK MOM:0% RANGE:0% UP:0% SPREAD:0.08673026% BID:0.1153 ASK:0.1154 MID:0.11535 P1:0.11535 P2:0.11535 P3:0.11535 P4:0.11535 STATE:IDLE
[2026-05-04 17:13:22Z] CHK MOM:0% RANGE:0% UP:0% SPREAD:0.08673026% BID:0.1153 ASK:0.1154 MID:0.11535 P1:0.11535 P2:0.11535 P3:0.11535 P4:0.11535 STATE:IDLE
[2026-05-04 17:13:25Z] CHK MOM:0% RANGE:0% UP:0% SPREAD:0.08673026% BID:0.1153 ASK:0.1154 MID:0.11535 P1:0.11535 P2:0.11535 P3:0.11535 P4:0.11535 STATE:IDLE
[2026-05-04 17:13:26Z] CHK MOM:0% RANGE:0% UP:0% SPREAD:0.08673026% BID:0.1153 ASK:0.1154 MID:0.11535 P1:0.11535 P2:0.11535 P3:0.11535 P4:0.11535 STATE:IDLE
[2026-05-04 17:13:27Z] CHK MOM:0% RANGE:0% UP:0% SPREAD:0.08673026% BID:0.1153 ASK:0.1154 MID:0.11535 P1:0.11535 P2:0.11535 P3:0.11535 P4:0.11535 STATE:IDLE
[2026-05-04 17:13:27Z] CHK MOM:0.08% RANGE:0.08% UP:100% SPREAD:0.08665511% BID:0.1154 ASK:0.1155 MID:0.11545 P1:0.11545 P2:0.11535 P3:0.11535 P4:0.11535 STATE:IDLE
[2026-05-04 17:13:28Z] CHK MOM:0.08% RANGE:0.08% UP:50% SPREAD:0.08665511% BID:0.1154 ASK:0.1155 MID:0.11545 P1:0.11545 P2:0.11545 P3:0.11535 P4:0.11535 STATE:IDLE
[2026-05-04 17:13:28Z] CHK MOM:0.08% RANGE:0.08% UP:33.33% SPREAD:0.08665511% BID:0.1154 ASK:0.1155 MID:0.11545 P1:0.11545 P2:0.11545 P3:0.11545 P4:0.11535 STATE:IDLE
[2026-05-04 17:13:29Z] CHK MOM:0.08% RANGE:0.08% UP:33.33% SPREAD:0.08665511% BID:0.1154 ASK:0.1155 MID:0.11545 P1:0.11545 P2:0.11545 P3:0.11545 P4:0.11535 STATE:IDLE
[2026-05-04 17:13:29Z] CHK MOM:0.08% RANGE:0.08% UP:33.33% SPREAD:0.08665511% BID:0.1154 ASK:0.1155 MID:0.11545 P1:0.11545 P2:0.11545 P3:0.11545 P4:0.11535 STATE:IDLE
[2026-05-04 17:13:30Z] CHK MOM:0.08% RANGE:0.08% UP:33.33% SPREAD:0.08665511% BID:0.1154 ASK:0.1155 MID:0.11545 P1:0.11545 P2:0.11545 P3:0.11545 P4:0.11535 STATE:IDLE
[2026-05-04 17:13:30Z] CHK MOM:0.08% RANGE:0.08% UP:33.33% SPREAD:0.08665511% BID:0.1154 ASK:0.1155 MID:0.11545 P1:0.11545 P2:0.11545 P3:0.11545 P4:0.11535 STATE:IDLE
[2026-05-04 17:13:31Z] CHK MOM:0.08% RANGE:0.08% UP:33.33% SPREAD:0.08665511% BID:0.1154 ASK:0.1155 MID:0.11545 P1:0.11545 P2:0.11545 P3:0.11545 P4:0.11535 STATE:IDLE
[2026-05-04 17:13:31Z] CHK MOM:0.08% RANGE:0.08% UP:25% SPREAD:0.08665511% BID:0.1154 ASK:0.1155 MID:0.11545 P1:0.11545 P2:0.11545 P3:0.11545 P4:0.11545 STATE:IDLE
[2026-05-04 17:13:33Z] CHK MOM:0.08% RANGE:0.08% UP:25% SPREAD:0.08665511% BID:0.1154 ASK:0.1155 MID:0.11545 P1:0.11545 P2:0.11545 P3:0.11545 P4:0.11545 STATE:IDLE
[2026-05-04 17:13:33Z] CHK MOM:0.08% RANGE:0.08% UP:20% SPREAD:0.08665511% BID:0.1154 ASK:0.1155 MID:0.11545 P1:0.11545 P2:0.11545 P3:0.11545 P4:0.11545 STATE:IDLE
[2026-05-04 17:13:34Z] CHK MOM:0% RANGE:0% UP:0% SPREAD:0.08665511% BID:0.1154 ASK:0.1155 MID:0.11545 P1:0.11545 P2:0.11545 P3:0.11545 P4:0.11545 STATE:IDLE
[2026-05-04 17:13:34Z] CHK MOM:0% RANGE:0% UP:0% SPREAD:0.08665511% BID:0.1154 ASK:0.1155 MID:0.11545 P1:0.11545 P2:0.11545 P3:0.11545 P4:0.11545 STATE:IDLE
[2026-05-04 17:13:35Z] CHK MOM:0% RANGE:0% UP:0% SPREAD:0.08665511% BID:0.1154 ASK:0.1155 MID:0.11545 P1:0.11545 P2:0.11545 P3:0.11545 P4:0.11545 STATE:IDLE
[2026-05-04 17:13:35Z] CHK MOM:0% RANGE:0% UP:0% SPREAD:0.08665511% BID:0.1154 ASK:0.1155 MID:0.11545 P1:0.11545 P2:0.11545 P3:0.11545 P4:0.11545 STATE:IDLE
[2026-05-04 17:13:36Z] CHK MOM:-0.08% RANGE:0.08% UP:0% SPREAD:0.08673026% BID:0.1153 ASK:0.1154 MID:0.11535 P1:0.11535 P2:0.11545 P3:0.11545 P4:0.11545 STATE:IDLE
[2026-05-04 17:13:36Z] CHK MOM:-0.08% RANGE:0.08% UP:0% SPREAD:0.08673026% BID:0.1153 ASK:0.1154 MID:0.11535 P1:0.11535 P2:0.11535 P3:0.11545 P4:0.11545 STATE:IDLE
[2026-05-04 17:13:37Z] CHK MOM:0% RANGE:0.08% UP:14.28% SPREAD:0.08665511% BID:0.1154 ASK:0.1155 MID:0.11545 P1:0.11545 P2:0.11535 P3:0.11535 P4:0.11545 STATE:IDLE
[2026-05-04 17:13:38Z] CHK MOM:0% RANGE:0.08% UP:14.28% SPREAD:0.08665511% BID:0.1154 ASK:0.1155 MID:0.11545 P1:0.11545 P2:0.11535 P3:0.11535 P4:0.11545 STATE:IDLE
[2026-05-04 17:13:38Z] CHK MOM:0% RANGE:0.08% UP:14.28% SPREAD:0.08665511% BID:0.1154 ASK:0.1155 MID:0.11545 P1:0.11545 P2:0.11535 P3:0.11535 P4:0.11545 STATE:IDLE
[2026-05-04 17:13:39Z] CHK MOM:0% RANGE:0.08% UP:14.28% SPREAD:0.08665511% BID:0.1154 ASK:0.1155 MID:0.11545 P1:0.11545 P2:0.11535 P3:0.11535 P4:0.11545 STATE:IDLE
[2026-05-04 17:13:39Z] CHK MOM:0% RANGE:0.08% UP:12.5% SPREAD:0.08665511% BID:0.1154 ASK:0.1155 MID:0.11545 P1:0.11545 P2:0.11545 P3:0.11535 P4:0.11535 STATE:IDLE
[2026-05-04 17:13:40Z] CHK MOM:0% RANGE:0.08% UP:12.5% SPREAD:0.08665511% BID:0.1154 ASK:0.1155 MID:0.11545 P1:0.11545 P2:0.11545 P3:0.11535 P4:0.11535 STATE:IDLE
[2026-05-04 17:13:40Z] CHK MOM:0% RANGE:0.08% UP:12.5% SPREAD:0.08665511% BID:0.1154 ASK:0.1155 MID:0.11545 P1:0.11545 P2:0.11545 P3:0.11535 P4:0.11535 STATE:IDLE
[2026-05-04 17:13:41Z] CHK MOM:0% RANGE:0.08% UP:12.5% SPREAD:0.08665511% BID:0.1154 ASK:0.1155 MID:0.11545 P1:0.11545 P2:0.11545 P3:0.11535 P4:0.11535 STATE:IDLE
[2026-05-04 17:13:41Z] CHK MOM:0% RANGE:0.08% UP:14.28% SPREAD:0.08665511% BID:0.1154 ASK:0.1155 MID:0.11545 P1:0.11545 P2:0.11545 P3:0.11545 P4:0.11535 STATE:IDLE
[2026-05-04 17:13:42Z] CHK MOM:0% RANGE:0.08% UP:12.5% SPREAD:0.08665511% BID:0.1154 ASK:0.1155 MID:0.11545 P1:0.11545 P2:0.11545 P3:0.11545 P4:0.11545 STATE:IDLE
[2026-05-04 17:13:43Z] CHK MOM:0% RANGE:0.08% UP:12.5% SPREAD:0.08665511% BID:0.1154 ASK:0.1155 MID:0.11545 P1:0.11545 P2:0.11545 P3:0.11545 P4:0.11545 STATE:IDLE
[2026-05-04 17:13:43Z] CHK MOM:0.08% RANGE:0.08% UP:16.66% SPREAD:0.08665511% BID:0.1154 ASK:0.1155 MID:0.11545 P1:0.11545 P2:0.11545 P3:0.11545 P4:0.11545 STATE:IDLE
[2026-05-04 17:13:44Z] CHK MOM:0.08% RANGE:0.08% UP:16.66% SPREAD:0.08665511% BID:0.1154 ASK:0.1155 MID:0.11545 P1:0.11545 P2:0.11545 P3:0.11545 P4:0.11545 STATE:IDLE
[2026-05-04 17:13:44Z] CHK MOM:0.08% RANGE:0.08% UP:16.66% SPREAD:0.08665511% BID:0.1154 ASK:0.1155 MID:0.11545 P1:0.11545 P2:0.11545 P3:0.11545 P4:0.11545 STATE:IDLE
[2026-05-04 17:13:45Z] CHK MOM:0.08% RANGE:0.08% UP:16.66% SPREAD:0.08665511% BID:0.1154 ASK:0.1155 MID:0.11545 P1:0.11545 P2:0.11545 P3:0.11545 P4:0.11545 STATE:IDLE
[2026-05-04 17:13:45Z] CHK MOM:0.08% RANGE:0.08% UP:16.66% SPREAD:0.08665511% BID:0.1154 ASK:0.1155 MID:0.11545 P1:0.11545 P2:0.11545 P3:0.11545 P4:0.11545 STATE:IDLE
[2026-05-04 17:13:46Z] CHK MOM:0.08% RANGE:0.08% UP:16.66% SPREAD:0.08665511% BID:0.1154 ASK:0.1155 MID:0.11545 P1:0.11545 P2:0.11545 P3:0.11545 P4:0.11545 STATE:IDLE
[2026-05-04 17:13:55Z] CHK MOM:0% RANGE:0% UP:0% SPREAD:0.08665511% BID:0.1154 ASK:0.1155 MID:0.11545 P1:0.11545 P2:0.11545 P3:0.11545 P4:0.11545 STATE:IDLE
[2026-05-04 17:13:55Z] CHK MOM:0% RANGE:0% UP:0% SPREAD:0.08665511% BID:0.1154 ASK:0.1155 MID:0.11545 P1:0.11545 P2:0.11545 P3:0.11545 P4:0.11545 STATE:IDLE
[2026-05-04 17:13:56Z] CHK MOM:0% RANGE:0% UP:0% SPREAD:0.08665511% BID:0.1154 ASK:0.1155 MID:0.11545 P1:0.11545 P2:0.11545 P3:0.11545 P4:0.11545 STATE:IDLE
[2026-05-04 17:13:56Z] CHK MOM:0% RANGE:0% UP:0% SPREAD:0.08665511% BID:0.1154 ASK:0.1155 MID:0.11545 P1:0.11545 P2:0.11545 P3:0.11545 P4:0.11545 STATE:IDLE
[2026-05-04 17:13:57Z] CHK MOM:0% RANGE:0% UP:0% SPREAD:0.08665511% BID:0.1154 ASK:0.1155 MID:0.11545 P1:0.11545 P2:0.11545 P3:0.11545 P4:0.11545 STATE:IDLE
[2026-05-04 17:13:57Z] CHK MOM:0% RANGE:0% UP:0% SPREAD:0.08665511% BID:0.1154 ASK:0.1155 MID:0.11545 P1:0.11545 P2:0.11545 P3:0.11545 P4:0.11545 STATE:IDLE
[2026-05-04 17:13:58Z] CHK MOM:0% RANGE:0% UP:0% SPREAD:0.08665511% BID:0.1154 ASK:0.1155 MID:0.11545 P1:0.11545 P2:0.11545 P3:0.11545 P4:0.11545 STATE:IDLE
[2026-05-04 17:13:58Z] CHK MOM:0% RANGE:0% UP:0% SPREAD:0.08665511% BID:0.1154 ASK:0.1155 MID:0.11545 P1:0.11545 P2:0.11545 P3:0.11545 P4:0.11545 STATE:IDLE
[2026-05-04 17:13:59Z] CHK MOM:0% RANGE:0% UP:0% SPREAD:0.08665511% BID:0.1154 ASK:0.1155 MID:0.11545 P1:0.11545 P2:0.11545 P3:0.11545 P4:0.11545 STATE:IDLE
[2026-05-04 17:14:00Z] CHK MOM:0% RANGE:0% UP:0% SPREAD:0.08665511% BID:0.1154 ASK:0.1155 MID:0.11545 P1:0.11545 P2:0.11545 P3:0.11545 P4:0.11545 STATE:IDLE
[2026-05-04 17:14:00Z] CHK MOM:0% RANGE:0% UP:0% SPREAD:0.08665511% BID:0.1154 ASK:0.1155 MID:0.11545 P1:0.11545 P2:0.11545 P3:0.11545 P4:0.11545 STATE:IDLE
[2026-05-04 17:14:01Z] CHK MOM:0% RANGE:0% UP:0% SPREAD:0.08665511% BID:0.1154 ASK:0.1155 MID:0.11545 P1:0.11545 P2:0.11545 P3:0.11545 P4:0.11545 STATE:IDLE
[2026-05-04 17:14:01Z] CHK MOM:0% RANGE:0% UP:0% SPREAD:0.08665511% BID:0.1154 ASK:0.1155 MID:0.11545 P1:0.11545 P2:0.11545 P3:0.11545 P4:0.11545 STATE:IDLE
[2026-05-04 17:14:02Z] CHK MOM:0% RANGE:0% UP:0% SPREAD:0.08665511% BID:0.1154 ASK:0.1155 MID:0.11545 P1:0.11545 P2:0.11545 P3:0.11545 P4:0.11545 STATE:IDLE
[2026-05-04 17:14:02Z] CHK MOM:0% RANGE:0% UP:0% SPREAD:0.08665511% BID:0.1154 ASK:0.1155 MID:0.11545 P1:0.11545 P2:0.11545 P3:0.11545 P4:0.11545 STATE:IDLE
[2026-05-04 17:14:03Z] CHK MOM:0% RANGE:0% UP:0% SPREAD:0.08665511% BID:0.1154 ASK:0.1155 MID:0.11545 P1:0.11545 P2:0.11545 P3:0.11545 P4:0.11545 STATE:IDLE
[2026-05-04 17:14:03Z] CHK MOM:0% RANGE:0% UP:0% SPREAD:0.08665511% BID:0.1154 ASK:0.1155 MID:0.11545 P1:0.11545 P2:0.11545 P3:0.11545 P4:0.11545 STATE:IDLE
[2026-05-04 17:14:04Z] CHK MOM:0% RANGE:0% UP:0% SPREAD:0.08665511% BID:0.1154 ASK:0.1155 MID:0.11545 P1:0.11545 P2:0.11545 P3:0.11545 P4:0.11545 STATE:IDLE
[2026-05-04 17:14:04Z] CHK MOM:0% RANGE:0% UP:0% SPREAD:0.08665511% BID:0.1154 ASK:0.1155 MID:0.11545 P1:0.11545 P2:0.11545 P3:0.11545 P4:0.11545 STATE:IDLE
[2026-05-04 17:14:05Z] CHK MOM:0% RANGE:0% UP:0% SPREAD:0.08665511% BID:0.1154 ASK:0.1155 MID:0.11545 P1:0.11545 P2:0.11545 P3:0.11545 P4:0.11545 STATE:IDLE
[2026-05-04 17:14:06Z] CHK MOM:0% RANGE:0% UP:0% SPREAD:0.08665511% BID:0.1154 ASK:0.1155 MID:0.11545 P1:0.11545 P2:0.11545 P3:0.11545 P4:0.11545 STATE:IDLE
[2026-05-04 17:14:06Z] CHK MOM:0% RANGE:0% UP:0% SPREAD:0.08665511% BID:0.1154 ASK:0.1155 MID:0.11545 P1:0.11545 P2:0.11545 P3:0.11545 P4:0.11545 STATE:IDLE
[2026-05-04 17:14:11Z] CHK MOM:0% RANGE:0% UP:0% SPREAD:0.08665511% BID:0.1154 ASK:0.1155 MID:0.11545 P1:0.11545 P2:0.11545 P3:0.11545 P4:0.11545 STATE:IDLE
[2026-05-04 17:14:12Z] CHK MOM:0% RANGE:0% UP:0% SPREAD:0.08665511% BID:0.1154 ASK:0.1155 MID:0.11545 P1:0.11545 P2:0.11545 P3:0.11545 P4:0.11545 STATE:IDLE
[2026-05-04 17:14:12Z] CHK MOM:0% RANGE:0% UP:0% SPREAD:0.08665511% BID:0.1154 ASK:0.1155 MID:0.11545 P1:0.11545 P2:0.11545 P3:0.11545 P4:0.11545 STATE:IDLE
