[2026-05-11 14:23:02Z] SESSION_START symbol=ASTERUSDC dry_run=0 profile=major strategy=momentum base_url=https://api.binance.com
[2026-05-11 14:23:02Z] TOXIC_MEMORY_LOADED count=4 symbols=GUNUSDC,JTOUSDC,ORDIUSDC,SAHARAUSDC
[2026-05-11 14:23:05Z] CHK MOM:0% RANGE:0% UP:0% SPREAD:0.14641288% BID:0.683 ASK:0.684 MID:0.6835 P1:0.6835 P2:NA P3:NA P4:NA STATE:IDLE
[2026-05-11 14:23:06Z] CHK MOM:0% RANGE:0% UP:0% SPREAD:0.14641288% BID:0.683 ASK:0.684 MID:0.6835 P1:0.6835 P2:NA P3:NA P4:NA STATE:IDLE
[2026-05-11 14:23:06Z] CHK MOM:0% RANGE:0% UP:0% SPREAD:0.14641288% BID:0.683 ASK:0.684 MID:0.6835 P1:0.6835 P2:NA P3:NA P4:NA STATE:IDLE
[2026-05-11 14:23:07Z] CHK MOM:0% RANGE:0% UP:0% SPREAD:0.14641288% BID:0.683 ASK:0.684 MID:0.6835 P1:0.6835 P2:NA P3:NA P4:NA STATE:IDLE
[2026-05-11 14:23:07Z] CHK MOM:0% RANGE:0% UP:0% SPREAD:0.14641288% BID:0.683 ASK:0.684 MID:0.6835 P1:0.6835 P2:NA P3:NA P4:NA STATE:IDLE
[2026-05-11 14:23:08Z] CHK MOM:0% RANGE:0% UP:0% SPREAD:0.14641288% BID:0.683 ASK:0.684 MID:0.6835 P1:0.6835 P2:0.6835 P3:NA P4:NA STATE:IDLE
[2026-05-11 14:23:08Z] CHK MOM:0% RANGE:0% UP:0% SPREAD:0.14641288% BID:0.683 ASK:0.684 MID:0.6835 P1:0.6835 P2:0.6835 P3:0.6835 P4:NA STATE:IDLE
[2026-05-11 14:23:09Z] CHK MOM:0% RANGE:0% UP:0% SPREAD:0.14641288% BID:0.683 ASK:0.684 MID:0.6835 P1:0.6835 P2:0.6835 P3:0.6835 P4:NA STATE:IDLE
[2026-05-11 14:23:09Z] CHK MOM:0% RANGE:0% UP:0% SPREAD:0.14641288% BID:0.683 ASK:0.684 MID:0.6835 P1:0.6835 P2:0.6835 P3:0.6835 P4:NA STATE:IDLE
[2026-05-11 14:23:10Z] CHK MOM:0% RANGE:0% UP:0% SPREAD:0.14641288% BID:0.683 ASK:0.684 MID:0.6835 P1:0.6835 P2:0.6835 P3:0.6835 P4:NA STATE:IDLE
[2026-05-11 14:23:11Z] CHK MOM:0% RANGE:0% UP:0% SPREAD:0.14641288% BID:0.683 ASK:0.684 MID:0.6835 P1:0.6835 P2:0.6835 P3:0.6835 P4:NA STATE:IDLE
[2026-05-11 14:23:11Z] CHK MOM:0% RANGE:0% UP:0% SPREAD:0.14641288% BID:0.683 ASK:0.684 MID:0.6835 P1:0.6835 P2:0.6835 P3:0.6835 P4:0.6835 STATE:IDLE
[2026-05-11 14:23:12Z] CHK MOM:0% RANGE:0% UP:0% SPREAD:0.14641288% BID:0.683 ASK:0.684 MID:0.6835 P1:0.6835 P2:0.6835 P3:0.6835 P4:0.6835 STATE:IDLE
[2026-05-11 14:23:12Z] CHK MOM:0% RANGE:0% UP:0% SPREAD:0.14641288% BID:0.683 ASK:0.684 MID:0.6835 P1:0.6835 P2:0.6835 P3:0.6835 P4:0.6835 STATE:IDLE
[2026-05-11 14:23:13Z] CHK MOM:0% RANGE:0% UP:0% SPREAD:0.14641288% BID:0.683 ASK:0.684 MID:0.6835 P1:0.6835 P2:0.6835 P3:0.6835 P4:0.6835 STATE:IDLE
[2026-05-11 14:23:13Z] CHK MOM:0% RANGE:0% UP:0% SPREAD:0.14641288% BID:0.683 ASK:0.684 MID:0.6835 P1:0.6835 P2:0.6835 P3:0.6835 P4:0.6835 STATE:IDLE
[2026-05-11 14:23:14Z] CHK MOM:0% RANGE:0% UP:0% SPREAD:0.14641288% BID:0.683 ASK:0.684 MID:0.6835 P1:0.6835 P2:0.6835 P3:0.6835 P4:0.6835 STATE:IDLE
[2026-05-11 14:23:14Z] CHK MOM:0% RANGE:0% UP:0% SPREAD:0.14641288% BID:0.683 ASK:0.684 MID:0.6835 P1:0.6835 P2:0.6835 P3:0.6835 P4:0.6835 STATE:IDLE
[2026-05-11 14:23:15Z] CHK MOM:0% RANGE:0% UP:0% SPREAD:0.14641288% BID:0.683 ASK:0.684 MID:0.6835 P1:0.6835 P2:0.6835 P3:0.6835 P4:0.6835 STATE:IDLE
[2026-05-11 14:23:17Z] CHK MOM:0% RANGE:0% UP:0% SPREAD:0.14641288% BID:0.683 ASK:0.684 MID:0.6835 P1:0.6835 P2:0.6835 P3:0.6835 P4:0.6835 STATE:IDLE
[2026-05-11 14:23:17Z] CHK MOM:0% RANGE:0% UP:0% SPREAD:0.14641288% BID:0.683 ASK:0.684 MID:0.6835 P1:0.6835 P2:0.6835 P3:0.6835 P4:0.6835 STATE:IDLE
[2026-05-11 14:23:18Z] CHK MOM:0% RANGE:0% UP:0% SPREAD:0.14641288% BID:0.683 ASK:0.684 MID:0.6835 P1:0.6835 P2:0.6835 P3:0.6835 P4:0.6835 STATE:IDLE
[2026-05-11 14:23:18Z] CHK MOM:0% RANGE:0% UP:0% SPREAD:0.14641288% BID:0.683 ASK:0.684 MID:0.6835 P1:0.6835 P2:0.6835 P3:0.6835 P4:0.6835 STATE:IDLE
[2026-05-11 14:23:19Z] CHK MOM:0% RANGE:0% UP:0% SPREAD:0.14641288% BID:0.683 ASK:0.684 MID:0.6835 P1:0.6835 P2:0.6835 P3:0.6835 P4:0.6835 STATE:IDLE
[2026-05-11 14:23:19Z] CHK MOM:0% RANGE:0% UP:0% SPREAD:0.14641288% BID:0.683 ASK:0.684 MID:0.6835 P1:0.6835 P2:0.6835 P3:0.6835 P4:0.6835 STATE:IDLE
[2026-05-11 14:23:20Z] CHK MOM:0% RANGE:0% UP:0% SPREAD:0.14641288% BID:0.683 ASK:0.684 MID:0.6835 P1:0.6835 P2:0.6835 P3:0.6835 P4:0.6835 STATE:IDLE
[2026-05-11 14:23:21Z] CHK MOM:-0.14% RANGE:0.14% UP:0% SPREAD:0.14662756% BID:0.682 ASK:0.683 MID:0.6825 P1:0.6825 P2:0.6835 P3:0.6835 P4:0.6835 STATE:IDLE
[2026-05-11 14:23:21Z] CHK MOM:-0.14% RANGE:0.14% UP:0% SPREAD:0.14662756% BID:0.682 ASK:0.683 MID:0.6825 P1:0.6825 P2:0.6825 P3:0.6835 P4:0.6835 STATE:IDLE
[2026-05-11 14:23:22Z] CHK MOM:-0.14% RANGE:0.14% UP:0% SPREAD:0.14662756% BID:0.682 ASK:0.683 MID:0.6825 P1:0.6825 P2:0.6825 P3:0.6825 P4:0.6835 STATE:IDLE
[2026-05-11 14:23:22Z] CHK MOM:-0.14% RANGE:0.14% UP:0% SPREAD:0.14662756% BID:0.682 ASK:0.683 MID:0.6825 P1:0.6825 P2:0.6825 P3:0.6825 P4:0.6825 STATE:IDLE
[2026-05-11 14:23:23Z] CHK MOM:-0.14% RANGE:0.14% UP:0% SPREAD:0.14662756% BID:0.682 ASK:0.683 MID:0.6825 P1:0.6825 P2:0.6825 P3:0.6825 P4:0.6825 STATE:IDLE
[2026-05-11 14:23:23Z] CHK MOM:-0.14% RANGE:0.14% UP:0% SPREAD:0.14662756% BID:0.682 ASK:0.683 MID:0.6825 P1:0.6825 P2:0.6825 P3:0.6825 P4:0.6825 STATE:IDLE
[2026-05-11 14:23:24Z] CHK MOM:-0.14% RANGE:0.14% UP:0% SPREAD:0.14662756% BID:0.682 ASK:0.683 MID:0.6825 P1:0.6825 P2:0.6825 P3:0.6825 P4:0.6825 STATE:IDLE
[2026-05-11 14:23:24Z] CHK MOM:-0.14% RANGE:0.14% UP:0% SPREAD:0.14662756% BID:0.682 ASK:0.683 MID:0.6825 P1:0.6825 P2:0.6825 P3:0.6825 P4:0.6825 STATE:IDLE
[2026-05-11 14:23:25Z] CHK MOM:-0.14% RANGE:0.14% UP:0% SPREAD:0.14662756% BID:0.682 ASK:0.683 MID:0.6825 P1:0.6825 P2:0.6825 P3:0.6825 P4:0.6825 STATE:IDLE
[2026-05-11 14:23:28Z] CHK MOM:-0.14% RANGE:0.14% UP:0% SPREAD:0.14662756% BID:0.682 ASK:0.683 MID:0.6825 P1:0.6825 P2:0.6825 P3:0.6825 P4:0.6825 STATE:IDLE
[2026-05-11 14:23:28Z] CHK MOM:-0.14% RANGE:0.14% UP:0% SPREAD:0.14662756% BID:0.682 ASK:0.683 MID:0.6825 P1:0.6825 P2:0.6825 P3:0.6825 P4:0.6825 STATE:IDLE
[2026-05-11 14:23:29Z] CHK MOM:-0.14% RANGE:0.14% UP:0% SPREAD:0.14662756% BID:0.682 ASK:0.683 MID:0.6825 P1:0.6825 P2:0.6825 P3:0.6825 P4:0.6825 STATE:IDLE
[2026-05-11 14:23:29Z] CHK MOM:-0.14% RANGE:0.14% UP:0% SPREAD:0.14662756% BID:0.682 ASK:0.683 MID:0.6825 P1:0.6825 P2:0.6825 P3:0.6825 P4:0.6825 STATE:IDLE
[2026-05-11 14:23:30Z] CHK MOM:-0.14% RANGE:0.14% UP:0% SPREAD:0.14662756% BID:0.682 ASK:0.683 MID:0.6825 P1:0.6825 P2:0.6825 P3:0.6825 P4:0.6825 STATE:IDLE
[2026-05-11 14:23:30Z] CHK MOM:-0.14% RANGE:0.14% UP:0% SPREAD:0.14662756% BID:0.682 ASK:0.683 MID:0.6825 P1:0.6825 P2:0.6825 P3:0.6825 P4:0.6825 STATE:IDLE
[2026-05-11 14:23:31Z] CHK MOM:-0.14% RANGE:0.14% UP:0% SPREAD:0.14662756% BID:0.682 ASK:0.683 MID:0.6825 P1:0.6825 P2:0.6825 P3:0.6825 P4:0.6825 STATE:IDLE
[2026-05-11 14:23:31Z] CHK MOM:-0.14% RANGE:0.14% UP:0% SPREAD:0.14662756% BID:0.682 ASK:0.683 MID:0.6825 P1:0.6825 P2:0.6825 P3:0.6825 P4:0.6825 STATE:IDLE
[2026-05-11 14:23:32Z] CHK MOM:-0.14% RANGE:0.14% UP:0% SPREAD:0.14662756% BID:0.682 ASK:0.683 MID:0.6825 P1:0.6825 P2:0.6825 P3:0.6825 P4:0.6825 STATE:IDLE
[2026-05-11 14:23:33Z] CHK MOM:-0.14% RANGE:0.14% UP:0% SPREAD:0.14662756% BID:0.682 ASK:0.683 MID:0.6825 P1:0.6825 P2:0.6825 P3:0.6825 P4:0.6825 STATE:IDLE
[2026-05-11 14:23:33Z] CHK MOM:-0.14% RANGE:0.14% UP:0% SPREAD:0.14662756% BID:0.682 ASK:0.683 MID:0.6825 P1:0.6825 P2:0.6825 P3:0.6825 P4:0.6825 STATE:IDLE
[2026-05-11 14:23:34Z] CHK MOM:-0.14% RANGE:0.14% UP:0% SPREAD:0.14662756% BID:0.682 ASK:0.683 MID:0.6825 P1:0.6825 P2:0.6825 P3:0.6825 P4:0.6825 STATE:IDLE
[2026-05-11 14:23:34Z] CHK MOM:0% RANGE:0% UP:0% SPREAD:0.14662756% BID:0.682 ASK:0.683 MID:0.6825 P1:0.6825 P2:0.6825 P3:0.6825 P4:0.6825 STATE:IDLE
[2026-05-11 14:23:35Z] CHK MOM:0% RANGE:0% UP:0% SPREAD:0.14662756% BID:0.682 ASK:0.683 MID:0.6825 P1:0.6825 P2:0.6825 P3:0.6825 P4:0.6825 STATE:IDLE
[2026-05-11 14:23:35Z] CHK MOM:0% RANGE:0% UP:0% SPREAD:0.14662756% BID:0.682 ASK:0.683 MID:0.6825 P1:0.6825 P2:0.6825 P3:0.6825 P4:0.6825 STATE:IDLE
[2026-05-11 14:23:36Z] CHK MOM:0% RANGE:0% UP:0% SPREAD:0.14662756% BID:0.682 ASK:0.683 MID:0.6825 P1:0.6825 P2:0.6825 P3:0.6825 P4:0.6825 STATE:IDLE
[2026-05-11 14:23:36Z] CHK MOM:0% RANGE:0% UP:0% SPREAD:0.14662756% BID:0.682 ASK:0.683 MID:0.6825 P1:0.6825 P2:0.6825 P3:0.6825 P4:0.6825 STATE:IDLE
[2026-05-11 14:23:37Z] CHK MOM:0% RANGE:0% UP:0% SPREAD:0.14662756% BID:0.682 ASK:0.683 MID:0.6825 P1:0.6825 P2:0.6825 P3:0.6825 P4:0.6825 STATE:IDLE
[2026-05-11 14:23:38Z] CHK MOM:0% RANGE:0% UP:0% SPREAD:0.14662756% BID:0.682 ASK:0.683 MID:0.6825 P1:0.6825 P2:0.6825 P3:0.6825 P4:0.6825 STATE:IDLE
[2026-05-11 14:23:38Z] CHK MOM:0% RANGE:0% UP:0% SPREAD:0.14662756% BID:0.682 ASK:0.683 MID:0.6825 P1:0.6825 P2:0.6825 P3:0.6825 P4:0.6825 STATE:IDLE
[2026-05-11 14:23:41Z] CHK MOM:0% RANGE:0% UP:0% SPREAD:0.14662756% BID:0.682 ASK:0.683 MID:0.6825 P1:0.6825 P2:0.6825 P3:0.6825 P4:0.6825 STATE:IDLE
[2026-05-11 14:23:42Z] CHK MOM:0% RANGE:0% UP:0% SPREAD:0.14662756% BID:0.682 ASK:0.683 MID:0.6825 P1:0.6825 P2:0.6825 P3:0.6825 P4:0.6825 STATE:IDLE
[2026-05-11 14:23:42Z] CHK MOM:0% RANGE:0% UP:0% SPREAD:0.14662756% BID:0.682 ASK:0.683 MID:0.6825 P1:0.6825 P2:0.6825 P3:0.6825 P4:0.6825 STATE:IDLE
[2026-05-11 14:23:43Z] CHK MOM:0% RANGE:0% UP:0% SPREAD:0.14662756% BID:0.682 ASK:0.683 MID:0.6825 P1:0.6825 P2:0.6825 P3:0.6825 P4:0.6825 STATE:IDLE
[2026-05-11 14:23:44Z] CHK MOM:0% RANGE:0% UP:0% SPREAD:0.14662756% BID:0.682 ASK:0.683 MID:0.6825 P1:0.6825 P2:0.6825 P3:0.6825 P4:0.6825 STATE:IDLE
[2026-05-11 14:23:45Z] CHK MOM:0% RANGE:0% UP:0% SPREAD:0.14662756% BID:0.682 ASK:0.683 MID:0.6825 P1:0.6825 P2:0.6825 P3:0.6825 P4:0.6825 STATE:IDLE
[2026-05-11 14:23:46Z] CHK MOM:0% RANGE:0% UP:0% SPREAD:0.14662756% BID:0.682 ASK:0.683 MID:0.6825 P1:0.6825 P2:0.6825 P3:0.6825 P4:0.6825 STATE:IDLE
[2026-05-11 14:23:46Z] CHK MOM:0% RANGE:0% UP:0% SPREAD:0.14662756% BID:0.682 ASK:0.683 MID:0.6825 P1:0.6825 P2:0.6825 P3:0.6825 P4:0.6825 STATE:IDLE
[2026-05-11 14:23:47Z] CHK MOM:0% RANGE:0% UP:0% SPREAD:0.14662756% BID:0.682 ASK:0.683 MID:0.6825 P1:0.6825 P2:0.6825 P3:0.6825 P4:0.6825 STATE:IDLE
[2026-05-11 14:23:47Z] CHK MOM:0% RANGE:0% UP:0% SPREAD:0.14662756% BID:0.682 ASK:0.683 MID:0.6825 P1:0.6825 P2:0.6825 P3:0.6825 P4:0.6825 STATE:IDLE
[2026-05-11 14:23:48Z] CHK MOM:0% RANGE:0% UP:0% SPREAD:0.14662756% BID:0.682 ASK:0.683 MID:0.6825 P1:0.6825 P2:0.6825 P3:0.6825 P4:0.6825 STATE:IDLE
[2026-05-11 14:23:49Z] CHK MOM:0% RANGE:0% UP:0% SPREAD:0.14662756% BID:0.682 ASK:0.683 MID:0.6825 P1:0.6825 P2:0.6825 P3:0.6825 P4:0.6825 STATE:IDLE
[2026-05-11 14:23:49Z] CHK MOM:0% RANGE:0% UP:0% SPREAD:0.14662756% BID:0.682 ASK:0.683 MID:0.6825 P1:0.6825 P2:0.6825 P3:0.6825 P4:0.6825 STATE:IDLE
[2026-05-11 14:23:50Z] CHK MOM:0% RANGE:0% UP:0% SPREAD:0.14662756% BID:0.682 ASK:0.683 MID:0.6825 P1:0.6825 P2:0.6825 P3:0.6825 P4:0.6825 STATE:IDLE
[2026-05-11 14:23:50Z] CHK MOM:0.14% RANGE:0.14% UP:25% SPREAD:0.14641288% BID:0.683 ASK:0.684 MID:0.6835 P1:0.6835 P2:0.6825 P3:0.6825 P4:0.6825 STATE:IDLE
[2026-05-11 14:23:51Z] CHK MOM:0.14% RANGE:0.14% UP:20% SPREAD:0.14641288% BID:0.683 ASK:0.684 MID:0.6835 P1:0.6835 P2:0.6835 P3:0.6825 P4:0.6825 STATE:IDLE
[2026-05-11 14:23:51Z] CHK MOM:0.14% RANGE:0.14% UP:16.66% SPREAD:0.14641288% BID:0.683 ASK:0.684 MID:0.6835 P1:0.6835 P2:0.6835 P3:0.6835 P4:0.6825 STATE:IDLE
[2026-05-11 14:23:52Z] CHK MOM:0.14% RANGE:0.14% UP:14.28% SPREAD:0.14641288% BID:0.683 ASK:0.684 MID:0.6835 P1:0.6835 P2:0.6835 P3:0.6835 P4:0.6835 STATE:IDLE
[2026-05-11 14:23:52Z] CHK MOM:0.14% RANGE:0.14% UP:14.28% SPREAD:0.14641288% BID:0.683 ASK:0.684 MID:0.6835 P1:0.6835 P2:0.6835 P3:0.6835 P4:0.6835 STATE:IDLE
[2026-05-11 14:23:53Z] CHK MOM:0.14% RANGE:0.14% UP:14.28% SPREAD:0.14641288% BID:0.683 ASK:0.684 MID:0.6835 P1:0.6835 P2:0.6835 P3:0.6835 P4:0.6835 STATE:IDLE
[2026-05-11 14:23:54Z] CHK MOM:0.14% RANGE:0.14% UP:14.28% SPREAD:0.14641288% BID:0.683 ASK:0.684 MID:0.6835 P1:0.6835 P2:0.6835 P3:0.6835 P4:0.6835 STATE:IDLE
[2026-05-11 14:23:54Z] CHK MOM:0.14% RANGE:0.14% UP:14.28% SPREAD:0.14641288% BID:0.683 ASK:0.684 MID:0.6835 P1:0.6835 P2:0.6835 P3:0.6835 P4:0.6835 STATE:IDLE
[2026-05-11 14:23:55Z] CHK MOM:0.14% RANGE:0.14% UP:12.5% SPREAD:0.14641288% BID:0.683 ASK:0.684 MID:0.6835 P1:0.6835 P2:0.6835 P3:0.6835 P4:0.6835 STATE:IDLE
[2026-05-11 14:23:55Z] CHK MOM:0.14% RANGE:0.14% UP:12.5% SPREAD:0.14641288% BID:0.683 ASK:0.684 MID:0.6835 P1:0.6835 P2:0.6835 P3:0.6835 P4:0.6835 STATE:IDLE
[2026-05-11 14:23:56Z] CHK MOM:0.14% RANGE:0.14% UP:11.11% SPREAD:0.14641288% BID:0.683 ASK:0.684 MID:0.6835 P1:0.6835 P2:0.6835 P3:0.6835 P4:0.6835 STATE:IDLE
[2026-05-11 14:23:56Z] CHK MOM:0.14% RANGE:0.14% UP:10% SPREAD:0.14641288% BID:0.683 ASK:0.684 MID:0.6835 P1:0.6835 P2:0.6835 P3:0.6835 P4:0.6835 STATE:IDLE
[2026-05-11 14:23:57Z] CHK MOM:0.14% RANGE:0.14% UP:10% SPREAD:0.14641288% BID:0.683 ASK:0.684 MID:0.6835 P1:0.6835 P2:0.6835 P3:0.6835 P4:0.6835 STATE:IDLE
[2026-05-11 14:23:57Z] CHK MOM:0.14% RANGE:0.14% UP:10% SPREAD:0.14641288% BID:0.683 ASK:0.684 MID:0.6835 P1:0.6835 P2:0.6835 P3:0.6835 P4:0.6835 STATE:IDLE
[2026-05-11 14:23:58Z] CHK MOM:0.14% RANGE:0.14% UP:10% SPREAD:0.14641288% BID:0.683 ASK:0.684 MID:0.6835 P1:0.6835 P2:0.6835 P3:0.6835 P4:0.6835 STATE:IDLE
[2026-05-11 14:23:58Z] CHK MOM:0.14% RANGE:0.14% UP:10% SPREAD:0.14641288% BID:0.683 ASK:0.684 MID:0.6835 P1:0.6835 P2:0.6835 P3:0.6835 P4:0.6835 STATE:IDLE
[2026-05-11 14:23:59Z] CHK MOM:0.14% RANGE:0.14% UP:10% SPREAD:0.14641288% BID:0.683 ASK:0.684 MID:0.6835 P1:0.6835 P2:0.6835 P3:0.6835 P4:0.6835 STATE:IDLE
[2026-05-11 14:24:00Z] CHK MOM:0.14% RANGE:0.14% UP:10% SPREAD:0.14641288% BID:0.683 ASK:0.684 MID:0.6835 P1:0.6835 P2:0.6835 P3:0.6835 P4:0.6835 STATE:IDLE
[2026-05-11 14:24:00Z] CHK MOM:0.14% RANGE:0.14% UP:10% SPREAD:0.14641288% BID:0.683 ASK:0.684 MID:0.6835 P1:0.6835 P2:0.6835 P3:0.6835 P4:0.6835 STATE:IDLE
[2026-05-11 14:24:01Z] CHK MOM:0.14% RANGE:0.14% UP:10% SPREAD:0.14641288% BID:0.683 ASK:0.684 MID:0.6835 P1:0.6835 P2:0.6835 P3:0.6835 P4:0.6835 STATE:IDLE
[2026-05-11 14:24:01Z] CHK MOM:0.14% RANGE:0.14% UP:10% SPREAD:0.14641288% BID:0.683 ASK:0.684 MID:0.6835 P1:0.6835 P2:0.6835 P3:0.6835 P4:0.6835 STATE:IDLE
[2026-05-11 14:24:02Z] CHK MOM:0.14% RANGE:0.14% UP:10% SPREAD:0.14641288% BID:0.683 ASK:0.684 MID:0.6835 P1:0.6835 P2:0.6835 P3:0.6835 P4:0.6835 STATE:IDLE
[2026-05-11 14:24:12Z] CHK MOM:0% RANGE:0% UP:0% SPREAD:0.14641288% BID:0.683 ASK:0.684 MID:0.6835 P1:0.6835 P2:0.6835 P3:0.6835 P4:0.6835 STATE:IDLE
[2026-05-11 14:24:12Z] CHK MOM:0% RANGE:0% UP:0% SPREAD:0.14641288% BID:0.683 ASK:0.684 MID:0.6835 P1:0.6835 P2:0.6835 P3:0.6835 P4:0.6835 STATE:IDLE
[2026-05-11 14:24:13Z] CHK MOM:0% RANGE:0% UP:0% SPREAD:0.14641288% BID:0.683 ASK:0.684 MID:0.6835 P1:0.6835 P2:0.6835 P3:0.6835 P4:0.6835 STATE:IDLE
[2026-05-11 14:24:13Z] CHK MOM:0% RANGE:0% UP:0% SPREAD:0.14641288% BID:0.683 ASK:0.684 MID:0.6835 P1:0.6835 P2:0.6835 P3:0.6835 P4:0.6835 STATE:IDLE
[2026-05-11 14:24:14Z] CHK MOM:0% RANGE:0% UP:0% SPREAD:0.14641288% BID:0.683 ASK:0.684 MID:0.6835 P1:0.6835 P2:0.6835 P3:0.6835 P4:0.6835 STATE:IDLE
[2026-05-11 14:24:22Z] CHK MOM:0% RANGE:0% UP:0% SPREAD:0.14641288% BID:0.683 ASK:0.684 MID:0.6835 P1:0.6835 P2:0.6835 P3:0.6835 P4:0.6835 STATE:IDLE
[2026-05-11 14:24:22Z] CHK MOM:0% RANGE:0% UP:0% SPREAD:0.14641288% BID:0.683 ASK:0.684 MID:0.6835 P1:0.6835 P2:0.6835 P3:0.6835 P4:0.6835 STATE:IDLE
[2026-05-11 14:24:23Z] CHK MOM:0% RANGE:0% UP:0% SPREAD:0.14641288% BID:0.683 ASK:0.684 MID:0.6835 P1:0.6835 P2:0.6835 P3:0.6835 P4:0.6835 STATE:IDLE
[2026-05-11 14:24:23Z] CHK MOM:0% RANGE:0% UP:0% SPREAD:0.14641288% BID:0.683 ASK:0.684 MID:0.6835 P1:0.6835 P2:0.6835 P3:0.6835 P4:0.6835 STATE:IDLE
[2026-05-11 14:24:28Z] CHK MOM:0% RANGE:0% UP:0% SPREAD:0.14641288% BID:0.683 ASK:0.684 MID:0.6835 P1:0.6835 P2:0.6835 P3:0.6835 P4:0.6835 STATE:IDLE
[2026-05-11 14:24:28Z] CHK MOM:0% RANGE:0% UP:0% SPREAD:0.14641288% BID:0.683 ASK:0.684 MID:0.6835 P1:0.6835 P2:0.6835 P3:0.6835 P4:0.6835 STATE:IDLE
[2026-05-11 14:24:29Z] CHK MOM:0% RANGE:0% UP:0% SPREAD:0.14641288% BID:0.683 ASK:0.684 MID:0.6835 P1:0.6835 P2:0.6835 P3:0.6835 P4:0.6835 STATE:IDLE
[2026-05-11 14:24:29Z] CHK MOM:0% RANGE:0% UP:0% SPREAD:0.14641288% BID:0.683 ASK:0.684 MID:0.6835 P1:0.6835 P2:0.6835 P3:0.6835 P4:0.6835 STATE:IDLE
[2026-05-11 14:24:30Z] CHK MOM:0% RANGE:0% UP:0% SPREAD:0.14641288% BID:0.683 ASK:0.684 MID:0.6835 P1:0.6835 P2:0.6835 P3:0.6835 P4:0.6835 STATE:IDLE
[2026-05-11 14:24:39Z] CHK MOM:0% RANGE:0% UP:0% SPREAD:0.14641288% BID:0.683 ASK:0.684 MID:0.6835 P1:0.6835 P2:0.6835 P3:0.6835 P4:0.6835 STATE:IDLE
[2026-05-11 14:24:40Z] CHK MOM:0% RANGE:0% UP:0% SPREAD:0.14641288% BID:0.683 ASK:0.684 MID:0.6835 P1:0.6835 P2:0.6835 P3:0.6835 P4:0.6835 STATE:IDLE
[2026-05-11 14:24:40Z] CHK MOM:0% RANGE:0% UP:0% SPREAD:0.14641288% BID:0.683 ASK:0.684 MID:0.6835 P1:0.6835 P2:0.6835 P3:0.6835 P4:0.6835 STATE:IDLE
[2026-05-11 14:24:41Z] CHK MOM:0% RANGE:0% UP:0% SPREAD:0.14641288% BID:0.683 ASK:0.684 MID:0.6835 P1:0.6835 P2:0.6835 P3:0.6835 P4:0.6835 STATE:IDLE
[2026-05-11 14:24:41Z] CHK MOM:0% RANGE:0% UP:0% SPREAD:0.14641288% BID:0.683 ASK:0.684 MID:0.6835 P1:0.6835 P2:0.6835 P3:0.6835 P4:0.6835 STATE:IDLE
[2026-05-11 14:24:42Z] CHK MOM:0% RANGE:0% UP:0% SPREAD:0.14641288% BID:0.683 ASK:0.684 MID:0.6835 P1:0.6835 P2:0.6835 P3:0.6835 P4:0.6835 STATE:IDLE
[2026-05-11 14:24:42Z] CHK MOM:0% RANGE:0% UP:0% SPREAD:0.14641288% BID:0.683 ASK:0.684 MID:0.6835 P1:0.6835 P2:0.6835 P3:0.6835 P4:0.6835 STATE:IDLE
[2026-05-11 14:24:43Z] CHK MOM:0% RANGE:0% UP:0% SPREAD:0.14641288% BID:0.683 ASK:0.684 MID:0.6835 P1:0.6835 P2:0.6835 P3:0.6835 P4:0.6835 STATE:IDLE
[2026-05-11 14:24:43Z] CHK MOM:0% RANGE:0% UP:0% SPREAD:0.14641288% BID:0.683 ASK:0.684 MID:0.6835 P1:0.6835 P2:0.6835 P3:0.6835 P4:0.6835 STATE:IDLE
[2026-05-11 14:24:44Z] CHK MOM:0% RANGE:0% UP:0% SPREAD:0.14641288% BID:0.683 ASK:0.684 MID:0.6835 P1:0.6835 P2:0.6835 P3:0.6835 P4:0.6835 STATE:IDLE
[2026-05-11 14:24:45Z] CHK MOM:0% RANGE:0% UP:0% SPREAD:0.14641288% BID:0.683 ASK:0.684 MID:0.6835 P1:0.6835 P2:0.6835 P3:0.6835 P4:0.6835 STATE:IDLE
[2026-05-11 14:24:45Z] CHK MOM:0% RANGE:0% UP:0% SPREAD:0.14641288% BID:0.683 ASK:0.684 MID:0.6835 P1:0.6835 P2:0.6835 P3:0.6835 P4:0.6835 STATE:IDLE
[2026-05-11 14:24:46Z] CHK MOM:0% RANGE:0% UP:0% SPREAD:0.14641288% BID:0.683 ASK:0.684 MID:0.6835 P1:0.6835 P2:0.6835 P3:0.6835 P4:0.6835 STATE:IDLE
[2026-05-11 14:24:46Z] CHK MOM:0% RANGE:0% UP:0% SPREAD:0.14641288% BID:0.683 ASK:0.684 MID:0.6835 P1:0.6835 P2:0.6835 P3:0.6835 P4:0.6835 STATE:IDLE
[2026-05-11 14:24:47Z] CHK MOM:0% RANGE:0% UP:0% SPREAD:0.14641288% BID:0.683 ASK:0.684 MID:0.6835 P1:0.6835 P2:0.6835 P3:0.6835 P4:0.6835 STATE:IDLE
[2026-05-11 14:24:47Z] CHK MOM:0% RANGE:0% UP:0% SPREAD:0.14641288% BID:0.683 ASK:0.684 MID:0.6835 P1:0.6835 P2:0.6835 P3:0.6835 P4:0.6835 STATE:IDLE
[2026-05-11 14:24:48Z] CHK MOM:0% RANGE:0% UP:0% SPREAD:0.14641288% BID:0.683 ASK:0.684 MID:0.6835 P1:0.6835 P2:0.6835 P3:0.6835 P4:0.6835 STATE:IDLE
[2026-05-11 14:24:48Z] CHK MOM:0% RANGE:0% UP:0% SPREAD:0.14641288% BID:0.683 ASK:0.684 MID:0.6835 P1:0.6835 P2:0.6835 P3:0.6835 P4:0.6835 STATE:IDLE
[2026-05-11 14:24:49Z] CHK MOM:0% RANGE:0% UP:0% SPREAD:0.14641288% BID:0.683 ASK:0.684 MID:0.6835 P1:0.6835 P2:0.6835 P3:0.6835 P4:0.6835 STATE:IDLE
[2026-05-11 14:24:49Z] CHK MOM:0% RANGE:0% UP:0% SPREAD:0.14641288% BID:0.683 ASK:0.684 MID:0.6835 P1:0.6835 P2:0.6835 P3:0.6835 P4:0.6835 STATE:IDLE
[2026-05-11 14:24:50Z] CHK MOM:0% RANGE:0% UP:0% SPREAD:0.14641288% BID:0.683 ASK:0.684 MID:0.6835 P1:0.6835 P2:0.6835 P3:0.6835 P4:0.6835 STATE:IDLE
[2026-05-11 14:24:51Z] CHK MOM:0% RANGE:0% UP:0% SPREAD:0.14641288% BID:0.683 ASK:0.684 MID:0.6835 P1:0.6835 P2:0.6835 P3:0.6835 P4:0.6835 STATE:IDLE
[2026-05-11 14:24:51Z] CHK MOM:0% RANGE:0% UP:0% SPREAD:0.14641288% BID:0.683 ASK:0.684 MID:0.6835 P1:0.6835 P2:0.6835 P3:0.6835 P4:0.6835 STATE:IDLE
[2026-05-11 14:24:52Z] CHK MOM:0% RANGE:0% UP:0% SPREAD:0.14641288% BID:0.683 ASK:0.684 MID:0.6835 P1:0.6835 P2:0.6835 P3:0.6835 P4:0.6835 STATE:IDLE
[2026-05-11 14:24:52Z] CHK MOM:0% RANGE:0% UP:0% SPREAD:0.14641288% BID:0.683 ASK:0.684 MID:0.6835 P1:0.6835 P2:0.6835 P3:0.6835 P4:0.6835 STATE:IDLE
[2026-05-11 14:24:53Z] CHK MOM:0% RANGE:0% UP:0% SPREAD:0.14641288% BID:0.683 ASK:0.684 MID:0.6835 P1:0.6835 P2:0.6835 P3:0.6835 P4:0.6835 STATE:IDLE
[2026-05-11 14:24:53Z] CHK MOM:0% RANGE:0% UP:0% SPREAD:0.14641288% BID:0.683 ASK:0.684 MID:0.6835 P1:0.6835 P2:0.6835 P3:0.6835 P4:0.6835 STATE:IDLE
[2026-05-11 14:24:54Z] CHK MOM:0% RANGE:0% UP:0% SPREAD:0.14641288% BID:0.683 ASK:0.684 MID:0.6835 P1:0.6835 P2:0.6835 P3:0.6835 P4:0.6835 STATE:IDLE
[2026-05-11 14:24:54Z] CHK MOM:0% RANGE:0% UP:0% SPREAD:0.14641288% BID:0.683 ASK:0.684 MID:0.6835 P1:0.6835 P2:0.6835 P3:0.6835 P4:0.6835 STATE:IDLE
[2026-05-11 14:24:55Z] CHK MOM:0% RANGE:0% UP:0% SPREAD:0.14641288% BID:0.683 ASK:0.684 MID:0.6835 P1:0.6835 P2:0.6835 P3:0.6835 P4:0.6835 STATE:IDLE
[2026-05-11 14:24:56Z] CHK MOM:0% RANGE:0% UP:0% SPREAD:0.14641288% BID:0.683 ASK:0.684 MID:0.6835 P1:0.6835 P2:0.6835 P3:0.6835 P4:0.6835 STATE:IDLE
[2026-05-11 14:24:56Z] CHK MOM:0% RANGE:0% UP:0% SPREAD:0.14641288% BID:0.683 ASK:0.684 MID:0.6835 P1:0.6835 P2:0.6835 P3:0.6835 P4:0.6835 STATE:IDLE
[2026-05-11 14:24:57Z] CHK MOM:0% RANGE:0% UP:0% SPREAD:0.14641288% BID:0.683 ASK:0.684 MID:0.6835 P1:0.6835 P2:0.6835 P3:0.6835 P4:0.6835 STATE:IDLE
[2026-05-11 14:24:57Z] CHK MOM:0% RANGE:0% UP:0% SPREAD:0.14641288% BID:0.683 ASK:0.684 MID:0.6835 P1:0.6835 P2:0.6835 P3:0.6835 P4:0.6835 STATE:IDLE
[2026-05-11 14:24:58Z] CHK MOM:0% RANGE:0% UP:0% SPREAD:0.14641288% BID:0.683 ASK:0.684 MID:0.6835 P1:0.6835 P2:0.6835 P3:0.6835 P4:0.6835 STATE:IDLE
[2026-05-11 14:24:58Z] CHK MOM:0% RANGE:0% UP:0% SPREAD:0.14641288% BID:0.683 ASK:0.684 MID:0.6835 P1:0.6835 P2:0.6835 P3:0.6835 P4:0.6835 STATE:IDLE
[2026-05-11 14:24:59Z] CHK MOM:0% RANGE:0% UP:0% SPREAD:0.14641288% BID:0.683 ASK:0.684 MID:0.6835 P1:0.6835 P2:0.6835 P3:0.6835 P4:0.6835 STATE:IDLE
[2026-05-11 14:24:59Z] CHK MOM:0% RANGE:0% UP:0% SPREAD:0.14641288% BID:0.683 ASK:0.684 MID:0.6835 P1:0.6835 P2:0.6835 P3:0.6835 P4:0.6835 STATE:IDLE
[2026-05-11 14:25:00Z] CHK MOM:0% RANGE:0% UP:0% SPREAD:0.14641288% BID:0.683 ASK:0.684 MID:0.6835 P1:0.6835 P2:0.6835 P3:0.6835 P4:0.6835 STATE:IDLE
[2026-05-11 14:25:01Z] CHK MOM:0% RANGE:0% UP:0% SPREAD:0.14641288% BID:0.683 ASK:0.684 MID:0.6835 P1:0.6835 P2:0.6835 P3:0.6835 P4:0.6835 STATE:IDLE
[2026-05-11 14:25:01Z] CHK MOM:0% RANGE:0% UP:0% SPREAD:0.14641288% BID:0.683 ASK:0.684 MID:0.6835 P1:0.6835 P2:0.6835 P3:0.6835 P4:0.6835 STATE:IDLE
[2026-05-11 14:25:02Z] CHK MOM:0% RANGE:0% UP:0% SPREAD:0.14641288% BID:0.683 ASK:0.684 MID:0.6835 P1:0.6835 P2:0.6835 P3:0.6835 P4:0.6835 STATE:IDLE
