[2026-05-11 14:27:08Z] SESSION_START symbol=CFGUSDC dry_run=0 profile=major strategy=momentum base_url=https://api.binance.com
[2026-05-11 14:27:08Z] TOXIC_MEMORY_LOADED count=4 symbols=GUNUSDC,JTOUSDC,ORDIUSDC,SAHARAUSDC
[2026-05-11 14:27:11Z] CHK MOM:0% RANGE:0% UP:0% SPREAD:0.10016694% BID:0.2995 ASK:0.2998 MID:0.29964999 P1:0.29964999 P2:NA P3:NA P4:NA STATE:IDLE
[2026-05-11 14:27:12Z] CHK MOM:0% RANGE:0% UP:0% SPREAD:0.10016694% BID:0.2995 ASK:0.2998 MID:0.29964999 P1:0.29964999 P2:NA P3:NA P4:NA STATE:IDLE
[2026-05-11 14:27:12Z] CHK MOM:0.01% RANGE:0.01% UP:100% SPREAD:0.06675567% BID:0.2996 ASK:0.2998 MID:0.29969999 P1:0.29969999 P2:0.29964999 P3:NA P4:NA STATE:IDLE
[2026-05-11 14:27:13Z] CHK MOM:0.01% RANGE:0.01% UP:100% SPREAD:0.06675567% BID:0.2996 ASK:0.2998 MID:0.29969999 P1:0.29969999 P2:0.29964999 P3:NA P4:NA STATE:IDLE
[2026-05-11 14:27:13Z] CHK MOM:0.01% RANGE:0.01% UP:100% SPREAD:0.06675567% BID:0.2996 ASK:0.2998 MID:0.29969999 P1:0.29969999 P2:0.29964999 P3:NA P4:NA STATE:IDLE
[2026-05-11 14:27:14Z] CHK MOM:0% RANGE:0.01% UP:50% SPREAD:0.10016694% BID:0.2995 ASK:0.2998 MID:0.29964999 P1:0.29964999 P2:0.29969999 P3:0.29964999 P4:NA STATE:IDLE
[2026-05-11 14:27:14Z] CHK MOM:0% RANGE:0.01% UP:50% SPREAD:0.10016694% BID:0.2995 ASK:0.2998 MID:0.29964999 P1:0.29964999 P2:0.29969999 P3:0.29964999 P4:NA STATE:IDLE
[2026-05-11 14:27:15Z] CHK MOM:0% RANGE:0.01% UP:50% SPREAD:0.10016694% BID:0.2995 ASK:0.2998 MID:0.29964999 P1:0.29964999 P2:0.29969999 P3:0.29964999 P4:NA STATE:IDLE
[2026-05-11 14:27:15Z] CHK MOM:0% RANGE:0.01% UP:50% SPREAD:0.10016694% BID:0.2995 ASK:0.2998 MID:0.29964999 P1:0.29964999 P2:0.29969999 P3:0.29964999 P4:NA STATE:IDLE
[2026-05-11 14:27:16Z] CHK MOM:0% RANGE:0.01% UP:50% SPREAD:0.10016694% BID:0.2995 ASK:0.2998 MID:0.29964999 P1:0.29964999 P2:0.29969999 P3:0.29964999 P4:NA STATE:IDLE
[2026-05-11 14:27:17Z] CHK MOM:0% RANGE:0.01% UP:33.33% SPREAD:0.10016694% BID:0.2995 ASK:0.2998 MID:0.29964999 P1:0.29964999 P2:0.29964999 P3:0.29969999 P4:0.29964999 STATE:IDLE
[2026-05-11 14:27:17Z] CHK MOM:0% RANGE:0.01% UP:33.33% SPREAD:0.10016694% BID:0.2995 ASK:0.2998 MID:0.29964999 P1:0.29964999 P2:0.29964999 P3:0.29969999 P4:0.29964999 STATE:IDLE
[2026-05-11 14:27:18Z] CHK MOM:0% RANGE:0.01% UP:33.33% SPREAD:0.10016694% BID:0.2995 ASK:0.2998 MID:0.29964999 P1:0.29964999 P2:0.29964999 P3:0.29969999 P4:0.29964999 STATE:IDLE
[2026-05-11 14:27:18Z] CHK MOM:0% RANGE:0.01% UP:33.33% SPREAD:0.10016694% BID:0.2995 ASK:0.2998 MID:0.29964999 P1:0.29964999 P2:0.29964999 P3:0.29969999 P4:0.29964999 STATE:IDLE
[2026-05-11 14:27:19Z] CHK MOM:0% RANGE:0.01% UP:33.33% SPREAD:0.10016694% BID:0.2995 ASK:0.2998 MID:0.29964999 P1:0.29964999 P2:0.29964999 P3:0.29969999 P4:0.29964999 STATE:IDLE
[2026-05-11 14:27:20Z] CHK MOM:-0.01% RANGE:0.03% UP:25% SPREAD:0.06677796% BID:0.2995 ASK:0.2997 MID:0.2996 P1:0.2996 P2:0.29964999 P3:0.29964999 P4:0.29969999 STATE:IDLE
[2026-05-11 14:27:21Z] CHK MOM:-0.01% RANGE:0.03% UP:25% SPREAD:0.06677796% BID:0.2995 ASK:0.2997 MID:0.2996 P1:0.2996 P2:0.29964999 P3:0.29964999 P4:0.29969999 STATE:IDLE
[2026-05-11 14:27:22Z] CHK MOM:-0.01% RANGE:0.03% UP:25% SPREAD:0.06677796% BID:0.2995 ASK:0.2997 MID:0.2996 P1:0.2996 P2:0.29964999 P3:0.29964999 P4:0.29969999 STATE:IDLE
[2026-05-11 14:27:22Z] CHK MOM:-0.01% RANGE:0.03% UP:25% SPREAD:0.06677796% BID:0.2995 ASK:0.2997 MID:0.2996 P1:0.2996 P2:0.29964999 P3:0.29964999 P4:0.29969999 STATE:IDLE
[2026-05-11 14:27:23Z] CHK MOM:-0.01% RANGE:0.03% UP:25% SPREAD:0.06677796% BID:0.2995 ASK:0.2997 MID:0.2996 P1:0.2996 P2:0.29964999 P3:0.29964999 P4:0.29969999 STATE:IDLE
[2026-05-11 14:27:24Z] CHK MOM:-0.08% RANGE:0.08% UP:0% SPREAD:0.03340013% BID:0.2994 ASK:0.2995 MID:0.29945 P1:0.29945 P2:0.2996 P3:0.29964999 P4:0.29964999 STATE:IDLE
[2026-05-11 14:27:24Z] CHK MOM:-0.08% RANGE:0.08% UP:0% SPREAD:0.03340013% BID:0.2994 ASK:0.2995 MID:0.29945 P1:0.29945 P2:0.2996 P3:0.29964999 P4:0.29964999 STATE:IDLE
[2026-05-11 14:27:25Z] CHK MOM:-0.08% RANGE:0.08% UP:0% SPREAD:0.03340013% BID:0.2994 ASK:0.2995 MID:0.29945 P1:0.29945 P2:0.2996 P3:0.29964999 P4:0.29964999 STATE:IDLE
[2026-05-11 14:27:25Z] CHK MOM:-0.08% RANGE:0.08% UP:0% SPREAD:0.03340013% BID:0.2994 ASK:0.2995 MID:0.29945 P1:0.29945 P2:0.2996 P3:0.29964999 P4:0.29964999 STATE:IDLE
[2026-05-11 14:27:26Z] CHK MOM:-0.15% RANGE:0.15% UP:0% SPREAD:0.06686726% BID:0.2991 ASK:0.2993 MID:0.2992 P1:0.2992 P2:0.29945 P3:0.2996 P4:0.29964999 STATE:IDLE
[2026-05-11 14:27:27Z] CHK MOM:-0.15% RANGE:0.15% UP:0% SPREAD:0.06686726% BID:0.2991 ASK:0.2993 MID:0.2992 P1:0.2992 P2:0.29945 P3:0.2996 P4:0.29964999 STATE:IDLE
[2026-05-11 14:27:27Z] CHK MOM:-0.15% RANGE:0.15% UP:0% SPREAD:0.06686726% BID:0.2991 ASK:0.2993 MID:0.2992 P1:0.2992 P2:0.2992 P3:0.29945 P4:0.2996 STATE:IDLE
[2026-05-11 14:27:28Z] CHK MOM:-0.16% RANGE:0.16% UP:0% SPREAD:0.03343363% BID:0.2991 ASK:0.2992 MID:0.29915 P1:0.29915 P2:0.2992 P3:0.2992 P4:0.29945 STATE:IDLE
[2026-05-11 14:27:28Z] CHK MOM:-0.16% RANGE:0.16% UP:0% SPREAD:0.03343363% BID:0.2991 ASK:0.2992 MID:0.29915 P1:0.29915 P2:0.2992 P3:0.2992 P4:0.29945 STATE:IDLE
[2026-05-11 14:27:29Z] CHK MOM:-0.16% RANGE:0.16% UP:0% SPREAD:0.03343363% BID:0.2991 ASK:0.2992 MID:0.29915 P1:0.29915 P2:0.2992 P3:0.2992 P4:0.29945 STATE:IDLE
[2026-05-11 14:27:29Z] CHK MOM:-0.16% RANGE:0.16% UP:0% SPREAD:0.03343363% BID:0.2991 ASK:0.2992 MID:0.29915 P1:0.29915 P2:0.2992 P3:0.2992 P4:0.29945 STATE:IDLE
[2026-05-11 14:27:30Z] CHK MOM:-0.16% RANGE:0.16% UP:0% SPREAD:0.03343363% BID:0.2991 ASK:0.2992 MID:0.29915 P1:0.29915 P2:0.2992 P3:0.2992 P4:0.29945 STATE:IDLE
[2026-05-11 14:27:30Z] CHK MOM:-0.16% RANGE:0.16% UP:0% SPREAD:0.03343363% BID:0.2991 ASK:0.2992 MID:0.29915 P1:0.29915 P2:0.2992 P3:0.2992 P4:0.29945 STATE:IDLE
[2026-05-11 14:27:32Z] CHK MOM:-0.15% RANGE:0.15% UP:0% SPREAD:0.03343363% BID:0.2991 ASK:0.2992 MID:0.29915 P1:0.29915 P2:0.29915 P3:0.2992 P4:0.2992 STATE:IDLE
[2026-05-11 14:27:33Z] CHK MOM:-0.1% RANGE:0.1% UP:0% SPREAD:0.03343363% BID:0.2991 ASK:0.2992 MID:0.29915 P1:0.29915 P2:0.29915 P3:0.29915 P4:0.2992 STATE:IDLE
[2026-05-11 14:27:33Z] CHK MOM:-0.1% RANGE:0.1% UP:0% SPREAD:0.03343363% BID:0.2991 ASK:0.2992 MID:0.29915 P1:0.29915 P2:0.29915 P3:0.29915 P4:0.2992 STATE:IDLE
[2026-05-11 14:27:34Z] CHK MOM:-0.13% RANGE:0.13% UP:0% SPREAD:0.03344481% BID:0.299 ASK:0.2991 MID:0.29905 P1:0.29905 P2:0.29915 P3:0.29915 P4:0.29915 STATE:IDLE
[2026-05-11 14:27:34Z] CHK MOM:-0.13% RANGE:0.13% UP:0% SPREAD:0.03344481% BID:0.299 ASK:0.2991 MID:0.29905 P1:0.29905 P2:0.29915 P3:0.29915 P4:0.29915 STATE:IDLE
[2026-05-11 14:27:35Z] CHK MOM:-0.16% RANGE:0.16% UP:0% SPREAD:0.033456% BID:0.2989 ASK:0.299 MID:0.29895 P1:0.29895 P2:0.29905 P3:0.29915 P4:0.29915 STATE:IDLE
[2026-05-11 14:27:35Z] CHK MOM:-0.26% RANGE:0.26% UP:0% SPREAD:0.03348961% BID:0.2986 ASK:0.2987 MID:0.29864999 P1:0.29864999 P2:0.29895 P3:0.29905 P4:0.29915 STATE:IDLE
[2026-05-11 14:27:36Z] CHK MOM:-0.26% RANGE:0.26% UP:0% SPREAD:0.03348961% BID:0.2986 ASK:0.2987 MID:0.29864999 P1:0.29864999 P2:0.29895 P3:0.29905 P4:0.29915 STATE:IDLE
[2026-05-11 14:27:36Z] CHK MOM:-0.21% RANGE:0.21% UP:0% SPREAD:0.03350083% BID:0.2985 ASK:0.2986 MID:0.29855 P1:0.29855 P2:0.29864999 P3:0.29895 P4:0.29905 STATE:IDLE
[2026-05-11 14:27:37Z] CHK MOM:-0.21% RANGE:0.21% UP:0% SPREAD:0.03350083% BID:0.2985 ASK:0.2986 MID:0.29855 P1:0.29855 P2:0.29864999 P3:0.29895 P4:0.29905 STATE:IDLE
[2026-05-11 14:27:38Z] CHK MOM:-0.21% RANGE:0.21% UP:0% SPREAD:0.03350083% BID:0.2985 ASK:0.2986 MID:0.29855 P1:0.29855 P2:0.29855 P3:0.29864999 P4:0.29895 STATE:IDLE
[2026-05-11 14:27:38Z] CHK MOM:-0.21% RANGE:0.21% UP:0% SPREAD:0.03350083% BID:0.2985 ASK:0.2986 MID:0.29855 P1:0.29855 P2:0.29855 P3:0.29864999 P4:0.29895 STATE:IDLE
[2026-05-11 14:27:39Z] CHK MOM:-0.21% RANGE:0.21% UP:0% SPREAD:0.03350083% BID:0.2985 ASK:0.2986 MID:0.29855 P1:0.29855 P2:0.29855 P3:0.29855 P4:0.29864999 STATE:IDLE
[2026-05-11 14:27:39Z] CHK MOM:-0.21% RANGE:0.21% UP:0% SPREAD:0.03350083% BID:0.2985 ASK:0.2986 MID:0.29855 P1:0.29855 P2:0.29855 P3:0.29855 P4:0.29864999 STATE:IDLE
[2026-05-11 14:27:40Z] CHK MOM:-0.21% RANGE:0.21% UP:0% SPREAD:0.03350083% BID:0.2985 ASK:0.2986 MID:0.29855 P1:0.29855 P2:0.29855 P3:0.29855 P4:0.29864999 STATE:IDLE
[2026-05-11 14:27:40Z] CHK MOM:-0.21% RANGE:0.21% UP:0% SPREAD:0.06702412% BID:0.2984 ASK:0.2986 MID:0.2985 P1:0.2985 P2:0.29855 P3:0.29855 P4:0.29855 STATE:IDLE
[2026-05-11 14:27:41Z] CHK MOM:-0.21% RANGE:0.21% UP:0% SPREAD:0.06702412% BID:0.2984 ASK:0.2986 MID:0.2985 P1:0.2985 P2:0.29855 P3:0.29855 P4:0.29855 STATE:IDLE
[2026-05-11 14:27:41Z] CHK MOM:-0.2% RANGE:0.21% UP:11.11% SPREAD:0.03350083% BID:0.2985 ASK:0.2986 MID:0.29855 P1:0.29855 P2:0.2985 P3:0.29855 P4:0.29855 STATE:IDLE
[2026-05-11 14:27:42Z] CHK MOM:-0.2% RANGE:0.21% UP:11.11% SPREAD:0.03350083% BID:0.2985 ASK:0.2986 MID:0.29855 P1:0.29855 P2:0.2985 P3:0.29855 P4:0.29855 STATE:IDLE
[2026-05-11 14:27:43Z] CHK MOM:-0.21% RANGE:0.21% UP:10% SPREAD:0.06702412% BID:0.2984 ASK:0.2986 MID:0.2985 P1:0.2985 P2:0.29855 P3:0.2985 P4:0.29855 STATE:IDLE
[2026-05-11 14:27:43Z] CHK MOM:-0.21% RANGE:0.21% UP:10% SPREAD:0.06702412% BID:0.2984 ASK:0.2986 MID:0.2985 P1:0.2985 P2:0.29855 P3:0.2985 P4:0.29855 STATE:IDLE
[2026-05-11 14:27:44Z] CHK MOM:-0.2% RANGE:0.21% UP:20% SPREAD:0.03350083% BID:0.2985 ASK:0.2986 MID:0.29855 P1:0.29855 P2:0.2985 P3:0.29855 P4:0.2985 STATE:IDLE
[2026-05-11 14:27:44Z] CHK MOM:-0.2% RANGE:0.21% UP:20% SPREAD:0.03350083% BID:0.2985 ASK:0.2986 MID:0.29855 P1:0.29855 P2:0.2985 P3:0.29855 P4:0.2985 STATE:IDLE
[2026-05-11 14:27:45Z] CHK MOM:-0.2% RANGE:0.21% UP:20% SPREAD:0.03350083% BID:0.2985 ASK:0.2986 MID:0.29855 P1:0.29855 P2:0.2985 P3:0.29855 P4:0.2985 STATE:IDLE
[2026-05-11 14:27:45Z] CHK MOM:-0.15% RANGE:0.18% UP:30% SPREAD:0.06700167% BID:0.2985 ASK:0.2987 MID:0.2986 P1:0.2986 P2:0.29855 P3:0.2985 P4:0.29855 STATE:IDLE
[2026-05-11 14:27:46Z] CHK MOM:-0.15% RANGE:0.15% UP:30% SPREAD:0.06702412% BID:0.2984 ASK:0.2986 MID:0.2985 P1:0.2985 P2:0.2986 P3:0.29855 P4:0.2985 STATE:IDLE
[2026-05-11 14:27:46Z] CHK MOM:-0.15% RANGE:0.15% UP:30% SPREAD:0.06702412% BID:0.2984 ASK:0.2986 MID:0.2985 P1:0.2985 P2:0.2986 P3:0.29855 P4:0.2985 STATE:IDLE
[2026-05-11 14:27:47Z] CHK MOM:-0.15% RANGE:0.15% UP:30% SPREAD:0.06702412% BID:0.2984 ASK:0.2986 MID:0.2985 P1:0.2985 P2:0.2986 P3:0.29855 P4:0.2985 STATE:IDLE
[2026-05-11 14:27:48Z] CHK MOM:-0.15% RANGE:0.15% UP:30% SPREAD:0.06702412% BID:0.2984 ASK:0.2986 MID:0.2985 P1:0.2985 P2:0.2986 P3:0.29855 P4:0.2985 STATE:IDLE
[2026-05-11 14:27:48Z] CHK MOM:-0.03% RANGE:0.05% UP:37.5% SPREAD:0.03351206% BID:0.2984 ASK:0.2985 MID:0.29845 P1:0.29845 P2:0.2985 P3:0.2986 P4:0.29855 STATE:IDLE
[2026-05-11 14:27:49Z] CHK MOM:-0.03% RANGE:0.05% UP:33.33% SPREAD:0.03351206% BID:0.2984 ASK:0.2985 MID:0.29845 P1:0.29845 P2:0.29845 P3:0.2985 P4:0.2986 STATE:IDLE
[2026-05-11 14:27:49Z] CHK MOM:-0.06% RANGE:0.08% UP:30% SPREAD:0.03352329% BID:0.2983 ASK:0.2984 MID:0.29835 P1:0.29835 P2:0.29845 P3:0.29845 P4:0.2985 STATE:IDLE
[2026-05-11 14:27:50Z] CHK MOM:-0.06% RANGE:0.08% UP:30% SPREAD:0.03352329% BID:0.2983 ASK:0.2984 MID:0.29835 P1:0.29835 P2:0.29845 P3:0.29845 P4:0.2985 STATE:IDLE
[2026-05-11 14:27:50Z] CHK MOM:-0.06% RANGE:0.08% UP:30% SPREAD:0.03352329% BID:0.2983 ASK:0.2984 MID:0.29835 P1:0.29835 P2:0.29845 P3:0.29845 P4:0.2985 STATE:IDLE
[2026-05-11 14:27:51Z] CHK MOM:-0.06% RANGE:0.08% UP:30% SPREAD:0.03352329% BID:0.2983 ASK:0.2984 MID:0.29835 P1:0.29835 P2:0.29845 P3:0.29845 P4:0.2985 STATE:IDLE
[2026-05-11 14:27:51Z] CHK MOM:-0.06% RANGE:0.08% UP:30% SPREAD:0.03352329% BID:0.2983 ASK:0.2984 MID:0.29835 P1:0.29835 P2:0.29845 P3:0.29845 P4:0.2985 STATE:IDLE
[2026-05-11 14:27:52Z] CHK MOM:-0.06% RANGE:0.08% UP:30% SPREAD:0.03352329% BID:0.2983 ASK:0.2984 MID:0.29835 P1:0.29835 P2:0.29845 P3:0.29845 P4:0.2985 STATE:IDLE
[2026-05-11 14:27:55Z] CHK MOM:-0.06% RANGE:0.1% UP:28.57% SPREAD:0.06706908% BID:0.2982 ASK:0.2984 MID:0.2983 P1:0.2983 P2:0.29835 P3:0.29845 P4:0.29845 STATE:IDLE
[2026-05-11 14:27:55Z] CHK MOM:-0.08% RANGE:0.1% UP:14.28% SPREAD:0.06706908% BID:0.2982 ASK:0.2984 MID:0.2983 P1:0.2983 P2:0.2983 P3:0.29835 P4:0.29845 STATE:IDLE
[2026-05-11 14:27:56Z] CHK MOM:-0.08% RANGE:0.1% UP:14.28% SPREAD:0.06706908% BID:0.2982 ASK:0.2984 MID:0.2983 P1:0.2983 P2:0.2983 P3:0.29835 P4:0.29845 STATE:IDLE
[2026-05-11 14:27:56Z] CHK MOM:-0.08% RANGE:0.1% UP:14.28% SPREAD:0.06706908% BID:0.2982 ASK:0.2984 MID:0.2983 P1:0.2983 P2:0.2983 P3:0.29835 P4:0.29845 STATE:IDLE
[2026-05-11 14:27:57Z] CHK MOM:-0.08% RANGE:0.1% UP:14.28% SPREAD:0.06706908% BID:0.2982 ASK:0.2984 MID:0.2983 P1:0.2983 P2:0.2983 P3:0.29835 P4:0.29845 STATE:IDLE
[2026-05-11 14:27:57Z] CHK MOM:-0.08% RANGE:0.1% UP:14.28% SPREAD:0.06706908% BID:0.2982 ASK:0.2984 MID:0.2983 P1:0.2983 P2:0.2983 P3:0.29835 P4:0.29845 STATE:IDLE
[2026-05-11 14:27:58Z] CHK MOM:-0.08% RANGE:0.1% UP:14.28% SPREAD:0.06706908% BID:0.2982 ASK:0.2984 MID:0.2983 P1:0.2983 P2:0.2983 P3:0.29835 P4:0.29845 STATE:IDLE
[2026-05-11 14:28:01Z] CHK MOM:-0.1% RANGE:0.1% UP:0% SPREAD:0.03354579% BID:0.2981 ASK:0.2982 MID:0.29815 P1:0.29815 P2:0.2983 P3:0.2983 P4:0.29835 STATE:IDLE
[2026-05-11 14:28:01Z] CHK MOM:-0.05% RANGE:0.06% UP:25% SPREAD:0.06709158% BID:0.2981 ASK:0.2983 MID:0.2982 P1:0.2982 P2:0.29815 P3:0.2983 P4:0.2983 STATE:IDLE
[2026-05-11 14:28:02Z] CHK MOM:0.01% RANGE:0.06% UP:50% SPREAD:0.10060362% BID:0.2982 ASK:0.2985 MID:0.29835 P1:0.29835 P2:0.2982 P3:0.29815 P4:0.2983 STATE:IDLE
[2026-05-11 14:28:02Z] CHK MOM:0% RANGE:0.06% UP:40% SPREAD:0.06706908% BID:0.2982 ASK:0.2984 MID:0.2983 P1:0.2983 P2:0.29835 P3:0.2982 P4:0.29815 STATE:IDLE
[2026-05-11 14:28:03Z] CHK MOM:-0.01% RANGE:0.06% UP:33.33% SPREAD:0.03353454% BID:0.2982 ASK:0.2983 MID:0.29825 P1:0.29825 P2:0.2983 P3:0.29835 P4:0.2982 STATE:IDLE
[2026-05-11 14:28:03Z] CHK MOM:0% RANGE:0.06% UP:42.85% SPREAD:0.06706908% BID:0.2982 ASK:0.2984 MID:0.2983 P1:0.2983 P2:0.29825 P3:0.2983 P4:0.29835 STATE:IDLE
[2026-05-11 14:28:04Z] CHK MOM:0% RANGE:0.06% UP:42.85% SPREAD:0.06706908% BID:0.2982 ASK:0.2984 MID:0.2983 P1:0.2983 P2:0.29825 P3:0.2983 P4:0.29835 STATE:IDLE
[2026-05-11 14:28:04Z] CHK MOM:-0.01% RANGE:0.06% UP:37.5% SPREAD:0.03353454% BID:0.2982 ASK:0.2983 MID:0.29825 P1:0.29825 P2:0.2983 P3:0.29825 P4:0.2983 STATE:IDLE
[2026-05-11 14:28:05Z] CHK MOM:-0.01% RANGE:0.06% UP:37.5% SPREAD:0.03353454% BID:0.2982 ASK:0.2983 MID:0.29825 P1:0.29825 P2:0.2983 P3:0.29825 P4:0.2983 STATE:IDLE
[2026-05-11 14:28:05Z] CHK MOM:0% RANGE:0.06% UP:44.44% SPREAD:0.06706908% BID:0.2982 ASK:0.2984 MID:0.2983 P1:0.2983 P2:0.29825 P3:0.2983 P4:0.29825 STATE:IDLE
[2026-05-11 14:28:06Z] CHK MOM:0% RANGE:0.06% UP:40% SPREAD:0.06706908% BID:0.2982 ASK:0.2984 MID:0.2983 P1:0.2983 P2:0.2983 P3:0.29825 P4:0.2983 STATE:IDLE
[2026-05-11 14:28:07Z] CHK MOM:0% RANGE:0.06% UP:40% SPREAD:0.06706908% BID:0.2982 ASK:0.2984 MID:0.2983 P1:0.2983 P2:0.2983 P3:0.2983 P4:0.29825 STATE:IDLE
[2026-05-11 14:28:07Z] CHK MOM:0% RANGE:0.06% UP:36.36% SPREAD:0.06706908% BID:0.2982 ASK:0.2984 MID:0.2983 P1:0.2983 P2:0.2983 P3:0.2983 P4:0.2983 STATE:IDLE
[2026-05-11 14:28:08Z] CHK MOM:0% RANGE:0.06% UP:36.36% SPREAD:0.06706908% BID:0.2982 ASK:0.2984 MID:0.2983 P1:0.2983 P2:0.2983 P3:0.2983 P4:0.2983 STATE:IDLE
[2026-05-11 14:28:08Z] CHK MOM:0% RANGE:0.06% UP:36.36% SPREAD:0.06706908% BID:0.2982 ASK:0.2984 MID:0.2983 P1:0.2983 P2:0.2983 P3:0.2983 P4:0.2983 STATE:IDLE
[2026-05-11 14:28:09Z] CHK MOM:0% RANGE:0.06% UP:36.36% SPREAD:0.06706908% BID:0.2982 ASK:0.2984 MID:0.2983 P1:0.2983 P2:0.2983 P3:0.2983 P4:0.2983 STATE:IDLE
[2026-05-11 14:28:09Z] CHK MOM:0% RANGE:0.06% UP:36.36% SPREAD:0.06706908% BID:0.2982 ASK:0.2984 MID:0.2983 P1:0.2983 P2:0.2983 P3:0.2983 P4:0.2983 STATE:IDLE
[2026-05-11 14:28:10Z] CHK MOM:0.03% RANGE:0.06% UP:36.36% SPREAD:0.03353454% BID:0.2982 ASK:0.2983 MID:0.29825 P1:0.29825 P2:0.2983 P3:0.2983 P4:0.2983 STATE:IDLE
[2026-05-11 14:28:10Z] CHK MOM:0.1% RANGE:0.1% UP:41.66% SPREAD:0.03351206% BID:0.2984 ASK:0.2985 MID:0.29845 P1:0.29845 P2:0.29825 P3:0.2983 P4:0.2983 STATE:IDLE
[2026-05-11 14:28:11Z] CHK MOM:0.1% RANGE:0.1% UP:38.46% SPREAD:0.03351206% BID:0.2984 ASK:0.2985 MID:0.29845 P1:0.29845 P2:0.29845 P3:0.29825 P4:0.2983 STATE:IDLE
[2026-05-11 14:28:12Z] CHK MOM:0.1% RANGE:0.1% UP:38.46% SPREAD:0.03351206% BID:0.2984 ASK:0.2985 MID:0.29845 P1:0.29845 P2:0.29845 P3:0.29825 P4:0.2983 STATE:IDLE
[2026-05-11 14:28:12Z] CHK MOM:0.1% RANGE:0.1% UP:38.46% SPREAD:0.03351206% BID:0.2984 ASK:0.2985 MID:0.29845 P1:0.29845 P2:0.29845 P3:0.29825 P4:0.2983 STATE:IDLE
[2026-05-11 14:28:13Z] CHK MOM:0.08% RANGE:0.08% UP:30.76% SPREAD:0.03351206% BID:0.2984 ASK:0.2985 MID:0.29845 P1:0.29845 P2:0.29845 P3:0.29845 P4:0.29825 STATE:IDLE
[2026-05-11 14:28:13Z] CHK MOM:0.08% RANGE:0.08% UP:30.76% SPREAD:0.03351206% BID:0.2984 ASK:0.2985 MID:0.29845 P1:0.29845 P2:0.29845 P3:0.29845 P4:0.29825 STATE:IDLE
[2026-05-11 14:28:14Z] CHK MOM:0.08% RANGE:0.08% UP:30.76% SPREAD:0.03351206% BID:0.2984 ASK:0.2985 MID:0.29845 P1:0.29845 P2:0.29845 P3:0.29845 P4:0.29825 STATE:IDLE
[2026-05-11 14:28:14Z] CHK MOM:0.08% RANGE:0.08% UP:30.76% SPREAD:0.03351206% BID:0.2984 ASK:0.2985 MID:0.29845 P1:0.29845 P2:0.29845 P3:0.29845 P4:0.29825 STATE:IDLE
[2026-05-11 14:28:15Z] CHK MOM:0.08% RANGE:0.08% UP:30.76% SPREAD:0.03351206% BID:0.2984 ASK:0.2985 MID:0.29845 P1:0.29845 P2:0.29845 P3:0.29845 P4:0.29825 STATE:IDLE
[2026-05-11 14:28:15Z] CHK MOM:0.08% RANGE:0.1% UP:30% SPREAD:0.03350083% BID:0.2985 ASK:0.2986 MID:0.29855 P1:0.29855 P2:0.29845 P3:0.29845 P4:0.29845 STATE:IDLE
[2026-05-11 14:28:16Z] CHK MOM:0.1% RANGE:0.1% UP:30% SPREAD:0.03350083% BID:0.2985 ASK:0.2986 MID:0.29855 P1:0.29855 P2:0.29855 P3:0.29845 P4:0.29845 STATE:IDLE
[2026-05-11 14:28:17Z] CHK MOM:0.06% RANGE:0.1% UP:20% SPREAD:0.06702412% BID:0.2984 ASK:0.2986 MID:0.2985 P1:0.2985 P2:0.29855 P3:0.29855 P4:0.29845 STATE:IDLE
[2026-05-11 14:28:17Z] CHK MOM:0.06% RANGE:0.1% UP:20% SPREAD:0.06702412% BID:0.2984 ASK:0.2986 MID:0.2985 P1:0.2985 P2:0.29855 P3:0.29855 P4:0.29845 STATE:IDLE
[2026-05-11 14:28:18Z] CHK MOM:0.05% RANGE:0.1% UP:20% SPREAD:0.03351206% BID:0.2984 ASK:0.2985 MID:0.29845 P1:0.29845 P2:0.2985 P3:0.29855 P4:0.29855 STATE:IDLE
[2026-05-11 14:28:18Z] CHK MOM:0.05% RANGE:0.1% UP:20% SPREAD:0.03351206% BID:0.2984 ASK:0.2985 MID:0.29845 P1:0.29845 P2:0.2985 P3:0.29855 P4:0.29855 STATE:IDLE
[2026-05-11 14:28:19Z] CHK MOM:0.05% RANGE:0.1% UP:20% SPREAD:0.03351206% BID:0.2984 ASK:0.2985 MID:0.29845 P1:0.29845 P2:0.2985 P3:0.29855 P4:0.29855 STATE:IDLE
[2026-05-11 14:28:19Z] CHK MOM:0.06% RANGE:0.1% UP:25% SPREAD:0.03351206% BID:0.2984 ASK:0.2985 MID:0.29845 P1:0.29845 P2:0.29845 P3:0.2985 P4:0.29855 STATE:IDLE
[2026-05-11 14:28:20Z] CHK MOM:0.06% RANGE:0.1% UP:25% SPREAD:0.03351206% BID:0.2984 ASK:0.2985 MID:0.29845 P1:0.29845 P2:0.29845 P3:0.2985 P4:0.29855 STATE:IDLE
[2026-05-11 14:28:20Z] CHK MOM:0.06% RANGE:0.1% UP:25% SPREAD:0.03351206% BID:0.2984 ASK:0.2985 MID:0.29845 P1:0.29845 P2:0.29845 P3:0.2985 P4:0.29855 STATE:IDLE
[2026-05-11 14:28:21Z] CHK MOM:0.06% RANGE:0.1% UP:25% SPREAD:0.03351206% BID:0.2984 ASK:0.2985 MID:0.29845 P1:0.29845 P2:0.29845 P3:0.2985 P4:0.29855 STATE:IDLE
[2026-05-11 14:28:22Z] CHK MOM:0.08% RANGE:0.1% UP:33.33% SPREAD:0.06702412% BID:0.2984 ASK:0.2986 MID:0.2985 P1:0.2985 P2:0.29845 P3:0.29845 P4:0.2985 STATE:IDLE
[2026-05-11 14:28:22Z] CHK MOM:0.08% RANGE:0.1% UP:33.33% SPREAD:0.06702412% BID:0.2984 ASK:0.2986 MID:0.2985 P1:0.2985 P2:0.29845 P3:0.29845 P4:0.2985 STATE:IDLE
[2026-05-11 14:28:23Z] CHK MOM:0.08% RANGE:0.1% UP:33.33% SPREAD:0.06702412% BID:0.2984 ASK:0.2986 MID:0.2985 P1:0.2985 P2:0.29845 P3:0.29845 P4:0.2985 STATE:IDLE
[2026-05-11 14:28:23Z] CHK MOM:0.08% RANGE:0.1% UP:33.33% SPREAD:0.06702412% BID:0.2984 ASK:0.2986 MID:0.2985 P1:0.2985 P2:0.29845 P3:0.29845 P4:0.2985 STATE:IDLE
[2026-05-11 14:28:24Z] CHK MOM:0.08% RANGE:0.1% UP:33.33% SPREAD:0.06702412% BID:0.2984 ASK:0.2986 MID:0.2985 P1:0.2985 P2:0.29845 P3:0.29845 P4:0.2985 STATE:IDLE
[2026-05-11 14:28:25Z] CHK MOM:0% RANGE:0.03% UP:28.57% SPREAD:0.03351206% BID:0.2984 ASK:0.2985 MID:0.29845 P1:0.29845 P2:0.2985 P3:0.29845 P4:0.29845 STATE:IDLE
[2026-05-11 14:28:25Z] CHK MOM:-0.03% RANGE:0.03% UP:14.28% SPREAD:0.03351206% BID:0.2984 ASK:0.2985 MID:0.29845 P1:0.29845 P2:0.29845 P3:0.2985 P4:0.29845 STATE:IDLE
[2026-05-11 14:28:26Z] CHK MOM:-0.05% RANGE:0.05% UP:12.5% SPREAD:0.06704659% BID:0.2983 ASK:0.2985 MID:0.2984 P1:0.2984 P2:0.29845 P3:0.29845 P4:0.2985 STATE:IDLE
[2026-05-11 14:28:27Z] CHK MOM:-0.05% RANGE:0.05% UP:12.5% SPREAD:0.06704659% BID:0.2983 ASK:0.2985 MID:0.2984 P1:0.2984 P2:0.29845 P3:0.29845 P4:0.2985 STATE:IDLE
[2026-05-11 14:28:27Z] CHK MOM:-0.05% RANGE:0.05% UP:12.5% SPREAD:0.06704659% BID:0.2983 ASK:0.2985 MID:0.2984 P1:0.2984 P2:0.29845 P3:0.29845 P4:0.2985 STATE:IDLE
[2026-05-11 14:28:28Z] CHK MOM:-0.05% RANGE:0.05% UP:12.5% SPREAD:0.06704659% BID:0.2983 ASK:0.2985 MID:0.2984 P1:0.2984 P2:0.29845 P3:0.29845 P4:0.2985 STATE:IDLE
[2026-05-11 14:28:28Z] CHK MOM:-0.05% RANGE:0.05% UP:12.5% SPREAD:0.06704659% BID:0.2983 ASK:0.2985 MID:0.2984 P1:0.2984 P2:0.29845 P3:0.29845 P4:0.2985 STATE:IDLE
[2026-05-11 14:28:30Z] CHK MOM:0.01% RANGE:0.03% UP:33.33% SPREAD:0.06702412% BID:0.2984 ASK:0.2986 MID:0.2985 P1:0.2985 P2:0.2984 P3:0.29845 P4:0.29845 STATE:IDLE
[2026-05-11 14:28:30Z] CHK MOM:0.01% RANGE:0.03% UP:33.33% SPREAD:0.06702412% BID:0.2984 ASK:0.2986 MID:0.2985 P1:0.2985 P2:0.2984 P3:0.29845 P4:0.29845 STATE:IDLE
[2026-05-11 14:28:31Z] CHK MOM:0.01% RANGE:0.03% UP:33.33% SPREAD:0.06702412% BID:0.2984 ASK:0.2986 MID:0.2985 P1:0.2985 P2:0.2985 P3:0.2984 P4:0.29845 STATE:IDLE
[2026-05-11 14:28:31Z] CHK MOM:0.01% RANGE:0.03% UP:33.33% SPREAD:0.06702412% BID:0.2984 ASK:0.2986 MID:0.2985 P1:0.2985 P2:0.2985 P3:0.2984 P4:0.29845 STATE:IDLE
[2026-05-11 14:28:32Z] CHK MOM:0.01% RANGE:0.03% UP:33.33% SPREAD:0.06702412% BID:0.2984 ASK:0.2986 MID:0.2985 P1:0.2985 P2:0.2985 P3:0.2984 P4:0.29845 STATE:IDLE
[2026-05-11 14:28:33Z] CHK MOM:0.01% RANGE:0.03% UP:33.33% SPREAD:0.06702412% BID:0.2984 ASK:0.2986 MID:0.2985 P1:0.2985 P2:0.2985 P3:0.2984 P4:0.29845 STATE:IDLE
[2026-05-11 14:28:33Z] CHK MOM:0.01% RANGE:0.03% UP:33.33% SPREAD:0.06702412% BID:0.2984 ASK:0.2986 MID:0.2985 P1:0.2985 P2:0.2985 P3:0.2984 P4:0.29845 STATE:IDLE
[2026-05-11 14:28:35Z] CHK MOM:0% RANGE:0.03% UP:20% SPREAD:0.03351206% BID:0.2984 ASK:0.2985 MID:0.29845 P1:0.29845 P2:0.2985 P3:0.2985 P4:0.2984 STATE:IDLE
[2026-05-11 14:28:35Z] CHK MOM:0.01% RANGE:0.03% UP:33.33% SPREAD:0.06702412% BID:0.2984 ASK:0.2986 MID:0.2985 P1:0.2985 P2:0.29845 P3:0.2985 P4:0.2985 STATE:IDLE
[2026-05-11 14:28:36Z] CHK MOM:0% RANGE:0.03% UP:28.57% SPREAD:0.03351206% BID:0.2984 ASK:0.2985 MID:0.29845 P1:0.29845 P2:0.2985 P3:0.29845 P4:0.2985 STATE:IDLE
[2026-05-11 14:28:36Z] CHK MOM:-0.01% RANGE:0.03% UP:25% SPREAD:0.06704659% BID:0.2983 ASK:0.2985 MID:0.2984 P1:0.2984 P2:0.29845 P3:0.2985 P4:0.29845 STATE:IDLE
[2026-05-11 14:28:37Z] CHK MOM:-0.01% RANGE:0.03% UP:25% SPREAD:0.06704659% BID:0.2983 ASK:0.2985 MID:0.2984 P1:0.2984 P2:0.29845 P3:0.2985 P4:0.29845 STATE:IDLE
[2026-05-11 14:28:38Z] CHK MOM:-0.01% RANGE:0.03% UP:25% SPREAD:0.06704659% BID:0.2983 ASK:0.2985 MID:0.2984 P1:0.2984 P2:0.29845 P3:0.2985 P4:0.29845 STATE:IDLE
[2026-05-11 14:28:38Z] CHK MOM:-0.01% RANGE:0.03% UP:25% SPREAD:0.06704659% BID:0.2983 ASK:0.2985 MID:0.2984 P1:0.2984 P2:0.29845 P3:0.2985 P4:0.29845 STATE:IDLE
[2026-05-11 14:28:39Z] CHK MOM:-0.01% RANGE:0.03% UP:25% SPREAD:0.06704659% BID:0.2983 ASK:0.2985 MID:0.2984 P1:0.2984 P2:0.29845 P3:0.2985 P4:0.29845 STATE:IDLE
[2026-05-11 14:28:43Z] CHK MOM:-0.01% RANGE:0.03% UP:40% SPREAD:0.03351206% BID:0.2984 ASK:0.2985 MID:0.29845 P1:0.29845 P2:0.2984 P3:0.29845 P4:0.2985 STATE:IDLE
[2026-05-11 14:28:43Z] CHK MOM:0% RANGE:0.03% UP:40% SPREAD:0.03351206% BID:0.2984 ASK:0.2985 MID:0.29845 P1:0.29845 P2:0.29845 P3:0.2984 P4:0.29845 STATE:IDLE
[2026-05-11 14:28:44Z] CHK MOM:0.01% RANGE:0.03% UP:50% SPREAD:0.06702412% BID:0.2984 ASK:0.2986 MID:0.2985 P1:0.2985 P2:0.29845 P3:0.29845 P4:0.2984 STATE:IDLE
[2026-05-11 14:28:44Z] CHK MOM:0.01% RANGE:0.03% UP:42.85% SPREAD:0.06702412% BID:0.2984 ASK:0.2986 MID:0.2985 P1:0.2985 P2:0.2985 P3:0.29845 P4:0.29845 STATE:IDLE
[2026-05-11 14:28:45Z] CHK MOM:0.01% RANGE:0.03% UP:42.85% SPREAD:0.06702412% BID:0.2984 ASK:0.2986 MID:0.2985 P1:0.2985 P2:0.2985 P3:0.29845 P4:0.29845 STATE:IDLE
[2026-05-11 14:28:45Z] CHK MOM:0.01% RANGE:0.03% UP:37.5% SPREAD:0.06702412% BID:0.2984 ASK:0.2986 MID:0.2985 P1:0.2985 P2:0.2985 P3:0.2985 P4:0.29845 STATE:IDLE
[2026-05-11 14:28:46Z] CHK MOM:0.01% RANGE:0.03% UP:37.5% SPREAD:0.06702412% BID:0.2984 ASK:0.2986 MID:0.2985 P1:0.2985 P2:0.2985 P3:0.2985 P4:0.29845 STATE:IDLE
[2026-05-11 14:28:46Z] CHK MOM:0.01% RANGE:0.03% UP:37.5% SPREAD:0.06702412% BID:0.2984 ASK:0.2986 MID:0.2985 P1:0.2985 P2:0.2985 P3:0.2985 P4:0.29845 STATE:IDLE
[2026-05-11 14:28:47Z] CHK MOM:0.01% RANGE:0.03% UP:37.5% SPREAD:0.06702412% BID:0.2984 ASK:0.2986 MID:0.2985 P1:0.2985 P2:0.2985 P3:0.2985 P4:0.29845 STATE:IDLE
[2026-05-11 14:28:48Z] CHK MOM:0.01% RANGE:0.03% UP:37.5% SPREAD:0.06702412% BID:0.2984 ASK:0.2986 MID:0.2985 P1:0.2985 P2:0.2985 P3:0.2985 P4:0.29845 STATE:IDLE
[2026-05-11 14:28:50Z] CHK MOM:0.01% RANGE:0.01% UP:20% SPREAD:0.06702412% BID:0.2984 ASK:0.2986 MID:0.2985 P1:0.2985 P2:0.2985 P3:0.2985 P4:0.2985 STATE:IDLE
[2026-05-11 14:28:51Z] CHK MOM:0.01% RANGE:0.01% UP:20% SPREAD:0.06702412% BID:0.2984 ASK:0.2986 MID:0.2985 P1:0.2985 P2:0.2985 P3:0.2985 P4:0.2985 STATE:IDLE
[2026-05-11 14:28:51Z] CHK MOM:0.01% RANGE:0.01% UP:20% SPREAD:0.06702412% BID:0.2984 ASK:0.2986 MID:0.2985 P1:0.2985 P2:0.2985 P3:0.2985 P4:0.2985 STATE:IDLE
[2026-05-11 14:28:52Z] CHK MOM:0.01% RANGE:0.01% UP:16.66% SPREAD:0.06702412% BID:0.2984 ASK:0.2986 MID:0.2985 P1:0.2985 P2:0.2985 P3:0.2985 P4:0.2985 STATE:IDLE
[2026-05-11 14:28:53Z] CHK MOM:0.01% RANGE:0.01% UP:16.66% SPREAD:0.06702412% BID:0.2984 ASK:0.2986 MID:0.2985 P1:0.2985 P2:0.2985 P3:0.2985 P4:0.2985 STATE:IDLE
[2026-05-11 14:28:53Z] CHK MOM:0.01% RANGE:0.01% UP:16.66% SPREAD:0.06702412% BID:0.2984 ASK:0.2986 MID:0.2985 P1:0.2985 P2:0.2985 P3:0.2985 P4:0.2985 STATE:IDLE
[2026-05-11 14:28:54Z] CHK MOM:0.01% RANGE:0.01% UP:16.66% SPREAD:0.06702412% BID:0.2984 ASK:0.2986 MID:0.2985 P1:0.2985 P2:0.2985 P3:0.2985 P4:0.2985 STATE:IDLE
[2026-05-11 14:28:54Z] CHK MOM:0.01% RANGE:0.01% UP:16.66% SPREAD:0.06702412% BID:0.2984 ASK:0.2986 MID:0.2985 P1:0.2985 P2:0.2985 P3:0.2985 P4:0.2985 STATE:IDLE
[2026-05-11 14:29:00Z] CHK MOM:0.01% RANGE:0.01% UP:50% SPREAD:0.03350083% BID:0.2985 ASK:0.2986 MID:0.29855 P1:0.29855 P2:0.2985 P3:0.2985 P4:0.2985 STATE:IDLE
[2026-05-11 14:29:00Z] CHK MOM:0% RANGE:0.01% UP:33.33% SPREAD:0.06702412% BID:0.2984 ASK:0.2986 MID:0.2985 P1:0.2985 P2:0.29855 P3:0.2985 P4:0.2985 STATE:IDLE
[2026-05-11 14:29:01Z] CHK MOM:0% RANGE:0.01% UP:33.33% SPREAD:0.06702412% BID:0.2984 ASK:0.2986 MID:0.2985 P1:0.2985 P2:0.29855 P3:0.2985 P4:0.2985 STATE:IDLE
[2026-05-11 14:29:01Z] CHK MOM:0% RANGE:0.01% UP:33.33% SPREAD:0.06702412% BID:0.2984 ASK:0.2986 MID:0.2985 P1:0.2985 P2:0.29855 P3:0.2985 P4:0.2985 STATE:IDLE
[2026-05-11 14:29:02Z] CHK MOM:0% RANGE:0.01% UP:33.33% SPREAD:0.06702412% BID:0.2984 ASK:0.2986 MID:0.2985 P1:0.2985 P2:0.29855 P3:0.2985 P4:0.2985 STATE:IDLE
[2026-05-11 14:29:02Z] CHK MOM:0% RANGE:0.01% UP:33.33% SPREAD:0.06702412% BID:0.2984 ASK:0.2986 MID:0.2985 P1:0.2985 P2:0.29855 P3:0.2985 P4:0.2985 STATE:IDLE
[2026-05-11 14:29:04Z] CHK MOM:-0.01% RANGE:0.01% UP:0% SPREAD:0.06702412% BID:0.2984 ASK:0.2986 MID:0.2985 P1:0.2985 P2:0.2985 P3:0.29855 P4:0.2985 STATE:IDLE
[2026-05-11 14:29:05Z] CHK MOM:-0.01% RANGE:0.01% UP:0% SPREAD:0.06702412% BID:0.2984 ASK:0.2986 MID:0.2985 P1:0.2985 P2:0.2985 P3:0.2985 P4:0.29855 STATE:IDLE
[2026-05-11 14:39:10Z] SESSION_START symbol=CFGUSDC dry_run=0 profile=major strategy=momentum base_url=https://api.binance.com
[2026-05-11 14:39:10Z] TOXIC_MEMORY_LOADED count=4 symbols=GUNUSDC,JTOUSDC,ORDIUSDC,SAHARAUSDC
[2026-05-11 14:39:12Z] CHK MOM:0% RANGE:0% UP:0% SPREAD:0.03353454% BID:0.2982 ASK:0.2983 MID:0.29825 P1:0.29825 P2:NA P3:NA P4:NA STATE:IDLE
[2026-05-11 14:39:12Z] CHK MOM:0% RANGE:0% UP:0% SPREAD:0.03353454% BID:0.2982 ASK:0.2983 MID:0.29825 P1:0.29825 P2:NA P3:NA P4:NA STATE:IDLE
[2026-05-11 14:39:13Z] CHK MOM:0% RANGE:0% UP:0% SPREAD:0.03353454% BID:0.2982 ASK:0.2983 MID:0.29825 P1:0.29825 P2:NA P3:NA P4:NA STATE:IDLE
[2026-05-11 14:39:13Z] CHK MOM:0% RANGE:0% UP:0% SPREAD:0.03353454% BID:0.2982 ASK:0.2983 MID:0.29825 P1:0.29825 P2:NA P3:NA P4:NA STATE:IDLE
[2026-05-11 14:39:14Z] CHK MOM:0% RANGE:0% UP:0% SPREAD:0.03353454% BID:0.2982 ASK:0.2983 MID:0.29825 P1:0.29825 P2:NA P3:NA P4:NA STATE:IDLE
[2026-05-11 14:39:14Z] CHK MOM:0.03% RANGE:0.03% UP:100% SPREAD:0.03352329% BID:0.2983 ASK:0.2984 MID:0.29835 P1:0.29835 P2:0.29825 P3:NA P4:NA STATE:IDLE
[2026-05-11 14:39:15Z] CHK MOM:0.03% RANGE:0.03% UP:100% SPREAD:0.03352329% BID:0.2983 ASK:0.2984 MID:0.29835 P1:0.29835 P2:0.29825 P3:NA P4:NA STATE:IDLE
[2026-05-11 14:39:15Z] CHK MOM:0.03% RANGE:0.03% UP:50% SPREAD:0.03352329% BID:0.2983 ASK:0.2984 MID:0.29835 P1:0.29835 P2:0.29835 P3:0.29825 P4:NA STATE:IDLE
[2026-05-11 14:39:16Z] CHK MOM:0.03% RANGE:0.03% UP:50% SPREAD:0.03352329% BID:0.2983 ASK:0.2984 MID:0.29835 P1:0.29835 P2:0.29835 P3:0.29825 P4:NA STATE:IDLE
[2026-05-11 14:39:16Z] CHK MOM:0.08% RANGE:0.08% UP:66.66% SPREAD:0.06702412% BID:0.2984 ASK:0.2986 MID:0.2985 P1:0.2985 P2:0.29835 P3:0.29835 P4:0.29825 STATE:IDLE
[2026-05-11 14:39:17Z] CHK MOM:0.08% RANGE:0.08% UP:50% SPREAD:0.06702412% BID:0.2984 ASK:0.2986 MID:0.2985 P1:0.2985 P2:0.2985 P3:0.29835 P4:0.29835 STATE:IDLE
[2026-05-11 14:39:18Z] CHK MOM:0.08% RANGE:0.08% UP:40% SPREAD:0.06702412% BID:0.2984 ASK:0.2986 MID:0.2985 P1:0.2985 P2:0.2985 P3:0.2985 P4:0.29835 STATE:IDLE
[2026-05-11 14:39:18Z] CHK MOM:0.08% RANGE:0.08% UP:40% SPREAD:0.06702412% BID:0.2984 ASK:0.2986 MID:0.2985 P1:0.2985 P2:0.2985 P3:0.2985 P4:0.29835 STATE:IDLE
[2026-05-11 14:39:19Z] CHK MOM:0.08% RANGE:0.08% UP:40% SPREAD:0.06702412% BID:0.2984 ASK:0.2986 MID:0.2985 P1:0.2985 P2:0.2985 P3:0.2985 P4:0.29835 STATE:IDLE
[2026-05-11 14:39:19Z] CHK MOM:0.08% RANGE:0.08% UP:40% SPREAD:0.06702412% BID:0.2984 ASK:0.2986 MID:0.2985 P1:0.2985 P2:0.2985 P3:0.2985 P4:0.29835 STATE:IDLE
[2026-05-11 14:39:20Z] CHK MOM:0.11% RANGE:0.11% UP:50% SPREAD:0.06700167% BID:0.2985 ASK:0.2987 MID:0.2986 P1:0.2986 P2:0.2985 P3:0.2985 P4:0.2985 STATE:IDLE
[2026-05-11 14:39:20Z] CHK MOM:0.13% RANGE:0.13% UP:57.14% SPREAD:0.03348961% BID:0.2986 ASK:0.2987 MID:0.29864999 P1:0.29864999 P2:0.2986 P3:0.2985 P4:0.2985 STATE:IDLE
[2026-05-11 14:39:21Z] CHK MOM:0.13% RANGE:0.13% UP:57.14% SPREAD:0.03348961% BID:0.2986 ASK:0.2987 MID:0.29864999 P1:0.29864999 P2:0.2986 P3:0.2985 P4:0.2985 STATE:IDLE
[2026-05-11 14:39:21Z] CHK MOM:0.13% RANGE:0.13% UP:57.14% SPREAD:0.03348961% BID:0.2986 ASK:0.2987 MID:0.29864999 P1:0.29864999 P2:0.2986 P3:0.2985 P4:0.2985 STATE:IDLE
[2026-05-11 14:39:22Z] CHK MOM:0.13% RANGE:0.13% UP:57.14% SPREAD:0.03348961% BID:0.2986 ASK:0.2987 MID:0.29864999 P1:0.29864999 P2:0.2986 P3:0.2985 P4:0.2985 STATE:IDLE
[2026-05-11 14:39:23Z] CHK MOM:0.16% RANGE:0.16% UP:62.5% SPREAD:0.0334784% BID:0.2987 ASK:0.2988 MID:0.29875 P1:0.29875 P2:0.29864999 P3:0.2986 P4:0.2985 STATE:IDLE
[2026-05-11 14:39:23Z] CHK MOM:0.16% RANGE:0.16% UP:62.5% SPREAD:0.0334784% BID:0.2987 ASK:0.2988 MID:0.29875 P1:0.29875 P2:0.29864999 P3:0.2986 P4:0.2985 STATE:IDLE
[2026-05-11 14:39:24Z] CHK MOM:0.16% RANGE:0.16% UP:62.5% SPREAD:0.0334784% BID:0.2987 ASK:0.2988 MID:0.29875 P1:0.29875 P2:0.29864999 P3:0.2986 P4:0.2985 STATE:IDLE
[2026-05-11 14:39:24Z] CHK MOM:0.16% RANGE:0.16% UP:62.5% SPREAD:0.0334784% BID:0.2987 ASK:0.2988 MID:0.29875 P1:0.29875 P2:0.29864999 P3:0.2986 P4:0.2985 STATE:IDLE
[2026-05-11 14:39:25Z] CHK MOM:0.15% RANGE:0.15% UP:62.5% SPREAD:0.06695681% BID:0.2987 ASK:0.2989 MID:0.2988 P1:0.2988 P2:0.29875 P3:0.29864999 P4:0.2986 STATE:IDLE
[2026-05-11 14:39:25Z] CHK MOM:0.2% RANGE:0.2% UP:66.66% SPREAD:0.033456% BID:0.2989 ASK:0.299 MID:0.29895 P1:0.29895 P2:0.2988 P3:0.29875 P4:0.29864999 STATE:IDLE
[2026-05-11 14:39:26Z] CHK MOM:0.2% RANGE:0.2% UP:66.66% SPREAD:0.033456% BID:0.2989 ASK:0.299 MID:0.29895 P1:0.29895 P2:0.2988 P3:0.29875 P4:0.29864999 STATE:IDLE
[2026-05-11 14:39:26Z] CHK MOM:0.2% RANGE:0.2% UP:66.66% SPREAD:0.033456% BID:0.2989 ASK:0.299 MID:0.29895 P1:0.29895 P2:0.29895 P3:0.2988 P4:0.29875 STATE:IDLE
[2026-05-11 14:39:27Z] CHK MOM:0.2% RANGE:0.2% UP:66.66% SPREAD:0.033456% BID:0.2989 ASK:0.299 MID:0.29895 P1:0.29895 P2:0.29895 P3:0.2988 P4:0.29875 STATE:IDLE
[2026-05-11 14:39:28Z] CHK MOM:0.15% RANGE:0.15% UP:55.55% SPREAD:0.033456% BID:0.2989 ASK:0.299 MID:0.29895 P1:0.29895 P2:0.29895 P3:0.29895 P4:0.2988 STATE:IDLE
[2026-05-11 14:39:28Z] CHK MOM:0.11% RANGE:0.15% UP:50% SPREAD:0.10043521% BID:0.2987 ASK:0.299 MID:0.29885 P1:0.29885 P2:0.29895 P3:0.29895 P4:0.29895 STATE:IDLE
[2026-05-11 14:39:29Z] CHK MOM:0.11% RANGE:0.15% UP:50% SPREAD:0.10043521% BID:0.2987 ASK:0.299 MID:0.29885 P1:0.29885 P2:0.29895 P3:0.29895 P4:0.29895 STATE:IDLE
[2026-05-11 14:39:29Z] CHK MOM:0.11% RANGE:0.15% UP:50% SPREAD:0.10043521% BID:0.2987 ASK:0.299 MID:0.29885 P1:0.29885 P2:0.29895 P3:0.29895 P4:0.29895 STATE:IDLE
[2026-05-11 14:39:30Z] CHK MOM:0.08% RANGE:0.11% UP:50% SPREAD:0.10043521% BID:0.2987 ASK:0.299 MID:0.29885 P1:0.29885 P2:0.29885 P3:0.29895 P4:0.29895 STATE:IDLE
[2026-05-11 14:39:30Z] CHK MOM:0.08% RANGE:0.11% UP:50% SPREAD:0.10043521% BID:0.2987 ASK:0.299 MID:0.29885 P1:0.29885 P2:0.29885 P3:0.29895 P4:0.29895 STATE:IDLE
[2026-05-11 14:39:31Z] CHK MOM:0.08% RANGE:0.11% UP:50% SPREAD:0.10043521% BID:0.2987 ASK:0.299 MID:0.29885 P1:0.29885 P2:0.29885 P3:0.29895 P4:0.29895 STATE:IDLE
[2026-05-11 14:39:31Z] CHK MOM:0.06% RANGE:0.11% UP:44.44% SPREAD:0.06695681% BID:0.2987 ASK:0.2989 MID:0.2988 P1:0.2988 P2:0.29885 P3:0.29885 P4:0.29895 STATE:IDLE
[2026-05-11 14:39:32Z] CHK MOM:0.06% RANGE:0.11% UP:44.44% SPREAD:0.06695681% BID:0.2987 ASK:0.2989 MID:0.2988 P1:0.2988 P2:0.29885 P3:0.29885 P4:0.29895 STATE:IDLE
[2026-05-11 14:39:33Z] CHK MOM:0.06% RANGE:0.11% UP:44.44% SPREAD:0.06695681% BID:0.2987 ASK:0.2989 MID:0.2988 P1:0.2988 P2:0.29885 P3:0.29885 P4:0.29895 STATE:IDLE
[2026-05-11 14:39:33Z] CHK MOM:0.03% RANGE:0.06% UP:37.5% SPREAD:0.10043521% BID:0.2987 ASK:0.299 MID:0.29885 P1:0.29885 P2:0.2988 P3:0.29885 P4:0.29885 STATE:IDLE
[2026-05-11 14:39:34Z] CHK MOM:0.03% RANGE:0.06% UP:37.5% SPREAD:0.10043521% BID:0.2987 ASK:0.299 MID:0.29885 P1:0.29885 P2:0.2988 P3:0.29885 P4:0.29885 STATE:IDLE
[2026-05-11 14:39:34Z] CHK MOM:0.03% RANGE:0.06% UP:37.5% SPREAD:0.10043521% BID:0.2987 ASK:0.299 MID:0.29885 P1:0.29885 P2:0.2988 P3:0.29885 P4:0.29885 STATE:IDLE
[2026-05-11 14:39:35Z] CHK MOM:0.03% RANGE:0.06% UP:37.5% SPREAD:0.10043521% BID:0.2987 ASK:0.299 MID:0.29885 P1:0.29885 P2:0.2988 P3:0.29885 P4:0.29885 STATE:IDLE
[2026-05-11 14:39:35Z] CHK MOM:0.03% RANGE:0.06% UP:37.5% SPREAD:0.10043521% BID:0.2987 ASK:0.299 MID:0.29885 P1:0.29885 P2:0.2988 P3:0.29885 P4:0.29885 STATE:IDLE
[2026-05-11 14:39:36Z] CHK MOM:0.03% RANGE:0.06% UP:37.5% SPREAD:0.10043521% BID:0.2987 ASK:0.299 MID:0.29885 P1:0.29885 P2:0.2988 P3:0.29885 P4:0.29885 STATE:IDLE
[2026-05-11 14:39:36Z] CHK MOM:0.01% RANGE:0.05% UP:25% SPREAD:0.10043521% BID:0.2987 ASK:0.299 MID:0.29885 P1:0.29885 P2:0.29885 P3:0.2988 P4:0.29885 STATE:IDLE
[2026-05-11 14:39:37Z] CHK MOM:0.01% RANGE:0.05% UP:25% SPREAD:0.10043521% BID:0.2987 ASK:0.299 MID:0.29885 P1:0.29885 P2:0.29885 P3:0.2988 P4:0.29885 STATE:IDLE
[2026-05-11 14:39:37Z] CHK MOM:0.01% RANGE:0.05% UP:25% SPREAD:0.10043521% BID:0.2987 ASK:0.299 MID:0.29885 P1:0.29885 P2:0.29885 P3:0.2988 P4:0.29885 STATE:IDLE
[2026-05-11 14:39:38Z] CHK MOM:0.5% RANGE:0.55% UP:28.57% SPREAD:0.09990009% BID:0.3003 ASK:0.3006 MID:0.30045 P1:0.30045 P2:0.29885 P3:0.29885 P4:0.2988 STATE:IDLE
[2026-05-11 14:39:39Z] CHK MOM:0.86% RANGE:0.92% UP:42.85% SPREAD:0.0995355% BID:0.3014 ASK:0.3017 MID:0.30155 P1:0.30155 P2:0.30045 P3:0.29885 P4:0.29885 STATE:IDLE
[2026-05-11 14:39:40Z] DECIDE_HOLD reason=HOLD_BURST_EMA spread=0.0995% mom=0.8697% range=0.9203% up=42.86% mid=0.30155000 P1=0.30155 P2=0.30045 P3=0.29885 P4=0.29885 ema1=0
[2026-05-11 14:39:40Z] CHK MOM:0.83% RANGE:0.92% UP:37.5% SPREAD:0.09956853% BID:0.3013 ASK:0.3016 MID:0.30145 P1:0.30145 P2:0.30155 P3:0.30045 P4:0.29885 STATE:IDLE
[2026-05-11 14:39:41Z] CHK MOM:0.87% RANGE:0.92% UP:42.85% SPREAD:0.09956853% BID:0.3013 ASK:0.3016 MID:0.30145 P1:0.30145 P2:0.30145 P3:0.30155 P4:0.30045 STATE:IDLE
[2026-05-11 14:39:41Z] CHK MOM:0.87% RANGE:0.92% UP:37.5% SPREAD:0.09956853% BID:0.3013 ASK:0.3016 MID:0.30145 P1:0.30145 P2:0.30145 P3:0.30145 P4:0.30155 STATE:IDLE
[2026-05-11 14:39:42Z] CHK MOM:0.87% RANGE:0.92% UP:37.5% SPREAD:0.09956853% BID:0.3013 ASK:0.3016 MID:0.30145 P1:0.30145 P2:0.30145 P3:0.30145 P4:0.30155 STATE:IDLE
[2026-05-11 14:39:42Z] CHK MOM:0.85% RANGE:0.92% UP:37.5% SPREAD:0.16605778% BID:0.3011 ASK:0.3016 MID:0.30135 P1:0.30135 P2:0.30145 P3:0.30145 P4:0.30145 STATE:IDLE
[2026-05-11 14:39:43Z] CHK MOM:0.75% RANGE:0.92% UP:33.33% SPREAD:0.09970089% BID:0.3009 ASK:0.3012 MID:0.30105 P1:0.30105 P2:0.30135 P3:0.30145 P4:0.30145 STATE:IDLE
[2026-05-11 14:39:44Z] CHK MOM:0.75% RANGE:0.92% UP:30% SPREAD:0.09970089% BID:0.3009 ASK:0.3012 MID:0.30105 P1:0.30105 P2:0.30105 P3:0.30135 P4:0.30145 STATE:IDLE
[2026-05-11 14:39:44Z] CHK MOM:0.75% RANGE:0.92% UP:30% SPREAD:0.09970089% BID:0.3009 ASK:0.3012 MID:0.30105 P1:0.30105 P2:0.30105 P3:0.30135 P4:0.30145 STATE:IDLE
[2026-05-11 14:39:45Z] CHK MOM:0.75% RANGE:0.92% UP:30% SPREAD:0.09970089% BID:0.3009 ASK:0.3012 MID:0.30105 P1:0.30105 P2:0.30105 P3:0.30135 P4:0.30145 STATE:IDLE
[2026-05-11 14:39:45Z] CHK MOM:0.75% RANGE:0.9% UP:33.33% SPREAD:0.13293452% BID:0.3009 ASK:0.3013 MID:0.3011 P1:0.3011 P2:0.30105 P3:0.30105 P4:0.30135 STATE:IDLE
[2026-05-11 14:39:46Z] CHK MOM:0.76% RANGE:0.9% UP:40% SPREAD:0.09966777% BID:0.301 ASK:0.3013 MID:0.30115 P1:0.30115 P2:0.3011 P3:0.30105 P4:0.30105 STATE:IDLE
[2026-05-11 14:39:46Z] CHK MOM:0.75% RANGE:0.9% UP:36.36% SPREAD:0.13293452% BID:0.3009 ASK:0.3013 MID:0.3011 P1:0.3011 P2:0.30115 P3:0.3011 P4:0.30105 STATE:IDLE
[2026-05-11 14:39:47Z] CHK MOM:0.76% RANGE:0.9% UP:41.66% SPREAD:0.09966777% BID:0.301 ASK:0.3013 MID:0.30115 P1:0.30115 P2:0.3011 P3:0.30115 P4:0.3011 STATE:IDLE
[2026-05-11 14:39:47Z] CHK MOM:0.76% RANGE:0.9% UP:41.66% SPREAD:0.09966777% BID:0.301 ASK:0.3013 MID:0.30115 P1:0.30115 P2:0.3011 P3:0.30115 P4:0.3011 STATE:IDLE
[2026-05-11 14:39:48Z] CHK MOM:0.76% RANGE:0.9% UP:41.66% SPREAD:0.09966777% BID:0.301 ASK:0.3013 MID:0.30115 P1:0.30115 P2:0.3011 P3:0.30115 P4:0.3011 STATE:IDLE
[2026-05-11 14:39:48Z] CHK MOM:0.23% RANGE:0.36% UP:33.33% SPREAD:0.09966777% BID:0.301 ASK:0.3013 MID:0.30115 P1:0.30115 P2:0.30115 P3:0.3011 P4:0.30115 STATE:IDLE
[2026-05-11 14:39:49Z] CHK MOM:0.23% RANGE:0.36% UP:33.33% SPREAD:0.09966777% BID:0.301 ASK:0.3013 MID:0.30115 P1:0.30115 P2:0.30115 P3:0.3011 P4:0.30115 STATE:IDLE
[2026-05-11 14:39:50Z] CHK MOM:0.23% RANGE:0.36% UP:33.33% SPREAD:0.09966777% BID:0.301 ASK:0.3013 MID:0.30115 P1:0.30115 P2:0.30115 P3:0.3011 P4:0.30115 STATE:IDLE
[2026-05-11 14:39:50Z] CHK MOM:-0.13% RANGE:0.16% UP:25% SPREAD:0.09966777% BID:0.301 ASK:0.3013 MID:0.30115 P1:0.30115 P2:0.30115 P3:0.30115 P4:0.3011 STATE:IDLE
[2026-05-11 14:39:51Z] CHK MOM:-0.09% RANGE:0.13% UP:25% SPREAD:0.09966777% BID:0.301 ASK:0.3013 MID:0.30115 P1:0.30115 P2:0.30115 P3:0.30115 P4:0.30115 STATE:IDLE
[2026-05-11 14:39:51Z] CHK MOM:-0.08% RANGE:0.13% UP:30.76% SPREAD:0.13289036% BID:0.301 ASK:0.3014 MID:0.3012 P1:0.3012 P2:0.30115 P3:0.30115 P4:0.30115 STATE:IDLE
[2026-05-11 14:39:52Z] CHK MOM:-0.08% RANGE:0.13% UP:30.76% SPREAD:0.13289036% BID:0.301 ASK:0.3014 MID:0.3012 P1:0.3012 P2:0.30115 P3:0.30115 P4:0.30115 STATE:IDLE
[2026-05-11 14:39:52Z] CHK MOM:-0.04% RANGE:0.13% UP:38.46% SPREAD:0.06640106% BID:0.3012 ASK:0.3014 MID:0.3013 P1:0.3013 P2:0.3012 P3:0.30115 P4:0.30115 STATE:IDLE
[2026-05-11 14:39:53Z] CHK MOM:-0.04% RANGE:0.13% UP:35.71% SPREAD:0.06640106% BID:0.3012 ASK:0.3014 MID:0.3013 P1:0.3013 P2:0.3013 P3:0.3012 P4:0.30115 STATE:IDLE
[2026-05-11 14:39:53Z] CHK MOM:-0.04% RANGE:0.13% UP:35.71% SPREAD:0.06640106% BID:0.3012 ASK:0.3014 MID:0.3013 P1:0.3013 P2:0.3013 P3:0.3012 P4:0.30115 STATE:IDLE
[2026-05-11 14:39:54Z] CHK MOM:-0.04% RANGE:0.13% UP:35.71% SPREAD:0.06640106% BID:0.3012 ASK:0.3014 MID:0.3013 P1:0.3013 P2:0.3013 P3:0.3012 P4:0.30115 STATE:IDLE
[2026-05-11 14:39:55Z] CHK MOM:0.01% RANGE:0.11% UP:46.15% SPREAD:0.13280212% BID:0.3012 ASK:0.3016 MID:0.3014 P1:0.3014 P2:0.3013 P3:0.3013 P4:0.3012 STATE:IDLE
[2026-05-11 14:39:55Z] CHK MOM:0.11% RANGE:0.11% UP:50% SPREAD:0.06637902% BID:0.3013 ASK:0.3015 MID:0.3014 P1:0.3014 P2:0.3014 P3:0.3013 P4:0.3013 STATE:IDLE
[2026-05-11 14:39:56Z] CHK MOM:0.11% RANGE:0.11% UP:50% SPREAD:0.06637902% BID:0.3013 ASK:0.3015 MID:0.3014 P1:0.3014 P2:0.3014 P3:0.3013 P4:0.3013 STATE:IDLE
[2026-05-11 14:39:56Z] CHK MOM:0.11% RANGE:0.11% UP:50% SPREAD:0.06637902% BID:0.3013 ASK:0.3015 MID:0.3014 P1:0.3014 P2:0.3014 P3:0.3013 P4:0.3013 STATE:IDLE
[2026-05-11 14:39:57Z] CHK MOM:0.06% RANGE:0.09% UP:41.66% SPREAD:0.13284623% BID:0.3011 ASK:0.3015 MID:0.3013 P1:0.3013 P2:0.3014 P3:0.3014 P4:0.3013 STATE:IDLE
[2026-05-11 14:39:57Z] CHK MOM:0.08% RANGE:0.09% UP:46.15% SPREAD:0.09960159% BID:0.3012 ASK:0.3015 MID:0.30135 P1:0.30135 P2:0.3013 P3:0.3014 P4:0.3014 STATE:IDLE
[2026-05-11 14:39:58Z] CHK MOM:0.08% RANGE:0.09% UP:46.15% SPREAD:0.09960159% BID:0.3012 ASK:0.3015 MID:0.30135 P1:0.30135 P2:0.3013 P3:0.3014 P4:0.3014 STATE:IDLE
[2026-05-11 14:39:58Z] CHK MOM:0.08% RANGE:0.09% UP:46.15% SPREAD:0.09960159% BID:0.3012 ASK:0.3015 MID:0.30135 P1:0.30135 P2:0.3013 P3:0.3014 P4:0.3014 STATE:IDLE
[2026-05-11 14:39:59Z] CHK MOM:0.08% RANGE:0.09% UP:46.15% SPREAD:0.09960159% BID:0.3012 ASK:0.3015 MID:0.30135 P1:0.30135 P2:0.3013 P3:0.3014 P4:0.3014 STATE:IDLE
[2026-05-11 14:39:59Z] CHK MOM:0.08% RANGE:0.09% UP:46.15% SPREAD:0.09960159% BID:0.3012 ASK:0.3015 MID:0.30135 P1:0.30135 P2:0.3013 P3:0.3014 P4:0.3014 STATE:IDLE
[2026-05-11 14:40:00Z] CHK MOM:0.08% RANGE:0.09% UP:46.15% SPREAD:0.09960159% BID:0.3012 ASK:0.3015 MID:0.30135 P1:0.30135 P2:0.3013 P3:0.3014 P4:0.3014 STATE:IDLE
[2026-05-11 14:40:01Z] CHK MOM:0.06% RANGE:0.08% UP:44.44% SPREAD:0.09960159% BID:0.3012 ASK:0.3015 MID:0.30135 P1:0.30135 P2:0.30135 P3:0.3013 P4:0.3014 STATE:IDLE
[2026-05-11 14:40:01Z] CHK MOM:0.09% RANGE:0.09% UP:50% SPREAD:0.09956853% BID:0.3013 ASK:0.3016 MID:0.30145 P1:0.30145 P2:0.30135 P3:0.30135 P4:0.3013 STATE:IDLE
[2026-05-11 14:40:02Z] CHK MOM:0.09% RANGE:0.09% UP:50% SPREAD:0.09956853% BID:0.3013 ASK:0.3016 MID:0.30145 P1:0.30145 P2:0.30135 P3:0.30135 P4:0.3013 STATE:IDLE
[2026-05-11 14:40:02Z] CHK MOM:0.13% RANGE:0.13% UP:60% SPREAD:0.0995355% BID:0.3014 ASK:0.3017 MID:0.30155 P1:0.30155 P2:0.30145 P3:0.30135 P4:0.30135 STATE:IDLE
[2026-05-11 14:40:03Z] CHK MOM:0.13% RANGE:0.13% UP:60% SPREAD:0.0995355% BID:0.3014 ASK:0.3017 MID:0.30155 P1:0.30155 P2:0.30145 P3:0.30135 P4:0.30135 STATE:IDLE
[2026-05-11 14:40:03Z] CHK MOM:0.09% RANGE:0.09% UP:55.55% SPREAD:0.06633499% BID:0.3015 ASK:0.3017 MID:0.3016 P1:0.3016 P2:0.30155 P3:0.30145 P4:0.30135 STATE:IDLE
[2026-05-11 14:40:04Z] CHK MOM:0.09% RANGE:0.09% UP:55.55% SPREAD:0.06633499% BID:0.3015 ASK:0.3017 MID:0.3016 P1:0.3016 P2:0.30155 P3:0.30145 P4:0.30135 STATE:IDLE
[2026-05-11 14:40:04Z] CHK MOM:0.09% RANGE:0.09% UP:55.55% SPREAD:0.06633499% BID:0.3015 ASK:0.3017 MID:0.3016 P1:0.3016 P2:0.30155 P3:0.30145 P4:0.30135 STATE:IDLE
[2026-05-11 14:40:05Z] CHK MOM:0.09% RANGE:0.09% UP:55.55% SPREAD:0.06633499% BID:0.3015 ASK:0.3017 MID:0.3016 P1:0.3016 P2:0.30155 P3:0.30145 P4:0.30135 STATE:IDLE
[2026-05-11 14:40:06Z] CHK MOM:0.03% RANGE:0.09% UP:50% SPREAD:0.066357% BID:0.3014 ASK:0.3016 MID:0.3015 P1:0.3015 P2:0.3016 P3:0.30155 P4:0.30145 STATE:IDLE
[2026-05-11 14:40:06Z] CHK MOM:0.03% RANGE:0.09% UP:50% SPREAD:0.066357% BID:0.3014 ASK:0.3016 MID:0.3015 P1:0.3015 P2:0.3016 P3:0.30155 P4:0.30145 STATE:IDLE
[2026-05-11 14:40:07Z] CHK MOM:0.03% RANGE:0.09% UP:50% SPREAD:0.066357% BID:0.3014 ASK:0.3016 MID:0.3015 P1:0.3015 P2:0.3016 P3:0.30155 P4:0.30145 STATE:IDLE
[2026-05-11 14:40:07Z] CHK MOM:0.04% RANGE:0.09% UP:57.14% SPREAD:0.09956853% BID:0.3013 ASK:0.3016 MID:0.30145 P1:0.30145 P2:0.3015 P3:0.3016 P4:0.30155 STATE:IDLE
[2026-05-11 14:40:08Z] CHK MOM:0.04% RANGE:0.09% UP:50% SPREAD:0.09956853% BID:0.3013 ASK:0.3016 MID:0.30145 P1:0.30145 P2:0.30145 P3:0.3015 P4:0.3016 STATE:IDLE
[2026-05-11 14:40:08Z] CHK MOM:0.04% RANGE:0.09% UP:50% SPREAD:0.09956853% BID:0.3013 ASK:0.3016 MID:0.30145 P1:0.30145 P2:0.30145 P3:0.3015 P4:0.3016 STATE:IDLE
[2026-05-11 14:40:09Z] CHK MOM:0.04% RANGE:0.09% UP:44.44% SPREAD:0.09956853% BID:0.3013 ASK:0.3016 MID:0.30145 P1:0.30145 P2:0.30145 P3:0.30145 P4:0.3015 STATE:IDLE
[2026-05-11 14:40:09Z] CHK MOM:0.04% RANGE:0.09% UP:44.44% SPREAD:0.09956853% BID:0.3013 ASK:0.3016 MID:0.30145 P1:0.30145 P2:0.30145 P3:0.30145 P4:0.3015 STATE:IDLE
[2026-05-11 14:40:10Z] CHK MOM:-0.08% RANGE:0.16% UP:37.5% SPREAD:0.06644518% BID:0.301 ASK:0.3012 MID:0.3011 P1:0.3011 P2:0.30145 P3:0.30145 P4:0.30145 STATE:IDLE
[2026-05-11 14:40:11Z] CHK MOM:-0.08% RANGE:0.16% UP:37.5% SPREAD:0.06644518% BID:0.301 ASK:0.3012 MID:0.3011 P1:0.3011 P2:0.30145 P3:0.30145 P4:0.30145 STATE:IDLE
[2026-05-11 14:40:11Z] CHK MOM:0.01% RANGE:0.16% UP:44.44% SPREAD:0.06637902% BID:0.3013 ASK:0.3015 MID:0.3014 P1:0.3014 P2:0.3011 P3:0.30145 P4:0.30145 STATE:IDLE
[2026-05-11 14:40:12Z] CHK MOM:0% RANGE:0.16% UP:40% SPREAD:0.09960159% BID:0.3012 ASK:0.3015 MID:0.30135 P1:0.30135 P2:0.3014 P3:0.3011 P4:0.30145 STATE:IDLE
[2026-05-11 14:40:12Z] CHK MOM:0% RANGE:0.16% UP:40% SPREAD:0.09960159% BID:0.3012 ASK:0.3015 MID:0.30135 P1:0.30135 P2:0.3014 P3:0.3011 P4:0.30145 STATE:IDLE
[2026-05-11 14:40:13Z] CHK MOM:0% RANGE:0.16% UP:40% SPREAD:0.09960159% BID:0.3012 ASK:0.3015 MID:0.30135 P1:0.30135 P2:0.3014 P3:0.3011 P4:0.30145 STATE:IDLE
[2026-05-11 14:40:13Z] CHK MOM:-0.04% RANGE:0.16% UP:30% SPREAD:0.13284623% BID:0.3011 ASK:0.3015 MID:0.3013 P1:0.3013 P2:0.30135 P3:0.3014 P4:0.3011 STATE:IDLE
[2026-05-11 14:40:14Z] CHK MOM:-0.04% RANGE:0.16% UP:30% SPREAD:0.13284623% BID:0.3011 ASK:0.3015 MID:0.3013 P1:0.3013 P2:0.30135 P3:0.3014 P4:0.3011 STATE:IDLE
[2026-05-11 14:40:14Z] CHK MOM:-0.06% RANGE:0.16% UP:30% SPREAD:0.09960159% BID:0.3012 ASK:0.3015 MID:0.30135 P1:0.30135 P2:0.3013 P3:0.30135 P4:0.3014 STATE:IDLE
[2026-05-11 14:40:15Z] CHK MOM:-0.01% RANGE:0.16% UP:30% SPREAD:0.0995355% BID:0.3014 ASK:0.3017 MID:0.30155 P1:0.30155 P2:0.30135 P3:0.3013 P4:0.30135 STATE:IDLE
[2026-05-11 14:40:16Z] CHK MOM:-0.01% RANGE:0.16% UP:27.27% SPREAD:0.0995355% BID:0.3014 ASK:0.3017 MID:0.30155 P1:0.30155 P2:0.30155 P3:0.30135 P4:0.3013 STATE:IDLE
[2026-05-11 14:40:16Z] CHK MOM:-0.01% RANGE:0.16% UP:27.27% SPREAD:0.0995355% BID:0.3014 ASK:0.3017 MID:0.30155 P1:0.30155 P2:0.30155 P3:0.30135 P4:0.3013 STATE:IDLE
[2026-05-11 14:40:17Z] CHK MOM:0% RANGE:0.14% UP:27.27% SPREAD:0.066357% BID:0.3014 ASK:0.3016 MID:0.3015 P1:0.3015 P2:0.30155 P3:0.30155 P4:0.30135 STATE:IDLE
[2026-05-11 14:40:17Z] CHK MOM:0% RANGE:0.14% UP:25% SPREAD:0.066357% BID:0.3014 ASK:0.3016 MID:0.3015 P1:0.3015 P2:0.3015 P3:0.30155 P4:0.30155 STATE:IDLE
[2026-05-11 14:40:18Z] CHK MOM:0.03% RANGE:0.14% UP:33.33% SPREAD:0.0995355% BID:0.3014 ASK:0.3017 MID:0.30155 P1:0.30155 P2:0.3015 P3:0.3015 P4:0.30155 STATE:IDLE
[2026-05-11 14:40:18Z] CHK MOM:0.03% RANGE:0.14% UP:30.76% SPREAD:0.0995355% BID:0.3014 ASK:0.3017 MID:0.30155 P1:0.30155 P2:0.30155 P3:0.3015 P4:0.3015 STATE:IDLE
[2026-05-11 14:40:19Z] CHK MOM:0.04% RANGE:0.16% UP:35.71% SPREAD:0.06633499% BID:0.3015 ASK:0.3017 MID:0.3016 P1:0.3016 P2:0.30155 P3:0.30155 P4:0.3015 STATE:IDLE
[2026-05-11 14:40:19Z] CHK MOM:0.04% RANGE:0.16% UP:35.71% SPREAD:0.06633499% BID:0.3015 ASK:0.3017 MID:0.3016 P1:0.3016 P2:0.30155 P3:0.30155 P4:0.3015 STATE:IDLE
[2026-05-11 14:40:20Z] CHK MOM:0.04% RANGE:0.16% UP:35.71% SPREAD:0.06633499% BID:0.3015 ASK:0.3017 MID:0.3016 P1:0.3016 P2:0.30155 P3:0.30155 P4:0.3015 STATE:IDLE
[2026-05-11 14:40:20Z] CHK MOM:0.04% RANGE:0.16% UP:35.71% SPREAD:0.06633499% BID:0.3015 ASK:0.3017 MID:0.3016 P1:0.3016 P2:0.30155 P3:0.30155 P4:0.3015 STATE:IDLE
[2026-05-11 14:40:21Z] CHK MOM:0.04% RANGE:0.16% UP:35.71% SPREAD:0.06633499% BID:0.3015 ASK:0.3017 MID:0.3016 P1:0.3016 P2:0.30155 P3:0.30155 P4:0.3015 STATE:IDLE
[2026-05-11 14:40:22Z] CHK MOM:0.16% RANGE:0.16% UP:41.66% SPREAD:0.06633499% BID:0.3015 ASK:0.3017 MID:0.3016 P1:0.3016 P2:0.3016 P3:0.30155 P4:0.30155 STATE:IDLE
[2026-05-11 14:40:22Z] CHK MOM:0.16% RANGE:0.16% UP:41.66% SPREAD:0.06633499% BID:0.3015 ASK:0.3017 MID:0.3016 P1:0.3016 P2:0.3016 P3:0.30155 P4:0.30155 STATE:IDLE
[2026-05-11 14:40:23Z] CHK MOM:0.16% RANGE:0.16% UP:41.66% SPREAD:0.06633499% BID:0.3015 ASK:0.3017 MID:0.3016 P1:0.3016 P2:0.3016 P3:0.30155 P4:0.30155 STATE:IDLE
[2026-05-11 14:40:23Z] CHK MOM:0.16% RANGE:0.16% UP:41.66% SPREAD:0.06633499% BID:0.3015 ASK:0.3017 MID:0.3016 P1:0.3016 P2:0.3016 P3:0.30155 P4:0.30155 STATE:IDLE
[2026-05-11 14:40:24Z] CHK MOM:0.16% RANGE:0.16% UP:41.66% SPREAD:0.06633499% BID:0.3015 ASK:0.3017 MID:0.3016 P1:0.3016 P2:0.3016 P3:0.30155 P4:0.30155 STATE:IDLE
[2026-05-11 14:40:24Z] CHK MOM:0.09% RANGE:0.09% UP:40% SPREAD:0.06633499% BID:0.3015 ASK:0.3017 MID:0.3016 P1:0.3016 P2:0.3016 P3:0.3016 P4:0.30155 STATE:IDLE
[2026-05-11 14:40:25Z] CHK MOM:0.13% RANGE:0.13% UP:45.45% SPREAD:0.06631299% BID:0.3016 ASK:0.3018 MID:0.30169999 P1:0.30169999 P2:0.3016 P3:0.3016 P4:0.3016 STATE:IDLE
[2026-05-11 14:40:25Z] CHK MOM:0.13% RANGE:0.13% UP:45.45% SPREAD:0.06631299% BID:0.3016 ASK:0.3018 MID:0.30169999 P1:0.30169999 P2:0.3016 P3:0.3016 P4:0.3016 STATE:IDLE
[2026-05-11 14:40:26Z] CHK MOM:0.11% RANGE:0.11% UP:36.36% SPREAD:0.06631299% BID:0.3016 ASK:0.3018 MID:0.30169999 P1:0.30169999 P2:0.30169999 P3:0.3016 P4:0.3016 STATE:IDLE
[2026-05-11 14:40:27Z] CHK MOM:0.04% RANGE:0.06% UP:27.27% SPREAD:0.06631299% BID:0.3016 ASK:0.3018 MID:0.30169999 P1:0.30169999 P2:0.30169999 P3:0.30169999 P4:0.3016 STATE:IDLE
[2026-05-11 14:40:27Z] CHK MOM:0.04% RANGE:0.06% UP:27.27% SPREAD:0.06631299% BID:0.3016 ASK:0.3018 MID:0.30169999 P1:0.30169999 P2:0.30169999 P3:0.30169999 P4:0.3016 STATE:IDLE
[2026-05-11 14:40:28Z] CHK MOM:0.04% RANGE:0.06% UP:27.27% SPREAD:0.06631299% BID:0.3016 ASK:0.3018 MID:0.30169999 P1:0.30169999 P2:0.30169999 P3:0.30169999 P4:0.3016 STATE:IDLE
[2026-05-11 14:40:28Z] CHK MOM:0.11% RANGE:0.11% UP:40% SPREAD:0.09943652% BID:0.3017 ASK:0.302 MID:0.30185 P1:0.30185 P2:0.30169999 P3:0.30169999 P4:0.30169999 STATE:IDLE
[2026-05-11 14:40:29Z] CHK MOM:0.11% RANGE:0.11% UP:40% SPREAD:0.09943652% BID:0.3017 ASK:0.302 MID:0.30185 P1:0.30185 P2:0.30185 P3:0.30169999 P4:0.30169999 STATE:IDLE
[2026-05-11 14:40:29Z] CHK MOM:0.11% RANGE:0.11% UP:36.36% SPREAD:0.09943652% BID:0.3017 ASK:0.302 MID:0.30185 P1:0.30185 P2:0.30185 P3:0.30185 P4:0.30169999 STATE:IDLE
[2026-05-11 14:40:30Z] CHK MOM:0.09% RANGE:0.09% UP:27.27% SPREAD:0.09943652% BID:0.3017 ASK:0.302 MID:0.30185 P1:0.30185 P2:0.30185 P3:0.30185 P4:0.30185 STATE:IDLE
[2026-05-11 14:40:30Z] CHK MOM:0.09% RANGE:0.09% UP:27.27% SPREAD:0.09943652% BID:0.3017 ASK:0.302 MID:0.30185 P1:0.30185 P2:0.30185 P3:0.30185 P4:0.30185 STATE:IDLE
[2026-05-11 14:40:31Z] CHK MOM:0.09% RANGE:0.09% UP:27.27% SPREAD:0.09943652% BID:0.3017 ASK:0.302 MID:0.30185 P1:0.30185 P2:0.30185 P3:0.30185 P4:0.30185 STATE:IDLE
[2026-05-11 14:40:31Z] CHK MOM:0.06% RANGE:0.08% UP:22.22% SPREAD:0.13262599% BID:0.3016 ASK:0.302 MID:0.30179999 P1:0.30179999 P2:0.30185 P3:0.30185 P4:0.30185 STATE:IDLE
[2026-05-11 14:40:32Z] CHK MOM:0.06% RANGE:0.08% UP:20% SPREAD:0.13262599% BID:0.3016 ASK:0.302 MID:0.30179999 P1:0.30179999 P2:0.30179999 P3:0.30185 P4:0.30185 STATE:IDLE
[2026-05-11 14:40:33Z] CHK MOM:0.06% RANGE:0.08% UP:20% SPREAD:0.13262599% BID:0.3016 ASK:0.302 MID:0.30179999 P1:0.30179999 P2:0.30179999 P3:0.30185 P4:0.30185 STATE:IDLE
[2026-05-11 14:40:33Z] CHK MOM:0.04% RANGE:0.08% UP:18.18% SPREAD:0.16583747% BID:0.3015 ASK:0.302 MID:0.30174999 P1:0.30174999 P2:0.30179999 P3:0.30179999 P4:0.30185 STATE:IDLE
[2026-05-11 14:40:34Z] CHK MOM:0.01% RANGE:0.08% UP:16.66% SPREAD:0.1658925% BID:0.3014 ASK:0.3019 MID:0.30165 P1:0.30165 P2:0.30174999 P3:0.30179999 P4:0.30179999 STATE:IDLE
[2026-05-11 14:40:34Z] CHK MOM:0.01% RANGE:0.08% UP:16.66% SPREAD:0.1658925% BID:0.3014 ASK:0.3019 MID:0.30165 P1:0.30165 P2:0.30174999 P3:0.30179999 P4:0.30179999 STATE:IDLE
[2026-05-11 14:40:35Z] CHK MOM:0.01% RANGE:0.08% UP:16.66% SPREAD:0.1658925% BID:0.3014 ASK:0.3019 MID:0.30165 P1:0.30165 P2:0.30174999 P3:0.30179999 P4:0.30179999 STATE:IDLE
[2026-05-11 14:40:35Z] CHK MOM:0.01% RANGE:0.08% UP:16.66% SPREAD:0.1658925% BID:0.3014 ASK:0.3019 MID:0.30165 P1:0.30165 P2:0.30174999 P3:0.30179999 P4:0.30179999 STATE:IDLE
[2026-05-11 14:40:36Z] CHK MOM:0.01% RANGE:0.08% UP:16.66% SPREAD:0.1658925% BID:0.3014 ASK:0.3019 MID:0.30165 P1:0.30165 P2:0.30174999 P3:0.30179999 P4:0.30179999 STATE:IDLE
[2026-05-11 14:40:36Z] CHK MOM:0.01% RANGE:0.08% UP:16.66% SPREAD:0.1658925% BID:0.3014 ASK:0.3019 MID:0.30165 P1:0.30165 P2:0.30174999 P3:0.30179999 P4:0.30179999 STATE:IDLE
[2026-05-11 14:40:40Z] CHK MOM:-0.04% RANGE:0.06% UP:12.5% SPREAD:0.13266998% BID:0.3015 ASK:0.3019 MID:0.30169999 P1:0.30169999 P2:0.30165 P3:0.30174999 P4:0.30179999 STATE:IDLE
[2026-05-11 14:40:41Z] CHK MOM:-0.04% RANGE:0.06% UP:12.5% SPREAD:0.13266998% BID:0.3015 ASK:0.3019 MID:0.30169999 P1:0.30169999 P2:0.30165 P3:0.30174999 P4:0.30179999 STATE:IDLE
[2026-05-11 14:40:41Z] CHK MOM:-0.04% RANGE:0.06% UP:14.28% SPREAD:0.13266998% BID:0.3015 ASK:0.3019 MID:0.30169999 P1:0.30169999 P2:0.30169999 P3:0.30165 P4:0.30174999 STATE:IDLE
[2026-05-11 14:40:42Z] CHK MOM:-0.04% RANGE:0.06% UP:14.28% SPREAD:0.13266998% BID:0.3015 ASK:0.3019 MID:0.30169999 P1:0.30169999 P2:0.30169999 P3:0.30165 P4:0.30174999 STATE:IDLE
[2026-05-11 14:40:42Z] CHK MOM:-0.04% RANGE:0.04% UP:16.66% SPREAD:0.1658925% BID:0.3014 ASK:0.3019 MID:0.30165 P1:0.30165 P2:0.30169999 P3:0.30169999 P4:0.30165 STATE:IDLE
[2026-05-11 14:40:58Z] SESSION_START symbol=CFGUSDC dry_run=0 profile=major strategy=momentum base_url=https://api.binance.com
[2026-05-11 14:40:58Z] TOXIC_MEMORY_LOADED count=4 symbols=GUNUSDC,JTOUSDC,ORDIUSDC,SAHARAUSDC
[2026-05-11 14:41:00Z] CHK MOM:0% RANGE:0% UP:0% SPREAD:0.09946949% BID:0.3016 ASK:0.3019 MID:0.30174999 P1:0.30174999 P2:NA P3:NA P4:NA STATE:IDLE
[2026-05-11 14:41:00Z] CHK MOM:0% RANGE:0% UP:0% SPREAD:0.09946949% BID:0.3016 ASK:0.3019 MID:0.30174999 P1:0.30174999 P2:0.30174999 P3:NA P4:NA STATE:IDLE
[2026-05-11 14:41:01Z] CHK MOM:0.01% RANGE:0.01% UP:50% SPREAD:0.13262599% BID:0.3016 ASK:0.302 MID:0.30179999 P1:0.30179999 P2:0.30174999 P3:0.30174999 P4:NA STATE:IDLE
[2026-05-11 14:41:01Z] CHK MOM:0.01% RANGE:0.01% UP:50% SPREAD:0.13262599% BID:0.3016 ASK:0.302 MID:0.30179999 P1:0.30179999 P2:0.30174999 P3:0.30174999 P4:NA STATE:IDLE
[2026-05-11 14:41:02Z] CHK MOM:0.03% RANGE:0.03% UP:66.66% SPREAD:0.09943652% BID:0.3017 ASK:0.302 MID:0.30185 P1:0.30185 P2:0.30179999 P3:0.30174999 P4:0.30174999 STATE:IDLE
[2026-05-11 14:41:02Z] CHK MOM:0.03% RANGE:0.03% UP:66.66% SPREAD:0.09943652% BID:0.3017 ASK:0.302 MID:0.30185 P1:0.30185 P2:0.30179999 P3:0.30174999 P4:0.30174999 STATE:IDLE
[2026-05-11 14:41:03Z] CHK MOM:0.03% RANGE:0.03% UP:66.66% SPREAD:0.09943652% BID:0.3017 ASK:0.302 MID:0.30185 P1:0.30185 P2:0.30179999 P3:0.30174999 P4:0.30174999 STATE:IDLE
[2026-05-11 14:41:03Z] CHK MOM:0.03% RANGE:0.03% UP:66.66% SPREAD:0.09943652% BID:0.3017 ASK:0.302 MID:0.30185 P1:0.30185 P2:0.30179999 P3:0.30174999 P4:0.30174999 STATE:IDLE
[2026-05-11 14:41:04Z] CHK MOM:0.01% RANGE:0.03% UP:50% SPREAD:0.13262599% BID:0.3016 ASK:0.302 MID:0.30179999 P1:0.30179999 P2:0.30185 P3:0.30179999 P4:0.30174999 STATE:IDLE
[2026-05-11 14:41:05Z] CHK MOM:0.01% RANGE:0.03% UP:50% SPREAD:0.13262599% BID:0.3016 ASK:0.302 MID:0.30179999 P1:0.30179999 P2:0.30185 P3:0.30179999 P4:0.30174999 STATE:IDLE
[2026-05-11 14:41:05Z] CHK MOM:0.01% RANGE:0.03% UP:50% SPREAD:0.13262599% BID:0.3016 ASK:0.302 MID:0.30179999 P1:0.30179999 P2:0.30185 P3:0.30179999 P4:0.30174999 STATE:IDLE
[2026-05-11 14:41:06Z] CHK MOM:0% RANGE:0.03% UP:40% SPREAD:0.09946949% BID:0.3016 ASK:0.3019 MID:0.30174999 P1:0.30174999 P2:0.30179999 P3:0.30185 P4:0.30179999 STATE:IDLE
[2026-05-11 14:41:06Z] CHK MOM:0% RANGE:0.03% UP:33.33% SPREAD:0.09946949% BID:0.3016 ASK:0.3019 MID:0.30174999 P1:0.30174999 P2:0.30174999 P3:0.30179999 P4:0.30185 STATE:IDLE
[2026-05-11 14:41:07Z] CHK MOM:0% RANGE:0.03% UP:33.33% SPREAD:0.09946949% BID:0.3016 ASK:0.3019 MID:0.30174999 P1:0.30174999 P2:0.30174999 P3:0.30179999 P4:0.30185 STATE:IDLE
[2026-05-11 14:41:07Z] CHK MOM:0% RANGE:0.03% UP:33.33% SPREAD:0.09946949% BID:0.3016 ASK:0.3019 MID:0.30174999 P1:0.30174999 P2:0.30174999 P3:0.30179999 P4:0.30185 STATE:IDLE
[2026-05-11 14:41:08Z] CHK MOM:0.03% RANGE:0.03% UP:42.85% SPREAD:0.09943652% BID:0.3017 ASK:0.302 MID:0.30185 P1:0.30185 P2:0.30174999 P3:0.30174999 P4:0.30179999 STATE:IDLE
[2026-05-11 14:41:08Z] CHK MOM:0.03% RANGE:0.03% UP:42.85% SPREAD:0.09943652% BID:0.3017 ASK:0.302 MID:0.30185 P1:0.30185 P2:0.30174999 P3:0.30174999 P4:0.30179999 STATE:IDLE
[2026-05-11 14:41:09Z] CHK MOM:0.03% RANGE:0.03% UP:42.85% SPREAD:0.09943652% BID:0.3017 ASK:0.302 MID:0.30185 P1:0.30185 P2:0.30174999 P3:0.30174999 P4:0.30179999 STATE:IDLE
[2026-05-11 14:41:09Z] CHK MOM:0.03% RANGE:0.03% UP:42.85% SPREAD:0.09943652% BID:0.3017 ASK:0.302 MID:0.30185 P1:0.30185 P2:0.30174999 P3:0.30174999 P4:0.30179999 STATE:IDLE
[2026-05-11 14:41:10Z] CHK MOM:0.03% RANGE:0.03% UP:42.85% SPREAD:0.09943652% BID:0.3017 ASK:0.302 MID:0.30185 P1:0.30185 P2:0.30174999 P3:0.30174999 P4:0.30179999 STATE:IDLE
[2026-05-11 14:41:13Z] CHK MOM:0.01% RANGE:0.03% UP:33.33% SPREAD:0.09943652% BID:0.3017 ASK:0.302 MID:0.30185 P1:0.30185 P2:0.30185 P3:0.30174999 P4:0.30174999 STATE:IDLE
[2026-05-11 14:41:13Z] CHK MOM:0.01% RANGE:0.03% UP:33.33% SPREAD:0.09943652% BID:0.3017 ASK:0.302 MID:0.30185 P1:0.30185 P2:0.30185 P3:0.30174999 P4:0.30174999 STATE:IDLE
[2026-05-11 14:41:14Z] CHK MOM:0.01% RANGE:0.03% UP:33.33% SPREAD:0.09943652% BID:0.3017 ASK:0.302 MID:0.30185 P1:0.30185 P2:0.30185 P3:0.30174999 P4:0.30174999 STATE:IDLE
[2026-05-11 14:41:14Z] CHK MOM:0.01% RANGE:0.03% UP:33.33% SPREAD:0.09943652% BID:0.3017 ASK:0.302 MID:0.30185 P1:0.30185 P2:0.30185 P3:0.30174999 P4:0.30174999 STATE:IDLE
[2026-05-11 14:41:15Z] CHK MOM:0.01% RANGE:0.03% UP:33.33% SPREAD:0.09943652% BID:0.3017 ASK:0.302 MID:0.30185 P1:0.30185 P2:0.30185 P3:0.30174999 P4:0.30174999 STATE:IDLE
[2026-05-11 14:41:16Z] CHK MOM:0.01% RANGE:0.03% UP:33.33% SPREAD:0.09943652% BID:0.3017 ASK:0.302 MID:0.30185 P1:0.30185 P2:0.30185 P3:0.30174999 P4:0.30174999 STATE:IDLE
[2026-05-11 14:41:18Z] CHK MOM:0.03% RANGE:0.03% UP:33.33% SPREAD:0.09943652% BID:0.3017 ASK:0.302 MID:0.30185 P1:0.30185 P2:0.30185 P3:0.30185 P4:0.30174999 STATE:IDLE
[2026-05-11 14:41:18Z] CHK MOM:0.03% RANGE:0.03% UP:33.33% SPREAD:0.09943652% BID:0.3017 ASK:0.302 MID:0.30185 P1:0.30185 P2:0.30185 P3:0.30185 P4:0.30174999 STATE:IDLE
[2026-05-11 14:41:19Z] CHK MOM:0.03% RANGE:0.03% UP:33.33% SPREAD:0.09943652% BID:0.3017 ASK:0.302 MID:0.30185 P1:0.30185 P2:0.30185 P3:0.30185 P4:0.30174999 STATE:IDLE
[2026-05-11 14:41:19Z] CHK MOM:-0.01% RANGE:0.01% UP:0% SPREAD:0.13262599% BID:0.3016 ASK:0.302 MID:0.30179999 P1:0.30179999 P2:0.30185 P3:0.30185 P4:0.30185 STATE:IDLE
[2026-05-11 14:41:20Z] CHK MOM:-0.01% RANGE:0.01% UP:0% SPREAD:0.13262599% BID:0.3016 ASK:0.302 MID:0.30179999 P1:0.30179999 P2:0.30185 P3:0.30185 P4:0.30185 STATE:IDLE
[2026-05-11 14:41:20Z] CHK MOM:-0.01% RANGE:0.01% UP:0% SPREAD:0.13262599% BID:0.3016 ASK:0.302 MID:0.30179999 P1:0.30179999 P2:0.30185 P3:0.30185 P4:0.30185 STATE:IDLE
[2026-05-11 14:41:21Z] CHK MOM:-0.01% RANGE:0.01% UP:0% SPREAD:0.13262599% BID:0.3016 ASK:0.302 MID:0.30179999 P1:0.30179999 P2:0.30185 P3:0.30185 P4:0.30185 STATE:IDLE
[2026-05-11 14:41:22Z] CHK MOM:-0.01% RANGE:0.01% UP:0% SPREAD:0.13262599% BID:0.3016 ASK:0.302 MID:0.30179999 P1:0.30179999 P2:0.30185 P3:0.30185 P4:0.30185 STATE:IDLE
[2026-05-11 14:41:24Z] CHK MOM:0.06% RANGE:0.08% UP:33.33% SPREAD:0.09937065% BID:0.3019 ASK:0.3022 MID:0.30205 P1:0.30205 P2:0.30179999 P3:0.30185 P4:0.30185 STATE:IDLE
[2026-05-11 14:41:24Z] CHK MOM:-0.01% RANGE:0.08% UP:25% SPREAD:0.13262599% BID:0.3016 ASK:0.302 MID:0.30179999 P1:0.30179999 P2:0.30205 P3:0.30179999 P4:0.30185 STATE:IDLE
[2026-05-11 14:41:25Z] CHK MOM:-0.01% RANGE:0.08% UP:25% SPREAD:0.13262599% BID:0.3016 ASK:0.302 MID:0.30179999 P1:0.30179999 P2:0.30205 P3:0.30179999 P4:0.30185 STATE:IDLE
[2026-05-11 14:41:25Z] CHK MOM:-0.01% RANGE:0.08% UP:25% SPREAD:0.13262599% BID:0.3016 ASK:0.302 MID:0.30179999 P1:0.30179999 P2:0.30179999 P3:0.30205 P4:0.30179999 STATE:IDLE
[2026-05-11 14:41:26Z] CHK MOM:-0.01% RANGE:0.08% UP:25% SPREAD:0.13262599% BID:0.3016 ASK:0.302 MID:0.30179999 P1:0.30179999 P2:0.30179999 P3:0.30205 P4:0.30179999 STATE:IDLE
[2026-05-11 14:41:27Z] CHK MOM:-0.01% RANGE:0.08% UP:25% SPREAD:0.13262599% BID:0.3016 ASK:0.302 MID:0.30179999 P1:0.30179999 P2:0.30179999 P3:0.30205 P4:0.30179999 STATE:IDLE
[2026-05-11 14:41:27Z] CHK MOM:-0.01% RANGE:0.08% UP:20% SPREAD:0.13262599% BID:0.3016 ASK:0.302 MID:0.30179999 P1:0.30179999 P2:0.30179999 P3:0.30179999 P4:0.30205 STATE:IDLE
[2026-05-11 14:41:28Z] CHK MOM:-0.01% RANGE:0.08% UP:20% SPREAD:0.13262599% BID:0.3016 ASK:0.302 MID:0.30179999 P1:0.30179999 P2:0.30179999 P3:0.30179999 P4:0.30205 STATE:IDLE
[2026-05-11 14:41:28Z] CHK MOM:-0.01% RANGE:0.08% UP:20% SPREAD:0.13262599% BID:0.3016 ASK:0.302 MID:0.30179999 P1:0.30179999 P2:0.30179999 P3:0.30179999 P4:0.30205 STATE:IDLE
[2026-05-11 14:41:29Z] CHK MOM:-0.03% RANGE:0.09% UP:16.66% SPREAD:0.09946949% BID:0.3016 ASK:0.3019 MID:0.30174999 P1:0.30174999 P2:0.30179999 P3:0.30179999 P4:0.30179999 STATE:IDLE
[2026-05-11 14:41:29Z] CHK MOM:-0.01% RANGE:0.09% UP:28.57% SPREAD:0.13262599% BID:0.3016 ASK:0.302 MID:0.30179999 P1:0.30179999 P2:0.30174999 P3:0.30179999 P4:0.30179999 STATE:IDLE
[2026-05-11 14:41:30Z] CHK MOM:-0.03% RANGE:0.09% UP:25% SPREAD:0.09946949% BID:0.3016 ASK:0.3019 MID:0.30174999 P1:0.30174999 P2:0.30179999 P3:0.30174999 P4:0.30179999 STATE:IDLE
[2026-05-11 14:41:30Z] CHK MOM:-0.01% RANGE:0.09% UP:25% SPREAD:0.09946949% BID:0.3016 ASK:0.3019 MID:0.30174999 P1:0.30174999 P2:0.30174999 P3:0.30179999 P4:0.30174999 STATE:IDLE
[2026-05-11 14:41:31Z] CHK MOM:-0.01% RANGE:0.09% UP:25% SPREAD:0.09946949% BID:0.3016 ASK:0.3019 MID:0.30174999 P1:0.30174999 P2:0.30174999 P3:0.30179999 P4:0.30174999 STATE:IDLE
[2026-05-11 14:41:32Z] CHK MOM:-0.08% RANGE:0.09% UP:25% SPREAD:0.13262599% BID:0.3016 ASK:0.302 MID:0.30179999 P1:0.30179999 P2:0.30174999 P3:0.30174999 P4:0.30179999 STATE:IDLE
[2026-05-11 14:41:32Z] CHK MOM:-0.08% RANGE:0.09% UP:22.22% SPREAD:0.13262599% BID:0.3016 ASK:0.302 MID:0.30179999 P1:0.30179999 P2:0.30179999 P3:0.30174999 P4:0.30174999 STATE:IDLE
[2026-05-11 14:41:33Z] CHK MOM:-0.08% RANGE:0.09% UP:22.22% SPREAD:0.13262599% BID:0.3016 ASK:0.302 MID:0.30179999 P1:0.30179999 P2:0.30179999 P3:0.30174999 P4:0.30174999 STATE:IDLE
[2026-05-11 14:41:33Z] CHK MOM:-0.08% RANGE:0.09% UP:22.22% SPREAD:0.13262599% BID:0.3016 ASK:0.302 MID:0.30179999 P1:0.30179999 P2:0.30179999 P3:0.30174999 P4:0.30174999 STATE:IDLE
[2026-05-11 14:41:34Z] CHK MOM:-0.09% RANGE:0.09% UP:20% SPREAD:0.09946949% BID:0.3016 ASK:0.3019 MID:0.30174999 P1:0.30174999 P2:0.30179999 P3:0.30179999 P4:0.30174999 STATE:IDLE
[2026-05-11 14:41:34Z] CHK MOM:-0.08% RANGE:0.09% UP:27.27% SPREAD:0.13262599% BID:0.3016 ASK:0.302 MID:0.30179999 P1:0.30179999 P2:0.30174999 P3:0.30179999 P4:0.30179999 STATE:IDLE
[2026-05-11 14:41:35Z] CHK MOM:-0.08% RANGE:0.09% UP:27.27% SPREAD:0.13262599% BID:0.3016 ASK:0.302 MID:0.30179999 P1:0.30179999 P2:0.30174999 P3:0.30179999 P4:0.30179999 STATE:IDLE
[2026-05-11 14:41:35Z] CHK MOM:-0.08% RANGE:0.09% UP:27.27% SPREAD:0.13262599% BID:0.3016 ASK:0.302 MID:0.30179999 P1:0.30179999 P2:0.30174999 P3:0.30179999 P4:0.30179999 STATE:IDLE
[2026-05-11 14:41:36Z] CHK MOM:-0.08% RANGE:0.09% UP:27.27% SPREAD:0.13262599% BID:0.3016 ASK:0.302 MID:0.30179999 P1:0.30179999 P2:0.30174999 P3:0.30179999 P4:0.30179999 STATE:IDLE
[2026-05-11 14:41:36Z] CHK MOM:-0.08% RANGE:0.09% UP:27.27% SPREAD:0.13262599% BID:0.3016 ASK:0.302 MID:0.30179999 P1:0.30179999 P2:0.30174999 P3:0.30179999 P4:0.30179999 STATE:IDLE
[2026-05-11 14:41:37Z] CHK MOM:-0.08% RANGE:0.09% UP:27.27% SPREAD:0.13262599% BID:0.3016 ASK:0.302 MID:0.30179999 P1:0.30179999 P2:0.30174999 P3:0.30179999 P4:0.30179999 STATE:IDLE
[2026-05-11 14:41:52Z] CHK MOM:0% RANGE:0% UP:0% SPREAD:0.13262599% BID:0.3016 ASK:0.302 MID:0.30179999 P1:0.30179999 P2:0.30179999 P3:0.30174999 P4:0.30179999 STATE:IDLE
