[2026-05-11 16:06:32Z] SESSION_START symbol=CHIPUSDC dry_run=0 profile=major strategy=momentum base_url=https://api.binance.com
[2026-05-11 16:06:32Z] TOXIC_MEMORY_LOADED count=4 symbols=GUNUSDC,JTOUSDC,ORDIUSDC,SAHARAUSDC
[2026-05-11 16:06:34Z] CHK MOM:0% RANGE:0% UP:0% SPREAD:0.04820825% BID:0.06223 ASK:0.06226 MID:0.062245 P1:0.062245 P2:NA P3:NA P4:NA STATE:IDLE
[2026-05-11 16:06:35Z] CHK MOM:0% RANGE:0% UP:0% SPREAD:0.04820825% BID:0.06223 ASK:0.06226 MID:0.062245 P1:0.062245 P2:0.062245 P3:NA P4:NA STATE:IDLE
[2026-05-11 16:06:35Z] CHK MOM:0% RANGE:0% UP:0% SPREAD:0.04820825% BID:0.06223 ASK:0.06226 MID:0.062245 P1:0.062245 P2:0.062245 P3:NA P4:NA STATE:IDLE
[2026-05-11 16:06:36Z] CHK MOM:0% RANGE:0% UP:0% SPREAD:0.04820825% BID:0.06223 ASK:0.06226 MID:0.062245 P1:0.062245 P2:0.062245 P3:NA P4:NA STATE:IDLE
[2026-05-11 16:06:36Z] CHK MOM:0% RANGE:0% UP:0% SPREAD:0.04820825% BID:0.06223 ASK:0.06226 MID:0.062245 P1:0.062245 P2:0.062245 P3:NA P4:NA STATE:IDLE
[2026-05-11 16:06:37Z] CHK MOM:0% RANGE:0% UP:0% SPREAD:0.04820825% BID:0.06223 ASK:0.06226 MID:0.062245 P1:0.062245 P2:0.062245 P3:NA P4:NA STATE:IDLE
[2026-05-11 16:06:37Z] CHK MOM:0% RANGE:0% UP:0% SPREAD:0.04820825% BID:0.06223 ASK:0.06226 MID:0.062245 P1:0.062245 P2:0.062245 P3:0.062245 P4:NA STATE:IDLE
[2026-05-11 16:06:38Z] CHK MOM:0% RANGE:0% UP:0% SPREAD:0.04820825% BID:0.06223 ASK:0.06226 MID:0.062245 P1:0.062245 P2:0.062245 P3:0.062245 P4:NA STATE:IDLE
[2026-05-11 16:06:38Z] CHK MOM:0% RANGE:0% UP:0% SPREAD:0.04820825% BID:0.06223 ASK:0.06226 MID:0.062245 P1:0.062245 P2:0.062245 P3:0.062245 P4:NA STATE:IDLE
[2026-05-11 16:06:39Z] CHK MOM:0% RANGE:0% UP:0% SPREAD:0.04820825% BID:0.06223 ASK:0.06226 MID:0.062245 P1:0.062245 P2:0.062245 P3:0.062245 P4:NA STATE:IDLE
[2026-05-11 16:06:40Z] CHK MOM:0% RANGE:0% UP:0% SPREAD:0.04820825% BID:0.06223 ASK:0.06226 MID:0.062245 P1:0.062245 P2:0.062245 P3:0.062245 P4:0.062245 STATE:IDLE
[2026-05-11 16:06:41Z] CHK MOM:0% RANGE:0% UP:0% SPREAD:0.04820825% BID:0.06223 ASK:0.06226 MID:0.062245 P1:0.062245 P2:0.062245 P3:0.062245 P4:0.062245 STATE:IDLE
[2026-05-11 16:06:41Z] CHK MOM:0% RANGE:0% UP:0% SPREAD:0.04820825% BID:0.06223 ASK:0.06226 MID:0.062245 P1:0.062245 P2:0.062245 P3:0.062245 P4:0.062245 STATE:IDLE
[2026-05-11 16:06:42Z] CHK MOM:0.01% RANGE:0.01% UP:16.66% SPREAD:0.01606425% BID:0.06225 ASK:0.06226 MID:0.062255 P1:0.062255 P2:0.062245 P3:0.062245 P4:0.062245 STATE:IDLE
[2026-05-11 16:06:42Z] CHK MOM:0.01% RANGE:0.01% UP:16.66% SPREAD:0.01606425% BID:0.06225 ASK:0.06226 MID:0.062255 P1:0.062255 P2:0.062245 P3:0.062245 P4:0.062245 STATE:IDLE
[2026-05-11 16:06:43Z] CHK MOM:0.01% RANGE:0.01% UP:16.66% SPREAD:0.01606425% BID:0.06225 ASK:0.06226 MID:0.062255 P1:0.062255 P2:0.062245 P3:0.062245 P4:0.062245 STATE:IDLE
[2026-05-11 16:06:43Z] CHK MOM:0.01% RANGE:0.01% UP:16.66% SPREAD:0.01606425% BID:0.06225 ASK:0.06226 MID:0.062255 P1:0.062255 P2:0.062245 P3:0.062245 P4:0.062245 STATE:IDLE
[2026-05-11 16:06:44Z] CHK MOM:0.01% RANGE:0.01% UP:16.66% SPREAD:0.01606425% BID:0.06225 ASK:0.06226 MID:0.062255 P1:0.062255 P2:0.062245 P3:0.062245 P4:0.062245 STATE:IDLE
[2026-05-11 16:06:44Z] CHK MOM:0.01% RANGE:0.01% UP:16.66% SPREAD:0.01606425% BID:0.06225 ASK:0.06226 MID:0.062255 P1:0.062255 P2:0.062245 P3:0.062245 P4:0.062245 STATE:IDLE
[2026-05-11 16:06:46Z] CHK MOM:0% RANGE:0.01% UP:14.28% SPREAD:0.03213367% BID:0.06224 ASK:0.06226 MID:0.06225 P1:0.06225 P2:0.062255 P3:0.062245 P4:0.062245 STATE:IDLE
[2026-05-11 16:06:47Z] CHK MOM:0% RANGE:0.01% UP:14.28% SPREAD:0.03213367% BID:0.06224 ASK:0.06226 MID:0.06225 P1:0.06225 P2:0.06225 P3:0.062255 P4:0.062245 STATE:IDLE
[2026-05-11 16:06:47Z] CHK MOM:0% RANGE:0.01% UP:14.28% SPREAD:0.04820825% BID:0.06223 ASK:0.06226 MID:0.062245 P1:0.062245 P2:0.06225 P3:0.06225 P4:0.062255 STATE:IDLE
[2026-05-11 16:06:48Z] CHK MOM:0% RANGE:0.01% UP:14.28% SPREAD:0.04820825% BID:0.06223 ASK:0.06226 MID:0.062245 P1:0.062245 P2:0.06225 P3:0.06225 P4:0.062255 STATE:IDLE
[2026-05-11 16:06:48Z] CHK MOM:0% RANGE:0.01% UP:14.28% SPREAD:0.04820825% BID:0.06223 ASK:0.06226 MID:0.062245 P1:0.062245 P2:0.06225 P3:0.06225 P4:0.062255 STATE:IDLE
[2026-05-11 16:06:49Z] CHK MOM:0% RANGE:0.01% UP:14.28% SPREAD:0.04820825% BID:0.06223 ASK:0.06226 MID:0.062245 P1:0.062245 P2:0.06225 P3:0.06225 P4:0.062255 STATE:IDLE
[2026-05-11 16:06:49Z] CHK MOM:0% RANGE:0.01% UP:14.28% SPREAD:0.04820825% BID:0.06223 ASK:0.06226 MID:0.062245 P1:0.062245 P2:0.06225 P3:0.06225 P4:0.062255 STATE:IDLE
[2026-05-11 16:06:50Z] CHK MOM:0% RANGE:0.01% UP:14.28% SPREAD:0.04820825% BID:0.06223 ASK:0.06226 MID:0.062245 P1:0.062245 P2:0.06225 P3:0.06225 P4:0.062255 STATE:IDLE
[2026-05-11 16:06:52Z] CHK MOM:0.01% RANGE:0.01% UP:33.33% SPREAD:0.04820051% BID:0.06224 ASK:0.06227 MID:0.062255 P1:0.062255 P2:0.062245 P3:0.06225 P4:0.06225 STATE:IDLE
[2026-05-11 16:06:52Z] CHK MOM:0% RANGE:0.02% UP:28.57% SPREAD:0.03213883% BID:0.06223 ASK:0.06225 MID:0.06224 P1:0.06224 P2:0.062255 P3:0.062245 P4:0.06225 STATE:IDLE
[2026-05-11 16:06:53Z] CHK MOM:0% RANGE:0.02% UP:28.57% SPREAD:0.03213883% BID:0.06223 ASK:0.06225 MID:0.06224 P1:0.06224 P2:0.06224 P3:0.062255 P4:0.062245 STATE:IDLE
[2026-05-11 16:06:53Z] CHK MOM:0% RANGE:0.02% UP:28.57% SPREAD:0.03213883% BID:0.06223 ASK:0.06225 MID:0.06224 P1:0.06224 P2:0.06224 P3:0.062255 P4:0.062245 STATE:IDLE
[2026-05-11 16:06:54Z] CHK MOM:-0.03% RANGE:0.03% UP:14.28% SPREAD:0.01606941% BID:0.06223 ASK:0.06224 MID:0.062235 P1:0.062235 P2:0.06224 P3:0.06224 P4:0.062255 STATE:IDLE
[2026-05-11 16:06:54Z] CHK MOM:-0.05% RANGE:0.06% UP:14.28% SPREAD:0.01607458% BID:0.06221 ASK:0.06222 MID:0.062215 P1:0.062215 P2:0.062235 P3:0.06224 P4:0.06224 STATE:IDLE
[2026-05-11 16:06:55Z] CHK MOM:-0.05% RANGE:0.06% UP:14.28% SPREAD:0.01607458% BID:0.06221 ASK:0.06222 MID:0.062215 P1:0.062215 P2:0.062235 P3:0.06224 P4:0.06224 STATE:IDLE
[2026-05-11 16:06:55Z] CHK MOM:-0.07% RANGE:0.08% UP:12.5% SPREAD:0.01607717% BID:0.0622 ASK:0.06221 MID:0.06220499 P1:0.06220499 P2:0.062215 P3:0.062235 P4:0.06224 STATE:IDLE
[2026-05-11 16:06:56Z] CHK MOM:-0.07% RANGE:0.08% UP:11.11% SPREAD:0.01607717% BID:0.0622 ASK:0.06221 MID:0.06220499 P1:0.06220499 P2:0.06220499 P3:0.062215 P4:0.062235 STATE:IDLE
[2026-05-11 16:06:56Z] CHK MOM:-0.07% RANGE:0.08% UP:11.11% SPREAD:0.01607717% BID:0.0622 ASK:0.06221 MID:0.06220499 P1:0.06220499 P2:0.06220499 P3:0.062215 P4:0.062235 STATE:IDLE
[2026-05-11 16:06:57Z] CHK MOM:-0.07% RANGE:0.08% UP:11.11% SPREAD:0.01607717% BID:0.0622 ASK:0.06221 MID:0.06220499 P1:0.06220499 P2:0.06220499 P3:0.062215 P4:0.062235 STATE:IDLE
[2026-05-11 16:06:58Z] CHK MOM:-0.07% RANGE:0.08% UP:11.11% SPREAD:0.01607717% BID:0.0622 ASK:0.06221 MID:0.06220499 P1:0.06220499 P2:0.06220499 P3:0.062215 P4:0.062235 STATE:IDLE
[2026-05-11 16:06:58Z] CHK MOM:-0.07% RANGE:0.08% UP:11.11% SPREAD:0.01607717% BID:0.0622 ASK:0.06221 MID:0.06220499 P1:0.06220499 P2:0.06220499 P3:0.06220499 P4:0.062215 STATE:IDLE
[2026-05-11 16:06:59Z] CHK MOM:-0.07% RANGE:0.08% UP:11.11% SPREAD:0.01607717% BID:0.0622 ASK:0.06221 MID:0.06220499 P1:0.06220499 P2:0.06220499 P3:0.06220499 P4:0.062215 STATE:IDLE
[2026-05-11 16:06:59Z] CHK MOM:-0.07% RANGE:0.08% UP:11.11% SPREAD:0.01607717% BID:0.0622 ASK:0.06221 MID:0.06220499 P1:0.06220499 P2:0.06220499 P3:0.06220499 P4:0.062215 STATE:IDLE
[2026-05-11 16:07:00Z] CHK MOM:-0.07% RANGE:0.08% UP:11.11% SPREAD:0.01607717% BID:0.0622 ASK:0.06221 MID:0.06220499 P1:0.06220499 P2:0.06220499 P3:0.06220499 P4:0.062215 STATE:IDLE
[2026-05-11 16:07:00Z] CHK MOM:-0.07% RANGE:0.08% UP:11.11% SPREAD:0.01607717% BID:0.0622 ASK:0.06221 MID:0.06220499 P1:0.06220499 P2:0.06220499 P3:0.06220499 P4:0.062215 STATE:IDLE
[2026-05-11 16:07:01Z] CHK MOM:-0.07% RANGE:0.08% UP:11.11% SPREAD:0.01607717% BID:0.0622 ASK:0.06221 MID:0.06220499 P1:0.06220499 P2:0.06220499 P3:0.06220499 P4:0.062215 STATE:IDLE
[2026-05-11 16:07:02Z] CHK MOM:-0.08% RANGE:0.08% UP:0% SPREAD:0.01607717% BID:0.0622 ASK:0.06221 MID:0.06220499 P1:0.06220499 P2:0.06220499 P3:0.06220499 P4:0.06220499 STATE:IDLE
[2026-05-11 16:07:03Z] CHK MOM:-0.08% RANGE:0.08% UP:0% SPREAD:0.01607717% BID:0.0622 ASK:0.06221 MID:0.06220499 P1:0.06220499 P2:0.06220499 P3:0.06220499 P4:0.06220499 STATE:IDLE
[2026-05-11 16:07:03Z] CHK MOM:-0.11% RANGE:0.11% UP:0% SPREAD:0.01608234% BID:0.06218 ASK:0.06219 MID:0.062185 P1:0.062185 P2:0.06220499 P3:0.06220499 P4:0.06220499 STATE:IDLE
[2026-05-11 16:07:04Z] CHK MOM:-0.11% RANGE:0.11% UP:0% SPREAD:0.01608234% BID:0.06218 ASK:0.06219 MID:0.062185 P1:0.062185 P2:0.06220499 P3:0.06220499 P4:0.06220499 STATE:IDLE
[2026-05-11 16:07:04Z] CHK MOM:-0.11% RANGE:0.11% UP:0% SPREAD:0.01608234% BID:0.06218 ASK:0.06219 MID:0.062185 P1:0.062185 P2:0.06220499 P3:0.06220499 P4:0.06220499 STATE:IDLE
[2026-05-11 16:07:05Z] CHK MOM:-0.08% RANGE:0.08% UP:0% SPREAD:0.01608234% BID:0.06218 ASK:0.06219 MID:0.062185 P1:0.062185 P2:0.062185 P3:0.06220499 P4:0.06220499 STATE:IDLE
[2026-05-11 16:07:05Z] CHK MOM:-0.08% RANGE:0.08% UP:0% SPREAD:0.01608234% BID:0.06218 ASK:0.06219 MID:0.062185 P1:0.062185 P2:0.062185 P3:0.06220499 P4:0.06220499 STATE:IDLE
[2026-05-11 16:07:06Z] CHK MOM:-0.08% RANGE:0.08% UP:0% SPREAD:0.01608234% BID:0.06218 ASK:0.06219 MID:0.062185 P1:0.062185 P2:0.062185 P3:0.06220499 P4:0.06220499 STATE:IDLE
[2026-05-11 16:07:06Z] CHK MOM:-0.04% RANGE:0.04% UP:0% SPREAD:0.01608234% BID:0.06218 ASK:0.06219 MID:0.062185 P1:0.062185 P2:0.062185 P3:0.062185 P4:0.06220499 STATE:IDLE
[2026-05-11 16:07:07Z] CHK MOM:-0.04% RANGE:0.04% UP:0% SPREAD:0.01608234% BID:0.06218 ASK:0.06219 MID:0.062185 P1:0.062185 P2:0.062185 P3:0.062185 P4:0.06220499 STATE:IDLE
[2026-05-11 16:07:07Z] CHK MOM:-0.04% RANGE:0.04% UP:0% SPREAD:0.01608234% BID:0.06218 ASK:0.06219 MID:0.062185 P1:0.062185 P2:0.062185 P3:0.062185 P4:0.06220499 STATE:IDLE
[2026-05-11 16:07:08Z] CHK MOM:-0.04% RANGE:0.04% UP:0% SPREAD:0.01608234% BID:0.06218 ASK:0.06219 MID:0.062185 P1:0.062185 P2:0.062185 P3:0.062185 P4:0.06220499 STATE:IDLE
[2026-05-11 16:07:09Z] CHK MOM:-0.05% RANGE:0.05% UP:0% SPREAD:0.03217503% BID:0.06216 ASK:0.06218 MID:0.06217 P1:0.06217 P2:0.062185 P3:0.062185 P4:0.062185 STATE:IDLE
[2026-05-11 16:07:09Z] CHK MOM:-0.05% RANGE:0.05% UP:0% SPREAD:0.03217503% BID:0.06216 ASK:0.06218 MID:0.06217 P1:0.06217 P2:0.062185 P3:0.062185 P4:0.062185 STATE:IDLE
[2026-05-11 16:07:10Z] CHK MOM:-0.05% RANGE:0.05% UP:0% SPREAD:0.03217503% BID:0.06216 ASK:0.06218 MID:0.06217 P1:0.06217 P2:0.062185 P3:0.062185 P4:0.062185 STATE:IDLE
[2026-05-11 16:07:10Z] CHK MOM:-0.05% RANGE:0.05% UP:0% SPREAD:0.03217503% BID:0.06216 ASK:0.06218 MID:0.06217 P1:0.06217 P2:0.062185 P3:0.062185 P4:0.062185 STATE:IDLE
[2026-05-11 16:07:11Z] CHK MOM:-0.05% RANGE:0.05% UP:0% SPREAD:0.03217503% BID:0.06216 ASK:0.06218 MID:0.06217 P1:0.06217 P2:0.062185 P3:0.062185 P4:0.062185 STATE:IDLE
[2026-05-11 16:07:11Z] CHK MOM:-0.05% RANGE:0.05% UP:0% SPREAD:0.03217503% BID:0.06216 ASK:0.06218 MID:0.06217 P1:0.06217 P2:0.062185 P3:0.062185 P4:0.062185 STATE:IDLE
[2026-05-11 16:07:17Z] CHK MOM:0% RANGE:0.02% UP:33.33% SPREAD:0.04825478% BID:0.06217 ASK:0.0622 MID:0.062185 P1:0.062185 P2:0.06217 P3:0.062185 P4:0.062185 STATE:IDLE
[2026-05-11 16:07:17Z] CHK MOM:0% RANGE:0.03% UP:66.66% SPREAD:0.03216468% BID:0.06218 ASK:0.0622 MID:0.06218999 P1:0.06218999 P2:0.062185 P3:0.06217 P4:0.062185 STATE:IDLE
[2026-05-11 16:07:18Z] CHK MOM:0% RANGE:0.03% UP:66.66% SPREAD:0.03216468% BID:0.06218 ASK:0.0622 MID:0.06218999 P1:0.06218999 P2:0.062185 P3:0.06217 P4:0.062185 STATE:IDLE
[2026-05-11 16:07:18Z] CHK MOM:0.04% RANGE:0.07% UP:75% SPREAD:0.04823151% BID:0.0622 ASK:0.06223 MID:0.062215 P1:0.062215 P2:0.06218999 P3:0.062185 P4:0.06217 STATE:IDLE
[2026-05-11 16:07:19Z] CHK MOM:0.07% RANGE:0.07% UP:75% SPREAD:0.04823151% BID:0.0622 ASK:0.06223 MID:0.062215 P1:0.062215 P2:0.062215 P3:0.06218999 P4:0.062185 STATE:IDLE
[2026-05-11 16:07:19Z] CHK MOM:0.07% RANGE:0.07% UP:60% SPREAD:0.04823151% BID:0.0622 ASK:0.06223 MID:0.062215 P1:0.062215 P2:0.062215 P3:0.062215 P4:0.06218999 STATE:IDLE
[2026-05-11 16:07:20Z] CHK MOM:0.07% RANGE:0.07% UP:60% SPREAD:0.04823151% BID:0.0622 ASK:0.06223 MID:0.062215 P1:0.062215 P2:0.062215 P3:0.062215 P4:0.06218999 STATE:IDLE
[2026-05-11 16:07:20Z] CHK MOM:0.07% RANGE:0.07% UP:60% SPREAD:0.04823151% BID:0.0622 ASK:0.06223 MID:0.062215 P1:0.062215 P2:0.062215 P3:0.062215 P4:0.06218999 STATE:IDLE
[2026-05-11 16:07:21Z] CHK MOM:0.07% RANGE:0.07% UP:60% SPREAD:0.04823151% BID:0.0622 ASK:0.06223 MID:0.062215 P1:0.062215 P2:0.062215 P3:0.062215 P4:0.06218999 STATE:IDLE
[2026-05-11 16:07:21Z] CHK MOM:0.07% RANGE:0.07% UP:60% SPREAD:0.04823151% BID:0.0622 ASK:0.06223 MID:0.062215 P1:0.062215 P2:0.062215 P3:0.062215 P4:0.06218999 STATE:IDLE
[2026-05-11 16:07:22Z] CHK MOM:0.07% RANGE:0.07% UP:60% SPREAD:0.04823151% BID:0.0622 ASK:0.06223 MID:0.062215 P1:0.062215 P2:0.062215 P3:0.062215 P4:0.06218999 STATE:IDLE
[2026-05-11 16:07:26Z] CHK MOM:0.05% RANGE:0.05% UP:60% SPREAD:0.03214917% BID:0.06221 ASK:0.06223 MID:0.06222 P1:0.06222 P2:0.062215 P3:0.062215 P4:0.062215 STATE:IDLE
[2026-05-11 16:07:26Z] CHK MOM:0.08% RANGE:0.08% UP:66.66% SPREAD:0.01606941% BID:0.06223 ASK:0.06224 MID:0.062235 P1:0.062235 P2:0.06222 P3:0.062215 P4:0.062215 STATE:IDLE
[2026-05-11 16:07:27Z] CHK MOM:0.09% RANGE:0.09% UP:71.42% SPREAD:0.01606683% BID:0.06224 ASK:0.06225 MID:0.06224499 P1:0.06224499 P2:0.062235 P3:0.06222 P4:0.062215 STATE:IDLE
[2026-05-11 16:07:27Z] CHK MOM:0.08% RANGE:0.09% UP:62.5% SPREAD:0.03213883% BID:0.06223 ASK:0.06225 MID:0.06224 P1:0.06224 P2:0.06224499 P3:0.062235 P4:0.06222 STATE:IDLE
[2026-05-11 16:07:28Z] CHK MOM:0.08% RANGE:0.09% UP:62.5% SPREAD:0.03213883% BID:0.06223 ASK:0.06225 MID:0.06224 P1:0.06224 P2:0.06224499 P3:0.062235 P4:0.06222 STATE:IDLE
[2026-05-11 16:07:28Z] CHK MOM:0.05% RANGE:0.08% UP:50% SPREAD:0.04822375% BID:0.06221 ASK:0.06224 MID:0.062225 P1:0.062225 P2:0.06224 P3:0.06224499 P4:0.062235 STATE:IDLE
[2026-05-11 16:07:29Z] CHK MOM:0.05% RANGE:0.08% UP:50% SPREAD:0.04822375% BID:0.06221 ASK:0.06224 MID:0.062225 P1:0.062225 P2:0.06224 P3:0.06224499 P4:0.062235 STATE:IDLE
[2026-05-11 16:07:29Z] CHK MOM:0.05% RANGE:0.08% UP:50% SPREAD:0.04822375% BID:0.06221 ASK:0.06224 MID:0.062225 P1:0.062225 P2:0.06224 P3:0.06224499 P4:0.062235 STATE:IDLE
[2026-05-11 16:07:30Z] CHK MOM:0.05% RANGE:0.08% UP:50% SPREAD:0.04822375% BID:0.06221 ASK:0.06224 MID:0.062225 P1:0.062225 P2:0.06224 P3:0.06224499 P4:0.062235 STATE:IDLE
[2026-05-11 16:07:30Z] CHK MOM:0.01% RANGE:0.04% UP:42.85% SPREAD:0.04822375% BID:0.06221 ASK:0.06224 MID:0.062225 P1:0.062225 P2:0.062225 P3:0.06224 P4:0.06224499 STATE:IDLE
[2026-05-11 16:07:31Z] CHK MOM:0.01% RANGE:0.04% UP:42.85% SPREAD:0.04822375% BID:0.06221 ASK:0.06224 MID:0.062225 P1:0.062225 P2:0.062225 P3:0.062225 P4:0.06224 STATE:IDLE
[2026-05-11 16:07:31Z] CHK MOM:0% RANGE:0.04% UP:28.57% SPREAD:0.04822375% BID:0.06221 ASK:0.06224 MID:0.062225 P1:0.062225 P2:0.062225 P3:0.062225 P4:0.062225 STATE:IDLE
[2026-05-11 16:07:32Z] CHK MOM:-0.02% RANGE:0.06% UP:25% SPREAD:0.01607717% BID:0.0622 ASK:0.06221 MID:0.06220499 P1:0.06220499 P2:0.062225 P3:0.062225 P4:0.062225 STATE:IDLE
[2026-05-11 16:07:33Z] CHK MOM:-0.02% RANGE:0.06% UP:22.22% SPREAD:0.01607717% BID:0.0622 ASK:0.06221 MID:0.06220499 P1:0.06220499 P2:0.06220499 P3:0.062225 P4:0.062225 STATE:IDLE
[2026-05-11 16:07:33Z] CHK MOM:-0.02% RANGE:0.06% UP:22.22% SPREAD:0.01607717% BID:0.0622 ASK:0.06221 MID:0.06220499 P1:0.06220499 P2:0.06220499 P3:0.062225 P4:0.062225 STATE:IDLE
[2026-05-11 16:07:34Z] CHK MOM:-0.02% RANGE:0.06% UP:22.22% SPREAD:0.01607717% BID:0.0622 ASK:0.06221 MID:0.06220499 P1:0.06220499 P2:0.06220499 P3:0.062225 P4:0.062225 STATE:IDLE
[2026-05-11 16:07:34Z] CHK MOM:0% RANGE:0.06% UP:30% SPREAD:0.04822375% BID:0.06221 ASK:0.06224 MID:0.062225 P1:0.062225 P2:0.06220499 P3:0.06220499 P4:0.062225 STATE:IDLE
[2026-05-11 16:07:35Z] CHK MOM:0% RANGE:0.06% UP:27.27% SPREAD:0.04822375% BID:0.06221 ASK:0.06224 MID:0.062225 P1:0.062225 P2:0.062225 P3:0.06220499 P4:0.06220499 STATE:IDLE
[2026-05-11 16:07:35Z] CHK MOM:0% RANGE:0.06% UP:27.27% SPREAD:0.04822375% BID:0.06221 ASK:0.06224 MID:0.062225 P1:0.062225 P2:0.062225 P3:0.06220499 P4:0.06220499 STATE:IDLE
[2026-05-11 16:07:36Z] CHK MOM:0% RANGE:0.06% UP:27.27% SPREAD:0.04822375% BID:0.06221 ASK:0.06224 MID:0.062225 P1:0.062225 P2:0.062225 P3:0.06220499 P4:0.06220499 STATE:IDLE
[2026-05-11 16:07:36Z] CHK MOM:0% RANGE:0.06% UP:27.27% SPREAD:0.04822375% BID:0.06221 ASK:0.06224 MID:0.062225 P1:0.062225 P2:0.062225 P3:0.06220499 P4:0.06220499 STATE:IDLE
[2026-05-11 16:07:37Z] CHK MOM:0% RANGE:0.06% UP:27.27% SPREAD:0.04822375% BID:0.06221 ASK:0.06224 MID:0.062225 P1:0.062225 P2:0.062225 P3:0.06220499 P4:0.06220499 STATE:IDLE
[2026-05-11 16:07:37Z] CHK MOM:0.01% RANGE:0.06% UP:33.33% SPREAD:0.032144% BID:0.06222 ASK:0.06224 MID:0.06222999 P1:0.06222999 P2:0.062225 P3:0.062225 P4:0.06220499 STATE:IDLE
[2026-05-11 16:07:38Z] CHK MOM:0% RANGE:0.06% UP:33.33% SPREAD:0.048216% BID:0.06222 ASK:0.06225 MID:0.062235 P1:0.062235 P2:0.06222999 P3:0.062225 P4:0.062225 STATE:IDLE
[2026-05-11 16:07:39Z] CHK MOM:0.02% RANGE:0.05% UP:40% SPREAD:0.03213883% BID:0.06223 ASK:0.06225 MID:0.06224 P1:0.06224 P2:0.062235 P3:0.06222999 P4:0.062225 STATE:IDLE
[2026-05-11 16:07:39Z] CHK MOM:0.02% RANGE:0.05% UP:40% SPREAD:0.03213883% BID:0.06223 ASK:0.06225 MID:0.06224 P1:0.06224 P2:0.062235 P3:0.06222999 P4:0.062225 STATE:IDLE
[2026-05-11 16:07:40Z] CHK MOM:0.03% RANGE:0.06% UP:45.45% SPREAD:0.01606683% BID:0.06224 ASK:0.06225 MID:0.06224499 P1:0.06224499 P2:0.06224 P3:0.062235 P4:0.06222999 STATE:IDLE
[2026-05-11 16:07:40Z] CHK MOM:0.04% RANGE:0.07% UP:54.54% SPREAD:0.03213367% BID:0.06224 ASK:0.06226 MID:0.06225 P1:0.06225 P2:0.06224499 P3:0.06224 P4:0.062235 STATE:IDLE
[2026-05-11 16:07:41Z] CHK MOM:0.04% RANGE:0.07% UP:54.54% SPREAD:0.03213367% BID:0.06224 ASK:0.06226 MID:0.06225 P1:0.06225 P2:0.06224499 P3:0.06224 P4:0.062235 STATE:IDLE
[2026-05-11 16:07:41Z] CHK MOM:0.04% RANGE:0.07% UP:54.54% SPREAD:0.03213367% BID:0.06224 ASK:0.06226 MID:0.06225 P1:0.06225 P2:0.06224499 P3:0.06224 P4:0.062235 STATE:IDLE
[2026-05-11 16:07:42Z] CHK MOM:0.04% RANGE:0.07% UP:54.54% SPREAD:0.03213367% BID:0.06224 ASK:0.06226 MID:0.06225 P1:0.06225 P2:0.06224499 P3:0.06224 P4:0.062235 STATE:IDLE
[2026-05-11 16:07:42Z] CHK MOM:0.04% RANGE:0.07% UP:50% SPREAD:0.03213367% BID:0.06224 ASK:0.06226 MID:0.06225 P1:0.06225 P2:0.06225 P3:0.06224499 P4:0.06224 STATE:IDLE
[2026-05-11 16:07:43Z] CHK MOM:0.04% RANGE:0.07% UP:50% SPREAD:0.03213367% BID:0.06224 ASK:0.06226 MID:0.06225 P1:0.06225 P2:0.06225 P3:0.06224499 P4:0.06224 STATE:IDLE
[2026-05-11 16:07:44Z] CHK MOM:0.04% RANGE:0.07% UP:50% SPREAD:0.03213367% BID:0.06224 ASK:0.06226 MID:0.06225 P1:0.06225 P2:0.06225 P3:0.06224499 P4:0.06224 STATE:IDLE
[2026-05-11 16:07:44Z] CHK MOM:0.04% RANGE:0.04% UP:62.5% SPREAD:0.03213367% BID:0.06224 ASK:0.06226 MID:0.06225 P1:0.06225 P2:0.06225 P3:0.06225 P4:0.06224499 STATE:IDLE
[2026-05-11 16:07:45Z] CHK MOM:0.04% RANGE:0.04% UP:62.5% SPREAD:0.03213367% BID:0.06224 ASK:0.06226 MID:0.06225 P1:0.06225 P2:0.06225 P3:0.06225 P4:0.06224499 STATE:IDLE
[2026-05-11 16:07:45Z] CHK MOM:0.01% RANGE:0.04% UP:55.55% SPREAD:0.01606941% BID:0.06223 ASK:0.06224 MID:0.062235 P1:0.062235 P2:0.06225 P3:0.06225 P4:0.06225 STATE:IDLE
[2026-05-11 16:07:46Z] CHK MOM:0.01% RANGE:0.04% UP:50% SPREAD:0.01606941% BID:0.06223 ASK:0.06224 MID:0.062235 P1:0.062235 P2:0.062235 P3:0.06225 P4:0.06225 STATE:IDLE
[2026-05-11 16:07:46Z] CHK MOM:0.01% RANGE:0.04% UP:45.45% SPREAD:0.01606941% BID:0.06223 ASK:0.06224 MID:0.062235 P1:0.062235 P2:0.062235 P3:0.062235 P4:0.06225 STATE:IDLE
[2026-05-11 16:07:47Z] CHK MOM:0.01% RANGE:0.04% UP:45.45% SPREAD:0.01606941% BID:0.06223 ASK:0.06224 MID:0.062235 P1:0.062235 P2:0.062235 P3:0.062235 P4:0.06225 STATE:IDLE
[2026-05-11 16:07:47Z] CHK MOM:0.01% RANGE:0.04% UP:45.45% SPREAD:0.01606941% BID:0.06223 ASK:0.06224 MID:0.062235 P1:0.062235 P2:0.062235 P3:0.062235 P4:0.06225 STATE:IDLE
[2026-05-11 16:07:48Z] CHK MOM:0.01% RANGE:0.04% UP:45.45% SPREAD:0.01606941% BID:0.06223 ASK:0.06224 MID:0.062235 P1:0.062235 P2:0.062235 P3:0.062235 P4:0.06225 STATE:IDLE
[2026-05-11 16:07:48Z] CHK MOM:0.02% RANGE:0.03% UP:50% SPREAD:0.04820825% BID:0.06223 ASK:0.06226 MID:0.062245 P1:0.062245 P2:0.062235 P3:0.062235 P4:0.062235 STATE:IDLE
[2026-05-11 16:07:49Z] CHK MOM:0.02% RANGE:0.03% UP:50% SPREAD:0.04820825% BID:0.06223 ASK:0.06226 MID:0.062245 P1:0.062245 P2:0.062235 P3:0.062235 P4:0.062235 STATE:IDLE
[2026-05-11 16:07:50Z] CHK MOM:0.02% RANGE:0.03% UP:50% SPREAD:0.04820825% BID:0.06223 ASK:0.06226 MID:0.062245 P1:0.062245 P2:0.062235 P3:0.062235 P4:0.062235 STATE:IDLE
[2026-05-11 16:07:50Z] CHK MOM:0.02% RANGE:0.03% UP:50% SPREAD:0.04820825% BID:0.06223 ASK:0.06226 MID:0.062245 P1:0.062245 P2:0.062235 P3:0.062235 P4:0.062235 STATE:IDLE
[2026-05-11 16:07:51Z] CHK MOM:0% RANGE:0.02% UP:33.33% SPREAD:0.04820825% BID:0.06223 ASK:0.06226 MID:0.062245 P1:0.062245 P2:0.062245 P3:0.062235 P4:0.062235 STATE:IDLE
[2026-05-11 16:07:51Z] CHK MOM:0% RANGE:0.02% UP:33.33% SPREAD:0.04820825% BID:0.06223 ASK:0.06226 MID:0.062245 P1:0.062245 P2:0.062245 P3:0.062235 P4:0.062235 STATE:IDLE
[2026-05-11 16:07:52Z] CHK MOM:0% RANGE:0.02% UP:33.33% SPREAD:0.04820825% BID:0.06223 ASK:0.06226 MID:0.062245 P1:0.062245 P2:0.062245 P3:0.062235 P4:0.062235 STATE:IDLE
[2026-05-11 18:09:46Z] SESSION_START symbol=CHIPUSDC dry_run=0 profile=major strategy=momentum base_url=https://api.binance.com
[2026-05-11 18:09:46Z] TOXIC_MEMORY_LOADED count=4 symbols=GUNUSDC,JTOUSDC,ORDIUSDC,SAHARAUSDC
[2026-05-11 18:09:50Z] CHK MOM:0% RANGE:0% UP:0% SPREAD:0.03226326% BID:0.06199 ASK:0.06201 MID:0.062 P1:0.062 P2:NA P3:NA P4:NA STATE:IDLE
[2026-05-11 18:09:51Z] CHK MOM:0% RANGE:0% UP:0% SPREAD:0.03226326% BID:0.06199 ASK:0.06201 MID:0.062 P1:0.062 P2:NA P3:NA P4:NA STATE:IDLE
[2026-05-11 18:09:51Z] CHK MOM:0% RANGE:0% UP:0% SPREAD:0.03226326% BID:0.06199 ASK:0.06201 MID:0.062 P1:0.062 P2:NA P3:NA P4:NA STATE:IDLE
[2026-05-11 18:09:52Z] CHK MOM:0% RANGE:0% UP:0% SPREAD:0.03226326% BID:0.06199 ASK:0.06201 MID:0.062 P1:0.062 P2:NA P3:NA P4:NA STATE:IDLE
[2026-05-11 18:09:52Z] CHK MOM:0% RANGE:0% UP:0% SPREAD:0.03226326% BID:0.06199 ASK:0.06201 MID:0.062 P1:0.062 P2:NA P3:NA P4:NA STATE:IDLE
[2026-05-11 18:10:01Z] CHK MOM:0.01% RANGE:0.01% UP:100% SPREAD:0.03225806% BID:0.062 ASK:0.06202 MID:0.06200999 P1:0.06200999 P2:0.062 P3:NA P4:NA STATE:IDLE
[2026-05-11 18:10:01Z] CHK MOM:0.01% RANGE:0.01% UP:100% SPREAD:0.03225806% BID:0.062 ASK:0.06202 MID:0.06200999 P1:0.06200999 P2:0.062 P3:NA P4:NA STATE:IDLE
[2026-05-11 18:10:02Z] CHK MOM:0.01% RANGE:0.01% UP:100% SPREAD:0.03225806% BID:0.062 ASK:0.06202 MID:0.06200999 P1:0.06200999 P2:0.062 P3:NA P4:NA STATE:IDLE
[2026-05-11 18:10:02Z] CHK MOM:0.01% RANGE:0.01% UP:100% SPREAD:0.03225806% BID:0.062 ASK:0.06202 MID:0.06200999 P1:0.06200999 P2:0.062 P3:NA P4:NA STATE:IDLE
[2026-05-11 18:10:03Z] CHK MOM:0.01% RANGE:0.01% UP:100% SPREAD:0.03225806% BID:0.062 ASK:0.06202 MID:0.06200999 P1:0.06200999 P2:0.062 P3:NA P4:NA STATE:IDLE
[2026-05-11 18:10:04Z] CHK MOM:-0.02% RANGE:0.02% UP:0% SPREAD:0.01613163% BID:0.06199 ASK:0.062 MID:0.061995 P1:0.061995 P2:0.06200999 P3:0.062 P4:NA STATE:IDLE
[2026-05-11 18:10:05Z] CHK MOM:-0.02% RANGE:0.02% UP:0% SPREAD:0.01613163% BID:0.06199 ASK:0.062 MID:0.061995 P1:0.061995 P2:0.061995 P3:0.06200999 P4:0.062 STATE:IDLE
[2026-05-11 18:10:05Z] CHK MOM:-0.02% RANGE:0.02% UP:0% SPREAD:0.01613163% BID:0.06199 ASK:0.062 MID:0.061995 P1:0.061995 P2:0.061995 P3:0.06200999 P4:0.062 STATE:IDLE
[2026-05-11 18:10:06Z] CHK MOM:-0.02% RANGE:0.02% UP:0% SPREAD:0.01613163% BID:0.06199 ASK:0.062 MID:0.061995 P1:0.061995 P2:0.061995 P3:0.06200999 P4:0.062 STATE:IDLE
[2026-05-11 18:10:07Z] CHK MOM:-0.02% RANGE:0.02% UP:0% SPREAD:0.01613163% BID:0.06199 ASK:0.062 MID:0.061995 P1:0.061995 P2:0.061995 P3:0.06200999 P4:0.062 STATE:IDLE
[2026-05-11 18:10:07Z] CHK MOM:-0.02% RANGE:0.02% UP:0% SPREAD:0.01613163% BID:0.06199 ASK:0.062 MID:0.061995 P1:0.061995 P2:0.061995 P3:0.06200999 P4:0.062 STATE:IDLE
[2026-05-11 18:10:21Z] CHK MOM:0% RANGE:0% UP:0% SPREAD:0.03226326% BID:0.06199 ASK:0.06201 MID:0.062 P1:0.062 P2:0.061995 P3:0.061995 P4:0.06200999 STATE:IDLE
[2026-05-11 18:10:22Z] CHK MOM:0.01% RANGE:0.01% UP:100% SPREAD:0.03225806% BID:0.062 ASK:0.06202 MID:0.06200999 P1:0.06200999 P2:0.062 P3:0.061995 P4:0.061995 STATE:IDLE
[2026-05-11 18:10:22Z] CHK MOM:0.01% RANGE:0.01% UP:100% SPREAD:0.03225806% BID:0.062 ASK:0.06202 MID:0.06200999 P1:0.06200999 P2:0.062 P3:0.061995 P4:0.061995 STATE:IDLE
[2026-05-11 18:10:23Z] CHK MOM:0.02% RANGE:0.02% UP:100% SPREAD:0.01612643% BID:0.06201 ASK:0.06202 MID:0.062015 P1:0.062015 P2:0.06200999 P3:0.062 P4:0.061995 STATE:IDLE
[2026-05-11 18:10:23Z] CHK MOM:0.04% RANGE:0.04% UP:100% SPREAD:0.03224766% BID:0.06202 ASK:0.06204 MID:0.06203 P1:0.06203 P2:0.062015 P3:0.06200999 P4:0.062 STATE:IDLE
[2026-05-11 18:10:24Z] CHK MOM:0.04% RANGE:0.04% UP:100% SPREAD:0.03224766% BID:0.06202 ASK:0.06204 MID:0.06203 P1:0.06203 P2:0.062015 P3:0.06200999 P4:0.062 STATE:IDLE
[2026-05-11 18:10:24Z] CHK MOM:0.04% RANGE:0.04% UP:100% SPREAD:0.03224766% BID:0.06202 ASK:0.06204 MID:0.06203 P1:0.06203 P2:0.062015 P3:0.06200999 P4:0.062 STATE:IDLE
[2026-05-11 18:10:25Z] CHK MOM:0.04% RANGE:0.04% UP:100% SPREAD:0.03224766% BID:0.06202 ASK:0.06204 MID:0.06203 P1:0.06203 P2:0.062015 P3:0.06200999 P4:0.062 STATE:IDLE
[2026-05-11 18:10:25Z] CHK MOM:0.04% RANGE:0.04% UP:100% SPREAD:0.03224766% BID:0.06202 ASK:0.06204 MID:0.06203 P1:0.06203 P2:0.062015 P3:0.06200999 P4:0.062 STATE:IDLE
[2026-05-11 18:10:26Z] CHK MOM:0.04% RANGE:0.04% UP:100% SPREAD:0.03224766% BID:0.06202 ASK:0.06204 MID:0.06203 P1:0.06203 P2:0.062015 P3:0.06200999 P4:0.062 STATE:IDLE
[2026-05-11 18:10:27Z] CHK MOM:0.04% RANGE:0.04% UP:75% SPREAD:0.03224766% BID:0.06202 ASK:0.06204 MID:0.06203 P1:0.06203 P2:0.06203 P3:0.062015 P4:0.06200999 STATE:IDLE
[2026-05-11 18:10:27Z] CHK MOM:0.04% RANGE:0.04% UP:75% SPREAD:0.03224766% BID:0.06202 ASK:0.06204 MID:0.06203 P1:0.06203 P2:0.06203 P3:0.062015 P4:0.06200999 STATE:IDLE
[2026-05-11 18:10:28Z] CHK MOM:0.04% RANGE:0.04% UP:75% SPREAD:0.03224766% BID:0.06202 ASK:0.06204 MID:0.06203 P1:0.06203 P2:0.06203 P3:0.062015 P4:0.06200999 STATE:IDLE
[2026-05-11 18:10:28Z] CHK MOM:0.04% RANGE:0.04% UP:75% SPREAD:0.03224766% BID:0.06202 ASK:0.06204 MID:0.06203 P1:0.06203 P2:0.06203 P3:0.062015 P4:0.06200999 STATE:IDLE
[2026-05-11 18:10:29Z] CHK MOM:0.04% RANGE:0.04% UP:75% SPREAD:0.03224766% BID:0.06202 ASK:0.06204 MID:0.06203 P1:0.06203 P2:0.06203 P3:0.062015 P4:0.06200999 STATE:IDLE
[2026-05-11 18:10:31Z] CHK MOM:0.04% RANGE:0.04% UP:60% SPREAD:0.03224766% BID:0.06202 ASK:0.06204 MID:0.06203 P1:0.06203 P2:0.06203 P3:0.06203 P4:0.062015 STATE:IDLE
[2026-05-11 18:10:31Z] CHK MOM:0.04% RANGE:0.04% UP:60% SPREAD:0.03224766% BID:0.06202 ASK:0.06204 MID:0.06203 P1:0.06203 P2:0.06203 P3:0.06203 P4:0.062015 STATE:IDLE
[2026-05-11 18:10:32Z] CHK MOM:0.04% RANGE:0.04% UP:60% SPREAD:0.03224766% BID:0.06202 ASK:0.06204 MID:0.06203 P1:0.06203 P2:0.06203 P3:0.06203 P4:0.062015 STATE:IDLE
[2026-05-11 18:10:33Z] CHK MOM:0.02% RANGE:0.04% UP:50% SPREAD:0.04838709% BID:0.062 ASK:0.06203 MID:0.062015 P1:0.062015 P2:0.06203 P3:0.06203 P4:0.06203 STATE:IDLE
[2026-05-11 18:10:33Z] CHK MOM:0% RANGE:0.03% UP:33.33% SPREAD:0.03225806% BID:0.062 ASK:0.06202 MID:0.06200999 P1:0.06200999 P2:0.062015 P3:0.06203 P4:0.06203 STATE:IDLE
[2026-05-11 18:10:34Z] CHK MOM:0% RANGE:0.03% UP:33.33% SPREAD:0.03225806% BID:0.062 ASK:0.06202 MID:0.06200999 P1:0.06200999 P2:0.062015 P3:0.06203 P4:0.06203 STATE:IDLE
[2026-05-11 18:10:34Z] CHK MOM:0% RANGE:0.03% UP:33.33% SPREAD:0.03225806% BID:0.062 ASK:0.06202 MID:0.06200999 P1:0.06200999 P2:0.062015 P3:0.06203 P4:0.06203 STATE:IDLE
[2026-05-11 18:10:35Z] CHK MOM:0% RANGE:0.03% UP:33.33% SPREAD:0.03225806% BID:0.062 ASK:0.06202 MID:0.06200999 P1:0.06200999 P2:0.062015 P3:0.06203 P4:0.06203 STATE:IDLE
[2026-05-11 18:10:35Z] CHK MOM:0% RANGE:0.03% UP:33.33% SPREAD:0.03225806% BID:0.062 ASK:0.06202 MID:0.06200999 P1:0.06200999 P2:0.062015 P3:0.06203 P4:0.06203 STATE:IDLE
[2026-05-11 18:10:36Z] CHK MOM:0% RANGE:0.03% UP:33.33% SPREAD:0.03225806% BID:0.062 ASK:0.06202 MID:0.06200999 P1:0.06200999 P2:0.062015 P3:0.06203 P4:0.06203 STATE:IDLE
[2026-05-11 18:10:42Z] CHK MOM:-0.05% RANGE:0.05% UP:0% SPREAD:0.01613163% BID:0.06199 ASK:0.062 MID:0.061995 P1:0.061995 P2:0.06200999 P3:0.062015 P4:0.06203 STATE:IDLE
[2026-05-11 18:10:42Z] CHK MOM:-0.05% RANGE:0.05% UP:0% SPREAD:0.01613163% BID:0.06199 ASK:0.062 MID:0.061995 P1:0.061995 P2:0.06200999 P3:0.062015 P4:0.06203 STATE:IDLE
[2026-05-11 18:10:43Z] CHK MOM:-0.05% RANGE:0.05% UP:0% SPREAD:0.01613163% BID:0.06199 ASK:0.062 MID:0.061995 P1:0.061995 P2:0.06200999 P3:0.062015 P4:0.06203 STATE:IDLE
[2026-05-11 18:10:43Z] CHK MOM:-0.05% RANGE:0.05% UP:0% SPREAD:0.01613163% BID:0.06199 ASK:0.062 MID:0.061995 P1:0.061995 P2:0.06200999 P3:0.062015 P4:0.06203 STATE:IDLE
[2026-05-11 18:10:44Z] CHK MOM:-0.05% RANGE:0.05% UP:0% SPREAD:0.01613163% BID:0.06199 ASK:0.062 MID:0.061995 P1:0.061995 P2:0.06200999 P3:0.062015 P4:0.06203 STATE:IDLE
[2026-05-11 18:10:55Z] CHK MOM:0% RANGE:0% UP:0% SPREAD:0.03226847% BID:0.06198 ASK:0.062 MID:0.06199 P1:0.06199 P2:0.061995 P3:0.06200999 P4:0.062015 STATE:IDLE
[2026-05-11 18:10:56Z] CHK MOM:0% RANGE:0% UP:0% SPREAD:0.03226847% BID:0.06198 ASK:0.062 MID:0.06199 P1:0.06199 P2:0.061995 P3:0.06200999 P4:0.062015 STATE:IDLE
[2026-05-11 18:10:56Z] CHK MOM:0% RANGE:0% UP:0% SPREAD:0.03226847% BID:0.06198 ASK:0.062 MID:0.06199 P1:0.06199 P2:0.061995 P3:0.06200999 P4:0.062015 STATE:IDLE
[2026-05-11 18:10:57Z] CHK MOM:0% RANGE:0% UP:0% SPREAD:0.03226847% BID:0.06198 ASK:0.062 MID:0.06199 P1:0.06199 P2:0.061995 P3:0.06200999 P4:0.062015 STATE:IDLE
[2026-05-11 18:10:57Z] CHK MOM:0% RANGE:0% UP:0% SPREAD:0.03226847% BID:0.06198 ASK:0.062 MID:0.06199 P1:0.06199 P2:0.061995 P3:0.06200999 P4:0.062015 STATE:IDLE
[2026-05-11 18:10:58Z] CHK MOM:0% RANGE:0% UP:0% SPREAD:0.03226847% BID:0.06198 ASK:0.062 MID:0.06199 P1:0.06199 P2:0.06199 P3:0.061995 P4:0.06200999 STATE:IDLE
[2026-05-11 18:10:58Z] CHK MOM:0% RANGE:0% UP:0% SPREAD:0.03226847% BID:0.06198 ASK:0.062 MID:0.06199 P1:0.06199 P2:0.06199 P3:0.061995 P4:0.06200999 STATE:IDLE
[2026-05-11 18:10:59Z] CHK MOM:0% RANGE:0% UP:0% SPREAD:0.03226847% BID:0.06198 ASK:0.062 MID:0.06199 P1:0.06199 P2:0.06199 P3:0.061995 P4:0.06200999 STATE:IDLE
[2026-05-11 18:10:59Z] CHK MOM:0% RANGE:0% UP:0% SPREAD:0.03226847% BID:0.06198 ASK:0.062 MID:0.06199 P1:0.06199 P2:0.06199 P3:0.061995 P4:0.06200999 STATE:IDLE
[2026-05-11 18:11:00Z] CHK MOM:0% RANGE:0% UP:0% SPREAD:0.03226847% BID:0.06198 ASK:0.062 MID:0.06199 P1:0.06199 P2:0.06199 P3:0.061995 P4:0.06200999 STATE:IDLE
[2026-05-11 18:11:01Z] CHK MOM:0% RANGE:0% UP:0% SPREAD:0.03226847% BID:0.06198 ASK:0.062 MID:0.06199 P1:0.06199 P2:0.06199 P3:0.06199 P4:0.061995 STATE:IDLE
[2026-05-11 18:11:01Z] CHK MOM:0% RANGE:0% UP:0% SPREAD:0.03226847% BID:0.06198 ASK:0.062 MID:0.06199 P1:0.06199 P2:0.06199 P3:0.06199 P4:0.061995 STATE:IDLE
[2026-05-11 18:11:02Z] CHK MOM:0% RANGE:0% UP:0% SPREAD:0.03226847% BID:0.06198 ASK:0.062 MID:0.06199 P1:0.06199 P2:0.06199 P3:0.06199 P4:0.061995 STATE:IDLE
[2026-05-11 18:11:02Z] CHK MOM:0% RANGE:0% UP:0% SPREAD:0.03226847% BID:0.06198 ASK:0.062 MID:0.06199 P1:0.06199 P2:0.06199 P3:0.06199 P4:0.061995 STATE:IDLE
[2026-05-11 18:11:03Z] CHK MOM:0% RANGE:0% UP:0% SPREAD:0.03226847% BID:0.06198 ASK:0.062 MID:0.06199 P1:0.06199 P2:0.06199 P3:0.06199 P4:0.061995 STATE:IDLE
[2026-05-11 18:11:05Z] CHK MOM:0.04% RANGE:0.04% UP:33.33% SPREAD:0.03225286% BID:0.06201 ASK:0.06203 MID:0.06202 P1:0.06202 P2:0.06199 P3:0.06199 P4:0.06199 STATE:IDLE
[2026-05-11 18:11:05Z] CHK MOM:0.04% RANGE:0.04% UP:33.33% SPREAD:0.03225286% BID:0.06201 ASK:0.06203 MID:0.06202 P1:0.06202 P2:0.06199 P3:0.06199 P4:0.06199 STATE:IDLE
[2026-05-11 18:11:06Z] CHK MOM:0.04% RANGE:0.04% UP:25% SPREAD:0.03225286% BID:0.06201 ASK:0.06203 MID:0.06202 P1:0.06202 P2:0.06202 P3:0.06199 P4:0.06199 STATE:IDLE
[2026-05-11 18:11:07Z] CHK MOM:0.04% RANGE:0.04% UP:25% SPREAD:0.03225286% BID:0.06201 ASK:0.06203 MID:0.06202 P1:0.06202 P2:0.06202 P3:0.06199 P4:0.06199 STATE:IDLE
[2026-05-11 18:11:07Z] CHK MOM:0.04% RANGE:0.04% UP:25% SPREAD:0.03225286% BID:0.06201 ASK:0.06203 MID:0.06202 P1:0.06202 P2:0.06202 P3:0.06199 P4:0.06199 STATE:IDLE
[2026-05-11 18:11:08Z] CHK MOM:0.04% RANGE:0.04% UP:25% SPREAD:0.03225286% BID:0.06201 ASK:0.06203 MID:0.06202 P1:0.06202 P2:0.06202 P3:0.06199 P4:0.06199 STATE:IDLE
[2026-05-11 18:11:08Z] CHK MOM:0.04% RANGE:0.04% UP:25% SPREAD:0.03225286% BID:0.06201 ASK:0.06203 MID:0.06202 P1:0.06202 P2:0.06202 P3:0.06199 P4:0.06199 STATE:IDLE
[2026-05-11 18:11:10Z] CHK MOM:0.04% RANGE:0.04% UP:33.33% SPREAD:0.01612643% BID:0.06201 ASK:0.06202 MID:0.062015 P1:0.062015 P2:0.06202 P3:0.06202 P4:0.06199 STATE:IDLE
[2026-05-11 18:11:11Z] CHK MOM:0.04% RANGE:0.04% UP:25% SPREAD:0.01612643% BID:0.06201 ASK:0.06202 MID:0.062015 P1:0.062015 P2:0.062015 P3:0.06202 P4:0.06202 STATE:IDLE
[2026-05-11 18:11:12Z] CHK MOM:0.04% RANGE:0.04% UP:25% SPREAD:0.01612643% BID:0.06201 ASK:0.06202 MID:0.062015 P1:0.062015 P2:0.062015 P3:0.06202 P4:0.06202 STATE:IDLE
[2026-05-11 18:11:12Z] CHK MOM:0.04% RANGE:0.04% UP:25% SPREAD:0.01612643% BID:0.06201 ASK:0.06202 MID:0.062015 P1:0.062015 P2:0.062015 P3:0.06202 P4:0.06202 STATE:IDLE
[2026-05-11 18:11:13Z] CHK MOM:0.04% RANGE:0.04% UP:25% SPREAD:0.01612643% BID:0.06201 ASK:0.06202 MID:0.062015 P1:0.062015 P2:0.062015 P3:0.06202 P4:0.06202 STATE:IDLE
[2026-05-11 18:11:13Z] CHK MOM:0.04% RANGE:0.04% UP:25% SPREAD:0.01612643% BID:0.06201 ASK:0.06202 MID:0.062015 P1:0.062015 P2:0.062015 P3:0.06202 P4:0.06202 STATE:IDLE
[2026-05-11 18:11:15Z] CHK MOM:-0.04% RANGE:0.04% UP:0% SPREAD:0.06454736% BID:0.06197 ASK:0.06201 MID:0.06199 P1:0.06199 P2:0.062015 P3:0.062015 P4:0.06202 STATE:IDLE
[2026-05-11 18:11:16Z] CHK MOM:-0.05% RANGE:0.05% UP:0% SPREAD:0.04841052% BID:0.06197 ASK:0.062 MID:0.061985 P1:0.061985 P2:0.06199 P3:0.062015 P4:0.062015 STATE:IDLE
[2026-05-11 18:11:16Z] CHK MOM:-0.08% RANGE:0.08% UP:0% SPREAD:0.01613944% BID:0.06196 ASK:0.06197 MID:0.061965 P1:0.061965 P2:0.061985 P3:0.06199 P4:0.062015 STATE:IDLE
[2026-05-11 18:11:17Z] CHK MOM:-0.08% RANGE:0.08% UP:0% SPREAD:0.01613944% BID:0.06196 ASK:0.06197 MID:0.061965 P1:0.061965 P2:0.061985 P3:0.06199 P4:0.062015 STATE:IDLE
[2026-05-11 18:11:18Z] CHK MOM:-0.08% RANGE:0.08% UP:0% SPREAD:0.01613944% BID:0.06196 ASK:0.06197 MID:0.061965 P1:0.061965 P2:0.061985 P3:0.06199 P4:0.062015 STATE:IDLE
[2026-05-11 18:11:18Z] CHK MOM:-0.08% RANGE:0.08% UP:0% SPREAD:0.01613944% BID:0.06196 ASK:0.06197 MID:0.061965 P1:0.061965 P2:0.061985 P3:0.06199 P4:0.062015 STATE:IDLE
[2026-05-11 18:11:19Z] CHK MOM:-0.08% RANGE:0.08% UP:0% SPREAD:0.01613944% BID:0.06196 ASK:0.06197 MID:0.061965 P1:0.061965 P2:0.061985 P3:0.06199 P4:0.062015 STATE:IDLE
[2026-05-11 18:11:33Z] CHK MOM:0% RANGE:0% UP:0% SPREAD:0.01613944% BID:0.06196 ASK:0.06197 MID:0.061965 P1:0.061965 P2:0.061965 P3:0.061985 P4:0.06199 STATE:IDLE
[2026-05-11 18:11:34Z] CHK MOM:0% RANGE:0% UP:0% SPREAD:0.01613944% BID:0.06196 ASK:0.06197 MID:0.061965 P1:0.061965 P2:0.061965 P3:0.061985 P4:0.06199 STATE:IDLE
[2026-05-11 18:11:34Z] CHK MOM:0% RANGE:0% UP:0% SPREAD:0.01613944% BID:0.06196 ASK:0.06197 MID:0.061965 P1:0.061965 P2:0.061965 P3:0.061985 P4:0.06199 STATE:IDLE
[2026-05-11 18:11:35Z] CHK MOM:0% RANGE:0% UP:0% SPREAD:0.01613944% BID:0.06196 ASK:0.06197 MID:0.061965 P1:0.061965 P2:0.061965 P3:0.061985 P4:0.06199 STATE:IDLE
[2026-05-11 18:11:35Z] CHK MOM:0% RANGE:0% UP:0% SPREAD:0.01613944% BID:0.06196 ASK:0.06197 MID:0.061965 P1:0.061965 P2:0.061965 P3:0.061985 P4:0.06199 STATE:IDLE
[2026-05-11 18:11:40Z] CHK MOM:0% RANGE:0% UP:0% SPREAD:0.01613944% BID:0.06196 ASK:0.06197 MID:0.061965 P1:0.061965 P2:0.061965 P3:0.061965 P4:0.061985 STATE:IDLE
[2026-05-11 18:11:41Z] CHK MOM:0% RANGE:0% UP:0% SPREAD:0.01613944% BID:0.06196 ASK:0.06197 MID:0.061965 P1:0.061965 P2:0.061965 P3:0.061965 P4:0.061985 STATE:IDLE
[2026-05-11 18:11:41Z] CHK MOM:0% RANGE:0% UP:0% SPREAD:0.01613944% BID:0.06196 ASK:0.06197 MID:0.061965 P1:0.061965 P2:0.061965 P3:0.061965 P4:0.061985 STATE:IDLE
[2026-05-11 18:11:42Z] CHK MOM:0% RANGE:0% UP:0% SPREAD:0.01613944% BID:0.06196 ASK:0.06197 MID:0.061965 P1:0.061965 P2:0.061965 P3:0.061965 P4:0.061985 STATE:IDLE
[2026-05-11 18:11:42Z] CHK MOM:0% RANGE:0% UP:0% SPREAD:0.0322841% BID:0.06195 ASK:0.06197 MID:0.06196 P1:0.06196 P2:0.061965 P3:0.061965 P4:0.061965 STATE:IDLE
[2026-05-11 18:11:43Z] CHK MOM:-0.02% RANGE:0.02% UP:0% SPREAD:0.03228931% BID:0.06194 ASK:0.06196 MID:0.06195 P1:0.06195 P2:0.06196 P3:0.061965 P4:0.061965 STATE:IDLE
[2026-05-11 18:11:43Z] CHK MOM:-0.02% RANGE:0.02% UP:0% SPREAD:0.03228931% BID:0.06194 ASK:0.06196 MID:0.06195 P1:0.06195 P2:0.06196 P3:0.061965 P4:0.061965 STATE:IDLE
[2026-05-11 18:11:44Z] CHK MOM:-0.02% RANGE:0.02% UP:0% SPREAD:0.03228931% BID:0.06194 ASK:0.06196 MID:0.06195 P1:0.06195 P2:0.06196 P3:0.061965 P4:0.061965 STATE:IDLE
