[2026-05-11 14:48:02Z] SESSION_START symbol=GIGGLEUSDC dry_run=0 profile=major strategy=momentum base_url=https://api.binance.com
[2026-05-11 14:48:02Z] TOXIC_MEMORY_LOADED count=4 symbols=GUNUSDC,JTOUSDC,ORDIUSDC,SAHARAUSDC
[2026-05-11 14:48:04Z] CHK MOM:0% RANGE:0% UP:0% SPREAD:0.13620266% BID:36.71 ASK:36.76 MID:36.735 P1:36.735 P2:NA P3:NA P4:NA STATE:IDLE
[2026-05-11 14:48:05Z] CHK MOM:0% RANGE:0% UP:0% SPREAD:0.08169934% BID:36.72 ASK:36.75 MID:36.735 P1:36.735 P2:36.735 P3:NA P4:NA STATE:IDLE
[2026-05-11 14:48:05Z] CHK MOM:0% RANGE:0% UP:0% SPREAD:0.08169934% BID:36.72 ASK:36.75 MID:36.735 P1:36.735 P2:36.735 P3:NA P4:NA STATE:IDLE
[2026-05-11 14:48:06Z] CHK MOM:0.01% RANGE:0.01% UP:50% SPREAD:0.10893246% BID:36.72 ASK:36.76 MID:36.73999999 P1:36.73999999 P2:36.735 P3:36.735 P4:NA STATE:IDLE
[2026-05-11 14:48:06Z] CHK MOM:0% RANGE:0.01% UP:33.33% SPREAD:0.08169934% BID:36.72 ASK:36.75 MID:36.735 P1:36.735 P2:36.73999999 P3:36.735 P4:36.735 STATE:IDLE
[2026-05-11 14:48:07Z] CHK MOM:0% RANGE:0.01% UP:33.33% SPREAD:0.08169934% BID:36.72 ASK:36.75 MID:36.735 P1:36.735 P2:36.73999999 P3:36.735 P4:36.735 STATE:IDLE
[2026-05-11 14:48:07Z] CHK MOM:-0.1% RANGE:0.12% UP:25% SPREAD:0.13635124% BID:36.67 ASK:36.72 MID:36.695 P1:36.695 P2:36.735 P3:36.73999999 P4:36.735 STATE:IDLE
[2026-05-11 14:48:08Z] CHK MOM:-0.1% RANGE:0.12% UP:20% SPREAD:0.13635124% BID:36.67 ASK:36.72 MID:36.695 P1:36.695 P2:36.695 P3:36.735 P4:36.73999999 STATE:IDLE
[2026-05-11 14:48:08Z] CHK MOM:-0.12% RANGE:0.13% UP:16.66% SPREAD:0.10908099% BID:36.67 ASK:36.71 MID:36.69 P1:36.69 P2:36.695 P3:36.695 P4:36.735 STATE:IDLE
[2026-05-11 14:48:09Z] CHK MOM:-0.1% RANGE:0.13% UP:28.57% SPREAD:0.13635124% BID:36.67 ASK:36.72 MID:36.695 P1:36.695 P2:36.69 P3:36.695 P4:36.695 STATE:IDLE
[2026-05-11 14:48:10Z] CHK MOM:-0.1% RANGE:0.13% UP:28.57% SPREAD:0.13635124% BID:36.67 ASK:36.72 MID:36.695 P1:36.695 P2:36.69 P3:36.695 P4:36.695 STATE:IDLE
[2026-05-11 14:48:10Z] CHK MOM:-0.17% RANGE:0.19% UP:25% SPREAD:0.10914051% BID:36.65 ASK:36.69 MID:36.67 P1:36.67 P2:36.695 P3:36.69 P4:36.695 STATE:IDLE
[2026-05-11 14:48:11Z] CHK MOM:-0.17% RANGE:0.19% UP:25% SPREAD:0.10914051% BID:36.65 ASK:36.69 MID:36.67 P1:36.67 P2:36.695 P3:36.69 P4:36.695 STATE:IDLE
[2026-05-11 14:48:11Z] CHK MOM:-0.17% RANGE:0.19% UP:25% SPREAD:0.10914051% BID:36.65 ASK:36.69 MID:36.67 P1:36.67 P2:36.695 P3:36.69 P4:36.695 STATE:IDLE
[2026-05-11 14:48:12Z] CHK MOM:-0.12% RANGE:0.19% UP:33.33% SPREAD:0.16366612% BID:36.66 ASK:36.72 MID:36.69 P1:36.69 P2:36.67 P3:36.695 P4:36.69 STATE:IDLE
[2026-05-11 14:48:12Z] CHK MOM:-0.12% RANGE:0.19% UP:30% SPREAD:0.16366612% BID:36.66 ASK:36.72 MID:36.69 P1:36.69 P2:36.69 P3:36.67 P4:36.695 STATE:IDLE
[2026-05-11 14:48:13Z] CHK MOM:-0.12% RANGE:0.19% UP:30% SPREAD:0.16366612% BID:36.66 ASK:36.72 MID:36.69 P1:36.69 P2:36.69 P3:36.67 P4:36.695 STATE:IDLE
[2026-05-11 14:48:13Z] CHK MOM:-0.12% RANGE:0.19% UP:30% SPREAD:0.16366612% BID:36.66 ASK:36.72 MID:36.69 P1:36.69 P2:36.69 P3:36.67 P4:36.695 STATE:IDLE
[2026-05-11 14:48:14Z] CHK MOM:-0.14% RANGE:0.19% UP:27.27% SPREAD:0.10911074% BID:36.66 ASK:36.7 MID:36.68 P1:36.68 P2:36.69 P3:36.69 P4:36.67 STATE:IDLE
[2026-05-11 14:48:14Z] CHK MOM:-0.14% RANGE:0.19% UP:27.27% SPREAD:0.10911074% BID:36.66 ASK:36.7 MID:36.68 P1:36.68 P2:36.69 P3:36.69 P4:36.67 STATE:IDLE
[2026-05-11 14:48:15Z] CHK MOM:-0.14% RANGE:0.19% UP:27.27% SPREAD:0.10911074% BID:36.66 ASK:36.7 MID:36.68 P1:36.68 P2:36.69 P3:36.69 P4:36.67 STATE:IDLE
[2026-05-11 14:48:16Z] CHK MOM:-0.13% RANGE:0.19% UP:33.33% SPREAD:0.13638843% BID:36.66 ASK:36.71 MID:36.685 P1:36.685 P2:36.68 P3:36.69 P4:36.69 STATE:IDLE
[2026-05-11 14:48:16Z] CHK MOM:-0.13% RANGE:0.19% UP:33.33% SPREAD:0.13638843% BID:36.66 ASK:36.71 MID:36.685 P1:36.685 P2:36.68 P3:36.69 P4:36.69 STATE:IDLE
[2026-05-11 14:48:17Z] CHK MOM:-0.13% RANGE:0.19% UP:33.33% SPREAD:0.13638843% BID:36.66 ASK:36.71 MID:36.685 P1:36.685 P2:36.68 P3:36.69 P4:36.69 STATE:IDLE
[2026-05-11 14:48:17Z] CHK MOM:-0.16% RANGE:0.19% UP:27.27% SPREAD:0.10911074% BID:36.66 ASK:36.7 MID:36.68 P1:36.68 P2:36.685 P3:36.68 P4:36.69 STATE:IDLE
[2026-05-11 14:48:18Z] CHK MOM:-0.16% RANGE:0.19% UP:27.27% SPREAD:0.10911074% BID:36.66 ASK:36.7 MID:36.68 P1:36.68 P2:36.685 P3:36.68 P4:36.69 STATE:IDLE
[2026-05-11 14:48:18Z] CHK MOM:-0.16% RANGE:0.19% UP:27.27% SPREAD:0.10911074% BID:36.66 ASK:36.7 MID:36.68 P1:36.68 P2:36.685 P3:36.68 P4:36.69 STATE:IDLE
[2026-05-11 14:48:19Z] CHK MOM:-0.04% RANGE:0.06% UP:30% SPREAD:0.10911074% BID:36.66 ASK:36.7 MID:36.68 P1:36.68 P2:36.68 P3:36.685 P4:36.68 STATE:IDLE
[2026-05-11 14:48:19Z] CHK MOM:-0.04% RANGE:0.06% UP:30% SPREAD:0.10911074% BID:36.66 ASK:36.7 MID:36.68 P1:36.68 P2:36.68 P3:36.685 P4:36.68 STATE:IDLE
[2026-05-11 14:48:20Z] CHK MOM:-0.04% RANGE:0.06% UP:30% SPREAD:0.10911074% BID:36.66 ASK:36.7 MID:36.68 P1:36.68 P2:36.68 P3:36.685 P4:36.68 STATE:IDLE
[2026-05-11 14:48:21Z] CHK MOM:-0.05% RANGE:0.06% UP:33.33% SPREAD:0.10914051% BID:36.65 ASK:36.69 MID:36.67 P1:36.67 P2:36.68 P3:36.68 P4:36.685 STATE:IDLE
[2026-05-11 14:48:21Z] CHK MOM:-0.01% RANGE:0.06% UP:25% SPREAD:0.13646288% BID:36.64 ASK:36.69 MID:36.665 P1:36.665 P2:36.67 P3:36.68 P4:36.68 STATE:IDLE
[2026-05-11 14:48:22Z] CHK MOM:-0.12% RANGE:0.17% UP:22.22% SPREAD:0.13661202% BID:36.6 ASK:36.65 MID:36.625 P1:36.625 P2:36.665 P3:36.67 P4:36.68 STATE:IDLE
[2026-05-11 14:48:22Z] CHK MOM:-0.2% RANGE:0.2% UP:11.11% SPREAD:0.08196721% BID:36.6 ASK:36.63 MID:36.615 P1:36.615 P2:36.625 P3:36.665 P4:36.67 STATE:IDLE
[2026-05-11 14:48:23Z] CHK MOM:-0.2% RANGE:0.2% UP:11.11% SPREAD:0.08196721% BID:36.6 ASK:36.63 MID:36.615 P1:36.615 P2:36.625 P3:36.665 P4:36.67 STATE:IDLE
[2026-05-11 14:48:23Z] CHK MOM:-0.19% RANGE:0.2% UP:20% SPREAD:0.10928961% BID:36.6 ASK:36.64 MID:36.62 P1:36.62 P2:36.615 P3:36.625 P4:36.665 STATE:IDLE
[2026-05-11 14:48:24Z] CHK MOM:-0.16% RANGE:0.2% UP:27.27% SPREAD:0.10925976% BID:36.61 ASK:36.65 MID:36.62999999 P1:36.62999999 P2:36.62 P3:36.615 P4:36.625 STATE:IDLE
[2026-05-11 14:48:24Z] CHK MOM:-0.13% RANGE:0.19% UP:30% SPREAD:0.10925976% BID:36.61 ASK:36.65 MID:36.62999999 P1:36.62999999 P2:36.62999999 P3:36.62 P4:36.615 STATE:IDLE
[2026-05-11 14:48:25Z] CHK MOM:-0.13% RANGE:0.19% UP:30% SPREAD:0.10925976% BID:36.61 ASK:36.65 MID:36.62999999 P1:36.62999999 P2:36.62999999 P3:36.62 P4:36.615 STATE:IDLE
[2026-05-11 14:48:25Z] CHK MOM:-0.13% RANGE:0.19% UP:27.27% SPREAD:0.10925976% BID:36.61 ASK:36.65 MID:36.62999999 P1:36.62999999 P2:36.62999999 P3:36.62999999 P4:36.62 STATE:IDLE
[2026-05-11 14:48:26Z] CHK MOM:-0.13% RANGE:0.19% UP:27.27% SPREAD:0.10925976% BID:36.61 ASK:36.65 MID:36.62999999 P1:36.62999999 P2:36.62999999 P3:36.62999999 P4:36.62 STATE:IDLE
[2026-05-11 14:48:27Z] CHK MOM:-0.19% RANGE:0.19% UP:18.18% SPREAD:0.08196721% BID:36.6 ASK:36.63 MID:36.615 P1:36.615 P2:36.62999999 P3:36.62999999 P4:36.62999999 STATE:IDLE
[2026-05-11 14:48:27Z] CHK MOM:-0.17% RANGE:0.17% UP:18.18% SPREAD:0.08196721% BID:36.6 ASK:36.63 MID:36.615 P1:36.615 P2:36.615 P3:36.62999999 P4:36.62999999 STATE:IDLE
[2026-05-11 14:48:28Z] CHK MOM:-0.17% RANGE:0.17% UP:18.18% SPREAD:0.08196721% BID:36.6 ASK:36.63 MID:36.615 P1:36.615 P2:36.615 P3:36.62999999 P4:36.62999999 STATE:IDLE
[2026-05-11 14:48:28Z] CHK MOM:-0.17% RANGE:0.17% UP:18.18% SPREAD:0.08196721% BID:36.6 ASK:36.63 MID:36.615 P1:36.615 P2:36.615 P3:36.62999999 P4:36.62999999 STATE:IDLE
[2026-05-11 14:48:29Z] CHK MOM:-0.17% RANGE:0.17% UP:18.18% SPREAD:0.08196721% BID:36.6 ASK:36.63 MID:36.615 P1:36.615 P2:36.615 P3:36.62999999 P4:36.62999999 STATE:IDLE
[2026-05-11 14:48:29Z] CHK MOM:-0.17% RANGE:0.17% UP:16.66% SPREAD:0.08196721% BID:36.6 ASK:36.63 MID:36.615 P1:36.615 P2:36.615 P3:36.615 P4:36.62999999 STATE:IDLE
[2026-05-11 14:48:30Z] CHK MOM:-0.08% RANGE:0.17% UP:25% SPREAD:0.21851953% BID:36.61 ASK:36.69 MID:36.65 P1:36.65 P2:36.615 P3:36.615 P4:36.615 STATE:IDLE
[2026-05-11 14:48:30Z] CHK MOM:-0.12% RANGE:0.17% UP:23.07% SPREAD:0.1365747% BID:36.61 ASK:36.66 MID:36.635 P1:36.635 P2:36.65 P3:36.615 P4:36.615 STATE:IDLE
[2026-05-11 14:48:31Z] CHK MOM:-0.14% RANGE:0.17% UP:21.42% SPREAD:0.08194482% BID:36.61 ASK:36.64 MID:36.625 P1:36.625 P2:36.635 P3:36.65 P4:36.615 STATE:IDLE
[2026-05-11 14:48:32Z] CHK MOM:-0.12% RANGE:0.15% UP:21.42% SPREAD:0.08194482% BID:36.61 ASK:36.64 MID:36.625 P1:36.625 P2:36.625 P3:36.635 P4:36.65 STATE:IDLE
[2026-05-11 14:48:32Z] CHK MOM:-0.12% RANGE:0.15% UP:21.42% SPREAD:0.08194482% BID:36.61 ASK:36.64 MID:36.625 P1:36.625 P2:36.625 P3:36.635 P4:36.65 STATE:IDLE
[2026-05-11 14:48:33Z] CHK MOM:-0.12% RANGE:0.15% UP:21.42% SPREAD:0.08194482% BID:36.61 ASK:36.64 MID:36.625 P1:36.625 P2:36.625 P3:36.635 P4:36.65 STATE:IDLE
[2026-05-11 14:48:33Z] CHK MOM:-0.12% RANGE:0.15% UP:21.42% SPREAD:0.08194482% BID:36.61 ASK:36.64 MID:36.625 P1:36.625 P2:36.625 P3:36.635 P4:36.65 STATE:IDLE
[2026-05-11 14:48:34Z] CHK MOM:0% RANGE:0.09% UP:23.07% SPREAD:0.08194482% BID:36.61 ASK:36.64 MID:36.625 P1:36.625 P2:36.625 P3:36.625 P4:36.635 STATE:IDLE
[2026-05-11 14:48:34Z] CHK MOM:0% RANGE:0.09% UP:23.07% SPREAD:0.08194482% BID:36.61 ASK:36.64 MID:36.625 P1:36.625 P2:36.625 P3:36.625 P4:36.635 STATE:IDLE
[2026-05-11 14:48:35Z] CHK MOM:0% RANGE:0.09% UP:23.07% SPREAD:0.08194482% BID:36.61 ASK:36.64 MID:36.625 P1:36.625 P2:36.625 P3:36.625 P4:36.635 STATE:IDLE
[2026-05-11 14:48:35Z] CHK MOM:0% RANGE:0.09% UP:23.07% SPREAD:0.08194482% BID:36.61 ASK:36.64 MID:36.625 P1:36.625 P2:36.625 P3:36.625 P4:36.635 STATE:IDLE
[2026-05-11 14:48:36Z] CHK MOM:0% RANGE:0.09% UP:18.18% SPREAD:0.10925976% BID:36.61 ASK:36.65 MID:36.62999999 P1:36.62999999 P2:36.625 P3:36.625 P4:36.625 STATE:IDLE
[2026-05-11 14:48:36Z] CHK MOM:0% RANGE:0.09% UP:18.18% SPREAD:0.10925976% BID:36.61 ASK:36.65 MID:36.62999999 P1:36.62999999 P2:36.625 P3:36.625 P4:36.625 STATE:IDLE
[2026-05-11 14:48:37Z] CHK MOM:-0.01% RANGE:0.09% UP:20% SPREAD:0.13661202% BID:36.6 ASK:36.65 MID:36.625 P1:36.625 P2:36.62999999 P3:36.625 P4:36.625 STATE:IDLE
[2026-05-11 14:48:37Z] CHK MOM:-0.01% RANGE:0.09% UP:20% SPREAD:0.13661202% BID:36.6 ASK:36.65 MID:36.625 P1:36.625 P2:36.62999999 P3:36.625 P4:36.625 STATE:IDLE
[2026-05-11 14:48:38Z] CHK MOM:-0.01% RANGE:0.09% UP:20% SPREAD:0.13661202% BID:36.6 ASK:36.65 MID:36.625 P1:36.625 P2:36.62999999 P3:36.625 P4:36.625 STATE:IDLE
[2026-05-11 14:48:38Z] CHK MOM:-0.01% RANGE:0.09% UP:20% SPREAD:0.13661202% BID:36.6 ASK:36.65 MID:36.625 P1:36.625 P2:36.62999999 P3:36.625 P4:36.625 STATE:IDLE
[2026-05-11 14:48:39Z] CHK MOM:-0.01% RANGE:0.09% UP:20% SPREAD:0.13661202% BID:36.6 ASK:36.65 MID:36.625 P1:36.625 P2:36.62999999 P3:36.625 P4:36.625 STATE:IDLE
[2026-05-11 14:48:40Z] CHK MOM:0.04% RANGE:0.09% UP:37.5% SPREAD:0.10925976% BID:36.61 ASK:36.65 MID:36.62999999 P1:36.62999999 P2:36.625 P3:36.62999999 P4:36.625 STATE:IDLE
[2026-05-11 14:48:40Z] CHK MOM:0.04% RANGE:0.09% UP:37.5% SPREAD:0.10925976% BID:36.61 ASK:36.65 MID:36.62999999 P1:36.62999999 P2:36.625 P3:36.62999999 P4:36.625 STATE:IDLE
[2026-05-11 14:48:41Z] CHK MOM:0.04% RANGE:0.09% UP:37.5% SPREAD:0.10925976% BID:36.61 ASK:36.65 MID:36.62999999 P1:36.62999999 P2:36.625 P3:36.62999999 P4:36.625 STATE:IDLE
[2026-05-11 14:48:41Z] CHK MOM:-0.05% RANGE:0.06% UP:25% SPREAD:0.10925976% BID:36.61 ASK:36.65 MID:36.62999999 P1:36.62999999 P2:36.62999999 P3:36.625 P4:36.62999999 STATE:IDLE
[2026-05-11 14:48:42Z] CHK MOM:-0.05% RANGE:0.06% UP:25% SPREAD:0.10925976% BID:36.61 ASK:36.65 MID:36.62999999 P1:36.62999999 P2:36.62999999 P3:36.625 P4:36.62999999 STATE:IDLE
[2026-05-11 14:48:42Z] CHK MOM:-0.05% RANGE:0.06% UP:25% SPREAD:0.10925976% BID:36.61 ASK:36.65 MID:36.62999999 P1:36.62999999 P2:36.62999999 P3:36.625 P4:36.62999999 STATE:IDLE
[2026-05-11 14:48:43Z] CHK MOM:-0.01% RANGE:0.02% UP:40% SPREAD:0.10928961% BID:36.6 ASK:36.64 MID:36.62 P1:36.62 P2:36.62999999 P3:36.62999999 P4:36.625 STATE:IDLE
[2026-05-11 14:48:43Z] CHK MOM:-0.01% RANGE:0.02% UP:33.33% SPREAD:0.10928961% BID:36.6 ASK:36.64 MID:36.62 P1:36.62 P2:36.62 P3:36.62999999 P4:36.62999999 STATE:IDLE
[2026-05-11 14:48:44Z] CHK MOM:-0.02% RANGE:0.04% UP:28.57% SPREAD:0.08196721% BID:36.6 ASK:36.63 MID:36.615 P1:36.615 P2:36.62 P3:36.62 P4:36.62999999 STATE:IDLE
[2026-05-11 14:48:44Z] CHK MOM:-0.02% RANGE:0.04% UP:28.57% SPREAD:0.08196721% BID:36.6 ASK:36.63 MID:36.615 P1:36.615 P2:36.62 P3:36.62 P4:36.62999999 STATE:IDLE
[2026-05-11 14:48:45Z] CHK MOM:-0.02% RANGE:0.04% UP:28.57% SPREAD:0.08196721% BID:36.6 ASK:36.63 MID:36.615 P1:36.615 P2:36.62 P3:36.62 P4:36.62999999 STATE:IDLE
[2026-05-11 14:48:45Z] CHK MOM:-0.02% RANGE:0.04% UP:28.57% SPREAD:0.08196721% BID:36.6 ASK:36.63 MID:36.615 P1:36.615 P2:36.62 P3:36.62 P4:36.62999999 STATE:IDLE
[2026-05-11 14:48:46Z] CHK MOM:-0.02% RANGE:0.04% UP:28.57% SPREAD:0.08196721% BID:36.6 ASK:36.63 MID:36.615 P1:36.615 P2:36.62 P3:36.62 P4:36.62999999 STATE:IDLE
[2026-05-11 14:48:46Z] CHK MOM:-0.02% RANGE:0.04% UP:28.57% SPREAD:0.08196721% BID:36.6 ASK:36.63 MID:36.615 P1:36.615 P2:36.62 P3:36.62 P4:36.62999999 STATE:IDLE
[2026-05-11 14:48:49Z] CHK MOM:-0.06% RANGE:0.06% UP:0% SPREAD:0.08198961% BID:36.59 ASK:36.62 MID:36.605 P1:36.605 P2:36.615 P3:36.62 P4:36.62 STATE:IDLE
[2026-05-11 14:48:50Z] CHK MOM:-0.04% RANGE:0.06% UP:16.66% SPREAD:0.08196721% BID:36.6 ASK:36.63 MID:36.615 P1:36.615 P2:36.605 P3:36.615 P4:36.62 STATE:IDLE
[2026-05-11 14:48:50Z] CHK MOM:-0.04% RANGE:0.06% UP:16.66% SPREAD:0.08196721% BID:36.6 ASK:36.63 MID:36.615 P1:36.615 P2:36.605 P3:36.615 P4:36.62 STATE:IDLE
[2026-05-11 14:48:51Z] CHK MOM:-0.05% RANGE:0.06% UP:14.28% SPREAD:0.10931948% BID:36.59 ASK:36.63 MID:36.61 P1:36.61 P2:36.615 P3:36.605 P4:36.615 STATE:IDLE
[2026-05-11 14:48:51Z] CHK MOM:-0.04% RANGE:0.06% UP:28.57% SPREAD:0.08196721% BID:36.6 ASK:36.63 MID:36.615 P1:36.615 P2:36.61 P3:36.615 P4:36.605 STATE:IDLE
[2026-05-11 14:48:52Z] CHK MOM:-0.04% RANGE:0.06% UP:28.57% SPREAD:0.08196721% BID:36.6 ASK:36.63 MID:36.615 P1:36.615 P2:36.61 P3:36.615 P4:36.605 STATE:IDLE
[2026-05-11 14:48:52Z] CHK MOM:-0.04% RANGE:0.06% UP:28.57% SPREAD:0.08196721% BID:36.6 ASK:36.63 MID:36.615 P1:36.615 P2:36.61 P3:36.615 P4:36.605 STATE:IDLE
[2026-05-11 14:48:53Z] CHK MOM:-0.04% RANGE:0.06% UP:28.57% SPREAD:0.08196721% BID:36.6 ASK:36.63 MID:36.615 P1:36.615 P2:36.61 P3:36.615 P4:36.605 STATE:IDLE
[2026-05-11 14:48:53Z] CHK MOM:-0.04% RANGE:0.06% UP:28.57% SPREAD:0.08196721% BID:36.6 ASK:36.63 MID:36.615 P1:36.615 P2:36.61 P3:36.615 P4:36.605 STATE:IDLE
[2026-05-11 14:48:54Z] CHK MOM:-0.04% RANGE:0.06% UP:28.57% SPREAD:0.08196721% BID:36.6 ASK:36.63 MID:36.615 P1:36.615 P2:36.61 P3:36.615 P4:36.605 STATE:IDLE
[2026-05-11 14:48:58Z] CHK MOM:0.02% RANGE:0.02% UP:50% SPREAD:0.08196721% BID:36.6 ASK:36.63 MID:36.615 P1:36.615 P2:36.615 P3:36.61 P4:36.615 STATE:IDLE
[2026-05-11 14:48:58Z] CHK MOM:0.02% RANGE:0.02% UP:40% SPREAD:0.08196721% BID:36.6 ASK:36.63 MID:36.615 P1:36.615 P2:36.615 P3:36.615 P4:36.61 STATE:IDLE
[2026-05-11 14:48:59Z] CHK MOM:0.02% RANGE:0.02% UP:40% SPREAD:0.08196721% BID:36.6 ASK:36.63 MID:36.615 P1:36.615 P2:36.615 P3:36.615 P4:36.61 STATE:IDLE
[2026-05-11 14:48:59Z] CHK MOM:0.02% RANGE:0.02% UP:40% SPREAD:0.08196721% BID:36.6 ASK:36.63 MID:36.615 P1:36.615 P2:36.615 P3:36.615 P4:36.61 STATE:IDLE
[2026-05-11 14:49:00Z] CHK MOM:0.02% RANGE:0.02% UP:33.33% SPREAD:0.08196721% BID:36.6 ASK:36.63 MID:36.615 P1:36.615 P2:36.615 P3:36.615 P4:36.615 STATE:IDLE
[2026-05-11 14:49:00Z] CHK MOM:0.04% RANGE:0.04% UP:42.85% SPREAD:0.10928961% BID:36.6 ASK:36.64 MID:36.62 P1:36.62 P2:36.615 P3:36.615 P4:36.615 STATE:IDLE
[2026-05-11 14:49:01Z] CHK MOM:0.02% RANGE:0.04% UP:42.85% SPREAD:0.13661202% BID:36.6 ASK:36.65 MID:36.625 P1:36.625 P2:36.62 P3:36.615 P4:36.615 STATE:IDLE
[2026-05-11 14:49:01Z] CHK MOM:0.02% RANGE:0.04% UP:37.5% SPREAD:0.13661202% BID:36.6 ASK:36.65 MID:36.625 P1:36.625 P2:36.625 P3:36.62 P4:36.615 STATE:IDLE
[2026-05-11 14:49:02Z] CHK MOM:0.02% RANGE:0.04% UP:37.5% SPREAD:0.10928961% BID:36.6 ASK:36.64 MID:36.62 P1:36.62 P2:36.625 P3:36.625 P4:36.62 STATE:IDLE
[2026-05-11 14:49:02Z] CHK MOM:0.02% RANGE:0.04% UP:37.5% SPREAD:0.10928961% BID:36.6 ASK:36.64 MID:36.62 P1:36.62 P2:36.625 P3:36.625 P4:36.62 STATE:IDLE
[2026-05-11 14:49:03Z] CHK MOM:0.02% RANGE:0.04% UP:37.5% SPREAD:0.10928961% BID:36.6 ASK:36.64 MID:36.62 P1:36.62 P2:36.625 P3:36.625 P4:36.62 STATE:IDLE
[2026-05-11 14:49:04Z] CHK MOM:0.02% RANGE:0.02% UP:42.85% SPREAD:0.13661202% BID:36.6 ASK:36.65 MID:36.625 P1:36.625 P2:36.62 P3:36.625 P4:36.625 STATE:IDLE
[2026-05-11 14:49:04Z] CHK MOM:0.02% RANGE:0.02% UP:37.5% SPREAD:0.13661202% BID:36.6 ASK:36.65 MID:36.625 P1:36.625 P2:36.625 P3:36.62 P4:36.625 STATE:IDLE
[2026-05-11 14:49:05Z] CHK MOM:0.02% RANGE:0.02% UP:37.5% SPREAD:0.13661202% BID:36.6 ASK:36.65 MID:36.625 P1:36.625 P2:36.625 P3:36.62 P4:36.625 STATE:IDLE
[2026-05-11 14:49:05Z] CHK MOM:0.02% RANGE:0.02% UP:37.5% SPREAD:0.13661202% BID:36.6 ASK:36.65 MID:36.625 P1:36.625 P2:36.625 P3:36.62 P4:36.625 STATE:IDLE
[2026-05-11 14:49:06Z] CHK MOM:0% RANGE:0.02% UP:33.33% SPREAD:0.08196721% BID:36.6 ASK:36.63 MID:36.615 P1:36.615 P2:36.625 P3:36.625 P4:36.62 STATE:IDLE
[2026-05-11 14:49:06Z] CHK MOM:0% RANGE:0.02% UP:33.33% SPREAD:0.08196721% BID:36.6 ASK:36.63 MID:36.615 P1:36.615 P2:36.625 P3:36.625 P4:36.62 STATE:IDLE
[2026-05-11 14:49:07Z] CHK MOM:0% RANGE:0.02% UP:33.33% SPREAD:0.08196721% BID:36.6 ASK:36.63 MID:36.615 P1:36.615 P2:36.625 P3:36.625 P4:36.62 STATE:IDLE
[2026-05-11 14:49:07Z] CHK MOM:0% RANGE:0.02% UP:33.33% SPREAD:0.08196721% BID:36.6 ASK:36.63 MID:36.615 P1:36.615 P2:36.625 P3:36.625 P4:36.62 STATE:IDLE
[2026-05-11 14:49:08Z] CHK MOM:0% RANGE:0.02% UP:33.33% SPREAD:0.08196721% BID:36.6 ASK:36.63 MID:36.615 P1:36.615 P2:36.625 P3:36.625 P4:36.62 STATE:IDLE
[2026-05-11 14:49:09Z] CHK MOM:0% RANGE:0.02% UP:33.33% SPREAD:0.08196721% BID:36.6 ASK:36.63 MID:36.615 P1:36.615 P2:36.625 P3:36.625 P4:36.62 STATE:IDLE
[2026-05-11 14:49:09Z] CHK MOM:0.02% RANGE:0.02% UP:44.44% SPREAD:0.13661202% BID:36.6 ASK:36.65 MID:36.625 P1:36.625 P2:36.615 P3:36.625 P4:36.625 STATE:IDLE
[2026-05-11 14:49:10Z] CHK MOM:0.01% RANGE:0.02% UP:40% SPREAD:0.10928961% BID:36.6 ASK:36.64 MID:36.62 P1:36.62 P2:36.625 P3:36.615 P4:36.625 STATE:IDLE
[2026-05-11 14:49:10Z] CHK MOM:-0.01% RANGE:0.04% UP:36.36% SPREAD:0.0546448% BID:36.6 ASK:36.62 MID:36.61 P1:36.61 P2:36.62 P3:36.625 P4:36.615 STATE:IDLE
[2026-05-11 14:49:11Z] CHK MOM:-0.01% RANGE:0.04% UP:36.36% SPREAD:0.0546448% BID:36.6 ASK:36.62 MID:36.61 P1:36.61 P2:36.62 P3:36.625 P4:36.615 STATE:IDLE
[2026-05-11 14:49:11Z] CHK MOM:-0.01% RANGE:0.04% UP:36.36% SPREAD:0.0546448% BID:36.6 ASK:36.62 MID:36.61 P1:36.61 P2:36.62 P3:36.625 P4:36.615 STATE:IDLE
[2026-05-11 14:49:12Z] CHK MOM:0% RANGE:0.04% UP:45.45% SPREAD:0.08196721% BID:36.6 ASK:36.63 MID:36.615 P1:36.615 P2:36.61 P3:36.62 P4:36.625 STATE:IDLE
[2026-05-11 14:49:12Z] CHK MOM:0% RANGE:0.04% UP:45.45% SPREAD:0.10928961% BID:36.6 ASK:36.64 MID:36.62 P1:36.62 P2:36.615 P3:36.61 P4:36.62 STATE:IDLE
[2026-05-11 14:49:13Z] CHK MOM:-0.05% RANGE:0.05% UP:40% SPREAD:0.08198961% BID:36.59 ASK:36.62 MID:36.605 P1:36.605 P2:36.62 P3:36.615 P4:36.61 STATE:IDLE
[2026-05-11 14:49:13Z] CHK MOM:-0.05% RANGE:0.05% UP:40% SPREAD:0.08198961% BID:36.59 ASK:36.62 MID:36.605 P1:36.605 P2:36.62 P3:36.615 P4:36.61 STATE:IDLE
[2026-05-11 14:49:14Z] CHK MOM:-0.05% RANGE:0.05% UP:33.33% SPREAD:0.08198961% BID:36.59 ASK:36.62 MID:36.605 P1:36.605 P2:36.605 P3:36.62 P4:36.615 STATE:IDLE
[2026-05-11 14:49:15Z] CHK MOM:-0.02% RANGE:0.05% UP:40% SPREAD:0.08196721% BID:36.6 ASK:36.63 MID:36.615 P1:36.615 P2:36.605 P3:36.605 P4:36.62 STATE:IDLE
[2026-05-11 14:49:15Z] CHK MOM:-0.02% RANGE:0.05% UP:40% SPREAD:0.08196721% BID:36.6 ASK:36.63 MID:36.615 P1:36.615 P2:36.605 P3:36.605 P4:36.62 STATE:IDLE
[2026-05-11 14:49:16Z] CHK MOM:-0.02% RANGE:0.05% UP:40% SPREAD:0.08196721% BID:36.6 ASK:36.63 MID:36.615 P1:36.615 P2:36.605 P3:36.605 P4:36.62 STATE:IDLE
[2026-05-11 14:49:16Z] CHK MOM:-0.02% RANGE:0.05% UP:40% SPREAD:0.08196721% BID:36.6 ASK:36.63 MID:36.615 P1:36.615 P2:36.605 P3:36.605 P4:36.62 STATE:IDLE
[2026-05-11 14:49:17Z] CHK MOM:-0.02% RANGE:0.05% UP:40% SPREAD:0.08196721% BID:36.6 ASK:36.63 MID:36.615 P1:36.615 P2:36.605 P3:36.605 P4:36.62 STATE:IDLE
[2026-05-11 14:49:17Z] CHK MOM:-0.02% RANGE:0.05% UP:40% SPREAD:0.08196721% BID:36.6 ASK:36.63 MID:36.615 P1:36.615 P2:36.605 P3:36.605 P4:36.62 STATE:IDLE
[2026-05-11 14:49:18Z] CHK MOM:-0.01% RANGE:0.05% UP:50% SPREAD:0.10928961% BID:36.6 ASK:36.64 MID:36.62 P1:36.62 P2:36.615 P3:36.605 P4:36.605 STATE:IDLE
[2026-05-11 14:49:19Z] CHK MOM:-0.01% RANGE:0.05% UP:50% SPREAD:0.10928961% BID:36.6 ASK:36.64 MID:36.62 P1:36.62 P2:36.615 P3:36.605 P4:36.605 STATE:IDLE
[2026-05-11 14:49:20Z] CHK MOM:-0.01% RANGE:0.05% UP:50% SPREAD:0.10928961% BID:36.6 ASK:36.64 MID:36.62 P1:36.62 P2:36.615 P3:36.605 P4:36.605 STATE:IDLE
[2026-05-11 14:49:20Z] CHK MOM:-0.01% RANGE:0.05% UP:50% SPREAD:0.10928961% BID:36.6 ASK:36.64 MID:36.62 P1:36.62 P2:36.615 P3:36.605 P4:36.605 STATE:IDLE
[2026-05-11 14:49:21Z] CHK MOM:-0.01% RANGE:0.05% UP:50% SPREAD:0.10928961% BID:36.6 ASK:36.64 MID:36.62 P1:36.62 P2:36.615 P3:36.605 P4:36.605 STATE:IDLE
[2026-05-11 14:49:22Z] CHK MOM:0.05% RANGE:0.08% UP:66.66% SPREAD:0.08192244% BID:36.62 ASK:36.65 MID:36.635 P1:36.635 P2:36.62 P3:36.615 P4:36.605 STATE:IDLE
[2026-05-11 14:49:23Z] CHK MOM:0.05% RANGE:0.08% UP:66.66% SPREAD:0.08192244% BID:36.62 ASK:36.65 MID:36.635 P1:36.635 P2:36.62 P3:36.615 P4:36.605 STATE:IDLE
[2026-05-11 14:49:23Z] CHK MOM:0.04% RANGE:0.08% UP:57.14% SPREAD:0.05461496% BID:36.62 ASK:36.64 MID:36.62999999 P1:36.62999999 P2:36.635 P3:36.62 P4:36.615 STATE:IDLE
[2026-05-11 14:49:24Z] CHK MOM:-0.12% RANGE:0.16% UP:42.85% SPREAD:0.19157088% BID:36.54 ASK:36.61 MID:36.575 P1:36.575 P2:36.62999999 P3:36.635 P4:36.62 STATE:IDLE
[2026-05-11 14:49:25Z] CHK MOM:-0.24% RANGE:0.28% UP:37.5% SPREAD:0.10955902% BID:36.51 ASK:36.55 MID:36.53 P1:36.53 P2:36.575 P3:36.62999999 P4:36.635 STATE:IDLE
[2026-05-11 14:49:25Z] CHK MOM:-0.2% RANGE:0.28% UP:37.5% SPREAD:0.10955902% BID:36.51 ASK:36.55 MID:36.53 P1:36.53 P2:36.53 P3:36.575 P4:36.62999999 STATE:IDLE
[2026-05-11 14:49:26Z] CHK MOM:-0.2% RANGE:0.28% UP:37.5% SPREAD:0.10955902% BID:36.51 ASK:36.55 MID:36.53 P1:36.53 P2:36.53 P3:36.575 P4:36.62999999 STATE:IDLE
[2026-05-11 14:49:26Z] CHK MOM:-0.21% RANGE:0.28% UP:42.85% SPREAD:0.08214676% BID:36.52 ASK:36.55 MID:36.535 P1:36.535 P2:36.53 P3:36.53 P4:36.575 STATE:IDLE
[2026-05-11 14:49:27Z] CHK MOM:-0.21% RANGE:0.28% UP:42.85% SPREAD:0.08214676% BID:36.52 ASK:36.55 MID:36.535 P1:36.535 P2:36.53 P3:36.53 P4:36.575 STATE:IDLE
[2026-05-11 14:49:27Z] CHK MOM:-0.21% RANGE:0.28% UP:42.85% SPREAD:0.08214676% BID:36.52 ASK:36.55 MID:36.535 P1:36.535 P2:36.53 P3:36.53 P4:36.575 STATE:IDLE
[2026-05-11 14:49:28Z] CHK MOM:-0.21% RANGE:0.28% UP:42.85% SPREAD:0.08214676% BID:36.52 ASK:36.55 MID:36.535 P1:36.535 P2:36.53 P3:36.53 P4:36.575 STATE:IDLE
[2026-05-11 14:49:28Z] CHK MOM:-0.27% RANGE:0.31% UP:28.57% SPREAD:0.05477951% BID:36.51 ASK:36.53 MID:36.51999999 P1:36.51999999 P2:36.535 P3:36.53 P4:36.53 STATE:IDLE
[2026-05-11 14:49:29Z] CHK MOM:-0.25% RANGE:0.31% UP:37.5% SPREAD:0.08216926% BID:36.51 ASK:36.54 MID:36.525 P1:36.525 P2:36.51999999 P3:36.535 P4:36.53 STATE:IDLE
[2026-05-11 14:49:29Z] CHK MOM:-0.25% RANGE:0.31% UP:37.5% SPREAD:0.08216926% BID:36.51 ASK:36.54 MID:36.525 P1:36.525 P2:36.51999999 P3:36.535 P4:36.53 STATE:IDLE
[2026-05-11 14:49:30Z] CHK MOM:-0.25% RANGE:0.31% UP:37.5% SPREAD:0.08216926% BID:36.51 ASK:36.54 MID:36.525 P1:36.525 P2:36.51999999 P3:36.535 P4:36.53 STATE:IDLE
[2026-05-11 14:49:31Z] CHK MOM:-0.31% RANGE:0.31% UP:25% SPREAD:0.10958904% BID:36.5 ASK:36.54 MID:36.51999999 P1:36.51999999 P2:36.525 P3:36.51999999 P4:36.535 STATE:IDLE
[2026-05-11 14:49:31Z] CHK MOM:-0.38% RANGE:0.38% UP:22.22% SPREAD:0.13709898% BID:36.47 ASK:36.52 MID:36.495 P1:36.495 P2:36.51999999 P3:36.525 P4:36.51999999 STATE:IDLE
[2026-05-11 14:49:32Z] CHK MOM:-0.38% RANGE:0.38% UP:20% SPREAD:0.08223684% BID:36.48 ASK:36.51 MID:36.495 P1:36.495 P2:36.495 P3:36.51999999 P4:36.525 STATE:IDLE
[2026-05-11 14:49:32Z] CHK MOM:-0.38% RANGE:0.38% UP:20% SPREAD:0.08223684% BID:36.48 ASK:36.51 MID:36.495 P1:36.495 P2:36.495 P3:36.51999999 P4:36.525 STATE:IDLE
[2026-05-11 14:49:33Z] CHK MOM:-0.36% RANGE:0.38% UP:27.27% SPREAD:0.10964912% BID:36.48 ASK:36.52 MID:36.5 P1:36.5 P2:36.495 P3:36.495 P4:36.51999999 STATE:IDLE
[2026-05-11 14:49:33Z] CHK MOM:-0.36% RANGE:0.38% UP:27.27% SPREAD:0.10964912% BID:36.48 ASK:36.52 MID:36.5 P1:36.5 P2:36.495 P3:36.495 P4:36.51999999 STATE:IDLE
[2026-05-11 14:49:34Z] CHK MOM:-0.38% RANGE:0.38% UP:25% SPREAD:0.08223684% BID:36.48 ASK:36.51 MID:36.495 P1:36.495 P2:36.5 P3:36.495 P4:36.495 STATE:IDLE
[2026-05-11 14:49:34Z] CHK MOM:-0.38% RANGE:0.38% UP:25% SPREAD:0.10967918% BID:36.47 ASK:36.51 MID:36.48999999 P1:36.48999999 P2:36.495 P3:36.5 P4:36.495 STATE:IDLE
[2026-05-11 14:49:35Z] CHK MOM:-0.38% RANGE:0.38% UP:23.07% SPREAD:0.10967918% BID:36.47 ASK:36.51 MID:36.48999999 P1:36.48999999 P2:36.48999999 P3:36.495 P4:36.5 STATE:IDLE
[2026-05-11 14:49:36Z] CHK MOM:-0.2% RANGE:0.23% UP:30.76% SPREAD:0.10964912% BID:36.48 ASK:36.52 MID:36.5 P1:36.5 P2:36.48999999 P3:36.48999999 P4:36.495 STATE:IDLE
[2026-05-11 14:49:36Z] CHK MOM:-0.19% RANGE:0.23% UP:35.71% SPREAD:0.0822143% BID:36.49 ASK:36.52 MID:36.505 P1:36.505 P2:36.5 P3:36.48999999 P4:36.48999999 STATE:IDLE
[2026-05-11 14:49:37Z] CHK MOM:-0.19% RANGE:0.23% UP:35.71% SPREAD:0.0822143% BID:36.49 ASK:36.52 MID:36.505 P1:36.505 P2:36.5 P3:36.48999999 P4:36.48999999 STATE:IDLE
[2026-05-11 14:49:37Z] CHK MOM:-0.19% RANGE:0.23% UP:35.71% SPREAD:0.0822143% BID:36.49 ASK:36.52 MID:36.505 P1:36.505 P2:36.5 P3:36.48999999 P4:36.48999999 STATE:IDLE
[2026-05-11 14:49:38Z] CHK MOM:-0.09% RANGE:0.12% UP:33.33% SPREAD:0.10964912% BID:36.48 ASK:36.52 MID:36.5 P1:36.5 P2:36.505 P3:36.5 P4:36.48999999 STATE:IDLE
[2026-05-11 14:49:38Z] CHK MOM:-0.09% RANGE:0.12% UP:33.33% SPREAD:0.10964912% BID:36.48 ASK:36.52 MID:36.5 P1:36.5 P2:36.505 P3:36.5 P4:36.48999999 STATE:IDLE
[2026-05-11 14:49:39Z] CHK MOM:-0.09% RANGE:0.12% UP:33.33% SPREAD:0.10964912% BID:36.48 ASK:36.52 MID:36.5 P1:36.5 P2:36.505 P3:36.5 P4:36.48999999 STATE:IDLE
[2026-05-11 14:49:39Z] CHK MOM:-0.09% RANGE:0.12% UP:33.33% SPREAD:0.10964912% BID:36.48 ASK:36.52 MID:36.5 P1:36.5 P2:36.505 P3:36.5 P4:36.48999999 STATE:IDLE
[2026-05-11 14:49:40Z] CHK MOM:-0.04% RANGE:0.09% UP:41.66% SPREAD:0.0822143% BID:36.49 ASK:36.52 MID:36.505 P1:36.505 P2:36.5 P3:36.505 P4:36.5 STATE:IDLE
[2026-05-11 14:49:40Z] CHK MOM:-0.16% RANGE:0.16% UP:33.33% SPREAD:0.19214932% BID:36.43 ASK:36.5 MID:36.465 P1:36.465 P2:36.505 P3:36.5 P4:36.505 STATE:IDLE
[2026-05-11 14:49:41Z] CHK MOM:-0.1% RANGE:0.16% UP:38.46% SPREAD:0.13713658% BID:36.46 ASK:36.51 MID:36.485 P1:36.485 P2:36.465 P3:36.505 P4:36.5 STATE:IDLE
[2026-05-11 14:49:42Z] CHK MOM:-0.09% RANGE:0.15% UP:38.46% SPREAD:0.13713658% BID:36.46 ASK:36.51 MID:36.485 P1:36.485 P2:36.485 P3:36.465 P4:36.505 STATE:IDLE
[2026-05-11 14:49:42Z] CHK MOM:-0.09% RANGE:0.15% UP:38.46% SPREAD:0.13713658% BID:36.46 ASK:36.51 MID:36.485 P1:36.485 P2:36.485 P3:36.465 P4:36.505 STATE:IDLE
[2026-05-11 14:49:43Z] CHK MOM:-0.09% RANGE:0.15% UP:38.46% SPREAD:0.13713658% BID:36.46 ASK:36.51 MID:36.485 P1:36.485 P2:36.485 P3:36.465 P4:36.505 STATE:IDLE
[2026-05-11 14:49:43Z] CHK MOM:-0.01% RANGE:0.1% UP:46.15% SPREAD:0.10967918% BID:36.47 ASK:36.51 MID:36.48999999 P1:36.48999999 P2:36.485 P3:36.485 P4:36.465 STATE:IDLE
[2026-05-11 14:49:44Z] CHK MOM:-0.01% RANGE:0.1% UP:46.15% SPREAD:0.10967918% BID:36.47 ASK:36.51 MID:36.48999999 P1:36.48999999 P2:36.485 P3:36.485 P4:36.465 STATE:IDLE
[2026-05-11 14:49:44Z] CHK MOM:-0.01% RANGE:0.1% UP:46.15% SPREAD:0.10967918% BID:36.47 ASK:36.51 MID:36.48999999 P1:36.48999999 P2:36.485 P3:36.485 P4:36.465 STATE:IDLE
[2026-05-11 14:49:45Z] CHK MOM:-0.01% RANGE:0.1% UP:46.15% SPREAD:0.10967918% BID:36.47 ASK:36.51 MID:36.48999999 P1:36.48999999 P2:36.485 P3:36.485 P4:36.465 STATE:IDLE
[2026-05-11 14:49:45Z] CHK MOM:-0.01% RANGE:0.1% UP:46.15% SPREAD:0.10967918% BID:36.47 ASK:36.51 MID:36.48999999 P1:36.48999999 P2:36.485 P3:36.485 P4:36.465 STATE:IDLE
[2026-05-11 14:49:46Z] CHK MOM:0.02% RANGE:0.1% UP:60% SPREAD:0.05480953% BID:36.49 ASK:36.51 MID:36.5 P1:36.5 P2:36.48999999 P3:36.485 P4:36.485 STATE:IDLE
[2026-05-11 14:49:47Z] CHK MOM:0.02% RANGE:0.1% UP:60% SPREAD:0.05480953% BID:36.49 ASK:36.51 MID:36.5 P1:36.5 P2:36.48999999 P3:36.485 P4:36.485 STATE:IDLE
[2026-05-11 14:49:47Z] CHK MOM:0.02% RANGE:0.1% UP:60% SPREAD:0.05480953% BID:36.49 ASK:36.51 MID:36.5 P1:36.5 P2:36.48999999 P3:36.485 P4:36.485 STATE:IDLE
[2026-05-11 14:49:48Z] CHK MOM:0.01% RANGE:0.1% UP:71.42% SPREAD:0.0822143% BID:36.49 ASK:36.52 MID:36.505 P1:36.505 P2:36.5 P3:36.48999999 P4:36.485 STATE:IDLE
[2026-05-11 14:49:48Z] CHK MOM:0.01% RANGE:0.1% UP:71.42% SPREAD:0.0822143% BID:36.49 ASK:36.52 MID:36.505 P1:36.505 P2:36.5 P3:36.48999999 P4:36.485 STATE:IDLE
[2026-05-11 14:49:49Z] CHK MOM:0.01% RANGE:0.1% UP:71.42% SPREAD:0.0822143% BID:36.49 ASK:36.52 MID:36.505 P1:36.505 P2:36.5 P3:36.48999999 P4:36.485 STATE:IDLE
[2026-05-11 14:49:49Z] CHK MOM:0.04% RANGE:0.13% UP:75% SPREAD:0.13702384% BID:36.49 ASK:36.54 MID:36.515 P1:36.515 P2:36.505 P3:36.5 P4:36.48999999 STATE:IDLE
[2026-05-11 14:49:50Z] CHK MOM:0.04% RANGE:0.13% UP:75% SPREAD:0.13702384% BID:36.49 ASK:36.54 MID:36.515 P1:36.515 P2:36.505 P3:36.5 P4:36.48999999 STATE:IDLE
[2026-05-11 14:49:50Z] CHK MOM:0.01% RANGE:0.13% UP:62.5% SPREAD:0.10961907% BID:36.49 ASK:36.53 MID:36.51 P1:36.51 P2:36.515 P3:36.505 P4:36.5 STATE:IDLE
[2026-05-11 14:49:51Z] CHK MOM:0% RANGE:0.13% UP:55.55% SPREAD:0.0822143% BID:36.49 ASK:36.52 MID:36.505 P1:36.505 P2:36.51 P3:36.515 P4:36.505 STATE:IDLE
[2026-05-11 14:49:52Z] CHK MOM:0% RANGE:0.13% UP:55.55% SPREAD:0.0822143% BID:36.49 ASK:36.52 MID:36.505 P1:36.505 P2:36.51 P3:36.515 P4:36.505 STATE:IDLE
[2026-05-11 14:49:52Z] CHK MOM:0.06% RANGE:0.13% UP:55.55% SPREAD:0.10967918% BID:36.47 ASK:36.51 MID:36.48999999 P1:36.48999999 P2:36.505 P3:36.51 P4:36.515 STATE:IDLE
[2026-05-11 14:49:53Z] CHK MOM:0.01% RANGE:0.08% UP:44.44% SPREAD:0.10967918% BID:36.47 ASK:36.51 MID:36.48999999 P1:36.48999999 P2:36.48999999 P3:36.505 P4:36.51 STATE:IDLE
[2026-05-11 14:49:53Z] CHK MOM:0.01% RANGE:0.08% UP:44.44% SPREAD:0.10967918% BID:36.47 ASK:36.51 MID:36.48999999 P1:36.48999999 P2:36.48999999 P3:36.505 P4:36.51 STATE:IDLE
[2026-05-11 14:49:54Z] CHK MOM:0.01% RANGE:0.08% UP:44.44% SPREAD:0.10967918% BID:36.47 ASK:36.51 MID:36.48999999 P1:36.48999999 P2:36.48999999 P3:36.505 P4:36.51 STATE:IDLE
[2026-05-11 14:49:54Z] CHK MOM:0.01% RANGE:0.08% UP:44.44% SPREAD:0.10967918% BID:36.47 ASK:36.51 MID:36.48999999 P1:36.48999999 P2:36.48999999 P3:36.505 P4:36.51 STATE:IDLE
[2026-05-11 15:08:07Z] SESSION_START symbol=GIGGLEUSDC dry_run=0 profile=major strategy=momentum base_url=https://api.binance.com
[2026-05-11 15:08:07Z] TOXIC_MEMORY_LOADED count=4 symbols=GUNUSDC,JTOUSDC,ORDIUSDC,SAHARAUSDC
[2026-05-11 15:08:12Z] CHK MOM:0% RANGE:0% UP:0% SPREAD:0.13627691% BID:36.69 ASK:36.74 MID:36.715 P1:36.715 P2:NA P3:NA P4:NA STATE:IDLE
[2026-05-11 15:08:13Z] CHK MOM:0% RANGE:0% UP:0% SPREAD:0.13627691% BID:36.69 ASK:36.74 MID:36.715 P1:36.715 P2:NA P3:NA P4:NA STATE:IDLE
[2026-05-11 15:08:13Z] CHK MOM:0% RANGE:0% UP:0% SPREAD:0.13627691% BID:36.69 ASK:36.74 MID:36.715 P1:36.715 P2:NA P3:NA P4:NA STATE:IDLE
[2026-05-11 15:08:14Z] CHK MOM:-0.08% RANGE:0.08% UP:0% SPREAD:0.13638843% BID:36.66 ASK:36.71 MID:36.685 P1:36.685 P2:36.715 P3:NA P4:NA STATE:IDLE
[2026-05-11 15:08:14Z] CHK MOM:-0.08% RANGE:0.08% UP:0% SPREAD:0.13638843% BID:36.66 ASK:36.71 MID:36.685 P1:36.685 P2:36.715 P3:NA P4:NA STATE:IDLE
[2026-05-11 15:08:15Z] CHK MOM:-0.08% RANGE:0.08% UP:0% SPREAD:0.13638843% BID:36.66 ASK:36.71 MID:36.685 P1:36.685 P2:36.715 P3:NA P4:NA STATE:IDLE
[2026-05-11 15:08:15Z] CHK MOM:-0.08% RANGE:0.08% UP:0% SPREAD:0.13638843% BID:36.66 ASK:36.71 MID:36.685 P1:36.685 P2:36.715 P3:NA P4:NA STATE:IDLE
[2026-05-11 15:08:16Z] CHK MOM:-0.08% RANGE:0.08% UP:0% SPREAD:0.13638843% BID:36.66 ASK:36.71 MID:36.685 P1:36.685 P2:36.715 P3:NA P4:NA STATE:IDLE
[2026-05-11 15:08:16Z] CHK MOM:-0.08% RANGE:0.08% UP:0% SPREAD:0.13638843% BID:36.66 ASK:36.71 MID:36.685 P1:36.685 P2:36.715 P3:NA P4:NA STATE:IDLE
[2026-05-11 15:08:19Z] CHK MOM:-0.04% RANGE:0.08% UP:50% SPREAD:0.16362148% BID:36.67 ASK:36.73 MID:36.7 P1:36.7 P2:36.685 P3:36.715 P4:NA STATE:IDLE
[2026-05-11 15:08:20Z] CHK MOM:-0.04% RANGE:0.08% UP:50% SPREAD:0.16362148% BID:36.67 ASK:36.73 MID:36.7 P1:36.7 P2:36.685 P3:36.715 P4:NA STATE:IDLE
[2026-05-11 15:08:20Z] CHK MOM:-0.05% RANGE:0.08% UP:33.33% SPREAD:0.13635124% BID:36.67 ASK:36.72 MID:36.695 P1:36.695 P2:36.7 P3:36.685 P4:36.715 STATE:IDLE
[2026-05-11 15:08:21Z] CHK MOM:-0.05% RANGE:0.08% UP:33.33% SPREAD:0.13635124% BID:36.67 ASK:36.72 MID:36.695 P1:36.695 P2:36.7 P3:36.685 P4:36.715 STATE:IDLE
[2026-05-11 15:08:21Z] CHK MOM:-0.08% RANGE:0.08% UP:25% SPREAD:0.13638843% BID:36.66 ASK:36.71 MID:36.685 P1:36.685 P2:36.695 P3:36.7 P4:36.685 STATE:IDLE
[2026-05-11 15:08:22Z] CHK MOM:-0.08% RANGE:0.08% UP:25% SPREAD:0.13638843% BID:36.66 ASK:36.71 MID:36.685 P1:36.685 P2:36.695 P3:36.7 P4:36.685 STATE:IDLE
[2026-05-11 15:08:22Z] CHK MOM:-0.08% RANGE:0.08% UP:25% SPREAD:0.13638843% BID:36.66 ASK:36.71 MID:36.685 P1:36.685 P2:36.695 P3:36.7 P4:36.685 STATE:IDLE
[2026-05-11 15:08:23Z] CHK MOM:-0.08% RANGE:0.08% UP:25% SPREAD:0.13638843% BID:36.66 ASK:36.71 MID:36.685 P1:36.685 P2:36.695 P3:36.7 P4:36.685 STATE:IDLE
[2026-05-11 15:08:23Z] CHK MOM:-0.08% RANGE:0.08% UP:25% SPREAD:0.13638843% BID:36.66 ASK:36.71 MID:36.685 P1:36.685 P2:36.695 P3:36.7 P4:36.685 STATE:IDLE
[2026-05-11 15:08:24Z] CHK MOM:-0.08% RANGE:0.08% UP:25% SPREAD:0.13638843% BID:36.66 ASK:36.71 MID:36.685 P1:36.685 P2:36.695 P3:36.7 P4:36.685 STATE:IDLE
[2026-05-11 15:08:31Z] CHK MOM:-0.02% RANGE:0.02% UP:0% SPREAD:0.13638843% BID:36.66 ASK:36.71 MID:36.685 P1:36.685 P2:36.685 P3:36.695 P4:36.7 STATE:IDLE
[2026-05-11 15:08:32Z] CHK MOM:0.04% RANGE:0.06% UP:33.33% SPREAD:0.16357688% BID:36.68 ASK:36.74 MID:36.71 P1:36.71 P2:36.685 P3:36.685 P4:36.695 STATE:IDLE
[2026-05-11 15:08:32Z] CHK MOM:0.04% RANGE:0.06% UP:33.33% SPREAD:0.16357688% BID:36.68 ASK:36.74 MID:36.71 P1:36.71 P2:36.685 P3:36.685 P4:36.695 STATE:IDLE
[2026-05-11 15:08:33Z] CHK MOM:0.04% RANGE:0.06% UP:33.33% SPREAD:0.16357688% BID:36.68 ASK:36.74 MID:36.71 P1:36.71 P2:36.685 P3:36.685 P4:36.695 STATE:IDLE
[2026-05-11 15:08:33Z] CHK MOM:0.05% RANGE:0.06% UP:33.33% SPREAD:0.13631406% BID:36.68 ASK:36.73 MID:36.705 P1:36.705 P2:36.71 P3:36.685 P4:36.685 STATE:IDLE
[2026-05-11 15:08:34Z] CHK MOM:0.05% RANGE:0.06% UP:33.33% SPREAD:0.13631406% BID:36.68 ASK:36.73 MID:36.705 P1:36.705 P2:36.71 P3:36.685 P4:36.685 STATE:IDLE
[2026-05-11 15:08:34Z] CHK MOM:0.05% RANGE:0.06% UP:33.33% SPREAD:0.13631406% BID:36.68 ASK:36.73 MID:36.705 P1:36.705 P2:36.71 P3:36.685 P4:36.685 STATE:IDLE
[2026-05-11 15:08:35Z] CHK MOM:0.05% RANGE:0.06% UP:33.33% SPREAD:0.13631406% BID:36.68 ASK:36.73 MID:36.705 P1:36.705 P2:36.71 P3:36.685 P4:36.685 STATE:IDLE
[2026-05-11 15:08:35Z] CHK MOM:0.05% RANGE:0.06% UP:33.33% SPREAD:0.13631406% BID:36.68 ASK:36.73 MID:36.705 P1:36.705 P2:36.71 P3:36.685 P4:36.685 STATE:IDLE
[2026-05-11 15:08:36Z] CHK MOM:0.05% RANGE:0.06% UP:33.33% SPREAD:0.13631406% BID:36.68 ASK:36.73 MID:36.705 P1:36.705 P2:36.71 P3:36.685 P4:36.685 STATE:IDLE
[2026-05-11 15:08:38Z] CHK MOM:0.05% RANGE:0.06% UP:33.33% SPREAD:0.13631406% BID:36.68 ASK:36.73 MID:36.705 P1:36.705 P2:36.705 P3:36.71 P4:36.685 STATE:IDLE
[2026-05-11 15:08:39Z] CHK MOM:0.05% RANGE:0.06% UP:33.33% SPREAD:0.13631406% BID:36.68 ASK:36.73 MID:36.705 P1:36.705 P2:36.705 P3:36.71 P4:36.685 STATE:IDLE
[2026-05-11 15:08:39Z] CHK MOM:0.05% RANGE:0.06% UP:33.33% SPREAD:0.13631406% BID:36.68 ASK:36.73 MID:36.705 P1:36.705 P2:36.705 P3:36.71 P4:36.685 STATE:IDLE
[2026-05-11 15:08:40Z] CHK MOM:0.05% RANGE:0.06% UP:33.33% SPREAD:0.13631406% BID:36.68 ASK:36.73 MID:36.705 P1:36.705 P2:36.705 P3:36.71 P4:36.685 STATE:IDLE
[2026-05-11 15:08:40Z] CHK MOM:0.05% RANGE:0.06% UP:33.33% SPREAD:0.13631406% BID:36.68 ASK:36.73 MID:36.705 P1:36.705 P2:36.705 P3:36.71 P4:36.685 STATE:IDLE
[2026-05-11 15:08:43Z] CHK MOM:0.01% RANGE:0.02% UP:33.33% SPREAD:0.13627691% BID:36.69 ASK:36.74 MID:36.715 P1:36.715 P2:36.705 P3:36.705 P4:36.71 STATE:IDLE
[2026-05-11 15:08:44Z] CHK MOM:0.01% RANGE:0.02% UP:33.33% SPREAD:0.13627691% BID:36.69 ASK:36.74 MID:36.715 P1:36.715 P2:36.705 P3:36.705 P4:36.71 STATE:IDLE
[2026-05-11 15:08:44Z] CHK MOM:0.01% RANGE:0.02% UP:33.33% SPREAD:0.13627691% BID:36.69 ASK:36.74 MID:36.715 P1:36.715 P2:36.705 P3:36.705 P4:36.71 STATE:IDLE
[2026-05-11 15:08:45Z] CHK MOM:0.01% RANGE:0.02% UP:33.33% SPREAD:0.13627691% BID:36.69 ASK:36.74 MID:36.715 P1:36.715 P2:36.705 P3:36.705 P4:36.71 STATE:IDLE
[2026-05-11 15:08:45Z] CHK MOM:0.01% RANGE:0.02% UP:33.33% SPREAD:0.13627691% BID:36.69 ASK:36.74 MID:36.715 P1:36.715 P2:36.705 P3:36.705 P4:36.71 STATE:IDLE
[2026-05-11 15:08:46Z] CHK MOM:0.01% RANGE:0.02% UP:50% SPREAD:0.16357688% BID:36.68 ASK:36.74 MID:36.71 P1:36.71 P2:36.715 P3:36.705 P4:36.705 STATE:IDLE
[2026-05-11 15:08:46Z] CHK MOM:0.02% RANGE:0.02% UP:66.66% SPREAD:0.13627691% BID:36.69 ASK:36.74 MID:36.715 P1:36.715 P2:36.71 P3:36.715 P4:36.705 STATE:IDLE
[2026-05-11 15:08:47Z] CHK MOM:0.02% RANGE:0.02% UP:66.66% SPREAD:0.13627691% BID:36.69 ASK:36.74 MID:36.715 P1:36.715 P2:36.71 P3:36.715 P4:36.705 STATE:IDLE
[2026-05-11 15:08:47Z] CHK MOM:0.02% RANGE:0.02% UP:66.66% SPREAD:0.13627691% BID:36.69 ASK:36.74 MID:36.715 P1:36.715 P2:36.71 P3:36.715 P4:36.705 STATE:IDLE
[2026-05-11 15:08:48Z] CHK MOM:0.02% RANGE:0.02% UP:66.66% SPREAD:0.13627691% BID:36.69 ASK:36.74 MID:36.715 P1:36.715 P2:36.71 P3:36.715 P4:36.705 STATE:IDLE
[2026-05-11 15:08:49Z] CHK MOM:-0.02% RANGE:0.05% UP:50% SPREAD:0.13635124% BID:36.67 ASK:36.72 MID:36.695 P1:36.695 P2:36.715 P3:36.71 P4:36.715 STATE:IDLE
[2026-05-11 15:08:49Z] CHK MOM:-0.02% RANGE:0.05% UP:40% SPREAD:0.13635124% BID:36.67 ASK:36.72 MID:36.695 P1:36.695 P2:36.695 P3:36.715 P4:36.71 STATE:IDLE
[2026-05-11 15:08:50Z] CHK MOM:-0.05% RANGE:0.05% UP:20% SPREAD:0.13635124% BID:36.67 ASK:36.72 MID:36.695 P1:36.695 P2:36.695 P3:36.695 P4:36.715 STATE:IDLE
[2026-05-11 15:08:50Z] CHK MOM:-0.06% RANGE:0.06% UP:16.66% SPREAD:0.10908099% BID:36.67 ASK:36.71 MID:36.69 P1:36.69 P2:36.695 P3:36.695 P4:36.695 STATE:IDLE
[2026-05-11 15:08:51Z] CHK MOM:-0.06% RANGE:0.06% UP:14.28% SPREAD:0.10908099% BID:36.67 ASK:36.71 MID:36.69 P1:36.69 P2:36.69 P3:36.695 P4:36.695 STATE:IDLE
[2026-05-11 15:08:51Z] CHK MOM:-0.09% RANGE:0.09% UP:12.5% SPREAD:0.10911074% BID:36.66 ASK:36.7 MID:36.68 P1:36.68 P2:36.69 P3:36.69 P4:36.695 STATE:IDLE
[2026-05-11 15:08:52Z] CHK MOM:-0.09% RANGE:0.09% UP:11.11% SPREAD:0.10911074% BID:36.66 ASK:36.7 MID:36.68 P1:36.68 P2:36.68 P3:36.69 P4:36.69 STATE:IDLE
[2026-05-11 15:08:52Z] CHK MOM:-0.09% RANGE:0.09% UP:11.11% SPREAD:0.10911074% BID:36.66 ASK:36.7 MID:36.68 P1:36.68 P2:36.68 P3:36.69 P4:36.69 STATE:IDLE
[2026-05-11 15:08:53Z] CHK MOM:-0.09% RANGE:0.09% UP:11.11% SPREAD:0.10911074% BID:36.66 ASK:36.7 MID:36.68 P1:36.68 P2:36.68 P3:36.69 P4:36.69 STATE:IDLE
[2026-05-11 15:08:54Z] CHK MOM:-0.09% RANGE:0.09% UP:11.11% SPREAD:0.10911074% BID:36.66 ASK:36.7 MID:36.68 P1:36.68 P2:36.68 P3:36.69 P4:36.69 STATE:IDLE
[2026-05-11 15:08:54Z] CHK MOM:-0.09% RANGE:0.09% UP:11.11% SPREAD:0.10911074% BID:36.66 ASK:36.7 MID:36.68 P1:36.68 P2:36.68 P3:36.69 P4:36.69 STATE:IDLE
[2026-05-11 15:08:58Z] CHK MOM:-0.05% RANGE:0.09% UP:12.5% SPREAD:0.08178844% BID:36.68 ASK:36.71 MID:36.695 P1:36.695 P2:36.68 P3:36.68 P4:36.69 STATE:IDLE
[2026-05-11 15:08:58Z] CHK MOM:-0.04% RANGE:0.09% UP:22.22% SPREAD:0.10905125% BID:36.68 ASK:36.72 MID:36.7 P1:36.7 P2:36.695 P3:36.68 P4:36.68 STATE:IDLE
[2026-05-11 15:08:59Z] CHK MOM:-0.04% RANGE:0.09% UP:22.22% SPREAD:0.10905125% BID:36.68 ASK:36.72 MID:36.7 P1:36.7 P2:36.695 P3:36.68 P4:36.68 STATE:IDLE
[2026-05-11 15:09:00Z] CHK MOM:-0.04% RANGE:0.09% UP:22.22% SPREAD:0.10905125% BID:36.68 ASK:36.72 MID:36.7 P1:36.7 P2:36.695 P3:36.68 P4:36.68 STATE:IDLE
[2026-05-11 15:09:00Z] CHK MOM:-0.04% RANGE:0.09% UP:22.22% SPREAD:0.10905125% BID:36.68 ASK:36.72 MID:36.7 P1:36.7 P2:36.695 P3:36.68 P4:36.68 STATE:IDLE
[2026-05-11 15:09:01Z] CHK MOM:-0.01% RANGE:0.05% UP:22.22% SPREAD:0.10908099% BID:36.67 ASK:36.71 MID:36.69 P1:36.69 P2:36.7 P3:36.695 P4:36.68 STATE:IDLE
[2026-05-11 15:09:01Z] CHK MOM:-0.01% RANGE:0.05% UP:22.22% SPREAD:0.10908099% BID:36.67 ASK:36.71 MID:36.69 P1:36.69 P2:36.7 P3:36.695 P4:36.68 STATE:IDLE
[2026-05-11 15:09:02Z] CHK MOM:-0.01% RANGE:0.05% UP:22.22% SPREAD:0.10908099% BID:36.67 ASK:36.71 MID:36.69 P1:36.69 P2:36.7 P3:36.695 P4:36.68 STATE:IDLE
[2026-05-11 15:09:02Z] CHK MOM:0.04% RANGE:0.06% UP:50% SPREAD:0.19089173% BID:36.67 ASK:36.74 MID:36.705 P1:36.705 P2:36.69 P3:36.7 P4:36.695 STATE:IDLE
[2026-05-11 15:09:03Z] CHK MOM:0.02% RANGE:0.06% UP:42.85% SPREAD:0.16362148% BID:36.67 ASK:36.73 MID:36.7 P1:36.7 P2:36.705 P3:36.69 P4:36.7 STATE:IDLE
[2026-05-11 15:09:03Z] CHK MOM:0.02% RANGE:0.06% UP:42.85% SPREAD:0.16362148% BID:36.67 ASK:36.73 MID:36.7 P1:36.7 P2:36.705 P3:36.69 P4:36.7 STATE:IDLE
[2026-05-11 15:09:04Z] CHK MOM:0.02% RANGE:0.06% UP:42.85% SPREAD:0.16362148% BID:36.67 ASK:36.73 MID:36.7 P1:36.7 P2:36.705 P3:36.69 P4:36.7 STATE:IDLE
[2026-05-11 15:09:05Z] CHK MOM:0.02% RANGE:0.04% UP:60% SPREAD:0.13631406% BID:36.68 ASK:36.73 MID:36.705 P1:36.705 P2:36.7 P3:36.705 P4:36.69 STATE:IDLE
[2026-05-11 15:09:06Z] CHK MOM:0.02% RANGE:0.04% UP:60% SPREAD:0.13631406% BID:36.68 ASK:36.73 MID:36.705 P1:36.705 P2:36.7 P3:36.705 P4:36.69 STATE:IDLE
[2026-05-11 15:09:06Z] CHK MOM:0.02% RANGE:0.04% UP:60% SPREAD:0.13631406% BID:36.68 ASK:36.73 MID:36.705 P1:36.705 P2:36.7 P3:36.705 P4:36.69 STATE:IDLE
[2026-05-11 15:09:07Z] CHK MOM:0.02% RANGE:0.04% UP:60% SPREAD:0.13631406% BID:36.68 ASK:36.73 MID:36.705 P1:36.705 P2:36.7 P3:36.705 P4:36.69 STATE:IDLE
[2026-05-11 15:09:07Z] CHK MOM:0.02% RANGE:0.04% UP:50% SPREAD:0.13631406% BID:36.68 ASK:36.73 MID:36.705 P1:36.705 P2:36.705 P3:36.7 P4:36.705 STATE:IDLE
[2026-05-11 15:09:08Z] CHK MOM:0.02% RANGE:0.04% UP:50% SPREAD:0.13631406% BID:36.68 ASK:36.73 MID:36.705 P1:36.705 P2:36.705 P3:36.7 P4:36.705 STATE:IDLE
[2026-05-11 15:09:08Z] CHK MOM:0% RANGE:0.04% UP:42.85% SPREAD:0.08178844% BID:36.68 ASK:36.71 MID:36.695 P1:36.695 P2:36.705 P3:36.705 P4:36.7 STATE:IDLE
[2026-05-11 15:09:09Z] CHK MOM:0% RANGE:0.04% UP:42.85% SPREAD:0.08178844% BID:36.68 ASK:36.71 MID:36.695 P1:36.695 P2:36.705 P3:36.705 P4:36.7 STATE:IDLE
[2026-05-11 15:09:09Z] CHK MOM:0% RANGE:0.04% UP:42.85% SPREAD:0.08178844% BID:36.68 ASK:36.71 MID:36.695 P1:36.695 P2:36.705 P3:36.705 P4:36.7 STATE:IDLE
[2026-05-11 15:09:10Z] CHK MOM:0% RANGE:0.04% UP:42.85% SPREAD:0.08178844% BID:36.68 ASK:36.71 MID:36.695 P1:36.695 P2:36.705 P3:36.705 P4:36.7 STATE:IDLE
[2026-05-11 15:09:11Z] CHK MOM:0% RANGE:0.04% UP:42.85% SPREAD:0.08178844% BID:36.68 ASK:36.71 MID:36.695 P1:36.695 P2:36.705 P3:36.705 P4:36.7 STATE:IDLE
[2026-05-11 15:09:14Z] CHK MOM:0.01% RANGE:0.04% UP:40% SPREAD:0.10902153% BID:36.69 ASK:36.73 MID:36.70999999 P1:36.70999999 P2:36.695 P3:36.705 P4:36.705 STATE:IDLE
[2026-05-11 15:09:14Z] CHK MOM:0.01% RANGE:0.04% UP:40% SPREAD:0.10902153% BID:36.69 ASK:36.73 MID:36.70999999 P1:36.70999999 P2:36.695 P3:36.705 P4:36.705 STATE:IDLE
[2026-05-11 15:09:15Z] CHK MOM:0% RANGE:0.04% UP:25% SPREAD:0.13631406% BID:36.68 ASK:36.73 MID:36.705 P1:36.705 P2:36.70999999 P3:36.695 P4:36.705 STATE:IDLE
[2026-05-11 15:09:16Z] CHK MOM:0% RANGE:0.04% UP:25% SPREAD:0.13631406% BID:36.68 ASK:36.73 MID:36.705 P1:36.705 P2:36.70999999 P3:36.695 P4:36.705 STATE:IDLE
[2026-05-11 15:09:16Z] CHK MOM:0% RANGE:0.04% UP:25% SPREAD:0.13631406% BID:36.68 ASK:36.73 MID:36.705 P1:36.705 P2:36.70999999 P3:36.695 P4:36.705 STATE:IDLE
[2026-05-11 15:09:17Z] CHK MOM:0.01% RANGE:0.04% UP:50% SPREAD:0.10902153% BID:36.69 ASK:36.73 MID:36.70999999 P1:36.70999999 P2:36.705 P3:36.70999999 P4:36.695 STATE:IDLE
[2026-05-11 15:09:17Z] CHK MOM:0.02% RANGE:0.05% UP:60% SPREAD:0.13627691% BID:36.69 ASK:36.74 MID:36.715 P1:36.715 P2:36.70999999 P3:36.705 P4:36.70999999 STATE:IDLE
[2026-05-11 15:09:18Z] CHK MOM:0.02% RANGE:0.05% UP:50% SPREAD:0.13627691% BID:36.69 ASK:36.74 MID:36.715 P1:36.715 P2:36.715 P3:36.70999999 P4:36.705 STATE:IDLE
[2026-05-11 15:09:18Z] CHK MOM:0.02% RANGE:0.05% UP:42.85% SPREAD:0.13627691% BID:36.69 ASK:36.74 MID:36.715 P1:36.715 P2:36.715 P3:36.715 P4:36.70999999 STATE:IDLE
[2026-05-11 15:09:19Z] CHK MOM:0.02% RANGE:0.05% UP:42.85% SPREAD:0.13627691% BID:36.69 ASK:36.74 MID:36.715 P1:36.715 P2:36.715 P3:36.715 P4:36.70999999 STATE:IDLE
[2026-05-11 15:09:19Z] CHK MOM:0.02% RANGE:0.05% UP:42.85% SPREAD:0.13627691% BID:36.69 ASK:36.74 MID:36.715 P1:36.715 P2:36.715 P3:36.715 P4:36.70999999 STATE:IDLE
[2026-05-11 15:09:20Z] CHK MOM:0.02% RANGE:0.05% UP:42.85% SPREAD:0.13627691% BID:36.69 ASK:36.74 MID:36.715 P1:36.715 P2:36.715 P3:36.715 P4:36.70999999 STATE:IDLE
[2026-05-11 15:09:20Z] CHK MOM:0.06% RANGE:0.06% UP:57.14% SPREAD:0.10899182% BID:36.7 ASK:36.74 MID:36.72 P1:36.72 P2:36.715 P3:36.715 P4:36.715 STATE:IDLE
[2026-05-11 15:09:21Z] CHK MOM:0.02% RANGE:0.04% UP:42.85% SPREAD:0.10899182% BID:36.7 ASK:36.74 MID:36.72 P1:36.72 P2:36.72 P3:36.715 P4:36.715 STATE:IDLE
[2026-05-11 15:09:22Z] CHK MOM:0.02% RANGE:0.04% UP:37.5% SPREAD:0.10899182% BID:36.7 ASK:36.74 MID:36.72 P1:36.72 P2:36.72 P3:36.72 P4:36.715 STATE:IDLE
[2026-05-11 15:09:22Z] CHK MOM:0.02% RANGE:0.04% UP:37.5% SPREAD:0.10899182% BID:36.7 ASK:36.74 MID:36.72 P1:36.72 P2:36.72 P3:36.72 P4:36.715 STATE:IDLE
[2026-05-11 15:09:23Z] CHK MOM:0.02% RANGE:0.04% UP:37.5% SPREAD:0.10899182% BID:36.7 ASK:36.74 MID:36.72 P1:36.72 P2:36.72 P3:36.72 P4:36.715 STATE:IDLE
[2026-05-11 15:09:23Z] CHK MOM:0.01% RANGE:0.04% UP:33.33% SPREAD:0.08174386% BID:36.7 ASK:36.73 MID:36.715 P1:36.715 P2:36.72 P3:36.72 P4:36.72 STATE:IDLE
[2026-05-11 15:09:24Z] CHK MOM:0.01% RANGE:0.04% UP:33.33% SPREAD:0.08174386% BID:36.7 ASK:36.73 MID:36.715 P1:36.715 P2:36.72 P3:36.72 P4:36.72 STATE:IDLE
[2026-05-11 15:09:24Z] CHK MOM:0.01% RANGE:0.04% UP:33.33% SPREAD:0.08174386% BID:36.7 ASK:36.73 MID:36.715 P1:36.715 P2:36.72 P3:36.72 P4:36.72 STATE:IDLE
[2026-05-11 15:09:25Z] CHK MOM:0.01% RANGE:0.04% UP:33.33% SPREAD:0.08174386% BID:36.7 ASK:36.73 MID:36.715 P1:36.715 P2:36.72 P3:36.72 P4:36.72 STATE:IDLE
[2026-05-11 15:09:25Z] CHK MOM:0.01% RANGE:0.04% UP:33.33% SPREAD:0.08174386% BID:36.7 ASK:36.73 MID:36.715 P1:36.715 P2:36.72 P3:36.72 P4:36.72 STATE:IDLE
[2026-05-11 15:09:26Z] CHK MOM:0.01% RANGE:0.04% UP:33.33% SPREAD:0.08174386% BID:36.7 ASK:36.73 MID:36.715 P1:36.715 P2:36.72 P3:36.72 P4:36.72 STATE:IDLE
[2026-05-11 15:09:27Z] CHK MOM:0.08% RANGE:0.08% UP:44.44% SPREAD:0.19073569% BID:36.7 ASK:36.77 MID:36.735 P1:36.735 P2:36.715 P3:36.72 P4:36.72 STATE:IDLE
[2026-05-11 15:09:27Z] CHK MOM:0.05% RANGE:0.08% UP:40% SPREAD:0.13623978% BID:36.7 ASK:36.75 MID:36.725 P1:36.725 P2:36.735 P3:36.715 P4:36.72 STATE:IDLE
[2026-05-11 15:09:28Z] CHK MOM:0.05% RANGE:0.08% UP:40% SPREAD:0.13623978% BID:36.7 ASK:36.75 MID:36.725 P1:36.725 P2:36.735 P3:36.715 P4:36.72 STATE:IDLE
[2026-05-11 15:09:28Z] CHK MOM:0.05% RANGE:0.08% UP:40% SPREAD:0.13623978% BID:36.7 ASK:36.75 MID:36.725 P1:36.725 P2:36.735 P3:36.715 P4:36.72 STATE:IDLE
[2026-05-11 15:09:29Z] CHK MOM:0.05% RANGE:0.08% UP:40% SPREAD:0.13623978% BID:36.7 ASK:36.75 MID:36.725 P1:36.725 P2:36.735 P3:36.715 P4:36.72 STATE:IDLE
[2026-05-11 15:09:29Z] CHK MOM:0.05% RANGE:0.08% UP:40% SPREAD:0.13623978% BID:36.7 ASK:36.75 MID:36.725 P1:36.725 P2:36.735 P3:36.715 P4:36.72 STATE:IDLE
[2026-05-11 15:09:31Z] CHK MOM:-0.02% RANGE:0.06% UP:16.66% SPREAD:0.10902153% BID:36.69 ASK:36.73 MID:36.70999999 P1:36.70999999 P2:36.725 P3:36.735 P4:36.715 STATE:IDLE
[2026-05-11 15:09:31Z] CHK MOM:-0.02% RANGE:0.06% UP:14.28% SPREAD:0.10902153% BID:36.69 ASK:36.73 MID:36.70999999 P1:36.70999999 P2:36.70999999 P3:36.725 P4:36.735 STATE:IDLE
[2026-05-11 15:09:32Z] CHK MOM:-0.02% RANGE:0.06% UP:12.5% SPREAD:0.10902153% BID:36.69 ASK:36.73 MID:36.70999999 P1:36.70999999 P2:36.70999999 P3:36.70999999 P4:36.725 STATE:IDLE
[2026-05-11 15:09:33Z] CHK MOM:-0.08% RANGE:0.12% UP:12.5% SPREAD:0.10908099% BID:36.67 ASK:36.71 MID:36.69 P1:36.69 P2:36.70999999 P3:36.70999999 P4:36.70999999 STATE:IDLE
[2026-05-11 15:09:33Z] CHK MOM:-0.06% RANGE:0.12% UP:14.28% SPREAD:0.10908099% BID:36.67 ASK:36.71 MID:36.69 P1:36.69 P2:36.69 P3:36.70999999 P4:36.70999999 STATE:IDLE
[2026-05-11 15:09:34Z] CHK MOM:-0.06% RANGE:0.12% UP:14.28% SPREAD:0.10908099% BID:36.67 ASK:36.71 MID:36.69 P1:36.69 P2:36.69 P3:36.70999999 P4:36.70999999 STATE:IDLE
[2026-05-11 15:09:34Z] CHK MOM:-0.06% RANGE:0.12% UP:14.28% SPREAD:0.10908099% BID:36.67 ASK:36.71 MID:36.69 P1:36.69 P2:36.69 P3:36.70999999 P4:36.70999999 STATE:IDLE
[2026-05-11 15:09:35Z] CHK MOM:-0.06% RANGE:0.12% UP:14.28% SPREAD:0.10908099% BID:36.67 ASK:36.71 MID:36.69 P1:36.69 P2:36.69 P3:36.70999999 P4:36.70999999 STATE:IDLE
[2026-05-11 15:09:35Z] CHK MOM:-0.06% RANGE:0.12% UP:14.28% SPREAD:0.10908099% BID:36.67 ASK:36.71 MID:36.69 P1:36.69 P2:36.69 P3:36.70999999 P4:36.70999999 STATE:IDLE
[2026-05-11 15:09:36Z] CHK MOM:-0.06% RANGE:0.12% UP:14.28% SPREAD:0.10908099% BID:36.67 ASK:36.71 MID:36.69 P1:36.69 P2:36.69 P3:36.70999999 P4:36.70999999 STATE:IDLE
[2026-05-11 15:09:42Z] CHK MOM:-0.02% RANGE:0.05% UP:20% SPREAD:0.16362148% BID:36.67 ASK:36.73 MID:36.7 P1:36.7 P2:36.69 P3:36.69 P4:36.70999999 STATE:IDLE
[2026-05-11 15:09:43Z] CHK MOM:-0.04% RANGE:0.05% UP:16.66% SPREAD:0.13635124% BID:36.67 ASK:36.72 MID:36.695 P1:36.695 P2:36.7 P3:36.69 P4:36.69 STATE:IDLE
[2026-05-11 15:09:43Z] CHK MOM:-0.04% RANGE:0.05% UP:16.66% SPREAD:0.13635124% BID:36.67 ASK:36.72 MID:36.695 P1:36.695 P2:36.7 P3:36.69 P4:36.69 STATE:IDLE
[2026-05-11 15:09:44Z] CHK MOM:-0.04% RANGE:0.05% UP:16.66% SPREAD:0.13635124% BID:36.67 ASK:36.72 MID:36.695 P1:36.695 P2:36.7 P3:36.69 P4:36.69 STATE:IDLE
[2026-05-11 15:09:44Z] CHK MOM:0.02% RANGE:0.02% UP:50% SPREAD:0.10905125% BID:36.68 ASK:36.72 MID:36.7 P1:36.7 P2:36.695 P3:36.7 P4:36.69 STATE:IDLE
[2026-05-11 15:09:45Z] CHK MOM:0.02% RANGE:0.02% UP:50% SPREAD:0.10905125% BID:36.68 ASK:36.72 MID:36.7 P1:36.7 P2:36.695 P3:36.7 P4:36.69 STATE:IDLE
[2026-05-11 15:09:45Z] CHK MOM:0.02% RANGE:0.02% UP:50% SPREAD:0.10905125% BID:36.68 ASK:36.72 MID:36.7 P1:36.7 P2:36.7 P3:36.695 P4:36.7 STATE:IDLE
[2026-05-11 15:09:46Z] CHK MOM:0.01% RANGE:0.02% UP:50% SPREAD:0.13631406% BID:36.68 ASK:36.73 MID:36.705 P1:36.705 P2:36.7 P3:36.7 P4:36.695 STATE:IDLE
[2026-05-11 15:09:47Z] CHK MOM:0% RANGE:0.02% UP:40% SPREAD:0.10905125% BID:36.68 ASK:36.72 MID:36.7 P1:36.7 P2:36.705 P3:36.7 P4:36.7 STATE:IDLE
[2026-05-11 15:09:47Z] CHK MOM:0% RANGE:0.02% UP:33.33% SPREAD:0.10905125% BID:36.68 ASK:36.72 MID:36.7 P1:36.7 P2:36.7 P3:36.705 P4:36.7 STATE:IDLE
[2026-05-11 15:09:48Z] CHK MOM:0% RANGE:0.02% UP:28.57% SPREAD:0.10905125% BID:36.68 ASK:36.72 MID:36.7 P1:36.7 P2:36.7 P3:36.7 P4:36.705 STATE:IDLE
[2026-05-11 15:09:48Z] CHK MOM:0% RANGE:0.02% UP:28.57% SPREAD:0.10905125% BID:36.68 ASK:36.72 MID:36.7 P1:36.7 P2:36.7 P3:36.7 P4:36.705 STATE:IDLE
[2026-05-11 15:09:49Z] CHK MOM:0% RANGE:0.02% UP:28.57% SPREAD:0.10905125% BID:36.68 ASK:36.72 MID:36.7 P1:36.7 P2:36.7 P3:36.7 P4:36.705 STATE:IDLE
[2026-05-11 15:09:49Z] CHK MOM:0% RANGE:0.02% UP:28.57% SPREAD:0.10905125% BID:36.68 ASK:36.72 MID:36.7 P1:36.7 P2:36.7 P3:36.7 P4:36.705 STATE:IDLE
[2026-05-11 15:09:50Z] CHK MOM:0% RANGE:0.02% UP:25% SPREAD:0.10905125% BID:36.68 ASK:36.72 MID:36.7 P1:36.7 P2:36.7 P3:36.7 P4:36.7 STATE:IDLE
[2026-05-11 15:09:50Z] CHK MOM:0% RANGE:0.02% UP:25% SPREAD:0.10905125% BID:36.68 ASK:36.72 MID:36.7 P1:36.7 P2:36.7 P3:36.7 P4:36.7 STATE:IDLE
[2026-05-11 15:09:51Z] CHK MOM:0% RANGE:0.02% UP:25% SPREAD:0.10905125% BID:36.68 ASK:36.72 MID:36.7 P1:36.7 P2:36.7 P3:36.7 P4:36.7 STATE:IDLE
[2026-05-11 15:09:51Z] CHK MOM:0% RANGE:0.02% UP:25% SPREAD:0.10905125% BID:36.68 ASK:36.72 MID:36.7 P1:36.7 P2:36.7 P3:36.7 P4:36.7 STATE:IDLE
[2026-05-11 15:09:53Z] CHK MOM:0% RANGE:0.02% UP:25% SPREAD:0.10905125% BID:36.68 ASK:36.72 MID:36.7 P1:36.7 P2:36.7 P3:36.7 P4:36.7 STATE:IDLE
[2026-05-11 15:09:55Z] CHK MOM:-0.01% RANGE:0.02% UP:14.28% SPREAD:0.13635124% BID:36.67 ASK:36.72 MID:36.695 P1:36.695 P2:36.7 P3:36.7 P4:36.7 STATE:IDLE
[2026-05-11 15:09:56Z] CHK MOM:-0.01% RANGE:0.02% UP:14.28% SPREAD:0.13635124% BID:36.67 ASK:36.72 MID:36.695 P1:36.695 P2:36.7 P3:36.7 P4:36.7 STATE:IDLE
[2026-05-11 15:09:56Z] CHK MOM:-0.01% RANGE:0.02% UP:14.28% SPREAD:0.13635124% BID:36.67 ASK:36.72 MID:36.695 P1:36.695 P2:36.7 P3:36.7 P4:36.7 STATE:IDLE
[2026-05-11 15:09:57Z] CHK MOM:-0.01% RANGE:0.02% UP:14.28% SPREAD:0.13635124% BID:36.67 ASK:36.72 MID:36.695 P1:36.695 P2:36.7 P3:36.7 P4:36.7 STATE:IDLE
[2026-05-11 15:09:58Z] CHK MOM:0% RANGE:0.02% UP:28.57% SPREAD:0.10905125% BID:36.68 ASK:36.72 MID:36.7 P1:36.7 P2:36.695 P3:36.7 P4:36.7 STATE:IDLE
[2026-05-11 15:09:58Z] CHK MOM:0% RANGE:0.02% UP:28.57% SPREAD:0.10905125% BID:36.68 ASK:36.72 MID:36.7 P1:36.7 P2:36.695 P3:36.7 P4:36.7 STATE:IDLE
[2026-05-11 15:09:59Z] CHK MOM:0% RANGE:0.02% UP:28.57% SPREAD:0.10905125% BID:36.68 ASK:36.72 MID:36.7 P1:36.7 P2:36.695 P3:36.7 P4:36.7 STATE:IDLE
[2026-05-11 15:09:59Z] CHK MOM:0% RANGE:0.02% UP:28.57% SPREAD:0.10905125% BID:36.68 ASK:36.72 MID:36.7 P1:36.7 P2:36.695 P3:36.7 P4:36.7 STATE:IDLE
[2026-05-11 15:10:00Z] CHK MOM:0% RANGE:0.02% UP:28.57% SPREAD:0.10905125% BID:36.68 ASK:36.72 MID:36.7 P1:36.7 P2:36.695 P3:36.7 P4:36.7 STATE:IDLE
[2026-05-11 15:10:00Z] CHK MOM:0.02% RANGE:0.04% UP:66.66% SPREAD:0.10902153% BID:36.69 ASK:36.73 MID:36.70999999 P1:36.70999999 P2:36.7 P3:36.695 P4:36.7 STATE:IDLE
[2026-05-11 15:10:01Z] CHK MOM:0.05% RANGE:0.06% UP:75% SPREAD:0.16353229% BID:36.69 ASK:36.75 MID:36.72 P1:36.72 P2:36.70999999 P3:36.7 P4:36.695 STATE:IDLE
[2026-05-11 15:10:01Z] CHK MOM:0.06% RANGE:0.08% UP:80% SPREAD:0.0817216% BID:36.71 ASK:36.74 MID:36.725 P1:36.725 P2:36.72 P3:36.70999999 P4:36.7 STATE:IDLE
[2026-05-11 15:10:02Z] CHK MOM:0.05% RANGE:0.08% UP:66.66% SPREAD:0.10899182% BID:36.7 ASK:36.74 MID:36.72 P1:36.72 P2:36.725 P3:36.72 P4:36.70999999 STATE:IDLE
[2026-05-11 15:10:03Z] CHK MOM:0.05% RANGE:0.08% UP:66.66% SPREAD:0.10899182% BID:36.7 ASK:36.74 MID:36.72 P1:36.72 P2:36.725 P3:36.72 P4:36.70999999 STATE:IDLE
[2026-05-11 15:10:03Z] CHK MOM:0.05% RANGE:0.08% UP:66.66% SPREAD:0.10899182% BID:36.7 ASK:36.74 MID:36.72 P1:36.72 P2:36.725 P3:36.72 P4:36.70999999 STATE:IDLE
[2026-05-11 15:10:04Z] CHK MOM:0.05% RANGE:0.08% UP:66.66% SPREAD:0.10899182% BID:36.7 ASK:36.74 MID:36.72 P1:36.72 P2:36.725 P3:36.72 P4:36.70999999 STATE:IDLE
[2026-05-11 15:10:04Z] CHK MOM:0.05% RANGE:0.08% UP:66.66% SPREAD:0.13627691% BID:36.69 ASK:36.74 MID:36.715 P1:36.715 P2:36.72 P3:36.725 P4:36.72 STATE:IDLE
[2026-05-11 15:10:05Z] CHK MOM:0.06% RANGE:0.08% UP:71.42% SPREAD:0.16353229% BID:36.69 ASK:36.75 MID:36.72 P1:36.72 P2:36.715 P3:36.72 P4:36.725 STATE:IDLE
[2026-05-11 15:10:05Z] CHK MOM:0.02% RANGE:0.08% UP:62.5% SPREAD:0.13631406% BID:36.68 ASK:36.73 MID:36.705 P1:36.705 P2:36.72 P3:36.715 P4:36.72 STATE:IDLE
[2026-05-11 15:10:06Z] CHK MOM:0.02% RANGE:0.08% UP:55.55% SPREAD:0.13631406% BID:36.68 ASK:36.73 MID:36.705 P1:36.705 P2:36.705 P3:36.72 P4:36.715 STATE:IDLE
[2026-05-11 15:10:06Z] CHK MOM:0.02% RANGE:0.08% UP:50% SPREAD:0.13631406% BID:36.68 ASK:36.73 MID:36.705 P1:36.705 P2:36.705 P3:36.705 P4:36.72 STATE:IDLE
[2026-05-11 15:10:07Z] CHK MOM:0.02% RANGE:0.08% UP:50% SPREAD:0.13631406% BID:36.68 ASK:36.73 MID:36.705 P1:36.705 P2:36.705 P3:36.705 P4:36.72 STATE:IDLE
[2026-05-11 15:35:04Z] SESSION_START symbol=GIGGLEUSDC dry_run=0 profile=major strategy=momentum base_url=https://api.binance.com
[2026-05-11 15:35:04Z] TOXIC_MEMORY_LOADED count=4 symbols=GUNUSDC,JTOUSDC,ORDIUSDC,SAHARAUSDC
[2026-05-11 15:35:07Z] CHK MOM:0% RANGE:0% UP:0% SPREAD:0.13444474% BID:37.19 ASK:37.24 MID:37.215 P1:37.215 P2:NA P3:NA P4:NA STATE:IDLE
[2026-05-11 15:35:07Z] CHK MOM:0% RANGE:0% UP:0% SPREAD:0.13444474% BID:37.19 ASK:37.24 MID:37.215 P1:37.215 P2:NA P3:NA P4:NA STATE:IDLE
[2026-05-11 15:35:08Z] CHK MOM:0% RANGE:0% UP:0% SPREAD:0.13444474% BID:37.19 ASK:37.24 MID:37.215 P1:37.215 P2:NA P3:NA P4:NA STATE:IDLE
[2026-05-11 15:35:08Z] CHK MOM:0.01% RANGE:0.01% UP:100% SPREAD:0.10752688% BID:37.2 ASK:37.24 MID:37.22 P1:37.22 P2:37.215 P3:NA P4:NA STATE:IDLE
[2026-05-11 15:35:09Z] CHK MOM:0.01% RANGE:0.01% UP:100% SPREAD:0.10752688% BID:37.2 ASK:37.24 MID:37.22 P1:37.22 P2:37.215 P3:NA P4:NA STATE:IDLE
[2026-05-11 15:35:09Z] CHK MOM:0.05% RANGE:0.05% UP:100% SPREAD:0.13437248% BID:37.21 ASK:37.26 MID:37.235 P1:37.235 P2:37.22 P3:37.215 P4:NA STATE:IDLE
[2026-05-11 15:35:10Z] CHK MOM:0.06% RANGE:0.06% UP:100% SPREAD:0.1074691% BID:37.22 ASK:37.26 MID:37.23999999 P1:37.23999999 P2:37.235 P3:37.22 P4:37.215 STATE:IDLE
[2026-05-11 15:35:10Z] CHK MOM:0.06% RANGE:0.06% UP:100% SPREAD:0.1074691% BID:37.22 ASK:37.26 MID:37.23999999 P1:37.23999999 P2:37.235 P3:37.22 P4:37.215 STATE:IDLE
[2026-05-11 15:35:11Z] CHK MOM:0.06% RANGE:0.06% UP:100% SPREAD:0.1074691% BID:37.22 ASK:37.26 MID:37.23999999 P1:37.23999999 P2:37.235 P3:37.22 P4:37.215 STATE:IDLE
[2026-05-11 15:35:12Z] CHK MOM:0.06% RANGE:0.06% UP:100% SPREAD:0.1074691% BID:37.22 ASK:37.26 MID:37.23999999 P1:37.23999999 P2:37.235 P3:37.22 P4:37.215 STATE:IDLE
[2026-05-11 15:35:12Z] CHK MOM:0.06% RANGE:0.06% UP:75% SPREAD:0.1074691% BID:37.22 ASK:37.26 MID:37.23999999 P1:37.23999999 P2:37.23999999 P3:37.235 P4:37.22 STATE:IDLE
[2026-05-11 15:35:13Z] CHK MOM:0.08% RANGE:0.08% UP:80% SPREAD:0.08058017% BID:37.23 ASK:37.26 MID:37.245 P1:37.245 P2:37.23999999 P3:37.23999999 P4:37.235 STATE:IDLE
[2026-05-11 15:35:13Z] CHK MOM:0.08% RANGE:0.08% UP:80% SPREAD:0.08058017% BID:37.23 ASK:37.26 MID:37.245 P1:37.245 P2:37.23999999 P3:37.23999999 P4:37.235 STATE:IDLE
[2026-05-11 15:35:14Z] CHK MOM:0.08% RANGE:0.08% UP:80% SPREAD:0.08058017% BID:37.23 ASK:37.26 MID:37.245 P1:37.245 P2:37.23999999 P3:37.23999999 P4:37.235 STATE:IDLE
[2026-05-11 15:35:14Z] CHK MOM:0.08% RANGE:0.08% UP:80% SPREAD:0.08058017% BID:37.23 ASK:37.26 MID:37.245 P1:37.245 P2:37.23999999 P3:37.23999999 P4:37.235 STATE:IDLE
[2026-05-11 15:35:15Z] CHK MOM:0.08% RANGE:0.08% UP:80% SPREAD:0.08058017% BID:37.23 ASK:37.26 MID:37.245 P1:37.245 P2:37.23999999 P3:37.23999999 P4:37.235 STATE:IDLE
[2026-05-11 15:35:18Z] CHK MOM:0.09% RANGE:0.09% UP:83.33% SPREAD:0.10744023% BID:37.23 ASK:37.27 MID:37.25 P1:37.25 P2:37.245 P3:37.23999999 P4:37.23999999 STATE:IDLE
[2026-05-11 15:35:18Z] CHK MOM:0.14% RANGE:0.14% UP:83.33% SPREAD:0.13422818% BID:37.25 ASK:37.3 MID:37.275 P1:37.275 P2:37.25 P3:37.245 P4:37.23999999 STATE:IDLE
[2026-05-11 15:35:19Z] CHK MOM:0.17% RANGE:0.17% UP:85.71% SPREAD:0.13419216% BID:37.26 ASK:37.31 MID:37.285 P1:37.285 P2:37.275 P3:37.25 P4:37.245 STATE:IDLE
[2026-05-11 15:35:19Z] CHK MOM:0.17% RANGE:0.17% UP:85.71% SPREAD:0.13419216% BID:37.26 ASK:37.31 MID:37.285 P1:37.285 P2:37.275 P3:37.25 P4:37.245 STATE:IDLE
[2026-05-11 15:35:20Z] CHK MOM:0.17% RANGE:0.17% UP:85.71% SPREAD:0.13419216% BID:37.26 ASK:37.31 MID:37.285 P1:37.285 P2:37.275 P3:37.25 P4:37.245 STATE:IDLE
[2026-05-11 15:35:20Z] CHK MOM:0.16% RANGE:0.17% UP:75% SPREAD:0.16107382% BID:37.25 ASK:37.31 MID:37.28 P1:37.28 P2:37.285 P3:37.275 P4:37.25 STATE:IDLE
[2026-05-11 15:35:21Z] CHK MOM:0.16% RANGE:0.17% UP:75% SPREAD:0.16107382% BID:37.25 ASK:37.31 MID:37.28 P1:37.28 P2:37.285 P3:37.275 P4:37.25 STATE:IDLE
[2026-05-11 15:35:21Z] CHK MOM:0.16% RANGE:0.17% UP:75% SPREAD:0.16107382% BID:37.25 ASK:37.31 MID:37.28 P1:37.28 P2:37.285 P3:37.275 P4:37.25 STATE:IDLE
[2026-05-11 15:35:22Z] CHK MOM:0.09% RANGE:0.12% UP:66.66% SPREAD:0.18796992% BID:37.24 ASK:37.31 MID:37.275 P1:37.275 P2:37.28 P3:37.285 P4:37.275 STATE:IDLE
[2026-05-11 15:35:23Z] CHK MOM:0.09% RANGE:0.12% UP:66.66% SPREAD:0.18796992% BID:37.24 ASK:37.31 MID:37.275 P1:37.275 P2:37.28 P3:37.285 P4:37.275 STATE:IDLE
[2026-05-11 15:35:23Z] CHK MOM:0.09% RANGE:0.12% UP:57.14% SPREAD:0.18796992% BID:37.24 ASK:37.31 MID:37.275 P1:37.275 P2:37.275 P3:37.28 P4:37.285 STATE:IDLE
[2026-05-11 15:35:24Z] CHK MOM:0.09% RANGE:0.12% UP:50% SPREAD:0.18796992% BID:37.24 ASK:37.31 MID:37.275 P1:37.275 P2:37.275 P3:37.275 P4:37.28 STATE:IDLE
[2026-05-11 15:35:24Z] CHK MOM:0.1% RANGE:0.12% UP:55.55% SPREAD:0.16107382% BID:37.25 ASK:37.31 MID:37.28 P1:37.28 P2:37.275 P3:37.275 P4:37.275 STATE:IDLE
[2026-05-11 15:35:25Z] CHK MOM:0.1% RANGE:0.12% UP:55.55% SPREAD:0.16107382% BID:37.25 ASK:37.31 MID:37.28 P1:37.28 P2:37.275 P3:37.275 P4:37.275 STATE:IDLE
[2026-05-11 15:35:25Z] CHK MOM:0.1% RANGE:0.12% UP:55.55% SPREAD:0.16107382% BID:37.25 ASK:37.31 MID:37.28 P1:37.28 P2:37.275 P3:37.275 P4:37.275 STATE:IDLE
[2026-05-11 15:35:26Z] CHK MOM:0.1% RANGE:0.12% UP:55.55% SPREAD:0.16107382% BID:37.25 ASK:37.31 MID:37.28 P1:37.28 P2:37.275 P3:37.275 P4:37.275 STATE:IDLE
[2026-05-11 15:35:26Z] CHK MOM:0.1% RANGE:0.12% UP:55.55% SPREAD:0.16107382% BID:37.25 ASK:37.31 MID:37.28 P1:37.28 P2:37.275 P3:37.275 P4:37.275 STATE:IDLE
[2026-05-11 15:35:27Z] CHK MOM:0.1% RANGE:0.12% UP:55.55% SPREAD:0.16107382% BID:37.25 ASK:37.31 MID:37.28 P1:37.28 P2:37.275 P3:37.275 P4:37.275 STATE:IDLE
[2026-05-11 15:35:28Z] CHK MOM:0.06% RANGE:0.09% UP:37.5% SPREAD:0.18796992% BID:37.24 ASK:37.31 MID:37.275 P1:37.275 P2:37.28 P3:37.275 P4:37.275 STATE:IDLE
[2026-05-11 15:35:29Z] CHK MOM:0.05% RANGE:0.09% UP:33.33% SPREAD:0.21488047% BID:37.23 ASK:37.31 MID:37.26999999 P1:37.26999999 P2:37.275 P3:37.28 P4:37.275 STATE:IDLE
[2026-05-11 15:35:29Z] CHK MOM:0.06% RANGE:0.09% UP:40% SPREAD:0.18796992% BID:37.24 ASK:37.31 MID:37.275 P1:37.275 P2:37.26999999 P3:37.275 P4:37.28 STATE:IDLE
[2026-05-11 15:35:30Z] CHK MOM:0.06% RANGE:0.09% UP:40% SPREAD:0.18796992% BID:37.24 ASK:37.31 MID:37.275 P1:37.275 P2:37.26999999 P3:37.275 P4:37.28 STATE:IDLE
[2026-05-11 15:35:30Z] CHK MOM:0.06% RANGE:0.09% UP:40% SPREAD:0.18796992% BID:37.24 ASK:37.31 MID:37.275 P1:37.275 P2:37.26999999 P3:37.275 P4:37.28 STATE:IDLE
[2026-05-11 15:35:31Z] CHK MOM:0.06% RANGE:0.09% UP:40% SPREAD:0.18796992% BID:37.24 ASK:37.31 MID:37.275 P1:37.275 P2:37.26999999 P3:37.275 P4:37.28 STATE:IDLE
[2026-05-11 15:35:31Z] CHK MOM:0.06% RANGE:0.09% UP:40% SPREAD:0.18796992% BID:37.24 ASK:37.31 MID:37.275 P1:37.275 P2:37.26999999 P3:37.275 P4:37.28 STATE:IDLE
[2026-05-11 15:35:32Z] CHK MOM:0.06% RANGE:0.09% UP:40% SPREAD:0.18796992% BID:37.24 ASK:37.31 MID:37.275 P1:37.275 P2:37.26999999 P3:37.275 P4:37.28 STATE:IDLE
[2026-05-11 15:35:43Z] CHK MOM:0% RANGE:0% UP:0% SPREAD:0.16120365% BID:37.22 ASK:37.28 MID:37.25 P1:37.25 P2:37.275 P3:37.26999999 P4:37.275 STATE:IDLE
[2026-05-11 15:35:43Z] CHK MOM:0% RANGE:0% UP:0% SPREAD:0.16120365% BID:37.22 ASK:37.28 MID:37.25 P1:37.25 P2:37.275 P3:37.26999999 P4:37.275 STATE:IDLE
[2026-05-11 15:35:44Z] CHK MOM:0% RANGE:0% UP:0% SPREAD:0.10744023% BID:37.23 ASK:37.27 MID:37.25 P1:37.25 P2:37.25 P3:37.275 P4:37.26999999 STATE:IDLE
[2026-05-11 15:35:44Z] CHK MOM:0% RANGE:0% UP:0% SPREAD:0.10744023% BID:37.23 ASK:37.27 MID:37.25 P1:37.25 P2:37.25 P3:37.275 P4:37.26999999 STATE:IDLE
[2026-05-11 15:35:45Z] CHK MOM:0% RANGE:0% UP:0% SPREAD:0.10744023% BID:37.23 ASK:37.27 MID:37.25 P1:37.25 P2:37.25 P3:37.275 P4:37.26999999 STATE:IDLE
[2026-05-11 15:35:45Z] CHK MOM:0% RANGE:0% UP:0% SPREAD:0.10744023% BID:37.23 ASK:37.27 MID:37.25 P1:37.25 P2:37.25 P3:37.275 P4:37.26999999 STATE:IDLE
[2026-05-11 15:35:46Z] CHK MOM:0% RANGE:0% UP:0% SPREAD:0.10744023% BID:37.23 ASK:37.27 MID:37.25 P1:37.25 P2:37.25 P3:37.275 P4:37.26999999 STATE:IDLE
[2026-05-11 15:35:46Z] CHK MOM:0% RANGE:0% UP:0% SPREAD:0.10744023% BID:37.23 ASK:37.27 MID:37.25 P1:37.25 P2:37.25 P3:37.275 P4:37.26999999 STATE:IDLE
[2026-05-11 15:35:47Z] CHK MOM:0% RANGE:0% UP:0% SPREAD:0.10744023% BID:37.23 ASK:37.27 MID:37.25 P1:37.25 P2:37.25 P3:37.25 P4:37.275 STATE:IDLE
[2026-05-11 15:35:48Z] CHK MOM:0% RANGE:0% UP:0% SPREAD:0.10744023% BID:37.23 ASK:37.27 MID:37.25 P1:37.25 P2:37.25 P3:37.25 P4:37.275 STATE:IDLE
[2026-05-11 15:35:49Z] CHK MOM:0% RANGE:0% UP:0% SPREAD:0.10744023% BID:37.23 ASK:37.27 MID:37.25 P1:37.25 P2:37.25 P3:37.25 P4:37.25 STATE:IDLE
[2026-05-11 15:35:49Z] CHK MOM:0% RANGE:0% UP:0% SPREAD:0.10744023% BID:37.23 ASK:37.27 MID:37.25 P1:37.25 P2:37.25 P3:37.25 P4:37.25 STATE:IDLE
[2026-05-11 15:35:50Z] CHK MOM:0% RANGE:0% UP:0% SPREAD:0.10744023% BID:37.23 ASK:37.27 MID:37.25 P1:37.25 P2:37.25 P3:37.25 P4:37.25 STATE:IDLE
[2026-05-11 15:35:50Z] CHK MOM:-0.01% RANGE:0.01% UP:0% SPREAD:0.13433637% BID:37.22 ASK:37.27 MID:37.245 P1:37.245 P2:37.25 P3:37.25 P4:37.25 STATE:IDLE
[2026-05-11 15:35:51Z] CHK MOM:-0.01% RANGE:0.01% UP:0% SPREAD:0.13433637% BID:37.22 ASK:37.27 MID:37.245 P1:37.245 P2:37.25 P3:37.25 P4:37.25 STATE:IDLE
[2026-05-11 15:35:51Z] CHK MOM:-0.01% RANGE:0.01% UP:0% SPREAD:0.13433637% BID:37.22 ASK:37.27 MID:37.245 P1:37.245 P2:37.25 P3:37.25 P4:37.25 STATE:IDLE
[2026-05-11 15:35:52Z] CHK MOM:-0.01% RANGE:0.01% UP:0% SPREAD:0.13433637% BID:37.22 ASK:37.27 MID:37.245 P1:37.245 P2:37.25 P3:37.25 P4:37.25 STATE:IDLE
[2026-05-11 15:35:52Z] CHK MOM:-0.01% RANGE:0.01% UP:0% SPREAD:0.13433637% BID:37.22 ASK:37.27 MID:37.245 P1:37.245 P2:37.25 P3:37.25 P4:37.25 STATE:IDLE
[2026-05-11 15:35:53Z] CHK MOM:-0.01% RANGE:0.01% UP:0% SPREAD:0.13433637% BID:37.22 ASK:37.27 MID:37.245 P1:37.245 P2:37.25 P3:37.25 P4:37.25 STATE:IDLE
[2026-05-11 15:35:56Z] CHK MOM:-0.02% RANGE:0.02% UP:0% SPREAD:0.16124697% BID:37.21 ASK:37.27 MID:37.24 P1:37.24 P2:37.245 P3:37.25 P4:37.25 STATE:IDLE
[2026-05-11 15:35:56Z] CHK MOM:-0.02% RANGE:0.02% UP:0% SPREAD:0.16124697% BID:37.21 ASK:37.27 MID:37.24 P1:37.24 P2:37.24 P3:37.245 P4:37.25 STATE:IDLE
[2026-05-11 15:35:57Z] CHK MOM:-0.02% RANGE:0.02% UP:0% SPREAD:0.16124697% BID:37.21 ASK:37.27 MID:37.24 P1:37.24 P2:37.24 P3:37.245 P4:37.25 STATE:IDLE
[2026-05-11 15:35:57Z] CHK MOM:-0.02% RANGE:0.02% UP:0% SPREAD:0.16124697% BID:37.21 ASK:37.27 MID:37.24 P1:37.24 P2:37.24 P3:37.245 P4:37.25 STATE:IDLE
[2026-05-11 15:35:58Z] CHK MOM:-0.02% RANGE:0.02% UP:0% SPREAD:0.16124697% BID:37.21 ASK:37.27 MID:37.24 P1:37.24 P2:37.24 P3:37.245 P4:37.25 STATE:IDLE
[2026-05-11 15:35:58Z] CHK MOM:-0.01% RANGE:0.02% UP:20% SPREAD:0.13433637% BID:37.22 ASK:37.27 MID:37.245 P1:37.245 P2:37.24 P3:37.24 P4:37.245 STATE:IDLE
[2026-05-11 15:35:59Z] CHK MOM:-0.01% RANGE:0.02% UP:20% SPREAD:0.13433637% BID:37.22 ASK:37.27 MID:37.245 P1:37.245 P2:37.24 P3:37.24 P4:37.245 STATE:IDLE
[2026-05-11 15:35:59Z] CHK MOM:-0.01% RANGE:0.02% UP:20% SPREAD:0.13433637% BID:37.22 ASK:37.27 MID:37.245 P1:37.245 P2:37.24 P3:37.24 P4:37.245 STATE:IDLE
[2026-05-11 15:36:00Z] CHK MOM:-0.01% RANGE:0.02% UP:20% SPREAD:0.13433637% BID:37.22 ASK:37.27 MID:37.245 P1:37.245 P2:37.24 P3:37.24 P4:37.245 STATE:IDLE
[2026-05-11 15:36:00Z] CHK MOM:-0.02% RANGE:0.02% UP:20% SPREAD:0.16124697% BID:37.21 ASK:37.27 MID:37.24 P1:37.24 P2:37.245 P3:37.24 P4:37.24 STATE:IDLE
[2026-05-11 15:36:01Z] CHK MOM:-0.02% RANGE:0.02% UP:20% SPREAD:0.16124697% BID:37.21 ASK:37.27 MID:37.24 P1:37.24 P2:37.245 P3:37.24 P4:37.24 STATE:IDLE
[2026-05-11 15:36:02Z] CHK MOM:0% RANGE:0.01% UP:40% SPREAD:0.13433637% BID:37.22 ASK:37.27 MID:37.245 P1:37.245 P2:37.24 P3:37.245 P4:37.24 STATE:IDLE
[2026-05-11 15:36:02Z] CHK MOM:0.02% RANGE:0.02% UP:60% SPREAD:0.10744023% BID:37.23 ASK:37.27 MID:37.25 P1:37.25 P2:37.245 P3:37.24 P4:37.245 STATE:IDLE
[2026-05-11 15:36:03Z] CHK MOM:0.02% RANGE:0.02% UP:60% SPREAD:0.10744023% BID:37.23 ASK:37.27 MID:37.25 P1:37.25 P2:37.245 P3:37.24 P4:37.245 STATE:IDLE
[2026-05-11 15:36:03Z] CHK MOM:0.09% RANGE:0.09% UP:66.66% SPREAD:0.18796992% BID:37.24 ASK:37.31 MID:37.275 P1:37.275 P2:37.25 P3:37.245 P4:37.24 STATE:IDLE
[2026-05-11 15:36:04Z] CHK MOM:0.09% RANGE:0.09% UP:66.66% SPREAD:0.18796992% BID:37.24 ASK:37.31 MID:37.275 P1:37.275 P2:37.25 P3:37.245 P4:37.24 STATE:IDLE
[2026-05-11 15:36:04Z] CHK MOM:0.09% RANGE:0.09% UP:66.66% SPREAD:0.18796992% BID:37.24 ASK:37.31 MID:37.275 P1:37.275 P2:37.25 P3:37.245 P4:37.24 STATE:IDLE
[2026-05-11 15:36:05Z] CHK MOM:0.09% RANGE:0.09% UP:66.66% SPREAD:0.18796992% BID:37.24 ASK:37.31 MID:37.275 P1:37.275 P2:37.25 P3:37.245 P4:37.24 STATE:IDLE
[2026-05-11 15:36:05Z] CHK MOM:0.09% RANGE:0.09% UP:66.66% SPREAD:0.18796992% BID:37.24 ASK:37.31 MID:37.275 P1:37.275 P2:37.25 P3:37.245 P4:37.24 STATE:IDLE
[2026-05-11 15:36:06Z] CHK MOM:0.09% RANGE:0.09% UP:66.66% SPREAD:0.18796992% BID:37.24 ASK:37.31 MID:37.275 P1:37.275 P2:37.25 P3:37.245 P4:37.24 STATE:IDLE
[2026-05-11 15:36:20Z] CHK MOM:0% RANGE:0% UP:0% SPREAD:0.13430029% BID:37.23 ASK:37.28 MID:37.25499999 P1:37.25499999 P2:37.275 P3:37.25 P4:37.245 STATE:IDLE
[2026-05-11 15:36:21Z] CHK MOM:0% RANGE:0% UP:0% SPREAD:0.13430029% BID:37.23 ASK:37.28 MID:37.25499999 P1:37.25499999 P2:37.25499999 P3:37.275 P4:37.25 STATE:IDLE
[2026-05-11 15:36:21Z] CHK MOM:0% RANGE:0% UP:0% SPREAD:0.13430029% BID:37.23 ASK:37.28 MID:37.25499999 P1:37.25499999 P2:37.25499999 P3:37.275 P4:37.25 STATE:IDLE
[2026-05-11 15:36:22Z] CHK MOM:0% RANGE:0% UP:0% SPREAD:0.13430029% BID:37.23 ASK:37.28 MID:37.25499999 P1:37.25499999 P2:37.25499999 P3:37.275 P4:37.25 STATE:IDLE
[2026-05-11 15:36:22Z] CHK MOM:0% RANGE:0% UP:0% SPREAD:0.13430029% BID:37.23 ASK:37.28 MID:37.25499999 P1:37.25499999 P2:37.25499999 P3:37.275 P4:37.25 STATE:IDLE
[2026-05-11 15:36:23Z] CHK MOM:0% RANGE:0% UP:0% SPREAD:0.13430029% BID:37.23 ASK:37.28 MID:37.25499999 P1:37.25499999 P2:37.25499999 P3:37.275 P4:37.25 STATE:IDLE
[2026-05-11 15:36:30Z] CHK MOM:-0.01% RANGE:0.01% UP:0% SPREAD:0.16120365% BID:37.22 ASK:37.28 MID:37.25 P1:37.25 P2:37.25499999 P3:37.25499999 P4:37.275 STATE:IDLE
[2026-05-11 15:36:30Z] CHK MOM:-0.01% RANGE:0.01% UP:0% SPREAD:0.16120365% BID:37.22 ASK:37.28 MID:37.25 P1:37.25 P2:37.25499999 P3:37.25499999 P4:37.275 STATE:IDLE
[2026-05-11 15:36:31Z] CHK MOM:-0.01% RANGE:0.01% UP:0% SPREAD:0.16120365% BID:37.22 ASK:37.28 MID:37.25 P1:37.25 P2:37.25499999 P3:37.25499999 P4:37.275 STATE:IDLE
[2026-05-11 15:36:31Z] CHK MOM:-0.01% RANGE:0.01% UP:0% SPREAD:0.16120365% BID:37.22 ASK:37.28 MID:37.25 P1:37.25 P2:37.25499999 P3:37.25499999 P4:37.275 STATE:IDLE
[2026-05-11 15:36:32Z] CHK MOM:-0.01% RANGE:0.01% UP:0% SPREAD:0.16120365% BID:37.22 ASK:37.28 MID:37.25 P1:37.25 P2:37.25499999 P3:37.25499999 P4:37.275 STATE:IDLE
[2026-05-11 15:36:39Z] CHK MOM:-0.01% RANGE:0.01% UP:0% SPREAD:0.18812147% BID:37.21 ASK:37.28 MID:37.245 P1:37.245 P2:37.25 P3:37.25499999 P4:37.25499999 STATE:IDLE
[2026-05-11 15:36:40Z] CHK MOM:0% RANGE:0.01% UP:50% SPREAD:0.16120365% BID:37.22 ASK:37.28 MID:37.25 P1:37.25 P2:37.245 P3:37.25 P4:37.25499999 STATE:IDLE
[2026-05-11 15:36:40Z] CHK MOM:0% RANGE:0.01% UP:50% SPREAD:0.16120365% BID:37.22 ASK:37.28 MID:37.25 P1:37.25 P2:37.245 P3:37.25 P4:37.25499999 STATE:IDLE
[2026-05-11 15:36:41Z] CHK MOM:0% RANGE:0.01% UP:50% SPREAD:0.16120365% BID:37.22 ASK:37.28 MID:37.25 P1:37.25 P2:37.245 P3:37.25 P4:37.25499999 STATE:IDLE
[2026-05-11 15:36:41Z] CHK MOM:0% RANGE:0.01% UP:50% SPREAD:0.16120365% BID:37.22 ASK:37.28 MID:37.25 P1:37.25 P2:37.245 P3:37.25 P4:37.25499999 STATE:IDLE
[2026-05-11 15:36:42Z] CHK MOM:0% RANGE:0.01% UP:50% SPREAD:0.16120365% BID:37.22 ASK:37.28 MID:37.25 P1:37.25 P2:37.245 P3:37.25 P4:37.25499999 STATE:IDLE
[2026-05-11 15:37:04Z] CHK MOM:0% RANGE:0% UP:0% SPREAD:0.13430029% BID:37.23 ASK:37.28 MID:37.25499999 P1:37.25499999 P2:37.25 P3:37.245 P4:37.25 STATE:IDLE
[2026-05-11 16:36:53Z] SESSION_START symbol=GIGGLEUSDC dry_run=0 profile=major strategy=momentum base_url=https://api.binance.com
[2026-05-11 16:36:53Z] TOXIC_MEMORY_LOADED count=4 symbols=GUNUSDC,JTOUSDC,ORDIUSDC,SAHARAUSDC
[2026-05-11 16:36:56Z] CHK MOM:0% RANGE:0% UP:0% SPREAD:0.13412017% BID:37.28 ASK:37.33 MID:37.305 P1:37.305 P2:NA P3:NA P4:NA STATE:IDLE
[2026-05-11 16:36:57Z] CHK MOM:0% RANGE:0% UP:0% SPREAD:0.13412017% BID:37.28 ASK:37.33 MID:37.305 P1:37.305 P2:NA P3:NA P4:NA STATE:IDLE
[2026-05-11 16:36:57Z] CHK MOM:0% RANGE:0% UP:0% SPREAD:0.13412017% BID:37.28 ASK:37.33 MID:37.305 P1:37.305 P2:NA P3:NA P4:NA STATE:IDLE
[2026-05-11 16:36:58Z] CHK MOM:-0.01% RANGE:0.01% UP:0% SPREAD:0.16098738% BID:37.27 ASK:37.33 MID:37.3 P1:37.3 P2:37.305 P3:NA P4:NA STATE:IDLE
[2026-05-11 16:36:58Z] CHK MOM:0% RANGE:0.01% UP:50% SPREAD:0.13412017% BID:37.28 ASK:37.33 MID:37.305 P1:37.305 P2:37.3 P3:37.305 P4:NA STATE:IDLE
[2026-05-11 16:36:59Z] CHK MOM:0% RANGE:0.01% UP:50% SPREAD:0.13412017% BID:37.28 ASK:37.33 MID:37.305 P1:37.305 P2:37.3 P3:37.305 P4:NA STATE:IDLE
[2026-05-11 16:36:59Z] CHK MOM:0% RANGE:0.01% UP:50% SPREAD:0.13412017% BID:37.28 ASK:37.33 MID:37.305 P1:37.305 P2:37.3 P3:37.305 P4:NA STATE:IDLE
[2026-05-11 16:37:00Z] CHK MOM:0% RANGE:0.01% UP:50% SPREAD:0.13412017% BID:37.28 ASK:37.33 MID:37.305 P1:37.305 P2:37.3 P3:37.305 P4:NA STATE:IDLE
[2026-05-11 16:37:00Z] CHK MOM:0% RANGE:0.01% UP:50% SPREAD:0.13412017% BID:37.28 ASK:37.33 MID:37.305 P1:37.305 P2:37.3 P3:37.305 P4:NA STATE:IDLE
[2026-05-11 16:37:01Z] CHK MOM:-0.01% RANGE:0.01% UP:33.33% SPREAD:0.16098738% BID:37.27 ASK:37.33 MID:37.3 P1:37.3 P2:37.305 P3:37.3 P4:37.305 STATE:IDLE
[2026-05-11 16:37:02Z] CHK MOM:0% RANGE:0.01% UP:50% SPREAD:0.13412017% BID:37.28 ASK:37.33 MID:37.305 P1:37.305 P2:37.3 P3:37.305 P4:37.3 STATE:IDLE
[2026-05-11 16:37:02Z] CHK MOM:-0.01% RANGE:0.01% UP:40% SPREAD:0.10729613% BID:37.28 ASK:37.32 MID:37.3 P1:37.3 P2:37.305 P3:37.3 P4:37.305 STATE:IDLE
[2026-05-11 16:37:03Z] CHK MOM:-0.01% RANGE:0.01% UP:40% SPREAD:0.10729613% BID:37.28 ASK:37.32 MID:37.3 P1:37.3 P2:37.305 P3:37.3 P4:37.305 STATE:IDLE
[2026-05-11 16:37:03Z] CHK MOM:-0.01% RANGE:0.01% UP:40% SPREAD:0.10729613% BID:37.28 ASK:37.32 MID:37.3 P1:37.3 P2:37.305 P3:37.3 P4:37.305 STATE:IDLE
[2026-05-11 16:37:04Z] CHK MOM:-0.01% RANGE:0.01% UP:40% SPREAD:0.10729613% BID:37.28 ASK:37.32 MID:37.3 P1:37.3 P2:37.305 P3:37.3 P4:37.305 STATE:IDLE
[2026-05-11 16:37:04Z] CHK MOM:-0.02% RANGE:0.02% UP:33.33% SPREAD:0.13415615% BID:37.27 ASK:37.32 MID:37.295 P1:37.295 P2:37.3 P3:37.305 P4:37.3 STATE:IDLE
[2026-05-11 16:37:05Z] CHK MOM:-0.02% RANGE:0.02% UP:33.33% SPREAD:0.13415615% BID:37.27 ASK:37.32 MID:37.295 P1:37.295 P2:37.3 P3:37.305 P4:37.3 STATE:IDLE
[2026-05-11 16:37:05Z] CHK MOM:-0.02% RANGE:0.02% UP:33.33% SPREAD:0.13415615% BID:37.27 ASK:37.32 MID:37.295 P1:37.295 P2:37.3 P3:37.305 P4:37.3 STATE:IDLE
[2026-05-11 16:37:06Z] CHK MOM:-0.04% RANGE:0.04% UP:28.57% SPREAD:0.16103059% BID:37.26 ASK:37.32 MID:37.29 P1:37.29 P2:37.295 P3:37.3 P4:37.305 STATE:IDLE
[2026-05-11 16:37:06Z] CHK MOM:-0.04% RANGE:0.04% UP:28.57% SPREAD:0.16103059% BID:37.26 ASK:37.32 MID:37.29 P1:37.29 P2:37.295 P3:37.3 P4:37.305 STATE:IDLE
[2026-05-11 16:37:07Z] CHK MOM:-0.04% RANGE:0.04% UP:25% SPREAD:0.16103059% BID:37.26 ASK:37.32 MID:37.29 P1:37.29 P2:37.29 P3:37.295 P4:37.3 STATE:IDLE
[2026-05-11 16:37:07Z] CHK MOM:-0.04% RANGE:0.04% UP:25% SPREAD:0.16103059% BID:37.26 ASK:37.32 MID:37.29 P1:37.29 P2:37.29 P3:37.295 P4:37.3 STATE:IDLE
[2026-05-11 16:37:08Z] CHK MOM:-0.04% RANGE:0.04% UP:25% SPREAD:0.16103059% BID:37.26 ASK:37.32 MID:37.29 P1:37.29 P2:37.29 P3:37.295 P4:37.3 STATE:IDLE
[2026-05-11 16:37:08Z] CHK MOM:-0.04% RANGE:0.04% UP:25% SPREAD:0.16103059% BID:37.26 ASK:37.32 MID:37.29 P1:37.29 P2:37.29 P3:37.295 P4:37.3 STATE:IDLE
[2026-05-11 16:37:09Z] CHK MOM:-0.04% RANGE:0.04% UP:25% SPREAD:0.16103059% BID:37.26 ASK:37.32 MID:37.29 P1:37.29 P2:37.29 P3:37.295 P4:37.3 STATE:IDLE
[2026-05-11 16:37:09Z] CHK MOM:-0.01% RANGE:0.04% UP:37.5% SPREAD:0.13415615% BID:37.27 ASK:37.32 MID:37.295 P1:37.295 P2:37.29 P3:37.29 P4:37.295 STATE:IDLE
[2026-05-11 16:37:10Z] CHK MOM:-0.01% RANGE:0.04% UP:37.5% SPREAD:0.13415615% BID:37.27 ASK:37.32 MID:37.295 P1:37.295 P2:37.29 P3:37.29 P4:37.295 STATE:IDLE
[2026-05-11 16:37:10Z] CHK MOM:-0.01% RANGE:0.04% UP:28.57% SPREAD:0.13415615% BID:37.27 ASK:37.32 MID:37.295 P1:37.295 P2:37.295 P3:37.29 P4:37.29 STATE:IDLE
[2026-05-11 16:37:11Z] CHK MOM:-0.01% RANGE:0.04% UP:28.57% SPREAD:0.13415615% BID:37.27 ASK:37.32 MID:37.295 P1:37.295 P2:37.295 P3:37.29 P4:37.29 STATE:IDLE
[2026-05-11 16:37:12Z] CHK MOM:-0.01% RANGE:0.04% UP:28.57% SPREAD:0.13415615% BID:37.27 ASK:37.32 MID:37.295 P1:37.295 P2:37.295 P3:37.29 P4:37.29 STATE:IDLE
[2026-05-11 16:37:12Z] CHK MOM:-0.01% RANGE:0.04% UP:28.57% SPREAD:0.13415615% BID:37.27 ASK:37.32 MID:37.295 P1:37.295 P2:37.295 P3:37.29 P4:37.29 STATE:IDLE
[2026-05-11 16:37:13Z] CHK MOM:-0.01% RANGE:0.04% UP:28.57% SPREAD:0.13415615% BID:37.27 ASK:37.32 MID:37.295 P1:37.295 P2:37.295 P3:37.29 P4:37.29 STATE:IDLE
[2026-05-11 16:37:19Z] CHK MOM:0% RANGE:0.01% UP:33.33% SPREAD:0.16103059% BID:37.26 ASK:37.32 MID:37.29 P1:37.29 P2:37.295 P3:37.295 P4:37.29 STATE:IDLE
[2026-05-11 16:37:20Z] CHK MOM:-0.05% RANGE:0.05% UP:0% SPREAD:0.13422818% BID:37.25 ASK:37.3 MID:37.275 P1:37.275 P2:37.29 P3:37.295 P4:37.295 STATE:IDLE
[2026-05-11 16:37:20Z] CHK MOM:-0.05% RANGE:0.05% UP:0% SPREAD:0.13422818% BID:37.25 ASK:37.3 MID:37.275 P1:37.275 P2:37.29 P3:37.295 P4:37.295 STATE:IDLE
[2026-05-11 16:37:21Z] CHK MOM:-0.05% RANGE:0.05% UP:0% SPREAD:0.13422818% BID:37.25 ASK:37.3 MID:37.275 P1:37.275 P2:37.29 P3:37.295 P4:37.295 STATE:IDLE
[2026-05-11 16:37:21Z] CHK MOM:-0.04% RANGE:0.05% UP:33.33% SPREAD:0.10735373% BID:37.26 ASK:37.3 MID:37.28 P1:37.28 P2:37.275 P3:37.29 P4:37.295 STATE:IDLE
[2026-05-11 16:37:22Z] CHK MOM:-0.04% RANGE:0.05% UP:33.33% SPREAD:0.10735373% BID:37.26 ASK:37.3 MID:37.28 P1:37.28 P2:37.275 P3:37.29 P4:37.295 STATE:IDLE
[2026-05-11 16:37:22Z] CHK MOM:-0.04% RANGE:0.05% UP:33.33% SPREAD:0.10735373% BID:37.26 ASK:37.3 MID:37.28 P1:37.28 P2:37.275 P3:37.29 P4:37.295 STATE:IDLE
[2026-05-11 16:37:23Z] CHK MOM:-0.02% RANGE:0.04% UP:33.33% SPREAD:0.10735373% BID:37.26 ASK:37.3 MID:37.28 P1:37.28 P2:37.28 P3:37.275 P4:37.29 STATE:IDLE
[2026-05-11 16:37:23Z] CHK MOM:-0.02% RANGE:0.04% UP:33.33% SPREAD:0.10735373% BID:37.26 ASK:37.3 MID:37.28 P1:37.28 P2:37.28 P3:37.275 P4:37.29 STATE:IDLE
[2026-05-11 16:37:24Z] CHK MOM:-0.02% RANGE:0.04% UP:33.33% SPREAD:0.10735373% BID:37.26 ASK:37.3 MID:37.28 P1:37.28 P2:37.28 P3:37.275 P4:37.29 STATE:IDLE
[2026-05-11 16:37:25Z] CHK MOM:-0.02% RANGE:0.04% UP:33.33% SPREAD:0.10735373% BID:37.26 ASK:37.3 MID:37.28 P1:37.28 P2:37.28 P3:37.275 P4:37.29 STATE:IDLE
[2026-05-11 16:37:25Z] CHK MOM:-0.02% RANGE:0.04% UP:33.33% SPREAD:0.10735373% BID:37.26 ASK:37.3 MID:37.28 P1:37.28 P2:37.28 P3:37.275 P4:37.29 STATE:IDLE
[2026-05-11 16:37:27Z] CHK MOM:-0.06% RANGE:0.06% UP:25% SPREAD:0.08053691% BID:37.25 ASK:37.28 MID:37.265 P1:37.265 P2:37.28 P3:37.28 P4:37.275 STATE:IDLE
[2026-05-11 16:37:28Z] CHK MOM:0.02% RANGE:0.09% UP:40% SPREAD:0.10729613% BID:37.28 ASK:37.32 MID:37.3 P1:37.3 P2:37.265 P3:37.28 P4:37.28 STATE:IDLE
[2026-05-11 16:37:28Z] CHK MOM:0.02% RANGE:0.09% UP:40% SPREAD:0.10729613% BID:37.28 ASK:37.32 MID:37.3 P1:37.3 P2:37.265 P3:37.28 P4:37.28 STATE:IDLE
[2026-05-11 16:37:29Z] CHK MOM:0.02% RANGE:0.09% UP:40% SPREAD:0.10729613% BID:37.28 ASK:37.32 MID:37.3 P1:37.3 P2:37.265 P3:37.28 P4:37.28 STATE:IDLE
[2026-05-11 16:37:29Z] CHK MOM:0.02% RANGE:0.09% UP:40% SPREAD:0.10729613% BID:37.28 ASK:37.32 MID:37.3 P1:37.3 P2:37.265 P3:37.28 P4:37.28 STATE:IDLE
[2026-05-11 16:37:30Z] CHK MOM:0.02% RANGE:0.09% UP:40% SPREAD:0.10729613% BID:37.28 ASK:37.32 MID:37.3 P1:37.3 P2:37.265 P3:37.28 P4:37.28 STATE:IDLE
[2026-05-11 16:37:44Z] CHK MOM:0% RANGE:0% UP:0% SPREAD:0.10735373% BID:37.26 ASK:37.3 MID:37.28 P1:37.28 P2:37.3 P3:37.265 P4:37.28 STATE:IDLE
[2026-05-11 16:37:44Z] CHK MOM:0% RANGE:0% UP:0% SPREAD:0.10735373% BID:37.26 ASK:37.3 MID:37.28 P1:37.28 P2:37.3 P3:37.265 P4:37.28 STATE:IDLE
[2026-05-11 16:37:45Z] CHK MOM:0% RANGE:0% UP:0% SPREAD:0.10735373% BID:37.26 ASK:37.3 MID:37.28 P1:37.28 P2:37.3 P3:37.265 P4:37.28 STATE:IDLE
[2026-05-11 16:37:45Z] CHK MOM:0% RANGE:0% UP:0% SPREAD:0.10735373% BID:37.26 ASK:37.3 MID:37.28 P1:37.28 P2:37.3 P3:37.265 P4:37.28 STATE:IDLE
[2026-05-11 16:37:46Z] CHK MOM:0% RANGE:0% UP:0% SPREAD:0.10735373% BID:37.26 ASK:37.3 MID:37.28 P1:37.28 P2:37.3 P3:37.265 P4:37.28 STATE:IDLE
[2026-05-11 16:37:48Z] CHK MOM:-0.04% RANGE:0.04% UP:0% SPREAD:0.08053691% BID:37.25 ASK:37.28 MID:37.265 P1:37.265 P2:37.28 P3:37.3 P4:37.265 STATE:IDLE
[2026-05-11 16:37:49Z] CHK MOM:-0.04% RANGE:0.04% UP:0% SPREAD:0.08053691% BID:37.25 ASK:37.28 MID:37.265 P1:37.265 P2:37.28 P3:37.3 P4:37.265 STATE:IDLE
[2026-05-11 16:37:50Z] CHK MOM:-0.04% RANGE:0.04% UP:0% SPREAD:0.08053691% BID:37.25 ASK:37.28 MID:37.265 P1:37.265 P2:37.28 P3:37.3 P4:37.265 STATE:IDLE
[2026-05-11 16:37:50Z] CHK MOM:-0.04% RANGE:0.04% UP:0% SPREAD:0.08053691% BID:37.25 ASK:37.28 MID:37.265 P1:37.265 P2:37.28 P3:37.3 P4:37.265 STATE:IDLE
[2026-05-11 16:37:51Z] CHK MOM:-0.04% RANGE:0.04% UP:0% SPREAD:0.08053691% BID:37.25 ASK:37.28 MID:37.265 P1:37.265 P2:37.28 P3:37.3 P4:37.265 STATE:IDLE
[2026-05-11 16:38:01Z] CHK MOM:0% RANGE:0% UP:0% SPREAD:0.10741138% BID:37.24 ASK:37.28 MID:37.26 P1:37.26 P2:37.265 P3:37.28 P4:37.3 STATE:IDLE
[2026-05-11 16:38:01Z] CHK MOM:0% RANGE:0% UP:0% SPREAD:0.10741138% BID:37.24 ASK:37.28 MID:37.26 P1:37.26 P2:37.265 P3:37.28 P4:37.3 STATE:IDLE
[2026-05-11 16:38:02Z] CHK MOM:0% RANGE:0% UP:0% SPREAD:0.10741138% BID:37.24 ASK:37.28 MID:37.26 P1:37.26 P2:37.265 P3:37.28 P4:37.3 STATE:IDLE
[2026-05-11 16:38:02Z] CHK MOM:0% RANGE:0% UP:0% SPREAD:0.10741138% BID:37.24 ASK:37.28 MID:37.26 P1:37.26 P2:37.265 P3:37.28 P4:37.3 STATE:IDLE
[2026-05-11 16:38:03Z] CHK MOM:0% RANGE:0% UP:0% SPREAD:0.10741138% BID:37.24 ASK:37.28 MID:37.26 P1:37.26 P2:37.265 P3:37.28 P4:37.3 STATE:IDLE
[2026-05-11 16:38:08Z] CHK MOM:0.04% RANGE:0.04% UP:100% SPREAD:0.08051529% BID:37.26 ASK:37.29 MID:37.275 P1:37.275 P2:37.26 P3:37.265 P4:37.28 STATE:IDLE
[2026-05-11 16:38:08Z] CHK MOM:0.04% RANGE:0.04% UP:100% SPREAD:0.08051529% BID:37.26 ASK:37.29 MID:37.275 P1:37.275 P2:37.26 P3:37.265 P4:37.28 STATE:IDLE
[2026-05-11 16:38:09Z] CHK MOM:0.04% RANGE:0.04% UP:100% SPREAD:0.08051529% BID:37.26 ASK:37.29 MID:37.275 P1:37.275 P2:37.26 P3:37.265 P4:37.28 STATE:IDLE
[2026-05-11 16:38:09Z] CHK MOM:0.04% RANGE:0.04% UP:100% SPREAD:0.08051529% BID:37.26 ASK:37.29 MID:37.275 P1:37.275 P2:37.26 P3:37.265 P4:37.28 STATE:IDLE
[2026-05-11 16:38:20Z] CHK MOM:0% RANGE:0% UP:0% SPREAD:0.10738255% BID:37.25 ASK:37.29 MID:37.26999999 P1:37.26999999 P2:37.275 P3:37.26 P4:37.265 STATE:IDLE
[2026-05-11 16:38:20Z] CHK MOM:-0.05% RANGE:0.05% UP:0% SPREAD:0.10744023% BID:37.23 ASK:37.27 MID:37.25 P1:37.25 P2:37.26999999 P3:37.275 P4:37.26 STATE:IDLE
[2026-05-11 16:38:21Z] CHK MOM:-0.05% RANGE:0.05% UP:0% SPREAD:0.10744023% BID:37.23 ASK:37.27 MID:37.25 P1:37.25 P2:37.26999999 P3:37.275 P4:37.26 STATE:IDLE
[2026-05-11 16:38:21Z] CHK MOM:-0.06% RANGE:0.06% UP:0% SPREAD:0.13433637% BID:37.22 ASK:37.27 MID:37.245 P1:37.245 P2:37.25 P3:37.26999999 P4:37.275 STATE:IDLE
[2026-05-11 16:38:22Z] CHK MOM:-0.08% RANGE:0.08% UP:0% SPREAD:0.1074691% BID:37.22 ASK:37.26 MID:37.23999999 P1:37.23999999 P2:37.245 P3:37.25 P4:37.26999999 STATE:IDLE
[2026-05-11 16:38:22Z] CHK MOM:-0.09% RANGE:0.09% UP:0% SPREAD:0.08060182% BID:37.22 ASK:37.25 MID:37.235 P1:37.235 P2:37.23999999 P3:37.245 P4:37.25 STATE:IDLE
[2026-05-11 16:38:23Z] CHK MOM:-0.09% RANGE:0.09% UP:0% SPREAD:0.08060182% BID:37.22 ASK:37.25 MID:37.235 P1:37.235 P2:37.23999999 P3:37.245 P4:37.25 STATE:IDLE
[2026-05-11 16:38:23Z] CHK MOM:-0.09% RANGE:0.09% UP:0% SPREAD:0.08060182% BID:37.22 ASK:37.25 MID:37.235 P1:37.235 P2:37.23999999 P3:37.245 P4:37.25 STATE:IDLE
[2026-05-11 16:38:24Z] CHK MOM:-0.09% RANGE:0.09% UP:0% SPREAD:0.08060182% BID:37.22 ASK:37.25 MID:37.235 P1:37.235 P2:37.23999999 P3:37.245 P4:37.25 STATE:IDLE
[2026-05-11 16:38:24Z] CHK MOM:-0.06% RANGE:0.09% UP:20% SPREAD:0.13433637% BID:37.22 ASK:37.27 MID:37.245 P1:37.245 P2:37.235 P3:37.23999999 P4:37.245 STATE:IDLE
[2026-05-11 16:38:25Z] CHK MOM:-0.06% RANGE:0.09% UP:20% SPREAD:0.13433637% BID:37.22 ASK:37.27 MID:37.245 P1:37.245 P2:37.235 P3:37.23999999 P4:37.245 STATE:IDLE
[2026-05-11 16:38:26Z] CHK MOM:-0.06% RANGE:0.09% UP:20% SPREAD:0.13433637% BID:37.22 ASK:37.27 MID:37.245 P1:37.245 P2:37.235 P3:37.23999999 P4:37.245 STATE:IDLE
[2026-05-11 16:38:26Z] CHK MOM:-0.06% RANGE:0.09% UP:20% SPREAD:0.13433637% BID:37.22 ASK:37.27 MID:37.245 P1:37.245 P2:37.235 P3:37.23999999 P4:37.245 STATE:IDLE
[2026-05-11 16:38:27Z] CHK MOM:-0.06% RANGE:0.09% UP:20% SPREAD:0.13433637% BID:37.22 ASK:37.27 MID:37.245 P1:37.245 P2:37.235 P3:37.23999999 P4:37.245 STATE:IDLE
[2026-05-11 16:38:37Z] CHK MOM:0% RANGE:0% UP:0% SPREAD:0.08060182% BID:37.22 ASK:37.25 MID:37.235 P1:37.235 P2:37.245 P3:37.235 P4:37.23999999 STATE:IDLE
[2026-05-11 16:38:37Z] CHK MOM:0% RANGE:0% UP:0% SPREAD:0.08060182% BID:37.22 ASK:37.25 MID:37.235 P1:37.235 P2:37.245 P3:37.235 P4:37.23999999 STATE:IDLE
[2026-05-11 16:38:38Z] CHK MOM:0% RANGE:0% UP:0% SPREAD:0.08060182% BID:37.22 ASK:37.25 MID:37.235 P1:37.235 P2:37.245 P3:37.235 P4:37.23999999 STATE:IDLE
[2026-05-11 16:38:38Z] CHK MOM:0.04% RANGE:0.04% UP:100% SPREAD:0.10744023% BID:37.23 ASK:37.27 MID:37.25 P1:37.25 P2:37.235 P3:37.245 P4:37.235 STATE:IDLE
[2026-05-11 16:38:39Z] CHK MOM:0.04% RANGE:0.04% UP:100% SPREAD:0.10744023% BID:37.23 ASK:37.27 MID:37.25 P1:37.25 P2:37.235 P3:37.245 P4:37.235 STATE:IDLE
[2026-05-11 16:38:39Z] CHK MOM:0.04% RANGE:0.04% UP:100% SPREAD:0.10744023% BID:37.23 ASK:37.27 MID:37.25 P1:37.25 P2:37.235 P3:37.245 P4:37.235 STATE:IDLE
[2026-05-11 16:38:40Z] CHK MOM:0.04% RANGE:0.04% UP:100% SPREAD:0.10744023% BID:37.23 ASK:37.27 MID:37.25 P1:37.25 P2:37.235 P3:37.245 P4:37.235 STATE:IDLE
[2026-05-11 16:38:40Z] CHK MOM:0.04% RANGE:0.04% UP:50% SPREAD:0.10744023% BID:37.23 ASK:37.27 MID:37.25 P1:37.25 P2:37.25 P3:37.235 P4:37.245 STATE:IDLE
[2026-05-11 16:38:41Z] CHK MOM:0.04% RANGE:0.04% UP:50% SPREAD:0.10744023% BID:37.23 ASK:37.27 MID:37.25 P1:37.25 P2:37.25 P3:37.235 P4:37.245 STATE:IDLE
[2026-05-11 16:38:41Z] CHK MOM:0.04% RANGE:0.04% UP:50% SPREAD:0.10744023% BID:37.23 ASK:37.27 MID:37.25 P1:37.25 P2:37.25 P3:37.235 P4:37.245 STATE:IDLE
[2026-05-11 16:38:42Z] CHK MOM:0.04% RANGE:0.04% UP:50% SPREAD:0.10744023% BID:37.23 ASK:37.27 MID:37.25 P1:37.25 P2:37.25 P3:37.235 P4:37.245 STATE:IDLE
[2026-05-11 16:38:43Z] CHK MOM:0.04% RANGE:0.04% UP:50% SPREAD:0.10744023% BID:37.23 ASK:37.27 MID:37.25 P1:37.25 P2:37.25 P3:37.235 P4:37.245 STATE:IDLE
[2026-05-11 16:38:50Z] CHK MOM:-0.01% RANGE:0.01% UP:0% SPREAD:0.13433637% BID:37.22 ASK:37.27 MID:37.245 P1:37.245 P2:37.25 P3:37.25 P4:37.235 STATE:IDLE
[2026-05-11 16:38:51Z] CHK MOM:-0.01% RANGE:0.01% UP:0% SPREAD:0.13433637% BID:37.22 ASK:37.27 MID:37.245 P1:37.245 P2:37.245 P3:37.25 P4:37.25 STATE:IDLE
[2026-05-11 16:38:51Z] CHK MOM:-0.01% RANGE:0.01% UP:0% SPREAD:0.13433637% BID:37.22 ASK:37.27 MID:37.245 P1:37.245 P2:37.245 P3:37.245 P4:37.25 STATE:IDLE
[2026-05-11 16:38:52Z] CHK MOM:-0.01% RANGE:0.01% UP:0% SPREAD:0.13433637% BID:37.22 ASK:37.27 MID:37.245 P1:37.245 P2:37.245 P3:37.245 P4:37.25 STATE:IDLE
[2026-05-11 16:38:52Z] CHK MOM:-0.01% RANGE:0.01% UP:0% SPREAD:0.13433637% BID:37.22 ASK:37.27 MID:37.245 P1:37.245 P2:37.245 P3:37.245 P4:37.25 STATE:IDLE
[2026-05-11 16:38:53Z] CHK MOM:-0.01% RANGE:0.01% UP:0% SPREAD:0.13433637% BID:37.22 ASK:37.27 MID:37.245 P1:37.245 P2:37.245 P3:37.245 P4:37.25 STATE:IDLE
[2026-05-11 16:38:53Z] CHK MOM:-0.01% RANGE:0.01% UP:0% SPREAD:0.13433637% BID:37.22 ASK:37.27 MID:37.245 P1:37.245 P2:37.245 P3:37.245 P4:37.25 STATE:IDLE
[2026-05-11 16:38:54Z] CHK MOM:-0.01% RANGE:0.01% UP:0% SPREAD:0.13433637% BID:37.22 ASK:37.27 MID:37.245 P1:37.245 P2:37.245 P3:37.245 P4:37.25 STATE:IDLE
[2026-05-11 16:38:58Z] CHK MOM:0.01% RANGE:0.01% UP:33.33% SPREAD:0.10744023% BID:37.23 ASK:37.27 MID:37.25 P1:37.25 P2:37.245 P3:37.245 P4:37.245 STATE:IDLE
