[2026-05-11 16:45:13Z] SESSION_START symbol=ICPUSDC dry_run=0 profile=major strategy=momentum base_url=https://api.binance.com
[2026-05-11 16:45:13Z] TOXIC_MEMORY_LOADED count=4 symbols=GUNUSDC,JTOUSDC,ORDIUSDC,SAHARAUSDC
[2026-05-11 16:45:14Z] CHK MOM:0% RANGE:0% UP:0% SPREAD:0.08952551% BID:3.351 ASK:3.354 MID:3.3525 P1:3.3525 P2:NA P3:NA P4:NA STATE:IDLE
[2026-05-11 16:45:15Z] CHK MOM:-0.02% RANGE:0.02% UP:0% SPREAD:0.08955223% BID:3.35 ASK:3.353 MID:3.3515 P1:3.3515 P2:3.3525 P3:NA P4:NA STATE:IDLE
[2026-05-11 16:45:15Z] CHK MOM:-0.04% RANGE:0.04% UP:0% SPREAD:0.05970149% BID:3.35 ASK:3.352 MID:3.351 P1:3.351 P2:3.3515 P3:3.3525 P4:NA STATE:IDLE
[2026-05-11 16:45:16Z] CHK MOM:-0.04% RANGE:0.04% UP:0% SPREAD:0.05970149% BID:3.35 ASK:3.352 MID:3.351 P1:3.351 P2:3.3515 P3:3.3525 P4:NA STATE:IDLE
[2026-05-11 16:45:16Z] CHK MOM:-0.04% RANGE:0.04% UP:0% SPREAD:0.05970149% BID:3.35 ASK:3.352 MID:3.351 P1:3.351 P2:3.3515 P3:3.3525 P4:NA STATE:IDLE
[2026-05-11 16:45:17Z] CHK MOM:-0.04% RANGE:0.04% UP:0% SPREAD:0.05970149% BID:3.35 ASK:3.352 MID:3.351 P1:3.351 P2:3.3515 P3:3.3525 P4:NA STATE:IDLE
[2026-05-11 16:45:17Z] CHK MOM:-0.04% RANGE:0.04% UP:0% SPREAD:0.05970149% BID:3.35 ASK:3.352 MID:3.351 P1:3.351 P2:3.3515 P3:3.3525 P4:NA STATE:IDLE
[2026-05-11 16:45:18Z] CHK MOM:-0.04% RANGE:0.04% UP:0% SPREAD:0.05970149% BID:3.35 ASK:3.352 MID:3.351 P1:3.351 P2:3.3515 P3:3.3525 P4:NA STATE:IDLE
[2026-05-11 16:45:22Z] CHK MOM:-0.04% RANGE:0.04% UP:0% SPREAD:0.05970149% BID:3.35 ASK:3.352 MID:3.351 P1:3.351 P2:3.351 P3:3.3515 P4:3.3525 STATE:IDLE
[2026-05-11 16:45:22Z] CHK MOM:-0.04% RANGE:0.04% UP:0% SPREAD:0.05970149% BID:3.35 ASK:3.352 MID:3.351 P1:3.351 P2:3.351 P3:3.3515 P4:3.3525 STATE:IDLE
[2026-05-11 16:45:23Z] CHK MOM:-0.02% RANGE:0.04% UP:25% SPREAD:0.08955223% BID:3.35 ASK:3.353 MID:3.3515 P1:3.3515 P2:3.351 P3:3.351 P4:3.3515 STATE:IDLE
[2026-05-11 16:45:23Z] CHK MOM:-0.02% RANGE:0.04% UP:20% SPREAD:0.08955223% BID:3.35 ASK:3.353 MID:3.3515 P1:3.3515 P2:3.3515 P3:3.351 P4:3.351 STATE:IDLE
[2026-05-11 16:45:24Z] CHK MOM:-0.02% RANGE:0.04% UP:20% SPREAD:0.08955223% BID:3.35 ASK:3.353 MID:3.3515 P1:3.3515 P2:3.3515 P3:3.351 P4:3.351 STATE:IDLE
[2026-05-11 16:45:24Z] CHK MOM:-0.02% RANGE:0.04% UP:20% SPREAD:0.08955223% BID:3.35 ASK:3.353 MID:3.3515 P1:3.3515 P2:3.3515 P3:3.351 P4:3.351 STATE:IDLE
[2026-05-11 16:45:25Z] CHK MOM:-0.01% RANGE:0.04% UP:33.33% SPREAD:0.05968367% BID:3.351 ASK:3.353 MID:3.352 P1:3.352 P2:3.3515 P3:3.3515 P4:3.351 STATE:IDLE
[2026-05-11 16:45:25Z] CHK MOM:-0.01% RANGE:0.04% UP:33.33% SPREAD:0.05968367% BID:3.351 ASK:3.353 MID:3.352 P1:3.352 P2:3.3515 P3:3.3515 P4:3.351 STATE:IDLE
[2026-05-11 16:45:26Z] CHK MOM:-0.01% RANGE:0.04% UP:33.33% SPREAD:0.05968367% BID:3.351 ASK:3.353 MID:3.352 P1:3.352 P2:3.3515 P3:3.3515 P4:3.351 STATE:IDLE
[2026-05-11 16:45:26Z] CHK MOM:-0.01% RANGE:0.04% UP:33.33% SPREAD:0.05968367% BID:3.351 ASK:3.353 MID:3.352 P1:3.352 P2:3.3515 P3:3.3515 P4:3.351 STATE:IDLE
[2026-05-11 16:45:27Z] CHK MOM:0.04% RANGE:0.05% UP:50% SPREAD:0.05966587% BID:3.352 ASK:3.354 MID:3.35299999 P1:3.35299999 P2:3.352 P3:3.3515 P4:3.3515 STATE:IDLE
[2026-05-11 16:45:28Z] CHK MOM:0.05% RANGE:0.05% UP:60% SPREAD:0.05966587% BID:3.352 ASK:3.354 MID:3.35299999 P1:3.35299999 P2:3.35299999 P3:3.352 P4:3.3515 STATE:IDLE
[2026-05-11 16:45:28Z] CHK MOM:0.05% RANGE:0.05% UP:50% SPREAD:0.05966587% BID:3.352 ASK:3.354 MID:3.35299999 P1:3.35299999 P2:3.35299999 P3:3.35299999 P4:3.352 STATE:IDLE
[2026-05-11 16:45:29Z] CHK MOM:0.05% RANGE:0.05% UP:50% SPREAD:0.05966587% BID:3.352 ASK:3.354 MID:3.35299999 P1:3.35299999 P2:3.35299999 P3:3.35299999 P4:3.352 STATE:IDLE
[2026-05-11 16:45:29Z] CHK MOM:0.05% RANGE:0.05% UP:50% SPREAD:0.05966587% BID:3.352 ASK:3.354 MID:3.35299999 P1:3.35299999 P2:3.35299999 P3:3.35299999 P4:3.352 STATE:IDLE
[2026-05-11 16:45:30Z] CHK MOM:0.05% RANGE:0.05% UP:42.85% SPREAD:0.05966587% BID:3.352 ASK:3.354 MID:3.35299999 P1:3.35299999 P2:3.35299999 P3:3.35299999 P4:3.35299999 STATE:IDLE
[2026-05-11 16:45:30Z] CHK MOM:0.11% RANGE:0.11% UP:50% SPREAD:0.05963029% BID:3.354 ASK:3.356 MID:3.355 P1:3.355 P2:3.35299999 P3:3.35299999 P4:3.35299999 STATE:IDLE
[2026-05-11 16:45:31Z] CHK MOM:0.11% RANGE:0.11% UP:44.44% SPREAD:0.05963029% BID:3.354 ASK:3.356 MID:3.355 P1:3.355 P2:3.355 P3:3.35299999 P4:3.35299999 STATE:IDLE
[2026-05-11 16:45:31Z] CHK MOM:0.11% RANGE:0.11% UP:44.44% SPREAD:0.05963029% BID:3.354 ASK:3.356 MID:3.355 P1:3.355 P2:3.355 P3:3.35299999 P4:3.35299999 STATE:IDLE
[2026-05-11 16:45:32Z] CHK MOM:0.11% RANGE:0.11% UP:44.44% SPREAD:0.05963029% BID:3.354 ASK:3.356 MID:3.355 P1:3.355 P2:3.355 P3:3.35299999 P4:3.35299999 STATE:IDLE
[2026-05-11 16:45:33Z] CHK MOM:0.16% RANGE:0.16% UP:50% SPREAD:0.02979737% BID:3.356 ASK:3.357 MID:3.3565 P1:3.3565 P2:3.355 P3:3.355 P4:3.35299999 STATE:IDLE
[2026-05-11 16:45:33Z] CHK MOM:0.16% RANGE:0.16% UP:45.45% SPREAD:0.02979737% BID:3.356 ASK:3.357 MID:3.3565 P1:3.3565 P2:3.3565 P3:3.355 P4:3.355 STATE:IDLE
[2026-05-11 16:45:34Z] CHK MOM:0.16% RANGE:0.16% UP:45.45% SPREAD:0.02979737% BID:3.356 ASK:3.357 MID:3.3565 P1:3.3565 P2:3.3565 P3:3.355 P4:3.355 STATE:IDLE
[2026-05-11 16:45:34Z] CHK MOM:0.14% RANGE:0.14% UP:36.36% SPREAD:0.02979737% BID:3.356 ASK:3.357 MID:3.3565 P1:3.3565 P2:3.3565 P3:3.3565 P4:3.355 STATE:IDLE
[2026-05-11 16:45:35Z] CHK MOM:0.14% RANGE:0.14% UP:33.33% SPREAD:0.02979737% BID:3.356 ASK:3.357 MID:3.3565 P1:3.3565 P2:3.3565 P3:3.3565 P4:3.3565 STATE:IDLE
[2026-05-11 16:45:35Z] CHK MOM:0.14% RANGE:0.14% UP:33.33% SPREAD:0.02979737% BID:3.356 ASK:3.357 MID:3.3565 P1:3.3565 P2:3.3565 P3:3.3565 P4:3.3565 STATE:IDLE
[2026-05-11 16:45:36Z] CHK MOM:0.1% RANGE:0.13% UP:27.27% SPREAD:0.08944543% BID:3.354 ASK:3.357 MID:3.3555 P1:3.3555 P2:3.3565 P3:3.3565 P4:3.3565 STATE:IDLE
[2026-05-11 16:45:36Z] CHK MOM:0.1% RANGE:0.13% UP:27.27% SPREAD:0.08944543% BID:3.354 ASK:3.357 MID:3.3555 P1:3.3555 P2:3.3565 P3:3.3565 P4:3.3565 STATE:IDLE
[2026-05-11 16:45:37Z] CHK MOM:0.1% RANGE:0.13% UP:27.27% SPREAD:0.08944543% BID:3.354 ASK:3.357 MID:3.3555 P1:3.3555 P2:3.3565 P3:3.3565 P4:3.3565 STATE:IDLE
[2026-05-11 16:45:38Z] CHK MOM:0.1% RANGE:0.13% UP:27.27% SPREAD:0.08944543% BID:3.354 ASK:3.357 MID:3.3555 P1:3.3555 P2:3.3565 P3:3.3565 P4:3.3565 STATE:IDLE
[2026-05-11 16:45:38Z] CHK MOM:0.05% RANGE:0.1% UP:18.18% SPREAD:0.05963029% BID:3.354 ASK:3.356 MID:3.355 P1:3.355 P2:3.3555 P3:3.3565 P4:3.3565 STATE:IDLE
[2026-05-11 16:45:39Z] CHK MOM:0.05% RANGE:0.1% UP:18.18% SPREAD:0.05963029% BID:3.354 ASK:3.356 MID:3.355 P1:3.355 P2:3.3555 P3:3.3565 P4:3.3565 STATE:IDLE
[2026-05-11 16:45:39Z] CHK MOM:0.05% RANGE:0.1% UP:18.18% SPREAD:0.05963029% BID:3.354 ASK:3.356 MID:3.355 P1:3.355 P2:3.3555 P3:3.3565 P4:3.3565 STATE:IDLE
[2026-05-11 16:45:40Z] CHK MOM:0.05% RANGE:0.1% UP:18.18% SPREAD:0.05963029% BID:3.354 ASK:3.356 MID:3.355 P1:3.355 P2:3.3555 P3:3.3565 P4:3.3565 STATE:IDLE
[2026-05-11 16:45:40Z] CHK MOM:0.05% RANGE:0.1% UP:18.18% SPREAD:0.05963029% BID:3.354 ASK:3.356 MID:3.355 P1:3.355 P2:3.3555 P3:3.3565 P4:3.3565 STATE:IDLE
[2026-05-11 16:45:42Z] CHK MOM:-0.01% RANGE:0.05% UP:14.28% SPREAD:0.08947211% BID:3.353 ASK:3.356 MID:3.3545 P1:3.3545 P2:3.355 P3:3.3555 P4:3.3565 STATE:IDLE
[2026-05-11 16:45:43Z] CHK MOM:-0.05% RANGE:0.1% UP:12.5% SPREAD:0.05966587% BID:3.352 ASK:3.354 MID:3.35299999 P1:3.35299999 P2:3.3545 P3:3.355 P4:3.3555 STATE:IDLE
[2026-05-11 16:45:44Z] CHK MOM:-0.05% RANGE:0.1% UP:12.5% SPREAD:0.05966587% BID:3.352 ASK:3.354 MID:3.35299999 P1:3.35299999 P2:3.3545 P3:3.355 P4:3.3555 STATE:IDLE
[2026-05-11 16:45:44Z] CHK MOM:-0.07% RANGE:0.1% UP:12.5% SPREAD:0.05964807% BID:3.353 ASK:3.355 MID:3.354 P1:3.354 P2:3.35299999 P3:3.3545 P4:3.355 STATE:IDLE
[2026-05-11 16:45:45Z] CHK MOM:-0.08% RANGE:0.1% UP:12.5% SPREAD:0.0894988% BID:3.352 ASK:3.355 MID:3.3535 P1:3.3535 P2:3.354 P3:3.35299999 P4:3.3545 STATE:IDLE
[2026-05-11 16:45:45Z] CHK MOM:-0.07% RANGE:0.1% UP:25% SPREAD:0.05964807% BID:3.353 ASK:3.355 MID:3.354 P1:3.354 P2:3.3535 P3:3.354 P4:3.35299999 STATE:IDLE
[2026-05-11 16:45:46Z] CHK MOM:-0.07% RANGE:0.1% UP:25% SPREAD:0.05964807% BID:3.353 ASK:3.355 MID:3.354 P1:3.354 P2:3.3535 P3:3.354 P4:3.35299999 STATE:IDLE
[2026-05-11 16:45:46Z] CHK MOM:-0.07% RANGE:0.1% UP:25% SPREAD:0.05964807% BID:3.353 ASK:3.355 MID:3.354 P1:3.354 P2:3.3535 P3:3.354 P4:3.35299999 STATE:IDLE
[2026-05-11 16:45:47Z] CHK MOM:-0.07% RANGE:0.1% UP:25% SPREAD:0.05964807% BID:3.353 ASK:3.355 MID:3.354 P1:3.354 P2:3.3535 P3:3.354 P4:3.35299999 STATE:IDLE
[2026-05-11 16:45:47Z] CHK MOM:-0.07% RANGE:0.1% UP:25% SPREAD:0.05964807% BID:3.353 ASK:3.355 MID:3.354 P1:3.354 P2:3.3535 P3:3.354 P4:3.35299999 STATE:IDLE
[2026-05-11 16:45:48Z] CHK MOM:-0.04% RANGE:0.05% UP:33.33% SPREAD:0.0894988% BID:3.352 ASK:3.355 MID:3.3535 P1:3.3535 P2:3.354 P3:3.3535 P4:3.354 STATE:IDLE
[2026-05-11 16:45:49Z] CHK MOM:-0.07% RANGE:0.07% UP:28.57% SPREAD:0.08952551% BID:3.351 ASK:3.354 MID:3.3525 P1:3.3525 P2:3.3535 P3:3.354 P4:3.3535 STATE:IDLE
[2026-05-11 16:45:49Z] CHK MOM:-0.07% RANGE:0.07% UP:28.57% SPREAD:0.08952551% BID:3.351 ASK:3.354 MID:3.3525 P1:3.3525 P2:3.3535 P3:3.354 P4:3.3535 STATE:IDLE
[2026-05-11 16:45:50Z] CHK MOM:-0.07% RANGE:0.07% UP:28.57% SPREAD:0.08952551% BID:3.351 ASK:3.354 MID:3.3525 P1:3.3525 P2:3.3535 P3:3.354 P4:3.3535 STATE:IDLE
[2026-05-11 16:45:50Z] CHK MOM:-0.07% RANGE:0.07% UP:28.57% SPREAD:0.08952551% BID:3.351 ASK:3.354 MID:3.3525 P1:3.3525 P2:3.3535 P3:3.354 P4:3.3535 STATE:IDLE
[2026-05-11 16:45:51Z] CHK MOM:-0.07% RANGE:0.07% UP:28.57% SPREAD:0.08952551% BID:3.351 ASK:3.354 MID:3.3525 P1:3.3525 P2:3.3535 P3:3.354 P4:3.3535 STATE:IDLE
[2026-05-11 16:45:51Z] CHK MOM:-0.07% RANGE:0.07% UP:28.57% SPREAD:0.08952551% BID:3.351 ASK:3.354 MID:3.3525 P1:3.3525 P2:3.3535 P3:3.354 P4:3.3535 STATE:IDLE
[2026-05-11 16:45:56Z] CHK MOM:-0.02% RANGE:0.04% UP:40% SPREAD:0.05966587% BID:3.352 ASK:3.354 MID:3.35299999 P1:3.35299999 P2:3.3525 P3:3.3535 P4:3.354 STATE:IDLE
[2026-05-11 16:45:57Z] CHK MOM:-0.01% RANGE:0.04% UP:40% SPREAD:0.05966587% BID:3.352 ASK:3.354 MID:3.35299999 P1:3.35299999 P2:3.35299999 P3:3.3525 P4:3.3535 STATE:IDLE
[2026-05-11 16:45:57Z] CHK MOM:-0.01% RANGE:0.02% UP:25% SPREAD:0.05966587% BID:3.352 ASK:3.354 MID:3.35299999 P1:3.35299999 P2:3.35299999 P3:3.35299999 P4:3.3525 STATE:IDLE
[2026-05-11 16:45:58Z] CHK MOM:-0.04% RANGE:0.04% UP:20% SPREAD:0.05968367% BID:3.351 ASK:3.353 MID:3.352 P1:3.352 P2:3.35299999 P3:3.35299999 P4:3.35299999 STATE:IDLE
[2026-05-11 16:45:58Z] CHK MOM:-0.04% RANGE:0.04% UP:20% SPREAD:0.05968367% BID:3.351 ASK:3.353 MID:3.352 P1:3.352 P2:3.35299999 P3:3.35299999 P4:3.35299999 STATE:IDLE
[2026-05-11 16:45:59Z] CHK MOM:-0.04% RANGE:0.04% UP:20% SPREAD:0.05968367% BID:3.351 ASK:3.353 MID:3.352 P1:3.352 P2:3.35299999 P3:3.35299999 P4:3.35299999 STATE:IDLE
[2026-05-11 16:45:59Z] CHK MOM:-0.04% RANGE:0.04% UP:20% SPREAD:0.05968367% BID:3.351 ASK:3.353 MID:3.352 P1:3.352 P2:3.35299999 P3:3.35299999 P4:3.35299999 STATE:IDLE
[2026-05-11 16:46:00Z] CHK MOM:-0.04% RANGE:0.04% UP:20% SPREAD:0.05968367% BID:3.351 ASK:3.353 MID:3.352 P1:3.352 P2:3.35299999 P3:3.35299999 P4:3.35299999 STATE:IDLE
[2026-05-11 16:46:00Z] CHK MOM:-0.04% RANGE:0.04% UP:20% SPREAD:0.05968367% BID:3.351 ASK:3.353 MID:3.352 P1:3.352 P2:3.35299999 P3:3.35299999 P4:3.35299999 STATE:IDLE
[2026-05-11 16:46:07Z] CHK MOM:-0.02% RANGE:0.02% UP:0% SPREAD:0.05968367% BID:3.351 ASK:3.353 MID:3.352 P1:3.352 P2:3.352 P3:3.35299999 P4:3.35299999 STATE:IDLE
[2026-05-11 16:46:07Z] CHK MOM:-0.02% RANGE:0.02% UP:0% SPREAD:0.05968367% BID:3.351 ASK:3.353 MID:3.352 P1:3.352 P2:3.352 P3:3.35299999 P4:3.35299999 STATE:IDLE
[2026-05-11 16:46:08Z] CHK MOM:-0.02% RANGE:0.02% UP:0% SPREAD:0.05968367% BID:3.351 ASK:3.353 MID:3.352 P1:3.352 P2:3.352 P3:3.35299999 P4:3.35299999 STATE:IDLE
[2026-05-11 16:46:08Z] CHK MOM:-0.02% RANGE:0.02% UP:0% SPREAD:0.05968367% BID:3.351 ASK:3.353 MID:3.352 P1:3.352 P2:3.352 P3:3.35299999 P4:3.35299999 STATE:IDLE
[2026-05-11 16:46:09Z] CHK MOM:-0.02% RANGE:0.02% UP:0% SPREAD:0.05968367% BID:3.351 ASK:3.353 MID:3.352 P1:3.352 P2:3.352 P3:3.35299999 P4:3.35299999 STATE:IDLE
[2026-05-11 16:46:09Z] CHK MOM:-0.07% RANGE:0.07% UP:0% SPREAD:0.08957897% BID:3.349 ASK:3.352 MID:3.3505 P1:3.3505 P2:3.352 P3:3.352 P4:3.35299999 STATE:IDLE
[2026-05-11 16:46:10Z] CHK MOM:-0.07% RANGE:0.07% UP:0% SPREAD:0.08957897% BID:3.349 ASK:3.352 MID:3.3505 P1:3.3505 P2:3.352 P3:3.352 P4:3.35299999 STATE:IDLE
[2026-05-11 16:46:10Z] CHK MOM:-0.07% RANGE:0.07% UP:0% SPREAD:0.08957897% BID:3.349 ASK:3.352 MID:3.3505 P1:3.3505 P2:3.352 P3:3.352 P4:3.35299999 STATE:IDLE
[2026-05-11 16:46:11Z] CHK MOM:-0.07% RANGE:0.07% UP:0% SPREAD:0.08957897% BID:3.349 ASK:3.352 MID:3.3505 P1:3.3505 P2:3.352 P3:3.352 P4:3.35299999 STATE:IDLE
[2026-05-11 16:46:11Z] CHK MOM:-0.07% RANGE:0.07% UP:0% SPREAD:0.08957897% BID:3.349 ASK:3.352 MID:3.3505 P1:3.3505 P2:3.352 P3:3.352 P4:3.35299999 STATE:IDLE
[2026-05-11 16:46:12Z] CHK MOM:-0.07% RANGE:0.07% UP:0% SPREAD:0.08957897% BID:3.349 ASK:3.352 MID:3.3505 P1:3.3505 P2:3.352 P3:3.352 P4:3.35299999 STATE:IDLE
[2026-05-11 16:46:13Z] CHK MOM:-0.01% RANGE:0.04% UP:50% SPREAD:0.08955223% BID:3.35 ASK:3.353 MID:3.3515 P1:3.3515 P2:3.3505 P3:3.352 P4:3.352 STATE:IDLE
[2026-05-11 16:46:13Z] CHK MOM:-0.01% RANGE:0.04% UP:50% SPREAD:0.08955223% BID:3.35 ASK:3.353 MID:3.3515 P1:3.3515 P2:3.3505 P3:3.352 P4:3.352 STATE:IDLE
[2026-05-11 16:46:14Z] CHK MOM:-0.01% RANGE:0.04% UP:50% SPREAD:0.08955223% BID:3.35 ASK:3.353 MID:3.3515 P1:3.3515 P2:3.3505 P3:3.352 P4:3.352 STATE:IDLE
[2026-05-11 16:46:14Z] CHK MOM:-0.01% RANGE:0.04% UP:50% SPREAD:0.08955223% BID:3.35 ASK:3.353 MID:3.3515 P1:3.3515 P2:3.3505 P3:3.352 P4:3.352 STATE:IDLE
[2026-05-11 16:46:15Z] CHK MOM:-0.01% RANGE:0.04% UP:50% SPREAD:0.08955223% BID:3.35 ASK:3.353 MID:3.3515 P1:3.3515 P2:3.3505 P3:3.352 P4:3.352 STATE:IDLE
[2026-05-11 16:46:17Z] CHK MOM:0.02% RANGE:0.07% UP:66.66% SPREAD:0.05966587% BID:3.352 ASK:3.354 MID:3.35299999 P1:3.35299999 P2:3.3515 P3:3.3505 P4:3.352 STATE:IDLE
[2026-05-11 16:46:18Z] CHK MOM:0.01% RANGE:0.07% UP:50% SPREAD:0.02983293% BID:3.352 ASK:3.353 MID:3.3525 P1:3.3525 P2:3.35299999 P3:3.3515 P4:3.3505 STATE:IDLE
[2026-05-11 16:46:19Z] CHK MOM:0.01% RANGE:0.07% UP:50% SPREAD:0.02983293% BID:3.352 ASK:3.353 MID:3.3525 P1:3.3525 P2:3.35299999 P3:3.3515 P4:3.3505 STATE:IDLE
[2026-05-11 16:46:19Z] CHK MOM:0.01% RANGE:0.07% UP:50% SPREAD:0.02983293% BID:3.352 ASK:3.353 MID:3.3525 P1:3.3525 P2:3.35299999 P3:3.3515 P4:3.3505 STATE:IDLE
[2026-05-11 16:46:20Z] CHK MOM:0.01% RANGE:0.07% UP:50% SPREAD:0.02983293% BID:3.352 ASK:3.353 MID:3.3525 P1:3.3525 P2:3.35299999 P3:3.3515 P4:3.3505 STATE:IDLE
[2026-05-11 16:46:20Z] CHK MOM:0.01% RANGE:0.07% UP:50% SPREAD:0.02983293% BID:3.352 ASK:3.353 MID:3.3525 P1:3.3525 P2:3.35299999 P3:3.3515 P4:3.3505 STATE:IDLE
[2026-05-11 16:46:21Z] CHK MOM:0.01% RANGE:0.07% UP:50% SPREAD:0.02983293% BID:3.352 ASK:3.353 MID:3.3525 P1:3.3525 P2:3.35299999 P3:3.3515 P4:3.3505 STATE:IDLE
[2026-05-11 16:46:21Z] CHK MOM:0.04% RANGE:0.07% UP:50% SPREAD:0.05968367% BID:3.351 ASK:3.353 MID:3.352 P1:3.352 P2:3.3525 P3:3.35299999 P4:3.3515 STATE:IDLE
[2026-05-11 16:46:22Z] CHK MOM:0.01% RANGE:0.04% UP:25% SPREAD:0.05968367% BID:3.351 ASK:3.353 MID:3.352 P1:3.352 P2:3.352 P3:3.3525 P4:3.35299999 STATE:IDLE
[2026-05-11 16:46:22Z] CHK MOM:0.02% RANGE:0.04% UP:40% SPREAD:0.02983293% BID:3.352 ASK:3.353 MID:3.3525 P1:3.3525 P2:3.352 P3:3.352 P4:3.3525 STATE:IDLE
[2026-05-11 16:46:23Z] CHK MOM:0.02% RANGE:0.04% UP:40% SPREAD:0.02983293% BID:3.352 ASK:3.353 MID:3.3525 P1:3.3525 P2:3.352 P3:3.352 P4:3.3525 STATE:IDLE
[2026-05-11 16:46:23Z] CHK MOM:0.01% RANGE:0.04% UP:33.33% SPREAD:0.05968367% BID:3.351 ASK:3.353 MID:3.352 P1:3.352 P2:3.3525 P3:3.352 P4:3.352 STATE:IDLE
[2026-05-11 16:46:24Z] CHK MOM:0.01% RANGE:0.04% UP:28.57% SPREAD:0.05968367% BID:3.351 ASK:3.353 MID:3.352 P1:3.352 P2:3.352 P3:3.3525 P4:3.352 STATE:IDLE
[2026-05-11 16:46:24Z] CHK MOM:-0.01% RANGE:0.02% UP:28.57% SPREAD:0.02983293% BID:3.352 ASK:3.353 MID:3.3525 P1:3.3525 P2:3.352 P3:3.352 P4:3.3525 STATE:IDLE
[2026-05-11 16:46:25Z] CHK MOM:-0.02% RANGE:0.02% UP:25% SPREAD:0.05968367% BID:3.351 ASK:3.353 MID:3.352 P1:3.352 P2:3.3525 P3:3.352 P4:3.352 STATE:IDLE
[2026-05-11 16:46:25Z] CHK MOM:-0.02% RANGE:0.02% UP:25% SPREAD:0.05968367% BID:3.351 ASK:3.353 MID:3.352 P1:3.352 P2:3.3525 P3:3.352 P4:3.352 STATE:IDLE
[2026-05-11 16:46:26Z] CHK MOM:-0.02% RANGE:0.02% UP:25% SPREAD:0.05968367% BID:3.351 ASK:3.353 MID:3.352 P1:3.352 P2:3.3525 P3:3.352 P4:3.352 STATE:IDLE
[2026-05-11 16:46:26Z] CHK MOM:-0.02% RANGE:0.02% UP:25% SPREAD:0.05968367% BID:3.351 ASK:3.353 MID:3.352 P1:3.352 P2:3.3525 P3:3.352 P4:3.352 STATE:IDLE
[2026-05-11 16:46:27Z] CHK MOM:-0.02% RANGE:0.02% UP:25% SPREAD:0.05968367% BID:3.351 ASK:3.353 MID:3.352 P1:3.352 P2:3.3525 P3:3.352 P4:3.352 STATE:IDLE
[2026-05-11 16:46:27Z] CHK MOM:-0.02% RANGE:0.02% UP:25% SPREAD:0.05968367% BID:3.351 ASK:3.353 MID:3.352 P1:3.352 P2:3.3525 P3:3.352 P4:3.352 STATE:IDLE
[2026-05-11 16:46:30Z] CHK MOM:0% RANGE:0.01% UP:37.5% SPREAD:0.02983293% BID:3.352 ASK:3.353 MID:3.3525 P1:3.3525 P2:3.352 P3:3.3525 P4:3.352 STATE:IDLE
[2026-05-11 16:46:30Z] CHK MOM:-0.04% RANGE:0.05% UP:37.5% SPREAD:0.08957897% BID:3.349 ASK:3.352 MID:3.3505 P1:3.3505 P2:3.3525 P3:3.352 P4:3.3525 STATE:IDLE
[2026-05-11 16:46:31Z] CHK MOM:-0.04% RANGE:0.05% UP:37.5% SPREAD:0.08957897% BID:3.349 ASK:3.352 MID:3.3505 P1:3.3505 P2:3.3525 P3:3.352 P4:3.3525 STATE:IDLE
[2026-05-11 16:46:31Z] CHK MOM:-0.07% RANGE:0.08% UP:33.33% SPREAD:0.08960573% BID:3.348 ASK:3.351 MID:3.3495 P1:3.3495 P2:3.3505 P3:3.3525 P4:3.352 STATE:IDLE
[2026-05-11 16:46:32Z] CHK MOM:-0.07% RANGE:0.08% UP:33.33% SPREAD:0.08960573% BID:3.348 ASK:3.351 MID:3.3495 P1:3.3495 P2:3.3505 P3:3.3525 P4:3.352 STATE:IDLE
[2026-05-11 16:46:32Z] CHK MOM:-0.05% RANGE:0.08% UP:40% SPREAD:0.05971931% BID:3.349 ASK:3.351 MID:3.35 P1:3.35 P2:3.3495 P3:3.3505 P4:3.3525 STATE:IDLE
[2026-05-11 16:46:33Z] CHK MOM:-0.02% RANGE:0.08% UP:50% SPREAD:0.05970149% BID:3.35 ASK:3.352 MID:3.351 P1:3.351 P2:3.35 P3:3.3495 P4:3.3505 STATE:IDLE
[2026-05-11 16:46:33Z] CHK MOM:-0.02% RANGE:0.08% UP:50% SPREAD:0.05970149% BID:3.35 ASK:3.352 MID:3.351 P1:3.351 P2:3.35 P3:3.3495 P4:3.3505 STATE:IDLE
[2026-05-11 16:46:34Z] CHK MOM:-0.02% RANGE:0.08% UP:50% SPREAD:0.05970149% BID:3.35 ASK:3.352 MID:3.351 P1:3.351 P2:3.35 P3:3.3495 P4:3.3505 STATE:IDLE
[2026-05-11 16:46:34Z] CHK MOM:-0.02% RANGE:0.08% UP:50% SPREAD:0.05970149% BID:3.35 ASK:3.352 MID:3.351 P1:3.351 P2:3.35 P3:3.3495 P4:3.3505 STATE:IDLE
[2026-05-11 16:46:35Z] CHK MOM:-0.02% RANGE:0.08% UP:50% SPREAD:0.05970149% BID:3.35 ASK:3.352 MID:3.351 P1:3.351 P2:3.35 P3:3.3495 P4:3.3505 STATE:IDLE
[2026-05-11 16:46:36Z] CHK MOM:-0.08% RANGE:0.08% UP:42.85% SPREAD:0.08960573% BID:3.348 ASK:3.351 MID:3.3495 P1:3.3495 P2:3.351 P3:3.35 P4:3.3495 STATE:IDLE
[2026-05-11 16:46:36Z] CHK MOM:-0.08% RANGE:0.08% UP:42.85% SPREAD:0.08960573% BID:3.348 ASK:3.351 MID:3.3495 P1:3.3495 P2:3.351 P3:3.35 P4:3.3495 STATE:IDLE
[2026-05-11 16:46:37Z] CHK MOM:-0.04% RANGE:0.08% UP:57.14% SPREAD:0.08957897% BID:3.349 ASK:3.352 MID:3.3505 P1:3.3505 P2:3.3495 P3:3.351 P4:3.35 STATE:IDLE
[2026-05-11 16:46:37Z] CHK MOM:-0.07% RANGE:0.08% UP:42.85% SPREAD:0.05971931% BID:3.349 ASK:3.351 MID:3.35 P1:3.35 P2:3.3505 P3:3.3495 P4:3.351 STATE:IDLE
[2026-05-11 16:46:38Z] CHK MOM:-0.07% RANGE:0.08% UP:42.85% SPREAD:0.05971931% BID:3.349 ASK:3.351 MID:3.35 P1:3.35 P2:3.3505 P3:3.3495 P4:3.351 STATE:IDLE
[2026-05-11 16:46:38Z] CHK MOM:-0.08% RANGE:0.08% UP:37.5% SPREAD:0.08960573% BID:3.348 ASK:3.351 MID:3.3495 P1:3.3495 P2:3.35 P3:3.3505 P4:3.3495 STATE:IDLE
[2026-05-11 16:46:39Z] CHK MOM:-0.08% RANGE:0.08% UP:37.5% SPREAD:0.08960573% BID:3.348 ASK:3.351 MID:3.3495 P1:3.3495 P2:3.35 P3:3.3505 P4:3.3495 STATE:IDLE
[2026-05-11 16:46:39Z] CHK MOM:-0.08% RANGE:0.08% UP:37.5% SPREAD:0.08960573% BID:3.348 ASK:3.351 MID:3.3495 P1:3.3495 P2:3.35 P3:3.3505 P4:3.3495 STATE:IDLE
[2026-05-11 16:46:40Z] CHK MOM:-0.08% RANGE:0.08% UP:37.5% SPREAD:0.08960573% BID:3.348 ASK:3.351 MID:3.3495 P1:3.3495 P2:3.35 P3:3.3505 P4:3.3495 STATE:IDLE
[2026-05-11 16:46:41Z] CHK MOM:-0.07% RANGE:0.08% UP:44.44% SPREAD:0.05971931% BID:3.349 ASK:3.351 MID:3.35 P1:3.35 P2:3.3495 P3:3.35 P4:3.3505 STATE:IDLE
[2026-05-11 16:46:41Z] CHK MOM:-0.07% RANGE:0.08% UP:44.44% SPREAD:0.05971931% BID:3.349 ASK:3.351 MID:3.35 P1:3.35 P2:3.3495 P3:3.35 P4:3.3505 STATE:IDLE
[2026-05-11 16:46:42Z] CHK MOM:-0.07% RANGE:0.08% UP:44.44% SPREAD:0.05971931% BID:3.349 ASK:3.351 MID:3.35 P1:3.35 P2:3.3495 P3:3.35 P4:3.3505 STATE:IDLE
[2026-05-11 16:46:42Z] CHK MOM:-0.07% RANGE:0.08% UP:44.44% SPREAD:0.05971931% BID:3.349 ASK:3.351 MID:3.35 P1:3.35 P2:3.3495 P3:3.35 P4:3.3505 STATE:IDLE
[2026-05-11 16:46:43Z] CHK MOM:-0.07% RANGE:0.08% UP:44.44% SPREAD:0.05971931% BID:3.349 ASK:3.351 MID:3.35 P1:3.35 P2:3.3495 P3:3.35 P4:3.3505 STATE:IDLE
[2026-05-11 16:46:43Z] CHK MOM:-0.07% RANGE:0.08% UP:44.44% SPREAD:0.05971931% BID:3.349 ASK:3.351 MID:3.35 P1:3.35 P2:3.3495 P3:3.35 P4:3.3505 STATE:IDLE
[2026-05-11 16:46:49Z] CHK MOM:-0.04% RANGE:0.04% UP:25% SPREAD:0.05973715% BID:3.348 ASK:3.35 MID:3.349 P1:3.349 P2:3.35 P3:3.3495 P4:3.35 STATE:IDLE
[2026-05-11 16:46:50Z] CHK MOM:-0.04% RANGE:0.04% UP:25% SPREAD:0.05973715% BID:3.348 ASK:3.35 MID:3.349 P1:3.349 P2:3.35 P3:3.3495 P4:3.35 STATE:IDLE
[2026-05-11 16:46:50Z] CHK MOM:-0.04% RANGE:0.04% UP:25% SPREAD:0.05973715% BID:3.348 ASK:3.35 MID:3.349 P1:3.349 P2:3.35 P3:3.3495 P4:3.35 STATE:IDLE
[2026-05-11 16:46:51Z] CHK MOM:-0.05% RANGE:0.05% UP:0% SPREAD:0.059755% BID:3.347 ASK:3.349 MID:3.348 P1:3.348 P2:3.349 P3:3.35 P4:3.3495 STATE:IDLE
[2026-05-11 16:46:51Z] CHK MOM:-0.04% RANGE:0.05% UP:33.33% SPREAD:0.02986857% BID:3.348 ASK:3.349 MID:3.3485 P1:3.3485 P2:3.348 P3:3.349 P4:3.35 STATE:IDLE
[2026-05-11 16:46:52Z] CHK MOM:-0.04% RANGE:0.05% UP:33.33% SPREAD:0.02986857% BID:3.348 ASK:3.349 MID:3.3485 P1:3.3485 P2:3.348 P3:3.349 P4:3.35 STATE:IDLE
[2026-05-11 16:46:52Z] CHK MOM:-0.04% RANGE:0.05% UP:33.33% SPREAD:0.02986857% BID:3.348 ASK:3.349 MID:3.3485 P1:3.3485 P2:3.348 P3:3.349 P4:3.35 STATE:IDLE
[2026-05-11 16:46:53Z] CHK MOM:-0.04% RANGE:0.05% UP:33.33% SPREAD:0.02986857% BID:3.348 ASK:3.349 MID:3.3485 P1:3.3485 P2:3.348 P3:3.349 P4:3.35 STATE:IDLE
[2026-05-11 16:46:53Z] CHK MOM:-0.02% RANGE:0.02% UP:33.33% SPREAD:0.059755% BID:3.347 ASK:3.349 MID:3.348 P1:3.348 P2:3.3485 P3:3.348 P4:3.349 STATE:IDLE
[2026-05-11 16:46:54Z] CHK MOM:-0.02% RANGE:0.02% UP:25% SPREAD:0.059755% BID:3.347 ASK:3.349 MID:3.348 P1:3.348 P2:3.348 P3:3.3485 P4:3.348 STATE:IDLE
[2026-05-11 16:46:55Z] CHK MOM:-0.02% RANGE:0.02% UP:25% SPREAD:0.059755% BID:3.347 ASK:3.349 MID:3.348 P1:3.348 P2:3.348 P3:3.3485 P4:3.348 STATE:IDLE
[2026-05-11 16:46:55Z] CHK MOM:-0.04% RANGE:0.04% UP:20% SPREAD:0.08965929% BID:3.346 ASK:3.349 MID:3.3475 P1:3.3475 P2:3.348 P3:3.348 P4:3.3485 STATE:IDLE
[2026-05-11 16:46:56Z] CHK MOM:-0.04% RANGE:0.04% UP:20% SPREAD:0.08965929% BID:3.346 ASK:3.349 MID:3.3475 P1:3.3475 P2:3.348 P3:3.348 P4:3.3485 STATE:IDLE
[2026-05-11 16:46:56Z] CHK MOM:-0.04% RANGE:0.04% UP:20% SPREAD:0.08965929% BID:3.346 ASK:3.349 MID:3.3475 P1:3.3475 P2:3.348 P3:3.348 P4:3.3485 STATE:IDLE
[2026-05-11 16:46:57Z] CHK MOM:-0.04% RANGE:0.04% UP:20% SPREAD:0.08965929% BID:3.346 ASK:3.349 MID:3.3475 P1:3.3475 P2:3.348 P3:3.348 P4:3.3485 STATE:IDLE
[2026-05-11 16:46:57Z] CHK MOM:-0.04% RANGE:0.04% UP:20% SPREAD:0.08965929% BID:3.346 ASK:3.349 MID:3.3475 P1:3.3475 P2:3.348 P3:3.348 P4:3.3485 STATE:IDLE
[2026-05-11 16:46:58Z] CHK MOM:-0.04% RANGE:0.04% UP:20% SPREAD:0.08965929% BID:3.346 ASK:3.349 MID:3.3475 P1:3.3475 P2:3.348 P3:3.348 P4:3.3485 STATE:IDLE
[2026-05-11 16:46:59Z] CHK MOM:-0.07% RANGE:0.07% UP:16.66% SPREAD:0.08968609% BID:3.345 ASK:3.348 MID:3.3465 P1:3.3465 P2:3.3475 P3:3.348 P4:3.348 STATE:IDLE
[2026-05-11 16:47:00Z] CHK MOM:-0.08% RANGE:0.08% UP:14.28% SPREAD:0.05979073% BID:3.345 ASK:3.347 MID:3.346 P1:3.346 P2:3.3465 P3:3.3475 P4:3.348 STATE:IDLE
[2026-05-11 16:47:01Z] CHK MOM:0% RANGE:0.07% UP:28.57% SPREAD:0.11954572% BID:3.346 ASK:3.35 MID:3.348 P1:3.348 P2:3.346 P3:3.3465 P4:3.3475 STATE:IDLE
[2026-05-11 16:47:01Z] CHK MOM:-0.01% RANGE:0.07% UP:25% SPREAD:0.08965929% BID:3.346 ASK:3.349 MID:3.3475 P1:3.3475 P2:3.348 P3:3.346 P4:3.3465 STATE:IDLE
[2026-05-11 16:47:02Z] CHK MOM:-0.01% RANGE:0.07% UP:25% SPREAD:0.08965929% BID:3.346 ASK:3.349 MID:3.3475 P1:3.3475 P2:3.348 P3:3.346 P4:3.3465 STATE:IDLE
[2026-05-11 16:47:02Z] CHK MOM:-0.01% RANGE:0.07% UP:22.22% SPREAD:0.08965929% BID:3.346 ASK:3.349 MID:3.3475 P1:3.3475 P2:3.3475 P3:3.348 P4:3.346 STATE:IDLE
[2026-05-11 16:47:03Z] CHK MOM:-0.01% RANGE:0.07% UP:22.22% SPREAD:0.08965929% BID:3.346 ASK:3.349 MID:3.3475 P1:3.3475 P2:3.3475 P3:3.348 P4:3.346 STATE:IDLE
[2026-05-11 16:47:03Z] CHK MOM:-0.01% RANGE:0.07% UP:22.22% SPREAD:0.08965929% BID:3.346 ASK:3.349 MID:3.3475 P1:3.3475 P2:3.3475 P3:3.348 P4:3.346 STATE:IDLE
[2026-05-11 16:47:04Z] CHK MOM:-0.01% RANGE:0.07% UP:22.22% SPREAD:0.08965929% BID:3.346 ASK:3.349 MID:3.3475 P1:3.3475 P2:3.3475 P3:3.348 P4:3.346 STATE:IDLE
[2026-05-11 16:47:04Z] CHK MOM:-0.01% RANGE:0.07% UP:22.22% SPREAD:0.08965929% BID:3.346 ASK:3.349 MID:3.3475 P1:3.3475 P2:3.3475 P3:3.348 P4:3.346 STATE:IDLE
[2026-05-11 16:47:05Z] CHK MOM:-0.01% RANGE:0.05% UP:12.5% SPREAD:0.08965929% BID:3.346 ASK:3.349 MID:3.3475 P1:3.3475 P2:3.3475 P3:3.3475 P4:3.348 STATE:IDLE
[2026-05-11 16:47:06Z] CHK MOM:-0.01% RANGE:0.05% UP:12.5% SPREAD:0.08965929% BID:3.346 ASK:3.349 MID:3.3475 P1:3.3475 P2:3.3475 P3:3.3475 P4:3.348 STATE:IDLE
[2026-05-11 16:47:06Z] CHK MOM:0% RANGE:0.05% UP:14.28% SPREAD:0.08965929% BID:3.346 ASK:3.349 MID:3.3475 P1:3.3475 P2:3.3475 P3:3.3475 P4:3.3475 STATE:IDLE
[2026-05-11 16:47:07Z] CHK MOM:0% RANGE:0.05% UP:14.28% SPREAD:0.08965929% BID:3.346 ASK:3.349 MID:3.3475 P1:3.3475 P2:3.3475 P3:3.3475 P4:3.3475 STATE:IDLE
[2026-05-11 16:47:07Z] CHK MOM:0% RANGE:0.05% UP:14.28% SPREAD:0.08965929% BID:3.346 ASK:3.349 MID:3.3475 P1:3.3475 P2:3.3475 P3:3.3475 P4:3.3475 STATE:IDLE
[2026-05-11 16:47:08Z] CHK MOM:0.02% RANGE:0.05% UP:14.28% SPREAD:0.08965929% BID:3.346 ASK:3.349 MID:3.3475 P1:3.3475 P2:3.3475 P3:3.3475 P4:3.3475 STATE:IDLE
[2026-05-11 16:47:08Z] CHK MOM:0.01% RANGE:0.05% UP:12.5% SPREAD:0.05977286% BID:3.346 ASK:3.348 MID:3.347 P1:3.347 P2:3.3475 P3:3.3475 P4:3.3475 STATE:IDLE
[2026-05-11 16:47:09Z] CHK MOM:0.01% RANGE:0.05% UP:12.5% SPREAD:0.05977286% BID:3.346 ASK:3.348 MID:3.347 P1:3.347 P2:3.3475 P3:3.3475 P4:3.3475 STATE:IDLE
[2026-05-11 16:47:09Z] CHK MOM:0.02% RANGE:0.05% UP:22.22% SPREAD:0.08965929% BID:3.346 ASK:3.349 MID:3.3475 P1:3.3475 P2:3.347 P3:3.3475 P4:3.3475 STATE:IDLE
[2026-05-11 16:47:10Z] CHK MOM:0.02% RANGE:0.05% UP:22.22% SPREAD:0.08965929% BID:3.346 ASK:3.349 MID:3.3475 P1:3.3475 P2:3.347 P3:3.3475 P4:3.3475 STATE:IDLE
[2026-05-11 16:47:10Z] CHK MOM:0.02% RANGE:0.05% UP:20% SPREAD:0.08965929% BID:3.346 ASK:3.349 MID:3.3475 P1:3.3475 P2:3.3475 P3:3.347 P4:3.3475 STATE:IDLE
[2026-05-11 16:47:11Z] CHK MOM:0.02% RANGE:0.05% UP:20% SPREAD:0.08965929% BID:3.346 ASK:3.349 MID:3.3475 P1:3.3475 P2:3.3475 P3:3.347 P4:3.3475 STATE:IDLE
[2026-05-11 16:47:12Z] CHK MOM:0.04% RANGE:0.05% UP:20% SPREAD:0.08965929% BID:3.346 ASK:3.349 MID:3.3475 P1:3.3475 P2:3.3475 P3:3.3475 P4:3.347 STATE:IDLE
[2026-05-11 16:47:12Z] CHK MOM:-0.02% RANGE:0.02% UP:10% SPREAD:0.05977286% BID:3.346 ASK:3.348 MID:3.347 P1:3.347 P2:3.3475 P3:3.3475 P4:3.3475 STATE:IDLE
[2026-05-11 16:47:13Z] CHK MOM:-0.02% RANGE:0.02% UP:9.09% SPREAD:0.05977286% BID:3.346 ASK:3.348 MID:3.347 P1:3.347 P2:3.347 P3:3.3475 P4:3.3475 STATE:IDLE
[2026-05-11 16:47:13Z] CHK MOM:-0.02% RANGE:0.02% UP:9.09% SPREAD:0.05977286% BID:3.346 ASK:3.348 MID:3.347 P1:3.347 P2:3.347 P3:3.3475 P4:3.3475 STATE:IDLE
[2026-05-11 16:47:14Z] CHK MOM:0% RANGE:0.01% UP:20% SPREAD:0.08965929% BID:3.346 ASK:3.349 MID:3.3475 P1:3.3475 P2:3.347 P3:3.347 P4:3.3475 STATE:IDLE
[2026-05-11 16:47:14Z] CHK MOM:0% RANGE:0.01% UP:20% SPREAD:0.08965929% BID:3.346 ASK:3.349 MID:3.3475 P1:3.3475 P2:3.3475 P3:3.347 P4:3.347 STATE:IDLE
[2026-05-11 16:47:15Z] CHK MOM:-0.01% RANGE:0.01% UP:18.18% SPREAD:0.05977286% BID:3.346 ASK:3.348 MID:3.347 P1:3.347 P2:3.3475 P3:3.3475 P4:3.347 STATE:IDLE
[2026-05-11 16:47:15Z] CHK MOM:-0.01% RANGE:0.01% UP:16.66% SPREAD:0.05977286% BID:3.346 ASK:3.348 MID:3.347 P1:3.347 P2:3.347 P3:3.3475 P4:3.3475 STATE:IDLE
[2026-05-11 16:47:16Z] CHK MOM:-0.01% RANGE:0.01% UP:15.38% SPREAD:0.05977286% BID:3.346 ASK:3.348 MID:3.347 P1:3.347 P2:3.347 P3:3.347 P4:3.3475 STATE:IDLE
[2026-05-11 16:47:17Z] CHK MOM:-0.01% RANGE:0.01% UP:15.38% SPREAD:0.05977286% BID:3.346 ASK:3.348 MID:3.347 P1:3.347 P2:3.347 P3:3.347 P4:3.3475 STATE:IDLE
[2026-05-11 16:47:17Z] CHK MOM:-0.02% RANGE:0.02% UP:15.38% SPREAD:0.08968609% BID:3.345 ASK:3.348 MID:3.3465 P1:3.3465 P2:3.347 P3:3.347 P4:3.347 STATE:IDLE
[2026-05-11 16:47:18Z] CHK MOM:-0.02% RANGE:0.02% UP:15.38% SPREAD:0.08968609% BID:3.345 ASK:3.348 MID:3.3465 P1:3.3465 P2:3.347 P3:3.347 P4:3.347 STATE:IDLE
[2026-05-11 16:51:25Z] SESSION_START symbol=ICPUSDC dry_run=0 profile=major strategy=momentum base_url=https://api.binance.com
[2026-05-11 16:51:25Z] TOXIC_MEMORY_LOADED count=4 symbols=GUNUSDC,JTOUSDC,ORDIUSDC,SAHARAUSDC
[2026-05-11 16:51:29Z] CHK MOM:0% RANGE:0% UP:0% SPREAD:0.05927682% BID:3.374 ASK:3.376 MID:3.375 P1:3.375 P2:NA P3:NA P4:NA STATE:IDLE
[2026-05-11 16:51:30Z] CHK MOM:-0.01% RANGE:0.01% UP:0% SPREAD:0.02963841% BID:3.374 ASK:3.375 MID:3.3745 P1:3.3745 P2:3.375 P3:NA P4:NA STATE:IDLE
[2026-05-11 16:51:30Z] CHK MOM:0.01% RANGE:0.02% UP:50% SPREAD:0.02962962% BID:3.375 ASK:3.376 MID:3.37549999 P1:3.37549999 P2:3.3745 P3:3.375 P4:NA STATE:IDLE
[2026-05-11 16:51:31Z] CHK MOM:0.01% RANGE:0.02% UP:50% SPREAD:0.02962962% BID:3.375 ASK:3.376 MID:3.37549999 P1:3.37549999 P2:3.3745 P3:3.375 P4:NA STATE:IDLE
[2026-05-11 16:51:31Z] CHK MOM:0.01% RANGE:0.02% UP:50% SPREAD:0.02962962% BID:3.375 ASK:3.376 MID:3.37549999 P1:3.37549999 P2:3.3745 P3:3.375 P4:NA STATE:IDLE
[2026-05-11 16:51:32Z] CHK MOM:0.01% RANGE:0.02% UP:33.33% SPREAD:0.02962962% BID:3.375 ASK:3.376 MID:3.37549999 P1:3.37549999 P2:3.37549999 P3:3.3745 P4:3.375 STATE:IDLE
[2026-05-11 16:51:32Z] CHK MOM:0.01% RANGE:0.02% UP:33.33% SPREAD:0.02962962% BID:3.375 ASK:3.376 MID:3.37549999 P1:3.37549999 P2:3.37549999 P3:3.3745 P4:3.375 STATE:IDLE
[2026-05-11 16:51:33Z] CHK MOM:0.01% RANGE:0.02% UP:33.33% SPREAD:0.02962962% BID:3.375 ASK:3.376 MID:3.37549999 P1:3.37549999 P2:3.37549999 P3:3.3745 P4:3.375 STATE:IDLE
[2026-05-11 16:51:33Z] CHK MOM:0.01% RANGE:0.02% UP:33.33% SPREAD:0.02962962% BID:3.375 ASK:3.376 MID:3.37549999 P1:3.37549999 P2:3.37549999 P3:3.3745 P4:3.375 STATE:IDLE
[2026-05-11 16:51:34Z] CHK MOM:0.02% RANGE:0.04% UP:50% SPREAD:0.05925925% BID:3.375 ASK:3.377 MID:3.376 P1:3.376 P2:3.37549999 P3:3.37549999 P4:3.3745 STATE:IDLE
[2026-05-11 16:51:35Z] CHK MOM:0.02% RANGE:0.04% UP:40% SPREAD:0.05925925% BID:3.375 ASK:3.377 MID:3.376 P1:3.376 P2:3.376 P3:3.37549999 P4:3.37549999 STATE:IDLE
[2026-05-11 16:51:35Z] CHK MOM:0.05% RANGE:0.07% UP:50% SPREAD:0.0592417% BID:3.376 ASK:3.378 MID:3.377 P1:3.377 P2:3.376 P3:3.376 P4:3.37549999 STATE:IDLE
[2026-05-11 16:51:36Z] CHK MOM:0.05% RANGE:0.07% UP:50% SPREAD:0.0592417% BID:3.376 ASK:3.378 MID:3.377 P1:3.377 P2:3.376 P3:3.376 P4:3.37549999 STATE:IDLE
[2026-05-11 16:51:36Z] CHK MOM:0.05% RANGE:0.07% UP:50% SPREAD:0.0592417% BID:3.376 ASK:3.378 MID:3.377 P1:3.377 P2:3.376 P3:3.376 P4:3.37549999 STATE:IDLE
[2026-05-11 16:51:37Z] CHK MOM:0.05% RANGE:0.07% UP:50% SPREAD:0.0592417% BID:3.376 ASK:3.378 MID:3.377 P1:3.377 P2:3.376 P3:3.376 P4:3.37549999 STATE:IDLE
[2026-05-11 16:51:37Z] CHK MOM:0.01% RANGE:0.07% UP:42.85% SPREAD:0.02962962% BID:3.375 ASK:3.376 MID:3.37549999 P1:3.37549999 P2:3.377 P3:3.376 P4:3.376 STATE:IDLE
[2026-05-11 16:51:38Z] CHK MOM:0.02% RANGE:0.07% UP:50% SPREAD:0.05925925% BID:3.375 ASK:3.377 MID:3.376 P1:3.376 P2:3.37549999 P3:3.377 P4:3.376 STATE:IDLE
[2026-05-11 16:51:38Z] CHK MOM:0.01% RANGE:0.07% UP:44.44% SPREAD:0.02962962% BID:3.375 ASK:3.376 MID:3.37549999 P1:3.37549999 P2:3.376 P3:3.37549999 P4:3.377 STATE:IDLE
[2026-05-11 16:51:39Z] CHK MOM:0.04% RANGE:0.07% UP:50% SPREAD:0.02962085% BID:3.376 ASK:3.377 MID:3.3765 P1:3.3765 P2:3.37549999 P3:3.376 P4:3.37549999 STATE:IDLE
[2026-05-11 16:51:39Z] CHK MOM:0.04% RANGE:0.07% UP:45.45% SPREAD:0.02962085% BID:3.376 ASK:3.377 MID:3.3765 P1:3.3765 P2:3.3765 P3:3.37549999 P4:3.376 STATE:IDLE
[2026-05-11 16:51:40Z] CHK MOM:0.05% RANGE:0.07% UP:50% SPREAD:0.0592417% BID:3.376 ASK:3.378 MID:3.377 P1:3.377 P2:3.3765 P3:3.3765 P4:3.37549999 STATE:IDLE
[2026-05-11 16:51:41Z] CHK MOM:0.01% RANGE:0.07% UP:46.15% SPREAD:0.02962962% BID:3.375 ASK:3.376 MID:3.37549999 P1:3.37549999 P2:3.377 P3:3.3765 P4:3.3765 STATE:IDLE
[2026-05-11 16:51:41Z] CHK MOM:0.01% RANGE:0.07% UP:46.15% SPREAD:0.02962962% BID:3.375 ASK:3.376 MID:3.37549999 P1:3.37549999 P2:3.377 P3:3.3765 P4:3.3765 STATE:IDLE
[2026-05-11 16:51:42Z] CHK MOM:0.01% RANGE:0.04% UP:50% SPREAD:0.05925925% BID:3.375 ASK:3.377 MID:3.376 P1:3.376 P2:3.37549999 P3:3.377 P4:3.3765 STATE:IDLE
[2026-05-11 16:51:42Z] CHK MOM:0% RANGE:0.04% UP:46.15% SPREAD:0.02962962% BID:3.375 ASK:3.376 MID:3.37549999 P1:3.37549999 P2:3.376 P3:3.37549999 P4:3.377 STATE:IDLE
[2026-05-11 16:51:43Z] CHK MOM:0% RANGE:0.04% UP:46.15% SPREAD:0.02962962% BID:3.375 ASK:3.376 MID:3.37549999 P1:3.37549999 P2:3.376 P3:3.37549999 P4:3.377 STATE:IDLE
[2026-05-11 16:51:43Z] CHK MOM:0% RANGE:0.04% UP:46.15% SPREAD:0.02962962% BID:3.375 ASK:3.376 MID:3.37549999 P1:3.37549999 P2:3.376 P3:3.37549999 P4:3.377 STATE:IDLE
[2026-05-11 16:51:44Z] CHK MOM:0% RANGE:0.04% UP:46.15% SPREAD:0.02962962% BID:3.375 ASK:3.376 MID:3.37549999 P1:3.37549999 P2:3.376 P3:3.37549999 P4:3.377 STATE:IDLE
[2026-05-11 16:51:44Z] CHK MOM:0% RANGE:0.04% UP:46.15% SPREAD:0.02962962% BID:3.375 ASK:3.376 MID:3.37549999 P1:3.37549999 P2:3.376 P3:3.37549999 P4:3.377 STATE:IDLE
[2026-05-11 16:51:45Z] CHK MOM:0% RANGE:0.04% UP:46.15% SPREAD:0.02962962% BID:3.375 ASK:3.376 MID:3.37549999 P1:3.37549999 P2:3.376 P3:3.37549999 P4:3.377 STATE:IDLE
[2026-05-11 16:51:46Z] CHK MOM:-0.01% RANGE:0.04% UP:41.66% SPREAD:0.02962962% BID:3.375 ASK:3.376 MID:3.37549999 P1:3.37549999 P2:3.37549999 P3:3.376 P4:3.37549999 STATE:IDLE
[2026-05-11 16:51:46Z] CHK MOM:-0.07% RANGE:0.07% UP:36.36% SPREAD:0.02963841% BID:3.374 ASK:3.375 MID:3.3745 P1:3.3745 P2:3.37549999 P3:3.37549999 P4:3.376 STATE:IDLE
[2026-05-11 16:51:47Z] CHK MOM:-0.07% RANGE:0.07% UP:33.33% SPREAD:0.02963841% BID:3.374 ASK:3.375 MID:3.3745 P1:3.3745 P2:3.3745 P3:3.37549999 P4:3.37549999 STATE:IDLE
[2026-05-11 16:51:47Z] CHK MOM:-0.01% RANGE:0.07% UP:41.66% SPREAD:0.05927682% BID:3.374 ASK:3.376 MID:3.375 P1:3.375 P2:3.3745 P3:3.3745 P4:3.37549999 STATE:IDLE
[2026-05-11 16:51:48Z] CHK MOM:-0.01% RANGE:0.07% UP:41.66% SPREAD:0.05927682% BID:3.374 ASK:3.376 MID:3.375 P1:3.375 P2:3.3745 P3:3.3745 P4:3.37549999 STATE:IDLE
[2026-05-11 16:51:48Z] CHK MOM:-0.02% RANGE:0.07% UP:38.46% SPREAD:0.08894159% BID:3.373 ASK:3.376 MID:3.3745 P1:3.3745 P2:3.375 P3:3.3745 P4:3.3745 STATE:IDLE
[2026-05-11 16:51:49Z] CHK MOM:-0.04% RANGE:0.08% UP:35.71% SPREAD:0.05929439% BID:3.373 ASK:3.375 MID:3.374 P1:3.374 P2:3.3745 P3:3.375 P4:3.3745 STATE:IDLE
[2026-05-11 16:51:49Z] CHK MOM:-0.01% RANGE:0.08% UP:40% SPREAD:0.05927682% BID:3.374 ASK:3.376 MID:3.375 P1:3.375 P2:3.374 P3:3.3745 P4:3.375 STATE:IDLE
[2026-05-11 16:51:50Z] CHK MOM:-0.04% RANGE:0.08% UP:33.33% SPREAD:0.02963841% BID:3.374 ASK:3.375 MID:3.3745 P1:3.3745 P2:3.375 P3:3.374 P4:3.3745 STATE:IDLE
[2026-05-11 16:51:51Z] CHK MOM:-0.04% RANGE:0.08% UP:35.71% SPREAD:0.05927682% BID:3.374 ASK:3.376 MID:3.375 P1:3.375 P2:3.3745 P3:3.375 P4:3.374 STATE:IDLE
[2026-05-11 16:51:51Z] CHK MOM:-0.05% RANGE:0.08% UP:35.71% SPREAD:0.08894159% BID:3.373 ASK:3.376 MID:3.3745 P1:3.3745 P2:3.375 P3:3.3745 P4:3.375 STATE:IDLE
[2026-05-11 16:51:52Z] CHK MOM:-0.05% RANGE:0.08% UP:35.71% SPREAD:0.08894159% BID:3.373 ASK:3.376 MID:3.3745 P1:3.3745 P2:3.375 P3:3.3745 P4:3.375 STATE:IDLE
[2026-05-11 16:51:52Z] CHK MOM:-0.02% RANGE:0.05% UP:30.76% SPREAD:0.08894159% BID:3.373 ASK:3.376 MID:3.3745 P1:3.3745 P2:3.3745 P3:3.375 P4:3.3745 STATE:IDLE
[2026-05-11 16:51:53Z] CHK MOM:-0.01% RANGE:0.05% UP:35.71% SPREAD:0.05927682% BID:3.374 ASK:3.376 MID:3.375 P1:3.375 P2:3.3745 P3:3.3745 P4:3.375 STATE:IDLE
[2026-05-11 16:51:53Z] CHK MOM:-0.04% RANGE:0.05% UP:28.57% SPREAD:0.08894159% BID:3.373 ASK:3.376 MID:3.3745 P1:3.3745 P2:3.375 P3:3.3745 P4:3.3745 STATE:IDLE
[2026-05-11 16:51:54Z] CHK MOM:-0.02% RANGE:0.05% UP:33.33% SPREAD:0.05927682% BID:3.374 ASK:3.376 MID:3.375 P1:3.375 P2:3.3745 P3:3.375 P4:3.3745 STATE:IDLE
[2026-05-11 16:51:54Z] CHK MOM:0.01% RANGE:0.05% UP:40% SPREAD:0.05925925% BID:3.375 ASK:3.377 MID:3.376 P1:3.376 P2:3.375 P3:3.3745 P4:3.375 STATE:IDLE
[2026-05-11 16:51:55Z] CHK MOM:0.01% RANGE:0.05% UP:40% SPREAD:0.05925925% BID:3.375 ASK:3.377 MID:3.376 P1:3.376 P2:3.375 P3:3.3745 P4:3.375 STATE:IDLE
[2026-05-11 16:51:55Z] CHK MOM:0.01% RANGE:0.05% UP:40% SPREAD:0.05925925% BID:3.375 ASK:3.377 MID:3.376 P1:3.376 P2:3.375 P3:3.3745 P4:3.375 STATE:IDLE
[2026-05-11 16:51:56Z] CHK MOM:0.01% RANGE:0.05% UP:40% SPREAD:0.05925925% BID:3.375 ASK:3.377 MID:3.376 P1:3.376 P2:3.375 P3:3.3745 P4:3.375 STATE:IDLE
[2026-05-11 16:51:57Z] CHK MOM:0.01% RANGE:0.05% UP:40% SPREAD:0.05925925% BID:3.375 ASK:3.377 MID:3.376 P1:3.376 P2:3.375 P3:3.3745 P4:3.375 STATE:IDLE
[2026-05-11 16:52:01Z] CHK MOM:0.02% RANGE:0.05% UP:45.45% SPREAD:0.02962962% BID:3.375 ASK:3.376 MID:3.37549999 P1:3.37549999 P2:3.376 P3:3.375 P4:3.3745 STATE:IDLE
[2026-05-11 16:52:02Z] CHK MOM:-0.01% RANGE:0.04% UP:40% SPREAD:0.02963841% BID:3.374 ASK:3.375 MID:3.3745 P1:3.3745 P2:3.37549999 P3:3.376 P4:3.375 STATE:IDLE
[2026-05-11 16:52:02Z] CHK MOM:0% RANGE:0.04% UP:44.44% SPREAD:0.05927682% BID:3.374 ASK:3.376 MID:3.375 P1:3.375 P2:3.3745 P3:3.37549999 P4:3.376 STATE:IDLE
[2026-05-11 16:52:03Z] CHK MOM:0% RANGE:0.04% UP:44.44% SPREAD:0.02963841% BID:3.374 ASK:3.375 MID:3.3745 P1:3.3745 P2:3.375 P3:3.3745 P4:3.37549999 STATE:IDLE
[2026-05-11 16:52:03Z] CHK MOM:0% RANGE:0.04% UP:44.44% SPREAD:0.02963841% BID:3.374 ASK:3.375 MID:3.3745 P1:3.3745 P2:3.375 P3:3.3745 P4:3.37549999 STATE:IDLE
[2026-05-11 16:52:04Z] CHK MOM:0% RANGE:0.04% UP:44.44% SPREAD:0.02963841% BID:3.374 ASK:3.375 MID:3.3745 P1:3.3745 P2:3.375 P3:3.3745 P4:3.37549999 STATE:IDLE
[2026-05-11 16:52:04Z] CHK MOM:-0.01% RANGE:0.04% UP:37.5% SPREAD:0.02963841% BID:3.374 ASK:3.375 MID:3.3745 P1:3.3745 P2:3.3745 P3:3.375 P4:3.3745 STATE:IDLE
[2026-05-11 16:52:05Z] CHK MOM:-0.01% RANGE:0.04% UP:37.5% SPREAD:0.02963841% BID:3.374 ASK:3.375 MID:3.3745 P1:3.3745 P2:3.3745 P3:3.375 P4:3.3745 STATE:IDLE
[2026-05-11 16:52:05Z] CHK MOM:-0.01% RANGE:0.04% UP:37.5% SPREAD:0.02963841% BID:3.374 ASK:3.375 MID:3.3745 P1:3.3745 P2:3.3745 P3:3.375 P4:3.3745 STATE:IDLE
[2026-05-11 16:52:06Z] CHK MOM:-0.05% RANGE:0.05% UP:16.66% SPREAD:0.05929439% BID:3.373 ASK:3.375 MID:3.374 P1:3.374 P2:3.3745 P3:3.3745 P4:3.375 STATE:IDLE
[2026-05-11 16:52:06Z] CHK MOM:0% RANGE:0.05% UP:28.57% SPREAD:0.11855364% BID:3.374 ASK:3.378 MID:3.376 P1:3.376 P2:3.374 P3:3.3745 P4:3.3745 STATE:IDLE
[2026-05-11 16:52:07Z] CHK MOM:0% RANGE:0.05% UP:28.57% SPREAD:0.08891523% BID:3.374 ASK:3.377 MID:3.37549999 P1:3.37549999 P2:3.376 P3:3.374 P4:3.3745 STATE:IDLE
[2026-05-11 16:52:08Z] CHK MOM:0% RANGE:0.05% UP:28.57% SPREAD:0.08891523% BID:3.374 ASK:3.377 MID:3.37549999 P1:3.37549999 P2:3.376 P3:3.374 P4:3.3745 STATE:IDLE
[2026-05-11 16:52:08Z] CHK MOM:0% RANGE:0.05% UP:25% SPREAD:0.08891523% BID:3.374 ASK:3.377 MID:3.37549999 P1:3.37549999 P2:3.37549999 P3:3.376 P4:3.374 STATE:IDLE
[2026-05-11 16:52:09Z] CHK MOM:0% RANGE:0.05% UP:25% SPREAD:0.08891523% BID:3.374 ASK:3.377 MID:3.37549999 P1:3.37549999 P2:3.37549999 P3:3.376 P4:3.374 STATE:IDLE
[2026-05-11 16:52:09Z] CHK MOM:0% RANGE:0.05% UP:25% SPREAD:0.08891523% BID:3.374 ASK:3.377 MID:3.37549999 P1:3.37549999 P2:3.37549999 P3:3.376 P4:3.374 STATE:IDLE
[2026-05-11 16:52:10Z] CHK MOM:0% RANGE:0.05% UP:25% SPREAD:0.08891523% BID:3.374 ASK:3.377 MID:3.37549999 P1:3.37549999 P2:3.37549999 P3:3.376 P4:3.374 STATE:IDLE
[2026-05-11 16:52:10Z] CHK MOM:0% RANGE:0.05% UP:25% SPREAD:0.08891523% BID:3.374 ASK:3.377 MID:3.37549999 P1:3.37549999 P2:3.37549999 P3:3.376 P4:3.374 STATE:IDLE
[2026-05-11 16:52:11Z] CHK MOM:0% RANGE:0.05% UP:25% SPREAD:0.08891523% BID:3.374 ASK:3.377 MID:3.37549999 P1:3.37549999 P2:3.37549999 P3:3.376 P4:3.374 STATE:IDLE
[2026-05-11 16:52:20Z] CHK MOM:0.01% RANGE:0.01% UP:100% SPREAD:0.05925925% BID:3.375 ASK:3.377 MID:3.376 P1:3.376 P2:3.37549999 P3:3.37549999 P4:3.376 STATE:IDLE
[2026-05-11 16:52:21Z] CHK MOM:0.02% RANGE:0.02% UP:100% SPREAD:0.0592417% BID:3.376 ASK:3.378 MID:3.377 P1:3.377 P2:3.376 P3:3.37549999 P4:3.37549999 STATE:IDLE
[2026-05-11 16:52:21Z] CHK MOM:0.02% RANGE:0.02% UP:50% SPREAD:0.0592417% BID:3.376 ASK:3.378 MID:3.377 P1:3.377 P2:3.377 P3:3.376 P4:3.37549999 STATE:IDLE
[2026-05-11 16:52:22Z] CHK MOM:0.02% RANGE:0.02% UP:33.33% SPREAD:0.0592417% BID:3.376 ASK:3.378 MID:3.377 P1:3.377 P2:3.377 P3:3.377 P4:3.376 STATE:IDLE
[2026-05-11 16:52:22Z] CHK MOM:0.02% RANGE:0.02% UP:33.33% SPREAD:0.0592417% BID:3.376 ASK:3.378 MID:3.377 P1:3.377 P2:3.377 P3:3.377 P4:3.376 STATE:IDLE
[2026-05-11 16:52:23Z] CHK MOM:0.02% RANGE:0.02% UP:33.33% SPREAD:0.0592417% BID:3.376 ASK:3.378 MID:3.377 P1:3.377 P2:3.377 P3:3.377 P4:3.376 STATE:IDLE
[2026-05-11 16:52:23Z] CHK MOM:0.05% RANGE:0.05% UP:50% SPREAD:0.05922416% BID:3.377 ASK:3.379 MID:3.378 P1:3.378 P2:3.377 P3:3.377 P4:3.377 STATE:IDLE
[2026-05-11 16:52:24Z] CHK MOM:0.05% RANGE:0.05% UP:40% SPREAD:0.05922416% BID:3.377 ASK:3.379 MID:3.378 P1:3.378 P2:3.378 P3:3.377 P4:3.377 STATE:IDLE
[2026-05-11 16:52:24Z] CHK MOM:0.05% RANGE:0.05% UP:33.33% SPREAD:0.05922416% BID:3.377 ASK:3.379 MID:3.378 P1:3.378 P2:3.378 P3:3.378 P4:3.377 STATE:IDLE
[2026-05-11 16:52:25Z] CHK MOM:0.05% RANGE:0.05% UP:28.57% SPREAD:0.05922416% BID:3.377 ASK:3.379 MID:3.378 P1:3.378 P2:3.378 P3:3.378 P4:3.378 STATE:IDLE
[2026-05-11 16:52:26Z] CHK MOM:0.04% RANGE:0.05% UP:25% SPREAD:0.08886255% BID:3.376 ASK:3.379 MID:3.3775 P1:3.3775 P2:3.378 P3:3.378 P4:3.378 STATE:IDLE
[2026-05-11 16:52:26Z] CHK MOM:0.04% RANGE:0.05% UP:22.22% SPREAD:0.08886255% BID:3.376 ASK:3.379 MID:3.3775 P1:3.3775 P2:3.3775 P3:3.378 P4:3.378 STATE:IDLE
[2026-05-11 16:52:27Z] CHK MOM:0.01% RANGE:0.05% UP:20% SPREAD:0.08888888% BID:3.375 ASK:3.378 MID:3.3765 P1:3.3765 P2:3.3775 P3:3.3775 P4:3.378 STATE:IDLE
[2026-05-11 16:52:27Z] CHK MOM:0.02% RANGE:0.05% UP:27.27% SPREAD:0.11851851% BID:3.375 ASK:3.379 MID:3.377 P1:3.377 P2:3.3765 P3:3.3775 P4:3.3775 STATE:IDLE
[2026-05-11 16:52:28Z] CHK MOM:0.02% RANGE:0.05% UP:27.27% SPREAD:0.11851851% BID:3.375 ASK:3.379 MID:3.377 P1:3.377 P2:3.3765 P3:3.3775 P4:3.3775 STATE:IDLE
[2026-05-11 16:52:28Z] CHK MOM:0.02% RANGE:0.05% UP:27.27% SPREAD:0.11851851% BID:3.375 ASK:3.379 MID:3.377 P1:3.377 P2:3.3765 P3:3.3775 P4:3.3775 STATE:IDLE
[2026-05-11 16:52:29Z] CHK MOM:0.05% RANGE:0.05% UP:33.33% SPREAD:0.05922416% BID:3.377 ASK:3.379 MID:3.378 P1:3.378 P2:3.377 P3:3.3765 P4:3.3775 STATE:IDLE
[2026-05-11 16:52:29Z] CHK MOM:0.05% RANGE:0.05% UP:33.33% SPREAD:0.05922416% BID:3.377 ASK:3.379 MID:3.378 P1:3.378 P2:3.377 P3:3.3765 P4:3.3775 STATE:IDLE
[2026-05-11 16:52:30Z] CHK MOM:0.05% RANGE:0.05% UP:33.33% SPREAD:0.05922416% BID:3.377 ASK:3.379 MID:3.378 P1:3.378 P2:3.377 P3:3.3765 P4:3.3775 STATE:IDLE
[2026-05-11 16:52:31Z] CHK MOM:0.01% RANGE:0.05% UP:30.76% SPREAD:0.08888888% BID:3.375 ASK:3.378 MID:3.3765 P1:3.3765 P2:3.378 P3:3.377 P4:3.3765 STATE:IDLE
[2026-05-11 16:52:32Z] CHK MOM:0.01% RANGE:0.05% UP:28.57% SPREAD:0.08888888% BID:3.375 ASK:3.378 MID:3.3765 P1:3.3765 P2:3.3765 P3:3.378 P4:3.377 STATE:IDLE
[2026-05-11 16:52:32Z] CHK MOM:0.01% RANGE:0.05% UP:28.57% SPREAD:0.08888888% BID:3.375 ASK:3.378 MID:3.3765 P1:3.3765 P2:3.3765 P3:3.378 P4:3.377 STATE:IDLE
[2026-05-11 16:52:33Z] CHK MOM:-0.02% RANGE:0.05% UP:23.07% SPREAD:0.05925925% BID:3.375 ASK:3.377 MID:3.376 P1:3.376 P2:3.3765 P3:3.3765 P4:3.378 STATE:IDLE
[2026-05-11 16:52:33Z] CHK MOM:-0.01% RANGE:0.05% UP:28.57% SPREAD:0.02962085% BID:3.376 ASK:3.377 MID:3.3765 P1:3.3765 P2:3.376 P3:3.3765 P4:3.3765 STATE:IDLE
[2026-05-11 16:52:34Z] CHK MOM:-0.01% RANGE:0.05% UP:28.57% SPREAD:0.02962085% BID:3.376 ASK:3.377 MID:3.3765 P1:3.3765 P2:3.3765 P3:3.376 P4:3.3765 STATE:IDLE
[2026-05-11 16:52:34Z] CHK MOM:-0.01% RANGE:0.05% UP:28.57% SPREAD:0.02962085% BID:3.376 ASK:3.377 MID:3.3765 P1:3.3765 P2:3.3765 P3:3.376 P4:3.3765 STATE:IDLE
[2026-05-11 16:52:35Z] CHK MOM:-0.02% RANGE:0.05% UP:28.57% SPREAD:0.0592417% BID:3.376 ASK:3.378 MID:3.377 P1:3.377 P2:3.3765 P3:3.3765 P4:3.376 STATE:IDLE
[2026-05-11 16:52:35Z] CHK MOM:-0.04% RANGE:0.05% UP:26.66% SPREAD:0.08888888% BID:3.375 ASK:3.378 MID:3.3765 P1:3.3765 P2:3.377 P3:3.3765 P4:3.3765 STATE:IDLE
[2026-05-11 16:52:36Z] CHK MOM:-0.04% RANGE:0.05% UP:25% SPREAD:0.08888888% BID:3.375 ASK:3.378 MID:3.3765 P1:3.3765 P2:3.3765 P3:3.377 P4:3.3765 STATE:IDLE
[2026-05-11 16:52:37Z] CHK MOM:-0.05% RANGE:0.07% UP:30.76% SPREAD:0.08891523% BID:3.374 ASK:3.377 MID:3.37549999 P1:3.37549999 P2:3.3765 P3:3.3765 P4:3.377 STATE:IDLE
[2026-05-11 16:52:37Z] CHK MOM:-0.05% RANGE:0.07% UP:30.76% SPREAD:0.08891523% BID:3.374 ASK:3.377 MID:3.37549999 P1:3.37549999 P2:3.3765 P3:3.3765 P4:3.377 STATE:IDLE
[2026-05-11 16:52:38Z] CHK MOM:-0.07% RANGE:0.08% UP:30.76% SPREAD:0.05927682% BID:3.374 ASK:3.376 MID:3.375 P1:3.375 P2:3.37549999 P3:3.3765 P4:3.3765 STATE:IDLE
[2026-05-11 16:52:38Z] CHK MOM:-0.05% RANGE:0.08% UP:35.71% SPREAD:0.08891523% BID:3.374 ASK:3.377 MID:3.37549999 P1:3.37549999 P2:3.375 P3:3.37549999 P4:3.3765 STATE:IDLE
[2026-05-11 16:52:39Z] CHK MOM:-0.02% RANGE:0.08% UP:35.71% SPREAD:0.08891523% BID:3.374 ASK:3.377 MID:3.37549999 P1:3.37549999 P2:3.37549999 P3:3.375 P4:3.37549999 STATE:IDLE
[2026-05-11 16:52:39Z] CHK MOM:-0.07% RANGE:0.08% UP:23.07% SPREAD:0.08891523% BID:3.374 ASK:3.377 MID:3.37549999 P1:3.37549999 P2:3.37549999 P3:3.37549999 P4:3.375 STATE:IDLE
[2026-05-11 16:52:40Z] CHK MOM:-0.07% RANGE:0.08% UP:23.07% SPREAD:0.08891523% BID:3.374 ASK:3.377 MID:3.37549999 P1:3.37549999 P2:3.37549999 P3:3.37549999 P4:3.375 STATE:IDLE
[2026-05-11 16:52:40Z] CHK MOM:-0.07% RANGE:0.08% UP:23.07% SPREAD:0.08891523% BID:3.374 ASK:3.377 MID:3.37549999 P1:3.37549999 P2:3.37549999 P3:3.37549999 P4:3.375 STATE:IDLE
[2026-05-11 16:52:41Z] CHK MOM:-0.07% RANGE:0.08% UP:23.07% SPREAD:0.08891523% BID:3.374 ASK:3.377 MID:3.37549999 P1:3.37549999 P2:3.37549999 P3:3.37549999 P4:3.375 STATE:IDLE
[2026-05-11 16:52:42Z] CHK MOM:-0.07% RANGE:0.08% UP:23.07% SPREAD:0.08891523% BID:3.374 ASK:3.377 MID:3.37549999 P1:3.37549999 P2:3.37549999 P3:3.37549999 P4:3.375 STATE:IDLE
[2026-05-11 16:52:51Z] CHK MOM:-0.08% RANGE:0.08% UP:0% SPREAD:0.02965599% BID:3.372 ASK:3.373 MID:3.3725 P1:3.3725 P2:3.37549999 P3:3.37549999 P4:3.37549999 STATE:IDLE
[2026-05-11 16:52:51Z] CHK MOM:-0.08% RANGE:0.08% UP:0% SPREAD:0.02965599% BID:3.372 ASK:3.373 MID:3.3725 P1:3.3725 P2:3.37549999 P3:3.37549999 P4:3.37549999 STATE:IDLE
[2026-05-11 16:52:52Z] CHK MOM:-0.08% RANGE:0.08% UP:0% SPREAD:0.02965599% BID:3.372 ASK:3.373 MID:3.3725 P1:3.3725 P2:3.37549999 P3:3.37549999 P4:3.37549999 STATE:IDLE
[2026-05-11 16:52:52Z] CHK MOM:0% RANGE:0% UP:0% SPREAD:0.02965599% BID:3.372 ASK:3.373 MID:3.3725 P1:3.3725 P2:3.3725 P3:3.37549999 P4:3.37549999 STATE:IDLE
[2026-05-11 16:52:53Z] CHK MOM:0.04% RANGE:0.04% UP:50% SPREAD:0.05929439% BID:3.373 ASK:3.375 MID:3.374 P1:3.374 P2:3.3725 P3:3.3725 P4:3.37549999 STATE:IDLE
[2026-05-11 16:52:53Z] CHK MOM:0.04% RANGE:0.04% UP:50% SPREAD:0.05929439% BID:3.373 ASK:3.375 MID:3.374 P1:3.374 P2:3.3725 P3:3.3725 P4:3.37549999 STATE:IDLE
[2026-05-11 16:52:54Z] CHK MOM:0.04% RANGE:0.04% UP:50% SPREAD:0.05929439% BID:3.373 ASK:3.375 MID:3.374 P1:3.374 P2:3.3725 P3:3.3725 P4:3.37549999 STATE:IDLE
[2026-05-11 16:52:54Z] CHK MOM:0.02% RANGE:0.04% UP:33.33% SPREAD:0.02964719% BID:3.373 ASK:3.374 MID:3.3735 P1:3.3735 P2:3.374 P3:3.3725 P4:3.3725 STATE:IDLE
[2026-05-11 16:52:55Z] CHK MOM:0.02% RANGE:0.04% UP:33.33% SPREAD:0.02964719% BID:3.373 ASK:3.374 MID:3.3735 P1:3.3735 P2:3.374 P3:3.3725 P4:3.3725 STATE:IDLE
[2026-05-11 16:52:55Z] CHK MOM:0.02% RANGE:0.04% UP:33.33% SPREAD:0.02964719% BID:3.373 ASK:3.374 MID:3.3735 P1:3.3735 P2:3.374 P3:3.3725 P4:3.3725 STATE:IDLE
[2026-05-11 16:52:56Z] CHK MOM:0.01% RANGE:0.04% UP:25% SPREAD:0.05931198% BID:3.372 ASK:3.374 MID:3.373 P1:3.373 P2:3.3735 P3:3.374 P4:3.3725 STATE:IDLE
[2026-05-11 16:52:57Z] CHK MOM:0.01% RANGE:0.04% UP:20% SPREAD:0.05931198% BID:3.372 ASK:3.374 MID:3.373 P1:3.373 P2:3.373 P3:3.3735 P4:3.374 STATE:IDLE
[2026-05-11 16:52:57Z] CHK MOM:0.01% RANGE:0.04% UP:16.66% SPREAD:0.05931198% BID:3.372 ASK:3.374 MID:3.373 P1:3.373 P2:3.373 P3:3.373 P4:3.3735 STATE:IDLE
[2026-05-11 16:52:58Z] CHK MOM:0.01% RANGE:0.04% UP:16.66% SPREAD:0.05931198% BID:3.372 ASK:3.374 MID:3.373 P1:3.373 P2:3.373 P3:3.373 P4:3.3735 STATE:IDLE
[2026-05-11 16:52:58Z] CHK MOM:0.01% RANGE:0.04% UP:16.66% SPREAD:0.05931198% BID:3.372 ASK:3.374 MID:3.373 P1:3.373 P2:3.373 P3:3.373 P4:3.3735 STATE:IDLE
[2026-05-11 16:52:59Z] CHK MOM:0.01% RANGE:0.04% UP:16.66% SPREAD:0.05931198% BID:3.372 ASK:3.374 MID:3.373 P1:3.373 P2:3.373 P3:3.373 P4:3.3735 STATE:IDLE
[2026-05-11 16:52:59Z] CHK MOM:0.01% RANGE:0.04% UP:16.66% SPREAD:0.05931198% BID:3.372 ASK:3.374 MID:3.373 P1:3.373 P2:3.373 P3:3.373 P4:3.3735 STATE:IDLE
[2026-05-11 16:53:00Z] CHK MOM:0.01% RANGE:0.04% UP:16.66% SPREAD:0.05931198% BID:3.372 ASK:3.374 MID:3.373 P1:3.373 P2:3.373 P3:3.373 P4:3.3735 STATE:IDLE
[2026-05-11 16:53:02Z] CHK MOM:0.01% RANGE:0.04% UP:14.28% SPREAD:0.05931198% BID:3.372 ASK:3.374 MID:3.373 P1:3.373 P2:3.373 P3:3.373 P4:3.373 STATE:IDLE
[2026-05-11 16:53:02Z] CHK MOM:0.01% RANGE:0.04% UP:12.5% SPREAD:0.05931198% BID:3.372 ASK:3.374 MID:3.373 P1:3.373 P2:3.373 P3:3.373 P4:3.373 STATE:IDLE
[2026-05-11 16:53:03Z] CHK MOM:0.01% RANGE:0.04% UP:12.5% SPREAD:0.05931198% BID:3.372 ASK:3.374 MID:3.373 P1:3.373 P2:3.373 P3:3.373 P4:3.373 STATE:IDLE
[2026-05-11 16:53:03Z] CHK MOM:0.01% RANGE:0.04% UP:12.5% SPREAD:0.05931198% BID:3.372 ASK:3.374 MID:3.373 P1:3.373 P2:3.373 P3:3.373 P4:3.373 STATE:IDLE
[2026-05-11 16:53:04Z] CHK MOM:0.07% RANGE:0.07% UP:22.22% SPREAD:0.05927682% BID:3.374 ASK:3.376 MID:3.375 P1:3.375 P2:3.373 P3:3.373 P4:3.373 STATE:IDLE
[2026-05-11 16:53:04Z] CHK MOM:0.07% RANGE:0.07% UP:22.22% SPREAD:0.05927682% BID:3.374 ASK:3.376 MID:3.375 P1:3.375 P2:3.373 P3:3.373 P4:3.373 STATE:IDLE
[2026-05-11 16:53:05Z] CHK MOM:0.07% RANGE:0.07% UP:22.22% SPREAD:0.05927682% BID:3.374 ASK:3.376 MID:3.375 P1:3.375 P2:3.373 P3:3.373 P4:3.373 STATE:IDLE
[2026-05-11 16:53:05Z] CHK MOM:0.07% RANGE:0.07% UP:22.22% SPREAD:0.05927682% BID:3.374 ASK:3.376 MID:3.375 P1:3.375 P2:3.373 P3:3.373 P4:3.373 STATE:IDLE
[2026-05-11 16:53:06Z] CHK MOM:0.07% RANGE:0.07% UP:22.22% SPREAD:0.05927682% BID:3.374 ASK:3.376 MID:3.375 P1:3.375 P2:3.373 P3:3.373 P4:3.373 STATE:IDLE
[2026-05-11 16:53:07Z] CHK MOM:0.07% RANGE:0.07% UP:22.22% SPREAD:0.05927682% BID:3.374 ASK:3.376 MID:3.375 P1:3.375 P2:3.373 P3:3.373 P4:3.373 STATE:IDLE
[2026-05-11 16:53:09Z] CHK MOM:0.04% RANGE:0.05% UP:20% SPREAD:0.08894159% BID:3.373 ASK:3.376 MID:3.3745 P1:3.3745 P2:3.375 P3:3.373 P4:3.373 STATE:IDLE
[2026-05-11 16:53:10Z] CHK MOM:0.04% RANGE:0.05% UP:20% SPREAD:0.08894159% BID:3.373 ASK:3.376 MID:3.3745 P1:3.3745 P2:3.375 P3:3.373 P4:3.373 STATE:IDLE
[2026-05-11 16:53:10Z] CHK MOM:0.01% RANGE:0.05% UP:20% SPREAD:0.02964719% BID:3.373 ASK:3.374 MID:3.3735 P1:3.3735 P2:3.3745 P3:3.375 P4:3.373 STATE:IDLE
[2026-05-11 16:53:11Z] CHK MOM:0.02% RANGE:0.05% UP:33.33% SPREAD:0.05929439% BID:3.373 ASK:3.375 MID:3.374 P1:3.374 P2:3.3735 P3:3.3745 P4:3.375 STATE:IDLE
[2026-05-11 16:53:11Z] CHK MOM:0.02% RANGE:0.05% UP:33.33% SPREAD:0.05929439% BID:3.373 ASK:3.375 MID:3.374 P1:3.374 P2:3.3735 P3:3.3745 P4:3.375 STATE:IDLE
[2026-05-11 16:53:12Z] CHK MOM:0.02% RANGE:0.05% UP:33.33% SPREAD:0.05929439% BID:3.373 ASK:3.375 MID:3.374 P1:3.374 P2:3.3735 P3:3.3745 P4:3.375 STATE:IDLE
[2026-05-11 16:53:13Z] CHK MOM:0.02% RANGE:0.05% UP:33.33% SPREAD:0.05929439% BID:3.373 ASK:3.375 MID:3.374 P1:3.374 P2:3.3735 P3:3.3745 P4:3.375 STATE:IDLE
[2026-05-11 16:53:13Z] CHK MOM:0.02% RANGE:0.05% UP:33.33% SPREAD:0.05929439% BID:3.373 ASK:3.375 MID:3.374 P1:3.374 P2:3.3735 P3:3.3745 P4:3.375 STATE:IDLE
[2026-05-11 16:53:14Z] CHK MOM:0.02% RANGE:0.05% UP:33.33% SPREAD:0.05929439% BID:3.373 ASK:3.375 MID:3.374 P1:3.374 P2:3.374 P3:3.3735 P4:3.3745 STATE:IDLE
[2026-05-11 16:53:14Z] CHK MOM:0.02% RANGE:0.05% UP:33.33% SPREAD:0.05929439% BID:3.373 ASK:3.375 MID:3.374 P1:3.374 P2:3.374 P3:3.3735 P4:3.3745 STATE:IDLE
[2026-05-11 16:53:15Z] CHK MOM:0.02% RANGE:0.05% UP:33.33% SPREAD:0.05929439% BID:3.373 ASK:3.375 MID:3.374 P1:3.374 P2:3.374 P3:3.3735 P4:3.3745 STATE:IDLE
[2026-05-11 16:53:15Z] CHK MOM:-0.02% RANGE:0.04% UP:20% SPREAD:0.05929439% BID:3.373 ASK:3.375 MID:3.374 P1:3.374 P2:3.374 P3:3.374 P4:3.3735 STATE:IDLE
[2026-05-11 16:53:16Z] CHK MOM:-0.02% RANGE:0.04% UP:20% SPREAD:0.05929439% BID:3.373 ASK:3.375 MID:3.374 P1:3.374 P2:3.374 P3:3.374 P4:3.3735 STATE:IDLE
[2026-05-11 16:53:16Z] CHK MOM:-0.02% RANGE:0.04% UP:20% SPREAD:0.05929439% BID:3.373 ASK:3.375 MID:3.374 P1:3.374 P2:3.374 P3:3.374 P4:3.3735 STATE:IDLE
[2026-05-11 16:53:17Z] CHK MOM:-0.02% RANGE:0.04% UP:20% SPREAD:0.05929439% BID:3.373 ASK:3.375 MID:3.374 P1:3.374 P2:3.374 P3:3.374 P4:3.3735 STATE:IDLE
[2026-05-11 16:53:17Z] CHK MOM:-0.01% RANGE:0.02% UP:20% SPREAD:0.05929439% BID:3.373 ASK:3.375 MID:3.374 P1:3.374 P2:3.374 P3:3.374 P4:3.374 STATE:IDLE
[2026-05-11 16:53:18Z] CHK MOM:-0.01% RANGE:0.02% UP:16.66% SPREAD:0.05929439% BID:3.373 ASK:3.375 MID:3.374 P1:3.374 P2:3.374 P3:3.374 P4:3.374 STATE:IDLE
[2026-05-11 16:53:18Z] CHK MOM:-0.01% RANGE:0.02% UP:16.66% SPREAD:0.05929439% BID:3.373 ASK:3.375 MID:3.374 P1:3.374 P2:3.374 P3:3.374 P4:3.374 STATE:IDLE
[2026-05-11 16:53:19Z] CHK MOM:-0.01% RANGE:0.02% UP:16.66% SPREAD:0.05929439% BID:3.373 ASK:3.375 MID:3.374 P1:3.374 P2:3.374 P3:3.374 P4:3.374 STATE:IDLE
[2026-05-11 16:53:19Z] CHK MOM:-0.01% RANGE:0.02% UP:16.66% SPREAD:0.05929439% BID:3.373 ASK:3.375 MID:3.374 P1:3.374 P2:3.374 P3:3.374 P4:3.374 STATE:IDLE
[2026-05-11 16:53:20Z] CHK MOM:-0.01% RANGE:0.02% UP:16.66% SPREAD:0.05929439% BID:3.373 ASK:3.375 MID:3.374 P1:3.374 P2:3.374 P3:3.374 P4:3.374 STATE:IDLE
[2026-05-11 16:53:21Z] CHK MOM:0.02% RANGE:0.02% UP:33.33% SPREAD:0.02963841% BID:3.374 ASK:3.375 MID:3.3745 P1:3.3745 P2:3.374 P3:3.374 P4:3.374 STATE:IDLE
[2026-05-11 16:53:22Z] CHK MOM:0.02% RANGE:0.02% UP:33.33% SPREAD:0.02963841% BID:3.374 ASK:3.375 MID:3.3745 P1:3.3745 P2:3.374 P3:3.374 P4:3.374 STATE:IDLE
[2026-05-11 16:53:23Z] CHK MOM:0.02% RANGE:0.02% UP:33.33% SPREAD:0.02963841% BID:3.374 ASK:3.375 MID:3.3745 P1:3.3745 P2:3.374 P3:3.374 P4:3.374 STATE:IDLE
[2026-05-11 16:53:23Z] CHK MOM:0% RANGE:0.01% UP:20% SPREAD:0.05929439% BID:3.373 ASK:3.375 MID:3.374 P1:3.374 P2:3.3745 P3:3.374 P4:3.374 STATE:IDLE
[2026-05-11 16:53:24Z] CHK MOM:0% RANGE:0.01% UP:20% SPREAD:0.05929439% BID:3.373 ASK:3.375 MID:3.374 P1:3.374 P2:3.3745 P3:3.374 P4:3.374 STATE:IDLE
[2026-05-11 16:53:24Z] CHK MOM:0.01% RANGE:0.01% UP:33.33% SPREAD:0.02963841% BID:3.374 ASK:3.375 MID:3.3745 P1:3.3745 P2:3.374 P3:3.3745 P4:3.374 STATE:IDLE
[2026-05-11 16:53:25Z] CHK MOM:0.01% RANGE:0.01% UP:33.33% SPREAD:0.02963841% BID:3.374 ASK:3.375 MID:3.3745 P1:3.3745 P2:3.374 P3:3.3745 P4:3.374 STATE:IDLE
[2026-05-11 16:53:25Z] CHK MOM:0.01% RANGE:0.01% UP:33.33% SPREAD:0.02963841% BID:3.374 ASK:3.375 MID:3.3745 P1:3.3745 P2:3.374 P3:3.3745 P4:3.374 STATE:IDLE
[2026-05-11 16:53:26Z] CHK MOM:0.01% RANGE:0.01% UP:33.33% SPREAD:0.02963841% BID:3.374 ASK:3.375 MID:3.3745 P1:3.3745 P2:3.374 P3:3.3745 P4:3.374 STATE:IDLE
[2026-05-11 16:53:26Z] CHK MOM:0.01% RANGE:0.01% UP:33.33% SPREAD:0.02963841% BID:3.374 ASK:3.375 MID:3.3745 P1:3.3745 P2:3.374 P3:3.3745 P4:3.374 STATE:IDLE
