[2026-05-11 17:32:48Z] SESSION_START symbol=LDOUSDC dry_run=0 profile=major strategy=momentum base_url=https://api.binance.com
[2026-05-11 17:32:48Z] TOXIC_MEMORY_LOADED count=4 symbols=GUNUSDC,JTOUSDC,ORDIUSDC,SAHARAUSDC
[2026-05-11 17:32:56Z] CHK MOM:0% RANGE:0% UP:0% SPREAD:0.09903441% BID:0.4039 ASK:0.4043 MID:0.4041 P1:0.4041 P2:NA P3:NA P4:NA STATE:IDLE
[2026-05-11 17:32:57Z] CHK MOM:0% RANGE:0% UP:0% SPREAD:0.09903441% BID:0.4039 ASK:0.4043 MID:0.4041 P1:0.4041 P2:NA P3:NA P4:NA STATE:IDLE
[2026-05-11 17:32:57Z] CHK MOM:0% RANGE:0% UP:0% SPREAD:0.09903441% BID:0.4039 ASK:0.4043 MID:0.4041 P1:0.4041 P2:NA P3:NA P4:NA STATE:IDLE
[2026-05-11 17:32:58Z] CHK MOM:0% RANGE:0% UP:0% SPREAD:0.09903441% BID:0.4039 ASK:0.4043 MID:0.4041 P1:0.4041 P2:NA P3:NA P4:NA STATE:IDLE
[2026-05-11 17:32:58Z] CHK MOM:0% RANGE:0% UP:0% SPREAD:0.09903441% BID:0.4039 ASK:0.4043 MID:0.4041 P1:0.4041 P2:NA P3:NA P4:NA STATE:IDLE
[2026-05-11 17:33:01Z] CHK MOM:-0.01% RANGE:0.01% UP:0% SPREAD:0.12382367% BID:0.4038 ASK:0.4043 MID:0.40405 P1:0.40405 P2:0.4041 P3:NA P4:NA STATE:IDLE
[2026-05-11 17:33:02Z] CHK MOM:-0.01% RANGE:0.01% UP:0% SPREAD:0.12382367% BID:0.4038 ASK:0.4043 MID:0.40405 P1:0.40405 P2:0.40405 P3:0.4041 P4:NA STATE:IDLE
[2026-05-11 17:33:02Z] CHK MOM:0% RANGE:0.01% UP:33.33% SPREAD:0.09903441% BID:0.4039 ASK:0.4043 MID:0.4041 P1:0.4041 P2:0.40405 P3:0.40405 P4:0.4041 STATE:IDLE
[2026-05-11 17:33:03Z] CHK MOM:-0.02% RANGE:0.02% UP:25% SPREAD:0.0495172% BID:0.4039 ASK:0.4041 MID:0.404 P1:0.404 P2:0.4041 P3:0.40405 P4:0.40405 STATE:IDLE
[2026-05-11 17:33:03Z] CHK MOM:-0.02% RANGE:0.02% UP:25% SPREAD:0.0495172% BID:0.4039 ASK:0.4041 MID:0.404 P1:0.404 P2:0.4041 P3:0.40405 P4:0.40405 STATE:IDLE
[2026-05-11 17:33:04Z] CHK MOM:-0.02% RANGE:0.02% UP:20% SPREAD:0.0495172% BID:0.4039 ASK:0.4041 MID:0.404 P1:0.404 P2:0.404 P3:0.4041 P4:0.40405 STATE:IDLE
[2026-05-11 17:33:04Z] CHK MOM:-0.02% RANGE:0.02% UP:16.66% SPREAD:0.0495172% BID:0.4039 ASK:0.4041 MID:0.404 P1:0.404 P2:0.404 P3:0.404 P4:0.4041 STATE:IDLE
[2026-05-11 17:33:05Z] CHK MOM:-0.02% RANGE:0.02% UP:16.66% SPREAD:0.0495172% BID:0.4039 ASK:0.4041 MID:0.404 P1:0.404 P2:0.404 P3:0.404 P4:0.4041 STATE:IDLE
[2026-05-11 17:33:05Z] CHK MOM:-0.02% RANGE:0.02% UP:16.66% SPREAD:0.0495172% BID:0.4039 ASK:0.4041 MID:0.404 P1:0.404 P2:0.404 P3:0.404 P4:0.4041 STATE:IDLE
[2026-05-11 17:33:06Z] CHK MOM:-0.03% RANGE:0.03% UP:14.28% SPREAD:0.0742942% BID:0.4038 ASK:0.4041 MID:0.40395 P1:0.40395 P2:0.404 P3:0.404 P4:0.404 STATE:IDLE
[2026-05-11 17:33:06Z] CHK MOM:-0.02% RANGE:0.03% UP:25% SPREAD:0.0495172% BID:0.4039 ASK:0.4041 MID:0.404 P1:0.404 P2:0.40395 P3:0.404 P4:0.404 STATE:IDLE
[2026-05-11 17:33:07Z] CHK MOM:-0.02% RANGE:0.03% UP:25% SPREAD:0.0495172% BID:0.4039 ASK:0.4041 MID:0.404 P1:0.404 P2:0.40395 P3:0.404 P4:0.404 STATE:IDLE
[2026-05-11 17:33:08Z] CHK MOM:-0.02% RANGE:0.03% UP:25% SPREAD:0.0495172% BID:0.4039 ASK:0.4041 MID:0.404 P1:0.404 P2:0.40395 P3:0.404 P4:0.404 STATE:IDLE
[2026-05-11 17:33:08Z] CHK MOM:-0.02% RANGE:0.03% UP:25% SPREAD:0.0495172% BID:0.4039 ASK:0.4041 MID:0.404 P1:0.404 P2:0.40395 P3:0.404 P4:0.404 STATE:IDLE
[2026-05-11 17:33:09Z] CHK MOM:-0.02% RANGE:0.03% UP:25% SPREAD:0.0495172% BID:0.4039 ASK:0.4041 MID:0.404 P1:0.404 P2:0.40395 P3:0.404 P4:0.404 STATE:IDLE
[2026-05-11 17:33:09Z] CHK MOM:-0.02% RANGE:0.03% UP:25% SPREAD:0.0247586% BID:0.4039 ASK:0.404 MID:0.40395 P1:0.40395 P2:0.404 P3:0.40395 P4:0.404 STATE:IDLE
[2026-05-11 17:33:10Z] CHK MOM:-0.02% RANGE:0.03% UP:25% SPREAD:0.0247586% BID:0.4039 ASK:0.404 MID:0.40395 P1:0.40395 P2:0.404 P3:0.40395 P4:0.404 STATE:IDLE
[2026-05-11 17:33:10Z] CHK MOM:-0.02% RANGE:0.03% UP:25% SPREAD:0.0247586% BID:0.4039 ASK:0.404 MID:0.40395 P1:0.40395 P2:0.404 P3:0.40395 P4:0.404 STATE:IDLE
[2026-05-11 17:33:11Z] CHK MOM:-0.02% RANGE:0.03% UP:25% SPREAD:0.0247586% BID:0.4039 ASK:0.404 MID:0.40395 P1:0.40395 P2:0.404 P3:0.40395 P4:0.404 STATE:IDLE
[2026-05-11 17:33:11Z] CHK MOM:-0.02% RANGE:0.03% UP:25% SPREAD:0.0247586% BID:0.4039 ASK:0.404 MID:0.40395 P1:0.40395 P2:0.404 P3:0.40395 P4:0.404 STATE:IDLE
[2026-05-11 17:33:12Z] CHK MOM:-0.02% RANGE:0.03% UP:25% SPREAD:0.0247586% BID:0.4039 ASK:0.404 MID:0.40395 P1:0.40395 P2:0.404 P3:0.40395 P4:0.404 STATE:IDLE
[2026-05-11 17:33:17Z] CHK MOM:-0.01% RANGE:0.02% UP:33.33% SPREAD:0.04952947% BID:0.4038 ASK:0.404 MID:0.4039 P1:0.4039 P2:0.40395 P3:0.404 P4:0.40395 STATE:IDLE
[2026-05-11 17:33:18Z] CHK MOM:0.02% RANGE:0.03% UP:50% SPREAD:0.07427581% BID:0.4039 ASK:0.4042 MID:0.40405 P1:0.40405 P2:0.4039 P3:0.40395 P4:0.404 STATE:IDLE
[2026-05-11 17:33:18Z] CHK MOM:0.02% RANGE:0.04% UP:50% SPREAD:0.04950495% BID:0.404 ASK:0.4042 MID:0.4041 P1:0.4041 P2:0.40405 P3:0.4039 P4:0.40395 STATE:IDLE
[2026-05-11 17:33:19Z] CHK MOM:0.02% RANGE:0.04% UP:50% SPREAD:0.04950495% BID:0.404 ASK:0.4042 MID:0.4041 P1:0.4041 P2:0.40405 P3:0.4039 P4:0.40395 STATE:IDLE
[2026-05-11 17:33:19Z] CHK MOM:0.02% RANGE:0.04% UP:50% SPREAD:0.04950495% BID:0.404 ASK:0.4042 MID:0.4041 P1:0.4041 P2:0.40405 P3:0.4039 P4:0.40395 STATE:IDLE
[2026-05-11 17:33:20Z] CHK MOM:0.02% RANGE:0.04% UP:50% SPREAD:0.04950495% BID:0.404 ASK:0.4042 MID:0.4041 P1:0.4041 P2:0.40405 P3:0.4039 P4:0.40395 STATE:IDLE
[2026-05-11 17:33:20Z] CHK MOM:0.03% RANGE:0.04% UP:50% SPREAD:0.04950495% BID:0.404 ASK:0.4042 MID:0.4041 P1:0.4041 P2:0.4041 P3:0.40405 P4:0.4039 STATE:IDLE
[2026-05-11 17:33:21Z] CHK MOM:0.03% RANGE:0.04% UP:50% SPREAD:0.04950495% BID:0.404 ASK:0.4042 MID:0.4041 P1:0.4041 P2:0.4041 P3:0.40405 P4:0.4039 STATE:IDLE
[2026-05-11 17:33:21Z] CHK MOM:0.03% RANGE:0.04% UP:50% SPREAD:0.04950495% BID:0.404 ASK:0.4042 MID:0.4041 P1:0.4041 P2:0.4041 P3:0.40405 P4:0.4039 STATE:IDLE
[2026-05-11 17:33:22Z] CHK MOM:0.03% RANGE:0.04% UP:50% SPREAD:0.04950495% BID:0.404 ASK:0.4042 MID:0.4041 P1:0.4041 P2:0.4041 P3:0.40405 P4:0.4039 STATE:IDLE
[2026-05-11 17:33:23Z] CHK MOM:0.03% RANGE:0.04% UP:50% SPREAD:0.04950495% BID:0.404 ASK:0.4042 MID:0.4041 P1:0.4041 P2:0.4041 P3:0.40405 P4:0.4039 STATE:IDLE
[2026-05-11 17:33:27Z] CHK MOM:0.04% RANGE:0.04% UP:50% SPREAD:0.04950495% BID:0.404 ASK:0.4042 MID:0.4041 P1:0.4041 P2:0.4041 P3:0.4041 P4:0.40405 STATE:IDLE
[2026-05-11 17:33:27Z] CHK MOM:0.04% RANGE:0.04% UP:50% SPREAD:0.04950495% BID:0.404 ASK:0.4042 MID:0.4041 P1:0.4041 P2:0.4041 P3:0.4041 P4:0.40405 STATE:IDLE
[2026-05-11 17:33:28Z] CHK MOM:0.06% RANGE:0.06% UP:60% SPREAD:0.07425742% BID:0.404 ASK:0.4043 MID:0.40415 P1:0.40415 P2:0.4041 P3:0.4041 P4:0.4041 STATE:IDLE
[2026-05-11 17:33:29Z] CHK MOM:0.06% RANGE:0.06% UP:60% SPREAD:0.07425742% BID:0.404 ASK:0.4043 MID:0.40415 P1:0.40415 P2:0.4041 P3:0.4041 P4:0.4041 STATE:IDLE
[2026-05-11 17:33:29Z] CHK MOM:0.06% RANGE:0.06% UP:60% SPREAD:0.07425742% BID:0.404 ASK:0.4043 MID:0.40415 P1:0.40415 P2:0.4041 P3:0.4041 P4:0.4041 STATE:IDLE
[2026-05-11 17:33:30Z] CHK MOM:0.06% RANGE:0.06% UP:60% SPREAD:0.07425742% BID:0.404 ASK:0.4043 MID:0.40415 P1:0.40415 P2:0.4041 P3:0.4041 P4:0.4041 STATE:IDLE
[2026-05-11 17:33:30Z] CHK MOM:0.01% RANGE:0.01% UP:33.33% SPREAD:0.07425742% BID:0.404 ASK:0.4043 MID:0.40415 P1:0.40415 P2:0.40415 P3:0.4041 P4:0.4041 STATE:IDLE
[2026-05-11 17:33:31Z] CHK MOM:0% RANGE:0.01% UP:25% SPREAD:0.04950495% BID:0.404 ASK:0.4042 MID:0.4041 P1:0.4041 P2:0.40415 P3:0.40415 P4:0.4041 STATE:IDLE
[2026-05-11 17:33:31Z] CHK MOM:0% RANGE:0.01% UP:20% SPREAD:0.04950495% BID:0.404 ASK:0.4042 MID:0.4041 P1:0.4041 P2:0.4041 P3:0.40415 P4:0.40415 STATE:IDLE
[2026-05-11 17:33:32Z] CHK MOM:0% RANGE:0.01% UP:16.66% SPREAD:0.04950495% BID:0.404 ASK:0.4042 MID:0.4041 P1:0.4041 P2:0.4041 P3:0.4041 P4:0.40415 STATE:IDLE
[2026-05-11 17:33:32Z] CHK MOM:0% RANGE:0.01% UP:16.66% SPREAD:0.04950495% BID:0.404 ASK:0.4042 MID:0.4041 P1:0.4041 P2:0.4041 P3:0.4041 P4:0.4041 STATE:IDLE
[2026-05-11 17:33:33Z] CHK MOM:0% RANGE:0.01% UP:14.28% SPREAD:0.04950495% BID:0.404 ASK:0.4042 MID:0.4041 P1:0.4041 P2:0.4041 P3:0.4041 P4:0.4041 STATE:IDLE
[2026-05-11 17:33:34Z] CHK MOM:0% RANGE:0.01% UP:12.5% SPREAD:0.04950495% BID:0.404 ASK:0.4042 MID:0.4041 P1:0.4041 P2:0.4041 P3:0.4041 P4:0.4041 STATE:IDLE
[2026-05-11 17:33:34Z] CHK MOM:0% RANGE:0.01% UP:11.11% SPREAD:0.04950495% BID:0.404 ASK:0.4042 MID:0.4041 P1:0.4041 P2:0.4041 P3:0.4041 P4:0.4041 STATE:IDLE
[2026-05-11 17:33:35Z] CHK MOM:0% RANGE:0.01% UP:10% SPREAD:0.04950495% BID:0.404 ASK:0.4042 MID:0.4041 P1:0.4041 P2:0.4041 P3:0.4041 P4:0.4041 STATE:IDLE
[2026-05-11 17:33:35Z] CHK MOM:0% RANGE:0.01% UP:9.09% SPREAD:0.04950495% BID:0.404 ASK:0.4042 MID:0.4041 P1:0.4041 P2:0.4041 P3:0.4041 P4:0.4041 STATE:IDLE
[2026-05-11 17:33:36Z] CHK MOM:0% RANGE:0.01% UP:8.33% SPREAD:0.04950495% BID:0.404 ASK:0.4042 MID:0.4041 P1:0.4041 P2:0.4041 P3:0.4041 P4:0.4041 STATE:IDLE
[2026-05-11 17:33:36Z] CHK MOM:-0.01% RANGE:0.02% UP:7.69% SPREAD:0.07427581% BID:0.4039 ASK:0.4042 MID:0.40405 P1:0.40405 P2:0.4041 P3:0.4041 P4:0.4041 STATE:IDLE
[2026-05-11 17:33:37Z] CHK MOM:-0.03% RANGE:0.04% UP:7.14% SPREAD:0.0742942% BID:0.4038 ASK:0.4041 MID:0.40395 P1:0.40395 P2:0.40405 P3:0.4041 P4:0.4041 STATE:IDLE
[2026-05-11 17:33:37Z] CHK MOM:-0.02% RANGE:0.04% UP:13.33% SPREAD:0.0495172% BID:0.4039 ASK:0.4041 MID:0.404 P1:0.404 P2:0.40395 P3:0.40405 P4:0.4041 STATE:IDLE
[2026-05-11 17:33:38Z] CHK MOM:-0.03% RANGE:0.04% UP:12.5% SPREAD:0.0742942% BID:0.4038 ASK:0.4041 MID:0.40395 P1:0.40395 P2:0.404 P3:0.40395 P4:0.40405 STATE:IDLE
[2026-05-11 17:33:38Z] CHK MOM:-0.02% RANGE:0.04% UP:17.64% SPREAD:0.0495172% BID:0.4039 ASK:0.4041 MID:0.404 P1:0.404 P2:0.40395 P3:0.404 P4:0.40395 STATE:IDLE
[2026-05-11 17:33:39Z] CHK MOM:-0.02% RANGE:0.04% UP:17.64% SPREAD:0.0495172% BID:0.4039 ASK:0.4041 MID:0.404 P1:0.404 P2:0.40395 P3:0.404 P4:0.40395 STATE:IDLE
[2026-05-11 17:33:40Z] CHK MOM:-0.02% RANGE:0.04% UP:17.64% SPREAD:0.0495172% BID:0.4039 ASK:0.4041 MID:0.404 P1:0.404 P2:0.40395 P3:0.404 P4:0.40395 STATE:IDLE
[2026-05-11 17:33:40Z] CHK MOM:-0.02% RANGE:0.04% UP:17.64% SPREAD:0.0495172% BID:0.4039 ASK:0.4041 MID:0.404 P1:0.404 P2:0.40395 P3:0.404 P4:0.40395 STATE:IDLE
[2026-05-11 17:33:41Z] CHK MOM:-0.02% RANGE:0.04% UP:17.64% SPREAD:0.0495172% BID:0.4039 ASK:0.4041 MID:0.404 P1:0.404 P2:0.40395 P3:0.404 P4:0.40395 STATE:IDLE
[2026-05-11 17:33:46Z] CHK MOM:-0.01% RANGE:0.03% UP:30% SPREAD:0.07427581% BID:0.4039 ASK:0.4042 MID:0.40405 P1:0.40405 P2:0.404 P3:0.40395 P4:0.404 STATE:IDLE
[2026-05-11 17:33:46Z] CHK MOM:-0.01% RANGE:0.03% UP:30% SPREAD:0.07427581% BID:0.4039 ASK:0.4042 MID:0.40405 P1:0.40405 P2:0.404 P3:0.40395 P4:0.404 STATE:IDLE
[2026-05-11 17:33:47Z] CHK MOM:-0.01% RANGE:0.03% UP:30% SPREAD:0.07427581% BID:0.4039 ASK:0.4042 MID:0.40405 P1:0.40405 P2:0.404 P3:0.40395 P4:0.404 STATE:IDLE
[2026-05-11 17:33:47Z] CHK MOM:-0.01% RANGE:0.03% UP:30% SPREAD:0.07427581% BID:0.4039 ASK:0.4042 MID:0.40405 P1:0.40405 P2:0.404 P3:0.40395 P4:0.404 STATE:IDLE
[2026-05-11 17:33:48Z] CHK MOM:-0.01% RANGE:0.03% UP:30% SPREAD:0.07427581% BID:0.4039 ASK:0.4042 MID:0.40405 P1:0.40405 P2:0.404 P3:0.40395 P4:0.404 STATE:IDLE
[2026-05-11 17:33:50Z] CHK MOM:0.03% RANGE:0.03% UP:100% SPREAD:0.04949269% BID:0.4041 ASK:0.4043 MID:0.4042 P1:0.4042 P2:0.40405 P3:0.404 P4:0.40395 STATE:IDLE
[2026-05-11 17:33:51Z] CHK MOM:0.03% RANGE:0.03% UP:100% SPREAD:0.04949269% BID:0.4041 ASK:0.4043 MID:0.4042 P1:0.4042 P2:0.40405 P3:0.404 P4:0.40395 STATE:IDLE
[2026-05-11 17:33:52Z] CHK MOM:0.03% RANGE:0.03% UP:100% SPREAD:0.04949269% BID:0.4041 ASK:0.4043 MID:0.4042 P1:0.4042 P2:0.40405 P3:0.404 P4:0.40395 STATE:IDLE
[2026-05-11 17:33:52Z] CHK MOM:0.03% RANGE:0.03% UP:50% SPREAD:0.04949269% BID:0.4041 ASK:0.4043 MID:0.4042 P1:0.4042 P2:0.4042 P3:0.40405 P4:0.404 STATE:IDLE
[2026-05-11 17:33:53Z] CHK MOM:0.03% RANGE:0.03% UP:50% SPREAD:0.04949269% BID:0.4041 ASK:0.4043 MID:0.4042 P1:0.4042 P2:0.4042 P3:0.40405 P4:0.404 STATE:IDLE
[2026-05-11 17:33:53Z] CHK MOM:0.03% RANGE:0.03% UP:50% SPREAD:0.04949269% BID:0.4041 ASK:0.4043 MID:0.4042 P1:0.4042 P2:0.4042 P3:0.40405 P4:0.404 STATE:IDLE
[2026-05-11 17:33:54Z] CHK MOM:0.03% RANGE:0.03% UP:50% SPREAD:0.04949269% BID:0.4041 ASK:0.4043 MID:0.4042 P1:0.4042 P2:0.4042 P3:0.40405 P4:0.404 STATE:IDLE
[2026-05-11 17:33:54Z] CHK MOM:0.01% RANGE:0.03% UP:33.33% SPREAD:0.04950495% BID:0.404 ASK:0.4042 MID:0.4041 P1:0.4041 P2:0.4042 P3:0.4042 P4:0.40405 STATE:IDLE
[2026-05-11 17:33:55Z] CHK MOM:0.01% RANGE:0.03% UP:33.33% SPREAD:0.04950495% BID:0.404 ASK:0.4042 MID:0.4041 P1:0.4041 P2:0.4042 P3:0.4042 P4:0.40405 STATE:IDLE
[2026-05-11 17:33:55Z] CHK MOM:-0.02% RANGE:0.06% UP:25% SPREAD:0.0247586% BID:0.4039 ASK:0.404 MID:0.40395 P1:0.40395 P2:0.4041 P3:0.4042 P4:0.4042 STATE:IDLE
[2026-05-11 17:33:56Z] CHK MOM:-0.03% RANGE:0.07% UP:20% SPREAD:0.04952947% BID:0.4038 ASK:0.404 MID:0.4039 P1:0.4039 P2:0.40395 P3:0.4041 P4:0.4042 STATE:IDLE
[2026-05-11 17:33:57Z] CHK MOM:-0.03% RANGE:0.07% UP:20% SPREAD:0.04952947% BID:0.4038 ASK:0.404 MID:0.4039 P1:0.4039 P2:0.40395 P3:0.4041 P4:0.4042 STATE:IDLE
[2026-05-11 17:33:57Z] CHK MOM:-0.04% RANGE:0.08% UP:16.66% SPREAD:0.02476473% BID:0.4038 ASK:0.4039 MID:0.40385 P1:0.40385 P2:0.4039 P3:0.40395 P4:0.4041 STATE:IDLE
[2026-05-11 17:33:58Z] CHK MOM:-0.07% RANGE:0.08% UP:16.66% SPREAD:0.04952947% BID:0.4038 ASK:0.404 MID:0.4039 P1:0.4039 P2:0.40385 P3:0.4039 P4:0.40395 STATE:IDLE
[2026-05-11 17:33:58Z] CHK MOM:-0.07% RANGE:0.08% UP:16.66% SPREAD:0.04952947% BID:0.4038 ASK:0.404 MID:0.4039 P1:0.4039 P2:0.40385 P3:0.4039 P4:0.40395 STATE:IDLE
[2026-05-11 17:33:59Z] CHK MOM:-0.07% RANGE:0.08% UP:16.66% SPREAD:0.04952947% BID:0.4038 ASK:0.404 MID:0.4039 P1:0.4039 P2:0.40385 P3:0.4039 P4:0.40395 STATE:IDLE
[2026-05-11 17:33:59Z] CHK MOM:-0.07% RANGE:0.08% UP:16.66% SPREAD:0.04952947% BID:0.4038 ASK:0.404 MID:0.4039 P1:0.4039 P2:0.40385 P3:0.4039 P4:0.40395 STATE:IDLE
[2026-05-11 17:34:00Z] CHK MOM:-0.07% RANGE:0.08% UP:16.66% SPREAD:0.04952947% BID:0.4038 ASK:0.404 MID:0.4039 P1:0.4039 P2:0.40385 P3:0.4039 P4:0.40395 STATE:IDLE
[2026-05-11 17:34:00Z] CHK MOM:-0.07% RANGE:0.08% UP:16.66% SPREAD:0.04952947% BID:0.4038 ASK:0.404 MID:0.4039 P1:0.4039 P2:0.40385 P3:0.4039 P4:0.40395 STATE:IDLE
[2026-05-11 17:34:01Z] CHK MOM:-0.08% RANGE:0.08% UP:14.28% SPREAD:0.02476473% BID:0.4038 ASK:0.4039 MID:0.40385 P1:0.40385 P2:0.4039 P3:0.40385 P4:0.4039 STATE:IDLE
[2026-05-11 17:34:02Z] CHK MOM:-0.08% RANGE:0.08% UP:14.28% SPREAD:0.02476473% BID:0.4038 ASK:0.4039 MID:0.40385 P1:0.40385 P2:0.4039 P3:0.40385 P4:0.4039 STATE:IDLE
[2026-05-11 17:34:02Z] CHK MOM:-0.08% RANGE:0.08% UP:12.5% SPREAD:0.02476473% BID:0.4038 ASK:0.4039 MID:0.40385 P1:0.40385 P2:0.40385 P3:0.4039 P4:0.40385 STATE:IDLE
[2026-05-11 17:34:03Z] CHK MOM:-0.08% RANGE:0.08% UP:12.5% SPREAD:0.02476473% BID:0.4038 ASK:0.4039 MID:0.40385 P1:0.40385 P2:0.40385 P3:0.4039 P4:0.40385 STATE:IDLE
[2026-05-11 17:34:03Z] CHK MOM:-0.08% RANGE:0.08% UP:12.5% SPREAD:0.02476473% BID:0.4038 ASK:0.4039 MID:0.40385 P1:0.40385 P2:0.40385 P3:0.4039 P4:0.40385 STATE:IDLE
[2026-05-11 17:34:04Z] CHK MOM:-0.08% RANGE:0.08% UP:12.5% SPREAD:0.02476473% BID:0.4038 ASK:0.4039 MID:0.40385 P1:0.40385 P2:0.40385 P3:0.40385 P4:0.4039 STATE:IDLE
[2026-05-11 17:34:04Z] CHK MOM:-0.08% RANGE:0.08% UP:12.5% SPREAD:0.02476473% BID:0.4038 ASK:0.4039 MID:0.40385 P1:0.40385 P2:0.40385 P3:0.40385 P4:0.4039 STATE:IDLE
[2026-05-11 17:34:05Z] CHK MOM:-0.08% RANGE:0.08% UP:12.5% SPREAD:0.02476473% BID:0.4038 ASK:0.4039 MID:0.40385 P1:0.40385 P2:0.40385 P3:0.40385 P4:0.4039 STATE:IDLE
[2026-05-11 17:34:05Z] CHK MOM:-0.08% RANGE:0.08% UP:12.5% SPREAD:0.02476473% BID:0.4038 ASK:0.4039 MID:0.40385 P1:0.40385 P2:0.40385 P3:0.40385 P4:0.4039 STATE:IDLE
[2026-05-11 17:34:06Z] CHK MOM:-0.08% RANGE:0.08% UP:12.5% SPREAD:0.02476473% BID:0.4038 ASK:0.4039 MID:0.40385 P1:0.40385 P2:0.40385 P3:0.40385 P4:0.4039 STATE:IDLE
[2026-05-11 17:34:06Z] CHK MOM:-0.08% RANGE:0.08% UP:12.5% SPREAD:0.02476473% BID:0.4038 ASK:0.4039 MID:0.40385 P1:0.40385 P2:0.40385 P3:0.40385 P4:0.4039 STATE:IDLE
[2026-05-11 17:34:07Z] CHK MOM:-0.07% RANGE:0.07% UP:14.28% SPREAD:0.024777% BID:0.4036 ASK:0.4037 MID:0.40365 P1:0.40365 P2:0.40385 P3:0.40385 P4:0.40385 STATE:IDLE
[2026-05-11 17:34:08Z] CHK MOM:-0.07% RANGE:0.07% UP:14.28% SPREAD:0.024777% BID:0.4036 ASK:0.4037 MID:0.40365 P1:0.40365 P2:0.40385 P3:0.40385 P4:0.40385 STATE:IDLE
[2026-05-11 17:34:08Z] CHK MOM:-0.07% RANGE:0.07% UP:14.28% SPREAD:0.024777% BID:0.4036 ASK:0.4037 MID:0.40365 P1:0.40365 P2:0.40385 P3:0.40385 P4:0.40385 STATE:IDLE
[2026-05-11 17:34:09Z] CHK MOM:-0.07% RANGE:0.07% UP:14.28% SPREAD:0.024777% BID:0.4036 ASK:0.4037 MID:0.40365 P1:0.40365 P2:0.40385 P3:0.40385 P4:0.40385 STATE:IDLE
[2026-05-11 17:34:09Z] CHK MOM:-0.07% RANGE:0.07% UP:14.28% SPREAD:0.024777% BID:0.4036 ASK:0.4037 MID:0.40365 P1:0.40365 P2:0.40385 P3:0.40385 P4:0.40385 STATE:IDLE
[2026-05-11 17:34:10Z] CHK MOM:-0.01% RANGE:0.04% UP:25% SPREAD:0.09910802% BID:0.4036 ASK:0.404 MID:0.4038 P1:0.4038 P2:0.40365 P3:0.40385 P4:0.40385 STATE:IDLE
[2026-05-11 17:34:10Z] CHK MOM:-0.01% RANGE:0.04% UP:25% SPREAD:0.09910802% BID:0.4036 ASK:0.404 MID:0.4038 P1:0.4038 P2:0.40365 P3:0.40385 P4:0.40385 STATE:IDLE
[2026-05-11 17:34:11Z] CHK MOM:-0.01% RANGE:0.04% UP:25% SPREAD:0.09910802% BID:0.4036 ASK:0.404 MID:0.4038 P1:0.4038 P2:0.40365 P3:0.40385 P4:0.40385 STATE:IDLE
[2026-05-11 17:34:11Z] CHK MOM:-0.01% RANGE:0.04% UP:25% SPREAD:0.09910802% BID:0.4036 ASK:0.404 MID:0.4038 P1:0.4038 P2:0.40365 P3:0.40385 P4:0.40385 STATE:IDLE
[2026-05-11 17:34:12Z] CHK MOM:-0.01% RANGE:0.04% UP:25% SPREAD:0.09910802% BID:0.4036 ASK:0.404 MID:0.4038 P1:0.4038 P2:0.40365 P3:0.40385 P4:0.40385 STATE:IDLE
[2026-05-11 17:34:18Z] CHK MOM:0.06% RANGE:0.06% UP:100% SPREAD:0.04952947% BID:0.4038 ASK:0.404 MID:0.4039 P1:0.4039 P2:0.4038 P3:0.40365 P4:0.40385 STATE:IDLE
[2026-05-11 17:34:19Z] CHK MOM:0.06% RANGE:0.06% UP:100% SPREAD:0.04952947% BID:0.4038 ASK:0.404 MID:0.4039 P1:0.4039 P2:0.4038 P3:0.40365 P4:0.40385 STATE:IDLE
[2026-05-11 17:34:19Z] CHK MOM:0.06% RANGE:0.06% UP:100% SPREAD:0.04952947% BID:0.4038 ASK:0.404 MID:0.4039 P1:0.4039 P2:0.4038 P3:0.40365 P4:0.40385 STATE:IDLE
[2026-05-11 17:34:20Z] CHK MOM:0.01% RANGE:0.02% UP:50% SPREAD:0.0743126% BID:0.4037 ASK:0.404 MID:0.40385 P1:0.40385 P2:0.4039 P3:0.4038 P4:0.40365 STATE:IDLE
[2026-05-11 17:34:20Z] CHK MOM:0.01% RANGE:0.02% UP:50% SPREAD:0.0743126% BID:0.4037 ASK:0.404 MID:0.40385 P1:0.40385 P2:0.4039 P3:0.4038 P4:0.40365 STATE:IDLE
[2026-05-11 17:34:21Z] CHK MOM:0.01% RANGE:0.02% UP:50% SPREAD:0.0743126% BID:0.4037 ASK:0.404 MID:0.40385 P1:0.40385 P2:0.4039 P3:0.4038 P4:0.40365 STATE:IDLE
[2026-05-11 17:34:21Z] CHK MOM:0.01% RANGE:0.02% UP:50% SPREAD:0.0743126% BID:0.4037 ASK:0.404 MID:0.40385 P1:0.40385 P2:0.4039 P3:0.4038 P4:0.40365 STATE:IDLE
[2026-05-11 17:34:22Z] CHK MOM:-0.04% RANGE:0.04% UP:0% SPREAD:0.04955401% BID:0.4036 ASK:0.4038 MID:0.4037 P1:0.4037 P2:0.40385 P3:0.4039 P4:0.4038 STATE:IDLE
[2026-05-11 17:34:22Z] CHK MOM:-0.04% RANGE:0.04% UP:0% SPREAD:0.04955401% BID:0.4036 ASK:0.4038 MID:0.4037 P1:0.4037 P2:0.40385 P3:0.4039 P4:0.4038 STATE:IDLE
[2026-05-11 17:34:23Z] CHK MOM:-0.04% RANGE:0.04% UP:0% SPREAD:0.04955401% BID:0.4036 ASK:0.4038 MID:0.4037 P1:0.4037 P2:0.4037 P3:0.40385 P4:0.4039 STATE:IDLE
[2026-05-11 17:34:24Z] CHK MOM:-0.04% RANGE:0.04% UP:0% SPREAD:0.04955401% BID:0.4036 ASK:0.4038 MID:0.4037 P1:0.4037 P2:0.4037 P3:0.40385 P4:0.4039 STATE:IDLE
[2026-05-11 17:34:24Z] CHK MOM:-0.04% RANGE:0.04% UP:0% SPREAD:0.04955401% BID:0.4036 ASK:0.4038 MID:0.4037 P1:0.4037 P2:0.4037 P3:0.40385 P4:0.4039 STATE:IDLE
[2026-05-11 17:34:25Z] CHK MOM:-0.01% RANGE:0.04% UP:25% SPREAD:0.0743126% BID:0.4037 ASK:0.404 MID:0.40385 P1:0.40385 P2:0.4037 P3:0.4037 P4:0.40385 STATE:IDLE
[2026-05-11 17:34:25Z] CHK MOM:0.02% RANGE:0.07% UP:40% SPREAD:0.09905894% BID:0.4038 ASK:0.4042 MID:0.404 P1:0.404 P2:0.40385 P3:0.4037 P4:0.4037 STATE:IDLE
[2026-05-11 17:34:26Z] CHK MOM:0.01% RANGE:0.07% UP:33.33% SPREAD:0.0742942% BID:0.4038 ASK:0.4041 MID:0.40395 P1:0.40395 P2:0.404 P3:0.40385 P4:0.4037 STATE:IDLE
[2026-05-11 17:34:26Z] CHK MOM:0% RANGE:0.07% UP:28.57% SPREAD:0.09908347% BID:0.4037 ASK:0.4041 MID:0.4039 P1:0.4039 P2:0.40395 P3:0.404 P4:0.40385 STATE:IDLE
[2026-05-11 17:34:27Z] CHK MOM:-0.01% RANGE:0.07% UP:25% SPREAD:0.0743126% BID:0.4037 ASK:0.404 MID:0.40385 P1:0.40385 P2:0.4039 P3:0.40395 P4:0.404 STATE:IDLE
[2026-05-11 17:34:27Z] CHK MOM:-0.01% RANGE:0.07% UP:25% SPREAD:0.0743126% BID:0.4037 ASK:0.404 MID:0.40385 P1:0.40385 P2:0.4039 P3:0.40395 P4:0.404 STATE:IDLE
[2026-05-11 17:34:28Z] CHK MOM:-0.01% RANGE:0.07% UP:25% SPREAD:0.0743126% BID:0.4037 ASK:0.404 MID:0.40385 P1:0.40385 P2:0.4039 P3:0.40395 P4:0.404 STATE:IDLE
[2026-05-11 17:34:28Z] CHK MOM:-0.02% RANGE:0.07% UP:22.22% SPREAD:0.09910802% BID:0.4036 ASK:0.404 MID:0.4038 P1:0.4038 P2:0.40385 P3:0.4039 P4:0.40395 STATE:IDLE
[2026-05-11 17:34:29Z] CHK MOM:-0.02% RANGE:0.07% UP:22.22% SPREAD:0.09910802% BID:0.4036 ASK:0.404 MID:0.4038 P1:0.4038 P2:0.40385 P3:0.4039 P4:0.40395 STATE:IDLE
[2026-05-11 17:34:30Z] CHK MOM:-0.02% RANGE:0.07% UP:22.22% SPREAD:0.09910802% BID:0.4036 ASK:0.404 MID:0.4038 P1:0.4038 P2:0.40385 P3:0.4039 P4:0.40395 STATE:IDLE
[2026-05-11 17:34:30Z] CHK MOM:-0.02% RANGE:0.07% UP:22.22% SPREAD:0.09910802% BID:0.4036 ASK:0.404 MID:0.4038 P1:0.4038 P2:0.40385 P3:0.4039 P4:0.40395 STATE:IDLE
[2026-05-11 17:34:31Z] CHK MOM:-0.02% RANGE:0.07% UP:22.22% SPREAD:0.09910802% BID:0.4036 ASK:0.404 MID:0.4038 P1:0.4038 P2:0.40385 P3:0.4039 P4:0.40395 STATE:IDLE
[2026-05-11 17:34:46Z] CHK MOM:0% RANGE:0% UP:0% SPREAD:0.0743126% BID:0.4037 ASK:0.404 MID:0.40385 P1:0.40385 P2:0.4038 P3:0.40385 P4:0.4039 STATE:IDLE
