[2026-05-11 15:18:23Z] SESSION_START symbol=OPUSDC dry_run=0 profile=major strategy=momentum base_url=https://api.binance.com
[2026-05-11 15:18:23Z] TOXIC_MEMORY_LOADED count=4 symbols=GUNUSDC,JTOUSDC,ORDIUSDC,SAHARAUSDC
[2026-05-11 15:18:24Z] CHK MOM:0% RANGE:0% UP:0% SPREAD:0.12746972% BID:0.1569 ASK:0.1571 MID:0.157 P1:0.157 P2:NA P3:NA P4:NA STATE:IDLE
[2026-05-11 15:18:25Z] CHK MOM:0.03% RANGE:0.03% UP:100% SPREAD:0.06369426% BID:0.157 ASK:0.1571 MID:0.15705 P1:0.15705 P2:0.157 P3:NA P4:NA STATE:IDLE
[2026-05-11 15:18:25Z] CHK MOM:0.03% RANGE:0.03% UP:50% SPREAD:0.06369426% BID:0.157 ASK:0.1571 MID:0.15705 P1:0.15705 P2:0.15705 P3:0.157 P4:NA STATE:IDLE
[2026-05-11 15:18:26Z] CHK MOM:0.03% RANGE:0.03% UP:33.33% SPREAD:0.06369426% BID:0.157 ASK:0.1571 MID:0.15705 P1:0.15705 P2:0.15705 P3:0.15705 P4:0.157 STATE:IDLE
[2026-05-11 15:18:26Z] CHK MOM:0.03% RANGE:0.03% UP:25% SPREAD:0.06369426% BID:0.157 ASK:0.1571 MID:0.15705 P1:0.15705 P2:0.15705 P3:0.15705 P4:0.15705 STATE:IDLE
[2026-05-11 15:18:27Z] CHK MOM:0.03% RANGE:0.03% UP:20% SPREAD:0.06369426% BID:0.157 ASK:0.1571 MID:0.15705 P1:0.15705 P2:0.15705 P3:0.15705 P4:0.15705 STATE:IDLE
[2026-05-11 15:18:27Z] CHK MOM:0.03% RANGE:0.03% UP:16.66% SPREAD:0.06369426% BID:0.157 ASK:0.1571 MID:0.15705 P1:0.15705 P2:0.15705 P3:0.15705 P4:0.15705 STATE:IDLE
[2026-05-11 15:18:28Z] CHK MOM:0.03% RANGE:0.03% UP:14.28% SPREAD:0.06369426% BID:0.157 ASK:0.1571 MID:0.15705 P1:0.15705 P2:0.15705 P3:0.15705 P4:0.15705 STATE:IDLE
[2026-05-11 15:18:28Z] CHK MOM:0.03% RANGE:0.03% UP:14.28% SPREAD:0.06369426% BID:0.157 ASK:0.1571 MID:0.15705 P1:0.15705 P2:0.15705 P3:0.15705 P4:0.15705 STATE:IDLE
[2026-05-11 15:18:29Z] CHK MOM:0.03% RANGE:0.03% UP:14.28% SPREAD:0.06369426% BID:0.157 ASK:0.1571 MID:0.15705 P1:0.15705 P2:0.15705 P3:0.15705 P4:0.15705 STATE:IDLE
[2026-05-11 15:18:30Z] CHK MOM:0.03% RANGE:0.03% UP:12.5% SPREAD:0.06369426% BID:0.157 ASK:0.1571 MID:0.15705 P1:0.15705 P2:0.15705 P3:0.15705 P4:0.15705 STATE:IDLE
[2026-05-11 15:18:30Z] CHK MOM:-0.03% RANGE:0.06% UP:11.11% SPREAD:0.06373486% BID:0.1569 ASK:0.157 MID:0.15695 P1:0.15695 P2:0.15705 P3:0.15705 P4:0.15705 STATE:IDLE
[2026-05-11 15:18:31Z] CHK MOM:-0.03% RANGE:0.06% UP:11.11% SPREAD:0.06373486% BID:0.1569 ASK:0.157 MID:0.15695 P1:0.15695 P2:0.15705 P3:0.15705 P4:0.15705 STATE:IDLE
[2026-05-11 15:18:31Z] CHK MOM:-0.03% RANGE:0.06% UP:10% SPREAD:0.06373486% BID:0.1569 ASK:0.157 MID:0.15695 P1:0.15695 P2:0.15695 P3:0.15705 P4:0.15705 STATE:IDLE
[2026-05-11 15:18:32Z] CHK MOM:-0.03% RANGE:0.06% UP:9.09% SPREAD:0.06373486% BID:0.1569 ASK:0.157 MID:0.15695 P1:0.15695 P2:0.15695 P3:0.15695 P4:0.15705 STATE:IDLE
[2026-05-11 15:18:32Z] CHK MOM:-0.03% RANGE:0.06% UP:8.33% SPREAD:0.06373486% BID:0.1569 ASK:0.157 MID:0.15695 P1:0.15695 P2:0.15695 P3:0.15695 P4:0.15695 STATE:IDLE
[2026-05-11 15:18:33Z] CHK MOM:-0.03% RANGE:0.06% UP:8.33% SPREAD:0.06373486% BID:0.1569 ASK:0.157 MID:0.15695 P1:0.15695 P2:0.15695 P3:0.15695 P4:0.15695 STATE:IDLE
[2026-05-11 15:18:33Z] CHK MOM:-0.03% RANGE:0.06% UP:8.33% SPREAD:0.06373486% BID:0.1569 ASK:0.157 MID:0.15695 P1:0.15695 P2:0.15695 P3:0.15695 P4:0.15695 STATE:IDLE
[2026-05-11 15:18:34Z] CHK MOM:-0.03% RANGE:0.06% UP:8.33% SPREAD:0.06373486% BID:0.1569 ASK:0.157 MID:0.15695 P1:0.15695 P2:0.15695 P3:0.15695 P4:0.15695 STATE:IDLE
[2026-05-11 15:18:34Z] CHK MOM:-0.03% RANGE:0.06% UP:8.33% SPREAD:0.06373486% BID:0.1569 ASK:0.157 MID:0.15695 P1:0.15695 P2:0.15695 P3:0.15695 P4:0.15695 STATE:IDLE
[2026-05-11 15:18:35Z] CHK MOM:-0.03% RANGE:0.06% UP:8.33% SPREAD:0.06373486% BID:0.1569 ASK:0.157 MID:0.15695 P1:0.15695 P2:0.15695 P3:0.15695 P4:0.15695 STATE:IDLE
[2026-05-11 15:18:36Z] CHK MOM:0.03% RANGE:0.06% UP:15.38% SPREAD:0.06369426% BID:0.157 ASK:0.1571 MID:0.15705 P1:0.15705 P2:0.15695 P3:0.15695 P4:0.15695 STATE:IDLE
[2026-05-11 15:18:36Z] CHK MOM:0% RANGE:0.06% UP:7.69% SPREAD:0.06369426% BID:0.157 ASK:0.1571 MID:0.15705 P1:0.15705 P2:0.15705 P3:0.15695 P4:0.15695 STATE:IDLE
[2026-05-11 15:18:37Z] CHK MOM:0% RANGE:0.06% UP:7.69% SPREAD:0.06369426% BID:0.157 ASK:0.1571 MID:0.15705 P1:0.15705 P2:0.15705 P3:0.15695 P4:0.15695 STATE:IDLE
[2026-05-11 15:18:37Z] CHK MOM:0% RANGE:0.06% UP:7.69% SPREAD:0.06369426% BID:0.157 ASK:0.1571 MID:0.15705 P1:0.15705 P2:0.15705 P3:0.15695 P4:0.15695 STATE:IDLE
[2026-05-11 15:18:38Z] CHK MOM:0% RANGE:0.06% UP:7.69% SPREAD:0.06369426% BID:0.157 ASK:0.1571 MID:0.15705 P1:0.15705 P2:0.15705 P3:0.15695 P4:0.15695 STATE:IDLE
[2026-05-11 15:18:38Z] CHK MOM:0% RANGE:0.06% UP:9.09% SPREAD:0.06369426% BID:0.157 ASK:0.1571 MID:0.15705 P1:0.15705 P2:0.15705 P3:0.15705 P4:0.15695 STATE:IDLE
[2026-05-11 15:18:39Z] CHK MOM:0% RANGE:0.06% UP:9.09% SPREAD:0.06369426% BID:0.157 ASK:0.1571 MID:0.15705 P1:0.15705 P2:0.15705 P3:0.15705 P4:0.15705 STATE:IDLE
[2026-05-11 15:18:39Z] CHK MOM:0% RANGE:0.06% UP:9.09% SPREAD:0.06369426% BID:0.157 ASK:0.1571 MID:0.15705 P1:0.15705 P2:0.15705 P3:0.15705 P4:0.15705 STATE:IDLE
[2026-05-11 15:18:40Z] CHK MOM:0% RANGE:0.06% UP:9.09% SPREAD:0.06369426% BID:0.157 ASK:0.1571 MID:0.15705 P1:0.15705 P2:0.15705 P3:0.15705 P4:0.15705 STATE:IDLE
[2026-05-11 15:18:41Z] CHK MOM:0% RANGE:0.06% UP:10% SPREAD:0.06369426% BID:0.157 ASK:0.1571 MID:0.15705 P1:0.15705 P2:0.15705 P3:0.15705 P4:0.15705 STATE:IDLE
[2026-05-11 15:18:41Z] CHK MOM:0% RANGE:0.06% UP:9.09% SPREAD:0.06369426% BID:0.157 ASK:0.1571 MID:0.15705 P1:0.15705 P2:0.15705 P3:0.15705 P4:0.15705 STATE:IDLE
[2026-05-11 15:18:42Z] CHK MOM:0.06% RANGE:0.06% UP:9.09% SPREAD:0.06369426% BID:0.157 ASK:0.1571 MID:0.15705 P1:0.15705 P2:0.15705 P3:0.15705 P4:0.15705 STATE:IDLE
[2026-05-11 15:18:42Z] CHK MOM:0.06% RANGE:0.06% UP:9.09% SPREAD:0.06369426% BID:0.157 ASK:0.1571 MID:0.15705 P1:0.15705 P2:0.15705 P3:0.15705 P4:0.15705 STATE:IDLE
[2026-05-11 15:18:43Z] CHK MOM:0.06% RANGE:0.06% UP:9.09% SPREAD:0.06369426% BID:0.157 ASK:0.1571 MID:0.15705 P1:0.15705 P2:0.15705 P3:0.15705 P4:0.15705 STATE:IDLE
[2026-05-11 15:18:43Z] CHK MOM:0% RANGE:0.06% UP:8.33% SPREAD:0.06373486% BID:0.1569 ASK:0.157 MID:0.15695 P1:0.15695 P2:0.15705 P3:0.15705 P4:0.15705 STATE:IDLE
[2026-05-11 15:18:44Z] CHK MOM:0% RANGE:0.06% UP:8.33% SPREAD:0.06373486% BID:0.1569 ASK:0.157 MID:0.15695 P1:0.15695 P2:0.15705 P3:0.15705 P4:0.15705 STATE:IDLE
[2026-05-11 15:18:44Z] CHK MOM:0% RANGE:0.06% UP:10% SPREAD:0.06369426% BID:0.157 ASK:0.1571 MID:0.15705 P1:0.15705 P2:0.15695 P3:0.15705 P4:0.15705 STATE:IDLE
[2026-05-11 15:18:45Z] CHK MOM:0% RANGE:0.06% UP:9.09% SPREAD:0.06369426% BID:0.157 ASK:0.1571 MID:0.15705 P1:0.15705 P2:0.15705 P3:0.15695 P4:0.15705 STATE:IDLE
[2026-05-11 15:18:45Z] CHK MOM:0% RANGE:0.06% UP:9.09% SPREAD:0.06369426% BID:0.157 ASK:0.1571 MID:0.15705 P1:0.15705 P2:0.15705 P3:0.15695 P4:0.15705 STATE:IDLE
[2026-05-11 15:18:46Z] CHK MOM:0% RANGE:0.06% UP:8.33% SPREAD:0.06369426% BID:0.157 ASK:0.1571 MID:0.15705 P1:0.15705 P2:0.15705 P3:0.15705 P4:0.15695 STATE:IDLE
[2026-05-11 15:18:47Z] CHK MOM:0% RANGE:0.06% UP:8.33% SPREAD:0.06369426% BID:0.157 ASK:0.1571 MID:0.15705 P1:0.15705 P2:0.15705 P3:0.15705 P4:0.15695 STATE:IDLE
[2026-05-11 15:18:47Z] CHK MOM:0% RANGE:0.06% UP:8.33% SPREAD:0.06369426% BID:0.157 ASK:0.1571 MID:0.15705 P1:0.15705 P2:0.15705 P3:0.15705 P4:0.15695 STATE:IDLE
[2026-05-11 15:18:48Z] CHK MOM:0% RANGE:0.06% UP:8.33% SPREAD:0.06369426% BID:0.157 ASK:0.1571 MID:0.15705 P1:0.15705 P2:0.15705 P3:0.15705 P4:0.15695 STATE:IDLE
[2026-05-11 15:18:48Z] CHK MOM:0% RANGE:0.06% UP:9.09% SPREAD:0.06369426% BID:0.157 ASK:0.1571 MID:0.15705 P1:0.15705 P2:0.15705 P3:0.15705 P4:0.15705 STATE:IDLE
[2026-05-11 15:18:49Z] CHK MOM:0% RANGE:0.06% UP:8.33% SPREAD:0.06369426% BID:0.157 ASK:0.1571 MID:0.15705 P1:0.15705 P2:0.15705 P3:0.15705 P4:0.15705 STATE:IDLE
[2026-05-11 15:18:49Z] CHK MOM:0% RANGE:0.06% UP:7.69% SPREAD:0.06369426% BID:0.157 ASK:0.1571 MID:0.15705 P1:0.15705 P2:0.15705 P3:0.15705 P4:0.15705 STATE:IDLE
[2026-05-11 15:18:50Z] CHK MOM:0% RANGE:0.06% UP:7.14% SPREAD:0.06369426% BID:0.157 ASK:0.1571 MID:0.15705 P1:0.15705 P2:0.15705 P3:0.15705 P4:0.15705 STATE:IDLE
[2026-05-11 15:18:50Z] CHK MOM:-0.06% RANGE:0.06% UP:6.66% SPREAD:0.06373486% BID:0.1569 ASK:0.157 MID:0.15695 P1:0.15695 P2:0.15705 P3:0.15705 P4:0.15705 STATE:IDLE
[2026-05-11 15:18:51Z] CHK MOM:0% RANGE:0.06% UP:14.28% SPREAD:0.06369426% BID:0.157 ASK:0.1571 MID:0.15705 P1:0.15705 P2:0.15695 P3:0.15705 P4:0.15705 STATE:IDLE
[2026-05-11 15:18:52Z] CHK MOM:0% RANGE:0.06% UP:14.28% SPREAD:0.06369426% BID:0.157 ASK:0.1571 MID:0.15705 P1:0.15705 P2:0.15705 P3:0.15695 P4:0.15705 STATE:IDLE
[2026-05-11 15:18:52Z] CHK MOM:0% RANGE:0.06% UP:14.28% SPREAD:0.06369426% BID:0.157 ASK:0.1571 MID:0.15705 P1:0.15705 P2:0.15705 P3:0.15695 P4:0.15705 STATE:IDLE
[2026-05-11 15:18:53Z] CHK MOM:0% RANGE:0.06% UP:14.28% SPREAD:0.06369426% BID:0.157 ASK:0.1571 MID:0.15705 P1:0.15705 P2:0.15705 P3:0.15705 P4:0.15695 STATE:IDLE
[2026-05-11 15:18:53Z] CHK MOM:0.06% RANGE:0.12% UP:20% SPREAD:0.06365372% BID:0.1571 ASK:0.1572 MID:0.15715 P1:0.15715 P2:0.15705 P3:0.15705 P4:0.15705 STATE:IDLE
[2026-05-11 15:18:54Z] CHK MOM:0.06% RANGE:0.12% UP:20% SPREAD:0.06365372% BID:0.1571 ASK:0.1572 MID:0.15715 P1:0.15715 P2:0.15705 P3:0.15705 P4:0.15705 STATE:IDLE
[2026-05-11 15:18:54Z] CHK MOM:0.06% RANGE:0.12% UP:21.42% SPREAD:0.06365372% BID:0.1571 ASK:0.1572 MID:0.15715 P1:0.15715 P2:0.15715 P3:0.15705 P4:0.15705 STATE:IDLE
[2026-05-11 15:18:55Z] CHK MOM:0.06% RANGE:0.12% UP:21.42% SPREAD:0.06365372% BID:0.1571 ASK:0.1572 MID:0.15715 P1:0.15715 P2:0.15715 P3:0.15705 P4:0.15705 STATE:IDLE
[2026-05-11 15:18:55Z] CHK MOM:0.06% RANGE:0.12% UP:15.38% SPREAD:0.06365372% BID:0.1571 ASK:0.1572 MID:0.15715 P1:0.15715 P2:0.15715 P3:0.15715 P4:0.15705 STATE:IDLE
[2026-05-11 15:18:56Z] CHK MOM:0.06% RANGE:0.12% UP:14.28% SPREAD:0.06365372% BID:0.1571 ASK:0.1572 MID:0.15715 P1:0.15715 P2:0.15715 P3:0.15715 P4:0.15715 STATE:IDLE
[2026-05-11 15:18:56Z] CHK MOM:0.06% RANGE:0.12% UP:13.33% SPREAD:0.06365372% BID:0.1571 ASK:0.1572 MID:0.15715 P1:0.15715 P2:0.15715 P3:0.15715 P4:0.15715 STATE:IDLE
[2026-05-11 15:18:57Z] CHK MOM:0.06% RANGE:0.12% UP:14.28% SPREAD:0.06365372% BID:0.1571 ASK:0.1572 MID:0.15715 P1:0.15715 P2:0.15715 P3:0.15715 P4:0.15715 STATE:IDLE
[2026-05-11 15:18:58Z] CHK MOM:0.06% RANGE:0.12% UP:13.33% SPREAD:0.06365372% BID:0.1571 ASK:0.1572 MID:0.15715 P1:0.15715 P2:0.15715 P3:0.15715 P4:0.15715 STATE:IDLE
[2026-05-11 15:18:58Z] CHK MOM:0.06% RANGE:0.12% UP:13.33% SPREAD:0.06365372% BID:0.1571 ASK:0.1572 MID:0.15715 P1:0.15715 P2:0.15715 P3:0.15715 P4:0.15715 STATE:IDLE
[2026-05-11 15:18:59Z] CHK MOM:0.06% RANGE:0.12% UP:13.33% SPREAD:0.06365372% BID:0.1571 ASK:0.1572 MID:0.15715 P1:0.15715 P2:0.15715 P3:0.15715 P4:0.15715 STATE:IDLE
[2026-05-11 15:18:59Z] CHK MOM:0.06% RANGE:0.12% UP:13.33% SPREAD:0.06365372% BID:0.1571 ASK:0.1572 MID:0.15715 P1:0.15715 P2:0.15715 P3:0.15715 P4:0.15715 STATE:IDLE
[2026-05-11 15:19:00Z] CHK MOM:0.06% RANGE:0.12% UP:13.33% SPREAD:0.06365372% BID:0.1571 ASK:0.1572 MID:0.15715 P1:0.15715 P2:0.15715 P3:0.15715 P4:0.15715 STATE:IDLE
[2026-05-11 15:19:00Z] CHK MOM:0.06% RANGE:0.12% UP:12.5% SPREAD:0.06365372% BID:0.1571 ASK:0.1572 MID:0.15715 P1:0.15715 P2:0.15715 P3:0.15715 P4:0.15715 STATE:IDLE
[2026-05-11 15:19:01Z] CHK MOM:0.06% RANGE:0.12% UP:12.5% SPREAD:0.06365372% BID:0.1571 ASK:0.1572 MID:0.15715 P1:0.15715 P2:0.15715 P3:0.15715 P4:0.15715 STATE:IDLE
[2026-05-11 15:19:01Z] CHK MOM:0.06% RANGE:0.12% UP:14.28% SPREAD:0.06365372% BID:0.1571 ASK:0.1572 MID:0.15715 P1:0.15715 P2:0.15715 P3:0.15715 P4:0.15715 STATE:IDLE
[2026-05-11 15:19:02Z] CHK MOM:0.09% RANGE:0.15% UP:20% SPREAD:0.12730744% BID:0.1571 ASK:0.1573 MID:0.1572 P1:0.1572 P2:0.15715 P3:0.15715 P4:0.15715 STATE:IDLE
[2026-05-11 15:19:03Z] CHK MOM:0.06% RANGE:0.09% UP:14.28% SPREAD:0.06365372% BID:0.1571 ASK:0.1572 MID:0.15715 P1:0.15715 P2:0.1572 P3:0.15715 P4:0.15715 STATE:IDLE
[2026-05-11 15:19:03Z] CHK MOM:0.06% RANGE:0.09% UP:13.33% SPREAD:0.06365372% BID:0.1571 ASK:0.1572 MID:0.15715 P1:0.15715 P2:0.15715 P3:0.1572 P4:0.15715 STATE:IDLE
[2026-05-11 15:19:04Z] CHK MOM:0.06% RANGE:0.09% UP:13.33% SPREAD:0.06365372% BID:0.1571 ASK:0.1572 MID:0.15715 P1:0.15715 P2:0.15715 P3:0.1572 P4:0.15715 STATE:IDLE
[2026-05-11 15:19:04Z] CHK MOM:0.06% RANGE:0.09% UP:14.28% SPREAD:0.06365372% BID:0.1571 ASK:0.1572 MID:0.15715 P1:0.15715 P2:0.15715 P3:0.15715 P4:0.1572 STATE:IDLE
[2026-05-11 15:19:05Z] CHK MOM:0.06% RANGE:0.09% UP:14.28% SPREAD:0.06365372% BID:0.1571 ASK:0.1572 MID:0.15715 P1:0.15715 P2:0.15715 P3:0.15715 P4:0.1572 STATE:IDLE
[2026-05-11 15:19:05Z] CHK MOM:0% RANGE:0.03% UP:7.69% SPREAD:0.06365372% BID:0.1571 ASK:0.1572 MID:0.15715 P1:0.15715 P2:0.15715 P3:0.15715 P4:0.15715 STATE:IDLE
[2026-05-11 15:19:06Z] CHK MOM:0% RANGE:0.03% UP:7.69% SPREAD:0.06365372% BID:0.1571 ASK:0.1572 MID:0.15715 P1:0.15715 P2:0.15715 P3:0.15715 P4:0.15715 STATE:IDLE
[2026-05-11 15:19:06Z] CHK MOM:0% RANGE:0.03% UP:7.69% SPREAD:0.06365372% BID:0.1571 ASK:0.1572 MID:0.15715 P1:0.15715 P2:0.15715 P3:0.15715 P4:0.15715 STATE:IDLE
[2026-05-11 15:19:07Z] CHK MOM:0% RANGE:0.03% UP:7.69% SPREAD:0.06365372% BID:0.1571 ASK:0.1572 MID:0.15715 P1:0.15715 P2:0.15715 P3:0.15715 P4:0.15715 STATE:IDLE
[2026-05-11 15:19:07Z] CHK MOM:0% RANGE:0.03% UP:7.14% SPREAD:0.06365372% BID:0.1571 ASK:0.1572 MID:0.15715 P1:0.15715 P2:0.15715 P3:0.15715 P4:0.15715 STATE:IDLE
[2026-05-11 15:19:08Z] CHK MOM:0.03% RANGE:0.03% UP:15.38% SPREAD:0.12730744% BID:0.1571 ASK:0.1573 MID:0.1572 P1:0.1572 P2:0.15715 P3:0.15715 P4:0.15715 STATE:IDLE
[2026-05-11 15:19:08Z] CHK MOM:0.06% RANGE:0.06% UP:25% SPREAD:0.06361323% BID:0.1572 ASK:0.1573 MID:0.15725 P1:0.15725 P2:0.1572 P3:0.15715 P4:0.15715 STATE:IDLE
[2026-05-11 15:19:09Z] CHK MOM:0.06% RANGE:0.06% UP:23.07% SPREAD:0.06361323% BID:0.1572 ASK:0.1573 MID:0.15725 P1:0.15725 P2:0.15725 P3:0.1572 P4:0.15715 STATE:IDLE
[2026-05-11 15:19:09Z] CHK MOM:0.06% RANGE:0.06% UP:23.07% SPREAD:0.06361323% BID:0.1572 ASK:0.1573 MID:0.15725 P1:0.15725 P2:0.15725 P3:0.15725 P4:0.1572 STATE:IDLE
[2026-05-11 15:19:10Z] CHK MOM:0.06% RANGE:0.06% UP:21.42% SPREAD:0.06361323% BID:0.1572 ASK:0.1573 MID:0.15725 P1:0.15725 P2:0.15725 P3:0.15725 P4:0.15725 STATE:IDLE
[2026-05-11 15:19:10Z] CHK MOM:0.06% RANGE:0.06% UP:20% SPREAD:0.06361323% BID:0.1572 ASK:0.1573 MID:0.15725 P1:0.15725 P2:0.15725 P3:0.15725 P4:0.15725 STATE:IDLE
[2026-05-11 15:19:11Z] CHK MOM:0.06% RANGE:0.06% UP:18.75% SPREAD:0.06361323% BID:0.1572 ASK:0.1573 MID:0.15725 P1:0.15725 P2:0.15725 P3:0.15725 P4:0.15725 STATE:IDLE
[2026-05-11 15:19:11Z] CHK MOM:0.06% RANGE:0.06% UP:17.64% SPREAD:0.06361323% BID:0.1572 ASK:0.1573 MID:0.15725 P1:0.15725 P2:0.15725 P3:0.15725 P4:0.15725 STATE:IDLE
[2026-05-11 15:19:12Z] CHK MOM:0.06% RANGE:0.06% UP:17.64% SPREAD:0.06361323% BID:0.1572 ASK:0.1573 MID:0.15725 P1:0.15725 P2:0.15725 P3:0.15725 P4:0.15725 STATE:IDLE
[2026-05-11 15:19:12Z] CHK MOM:0.06% RANGE:0.06% UP:17.64% SPREAD:0.06361323% BID:0.1572 ASK:0.1573 MID:0.15725 P1:0.15725 P2:0.15725 P3:0.15725 P4:0.15725 STATE:IDLE
[2026-05-11 15:19:13Z] CHK MOM:0.06% RANGE:0.06% UP:17.64% SPREAD:0.06361323% BID:0.1572 ASK:0.1573 MID:0.15725 P1:0.15725 P2:0.15725 P3:0.15725 P4:0.15725 STATE:IDLE
[2026-05-11 15:19:14Z] CHK MOM:0% RANGE:0.06% UP:13.33% SPREAD:0.06365372% BID:0.1571 ASK:0.1572 MID:0.15715 P1:0.15715 P2:0.15725 P3:0.15725 P4:0.15725 STATE:IDLE
[2026-05-11 15:19:14Z] CHK MOM:0% RANGE:0.06% UP:13.33% SPREAD:0.06365372% BID:0.1571 ASK:0.1572 MID:0.15715 P1:0.15715 P2:0.15725 P3:0.15725 P4:0.15725 STATE:IDLE
[2026-05-11 15:19:15Z] CHK MOM:0% RANGE:0.06% UP:13.33% SPREAD:0.06365372% BID:0.1571 ASK:0.1572 MID:0.15715 P1:0.15715 P2:0.15715 P3:0.15725 P4:0.15725 STATE:IDLE
[2026-05-11 15:19:15Z] CHK MOM:0% RANGE:0.06% UP:13.33% SPREAD:0.06365372% BID:0.1571 ASK:0.1572 MID:0.15715 P1:0.15715 P2:0.15715 P3:0.15725 P4:0.15725 STATE:IDLE
[2026-05-11 15:19:16Z] CHK MOM:0% RANGE:0.06% UP:13.33% SPREAD:0.06365372% BID:0.1571 ASK:0.1572 MID:0.15715 P1:0.15715 P2:0.15715 P3:0.15725 P4:0.15725 STATE:IDLE
[2026-05-11 15:19:16Z] CHK MOM:0% RANGE:0.06% UP:13.33% SPREAD:0.06365372% BID:0.1571 ASK:0.1572 MID:0.15715 P1:0.15715 P2:0.15715 P3:0.15725 P4:0.15725 STATE:IDLE
[2026-05-11 15:19:17Z] CHK MOM:0% RANGE:0.06% UP:14.28% SPREAD:0.06365372% BID:0.1571 ASK:0.1572 MID:0.15715 P1:0.15715 P2:0.15715 P3:0.15715 P4:0.15725 STATE:IDLE
[2026-05-11 15:19:17Z] CHK MOM:0% RANGE:0.06% UP:13.33% SPREAD:0.06365372% BID:0.1571 ASK:0.1572 MID:0.15715 P1:0.15715 P2:0.15715 P3:0.15715 P4:0.15715 STATE:IDLE
[2026-05-11 15:19:18Z] CHK MOM:0% RANGE:0.06% UP:13.33% SPREAD:0.06365372% BID:0.1571 ASK:0.1572 MID:0.15715 P1:0.15715 P2:0.15715 P3:0.15715 P4:0.15715 STATE:IDLE
[2026-05-11 15:19:19Z] CHK MOM:0% RANGE:0.06% UP:13.33% SPREAD:0.06365372% BID:0.1571 ASK:0.1572 MID:0.15715 P1:0.15715 P2:0.15715 P3:0.15715 P4:0.15715 STATE:IDLE
[2026-05-11 15:19:19Z] CHK MOM:0% RANGE:0.06% UP:12.5% SPREAD:0.06365372% BID:0.1571 ASK:0.1572 MID:0.15715 P1:0.15715 P2:0.15715 P3:0.15715 P4:0.15715 STATE:IDLE
[2026-05-11 15:19:20Z] CHK MOM:0% RANGE:0.06% UP:12.5% SPREAD:0.06365372% BID:0.1571 ASK:0.1572 MID:0.15715 P1:0.15715 P2:0.15715 P3:0.15715 P4:0.15715 STATE:IDLE
[2026-05-11 15:19:20Z] CHK MOM:0% RANGE:0.06% UP:12.5% SPREAD:0.06365372% BID:0.1571 ASK:0.1572 MID:0.15715 P1:0.15715 P2:0.15715 P3:0.15715 P4:0.15715 STATE:IDLE
[2026-05-11 15:19:21Z] CHK MOM:-0.06% RANGE:0.06% UP:0% SPREAD:0.06365372% BID:0.1571 ASK:0.1572 MID:0.15715 P1:0.15715 P2:0.15715 P3:0.15715 P4:0.15715 STATE:IDLE
[2026-05-11 15:19:21Z] CHK MOM:-0.12% RANGE:0.12% UP:0% SPREAD:0.06369426% BID:0.157 ASK:0.1571 MID:0.15705 P1:0.15705 P2:0.15715 P3:0.15715 P4:0.15715 STATE:IDLE
[2026-05-11 15:19:22Z] CHK MOM:-0.12% RANGE:0.12% UP:0% SPREAD:0.06369426% BID:0.157 ASK:0.1571 MID:0.15705 P1:0.15705 P2:0.15715 P3:0.15715 P4:0.15715 STATE:IDLE
[2026-05-11 15:19:22Z] CHK MOM:-0.12% RANGE:0.12% UP:0% SPREAD:0.06369426% BID:0.157 ASK:0.1571 MID:0.15705 P1:0.15705 P2:0.15715 P3:0.15715 P4:0.15715 STATE:IDLE
[2026-05-11 15:19:23Z] CHK MOM:-0.12% RANGE:0.12% UP:0% SPREAD:0.06369426% BID:0.157 ASK:0.1571 MID:0.15705 P1:0.15705 P2:0.15705 P3:0.15715 P4:0.15715 STATE:IDLE
[2026-05-11 15:19:23Z] CHK MOM:-0.12% RANGE:0.12% UP:0% SPREAD:0.06369426% BID:0.157 ASK:0.1571 MID:0.15705 P1:0.15705 P2:0.15705 P3:0.15715 P4:0.15715 STATE:IDLE
[2026-05-11 15:19:24Z] CHK MOM:-0.12% RANGE:0.12% UP:0% SPREAD:0.06369426% BID:0.157 ASK:0.1571 MID:0.15705 P1:0.15705 P2:0.15705 P3:0.15715 P4:0.15715 STATE:IDLE
[2026-05-11 15:19:25Z] CHK MOM:-0.12% RANGE:0.12% UP:0% SPREAD:0.06369426% BID:0.157 ASK:0.1571 MID:0.15705 P1:0.15705 P2:0.15705 P3:0.15715 P4:0.15715 STATE:IDLE
[2026-05-11 15:19:25Z] CHK MOM:-0.12% RANGE:0.12% UP:0% SPREAD:0.06369426% BID:0.157 ASK:0.1571 MID:0.15705 P1:0.15705 P2:0.15705 P3:0.15715 P4:0.15715 STATE:IDLE
[2026-05-11 15:19:26Z] CHK MOM:-0.06% RANGE:0.06% UP:0% SPREAD:0.06369426% BID:0.157 ASK:0.1571 MID:0.15705 P1:0.15705 P2:0.15705 P3:0.15705 P4:0.15715 STATE:IDLE
[2026-05-11 15:19:26Z] CHK MOM:-0.06% RANGE:0.06% UP:0% SPREAD:0.06369426% BID:0.157 ASK:0.1571 MID:0.15705 P1:0.15705 P2:0.15705 P3:0.15705 P4:0.15715 STATE:IDLE
[2026-05-11 15:19:27Z] CHK MOM:-0.06% RANGE:0.06% UP:0% SPREAD:0.06369426% BID:0.157 ASK:0.1571 MID:0.15705 P1:0.15705 P2:0.15705 P3:0.15705 P4:0.15705 STATE:IDLE
[2026-05-11 15:19:27Z] CHK MOM:-0.06% RANGE:0.06% UP:0% SPREAD:0.06369426% BID:0.157 ASK:0.1571 MID:0.15705 P1:0.15705 P2:0.15705 P3:0.15705 P4:0.15705 STATE:IDLE
[2026-05-11 15:19:28Z] CHK MOM:-0.06% RANGE:0.06% UP:0% SPREAD:0.06369426% BID:0.157 ASK:0.1571 MID:0.15705 P1:0.15705 P2:0.15705 P3:0.15705 P4:0.15705 STATE:IDLE
[2026-05-11 15:19:28Z] CHK MOM:-0.06% RANGE:0.06% UP:0% SPREAD:0.06369426% BID:0.157 ASK:0.1571 MID:0.15705 P1:0.15705 P2:0.15705 P3:0.15705 P4:0.15705 STATE:IDLE
[2026-05-11 15:19:29Z] CHK MOM:-0.06% RANGE:0.06% UP:0% SPREAD:0.06369426% BID:0.157 ASK:0.1571 MID:0.15705 P1:0.15705 P2:0.15705 P3:0.15705 P4:0.15705 STATE:IDLE
[2026-05-11 15:19:30Z] CHK MOM:-0.06% RANGE:0.06% UP:0% SPREAD:0.06369426% BID:0.157 ASK:0.1571 MID:0.15705 P1:0.15705 P2:0.15705 P3:0.15705 P4:0.15705 STATE:IDLE
[2026-05-11 15:19:32Z] CHK MOM:-0.06% RANGE:0.06% UP:0% SPREAD:0.06369426% BID:0.157 ASK:0.1571 MID:0.15705 P1:0.15705 P2:0.15705 P3:0.15705 P4:0.15705 STATE:IDLE
[2026-05-11 15:19:32Z] CHK MOM:-0.06% RANGE:0.06% UP:0% SPREAD:0.06369426% BID:0.157 ASK:0.1571 MID:0.15705 P1:0.15705 P2:0.15705 P3:0.15705 P4:0.15705 STATE:IDLE
[2026-05-11 15:19:33Z] CHK MOM:-0.06% RANGE:0.06% UP:0% SPREAD:0.06369426% BID:0.157 ASK:0.1571 MID:0.15705 P1:0.15705 P2:0.15705 P3:0.15705 P4:0.15705 STATE:IDLE
[2026-05-11 15:19:33Z] CHK MOM:0% RANGE:0% UP:0% SPREAD:0.06369426% BID:0.157 ASK:0.1571 MID:0.15705 P1:0.15705 P2:0.15705 P3:0.15705 P4:0.15705 STATE:IDLE
[2026-05-11 15:19:34Z] CHK MOM:0% RANGE:0% UP:0% SPREAD:0.06369426% BID:0.157 ASK:0.1571 MID:0.15705 P1:0.15705 P2:0.15705 P3:0.15705 P4:0.15705 STATE:IDLE
[2026-05-11 15:19:34Z] CHK MOM:0% RANGE:0% UP:0% SPREAD:0.06369426% BID:0.157 ASK:0.1571 MID:0.15705 P1:0.15705 P2:0.15705 P3:0.15705 P4:0.15705 STATE:IDLE
[2026-05-11 15:19:35Z] CHK MOM:0% RANGE:0% UP:0% SPREAD:0.06369426% BID:0.157 ASK:0.1571 MID:0.15705 P1:0.15705 P2:0.15705 P3:0.15705 P4:0.15705 STATE:IDLE
[2026-05-11 15:19:36Z] CHK MOM:0% RANGE:0% UP:0% SPREAD:0.06369426% BID:0.157 ASK:0.1571 MID:0.15705 P1:0.15705 P2:0.15705 P3:0.15705 P4:0.15705 STATE:IDLE
[2026-05-11 15:19:36Z] CHK MOM:0% RANGE:0% UP:0% SPREAD:0.06369426% BID:0.157 ASK:0.1571 MID:0.15705 P1:0.15705 P2:0.15705 P3:0.15705 P4:0.15705 STATE:IDLE
[2026-05-11 15:19:37Z] CHK MOM:0% RANGE:0% UP:0% SPREAD:0.06369426% BID:0.157 ASK:0.1571 MID:0.15705 P1:0.15705 P2:0.15705 P3:0.15705 P4:0.15705 STATE:IDLE
[2026-05-11 15:19:37Z] CHK MOM:0% RANGE:0% UP:0% SPREAD:0.06369426% BID:0.157 ASK:0.1571 MID:0.15705 P1:0.15705 P2:0.15705 P3:0.15705 P4:0.15705 STATE:IDLE
[2026-05-11 15:19:38Z] CHK MOM:0% RANGE:0% UP:0% SPREAD:0.06369426% BID:0.157 ASK:0.1571 MID:0.15705 P1:0.15705 P2:0.15705 P3:0.15705 P4:0.15705 STATE:IDLE
[2026-05-11 15:19:38Z] CHK MOM:0% RANGE:0% UP:0% SPREAD:0.06369426% BID:0.157 ASK:0.1571 MID:0.15705 P1:0.15705 P2:0.15705 P3:0.15705 P4:0.15705 STATE:IDLE
[2026-05-11 15:19:39Z] CHK MOM:0% RANGE:0% UP:0% SPREAD:0.06369426% BID:0.157 ASK:0.1571 MID:0.15705 P1:0.15705 P2:0.15705 P3:0.15705 P4:0.15705 STATE:IDLE
[2026-05-11 15:19:39Z] CHK MOM:0% RANGE:0% UP:0% SPREAD:0.06369426% BID:0.157 ASK:0.1571 MID:0.15705 P1:0.15705 P2:0.15705 P3:0.15705 P4:0.15705 STATE:IDLE
[2026-05-11 15:19:40Z] CHK MOM:0% RANGE:0% UP:0% SPREAD:0.06369426% BID:0.157 ASK:0.1571 MID:0.15705 P1:0.15705 P2:0.15705 P3:0.15705 P4:0.15705 STATE:IDLE
[2026-05-11 15:19:43Z] CHK MOM:0.06% RANGE:0.06% UP:12.5% SPREAD:0.06365372% BID:0.1571 ASK:0.1572 MID:0.15715 P1:0.15715 P2:0.15705 P3:0.15705 P4:0.15705 STATE:IDLE
[2026-05-11 15:19:44Z] CHK MOM:0.06% RANGE:0.06% UP:12.5% SPREAD:0.06365372% BID:0.1571 ASK:0.1572 MID:0.15715 P1:0.15715 P2:0.15705 P3:0.15705 P4:0.15705 STATE:IDLE
[2026-05-11 15:19:44Z] CHK MOM:0.06% RANGE:0.06% UP:12.5% SPREAD:0.06365372% BID:0.1571 ASK:0.1572 MID:0.15715 P1:0.15715 P2:0.15705 P3:0.15705 P4:0.15705 STATE:IDLE
[2026-05-11 15:19:45Z] CHK MOM:0% RANGE:0.06% UP:14.28% SPREAD:0.06369426% BID:0.157 ASK:0.1571 MID:0.15705 P1:0.15705 P2:0.15715 P3:0.15705 P4:0.15705 STATE:IDLE
[2026-05-11 15:19:45Z] CHK MOM:0% RANGE:0.06% UP:14.28% SPREAD:0.06369426% BID:0.157 ASK:0.1571 MID:0.15705 P1:0.15705 P2:0.15705 P3:0.15715 P4:0.15705 STATE:IDLE
[2026-05-11 15:19:46Z] CHK MOM:0% RANGE:0.06% UP:14.28% SPREAD:0.06369426% BID:0.157 ASK:0.1571 MID:0.15705 P1:0.15705 P2:0.15705 P3:0.15715 P4:0.15705 STATE:IDLE
[2026-05-11 15:19:46Z] CHK MOM:0% RANGE:0.06% UP:14.28% SPREAD:0.06369426% BID:0.157 ASK:0.1571 MID:0.15705 P1:0.15705 P2:0.15705 P3:0.15705 P4:0.15715 STATE:IDLE
[2026-05-11 15:19:47Z] CHK MOM:0% RANGE:0.06% UP:14.28% SPREAD:0.06369426% BID:0.157 ASK:0.1571 MID:0.15705 P1:0.15705 P2:0.15705 P3:0.15705 P4:0.15715 STATE:IDLE
[2026-05-11 15:19:47Z] CHK MOM:0% RANGE:0.06% UP:16.66% SPREAD:0.06369426% BID:0.157 ASK:0.1571 MID:0.15705 P1:0.15705 P2:0.15705 P3:0.15705 P4:0.15705 STATE:IDLE
[2026-05-11 15:19:48Z] CHK MOM:0% RANGE:0.06% UP:16.66% SPREAD:0.06369426% BID:0.157 ASK:0.1571 MID:0.15705 P1:0.15705 P2:0.15705 P3:0.15705 P4:0.15705 STATE:IDLE
[2026-05-11 15:19:49Z] CHK MOM:0% RANGE:0.06% UP:16.66% SPREAD:0.06369426% BID:0.157 ASK:0.1571 MID:0.15705 P1:0.15705 P2:0.15705 P3:0.15705 P4:0.15705 STATE:IDLE
[2026-05-11 15:19:49Z] CHK MOM:0% RANGE:0.06% UP:16.66% SPREAD:0.06369426% BID:0.157 ASK:0.1571 MID:0.15705 P1:0.15705 P2:0.15705 P3:0.15705 P4:0.15705 STATE:IDLE
[2026-05-11 15:19:50Z] CHK MOM:0% RANGE:0.06% UP:16.66% SPREAD:0.06369426% BID:0.157 ASK:0.1571 MID:0.15705 P1:0.15705 P2:0.15705 P3:0.15705 P4:0.15705 STATE:IDLE
[2026-05-11 15:19:50Z] CHK MOM:-0.06% RANGE:0.06% UP:0% SPREAD:0.06369426% BID:0.157 ASK:0.1571 MID:0.15705 P1:0.15705 P2:0.15705 P3:0.15705 P4:0.15705 STATE:IDLE
[2026-05-11 15:19:51Z] CHK MOM:-0.06% RANGE:0.06% UP:0% SPREAD:0.06369426% BID:0.157 ASK:0.1571 MID:0.15705 P1:0.15705 P2:0.15705 P3:0.15705 P4:0.15705 STATE:IDLE
[2026-05-11 15:19:51Z] CHK MOM:-0.06% RANGE:0.06% UP:0% SPREAD:0.06369426% BID:0.157 ASK:0.1571 MID:0.15705 P1:0.15705 P2:0.15705 P3:0.15705 P4:0.15705 STATE:IDLE
[2026-05-11 15:19:52Z] CHK MOM:-0.06% RANGE:0.06% UP:0% SPREAD:0.06369426% BID:0.157 ASK:0.1571 MID:0.15705 P1:0.15705 P2:0.15705 P3:0.15705 P4:0.15705 STATE:IDLE
[2026-05-11 15:19:52Z] CHK MOM:-0.06% RANGE:0.06% UP:0% SPREAD:0.06369426% BID:0.157 ASK:0.1571 MID:0.15705 P1:0.15705 P2:0.15705 P3:0.15705 P4:0.15705 STATE:IDLE
[2026-05-11 15:19:53Z] CHK MOM:-0.06% RANGE:0.06% UP:0% SPREAD:0.06369426% BID:0.157 ASK:0.1571 MID:0.15705 P1:0.15705 P2:0.15705 P3:0.15705 P4:0.15705 STATE:IDLE
[2026-05-11 15:19:54Z] CHK MOM:-0.06% RANGE:0.06% UP:0% SPREAD:0.06369426% BID:0.157 ASK:0.1571 MID:0.15705 P1:0.15705 P2:0.15705 P3:0.15705 P4:0.15705 STATE:IDLE
[2026-05-11 15:19:54Z] CHK MOM:-0.06% RANGE:0.06% UP:0% SPREAD:0.06369426% BID:0.157 ASK:0.1571 MID:0.15705 P1:0.15705 P2:0.15705 P3:0.15705 P4:0.15705 STATE:IDLE
[2026-05-11 15:19:55Z] CHK MOM:0% RANGE:0% UP:0% SPREAD:0.06369426% BID:0.157 ASK:0.1571 MID:0.15705 P1:0.15705 P2:0.15705 P3:0.15705 P4:0.15705 STATE:IDLE
[2026-05-11 15:19:55Z] CHK MOM:0% RANGE:0% UP:0% SPREAD:0.06369426% BID:0.157 ASK:0.1571 MID:0.15705 P1:0.15705 P2:0.15705 P3:0.15705 P4:0.15705 STATE:IDLE
[2026-05-11 15:19:56Z] CHK MOM:0% RANGE:0% UP:0% SPREAD:0.06369426% BID:0.157 ASK:0.1571 MID:0.15705 P1:0.15705 P2:0.15705 P3:0.15705 P4:0.15705 STATE:IDLE
[2026-05-11 15:19:56Z] CHK MOM:0% RANGE:0% UP:0% SPREAD:0.06369426% BID:0.157 ASK:0.1571 MID:0.15705 P1:0.15705 P2:0.15705 P3:0.15705 P4:0.15705 STATE:IDLE
[2026-05-11 15:19:57Z] CHK MOM:0% RANGE:0% UP:0% SPREAD:0.06369426% BID:0.157 ASK:0.1571 MID:0.15705 P1:0.15705 P2:0.15705 P3:0.15705 P4:0.15705 STATE:IDLE
[2026-05-11 15:19:57Z] CHK MOM:0% RANGE:0% UP:0% SPREAD:0.06369426% BID:0.157 ASK:0.1571 MID:0.15705 P1:0.15705 P2:0.15705 P3:0.15705 P4:0.15705 STATE:IDLE
[2026-05-11 15:19:58Z] CHK MOM:0% RANGE:0% UP:0% SPREAD:0.06369426% BID:0.157 ASK:0.1571 MID:0.15705 P1:0.15705 P2:0.15705 P3:0.15705 P4:0.15705 STATE:IDLE
[2026-05-11 15:19:59Z] CHK MOM:0% RANGE:0% UP:0% SPREAD:0.06369426% BID:0.157 ASK:0.1571 MID:0.15705 P1:0.15705 P2:0.15705 P3:0.15705 P4:0.15705 STATE:IDLE
[2026-05-11 15:19:59Z] CHK MOM:0% RANGE:0% UP:0% SPREAD:0.06369426% BID:0.157 ASK:0.1571 MID:0.15705 P1:0.15705 P2:0.15705 P3:0.15705 P4:0.15705 STATE:IDLE
[2026-05-11 15:20:00Z] CHK MOM:0% RANGE:0% UP:0% SPREAD:0.06369426% BID:0.157 ASK:0.1571 MID:0.15705 P1:0.15705 P2:0.15705 P3:0.15705 P4:0.15705 STATE:IDLE
[2026-05-11 15:20:00Z] CHK MOM:0% RANGE:0% UP:0% SPREAD:0.06369426% BID:0.157 ASK:0.1571 MID:0.15705 P1:0.15705 P2:0.15705 P3:0.15705 P4:0.15705 STATE:IDLE
[2026-05-11 15:20:01Z] CHK MOM:-0.06% RANGE:0.06% UP:0% SPREAD:0.06373486% BID:0.1569 ASK:0.157 MID:0.15695 P1:0.15695 P2:0.15705 P3:0.15705 P4:0.15705 STATE:IDLE
[2026-05-11 15:20:01Z] CHK MOM:-0.06% RANGE:0.06% UP:0% SPREAD:0.06373486% BID:0.1569 ASK:0.157 MID:0.15695 P1:0.15695 P2:0.15705 P3:0.15705 P4:0.15705 STATE:IDLE
[2026-05-11 15:20:02Z] CHK MOM:-0.06% RANGE:0.06% UP:0% SPREAD:0.06373486% BID:0.1569 ASK:0.157 MID:0.15695 P1:0.15695 P2:0.15705 P3:0.15705 P4:0.15705 STATE:IDLE
[2026-05-11 15:20:02Z] CHK MOM:-0.06% RANGE:0.06% UP:0% SPREAD:0.06373486% BID:0.1569 ASK:0.157 MID:0.15695 P1:0.15695 P2:0.15705 P3:0.15705 P4:0.15705 STATE:IDLE
[2026-05-11 15:20:03Z] CHK MOM:0% RANGE:0.06% UP:10% SPREAD:0.06369426% BID:0.157 ASK:0.1571 MID:0.15705 P1:0.15705 P2:0.15695 P3:0.15705 P4:0.15705 STATE:IDLE
[2026-05-11 15:20:03Z] CHK MOM:0% RANGE:0.06% UP:9.09% SPREAD:0.06369426% BID:0.157 ASK:0.1571 MID:0.15705 P1:0.15705 P2:0.15705 P3:0.15695 P4:0.15705 STATE:IDLE
[2026-05-11 15:20:04Z] CHK MOM:0% RANGE:0.06% UP:9.09% SPREAD:0.06369426% BID:0.157 ASK:0.1571 MID:0.15705 P1:0.15705 P2:0.15705 P3:0.15695 P4:0.15705 STATE:IDLE
[2026-05-11 15:20:05Z] CHK MOM:0% RANGE:0.06% UP:9.09% SPREAD:0.06369426% BID:0.157 ASK:0.1571 MID:0.15705 P1:0.15705 P2:0.15705 P3:0.15695 P4:0.15705 STATE:IDLE
[2026-05-11 15:20:05Z] CHK MOM:0% RANGE:0.06% UP:10% SPREAD:0.06369426% BID:0.157 ASK:0.1571 MID:0.15705 P1:0.15705 P2:0.15705 P3:0.15705 P4:0.15695 STATE:IDLE
[2026-05-11 15:20:06Z] CHK MOM:0% RANGE:0.06% UP:9.09% SPREAD:0.06369426% BID:0.157 ASK:0.1571 MID:0.15705 P1:0.15705 P2:0.15705 P3:0.15705 P4:0.15705 STATE:IDLE
[2026-05-11 15:20:06Z] CHK MOM:0% RANGE:0.06% UP:8.33% SPREAD:0.06369426% BID:0.157 ASK:0.1571 MID:0.15705 P1:0.15705 P2:0.15705 P3:0.15705 P4:0.15705 STATE:IDLE
[2026-05-11 15:20:07Z] CHK MOM:0% RANGE:0.06% UP:7.69% SPREAD:0.06369426% BID:0.157 ASK:0.1571 MID:0.15705 P1:0.15705 P2:0.15705 P3:0.15705 P4:0.15705 STATE:IDLE
[2026-05-11 15:20:07Z] CHK MOM:0% RANGE:0.06% UP:7.69% SPREAD:0.06369426% BID:0.157 ASK:0.1571 MID:0.15705 P1:0.15705 P2:0.15705 P3:0.15705 P4:0.15705 STATE:IDLE
[2026-05-11 15:20:08Z] CHK MOM:0% RANGE:0.06% UP:7.69% SPREAD:0.06369426% BID:0.157 ASK:0.1571 MID:0.15705 P1:0.15705 P2:0.15705 P3:0.15705 P4:0.15705 STATE:IDLE
[2026-05-11 15:20:08Z] CHK MOM:0% RANGE:0.06% UP:7.69% SPREAD:0.06369426% BID:0.157 ASK:0.1571 MID:0.15705 P1:0.15705 P2:0.15705 P3:0.15705 P4:0.15705 STATE:IDLE
[2026-05-11 15:20:09Z] CHK MOM:-0.06% RANGE:0.06% UP:7.69% SPREAD:0.06373486% BID:0.1569 ASK:0.157 MID:0.15695 P1:0.15695 P2:0.15705 P3:0.15705 P4:0.15705 STATE:IDLE
[2026-05-11 15:20:10Z] CHK MOM:0% RANGE:0.06% UP:15.38% SPREAD:0.06369426% BID:0.157 ASK:0.1571 MID:0.15705 P1:0.15705 P2:0.15695 P3:0.15705 P4:0.15705 STATE:IDLE
[2026-05-11 15:20:10Z] CHK MOM:0% RANGE:0.06% UP:14.28% SPREAD:0.06369426% BID:0.157 ASK:0.1571 MID:0.15705 P1:0.15705 P2:0.15705 P3:0.15695 P4:0.15705 STATE:IDLE
[2026-05-11 15:20:11Z] CHK MOM:0% RANGE:0.06% UP:14.28% SPREAD:0.06369426% BID:0.157 ASK:0.1571 MID:0.15705 P1:0.15705 P2:0.15705 P3:0.15705 P4:0.15695 STATE:IDLE
[2026-05-11 15:20:11Z] CHK MOM:0% RANGE:0.06% UP:13.33% SPREAD:0.06369426% BID:0.157 ASK:0.1571 MID:0.15705 P1:0.15705 P2:0.15705 P3:0.15705 P4:0.15705 STATE:IDLE
[2026-05-11 15:20:12Z] CHK MOM:0% RANGE:0.06% UP:13.33% SPREAD:0.06369426% BID:0.157 ASK:0.1571 MID:0.15705 P1:0.15705 P2:0.15705 P3:0.15705 P4:0.15705 STATE:IDLE
[2026-05-11 15:20:12Z] CHK MOM:0% RANGE:0.06% UP:13.33% SPREAD:0.06369426% BID:0.157 ASK:0.1571 MID:0.15705 P1:0.15705 P2:0.15705 P3:0.15705 P4:0.15705 STATE:IDLE
[2026-05-11 15:20:13Z] CHK MOM:0% RANGE:0.06% UP:13.33% SPREAD:0.06369426% BID:0.157 ASK:0.1571 MID:0.15705 P1:0.15705 P2:0.15705 P3:0.15705 P4:0.15705 STATE:IDLE
[2026-05-11 15:20:13Z] CHK MOM:0% RANGE:0.06% UP:13.33% SPREAD:0.06369426% BID:0.157 ASK:0.1571 MID:0.15705 P1:0.15705 P2:0.15705 P3:0.15705 P4:0.15705 STATE:IDLE
[2026-05-11 15:20:14Z] CHK MOM:0% RANGE:0.06% UP:7.69% SPREAD:0.06369426% BID:0.157 ASK:0.1571 MID:0.15705 P1:0.15705 P2:0.15705 P3:0.15705 P4:0.15705 STATE:IDLE
[2026-05-11 15:20:14Z] CHK MOM:0% RANGE:0.06% UP:7.14% SPREAD:0.06369426% BID:0.157 ASK:0.1571 MID:0.15705 P1:0.15705 P2:0.15705 P3:0.15705 P4:0.15705 STATE:IDLE
[2026-05-11 15:20:15Z] CHK MOM:0% RANGE:0.06% UP:7.14% SPREAD:0.06369426% BID:0.157 ASK:0.1571 MID:0.15705 P1:0.15705 P2:0.15705 P3:0.15705 P4:0.15705 STATE:IDLE
[2026-05-11 15:20:16Z] CHK MOM:0% RANGE:0.06% UP:7.14% SPREAD:0.06369426% BID:0.157 ASK:0.1571 MID:0.15705 P1:0.15705 P2:0.15705 P3:0.15705 P4:0.15705 STATE:IDLE
[2026-05-11 15:20:16Z] CHK MOM:0% RANGE:0.06% UP:7.14% SPREAD:0.06369426% BID:0.157 ASK:0.1571 MID:0.15705 P1:0.15705 P2:0.15705 P3:0.15705 P4:0.15705 STATE:IDLE
[2026-05-11 15:20:17Z] CHK MOM:-0.06% RANGE:0.06% UP:7.14% SPREAD:0.06373486% BID:0.1569 ASK:0.157 MID:0.15695 P1:0.15695 P2:0.15705 P3:0.15705 P4:0.15705 STATE:IDLE
[2026-05-11 15:20:17Z] CHK MOM:-0.06% RANGE:0.06% UP:7.14% SPREAD:0.06373486% BID:0.1569 ASK:0.157 MID:0.15695 P1:0.15695 P2:0.15705 P3:0.15705 P4:0.15705 STATE:IDLE
[2026-05-11 15:20:18Z] CHK MOM:-0.06% RANGE:0.06% UP:7.14% SPREAD:0.06373486% BID:0.1569 ASK:0.157 MID:0.15695 P1:0.15695 P2:0.15705 P3:0.15705 P4:0.15705 STATE:IDLE
[2026-05-11 15:20:18Z] CHK MOM:-0.06% RANGE:0.06% UP:8.33% SPREAD:0.06373486% BID:0.1569 ASK:0.157 MID:0.15695 P1:0.15695 P2:0.15695 P3:0.15705 P4:0.15705 STATE:IDLE
[2026-05-11 15:20:19Z] CHK MOM:-0.06% RANGE:0.06% UP:8.33% SPREAD:0.06373486% BID:0.1569 ASK:0.157 MID:0.15695 P1:0.15695 P2:0.15695 P3:0.15695 P4:0.15705 STATE:IDLE
[2026-05-11 15:20:19Z] CHK MOM:-0.06% RANGE:0.06% UP:8.33% SPREAD:0.06373486% BID:0.1569 ASK:0.157 MID:0.15695 P1:0.15695 P2:0.15695 P3:0.15695 P4:0.15705 STATE:IDLE
[2026-05-11 15:20:20Z] CHK MOM:-0.06% RANGE:0.06% UP:8.33% SPREAD:0.06373486% BID:0.1569 ASK:0.157 MID:0.15695 P1:0.15695 P2:0.15695 P3:0.15695 P4:0.15705 STATE:IDLE
[2026-05-11 15:20:21Z] CHK MOM:-0.06% RANGE:0.06% UP:8.33% SPREAD:0.06373486% BID:0.1569 ASK:0.157 MID:0.15695 P1:0.15695 P2:0.15695 P3:0.15695 P4:0.15705 STATE:IDLE
[2026-05-11 15:20:21Z] CHK MOM:-0.06% RANGE:0.06% UP:8.33% SPREAD:0.06373486% BID:0.1569 ASK:0.157 MID:0.15695 P1:0.15695 P2:0.15695 P3:0.15695 P4:0.15705 STATE:IDLE
[2026-05-11 15:20:27Z] CHK MOM:-0.06% RANGE:0.06% UP:0% SPREAD:0.06373486% BID:0.1569 ASK:0.157 MID:0.15695 P1:0.15695 P2:0.15695 P3:0.15695 P4:0.15695 STATE:IDLE
