[2026-05-04 19:21:04Z] SESSION_START symbol=ORCAUSDC dry_run=0 profile=major strategy=momentum base_url=https://api.binance.com
[2026-05-04 19:21:04Z] TOXIC_MEMORY_LOADED count=3 symbols=GUNUSDC,JTOUSDC,SAHARAUSDC
[2026-05-04 19:21:08Z] CHK MOM:0% RANGE:0% UP:0% SPREAD:0.05277044% BID:1.895 ASK:1.896 MID:1.8955 P1:1.8955 P2:NA P3:NA P4:NA STATE:IDLE
[2026-05-04 19:21:08Z] CHK MOM:0% RANGE:0% UP:0% SPREAD:0.05277044% BID:1.895 ASK:1.896 MID:1.8955 P1:1.8955 P2:NA P3:NA P4:NA STATE:IDLE
[2026-05-04 19:21:09Z] CHK MOM:0% RANGE:0% UP:0% SPREAD:0.05277044% BID:1.895 ASK:1.896 MID:1.8955 P1:1.8955 P2:NA P3:NA P4:NA STATE:IDLE
[2026-05-04 19:21:09Z] CHK MOM:0% RANGE:0% UP:0% SPREAD:0.05277044% BID:1.895 ASK:1.896 MID:1.8955 P1:1.8955 P2:NA P3:NA P4:NA STATE:IDLE
[2026-05-04 19:21:10Z] CHK MOM:0% RANGE:0% UP:0% SPREAD:0.05277044% BID:1.895 ASK:1.896 MID:1.8955 P1:1.8955 P2:NA P3:NA P4:NA STATE:IDLE
[2026-05-04 19:21:14Z] CHK MOM:-0.02% RANGE:0.02% UP:0% SPREAD:0.10559662% BID:1.894 ASK:1.896 MID:1.895 P1:1.895 P2:1.8955 P3:NA P4:NA STATE:IDLE
[2026-05-04 19:21:15Z] CHK MOM:-0.02% RANGE:0.02% UP:0% SPREAD:0.10559662% BID:1.894 ASK:1.896 MID:1.895 P1:1.895 P2:1.8955 P3:NA P4:NA STATE:IDLE
[2026-05-04 19:21:15Z] CHK MOM:-0.02% RANGE:0.02% UP:0% SPREAD:0.10559662% BID:1.894 ASK:1.896 MID:1.895 P1:1.895 P2:1.8955 P3:NA P4:NA STATE:IDLE
[2026-05-04 19:21:16Z] CHK MOM:0.02% RANGE:0.02% UP:100% SPREAD:0.05277044% BID:1.895 ASK:1.896 MID:1.8955 P1:1.8955 P2:1.895 P3:1.8955 P4:NA STATE:IDLE
[2026-05-04 19:21:16Z] CHK MOM:0.02% RANGE:0.02% UP:100% SPREAD:0.05277044% BID:1.895 ASK:1.896 MID:1.8955 P1:1.8955 P2:1.895 P3:1.8955 P4:NA STATE:IDLE
[2026-05-04 19:21:17Z] CHK MOM:0.02% RANGE:0.02% UP:100% SPREAD:0.05277044% BID:1.895 ASK:1.896 MID:1.8955 P1:1.8955 P2:1.895 P3:1.8955 P4:NA STATE:IDLE
[2026-05-04 19:21:17Z] CHK MOM:0.02% RANGE:0.02% UP:100% SPREAD:0.05277044% BID:1.895 ASK:1.896 MID:1.8955 P1:1.8955 P2:1.895 P3:1.8955 P4:NA STATE:IDLE
[2026-05-04 19:21:18Z] CHK MOM:0.02% RANGE:0.02% UP:100% SPREAD:0.05277044% BID:1.895 ASK:1.896 MID:1.8955 P1:1.8955 P2:1.895 P3:1.8955 P4:NA STATE:IDLE
[2026-05-04 19:21:18Z] CHK MOM:0% RANGE:0.02% UP:50% SPREAD:0.10559662% BID:1.894 ASK:1.896 MID:1.895 P1:1.895 P2:1.8955 P3:1.895 P4:1.8955 STATE:IDLE
[2026-05-04 19:21:19Z] CHK MOM:0% RANGE:0.02% UP:50% SPREAD:0.10559662% BID:1.894 ASK:1.896 MID:1.895 P1:1.895 P2:1.8955 P3:1.895 P4:1.8955 STATE:IDLE
[2026-05-04 19:21:19Z] CHK MOM:0% RANGE:0.02% UP:50% SPREAD:0.10559662% BID:1.894 ASK:1.896 MID:1.895 P1:1.895 P2:1.8955 P3:1.895 P4:1.8955 STATE:IDLE
[2026-05-04 19:21:20Z] CHK MOM:0% RANGE:0.02% UP:50% SPREAD:0.10559662% BID:1.894 ASK:1.896 MID:1.895 P1:1.895 P2:1.8955 P3:1.895 P4:1.8955 STATE:IDLE
[2026-05-04 19:21:21Z] CHK MOM:0% RANGE:0.02% UP:50% SPREAD:0.10559662% BID:1.894 ASK:1.896 MID:1.895 P1:1.895 P2:1.8955 P3:1.895 P4:1.8955 STATE:IDLE
[2026-05-04 19:21:30Z] CHK MOM:0% RANGE:0% UP:0% SPREAD:0.05277044% BID:1.895 ASK:1.896 MID:1.8955 P1:1.8955 P2:1.895 P3:1.8955 P4:1.895 STATE:IDLE
[2026-05-04 19:21:31Z] CHK MOM:0% RANGE:0% UP:0% SPREAD:0.05277044% BID:1.895 ASK:1.896 MID:1.8955 P1:1.8955 P2:1.895 P3:1.8955 P4:1.895 STATE:IDLE
[2026-05-04 19:21:31Z] CHK MOM:0% RANGE:0% UP:0% SPREAD:0.05277044% BID:1.895 ASK:1.896 MID:1.8955 P1:1.8955 P2:1.895 P3:1.8955 P4:1.895 STATE:IDLE
[2026-05-04 19:21:32Z] CHK MOM:0% RANGE:0% UP:0% SPREAD:0.05277044% BID:1.895 ASK:1.896 MID:1.8955 P1:1.8955 P2:1.895 P3:1.8955 P4:1.895 STATE:IDLE
[2026-05-04 19:21:32Z] CHK MOM:0% RANGE:0% UP:0% SPREAD:0.05277044% BID:1.895 ASK:1.896 MID:1.8955 P1:1.8955 P2:1.895 P3:1.8955 P4:1.895 STATE:IDLE
[2026-05-04 19:21:33Z] CHK MOM:-0.02% RANGE:0.02% UP:0% SPREAD:0.10559662% BID:1.894 ASK:1.896 MID:1.895 P1:1.895 P2:1.8955 P3:1.895 P4:1.8955 STATE:IDLE
[2026-05-04 19:21:34Z] CHK MOM:-0.02% RANGE:0.02% UP:0% SPREAD:0.10559662% BID:1.894 ASK:1.896 MID:1.895 P1:1.895 P2:1.8955 P3:1.895 P4:1.8955 STATE:IDLE
[2026-05-04 19:21:34Z] CHK MOM:-0.02% RANGE:0.02% UP:0% SPREAD:0.10559662% BID:1.894 ASK:1.896 MID:1.895 P1:1.895 P2:1.8955 P3:1.895 P4:1.8955 STATE:IDLE
[2026-05-04 19:21:35Z] CHK MOM:-0.02% RANGE:0.02% UP:0% SPREAD:0.10559662% BID:1.894 ASK:1.896 MID:1.895 P1:1.895 P2:1.8955 P3:1.895 P4:1.8955 STATE:IDLE
[2026-05-04 19:21:36Z] CHK MOM:0% RANGE:0.02% UP:50% SPREAD:0.05277044% BID:1.895 ASK:1.896 MID:1.8955 P1:1.8955 P2:1.895 P3:1.8955 P4:1.895 STATE:IDLE
[2026-05-04 19:21:36Z] CHK MOM:0% RANGE:0.02% UP:50% SPREAD:0.05277044% BID:1.895 ASK:1.896 MID:1.8955 P1:1.8955 P2:1.895 P3:1.8955 P4:1.895 STATE:IDLE
[2026-05-04 19:21:37Z] CHK MOM:0% RANGE:0.02% UP:50% SPREAD:0.05277044% BID:1.895 ASK:1.896 MID:1.8955 P1:1.8955 P2:1.895 P3:1.8955 P4:1.895 STATE:IDLE
[2026-05-04 19:21:37Z] CHK MOM:0% RANGE:0.02% UP:50% SPREAD:0.05277044% BID:1.895 ASK:1.896 MID:1.8955 P1:1.8955 P2:1.895 P3:1.8955 P4:1.895 STATE:IDLE
[2026-05-04 19:21:38Z] CHK MOM:0% RANGE:0.02% UP:50% SPREAD:0.05277044% BID:1.895 ASK:1.896 MID:1.8955 P1:1.8955 P2:1.895 P3:1.8955 P4:1.895 STATE:IDLE
[2026-05-04 19:21:40Z] CHK MOM:0% RANGE:0.02% UP:50% SPREAD:0.10559662% BID:1.894 ASK:1.896 MID:1.895 P1:1.895 P2:1.8955 P3:1.895 P4:1.8955 STATE:IDLE
[2026-05-04 19:21:40Z] CHK MOM:0% RANGE:0.02% UP:50% SPREAD:0.10559662% BID:1.894 ASK:1.896 MID:1.895 P1:1.895 P2:1.8955 P3:1.895 P4:1.8955 STATE:IDLE
[2026-05-04 19:21:41Z] CHK MOM:0% RANGE:0.02% UP:50% SPREAD:0.10559662% BID:1.894 ASK:1.896 MID:1.895 P1:1.895 P2:1.8955 P3:1.895 P4:1.8955 STATE:IDLE
[2026-05-04 19:21:42Z] CHK MOM:0.02% RANGE:0.02% UP:66.66% SPREAD:0.05277044% BID:1.895 ASK:1.896 MID:1.8955 P1:1.8955 P2:1.895 P3:1.8955 P4:1.895 STATE:IDLE
[2026-05-04 19:21:42Z] CHK MOM:0.02% RANGE:0.02% UP:66.66% SPREAD:0.05277044% BID:1.895 ASK:1.896 MID:1.8955 P1:1.8955 P2:1.895 P3:1.8955 P4:1.895 STATE:IDLE
[2026-05-04 19:21:43Z] CHK MOM:0.02% RANGE:0.02% UP:66.66% SPREAD:0.05277044% BID:1.895 ASK:1.896 MID:1.8955 P1:1.8955 P2:1.895 P3:1.8955 P4:1.895 STATE:IDLE
[2026-05-04 19:21:43Z] CHK MOM:0.02% RANGE:0.02% UP:66.66% SPREAD:0.05277044% BID:1.895 ASK:1.896 MID:1.8955 P1:1.8955 P2:1.895 P3:1.8955 P4:1.895 STATE:IDLE
[2026-05-04 19:21:44Z] CHK MOM:0.02% RANGE:0.02% UP:66.66% SPREAD:0.05277044% BID:1.895 ASK:1.896 MID:1.8955 P1:1.8955 P2:1.895 P3:1.8955 P4:1.895 STATE:IDLE
[2026-05-04 19:21:54Z] CHK MOM:0% RANGE:0% UP:0% SPREAD:0.10559662% BID:1.894 ASK:1.896 MID:1.895 P1:1.895 P2:1.8955 P3:1.895 P4:1.8955 STATE:IDLE
[2026-05-04 19:21:55Z] CHK MOM:0% RANGE:0% UP:0% SPREAD:0.10559662% BID:1.894 ASK:1.896 MID:1.895 P1:1.895 P2:1.8955 P3:1.895 P4:1.8955 STATE:IDLE
[2026-05-04 19:21:55Z] CHK MOM:0% RANGE:0% UP:0% SPREAD:0.10559662% BID:1.894 ASK:1.896 MID:1.895 P1:1.895 P2:1.8955 P3:1.895 P4:1.8955 STATE:IDLE
[2026-05-04 19:21:56Z] CHK MOM:0% RANGE:0% UP:0% SPREAD:0.10559662% BID:1.894 ASK:1.896 MID:1.895 P1:1.895 P2:1.8955 P3:1.895 P4:1.8955 STATE:IDLE
[2026-05-04 19:21:56Z] CHK MOM:0% RANGE:0% UP:0% SPREAD:0.10559662% BID:1.894 ASK:1.896 MID:1.895 P1:1.895 P2:1.8955 P3:1.895 P4:1.8955 STATE:IDLE
[2026-05-04 19:22:01Z] CHK MOM:0.02% RANGE:0.02% UP:100% SPREAD:0.05277044% BID:1.895 ASK:1.896 MID:1.8955 P1:1.8955 P2:1.895 P3:1.8955 P4:1.895 STATE:IDLE
[2026-05-04 19:22:02Z] CHK MOM:0.02% RANGE:0.02% UP:100% SPREAD:0.05277044% BID:1.895 ASK:1.896 MID:1.8955 P1:1.8955 P2:1.895 P3:1.8955 P4:1.895 STATE:IDLE
[2026-05-04 19:22:02Z] CHK MOM:0.02% RANGE:0.02% UP:100% SPREAD:0.05277044% BID:1.895 ASK:1.896 MID:1.8955 P1:1.8955 P2:1.895 P3:1.8955 P4:1.895 STATE:IDLE
[2026-05-04 19:22:03Z] CHK MOM:0.02% RANGE:0.02% UP:100% SPREAD:0.05277044% BID:1.895 ASK:1.896 MID:1.8955 P1:1.8955 P2:1.895 P3:1.8955 P4:1.895 STATE:IDLE
[2026-05-04 19:22:08Z] CHK MOM:-0.02% RANGE:0.02% UP:0% SPREAD:0.10559662% BID:1.894 ASK:1.896 MID:1.895 P1:1.895 P2:1.8955 P3:1.895 P4:1.8955 STATE:IDLE
[2026-05-04 19:22:08Z] CHK MOM:-0.02% RANGE:0.02% UP:0% SPREAD:0.10559662% BID:1.894 ASK:1.896 MID:1.895 P1:1.895 P2:1.8955 P3:1.895 P4:1.8955 STATE:IDLE
[2026-05-04 19:22:09Z] CHK MOM:-0.02% RANGE:0.02% UP:0% SPREAD:0.10559662% BID:1.894 ASK:1.896 MID:1.895 P1:1.895 P2:1.8955 P3:1.895 P4:1.8955 STATE:IDLE
[2026-05-04 19:22:09Z] CHK MOM:-0.02% RANGE:0.02% UP:0% SPREAD:0.10559662% BID:1.894 ASK:1.896 MID:1.895 P1:1.895 P2:1.8955 P3:1.895 P4:1.8955 STATE:IDLE
[2026-05-04 19:22:10Z] CHK MOM:-0.02% RANGE:0.02% UP:0% SPREAD:0.10559662% BID:1.894 ASK:1.896 MID:1.895 P1:1.895 P2:1.8955 P3:1.895 P4:1.8955 STATE:IDLE
[2026-05-04 19:22:11Z] CHK MOM:-0.02% RANGE:0.02% UP:0% SPREAD:0.05279831% BID:1.894 ASK:1.895 MID:1.89449999 P1:1.89449999 P2:1.895 P3:1.8955 P4:1.895 STATE:IDLE
[2026-05-04 19:22:12Z] CHK MOM:-0.02% RANGE:0.02% UP:0% SPREAD:0.05279831% BID:1.894 ASK:1.895 MID:1.89449999 P1:1.89449999 P2:1.895 P3:1.8955 P4:1.895 STATE:IDLE
[2026-05-04 19:22:12Z] CHK MOM:-0.02% RANGE:0.02% UP:0% SPREAD:0.05279831% BID:1.894 ASK:1.895 MID:1.89449999 P1:1.89449999 P2:1.895 P3:1.8955 P4:1.895 STATE:IDLE
[2026-05-04 19:22:13Z] CHK MOM:-0.02% RANGE:0.02% UP:0% SPREAD:0.05279831% BID:1.894 ASK:1.895 MID:1.89449999 P1:1.89449999 P2:1.895 P3:1.8955 P4:1.895 STATE:IDLE
[2026-05-04 19:22:14Z] CHK MOM:-0.02% RANGE:0.02% UP:0% SPREAD:0.05279831% BID:1.894 ASK:1.895 MID:1.89449999 P1:1.89449999 P2:1.89449999 P3:1.895 P4:1.8955 STATE:IDLE
[2026-05-04 19:22:14Z] CHK MOM:-0.02% RANGE:0.02% UP:0% SPREAD:0.05279831% BID:1.894 ASK:1.895 MID:1.89449999 P1:1.89449999 P2:1.89449999 P3:1.895 P4:1.8955 STATE:IDLE
[2026-05-04 19:22:15Z] CHK MOM:-0.02% RANGE:0.02% UP:0% SPREAD:0.05279831% BID:1.894 ASK:1.895 MID:1.89449999 P1:1.89449999 P2:1.89449999 P3:1.895 P4:1.8955 STATE:IDLE
[2026-05-04 19:22:15Z] CHK MOM:-0.02% RANGE:0.02% UP:0% SPREAD:0.05279831% BID:1.894 ASK:1.895 MID:1.89449999 P1:1.89449999 P2:1.89449999 P3:1.895 P4:1.8955 STATE:IDLE
[2026-05-04 19:22:16Z] CHK MOM:-0.02% RANGE:0.02% UP:0% SPREAD:0.05279831% BID:1.894 ASK:1.895 MID:1.89449999 P1:1.89449999 P2:1.89449999 P3:1.895 P4:1.8955 STATE:IDLE
[2026-05-04 19:22:17Z] CHK MOM:-0.02% RANGE:0.02% UP:0% SPREAD:0.1056524% BID:1.893 ASK:1.895 MID:1.894 P1:1.894 P2:1.89449999 P3:1.89449999 P4:1.895 STATE:IDLE
[2026-05-04 19:22:17Z] CHK MOM:-0.02% RANGE:0.02% UP:0% SPREAD:0.1056524% BID:1.893 ASK:1.895 MID:1.894 P1:1.894 P2:1.89449999 P3:1.89449999 P4:1.895 STATE:IDLE
[2026-05-04 19:22:18Z] CHK MOM:-0.05% RANGE:0.05% UP:0% SPREAD:0.0528262% BID:1.893 ASK:1.894 MID:1.8935 P1:1.8935 P2:1.894 P3:1.89449999 P4:1.89449999 STATE:IDLE
[2026-05-04 19:22:19Z] CHK MOM:-0.05% RANGE:0.05% UP:0% SPREAD:0.0528262% BID:1.893 ASK:1.894 MID:1.8935 P1:1.8935 P2:1.894 P3:1.89449999 P4:1.89449999 STATE:IDLE
[2026-05-04 19:22:19Z] CHK MOM:-0.05% RANGE:0.05% UP:0% SPREAD:0.0528262% BID:1.893 ASK:1.894 MID:1.8935 P1:1.8935 P2:1.894 P3:1.89449999 P4:1.89449999 STATE:IDLE
[2026-05-04 19:22:20Z] CHK MOM:-0.05% RANGE:0.05% UP:0% SPREAD:0.0528262% BID:1.893 ASK:1.894 MID:1.8935 P1:1.8935 P2:1.894 P3:1.89449999 P4:1.89449999 STATE:IDLE
[2026-05-04 19:22:20Z] CHK MOM:-0.05% RANGE:0.05% UP:0% SPREAD:0.0528262% BID:1.893 ASK:1.894 MID:1.8935 P1:1.8935 P2:1.894 P3:1.89449999 P4:1.89449999 STATE:IDLE
[2026-05-04 19:22:22Z] CHK MOM:-0.02% RANGE:0.02% UP:0% SPREAD:0.0528262% BID:1.893 ASK:1.894 MID:1.8935 P1:1.8935 P2:1.8935 P3:1.894 P4:1.89449999 STATE:IDLE
[2026-05-04 19:22:23Z] CHK MOM:-0.02% RANGE:0.02% UP:0% SPREAD:0.0528262% BID:1.893 ASK:1.894 MID:1.8935 P1:1.8935 P2:1.8935 P3:1.894 P4:1.89449999 STATE:IDLE
[2026-05-04 19:22:23Z] CHK MOM:-0.02% RANGE:0.02% UP:0% SPREAD:0.0528262% BID:1.893 ASK:1.894 MID:1.8935 P1:1.8935 P2:1.8935 P3:1.894 P4:1.89449999 STATE:IDLE
[2026-05-04 19:22:24Z] CHK MOM:-0.02% RANGE:0.02% UP:0% SPREAD:0.0528262% BID:1.893 ASK:1.894 MID:1.8935 P1:1.8935 P2:1.8935 P3:1.894 P4:1.89449999 STATE:IDLE
[2026-05-04 19:22:25Z] CHK MOM:-0.02% RANGE:0.02% UP:0% SPREAD:0.0528262% BID:1.893 ASK:1.894 MID:1.8935 P1:1.8935 P2:1.8935 P3:1.894 P4:1.89449999 STATE:IDLE
[2026-05-04 19:22:35Z] CHK MOM:0% RANGE:0% UP:0% SPREAD:0.0528262% BID:1.893 ASK:1.894 MID:1.8935 P1:1.8935 P2:1.8935 P3:1.8935 P4:1.894 STATE:IDLE
[2026-05-04 19:22:36Z] CHK MOM:0% RANGE:0% UP:0% SPREAD:0.0528262% BID:1.893 ASK:1.894 MID:1.8935 P1:1.8935 P2:1.8935 P3:1.8935 P4:1.894 STATE:IDLE
[2026-05-04 19:22:36Z] CHK MOM:0% RANGE:0% UP:0% SPREAD:0.0528262% BID:1.893 ASK:1.894 MID:1.8935 P1:1.8935 P2:1.8935 P3:1.8935 P4:1.894 STATE:IDLE
[2026-05-04 19:22:37Z] CHK MOM:0% RANGE:0% UP:0% SPREAD:0.0528262% BID:1.893 ASK:1.894 MID:1.8935 P1:1.8935 P2:1.8935 P3:1.8935 P4:1.894 STATE:IDLE
[2026-05-04 19:22:37Z] CHK MOM:0% RANGE:0% UP:0% SPREAD:0.0528262% BID:1.893 ASK:1.894 MID:1.8935 P1:1.8935 P2:1.8935 P3:1.8935 P4:1.894 STATE:IDLE
[2026-05-04 19:22:51Z] CHK MOM:0% RANGE:0% UP:0% SPREAD:0.05285412% BID:1.892 ASK:1.893 MID:1.8925 P1:1.8925 P2:1.8935 P3:1.8935 P4:1.8935 STATE:IDLE
[2026-05-04 19:22:52Z] CHK MOM:0% RANGE:0% UP:0% SPREAD:0.05285412% BID:1.892 ASK:1.893 MID:1.8925 P1:1.8925 P2:1.8935 P3:1.8935 P4:1.8935 STATE:IDLE
[2026-05-04 19:22:52Z] CHK MOM:0% RANGE:0% UP:0% SPREAD:0.05285412% BID:1.892 ASK:1.893 MID:1.8925 P1:1.8925 P2:1.8925 P3:1.8935 P4:1.8935 STATE:IDLE
[2026-05-04 19:22:53Z] CHK MOM:0% RANGE:0% UP:0% SPREAD:0.05285412% BID:1.892 ASK:1.893 MID:1.8925 P1:1.8925 P2:1.8925 P3:1.8935 P4:1.8935 STATE:IDLE
[2026-05-04 19:22:53Z] CHK MOM:0% RANGE:0% UP:0% SPREAD:0.05285412% BID:1.892 ASK:1.893 MID:1.8925 P1:1.8925 P2:1.8925 P3:1.8935 P4:1.8935 STATE:IDLE
[2026-05-04 19:22:54Z] CHK MOM:0% RANGE:0% UP:0% SPREAD:0.05285412% BID:1.892 ASK:1.893 MID:1.8925 P1:1.8925 P2:1.8925 P3:1.8935 P4:1.8935 STATE:IDLE
[2026-05-04 19:22:54Z] CHK MOM:0% RANGE:0% UP:0% SPREAD:0.05285412% BID:1.892 ASK:1.893 MID:1.8925 P1:1.8925 P2:1.8925 P3:1.8935 P4:1.8935 STATE:IDLE
[2026-05-04 19:22:55Z] CHK MOM:0% RANGE:0% UP:0% SPREAD:0.05285412% BID:1.892 ASK:1.893 MID:1.8925 P1:1.8925 P2:1.8925 P3:1.8935 P4:1.8935 STATE:IDLE
[2026-05-04 19:22:56Z] CHK MOM:0% RANGE:0% UP:0% SPREAD:0.05285412% BID:1.892 ASK:1.893 MID:1.8925 P1:1.8925 P2:1.8925 P3:1.8925 P4:1.8935 STATE:IDLE
[2026-05-04 19:22:57Z] CHK MOM:0% RANGE:0% UP:0% SPREAD:0.05285412% BID:1.892 ASK:1.893 MID:1.8925 P1:1.8925 P2:1.8925 P3:1.8925 P4:1.8935 STATE:IDLE
[2026-05-04 19:22:57Z] CHK MOM:0% RANGE:0% UP:0% SPREAD:0.05285412% BID:1.892 ASK:1.893 MID:1.8925 P1:1.8925 P2:1.8925 P3:1.8925 P4:1.8935 STATE:IDLE
[2026-05-04 19:22:58Z] CHK MOM:0% RANGE:0% UP:0% SPREAD:0.05285412% BID:1.892 ASK:1.893 MID:1.8925 P1:1.8925 P2:1.8925 P3:1.8925 P4:1.8935 STATE:IDLE
[2026-05-04 19:22:58Z] CHK MOM:0% RANGE:0% UP:0% SPREAD:0.05285412% BID:1.892 ASK:1.893 MID:1.8925 P1:1.8925 P2:1.8925 P3:1.8925 P4:1.8935 STATE:IDLE
[2026-05-04 19:22:59Z] CHK MOM:0% RANGE:0% UP:0% SPREAD:0.05285412% BID:1.892 ASK:1.893 MID:1.8925 P1:1.8925 P2:1.8925 P3:1.8925 P4:1.8925 STATE:IDLE
[2026-05-04 19:22:59Z] CHK MOM:0% RANGE:0% UP:0% SPREAD:0.05285412% BID:1.892 ASK:1.893 MID:1.8925 P1:1.8925 P2:1.8925 P3:1.8925 P4:1.8925 STATE:IDLE
[2026-05-04 19:23:00Z] CHK MOM:0% RANGE:0% UP:0% SPREAD:0.05285412% BID:1.892 ASK:1.893 MID:1.8925 P1:1.8925 P2:1.8925 P3:1.8925 P4:1.8925 STATE:IDLE
[2026-05-04 19:23:00Z] CHK MOM:0% RANGE:0% UP:0% SPREAD:0.05285412% BID:1.892 ASK:1.893 MID:1.8925 P1:1.8925 P2:1.8925 P3:1.8925 P4:1.8925 STATE:IDLE
[2026-05-04 19:23:01Z] CHK MOM:-0.02% RANGE:0.02% UP:0% SPREAD:0.10576414% BID:1.891 ASK:1.893 MID:1.892 P1:1.892 P2:1.8925 P3:1.8925 P4:1.8925 STATE:IDLE
[2026-05-04 19:23:02Z] CHK MOM:-0.05% RANGE:0.05% UP:0% SPREAD:0.05288207% BID:1.891 ASK:1.892 MID:1.8915 P1:1.8915 P2:1.892 P3:1.8925 P4:1.8925 STATE:IDLE
[2026-05-04 19:23:02Z] CHK MOM:-0.05% RANGE:0.05% UP:0% SPREAD:0.05288207% BID:1.891 ASK:1.892 MID:1.8915 P1:1.8915 P2:1.892 P3:1.8925 P4:1.8925 STATE:IDLE
[2026-05-04 19:23:03Z] CHK MOM:-0.05% RANGE:0.05% UP:0% SPREAD:0.05288207% BID:1.891 ASK:1.892 MID:1.8915 P1:1.8915 P2:1.892 P3:1.8925 P4:1.8925 STATE:IDLE
[2026-05-04 19:23:03Z] CHK MOM:-0.05% RANGE:0.05% UP:0% SPREAD:0.05288207% BID:1.891 ASK:1.892 MID:1.8915 P1:1.8915 P2:1.892 P3:1.8925 P4:1.8925 STATE:IDLE
[2026-05-04 19:23:04Z] CHK MOM:-0.05% RANGE:0.05% UP:0% SPREAD:0.05288207% BID:1.891 ASK:1.892 MID:1.8915 P1:1.8915 P2:1.892 P3:1.8925 P4:1.8925 STATE:IDLE
[2026-05-04 19:23:08Z] CHK MOM:-0.02% RANGE:0.02% UP:0% SPREAD:0.05288207% BID:1.891 ASK:1.892 MID:1.8915 P1:1.8915 P2:1.8915 P3:1.892 P4:1.8925 STATE:IDLE
[2026-05-04 19:23:09Z] CHK MOM:-0.02% RANGE:0.02% UP:0% SPREAD:0.05288207% BID:1.891 ASK:1.892 MID:1.8915 P1:1.8915 P2:1.8915 P3:1.892 P4:1.8925 STATE:IDLE
[2026-05-04 19:23:09Z] CHK MOM:-0.02% RANGE:0.02% UP:0% SPREAD:0.05288207% BID:1.891 ASK:1.892 MID:1.8915 P1:1.8915 P2:1.8915 P3:1.892 P4:1.8925 STATE:IDLE
[2026-05-04 19:23:10Z] CHK MOM:0% RANGE:0% UP:0% SPREAD:0.05288207% BID:1.891 ASK:1.892 MID:1.8915 P1:1.8915 P2:1.8915 P3:1.8915 P4:1.892 STATE:IDLE
[2026-05-04 19:23:10Z] CHK MOM:0% RANGE:0% UP:0% SPREAD:0.05288207% BID:1.891 ASK:1.892 MID:1.8915 P1:1.8915 P2:1.8915 P3:1.8915 P4:1.892 STATE:IDLE
[2026-05-04 19:23:11Z] CHK MOM:0% RANGE:0% UP:0% SPREAD:0.05288207% BID:1.891 ASK:1.892 MID:1.8915 P1:1.8915 P2:1.8915 P3:1.8915 P4:1.8915 STATE:IDLE
[2026-05-04 19:23:11Z] CHK MOM:0% RANGE:0% UP:0% SPREAD:0.05288207% BID:1.891 ASK:1.892 MID:1.8915 P1:1.8915 P2:1.8915 P3:1.8915 P4:1.8915 STATE:IDLE
[2026-05-04 19:23:12Z] CHK MOM:0% RANGE:0% UP:0% SPREAD:0.05288207% BID:1.891 ASK:1.892 MID:1.8915 P1:1.8915 P2:1.8915 P3:1.8915 P4:1.8915 STATE:IDLE
[2026-05-04 19:23:12Z] CHK MOM:0% RANGE:0% UP:0% SPREAD:0.05288207% BID:1.891 ASK:1.892 MID:1.8915 P1:1.8915 P2:1.8915 P3:1.8915 P4:1.8915 STATE:IDLE
[2026-05-04 19:23:13Z] CHK MOM:0% RANGE:0% UP:0% SPREAD:0.05288207% BID:1.891 ASK:1.892 MID:1.8915 P1:1.8915 P2:1.8915 P3:1.8915 P4:1.8915 STATE:IDLE
[2026-05-04 19:23:14Z] CHK MOM:0% RANGE:0% UP:0% SPREAD:0.05288207% BID:1.891 ASK:1.892 MID:1.8915 P1:1.8915 P2:1.8915 P3:1.8915 P4:1.8915 STATE:IDLE
[2026-05-04 19:23:14Z] CHK MOM:0% RANGE:0% UP:0% SPREAD:0.05288207% BID:1.891 ASK:1.892 MID:1.8915 P1:1.8915 P2:1.8915 P3:1.8915 P4:1.8915 STATE:IDLE
[2026-05-04 19:23:15Z] CHK MOM:0% RANGE:0% UP:0% SPREAD:0.05288207% BID:1.891 ASK:1.892 MID:1.8915 P1:1.8915 P2:1.8915 P3:1.8915 P4:1.8915 STATE:IDLE
[2026-05-04 19:23:15Z] CHK MOM:0% RANGE:0% UP:0% SPREAD:0.05288207% BID:1.891 ASK:1.892 MID:1.8915 P1:1.8915 P2:1.8915 P3:1.8915 P4:1.8915 STATE:IDLE
[2026-05-04 19:23:16Z] CHK MOM:0% RANGE:0% UP:0% SPREAD:0.05288207% BID:1.891 ASK:1.892 MID:1.8915 P1:1.8915 P2:1.8915 P3:1.8915 P4:1.8915 STATE:IDLE
[2026-05-04 19:23:16Z] CHK MOM:0% RANGE:0% UP:0% SPREAD:0.05288207% BID:1.891 ASK:1.892 MID:1.8915 P1:1.8915 P2:1.8915 P3:1.8915 P4:1.8915 STATE:IDLE
[2026-05-04 19:23:17Z] CHK MOM:0% RANGE:0% UP:0% SPREAD:0.05288207% BID:1.891 ASK:1.892 MID:1.8915 P1:1.8915 P2:1.8915 P3:1.8915 P4:1.8915 STATE:IDLE
[2026-05-04 19:23:17Z] CHK MOM:0% RANGE:0% UP:0% SPREAD:0.05288207% BID:1.891 ASK:1.892 MID:1.8915 P1:1.8915 P2:1.8915 P3:1.8915 P4:1.8915 STATE:IDLE
[2026-05-04 19:23:18Z] CHK MOM:0% RANGE:0% UP:0% SPREAD:0.05288207% BID:1.891 ASK:1.892 MID:1.8915 P1:1.8915 P2:1.8915 P3:1.8915 P4:1.8915 STATE:IDLE
[2026-05-04 19:23:18Z] CHK MOM:0% RANGE:0% UP:0% SPREAD:0.05288207% BID:1.891 ASK:1.892 MID:1.8915 P1:1.8915 P2:1.8915 P3:1.8915 P4:1.8915 STATE:IDLE
[2026-05-04 19:23:19Z] CHK MOM:0% RANGE:0% UP:0% SPREAD:0.05288207% BID:1.891 ASK:1.892 MID:1.8915 P1:1.8915 P2:1.8915 P3:1.8915 P4:1.8915 STATE:IDLE
[2026-05-04 19:23:33Z] CHK MOM:0% RANGE:0% UP:0% SPREAD:0.05291005% BID:1.89 ASK:1.891 MID:1.89049999 P1:1.89049999 P2:1.8915 P3:1.8915 P4:1.8915 STATE:IDLE
[2026-05-04 19:23:33Z] CHK MOM:-0.02% RANGE:0.02% UP:0% SPREAD:0.10587612% BID:1.889 ASK:1.891 MID:1.89 P1:1.89 P2:1.89049999 P3:1.8915 P4:1.8915 STATE:IDLE
[2026-05-04 19:23:34Z] CHK MOM:-0.02% RANGE:0.02% UP:0% SPREAD:0.10587612% BID:1.889 ASK:1.891 MID:1.89 P1:1.89 P2:1.89049999 P3:1.8915 P4:1.8915 STATE:IDLE
[2026-05-04 19:23:34Z] CHK MOM:-0.02% RANGE:0.02% UP:0% SPREAD:0.10587612% BID:1.889 ASK:1.891 MID:1.89 P1:1.89 P2:1.89049999 P3:1.8915 P4:1.8915 STATE:IDLE
[2026-05-04 19:23:35Z] CHK MOM:-0.02% RANGE:0.02% UP:0% SPREAD:0.10587612% BID:1.889 ASK:1.891 MID:1.89 P1:1.89 P2:1.89049999 P3:1.8915 P4:1.8915 STATE:IDLE
[2026-05-04 19:23:35Z] CHK MOM:-0.02% RANGE:0.02% UP:0% SPREAD:0.10587612% BID:1.889 ASK:1.891 MID:1.89 P1:1.89 P2:1.89049999 P3:1.8915 P4:1.8915 STATE:IDLE
[2026-05-04 19:23:37Z] CHK MOM:-0.02% RANGE:0.02% UP:0% SPREAD:0.10587612% BID:1.889 ASK:1.891 MID:1.89 P1:1.89 P2:1.89 P3:1.89049999 P4:1.8915 STATE:IDLE
[2026-05-04 19:23:38Z] CHK MOM:-0.02% RANGE:0.02% UP:0% SPREAD:0.10587612% BID:1.889 ASK:1.891 MID:1.89 P1:1.89 P2:1.89 P3:1.89049999 P4:1.8915 STATE:IDLE
[2026-05-04 19:23:39Z] CHK MOM:-0.02% RANGE:0.02% UP:0% SPREAD:0.10587612% BID:1.889 ASK:1.891 MID:1.89 P1:1.89 P2:1.89 P3:1.89049999 P4:1.8915 STATE:IDLE
[2026-05-04 19:23:39Z] CHK MOM:-0.02% RANGE:0.02% UP:0% SPREAD:0.10587612% BID:1.889 ASK:1.891 MID:1.89 P1:1.89 P2:1.89 P3:1.89049999 P4:1.8915 STATE:IDLE
[2026-05-04 19:23:40Z] CHK MOM:-0.02% RANGE:0.02% UP:0% SPREAD:0.10587612% BID:1.889 ASK:1.891 MID:1.89 P1:1.89 P2:1.89 P3:1.89049999 P4:1.8915 STATE:IDLE
[2026-05-04 19:23:44Z] CHK MOM:0% RANGE:0% UP:0% SPREAD:0.10587612% BID:1.889 ASK:1.891 MID:1.89 P1:1.89 P2:1.89 P3:1.89 P4:1.89049999 STATE:IDLE
[2026-05-04 19:23:44Z] CHK MOM:0% RANGE:0% UP:0% SPREAD:0.10587612% BID:1.889 ASK:1.891 MID:1.89 P1:1.89 P2:1.89 P3:1.89 P4:1.89049999 STATE:IDLE
[2026-05-04 19:23:45Z] CHK MOM:0% RANGE:0% UP:0% SPREAD:0.10587612% BID:1.889 ASK:1.891 MID:1.89 P1:1.89 P2:1.89 P3:1.89 P4:1.89049999 STATE:IDLE
[2026-05-04 19:23:45Z] CHK MOM:-0.02% RANGE:0.02% UP:0% SPREAD:0.05293806% BID:1.889 ASK:1.89 MID:1.8895 P1:1.8895 P2:1.89 P3:1.89 P4:1.89 STATE:IDLE
[2026-05-04 19:23:46Z] CHK MOM:-0.02% RANGE:0.02% UP:0% SPREAD:0.05293806% BID:1.889 ASK:1.89 MID:1.8895 P1:1.8895 P2:1.89 P3:1.89 P4:1.89 STATE:IDLE
[2026-05-04 19:23:46Z] CHK MOM:-0.02% RANGE:0.02% UP:0% SPREAD:0.05293806% BID:1.889 ASK:1.89 MID:1.8895 P1:1.8895 P2:1.89 P3:1.89 P4:1.89 STATE:IDLE
[2026-05-04 19:23:47Z] CHK MOM:-0.02% RANGE:0.02% UP:0% SPREAD:0.05293806% BID:1.889 ASK:1.89 MID:1.8895 P1:1.8895 P2:1.89 P3:1.89 P4:1.89 STATE:IDLE
[2026-05-04 19:23:47Z] CHK MOM:-0.02% RANGE:0.02% UP:0% SPREAD:0.05293806% BID:1.889 ASK:1.89 MID:1.8895 P1:1.8895 P2:1.8895 P3:1.89 P4:1.89 STATE:IDLE
[2026-05-04 19:23:48Z] CHK MOM:-0.02% RANGE:0.02% UP:0% SPREAD:0.05293806% BID:1.889 ASK:1.89 MID:1.8895 P1:1.8895 P2:1.8895 P3:1.89 P4:1.89 STATE:IDLE
[2026-05-04 19:23:49Z] CHK MOM:-0.02% RANGE:0.02% UP:0% SPREAD:0.05293806% BID:1.889 ASK:1.89 MID:1.8895 P1:1.8895 P2:1.8895 P3:1.89 P4:1.89 STATE:IDLE
[2026-05-04 19:23:49Z] CHK MOM:0% RANGE:0.02% UP:33.33% SPREAD:0.10587612% BID:1.889 ASK:1.891 MID:1.89 P1:1.89 P2:1.8895 P3:1.8895 P4:1.89 STATE:IDLE
[2026-05-04 19:23:50Z] CHK MOM:0% RANGE:0.02% UP:33.33% SPREAD:0.10587612% BID:1.889 ASK:1.891 MID:1.89 P1:1.89 P2:1.8895 P3:1.8895 P4:1.89 STATE:IDLE
[2026-05-04 19:23:50Z] CHK MOM:0% RANGE:0.02% UP:33.33% SPREAD:0.10587612% BID:1.889 ASK:1.891 MID:1.89 P1:1.89 P2:1.8895 P3:1.8895 P4:1.89 STATE:IDLE
[2026-05-04 19:23:51Z] CHK MOM:0% RANGE:0.02% UP:33.33% SPREAD:0.10587612% BID:1.889 ASK:1.891 MID:1.89 P1:1.89 P2:1.8895 P3:1.8895 P4:1.89 STATE:IDLE
[2026-05-04 19:23:51Z] CHK MOM:0% RANGE:0.02% UP:33.33% SPREAD:0.10587612% BID:1.889 ASK:1.891 MID:1.89 P1:1.89 P2:1.8895 P3:1.8895 P4:1.89 STATE:IDLE
[2026-05-04 19:23:52Z] CHK MOM:0% RANGE:0.02% UP:33.33% SPREAD:0.10587612% BID:1.889 ASK:1.891 MID:1.89 P1:1.89 P2:1.8895 P3:1.8895 P4:1.89 STATE:IDLE
[2026-05-04 19:24:00Z] CHK MOM:0% RANGE:0% UP:0% SPREAD:0.05293806% BID:1.889 ASK:1.89 MID:1.8895 P1:1.8895 P2:1.89 P3:1.8895 P4:1.8895 STATE:IDLE
[2026-05-04 19:24:00Z] CHK MOM:0% RANGE:0% UP:0% SPREAD:0.05293806% BID:1.889 ASK:1.89 MID:1.8895 P1:1.8895 P2:1.89 P3:1.8895 P4:1.8895 STATE:IDLE
[2026-05-04 19:24:01Z] CHK MOM:0% RANGE:0% UP:0% SPREAD:0.05293806% BID:1.889 ASK:1.89 MID:1.8895 P1:1.8895 P2:1.89 P3:1.8895 P4:1.8895 STATE:IDLE
[2026-05-04 19:24:01Z] CHK MOM:0% RANGE:0% UP:0% SPREAD:0.05293806% BID:1.889 ASK:1.89 MID:1.8895 P1:1.8895 P2:1.89 P3:1.8895 P4:1.8895 STATE:IDLE
[2026-05-04 19:24:02Z] CHK MOM:0% RANGE:0% UP:0% SPREAD:0.05293806% BID:1.889 ASK:1.89 MID:1.8895 P1:1.8895 P2:1.89 P3:1.8895 P4:1.8895 STATE:IDLE
[2026-05-04 19:24:03Z] CHK MOM:0% RANGE:0% UP:0% SPREAD:0.05293806% BID:1.889 ASK:1.89 MID:1.8895 P1:1.8895 P2:1.8895 P3:1.89 P4:1.8895 STATE:IDLE
[2026-05-04 19:24:03Z] CHK MOM:0% RANGE:0% UP:0% SPREAD:0.05293806% BID:1.889 ASK:1.89 MID:1.8895 P1:1.8895 P2:1.8895 P3:1.89 P4:1.8895 STATE:IDLE
[2026-05-04 19:24:04Z] CHK MOM:0% RANGE:0% UP:0% SPREAD:0.05293806% BID:1.889 ASK:1.89 MID:1.8895 P1:1.8895 P2:1.8895 P3:1.89 P4:1.8895 STATE:IDLE
[2026-05-04 19:24:04Z] CHK MOM:-0.02% RANGE:0.02% UP:0% SPREAD:0.1059322% BID:1.888 ASK:1.89 MID:1.88899999 P1:1.88899999 P2:1.8895 P3:1.8895 P4:1.89 STATE:IDLE
[2026-05-04 19:24:05Z] CHK MOM:-0.02% RANGE:0.02% UP:0% SPREAD:0.1059322% BID:1.888 ASK:1.89 MID:1.88899999 P1:1.88899999 P2:1.8895 P3:1.8895 P4:1.89 STATE:IDLE
[2026-05-04 19:24:06Z] CHK MOM:-0.02% RANGE:0.02% UP:0% SPREAD:0.1059322% BID:1.888 ASK:1.89 MID:1.88899999 P1:1.88899999 P2:1.8895 P3:1.8895 P4:1.89 STATE:IDLE
[2026-05-04 19:24:06Z] CHK MOM:-0.02% RANGE:0.02% UP:0% SPREAD:0.1059322% BID:1.888 ASK:1.89 MID:1.88899999 P1:1.88899999 P2:1.8895 P3:1.8895 P4:1.89 STATE:IDLE
[2026-05-04 19:24:07Z] CHK MOM:-0.02% RANGE:0.02% UP:0% SPREAD:0.1059322% BID:1.888 ASK:1.89 MID:1.88899999 P1:1.88899999 P2:1.8895 P3:1.8895 P4:1.89 STATE:IDLE
[2026-05-04 19:24:07Z] CHK MOM:-0.05% RANGE:0.05% UP:0% SPREAD:0.0529661% BID:1.888 ASK:1.889 MID:1.8885 P1:1.8885 P2:1.88899999 P3:1.8895 P4:1.8895 STATE:IDLE
[2026-05-04 19:24:08Z] CHK MOM:-0.05% RANGE:0.05% UP:0% SPREAD:0.0529661% BID:1.888 ASK:1.889 MID:1.8885 P1:1.8885 P2:1.88899999 P3:1.8895 P4:1.8895 STATE:IDLE
[2026-05-04 19:24:08Z] CHK MOM:-0.05% RANGE:0.05% UP:0% SPREAD:0.0529661% BID:1.888 ASK:1.889 MID:1.8885 P1:1.8885 P2:1.88899999 P3:1.8895 P4:1.8895 STATE:IDLE
[2026-05-04 19:24:09Z] CHK MOM:-0.05% RANGE:0.05% UP:0% SPREAD:0.0529661% BID:1.888 ASK:1.889 MID:1.8885 P1:1.8885 P2:1.88899999 P3:1.8895 P4:1.8895 STATE:IDLE
[2026-05-04 19:24:09Z] CHK MOM:-0.05% RANGE:0.05% UP:0% SPREAD:0.0529661% BID:1.888 ASK:1.889 MID:1.8885 P1:1.8885 P2:1.88899999 P3:1.8895 P4:1.8895 STATE:IDLE
[2026-05-04 19:24:10Z] CHK MOM:-0.05% RANGE:0.05% UP:0% SPREAD:0.0529661% BID:1.888 ASK:1.889 MID:1.8885 P1:1.8885 P2:1.88899999 P3:1.8895 P4:1.8895 STATE:IDLE
[2026-05-04 19:24:13Z] CHK MOM:-0.02% RANGE:0.02% UP:0% SPREAD:0.10598834% BID:1.887 ASK:1.889 MID:1.888 P1:1.888 P2:1.8885 P3:1.88899999 P4:1.8895 STATE:IDLE
[2026-05-04 19:24:13Z] CHK MOM:-0.02% RANGE:0.02% UP:0% SPREAD:0.10598834% BID:1.887 ASK:1.889 MID:1.888 P1:1.888 P2:1.888 P3:1.8885 P4:1.88899999 STATE:IDLE
[2026-05-04 19:24:14Z] CHK MOM:-0.02% RANGE:0.02% UP:0% SPREAD:0.10598834% BID:1.887 ASK:1.889 MID:1.888 P1:1.888 P2:1.888 P3:1.8885 P4:1.88899999 STATE:IDLE
[2026-05-04 19:24:14Z] CHK MOM:-0.02% RANGE:0.02% UP:0% SPREAD:0.10598834% BID:1.887 ASK:1.889 MID:1.888 P1:1.888 P2:1.888 P3:1.8885 P4:1.88899999 STATE:IDLE
[2026-05-04 19:24:15Z] CHK MOM:-0.02% RANGE:0.02% UP:0% SPREAD:0.10598834% BID:1.887 ASK:1.889 MID:1.888 P1:1.888 P2:1.888 P3:1.8885 P4:1.88899999 STATE:IDLE
[2026-05-04 19:24:15Z] CHK MOM:-0.02% RANGE:0.02% UP:0% SPREAD:0.10598834% BID:1.887 ASK:1.889 MID:1.888 P1:1.888 P2:1.888 P3:1.8885 P4:1.88899999 STATE:IDLE
[2026-05-04 19:24:28Z] CHK MOM:0% RANGE:0% UP:0% SPREAD:0.10598834% BID:1.887 ASK:1.889 MID:1.888 P1:1.888 P2:1.888 P3:1.888 P4:1.8885 STATE:IDLE
[2026-05-04 19:24:29Z] CHK MOM:0% RANGE:0% UP:0% SPREAD:0.10598834% BID:1.887 ASK:1.889 MID:1.888 P1:1.888 P2:1.888 P3:1.888 P4:1.8885 STATE:IDLE
[2026-05-04 19:24:29Z] CHK MOM:0% RANGE:0% UP:0% SPREAD:0.10598834% BID:1.887 ASK:1.889 MID:1.888 P1:1.888 P2:1.888 P3:1.888 P4:1.8885 STATE:IDLE
[2026-05-04 19:24:30Z] CHK MOM:0% RANGE:0% UP:0% SPREAD:0.10598834% BID:1.887 ASK:1.889 MID:1.888 P1:1.888 P2:1.888 P3:1.888 P4:1.8885 STATE:IDLE
[2026-05-04 19:24:30Z] CHK MOM:0% RANGE:0% UP:0% SPREAD:0.10598834% BID:1.887 ASK:1.889 MID:1.888 P1:1.888 P2:1.888 P3:1.888 P4:1.8885 STATE:IDLE
[2026-05-04 19:24:33Z] CHK MOM:0% RANGE:0% UP:0% SPREAD:0.10598834% BID:1.887 ASK:1.889 MID:1.888 P1:1.888 P2:1.888 P3:1.888 P4:1.888 STATE:IDLE
[2026-05-04 19:24:34Z] CHK MOM:0% RANGE:0% UP:0% SPREAD:0.10598834% BID:1.887 ASK:1.889 MID:1.888 P1:1.888 P2:1.888 P3:1.888 P4:1.888 STATE:IDLE
[2026-05-04 19:24:34Z] CHK MOM:0% RANGE:0% UP:0% SPREAD:0.10598834% BID:1.887 ASK:1.889 MID:1.888 P1:1.888 P2:1.888 P3:1.888 P4:1.888 STATE:IDLE
[2026-05-04 19:24:35Z] CHK MOM:0% RANGE:0% UP:0% SPREAD:0.10598834% BID:1.887 ASK:1.889 MID:1.888 P1:1.888 P2:1.888 P3:1.888 P4:1.888 STATE:IDLE
[2026-05-04 19:24:35Z] CHK MOM:0% RANGE:0% UP:0% SPREAD:0.10598834% BID:1.887 ASK:1.889 MID:1.888 P1:1.888 P2:1.888 P3:1.888 P4:1.888 STATE:IDLE
[2026-05-04 19:24:37Z] CHK MOM:0% RANGE:0% UP:0% SPREAD:0.10598834% BID:1.887 ASK:1.889 MID:1.888 P1:1.888 P2:1.888 P3:1.888 P4:1.888 STATE:IDLE
[2026-05-04 19:24:37Z] CHK MOM:0% RANGE:0% UP:0% SPREAD:0.10598834% BID:1.887 ASK:1.889 MID:1.888 P1:1.888 P2:1.888 P3:1.888 P4:1.888 STATE:IDLE
[2026-05-04 19:24:38Z] CHK MOM:0% RANGE:0% UP:0% SPREAD:0.10598834% BID:1.887 ASK:1.889 MID:1.888 P1:1.888 P2:1.888 P3:1.888 P4:1.888 STATE:IDLE
[2026-05-04 19:24:38Z] CHK MOM:0% RANGE:0% UP:0% SPREAD:0.10598834% BID:1.887 ASK:1.889 MID:1.888 P1:1.888 P2:1.888 P3:1.888 P4:1.888 STATE:IDLE
[2026-05-04 19:24:39Z] CHK MOM:0% RANGE:0% UP:0% SPREAD:0.10598834% BID:1.887 ASK:1.889 MID:1.888 P1:1.888 P2:1.888 P3:1.888 P4:1.888 STATE:IDLE
[2026-05-04 19:24:42Z] CHK MOM:-0.05% RANGE:0.05% UP:0% SPREAD:0.10604453% BID:1.886 ASK:1.888 MID:1.887 P1:1.887 P2:1.888 P3:1.888 P4:1.888 STATE:IDLE
[2026-05-04 19:24:42Z] CHK MOM:-0.05% RANGE:0.05% UP:0% SPREAD:0.10604453% BID:1.886 ASK:1.888 MID:1.887 P1:1.887 P2:1.887 P3:1.888 P4:1.888 STATE:IDLE
[2026-05-04 19:24:43Z] CHK MOM:-0.05% RANGE:0.05% UP:0% SPREAD:0.10604453% BID:1.886 ASK:1.888 MID:1.887 P1:1.887 P2:1.887 P3:1.888 P4:1.888 STATE:IDLE
[2026-05-04 19:24:43Z] CHK MOM:-0.05% RANGE:0.05% UP:0% SPREAD:0.10604453% BID:1.886 ASK:1.888 MID:1.887 P1:1.887 P2:1.887 P3:1.888 P4:1.888 STATE:IDLE
[2026-05-04 19:24:44Z] CHK MOM:-0.05% RANGE:0.05% UP:0% SPREAD:0.10604453% BID:1.886 ASK:1.888 MID:1.887 P1:1.887 P2:1.887 P3:1.888 P4:1.888 STATE:IDLE
[2026-05-04 19:24:45Z] CHK MOM:-0.05% RANGE:0.05% UP:0% SPREAD:0.10604453% BID:1.886 ASK:1.888 MID:1.887 P1:1.887 P2:1.887 P3:1.888 P4:1.888 STATE:IDLE
[2026-05-04 19:24:52Z] CHK MOM:0% RANGE:0% UP:0% SPREAD:0.05302226% BID:1.886 ASK:1.887 MID:1.88649999 P1:1.88649999 P2:1.887 P3:1.887 P4:1.888 STATE:IDLE
[2026-05-04 19:24:52Z] CHK MOM:0% RANGE:0% UP:0% SPREAD:0.05302226% BID:1.886 ASK:1.887 MID:1.88649999 P1:1.88649999 P2:1.887 P3:1.887 P4:1.888 STATE:IDLE
[2026-05-04 19:24:53Z] CHK MOM:0% RANGE:0% UP:0% SPREAD:0.05302226% BID:1.886 ASK:1.887 MID:1.88649999 P1:1.88649999 P2:1.887 P3:1.887 P4:1.888 STATE:IDLE
[2026-05-04 19:24:53Z] CHK MOM:0% RANGE:0% UP:0% SPREAD:0.05302226% BID:1.886 ASK:1.887 MID:1.88649999 P1:1.88649999 P2:1.887 P3:1.887 P4:1.888 STATE:IDLE
[2026-05-04 19:24:54Z] CHK MOM:0% RANGE:0% UP:0% SPREAD:0.05302226% BID:1.886 ASK:1.887 MID:1.88649999 P1:1.88649999 P2:1.887 P3:1.887 P4:1.888 STATE:IDLE
[2026-05-04 19:25:00Z] CHK MOM:0% RANGE:0% UP:0% SPREAD:0.05302226% BID:1.886 ASK:1.887 MID:1.88649999 P1:1.88649999 P2:1.88649999 P3:1.887 P4:1.887 STATE:IDLE
[2026-05-04 19:25:01Z] CHK MOM:0% RANGE:0% UP:0% SPREAD:0.05302226% BID:1.886 ASK:1.887 MID:1.88649999 P1:1.88649999 P2:1.88649999 P3:1.88649999 P4:1.887 STATE:IDLE
[2026-05-04 19:25:01Z] CHK MOM:0% RANGE:0% UP:0% SPREAD:0.05302226% BID:1.886 ASK:1.887 MID:1.88649999 P1:1.88649999 P2:1.88649999 P3:1.88649999 P4:1.887 STATE:IDLE
[2026-05-04 19:25:02Z] CHK MOM:0% RANGE:0% UP:0% SPREAD:0.05302226% BID:1.886 ASK:1.887 MID:1.88649999 P1:1.88649999 P2:1.88649999 P3:1.88649999 P4:1.887 STATE:IDLE
[2026-05-04 19:25:02Z] CHK MOM:0% RANGE:0% UP:0% SPREAD:0.05302226% BID:1.886 ASK:1.887 MID:1.88649999 P1:1.88649999 P2:1.88649999 P3:1.88649999 P4:1.887 STATE:IDLE
[2026-05-04 19:25:07Z] CHK MOM:-0.02% RANGE:0.02% UP:0% SPREAD:0.10610079% BID:1.885 ASK:1.887 MID:1.886 P1:1.886 P2:1.88649999 P3:1.88649999 P4:1.88649999 STATE:IDLE
[2026-05-04 19:25:07Z] CHK MOM:-0.05% RANGE:0.05% UP:0% SPREAD:0.05305039% BID:1.885 ASK:1.886 MID:1.8855 P1:1.8855 P2:1.886 P3:1.88649999 P4:1.88649999 STATE:IDLE
[2026-05-04 19:25:08Z] CHK MOM:-0.05% RANGE:0.05% UP:0% SPREAD:0.05305039% BID:1.885 ASK:1.886 MID:1.8855 P1:1.8855 P2:1.886 P3:1.88649999 P4:1.88649999 STATE:IDLE
[2026-05-04 19:25:08Z] CHK MOM:0% RANGE:0.02% UP:50% SPREAD:0.10610079% BID:1.885 ASK:1.887 MID:1.886 P1:1.886 P2:1.8855 P3:1.886 P4:1.88649999 STATE:IDLE
[2026-05-04 19:25:09Z] CHK MOM:0% RANGE:0.02% UP:50% SPREAD:0.10610079% BID:1.885 ASK:1.887 MID:1.886 P1:1.886 P2:1.8855 P3:1.886 P4:1.88649999 STATE:IDLE
[2026-05-04 19:25:09Z] CHK MOM:0% RANGE:0.02% UP:50% SPREAD:0.10610079% BID:1.885 ASK:1.887 MID:1.886 P1:1.886 P2:1.8855 P3:1.886 P4:1.88649999 STATE:IDLE
[2026-05-04 19:25:10Z] CHK MOM:0% RANGE:0.02% UP:50% SPREAD:0.10610079% BID:1.885 ASK:1.887 MID:1.886 P1:1.886 P2:1.8855 P3:1.886 P4:1.88649999 STATE:IDLE
[2026-05-04 19:25:10Z] CHK MOM:0% RANGE:0.02% UP:33.33% SPREAD:0.10610079% BID:1.885 ASK:1.887 MID:1.886 P1:1.886 P2:1.886 P3:1.8855 P4:1.886 STATE:IDLE
[2026-05-04 19:25:11Z] CHK MOM:0% RANGE:0.02% UP:33.33% SPREAD:0.10610079% BID:1.885 ASK:1.887 MID:1.886 P1:1.886 P2:1.886 P3:1.8855 P4:1.886 STATE:IDLE
[2026-05-04 19:25:11Z] CHK MOM:0% RANGE:0.02% UP:33.33% SPREAD:0.10610079% BID:1.885 ASK:1.887 MID:1.886 P1:1.886 P2:1.886 P3:1.8855 P4:1.886 STATE:IDLE
[2026-05-04 19:25:12Z] CHK MOM:0% RANGE:0.02% UP:33.33% SPREAD:0.10610079% BID:1.885 ASK:1.887 MID:1.886 P1:1.886 P2:1.886 P3:1.8855 P4:1.886 STATE:IDLE
[2026-05-04 19:25:13Z] CHK MOM:0% RANGE:0.02% UP:33.33% SPREAD:0.10610079% BID:1.885 ASK:1.887 MID:1.886 P1:1.886 P2:1.886 P3:1.8855 P4:1.886 STATE:IDLE
[2026-05-04 19:25:13Z] CHK MOM:0% RANGE:0.02% UP:25% SPREAD:0.10610079% BID:1.885 ASK:1.887 MID:1.886 P1:1.886 P2:1.886 P3:1.886 P4:1.8855 STATE:IDLE
[2026-05-04 19:25:14Z] CHK MOM:0% RANGE:0.02% UP:25% SPREAD:0.10610079% BID:1.885 ASK:1.887 MID:1.886 P1:1.886 P2:1.886 P3:1.886 P4:1.8855 STATE:IDLE
[2026-05-04 19:25:14Z] CHK MOM:0% RANGE:0.02% UP:25% SPREAD:0.10610079% BID:1.885 ASK:1.887 MID:1.886 P1:1.886 P2:1.886 P3:1.886 P4:1.8855 STATE:IDLE
[2026-05-04 19:25:15Z] CHK MOM:0% RANGE:0.02% UP:25% SPREAD:0.10610079% BID:1.885 ASK:1.887 MID:1.886 P1:1.886 P2:1.886 P3:1.886 P4:1.8855 STATE:IDLE
[2026-05-04 19:25:15Z] CHK MOM:0% RANGE:0.02% UP:25% SPREAD:0.10610079% BID:1.885 ASK:1.887 MID:1.886 P1:1.886 P2:1.886 P3:1.886 P4:1.8855 STATE:IDLE
[2026-05-04 19:25:16Z] CHK MOM:0% RANGE:0.02% UP:25% SPREAD:0.10610079% BID:1.885 ASK:1.887 MID:1.886 P1:1.886 P2:1.886 P3:1.886 P4:1.8855 STATE:IDLE
[2026-05-04 19:25:20Z] CHK MOM:0% RANGE:0% UP:0% SPREAD:0.10610079% BID:1.885 ASK:1.887 MID:1.886 P1:1.886 P2:1.886 P3:1.886 P4:1.886 STATE:IDLE
[2026-05-04 19:25:21Z] CHK MOM:0% RANGE:0% UP:0% SPREAD:0.10610079% BID:1.885 ASK:1.887 MID:1.886 P1:1.886 P2:1.886 P3:1.886 P4:1.886 STATE:IDLE
[2026-05-04 19:25:21Z] CHK MOM:0% RANGE:0% UP:0% SPREAD:0.10610079% BID:1.885 ASK:1.887 MID:1.886 P1:1.886 P2:1.886 P3:1.886 P4:1.886 STATE:IDLE
[2026-05-04 19:25:22Z] CHK MOM:0% RANGE:0% UP:0% SPREAD:0.10610079% BID:1.885 ASK:1.887 MID:1.886 P1:1.886 P2:1.886 P3:1.886 P4:1.886 STATE:IDLE
[2026-05-04 19:25:22Z] CHK MOM:0% RANGE:0% UP:0% SPREAD:0.10610079% BID:1.885 ASK:1.887 MID:1.886 P1:1.886 P2:1.886 P3:1.886 P4:1.886 STATE:IDLE
[2026-05-04 19:25:43Z] CHK MOM:0% RANGE:0% UP:0% SPREAD:0.10615711% BID:1.884 ASK:1.886 MID:1.88499999 P1:1.88499999 P2:1.886 P3:1.886 P4:1.886 STATE:IDLE
[2026-05-04 19:25:43Z] CHK MOM:0% RANGE:0% UP:0% SPREAD:0.10615711% BID:1.884 ASK:1.886 MID:1.88499999 P1:1.88499999 P2:1.88499999 P3:1.886 P4:1.886 STATE:IDLE
[2026-05-04 19:25:44Z] CHK MOM:-0.05% RANGE:0.05% UP:0% SPREAD:0.10621348% BID:1.883 ASK:1.885 MID:1.884 P1:1.884 P2:1.88499999 P3:1.88499999 P4:1.886 STATE:IDLE
[2026-05-04 19:25:44Z] CHK MOM:-0.05% RANGE:0.05% UP:0% SPREAD:0.10621348% BID:1.883 ASK:1.885 MID:1.884 P1:1.884 P2:1.88499999 P3:1.88499999 P4:1.886 STATE:IDLE
[2026-05-04 19:25:45Z] CHK MOM:-0.05% RANGE:0.05% UP:0% SPREAD:0.10621348% BID:1.883 ASK:1.885 MID:1.884 P1:1.884 P2:1.884 P3:1.88499999 P4:1.88499999 STATE:IDLE
[2026-05-04 19:25:45Z] CHK MOM:-0.05% RANGE:0.05% UP:0% SPREAD:0.10621348% BID:1.883 ASK:1.885 MID:1.884 P1:1.884 P2:1.884 P3:1.884 P4:1.88499999 STATE:IDLE
[2026-05-04 19:25:46Z] CHK MOM:-0.05% RANGE:0.05% UP:0% SPREAD:0.10621348% BID:1.883 ASK:1.885 MID:1.884 P1:1.884 P2:1.884 P3:1.884 P4:1.88499999 STATE:IDLE
[2026-05-04 19:25:46Z] CHK MOM:-0.05% RANGE:0.05% UP:0% SPREAD:0.10621348% BID:1.883 ASK:1.885 MID:1.884 P1:1.884 P2:1.884 P3:1.884 P4:1.88499999 STATE:IDLE
[2026-05-04 19:25:47Z] CHK MOM:-0.05% RANGE:0.05% UP:0% SPREAD:0.10621348% BID:1.883 ASK:1.885 MID:1.884 P1:1.884 P2:1.884 P3:1.884 P4:1.88499999 STATE:IDLE
[2026-05-04 19:25:47Z] CHK MOM:-0.05% RANGE:0.05% UP:0% SPREAD:0.10621348% BID:1.883 ASK:1.885 MID:1.884 P1:1.884 P2:1.884 P3:1.884 P4:1.884 STATE:IDLE
[2026-05-04 19:25:48Z] CHK MOM:-0.05% RANGE:0.05% UP:0% SPREAD:0.10621348% BID:1.883 ASK:1.885 MID:1.884 P1:1.884 P2:1.884 P3:1.884 P4:1.884 STATE:IDLE
[2026-05-04 19:25:49Z] CHK MOM:-0.05% RANGE:0.05% UP:0% SPREAD:0.10621348% BID:1.883 ASK:1.885 MID:1.884 P1:1.884 P2:1.884 P3:1.884 P4:1.884 STATE:IDLE
[2026-05-04 19:25:49Z] CHK MOM:-0.05% RANGE:0.05% UP:0% SPREAD:0.10621348% BID:1.883 ASK:1.885 MID:1.884 P1:1.884 P2:1.884 P3:1.884 P4:1.884 STATE:IDLE
[2026-05-04 19:25:50Z] CHK MOM:-0.02% RANGE:0.05% UP:16.66% SPREAD:0.05307855% BID:1.884 ASK:1.885 MID:1.8845 P1:1.8845 P2:1.884 P3:1.884 P4:1.884 STATE:IDLE
[2026-05-04 19:25:50Z] CHK MOM:-0.02% RANGE:0.05% UP:16.66% SPREAD:0.05307855% BID:1.884 ASK:1.885 MID:1.8845 P1:1.8845 P2:1.884 P3:1.884 P4:1.884 STATE:IDLE
[2026-05-04 19:25:51Z] CHK MOM:-0.02% RANGE:0.05% UP:16.66% SPREAD:0.05307855% BID:1.884 ASK:1.885 MID:1.8845 P1:1.8845 P2:1.884 P3:1.884 P4:1.884 STATE:IDLE
[2026-05-04 19:25:51Z] CHK MOM:-0.02% RANGE:0.05% UP:16.66% SPREAD:0.05307855% BID:1.884 ASK:1.885 MID:1.8845 P1:1.8845 P2:1.884 P3:1.884 P4:1.884 STATE:IDLE
[2026-05-04 19:25:52Z] CHK MOM:-0.02% RANGE:0.05% UP:16.66% SPREAD:0.05307855% BID:1.884 ASK:1.885 MID:1.8845 P1:1.8845 P2:1.884 P3:1.884 P4:1.884 STATE:IDLE
[2026-05-04 19:25:52Z] CHK MOM:-0.02% RANGE:0.05% UP:16.66% SPREAD:0.05307855% BID:1.884 ASK:1.885 MID:1.8845 P1:1.8845 P2:1.884 P3:1.884 P4:1.884 STATE:IDLE
[2026-05-04 19:25:55Z] CHK MOM:0% RANGE:0.02% UP:50% SPREAD:0.10621348% BID:1.883 ASK:1.885 MID:1.884 P1:1.884 P2:1.8845 P3:1.884 P4:1.884 STATE:IDLE
[2026-05-04 19:25:55Z] CHK MOM:0% RANGE:0.02% UP:50% SPREAD:0.10621348% BID:1.883 ASK:1.885 MID:1.884 P1:1.884 P2:1.8845 P3:1.884 P4:1.884 STATE:IDLE
[2026-05-04 19:25:56Z] CHK MOM:0% RANGE:0.02% UP:50% SPREAD:0.10621348% BID:1.883 ASK:1.885 MID:1.884 P1:1.884 P2:1.8845 P3:1.884 P4:1.884 STATE:IDLE
[2026-05-04 19:25:56Z] CHK MOM:0% RANGE:0.02% UP:50% SPREAD:0.10621348% BID:1.883 ASK:1.885 MID:1.884 P1:1.884 P2:1.8845 P3:1.884 P4:1.884 STATE:IDLE
[2026-05-04 19:25:57Z] CHK MOM:0% RANGE:0.02% UP:50% SPREAD:0.10621348% BID:1.883 ASK:1.885 MID:1.884 P1:1.884 P2:1.8845 P3:1.884 P4:1.884 STATE:IDLE
[2026-05-04 19:25:57Z] CHK MOM:-0.02% RANGE:0.02% UP:0% SPREAD:0.10621348% BID:1.883 ASK:1.885 MID:1.884 P1:1.884 P2:1.884 P3:1.8845 P4:1.884 STATE:IDLE
[2026-05-04 19:25:58Z] CHK MOM:-0.02% RANGE:0.02% UP:0% SPREAD:0.10621348% BID:1.883 ASK:1.885 MID:1.884 P1:1.884 P2:1.884 P3:1.8845 P4:1.884 STATE:IDLE
[2026-05-04 19:25:58Z] CHK MOM:-0.02% RANGE:0.02% UP:0% SPREAD:0.10621348% BID:1.883 ASK:1.885 MID:1.884 P1:1.884 P2:1.884 P3:1.8845 P4:1.884 STATE:IDLE
[2026-05-04 19:25:59Z] CHK MOM:-0.02% RANGE:0.02% UP:0% SPREAD:0.05310674% BID:1.883 ASK:1.884 MID:1.8835 P1:1.8835 P2:1.884 P3:1.884 P4:1.8845 STATE:IDLE
[2026-05-04 19:25:59Z] CHK MOM:0% RANGE:0.02% UP:33.33% SPREAD:0.10621348% BID:1.883 ASK:1.885 MID:1.884 P1:1.884 P2:1.8835 P3:1.884 P4:1.884 STATE:IDLE
[2026-05-04 19:26:00Z] CHK MOM:-0.02% RANGE:0.02% UP:25% SPREAD:0.05310674% BID:1.883 ASK:1.884 MID:1.8835 P1:1.8835 P2:1.884 P3:1.8835 P4:1.884 STATE:IDLE
[2026-05-04 19:26:01Z] CHK MOM:-0.02% RANGE:0.02% UP:25% SPREAD:0.05310674% BID:1.883 ASK:1.884 MID:1.8835 P1:1.8835 P2:1.884 P3:1.8835 P4:1.884 STATE:IDLE
[2026-05-04 19:26:01Z] CHK MOM:-0.02% RANGE:0.02% UP:25% SPREAD:0.05310674% BID:1.883 ASK:1.884 MID:1.8835 P1:1.8835 P2:1.884 P3:1.8835 P4:1.884 STATE:IDLE
[2026-05-04 19:26:02Z] CHK MOM:-0.02% RANGE:0.02% UP:25% SPREAD:0.05310674% BID:1.883 ASK:1.884 MID:1.8835 P1:1.8835 P2:1.884 P3:1.8835 P4:1.884 STATE:IDLE
[2026-05-04 19:26:02Z] CHK MOM:-0.02% RANGE:0.02% UP:25% SPREAD:0.05310674% BID:1.883 ASK:1.884 MID:1.8835 P1:1.8835 P2:1.884 P3:1.8835 P4:1.884 STATE:IDLE
[2026-05-04 19:26:03Z] CHK MOM:-0.02% RANGE:0.02% UP:25% SPREAD:0.05310674% BID:1.883 ASK:1.884 MID:1.8835 P1:1.8835 P2:1.884 P3:1.8835 P4:1.884 STATE:IDLE
[2026-05-04 19:26:03Z] CHK MOM:-0.02% RANGE:0.02% UP:25% SPREAD:0.05310674% BID:1.883 ASK:1.884 MID:1.8835 P1:1.8835 P2:1.8835 P3:1.884 P4:1.8835 STATE:IDLE
[2026-05-04 19:26:04Z] CHK MOM:-0.02% RANGE:0.02% UP:25% SPREAD:0.05310674% BID:1.883 ASK:1.884 MID:1.8835 P1:1.8835 P2:1.8835 P3:1.884 P4:1.8835 STATE:IDLE
[2026-05-04 19:26:04Z] CHK MOM:-0.02% RANGE:0.02% UP:25% SPREAD:0.05310674% BID:1.883 ASK:1.884 MID:1.8835 P1:1.8835 P2:1.8835 P3:1.884 P4:1.8835 STATE:IDLE
