[2026-05-11 18:59:03Z] SESSION_START symbol=RUNEUSDC dry_run=0 profile=major strategy=momentum base_url=https://api.binance.com
[2026-05-11 18:59:03Z] TOXIC_MEMORY_LOADED count=4 symbols=GUNUSDC,JTOUSDC,ORDIUSDC,SAHARAUSDC
[2026-05-11 18:59:06Z] CHK MOM:0% RANGE:0% UP:0% SPREAD:0.1607717% BID:0.622 ASK:0.623 MID:0.6225 P1:0.6225 P2:NA P3:NA P4:NA STATE:IDLE
[2026-05-11 18:59:07Z] CHK MOM:0% RANGE:0% UP:0% SPREAD:0.1607717% BID:0.622 ASK:0.623 MID:0.6225 P1:0.6225 P2:0.6225 P3:NA P4:NA STATE:IDLE
[2026-05-11 18:59:07Z] CHK MOM:0% RANGE:0% UP:0% SPREAD:0.1607717% BID:0.622 ASK:0.623 MID:0.6225 P1:0.6225 P2:0.6225 P3:0.6225 P4:NA STATE:IDLE
[2026-05-11 18:59:08Z] CHK MOM:0% RANGE:0% UP:0% SPREAD:0.1607717% BID:0.622 ASK:0.623 MID:0.6225 P1:0.6225 P2:0.6225 P3:0.6225 P4:NA STATE:IDLE
[2026-05-11 18:59:08Z] CHK MOM:0% RANGE:0% UP:0% SPREAD:0.1607717% BID:0.622 ASK:0.623 MID:0.6225 P1:0.6225 P2:0.6225 P3:0.6225 P4:NA STATE:IDLE
[2026-05-11 18:59:09Z] CHK MOM:0% RANGE:0% UP:0% SPREAD:0.1607717% BID:0.622 ASK:0.623 MID:0.6225 P1:0.6225 P2:0.6225 P3:0.6225 P4:NA STATE:IDLE
[2026-05-11 18:59:09Z] CHK MOM:0% RANGE:0% UP:0% SPREAD:0.1607717% BID:0.622 ASK:0.623 MID:0.6225 P1:0.6225 P2:0.6225 P3:0.6225 P4:NA STATE:IDLE
[2026-05-11 18:59:10Z] CHK MOM:0% RANGE:0% UP:0% SPREAD:0.1607717% BID:0.622 ASK:0.623 MID:0.6225 P1:0.6225 P2:0.6225 P3:0.6225 P4:NA STATE:IDLE
[2026-05-11 18:59:10Z] CHK MOM:0% RANGE:0% UP:0% SPREAD:0.1607717% BID:0.622 ASK:0.623 MID:0.6225 P1:0.6225 P2:0.6225 P3:0.6225 P4:0.6225 STATE:IDLE
[2026-05-11 18:59:11Z] CHK MOM:0% RANGE:0% UP:0% SPREAD:0.1607717% BID:0.622 ASK:0.623 MID:0.6225 P1:0.6225 P2:0.6225 P3:0.6225 P4:0.6225 STATE:IDLE
[2026-05-11 18:59:12Z] CHK MOM:0% RANGE:0% UP:0% SPREAD:0.1607717% BID:0.622 ASK:0.623 MID:0.6225 P1:0.6225 P2:0.6225 P3:0.6225 P4:0.6225 STATE:IDLE
[2026-05-11 18:59:12Z] CHK MOM:0% RANGE:0% UP:0% SPREAD:0.1607717% BID:0.622 ASK:0.623 MID:0.6225 P1:0.6225 P2:0.6225 P3:0.6225 P4:0.6225 STATE:IDLE
[2026-05-11 18:59:13Z] CHK MOM:0% RANGE:0% UP:0% SPREAD:0.1607717% BID:0.622 ASK:0.623 MID:0.6225 P1:0.6225 P2:0.6225 P3:0.6225 P4:0.6225 STATE:IDLE
[2026-05-11 18:59:13Z] CHK MOM:0% RANGE:0% UP:0% SPREAD:0.1607717% BID:0.622 ASK:0.623 MID:0.6225 P1:0.6225 P2:0.6225 P3:0.6225 P4:0.6225 STATE:IDLE
[2026-05-11 18:59:14Z] CHK MOM:0% RANGE:0% UP:0% SPREAD:0.1607717% BID:0.622 ASK:0.623 MID:0.6225 P1:0.6225 P2:0.6225 P3:0.6225 P4:0.6225 STATE:IDLE
[2026-05-11 18:59:14Z] CHK MOM:0% RANGE:0% UP:0% SPREAD:0.1607717% BID:0.622 ASK:0.623 MID:0.6225 P1:0.6225 P2:0.6225 P3:0.6225 P4:0.6225 STATE:IDLE
[2026-05-11 18:59:15Z] CHK MOM:0.08% RANGE:0.08% UP:11.11% SPREAD:0.3215434% BID:0.622 ASK:0.624 MID:0.623 P1:0.623 P2:0.6225 P3:0.6225 P4:0.6225 STATE:IDLE
[2026-05-11 18:59:15Z] CHK MOM:0.08% RANGE:0.08% UP:11.11% SPREAD:0.3215434% BID:0.622 ASK:0.624 MID:0.623 P1:0.623 P2:0.6225 P3:0.6225 P4:0.6225 STATE:IDLE
[2026-05-11 18:59:16Z] CHK MOM:0.08% RANGE:0.08% UP:11.11% SPREAD:0.3215434% BID:0.622 ASK:0.624 MID:0.623 P1:0.623 P2:0.6225 P3:0.6225 P4:0.6225 STATE:IDLE
[2026-05-11 18:59:17Z] CHK MOM:0% RANGE:0.08% UP:10% SPREAD:0.1607717% BID:0.622 ASK:0.623 MID:0.6225 P1:0.6225 P2:0.623 P3:0.6225 P4:0.6225 STATE:IDLE
[2026-05-11 18:59:17Z] CHK MOM:0% RANGE:0.08% UP:10% SPREAD:0.1607717% BID:0.622 ASK:0.623 MID:0.6225 P1:0.6225 P2:0.623 P3:0.6225 P4:0.6225 STATE:IDLE
[2026-05-11 18:59:18Z] CHK MOM:0% RANGE:0.08% UP:10% SPREAD:0.1607717% BID:0.622 ASK:0.623 MID:0.6225 P1:0.6225 P2:0.623 P3:0.6225 P4:0.6225 STATE:IDLE
[2026-05-11 18:59:18Z] CHK MOM:0% RANGE:0.08% UP:10% SPREAD:0.1607717% BID:0.622 ASK:0.623 MID:0.6225 P1:0.6225 P2:0.6225 P3:0.623 P4:0.6225 STATE:IDLE
[2026-05-11 18:59:19Z] CHK MOM:0% RANGE:0.08% UP:10% SPREAD:0.1607717% BID:0.622 ASK:0.623 MID:0.6225 P1:0.6225 P2:0.6225 P3:0.623 P4:0.6225 STATE:IDLE
[2026-05-11 18:59:19Z] CHK MOM:0% RANGE:0.08% UP:11.11% SPREAD:0.1607717% BID:0.622 ASK:0.623 MID:0.6225 P1:0.6225 P2:0.6225 P3:0.6225 P4:0.623 STATE:IDLE
[2026-05-11 18:59:20Z] CHK MOM:0% RANGE:0.08% UP:11.11% SPREAD:0.1607717% BID:0.622 ASK:0.623 MID:0.6225 P1:0.6225 P2:0.6225 P3:0.6225 P4:0.623 STATE:IDLE
[2026-05-11 18:59:20Z] CHK MOM:0% RANGE:0.08% UP:10% SPREAD:0.1607717% BID:0.622 ASK:0.623 MID:0.6225 P1:0.6225 P2:0.6225 P3:0.6225 P4:0.6225 STATE:IDLE
[2026-05-11 18:59:21Z] CHK MOM:0% RANGE:0.08% UP:9.09% SPREAD:0.1607717% BID:0.622 ASK:0.623 MID:0.6225 P1:0.6225 P2:0.6225 P3:0.6225 P4:0.6225 STATE:IDLE
[2026-05-11 18:59:22Z] CHK MOM:0.16% RANGE:0.16% UP:16.66% SPREAD:0.16051364% BID:0.623 ASK:0.624 MID:0.62349999 P1:0.62349999 P2:0.6225 P3:0.6225 P4:0.6225 STATE:IDLE
[2026-05-11 18:59:22Z] CHK MOM:0.08% RANGE:0.16% UP:15.38% SPREAD:0.3215434% BID:0.622 ASK:0.624 MID:0.623 P1:0.623 P2:0.62349999 P3:0.6225 P4:0.6225 STATE:IDLE
[2026-05-11 18:59:23Z] CHK MOM:0.08% RANGE:0.16% UP:15.38% SPREAD:0.3215434% BID:0.622 ASK:0.624 MID:0.623 P1:0.623 P2:0.623 P3:0.62349999 P4:0.6225 STATE:IDLE
[2026-05-11 18:59:23Z] CHK MOM:0.08% RANGE:0.16% UP:15.38% SPREAD:0.3215434% BID:0.622 ASK:0.624 MID:0.623 P1:0.623 P2:0.623 P3:0.62349999 P4:0.6225 STATE:IDLE
[2026-05-11 18:59:24Z] CHK MOM:0.08% RANGE:0.16% UP:15.38% SPREAD:0.3215434% BID:0.622 ASK:0.624 MID:0.623 P1:0.623 P2:0.623 P3:0.62349999 P4:0.6225 STATE:IDLE
[2026-05-11 18:59:24Z] CHK MOM:0.08% RANGE:0.16% UP:16.66% SPREAD:0.3215434% BID:0.622 ASK:0.624 MID:0.623 P1:0.623 P2:0.623 P3:0.623 P4:0.62349999 STATE:IDLE
[2026-05-11 18:59:25Z] CHK MOM:0.32% RANGE:0.32% UP:27.27% SPREAD:0.16025641% BID:0.624 ASK:0.625 MID:0.6245 P1:0.6245 P2:0.623 P3:0.623 P4:0.623 STATE:IDLE
[2026-05-11 18:59:25Z] CHK MOM:0.24% RANGE:0.32% UP:18.18% SPREAD:0.16025641% BID:0.624 ASK:0.625 MID:0.6245 P1:0.6245 P2:0.6245 P3:0.623 P4:0.623 STATE:IDLE
[2026-05-11 18:59:26Z] CHK MOM:0.24% RANGE:0.32% UP:18.18% SPREAD:0.16025641% BID:0.624 ASK:0.625 MID:0.6245 P1:0.6245 P2:0.6245 P3:0.623 P4:0.623 STATE:IDLE
[2026-05-11 18:59:26Z] CHK MOM:0.24% RANGE:0.32% UP:16.66% SPREAD:0.16025641% BID:0.624 ASK:0.625 MID:0.6245 P1:0.6245 P2:0.6245 P3:0.6245 P4:0.623 STATE:IDLE
[2026-05-11 18:59:27Z] CHK MOM:0.24% RANGE:0.32% UP:15.38% SPREAD:0.16025641% BID:0.624 ASK:0.625 MID:0.6245 P1:0.6245 P2:0.6245 P3:0.6245 P4:0.6245 STATE:IDLE
[2026-05-11 18:59:28Z] CHK MOM:0.32% RANGE:0.32% UP:15.38% SPREAD:0.16025641% BID:0.624 ASK:0.625 MID:0.6245 P1:0.6245 P2:0.6245 P3:0.6245 P4:0.6245 STATE:IDLE
[2026-05-11 18:59:28Z] CHK MOM:0.32% RANGE:0.32% UP:15.38% SPREAD:0.16025641% BID:0.624 ASK:0.625 MID:0.6245 P1:0.6245 P2:0.6245 P3:0.6245 P4:0.6245 STATE:IDLE
[2026-05-11 18:59:29Z] CHK MOM:0.32% RANGE:0.32% UP:15.38% SPREAD:0.16025641% BID:0.624 ASK:0.625 MID:0.6245 P1:0.6245 P2:0.6245 P3:0.6245 P4:0.6245 STATE:IDLE
[2026-05-11 18:59:29Z] CHK MOM:0.32% RANGE:0.32% UP:15.38% SPREAD:0.16025641% BID:0.624 ASK:0.625 MID:0.6245 P1:0.6245 P2:0.6245 P3:0.6245 P4:0.6245 STATE:IDLE
[2026-05-11 18:59:30Z] CHK MOM:0.32% RANGE:0.32% UP:14.28% SPREAD:0.16025641% BID:0.624 ASK:0.625 MID:0.6245 P1:0.6245 P2:0.6245 P3:0.6245 P4:0.6245 STATE:IDLE
[2026-05-11 18:59:30Z] CHK MOM:0.16% RANGE:0.32% UP:14.28% SPREAD:0.16051364% BID:0.623 ASK:0.624 MID:0.62349999 P1:0.62349999 P2:0.6245 P3:0.6245 P4:0.6245 STATE:IDLE
[2026-05-11 18:59:31Z] CHK MOM:0.16% RANGE:0.32% UP:13.33% SPREAD:0.16051364% BID:0.623 ASK:0.624 MID:0.62349999 P1:0.62349999 P2:0.62349999 P3:0.6245 P4:0.6245 STATE:IDLE
[2026-05-11 18:59:31Z] CHK MOM:0.16% RANGE:0.32% UP:13.33% SPREAD:0.16051364% BID:0.623 ASK:0.624 MID:0.62349999 P1:0.62349999 P2:0.62349999 P3:0.62349999 P4:0.6245 STATE:IDLE
[2026-05-11 18:59:32Z] CHK MOM:0.16% RANGE:0.32% UP:13.33% SPREAD:0.16051364% BID:0.623 ASK:0.624 MID:0.62349999 P1:0.62349999 P2:0.62349999 P3:0.62349999 P4:0.6245 STATE:IDLE
[2026-05-11 18:59:33Z] CHK MOM:0.16% RANGE:0.32% UP:13.33% SPREAD:0.16051364% BID:0.623 ASK:0.624 MID:0.62349999 P1:0.62349999 P2:0.62349999 P3:0.62349999 P4:0.62349999 STATE:IDLE
[2026-05-11 18:59:33Z] CHK MOM:0.08% RANGE:0.24% UP:7.14% SPREAD:0.16051364% BID:0.623 ASK:0.624 MID:0.62349999 P1:0.62349999 P2:0.62349999 P3:0.62349999 P4:0.62349999 STATE:IDLE
[2026-05-11 18:59:34Z] CHK MOM:0.08% RANGE:0.24% UP:7.14% SPREAD:0.16051364% BID:0.623 ASK:0.624 MID:0.62349999 P1:0.62349999 P2:0.62349999 P3:0.62349999 P4:0.62349999 STATE:IDLE
[2026-05-11 18:59:34Z] CHK MOM:0.08% RANGE:0.24% UP:7.14% SPREAD:0.16051364% BID:0.623 ASK:0.624 MID:0.62349999 P1:0.62349999 P2:0.62349999 P3:0.62349999 P4:0.62349999 STATE:IDLE
[2026-05-11 18:59:35Z] CHK MOM:0.08% RANGE:0.24% UP:7.14% SPREAD:0.16051364% BID:0.623 ASK:0.624 MID:0.62349999 P1:0.62349999 P2:0.62349999 P3:0.62349999 P4:0.62349999 STATE:IDLE
[2026-05-11 18:59:35Z] CHK MOM:0.08% RANGE:0.24% UP:7.14% SPREAD:0.16051364% BID:0.623 ASK:0.624 MID:0.62349999 P1:0.62349999 P2:0.62349999 P3:0.62349999 P4:0.62349999 STATE:IDLE
[2026-05-11 18:59:36Z] CHK MOM:0.08% RANGE:0.24% UP:7.14% SPREAD:0.16051364% BID:0.623 ASK:0.624 MID:0.62349999 P1:0.62349999 P2:0.62349999 P3:0.62349999 P4:0.62349999 STATE:IDLE
[2026-05-11 18:59:37Z] CHK MOM:-0.32% RANGE:0.32% UP:0% SPREAD:0.1607717% BID:0.622 ASK:0.623 MID:0.6225 P1:0.6225 P2:0.62349999 P3:0.62349999 P4:0.62349999 STATE:IDLE
[2026-05-11 18:59:38Z] CHK MOM:-0.32% RANGE:0.32% UP:0% SPREAD:0.1607717% BID:0.622 ASK:0.623 MID:0.6225 P1:0.6225 P2:0.6225 P3:0.62349999 P4:0.62349999 STATE:IDLE
[2026-05-11 18:59:38Z] CHK MOM:-0.32% RANGE:0.32% UP:0% SPREAD:0.1607717% BID:0.622 ASK:0.623 MID:0.6225 P1:0.6225 P2:0.6225 P3:0.62349999 P4:0.62349999 STATE:IDLE
[2026-05-11 18:59:39Z] CHK MOM:-0.32% RANGE:0.32% UP:0% SPREAD:0.1607717% BID:0.622 ASK:0.623 MID:0.6225 P1:0.6225 P2:0.6225 P3:0.6225 P4:0.62349999 STATE:IDLE
[2026-05-11 18:59:39Z] CHK MOM:-0.32% RANGE:0.32% UP:0% SPREAD:0.1607717% BID:0.622 ASK:0.623 MID:0.6225 P1:0.6225 P2:0.6225 P3:0.6225 P4:0.62349999 STATE:IDLE
[2026-05-11 18:59:40Z] CHK MOM:-0.32% RANGE:0.32% UP:0% SPREAD:0.1607717% BID:0.622 ASK:0.623 MID:0.6225 P1:0.6225 P2:0.6225 P3:0.6225 P4:0.62349999 STATE:IDLE
[2026-05-11 18:59:40Z] CHK MOM:-0.32% RANGE:0.32% UP:0% SPREAD:0.1607717% BID:0.622 ASK:0.623 MID:0.6225 P1:0.6225 P2:0.6225 P3:0.6225 P4:0.6225 STATE:IDLE
[2026-05-11 18:59:41Z] CHK MOM:-0.32% RANGE:0.32% UP:0% SPREAD:0.1607717% BID:0.622 ASK:0.623 MID:0.6225 P1:0.6225 P2:0.6225 P3:0.6225 P4:0.6225 STATE:IDLE
[2026-05-11 18:59:41Z] CHK MOM:-0.32% RANGE:0.32% UP:0% SPREAD:0.1607717% BID:0.622 ASK:0.623 MID:0.6225 P1:0.6225 P2:0.6225 P3:0.6225 P4:0.6225 STATE:IDLE
[2026-05-11 18:59:42Z] CHK MOM:-0.32% RANGE:0.32% UP:0% SPREAD:0.1607717% BID:0.622 ASK:0.623 MID:0.6225 P1:0.6225 P2:0.6225 P3:0.6225 P4:0.6225 STATE:IDLE
[2026-05-11 18:59:42Z] CHK MOM:-0.32% RANGE:0.32% UP:0% SPREAD:0.1607717% BID:0.622 ASK:0.623 MID:0.6225 P1:0.6225 P2:0.6225 P3:0.6225 P4:0.6225 STATE:IDLE
[2026-05-11 18:59:43Z] CHK MOM:-0.16% RANGE:0.16% UP:0% SPREAD:0.1607717% BID:0.622 ASK:0.623 MID:0.6225 P1:0.6225 P2:0.6225 P3:0.6225 P4:0.6225 STATE:IDLE
[2026-05-11 18:59:44Z] CHK MOM:-0.16% RANGE:0.16% UP:0% SPREAD:0.1607717% BID:0.622 ASK:0.623 MID:0.6225 P1:0.6225 P2:0.6225 P3:0.6225 P4:0.6225 STATE:IDLE
[2026-05-11 18:59:44Z] CHK MOM:-0.16% RANGE:0.16% UP:0% SPREAD:0.1607717% BID:0.622 ASK:0.623 MID:0.6225 P1:0.6225 P2:0.6225 P3:0.6225 P4:0.6225 STATE:IDLE
[2026-05-11 18:59:45Z] CHK MOM:-0.16% RANGE:0.16% UP:0% SPREAD:0.1607717% BID:0.622 ASK:0.623 MID:0.6225 P1:0.6225 P2:0.6225 P3:0.6225 P4:0.6225 STATE:IDLE
[2026-05-11 18:59:45Z] CHK MOM:-0.16% RANGE:0.16% UP:0% SPREAD:0.1607717% BID:0.622 ASK:0.623 MID:0.6225 P1:0.6225 P2:0.6225 P3:0.6225 P4:0.6225 STATE:IDLE
[2026-05-11 18:59:46Z] CHK MOM:0% RANGE:0% UP:0% SPREAD:0.1607717% BID:0.622 ASK:0.623 MID:0.6225 P1:0.6225 P2:0.6225 P3:0.6225 P4:0.6225 STATE:IDLE
[2026-05-11 18:59:46Z] CHK MOM:0% RANGE:0% UP:0% SPREAD:0.1607717% BID:0.622 ASK:0.623 MID:0.6225 P1:0.6225 P2:0.6225 P3:0.6225 P4:0.6225 STATE:IDLE
[2026-05-11 18:59:47Z] CHK MOM:0% RANGE:0% UP:0% SPREAD:0.1607717% BID:0.622 ASK:0.623 MID:0.6225 P1:0.6225 P2:0.6225 P3:0.6225 P4:0.6225 STATE:IDLE
[2026-05-11 18:59:47Z] CHK MOM:0% RANGE:0% UP:0% SPREAD:0.1607717% BID:0.622 ASK:0.623 MID:0.6225 P1:0.6225 P2:0.6225 P3:0.6225 P4:0.6225 STATE:IDLE
[2026-05-11 18:59:48Z] CHK MOM:0% RANGE:0% UP:0% SPREAD:0.1607717% BID:0.622 ASK:0.623 MID:0.6225 P1:0.6225 P2:0.6225 P3:0.6225 P4:0.6225 STATE:IDLE
[2026-05-11 18:59:49Z] CHK MOM:0% RANGE:0% UP:0% SPREAD:0.1607717% BID:0.622 ASK:0.623 MID:0.6225 P1:0.6225 P2:0.6225 P3:0.6225 P4:0.6225 STATE:IDLE
[2026-05-11 18:59:49Z] CHK MOM:0% RANGE:0% UP:0% SPREAD:0.1607717% BID:0.622 ASK:0.623 MID:0.6225 P1:0.6225 P2:0.6225 P3:0.6225 P4:0.6225 STATE:IDLE
[2026-05-11 18:59:50Z] CHK MOM:0% RANGE:0% UP:0% SPREAD:0.1607717% BID:0.622 ASK:0.623 MID:0.6225 P1:0.6225 P2:0.6225 P3:0.6225 P4:0.6225 STATE:IDLE
[2026-05-11 18:59:50Z] CHK MOM:0% RANGE:0% UP:0% SPREAD:0.1607717% BID:0.622 ASK:0.623 MID:0.6225 P1:0.6225 P2:0.6225 P3:0.6225 P4:0.6225 STATE:IDLE
[2026-05-11 18:59:51Z] CHK MOM:0% RANGE:0% UP:0% SPREAD:0.1607717% BID:0.622 ASK:0.623 MID:0.6225 P1:0.6225 P2:0.6225 P3:0.6225 P4:0.6225 STATE:IDLE
[2026-05-11 18:59:57Z] CHK MOM:0% RANGE:0% UP:0% SPREAD:0.1607717% BID:0.622 ASK:0.623 MID:0.6225 P1:0.6225 P2:0.6225 P3:0.6225 P4:0.6225 STATE:IDLE
[2026-05-11 18:59:58Z] CHK MOM:0.16% RANGE:0.16% UP:20% SPREAD:0.16051364% BID:0.623 ASK:0.624 MID:0.62349999 P1:0.62349999 P2:0.6225 P3:0.6225 P4:0.6225 STATE:IDLE
[2026-05-11 18:59:58Z] CHK MOM:0.16% RANGE:0.16% UP:20% SPREAD:0.16051364% BID:0.623 ASK:0.624 MID:0.62349999 P1:0.62349999 P2:0.6225 P3:0.6225 P4:0.6225 STATE:IDLE
[2026-05-11 18:59:59Z] CHK MOM:0.16% RANGE:0.16% UP:20% SPREAD:0.16051364% BID:0.623 ASK:0.624 MID:0.62349999 P1:0.62349999 P2:0.6225 P3:0.6225 P4:0.6225 STATE:IDLE
[2026-05-11 18:59:59Z] CHK MOM:0% RANGE:0.16% UP:33.33% SPREAD:0.1607717% BID:0.622 ASK:0.623 MID:0.6225 P1:0.6225 P2:0.62349999 P3:0.6225 P4:0.6225 STATE:IDLE
[2026-05-11 19:00:00Z] CHK MOM:0% RANGE:0.16% UP:33.33% SPREAD:0.1607717% BID:0.622 ASK:0.623 MID:0.6225 P1:0.6225 P2:0.62349999 P3:0.6225 P4:0.6225 STATE:IDLE
[2026-05-11 19:00:00Z] CHK MOM:0% RANGE:0.16% UP:33.33% SPREAD:0.1607717% BID:0.622 ASK:0.623 MID:0.6225 P1:0.6225 P2:0.6225 P3:0.62349999 P4:0.6225 STATE:IDLE
[2026-05-11 19:00:01Z] CHK MOM:0% RANGE:0.16% UP:25% SPREAD:0.1607717% BID:0.622 ASK:0.623 MID:0.6225 P1:0.6225 P2:0.6225 P3:0.6225 P4:0.62349999 STATE:IDLE
[2026-05-11 19:00:01Z] CHK MOM:0% RANGE:0.16% UP:25% SPREAD:0.1607717% BID:0.622 ASK:0.623 MID:0.6225 P1:0.6225 P2:0.6225 P3:0.6225 P4:0.62349999 STATE:IDLE
[2026-05-11 19:00:02Z] CHK MOM:0.16% RANGE:0.16% UP:40% SPREAD:0.16051364% BID:0.623 ASK:0.624 MID:0.62349999 P1:0.62349999 P2:0.6225 P3:0.6225 P4:0.6225 STATE:IDLE
[2026-05-11 19:00:03Z] CHK MOM:0.16% RANGE:0.16% UP:40% SPREAD:0.16051364% BID:0.623 ASK:0.624 MID:0.62349999 P1:0.62349999 P2:0.6225 P3:0.6225 P4:0.6225 STATE:IDLE
[2026-05-11 19:00:03Z] CHK MOM:0.32% RANGE:0.32% UP:50% SPREAD:0.16025641% BID:0.624 ASK:0.625 MID:0.6245 P1:0.6245 P2:0.62349999 P3:0.6225 P4:0.6225 STATE:IDLE
[2026-05-11 19:00:04Z] CHK MOM:0.32% RANGE:0.32% UP:42.85% SPREAD:0.16025641% BID:0.624 ASK:0.625 MID:0.6245 P1:0.6245 P2:0.6245 P3:0.62349999 P4:0.6225 STATE:IDLE
[2026-05-11 19:00:04Z] CHK MOM:0.32% RANGE:0.32% UP:37.5% SPREAD:0.16025641% BID:0.624 ASK:0.625 MID:0.6245 P1:0.6245 P2:0.6245 P3:0.6245 P4:0.62349999 STATE:IDLE
[2026-05-11 19:00:05Z] CHK MOM:0.32% RANGE:0.32% UP:33.33% SPREAD:0.16025641% BID:0.624 ASK:0.625 MID:0.6245 P1:0.6245 P2:0.6245 P3:0.6245 P4:0.6245 STATE:IDLE
[2026-05-11 19:00:05Z] CHK MOM:0.32% RANGE:0.32% UP:30% SPREAD:0.16025641% BID:0.624 ASK:0.625 MID:0.6245 P1:0.6245 P2:0.6245 P3:0.6245 P4:0.6245 STATE:IDLE
[2026-05-11 19:00:06Z] CHK MOM:0.32% RANGE:0.32% UP:30% SPREAD:0.16025641% BID:0.624 ASK:0.625 MID:0.6245 P1:0.6245 P2:0.6245 P3:0.6245 P4:0.6245 STATE:IDLE
[2026-05-11 19:00:06Z] CHK MOM:0.32% RANGE:0.32% UP:30% SPREAD:0.16025641% BID:0.624 ASK:0.625 MID:0.6245 P1:0.6245 P2:0.6245 P3:0.6245 P4:0.6245 STATE:IDLE
[2026-05-11 19:00:07Z] CHK MOM:0.32% RANGE:0.32% UP:30% SPREAD:0.16025641% BID:0.624 ASK:0.625 MID:0.6245 P1:0.6245 P2:0.6245 P3:0.6245 P4:0.6245 STATE:IDLE
[2026-05-11 19:00:08Z] CHK MOM:0.32% RANGE:0.32% UP:27.27% SPREAD:0.16025641% BID:0.624 ASK:0.625 MID:0.6245 P1:0.6245 P2:0.6245 P3:0.6245 P4:0.6245 STATE:IDLE
[2026-05-11 19:00:08Z] CHK MOM:0.32% RANGE:0.32% UP:27.27% SPREAD:0.16025641% BID:0.624 ASK:0.625 MID:0.6245 P1:0.6245 P2:0.6245 P3:0.6245 P4:0.6245 STATE:IDLE
[2026-05-11 19:00:09Z] CHK MOM:0.32% RANGE:0.32% UP:25% SPREAD:0.16025641% BID:0.624 ASK:0.625 MID:0.6245 P1:0.6245 P2:0.6245 P3:0.6245 P4:0.6245 STATE:IDLE
[2026-05-11 19:00:09Z] CHK MOM:0.32% RANGE:0.32% UP:25% SPREAD:0.16025641% BID:0.624 ASK:0.625 MID:0.6245 P1:0.6245 P2:0.6245 P3:0.6245 P4:0.6245 STATE:IDLE
[2026-05-11 19:00:10Z] CHK MOM:0.32% RANGE:0.32% UP:25% SPREAD:0.16025641% BID:0.624 ASK:0.625 MID:0.6245 P1:0.6245 P2:0.6245 P3:0.6245 P4:0.6245 STATE:IDLE
[2026-05-11 19:00:10Z] CHK MOM:0.32% RANGE:0.32% UP:18.18% SPREAD:0.16025641% BID:0.624 ASK:0.625 MID:0.6245 P1:0.6245 P2:0.6245 P3:0.6245 P4:0.6245 STATE:IDLE
[2026-05-11 19:00:11Z] CHK MOM:0.32% RANGE:0.32% UP:18.18% SPREAD:0.16025641% BID:0.624 ASK:0.625 MID:0.6245 P1:0.6245 P2:0.6245 P3:0.6245 P4:0.6245 STATE:IDLE
[2026-05-11 19:00:11Z] CHK MOM:0.32% RANGE:0.32% UP:18.18% SPREAD:0.16025641% BID:0.624 ASK:0.625 MID:0.6245 P1:0.6245 P2:0.6245 P3:0.6245 P4:0.6245 STATE:IDLE
[2026-05-11 19:00:12Z] CHK MOM:0.32% RANGE:0.32% UP:16.66% SPREAD:0.16025641% BID:0.624 ASK:0.625 MID:0.6245 P1:0.6245 P2:0.6245 P3:0.6245 P4:0.6245 STATE:IDLE
[2026-05-11 19:00:12Z] CHK MOM:0.32% RANGE:0.32% UP:15.38% SPREAD:0.16025641% BID:0.624 ASK:0.625 MID:0.6245 P1:0.6245 P2:0.6245 P3:0.6245 P4:0.6245 STATE:IDLE
[2026-05-11 19:00:13Z] CHK MOM:0.48% RANGE:0.48% UP:23.07% SPREAD:0.16% BID:0.625 ASK:0.626 MID:0.6255 P1:0.6255 P2:0.6245 P3:0.6245 P4:0.6245 STATE:IDLE
[2026-05-11 19:00:13Z] CHK MOM:0.32% RANGE:0.32% UP:15.38% SPREAD:0.16% BID:0.625 ASK:0.626 MID:0.6255 P1:0.6255 P2:0.6255 P3:0.6245 P4:0.6245 STATE:IDLE
[2026-05-11 19:00:14Z] CHK MOM:0.16% RANGE:0.16% UP:7.69% SPREAD:0.16% BID:0.625 ASK:0.626 MID:0.6255 P1:0.6255 P2:0.6255 P3:0.6255 P4:0.6245 STATE:IDLE
[2026-05-11 19:00:14Z] CHK MOM:0.16% RANGE:0.16% UP:7.69% SPREAD:0.16% BID:0.625 ASK:0.626 MID:0.6255 P1:0.6255 P2:0.6255 P3:0.6255 P4:0.6245 STATE:IDLE
[2026-05-11 19:00:15Z] CHK MOM:0.16% RANGE:0.16% UP:7.69% SPREAD:0.16% BID:0.625 ASK:0.626 MID:0.6255 P1:0.6255 P2:0.6255 P3:0.6255 P4:0.6245 STATE:IDLE
[2026-05-11 19:00:15Z] CHK MOM:0.16% RANGE:0.16% UP:7.69% SPREAD:0.16% BID:0.625 ASK:0.626 MID:0.6255 P1:0.6255 P2:0.6255 P3:0.6255 P4:0.6245 STATE:IDLE
[2026-05-11 19:00:16Z] CHK MOM:0.16% RANGE:0.16% UP:8.33% SPREAD:0.16% BID:0.625 ASK:0.626 MID:0.6255 P1:0.6255 P2:0.6255 P3:0.6255 P4:0.6255 STATE:IDLE
[2026-05-11 19:00:16Z] CHK MOM:0.16% RANGE:0.16% UP:8.33% SPREAD:0.16% BID:0.625 ASK:0.626 MID:0.6255 P1:0.6255 P2:0.6255 P3:0.6255 P4:0.6255 STATE:IDLE
[2026-05-11 19:00:17Z] CHK MOM:0.08% RANGE:0.16% UP:9.09% SPREAD:0.32051282% BID:0.624 ASK:0.626 MID:0.625 P1:0.625 P2:0.6255 P3:0.6255 P4:0.6255 STATE:IDLE
[2026-05-11 19:00:17Z] CHK MOM:0% RANGE:0.16% UP:9.09% SPREAD:0.16025641% BID:0.624 ASK:0.625 MID:0.6245 P1:0.6245 P2:0.625 P3:0.6255 P4:0.6255 STATE:IDLE
[2026-05-11 19:00:19Z] CHK MOM:0% RANGE:0.16% UP:9.09% SPREAD:0.16025641% BID:0.624 ASK:0.625 MID:0.6245 P1:0.6245 P2:0.625 P3:0.6255 P4:0.6255 STATE:IDLE
[2026-05-11 19:00:19Z] CHK MOM:0% RANGE:0.16% UP:9.09% SPREAD:0.16025641% BID:0.624 ASK:0.625 MID:0.6245 P1:0.6245 P2:0.6245 P3:0.625 P4:0.6255 STATE:IDLE
[2026-05-11 19:00:20Z] CHK MOM:0% RANGE:0.16% UP:9.09% SPREAD:0.16025641% BID:0.624 ASK:0.625 MID:0.6245 P1:0.6245 P2:0.6245 P3:0.625 P4:0.6255 STATE:IDLE
[2026-05-11 19:00:20Z] CHK MOM:0% RANGE:0.16% UP:8.33% SPREAD:0.16025641% BID:0.624 ASK:0.625 MID:0.6245 P1:0.6245 P2:0.6245 P3:0.6245 P4:0.625 STATE:IDLE
[2026-05-11 19:00:21Z] CHK MOM:0% RANGE:0.16% UP:8.33% SPREAD:0.16025641% BID:0.624 ASK:0.625 MID:0.6245 P1:0.6245 P2:0.6245 P3:0.6245 P4:0.6245 STATE:IDLE
[2026-05-11 19:00:21Z] CHK MOM:0% RANGE:0.16% UP:7.69% SPREAD:0.16025641% BID:0.624 ASK:0.625 MID:0.6245 P1:0.6245 P2:0.6245 P3:0.6245 P4:0.6245 STATE:IDLE
[2026-05-11 19:00:22Z] CHK MOM:0% RANGE:0.16% UP:7.69% SPREAD:0.16025641% BID:0.624 ASK:0.625 MID:0.6245 P1:0.6245 P2:0.6245 P3:0.6245 P4:0.6245 STATE:IDLE
[2026-05-11 19:00:22Z] CHK MOM:-0.16% RANGE:0.32% UP:7.14% SPREAD:0.16051364% BID:0.623 ASK:0.624 MID:0.62349999 P1:0.62349999 P2:0.6245 P3:0.6245 P4:0.6245 STATE:IDLE
[2026-05-11 19:00:23Z] CHK MOM:-0.16% RANGE:0.32% UP:7.14% SPREAD:0.16051364% BID:0.623 ASK:0.624 MID:0.62349999 P1:0.62349999 P2:0.6245 P3:0.6245 P4:0.6245 STATE:IDLE
[2026-05-11 19:00:24Z] CHK MOM:-0.16% RANGE:0.32% UP:7.14% SPREAD:0.16051364% BID:0.623 ASK:0.624 MID:0.62349999 P1:0.62349999 P2:0.62349999 P3:0.6245 P4:0.6245 STATE:IDLE
[2026-05-11 19:00:24Z] CHK MOM:-0.16% RANGE:0.32% UP:7.14% SPREAD:0.16051364% BID:0.623 ASK:0.624 MID:0.62349999 P1:0.62349999 P2:0.62349999 P3:0.6245 P4:0.6245 STATE:IDLE
[2026-05-11 19:00:25Z] CHK MOM:-0.16% RANGE:0.32% UP:7.14% SPREAD:0.16051364% BID:0.623 ASK:0.624 MID:0.62349999 P1:0.62349999 P2:0.62349999 P3:0.6245 P4:0.6245 STATE:IDLE
[2026-05-11 19:00:25Z] CHK MOM:-0.16% RANGE:0.32% UP:7.14% SPREAD:0.16051364% BID:0.623 ASK:0.624 MID:0.62349999 P1:0.62349999 P2:0.62349999 P3:0.6245 P4:0.6245 STATE:IDLE
[2026-05-11 19:00:26Z] CHK MOM:-0.16% RANGE:0.32% UP:7.14% SPREAD:0.16051364% BID:0.623 ASK:0.624 MID:0.62349999 P1:0.62349999 P2:0.62349999 P3:0.6245 P4:0.6245 STATE:IDLE
[2026-05-11 19:00:26Z] CHK MOM:-0.31% RANGE:0.32% UP:0% SPREAD:0.16051364% BID:0.623 ASK:0.624 MID:0.62349999 P1:0.62349999 P2:0.62349999 P3:0.62349999 P4:0.6245 STATE:IDLE
[2026-05-11 19:00:27Z] CHK MOM:-0.31% RANGE:0.32% UP:0% SPREAD:0.16051364% BID:0.623 ASK:0.624 MID:0.62349999 P1:0.62349999 P2:0.62349999 P3:0.62349999 P4:0.62349999 STATE:IDLE
[2026-05-11 19:00:27Z] CHK MOM:-0.31% RANGE:0.32% UP:0% SPREAD:0.16051364% BID:0.623 ASK:0.624 MID:0.62349999 P1:0.62349999 P2:0.62349999 P3:0.62349999 P4:0.62349999 STATE:IDLE
[2026-05-11 19:00:28Z] CHK MOM:-0.31% RANGE:0.32% UP:0% SPREAD:0.16051364% BID:0.623 ASK:0.624 MID:0.62349999 P1:0.62349999 P2:0.62349999 P3:0.62349999 P4:0.62349999 STATE:IDLE
[2026-05-11 19:00:28Z] CHK MOM:-0.31% RANGE:0.32% UP:0% SPREAD:0.16051364% BID:0.623 ASK:0.624 MID:0.62349999 P1:0.62349999 P2:0.62349999 P3:0.62349999 P4:0.62349999 STATE:IDLE
[2026-05-11 19:00:29Z] CHK MOM:-0.39% RANGE:0.4% UP:0% SPREAD:0.1607717% BID:0.622 ASK:0.623 MID:0.6225 P1:0.6225 P2:0.62349999 P3:0.62349999 P4:0.62349999 STATE:IDLE
[2026-05-11 19:00:29Z] CHK MOM:-0.32% RANGE:0.32% UP:0% SPREAD:0.1607717% BID:0.622 ASK:0.623 MID:0.6225 P1:0.6225 P2:0.6225 P3:0.62349999 P4:0.62349999 STATE:IDLE
[2026-05-11 19:00:30Z] CHK MOM:-0.32% RANGE:0.32% UP:0% SPREAD:0.1607717% BID:0.622 ASK:0.623 MID:0.6225 P1:0.6225 P2:0.6225 P3:0.62349999 P4:0.62349999 STATE:IDLE
[2026-05-11 19:00:31Z] CHK MOM:-0.32% RANGE:0.32% UP:0% SPREAD:0.1607717% BID:0.622 ASK:0.623 MID:0.6225 P1:0.6225 P2:0.6225 P3:0.6225 P4:0.62349999 STATE:IDLE
[2026-05-11 19:00:31Z] CHK MOM:-0.32% RANGE:0.32% UP:0% SPREAD:0.1607717% BID:0.622 ASK:0.623 MID:0.6225 P1:0.6225 P2:0.6225 P3:0.6225 P4:0.6225 STATE:IDLE
[2026-05-11 19:00:32Z] CHK MOM:-0.32% RANGE:0.32% UP:0% SPREAD:0.1607717% BID:0.622 ASK:0.623 MID:0.6225 P1:0.6225 P2:0.6225 P3:0.6225 P4:0.6225 STATE:IDLE
[2026-05-11 19:00:32Z] CHK MOM:-0.32% RANGE:0.32% UP:0% SPREAD:0.1607717% BID:0.622 ASK:0.623 MID:0.6225 P1:0.6225 P2:0.6225 P3:0.6225 P4:0.6225 STATE:IDLE
[2026-05-11 19:00:33Z] CHK MOM:-0.32% RANGE:0.32% UP:0% SPREAD:0.1607717% BID:0.622 ASK:0.623 MID:0.6225 P1:0.6225 P2:0.6225 P3:0.6225 P4:0.6225 STATE:IDLE
[2026-05-11 19:00:33Z] CHK MOM:-0.32% RANGE:0.32% UP:0% SPREAD:0.1607717% BID:0.622 ASK:0.623 MID:0.6225 P1:0.6225 P2:0.6225 P3:0.6225 P4:0.6225 STATE:IDLE
[2026-05-11 19:00:34Z] CHK MOM:-0.32% RANGE:0.32% UP:0% SPREAD:0.1607717% BID:0.622 ASK:0.623 MID:0.6225 P1:0.6225 P2:0.6225 P3:0.6225 P4:0.6225 STATE:IDLE
[2026-05-11 19:00:35Z] CHK MOM:-0.16% RANGE:0.16% UP:0% SPREAD:0.1607717% BID:0.622 ASK:0.623 MID:0.6225 P1:0.6225 P2:0.6225 P3:0.6225 P4:0.6225 STATE:IDLE
[2026-05-11 19:00:35Z] CHK MOM:0% RANGE:0.16% UP:8.33% SPREAD:0.16051364% BID:0.623 ASK:0.624 MID:0.62349999 P1:0.62349999 P2:0.6225 P3:0.6225 P4:0.6225 STATE:IDLE
[2026-05-11 19:00:36Z] CHK MOM:0% RANGE:0.16% UP:8.33% SPREAD:0.16051364% BID:0.623 ASK:0.624 MID:0.62349999 P1:0.62349999 P2:0.6225 P3:0.6225 P4:0.6225 STATE:IDLE
[2026-05-11 19:00:36Z] CHK MOM:0% RANGE:0.16% UP:8.33% SPREAD:0.16051364% BID:0.623 ASK:0.624 MID:0.62349999 P1:0.62349999 P2:0.6225 P3:0.6225 P4:0.6225 STATE:IDLE
[2026-05-11 19:00:37Z] CHK MOM:0% RANGE:0.16% UP:8.33% SPREAD:0.16051364% BID:0.623 ASK:0.624 MID:0.62349999 P1:0.62349999 P2:0.62349999 P3:0.6225 P4:0.6225 STATE:IDLE
[2026-05-11 19:00:37Z] CHK MOM:0% RANGE:0.16% UP:8.33% SPREAD:0.16051364% BID:0.623 ASK:0.624 MID:0.62349999 P1:0.62349999 P2:0.62349999 P3:0.6225 P4:0.6225 STATE:IDLE
[2026-05-11 19:00:38Z] CHK MOM:0% RANGE:0.16% UP:8.33% SPREAD:0.16051364% BID:0.623 ASK:0.624 MID:0.62349999 P1:0.62349999 P2:0.62349999 P3:0.6225 P4:0.6225 STATE:IDLE
[2026-05-11 19:00:38Z] CHK MOM:0% RANGE:0.16% UP:8.33% SPREAD:0.16051364% BID:0.623 ASK:0.624 MID:0.62349999 P1:0.62349999 P2:0.62349999 P3:0.6225 P4:0.6225 STATE:IDLE
[2026-05-11 19:00:39Z] CHK MOM:-0.16% RANGE:0.16% UP:9.09% SPREAD:0.1607717% BID:0.622 ASK:0.623 MID:0.6225 P1:0.6225 P2:0.62349999 P3:0.62349999 P4:0.6225 STATE:IDLE
[2026-05-11 19:00:39Z] CHK MOM:-0.08% RANGE:0.16% UP:18.18% SPREAD:0.3215434% BID:0.622 ASK:0.624 MID:0.623 P1:0.623 P2:0.6225 P3:0.62349999 P4:0.62349999 STATE:IDLE
[2026-05-11 19:00:40Z] CHK MOM:-0.08% RANGE:0.16% UP:18.18% SPREAD:0.3215434% BID:0.622 ASK:0.624 MID:0.623 P1:0.623 P2:0.6225 P3:0.62349999 P4:0.62349999 STATE:IDLE
[2026-05-11 19:00:40Z] CHK MOM:0.08% RANGE:0.16% UP:18.18% SPREAD:0.3215434% BID:0.622 ASK:0.624 MID:0.623 P1:0.623 P2:0.623 P3:0.6225 P4:0.62349999 STATE:IDLE
[2026-05-11 19:00:41Z] CHK MOM:0.08% RANGE:0.16% UP:18.18% SPREAD:0.3215434% BID:0.622 ASK:0.624 MID:0.623 P1:0.623 P2:0.623 P3:0.6225 P4:0.62349999 STATE:IDLE
[2026-05-11 19:00:41Z] CHK MOM:0% RANGE:0.16% UP:20% SPREAD:0.1607717% BID:0.622 ASK:0.623 MID:0.6225 P1:0.6225 P2:0.623 P3:0.623 P4:0.6225 STATE:IDLE
[2026-05-11 19:00:42Z] CHK MOM:0% RANGE:0.16% UP:18.18% SPREAD:0.1607717% BID:0.622 ASK:0.623 MID:0.6225 P1:0.6225 P2:0.6225 P3:0.623 P4:0.623 STATE:IDLE
[2026-05-11 19:00:42Z] CHK MOM:0% RANGE:0.16% UP:18.18% SPREAD:0.1607717% BID:0.622 ASK:0.623 MID:0.6225 P1:0.6225 P2:0.6225 P3:0.6225 P4:0.623 STATE:IDLE
[2026-05-11 19:00:43Z] CHK MOM:0% RANGE:0.16% UP:18.18% SPREAD:0.1607717% BID:0.622 ASK:0.623 MID:0.6225 P1:0.6225 P2:0.6225 P3:0.6225 P4:0.623 STATE:IDLE
[2026-05-11 19:00:44Z] CHK MOM:0% RANGE:0.16% UP:18.18% SPREAD:0.1607717% BID:0.622 ASK:0.623 MID:0.6225 P1:0.6225 P2:0.6225 P3:0.6225 P4:0.623 STATE:IDLE
[2026-05-11 19:00:44Z] CHK MOM:0% RANGE:0.16% UP:18.18% SPREAD:0.1607717% BID:0.622 ASK:0.623 MID:0.6225 P1:0.6225 P2:0.6225 P3:0.6225 P4:0.623 STATE:IDLE
[2026-05-11 19:00:45Z] CHK MOM:0% RANGE:0.16% UP:20% SPREAD:0.1607717% BID:0.622 ASK:0.623 MID:0.6225 P1:0.6225 P2:0.6225 P3:0.6225 P4:0.6225 STATE:IDLE
[2026-05-11 19:00:45Z] CHK MOM:0% RANGE:0.16% UP:20% SPREAD:0.1607717% BID:0.622 ASK:0.623 MID:0.6225 P1:0.6225 P2:0.6225 P3:0.6225 P4:0.6225 STATE:IDLE
[2026-05-11 19:00:46Z] CHK MOM:0% RANGE:0.16% UP:18.18% SPREAD:0.1607717% BID:0.622 ASK:0.623 MID:0.6225 P1:0.6225 P2:0.6225 P3:0.6225 P4:0.6225 STATE:IDLE
[2026-05-11 19:00:46Z] CHK MOM:0% RANGE:0.16% UP:18.18% SPREAD:0.1607717% BID:0.622 ASK:0.623 MID:0.6225 P1:0.6225 P2:0.6225 P3:0.6225 P4:0.6225 STATE:IDLE
[2026-05-11 19:00:47Z] CHK MOM:0% RANGE:0.16% UP:18.18% SPREAD:0.1607717% BID:0.622 ASK:0.623 MID:0.6225 P1:0.6225 P2:0.6225 P3:0.6225 P4:0.6225 STATE:IDLE
[2026-05-11 19:00:47Z] CHK MOM:0% RANGE:0.16% UP:18.18% SPREAD:0.1607717% BID:0.622 ASK:0.623 MID:0.6225 P1:0.6225 P2:0.6225 P3:0.6225 P4:0.6225 STATE:IDLE
[2026-05-11 19:00:48Z] CHK MOM:0% RANGE:0.16% UP:18.18% SPREAD:0.1607717% BID:0.622 ASK:0.623 MID:0.6225 P1:0.6225 P2:0.6225 P3:0.6225 P4:0.6225 STATE:IDLE
[2026-05-11 19:00:48Z] CHK MOM:0% RANGE:0.08% UP:11.11% SPREAD:0.1607717% BID:0.622 ASK:0.623 MID:0.6225 P1:0.6225 P2:0.6225 P3:0.6225 P4:0.6225 STATE:IDLE
[2026-05-11 19:00:49Z] CHK MOM:0% RANGE:0.08% UP:11.11% SPREAD:0.1607717% BID:0.622 ASK:0.623 MID:0.6225 P1:0.6225 P2:0.6225 P3:0.6225 P4:0.6225 STATE:IDLE
[2026-05-11 19:00:50Z] CHK MOM:0% RANGE:0.08% UP:11.11% SPREAD:0.1607717% BID:0.622 ASK:0.623 MID:0.6225 P1:0.6225 P2:0.6225 P3:0.6225 P4:0.6225 STATE:IDLE
[2026-05-11 19:00:50Z] CHK MOM:0.16% RANGE:0.16% UP:20% SPREAD:0.16051364% BID:0.623 ASK:0.624 MID:0.62349999 P1:0.62349999 P2:0.6225 P3:0.6225 P4:0.6225 STATE:IDLE
[2026-05-11 19:00:51Z] CHK MOM:0.08% RANGE:0.16% UP:10% SPREAD:0.16051364% BID:0.623 ASK:0.624 MID:0.62349999 P1:0.62349999 P2:0.62349999 P3:0.6225 P4:0.6225 STATE:IDLE
[2026-05-11 19:00:51Z] CHK MOM:0.08% RANGE:0.16% UP:10% SPREAD:0.16051364% BID:0.623 ASK:0.624 MID:0.62349999 P1:0.62349999 P2:0.62349999 P3:0.62349999 P4:0.6225 STATE:IDLE
[2026-05-11 19:00:52Z] CHK MOM:0.08% RANGE:0.16% UP:9.09% SPREAD:0.16051364% BID:0.623 ASK:0.624 MID:0.62349999 P1:0.62349999 P2:0.62349999 P3:0.62349999 P4:0.62349999 STATE:IDLE
[2026-05-11 19:00:52Z] CHK MOM:0.08% RANGE:0.16% UP:9.09% SPREAD:0.16051364% BID:0.623 ASK:0.624 MID:0.62349999 P1:0.62349999 P2:0.62349999 P3:0.62349999 P4:0.62349999 STATE:IDLE
[2026-05-11 19:00:53Z] CHK MOM:0.16% RANGE:0.16% UP:9.09% SPREAD:0.16051364% BID:0.623 ASK:0.624 MID:0.62349999 P1:0.62349999 P2:0.62349999 P3:0.62349999 P4:0.62349999 STATE:IDLE
[2026-05-11 19:00:53Z] CHK MOM:0.16% RANGE:0.16% UP:9.09% SPREAD:0.16051364% BID:0.623 ASK:0.624 MID:0.62349999 P1:0.62349999 P2:0.62349999 P3:0.62349999 P4:0.62349999 STATE:IDLE
[2026-05-11 19:00:54Z] CHK MOM:0.16% RANGE:0.16% UP:9.09% SPREAD:0.16051364% BID:0.623 ASK:0.624 MID:0.62349999 P1:0.62349999 P2:0.62349999 P3:0.62349999 P4:0.62349999 STATE:IDLE
[2026-05-11 19:00:54Z] CHK MOM:0.16% RANGE:0.16% UP:9.09% SPREAD:0.16051364% BID:0.623 ASK:0.624 MID:0.62349999 P1:0.62349999 P2:0.62349999 P3:0.62349999 P4:0.62349999 STATE:IDLE
[2026-05-11 19:00:55Z] CHK MOM:0.16% RANGE:0.16% UP:9.09% SPREAD:0.16051364% BID:0.623 ASK:0.624 MID:0.62349999 P1:0.62349999 P2:0.62349999 P3:0.62349999 P4:0.62349999 STATE:IDLE
[2026-05-11 19:00:56Z] CHK MOM:0.16% RANGE:0.16% UP:9.09% SPREAD:0.16051364% BID:0.623 ASK:0.624 MID:0.62349999 P1:0.62349999 P2:0.62349999 P3:0.62349999 P4:0.62349999 STATE:IDLE
[2026-05-11 19:00:56Z] CHK MOM:0.16% RANGE:0.16% UP:9.09% SPREAD:0.16051364% BID:0.623 ASK:0.624 MID:0.62349999 P1:0.62349999 P2:0.62349999 P3:0.62349999 P4:0.62349999 STATE:IDLE
[2026-05-11 19:00:57Z] CHK MOM:0.16% RANGE:0.16% UP:9.09% SPREAD:0.16051364% BID:0.623 ASK:0.624 MID:0.62349999 P1:0.62349999 P2:0.62349999 P3:0.62349999 P4:0.62349999 STATE:IDLE
[2026-05-11 19:00:57Z] CHK MOM:0.16% RANGE:0.16% UP:9.09% SPREAD:0.16051364% BID:0.623 ASK:0.624 MID:0.62349999 P1:0.62349999 P2:0.62349999 P3:0.62349999 P4:0.62349999 STATE:IDLE
[2026-05-11 19:00:58Z] CHK MOM:0.16% RANGE:0.16% UP:10% SPREAD:0.16051364% BID:0.623 ASK:0.624 MID:0.62349999 P1:0.62349999 P2:0.62349999 P3:0.62349999 P4:0.62349999 STATE:IDLE
[2026-05-11 19:00:58Z] CHK MOM:0.16% RANGE:0.16% UP:9.09% SPREAD:0.16051364% BID:0.623 ASK:0.624 MID:0.62349999 P1:0.62349999 P2:0.62349999 P3:0.62349999 P4:0.62349999 STATE:IDLE
[2026-05-11 19:00:59Z] CHK MOM:0.16% RANGE:0.16% UP:9.09% SPREAD:0.16051364% BID:0.623 ASK:0.624 MID:0.62349999 P1:0.62349999 P2:0.62349999 P3:0.62349999 P4:0.62349999 STATE:IDLE
[2026-05-11 19:00:59Z] CHK MOM:0.16% RANGE:0.16% UP:9.09% SPREAD:0.16051364% BID:0.623 ASK:0.624 MID:0.62349999 P1:0.62349999 P2:0.62349999 P3:0.62349999 P4:0.62349999 STATE:IDLE
[2026-05-11 19:01:00Z] CHK MOM:0.16% RANGE:0.16% UP:8.33% SPREAD:0.16051364% BID:0.623 ASK:0.624 MID:0.62349999 P1:0.62349999 P2:0.62349999 P3:0.62349999 P4:0.62349999 STATE:IDLE
[2026-05-11 19:01:01Z] CHK MOM:0% RANGE:0% UP:0% SPREAD:0.16051364% BID:0.623 ASK:0.624 MID:0.62349999 P1:0.62349999 P2:0.62349999 P3:0.62349999 P4:0.62349999 STATE:IDLE
[2026-05-11 19:01:01Z] CHK MOM:0% RANGE:0% UP:0% SPREAD:0.16051364% BID:0.623 ASK:0.624 MID:0.62349999 P1:0.62349999 P2:0.62349999 P3:0.62349999 P4:0.62349999 STATE:IDLE
[2026-05-11 19:01:02Z] CHK MOM:0% RANGE:0% UP:0% SPREAD:0.16051364% BID:0.623 ASK:0.624 MID:0.62349999 P1:0.62349999 P2:0.62349999 P3:0.62349999 P4:0.62349999 STATE:IDLE
[2026-05-11 19:01:02Z] CHK MOM:0% RANGE:0% UP:0% SPREAD:0.16051364% BID:0.623 ASK:0.624 MID:0.62349999 P1:0.62349999 P2:0.62349999 P3:0.62349999 P4:0.62349999 STATE:IDLE
[2026-05-11 19:01:03Z] CHK MOM:0% RANGE:0% UP:0% SPREAD:0.16051364% BID:0.623 ASK:0.624 MID:0.62349999 P1:0.62349999 P2:0.62349999 P3:0.62349999 P4:0.62349999 STATE:IDLE
[2026-05-11 19:01:03Z] CHK MOM:0% RANGE:0% UP:0% SPREAD:0.16051364% BID:0.623 ASK:0.624 MID:0.62349999 P1:0.62349999 P2:0.62349999 P3:0.62349999 P4:0.62349999 STATE:IDLE
[2026-05-11 19:01:04Z] CHK MOM:0% RANGE:0% UP:0% SPREAD:0.16051364% BID:0.623 ASK:0.624 MID:0.62349999 P1:0.62349999 P2:0.62349999 P3:0.62349999 P4:0.62349999 STATE:IDLE
[2026-05-11 19:01:04Z] CHK MOM:0% RANGE:0% UP:0% SPREAD:0.16051364% BID:0.623 ASK:0.624 MID:0.62349999 P1:0.62349999 P2:0.62349999 P3:0.62349999 P4:0.62349999 STATE:IDLE
[2026-05-11 19:01:06Z] CHK MOM:0.08% RANGE:0.08% UP:8.33% SPREAD:0.32102728% BID:0.623 ASK:0.625 MID:0.624 P1:0.624 P2:0.62349999 P3:0.62349999 P4:0.62349999 STATE:IDLE
[2026-05-11 19:01:06Z] CHK MOM:0.08% RANGE:0.08% UP:9.09% SPREAD:0.32102728% BID:0.623 ASK:0.625 MID:0.624 P1:0.624 P2:0.624 P3:0.62349999 P4:0.62349999 STATE:IDLE
[2026-05-11 19:01:07Z] CHK MOM:0% RANGE:0.08% UP:9.09% SPREAD:0.16051364% BID:0.623 ASK:0.624 MID:0.62349999 P1:0.62349999 P2:0.624 P3:0.624 P4:0.62349999 STATE:IDLE
[2026-05-11 19:01:07Z] CHK MOM:0% RANGE:0.08% UP:9.09% SPREAD:0.16051364% BID:0.623 ASK:0.624 MID:0.62349999 P1:0.62349999 P2:0.624 P3:0.624 P4:0.62349999 STATE:IDLE
[2026-05-11 19:01:08Z] CHK MOM:0% RANGE:0.08% UP:8.33% SPREAD:0.16051364% BID:0.623 ASK:0.624 MID:0.62349999 P1:0.62349999 P2:0.62349999 P3:0.624 P4:0.624 STATE:IDLE
[2026-05-11 19:01:08Z] CHK MOM:0% RANGE:0.08% UP:8.33% SPREAD:0.16051364% BID:0.623 ASK:0.624 MID:0.62349999 P1:0.62349999 P2:0.62349999 P3:0.624 P4:0.624 STATE:IDLE
[2026-05-11 19:01:09Z] CHK MOM:0% RANGE:0.08% UP:8.33% SPREAD:0.16051364% BID:0.623 ASK:0.624 MID:0.62349999 P1:0.62349999 P2:0.62349999 P3:0.624 P4:0.624 STATE:IDLE
[2026-05-11 19:01:09Z] CHK MOM:0.08% RANGE:0.08% UP:16.66% SPREAD:0.32102728% BID:0.623 ASK:0.625 MID:0.624 P1:0.624 P2:0.62349999 P3:0.62349999 P4:0.624 STATE:IDLE
[2026-05-11 19:01:10Z] CHK MOM:0.08% RANGE:0.08% UP:16.66% SPREAD:0.32102728% BID:0.623 ASK:0.625 MID:0.624 P1:0.624 P2:0.62349999 P3:0.62349999 P4:0.624 STATE:IDLE
[2026-05-11 19:01:10Z] CHK MOM:0.16% RANGE:0.16% UP:27.27% SPREAD:0.16025641% BID:0.624 ASK:0.625 MID:0.6245 P1:0.6245 P2:0.624 P3:0.62349999 P4:0.62349999 STATE:IDLE
[2026-05-11 19:01:11Z] CHK MOM:0.16% RANGE:0.16% UP:27.27% SPREAD:0.16025641% BID:0.624 ASK:0.625 MID:0.6245 P1:0.6245 P2:0.6245 P3:0.624 P4:0.62349999 STATE:IDLE
[2026-05-11 19:01:11Z] CHK MOM:0.16% RANGE:0.16% UP:25% SPREAD:0.16025641% BID:0.624 ASK:0.625 MID:0.6245 P1:0.6245 P2:0.6245 P3:0.6245 P4:0.624 STATE:IDLE
[2026-05-11 19:01:12Z] CHK MOM:0.16% RANGE:0.16% UP:25% SPREAD:0.16025641% BID:0.624 ASK:0.625 MID:0.6245 P1:0.6245 P2:0.6245 P3:0.6245 P4:0.624 STATE:IDLE
[2026-05-11 19:01:12Z] CHK MOM:0.16% RANGE:0.16% UP:25% SPREAD:0.16025641% BID:0.624 ASK:0.625 MID:0.6245 P1:0.6245 P2:0.6245 P3:0.6245 P4:0.6245 STATE:IDLE
[2026-05-11 19:01:13Z] CHK MOM:0.16% RANGE:0.16% UP:25% SPREAD:0.16025641% BID:0.624 ASK:0.625 MID:0.6245 P1:0.6245 P2:0.6245 P3:0.6245 P4:0.6245 STATE:IDLE
[2026-05-11 19:01:13Z] CHK MOM:0.16% RANGE:0.16% UP:25% SPREAD:0.16025641% BID:0.624 ASK:0.625 MID:0.6245 P1:0.6245 P2:0.6245 P3:0.6245 P4:0.6245 STATE:IDLE
[2026-05-11 19:01:14Z] CHK MOM:0.16% RANGE:0.16% UP:27.27% SPREAD:0.16025641% BID:0.624 ASK:0.625 MID:0.6245 P1:0.6245 P2:0.6245 P3:0.6245 P4:0.6245 STATE:IDLE
[2026-05-11 19:01:14Z] CHK MOM:0.16% RANGE:0.16% UP:27.27% SPREAD:0.16025641% BID:0.624 ASK:0.625 MID:0.6245 P1:0.6245 P2:0.6245 P3:0.6245 P4:0.6245 STATE:IDLE
[2026-05-11 19:01:15Z] CHK MOM:0.16% RANGE:0.16% UP:27.27% SPREAD:0.16025641% BID:0.624 ASK:0.625 MID:0.6245 P1:0.6245 P2:0.6245 P3:0.6245 P4:0.6245 STATE:IDLE
[2026-05-11 19:01:16Z] CHK MOM:0.16% RANGE:0.16% UP:27.27% SPREAD:0.16025641% BID:0.624 ASK:0.625 MID:0.6245 P1:0.6245 P2:0.6245 P3:0.6245 P4:0.6245 STATE:IDLE
[2026-05-11 19:01:16Z] CHK MOM:0.16% RANGE:0.16% UP:27.27% SPREAD:0.16025641% BID:0.624 ASK:0.625 MID:0.6245 P1:0.6245 P2:0.6245 P3:0.6245 P4:0.6245 STATE:IDLE
[2026-05-11 19:01:17Z] CHK MOM:0.16% RANGE:0.16% UP:27.27% SPREAD:0.16025641% BID:0.624 ASK:0.625 MID:0.6245 P1:0.6245 P2:0.6245 P3:0.6245 P4:0.6245 STATE:IDLE
[2026-05-11 19:01:17Z] CHK MOM:0.16% RANGE:0.16% UP:27.27% SPREAD:0.16025641% BID:0.624 ASK:0.625 MID:0.6245 P1:0.6245 P2:0.6245 P3:0.6245 P4:0.6245 STATE:IDLE
[2026-05-11 19:01:18Z] CHK MOM:0.16% RANGE:0.16% UP:22.22% SPREAD:0.16025641% BID:0.624 ASK:0.625 MID:0.6245 P1:0.6245 P2:0.6245 P3:0.6245 P4:0.6245 STATE:IDLE
[2026-05-11 19:01:18Z] CHK MOM:0.16% RANGE:0.16% UP:20% SPREAD:0.16025641% BID:0.624 ASK:0.625 MID:0.6245 P1:0.6245 P2:0.6245 P3:0.6245 P4:0.6245 STATE:IDLE
[2026-05-11 19:01:19Z] CHK MOM:0.16% RANGE:0.16% UP:20% SPREAD:0.16025641% BID:0.624 ASK:0.625 MID:0.6245 P1:0.6245 P2:0.6245 P3:0.6245 P4:0.6245 STATE:IDLE
[2026-05-11 19:01:19Z] CHK MOM:0.16% RANGE:0.16% UP:20% SPREAD:0.16025641% BID:0.624 ASK:0.625 MID:0.6245 P1:0.6245 P2:0.6245 P3:0.6245 P4:0.6245 STATE:IDLE
[2026-05-11 19:01:20Z] CHK MOM:0.08% RANGE:0.08% UP:10% SPREAD:0.16025641% BID:0.624 ASK:0.625 MID:0.6245 P1:0.6245 P2:0.6245 P3:0.6245 P4:0.6245 STATE:IDLE
[2026-05-11 19:01:20Z] CHK MOM:0.08% RANGE:0.08% UP:10% SPREAD:0.16025641% BID:0.624 ASK:0.625 MID:0.6245 P1:0.6245 P2:0.6245 P3:0.6245 P4:0.6245 STATE:IDLE
[2026-05-11 19:01:21Z] CHK MOM:0.08% RANGE:0.08% UP:10% SPREAD:0.16025641% BID:0.624 ASK:0.625 MID:0.6245 P1:0.6245 P2:0.6245 P3:0.6245 P4:0.6245 STATE:IDLE
[2026-05-11 19:01:22Z] CHK MOM:0% RANGE:0% UP:0% SPREAD:0.16025641% BID:0.624 ASK:0.625 MID:0.6245 P1:0.6245 P2:0.6245 P3:0.6245 P4:0.6245 STATE:IDLE
[2026-05-11 19:01:22Z] CHK MOM:0% RANGE:0% UP:0% SPREAD:0.16025641% BID:0.624 ASK:0.625 MID:0.6245 P1:0.6245 P2:0.6245 P3:0.6245 P4:0.6245 STATE:IDLE
[2026-05-11 19:01:23Z] CHK MOM:0% RANGE:0% UP:0% SPREAD:0.16025641% BID:0.624 ASK:0.625 MID:0.6245 P1:0.6245 P2:0.6245 P3:0.6245 P4:0.6245 STATE:IDLE
[2026-05-11 19:01:23Z] CHK MOM:0% RANGE:0% UP:0% SPREAD:0.16025641% BID:0.624 ASK:0.625 MID:0.6245 P1:0.6245 P2:0.6245 P3:0.6245 P4:0.6245 STATE:IDLE
[2026-05-11 19:01:24Z] CHK MOM:0% RANGE:0% UP:0% SPREAD:0.16025641% BID:0.624 ASK:0.625 MID:0.6245 P1:0.6245 P2:0.6245 P3:0.6245 P4:0.6245 STATE:IDLE
[2026-05-11 19:01:24Z] CHK MOM:0% RANGE:0% UP:0% SPREAD:0.16025641% BID:0.624 ASK:0.625 MID:0.6245 P1:0.6245 P2:0.6245 P3:0.6245 P4:0.6245 STATE:IDLE
[2026-05-11 19:01:25Z] CHK MOM:0% RANGE:0% UP:0% SPREAD:0.16025641% BID:0.624 ASK:0.625 MID:0.6245 P1:0.6245 P2:0.6245 P3:0.6245 P4:0.6245 STATE:IDLE
[2026-05-11 19:01:25Z] CHK MOM:0% RANGE:0% UP:0% SPREAD:0.16025641% BID:0.624 ASK:0.625 MID:0.6245 P1:0.6245 P2:0.6245 P3:0.6245 P4:0.6245 STATE:IDLE
[2026-05-11 19:01:26Z] CHK MOM:0% RANGE:0% UP:0% SPREAD:0.16025641% BID:0.624 ASK:0.625 MID:0.6245 P1:0.6245 P2:0.6245 P3:0.6245 P4:0.6245 STATE:IDLE
[2026-05-11 19:01:27Z] CHK MOM:0% RANGE:0% UP:0% SPREAD:0.16025641% BID:0.624 ASK:0.625 MID:0.6245 P1:0.6245 P2:0.6245 P3:0.6245 P4:0.6245 STATE:IDLE
[2026-05-11 19:01:28Z] CHK MOM:0% RANGE:0% UP:0% SPREAD:0.16025641% BID:0.624 ASK:0.625 MID:0.6245 P1:0.6245 P2:0.6245 P3:0.6245 P4:0.6245 STATE:IDLE
[2026-05-11 19:01:28Z] CHK MOM:0% RANGE:0% UP:0% SPREAD:0.16025641% BID:0.624 ASK:0.625 MID:0.6245 P1:0.6245 P2:0.6245 P3:0.6245 P4:0.6245 STATE:IDLE
[2026-05-11 19:01:29Z] CHK MOM:0% RANGE:0% UP:0% SPREAD:0.16025641% BID:0.624 ASK:0.625 MID:0.6245 P1:0.6245 P2:0.6245 P3:0.6245 P4:0.6245 STATE:IDLE
[2026-05-11 19:01:29Z] CHK MOM:0% RANGE:0% UP:0% SPREAD:0.16025641% BID:0.624 ASK:0.625 MID:0.6245 P1:0.6245 P2:0.6245 P3:0.6245 P4:0.6245 STATE:IDLE
[2026-05-11 19:01:30Z] CHK MOM:0% RANGE:0% UP:0% SPREAD:0.16025641% BID:0.624 ASK:0.625 MID:0.6245 P1:0.6245 P2:0.6245 P3:0.6245 P4:0.6245 STATE:IDLE
[2026-05-11 19:01:30Z] CHK MOM:0% RANGE:0% UP:0% SPREAD:0.16025641% BID:0.624 ASK:0.625 MID:0.6245 P1:0.6245 P2:0.6245 P3:0.6245 P4:0.6245 STATE:IDLE
[2026-05-11 19:01:31Z] CHK MOM:0% RANGE:0% UP:0% SPREAD:0.16025641% BID:0.624 ASK:0.625 MID:0.6245 P1:0.6245 P2:0.6245 P3:0.6245 P4:0.6245 STATE:IDLE
[2026-05-11 19:01:31Z] CHK MOM:0% RANGE:0% UP:0% SPREAD:0.16025641% BID:0.624 ASK:0.625 MID:0.6245 P1:0.6245 P2:0.6245 P3:0.6245 P4:0.6245 STATE:IDLE
[2026-05-11 19:01:32Z] CHK MOM:0% RANGE:0% UP:0% SPREAD:0.16025641% BID:0.624 ASK:0.625 MID:0.6245 P1:0.6245 P2:0.6245 P3:0.6245 P4:0.6245 STATE:IDLE
[2026-05-11 19:01:33Z] CHK MOM:0% RANGE:0% UP:0% SPREAD:0.16025641% BID:0.624 ASK:0.625 MID:0.6245 P1:0.6245 P2:0.6245 P3:0.6245 P4:0.6245 STATE:IDLE
[2026-05-11 19:01:33Z] CHK MOM:0% RANGE:0% UP:0% SPREAD:0.16025641% BID:0.624 ASK:0.625 MID:0.6245 P1:0.6245 P2:0.6245 P3:0.6245 P4:0.6245 STATE:IDLE
[2026-05-11 19:01:34Z] CHK MOM:0% RANGE:0% UP:0% SPREAD:0.16025641% BID:0.624 ASK:0.625 MID:0.6245 P1:0.6245 P2:0.6245 P3:0.6245 P4:0.6245 STATE:IDLE
[2026-05-11 19:01:34Z] CHK MOM:0% RANGE:0% UP:0% SPREAD:0.16025641% BID:0.624 ASK:0.625 MID:0.6245 P1:0.6245 P2:0.6245 P3:0.6245 P4:0.6245 STATE:IDLE
[2026-05-11 19:01:35Z] CHK MOM:0% RANGE:0% UP:0% SPREAD:0.16025641% BID:0.624 ASK:0.625 MID:0.6245 P1:0.6245 P2:0.6245 P3:0.6245 P4:0.6245 STATE:IDLE
[2026-05-11 19:01:35Z] CHK MOM:0% RANGE:0% UP:0% SPREAD:0.16025641% BID:0.624 ASK:0.625 MID:0.6245 P1:0.6245 P2:0.6245 P3:0.6245 P4:0.6245 STATE:IDLE
[2026-05-11 19:01:36Z] CHK MOM:0% RANGE:0% UP:0% SPREAD:0.16025641% BID:0.624 ASK:0.625 MID:0.6245 P1:0.6245 P2:0.6245 P3:0.6245 P4:0.6245 STATE:IDLE
[2026-05-11 19:01:36Z] CHK MOM:0% RANGE:0% UP:0% SPREAD:0.16025641% BID:0.624 ASK:0.625 MID:0.6245 P1:0.6245 P2:0.6245 P3:0.6245 P4:0.6245 STATE:IDLE
[2026-05-11 19:01:37Z] CHK MOM:0% RANGE:0% UP:0% SPREAD:0.16025641% BID:0.624 ASK:0.625 MID:0.6245 P1:0.6245 P2:0.6245 P3:0.6245 P4:0.6245 STATE:IDLE
[2026-05-11 19:01:38Z] CHK MOM:0% RANGE:0% UP:0% SPREAD:0.16025641% BID:0.624 ASK:0.625 MID:0.6245 P1:0.6245 P2:0.6245 P3:0.6245 P4:0.6245 STATE:IDLE
[2026-05-11 19:01:38Z] CHK MOM:0% RANGE:0% UP:0% SPREAD:0.16025641% BID:0.624 ASK:0.625 MID:0.6245 P1:0.6245 P2:0.6245 P3:0.6245 P4:0.6245 STATE:IDLE
[2026-05-11 19:01:39Z] CHK MOM:0% RANGE:0% UP:0% SPREAD:0.16025641% BID:0.624 ASK:0.625 MID:0.6245 P1:0.6245 P2:0.6245 P3:0.6245 P4:0.6245 STATE:IDLE
[2026-05-11 19:01:39Z] CHK MOM:0% RANGE:0% UP:0% SPREAD:0.16025641% BID:0.624 ASK:0.625 MID:0.6245 P1:0.6245 P2:0.6245 P3:0.6245 P4:0.6245 STATE:IDLE
[2026-05-11 19:01:40Z] CHK MOM:0% RANGE:0% UP:0% SPREAD:0.16025641% BID:0.624 ASK:0.625 MID:0.6245 P1:0.6245 P2:0.6245 P3:0.6245 P4:0.6245 STATE:IDLE
[2026-05-11 19:01:40Z] CHK MOM:0.16% RANGE:0.16% UP:9.09% SPREAD:0.16% BID:0.625 ASK:0.626 MID:0.6255 P1:0.6255 P2:0.6245 P3:0.6245 P4:0.6245 STATE:IDLE
[2026-05-11 19:01:41Z] CHK MOM:0.16% RANGE:0.16% UP:9.09% SPREAD:0.16% BID:0.625 ASK:0.626 MID:0.6255 P1:0.6255 P2:0.6255 P3:0.6245 P4:0.6245 STATE:IDLE
[2026-05-11 19:01:41Z] CHK MOM:0.16% RANGE:0.16% UP:9.09% SPREAD:0.16% BID:0.625 ASK:0.626 MID:0.6255 P1:0.6255 P2:0.6255 P3:0.6245 P4:0.6245 STATE:IDLE
[2026-05-11 19:01:42Z] CHK MOM:0.16% RANGE:0.16% UP:9.09% SPREAD:0.16% BID:0.625 ASK:0.626 MID:0.6255 P1:0.6255 P2:0.6255 P3:0.6255 P4:0.6245 STATE:IDLE
[2026-05-11 19:01:42Z] CHK MOM:0.16% RANGE:0.16% UP:8.33% SPREAD:0.16% BID:0.625 ASK:0.626 MID:0.6255 P1:0.6255 P2:0.6255 P3:0.6255 P4:0.6255 STATE:IDLE
[2026-05-11 19:01:43Z] CHK MOM:0.16% RANGE:0.16% UP:8.33% SPREAD:0.16% BID:0.625 ASK:0.626 MID:0.6255 P1:0.6255 P2:0.6255 P3:0.6255 P4:0.6255 STATE:IDLE
[2026-05-11 19:01:44Z] CHK MOM:0.16% RANGE:0.16% UP:8.33% SPREAD:0.16% BID:0.625 ASK:0.626 MID:0.6255 P1:0.6255 P2:0.6255 P3:0.6255 P4:0.6255 STATE:IDLE
[2026-05-11 19:01:44Z] CHK MOM:0.16% RANGE:0.16% UP:9.09% SPREAD:0.16% BID:0.625 ASK:0.626 MID:0.6255 P1:0.6255 P2:0.6255 P3:0.6255 P4:0.6255 STATE:IDLE
[2026-05-11 19:01:45Z] CHK MOM:0.16% RANGE:0.16% UP:9.09% SPREAD:0.16% BID:0.625 ASK:0.626 MID:0.6255 P1:0.6255 P2:0.6255 P3:0.6255 P4:0.6255 STATE:IDLE
[2026-05-11 19:01:45Z] CHK MOM:0.16% RANGE:0.16% UP:8.33% SPREAD:0.16% BID:0.625 ASK:0.626 MID:0.6255 P1:0.6255 P2:0.6255 P3:0.6255 P4:0.6255 STATE:IDLE
[2026-05-11 19:01:46Z] CHK MOM:0.16% RANGE:0.16% UP:8.33% SPREAD:0.16% BID:0.625 ASK:0.626 MID:0.6255 P1:0.6255 P2:0.6255 P3:0.6255 P4:0.6255 STATE:IDLE
[2026-05-11 19:01:46Z] CHK MOM:0.16% RANGE:0.16% UP:7.69% SPREAD:0.16% BID:0.625 ASK:0.626 MID:0.6255 P1:0.6255 P2:0.6255 P3:0.6255 P4:0.6255 STATE:IDLE
[2026-05-11 19:01:47Z] CHK MOM:0.16% RANGE:0.16% UP:7.69% SPREAD:0.16% BID:0.625 ASK:0.626 MID:0.6255 P1:0.6255 P2:0.6255 P3:0.6255 P4:0.6255 STATE:IDLE
[2026-05-11 19:01:47Z] CHK MOM:0.24% RANGE:0.24% UP:16.66% SPREAD:0.32% BID:0.625 ASK:0.627 MID:0.626 P1:0.626 P2:0.6255 P3:0.6255 P4:0.6255 STATE:IDLE
[2026-05-11 19:01:48Z] CHK MOM:0.24% RANGE:0.24% UP:16.66% SPREAD:0.32% BID:0.625 ASK:0.627 MID:0.626 P1:0.626 P2:0.6255 P3:0.6255 P4:0.6255 STATE:IDLE
[2026-05-11 19:01:49Z] CHK MOM:0.24% RANGE:0.24% UP:15.38% SPREAD:0.32% BID:0.625 ASK:0.627 MID:0.626 P1:0.626 P2:0.626 P3:0.6255 P4:0.6255 STATE:IDLE
[2026-05-11 19:01:49Z] CHK MOM:0.24% RANGE:0.24% UP:14.28% SPREAD:0.32% BID:0.625 ASK:0.627 MID:0.626 P1:0.626 P2:0.626 P3:0.626 P4:0.6255 STATE:IDLE
[2026-05-11 19:01:50Z] CHK MOM:0.24% RANGE:0.24% UP:14.28% SPREAD:0.32% BID:0.625 ASK:0.627 MID:0.626 P1:0.626 P2:0.626 P3:0.626 P4:0.6255 STATE:IDLE
[2026-05-11 19:01:50Z] CHK MOM:0.24% RANGE:0.24% UP:14.28% SPREAD:0.32% BID:0.625 ASK:0.627 MID:0.626 P1:0.626 P2:0.626 P3:0.626 P4:0.6255 STATE:IDLE
[2026-05-11 19:01:51Z] CHK MOM:0.24% RANGE:0.24% UP:14.28% SPREAD:0.32% BID:0.625 ASK:0.627 MID:0.626 P1:0.626 P2:0.626 P3:0.626 P4:0.6255 STATE:IDLE
[2026-05-11 19:01:51Z] CHK MOM:0.24% RANGE:0.24% UP:15.38% SPREAD:0.32% BID:0.625 ASK:0.627 MID:0.626 P1:0.626 P2:0.626 P3:0.626 P4:0.626 STATE:IDLE
[2026-05-11 19:01:52Z] CHK MOM:0.24% RANGE:0.24% UP:15.38% SPREAD:0.32% BID:0.625 ASK:0.627 MID:0.626 P1:0.626 P2:0.626 P3:0.626 P4:0.626 STATE:IDLE
[2026-05-11 19:01:52Z] CHK MOM:0.15% RANGE:0.15% UP:15.38% SPREAD:0.1597444% BID:0.626 ASK:0.627 MID:0.6265 P1:0.6265 P2:0.626 P3:0.626 P4:0.626 STATE:IDLE
[2026-05-11 19:01:53Z] CHK MOM:0.15% RANGE:0.15% UP:15.38% SPREAD:0.1597444% BID:0.626 ASK:0.627 MID:0.6265 P1:0.6265 P2:0.6265 P3:0.626 P4:0.626 STATE:IDLE
[2026-05-11 19:01:54Z] CHK MOM:0.15% RANGE:0.15% UP:16.66% SPREAD:0.1597444% BID:0.626 ASK:0.627 MID:0.6265 P1:0.6265 P2:0.6265 P3:0.6265 P4:0.626 STATE:IDLE
[2026-05-11 19:01:54Z] CHK MOM:0.15% RANGE:0.15% UP:16.66% SPREAD:0.1597444% BID:0.626 ASK:0.627 MID:0.6265 P1:0.6265 P2:0.6265 P3:0.6265 P4:0.626 STATE:IDLE
[2026-05-11 19:01:55Z] CHK MOM:0.15% RANGE:0.15% UP:16.66% SPREAD:0.1597444% BID:0.626 ASK:0.627 MID:0.6265 P1:0.6265 P2:0.6265 P3:0.6265 P4:0.6265 STATE:IDLE
[2026-05-11 19:01:55Z] CHK MOM:0.15% RANGE:0.15% UP:16.66% SPREAD:0.1597444% BID:0.626 ASK:0.627 MID:0.6265 P1:0.6265 P2:0.6265 P3:0.6265 P4:0.6265 STATE:IDLE
[2026-05-11 19:01:56Z] CHK MOM:0.15% RANGE:0.15% UP:15.38% SPREAD:0.1597444% BID:0.626 ASK:0.627 MID:0.6265 P1:0.6265 P2:0.6265 P3:0.6265 P4:0.6265 STATE:IDLE
[2026-05-11 19:01:56Z] CHK MOM:0.15% RANGE:0.15% UP:15.38% SPREAD:0.1597444% BID:0.626 ASK:0.627 MID:0.6265 P1:0.6265 P2:0.6265 P3:0.6265 P4:0.6265 STATE:IDLE
[2026-05-11 19:01:57Z] CHK MOM:0.15% RANGE:0.15% UP:16.66% SPREAD:0.1597444% BID:0.626 ASK:0.627 MID:0.6265 P1:0.6265 P2:0.6265 P3:0.6265 P4:0.6265 STATE:IDLE
[2026-05-11 19:01:57Z] CHK MOM:0.15% RANGE:0.15% UP:16.66% SPREAD:0.1597444% BID:0.626 ASK:0.627 MID:0.6265 P1:0.6265 P2:0.6265 P3:0.6265 P4:0.6265 STATE:IDLE
[2026-05-11 19:01:58Z] CHK MOM:0.15% RANGE:0.15% UP:16.66% SPREAD:0.1597444% BID:0.626 ASK:0.627 MID:0.6265 P1:0.6265 P2:0.6265 P3:0.6265 P4:0.6265 STATE:IDLE
[2026-05-11 19:01:59Z] CHK MOM:0.15% RANGE:0.15% UP:16.66% SPREAD:0.1597444% BID:0.626 ASK:0.627 MID:0.6265 P1:0.6265 P2:0.6265 P3:0.6265 P4:0.6265 STATE:IDLE
[2026-05-11 19:01:59Z] CHK MOM:0.07% RANGE:0.07% UP:9.09% SPREAD:0.1597444% BID:0.626 ASK:0.627 MID:0.6265 P1:0.6265 P2:0.6265 P3:0.6265 P4:0.6265 STATE:IDLE
[2026-05-11 19:02:00Z] CHK MOM:0.07% RANGE:0.07% UP:9.09% SPREAD:0.1597444% BID:0.626 ASK:0.627 MID:0.6265 P1:0.6265 P2:0.6265 P3:0.6265 P4:0.6265 STATE:IDLE
[2026-05-11 19:02:00Z] CHK MOM:0.07% RANGE:0.07% UP:8.33% SPREAD:0.1597444% BID:0.626 ASK:0.627 MID:0.6265 P1:0.6265 P2:0.6265 P3:0.6265 P4:0.6265 STATE:IDLE
[2026-05-11 19:02:01Z] CHK MOM:0.07% RANGE:0.07% UP:7.69% SPREAD:0.1597444% BID:0.626 ASK:0.627 MID:0.6265 P1:0.6265 P2:0.6265 P3:0.6265 P4:0.6265 STATE:IDLE
[2026-05-11 19:02:01Z] CHK MOM:0.07% RANGE:0.07% UP:8.33% SPREAD:0.1597444% BID:0.626 ASK:0.627 MID:0.6265 P1:0.6265 P2:0.6265 P3:0.6265 P4:0.6265 STATE:IDLE
[2026-05-11 19:02:02Z] CHK MOM:0.07% RANGE:0.07% UP:8.33% SPREAD:0.1597444% BID:0.626 ASK:0.627 MID:0.6265 P1:0.6265 P2:0.6265 P3:0.6265 P4:0.6265 STATE:IDLE
[2026-05-11 19:02:02Z] CHK MOM:0.07% RANGE:0.07% UP:7.69% SPREAD:0.1597444% BID:0.626 ASK:0.627 MID:0.6265 P1:0.6265 P2:0.6265 P3:0.6265 P4:0.6265 STATE:IDLE
[2026-05-11 19:02:03Z] CHK MOM:0.07% RANGE:0.07% UP:7.69% SPREAD:0.1597444% BID:0.626 ASK:0.627 MID:0.6265 P1:0.6265 P2:0.6265 P3:0.6265 P4:0.6265 STATE:IDLE
[2026-05-11 19:02:04Z] CHK MOM:0% RANGE:0% UP:0% SPREAD:0.1597444% BID:0.626 ASK:0.627 MID:0.6265 P1:0.6265 P2:0.6265 P3:0.6265 P4:0.6265 STATE:IDLE
[2026-05-11 19:02:04Z] CHK MOM:0% RANGE:0% UP:0% SPREAD:0.1597444% BID:0.626 ASK:0.627 MID:0.6265 P1:0.6265 P2:0.6265 P3:0.6265 P4:0.6265 STATE:IDLE
[2026-05-11 19:02:05Z] CHK MOM:0% RANGE:0% UP:0% SPREAD:0.1597444% BID:0.626 ASK:0.627 MID:0.6265 P1:0.6265 P2:0.6265 P3:0.6265 P4:0.6265 STATE:IDLE
[2026-05-11 19:02:05Z] CHK MOM:0% RANGE:0% UP:0% SPREAD:0.1597444% BID:0.626 ASK:0.627 MID:0.6265 P1:0.6265 P2:0.6265 P3:0.6265 P4:0.6265 STATE:IDLE
[2026-05-11 19:02:06Z] CHK MOM:0% RANGE:0% UP:0% SPREAD:0.1597444% BID:0.626 ASK:0.627 MID:0.6265 P1:0.6265 P2:0.6265 P3:0.6265 P4:0.6265 STATE:IDLE
[2026-05-11 19:02:06Z] CHK MOM:0% RANGE:0% UP:0% SPREAD:0.1597444% BID:0.626 ASK:0.627 MID:0.6265 P1:0.6265 P2:0.6265 P3:0.6265 P4:0.6265 STATE:IDLE
[2026-05-11 19:02:07Z] CHK MOM:0% RANGE:0% UP:0% SPREAD:0.1597444% BID:0.626 ASK:0.627 MID:0.6265 P1:0.6265 P2:0.6265 P3:0.6265 P4:0.6265 STATE:IDLE
[2026-05-11 19:02:07Z] CHK MOM:0% RANGE:0% UP:0% SPREAD:0.1597444% BID:0.626 ASK:0.627 MID:0.6265 P1:0.6265 P2:0.6265 P3:0.6265 P4:0.6265 STATE:IDLE
[2026-05-11 19:02:08Z] CHK MOM:0% RANGE:0% UP:0% SPREAD:0.1597444% BID:0.626 ASK:0.627 MID:0.6265 P1:0.6265 P2:0.6265 P3:0.6265 P4:0.6265 STATE:IDLE
