[2026-05-11 16:07:53Z] SESSION_START symbol=SEIUSDC dry_run=0 profile=major strategy=momentum base_url=https://api.binance.com
[2026-05-11 16:07:53Z] TOXIC_MEMORY_LOADED count=4 symbols=GUNUSDC,JTOUSDC,ORDIUSDC,SAHARAUSDC
[2026-05-11 16:07:55Z] CHK MOM:0% RANGE:0% UP:0% SPREAD:0.06585879% BID:0.07592 ASK:0.07597 MID:0.075945 P1:0.075945 P2:NA P3:NA P4:NA STATE:IDLE
[2026-05-11 16:07:55Z] CHK MOM:0% RANGE:0% UP:100% SPREAD:0.0526801% BID:0.07593 ASK:0.07597 MID:0.07594999 P1:0.07594999 P2:0.075945 P3:NA P4:NA STATE:IDLE
[2026-05-11 16:07:56Z] CHK MOM:0% RANGE:0% UP:50% SPREAD:0.03951007% BID:0.07593 ASK:0.07596 MID:0.075945 P1:0.075945 P2:0.07594999 P3:0.075945 P4:NA STATE:IDLE
[2026-05-11 16:07:56Z] CHK MOM:0% RANGE:0.01% UP:33.33% SPREAD:0.05268703% BID:0.07592 ASK:0.07596 MID:0.07594 P1:0.07594 P2:0.075945 P3:0.07594999 P4:0.075945 STATE:IDLE
[2026-05-11 16:07:57Z] CHK MOM:0% RANGE:0.01% UP:50% SPREAD:0.07903055% BID:0.07592 ASK:0.07598 MID:0.07595 P1:0.07595 P2:0.07594 P3:0.075945 P4:0.07594999 STATE:IDLE
[2026-05-11 16:07:57Z] CHK MOM:0.03% RANGE:0.03% UP:60% SPREAD:0.07900974% BID:0.07594 ASK:0.076 MID:0.07597 P1:0.07597 P2:0.07595 P3:0.07594 P4:0.075945 STATE:IDLE
[2026-05-11 16:07:58Z] CHK MOM:0.05% RANGE:0.05% UP:66.66% SPREAD:0.11851461% BID:0.07594 ASK:0.07603 MID:0.075985 P1:0.075985 P2:0.07597 P3:0.07595 P4:0.07594 STATE:IDLE
[2026-05-11 16:07:58Z] CHK MOM:0.07% RANGE:0.08% UP:71.42% SPREAD:0.06580679% BID:0.07598 ASK:0.07603 MID:0.076005 P1:0.076005 P2:0.075985 P3:0.07597 P4:0.07595 STATE:IDLE
[2026-05-11 16:07:59Z] CHK MOM:0.07% RANGE:0.08% UP:62.5% SPREAD:0.06580679% BID:0.07598 ASK:0.07603 MID:0.076005 P1:0.076005 P2:0.076005 P3:0.075985 P4:0.07597 STATE:IDLE
[2026-05-11 16:07:59Z] CHK MOM:0.07% RANGE:0.08% UP:55.55% SPREAD:0.06580679% BID:0.07598 ASK:0.07603 MID:0.076005 P1:0.076005 P2:0.076005 P3:0.076005 P4:0.075985 STATE:IDLE
[2026-05-11 16:08:00Z] CHK MOM:0.07% RANGE:0.08% UP:50% SPREAD:0.06580679% BID:0.07598 ASK:0.07603 MID:0.076005 P1:0.076005 P2:0.076005 P3:0.076005 P4:0.076005 STATE:IDLE
[2026-05-11 16:08:01Z] CHK MOM:0.03% RANGE:0.08% UP:45.45% SPREAD:0.09217803% BID:0.07594 ASK:0.07601 MID:0.07597499 P1:0.07597499 P2:0.076005 P3:0.076005 P4:0.076005 STATE:IDLE
[2026-05-11 16:08:01Z] CHK MOM:0.03% RANGE:0.08% UP:50% SPREAD:0.06583278% BID:0.07595 ASK:0.076 MID:0.075975 P1:0.075975 P2:0.07597499 P3:0.076005 P4:0.076005 STATE:IDLE
[2026-05-11 16:08:02Z] CHK MOM:0.03% RANGE:0.08% UP:50% SPREAD:0.06583278% BID:0.07595 ASK:0.076 MID:0.075975 P1:0.075975 P2:0.07597499 P3:0.076005 P4:0.076005 STATE:IDLE
[2026-05-11 16:08:02Z] CHK MOM:0.03% RANGE:0.08% UP:50% SPREAD:0.06583278% BID:0.07595 ASK:0.076 MID:0.075975 P1:0.075975 P2:0.07597499 P3:0.076005 P4:0.076005 STATE:IDLE
[2026-05-11 16:08:03Z] CHK MOM:0.03% RANGE:0.08% UP:50% SPREAD:0.06583278% BID:0.07595 ASK:0.076 MID:0.075975 P1:0.075975 P2:0.07597499 P3:0.076005 P4:0.076005 STATE:IDLE
[2026-05-11 16:08:03Z] CHK MOM:0.03% RANGE:0.08% UP:50% SPREAD:0.06583278% BID:0.07595 ASK:0.076 MID:0.075975 P1:0.075975 P2:0.07597499 P3:0.076005 P4:0.076005 STATE:IDLE
[2026-05-11 16:08:04Z] CHK MOM:0.03% RANGE:0.08% UP:50% SPREAD:0.06583278% BID:0.07595 ASK:0.076 MID:0.075975 P1:0.075975 P2:0.07597499 P3:0.076005 P4:0.076005 STATE:IDLE
[2026-05-11 16:08:04Z] CHK MOM:0.03% RANGE:0.08% UP:46.15% SPREAD:0.07900974% BID:0.07594 ASK:0.076 MID:0.07597 P1:0.07597 P2:0.075975 P3:0.07597499 P4:0.076005 STATE:IDLE
[2026-05-11 16:08:05Z] CHK MOM:0.02% RANGE:0.08% UP:42.85% SPREAD:0.06584145% BID:0.07594 ASK:0.07599 MID:0.075965 P1:0.075965 P2:0.07597 P3:0.075975 P4:0.07597499 STATE:IDLE
[2026-05-11 16:08:06Z] CHK MOM:0.03% RANGE:0.08% UP:46.66% SPREAD:0.06583278% BID:0.07595 ASK:0.076 MID:0.075975 P1:0.075975 P2:0.075965 P3:0.07597 P4:0.075975 STATE:IDLE
[2026-05-11 16:08:06Z] CHK MOM:0.05% RANGE:0.08% UP:50% SPREAD:0.06582411% BID:0.07596 ASK:0.07601 MID:0.075985 P1:0.075985 P2:0.075975 P3:0.075965 P4:0.07597 STATE:IDLE
[2026-05-11 16:08:07Z] CHK MOM:0.05% RANGE:0.08% UP:50% SPREAD:0.06582411% BID:0.07596 ASK:0.07601 MID:0.075985 P1:0.075985 P2:0.075975 P3:0.075965 P4:0.07597 STATE:IDLE
[2026-05-11 16:08:07Z] CHK MOM:0.04% RANGE:0.08% UP:46.66% SPREAD:0.05265929% BID:0.07596 ASK:0.076 MID:0.07597999 P1:0.07597999 P2:0.075985 P3:0.075975 P4:0.075965 STATE:IDLE
[2026-05-11 16:08:08Z] CHK MOM:0.05% RANGE:0.08% UP:50% SPREAD:0.06582411% BID:0.07596 ASK:0.07601 MID:0.075985 P1:0.075985 P2:0.07597999 P3:0.075985 P4:0.075975 STATE:IDLE
[2026-05-11 16:08:08Z] CHK MOM:0.05% RANGE:0.08% UP:50% SPREAD:0.06582411% BID:0.07596 ASK:0.07601 MID:0.075985 P1:0.075985 P2:0.07597999 P3:0.075985 P4:0.075975 STATE:IDLE
[2026-05-11 16:08:09Z] CHK MOM:0.03% RANGE:0.07% UP:46.66% SPREAD:0.05265929% BID:0.07596 ASK:0.076 MID:0.07597999 P1:0.07597999 P2:0.075985 P3:0.07597999 P4:0.075985 STATE:IDLE
[2026-05-11 16:08:09Z] CHK MOM:0.02% RANGE:0.07% UP:43.75% SPREAD:0.05266622% BID:0.07595 ASK:0.07599 MID:0.07597 P1:0.07597 P2:0.07597999 P3:0.075985 P4:0.07597999 STATE:IDLE
[2026-05-11 16:08:10Z] CHK MOM:0.02% RANGE:0.07% UP:43.75% SPREAD:0.05266622% BID:0.07595 ASK:0.07599 MID:0.07597 P1:0.07597 P2:0.07597999 P3:0.075985 P4:0.07597999 STATE:IDLE
[2026-05-11 16:08:10Z] CHK MOM:0.02% RANGE:0.07% UP:43.75% SPREAD:0.05266622% BID:0.07595 ASK:0.07599 MID:0.07597 P1:0.07597 P2:0.07597999 P3:0.075985 P4:0.07597999 STATE:IDLE
[2026-05-11 16:08:11Z] CHK MOM:-0.04% RANGE:0.05% UP:30.76% SPREAD:0.05266622% BID:0.07595 ASK:0.07599 MID:0.07597 P1:0.07597 P2:0.07597 P3:0.07597999 P4:0.075985 STATE:IDLE
[2026-05-11 16:08:12Z] CHK MOM:-0.04% RANGE:0.05% UP:30.76% SPREAD:0.05266622% BID:0.07595 ASK:0.07599 MID:0.07597 P1:0.07597 P2:0.07597 P3:0.07597999 P4:0.075985 STATE:IDLE
[2026-05-11 16:08:12Z] CHK MOM:-0.04% RANGE:0.05% UP:30.76% SPREAD:0.05266622% BID:0.07595 ASK:0.07599 MID:0.07597 P1:0.07597 P2:0.07597 P3:0.07597999 P4:0.075985 STATE:IDLE
[2026-05-11 16:08:13Z] CHK MOM:-0.04% RANGE:0.05% UP:30.76% SPREAD:0.05266622% BID:0.07595 ASK:0.07599 MID:0.07597 P1:0.07597 P2:0.07597 P3:0.07597999 P4:0.075985 STATE:IDLE
[2026-05-11 16:08:13Z] CHK MOM:-0.01% RANGE:0.03% UP:30% SPREAD:0.07902015% BID:0.07593 ASK:0.07599 MID:0.07596 P1:0.07596 P2:0.07597 P3:0.07597 P4:0.07597999 STATE:IDLE
[2026-05-11 16:08:14Z] CHK MOM:-0.03% RANGE:0.05% UP:30% SPREAD:0.09221446% BID:0.07591 ASK:0.07598 MID:0.075945 P1:0.075945 P2:0.07596 P3:0.07597 P4:0.07597 STATE:IDLE
[2026-05-11 16:08:14Z] CHK MOM:-0.02% RANGE:0.05% UP:36.36% SPREAD:0.0526801% BID:0.07593 ASK:0.07597 MID:0.07594999 P1:0.07594999 P2:0.075945 P3:0.07596 P4:0.07597 STATE:IDLE
[2026-05-11 16:08:15Z] CHK MOM:-0.01% RANGE:0.05% UP:41.66% SPREAD:0.03950487% BID:0.07594 ASK:0.07597 MID:0.075955 P1:0.075955 P2:0.07594999 P3:0.075945 P4:0.07596 STATE:IDLE
[2026-05-11 16:08:15Z] CHK MOM:-0.01% RANGE:0.05% UP:38.46% SPREAD:0.03950487% BID:0.07594 ASK:0.07597 MID:0.075955 P1:0.075955 P2:0.075955 P3:0.07594999 P4:0.075945 STATE:IDLE
[2026-05-11 16:08:16Z] CHK MOM:-0.01% RANGE:0.05% UP:38.46% SPREAD:0.03950487% BID:0.07594 ASK:0.07597 MID:0.075955 P1:0.075955 P2:0.075955 P3:0.07594999 P4:0.075945 STATE:IDLE
[2026-05-11 16:08:17Z] CHK MOM:-0.01% RANGE:0.05% UP:35.71% SPREAD:0.03950487% BID:0.07594 ASK:0.07597 MID:0.075955 P1:0.075955 P2:0.075955 P3:0.075955 P4:0.07594999 STATE:IDLE
[2026-05-11 16:08:17Z] CHK MOM:-0.01% RANGE:0.05% UP:35.71% SPREAD:0.03950487% BID:0.07594 ASK:0.07597 MID:0.075955 P1:0.075955 P2:0.075955 P3:0.075955 P4:0.07594999 STATE:IDLE
[2026-05-11 16:08:18Z] CHK MOM:-0.01% RANGE:0.05% UP:35.71% SPREAD:0.03950487% BID:0.07594 ASK:0.07597 MID:0.075955 P1:0.075955 P2:0.075955 P3:0.075955 P4:0.07594999 STATE:IDLE
[2026-05-11 16:08:18Z] CHK MOM:-0.01% RANGE:0.05% UP:35.71% SPREAD:0.03950487% BID:0.07594 ASK:0.07597 MID:0.075955 P1:0.075955 P2:0.075955 P3:0.075955 P4:0.07594999 STATE:IDLE
[2026-05-11 16:08:19Z] CHK MOM:-0.01% RANGE:0.05% UP:35.71% SPREAD:0.03950487% BID:0.07594 ASK:0.07597 MID:0.075955 P1:0.075955 P2:0.075955 P3:0.075955 P4:0.07594999 STATE:IDLE
[2026-05-11 16:08:19Z] CHK MOM:-0.31% RANGE:0.31% UP:20% SPREAD:0.14532963% BID:0.07569 ASK:0.0758 MID:0.075745 P1:0.075745 P2:0.075955 P3:0.075955 P4:0.075955 STATE:IDLE
[2026-05-11 16:08:20Z] CHK MOM:-0.3% RANGE:0.31% UP:20% SPREAD:0.14532963% BID:0.07569 ASK:0.0758 MID:0.075745 P1:0.075745 P2:0.075745 P3:0.075955 P4:0.075955 STATE:IDLE
[2026-05-11 16:08:20Z] CHK MOM:-0.26% RANGE:0.31% UP:27.27% SPREAD:0.14527205% BID:0.07572 ASK:0.07583 MID:0.075775 P1:0.075775 P2:0.075745 P3:0.075745 P4:0.075955 STATE:IDLE
[2026-05-11 16:08:21Z] CHK MOM:-0.26% RANGE:0.31% UP:33.33% SPREAD:0.13204806% BID:0.07573 ASK:0.07583 MID:0.07578 P1:0.07578 P2:0.075775 P3:0.075745 P4:0.075745 STATE:IDLE
[2026-05-11 16:08:21Z] CHK MOM:-0.26% RANGE:0.31% UP:33.33% SPREAD:0.13204806% BID:0.07573 ASK:0.07583 MID:0.07578 P1:0.07578 P2:0.075775 P3:0.075745 P4:0.075745 STATE:IDLE
[2026-05-11 16:08:22Z] CHK MOM:-0.25% RANGE:0.29% UP:36.36% SPREAD:0.13204806% BID:0.07573 ASK:0.07583 MID:0.07578 P1:0.07578 P2:0.07578 P3:0.075775 P4:0.075745 STATE:IDLE
[2026-05-11 16:08:23Z] CHK MOM:-0.25% RANGE:0.29% UP:33.33% SPREAD:0.1056245% BID:0.07574 ASK:0.07582 MID:0.07578 P1:0.07578 P2:0.07578 P3:0.07578 P4:0.075775 STATE:IDLE
[2026-05-11 16:08:23Z] CHK MOM:-0.24% RANGE:0.28% UP:33.33% SPREAD:0.11884325% BID:0.07573 ASK:0.07582 MID:0.075775 P1:0.075775 P2:0.07578 P3:0.07578 P4:0.07578 STATE:IDLE
[2026-05-11 16:08:24Z] CHK MOM:-0.25% RANGE:0.28% UP:30.76% SPREAD:0.10563845% BID:0.07573 ASK:0.07581 MID:0.07577 P1:0.07577 P2:0.075775 P3:0.07578 P4:0.07578 STATE:IDLE
[2026-05-11 16:08:24Z] CHK MOM:-0.26% RANGE:0.28% UP:28.57% SPREAD:0.06602403% BID:0.07573 ASK:0.07578 MID:0.075755 P1:0.075755 P2:0.07577 P3:0.075775 P4:0.07578 STATE:IDLE
[2026-05-11 16:08:25Z] CHK MOM:-0.17% RANGE:0.28% UP:33.33% SPREAD:0.06596306% BID:0.0758 ASK:0.07585 MID:0.075825 P1:0.075825 P2:0.075755 P3:0.07577 P4:0.075775 STATE:IDLE
[2026-05-11 16:08:25Z] CHK MOM:-0.15% RANGE:0.27% UP:33.33% SPREAD:0.06596306% BID:0.0758 ASK:0.07585 MID:0.075825 P1:0.075825 P2:0.075825 P3:0.075755 P4:0.07577 STATE:IDLE
[2026-05-11 16:08:26Z] CHK MOM:-0.17% RANGE:0.27% UP:31.25% SPREAD:0.10558268% BID:0.07577 ASK:0.07585 MID:0.07581 P1:0.07581 P2:0.075825 P3:0.075825 P4:0.075755 STATE:IDLE
[2026-05-11 16:08:26Z] CHK MOM:-0.21% RANGE:0.27% UP:20% SPREAD:0.13203063% BID:0.07574 ASK:0.07584 MID:0.07579 P1:0.07579 P2:0.07581 P3:0.075825 P4:0.075825 STATE:IDLE
[2026-05-11 16:08:27Z] CHK MOM:-0.26% RANGE:0.27% UP:20% SPREAD:0.0792393% BID:0.07572 ASK:0.07578 MID:0.07575 P1:0.07575 P2:0.07579 P3:0.07581 P4:0.075825 STATE:IDLE
[2026-05-11 16:08:28Z] CHK MOM:-0.26% RANGE:0.27% UP:20% SPREAD:0.0792393% BID:0.07572 ASK:0.07578 MID:0.07575 P1:0.07575 P2:0.07579 P3:0.07581 P4:0.075825 STATE:IDLE
[2026-05-11 16:08:28Z] CHK MOM:-0.26% RANGE:0.27% UP:20% SPREAD:0.0792393% BID:0.07572 ASK:0.07578 MID:0.07575 P1:0.07575 P2:0.07579 P3:0.07581 P4:0.075825 STATE:IDLE
[2026-05-11 16:08:29Z] CHK MOM:-0.26% RANGE:0.27% UP:20% SPREAD:0.0792393% BID:0.07572 ASK:0.07578 MID:0.07575 P1:0.07575 P2:0.07579 P3:0.07581 P4:0.075825 STATE:IDLE
[2026-05-11 16:08:29Z] CHK MOM:-0.26% RANGE:0.27% UP:20% SPREAD:0.0792393% BID:0.07572 ASK:0.07578 MID:0.07575 P1:0.07575 P2:0.07579 P3:0.07581 P4:0.075825 STATE:IDLE
[2026-05-11 16:08:31Z] CHK MOM:-0.01% RANGE:0.12% UP:21.42% SPREAD:0.10569427% BID:0.07569 ASK:0.07577 MID:0.07572999 P1:0.07572999 P2:0.07575 P3:0.07579 P4:0.07581 STATE:IDLE
[2026-05-11 16:08:32Z] CHK MOM:-0.02% RANGE:0.13% UP:21.42% SPREAD:0.09248249% BID:0.07569 ASK:0.07576 MID:0.07572499 P1:0.07572499 P2:0.07572999 P3:0.07575 P4:0.07579 STATE:IDLE
[2026-05-11 16:08:32Z] CHK MOM:-0.07% RANGE:0.13% UP:7.69% SPREAD:0.0792707% BID:0.07569 ASK:0.07575 MID:0.07572 P1:0.07572 P2:0.07572499 P3:0.07572999 P4:0.07575 STATE:IDLE
[2026-05-11 16:08:33Z] CHK MOM:-0.07% RANGE:0.13% UP:7.69% SPREAD:0.0792707% BID:0.07569 ASK:0.07575 MID:0.07572 P1:0.07572 P2:0.07572499 P3:0.07572999 P4:0.07575 STATE:IDLE
[2026-05-11 16:08:34Z] CHK MOM:-0.07% RANGE:0.13% UP:7.69% SPREAD:0.0792707% BID:0.07569 ASK:0.07575 MID:0.07572 P1:0.07572 P2:0.07572499 P3:0.07572999 P4:0.07575 STATE:IDLE
[2026-05-11 16:08:34Z] CHK MOM:-0.12% RANGE:0.18% UP:8.33% SPREAD:0.06608511% BID:0.07566 ASK:0.07571 MID:0.075685 P1:0.075685 P2:0.07572 P3:0.07572499 P4:0.07572999 STATE:IDLE
[2026-05-11 16:08:35Z] CHK MOM:-0.12% RANGE:0.18% UP:8.33% SPREAD:0.06608511% BID:0.07566 ASK:0.07571 MID:0.075685 P1:0.075685 P2:0.07572 P3:0.07572499 P4:0.07572999 STATE:IDLE
[2026-05-11 16:08:35Z] CHK MOM:-0.12% RANGE:0.18% UP:8.33% SPREAD:0.06608511% BID:0.07566 ASK:0.07571 MID:0.075685 P1:0.075685 P2:0.07572 P3:0.07572499 P4:0.07572999 STATE:IDLE
[2026-05-11 16:08:36Z] CHK MOM:-0.12% RANGE:0.18% UP:8.33% SPREAD:0.06608511% BID:0.07566 ASK:0.07571 MID:0.075685 P1:0.075685 P2:0.07572 P3:0.07572499 P4:0.07572999 STATE:IDLE
[2026-05-11 16:08:36Z] CHK MOM:-0.16% RANGE:0.18% UP:11.11% SPREAD:0.10573618% BID:0.07566 ASK:0.07574 MID:0.0757 P1:0.0757 P2:0.075685 P3:0.07572 P4:0.07572499 STATE:IDLE
[2026-05-11 16:08:37Z] CHK MOM:-0.15% RANGE:0.18% UP:22.22% SPREAD:0.09250693% BID:0.07567 ASK:0.07574 MID:0.075705 P1:0.075705 P2:0.0757 P3:0.075685 P4:0.07572 STATE:IDLE
[2026-05-11 16:08:37Z] CHK MOM:-0.15% RANGE:0.18% UP:22.22% SPREAD:0.09250693% BID:0.07567 ASK:0.07574 MID:0.075705 P1:0.075705 P2:0.0757 P3:0.075685 P4:0.07572 STATE:IDLE
[2026-05-11 16:08:38Z] CHK MOM:-0.15% RANGE:0.18% UP:22.22% SPREAD:0.09250693% BID:0.07567 ASK:0.07574 MID:0.075705 P1:0.075705 P2:0.0757 P3:0.075685 P4:0.07572 STATE:IDLE
[2026-05-11 16:08:39Z] CHK MOM:-0.15% RANGE:0.18% UP:22.22% SPREAD:0.09250693% BID:0.07567 ASK:0.07574 MID:0.075705 P1:0.075705 P2:0.0757 P3:0.075685 P4:0.07572 STATE:IDLE
[2026-05-11 16:08:39Z] CHK MOM:-0.02% RANGE:0.05% UP:50% SPREAD:0.07928118% BID:0.07568 ASK:0.07574 MID:0.07571 P1:0.07571 P2:0.075705 P3:0.0757 P4:0.075685 STATE:IDLE
[2026-05-11 16:08:40Z] CHK MOM:-0.02% RANGE:0.05% UP:50% SPREAD:0.07928118% BID:0.07568 ASK:0.07574 MID:0.07571 P1:0.07571 P2:0.075705 P3:0.0757 P4:0.075685 STATE:IDLE
[2026-05-11 16:08:40Z] CHK MOM:-0.02% RANGE:0.05% UP:50% SPREAD:0.07928118% BID:0.07568 ASK:0.07574 MID:0.07571 P1:0.07571 P2:0.075705 P3:0.0757 P4:0.075685 STATE:IDLE
[2026-05-11 16:08:41Z] CHK MOM:-0.01% RANGE:0.05% UP:57.14% SPREAD:0.09249471% BID:0.07568 ASK:0.07575 MID:0.075715 P1:0.075715 P2:0.07571 P3:0.075705 P4:0.0757 STATE:IDLE
[2026-05-11 16:08:41Z] CHK MOM:-0.01% RANGE:0.05% UP:57.14% SPREAD:0.09249471% BID:0.07568 ASK:0.07575 MID:0.075715 P1:0.075715 P2:0.07571 P3:0.075705 P4:0.0757 STATE:IDLE
[2026-05-11 16:08:42Z] CHK MOM:-0.01% RANGE:0.05% UP:57.14% SPREAD:0.09249471% BID:0.07568 ASK:0.07575 MID:0.075715 P1:0.075715 P2:0.07571 P3:0.075705 P4:0.0757 STATE:IDLE
[2026-05-11 16:08:42Z] CHK MOM:-0.03% RANGE:0.05% UP:50% SPREAD:0.07929166% BID:0.07567 ASK:0.07573 MID:0.0757 P1:0.0757 P2:0.075715 P3:0.07571 P4:0.075705 STATE:IDLE
[2026-05-11 16:08:43Z] CHK MOM:-0.03% RANGE:0.05% UP:50% SPREAD:0.07929166% BID:0.07567 ASK:0.07573 MID:0.0757 P1:0.0757 P2:0.075715 P3:0.07571 P4:0.075705 STATE:IDLE
[2026-05-11 16:08:44Z] CHK MOM:-0.01% RANGE:0.05% UP:62.5% SPREAD:0.09249471% BID:0.07568 ASK:0.07575 MID:0.075715 P1:0.075715 P2:0.0757 P3:0.075715 P4:0.07571 STATE:IDLE
[2026-05-11 16:08:44Z] CHK MOM:0% RANGE:0.04% UP:62.5% SPREAD:0.06605892% BID:0.07569 ASK:0.07574 MID:0.075715 P1:0.075715 P2:0.075715 P3:0.0757 P4:0.075715 STATE:IDLE
[2026-05-11 16:08:45Z] CHK MOM:0% RANGE:0.04% UP:62.5% SPREAD:0.06605892% BID:0.07569 ASK:0.07574 MID:0.075715 P1:0.075715 P2:0.075715 P3:0.0757 P4:0.075715 STATE:IDLE
[2026-05-11 16:08:45Z] CHK MOM:0% RANGE:0.04% UP:62.5% SPREAD:0.06605892% BID:0.07569 ASK:0.07574 MID:0.075715 P1:0.075715 P2:0.075715 P3:0.0757 P4:0.075715 STATE:IDLE
[2026-05-11 16:08:46Z] CHK MOM:0% RANGE:0.04% UP:62.5% SPREAD:0.06605892% BID:0.07569 ASK:0.07574 MID:0.075715 P1:0.075715 P2:0.075715 P3:0.0757 P4:0.075715 STATE:IDLE
[2026-05-11 16:08:46Z] CHK MOM:0.01% RANGE:0.01% UP:57.14% SPREAD:0.06605892% BID:0.07569 ASK:0.07574 MID:0.075715 P1:0.075715 P2:0.075715 P3:0.075715 P4:0.0757 STATE:IDLE
[2026-05-11 16:08:47Z] CHK MOM:0.01% RANGE:0.01% UP:57.14% SPREAD:0.06605892% BID:0.07569 ASK:0.07574 MID:0.075715 P1:0.075715 P2:0.075715 P3:0.075715 P4:0.0757 STATE:IDLE
[2026-05-11 16:08:47Z] CHK MOM:0.01% RANGE:0.01% UP:57.14% SPREAD:0.06605892% BID:0.07569 ASK:0.07574 MID:0.075715 P1:0.075715 P2:0.075715 P3:0.075715 P4:0.0757 STATE:IDLE
[2026-05-11 16:08:48Z] CHK MOM:0.01% RANGE:0.01% UP:57.14% SPREAD:0.06605892% BID:0.07569 ASK:0.07574 MID:0.075715 P1:0.075715 P2:0.075715 P3:0.075715 P4:0.0757 STATE:IDLE
[2026-05-11 16:08:48Z] CHK MOM:0.01% RANGE:0.01% UP:57.14% SPREAD:0.06605892% BID:0.07569 ASK:0.07574 MID:0.075715 P1:0.075715 P2:0.075715 P3:0.075715 P4:0.0757 STATE:IDLE
[2026-05-11 16:08:49Z] CHK MOM:0.01% RANGE:0.01% UP:57.14% SPREAD:0.06605892% BID:0.07569 ASK:0.07574 MID:0.075715 P1:0.075715 P2:0.075715 P3:0.075715 P4:0.0757 STATE:IDLE
[2026-05-11 16:08:50Z] CHK MOM:0.02% RANGE:0.03% UP:50% SPREAD:0.07926023% BID:0.0757 ASK:0.07576 MID:0.07572999 P1:0.07572999 P2:0.075715 P3:0.075715 P4:0.075715 STATE:IDLE
[2026-05-11 16:08:50Z] CHK MOM:0.05% RANGE:0.07% UP:57.14% SPREAD:0.11887465% BID:0.07571 ASK:0.0758 MID:0.075755 P1:0.075755 P2:0.07572999 P3:0.075715 P4:0.075715 STATE:IDLE
[2026-05-11 16:08:51Z] CHK MOM:0.08% RANGE:0.09% UP:62.5% SPREAD:0.09242144% BID:0.07574 ASK:0.07581 MID:0.075775 P1:0.075775 P2:0.075755 P3:0.07572999 P4:0.075715 STATE:IDLE
[2026-05-11 16:08:51Z] CHK MOM:0.11% RANGE:0.13% UP:66.66% SPREAD:0.07918701% BID:0.07577 ASK:0.07583 MID:0.0758 P1:0.0758 P2:0.075775 P3:0.075755 P4:0.07572999 STATE:IDLE
[2026-05-11 16:08:52Z] CHK MOM:0.11% RANGE:0.13% UP:66.66% SPREAD:0.07918701% BID:0.07577 ASK:0.07583 MID:0.0758 P1:0.0758 P2:0.075775 P3:0.075755 P4:0.07572999 STATE:IDLE
[2026-05-11 16:08:52Z] CHK MOM:0.11% RANGE:0.13% UP:66.66% SPREAD:0.07918701% BID:0.07577 ASK:0.07583 MID:0.0758 P1:0.0758 P2:0.075775 P3:0.075755 P4:0.07572999 STATE:IDLE
[2026-05-11 16:08:53Z] CHK MOM:0.11% RANGE:0.13% UP:66.66% SPREAD:0.07918701% BID:0.07577 ASK:0.07583 MID:0.0758 P1:0.0758 P2:0.075775 P3:0.075755 P4:0.07572999 STATE:IDLE
[2026-05-11 16:08:53Z] CHK MOM:0.11% RANGE:0.13% UP:66.66% SPREAD:0.07918701% BID:0.07577 ASK:0.07583 MID:0.0758 P1:0.0758 P2:0.075775 P3:0.075755 P4:0.07572999 STATE:IDLE
[2026-05-11 16:08:54Z] CHK MOM:0.13% RANGE:0.13% UP:62.5% SPREAD:0.07918701% BID:0.07577 ASK:0.07583 MID:0.0758 P1:0.0758 P2:0.0758 P3:0.075775 P4:0.075755 STATE:IDLE
[2026-05-11 16:08:55Z] CHK MOM:0.1% RANGE:0.11% UP:50% SPREAD:0.06598917% BID:0.07577 ASK:0.07582 MID:0.075795 P1:0.075795 P2:0.0758 P3:0.0758 P4:0.075775 STATE:IDLE
[2026-05-11 16:08:55Z] CHK MOM:0.1% RANGE:0.11% UP:50% SPREAD:0.06598917% BID:0.07577 ASK:0.07582 MID:0.075795 P1:0.075795 P2:0.0758 P3:0.0758 P4:0.075775 STATE:IDLE
[2026-05-11 16:08:56Z] CHK MOM:0.1% RANGE:0.11% UP:50% SPREAD:0.06598917% BID:0.07577 ASK:0.07582 MID:0.075795 P1:0.075795 P2:0.0758 P3:0.0758 P4:0.075775 STATE:IDLE
[2026-05-11 16:08:56Z] CHK MOM:0.1% RANGE:0.11% UP:50% SPREAD:0.06598917% BID:0.07577 ASK:0.07582 MID:0.075795 P1:0.075795 P2:0.0758 P3:0.0758 P4:0.075775 STATE:IDLE
[2026-05-11 16:08:57Z] CHK MOM:0.1% RANGE:0.11% UP:50% SPREAD:0.06598917% BID:0.07577 ASK:0.07582 MID:0.075795 P1:0.075795 P2:0.0758 P3:0.0758 P4:0.075775 STATE:IDLE
[2026-05-11 16:08:57Z] CHK MOM:0.11% RANGE:0.11% UP:71.42% SPREAD:0.07918701% BID:0.07577 ASK:0.07583 MID:0.0758 P1:0.0758 P2:0.075795 P3:0.0758 P4:0.0758 STATE:IDLE
[2026-05-11 16:08:58Z] CHK MOM:0.09% RANGE:0.11% UP:62.5% SPREAD:0.05279134% BID:0.07577 ASK:0.07581 MID:0.07579 P1:0.07579 P2:0.0758 P3:0.075795 P4:0.0758 STATE:IDLE
[2026-05-11 16:08:58Z] CHK MOM:0.09% RANGE:0.11% UP:62.5% SPREAD:0.05279134% BID:0.07577 ASK:0.07581 MID:0.07579 P1:0.07579 P2:0.0758 P3:0.075795 P4:0.0758 STATE:IDLE
[2026-05-11 16:08:59Z] CHK MOM:0.09% RANGE:0.09% UP:62.5% SPREAD:0.07918701% BID:0.07577 ASK:0.07583 MID:0.0758 P1:0.0758 P2:0.07579 P3:0.0758 P4:0.075795 STATE:IDLE
[2026-05-11 16:09:00Z] CHK MOM:0.09% RANGE:0.09% UP:62.5% SPREAD:0.07918701% BID:0.07577 ASK:0.07583 MID:0.0758 P1:0.0758 P2:0.07579 P3:0.0758 P4:0.075795 STATE:IDLE
[2026-05-11 16:09:00Z] CHK MOM:0.08% RANGE:0.09% UP:55.55% SPREAD:0.06598917% BID:0.07577 ASK:0.07582 MID:0.075795 P1:0.075795 P2:0.0758 P3:0.07579 P4:0.0758 STATE:IDLE
[2026-05-11 16:09:01Z] CHK MOM:0.09% RANGE:0.09% UP:60% SPREAD:0.07918701% BID:0.07577 ASK:0.07583 MID:0.0758 P1:0.0758 P2:0.075795 P3:0.0758 P4:0.07579 STATE:IDLE
[2026-05-11 16:09:01Z] CHK MOM:0.09% RANGE:0.09% UP:60% SPREAD:0.07918701% BID:0.07577 ASK:0.07583 MID:0.0758 P1:0.0758 P2:0.075795 P3:0.0758 P4:0.07579 STATE:IDLE
[2026-05-11 16:09:02Z] CHK MOM:0.09% RANGE:0.09% UP:60% SPREAD:0.07918701% BID:0.07577 ASK:0.07583 MID:0.0758 P1:0.0758 P2:0.075795 P3:0.0758 P4:0.07579 STATE:IDLE
[2026-05-11 16:09:02Z] CHK MOM:0.05% RANGE:0.05% UP:50% SPREAD:0.07918701% BID:0.07577 ASK:0.07583 MID:0.0758 P1:0.0758 P2:0.0758 P3:0.075795 P4:0.0758 STATE:IDLE
[2026-05-11 16:09:03Z] CHK MOM:0.05% RANGE:0.05% UP:50% SPREAD:0.07918701% BID:0.07577 ASK:0.07583 MID:0.0758 P1:0.0758 P2:0.0758 P3:0.075795 P4:0.0758 STATE:IDLE
[2026-05-11 16:09:03Z] CHK MOM:0.01% RANGE:0.02% UP:50% SPREAD:0.10558268% BID:0.07577 ASK:0.07585 MID:0.07581 P1:0.07581 P2:0.0758 P3:0.0758 P4:0.075795 STATE:IDLE
[2026-05-11 16:09:04Z] CHK MOM:-0.01% RANGE:0.02% UP:44.44% SPREAD:0.07919746% BID:0.07576 ASK:0.07582 MID:0.07579 P1:0.07579 P2:0.07581 P3:0.0758 P4:0.0758 STATE:IDLE
[2026-05-11 16:09:05Z] CHK MOM:0% RANGE:0.02% UP:50% SPREAD:0.09239704% BID:0.07576 ASK:0.07583 MID:0.075795 P1:0.075795 P2:0.07579 P3:0.07581 P4:0.0758 STATE:IDLE
[2026-05-11 16:09:05Z] CHK MOM:0% RANGE:0.02% UP:54.54% SPREAD:0.07918701% BID:0.07577 ASK:0.07583 MID:0.0758 P1:0.0758 P2:0.075795 P3:0.07579 P4:0.07581 STATE:IDLE
[2026-05-11 16:09:06Z] CHK MOM:0% RANGE:0.02% UP:54.54% SPREAD:0.07918701% BID:0.07577 ASK:0.07583 MID:0.0758 P1:0.0758 P2:0.075795 P3:0.07579 P4:0.07581 STATE:IDLE
[2026-05-11 16:09:06Z] CHK MOM:0% RANGE:0.02% UP:54.54% SPREAD:0.07918701% BID:0.07577 ASK:0.07583 MID:0.0758 P1:0.0758 P2:0.075795 P3:0.07579 P4:0.07581 STATE:IDLE
[2026-05-11 16:09:07Z] CHK MOM:0% RANGE:0.02% UP:54.54% SPREAD:0.07918701% BID:0.07577 ASK:0.07583 MID:0.0758 P1:0.0758 P2:0.075795 P3:0.07579 P4:0.07581 STATE:IDLE
[2026-05-11 16:09:07Z] CHK MOM:-0.11% RANGE:0.13% UP:50% SPREAD:0.05284713% BID:0.07569 ASK:0.07573 MID:0.07571 P1:0.07571 P2:0.0758 P3:0.075795 P4:0.07579 STATE:IDLE
[2026-05-11 16:09:08Z] CHK MOM:-0.15% RANGE:0.16% UP:45.45% SPREAD:0.06608511% BID:0.07566 ASK:0.07571 MID:0.075685 P1:0.075685 P2:0.07571 P3:0.0758 P4:0.075795 STATE:IDLE
[2026-05-11 16:09:08Z] CHK MOM:-0.17% RANGE:0.19% UP:41.66% SPREAD:0.03965631% BID:0.07565 ASK:0.07568 MID:0.075665 P1:0.075665 P2:0.075685 P3:0.07571 P4:0.0758 STATE:IDLE
[2026-05-11 16:09:09Z] CHK MOM:-0.17% RANGE:0.19% UP:46.15% SPREAD:0.02643404% BID:0.07566 ASK:0.07568 MID:0.07567 P1:0.07567 P2:0.075665 P3:0.075685 P4:0.07571 STATE:IDLE
[2026-05-11 16:09:09Z] CHK MOM:-0.16% RANGE:0.19% UP:46.15% SPREAD:0.03965631% BID:0.07565 ASK:0.07568 MID:0.075665 P1:0.075665 P2:0.07567 P3:0.075665 P4:0.075685 STATE:IDLE
[2026-05-11 16:09:10Z] CHK MOM:-0.21% RANGE:0.24% UP:42.85% SPREAD:0.06613756% BID:0.0756 ASK:0.07565 MID:0.075625 P1:0.075625 P2:0.075665 P3:0.07567 P4:0.075665 STATE:IDLE
[2026-05-11 16:09:11Z] CHK MOM:0.02% RANGE:0.25% UP:46.15% SPREAD:0.14519535% BID:0.07576 ASK:0.07587 MID:0.075815 P1:0.075815 P2:0.075625 P3:0.075665 P4:0.07567 STATE:IDLE
[2026-05-11 16:09:11Z] CHK MOM:0.01% RANGE:0.25% UP:42.85% SPREAD:0.15841584% BID:0.07575 ASK:0.07587 MID:0.07581 P1:0.07581 P2:0.075815 P3:0.075625 P4:0.075665 STATE:IDLE
[2026-05-11 16:09:12Z] CHK MOM:0% RANGE:0.25% UP:40% SPREAD:0.10561056% BID:0.07575 ASK:0.07583 MID:0.07579 P1:0.07579 P2:0.07581 P3:0.075815 P4:0.075625 STATE:IDLE
[2026-05-11 16:09:12Z] CHK MOM:0% RANGE:0.25% UP:43.75% SPREAD:0.07918701% BID:0.07577 ASK:0.07583 MID:0.0758 P1:0.0758 P2:0.07579 P3:0.07581 P4:0.075815 STATE:IDLE
[2026-05-11 16:09:13Z] CHK MOM:0% RANGE:0.25% UP:43.75% SPREAD:0.07918701% BID:0.07577 ASK:0.07583 MID:0.0758 P1:0.0758 P2:0.07579 P3:0.07581 P4:0.075815 STATE:IDLE
[2026-05-11 16:09:13Z] CHK MOM:0.03% RANGE:0.27% UP:46.66% SPREAD:0.07915567% BID:0.0758 ASK:0.07586 MID:0.07583 P1:0.07583 P2:0.0758 P3:0.07579 P4:0.07581 STATE:IDLE
[2026-05-11 16:09:14Z] CHK MOM:0.03% RANGE:0.27% UP:43.75% SPREAD:0.07915567% BID:0.0758 ASK:0.07586 MID:0.07583 P1:0.07583 P2:0.07583 P3:0.0758 P4:0.07579 STATE:IDLE
[2026-05-11 16:09:14Z] CHK MOM:0.03% RANGE:0.27% UP:43.75% SPREAD:0.07915567% BID:0.0758 ASK:0.07586 MID:0.07583 P1:0.07583 P2:0.07583 P3:0.0758 P4:0.07579 STATE:IDLE
[2026-05-11 16:09:15Z] CHK MOM:0.02% RANGE:0.27% UP:37.5% SPREAD:0.07915567% BID:0.0758 ASK:0.07586 MID:0.07583 P1:0.07583 P2:0.07583 P3:0.07583 P4:0.0758 STATE:IDLE
[2026-05-11 16:09:16Z] CHK MOM:0.03% RANGE:0.27% UP:41.17% SPREAD:0.09234828% BID:0.0758 ASK:0.07587 MID:0.075835 P1:0.075835 P2:0.07583 P3:0.07583 P4:0.07583 STATE:IDLE
[2026-05-11 16:09:16Z] CHK MOM:0.05% RANGE:0.28% UP:40% SPREAD:0.07914523% BID:0.07581 ASK:0.07587 MID:0.07584 P1:0.07584 P2:0.075835 P3:0.07583 P4:0.07583 STATE:IDLE
[2026-05-11 16:09:17Z] CHK MOM:0.07% RANGE:0.3% UP:43.75% SPREAD:0.03955696% BID:0.07584 ASK:0.07587 MID:0.075855 P1:0.075855 P2:0.07584 P3:0.075835 P4:0.07583 STATE:IDLE
[2026-05-11 16:09:17Z] CHK MOM:0.05% RANGE:0.3% UP:41.17% SPREAD:0.06594566% BID:0.07582 ASK:0.07587 MID:0.075845 P1:0.075845 P2:0.075855 P3:0.07584 P4:0.075835 STATE:IDLE
[2026-05-11 16:09:18Z] CHK MOM:0.17% RANGE:0.3% UP:41.17% SPREAD:0.07914523% BID:0.07581 ASK:0.07587 MID:0.07584 P1:0.07584 P2:0.075845 P3:0.075855 P4:0.07584 STATE:IDLE
[2026-05-11 16:09:18Z] CHK MOM:0.23% RANGE:0.35% UP:44.44% SPREAD:0.07909306% BID:0.07586 ASK:0.07592 MID:0.07589 P1:0.07589 P2:0.07584 P3:0.075845 P4:0.075855 STATE:IDLE
[2026-05-11 16:09:19Z] CHK MOM:0.23% RANGE:0.35% UP:44.44% SPREAD:0.07909306% BID:0.07586 ASK:0.07592 MID:0.07589 P1:0.07589 P2:0.07584 P3:0.075845 P4:0.075855 STATE:IDLE
[2026-05-11 16:09:19Z] CHK MOM:0.23% RANGE:0.35% UP:42.1% SPREAD:0.06591088% BID:0.07586 ASK:0.07591 MID:0.075885 P1:0.075885 P2:0.07589 P3:0.07584 P4:0.075845 STATE:IDLE
[2026-05-11 16:09:20Z] CHK MOM:0.26% RANGE:0.35% UP:42.1% SPREAD:0.06591088% BID:0.07586 ASK:0.07591 MID:0.075885 P1:0.075885 P2:0.075885 P3:0.07589 P4:0.07584 STATE:IDLE
[2026-05-11 16:09:20Z] CHK MOM:0.26% RANGE:0.35% UP:42.1% SPREAD:0.06591088% BID:0.07586 ASK:0.07591 MID:0.075885 P1:0.075885 P2:0.075885 P3:0.07589 P4:0.07584 STATE:IDLE
[2026-05-11 16:09:21Z] CHK MOM:0.26% RANGE:0.35% UP:42.1% SPREAD:0.06591088% BID:0.07586 ASK:0.07591 MID:0.075885 P1:0.075885 P2:0.075885 P3:0.07589 P4:0.07584 STATE:IDLE
[2026-05-11 16:09:22Z] CHK MOM:0.29% RANGE:0.35% UP:47.05% SPREAD:0.07909306% BID:0.07586 ASK:0.07592 MID:0.07589 P1:0.07589 P2:0.075885 P3:0.075885 P4:0.07589 STATE:IDLE
[2026-05-11 16:09:22Z] CHK MOM:0.29% RANGE:0.35% UP:47.05% SPREAD:0.07909306% BID:0.07586 ASK:0.07592 MID:0.07589 P1:0.07589 P2:0.075885 P3:0.075885 P4:0.07589 STATE:IDLE
[2026-05-11 16:09:23Z] CHK MOM:0.29% RANGE:0.35% UP:47.05% SPREAD:0.07909306% BID:0.07586 ASK:0.07592 MID:0.07589 P1:0.07589 P2:0.075885 P3:0.075885 P4:0.07589 STATE:IDLE
[2026-05-11 16:09:23Z] CHK MOM:0.29% RANGE:0.35% UP:47.05% SPREAD:0.07909306% BID:0.07586 ASK:0.07592 MID:0.07589 P1:0.07589 P2:0.075885 P3:0.075885 P4:0.07589 STATE:IDLE
[2026-05-11 16:09:24Z] CHK MOM:0.11% RANGE:0.11% UP:46.15% SPREAD:0.07909306% BID:0.07586 ASK:0.07592 MID:0.07589 P1:0.07589 P2:0.07589 P3:0.075885 P4:0.075885 STATE:IDLE
[2026-05-11 16:09:24Z] CHK MOM:0.08% RANGE:0.08% UP:46.15% SPREAD:0.0659022% BID:0.07587 ASK:0.07592 MID:0.075895 P1:0.075895 P2:0.07589 P3:0.07589 P4:0.075885 STATE:IDLE
[2026-05-11 16:09:25Z] CHK MOM:0.08% RANGE:0.08% UP:46.15% SPREAD:0.0659022% BID:0.07587 ASK:0.07592 MID:0.075895 P1:0.075895 P2:0.07589 P3:0.07589 P4:0.075885 STATE:IDLE
[2026-05-11 16:09:25Z] CHK MOM:0.08% RANGE:0.08% UP:46.15% SPREAD:0.0659022% BID:0.07587 ASK:0.07592 MID:0.075895 P1:0.075895 P2:0.07589 P3:0.07589 P4:0.075885 STATE:IDLE
[2026-05-11 16:09:26Z] CHK MOM:0.08% RANGE:0.08% UP:46.15% SPREAD:0.0659022% BID:0.07587 ASK:0.07592 MID:0.075895 P1:0.075895 P2:0.07589 P3:0.07589 P4:0.075885 STATE:IDLE
[2026-05-11 16:09:27Z] CHK MOM:0.11% RANGE:0.11% UP:58.33% SPREAD:0.06588483% BID:0.07589 ASK:0.07594 MID:0.075915 P1:0.075915 P2:0.075895 P3:0.07589 P4:0.07589 STATE:IDLE
[2026-05-11 16:09:27Z] CHK MOM:0.11% RANGE:0.11% UP:61.53% SPREAD:0.07906179% BID:0.07589 ASK:0.07595 MID:0.07592 P1:0.07592 P2:0.075915 P3:0.075895 P4:0.07589 STATE:IDLE
[2026-05-11 16:09:28Z] CHK MOM:0.11% RANGE:0.11% UP:61.53% SPREAD:0.07906179% BID:0.07589 ASK:0.07595 MID:0.07592 P1:0.07592 P2:0.075915 P3:0.075895 P4:0.07589 STATE:IDLE
[2026-05-11 16:09:28Z] CHK MOM:0.13% RANGE:0.13% UP:58.33% SPREAD:0.10540184% BID:0.0759 ASK:0.07598 MID:0.07594 P1:0.07594 P2:0.07592 P3:0.075915 P4:0.075895 STATE:IDLE
[2026-05-11 16:09:29Z] CHK MOM:0.12% RANGE:0.14% UP:58.33% SPREAD:0.07903055% BID:0.07592 ASK:0.07598 MID:0.07595 P1:0.07595 P2:0.07594 P3:0.07592 P4:0.075915 STATE:IDLE
[2026-05-11 16:09:29Z] CHK MOM:0.15% RANGE:0.16% UP:66.66% SPREAD:0.06584145% BID:0.07594 ASK:0.07599 MID:0.075965 P1:0.075965 P2:0.07595 P3:0.07594 P4:0.07592 STATE:IDLE
[2026-05-11 16:09:30Z] CHK MOM:0.15% RANGE:0.16% UP:66.66% SPREAD:0.06584145% BID:0.07594 ASK:0.07599 MID:0.075965 P1:0.075965 P2:0.07595 P3:0.07594 P4:0.07592 STATE:IDLE
[2026-05-11 16:09:30Z] CHK MOM:0.15% RANGE:0.16% UP:66.66% SPREAD:0.06584145% BID:0.07594 ASK:0.07599 MID:0.075965 P1:0.075965 P2:0.07595 P3:0.07594 P4:0.07592 STATE:IDLE
[2026-05-11 16:09:31Z] CHK MOM:0.12% RANGE:0.12% UP:80% SPREAD:0.05265929% BID:0.07596 ASK:0.076 MID:0.07597999 P1:0.07597999 P2:0.075965 P3:0.07595 P4:0.07594 STATE:IDLE
[2026-05-11 16:09:31Z] CHK MOM:0.11% RANGE:0.12% UP:72.72% SPREAD:0.05266622% BID:0.07595 ASK:0.07599 MID:0.07597 P1:0.07597 P2:0.07597999 P3:0.075965 P4:0.07595 STATE:IDLE
[2026-05-11 16:09:32Z] CHK MOM:0.11% RANGE:0.12% UP:72.72% SPREAD:0.05266622% BID:0.07595 ASK:0.07599 MID:0.07597 P1:0.07597 P2:0.07597999 P3:0.075965 P4:0.07595 STATE:IDLE
[2026-05-11 16:09:33Z] CHK MOM:0.07% RANGE:0.11% UP:70% SPREAD:0.07903055% BID:0.07592 ASK:0.07598 MID:0.07595 P1:0.07595 P2:0.07597 P3:0.07597999 P4:0.075965 STATE:IDLE
[2026-05-11 16:09:33Z] CHK MOM:0.07% RANGE:0.11% UP:70% SPREAD:0.07903055% BID:0.07592 ASK:0.07598 MID:0.07595 P1:0.07595 P2:0.07597 P3:0.07597999 P4:0.075965 STATE:IDLE
[2026-05-11 16:09:34Z] CHK MOM:0.07% RANGE:0.11% UP:70% SPREAD:0.07903055% BID:0.07592 ASK:0.07598 MID:0.07595 P1:0.07595 P2:0.07597 P3:0.07597999 P4:0.075965 STATE:IDLE
[2026-05-11 16:09:34Z] CHK MOM:0.09% RANGE:0.11% UP:80% SPREAD:0.06584145% BID:0.07594 ASK:0.07599 MID:0.075965 P1:0.075965 P2:0.07595 P3:0.07597 P4:0.07597999 STATE:IDLE
[2026-05-11 16:09:35Z] CHK MOM:0.09% RANGE:0.11% UP:80% SPREAD:0.06584145% BID:0.07594 ASK:0.07599 MID:0.075965 P1:0.075965 P2:0.07595 P3:0.07597 P4:0.07597999 STATE:IDLE
[2026-05-11 16:09:35Z] CHK MOM:0.1% RANGE:0.11% UP:81.81% SPREAD:0.05266622% BID:0.07595 ASK:0.07599 MID:0.07597 P1:0.07597 P2:0.075965 P3:0.07595 P4:0.07597 STATE:IDLE
[2026-05-11 16:09:36Z] CHK MOM:0.12% RANGE:0.12% UP:81.81% SPREAD:0.02632271% BID:0.07598 ASK:0.076 MID:0.07599 P1:0.07599 P2:0.07597 P3:0.075965 P4:0.07595 STATE:IDLE
[2026-05-11 16:09:36Z] CHK MOM:0.11% RANGE:0.12% UP:75% SPREAD:0.03948927% BID:0.07597 ASK:0.076 MID:0.075985 P1:0.075985 P2:0.07599 P3:0.07597 P4:0.075965 STATE:IDLE
[2026-05-11 16:09:37Z] CHK MOM:0.11% RANGE:0.12% UP:75% SPREAD:0.03948927% BID:0.07597 ASK:0.076 MID:0.075985 P1:0.075985 P2:0.07599 P3:0.07597 P4:0.075965 STATE:IDLE
[2026-05-11 16:09:38Z] CHK MOM:0.11% RANGE:0.12% UP:75% SPREAD:0.03948927% BID:0.07597 ASK:0.076 MID:0.075985 P1:0.075985 P2:0.07599 P3:0.07597 P4:0.075965 STATE:IDLE
[2026-05-11 16:09:38Z] CHK MOM:0.07% RANGE:0.09% UP:66.66% SPREAD:0.03949447% BID:0.07596 ASK:0.07599 MID:0.075975 P1:0.075975 P2:0.075985 P3:0.07599 P4:0.07597 STATE:IDLE
[2026-05-11 16:09:39Z] CHK MOM:0.04% RANGE:0.06% UP:54.54% SPREAD:0.03949447% BID:0.07596 ASK:0.07599 MID:0.075975 P1:0.075975 P2:0.075975 P3:0.075985 P4:0.07599 STATE:IDLE
[2026-05-11 16:09:39Z] CHK MOM:0.03% RANGE:0.06% UP:50% SPREAD:0.05266622% BID:0.07595 ASK:0.07599 MID:0.07597 P1:0.07597 P2:0.075975 P3:0.075975 P4:0.075985 STATE:IDLE
[2026-05-11 16:09:40Z] CHK MOM:0.04% RANGE:0.06% UP:53.84% SPREAD:0.03949447% BID:0.07596 ASK:0.07599 MID:0.075975 P1:0.075975 P2:0.07597 P3:0.075975 P4:0.075975 STATE:IDLE
[2026-05-11 16:09:40Z] CHK MOM:0.03% RANGE:0.06% UP:50% SPREAD:0.05266622% BID:0.07595 ASK:0.07599 MID:0.07597 P1:0.07597 P2:0.075975 P3:0.07597 P4:0.075975 STATE:IDLE
[2026-05-11 16:09:41Z] CHK MOM:0% RANGE:0.05% UP:38.46% SPREAD:0.06584145% BID:0.07594 ASK:0.07599 MID:0.075965 P1:0.075965 P2:0.07597 P3:0.075975 P4:0.07597 STATE:IDLE
[2026-05-11 16:09:41Z] CHK MOM:-0.01% RANGE:0.05% UP:35.71% SPREAD:0.06585012% BID:0.07593 ASK:0.07598 MID:0.075955 P1:0.075955 P2:0.075965 P3:0.07597 P4:0.075975 STATE:IDLE
[2026-05-11 16:09:42Z] CHK MOM:-0.01% RANGE:0.05% UP:35.71% SPREAD:0.06585012% BID:0.07593 ASK:0.07598 MID:0.075955 P1:0.075955 P2:0.075965 P3:0.07597 P4:0.075975 STATE:IDLE
[2026-05-11 16:09:42Z] CHK MOM:-0.03% RANGE:0.05% UP:28.57% SPREAD:0.07903055% BID:0.07592 ASK:0.07598 MID:0.07595 P1:0.07595 P2:0.075955 P3:0.075965 P4:0.07597 STATE:IDLE
[2026-05-11 16:09:43Z] CHK MOM:-0.01% RANGE:0.05% UP:35.71% SPREAD:0.06585012% BID:0.07593 ASK:0.07598 MID:0.075955 P1:0.075955 P2:0.07595 P3:0.075955 P4:0.075965 STATE:IDLE
[2026-05-11 16:09:44Z] CHK MOM:-0.01% RANGE:0.05% UP:33.33% SPREAD:0.06585012% BID:0.07593 ASK:0.07598 MID:0.075955 P1:0.075955 P2:0.075955 P3:0.07595 P4:0.075955 STATE:IDLE
[2026-05-11 16:09:44Z] CHK MOM:0% RANGE:0.05% UP:35.71% SPREAD:0.05267316% BID:0.07594 ASK:0.07598 MID:0.07596 P1:0.07596 P2:0.075955 P3:0.075955 P4:0.07595 STATE:IDLE
[2026-05-11 16:09:45Z] CHK MOM:0% RANGE:0.05% UP:35.71% SPREAD:0.05267316% BID:0.07594 ASK:0.07598 MID:0.07596 P1:0.07596 P2:0.075955 P3:0.075955 P4:0.07595 STATE:IDLE
[2026-05-11 16:09:45Z] CHK MOM:-0.01% RANGE:0.05% UP:33.33% SPREAD:0.06585012% BID:0.07593 ASK:0.07598 MID:0.075955 P1:0.075955 P2:0.07596 P3:0.075955 P4:0.075955 STATE:IDLE
[2026-05-11 16:09:46Z] CHK MOM:-0.05% RANGE:0.08% UP:31.25% SPREAD:0.06587615% BID:0.0759 ASK:0.07595 MID:0.07592499 P1:0.07592499 P2:0.075955 P3:0.07596 P4:0.075955 STATE:IDLE
[2026-05-11 16:09:46Z] CHK MOM:-0.07% RANGE:0.1% UP:29.41% SPREAD:0.05270786% BID:0.07589 ASK:0.07593 MID:0.07591 P1:0.07591 P2:0.07592499 P3:0.075955 P4:0.07596 STATE:IDLE
[2026-05-11 16:09:47Z] CHK MOM:-0.07% RANGE:0.1% UP:29.41% SPREAD:0.05270786% BID:0.07589 ASK:0.07593 MID:0.07591 P1:0.07591 P2:0.07592499 P3:0.075955 P4:0.07596 STATE:IDLE
[2026-05-11 16:09:47Z] CHK MOM:-0.07% RANGE:0.1% UP:29.41% SPREAD:0.05270786% BID:0.07589 ASK:0.07593 MID:0.07591 P1:0.07591 P2:0.07592499 P3:0.075955 P4:0.07596 STATE:IDLE
[2026-05-11 16:09:48Z] CHK MOM:-0.13% RANGE:0.13% UP:18.75% SPREAD:0.07909306% BID:0.07586 ASK:0.07592 MID:0.07589 P1:0.07589 P2:0.07591 P3:0.07592499 P4:0.075955 STATE:IDLE
[2026-05-11 16:09:49Z] CHK MOM:-0.13% RANGE:0.13% UP:18.75% SPREAD:0.07909306% BID:0.07586 ASK:0.07592 MID:0.07589 P1:0.07589 P2:0.07591 P3:0.07592499 P4:0.075955 STATE:IDLE
[2026-05-11 16:09:49Z] CHK MOM:-0.13% RANGE:0.13% UP:18.75% SPREAD:0.07909306% BID:0.07586 ASK:0.07592 MID:0.07589 P1:0.07589 P2:0.07591 P3:0.07592499 P4:0.075955 STATE:IDLE
[2026-05-11 16:09:50Z] CHK MOM:-0.13% RANGE:0.13% UP:18.75% SPREAD:0.07909306% BID:0.07586 ASK:0.07592 MID:0.07589 P1:0.07589 P2:0.07591 P3:0.07592499 P4:0.075955 STATE:IDLE
[2026-05-11 16:09:50Z] CHK MOM:-0.12% RANGE:0.12% UP:20% SPREAD:0.05272871% BID:0.07586 ASK:0.0759 MID:0.07588 P1:0.07588 P2:0.07589 P3:0.07591 P4:0.07592499 STATE:IDLE
[2026-05-11 16:09:51Z] CHK MOM:-0.12% RANGE:0.12% UP:20% SPREAD:0.05272871% BID:0.07586 ASK:0.0759 MID:0.07588 P1:0.07588 P2:0.07589 P3:0.07591 P4:0.07592499 STATE:IDLE
[2026-05-11 16:09:51Z] CHK MOM:-0.12% RANGE:0.12% UP:20% SPREAD:0.05272871% BID:0.07586 ASK:0.0759 MID:0.07588 P1:0.07588 P2:0.07589 P3:0.07591 P4:0.07592499 STATE:IDLE
[2026-05-11 16:09:52Z] CHK MOM:-0.07% RANGE:0.11% UP:25% SPREAD:0.05270786% BID:0.07589 ASK:0.07593 MID:0.07591 P1:0.07591 P2:0.07588 P3:0.07589 P4:0.07591 STATE:IDLE
[2026-05-11 16:09:52Z] CHK MOM:-0.05% RANGE:0.11% UP:33.33% SPREAD:0.05270092% BID:0.0759 ASK:0.07594 MID:0.07591999 P1:0.07591999 P2:0.07591 P3:0.07588 P4:0.07589 STATE:IDLE
[2026-05-11 16:09:53Z] CHK MOM:-0.05% RANGE:0.11% UP:33.33% SPREAD:0.05270092% BID:0.0759 ASK:0.07594 MID:0.07591999 P1:0.07591999 P2:0.07591 P3:0.07588 P4:0.07589 STATE:IDLE
[2026-05-11 16:09:54Z] CHK MOM:-0.05% RANGE:0.11% UP:33.33% SPREAD:0.05270092% BID:0.0759 ASK:0.07594 MID:0.07591999 P1:0.07591999 P2:0.07591 P3:0.07588 P4:0.07589 STATE:IDLE
[2026-05-11 16:09:54Z] CHK MOM:-0.03% RANGE:0.1% UP:45.45% SPREAD:0.06587615% BID:0.0759 ASK:0.07595 MID:0.07592499 P1:0.07592499 P2:0.07591999 P3:0.07591 P4:0.07588 STATE:IDLE
[2026-05-11 16:09:55Z] CHK MOM:-0.03% RANGE:0.1% UP:45.45% SPREAD:0.06587615% BID:0.0759 ASK:0.07595 MID:0.07592499 P1:0.07592499 P2:0.07591999 P3:0.07591 P4:0.07588 STATE:IDLE
[2026-05-11 16:49:23Z] SESSION_START symbol=SEIUSDC dry_run=0 profile=major strategy=momentum base_url=https://api.binance.com
[2026-05-11 16:49:23Z] TOXIC_MEMORY_LOADED count=4 symbols=GUNUSDC,JTOUSDC,ORDIUSDC,SAHARAUSDC
[2026-05-11 16:49:25Z] CHK MOM:0% RANGE:0% UP:0% SPREAD:0.04017139% BID:0.07468 ASK:0.07471 MID:0.074695 P1:0.074695 P2:NA P3:NA P4:NA STATE:IDLE
[2026-05-11 16:49:26Z] CHK MOM:0% RANGE:0% UP:100% SPREAD:0.05356186% BID:0.07468 ASK:0.07472 MID:0.07469999 P1:0.07469999 P2:0.074695 P3:NA P4:NA STATE:IDLE
[2026-05-11 16:49:26Z] CHK MOM:0% RANGE:0% UP:100% SPREAD:0.05356186% BID:0.07468 ASK:0.07472 MID:0.07469999 P1:0.07469999 P2:0.074695 P3:NA P4:NA STATE:IDLE
[2026-05-11 16:49:27Z] CHK MOM:-0.02% RANGE:0.03% UP:50% SPREAD:0.04018215% BID:0.07466 ASK:0.07469 MID:0.074675 P1:0.074675 P2:0.07469999 P3:0.074695 P4:NA STATE:IDLE
[2026-05-11 16:49:27Z] CHK MOM:-0.02% RANGE:0.03% UP:33.33% SPREAD:0.04018215% BID:0.07466 ASK:0.07469 MID:0.074675 P1:0.074675 P2:0.074675 P3:0.07469999 P4:0.074695 STATE:IDLE
[2026-05-11 16:49:28Z] CHK MOM:-0.02% RANGE:0.03% UP:33.33% SPREAD:0.04018215% BID:0.07466 ASK:0.07469 MID:0.074675 P1:0.074675 P2:0.074675 P3:0.07469999 P4:0.074695 STATE:IDLE
[2026-05-11 16:49:28Z] CHK MOM:-0.02% RANGE:0.03% UP:25% SPREAD:0.04018215% BID:0.07466 ASK:0.07469 MID:0.074675 P1:0.074675 P2:0.074675 P3:0.074675 P4:0.07469999 STATE:IDLE
[2026-05-11 16:49:29Z] CHK MOM:-0.02% RANGE:0.03% UP:25% SPREAD:0.04018215% BID:0.07466 ASK:0.07469 MID:0.074675 P1:0.074675 P2:0.074675 P3:0.074675 P4:0.07469999 STATE:IDLE
[2026-05-11 16:49:29Z] CHK MOM:-0.02% RANGE:0.03% UP:25% SPREAD:0.04018215% BID:0.07466 ASK:0.07469 MID:0.074675 P1:0.074675 P2:0.074675 P3:0.074675 P4:0.07469999 STATE:IDLE
[2026-05-11 16:49:30Z] CHK MOM:-0.02% RANGE:0.03% UP:25% SPREAD:0.04018215% BID:0.07466 ASK:0.07469 MID:0.074675 P1:0.074675 P2:0.074675 P3:0.074675 P4:0.07469999 STATE:IDLE
[2026-05-11 16:49:31Z] CHK MOM:-0.02% RANGE:0.03% UP:25% SPREAD:0.04018215% BID:0.07466 ASK:0.07469 MID:0.074675 P1:0.074675 P2:0.074675 P3:0.074675 P4:0.07469999 STATE:IDLE
[2026-05-11 16:49:34Z] CHK MOM:-0.03% RANGE:0.04% UP:20% SPREAD:0.05358338% BID:0.07465 ASK:0.07469 MID:0.07467 P1:0.07467 P2:0.074675 P3:0.074675 P4:0.074675 STATE:IDLE
[2026-05-11 16:49:34Z] CHK MOM:-0.03% RANGE:0.04% UP:16.66% SPREAD:0.05358338% BID:0.07465 ASK:0.07469 MID:0.07467 P1:0.07467 P2:0.07467 P3:0.074675 P4:0.074675 STATE:IDLE
[2026-05-11 16:49:35Z] CHK MOM:-0.05% RANGE:0.06% UP:14.28% SPREAD:0.06699718% BID:0.07463 ASK:0.07468 MID:0.074655 P1:0.074655 P2:0.07467 P3:0.07467 P4:0.074675 STATE:IDLE
[2026-05-11 16:49:35Z] CHK MOM:-0.05% RANGE:0.06% UP:14.28% SPREAD:0.06699718% BID:0.07463 ASK:0.07468 MID:0.074655 P1:0.074655 P2:0.07467 P3:0.07467 P4:0.074675 STATE:IDLE
[2026-05-11 16:49:36Z] CHK MOM:-0.06% RANGE:0.06% UP:12.5% SPREAD:0.05359774% BID:0.07463 ASK:0.07467 MID:0.07465 P1:0.07465 P2:0.074655 P3:0.07467 P4:0.07467 STATE:IDLE
[2026-05-11 16:49:37Z] CHK MOM:-0.04% RANGE:0.06% UP:22.22% SPREAD:0.05359056% BID:0.07464 ASK:0.07468 MID:0.07466 P1:0.07466 P2:0.07465 P3:0.074655 P4:0.07467 STATE:IDLE
[2026-05-11 16:49:37Z] CHK MOM:-0.04% RANGE:0.06% UP:22.22% SPREAD:0.05359056% BID:0.07464 ASK:0.07468 MID:0.07466 P1:0.07466 P2:0.07465 P3:0.074655 P4:0.07467 STATE:IDLE
[2026-05-11 16:49:38Z] CHK MOM:-0.04% RANGE:0.06% UP:22.22% SPREAD:0.05359056% BID:0.07464 ASK:0.07468 MID:0.07466 P1:0.07466 P2:0.07465 P3:0.074655 P4:0.07467 STATE:IDLE
[2026-05-11 16:49:38Z] CHK MOM:-0.04% RANGE:0.06% UP:22.22% SPREAD:0.05359056% BID:0.07464 ASK:0.07468 MID:0.07466 P1:0.07466 P2:0.07465 P3:0.074655 P4:0.07467 STATE:IDLE
[2026-05-11 16:49:39Z] CHK MOM:-0.04% RANGE:0.06% UP:22.22% SPREAD:0.05359056% BID:0.07464 ASK:0.07468 MID:0.07466 P1:0.07466 P2:0.07465 P3:0.074655 P4:0.07467 STATE:IDLE
[2026-05-11 16:49:39Z] CHK MOM:-0.04% RANGE:0.06% UP:22.22% SPREAD:0.05359056% BID:0.07464 ASK:0.07468 MID:0.07466 P1:0.07466 P2:0.07465 P3:0.074655 P4:0.07467 STATE:IDLE
[2026-05-11 16:49:40Z] CHK MOM:-0.04% RANGE:0.04% UP:16.66% SPREAD:0.05360493% BID:0.07462 ASK:0.07466 MID:0.07464 P1:0.07464 P2:0.07466 P3:0.07465 P4:0.074655 STATE:IDLE
[2026-05-11 16:49:40Z] CHK MOM:-0.05% RANGE:0.05% UP:14.28% SPREAD:0.04020369% BID:0.07462 ASK:0.07465 MID:0.074635 P1:0.074635 P2:0.07464 P3:0.07466 P4:0.07465 STATE:IDLE
[2026-05-11 16:49:41Z] CHK MOM:-0.05% RANGE:0.05% UP:14.28% SPREAD:0.04020369% BID:0.07462 ASK:0.07465 MID:0.074635 P1:0.074635 P2:0.07464 P3:0.07466 P4:0.07465 STATE:IDLE
[2026-05-11 16:49:42Z] CHK MOM:-0.05% RANGE:0.05% UP:14.28% SPREAD:0.04020369% BID:0.07462 ASK:0.07465 MID:0.074635 P1:0.074635 P2:0.07464 P3:0.07466 P4:0.07465 STATE:IDLE
[2026-05-11 16:49:42Z] CHK MOM:-0.04% RANGE:0.04% UP:14.28% SPREAD:0.04020369% BID:0.07462 ASK:0.07465 MID:0.074635 P1:0.074635 P2:0.074635 P3:0.07464 P4:0.07466 STATE:IDLE
[2026-05-11 16:49:43Z] CHK MOM:-0.04% RANGE:0.04% UP:14.28% SPREAD:0.04020369% BID:0.07462 ASK:0.07465 MID:0.074635 P1:0.074635 P2:0.074635 P3:0.07464 P4:0.07466 STATE:IDLE
[2026-05-11 16:49:43Z] CHK MOM:-0.04% RANGE:0.04% UP:14.28% SPREAD:0.04020369% BID:0.07462 ASK:0.07465 MID:0.074635 P1:0.074635 P2:0.074635 P3:0.07464 P4:0.07466 STATE:IDLE
[2026-05-11 16:49:44Z] CHK MOM:-0.04% RANGE:0.04% UP:14.28% SPREAD:0.04020369% BID:0.07462 ASK:0.07465 MID:0.074635 P1:0.074635 P2:0.074635 P3:0.07464 P4:0.07466 STATE:IDLE
[2026-05-11 16:49:44Z] CHK MOM:-0.04% RANGE:0.04% UP:14.28% SPREAD:0.04020369% BID:0.07462 ASK:0.07465 MID:0.074635 P1:0.074635 P2:0.074635 P3:0.07464 P4:0.07466 STATE:IDLE
[2026-05-11 16:49:45Z] CHK MOM:-0.04% RANGE:0.04% UP:14.28% SPREAD:0.04020369% BID:0.07462 ASK:0.07465 MID:0.074635 P1:0.074635 P2:0.074635 P3:0.07464 P4:0.07466 STATE:IDLE
[2026-05-11 16:49:47Z] CHK MOM:-0.02% RANGE:0.03% UP:16.66% SPREAD:0.04020369% BID:0.07462 ASK:0.07465 MID:0.074635 P1:0.074635 P2:0.074635 P3:0.074635 P4:0.07464 STATE:IDLE
[2026-05-11 16:49:47Z] CHK MOM:-0.02% RANGE:0.03% UP:16.66% SPREAD:0.04020369% BID:0.07462 ASK:0.07465 MID:0.074635 P1:0.074635 P2:0.074635 P3:0.074635 P4:0.07464 STATE:IDLE
[2026-05-11 16:49:48Z] CHK MOM:-0.02% RANGE:0.03% UP:16.66% SPREAD:0.04020369% BID:0.07462 ASK:0.07465 MID:0.074635 P1:0.074635 P2:0.074635 P3:0.074635 P4:0.07464 STATE:IDLE
[2026-05-11 16:49:48Z] CHK MOM:-0.02% RANGE:0.03% UP:16.66% SPREAD:0.04020369% BID:0.07462 ASK:0.07465 MID:0.074635 P1:0.074635 P2:0.074635 P3:0.074635 P4:0.07464 STATE:IDLE
[2026-05-11 16:49:49Z] CHK MOM:-0.02% RANGE:0.03% UP:16.66% SPREAD:0.04020369% BID:0.07462 ASK:0.07465 MID:0.074635 P1:0.074635 P2:0.074635 P3:0.074635 P4:0.07464 STATE:IDLE
[2026-05-11 16:49:54Z] CHK MOM:0% RANGE:0% UP:50% SPREAD:0.05360493% BID:0.07462 ASK:0.07466 MID:0.07464 P1:0.07464 P2:0.074635 P3:0.074635 P4:0.074635 STATE:IDLE
[2026-05-11 16:49:55Z] CHK MOM:0% RANGE:0% UP:50% SPREAD:0.05360493% BID:0.07462 ASK:0.07466 MID:0.07464 P1:0.07464 P2:0.074635 P3:0.074635 P4:0.074635 STATE:IDLE
[2026-05-11 16:49:55Z] CHK MOM:0% RANGE:0% UP:50% SPREAD:0.05360493% BID:0.07462 ASK:0.07466 MID:0.07464 P1:0.07464 P2:0.07464 P3:0.074635 P4:0.074635 STATE:IDLE
[2026-05-11 16:49:56Z] CHK MOM:0% RANGE:0% UP:33.33% SPREAD:0.04020369% BID:0.07462 ASK:0.07465 MID:0.074635 P1:0.074635 P2:0.07464 P3:0.07464 P4:0.074635 STATE:IDLE
[2026-05-11 16:49:56Z] CHK MOM:0% RANGE:0% UP:33.33% SPREAD:0.04020369% BID:0.07462 ASK:0.07465 MID:0.074635 P1:0.074635 P2:0.07464 P3:0.07464 P4:0.074635 STATE:IDLE
[2026-05-11 16:49:57Z] CHK MOM:0% RANGE:0% UP:33.33% SPREAD:0.04020369% BID:0.07462 ASK:0.07465 MID:0.074635 P1:0.074635 P2:0.07464 P3:0.07464 P4:0.074635 STATE:IDLE
[2026-05-11 16:49:57Z] CHK MOM:0% RANGE:0% UP:33.33% SPREAD:0.04020369% BID:0.07462 ASK:0.07465 MID:0.074635 P1:0.074635 P2:0.07464 P3:0.07464 P4:0.074635 STATE:IDLE
[2026-05-11 16:49:58Z] CHK MOM:0% RANGE:0.01% UP:25% SPREAD:0.05361211% BID:0.07461 ASK:0.07465 MID:0.07463 P1:0.07463 P2:0.074635 P3:0.07464 P4:0.07464 STATE:IDLE
[2026-05-11 16:49:58Z] CHK MOM:0% RANGE:0.01% UP:40% SPREAD:0.04020369% BID:0.07462 ASK:0.07465 MID:0.074635 P1:0.074635 P2:0.07463 P3:0.074635 P4:0.07464 STATE:IDLE
[2026-05-11 16:49:59Z] CHK MOM:-0.02% RANGE:0.02% UP:20% SPREAD:0.04020908% BID:0.07461 ASK:0.07464 MID:0.074625 P1:0.074625 P2:0.074635 P3:0.07463 P4:0.074635 STATE:IDLE
[2026-05-11 16:50:00Z] CHK MOM:-0.02% RANGE:0.02% UP:20% SPREAD:0.04020908% BID:0.07461 ASK:0.07464 MID:0.074625 P1:0.074625 P2:0.074635 P3:0.07463 P4:0.074635 STATE:IDLE
[2026-05-11 16:50:00Z] CHK MOM:0% RANGE:0.02% UP:33.33% SPREAD:0.04020369% BID:0.07462 ASK:0.07465 MID:0.074635 P1:0.074635 P2:0.074625 P3:0.074635 P4:0.07463 STATE:IDLE
[2026-05-11 16:50:01Z] CHK MOM:0% RANGE:0.02% UP:33.33% SPREAD:0.04020369% BID:0.07462 ASK:0.07465 MID:0.074635 P1:0.074635 P2:0.074625 P3:0.074635 P4:0.07463 STATE:IDLE
[2026-05-11 16:50:01Z] CHK MOM:0% RANGE:0.02% UP:42.85% SPREAD:0.05360493% BID:0.07462 ASK:0.07466 MID:0.07464 P1:0.07464 P2:0.074635 P3:0.074625 P4:0.074635 STATE:IDLE
[2026-05-11 16:50:02Z] CHK MOM:0% RANGE:0.02% UP:42.85% SPREAD:0.05360493% BID:0.07462 ASK:0.07466 MID:0.07464 P1:0.07464 P2:0.074635 P3:0.074625 P4:0.074635 STATE:IDLE
[2026-05-11 16:50:02Z] CHK MOM:0% RANGE:0.02% UP:42.85% SPREAD:0.05360493% BID:0.07462 ASK:0.07466 MID:0.07464 P1:0.07464 P2:0.074635 P3:0.074625 P4:0.074635 STATE:IDLE
[2026-05-11 16:50:03Z] CHK MOM:0% RANGE:0.02% UP:42.85% SPREAD:0.05360493% BID:0.07462 ASK:0.07466 MID:0.07464 P1:0.07464 P2:0.074635 P3:0.074625 P4:0.074635 STATE:IDLE
[2026-05-11 16:50:03Z] CHK MOM:0.01% RANGE:0.03% UP:50% SPREAD:0.05359774% BID:0.07463 ASK:0.07467 MID:0.07465 P1:0.07465 P2:0.07464 P3:0.074635 P4:0.074625 STATE:IDLE
[2026-05-11 16:50:04Z] CHK MOM:0.01% RANGE:0.03% UP:50% SPREAD:0.05359774% BID:0.07463 ASK:0.07467 MID:0.07465 P1:0.07465 P2:0.07464 P3:0.074635 P4:0.074625 STATE:IDLE
[2026-05-11 16:50:04Z] CHK MOM:0.01% RANGE:0.03% UP:50% SPREAD:0.05359774% BID:0.07463 ASK:0.07467 MID:0.07465 P1:0.07465 P2:0.07464 P3:0.074635 P4:0.074625 STATE:IDLE
[2026-05-11 16:50:05Z] CHK MOM:0.01% RANGE:0.03% UP:50% SPREAD:0.05359774% BID:0.07463 ASK:0.07467 MID:0.07465 P1:0.07465 P2:0.07464 P3:0.074635 P4:0.074625 STATE:IDLE
[2026-05-11 16:50:06Z] CHK MOM:0.01% RANGE:0.03% UP:50% SPREAD:0.05359774% BID:0.07463 ASK:0.07467 MID:0.07465 P1:0.07465 P2:0.07464 P3:0.074635 P4:0.074625 STATE:IDLE
[2026-05-11 16:50:15Z] CHK MOM:0% RANGE:0% UP:0% SPREAD:0.05359774% BID:0.07463 ASK:0.07467 MID:0.07465 P1:0.07465 P2:0.07465 P3:0.07464 P4:0.074635 STATE:IDLE
[2026-05-11 16:50:16Z] CHK MOM:0.01% RANGE:0.01% UP:100% SPREAD:0.02679169% BID:0.07465 ASK:0.07467 MID:0.07466 P1:0.07466 P2:0.07465 P3:0.07465 P4:0.07464 STATE:IDLE
[2026-05-11 16:50:16Z] CHK MOM:0.01% RANGE:0.01% UP:50% SPREAD:0.02679169% BID:0.07465 ASK:0.07467 MID:0.07466 P1:0.07466 P2:0.07466 P3:0.07465 P4:0.07465 STATE:IDLE
[2026-05-11 16:50:17Z] CHK MOM:-0.01% RANGE:0.02% UP:33.33% SPREAD:0.05360493% BID:0.07462 ASK:0.07466 MID:0.07464 P1:0.07464 P2:0.07466 P3:0.07466 P4:0.07465 STATE:IDLE
[2026-05-11 16:50:17Z] CHK MOM:-0.01% RANGE:0.02% UP:25% SPREAD:0.05360493% BID:0.07462 ASK:0.07466 MID:0.07464 P1:0.07464 P2:0.07464 P3:0.07466 P4:0.07466 STATE:IDLE
[2026-05-11 16:50:18Z] CHK MOM:0% RANGE:0.02% UP:40% SPREAD:0.04019831% BID:0.07463 ASK:0.07466 MID:0.074645 P1:0.074645 P2:0.07464 P3:0.07464 P4:0.07466 STATE:IDLE
[2026-05-11 16:50:18Z] CHK MOM:0% RANGE:0.02% UP:40% SPREAD:0.04019831% BID:0.07463 ASK:0.07466 MID:0.074645 P1:0.074645 P2:0.07464 P3:0.07464 P4:0.07466 STATE:IDLE
[2026-05-11 16:50:19Z] CHK MOM:0% RANGE:0.02% UP:50% SPREAD:0.05359774% BID:0.07463 ASK:0.07467 MID:0.07465 P1:0.07465 P2:0.074645 P3:0.07464 P4:0.07464 STATE:IDLE
[2026-05-11 16:50:19Z] CHK MOM:0% RANGE:0.02% UP:50% SPREAD:0.05359774% BID:0.07463 ASK:0.07467 MID:0.07465 P1:0.07465 P2:0.074645 P3:0.07464 P4:0.07464 STATE:IDLE
[2026-05-11 16:50:20Z] CHK MOM:0% RANGE:0.02% UP:50% SPREAD:0.05359774% BID:0.07463 ASK:0.07467 MID:0.07465 P1:0.07465 P2:0.074645 P3:0.07464 P4:0.07464 STATE:IDLE
[2026-05-11 16:50:21Z] CHK MOM:0% RANGE:0.02% UP:50% SPREAD:0.05359774% BID:0.07463 ASK:0.07467 MID:0.07465 P1:0.07465 P2:0.074645 P3:0.07464 P4:0.07464 STATE:IDLE
[2026-05-11 16:50:21Z] CHK MOM:0% RANGE:0.02% UP:50% SPREAD:0.05359774% BID:0.07463 ASK:0.07467 MID:0.07465 P1:0.07465 P2:0.074645 P3:0.07464 P4:0.07464 STATE:IDLE
[2026-05-11 16:50:22Z] CHK MOM:0% RANGE:0.02% UP:42.85% SPREAD:0.05359774% BID:0.07463 ASK:0.07467 MID:0.07465 P1:0.07465 P2:0.07465 P3:0.074645 P4:0.07464 STATE:IDLE
[2026-05-11 16:50:22Z] CHK MOM:0% RANGE:0.02% UP:42.85% SPREAD:0.05359774% BID:0.07463 ASK:0.07467 MID:0.07465 P1:0.07465 P2:0.07465 P3:0.074645 P4:0.07464 STATE:IDLE
[2026-05-11 16:50:23Z] CHK MOM:0% RANGE:0.02% UP:42.85% SPREAD:0.05359774% BID:0.07463 ASK:0.07467 MID:0.07465 P1:0.07465 P2:0.07465 P3:0.074645 P4:0.07464 STATE:IDLE
[2026-05-11 16:50:23Z] CHK MOM:0% RANGE:0.02% UP:42.85% SPREAD:0.05359774% BID:0.07463 ASK:0.07467 MID:0.07465 P1:0.07465 P2:0.07465 P3:0.074645 P4:0.07464 STATE:IDLE
[2026-05-11 16:50:24Z] CHK MOM:0% RANGE:0.02% UP:42.85% SPREAD:0.05359774% BID:0.07463 ASK:0.07467 MID:0.07465 P1:0.07465 P2:0.07465 P3:0.074645 P4:0.07464 STATE:IDLE
[2026-05-11 16:50:24Z] CHK MOM:0% RANGE:0.02% UP:42.85% SPREAD:0.05359774% BID:0.07463 ASK:0.07467 MID:0.07465 P1:0.07465 P2:0.07465 P3:0.074645 P4:0.07464 STATE:IDLE
[2026-05-11 16:50:25Z] CHK MOM:-0.01% RANGE:0.02% UP:37.5% SPREAD:0.05360493% BID:0.07462 ASK:0.07466 MID:0.07464 P1:0.07464 P2:0.07465 P3:0.07465 P4:0.074645 STATE:IDLE
[2026-05-11 16:50:26Z] CHK MOM:-0.02% RANGE:0.03% UP:33.33% SPREAD:0.06701514% BID:0.07461 ASK:0.07466 MID:0.074635 P1:0.074635 P2:0.07464 P3:0.07465 P4:0.07465 STATE:IDLE
[2026-05-11 16:50:26Z] CHK MOM:-0.02% RANGE:0.03% UP:33.33% SPREAD:0.06701514% BID:0.07461 ASK:0.07466 MID:0.074635 P1:0.074635 P2:0.07464 P3:0.07465 P4:0.07465 STATE:IDLE
[2026-05-11 16:50:27Z] CHK MOM:-0.02% RANGE:0.04% UP:30% SPREAD:0.05361211% BID:0.07461 ASK:0.07465 MID:0.07463 P1:0.07463 P2:0.074635 P3:0.07464 P4:0.07465 STATE:IDLE
[2026-05-11 16:50:27Z] CHK MOM:-0.02% RANGE:0.04% UP:30% SPREAD:0.05361211% BID:0.07461 ASK:0.07465 MID:0.07463 P1:0.07463 P2:0.074635 P3:0.07464 P4:0.07465 STATE:IDLE
[2026-05-11 16:50:28Z] CHK MOM:-0.08% RANGE:0.08% UP:22.22% SPREAD:0.09388412% BID:0.07456 ASK:0.07463 MID:0.074595 P1:0.074595 P2:0.07463 P3:0.074635 P4:0.07464 STATE:IDLE
[2026-05-11 16:50:28Z] CHK MOM:-0.06% RANGE:0.07% UP:22.22% SPREAD:0.09388412% BID:0.07456 ASK:0.07463 MID:0.074595 P1:0.074595 P2:0.074595 P3:0.07463 P4:0.074635 STATE:IDLE
[2026-05-11 16:50:29Z] CHK MOM:-0.06% RANGE:0.08% UP:20% SPREAD:0.0804721% BID:0.07456 ASK:0.07462 MID:0.07459 P1:0.07459 P2:0.074595 P3:0.074595 P4:0.07463 STATE:IDLE
[2026-05-11 16:50:29Z] CHK MOM:-0.07% RANGE:0.08% UP:20% SPREAD:0.06706008% BID:0.07456 ASK:0.07461 MID:0.074585 P1:0.074585 P2:0.07459 P3:0.074595 P4:0.074595 STATE:IDLE
[2026-05-11 16:50:30Z] CHK MOM:-0.07% RANGE:0.08% UP:20% SPREAD:0.06706008% BID:0.07456 ASK:0.07461 MID:0.074585 P1:0.074585 P2:0.07459 P3:0.074595 P4:0.074595 STATE:IDLE
[2026-05-11 16:50:30Z] CHK MOM:-0.07% RANGE:0.08% UP:20% SPREAD:0.06706008% BID:0.07456 ASK:0.07461 MID:0.074585 P1:0.074585 P2:0.07459 P3:0.074595 P4:0.074595 STATE:IDLE
[2026-05-11 16:50:31Z] CHK MOM:-0.07% RANGE:0.08% UP:20% SPREAD:0.06706008% BID:0.07456 ASK:0.07461 MID:0.074585 P1:0.074585 P2:0.07459 P3:0.074595 P4:0.074595 STATE:IDLE
[2026-05-11 16:50:32Z] CHK MOM:-0.09% RANGE:0.09% UP:0% SPREAD:0.08048289% BID:0.07455 ASK:0.07461 MID:0.07458 P1:0.07458 P2:0.074585 P3:0.07459 P4:0.074595 STATE:IDLE
[2026-05-11 16:50:32Z] CHK MOM:-0.09% RANGE:0.09% UP:0% SPREAD:0.08048289% BID:0.07455 ASK:0.07461 MID:0.07458 P1:0.07458 P2:0.074585 P3:0.07459 P4:0.074595 STATE:IDLE
[2026-05-11 16:50:33Z] CHK MOM:-0.02% RANGE:0.09% UP:11.11% SPREAD:0.18776824% BID:0.07456 ASK:0.0747 MID:0.07463 P1:0.07463 P2:0.07458 P3:0.074585 P4:0.07459 STATE:IDLE
[2026-05-11 16:50:33Z] CHK MOM:0% RANGE:0.09% UP:20% SPREAD:0.14747285% BID:0.07459 ASK:0.0747 MID:0.074645 P1:0.074645 P2:0.07463 P3:0.07458 P4:0.074585 STATE:IDLE
[2026-05-11 16:50:34Z] CHK MOM:-0.02% RANGE:0.08% UP:20% SPREAD:0.10726736% BID:0.07458 ASK:0.07466 MID:0.07461999 P1:0.07461999 P2:0.074645 P3:0.07463 P4:0.07458 STATE:IDLE
[2026-05-11 16:50:34Z] CHK MOM:-0.02% RANGE:0.08% UP:20% SPREAD:0.10726736% BID:0.07458 ASK:0.07466 MID:0.07461999 P1:0.07461999 P2:0.074645 P3:0.07463 P4:0.07458 STATE:IDLE
[2026-05-11 16:50:35Z] CHK MOM:-0.03% RANGE:0.08% UP:18.18% SPREAD:0.09385894% BID:0.07458 ASK:0.07465 MID:0.07461499 P1:0.07461499 P2:0.07461999 P3:0.074645 P4:0.07463 STATE:IDLE
[2026-05-11 16:50:35Z] CHK MOM:-0.03% RANGE:0.08% UP:16.66% SPREAD:0.09385894% BID:0.07458 ASK:0.07465 MID:0.07461499 P1:0.07461499 P2:0.07461499 P3:0.07461999 P4:0.074645 STATE:IDLE
[2026-05-11 16:50:36Z] CHK MOM:-0.03% RANGE:0.08% UP:16.66% SPREAD:0.09385894% BID:0.07458 ASK:0.07465 MID:0.07461499 P1:0.07461499 P2:0.07461499 P3:0.07461999 P4:0.074645 STATE:IDLE
[2026-05-11 16:50:37Z] CHK MOM:-0.03% RANGE:0.08% UP:16.66% SPREAD:0.09385894% BID:0.07458 ASK:0.07465 MID:0.07461499 P1:0.07461499 P2:0.07461499 P3:0.07461999 P4:0.074645 STATE:IDLE
[2026-05-11 16:50:37Z] CHK MOM:-0.03% RANGE:0.08% UP:16.66% SPREAD:0.09385894% BID:0.07458 ASK:0.07465 MID:0.07461499 P1:0.07461499 P2:0.07461499 P3:0.07461999 P4:0.074645 STATE:IDLE
[2026-05-11 16:50:38Z] CHK MOM:-0.02% RANGE:0.08% UP:18.18% SPREAD:0.09385894% BID:0.07458 ASK:0.07465 MID:0.07461499 P1:0.07461499 P2:0.07461499 P3:0.07461499 P4:0.07461999 STATE:IDLE
[2026-05-11 16:50:38Z] CHK MOM:-0.03% RANGE:0.08% UP:16.66% SPREAD:0.0670421% BID:0.07458 ASK:0.07463 MID:0.074605 P1:0.074605 P2:0.07461499 P3:0.07461499 P4:0.07461499 STATE:IDLE
[2026-05-11 16:50:39Z] CHK MOM:-0.04% RANGE:0.08% UP:15.38% SPREAD:0.09388412% BID:0.07456 ASK:0.07463 MID:0.074595 P1:0.074595 P2:0.074605 P3:0.07461499 P4:0.07461499 STATE:IDLE
[2026-05-11 16:50:39Z] CHK MOM:-0.04% RANGE:0.08% UP:15.38% SPREAD:0.09388412% BID:0.07456 ASK:0.07463 MID:0.074595 P1:0.074595 P2:0.074605 P3:0.07461499 P4:0.07461499 STATE:IDLE
[2026-05-11 16:50:40Z] CHK MOM:-0.04% RANGE:0.08% UP:15.38% SPREAD:0.09388412% BID:0.07456 ASK:0.07463 MID:0.074595 P1:0.074595 P2:0.074605 P3:0.07461499 P4:0.07461499 STATE:IDLE
[2026-05-11 16:50:40Z] CHK MOM:-0.04% RANGE:0.08% UP:15.38% SPREAD:0.09388412% BID:0.07456 ASK:0.07463 MID:0.074595 P1:0.074595 P2:0.074605 P3:0.07461499 P4:0.07461499 STATE:IDLE
[2026-05-11 16:50:41Z] CHK MOM:-0.04% RANGE:0.08% UP:15.38% SPREAD:0.09388412% BID:0.07456 ASK:0.07463 MID:0.074595 P1:0.074595 P2:0.074605 P3:0.07461499 P4:0.07461499 STATE:IDLE
[2026-05-11 16:50:41Z] CHK MOM:-0.04% RANGE:0.08% UP:15.38% SPREAD:0.09388412% BID:0.07456 ASK:0.07463 MID:0.074595 P1:0.074595 P2:0.074605 P3:0.07461499 P4:0.07461499 STATE:IDLE
[2026-05-11 16:50:42Z] CHK MOM:0.02% RANGE:0.08% UP:33.33% SPREAD:0.10729613% BID:0.07456 ASK:0.07464 MID:0.0746 P1:0.0746 P2:0.074595 P3:0.074605 P4:0.07461499 STATE:IDLE
[2026-05-11 16:50:43Z] CHK MOM:0.03% RANGE:0.08% UP:40% SPREAD:0.09387153% BID:0.07457 ASK:0.07464 MID:0.074605 P1:0.074605 P2:0.0746 P3:0.074595 P4:0.074605 STATE:IDLE
[2026-05-11 16:50:43Z] CHK MOM:0.04% RANGE:0.08% UP:45.45% SPREAD:0.10728174% BID:0.07457 ASK:0.07465 MID:0.07461 P1:0.07461 P2:0.074605 P3:0.0746 P4:0.074595 STATE:IDLE
[2026-05-11 16:50:44Z] CHK MOM:0.05% RANGE:0.08% UP:50% SPREAD:0.08043973% BID:0.07459 ASK:0.07465 MID:0.07461999 P1:0.07461999 P2:0.07461 P3:0.074605 P4:0.0746 STATE:IDLE
[2026-05-11 16:50:44Z] CHK MOM:0.05% RANGE:0.08% UP:50% SPREAD:0.08043973% BID:0.07459 ASK:0.07465 MID:0.07461999 P1:0.07461999 P2:0.07461 P3:0.074605 P4:0.0746 STATE:IDLE
[2026-05-11 16:50:45Z] CHK MOM:0.05% RANGE:0.08% UP:50% SPREAD:0.08043973% BID:0.07459 ASK:0.07465 MID:0.07461999 P1:0.07461999 P2:0.07461 P3:0.074605 P4:0.0746 STATE:IDLE
[2026-05-11 16:50:45Z] CHK MOM:-0.05% RANGE:0.06% UP:36.36% SPREAD:0.09387153% BID:0.07457 ASK:0.07464 MID:0.074605 P1:0.074605 P2:0.07461999 P3:0.07461 P4:0.074605 STATE:IDLE
[2026-05-11 16:50:46Z] CHK MOM:-0.03% RANGE:0.03% UP:36.36% SPREAD:0.09388412% BID:0.07456 ASK:0.07463 MID:0.074595 P1:0.074595 P2:0.074605 P3:0.07461999 P4:0.07461 STATE:IDLE
[2026-05-11 16:50:46Z] CHK MOM:-0.06% RANGE:0.07% UP:36.36% SPREAD:0.09392191% BID:0.07453 ASK:0.0746 MID:0.07456499 P1:0.07456499 P2:0.074595 P3:0.074605 P4:0.07461999 STATE:IDLE
[2026-05-11 16:50:47Z] CHK MOM:-0.07% RANGE:0.08% UP:33.33% SPREAD:0.08050449% BID:0.07453 ASK:0.07459 MID:0.07456 P1:0.07456 P2:0.07456499 P3:0.074595 P4:0.074605 STATE:IDLE
[2026-05-11 16:50:48Z] CHK MOM:-0.1% RANGE:0.1% UP:36.36% SPREAD:0.10738255% BID:0.0745 ASK:0.07458 MID:0.07454 P1:0.07454 P2:0.07456 P3:0.07456499 P4:0.074595 STATE:IDLE
[2026-05-11 16:50:48Z] CHK MOM:-0.1% RANGE:0.1% UP:33.33% SPREAD:0.10738255% BID:0.0745 ASK:0.07458 MID:0.07454 P1:0.07454 P2:0.07454 P3:0.07456 P4:0.07456499 STATE:IDLE
[2026-05-11 16:50:49Z] CHK MOM:-0.1% RANGE:0.1% UP:33.33% SPREAD:0.10738255% BID:0.0745 ASK:0.07458 MID:0.07454 P1:0.07454 P2:0.07454 P3:0.07456 P4:0.07456499 STATE:IDLE
[2026-05-11 16:50:49Z] CHK MOM:-0.1% RANGE:0.1% UP:33.33% SPREAD:0.10738255% BID:0.0745 ASK:0.07458 MID:0.07454 P1:0.07454 P2:0.07454 P3:0.07456 P4:0.07456499 STATE:IDLE
[2026-05-11 16:50:50Z] CHK MOM:-0.1% RANGE:0.11% UP:30.76% SPREAD:0.09395973% BID:0.0745 ASK:0.07457 MID:0.07453499 P1:0.07453499 P2:0.07454 P3:0.07454 P4:0.07456 STATE:IDLE
[2026-05-11 16:50:50Z] CHK MOM:-0.1% RANGE:0.11% UP:30.76% SPREAD:0.09395973% BID:0.0745 ASK:0.07457 MID:0.07453499 P1:0.07453499 P2:0.07454 P3:0.07454 P4:0.07456 STATE:IDLE
[2026-05-11 16:50:51Z] CHK MOM:-0.1% RANGE:0.11% UP:30.76% SPREAD:0.09395973% BID:0.0745 ASK:0.07457 MID:0.07453499 P1:0.07453499 P2:0.07454 P3:0.07454 P4:0.07456 STATE:IDLE
[2026-05-11 16:50:51Z] CHK MOM:-0.1% RANGE:0.12% UP:27.27% SPREAD:0.06711409% BID:0.0745 ASK:0.07455 MID:0.074525 P1:0.074525 P2:0.07453499 P3:0.07454 P4:0.07454 STATE:IDLE
[2026-05-11 16:50:52Z] CHK MOM:-0.1% RANGE:0.12% UP:27.27% SPREAD:0.06711409% BID:0.0745 ASK:0.07455 MID:0.074525 P1:0.074525 P2:0.07453499 P3:0.07454 P4:0.07454 STATE:IDLE
[2026-05-11 16:50:52Z] CHK MOM:-0.08% RANGE:0.12% UP:33.33% SPREAD:0.09395973% BID:0.0745 ASK:0.07457 MID:0.07453499 P1:0.07453499 P2:0.074525 P3:0.07453499 P4:0.07454 STATE:IDLE
[2026-05-11 16:50:53Z] CHK MOM:-0.07% RANGE:0.12% UP:38.46% SPREAD:0.06709608% BID:0.07452 ASK:0.07457 MID:0.074545 P1:0.074545 P2:0.07453499 P3:0.074525 P4:0.07453499 STATE:IDLE
[2026-05-11 16:50:54Z] CHK MOM:-0.07% RANGE:0.12% UP:35.71% SPREAD:0.06709608% BID:0.07452 ASK:0.07457 MID:0.074545 P1:0.074545 P2:0.074545 P3:0.07453499 P4:0.074525 STATE:IDLE
[2026-05-11 16:50:54Z] CHK MOM:-0.07% RANGE:0.12% UP:35.71% SPREAD:0.06709608% BID:0.07452 ASK:0.07457 MID:0.074545 P1:0.074545 P2:0.074545 P3:0.07453499 P4:0.074525 STATE:IDLE
[2026-05-11 16:50:55Z] CHK MOM:-0.07% RANGE:0.12% UP:35.71% SPREAD:0.08051529% BID:0.07452 ASK:0.07458 MID:0.07455 P1:0.07455 P2:0.074545 P3:0.074545 P4:0.07453499 STATE:IDLE
[2026-05-11 16:50:55Z] CHK MOM:-0.07% RANGE:0.12% UP:35.71% SPREAD:0.08051529% BID:0.07452 ASK:0.07458 MID:0.07455 P1:0.07455 P2:0.074545 P3:0.074545 P4:0.07453499 STATE:IDLE
[2026-05-11 16:50:56Z] CHK MOM:-0.07% RANGE:0.12% UP:35.71% SPREAD:0.08051529% BID:0.07452 ASK:0.07458 MID:0.07455 P1:0.07455 P2:0.074545 P3:0.074545 P4:0.07453499 STATE:IDLE
[2026-05-11 16:50:56Z] CHK MOM:-0.07% RANGE:0.12% UP:35.71% SPREAD:0.08051529% BID:0.07452 ASK:0.07458 MID:0.07455 P1:0.07455 P2:0.074545 P3:0.074545 P4:0.07453499 STATE:IDLE
[2026-05-11 16:50:57Z] CHK MOM:-0.07% RANGE:0.12% UP:35.71% SPREAD:0.08051529% BID:0.07452 ASK:0.07458 MID:0.07455 P1:0.07455 P2:0.074545 P3:0.074545 P4:0.07453499 STATE:IDLE
[2026-05-11 16:50:57Z] CHK MOM:-0.07% RANGE:0.12% UP:35.71% SPREAD:0.08051529% BID:0.07452 ASK:0.07458 MID:0.07455 P1:0.07455 P2:0.074545 P3:0.074545 P4:0.07453499 STATE:IDLE
[2026-05-11 16:51:01Z] CHK MOM:0.02% RANGE:0.04% UP:66.66% SPREAD:0.06708707% BID:0.07453 ASK:0.07458 MID:0.074555 P1:0.074555 P2:0.07455 P3:0.074545 P4:0.074545 STATE:IDLE
[2026-05-11 16:51:01Z] CHK MOM:0.02% RANGE:0.04% UP:66.66% SPREAD:0.06708707% BID:0.07453 ASK:0.07458 MID:0.074555 P1:0.074555 P2:0.07455 P3:0.074545 P4:0.074545 STATE:IDLE
[2026-05-11 16:51:02Z] CHK MOM:0.02% RANGE:0.04% UP:66.66% SPREAD:0.06708707% BID:0.07453 ASK:0.07458 MID:0.074555 P1:0.074555 P2:0.07455 P3:0.074545 P4:0.074545 STATE:IDLE
[2026-05-11 16:51:02Z] CHK MOM:0.06% RANGE:0.06% UP:83.33% SPREAD:0.09390931% BID:0.07454 ASK:0.07461 MID:0.074575 P1:0.074575 P2:0.074555 P3:0.07455 P4:0.074545 STATE:IDLE
[2026-05-11 16:51:03Z] CHK MOM:0.08% RANGE:0.08% UP:85.71% SPREAD:0.06706008% BID:0.07456 ASK:0.07461 MID:0.074585 P1:0.074585 P2:0.074575 P3:0.074555 P4:0.07455 STATE:IDLE
[2026-05-11 16:51:03Z] CHK MOM:0.08% RANGE:0.08% UP:85.71% SPREAD:0.06706008% BID:0.07456 ASK:0.07461 MID:0.074585 P1:0.074585 P2:0.074575 P3:0.074555 P4:0.07455 STATE:IDLE
[2026-05-11 16:51:04Z] CHK MOM:0.06% RANGE:0.06% UP:85.71% SPREAD:0.09389671% BID:0.07455 ASK:0.07462 MID:0.074585 P1:0.074585 P2:0.074585 P3:0.074575 P4:0.074555 STATE:IDLE
[2026-05-11 16:51:04Z] CHK MOM:0.08% RANGE:0.08% UP:85.71% SPREAD:0.0670421% BID:0.07458 ASK:0.07463 MID:0.074605 P1:0.074605 P2:0.074585 P3:0.074585 P4:0.074575 STATE:IDLE
[2026-05-11 16:51:05Z] CHK MOM:0.08% RANGE:0.08% UP:85.71% SPREAD:0.0670421% BID:0.07458 ASK:0.07463 MID:0.074605 P1:0.074605 P2:0.074585 P3:0.074585 P4:0.074575 STATE:IDLE
[2026-05-11 16:51:05Z] CHK MOM:0.08% RANGE:0.08% UP:85.71% SPREAD:0.0670421% BID:0.07458 ASK:0.07463 MID:0.074605 P1:0.074605 P2:0.074585 P3:0.074585 P4:0.074575 STATE:IDLE
[2026-05-11 16:51:06Z] CHK MOM:0.02% RANGE:0.08% UP:85.71% SPREAD:0.02682763% BID:0.07455 ASK:0.07457 MID:0.07456 P1:0.07456 P2:0.074605 P3:0.074585 P4:0.074585 STATE:IDLE
[2026-05-11 16:51:07Z] CHK MOM:0.02% RANGE:0.08% UP:85.71% SPREAD:0.02682763% BID:0.07455 ASK:0.07457 MID:0.07456 P1:0.07456 P2:0.074605 P3:0.074585 P4:0.074585 STATE:IDLE
[2026-05-11 16:51:07Z] CHK MOM:0.02% RANGE:0.08% UP:85.71% SPREAD:0.02682763% BID:0.07455 ASK:0.07457 MID:0.07456 P1:0.07456 P2:0.074605 P3:0.074585 P4:0.074585 STATE:IDLE
[2026-05-11 16:51:08Z] CHK MOM:0.02% RANGE:0.08% UP:85.71% SPREAD:0.02682763% BID:0.07455 ASK:0.07457 MID:0.07456 P1:0.07456 P2:0.074605 P3:0.074585 P4:0.074585 STATE:IDLE
[2026-05-11 16:51:08Z] CHK MOM:0.02% RANGE:0.08% UP:85.71% SPREAD:0.02682763% BID:0.07455 ASK:0.07457 MID:0.07456 P1:0.07456 P2:0.074605 P3:0.074585 P4:0.074585 STATE:IDLE
[2026-05-11 16:51:13Z] CHK MOM:0% RANGE:0.07% UP:66.66% SPREAD:0.05366966% BID:0.07453 ASK:0.07457 MID:0.07455 P1:0.07455 P2:0.07456 P3:0.074605 P4:0.074585 STATE:IDLE
[2026-05-11 16:51:14Z] CHK MOM:-0.04% RANGE:0.08% UP:50% SPREAD:0.04025224% BID:0.07453 ASK:0.07456 MID:0.074545 P1:0.074545 P2:0.07455 P3:0.07456 P4:0.074605 STATE:IDLE
[2026-05-11 16:51:14Z] CHK MOM:-0.12% RANGE:0.16% UP:42.85% SPREAD:0.09402283% BID:0.07445 ASK:0.07452 MID:0.074485 P1:0.074485 P2:0.074545 P3:0.07455 P4:0.07456 STATE:IDLE
[2026-05-11 16:51:15Z] CHK MOM:-0.12% RANGE:0.16% UP:42.85% SPREAD:0.09402283% BID:0.07445 ASK:0.07452 MID:0.074485 P1:0.074485 P2:0.074545 P3:0.07455 P4:0.07456 STATE:IDLE
[2026-05-11 16:51:15Z] CHK MOM:-0.15% RANGE:0.18% UP:16.66% SPREAD:0.08060182% BID:0.07444 ASK:0.0745 MID:0.07447 P1:0.07447 P2:0.074485 P3:0.074545 P4:0.07455 STATE:IDLE
[2026-05-11 16:51:16Z] CHK MOM:-0.17% RANGE:0.18% UP:16.66% SPREAD:0.09403546% BID:0.07444 ASK:0.07451 MID:0.074475 P1:0.074475 P2:0.07447 P3:0.074485 P4:0.074545 STATE:IDLE
[2026-05-11 16:51:16Z] CHK MOM:-0.17% RANGE:0.18% UP:14.28% SPREAD:0.09403546% BID:0.07444 ASK:0.07451 MID:0.074475 P1:0.074475 P2:0.074475 P3:0.07447 P4:0.074485 STATE:IDLE
[2026-05-11 16:51:17Z] CHK MOM:-0.1% RANGE:0.12% UP:28.57% SPREAD:0.080591% BID:0.07445 ASK:0.07451 MID:0.07448 P1:0.07448 P2:0.074475 P3:0.074475 P4:0.07447 STATE:IDLE
[2026-05-11 16:51:17Z] CHK MOM:-0.11% RANGE:0.12% UP:25% SPREAD:0.09403546% BID:0.07444 ASK:0.07451 MID:0.074475 P1:0.074475 P2:0.07448 P3:0.074475 P4:0.074475 STATE:IDLE
[2026-05-11 16:51:19Z] CHK MOM:-0.09% RANGE:0.1% UP:37.5% SPREAD:0.080591% BID:0.07445 ASK:0.07451 MID:0.07448 P1:0.07448 P2:0.074475 P3:0.07448 P4:0.074475 STATE:IDLE
[2026-05-11 16:51:19Z] CHK MOM:-0.1% RANGE:0.1% UP:33.33% SPREAD:0.08060182% BID:0.07444 ASK:0.0745 MID:0.07447 P1:0.07447 P2:0.07448 P3:0.074475 P4:0.07448 STATE:IDLE
[2026-05-11 16:51:20Z] CHK MOM:-0.1% RANGE:0.1% UP:30% SPREAD:0.08060182% BID:0.07444 ASK:0.0745 MID:0.07447 P1:0.07447 P2:0.07447 P3:0.07448 P4:0.074475 STATE:IDLE
[2026-05-11 16:51:20Z] CHK MOM:-0.1% RANGE:0.1% UP:27.27% SPREAD:0.08060182% BID:0.07444 ASK:0.0745 MID:0.07447 P1:0.07447 P2:0.07447 P3:0.07447 P4:0.07448 STATE:IDLE
[2026-05-11 16:51:21Z] CHK MOM:-0.1% RANGE:0.1% UP:25% SPREAD:0.08060182% BID:0.07444 ASK:0.0745 MID:0.07447 P1:0.07447 P2:0.07447 P3:0.07447 P4:0.07447 STATE:IDLE
[2026-05-11 16:51:21Z] CHK MOM:-0.1% RANGE:0.1% UP:25% SPREAD:0.08060182% BID:0.07444 ASK:0.0745 MID:0.07447 P1:0.07447 P2:0.07447 P3:0.07447 P4:0.07447 STATE:IDLE
[2026-05-11 16:51:22Z] CHK MOM:-0.1% RANGE:0.1% UP:23.07% SPREAD:0.08060182% BID:0.07444 ASK:0.0745 MID:0.07447 P1:0.07447 P2:0.07447 P3:0.07447 P4:0.07447 STATE:IDLE
[2026-05-11 16:51:22Z] CHK MOM:-0.1% RANGE:0.1% UP:23.07% SPREAD:0.08060182% BID:0.07444 ASK:0.0745 MID:0.07447 P1:0.07447 P2:0.07447 P3:0.07447 P4:0.07447 STATE:IDLE
[2026-05-11 16:51:23Z] CHK MOM:-0.1% RANGE:0.1% UP:23.07% SPREAD:0.08060182% BID:0.07444 ASK:0.0745 MID:0.07447 P1:0.07447 P2:0.07447 P3:0.07447 P4:0.07447 STATE:IDLE
[2026-05-11 16:51:24Z] CHK MOM:-0.1% RANGE:0.1% UP:23.07% SPREAD:0.08060182% BID:0.07444 ASK:0.0745 MID:0.07447 P1:0.07447 P2:0.07447 P3:0.07447 P4:0.07447 STATE:IDLE
