[2026-05-11 16:09:56Z] SESSION_START symbol=SOLUSDC dry_run=0 profile=major strategy=momentum base_url=https://api.binance.com
[2026-05-11 16:09:56Z] TOXIC_MEMORY_LOADED count=4 symbols=GUNUSDC,JTOUSDC,ORDIUSDC,SAHARAUSDC
[2026-05-11 16:09:58Z] CHK MOM:0% RANGE:0% UP:0% SPREAD:0.01025115% BID:97.55 ASK:97.56 MID:97.555 P1:97.555 P2:NA P3:NA P4:NA STATE:IDLE
[2026-05-11 16:09:58Z] CHK MOM:0% RANGE:0% UP:0% SPREAD:0.01025115% BID:97.55 ASK:97.56 MID:97.555 P1:97.555 P2:97.555 P3:NA P4:NA STATE:IDLE
[2026-05-11 16:09:59Z] CHK MOM:-0.01% RANGE:0.01% UP:0% SPREAD:0.0102522% BID:97.54 ASK:97.55 MID:97.545 P1:97.545 P2:97.555 P3:97.555 P4:NA STATE:IDLE
[2026-05-11 16:09:59Z] CHK MOM:-0.03% RANGE:0.03% UP:0% SPREAD:0.0102543% BID:97.52 ASK:97.53 MID:97.525 P1:97.525 P2:97.545 P3:97.555 P4:97.555 STATE:IDLE
[2026-05-11 16:10:00Z] CHK MOM:-0.06% RANGE:0.06% UP:0% SPREAD:0.01025746% BID:97.49 ASK:97.5 MID:97.495 P1:97.495 P2:97.525 P3:97.545 P4:97.555 STATE:IDLE
[2026-05-11 16:10:00Z] CHK MOM:-0.08% RANGE:0.08% UP:0% SPREAD:0.01025956% BID:97.47 ASK:97.48 MID:97.475 P1:97.475 P2:97.495 P3:97.525 P4:97.545 STATE:IDLE
[2026-05-11 16:10:01Z] CHK MOM:-0.04% RANGE:0.08% UP:16.66% SPREAD:0.01025535% BID:97.51 ASK:97.52 MID:97.515 P1:97.515 P2:97.475 P3:97.495 P4:97.525 STATE:IDLE
[2026-05-11 16:10:01Z] CHK MOM:-0.04% RANGE:0.08% UP:14.28% SPREAD:0.01025535% BID:97.51 ASK:97.52 MID:97.515 P1:97.515 P2:97.515 P3:97.475 P4:97.495 STATE:IDLE
[2026-05-11 16:10:02Z] CHK MOM:0.01% RANGE:0.09% UP:25% SPREAD:0.0102501% BID:97.56 ASK:97.57 MID:97.565 P1:97.565 P2:97.515 P3:97.515 P4:97.475 STATE:IDLE
[2026-05-11 16:10:02Z] CHK MOM:0.02% RANGE:0.1% UP:33.33% SPREAD:0.01024905% BID:97.57 ASK:97.58 MID:97.57499999 P1:97.57499999 P2:97.565 P3:97.515 P4:97.515 STATE:IDLE
[2026-05-11 16:10:03Z] CHK MOM:0.02% RANGE:0.1% UP:30% SPREAD:0.01024905% BID:97.57 ASK:97.58 MID:97.57499999 P1:97.57499999 P2:97.57499999 P3:97.565 P4:97.515 STATE:IDLE
[2026-05-11 16:10:04Z] CHK MOM:0.02% RANGE:0.1% UP:27.27% SPREAD:0.01024905% BID:97.57 ASK:97.58 MID:97.57499999 P1:97.57499999 P2:97.57499999 P3:97.57499999 P4:97.565 STATE:IDLE
[2026-05-11 16:10:04Z] CHK MOM:0.04% RANGE:0.12% UP:33.33% SPREAD:0.01024695% BID:97.59 ASK:97.6 MID:97.595 P1:97.595 P2:97.57499999 P3:97.57499999 P4:97.57499999 STATE:IDLE
[2026-05-11 16:10:05Z] CHK MOM:0.04% RANGE:0.12% UP:30.76% SPREAD:0.01024695% BID:97.59 ASK:97.6 MID:97.595 P1:97.595 P2:97.595 P3:97.57499999 P4:97.57499999 STATE:IDLE
[2026-05-11 16:10:05Z] CHK MOM:0.05% RANGE:0.13% UP:35.71% SPREAD:0.0102459% BID:97.6 ASK:97.61 MID:97.60499999 P1:97.60499999 P2:97.595 P3:97.595 P4:97.57499999 STATE:IDLE
[2026-05-11 16:10:06Z] CHK MOM:0.1% RANGE:0.18% UP:40% SPREAD:0.01024065% BID:97.65 ASK:97.66 MID:97.655 P1:97.655 P2:97.60499999 P3:97.595 P4:97.595 STATE:IDLE
[2026-05-11 16:10:06Z] CHK MOM:0.11% RANGE:0.19% UP:43.75% SPREAD:0.0102396% BID:97.66 ASK:97.67 MID:97.66499999 P1:97.66499999 P2:97.655 P3:97.60499999 P4:97.595 STATE:IDLE
[2026-05-11 16:10:07Z] CHK MOM:0.1% RANGE:0.19% UP:41.17% SPREAD:0.01024065% BID:97.65 ASK:97.66 MID:97.655 P1:97.655 P2:97.66499999 P3:97.655 P4:97.60499999 STATE:IDLE
[2026-05-11 16:10:07Z] CHK MOM:0.17% RANGE:0.25% UP:44.44% SPREAD:0.01023331% BID:97.72 ASK:97.73 MID:97.725 P1:97.725 P2:97.655 P3:97.66499999 P4:97.655 STATE:IDLE
[2026-05-11 16:10:08Z] CHK MOM:0.19% RANGE:0.27% UP:47.36% SPREAD:0.01023122% BID:97.74 ASK:97.75 MID:97.745 P1:97.745 P2:97.725 P3:97.655 P4:97.66499999 STATE:IDLE
[2026-05-11 16:10:09Z] CHK MOM:0.2% RANGE:0.28% UP:50% SPREAD:0.01023017% BID:97.75 ASK:97.76 MID:97.755 P1:97.755 P2:97.745 P3:97.725 P4:97.655 STATE:IDLE
[2026-05-11 16:10:09Z] CHK MOM:0.21% RANGE:0.29% UP:55% SPREAD:0.01022913% BID:97.76 ASK:97.77 MID:97.765 P1:97.765 P2:97.755 P3:97.745 P4:97.725 STATE:IDLE
[2026-05-11 16:10:10Z] CHK MOM:0.23% RANGE:0.31% UP:57.14% SPREAD:0.01022704% BID:97.78 ASK:97.79 MID:97.785 P1:97.785 P2:97.765 P3:97.755 P4:97.745 STATE:IDLE
[2026-05-11 16:10:10Z] CHK MOM:0.26% RANGE:0.34% UP:59.09% SPREAD:0.0102239% BID:97.81 ASK:97.82 MID:97.815 P1:97.815 P2:97.785 P3:97.765 P4:97.755 STATE:IDLE
[2026-05-11 16:10:11Z] CHK MOM:0.26% RANGE:0.34% UP:61.9% SPREAD:0.01022704% BID:97.78 ASK:97.79 MID:97.785 P1:97.785 P2:97.815 P3:97.785 P4:97.765 STATE:IDLE
[2026-05-11 16:10:11Z] CHK MOM:0.28% RANGE:0.34% UP:61.9% SPREAD:0.01022808% BID:97.77 ASK:97.78 MID:97.775 P1:97.775 P2:97.785 P3:97.815 P4:97.785 STATE:IDLE
[2026-05-11 16:10:12Z] CHK MOM:0.29% RANGE:0.34% UP:61.9% SPREAD:0.01022913% BID:97.76 ASK:97.77 MID:97.765 P1:97.765 P2:97.775 P3:97.785 P4:97.815 STATE:IDLE
[2026-05-11 16:10:12Z] CHK MOM:0.28% RANGE:0.3% UP:61.9% SPREAD:0.01022599% BID:97.79 ASK:97.8 MID:97.795 P1:97.795 P2:97.765 P3:97.775 P4:97.785 STATE:IDLE
[2026-05-11 16:10:13Z] CHK MOM:0.25% RANGE:0.3% UP:59.09% SPREAD:0.01022913% BID:97.76 ASK:97.77 MID:97.765 P1:97.765 P2:97.795 P3:97.765 P4:97.775 STATE:IDLE
[2026-05-11 16:10:14Z] CHK MOM:0.19% RANGE:0.25% UP:57.14% SPREAD:0.01023017% BID:97.75 ASK:97.76 MID:97.755 P1:97.755 P2:97.765 P3:97.795 P4:97.765 STATE:IDLE
[2026-05-11 16:10:14Z] CHK MOM:0.16% RANGE:0.24% UP:55% SPREAD:0.01023227% BID:97.73 ASK:97.74 MID:97.735 P1:97.735 P2:97.755 P3:97.765 P4:97.795 STATE:IDLE
[2026-05-11 16:10:15Z] CHK MOM:0.16% RANGE:0.24% UP:55% SPREAD:0.01023227% BID:97.73 ASK:97.74 MID:97.735 P1:97.735 P2:97.735 P3:97.755 P4:97.765 STATE:IDLE
[2026-05-11 16:10:15Z] CHK MOM:0.13% RANGE:0.24% UP:52.38% SPREAD:0.01023541% BID:97.7 ASK:97.71 MID:97.705 P1:97.705 P2:97.735 P3:97.735 P4:97.755 STATE:IDLE
[2026-05-11 16:10:16Z] CHK MOM:0.08% RANGE:0.22% UP:47.61% SPREAD:0.01023855% BID:97.67 ASK:97.68 MID:97.675 P1:97.675 P2:97.705 P3:97.735 P4:97.735 STATE:IDLE
[2026-05-11 16:10:16Z] CHK MOM:0.06% RANGE:0.22% UP:45.45% SPREAD:0.01024065% BID:97.65 ASK:97.66 MID:97.655 P1:97.655 P2:97.675 P3:97.705 P4:97.735 STATE:IDLE
[2026-05-11 16:10:17Z] CHK MOM:0.04% RANGE:0.21% UP:42.85% SPREAD:0.0102417% BID:97.64 ASK:97.65 MID:97.645 P1:97.645 P2:97.655 P3:97.675 P4:97.705 STATE:IDLE
[2026-05-11 16:10:17Z] CHK MOM:0% RANGE:0.21% UP:40.9% SPREAD:0.0102459% BID:97.6 ASK:97.61 MID:97.60499999 P1:97.60499999 P2:97.645 P3:97.655 P4:97.675 STATE:IDLE
[2026-05-11 16:10:18Z] CHK MOM:-0.06% RANGE:0.22% UP:36.36% SPREAD:0.01024695% BID:97.59 ASK:97.6 MID:97.595 P1:97.595 P2:97.60499999 P3:97.645 P4:97.655 STATE:IDLE
[2026-05-11 16:10:19Z] CHK MOM:-0.05% RANGE:0.22% UP:36.36% SPREAD:0.01024485% BID:97.61 ASK:97.62 MID:97.615 P1:97.615 P2:97.595 P3:97.60499999 P4:97.645 STATE:IDLE
[2026-05-11 16:10:19Z] CHK MOM:-0.09% RANGE:0.22% UP:38.09% SPREAD:0.01024275% BID:97.63 ASK:97.64 MID:97.63499999 P1:97.63499999 P2:97.615 P3:97.595 P4:97.60499999 STATE:IDLE
[2026-05-11 16:10:20Z] CHK MOM:-0.13% RANGE:0.22% UP:30% SPREAD:0.0102438% BID:97.62 ASK:97.63 MID:97.625 P1:97.625 P2:97.63499999 P3:97.615 P4:97.595 STATE:IDLE
[2026-05-11 16:10:20Z] CHK MOM:-0.13% RANGE:0.22% UP:28.57% SPREAD:0.0102438% BID:97.62 ASK:97.63 MID:97.625 P1:97.625 P2:97.625 P3:97.63499999 P4:97.615 STATE:IDLE
[2026-05-11 16:10:21Z] CHK MOM:-0.12% RANGE:0.22% UP:31.81% SPREAD:0.01024275% BID:97.63 ASK:97.64 MID:97.63499999 P1:97.63499999 P2:97.625 P3:97.625 P4:97.63499999 STATE:IDLE
[2026-05-11 16:10:21Z] CHK MOM:-0.14% RANGE:0.22% UP:28.57% SPREAD:0.0102417% BID:97.64 ASK:97.65 MID:97.645 P1:97.645 P2:97.63499999 P3:97.625 P4:97.625 STATE:IDLE
[2026-05-11 16:10:22Z] CHK MOM:-0.14% RANGE:0.22% UP:27.27% SPREAD:0.0102417% BID:97.64 ASK:97.65 MID:97.645 P1:97.645 P2:97.645 P3:97.63499999 P4:97.625 STATE:IDLE
[2026-05-11 16:10:22Z] CHK MOM:-0.17% RANGE:0.22% UP:22.72% SPREAD:0.0102417% BID:97.64 ASK:97.65 MID:97.645 P1:97.645 P2:97.645 P3:97.645 P4:97.63499999 STATE:IDLE
[2026-05-11 16:10:23Z] CHK MOM:-0.14% RANGE:0.2% UP:22.72% SPREAD:0.0102417% BID:97.64 ASK:97.65 MID:97.645 P1:97.645 P2:97.645 P3:97.645 P4:97.645 STATE:IDLE
[2026-05-11 16:10:23Z] CHK MOM:-0.16% RANGE:0.2% UP:23.8% SPREAD:0.0102459% BID:97.6 ASK:97.61 MID:97.60499999 P1:97.60499999 P2:97.645 P3:97.645 P4:97.645 STATE:IDLE
[2026-05-11 16:10:24Z] CHK MOM:-0.17% RANGE:0.2% UP:22.72% SPREAD:0.01024695% BID:97.59 ASK:97.6 MID:97.595 P1:97.595 P2:97.60499999 P3:97.645 P4:97.645 STATE:IDLE
[2026-05-11 16:10:25Z] CHK MOM:-0.16% RANGE:0.16% UP:20% SPREAD:0.01024695% BID:97.59 ASK:97.6 MID:97.595 P1:97.595 P2:97.595 P3:97.60499999 P4:97.645 STATE:IDLE
[2026-05-11 16:10:25Z] CHK MOM:-0.13% RANGE:0.14% UP:25% SPREAD:0.0102459% BID:97.6 ASK:97.61 MID:97.60499999 P1:97.60499999 P2:97.595 P3:97.595 P4:97.60499999 STATE:IDLE
[2026-05-11 16:10:26Z] CHK MOM:-0.11% RANGE:0.14% UP:28.57% SPREAD:0.0102438% BID:97.62 ASK:97.63 MID:97.625 P1:97.625 P2:97.60499999 P3:97.595 P4:97.595 STATE:IDLE
[2026-05-11 16:10:26Z] CHK MOM:-0.11% RANGE:0.14% UP:27.27% SPREAD:0.0102438% BID:97.62 ASK:97.63 MID:97.625 P1:97.625 P2:97.625 P3:97.60499999 P4:97.595 STATE:IDLE
[2026-05-11 16:10:27Z] CHK MOM:-0.07% RANGE:0.11% UP:33.33% SPREAD:0.01024275% BID:97.63 ASK:97.64 MID:97.63499999 P1:97.63499999 P2:97.625 P3:97.625 P4:97.60499999 STATE:IDLE
[2026-05-11 16:10:27Z] CHK MOM:-0.04% RANGE:0.11% UP:36.36% SPREAD:0.0102396% BID:97.66 ASK:97.67 MID:97.66499999 P1:97.66499999 P2:97.63499999 P3:97.625 P4:97.625 STATE:IDLE
[2026-05-11 16:10:28Z] CHK MOM:0.01% RANGE:0.09% UP:40.9% SPREAD:0.01023751% BID:97.68 ASK:97.69 MID:97.685 P1:97.685 P2:97.66499999 P3:97.63499999 P4:97.625 STATE:IDLE
[2026-05-11 16:10:28Z] CHK MOM:0.04% RANGE:0.1% UP:45.45% SPREAD:0.01023646% BID:97.69 ASK:97.7 MID:97.695 P1:97.695 P2:97.685 P3:97.66499999 P4:97.63499999 STATE:IDLE
[2026-05-11 16:10:29Z] CHK MOM:0.08% RANGE:0.1% UP:47.61% SPREAD:0.01023751% BID:97.68 ASK:97.69 MID:97.685 P1:97.685 P2:97.695 P3:97.685 P4:97.66499999 STATE:IDLE
[2026-05-11 16:10:30Z] CHK MOM:0.08% RANGE:0.1% UP:45.45% SPREAD:0.01023751% BID:97.68 ASK:97.69 MID:97.685 P1:97.685 P2:97.685 P3:97.695 P4:97.685 STATE:IDLE
[2026-05-11 16:10:30Z] CHK MOM:0.06% RANGE:0.1% UP:45% SPREAD:0.01023646% BID:97.69 ASK:97.7 MID:97.695 P1:97.695 P2:97.685 P3:97.685 P4:97.695 STATE:IDLE
[2026-05-11 16:10:31Z] CHK MOM:0.05% RANGE:0.1% UP:42.85% SPREAD:0.01023751% BID:97.68 ASK:97.69 MID:97.685 P1:97.685 P2:97.695 P3:97.685 P4:97.685 STATE:IDLE
[2026-05-11 16:10:31Z] CHK MOM:0.07% RANGE:0.1% UP:47.61% SPREAD:0.01023646% BID:97.69 ASK:97.7 MID:97.695 P1:97.695 P2:97.685 P3:97.695 P4:97.685 STATE:IDLE
[2026-05-11 16:10:32Z] CHK MOM:0.07% RANGE:0.1% UP:47.61% SPREAD:0.01023646% BID:97.69 ASK:97.7 MID:97.695 P1:97.695 P2:97.695 P3:97.685 P4:97.695 STATE:IDLE
[2026-05-11 16:10:32Z] CHK MOM:0.05% RANGE:0.1% UP:42.85% SPREAD:0.01023751% BID:97.68 ASK:97.69 MID:97.685 P1:97.685 P2:97.695 P3:97.695 P4:97.685 STATE:IDLE
[2026-05-11 16:10:33Z] CHK MOM:0.05% RANGE:0.1% UP:42.85% SPREAD:0.01023646% BID:97.69 ASK:97.7 MID:97.695 P1:97.695 P2:97.685 P3:97.695 P4:97.695 STATE:IDLE
[2026-05-11 16:10:33Z] CHK MOM:0.05% RANGE:0.1% UP:40.9% SPREAD:0.01023646% BID:97.69 ASK:97.7 MID:97.695 P1:97.695 P2:97.695 P3:97.685 P4:97.695 STATE:IDLE
[2026-05-11 16:10:34Z] CHK MOM:0.02% RANGE:0.1% UP:42.85% SPREAD:0.0102396% BID:97.66 ASK:97.67 MID:97.66499999 P1:97.66499999 P2:97.695 P3:97.695 P4:97.685 STATE:IDLE
[2026-05-11 16:10:35Z] CHK MOM:0.01% RANGE:0.1% UP:40.9% SPREAD:0.01024065% BID:97.65 ASK:97.66 MID:97.655 P1:97.655 P2:97.66499999 P3:97.695 P4:97.695 STATE:IDLE
[2026-05-11 16:10:35Z] CHK MOM:0.05% RANGE:0.1% UP:42.85% SPREAD:0.01024065% BID:97.65 ASK:97.66 MID:97.655 P1:97.655 P2:97.655 P3:97.66499999 P4:97.695 STATE:IDLE
[2026-05-11 16:10:36Z] CHK MOM:0.06% RANGE:0.1% UP:45% SPREAD:0.01024065% BID:97.65 ASK:97.66 MID:97.655 P1:97.655 P2:97.655 P3:97.655 P4:97.66499999 STATE:IDLE
[2026-05-11 16:10:36Z] CHK MOM:0.06% RANGE:0.1% UP:42.85% SPREAD:0.01024065% BID:97.65 ASK:97.66 MID:97.655 P1:97.655 P2:97.655 P3:97.655 P4:97.655 STATE:IDLE
[2026-05-11 16:10:37Z] CHK MOM:0.08% RANGE:0.09% UP:42.85% SPREAD:0.01023751% BID:97.68 ASK:97.69 MID:97.685 P1:97.685 P2:97.655 P3:97.655 P4:97.655 STATE:IDLE
[2026-05-11 16:10:37Z] CHK MOM:0.09% RANGE:0.09% UP:42.85% SPREAD:0.01023436% BID:97.71 ASK:97.72 MID:97.715 P1:97.715 P2:97.685 P3:97.655 P4:97.655 STATE:IDLE
[2026-05-11 16:10:38Z] CHK MOM:0.09% RANGE:0.09% UP:40.9% SPREAD:0.01023436% BID:97.71 ASK:97.72 MID:97.715 P1:97.715 P2:97.715 P3:97.685 P4:97.655 STATE:IDLE
[2026-05-11 16:10:38Z] CHK MOM:0.13% RANGE:0.13% UP:42.85% SPREAD:0.01022913% BID:97.76 ASK:97.77 MID:97.765 P1:97.765 P2:97.715 P3:97.715 P4:97.685 STATE:IDLE
[2026-05-11 16:10:39Z] CHK MOM:0.13% RANGE:0.13% UP:40.9% SPREAD:0.01022913% BID:97.76 ASK:97.77 MID:97.765 P1:97.765 P2:97.765 P3:97.715 P4:97.715 STATE:IDLE
[2026-05-11 16:10:39Z] CHK MOM:0.1% RANGE:0.13% UP:38.09% SPREAD:0.01022704% BID:97.78 ASK:97.79 MID:97.785 P1:97.785 P2:97.765 P3:97.765 P4:97.715 STATE:IDLE
[2026-05-11 16:10:40Z] CHK MOM:0.1% RANGE:0.13% UP:36.36% SPREAD:0.01022704% BID:97.78 ASK:97.79 MID:97.785 P1:97.785 P2:97.785 P3:97.765 P4:97.765 STATE:IDLE
[2026-05-11 16:10:41Z] CHK MOM:0.1% RANGE:0.13% UP:33.33% SPREAD:0.01022704% BID:97.78 ASK:97.79 MID:97.785 P1:97.785 P2:97.785 P3:97.785 P4:97.765 STATE:IDLE
[2026-05-11 16:10:41Z] CHK MOM:0.09% RANGE:0.13% UP:30% SPREAD:0.01022704% BID:97.78 ASK:97.79 MID:97.785 P1:97.785 P2:97.785 P3:97.785 P4:97.785 STATE:IDLE
[2026-05-11 16:10:42Z] CHK MOM:0.09% RANGE:0.13% UP:28.57% SPREAD:0.01022704% BID:97.78 ASK:97.79 MID:97.785 P1:97.785 P2:97.785 P3:97.785 P4:97.785 STATE:IDLE
[2026-05-11 16:10:42Z] CHK MOM:0.08% RANGE:0.13% UP:28.57% SPREAD:0.01022913% BID:97.76 ASK:97.77 MID:97.765 P1:97.765 P2:97.785 P3:97.785 P4:97.785 STATE:IDLE
[2026-05-11 16:10:43Z] CHK MOM:0.08% RANGE:0.13% UP:27.27% SPREAD:0.01022913% BID:97.76 ASK:97.77 MID:97.765 P1:97.765 P2:97.765 P3:97.785 P4:97.785 STATE:IDLE
[2026-05-11 16:10:43Z] CHK MOM:0.08% RANGE:0.13% UP:26.08% SPREAD:0.01022913% BID:97.76 ASK:97.77 MID:97.765 P1:97.765 P2:97.765 P3:97.765 P4:97.785 STATE:IDLE
[2026-05-11 16:10:44Z] CHK MOM:0.08% RANGE:0.13% UP:27.27% SPREAD:0.01022808% BID:97.77 ASK:97.78 MID:97.775 P1:97.775 P2:97.765 P3:97.765 P4:97.765 STATE:IDLE
[2026-05-11 16:10:44Z] CHK MOM:0.07% RANGE:0.13% UP:23.8% SPREAD:0.01022913% BID:97.76 ASK:97.77 MID:97.765 P1:97.765 P2:97.775 P3:97.765 P4:97.765 STATE:IDLE
[2026-05-11 16:10:45Z] CHK MOM:0.05% RANGE:0.13% UP:22.72% SPREAD:0.01023122% BID:97.74 ASK:97.75 MID:97.745 P1:97.745 P2:97.765 P3:97.775 P4:97.765 STATE:IDLE
[2026-05-11 16:10:46Z] CHK MOM:0.05% RANGE:0.13% UP:23.8% SPREAD:0.01023436% BID:97.71 ASK:97.72 MID:97.715 P1:97.715 P2:97.745 P3:97.765 P4:97.775 STATE:IDLE
[2026-05-11 16:10:46Z] CHK MOM:0.05% RANGE:0.13% UP:25% SPREAD:0.01023541% BID:97.7 ASK:97.71 MID:97.705 P1:97.705 P2:97.715 P3:97.745 P4:97.765 STATE:IDLE
[2026-05-11 16:10:47Z] CHK MOM:0.05% RANGE:0.13% UP:23.8% SPREAD:0.01023541% BID:97.7 ASK:97.71 MID:97.705 P1:97.705 P2:97.705 P3:97.715 P4:97.745 STATE:IDLE
[2026-05-11 16:10:47Z] CHK MOM:0.07% RANGE:0.13% UP:28.57% SPREAD:0.01023331% BID:97.72 ASK:97.73 MID:97.725 P1:97.725 P2:97.705 P3:97.705 P4:97.715 STATE:IDLE
[2026-05-11 16:10:48Z] CHK MOM:0.14% RANGE:0.14% UP:31.81% SPREAD:0.01022599% BID:97.79 ASK:97.8 MID:97.795 P1:97.795 P2:97.725 P3:97.705 P4:97.705 STATE:IDLE
[2026-05-11 16:10:48Z] CHK MOM:0.11% RANGE:0.11% UP:28.57% SPREAD:0.01022599% BID:97.79 ASK:97.8 MID:97.795 P1:97.795 P2:97.795 P3:97.725 P4:97.705 STATE:IDLE
[2026-05-11 16:10:49Z] CHK MOM:0.11% RANGE:0.11% UP:27.27% SPREAD:0.01022599% BID:97.79 ASK:97.8 MID:97.795 P1:97.795 P2:97.795 P3:97.795 P4:97.725 STATE:IDLE
[2026-05-11 16:10:49Z] CHK MOM:0.06% RANGE:0.09% UP:22.72% SPREAD:0.01022808% BID:97.77 ASK:97.78 MID:97.775 P1:97.775 P2:97.795 P3:97.795 P4:97.795 STATE:IDLE
[2026-05-11 16:10:50Z] CHK MOM:0.01% RANGE:0.09% UP:19.04% SPREAD:0.01022808% BID:97.77 ASK:97.78 MID:97.775 P1:97.775 P2:97.775 P3:97.795 P4:97.795 STATE:IDLE
[2026-05-11 16:10:50Z] CHK MOM:0.01% RANGE:0.09% UP:18.18% SPREAD:0.01022808% BID:97.77 ASK:97.78 MID:97.775 P1:97.775 P2:97.775 P3:97.775 P4:97.795 STATE:IDLE
[2026-05-11 16:10:51Z] CHK MOM:-0.01% RANGE:0.09% UP:14.28% SPREAD:0.01022808% BID:97.77 ASK:97.78 MID:97.775 P1:97.775 P2:97.775 P3:97.775 P4:97.775 STATE:IDLE
[2026-05-11 16:10:52Z] CHK MOM:0.04% RANGE:0.12% UP:20% SPREAD:0.01022285% BID:97.82 ASK:97.83 MID:97.82499999 P1:97.82499999 P2:97.775 P3:97.775 P4:97.775 STATE:IDLE
[2026-05-11 16:10:52Z] CHK MOM:0.02% RANGE:0.12% UP:19.04% SPREAD:0.01022494% BID:97.8 ASK:97.81 MID:97.805 P1:97.805 P2:97.82499999 P3:97.775 P4:97.775 STATE:IDLE
[2026-05-11 16:10:53Z] CHK MOM:-0.01% RANGE:0.12% UP:18.18% SPREAD:0.01022808% BID:97.77 ASK:97.78 MID:97.775 P1:97.775 P2:97.805 P3:97.82499999 P4:97.775 STATE:IDLE
[2026-05-11 16:10:53Z] CHK MOM:-0.04% RANGE:0.12% UP:18.18% SPREAD:0.01023122% BID:97.74 ASK:97.75 MID:97.745 P1:97.745 P2:97.775 P3:97.805 P4:97.82499999 STATE:IDLE
[2026-05-11 16:10:54Z] CHK MOM:0.01% RANGE:0.12% UP:23.8% SPREAD:0.01022808% BID:97.77 ASK:97.78 MID:97.775 P1:97.775 P2:97.745 P3:97.775 P4:97.805 STATE:IDLE
[2026-05-11 16:10:54Z] CHK MOM:0.03% RANGE:0.12% UP:27.27% SPREAD:0.01022599% BID:97.79 ASK:97.8 MID:97.795 P1:97.795 P2:97.775 P3:97.745 P4:97.775 STATE:IDLE
[2026-05-11 16:10:55Z] CHK MOM:0.02% RANGE:0.12% UP:27.27% SPREAD:0.01022704% BID:97.78 ASK:97.79 MID:97.785 P1:97.785 P2:97.795 P3:97.775 P4:97.745 STATE:IDLE
[2026-05-11 16:10:55Z] CHK MOM:0.04% RANGE:0.12% UP:28.57% SPREAD:0.0102239% BID:97.81 ASK:97.82 MID:97.815 P1:97.815 P2:97.785 P3:97.795 P4:97.775 STATE:IDLE
[2026-05-11 16:10:56Z] CHK MOM:0.05% RANGE:0.12% UP:28.57% SPREAD:0.0102239% BID:97.81 ASK:97.82 MID:97.815 P1:97.815 P2:97.815 P3:97.785 P4:97.795 STATE:IDLE
[2026-05-11 16:10:56Z] CHK MOM:0.06% RANGE:0.12% UP:31.81% SPREAD:0.01022285% BID:97.82 ASK:97.83 MID:97.82499999 P1:97.82499999 P2:97.815 P3:97.815 P4:97.785 STATE:IDLE
[2026-05-11 16:10:57Z] CHK MOM:0.09% RANGE:0.12% UP:33.33% SPREAD:0.01022494% BID:97.8 ASK:97.81 MID:97.805 P1:97.805 P2:97.82499999 P3:97.815 P4:97.815 STATE:IDLE
[2026-05-11 16:10:57Z] CHK MOM:0.12% RANGE:0.12% UP:38.09% SPREAD:0.01022285% BID:97.82 ASK:97.83 MID:97.82499999 P1:97.82499999 P2:97.805 P3:97.82499999 P4:97.815 STATE:IDLE
[2026-05-11 16:10:58Z] CHK MOM:0.13% RANGE:0.13% UP:40.9% SPREAD:0.01022181% BID:97.83 ASK:97.84 MID:97.835 P1:97.835 P2:97.82499999 P3:97.805 P4:97.82499999 STATE:IDLE
[2026-05-11 16:10:58Z] CHK MOM:0.09% RANGE:0.13% UP:40.9% SPREAD:0.01022599% BID:97.79 ASK:97.8 MID:97.795 P1:97.795 P2:97.835 P3:97.82499999 P4:97.805 STATE:IDLE
[2026-05-11 16:10:59Z] CHK MOM:0.09% RANGE:0.11% UP:40.9% SPREAD:0.0102239% BID:97.81 ASK:97.82 MID:97.815 P1:97.815 P2:97.795 P3:97.835 P4:97.82499999 STATE:IDLE
[2026-05-11 16:10:59Z] CHK MOM:0.03% RANGE:0.09% UP:40.9% SPREAD:0.01022285% BID:97.82 ASK:97.83 MID:97.82499999 P1:97.82499999 P2:97.815 P3:97.795 P4:97.835 STATE:IDLE
[2026-05-11 16:11:00Z] CHK MOM:0.04% RANGE:0.09% UP:47.61% SPREAD:0.01022181% BID:97.83 ASK:97.84 MID:97.835 P1:97.835 P2:97.82499999 P3:97.815 P4:97.795 STATE:IDLE
[2026-05-11 16:11:00Z] CHK MOM:0.12% RANGE:0.15% UP:52.38% SPREAD:0.01021554% BID:97.89 ASK:97.9 MID:97.895 P1:97.895 P2:97.835 P3:97.82499999 P4:97.815 STATE:IDLE
[2026-05-11 16:11:01Z] CHK MOM:0.11% RANGE:0.15% UP:50% SPREAD:0.01021659% BID:97.88 ASK:97.89 MID:97.88499999 P1:97.88499999 P2:97.895 P3:97.835 P4:97.82499999 STATE:IDLE
[2026-05-11 16:11:02Z] CHK MOM:0.09% RANGE:0.15% UP:50% SPREAD:0.01021867% BID:97.86 ASK:97.87 MID:97.865 P1:97.865 P2:97.88499999 P3:97.895 P4:97.835 STATE:IDLE
[2026-05-11 16:11:02Z] CHK MOM:0.06% RANGE:0.15% UP:52.38% SPREAD:0.01022181% BID:97.83 ASK:97.84 MID:97.835 P1:97.835 P2:97.865 P3:97.88499999 P4:97.895 STATE:IDLE
[2026-05-11 16:11:03Z] CHK MOM:-0.01% RANGE:0.15% UP:47.61% SPREAD:0.0102239% BID:97.81 ASK:97.82 MID:97.815 P1:97.815 P2:97.835 P3:97.865 P4:97.88499999 STATE:IDLE
[2026-05-11 16:11:03Z] CHK MOM:-0.02% RANGE:0.15% UP:45.45% SPREAD:0.01022494% BID:97.8 ASK:97.81 MID:97.805 P1:97.805 P2:97.815 P3:97.835 P4:97.865 STATE:IDLE
[2026-05-11 16:11:04Z] CHK MOM:0% RANGE:0.15% UP:45.45% SPREAD:0.01022494% BID:97.8 ASK:97.81 MID:97.805 P1:97.805 P2:97.805 P3:97.815 P4:97.835 STATE:IDLE
[2026-05-11 16:11:04Z] CHK MOM:0.08% RANGE:0.15% UP:52.38% SPREAD:0.01022285% BID:97.82 ASK:97.83 MID:97.82499999 P1:97.82499999 P2:97.805 P3:97.805 P4:97.815 STATE:IDLE
[2026-05-11 16:11:05Z] CHK MOM:0.04% RANGE:0.12% UP:47.61% SPREAD:0.0102239% BID:97.81 ASK:97.82 MID:97.815 P1:97.815 P2:97.82499999 P3:97.805 P4:97.805 STATE:IDLE
[2026-05-11 16:11:05Z] CHK MOM:0.03% RANGE:0.12% UP:45.45% SPREAD:0.01022494% BID:97.8 ASK:97.81 MID:97.805 P1:97.805 P2:97.815 P3:97.82499999 P4:97.805 STATE:IDLE
[2026-05-11 16:11:06Z] CHK MOM:0.01% RANGE:0.11% UP:40.9% SPREAD:0.01022494% BID:97.8 ASK:97.81 MID:97.805 P1:97.805 P2:97.805 P3:97.815 P4:97.82499999 STATE:IDLE
[2026-05-11 16:11:06Z] CHK MOM:0.02% RANGE:0.11% UP:40.9% SPREAD:0.01022494% BID:97.8 ASK:97.81 MID:97.805 P1:97.805 P2:97.805 P3:97.805 P4:97.815 STATE:IDLE
[2026-05-11 16:11:08Z] CHK MOM:0% RANGE:0.1% UP:40.9% SPREAD:0.0102239% BID:97.81 ASK:97.82 MID:97.815 P1:97.815 P2:97.805 P3:97.805 P4:97.805 STATE:IDLE
[2026-05-11 16:11:08Z] CHK MOM:0.02% RANGE:0.1% UP:42.85% SPREAD:0.01022076% BID:97.84 ASK:97.85 MID:97.845 P1:97.845 P2:97.815 P3:97.805 P4:97.805 STATE:IDLE
[2026-05-11 16:11:09Z] CHK MOM:0.04% RANGE:0.1% UP:42.85% SPREAD:0.01022076% BID:97.84 ASK:97.85 MID:97.845 P1:97.845 P2:97.845 P3:97.815 P4:97.805 STATE:IDLE
[2026-05-11 16:11:09Z] CHK MOM:0.04% RANGE:0.1% UP:40.9% SPREAD:0.01022076% BID:97.84 ASK:97.85 MID:97.845 P1:97.845 P2:97.845 P3:97.845 P4:97.815 STATE:IDLE
[2026-05-11 16:11:10Z] CHK MOM:0.01% RANGE:0.1% UP:33.33% SPREAD:0.01022076% BID:97.84 ASK:97.85 MID:97.845 P1:97.845 P2:97.845 P3:97.845 P4:97.845 STATE:IDLE
[2026-05-11 16:11:10Z] CHK MOM:0.06% RANGE:0.1% UP:38.09% SPREAD:0.01021972% BID:97.85 ASK:97.86 MID:97.85499999 P1:97.85499999 P2:97.845 P3:97.845 P4:97.845 STATE:IDLE
[2026-05-11 16:11:11Z] CHK MOM:0.07% RANGE:0.09% UP:38.09% SPREAD:0.01021659% BID:97.88 ASK:97.89 MID:97.88499999 P1:97.88499999 P2:97.85499999 P3:97.845 P4:97.845 STATE:IDLE
[2026-05-11 16:11:11Z] CHK MOM:0.08% RANGE:0.09% UP:40.9% SPREAD:0.01021554% BID:97.89 ASK:97.9 MID:97.895 P1:97.895 P2:97.88499999 P3:97.85499999 P4:97.845 STATE:IDLE
[2026-05-11 16:11:12Z] CHK MOM:0.05% RANGE:0.09% UP:33.33% SPREAD:0.01021659% BID:97.88 ASK:97.89 MID:97.88499999 P1:97.88499999 P2:97.895 P3:97.88499999 P4:97.85499999 STATE:IDLE
[2026-05-11 16:11:12Z] CHK MOM:0% RANGE:0.09% UP:33.33% SPREAD:0.01021554% BID:97.89 ASK:97.9 MID:97.895 P1:97.895 P2:97.88499999 P3:97.895 P4:97.88499999 STATE:IDLE
[2026-05-11 16:11:13Z] CHK MOM:0.01% RANGE:0.09% UP:33.33% SPREAD:0.01021554% BID:97.89 ASK:97.9 MID:97.895 P1:97.895 P2:97.895 P3:97.88499999 P4:97.895 STATE:IDLE
[2026-05-11 16:11:13Z] CHK MOM:0.05% RANGE:0.11% UP:38.09% SPREAD:0.01021346% BID:97.91 ASK:97.92 MID:97.91499999 P1:97.91499999 P2:97.895 P3:97.895 P4:97.88499999 STATE:IDLE
[2026-05-11 16:11:14Z] CHK MOM:0.06% RANGE:0.11% UP:38.09% SPREAD:0.01021554% BID:97.89 ASK:97.9 MID:97.895 P1:97.895 P2:97.91499999 P3:97.895 P4:97.895 STATE:IDLE
[2026-05-11 16:11:14Z] CHK MOM:0.06% RANGE:0.11% UP:36.36% SPREAD:0.01021554% BID:97.89 ASK:97.9 MID:97.895 P1:97.895 P2:97.895 P3:97.91499999 P4:97.895 STATE:IDLE
[2026-05-11 16:11:15Z] CHK MOM:0.08% RANGE:0.11% UP:36.36% SPREAD:0.01021554% BID:97.89 ASK:97.9 MID:97.895 P1:97.895 P2:97.895 P3:97.895 P4:97.91499999 STATE:IDLE
[2026-05-11 16:11:16Z] CHK MOM:0.07% RANGE:0.11% UP:36.36% SPREAD:0.01021763% BID:97.87 ASK:97.88 MID:97.875 P1:97.875 P2:97.895 P3:97.895 P4:97.895 STATE:IDLE
[2026-05-11 16:11:16Z] CHK MOM:0.05% RANGE:0.11% UP:33.33% SPREAD:0.01021763% BID:97.87 ASK:97.88 MID:97.875 P1:97.875 P2:97.875 P3:97.895 P4:97.895 STATE:IDLE
[2026-05-11 16:11:17Z] CHK MOM:0.11% RANGE:0.12% UP:38.09% SPREAD:0.01021241% BID:97.92 ASK:97.93 MID:97.925 P1:97.925 P2:97.875 P3:97.875 P4:97.895 STATE:IDLE
[2026-05-11 16:11:17Z] CHK MOM:0.12% RANGE:0.12% UP:38.09% SPREAD:0.01021241% BID:97.92 ASK:97.93 MID:97.925 P1:97.925 P2:97.925 P3:97.875 P4:97.875 STATE:IDLE
[2026-05-11 16:11:18Z] CHK MOM:0.1% RANGE:0.12% UP:38.09% SPREAD:0.0102145% BID:97.9 ASK:97.91 MID:97.905 P1:97.905 P2:97.925 P3:97.925 P4:97.875 STATE:IDLE
[2026-05-11 16:11:19Z] CHK MOM:0.06% RANGE:0.12% UP:38.09% SPREAD:0.01021867% BID:97.86 ASK:97.87 MID:97.865 P1:97.865 P2:97.905 P3:97.925 P4:97.925 STATE:IDLE
[2026-05-11 16:11:19Z] CHK MOM:0% RANGE:0.08% UP:30% SPREAD:0.01022076% BID:97.84 ASK:97.85 MID:97.845 P1:97.845 P2:97.865 P3:97.905 P4:97.925 STATE:IDLE
[2026-05-11 16:11:20Z] CHK MOM:-0.01% RANGE:0.09% UP:28.57% SPREAD:0.01022181% BID:97.83 ASK:97.84 MID:97.835 P1:97.835 P2:97.845 P3:97.865 P4:97.905 STATE:IDLE
[2026-05-11 16:11:20Z] CHK MOM:-0.03% RANGE:0.11% UP:27.27% SPREAD:0.0102239% BID:97.81 ASK:97.82 MID:97.815 P1:97.815 P2:97.835 P3:97.845 P4:97.865 STATE:IDLE
[2026-05-11 16:11:21Z] CHK MOM:-0.03% RANGE:0.11% UP:28.57% SPREAD:0.0102239% BID:97.81 ASK:97.82 MID:97.815 P1:97.815 P2:97.815 P3:97.835 P4:97.845 STATE:IDLE
[2026-05-11 16:11:21Z] CHK MOM:-0.03% RANGE:0.11% UP:27.27% SPREAD:0.0102239% BID:97.81 ASK:97.82 MID:97.815 P1:97.815 P2:97.815 P3:97.815 P4:97.835 STATE:IDLE
[2026-05-11 16:11:22Z] CHK MOM:-0.01% RANGE:0.11% UP:31.81% SPREAD:0.01022181% BID:97.83 ASK:97.84 MID:97.835 P1:97.835 P2:97.815 P3:97.815 P4:97.815 STATE:IDLE
[2026-05-11 16:11:22Z] CHK MOM:-0.05% RANGE:0.11% UP:23.8% SPREAD:0.01022181% BID:97.83 ASK:97.84 MID:97.835 P1:97.835 P2:97.835 P3:97.815 P4:97.815 STATE:IDLE
[2026-05-11 16:11:23Z] CHK MOM:-0.05% RANGE:0.11% UP:22.72% SPREAD:0.01022181% BID:97.83 ASK:97.84 MID:97.835 P1:97.835 P2:97.835 P3:97.835 P4:97.815 STATE:IDLE
[2026-05-11 16:11:24Z] CHK MOM:-0.05% RANGE:0.11% UP:20% SPREAD:0.01022076% BID:97.84 ASK:97.85 MID:97.845 P1:97.845 P2:97.835 P3:97.835 P4:97.835 STATE:IDLE
[2026-05-11 16:11:24Z] CHK MOM:-0.04% RANGE:0.11% UP:23.8% SPREAD:0.01021972% BID:97.85 ASK:97.86 MID:97.85499999 P1:97.85499999 P2:97.845 P3:97.835 P4:97.835 STATE:IDLE
[2026-05-11 16:11:25Z] CHK MOM:-0.05% RANGE:0.11% UP:23.8% SPREAD:0.01022076% BID:97.84 ASK:97.85 MID:97.845 P1:97.845 P2:97.85499999 P3:97.845 P4:97.835 STATE:IDLE
[2026-05-11 16:11:25Z] CHK MOM:-0.1% RANGE:0.11% UP:19.04% SPREAD:0.0102239% BID:97.81 ASK:97.82 MID:97.815 P1:97.815 P2:97.845 P3:97.85499999 P4:97.845 STATE:IDLE
[2026-05-11 16:11:26Z] CHK MOM:-0.08% RANGE:0.11% UP:19.04% SPREAD:0.0102239% BID:97.81 ASK:97.82 MID:97.815 P1:97.815 P2:97.815 P3:97.845 P4:97.85499999 STATE:IDLE
[2026-05-11 16:11:26Z] CHK MOM:-0.08% RANGE:0.11% UP:18.18% SPREAD:0.0102239% BID:97.81 ASK:97.82 MID:97.815 P1:97.815 P2:97.815 P3:97.815 P4:97.845 STATE:IDLE
[2026-05-11 16:11:27Z] CHK MOM:-0.08% RANGE:0.11% UP:19.04% SPREAD:0.0102239% BID:97.81 ASK:97.82 MID:97.815 P1:97.815 P2:97.815 P3:97.815 P4:97.815 STATE:IDLE
[2026-05-11 16:11:27Z] CHK MOM:-0.08% RANGE:0.13% UP:19.04% SPREAD:0.01022599% BID:97.79 ASK:97.8 MID:97.795 P1:97.795 P2:97.815 P3:97.815 P4:97.815 STATE:IDLE
[2026-05-11 16:11:28Z] CHK MOM:-0.04% RANGE:0.13% UP:23.8% SPREAD:0.01022181% BID:97.83 ASK:97.84 MID:97.835 P1:97.835 P2:97.795 P3:97.815 P4:97.815 STATE:IDLE
[2026-05-11 16:11:29Z] CHK MOM:-0.1% RANGE:0.13% UP:20% SPREAD:0.01022285% BID:97.82 ASK:97.83 MID:97.82499999 P1:97.82499999 P2:97.835 P3:97.795 P4:97.815 STATE:IDLE
[2026-05-11 16:11:29Z] CHK MOM:-0.11% RANGE:0.13% UP:19.04% SPREAD:0.0102239% BID:97.81 ASK:97.82 MID:97.815 P1:97.815 P2:97.82499999 P3:97.835 P4:97.795 STATE:IDLE
[2026-05-11 16:11:30Z] CHK MOM:-0.05% RANGE:0.07% UP:20% SPREAD:0.0102239% BID:97.81 ASK:97.82 MID:97.815 P1:97.815 P2:97.815 P3:97.82499999 P4:97.835 STATE:IDLE
[2026-05-11 16:11:30Z] CHK MOM:-0.06% RANGE:0.07% UP:19.04% SPREAD:0.01022494% BID:97.8 ASK:97.81 MID:97.805 P1:97.805 P2:97.815 P3:97.815 P4:97.82499999 STATE:IDLE
[2026-05-11 16:11:31Z] CHK MOM:-0.08% RANGE:0.08% UP:18.18% SPREAD:0.01022704% BID:97.78 ASK:97.79 MID:97.785 P1:97.785 P2:97.805 P3:97.815 P4:97.815 STATE:IDLE
[2026-05-11 16:11:31Z] CHK MOM:-0.07% RANGE:0.08% UP:18.18% SPREAD:0.01022808% BID:97.77 ASK:97.78 MID:97.775 P1:97.775 P2:97.785 P3:97.805 P4:97.815 STATE:IDLE
[2026-05-11 16:11:32Z] CHK MOM:-0.07% RANGE:0.09% UP:18.18% SPREAD:0.01022913% BID:97.76 ASK:97.77 MID:97.765 P1:97.765 P2:97.775 P3:97.785 P4:97.805 STATE:IDLE
[2026-05-11 16:11:32Z] CHK MOM:-0.07% RANGE:0.11% UP:19.04% SPREAD:0.01023122% BID:97.74 ASK:97.75 MID:97.745 P1:97.745 P2:97.765 P3:97.775 P4:97.785 STATE:IDLE
[2026-05-11 16:11:33Z] CHK MOM:-0.07% RANGE:0.11% UP:18.18% SPREAD:0.01023122% BID:97.74 ASK:97.75 MID:97.745 P1:97.745 P2:97.745 P3:97.765 P4:97.775 STATE:IDLE
[2026-05-11 16:11:33Z] CHK MOM:-0.1% RANGE:0.12% UP:14.28% SPREAD:0.01023227% BID:97.73 ASK:97.74 MID:97.735 P1:97.735 P2:97.745 P3:97.745 P4:97.765 STATE:IDLE
[2026-05-11 16:11:34Z] CHK MOM:-0.05% RANGE:0.12% UP:19.04% SPREAD:0.01022704% BID:97.78 ASK:97.79 MID:97.785 P1:97.785 P2:97.735 P3:97.745 P4:97.745 STATE:IDLE
[2026-05-11 16:11:34Z] CHK MOM:-0.07% RANGE:0.12% UP:15% SPREAD:0.01022808% BID:97.77 ASK:97.78 MID:97.775 P1:97.775 P2:97.785 P3:97.735 P4:97.745 STATE:IDLE
[2026-05-11 16:11:35Z] CHK MOM:-0.08% RANGE:0.12% UP:14.28% SPREAD:0.01022913% BID:97.76 ASK:97.77 MID:97.765 P1:97.765 P2:97.775 P3:97.785 P4:97.735 STATE:IDLE
[2026-05-11 16:11:35Z] CHK MOM:-0.05% RANGE:0.12% UP:18.18% SPREAD:0.01022599% BID:97.79 ASK:97.8 MID:97.795 P1:97.795 P2:97.765 P3:97.775 P4:97.785 STATE:IDLE
[2026-05-11 16:11:36Z] CHK MOM:-0.04% RANGE:0.11% UP:19.04% SPREAD:0.01022494% BID:97.8 ASK:97.81 MID:97.805 P1:97.805 P2:97.795 P3:97.765 P4:97.775 STATE:IDLE
[2026-05-11 16:11:36Z] CHK MOM:-0.02% RANGE:0.1% UP:19.04% SPREAD:0.01022599% BID:97.79 ASK:97.8 MID:97.795 P1:97.795 P2:97.805 P3:97.795 P4:97.765 STATE:IDLE
[2026-05-11 16:11:37Z] CHK MOM:-0.01% RANGE:0.1% UP:22.72% SPREAD:0.01022494% BID:97.8 ASK:97.81 MID:97.805 P1:97.805 P2:97.795 P3:97.805 P4:97.795 STATE:IDLE
[2026-05-11 16:11:37Z] CHK MOM:-0.01% RANGE:0.1% UP:22.72% SPREAD:0.01022494% BID:97.8 ASK:97.81 MID:97.805 P1:97.805 P2:97.805 P3:97.795 P4:97.805 STATE:IDLE
[2026-05-11 16:11:38Z] CHK MOM:0.02% RANGE:0.1% UP:28.57% SPREAD:0.01022181% BID:97.83 ASK:97.84 MID:97.835 P1:97.835 P2:97.805 P3:97.805 P4:97.795 STATE:IDLE
[2026-05-11 16:11:40Z] CHK MOM:0.01% RANGE:0.1% UP:27.27% SPREAD:0.01022285% BID:97.82 ASK:97.83 MID:97.82499999 P1:97.82499999 P2:97.835 P3:97.805 P4:97.805 STATE:IDLE
[2026-05-11 16:11:40Z] CHK MOM:-0.09% RANGE:0.1% UP:25% SPREAD:0.01023227% BID:97.73 ASK:97.74 MID:97.735 P1:97.735 P2:97.82499999 P3:97.835 P4:97.805 STATE:IDLE
[2026-05-11 16:11:41Z] CHK MOM:-0.1% RANGE:0.12% UP:25% SPREAD:0.01023436% BID:97.71 ASK:97.72 MID:97.715 P1:97.715 P2:97.735 P3:97.82499999 P4:97.835 STATE:IDLE
[2026-05-11 16:11:41Z] CHK MOM:-0.11% RANGE:0.13% UP:25% SPREAD:0.01023541% BID:97.7 ASK:97.71 MID:97.705 P1:97.705 P2:97.715 P3:97.735 P4:97.82499999 STATE:IDLE
[2026-05-11 16:11:42Z] CHK MOM:-0.1% RANGE:0.13% UP:25% SPREAD:0.01023541% BID:97.7 ASK:97.71 MID:97.705 P1:97.705 P2:97.705 P3:97.715 P4:97.735 STATE:IDLE
[2026-05-11 16:11:42Z] CHK MOM:-0.06% RANGE:0.13% UP:31.57% SPREAD:0.01023436% BID:97.71 ASK:97.72 MID:97.715 P1:97.715 P2:97.705 P3:97.705 P4:97.715 STATE:IDLE
[2026-05-11 16:11:43Z] CHK MOM:-0.06% RANGE:0.13% UP:30% SPREAD:0.01023436% BID:97.71 ASK:97.72 MID:97.715 P1:97.715 P2:97.715 P3:97.705 P4:97.705 STATE:IDLE
[2026-05-11 16:11:43Z] CHK MOM:-0.05% RANGE:0.13% UP:30% SPREAD:0.01023436% BID:97.71 ASK:97.72 MID:97.715 P1:97.715 P2:97.715 P3:97.715 P4:97.705 STATE:IDLE
[2026-05-11 16:11:44Z] CHK MOM:-0.03% RANGE:0.13% UP:30% SPREAD:0.01023436% BID:97.71 ASK:97.72 MID:97.715 P1:97.715 P2:97.715 P3:97.715 P4:97.715 STATE:IDLE
[2026-05-11 16:11:45Z] CHK MOM:-0.07% RANGE:0.17% UP:31.57% SPREAD:0.0102396% BID:97.66 ASK:97.67 MID:97.66499999 P1:97.66499999 P2:97.715 P3:97.715 P4:97.715 STATE:IDLE
[2026-05-11 16:11:45Z] CHK MOM:-0.14% RANGE:0.19% UP:26.31% SPREAD:0.0102417% BID:97.64 ASK:97.65 MID:97.645 P1:97.645 P2:97.66499999 P3:97.715 P4:97.715 STATE:IDLE
[2026-05-11 16:11:46Z] CHK MOM:-0.11% RANGE:0.19% UP:30% SPREAD:0.01023855% BID:97.67 ASK:97.68 MID:97.675 P1:97.675 P2:97.645 P3:97.66499999 P4:97.715 STATE:IDLE
[2026-05-11 16:11:46Z] CHK MOM:-0.1% RANGE:0.19% UP:30% SPREAD:0.01023855% BID:97.67 ASK:97.68 MID:97.675 P1:97.675 P2:97.675 P3:97.645 P4:97.66499999 STATE:IDLE
[2026-05-11 16:11:47Z] CHK MOM:-0.09% RANGE:0.19% UP:30% SPREAD:0.01023855% BID:97.67 ASK:97.68 MID:97.675 P1:97.675 P2:97.675 P3:97.675 P4:97.645 STATE:IDLE
[2026-05-11 16:11:47Z] CHK MOM:-0.13% RANGE:0.19% UP:25% SPREAD:0.0102396% BID:97.66 ASK:97.67 MID:97.66499999 P1:97.66499999 P2:97.675 P3:97.675 P4:97.675 STATE:IDLE
[2026-05-11 16:11:48Z] CHK MOM:-0.13% RANGE:0.19% UP:21.05% SPREAD:0.0102396% BID:97.66 ASK:97.67 MID:97.66499999 P1:97.66499999 P2:97.66499999 P3:97.675 P4:97.675 STATE:IDLE
[2026-05-11 16:11:48Z] CHK MOM:-0.14% RANGE:0.19% UP:15.78% SPREAD:0.0102396% BID:97.66 ASK:97.67 MID:97.66499999 P1:97.66499999 P2:97.66499999 P3:97.66499999 P4:97.675 STATE:IDLE
[2026-05-11 16:11:50Z] CHK MOM:-0.15% RANGE:0.19% UP:15% SPREAD:0.01024065% BID:97.65 ASK:97.66 MID:97.655 P1:97.655 P2:97.66499999 P3:97.66499999 P4:97.66499999 STATE:IDLE
[2026-05-11 16:11:50Z] CHK MOM:-0.21% RANGE:0.21% UP:10.52% SPREAD:0.0102438% BID:97.62 ASK:97.63 MID:97.625 P1:97.625 P2:97.655 P3:97.66499999 P4:97.66499999 STATE:IDLE
[2026-05-11 16:11:51Z] CHK MOM:-0.17% RANGE:0.2% UP:15.78% SPREAD:0.01024065% BID:97.65 ASK:97.66 MID:97.655 P1:97.655 P2:97.625 P3:97.655 P4:97.66499999 STATE:IDLE
[2026-05-11 16:11:51Z] CHK MOM:-0.09% RANGE:0.11% UP:15.78% SPREAD:0.0102417% BID:97.64 ASK:97.65 MID:97.645 P1:97.645 P2:97.655 P3:97.625 P4:97.655 STATE:IDLE
[2026-05-11 16:11:52Z] CHK MOM:-0.09% RANGE:0.11% UP:15% SPREAD:0.0102417% BID:97.64 ASK:97.65 MID:97.645 P1:97.645 P2:97.645 P3:97.655 P4:97.625 STATE:IDLE
[2026-05-11 16:11:52Z] CHK MOM:-0.08% RANGE:0.11% UP:19.04% SPREAD:0.01024065% BID:97.65 ASK:97.66 MID:97.655 P1:97.655 P2:97.645 P3:97.645 P4:97.655 STATE:IDLE
[2026-05-11 16:11:53Z] CHK MOM:-0.08% RANGE:0.11% UP:19.04% SPREAD:0.01024065% BID:97.65 ASK:97.66 MID:97.655 P1:97.655 P2:97.645 P3:97.645 P4:97.655 STATE:IDLE
[2026-05-11 16:11:53Z] CHK MOM:-0.05% RANGE:0.09% UP:23.8% SPREAD:0.0102396% BID:97.66 ASK:97.67 MID:97.66499999 P1:97.66499999 P2:97.655 P3:97.645 P4:97.645 STATE:IDLE
[2026-05-11 16:11:54Z] CHK MOM:-0.04% RANGE:0.09% UP:23.8% SPREAD:0.0102396% BID:97.66 ASK:97.67 MID:97.66499999 P1:97.66499999 P2:97.66499999 P3:97.655 P4:97.645 STATE:IDLE
[2026-05-11 16:11:54Z] CHK MOM:-0.05% RANGE:0.09% UP:20% SPREAD:0.0102396% BID:97.66 ASK:97.67 MID:97.66499999 P1:97.66499999 P2:97.66499999 P3:97.66499999 P4:97.655 STATE:IDLE
[2026-05-11 16:11:55Z] CHK MOM:-0.06% RANGE:0.09% UP:20% SPREAD:0.01024065% BID:97.65 ASK:97.66 MID:97.655 P1:97.655 P2:97.66499999 P3:97.66499999 P4:97.66499999 STATE:IDLE
[2026-05-11 16:11:55Z] CHK MOM:-0.05% RANGE:0.09% UP:26.31% SPREAD:0.0102396% BID:97.66 ASK:97.67 MID:97.66499999 P1:97.66499999 P2:97.655 P3:97.66499999 P4:97.66499999 STATE:IDLE
[2026-05-11 16:11:56Z] CHK MOM:0% RANGE:0.05% UP:26.31% SPREAD:0.0102396% BID:97.66 ASK:97.67 MID:97.66499999 P1:97.66499999 P2:97.66499999 P3:97.655 P4:97.66499999 STATE:IDLE
[2026-05-11 16:11:56Z] CHK MOM:0% RANGE:0.05% UP:25% SPREAD:0.0102396% BID:97.66 ASK:97.67 MID:97.66499999 P1:97.66499999 P2:97.66499999 P3:97.66499999 P4:97.655 STATE:IDLE
