[2026-05-11 16:14:03Z] SESSION_START symbol=STRKUSDC dry_run=0 profile=major strategy=momentum base_url=https://api.binance.com
[2026-05-11 16:14:03Z] TOXIC_MEMORY_LOADED count=4 symbols=GUNUSDC,JTOUSDC,ORDIUSDC,SAHARAUSDC
[2026-05-11 16:14:05Z] CHK MOM:0% RANGE:0% UP:0% SPREAD:0.39999999% BID:0.05 ASK:0.0502 MID:0.0501 P1:0.0501 P2:NA P3:NA P4:NA STATE:IDLE
[2026-05-11 16:14:06Z] CHK MOM:0% RANGE:0% UP:0% SPREAD:0.39999999% BID:0.05 ASK:0.0502 MID:0.0501 P1:0.0501 P2:0.0501 P3:NA P4:NA STATE:IDLE
[2026-05-11 16:14:06Z] CHK MOM:0% RANGE:0% UP:0% SPREAD:0.39999999% BID:0.05 ASK:0.0502 MID:0.0501 P1:0.0501 P2:0.0501 P3:NA P4:NA STATE:IDLE
[2026-05-11 16:14:07Z] CHK MOM:0% RANGE:0% UP:0% SPREAD:0.39999999% BID:0.05 ASK:0.0502 MID:0.0501 P1:0.0501 P2:0.0501 P3:NA P4:NA STATE:IDLE
[2026-05-11 16:14:07Z] CHK MOM:0% RANGE:0% UP:0% SPREAD:0.39999999% BID:0.05 ASK:0.0502 MID:0.0501 P1:0.0501 P2:0.0501 P3:0.0501 P4:NA STATE:IDLE
[2026-05-11 16:14:08Z] CHK MOM:0% RANGE:0% UP:0% SPREAD:0.39999999% BID:0.05 ASK:0.0502 MID:0.0501 P1:0.0501 P2:0.0501 P3:0.0501 P4:0.0501 STATE:IDLE
[2026-05-11 16:14:08Z] CHK MOM:-0.09% RANGE:0.09% UP:0% SPREAD:0.19999999% BID:0.05 ASK:0.0501 MID:0.05005 P1:0.05005 P2:0.0501 P3:0.0501 P4:0.0501 STATE:IDLE
[2026-05-11 16:14:09Z] CHK MOM:-0.09% RANGE:0.09% UP:0% SPREAD:0.19999999% BID:0.05 ASK:0.0501 MID:0.05005 P1:0.05005 P2:0.0501 P3:0.0501 P4:0.0501 STATE:IDLE
[2026-05-11 16:14:09Z] CHK MOM:-0.09% RANGE:0.09% UP:0% SPREAD:0.19999999% BID:0.05 ASK:0.0501 MID:0.05005 P1:0.05005 P2:0.0501 P3:0.0501 P4:0.0501 STATE:IDLE
[2026-05-11 16:14:10Z] CHK MOM:-0.09% RANGE:0.09% UP:0% SPREAD:0.19999999% BID:0.05 ASK:0.0501 MID:0.05005 P1:0.05005 P2:0.0501 P3:0.0501 P4:0.0501 STATE:IDLE
[2026-05-11 16:14:11Z] CHK MOM:0% RANGE:0.09% UP:20% SPREAD:0.39999999% BID:0.05 ASK:0.0502 MID:0.0501 P1:0.0501 P2:0.05005 P3:0.0501 P4:0.0501 STATE:IDLE
[2026-05-11 16:14:11Z] CHK MOM:0% RANGE:0.09% UP:20% SPREAD:0.39999999% BID:0.05 ASK:0.0502 MID:0.0501 P1:0.0501 P2:0.05005 P3:0.0501 P4:0.0501 STATE:IDLE
[2026-05-11 16:14:12Z] CHK MOM:0% RANGE:0.09% UP:20% SPREAD:0.39999999% BID:0.05 ASK:0.0502 MID:0.0501 P1:0.0501 P2:0.05005 P3:0.0501 P4:0.0501 STATE:IDLE
[2026-05-11 16:14:12Z] CHK MOM:0% RANGE:0.09% UP:20% SPREAD:0.39999999% BID:0.05 ASK:0.0502 MID:0.0501 P1:0.0501 P2:0.05005 P3:0.0501 P4:0.0501 STATE:IDLE
[2026-05-11 16:14:13Z] CHK MOM:0% RANGE:0.09% UP:20% SPREAD:0.39999999% BID:0.05 ASK:0.0502 MID:0.0501 P1:0.0501 P2:0.05005 P3:0.0501 P4:0.0501 STATE:IDLE
[2026-05-11 16:14:14Z] CHK MOM:0% RANGE:0.09% UP:16.66% SPREAD:0.39999999% BID:0.05 ASK:0.0502 MID:0.0501 P1:0.0501 P2:0.0501 P3:0.05005 P4:0.0501 STATE:IDLE
[2026-05-11 16:14:14Z] CHK MOM:0% RANGE:0.09% UP:16.66% SPREAD:0.39999999% BID:0.05 ASK:0.0502 MID:0.0501 P1:0.0501 P2:0.0501 P3:0.05005 P4:0.0501 STATE:IDLE
[2026-05-11 16:14:15Z] CHK MOM:0% RANGE:0.09% UP:16.66% SPREAD:0.39999999% BID:0.05 ASK:0.0502 MID:0.0501 P1:0.0501 P2:0.0501 P3:0.05005 P4:0.0501 STATE:IDLE
[2026-05-11 16:14:16Z] CHK MOM:0% RANGE:0.09% UP:16.66% SPREAD:0.39999999% BID:0.05 ASK:0.0502 MID:0.0501 P1:0.0501 P2:0.0501 P3:0.05005 P4:0.0501 STATE:IDLE
[2026-05-11 16:14:16Z] CHK MOM:0% RANGE:0.09% UP:16.66% SPREAD:0.39999999% BID:0.05 ASK:0.0502 MID:0.0501 P1:0.0501 P2:0.0501 P3:0.05005 P4:0.0501 STATE:IDLE
[2026-05-11 16:14:17Z] CHK MOM:0% RANGE:0.09% UP:16.66% SPREAD:0.39999999% BID:0.05 ASK:0.0502 MID:0.0501 P1:0.0501 P2:0.0501 P3:0.0501 P4:0.05005 STATE:IDLE
[2026-05-11 16:14:18Z] CHK MOM:-0.09% RANGE:0.09% UP:14.28% SPREAD:0.19999999% BID:0.05 ASK:0.0501 MID:0.05005 P1:0.05005 P2:0.0501 P3:0.0501 P4:0.0501 STATE:IDLE
[2026-05-11 16:14:18Z] CHK MOM:-0.09% RANGE:0.09% UP:14.28% SPREAD:0.19999999% BID:0.05 ASK:0.0501 MID:0.05005 P1:0.05005 P2:0.0501 P3:0.0501 P4:0.0501 STATE:IDLE
[2026-05-11 16:14:19Z] CHK MOM:-0.09% RANGE:0.09% UP:14.28% SPREAD:0.19999999% BID:0.05 ASK:0.0501 MID:0.05005 P1:0.05005 P2:0.0501 P3:0.0501 P4:0.0501 STATE:IDLE
[2026-05-11 16:14:19Z] CHK MOM:-0.09% RANGE:0.09% UP:14.28% SPREAD:0.19999999% BID:0.05 ASK:0.0501 MID:0.05005 P1:0.05005 P2:0.0501 P3:0.0501 P4:0.0501 STATE:IDLE
[2026-05-11 16:14:20Z] CHK MOM:-0.09% RANGE:0.09% UP:14.28% SPREAD:0.19999999% BID:0.05 ASK:0.0501 MID:0.05005 P1:0.05005 P2:0.0501 P3:0.0501 P4:0.0501 STATE:IDLE
[2026-05-11 16:14:21Z] CHK MOM:-0.09% RANGE:0.09% UP:14.28% SPREAD:0.19999999% BID:0.05 ASK:0.0501 MID:0.05005 P1:0.05005 P2:0.0501 P3:0.0501 P4:0.0501 STATE:IDLE
[2026-05-11 16:14:22Z] CHK MOM:0% RANGE:0.09% UP:25% SPREAD:0.39999999% BID:0.05 ASK:0.0502 MID:0.0501 P1:0.0501 P2:0.05005 P3:0.0501 P4:0.0501 STATE:IDLE
[2026-05-11 16:14:22Z] CHK MOM:0% RANGE:0.09% UP:20% SPREAD:0.39999999% BID:0.05 ASK:0.0502 MID:0.0501 P1:0.0501 P2:0.0501 P3:0.05005 P4:0.0501 STATE:IDLE
[2026-05-11 16:14:23Z] CHK MOM:0% RANGE:0.09% UP:20% SPREAD:0.39999999% BID:0.05 ASK:0.0502 MID:0.0501 P1:0.0501 P2:0.0501 P3:0.05005 P4:0.0501 STATE:IDLE
[2026-05-11 16:14:23Z] CHK MOM:0% RANGE:0.09% UP:20% SPREAD:0.39999999% BID:0.05 ASK:0.0502 MID:0.0501 P1:0.0501 P2:0.0501 P3:0.0501 P4:0.05005 STATE:IDLE
[2026-05-11 16:14:24Z] CHK MOM:0% RANGE:0.09% UP:20% SPREAD:0.39999999% BID:0.05 ASK:0.0502 MID:0.0501 P1:0.0501 P2:0.0501 P3:0.0501 P4:0.05005 STATE:IDLE
[2026-05-11 16:14:24Z] CHK MOM:0% RANGE:0.09% UP:20% SPREAD:0.39999999% BID:0.05 ASK:0.0502 MID:0.0501 P1:0.0501 P2:0.0501 P3:0.0501 P4:0.05005 STATE:IDLE
[2026-05-11 16:14:25Z] CHK MOM:0% RANGE:0.09% UP:20% SPREAD:0.39999999% BID:0.05 ASK:0.0502 MID:0.0501 P1:0.0501 P2:0.0501 P3:0.0501 P4:0.05005 STATE:IDLE
[2026-05-11 16:14:25Z] CHK MOM:0% RANGE:0.09% UP:20% SPREAD:0.39999999% BID:0.05 ASK:0.0502 MID:0.0501 P1:0.0501 P2:0.0501 P3:0.0501 P4:0.05005 STATE:IDLE
[2026-05-11 16:14:28Z] CHK MOM:0% RANGE:0.09% UP:20% SPREAD:0.39999999% BID:0.05 ASK:0.0502 MID:0.0501 P1:0.0501 P2:0.0501 P3:0.0501 P4:0.0501 STATE:IDLE
[2026-05-11 16:14:29Z] CHK MOM:0% RANGE:0.09% UP:20% SPREAD:0.39999999% BID:0.05 ASK:0.0502 MID:0.0501 P1:0.0501 P2:0.0501 P3:0.0501 P4:0.0501 STATE:IDLE
[2026-05-11 16:14:29Z] CHK MOM:0% RANGE:0.09% UP:16.66% SPREAD:0.39999999% BID:0.05 ASK:0.0502 MID:0.0501 P1:0.0501 P2:0.0501 P3:0.0501 P4:0.0501 STATE:IDLE
[2026-05-11 16:14:30Z] CHK MOM:0% RANGE:0.09% UP:16.66% SPREAD:0.39999999% BID:0.05 ASK:0.0502 MID:0.0501 P1:0.0501 P2:0.0501 P3:0.0501 P4:0.0501 STATE:IDLE
[2026-05-11 16:14:30Z] CHK MOM:0% RANGE:0.09% UP:16.66% SPREAD:0.39999999% BID:0.05 ASK:0.0502 MID:0.0501 P1:0.0501 P2:0.0501 P3:0.0501 P4:0.0501 STATE:IDLE
[2026-05-11 16:14:31Z] CHK MOM:0% RANGE:0.09% UP:16.66% SPREAD:0.39999999% BID:0.05 ASK:0.0502 MID:0.0501 P1:0.0501 P2:0.0501 P3:0.0501 P4:0.0501 STATE:IDLE
[2026-05-11 16:14:31Z] CHK MOM:0% RANGE:0.09% UP:16.66% SPREAD:0.39999999% BID:0.05 ASK:0.0502 MID:0.0501 P1:0.0501 P2:0.0501 P3:0.0501 P4:0.0501 STATE:IDLE
[2026-05-11 16:14:32Z] CHK MOM:0% RANGE:0.09% UP:16.66% SPREAD:0.39999999% BID:0.05 ASK:0.0502 MID:0.0501 P1:0.0501 P2:0.0501 P3:0.0501 P4:0.0501 STATE:IDLE
[2026-05-11 16:14:43Z] CHK MOM:0% RANGE:0% UP:0% SPREAD:0.39999999% BID:0.05 ASK:0.0502 MID:0.0501 P1:0.0501 P2:0.0501 P3:0.0501 P4:0.0501 STATE:IDLE
[2026-05-11 16:14:43Z] CHK MOM:0% RANGE:0% UP:0% SPREAD:0.39999999% BID:0.05 ASK:0.0502 MID:0.0501 P1:0.0501 P2:0.0501 P3:0.0501 P4:0.0501 STATE:IDLE
[2026-05-11 16:14:44Z] CHK MOM:0% RANGE:0% UP:0% SPREAD:0.39999999% BID:0.05 ASK:0.0502 MID:0.0501 P1:0.0501 P2:0.0501 P3:0.0501 P4:0.0501 STATE:IDLE
[2026-05-11 16:14:44Z] CHK MOM:0% RANGE:0% UP:0% SPREAD:0.39999999% BID:0.05 ASK:0.0502 MID:0.0501 P1:0.0501 P2:0.0501 P3:0.0501 P4:0.0501 STATE:IDLE
[2026-05-11 16:14:45Z] CHK MOM:0% RANGE:0% UP:0% SPREAD:0.39999999% BID:0.05 ASK:0.0502 MID:0.0501 P1:0.0501 P2:0.0501 P3:0.0501 P4:0.0501 STATE:IDLE
[2026-05-11 16:14:45Z] CHK MOM:0% RANGE:0% UP:0% SPREAD:0.39999999% BID:0.05 ASK:0.0502 MID:0.0501 P1:0.0501 P2:0.0501 P3:0.0501 P4:0.0501 STATE:IDLE
[2026-05-11 16:14:46Z] CHK MOM:0% RANGE:0% UP:0% SPREAD:0.39999999% BID:0.05 ASK:0.0502 MID:0.0501 P1:0.0501 P2:0.0501 P3:0.0501 P4:0.0501 STATE:IDLE
[2026-05-11 16:14:46Z] CHK MOM:0% RANGE:0% UP:0% SPREAD:0.39999999% BID:0.05 ASK:0.0502 MID:0.0501 P1:0.0501 P2:0.0501 P3:0.0501 P4:0.0501 STATE:IDLE
[2026-05-11 16:14:47Z] CHK MOM:-0.09% RANGE:0.09% UP:0% SPREAD:0.19999999% BID:0.05 ASK:0.0501 MID:0.05005 P1:0.05005 P2:0.0501 P3:0.0501 P4:0.0501 STATE:IDLE
[2026-05-11 16:14:48Z] CHK MOM:-0.09% RANGE:0.09% UP:0% SPREAD:0.19999999% BID:0.05 ASK:0.0501 MID:0.05005 P1:0.05005 P2:0.05005 P3:0.0501 P4:0.0501 STATE:IDLE
[2026-05-11 16:14:49Z] CHK MOM:-0.09% RANGE:0.09% UP:0% SPREAD:0.19999999% BID:0.05 ASK:0.0501 MID:0.05005 P1:0.05005 P2:0.05005 P3:0.05005 P4:0.0501 STATE:IDLE
[2026-05-11 16:14:49Z] CHK MOM:-0.09% RANGE:0.09% UP:0% SPREAD:0.19999999% BID:0.05 ASK:0.0501 MID:0.05005 P1:0.05005 P2:0.05005 P3:0.05005 P4:0.0501 STATE:IDLE
[2026-05-11 16:14:50Z] CHK MOM:-0.09% RANGE:0.09% UP:0% SPREAD:0.19999999% BID:0.05 ASK:0.0501 MID:0.05005 P1:0.05005 P2:0.05005 P3:0.05005 P4:0.0501 STATE:IDLE
[2026-05-11 16:14:50Z] CHK MOM:-0.09% RANGE:0.09% UP:0% SPREAD:0.19999999% BID:0.05 ASK:0.0501 MID:0.05005 P1:0.05005 P2:0.05005 P3:0.05005 P4:0.0501 STATE:IDLE
[2026-05-11 16:14:51Z] CHK MOM:-0.09% RANGE:0.09% UP:0% SPREAD:0.19999999% BID:0.05 ASK:0.0501 MID:0.05005 P1:0.05005 P2:0.05005 P3:0.05005 P4:0.0501 STATE:IDLE
[2026-05-11 16:14:51Z] CHK MOM:-0.09% RANGE:0.09% UP:0% SPREAD:0.19999999% BID:0.05 ASK:0.0501 MID:0.05005 P1:0.05005 P2:0.05005 P3:0.05005 P4:0.0501 STATE:IDLE
[2026-05-11 16:14:52Z] CHK MOM:-0.09% RANGE:0.09% UP:0% SPREAD:0.19999999% BID:0.05 ASK:0.0501 MID:0.05005 P1:0.05005 P2:0.05005 P3:0.05005 P4:0.05005 STATE:IDLE
[2026-05-11 16:14:53Z] CHK MOM:-0.09% RANGE:0.09% UP:0% SPREAD:0.19999999% BID:0.05 ASK:0.0501 MID:0.05005 P1:0.05005 P2:0.05005 P3:0.05005 P4:0.05005 STATE:IDLE
[2026-05-11 16:14:54Z] CHK MOM:-0.09% RANGE:0.09% UP:0% SPREAD:0.19999999% BID:0.05 ASK:0.0501 MID:0.05005 P1:0.05005 P2:0.05005 P3:0.05005 P4:0.05005 STATE:IDLE
[2026-05-11 16:14:54Z] CHK MOM:-0.09% RANGE:0.09% UP:0% SPREAD:0.19999999% BID:0.05 ASK:0.0501 MID:0.05005 P1:0.05005 P2:0.05005 P3:0.05005 P4:0.05005 STATE:IDLE
[2026-05-11 16:14:55Z] CHK MOM:-0.09% RANGE:0.09% UP:0% SPREAD:0.19999999% BID:0.05 ASK:0.0501 MID:0.05005 P1:0.05005 P2:0.05005 P3:0.05005 P4:0.05005 STATE:IDLE
[2026-05-11 16:15:02Z] CHK MOM:0% RANGE:0% UP:0% SPREAD:0.19999999% BID:0.05 ASK:0.0501 MID:0.05005 P1:0.05005 P2:0.05005 P3:0.05005 P4:0.05005 STATE:IDLE
[2026-05-11 16:15:03Z] CHK MOM:0% RANGE:0% UP:0% SPREAD:0.19999999% BID:0.05 ASK:0.0501 MID:0.05005 P1:0.05005 P2:0.05005 P3:0.05005 P4:0.05005 STATE:IDLE
[2026-05-11 16:15:03Z] CHK MOM:0% RANGE:0% UP:0% SPREAD:0.19999999% BID:0.05 ASK:0.0501 MID:0.05005 P1:0.05005 P2:0.05005 P3:0.05005 P4:0.05005 STATE:IDLE
[2026-05-11 16:15:04Z] CHK MOM:0% RANGE:0% UP:0% SPREAD:0.19999999% BID:0.05 ASK:0.0501 MID:0.05005 P1:0.05005 P2:0.05005 P3:0.05005 P4:0.05005 STATE:IDLE
[2026-05-11 16:15:04Z] CHK MOM:0% RANGE:0% UP:0% SPREAD:0.19999999% BID:0.05 ASK:0.0501 MID:0.05005 P1:0.05005 P2:0.05005 P3:0.05005 P4:0.05005 STATE:IDLE
[2026-05-11 16:15:05Z] CHK MOM:0% RANGE:0% UP:0% SPREAD:0.19999999% BID:0.05 ASK:0.0501 MID:0.05005 P1:0.05005 P2:0.05005 P3:0.05005 P4:0.05005 STATE:IDLE
[2026-05-11 16:15:05Z] CHK MOM:0% RANGE:0% UP:0% SPREAD:0.19999999% BID:0.05 ASK:0.0501 MID:0.05005 P1:0.05005 P2:0.05005 P3:0.05005 P4:0.05005 STATE:IDLE
[2026-05-11 16:15:06Z] CHK MOM:0% RANGE:0% UP:0% SPREAD:0.19999999% BID:0.05 ASK:0.0501 MID:0.05005 P1:0.05005 P2:0.05005 P3:0.05005 P4:0.05005 STATE:IDLE
[2026-05-11 16:15:06Z] CHK MOM:0% RANGE:0% UP:0% SPREAD:0.19999999% BID:0.05 ASK:0.0501 MID:0.05005 P1:0.05005 P2:0.05005 P3:0.05005 P4:0.05005 STATE:IDLE
[2026-05-11 16:15:07Z] CHK MOM:0% RANGE:0% UP:0% SPREAD:0.19999999% BID:0.05 ASK:0.0501 MID:0.05005 P1:0.05005 P2:0.05005 P3:0.05005 P4:0.05005 STATE:IDLE
[2026-05-11 16:15:08Z] CHK MOM:0.19% RANGE:0.19% UP:20% SPREAD:0.19960079% BID:0.0501 ASK:0.0502 MID:0.05015 P1:0.05015 P2:0.05005 P3:0.05005 P4:0.05005 STATE:IDLE
[2026-05-11 16:15:08Z] CHK MOM:0.19% RANGE:0.19% UP:20% SPREAD:0.19960079% BID:0.0501 ASK:0.0502 MID:0.05015 P1:0.05015 P2:0.05005 P3:0.05005 P4:0.05005 STATE:IDLE
[2026-05-11 16:15:09Z] CHK MOM:0.19% RANGE:0.19% UP:20% SPREAD:0.19960079% BID:0.0501 ASK:0.0502 MID:0.05015 P1:0.05015 P2:0.05005 P3:0.05005 P4:0.05005 STATE:IDLE
[2026-05-11 16:15:09Z] CHK MOM:0.19% RANGE:0.19% UP:20% SPREAD:0.19960079% BID:0.0501 ASK:0.0502 MID:0.05015 P1:0.05015 P2:0.05005 P3:0.05005 P4:0.05005 STATE:IDLE
[2026-05-11 16:15:10Z] CHK MOM:0.19% RANGE:0.19% UP:16.66% SPREAD:0.19960079% BID:0.0501 ASK:0.0502 MID:0.05015 P1:0.05015 P2:0.05015 P3:0.05005 P4:0.05005 STATE:IDLE
[2026-05-11 16:15:10Z] CHK MOM:0.19% RANGE:0.19% UP:16.66% SPREAD:0.19960079% BID:0.0501 ASK:0.0502 MID:0.05015 P1:0.05015 P2:0.05015 P3:0.05005 P4:0.05005 STATE:IDLE
[2026-05-11 16:15:11Z] CHK MOM:0.19% RANGE:0.19% UP:16.66% SPREAD:0.19960079% BID:0.0501 ASK:0.0502 MID:0.05015 P1:0.05015 P2:0.05015 P3:0.05005 P4:0.05005 STATE:IDLE
[2026-05-11 16:15:11Z] CHK MOM:0.19% RANGE:0.19% UP:14.28% SPREAD:0.19960079% BID:0.0501 ASK:0.0502 MID:0.05015 P1:0.05015 P2:0.05015 P3:0.05015 P4:0.05005 STATE:IDLE
[2026-05-11 16:15:12Z] CHK MOM:0.19% RANGE:0.19% UP:14.28% SPREAD:0.19960079% BID:0.0501 ASK:0.0502 MID:0.05015 P1:0.05015 P2:0.05015 P3:0.05015 P4:0.05005 STATE:IDLE
[2026-05-11 16:15:13Z] CHK MOM:0.19% RANGE:0.19% UP:14.28% SPREAD:0.19960079% BID:0.0501 ASK:0.0502 MID:0.05015 P1:0.05015 P2:0.05015 P3:0.05015 P4:0.05005 STATE:IDLE
[2026-05-11 16:15:13Z] CHK MOM:0.19% RANGE:0.19% UP:12.5% SPREAD:0.19960079% BID:0.0501 ASK:0.0502 MID:0.05015 P1:0.05015 P2:0.05015 P3:0.05015 P4:0.05015 STATE:IDLE
[2026-05-11 16:15:14Z] CHK MOM:0.19% RANGE:0.19% UP:12.5% SPREAD:0.19960079% BID:0.0501 ASK:0.0502 MID:0.05015 P1:0.05015 P2:0.05015 P3:0.05015 P4:0.05015 STATE:IDLE
[2026-05-11 16:15:14Z] CHK MOM:0.19% RANGE:0.19% UP:12.5% SPREAD:0.19960079% BID:0.0501 ASK:0.0502 MID:0.05015 P1:0.05015 P2:0.05015 P3:0.05015 P4:0.05015 STATE:IDLE
[2026-05-11 16:15:15Z] CHK MOM:0.19% RANGE:0.19% UP:12.5% SPREAD:0.19960079% BID:0.0501 ASK:0.0502 MID:0.05015 P1:0.05015 P2:0.05015 P3:0.05015 P4:0.05015 STATE:IDLE
[2026-05-11 16:15:15Z] CHK MOM:0.19% RANGE:0.19% UP:14.28% SPREAD:0.19960079% BID:0.0501 ASK:0.0502 MID:0.05015 P1:0.05015 P2:0.05015 P3:0.05015 P4:0.05015 STATE:IDLE
[2026-05-11 16:15:16Z] CHK MOM:0.19% RANGE:0.19% UP:12.5% SPREAD:0.19960079% BID:0.0501 ASK:0.0502 MID:0.05015 P1:0.05015 P2:0.05015 P3:0.05015 P4:0.05015 STATE:IDLE
[2026-05-11 16:15:16Z] CHK MOM:0.19% RANGE:0.19% UP:12.5% SPREAD:0.19960079% BID:0.0501 ASK:0.0502 MID:0.05015 P1:0.05015 P2:0.05015 P3:0.05015 P4:0.05015 STATE:IDLE
[2026-05-11 16:15:17Z] CHK MOM:0.19% RANGE:0.19% UP:11.11% SPREAD:0.19960079% BID:0.0501 ASK:0.0502 MID:0.05015 P1:0.05015 P2:0.05015 P3:0.05015 P4:0.05015 STATE:IDLE
[2026-05-11 16:15:17Z] CHK MOM:0.19% RANGE:0.19% UP:11.11% SPREAD:0.19960079% BID:0.0501 ASK:0.0502 MID:0.05015 P1:0.05015 P2:0.05015 P3:0.05015 P4:0.05015 STATE:IDLE
[2026-05-11 16:15:18Z] CHK MOM:0.19% RANGE:0.19% UP:11.11% SPREAD:0.19960079% BID:0.0501 ASK:0.0502 MID:0.05015 P1:0.05015 P2:0.05015 P3:0.05015 P4:0.05015 STATE:IDLE
[2026-05-11 16:15:19Z] CHK MOM:0% RANGE:0% UP:0% SPREAD:0.19960079% BID:0.0501 ASK:0.0502 MID:0.05015 P1:0.05015 P2:0.05015 P3:0.05015 P4:0.05015 STATE:IDLE
[2026-05-11 16:15:19Z] CHK MOM:0% RANGE:0% UP:0% SPREAD:0.19960079% BID:0.0501 ASK:0.0502 MID:0.05015 P1:0.05015 P2:0.05015 P3:0.05015 P4:0.05015 STATE:IDLE
[2026-05-11 16:15:20Z] CHK MOM:0% RANGE:0% UP:0% SPREAD:0.19960079% BID:0.0501 ASK:0.0502 MID:0.05015 P1:0.05015 P2:0.05015 P3:0.05015 P4:0.05015 STATE:IDLE
[2026-05-11 16:15:20Z] CHK MOM:0% RANGE:0% UP:0% SPREAD:0.19960079% BID:0.0501 ASK:0.0502 MID:0.05015 P1:0.05015 P2:0.05015 P3:0.05015 P4:0.05015 STATE:IDLE
[2026-05-11 16:15:21Z] CHK MOM:0% RANGE:0% UP:0% SPREAD:0.19960079% BID:0.0501 ASK:0.0502 MID:0.05015 P1:0.05015 P2:0.05015 P3:0.05015 P4:0.05015 STATE:IDLE
[2026-05-11 16:15:21Z] CHK MOM:0% RANGE:0% UP:0% SPREAD:0.19960079% BID:0.0501 ASK:0.0502 MID:0.05015 P1:0.05015 P2:0.05015 P3:0.05015 P4:0.05015 STATE:IDLE
[2026-05-11 16:15:23Z] CHK MOM:0% RANGE:0% UP:0% SPREAD:0.19960079% BID:0.0501 ASK:0.0502 MID:0.05015 P1:0.05015 P2:0.05015 P3:0.05015 P4:0.05015 STATE:IDLE
[2026-05-11 16:15:24Z] CHK MOM:0% RANGE:0% UP:0% SPREAD:0.19960079% BID:0.0501 ASK:0.0502 MID:0.05015 P1:0.05015 P2:0.05015 P3:0.05015 P4:0.05015 STATE:IDLE
[2026-05-11 16:15:24Z] CHK MOM:0% RANGE:0% UP:0% SPREAD:0.19960079% BID:0.0501 ASK:0.0502 MID:0.05015 P1:0.05015 P2:0.05015 P3:0.05015 P4:0.05015 STATE:IDLE
[2026-05-11 16:15:25Z] CHK MOM:0% RANGE:0% UP:0% SPREAD:0.19960079% BID:0.0501 ASK:0.0502 MID:0.05015 P1:0.05015 P2:0.05015 P3:0.05015 P4:0.05015 STATE:IDLE
[2026-05-11 16:15:25Z] CHK MOM:0% RANGE:0% UP:0% SPREAD:0.19960079% BID:0.0501 ASK:0.0502 MID:0.05015 P1:0.05015 P2:0.05015 P3:0.05015 P4:0.05015 STATE:IDLE
[2026-05-11 16:15:26Z] CHK MOM:0% RANGE:0% UP:0% SPREAD:0.19960079% BID:0.0501 ASK:0.0502 MID:0.05015 P1:0.05015 P2:0.05015 P3:0.05015 P4:0.05015 STATE:IDLE
[2026-05-11 16:15:26Z] CHK MOM:0% RANGE:0% UP:0% SPREAD:0.19960079% BID:0.0501 ASK:0.0502 MID:0.05015 P1:0.05015 P2:0.05015 P3:0.05015 P4:0.05015 STATE:IDLE
[2026-05-11 16:15:27Z] CHK MOM:0% RANGE:0% UP:0% SPREAD:0.19960079% BID:0.0501 ASK:0.0502 MID:0.05015 P1:0.05015 P2:0.05015 P3:0.05015 P4:0.05015 STATE:IDLE
[2026-05-11 16:15:27Z] CHK MOM:0% RANGE:0% UP:0% SPREAD:0.19960079% BID:0.0501 ASK:0.0502 MID:0.05015 P1:0.05015 P2:0.05015 P3:0.05015 P4:0.05015 STATE:IDLE
[2026-05-11 16:15:28Z] CHK MOM:-0.19% RANGE:0.19% UP:0% SPREAD:0.19999999% BID:0.05 ASK:0.0501 MID:0.05005 P1:0.05005 P2:0.05015 P3:0.05015 P4:0.05015 STATE:IDLE
[2026-05-11 16:15:29Z] CHK MOM:-0.09% RANGE:0.19% UP:11.11% SPREAD:0.39999999% BID:0.05 ASK:0.0502 MID:0.0501 P1:0.0501 P2:0.05005 P3:0.05015 P4:0.05015 STATE:IDLE
[2026-05-11 16:15:29Z] CHK MOM:-0.09% RANGE:0.19% UP:12.5% SPREAD:0.39999999% BID:0.05 ASK:0.0502 MID:0.0501 P1:0.0501 P2:0.0501 P3:0.05005 P4:0.05015 STATE:IDLE
[2026-05-11 16:15:30Z] CHK MOM:-0.09% RANGE:0.19% UP:12.5% SPREAD:0.39999999% BID:0.05 ASK:0.0502 MID:0.0501 P1:0.0501 P2:0.0501 P3:0.05005 P4:0.05015 STATE:IDLE
[2026-05-11 16:15:30Z] CHK MOM:-0.19% RANGE:0.19% UP:12.5% SPREAD:0.19999999% BID:0.05 ASK:0.0501 MID:0.05005 P1:0.05005 P2:0.0501 P3:0.0501 P4:0.05005 STATE:IDLE
[2026-05-11 16:15:31Z] CHK MOM:-0.19% RANGE:0.19% UP:12.5% SPREAD:0.19999999% BID:0.05 ASK:0.0501 MID:0.05005 P1:0.05005 P2:0.0501 P3:0.0501 P4:0.05005 STATE:IDLE
[2026-05-11 16:15:31Z] CHK MOM:-0.19% RANGE:0.19% UP:12.5% SPREAD:0.19999999% BID:0.05 ASK:0.0501 MID:0.05005 P1:0.05005 P2:0.05005 P3:0.0501 P4:0.0501 STATE:IDLE
[2026-05-11 16:15:32Z] CHK MOM:-0.19% RANGE:0.19% UP:11.11% SPREAD:0.19999999% BID:0.05 ASK:0.0501 MID:0.05005 P1:0.05005 P2:0.05005 P3:0.05005 P4:0.0501 STATE:IDLE
[2026-05-11 16:15:32Z] CHK MOM:-0.19% RANGE:0.19% UP:11.11% SPREAD:0.19999999% BID:0.05 ASK:0.0501 MID:0.05005 P1:0.05005 P2:0.05005 P3:0.05005 P4:0.0501 STATE:IDLE
[2026-05-11 16:15:33Z] CHK MOM:-0.19% RANGE:0.19% UP:10% SPREAD:0.19999999% BID:0.05 ASK:0.0501 MID:0.05005 P1:0.05005 P2:0.05005 P3:0.05005 P4:0.05005 STATE:IDLE
[2026-05-11 16:15:34Z] CHK MOM:-0.19% RANGE:0.19% UP:10% SPREAD:0.19999999% BID:0.05 ASK:0.0501 MID:0.05005 P1:0.05005 P2:0.05005 P3:0.05005 P4:0.05005 STATE:IDLE
[2026-05-11 16:15:34Z] CHK MOM:-0.19% RANGE:0.19% UP:9.09% SPREAD:0.19999999% BID:0.05 ASK:0.0501 MID:0.05005 P1:0.05005 P2:0.05005 P3:0.05005 P4:0.05005 STATE:IDLE
[2026-05-11 16:15:35Z] CHK MOM:-0.19% RANGE:0.19% UP:9.09% SPREAD:0.19999999% BID:0.05 ASK:0.0501 MID:0.05005 P1:0.05005 P2:0.05005 P3:0.05005 P4:0.05005 STATE:IDLE
[2026-05-11 16:15:35Z] CHK MOM:-0.19% RANGE:0.19% UP:9.09% SPREAD:0.19999999% BID:0.05 ASK:0.0501 MID:0.05005 P1:0.05005 P2:0.05005 P3:0.05005 P4:0.05005 STATE:IDLE
[2026-05-11 16:15:36Z] CHK MOM:-0.19% RANGE:0.19% UP:10% SPREAD:0.19999999% BID:0.05 ASK:0.0501 MID:0.05005 P1:0.05005 P2:0.05005 P3:0.05005 P4:0.05005 STATE:IDLE
[2026-05-11 16:15:36Z] CHK MOM:-0.19% RANGE:0.19% UP:10% SPREAD:0.19999999% BID:0.05 ASK:0.0501 MID:0.05005 P1:0.05005 P2:0.05005 P3:0.05005 P4:0.05005 STATE:IDLE
[2026-05-11 16:15:37Z] CHK MOM:-0.19% RANGE:0.19% UP:10% SPREAD:0.19999999% BID:0.05 ASK:0.0501 MID:0.05005 P1:0.05005 P2:0.05005 P3:0.05005 P4:0.05005 STATE:IDLE
[2026-05-11 16:15:37Z] CHK MOM:-0.19% RANGE:0.19% UP:10% SPREAD:0.19999999% BID:0.05 ASK:0.0501 MID:0.05005 P1:0.05005 P2:0.05005 P3:0.05005 P4:0.05005 STATE:IDLE
[2026-05-11 16:15:38Z] CHK MOM:-0.19% RANGE:0.19% UP:10% SPREAD:0.19999999% BID:0.05 ASK:0.0501 MID:0.05005 P1:0.05005 P2:0.05005 P3:0.05005 P4:0.05005 STATE:IDLE
[2026-05-11 16:15:38Z] CHK MOM:-0.19% RANGE:0.19% UP:10% SPREAD:0.19999999% BID:0.05 ASK:0.0501 MID:0.05005 P1:0.05005 P2:0.05005 P3:0.05005 P4:0.05005 STATE:IDLE
[2026-05-11 16:15:51Z] CHK MOM:0% RANGE:0% UP:0% SPREAD:0.19999999% BID:0.05 ASK:0.0501 MID:0.05005 P1:0.05005 P2:0.05005 P3:0.05005 P4:0.05005 STATE:IDLE
[2026-05-11 16:15:51Z] CHK MOM:0% RANGE:0% UP:0% SPREAD:0.19999999% BID:0.05 ASK:0.0501 MID:0.05005 P1:0.05005 P2:0.05005 P3:0.05005 P4:0.05005 STATE:IDLE
[2026-05-11 16:15:52Z] CHK MOM:0% RANGE:0% UP:0% SPREAD:0.19999999% BID:0.05 ASK:0.0501 MID:0.05005 P1:0.05005 P2:0.05005 P3:0.05005 P4:0.05005 STATE:IDLE
[2026-05-11 16:15:52Z] CHK MOM:-0.09% RANGE:0.09% UP:0% SPREAD:0.4008016% BID:0.0499 ASK:0.0501 MID:0.05 P1:0.05 P2:0.05005 P3:0.05005 P4:0.05005 STATE:IDLE
[2026-05-11 16:15:53Z] CHK MOM:0% RANGE:0.09% UP:33.33% SPREAD:0.19999999% BID:0.05 ASK:0.0501 MID:0.05005 P1:0.05005 P2:0.05 P3:0.05005 P4:0.05005 STATE:IDLE
[2026-05-11 16:15:53Z] CHK MOM:0% RANGE:0.09% UP:25% SPREAD:0.19999999% BID:0.05 ASK:0.0501 MID:0.05005 P1:0.05005 P2:0.05005 P3:0.05 P4:0.05005 STATE:IDLE
[2026-05-11 16:15:54Z] CHK MOM:0% RANGE:0.09% UP:25% SPREAD:0.19999999% BID:0.05 ASK:0.0501 MID:0.05005 P1:0.05005 P2:0.05005 P3:0.05 P4:0.05005 STATE:IDLE
[2026-05-11 16:15:54Z] CHK MOM:0% RANGE:0.09% UP:25% SPREAD:0.19999999% BID:0.05 ASK:0.0501 MID:0.05005 P1:0.05005 P2:0.05005 P3:0.05 P4:0.05005 STATE:IDLE
[2026-05-11 16:15:55Z] CHK MOM:0% RANGE:0.09% UP:25% SPREAD:0.19999999% BID:0.05 ASK:0.0501 MID:0.05005 P1:0.05005 P2:0.05005 P3:0.05 P4:0.05005 STATE:IDLE
[2026-05-11 16:15:56Z] CHK MOM:0% RANGE:0.09% UP:25% SPREAD:0.19999999% BID:0.05 ASK:0.0501 MID:0.05005 P1:0.05005 P2:0.05005 P3:0.05 P4:0.05005 STATE:IDLE
[2026-05-11 16:15:57Z] CHK MOM:0% RANGE:0.09% UP:20% SPREAD:0.19999999% BID:0.05 ASK:0.0501 MID:0.05005 P1:0.05005 P2:0.05005 P3:0.05005 P4:0.05 STATE:IDLE
[2026-05-11 16:15:58Z] CHK MOM:0% RANGE:0.09% UP:20% SPREAD:0.19999999% BID:0.05 ASK:0.0501 MID:0.05005 P1:0.05005 P2:0.05005 P3:0.05005 P4:0.05 STATE:IDLE
[2026-05-11 16:15:58Z] CHK MOM:0% RANGE:0.09% UP:16.66% SPREAD:0.19999999% BID:0.05 ASK:0.0501 MID:0.05005 P1:0.05005 P2:0.05005 P3:0.05005 P4:0.05005 STATE:IDLE
[2026-05-11 16:15:59Z] CHK MOM:0% RANGE:0.09% UP:16.66% SPREAD:0.19999999% BID:0.05 ASK:0.0501 MID:0.05005 P1:0.05005 P2:0.05005 P3:0.05005 P4:0.05005 STATE:IDLE
[2026-05-11 16:15:59Z] CHK MOM:0% RANGE:0.09% UP:16.66% SPREAD:0.19999999% BID:0.05 ASK:0.0501 MID:0.05005 P1:0.05005 P2:0.05005 P3:0.05005 P4:0.05005 STATE:IDLE
[2026-05-11 16:16:00Z] CHK MOM:0% RANGE:0.09% UP:16.66% SPREAD:0.19999999% BID:0.05 ASK:0.0501 MID:0.05005 P1:0.05005 P2:0.05005 P3:0.05005 P4:0.05005 STATE:IDLE
[2026-05-11 16:16:01Z] CHK MOM:0% RANGE:0.09% UP:14.28% SPREAD:0.19999999% BID:0.05 ASK:0.0501 MID:0.05005 P1:0.05005 P2:0.05005 P3:0.05005 P4:0.05005 STATE:IDLE
[2026-05-11 16:16:01Z] CHK MOM:0% RANGE:0.09% UP:14.28% SPREAD:0.19999999% BID:0.05 ASK:0.0501 MID:0.05005 P1:0.05005 P2:0.05005 P3:0.05005 P4:0.05005 STATE:IDLE
[2026-05-11 16:16:02Z] CHK MOM:0% RANGE:0.09% UP:12.5% SPREAD:0.19999999% BID:0.05 ASK:0.0501 MID:0.05005 P1:0.05005 P2:0.05005 P3:0.05005 P4:0.05005 STATE:IDLE
[2026-05-11 16:16:02Z] CHK MOM:0% RANGE:0.09% UP:12.5% SPREAD:0.19999999% BID:0.05 ASK:0.0501 MID:0.05005 P1:0.05005 P2:0.05005 P3:0.05005 P4:0.05005 STATE:IDLE
[2026-05-11 16:16:03Z] CHK MOM:0% RANGE:0.09% UP:12.5% SPREAD:0.19999999% BID:0.05 ASK:0.0501 MID:0.05005 P1:0.05005 P2:0.05005 P3:0.05005 P4:0.05005 STATE:IDLE
[2026-05-11 16:16:03Z] CHK MOM:0% RANGE:0.09% UP:12.5% SPREAD:0.19999999% BID:0.05 ASK:0.0501 MID:0.05005 P1:0.05005 P2:0.05005 P3:0.05005 P4:0.05005 STATE:IDLE
[2026-05-11 16:16:04Z] CHK MOM:0.09% RANGE:0.09% UP:14.28% SPREAD:0.19999999% BID:0.05 ASK:0.0501 MID:0.05005 P1:0.05005 P2:0.05005 P3:0.05005 P4:0.05005 STATE:IDLE
[2026-05-11 16:16:04Z] CHK MOM:0.09% RANGE:0.09% UP:12.5% SPREAD:0.19999999% BID:0.05 ASK:0.0501 MID:0.05005 P1:0.05005 P2:0.05005 P3:0.05005 P4:0.05005 STATE:IDLE
[2026-05-11 16:16:05Z] CHK MOM:0.09% RANGE:0.09% UP:12.5% SPREAD:0.19999999% BID:0.05 ASK:0.0501 MID:0.05005 P1:0.05005 P2:0.05005 P3:0.05005 P4:0.05005 STATE:IDLE
[2026-05-11 16:16:06Z] CHK MOM:0.09% RANGE:0.09% UP:12.5% SPREAD:0.19999999% BID:0.05 ASK:0.0501 MID:0.05005 P1:0.05005 P2:0.05005 P3:0.05005 P4:0.05005 STATE:IDLE
[2026-05-11 16:16:06Z] CHK MOM:0.09% RANGE:0.09% UP:12.5% SPREAD:0.19999999% BID:0.05 ASK:0.0501 MID:0.05005 P1:0.05005 P2:0.05005 P3:0.05005 P4:0.05005 STATE:IDLE
