[2026-05-11 16:41:04Z] SESSION_START symbol=TIAUSDC dry_run=0 profile=major strategy=momentum base_url=https://api.binance.com
[2026-05-11 16:41:04Z] TOXIC_MEMORY_LOADED count=4 symbols=GUNUSDC,JTOUSDC,ORDIUSDC,SAHARAUSDC
[2026-05-11 16:41:06Z] CHK MOM:0% RANGE:0% UP:0% SPREAD:0.02222222% BID:0.45 ASK:0.4501 MID:0.45005 P1:0.45005 P2:NA P3:NA P4:NA STATE:IDLE
[2026-05-11 16:41:06Z] CHK MOM:-0.01% RANGE:0.01% UP:0% SPREAD:0.04445432% BID:0.4499 ASK:0.4501 MID:0.45 P1:0.45 P2:0.45005 P3:NA P4:NA STATE:IDLE
[2026-05-11 16:41:07Z] CHK MOM:-0.02% RANGE:0.02% UP:0% SPREAD:0.02222716% BID:0.4499 ASK:0.45 MID:0.44995 P1:0.44995 P2:0.45 P3:0.45005 P4:NA STATE:IDLE
[2026-05-11 16:41:07Z] CHK MOM:-0.02% RANGE:0.02% UP:0% SPREAD:0.02222716% BID:0.4499 ASK:0.45 MID:0.44995 P1:0.44995 P2:0.45 P3:0.45005 P4:NA STATE:IDLE
[2026-05-11 16:41:08Z] CHK MOM:-0.02% RANGE:0.02% UP:0% SPREAD:0.02222716% BID:0.4499 ASK:0.45 MID:0.44995 P1:0.44995 P2:0.45 P3:0.45005 P4:NA STATE:IDLE
[2026-05-11 16:41:08Z] CHK MOM:-0.02% RANGE:0.02% UP:0% SPREAD:0.02222716% BID:0.4499 ASK:0.45 MID:0.44995 P1:0.44995 P2:0.45 P3:0.45005 P4:NA STATE:IDLE
[2026-05-11 16:41:09Z] CHK MOM:-0.02% RANGE:0.02% UP:0% SPREAD:0.02222716% BID:0.4499 ASK:0.45 MID:0.44995 P1:0.44995 P2:0.45 P3:0.45005 P4:NA STATE:IDLE
[2026-05-11 16:41:09Z] CHK MOM:0% RANGE:0.02% UP:33.33% SPREAD:0.02222222% BID:0.45 ASK:0.4501 MID:0.45005 P1:0.45005 P2:0.44995 P3:0.45 P4:0.45005 STATE:IDLE
[2026-05-11 16:41:10Z] CHK MOM:0% RANGE:0.02% UP:25% SPREAD:0.02222222% BID:0.45 ASK:0.4501 MID:0.45005 P1:0.45005 P2:0.45005 P3:0.44995 P4:0.45 STATE:IDLE
[2026-05-11 16:41:10Z] CHK MOM:0% RANGE:0.02% UP:25% SPREAD:0.02222222% BID:0.45 ASK:0.4501 MID:0.45005 P1:0.45005 P2:0.45005 P3:0.44995 P4:0.45 STATE:IDLE
[2026-05-11 16:41:11Z] CHK MOM:-0.02% RANGE:0.02% UP:20% SPREAD:0.02222716% BID:0.4499 ASK:0.45 MID:0.44995 P1:0.44995 P2:0.45005 P3:0.45005 P4:0.44995 STATE:IDLE
[2026-05-11 16:41:12Z] CHK MOM:-0.02% RANGE:0.02% UP:16.66% SPREAD:0.02222716% BID:0.4499 ASK:0.45 MID:0.44995 P1:0.44995 P2:0.44995 P3:0.45005 P4:0.45005 STATE:IDLE
[2026-05-11 16:41:12Z] CHK MOM:-0.05% RANGE:0.05% UP:14.28% SPREAD:0.04447409% BID:0.4497 ASK:0.4499 MID:0.4498 P1:0.4498 P2:0.44995 P3:0.44995 P4:0.45005 STATE:IDLE
[2026-05-11 16:41:13Z] CHK MOM:-0.06% RANGE:0.06% UP:12.5% SPREAD:0.02223704% BID:0.4497 ASK:0.4498 MID:0.44975 P1:0.44975 P2:0.4498 P3:0.44995 P4:0.44995 STATE:IDLE
[2026-05-11 16:41:13Z] CHK MOM:-0.07% RANGE:0.07% UP:11.11% SPREAD:0.04448398% BID:0.4496 ASK:0.4498 MID:0.4497 P1:0.4497 P2:0.44975 P3:0.4498 P4:0.44995 STATE:IDLE
[2026-05-11 16:41:14Z] CHK MOM:-0.06% RANGE:0.07% UP:20% SPREAD:0.02223704% BID:0.4497 ASK:0.4498 MID:0.44975 P1:0.44975 P2:0.4497 P3:0.44975 P4:0.4498 STATE:IDLE
[2026-05-11 16:41:14Z] CHK MOM:-0.04% RANGE:0.07% UP:27.27% SPREAD:0.0222321% BID:0.4498 ASK:0.4499 MID:0.44984999 P1:0.44984999 P2:0.44975 P3:0.4497 P4:0.44975 STATE:IDLE
[2026-05-11 16:41:15Z] CHK MOM:-0.04% RANGE:0.07% UP:25% SPREAD:0.0222321% BID:0.4498 ASK:0.4499 MID:0.44984999 P1:0.44984999 P2:0.44984999 P3:0.44975 P4:0.4497 STATE:IDLE
[2026-05-11 16:41:15Z] CHK MOM:-0.08% RANGE:0.08% UP:23.07% SPREAD:0.02224199% BID:0.4496 ASK:0.4497 MID:0.44965 P1:0.44965 P2:0.44984999 P3:0.44984999 P4:0.44975 STATE:IDLE
[2026-05-11 16:41:16Z] CHK MOM:-0.11% RANGE:0.11% UP:21.42% SPREAD:0.02224694% BID:0.4495 ASK:0.4496 MID:0.44955 P1:0.44955 P2:0.44965 P3:0.44984999 P4:0.44984999 STATE:IDLE
[2026-05-11 16:41:17Z] CHK MOM:-0.11% RANGE:0.11% UP:21.42% SPREAD:0.02224694% BID:0.4495 ASK:0.4496 MID:0.44955 P1:0.44955 P2:0.44965 P3:0.44984999 P4:0.44984999 STATE:IDLE
[2026-05-11 16:41:17Z] CHK MOM:-0.11% RANGE:0.11% UP:21.42% SPREAD:0.02224694% BID:0.4495 ASK:0.4496 MID:0.44955 P1:0.44955 P2:0.44965 P3:0.44984999 P4:0.44984999 STATE:IDLE
[2026-05-11 16:41:18Z] CHK MOM:-0.08% RANGE:0.11% UP:28.57% SPREAD:0.04449388% BID:0.4495 ASK:0.4497 MID:0.4496 P1:0.4496 P2:0.44955 P3:0.44965 P4:0.44984999 STATE:IDLE
[2026-05-11 16:41:18Z] CHK MOM:-0.1% RANGE:0.11% UP:26.66% SPREAD:0.02224694% BID:0.4495 ASK:0.4496 MID:0.44955 P1:0.44955 P2:0.4496 P3:0.44955 P4:0.44965 STATE:IDLE
[2026-05-11 16:41:19Z] CHK MOM:-0.09% RANGE:0.11% UP:28.57% SPREAD:0.04449388% BID:0.4495 ASK:0.4497 MID:0.4496 P1:0.4496 P2:0.44955 P3:0.4496 P4:0.44955 STATE:IDLE
[2026-05-11 16:41:19Z] CHK MOM:-0.09% RANGE:0.11% UP:28.57% SPREAD:0.04449388% BID:0.4495 ASK:0.4497 MID:0.4496 P1:0.4496 P2:0.44955 P3:0.4496 P4:0.44955 STATE:IDLE
[2026-05-11 16:41:20Z] CHK MOM:-0.11% RANGE:0.11% UP:26.66% SPREAD:0.02224694% BID:0.4495 ASK:0.4496 MID:0.44955 P1:0.44955 P2:0.4496 P3:0.44955 P4:0.4496 STATE:IDLE
[2026-05-11 16:41:20Z] CHK MOM:-0.11% RANGE:0.11% UP:26.66% SPREAD:0.02224694% BID:0.4495 ASK:0.4496 MID:0.44955 P1:0.44955 P2:0.4496 P3:0.44955 P4:0.4496 STATE:IDLE
[2026-05-11 16:41:21Z] CHK MOM:-0.11% RANGE:0.11% UP:26.66% SPREAD:0.02224694% BID:0.4495 ASK:0.4496 MID:0.44955 P1:0.44955 P2:0.4496 P3:0.44955 P4:0.4496 STATE:IDLE
[2026-05-11 16:41:21Z] CHK MOM:-0.11% RANGE:0.11% UP:26.66% SPREAD:0.02224694% BID:0.4495 ASK:0.4496 MID:0.44955 P1:0.44955 P2:0.4496 P3:0.44955 P4:0.4496 STATE:IDLE
[2026-05-11 16:41:22Z] CHK MOM:-0.11% RANGE:0.11% UP:26.66% SPREAD:0.02224694% BID:0.4495 ASK:0.4496 MID:0.44955 P1:0.44955 P2:0.4496 P3:0.44955 P4:0.4496 STATE:IDLE
[2026-05-11 16:41:23Z] CHK MOM:-0.15% RANGE:0.15% UP:30.76% SPREAD:0.02226179% BID:0.4492 ASK:0.4493 MID:0.44925 P1:0.44925 P2:0.44955 P3:0.4496 P4:0.44955 STATE:IDLE
[2026-05-11 16:41:24Z] CHK MOM:-0.16% RANGE:0.16% UP:28.57% SPREAD:0.04453351% BID:0.4491 ASK:0.4493 MID:0.4492 P1:0.4492 P2:0.44925 P3:0.44955 P4:0.4496 STATE:IDLE
[2026-05-11 16:41:24Z] CHK MOM:-0.12% RANGE:0.14% UP:35.71% SPREAD:0.02226179% BID:0.4492 ASK:0.4493 MID:0.44925 P1:0.44925 P2:0.4492 P3:0.44925 P4:0.44955 STATE:IDLE
[2026-05-11 16:41:25Z] CHK MOM:-0.12% RANGE:0.14% UP:35.71% SPREAD:0.02226179% BID:0.4492 ASK:0.4493 MID:0.44925 P1:0.44925 P2:0.4492 P3:0.44925 P4:0.44955 STATE:IDLE
[2026-05-11 16:41:25Z] CHK MOM:-0.14% RANGE:0.17% UP:38.46% SPREAD:0.02227171% BID:0.449 ASK:0.4491 MID:0.44905 P1:0.44905 P2:0.44925 P3:0.4492 P4:0.44925 STATE:IDLE
[2026-05-11 16:41:26Z] CHK MOM:-0.14% RANGE:0.17% UP:38.46% SPREAD:0.02227171% BID:0.449 ASK:0.4491 MID:0.44905 P1:0.44905 P2:0.44925 P3:0.4492 P4:0.44925 STATE:IDLE
[2026-05-11 16:41:26Z] CHK MOM:-0.17% RANGE:0.17% UP:27.27% SPREAD:0.02227171% BID:0.449 ASK:0.4491 MID:0.44905 P1:0.44905 P2:0.44905 P3:0.44925 P4:0.4492 STATE:IDLE
[2026-05-11 16:41:27Z] CHK MOM:-0.17% RANGE:0.17% UP:27.27% SPREAD:0.02227171% BID:0.449 ASK:0.4491 MID:0.44905 P1:0.44905 P2:0.44905 P3:0.44925 P4:0.4492 STATE:IDLE
[2026-05-11 16:41:28Z] CHK MOM:-0.13% RANGE:0.13% UP:27.27% SPREAD:0.02227171% BID:0.449 ASK:0.4491 MID:0.44905 P1:0.44905 P2:0.44905 P3:0.44905 P4:0.44925 STATE:IDLE
[2026-05-11 16:41:28Z] CHK MOM:-0.11% RANGE:0.12% UP:30% SPREAD:0.04454342% BID:0.449 ASK:0.4492 MID:0.4491 P1:0.4491 P2:0.44905 P3:0.44905 P4:0.44905 STATE:IDLE
[2026-05-11 16:41:29Z] CHK MOM:-0.14% RANGE:0.14% UP:27.27% SPREAD:0.02227667% BID:0.4489 ASK:0.449 MID:0.44895 P1:0.44895 P2:0.4491 P3:0.44905 P4:0.44905 STATE:IDLE
[2026-05-11 16:41:29Z] CHK MOM:-0.15% RANGE:0.15% UP:25% SPREAD:0.04456327% BID:0.4488 ASK:0.449 MID:0.44889999 P1:0.44889999 P2:0.44895 P3:0.4491 P4:0.44905 STATE:IDLE
[2026-05-11 16:41:30Z] CHK MOM:-0.12% RANGE:0.15% UP:30.76% SPREAD:0.02227171% BID:0.449 ASK:0.4491 MID:0.44905 P1:0.44905 P2:0.44889999 P3:0.44895 P4:0.4491 STATE:IDLE
[2026-05-11 16:41:30Z] CHK MOM:-0.12% RANGE:0.15% UP:25% SPREAD:0.02227171% BID:0.449 ASK:0.4491 MID:0.44905 P1:0.44905 P2:0.44905 P3:0.44889999 P4:0.44895 STATE:IDLE
[2026-05-11 16:41:31Z] CHK MOM:-0.11% RANGE:0.15% UP:30.76% SPREAD:0.04454342% BID:0.449 ASK:0.4492 MID:0.4491 P1:0.4491 P2:0.44905 P3:0.44905 P4:0.44889999 STATE:IDLE
[2026-05-11 16:41:31Z] CHK MOM:-0.08% RANGE:0.14% UP:38.46% SPREAD:0.02226675% BID:0.4491 ASK:0.4492 MID:0.44915 P1:0.44915 P2:0.4491 P3:0.44905 P4:0.44905 STATE:IDLE
[2026-05-11 16:41:32Z] CHK MOM:-0.04% RANGE:0.07% UP:38.46% SPREAD:0.02227171% BID:0.449 ASK:0.4491 MID:0.44905 P1:0.44905 P2:0.44915 P3:0.4491 P4:0.44905 STATE:IDLE
[2026-05-11 16:41:32Z] CHK MOM:-0.03% RANGE:0.07% UP:42.85% SPREAD:0.04454342% BID:0.449 ASK:0.4492 MID:0.4491 P1:0.4491 P2:0.44905 P3:0.44915 P4:0.4491 STATE:IDLE
[2026-05-11 16:41:33Z] CHK MOM:-0.03% RANGE:0.07% UP:42.85% SPREAD:0.04454342% BID:0.449 ASK:0.4492 MID:0.4491 P1:0.4491 P2:0.44905 P3:0.44915 P4:0.4491 STATE:IDLE
[2026-05-11 16:41:34Z] CHK MOM:0.02% RANGE:0.1% UP:46.66% SPREAD:0.02225684% BID:0.4493 ASK:0.4494 MID:0.44935 P1:0.44935 P2:0.4491 P3:0.44905 P4:0.44915 STATE:IDLE
[2026-05-11 16:41:34Z] CHK MOM:0.02% RANGE:0.1% UP:46.66% SPREAD:0.02225684% BID:0.4493 ASK:0.4494 MID:0.44935 P1:0.44935 P2:0.4491 P3:0.44905 P4:0.44915 STATE:IDLE
[2026-05-11 16:41:35Z] CHK MOM:0.01% RANGE:0.1% UP:43.75% SPREAD:0.04452359% BID:0.4492 ASK:0.4494 MID:0.4493 P1:0.4493 P2:0.44935 P3:0.4491 P4:0.44905 STATE:IDLE
[2026-05-11 16:41:35Z] CHK MOM:0.01% RANGE:0.1% UP:43.75% SPREAD:0.04452359% BID:0.4492 ASK:0.4494 MID:0.4493 P1:0.4493 P2:0.44935 P3:0.4491 P4:0.44905 STATE:IDLE
[2026-05-11 16:41:36Z] CHK MOM:0.01% RANGE:0.1% UP:43.75% SPREAD:0.04452359% BID:0.4492 ASK:0.4494 MID:0.4493 P1:0.4493 P2:0.44935 P3:0.4491 P4:0.44905 STATE:IDLE
[2026-05-11 16:41:36Z] CHK MOM:0.02% RANGE:0.1% UP:46.66% SPREAD:0.02225684% BID:0.4493 ASK:0.4494 MID:0.44935 P1:0.44935 P2:0.4493 P3:0.44935 P4:0.4491 STATE:IDLE
[2026-05-11 16:41:37Z] CHK MOM:0.02% RANGE:0.1% UP:46.66% SPREAD:0.02225684% BID:0.4493 ASK:0.4494 MID:0.44935 P1:0.44935 P2:0.4493 P3:0.44935 P4:0.4491 STATE:IDLE
[2026-05-11 16:41:37Z] CHK MOM:0.08% RANGE:0.12% UP:53.33% SPREAD:0.02225189% BID:0.4494 ASK:0.4495 MID:0.44945 P1:0.44945 P2:0.44935 P3:0.4493 P4:0.44935 STATE:IDLE
[2026-05-11 16:41:38Z] CHK MOM:0.1% RANGE:0.13% UP:60% SPREAD:0.04450378% BID:0.4494 ASK:0.4496 MID:0.4495 P1:0.4495 P2:0.44945 P3:0.44935 P4:0.4493 STATE:IDLE
[2026-05-11 16:41:39Z] CHK MOM:0.08% RANGE:0.13% UP:56.25% SPREAD:0.02225189% BID:0.4494 ASK:0.4495 MID:0.44945 P1:0.44945 P2:0.4495 P3:0.44945 P4:0.44935 STATE:IDLE
[2026-05-11 16:41:39Z] CHK MOM:0.07% RANGE:0.13% UP:53.33% SPREAD:0.02225189% BID:0.4494 ASK:0.4495 MID:0.44945 P1:0.44945 P2:0.44945 P3:0.4495 P4:0.44945 STATE:IDLE
[2026-05-11 16:41:40Z] CHK MOM:0.07% RANGE:0.13% UP:53.33% SPREAD:0.02225189% BID:0.4494 ASK:0.4495 MID:0.44945 P1:0.44945 P2:0.44945 P3:0.4495 P4:0.44945 STATE:IDLE
[2026-05-11 16:41:40Z] CHK MOM:0.12% RANGE:0.13% UP:60% SPREAD:0.04450378% BID:0.4494 ASK:0.4496 MID:0.4495 P1:0.4495 P2:0.44945 P3:0.44945 P4:0.4495 STATE:IDLE
[2026-05-11 16:41:41Z] CHK MOM:0.12% RANGE:0.13% UP:60% SPREAD:0.04450378% BID:0.4494 ASK:0.4496 MID:0.4495 P1:0.4495 P2:0.44945 P3:0.44945 P4:0.4495 STATE:IDLE
[2026-05-11 16:41:41Z] CHK MOM:0.12% RANGE:0.13% UP:60% SPREAD:0.04450378% BID:0.4494 ASK:0.4496 MID:0.4495 P1:0.4495 P2:0.44945 P3:0.44945 P4:0.4495 STATE:IDLE
[2026-05-11 16:41:42Z] CHK MOM:0.08% RANGE:0.1% UP:57.14% SPREAD:0.02225189% BID:0.4494 ASK:0.4495 MID:0.44945 P1:0.44945 P2:0.4495 P3:0.44945 P4:0.44945 STATE:IDLE
[2026-05-11 16:41:42Z] CHK MOM:0.08% RANGE:0.1% UP:57.14% SPREAD:0.02225189% BID:0.4494 ASK:0.4495 MID:0.44945 P1:0.44945 P2:0.4495 P3:0.44945 P4:0.44945 STATE:IDLE
[2026-05-11 16:41:43Z] CHK MOM:0.08% RANGE:0.1% UP:57.14% SPREAD:0.02225189% BID:0.4494 ASK:0.4495 MID:0.44945 P1:0.44945 P2:0.4495 P3:0.44945 P4:0.44945 STATE:IDLE
[2026-05-11 16:41:44Z] CHK MOM:0.07% RANGE:0.1% UP:58.33% SPREAD:0.04450378% BID:0.4494 ASK:0.4496 MID:0.4495 P1:0.4495 P2:0.44945 P3:0.4495 P4:0.44945 STATE:IDLE
[2026-05-11 16:41:44Z] CHK MOM:0.11% RANGE:0.11% UP:63.63% SPREAD:0.04449388% BID:0.4495 ASK:0.4497 MID:0.4496 P1:0.4496 P2:0.4495 P3:0.44945 P4:0.4495 STATE:IDLE
[2026-05-11 16:41:45Z] CHK MOM:0.11% RANGE:0.11% UP:63.63% SPREAD:0.04449388% BID:0.4495 ASK:0.4497 MID:0.4496 P1:0.4496 P2:0.4495 P3:0.44945 P4:0.4495 STATE:IDLE
[2026-05-11 16:41:45Z] CHK MOM:0.05% RANGE:0.06% UP:54.54% SPREAD:0.04449388% BID:0.4495 ASK:0.4497 MID:0.4496 P1:0.4496 P2:0.4496 P3:0.4495 P4:0.44945 STATE:IDLE
[2026-05-11 16:41:46Z] CHK MOM:0.05% RANGE:0.06% UP:54.54% SPREAD:0.04449388% BID:0.4495 ASK:0.4497 MID:0.4496 P1:0.4496 P2:0.4496 P3:0.4495 P4:0.44945 STATE:IDLE
[2026-05-11 16:41:46Z] CHK MOM:0.05% RANGE:0.06% UP:54.54% SPREAD:0.02224694% BID:0.4495 ASK:0.4496 MID:0.44955 P1:0.44955 P2:0.4496 P3:0.4496 P4:0.4495 STATE:IDLE
[2026-05-11 16:41:47Z] CHK MOM:0.02% RANGE:0.05% UP:45.45% SPREAD:0.06677053% BID:0.4493 ASK:0.4496 MID:0.44945 P1:0.44945 P2:0.44955 P3:0.4496 P4:0.4496 STATE:IDLE
[2026-05-11 16:41:47Z] CHK MOM:0.04% RANGE:0.05% UP:50% SPREAD:0.02224694% BID:0.4495 ASK:0.4496 MID:0.44955 P1:0.44955 P2:0.44945 P3:0.44955 P4:0.4496 STATE:IDLE
[2026-05-11 16:41:48Z] CHK MOM:0.04% RANGE:0.05% UP:50% SPREAD:0.02224694% BID:0.4495 ASK:0.4496 MID:0.44955 P1:0.44955 P2:0.44945 P3:0.44955 P4:0.4496 STATE:IDLE
[2026-05-11 16:41:48Z] CHK MOM:0.03% RANGE:0.05% UP:46.15% SPREAD:0.04450378% BID:0.4494 ASK:0.4496 MID:0.4495 P1:0.4495 P2:0.44955 P3:0.44945 P4:0.44955 STATE:IDLE
[2026-05-11 16:41:49Z] CHK MOM:0.03% RANGE:0.05% UP:46.15% SPREAD:0.04450378% BID:0.4494 ASK:0.4496 MID:0.4495 P1:0.4495 P2:0.44955 P3:0.44945 P4:0.44955 STATE:IDLE
[2026-05-11 16:41:50Z] CHK MOM:-0.01% RANGE:0.03% UP:33.33% SPREAD:0.06677053% BID:0.4493 ASK:0.4496 MID:0.44945 P1:0.44945 P2:0.4495 P3:0.44955 P4:0.44945 STATE:IDLE
[2026-05-11 16:41:50Z] CHK MOM:-0.01% RANGE:0.04% UP:36.36% SPREAD:0.04451368% BID:0.4493 ASK:0.4495 MID:0.4494 P1:0.4494 P2:0.44945 P3:0.4495 P4:0.44955 STATE:IDLE
[2026-05-11 16:41:51Z] CHK MOM:-0.01% RANGE:0.04% UP:33.33% SPREAD:0.04451368% BID:0.4493 ASK:0.4495 MID:0.4494 P1:0.4494 P2:0.4494 P3:0.44945 P4:0.4495 STATE:IDLE
[2026-05-11 16:41:51Z] CHK MOM:-0.01% RANGE:0.04% UP:30.76% SPREAD:0.04451368% BID:0.4493 ASK:0.4495 MID:0.4494 P1:0.4494 P2:0.4494 P3:0.4494 P4:0.44945 STATE:IDLE
[2026-05-11 16:41:52Z] CHK MOM:-0.01% RANGE:0.04% UP:30.76% SPREAD:0.04451368% BID:0.4493 ASK:0.4495 MID:0.4494 P1:0.4494 P2:0.4494 P3:0.4494 P4:0.44945 STATE:IDLE
[2026-05-11 16:41:52Z] CHK MOM:-0.01% RANGE:0.04% UP:30.76% SPREAD:0.04451368% BID:0.4493 ASK:0.4495 MID:0.4494 P1:0.4494 P2:0.4494 P3:0.4494 P4:0.44945 STATE:IDLE
[2026-05-11 16:41:53Z] CHK MOM:-0.01% RANGE:0.04% UP:30.76% SPREAD:0.04451368% BID:0.4493 ASK:0.4495 MID:0.4494 P1:0.4494 P2:0.4494 P3:0.4494 P4:0.44945 STATE:IDLE
[2026-05-11 16:41:53Z] CHK MOM:-0.02% RANGE:0.05% UP:25% SPREAD:0.06678539% BID:0.4492 ASK:0.4495 MID:0.44935 P1:0.44935 P2:0.4494 P3:0.4494 P4:0.4494 STATE:IDLE
[2026-05-11 16:41:54Z] CHK MOM:-0.02% RANGE:0.05% UP:25% SPREAD:0.04451368% BID:0.4493 ASK:0.4495 MID:0.4494 P1:0.4494 P2:0.44935 P3:0.4494 P4:0.4494 STATE:IDLE
[2026-05-11 16:41:55Z] CHK MOM:-0.02% RANGE:0.05% UP:25% SPREAD:0.04451368% BID:0.4493 ASK:0.4495 MID:0.4494 P1:0.4494 P2:0.44935 P3:0.4494 P4:0.4494 STATE:IDLE
[2026-05-11 16:41:55Z] CHK MOM:-0.02% RANGE:0.05% UP:25% SPREAD:0.04451368% BID:0.4493 ASK:0.4495 MID:0.4494 P1:0.4494 P2:0.44935 P3:0.4494 P4:0.4494 STATE:IDLE
[2026-05-11 16:41:56Z] CHK MOM:-0.02% RANGE:0.05% UP:25% SPREAD:0.04451368% BID:0.4493 ASK:0.4495 MID:0.4494 P1:0.4494 P2:0.44935 P3:0.4494 P4:0.4494 STATE:IDLE
[2026-05-11 16:41:56Z] CHK MOM:-0.02% RANGE:0.05% UP:25% SPREAD:0.04451368% BID:0.4493 ASK:0.4495 MID:0.4494 P1:0.4494 P2:0.44935 P3:0.4494 P4:0.4494 STATE:IDLE
[2026-05-11 16:41:57Z] CHK MOM:-0.04% RANGE:0.05% UP:18.18% SPREAD:0.04451368% BID:0.4493 ASK:0.4495 MID:0.4494 P1:0.4494 P2:0.4494 P3:0.44935 P4:0.4494 STATE:IDLE
[2026-05-11 16:41:57Z] CHK MOM:-0.04% RANGE:0.04% UP:18.18% SPREAD:0.06678539% BID:0.4492 ASK:0.4495 MID:0.44935 P1:0.44935 P2:0.4494 P3:0.4494 P4:0.44935 STATE:IDLE
[2026-05-11 16:41:58Z] CHK MOM:-0.12% RANGE:0.12% UP:16.66% SPREAD:0.04455335% BID:0.4489 ASK:0.4491 MID:0.449 P1:0.449 P2:0.44935 P3:0.4494 P4:0.4494 STATE:IDLE
[2026-05-11 16:41:58Z] CHK MOM:-0.12% RANGE:0.12% UP:15.38% SPREAD:0.04455335% BID:0.4489 ASK:0.4491 MID:0.449 P1:0.449 P2:0.449 P3:0.44935 P4:0.4494 STATE:IDLE
[2026-05-11 16:41:59Z] CHK MOM:-0.11% RANGE:0.13% UP:15.38% SPREAD:0.02227667% BID:0.4489 ASK:0.449 MID:0.44895 P1:0.44895 P2:0.449 P3:0.449 P4:0.44935 STATE:IDLE
[2026-05-11 16:41:59Z] CHK MOM:-0.13% RANGE:0.13% UP:7.69% SPREAD:0.02227667% BID:0.4489 ASK:0.449 MID:0.44895 P1:0.44895 P2:0.44895 P3:0.449 P4:0.449 STATE:IDLE
[2026-05-11 16:42:00Z] CHK MOM:-0.15% RANGE:0.15% UP:7.69% SPREAD:0.04457321% BID:0.4487 ASK:0.4489 MID:0.4488 P1:0.4488 P2:0.44895 P3:0.44895 P4:0.449 STATE:IDLE
[2026-05-11 16:42:01Z] CHK MOM:-0.22% RANGE:0.22% UP:7.69% SPREAD:0.02230151% BID:0.4484 ASK:0.4485 MID:0.44845 P1:0.44845 P2:0.4488 P3:0.44895 P4:0.44895 STATE:IDLE
[2026-05-11 16:42:01Z] CHK MOM:-0.27% RANGE:0.27% UP:7.14% SPREAD:0.04463289% BID:0.4481 ASK:0.4483 MID:0.4482 P1:0.4482 P2:0.44845 P3:0.4488 P4:0.44895 STATE:IDLE
[2026-05-11 16:42:02Z] CHK MOM:-0.26% RANGE:0.26% UP:7.14% SPREAD:0.04463289% BID:0.4481 ASK:0.4483 MID:0.4482 P1:0.4482 P2:0.4482 P3:0.44845 P4:0.4488 STATE:IDLE
[2026-05-11 16:42:02Z] CHK MOM:-0.27% RANGE:0.27% UP:7.14% SPREAD:0.06696428% BID:0.448 ASK:0.4483 MID:0.44815 P1:0.44815 P2:0.4482 P3:0.4482 P4:0.44845 STATE:IDLE
[2026-05-11 16:42:03Z] CHK MOM:-0.27% RANGE:0.27% UP:6.66% SPREAD:0.06696428% BID:0.448 ASK:0.4483 MID:0.44815 P1:0.44815 P2:0.44815 P3:0.4482 P4:0.4482 STATE:IDLE
[2026-05-11 16:42:03Z] CHK MOM:-0.24% RANGE:0.27% UP:14.28% SPREAD:0.02231146% BID:0.4482 ASK:0.4483 MID:0.44825 P1:0.44825 P2:0.44815 P3:0.44815 P4:0.4482 STATE:IDLE
[2026-05-11 16:42:04Z] CHK MOM:-0.24% RANGE:0.27% UP:13.33% SPREAD:0.02231146% BID:0.4482 ASK:0.4483 MID:0.44825 P1:0.44825 P2:0.44825 P3:0.44815 P4:0.44815 STATE:IDLE
[2026-05-11 16:42:04Z] CHK MOM:-0.25% RANGE:0.27% UP:12.5% SPREAD:0.04463289% BID:0.4481 ASK:0.4483 MID:0.4482 P1:0.4482 P2:0.44825 P3:0.44825 P4:0.44815 STATE:IDLE
[2026-05-11 16:42:05Z] CHK MOM:-0.3% RANGE:0.31% UP:11.76% SPREAD:0.04465282% BID:0.4479 ASK:0.4481 MID:0.448 P1:0.448 P2:0.4482 P3:0.44825 P4:0.44825 STATE:IDLE
[2026-05-11 16:42:06Z] CHK MOM:-0.22% RANGE:0.31% UP:11.76% SPREAD:0.04461298% BID:0.4483 ASK:0.4485 MID:0.4484 P1:0.4484 P2:0.448 P3:0.4482 P4:0.44825 STATE:IDLE
[2026-05-11 16:42:06Z] CHK MOM:-0.22% RANGE:0.31% UP:11.76% SPREAD:0.04461298% BID:0.4483 ASK:0.4485 MID:0.4484 P1:0.4484 P2:0.4484 P3:0.448 P4:0.4482 STATE:IDLE
[2026-05-11 16:42:07Z] CHK MOM:-0.22% RANGE:0.31% UP:11.11% SPREAD:0.04461298% BID:0.4483 ASK:0.4485 MID:0.4484 P1:0.4484 P2:0.4484 P3:0.4484 P4:0.448 STATE:IDLE
[2026-05-11 16:42:07Z] CHK MOM:-0.26% RANGE:0.31% UP:10.52% SPREAD:0.04463289% BID:0.4481 ASK:0.4483 MID:0.4482 P1:0.4482 P2:0.4484 P3:0.4484 P4:0.4484 STATE:IDLE
[2026-05-11 16:42:08Z] CHK MOM:-0.36% RANGE:0.36% UP:10% SPREAD:0.06702412% BID:0.4476 ASK:0.4479 MID:0.44775 P1:0.44775 P2:0.4482 P3:0.4484 P4:0.4484 STATE:IDLE
[2026-05-11 16:42:08Z] CHK MOM:-0.44% RANGE:0.44% UP:9.52% SPREAD:0.04471272% BID:0.4473 ASK:0.4475 MID:0.4474 P1:0.4474 P2:0.44775 P3:0.4482 P4:0.4484 STATE:IDLE
[2026-05-11 16:42:09Z] CHK MOM:-0.42% RANGE:0.44% UP:13.63% SPREAD:0.04470272% BID:0.4474 ASK:0.4476 MID:0.4475 P1:0.4475 P2:0.4474 P3:0.44775 P4:0.4482 STATE:IDLE
[2026-05-11 16:42:09Z] CHK MOM:-0.41% RANGE:0.43% UP:13.63% SPREAD:0.04470272% BID:0.4474 ASK:0.4476 MID:0.4475 P1:0.4475 P2:0.4475 P3:0.4474 P4:0.44775 STATE:IDLE
[2026-05-11 16:42:10Z] CHK MOM:-0.36% RANGE:0.36% UP:13.63% SPREAD:0.02235636% BID:0.4473 ASK:0.4474 MID:0.44735 P1:0.44735 P2:0.4475 P3:0.4475 P4:0.4474 STATE:IDLE
[2026-05-11 16:42:10Z] CHK MOM:-0.36% RANGE:0.36% UP:14.28% SPREAD:0.04472271% BID:0.4472 ASK:0.4474 MID:0.4473 P1:0.4473 P2:0.44735 P3:0.4475 P4:0.4475 STATE:IDLE
[2026-05-11 16:42:11Z] CHK MOM:-0.36% RANGE:0.36% UP:13.63% SPREAD:0.04472271% BID:0.4472 ASK:0.4474 MID:0.4473 P1:0.4473 P2:0.4473 P3:0.44735 P4:0.4475 STATE:IDLE
[2026-05-11 16:42:12Z] CHK MOM:-0.23% RANGE:0.25% UP:20% SPREAD:0.04471272% BID:0.4473 ASK:0.4475 MID:0.4474 P1:0.4474 P2:0.4473 P3:0.4473 P4:0.44735 STATE:IDLE
[2026-05-11 16:42:12Z] CHK MOM:-0.25% RANGE:0.25% UP:19.04% SPREAD:0.04472271% BID:0.4472 ASK:0.4474 MID:0.4473 P1:0.4473 P2:0.4474 P3:0.4473 P4:0.4473 STATE:IDLE
[2026-05-11 16:42:13Z] CHK MOM:-0.23% RANGE:0.27% UP:19.04% SPREAD:0.02236636% BID:0.4471 ASK:0.4472 MID:0.44715 P1:0.44715 P2:0.4473 P3:0.4474 P4:0.4473 STATE:IDLE
[2026-05-11 16:42:13Z] CHK MOM:-0.2% RANGE:0.27% UP:23.8% SPREAD:0.04472271% BID:0.4472 ASK:0.4474 MID:0.4473 P1:0.4473 P2:0.44715 P3:0.4473 P4:0.4474 STATE:IDLE
[2026-05-11 16:42:14Z] CHK MOM:-0.2% RANGE:0.27% UP:22.72% SPREAD:0.04472271% BID:0.4472 ASK:0.4474 MID:0.4473 P1:0.4473 P2:0.4473 P3:0.44715 P4:0.4473 STATE:IDLE
[2026-05-11 16:42:14Z] CHK MOM:-0.16% RANGE:0.27% UP:28.57% SPREAD:0.04471272% BID:0.4473 ASK:0.4475 MID:0.4474 P1:0.4474 P2:0.4473 P3:0.4473 P4:0.44715 STATE:IDLE
[2026-05-11 16:42:15Z] CHK MOM:-0.14% RANGE:0.27% UP:31.81% SPREAD:0.04470272% BID:0.4474 ASK:0.4476 MID:0.4475 P1:0.4475 P2:0.4474 P3:0.4473 P4:0.4473 STATE:IDLE
[2026-05-11 16:42:15Z] CHK MOM:-0.14% RANGE:0.27% UP:31.81% SPREAD:0.04469273% BID:0.4475 ASK:0.4477 MID:0.4476 P1:0.4476 P2:0.4475 P3:0.4474 P4:0.4473 STATE:IDLE
[2026-05-11 16:42:16Z] CHK MOM:-0.13% RANGE:0.27% UP:36.36% SPREAD:0.0670391% BID:0.4475 ASK:0.4478 MID:0.44765 P1:0.44765 P2:0.4476 P3:0.4475 P4:0.4474 STATE:IDLE
[2026-05-11 16:42:17Z] CHK MOM:-0.11% RANGE:0.27% UP:40.9% SPREAD:0.04468275% BID:0.4476 ASK:0.4478 MID:0.4477 P1:0.4477 P2:0.44765 P3:0.4476 P4:0.4475 STATE:IDLE
[2026-05-11 16:42:17Z] CHK MOM:-0.21% RANGE:0.27% UP:38.09% SPREAD:0.02235136% BID:0.4474 ASK:0.4475 MID:0.44745 P1:0.44745 P2:0.4477 P3:0.44765 P4:0.4476 STATE:IDLE
[2026-05-11 16:42:18Z] CHK MOM:-0.2% RANGE:0.27% UP:42.85% SPREAD:0.04470272% BID:0.4474 ASK:0.4476 MID:0.4475 P1:0.4475 P2:0.44745 P3:0.4477 P4:0.44765 STATE:IDLE
[2026-05-11 16:42:18Z] CHK MOM:-0.18% RANGE:0.27% UP:45.45% SPREAD:0.06705409% BID:0.4474 ASK:0.4477 MID:0.44755 P1:0.44755 P2:0.4475 P3:0.44745 P4:0.4477 STATE:IDLE
[2026-05-11 16:42:19Z] CHK MOM:-0.18% RANGE:0.23% UP:47.61% SPREAD:0.02235636% BID:0.4473 ASK:0.4474 MID:0.44735 P1:0.44735 P2:0.44755 P3:0.4475 P4:0.44745 STATE:IDLE
[2026-05-11 16:42:19Z] CHK MOM:-0.2% RANGE:0.23% UP:45.45% SPREAD:0.04472271% BID:0.4472 ASK:0.4474 MID:0.4473 P1:0.4473 P2:0.44735 P3:0.44755 P4:0.4475 STATE:IDLE
[2026-05-11 16:42:20Z] CHK MOM:-0.2% RANGE:0.23% UP:45.45% SPREAD:0.04472271% BID:0.4472 ASK:0.4474 MID:0.4473 P1:0.4473 P2:0.44735 P3:0.44755 P4:0.4475 STATE:IDLE
[2026-05-11 16:42:20Z] CHK MOM:-0.05% RANGE:0.12% UP:45% SPREAD:0.02236135% BID:0.4472 ASK:0.4473 MID:0.44725 P1:0.44725 P2:0.4473 P3:0.44735 P4:0.44755 STATE:IDLE
[2026-05-11 16:42:21Z] CHK MOM:-0.06% RANGE:0.12% UP:45% SPREAD:0.04473272% BID:0.4471 ASK:0.4473 MID:0.4472 P1:0.4472 P2:0.44725 P3:0.4473 P4:0.44735 STATE:IDLE
[2026-05-11 16:42:21Z] CHK MOM:-0.06% RANGE:0.12% UP:42.85% SPREAD:0.04473272% BID:0.4471 ASK:0.4473 MID:0.4472 P1:0.4472 P2:0.4472 P3:0.44725 P4:0.4473 STATE:IDLE
[2026-05-11 16:42:22Z] CHK MOM:-0.03% RANGE:0.12% UP:42.85% SPREAD:0.04473272% BID:0.4471 ASK:0.4473 MID:0.4472 P1:0.4472 P2:0.4472 P3:0.4472 P4:0.44725 STATE:IDLE
[2026-05-11 16:42:23Z] CHK MOM:-0.03% RANGE:0.12% UP:47.36% SPREAD:0.06709908% BID:0.4471 ASK:0.4474 MID:0.44725 P1:0.44725 P2:0.4472 P3:0.4472 P4:0.4472 STATE:IDLE
[2026-05-11 16:42:23Z] CHK MOM:-0.03% RANGE:0.12% UP:45% SPREAD:0.06709908% BID:0.4471 ASK:0.4474 MID:0.44725 P1:0.44725 P2:0.44725 P3:0.4472 P4:0.4472 STATE:IDLE
[2026-05-11 16:42:24Z] CHK MOM:-0.01% RANGE:0.12% UP:47.61% SPREAD:0.06708407% BID:0.4472 ASK:0.4475 MID:0.44735 P1:0.44735 P2:0.44725 P3:0.44725 P4:0.4472 STATE:IDLE
[2026-05-11 16:42:24Z] CHK MOM:0.04% RANGE:0.12% UP:50% SPREAD:0.06708407% BID:0.4472 ASK:0.4475 MID:0.44735 P1:0.44735 P2:0.44735 P3:0.44725 P4:0.44725 STATE:IDLE
[2026-05-11 16:42:25Z] CHK MOM:0.06% RANGE:0.12% UP:52.38% SPREAD:0.06706908% BID:0.4473 ASK:0.4476 MID:0.44745 P1:0.44745 P2:0.44735 P3:0.44735 P4:0.44725 STATE:IDLE
[2026-05-11 16:42:25Z] CHK MOM:0.06% RANGE:0.11% UP:55% SPREAD:0.08940545% BID:0.4474 ASK:0.4478 MID:0.4476 P1:0.4476 P2:0.44745 P3:0.44735 P4:0.44735 STATE:IDLE
[2026-05-11 16:42:26Z] CHK MOM:0.05% RANGE:0.11% UP:52.38% SPREAD:0.06705409% BID:0.4474 ASK:0.4477 MID:0.44755 P1:0.44755 P2:0.4476 P3:0.44745 P4:0.44735 STATE:IDLE
[2026-05-11 16:42:26Z] CHK MOM:0.04% RANGE:0.11% UP:52.38% SPREAD:0.08940545% BID:0.4474 ASK:0.4478 MID:0.4476 P1:0.4476 P2:0.44755 P3:0.4476 P4:0.44745 STATE:IDLE
[2026-05-11 16:42:27Z] CHK MOM:0.04% RANGE:0.11% UP:52.38% SPREAD:0.08940545% BID:0.4474 ASK:0.4478 MID:0.4476 P1:0.4476 P2:0.44755 P3:0.4476 P4:0.44745 STATE:IDLE
[2026-05-11 16:42:28Z] CHK MOM:0% RANGE:0.11% UP:45% SPREAD:0.04469273% BID:0.4475 ASK:0.4477 MID:0.4476 P1:0.4476 P2:0.4476 P3:0.44755 P4:0.4476 STATE:IDLE
[2026-05-11 16:42:28Z] CHK MOM:0.03% RANGE:0.08% UP:38.88% SPREAD:0.04469273% BID:0.4475 ASK:0.4477 MID:0.4476 P1:0.4476 P2:0.4476 P3:0.4476 P4:0.44755 STATE:IDLE
[2026-05-11 16:42:29Z] CHK MOM:0.02% RANGE:0.08% UP:36.84% SPREAD:0.02234636% BID:0.4475 ASK:0.4476 MID:0.44755 P1:0.44755 P2:0.4476 P3:0.4476 P4:0.4476 STATE:IDLE
[2026-05-11 16:42:29Z] CHK MOM:0.02% RANGE:0.08% UP:36.84% SPREAD:0.04469273% BID:0.4475 ASK:0.4477 MID:0.4476 P1:0.4476 P2:0.44755 P3:0.4476 P4:0.4476 STATE:IDLE
[2026-05-11 16:42:30Z] CHK MOM:0.03% RANGE:0.11% UP:36.84% SPREAD:0.04468275% BID:0.4476 ASK:0.4478 MID:0.4477 P1:0.4477 P2:0.4476 P3:0.44755 P4:0.4476 STATE:IDLE
[2026-05-11 16:42:30Z] CHK MOM:0.03% RANGE:0.11% UP:36.84% SPREAD:0.04468275% BID:0.4476 ASK:0.4478 MID:0.4477 P1:0.4477 P2:0.4476 P3:0.44755 P4:0.4476 STATE:IDLE
[2026-05-11 16:42:31Z] CHK MOM:0.06% RANGE:0.11% UP:36.84% SPREAD:0.02234137% BID:0.4476 ASK:0.4477 MID:0.44765 P1:0.44765 P2:0.4477 P3:0.4476 P4:0.44755 STATE:IDLE
[2026-05-11 16:42:31Z] CHK MOM:0.06% RANGE:0.11% UP:36.84% SPREAD:0.02234137% BID:0.4476 ASK:0.4477 MID:0.44765 P1:0.44765 P2:0.4477 P3:0.4476 P4:0.44755 STATE:IDLE
[2026-05-11 16:42:32Z] CHK MOM:0.1% RANGE:0.11% UP:44.44% SPREAD:0.04468275% BID:0.4476 ASK:0.4478 MID:0.4477 P1:0.4477 P2:0.44765 P3:0.4477 P4:0.4476 STATE:IDLE
[2026-05-11 16:42:33Z] CHK MOM:0.08% RANGE:0.11% UP:42.1% SPREAD:0.02234137% BID:0.4476 ASK:0.4477 MID:0.44765 P1:0.44765 P2:0.4477 P3:0.44765 P4:0.4477 STATE:IDLE
[2026-05-11 16:42:33Z] CHK MOM:0.07% RANGE:0.11% UP:42.1% SPREAD:0.02234636% BID:0.4475 ASK:0.4476 MID:0.44755 P1:0.44755 P2:0.44765 P3:0.4477 P4:0.44765 STATE:IDLE
[2026-05-11 16:42:34Z] CHK MOM:0.05% RANGE:0.11% UP:44.44% SPREAD:0.02235136% BID:0.4474 ASK:0.4475 MID:0.44745 P1:0.44745 P2:0.44755 P3:0.44765 P4:0.4477 STATE:IDLE
[2026-05-11 16:42:34Z] CHK MOM:0.05% RANGE:0.11% UP:44.44% SPREAD:0.02235136% BID:0.4474 ASK:0.4475 MID:0.44745 P1:0.44745 P2:0.44755 P3:0.44765 P4:0.4477 STATE:IDLE
[2026-05-11 16:42:35Z] CHK MOM:0.05% RANGE:0.1% UP:44.44% SPREAD:0.04470272% BID:0.4474 ASK:0.4476 MID:0.4475 P1:0.4475 P2:0.44745 P3:0.44755 P4:0.44765 STATE:IDLE
[2026-05-11 16:42:35Z] CHK MOM:0.05% RANGE:0.1% UP:44.44% SPREAD:0.04470272% BID:0.4474 ASK:0.4476 MID:0.4475 P1:0.4475 P2:0.44745 P3:0.44755 P4:0.44765 STATE:IDLE
[2026-05-11 16:42:36Z] CHK MOM:0.05% RANGE:0.07% UP:47.05% SPREAD:0.04469273% BID:0.4475 ASK:0.4477 MID:0.4476 P1:0.4476 P2:0.4475 P3:0.44745 P4:0.44755 STATE:IDLE
[2026-05-11 16:42:36Z] CHK MOM:0.06% RANGE:0.07% UP:52.94% SPREAD:0.0670391% BID:0.4475 ASK:0.4478 MID:0.44765 P1:0.44765 P2:0.4476 P3:0.4475 P4:0.44745 STATE:IDLE
[2026-05-11 16:42:37Z] CHK MOM:0.01% RANGE:0.05% UP:43.75% SPREAD:0.0670391% BID:0.4475 ASK:0.4478 MID:0.44765 P1:0.44765 P2:0.44765 P3:0.4476 P4:0.4475 STATE:IDLE
[2026-05-11 16:42:37Z] CHK MOM:0% RANGE:0.05% UP:41.17% SPREAD:0.04469273% BID:0.4475 ASK:0.4477 MID:0.4476 P1:0.4476 P2:0.44765 P3:0.44765 P4:0.4476 STATE:IDLE
[2026-05-11 16:42:38Z] CHK MOM:0% RANGE:0.05% UP:41.17% SPREAD:0.04469273% BID:0.4475 ASK:0.4477 MID:0.4476 P1:0.4476 P2:0.44765 P3:0.44765 P4:0.4476 STATE:IDLE
[2026-05-11 16:42:39Z] CHK MOM:0% RANGE:0.05% UP:40% SPREAD:0.04469273% BID:0.4475 ASK:0.4477 MID:0.4476 P1:0.4476 P2:0.4476 P3:0.44765 P4:0.44765 STATE:IDLE
[2026-05-11 16:42:39Z] CHK MOM:0% RANGE:0.05% UP:40% SPREAD:0.04469273% BID:0.4475 ASK:0.4477 MID:0.4476 P1:0.4476 P2:0.4476 P3:0.44765 P4:0.44765 STATE:IDLE
[2026-05-11 16:42:40Z] CHK MOM:0% RANGE:0.05% UP:40% SPREAD:0.04469273% BID:0.4475 ASK:0.4477 MID:0.4476 P1:0.4476 P2:0.4476 P3:0.44765 P4:0.44765 STATE:IDLE
[2026-05-11 16:42:40Z] CHK MOM:-0.01% RANGE:0.05% UP:40% SPREAD:0.02234636% BID:0.4475 ASK:0.4476 MID:0.44755 P1:0.44755 P2:0.4476 P3:0.4476 P4:0.44765 STATE:IDLE
[2026-05-11 16:42:41Z] CHK MOM:-0.02% RANGE:0.05% UP:40% SPREAD:0.02235136% BID:0.4474 ASK:0.4475 MID:0.44745 P1:0.44745 P2:0.44755 P3:0.4476 P4:0.4476 STATE:IDLE
[2026-05-11 16:42:41Z] CHK MOM:-0.05% RANGE:0.07% UP:33.33% SPREAD:0.02235636% BID:0.4473 ASK:0.4474 MID:0.44735 P1:0.44735 P2:0.44745 P3:0.44755 P4:0.4476 STATE:IDLE
[2026-05-11 16:42:42Z] CHK MOM:-0.05% RANGE:0.07% UP:35.71% SPREAD:0.04471272% BID:0.4473 ASK:0.4475 MID:0.4474 P1:0.4474 P2:0.44735 P3:0.44745 P4:0.44755 STATE:IDLE
[2026-05-11 16:42:42Z] CHK MOM:-0.06% RANGE:0.07% UP:33.33% SPREAD:0.02235636% BID:0.4473 ASK:0.4474 MID:0.44735 P1:0.44735 P2:0.4474 P3:0.44735 P4:0.44745 STATE:IDLE
[2026-05-11 16:42:43Z] CHK MOM:-0.07% RANGE:0.07% UP:26.66% SPREAD:0.02235636% BID:0.4473 ASK:0.4474 MID:0.44735 P1:0.44735 P2:0.44735 P3:0.4474 P4:0.44735 STATE:IDLE
[2026-05-11 16:42:44Z] CHK MOM:-0.05% RANGE:0.07% UP:31.25% SPREAD:0.06706908% BID:0.4473 ASK:0.4476 MID:0.44745 P1:0.44745 P2:0.44735 P3:0.44735 P4:0.4474 STATE:IDLE
[2026-05-11 16:42:44Z] CHK MOM:-0.05% RANGE:0.07% UP:31.25% SPREAD:0.06706908% BID:0.4473 ASK:0.4476 MID:0.44745 P1:0.44745 P2:0.44735 P3:0.44735 P4:0.4474 STATE:IDLE
[2026-05-11 16:42:45Z] CHK MOM:-0.01% RANGE:0.06% UP:40% SPREAD:0.04470272% BID:0.4474 ASK:0.4476 MID:0.4475 P1:0.4475 P2:0.44745 P3:0.44735 P4:0.44735 STATE:IDLE
[2026-05-11 16:42:45Z] CHK MOM:0% RANGE:0.06% UP:40% SPREAD:0.06706908% BID:0.4473 ASK:0.4476 MID:0.44745 P1:0.44745 P2:0.4475 P3:0.44745 P4:0.44735 STATE:IDLE
[2026-05-11 16:42:46Z] CHK MOM:0% RANGE:0.06% UP:40% SPREAD:0.04470272% BID:0.4474 ASK:0.4476 MID:0.4475 P1:0.4475 P2:0.44745 P3:0.4475 P4:0.44745 STATE:IDLE
[2026-05-11 16:42:46Z] CHK MOM:0% RANGE:0.06% UP:40% SPREAD:0.04470272% BID:0.4474 ASK:0.4476 MID:0.4475 P1:0.4475 P2:0.44745 P3:0.4475 P4:0.44745 STATE:IDLE
[2026-05-11 16:42:47Z] CHK MOM:0% RANGE:0.06% UP:40% SPREAD:0.04470272% BID:0.4474 ASK:0.4476 MID:0.4475 P1:0.4475 P2:0.44745 P3:0.4475 P4:0.44745 STATE:IDLE
[2026-05-11 16:42:47Z] CHK MOM:-0.03% RANGE:0.06% UP:33.33% SPREAD:0.06706908% BID:0.4473 ASK:0.4476 MID:0.44745 P1:0.44745 P2:0.4475 P3:0.44745 P4:0.4475 STATE:IDLE
[2026-05-11 16:42:48Z] CHK MOM:-0.07% RANGE:0.07% UP:26.66% SPREAD:0.04472271% BID:0.4472 ASK:0.4474 MID:0.4473 P1:0.4473 P2:0.44745 P3:0.4475 P4:0.44745 STATE:IDLE
[2026-05-11 16:42:49Z] CHK MOM:-0.07% RANGE:0.07% UP:26.66% SPREAD:0.04472271% BID:0.4472 ASK:0.4474 MID:0.4473 P1:0.4473 P2:0.4473 P3:0.44745 P4:0.4475 STATE:IDLE
[2026-05-11 16:42:49Z] CHK MOM:-0.07% RANGE:0.07% UP:26.66% SPREAD:0.04472271% BID:0.4472 ASK:0.4474 MID:0.4473 P1:0.4473 P2:0.4473 P3:0.44745 P4:0.4475 STATE:IDLE
[2026-05-11 16:42:50Z] CHK MOM:-0.07% RANGE:0.07% UP:26.66% SPREAD:0.04472271% BID:0.4472 ASK:0.4474 MID:0.4473 P1:0.4473 P2:0.4473 P3:0.44745 P4:0.4475 STATE:IDLE
[2026-05-11 16:42:50Z] CHK MOM:-0.06% RANGE:0.06% UP:28.57% SPREAD:0.04472271% BID:0.4472 ASK:0.4474 MID:0.4473 P1:0.4473 P2:0.4473 P3:0.4473 P4:0.44745 STATE:IDLE
[2026-05-11 16:42:51Z] CHK MOM:-0.06% RANGE:0.06% UP:28.57% SPREAD:0.04472271% BID:0.4472 ASK:0.4474 MID:0.4473 P1:0.4473 P2:0.4473 P3:0.4473 P4:0.44745 STATE:IDLE
[2026-05-11 16:42:51Z] CHK MOM:-0.06% RANGE:0.06% UP:28.57% SPREAD:0.04472271% BID:0.4472 ASK:0.4474 MID:0.4473 P1:0.4473 P2:0.4473 P3:0.4473 P4:0.44745 STATE:IDLE
[2026-05-11 16:42:52Z] CHK MOM:-0.06% RANGE:0.06% UP:28.57% SPREAD:0.04472271% BID:0.4472 ASK:0.4474 MID:0.4473 P1:0.4473 P2:0.4473 P3:0.4473 P4:0.44745 STATE:IDLE
[2026-05-11 16:42:52Z] CHK MOM:-0.06% RANGE:0.06% UP:28.57% SPREAD:0.04472271% BID:0.4472 ASK:0.4474 MID:0.4473 P1:0.4473 P2:0.4473 P3:0.4473 P4:0.44745 STATE:IDLE
[2026-05-11 16:42:53Z] CHK MOM:-0.06% RANGE:0.06% UP:28.57% SPREAD:0.04472271% BID:0.4472 ASK:0.4474 MID:0.4473 P1:0.4473 P2:0.4473 P3:0.4473 P4:0.44745 STATE:IDLE
[2026-05-11 16:42:54Z] CHK MOM:-0.02% RANGE:0.04% UP:27.27% SPREAD:0.04472271% BID:0.4472 ASK:0.4474 MID:0.4473 P1:0.4473 P2:0.4473 P3:0.4473 P4:0.4473 STATE:IDLE
[2026-05-11 16:42:55Z] CHK MOM:0% RANGE:0.04% UP:40% SPREAD:0.02235636% BID:0.4473 ASK:0.4474 MID:0.44735 P1:0.44735 P2:0.4473 P3:0.4473 P4:0.4473 STATE:IDLE
[2026-05-11 16:42:55Z] CHK MOM:0% RANGE:0.04% UP:40% SPREAD:0.02235636% BID:0.4473 ASK:0.4474 MID:0.44735 P1:0.44735 P2:0.4473 P3:0.4473 P4:0.4473 STATE:IDLE
[2026-05-11 16:42:56Z] CHK MOM:0% RANGE:0.04% UP:40% SPREAD:0.02235636% BID:0.4473 ASK:0.4474 MID:0.44735 P1:0.44735 P2:0.4473 P3:0.4473 P4:0.4473 STATE:IDLE
[2026-05-11 16:42:56Z] CHK MOM:-0.01% RANGE:0.04% UP:33.33% SPREAD:0.06706908% BID:0.4473 ASK:0.4476 MID:0.44745 P1:0.44745 P2:0.44735 P3:0.4473 P4:0.4473 STATE:IDLE
[2026-05-11 16:42:57Z] CHK MOM:-0.02% RANGE:0.04% UP:30% SPREAD:0.04471272% BID:0.4473 ASK:0.4475 MID:0.4474 P1:0.4474 P2:0.44745 P3:0.44735 P4:0.4473 STATE:IDLE
[2026-05-11 16:42:57Z] CHK MOM:-0.02% RANGE:0.04% UP:30% SPREAD:0.04471272% BID:0.4473 ASK:0.4475 MID:0.4474 P1:0.4474 P2:0.44745 P3:0.44735 P4:0.4473 STATE:IDLE
[2026-05-11 16:42:58Z] CHK MOM:-0.02% RANGE:0.04% UP:30% SPREAD:0.04471272% BID:0.4473 ASK:0.4475 MID:0.4474 P1:0.4474 P2:0.44745 P3:0.44735 P4:0.4473 STATE:IDLE
[2026-05-11 16:42:58Z] CHK MOM:-0.02% RANGE:0.04% UP:30% SPREAD:0.04471272% BID:0.4473 ASK:0.4475 MID:0.4474 P1:0.4474 P2:0.44745 P3:0.44735 P4:0.4473 STATE:IDLE
[2026-05-11 16:42:59Z] CHK MOM:-0.02% RANGE:0.04% UP:30% SPREAD:0.04471272% BID:0.4473 ASK:0.4475 MID:0.4474 P1:0.4474 P2:0.44745 P3:0.44735 P4:0.4473 STATE:IDLE
[2026-05-11 16:43:00Z] CHK MOM:-0.02% RANGE:0.04% UP:30% SPREAD:0.04471272% BID:0.4473 ASK:0.4475 MID:0.4474 P1:0.4474 P2:0.44745 P3:0.44735 P4:0.4473 STATE:IDLE
[2026-05-11 16:43:00Z] CHK MOM:0.04% RANGE:0.04% UP:42.85% SPREAD:0.04470272% BID:0.4474 ASK:0.4476 MID:0.4475 P1:0.4475 P2:0.4474 P3:0.44745 P4:0.44735 STATE:IDLE
[2026-05-11 16:43:01Z] CHK MOM:0.04% RANGE:0.04% UP:50% SPREAD:0.04470272% BID:0.4474 ASK:0.4476 MID:0.4475 P1:0.4475 P2:0.4475 P3:0.4474 P4:0.44745 STATE:IDLE
[2026-05-11 16:43:01Z] CHK MOM:0.04% RANGE:0.04% UP:42.85% SPREAD:0.04470272% BID:0.4474 ASK:0.4476 MID:0.4475 P1:0.4475 P2:0.4475 P3:0.4475 P4:0.4474 STATE:IDLE
[2026-05-11 16:43:02Z] CHK MOM:0.08% RANGE:0.08% UP:50% SPREAD:0.04468275% BID:0.4476 ASK:0.4478 MID:0.4477 P1:0.4477 P2:0.4475 P3:0.4475 P4:0.4475 STATE:IDLE
[2026-05-11 16:43:02Z] CHK MOM:0.04% RANGE:0.08% UP:50% SPREAD:0.04470272% BID:0.4474 ASK:0.4476 MID:0.4475 P1:0.4475 P2:0.4477 P3:0.4475 P4:0.4475 STATE:IDLE
[2026-05-11 16:43:03Z] CHK MOM:0.04% RANGE:0.08% UP:50% SPREAD:0.04470272% BID:0.4474 ASK:0.4476 MID:0.4475 P1:0.4475 P2:0.4477 P3:0.4475 P4:0.4475 STATE:IDLE
[2026-05-11 16:43:03Z] CHK MOM:0.03% RANGE:0.08% UP:44.44% SPREAD:0.06706908% BID:0.4473 ASK:0.4476 MID:0.44745 P1:0.44745 P2:0.4475 P3:0.4477 P4:0.4475 STATE:IDLE
[2026-05-11 16:43:04Z] CHK MOM:0.03% RANGE:0.08% UP:44.44% SPREAD:0.06706908% BID:0.4473 ASK:0.4476 MID:0.44745 P1:0.44745 P2:0.4475 P3:0.4477 P4:0.4475 STATE:IDLE
[2026-05-11 16:43:04Z] CHK MOM:0.01% RANGE:0.08% UP:40% SPREAD:0.06708407% BID:0.4472 ASK:0.4475 MID:0.44735 P1:0.44735 P2:0.44745 P3:0.4475 P4:0.4477 STATE:IDLE
[2026-05-11 16:43:05Z] CHK MOM:0.01% RANGE:0.08% UP:36.36% SPREAD:0.06708407% BID:0.4472 ASK:0.4475 MID:0.44735 P1:0.44735 P2:0.44735 P3:0.44745 P4:0.4475 STATE:IDLE
[2026-05-11 16:43:06Z] CHK MOM:0% RANGE:0.07% UP:27.27% SPREAD:0.06708407% BID:0.4472 ASK:0.4475 MID:0.44735 P1:0.44735 P2:0.44735 P3:0.44735 P4:0.44745 STATE:IDLE
[2026-05-11 16:43:06Z] CHK MOM:-0.01% RANGE:0.08% UP:25% SPREAD:0.04472271% BID:0.4472 ASK:0.4474 MID:0.4473 P1:0.4473 P2:0.44735 P3:0.44735 P4:0.44735 STATE:IDLE
[2026-05-11 16:43:07Z] CHK MOM:-0.03% RANGE:0.08% UP:16.66% SPREAD:0.04472271% BID:0.4472 ASK:0.4474 MID:0.4473 P1:0.4473 P2:0.4473 P3:0.44735 P4:0.44735 STATE:IDLE
[2026-05-11 16:43:07Z] CHK MOM:-0.03% RANGE:0.08% UP:15.38% SPREAD:0.04472271% BID:0.4472 ASK:0.4474 MID:0.4473 P1:0.4473 P2:0.4473 P3:0.4473 P4:0.44735 STATE:IDLE
[2026-05-11 16:55:30Z] SESSION_START symbol=TIAUSDC dry_run=0 profile=major strategy=momentum base_url=https://api.binance.com
[2026-05-11 16:55:30Z] TOXIC_MEMORY_LOADED count=4 symbols=GUNUSDC,JTOUSDC,ORDIUSDC,SAHARAUSDC
[2026-05-11 16:55:37Z] CHK MOM:0% RANGE:0% UP:0% SPREAD:0.04429678% BID:0.4515 ASK:0.4517 MID:0.4516 P1:0.4516 P2:NA P3:NA P4:NA STATE:IDLE
[2026-05-11 16:55:37Z] CHK MOM:-0.06% RANGE:0.06% UP:0% SPREAD:0.04432624% BID:0.4512 ASK:0.4514 MID:0.4513 P1:0.4513 P2:0.4516 P3:NA P4:NA STATE:IDLE
[2026-05-11 16:55:38Z] CHK MOM:-0.06% RANGE:0.06% UP:0% SPREAD:0.04432624% BID:0.4512 ASK:0.4514 MID:0.4513 P1:0.4513 P2:0.4513 P3:0.4516 P4:NA STATE:IDLE
[2026-05-11 16:55:38Z] CHK MOM:-0.08% RANGE:0.08% UP:0% SPREAD:0.04433606% BID:0.4511 ASK:0.4513 MID:0.4512 P1:0.4512 P2:0.4513 P3:0.4513 P4:0.4516 STATE:IDLE
[2026-05-11 16:55:39Z] CHK MOM:-0.08% RANGE:0.08% UP:0% SPREAD:0.04433606% BID:0.4511 ASK:0.4513 MID:0.4512 P1:0.4512 P2:0.4513 P3:0.4513 P4:0.4516 STATE:IDLE
[2026-05-11 16:55:39Z] CHK MOM:-0.08% RANGE:0.08% UP:0% SPREAD:0.04433606% BID:0.4511 ASK:0.4513 MID:0.4512 P1:0.4512 P2:0.4513 P3:0.4513 P4:0.4516 STATE:IDLE
[2026-05-11 16:55:40Z] CHK MOM:-0.08% RANGE:0.08% UP:0% SPREAD:0.04433606% BID:0.4511 ASK:0.4513 MID:0.4512 P1:0.4512 P2:0.4513 P3:0.4513 P4:0.4516 STATE:IDLE
[2026-05-11 16:55:40Z] CHK MOM:-0.08% RANGE:0.08% UP:0% SPREAD:0.04433606% BID:0.4511 ASK:0.4513 MID:0.4512 P1:0.4512 P2:0.4513 P3:0.4513 P4:0.4516 STATE:IDLE
[2026-05-11 16:55:41Z] CHK MOM:-0.07% RANGE:0.08% UP:25% SPREAD:0.02216312% BID:0.4512 ASK:0.4513 MID:0.45125 P1:0.45125 P2:0.4512 P3:0.4513 P4:0.4513 STATE:IDLE
[2026-05-11 16:55:41Z] CHK MOM:-0.08% RANGE:0.08% UP:20% SPREAD:0.04433606% BID:0.4511 ASK:0.4513 MID:0.4512 P1:0.4512 P2:0.45125 P3:0.4512 P4:0.4513 STATE:IDLE
[2026-05-11 16:55:42Z] CHK MOM:-0.08% RANGE:0.08% UP:20% SPREAD:0.04433606% BID:0.4511 ASK:0.4513 MID:0.4512 P1:0.4512 P2:0.45125 P3:0.4512 P4:0.4513 STATE:IDLE
[2026-05-11 16:55:43Z] CHK MOM:-0.06% RANGE:0.08% UP:33.33% SPREAD:0.04432624% BID:0.4512 ASK:0.4514 MID:0.4513 P1:0.4513 P2:0.4512 P3:0.45125 P4:0.4512 STATE:IDLE
[2026-05-11 16:55:43Z] CHK MOM:-0.06% RANGE:0.08% UP:28.57% SPREAD:0.04432624% BID:0.4512 ASK:0.4514 MID:0.4513 P1:0.4513 P2:0.4513 P3:0.4512 P4:0.45125 STATE:IDLE
[2026-05-11 16:55:44Z] CHK MOM:-0.06% RANGE:0.08% UP:28.57% SPREAD:0.04432624% BID:0.4512 ASK:0.4514 MID:0.4513 P1:0.4513 P2:0.4513 P3:0.4512 P4:0.45125 STATE:IDLE
[2026-05-11 16:55:44Z] CHK MOM:-0.06% RANGE:0.08% UP:28.57% SPREAD:0.04432624% BID:0.4512 ASK:0.4514 MID:0.4513 P1:0.4513 P2:0.4513 P3:0.4512 P4:0.45125 STATE:IDLE
[2026-05-11 16:55:45Z] CHK MOM:-0.07% RANGE:0.08% UP:25% SPREAD:0.02216312% BID:0.4512 ASK:0.4513 MID:0.45125 P1:0.45125 P2:0.4513 P3:0.4513 P4:0.4512 STATE:IDLE
[2026-05-11 16:55:45Z] CHK MOM:-0.07% RANGE:0.08% UP:25% SPREAD:0.02216312% BID:0.4512 ASK:0.4513 MID:0.45125 P1:0.45125 P2:0.4513 P3:0.4513 P4:0.4512 STATE:IDLE
[2026-05-11 16:55:46Z] CHK MOM:-0.06% RANGE:0.08% UP:33.33% SPREAD:0.04432624% BID:0.4512 ASK:0.4514 MID:0.4513 P1:0.4513 P2:0.45125 P3:0.4513 P4:0.4513 STATE:IDLE
[2026-05-11 16:55:46Z] CHK MOM:-0.05% RANGE:0.08% UP:40% SPREAD:0.0221582% BID:0.4513 ASK:0.4514 MID:0.45135 P1:0.45135 P2:0.4513 P3:0.45125 P4:0.4513 STATE:IDLE
[2026-05-11 16:55:47Z] CHK MOM:-0.06% RANGE:0.08% UP:36.36% SPREAD:0.04432624% BID:0.4512 ASK:0.4514 MID:0.4513 P1:0.4513 P2:0.45135 P3:0.4513 P4:0.45125 STATE:IDLE
[2026-05-11 16:55:48Z] CHK MOM:-0.06% RANGE:0.08% UP:36.36% SPREAD:0.04432624% BID:0.4512 ASK:0.4514 MID:0.4513 P1:0.4513 P2:0.45135 P3:0.4513 P4:0.45125 STATE:IDLE
[2026-05-11 16:55:48Z] CHK MOM:-0.06% RANGE:0.08% UP:33.33% SPREAD:0.04432624% BID:0.4512 ASK:0.4514 MID:0.4513 P1:0.4513 P2:0.4513 P3:0.45135 P4:0.4513 STATE:IDLE
[2026-05-11 16:55:49Z] CHK MOM:0.01% RANGE:0.03% UP:41.66% SPREAD:0.0221582% BID:0.4513 ASK:0.4514 MID:0.45135 P1:0.45135 P2:0.4513 P3:0.4513 P4:0.45135 STATE:IDLE
[2026-05-11 16:55:49Z] CHK MOM:0% RANGE:0.03% UP:41.66% SPREAD:0.04432624% BID:0.4512 ASK:0.4514 MID:0.4513 P1:0.4513 P2:0.45135 P3:0.4513 P4:0.4513 STATE:IDLE
[2026-05-11 16:55:50Z] CHK MOM:0% RANGE:0.03% UP:41.66% SPREAD:0.04432624% BID:0.4512 ASK:0.4514 MID:0.4513 P1:0.4513 P2:0.45135 P3:0.4513 P4:0.4513 STATE:IDLE
[2026-05-11 16:55:50Z] CHK MOM:0.03% RANGE:0.03% UP:50% SPREAD:0.0221582% BID:0.4513 ASK:0.4514 MID:0.45135 P1:0.45135 P2:0.4513 P3:0.45135 P4:0.4513 STATE:IDLE
[2026-05-11 16:55:51Z] CHK MOM:0.01% RANGE:0.03% UP:41.66% SPREAD:0.04432624% BID:0.4512 ASK:0.4514 MID:0.4513 P1:0.4513 P2:0.45135 P3:0.4513 P4:0.45135 STATE:IDLE
[2026-05-11 16:55:51Z] CHK MOM:0.01% RANGE:0.03% UP:41.66% SPREAD:0.04432624% BID:0.4512 ASK:0.4514 MID:0.4513 P1:0.4513 P2:0.45135 P3:0.4513 P4:0.45135 STATE:IDLE
[2026-05-11 16:55:52Z] CHK MOM:0.02% RANGE:0.03% UP:46.15% SPREAD:0.0221582% BID:0.4513 ASK:0.4514 MID:0.45135 P1:0.45135 P2:0.4513 P3:0.45135 P4:0.4513 STATE:IDLE
[2026-05-11 16:55:52Z] CHK MOM:0.02% RANGE:0.03% UP:42.85% SPREAD:0.0221582% BID:0.4513 ASK:0.4514 MID:0.45135 P1:0.45135 P2:0.45135 P3:0.4513 P4:0.45135 STATE:IDLE
[2026-05-11 16:55:53Z] CHK MOM:0.02% RANGE:0.03% UP:42.85% SPREAD:0.04432624% BID:0.4512 ASK:0.4514 MID:0.4513 P1:0.4513 P2:0.45135 P3:0.45135 P4:0.4513 STATE:IDLE
[2026-05-11 16:55:54Z] CHK MOM:0.02% RANGE:0.03% UP:42.85% SPREAD:0.04432624% BID:0.4512 ASK:0.4514 MID:0.4513 P1:0.4513 P2:0.45135 P3:0.45135 P4:0.4513 STATE:IDLE
[2026-05-11 16:55:54Z] CHK MOM:0.02% RANGE:0.03% UP:42.85% SPREAD:0.04432624% BID:0.4512 ASK:0.4514 MID:0.4513 P1:0.4513 P2:0.45135 P3:0.45135 P4:0.4513 STATE:IDLE
[2026-05-11 16:55:55Z] CHK MOM:0% RANGE:0.02% UP:38.46% SPREAD:0.04432624% BID:0.4512 ASK:0.4514 MID:0.4513 P1:0.4513 P2:0.4513 P3:0.45135 P4:0.45135 STATE:IDLE
[2026-05-11 16:55:55Z] CHK MOM:0% RANGE:0.02% UP:38.46% SPREAD:0.04432624% BID:0.4512 ASK:0.4514 MID:0.4513 P1:0.4513 P2:0.4513 P3:0.45135 P4:0.45135 STATE:IDLE
[2026-05-11 16:55:56Z] CHK MOM:0% RANGE:0.02% UP:38.46% SPREAD:0.04432624% BID:0.4512 ASK:0.4514 MID:0.4513 P1:0.4513 P2:0.4513 P3:0.45135 P4:0.45135 STATE:IDLE
[2026-05-11 16:55:56Z] CHK MOM:0% RANGE:0.02% UP:38.46% SPREAD:0.04432624% BID:0.4512 ASK:0.4514 MID:0.4513 P1:0.4513 P2:0.4513 P3:0.45135 P4:0.45135 STATE:IDLE
[2026-05-11 16:55:57Z] CHK MOM:0% RANGE:0.02% UP:38.46% SPREAD:0.04432624% BID:0.4512 ASK:0.4514 MID:0.4513 P1:0.4513 P2:0.4513 P3:0.45135 P4:0.45135 STATE:IDLE
[2026-05-11 16:55:57Z] CHK MOM:0% RANGE:0.02% UP:38.46% SPREAD:0.04432624% BID:0.4512 ASK:0.4514 MID:0.4513 P1:0.4513 P2:0.4513 P3:0.45135 P4:0.45135 STATE:IDLE
[2026-05-11 16:56:00Z] CHK MOM:0.01% RANGE:0.01% UP:44.44% SPREAD:0.0221582% BID:0.4513 ASK:0.4514 MID:0.45135 P1:0.45135 P2:0.4513 P3:0.4513 P4:0.45135 STATE:IDLE
[2026-05-11 16:56:01Z] CHK MOM:-0.06% RANGE:0.07% UP:37.5% SPREAD:0.04435573% BID:0.4509 ASK:0.4511 MID:0.451 P1:0.451 P2:0.45135 P3:0.4513 P4:0.4513 STATE:IDLE
[2026-05-11 16:56:01Z] CHK MOM:-0.06% RANGE:0.07% UP:37.5% SPREAD:0.04435573% BID:0.4509 ASK:0.4511 MID:0.451 P1:0.451 P2:0.45135 P3:0.4513 P4:0.4513 STATE:IDLE
[2026-05-11 16:56:02Z] CHK MOM:-0.06% RANGE:0.07% UP:37.5% SPREAD:0.02217294% BID:0.451 ASK:0.4511 MID:0.45105 P1:0.45105 P2:0.451 P3:0.45135 P4:0.4513 STATE:IDLE
[2026-05-11 16:56:02Z] CHK MOM:-0.06% RANGE:0.07% UP:37.5% SPREAD:0.02217294% BID:0.451 ASK:0.4511 MID:0.45105 P1:0.45105 P2:0.451 P3:0.45135 P4:0.4513 STATE:IDLE
[2026-05-11 16:56:03Z] CHK MOM:-0.07% RANGE:0.07% UP:28.57% SPREAD:0.04435573% BID:0.4509 ASK:0.4511 MID:0.451 P1:0.451 P2:0.45105 P3:0.451 P4:0.45135 STATE:IDLE
[2026-05-11 16:56:03Z] CHK MOM:-0.08% RANGE:0.08% UP:25% SPREAD:0.02217786% BID:0.4509 ASK:0.451 MID:0.45095 P1:0.45095 P2:0.451 P3:0.45105 P4:0.451 STATE:IDLE
[2026-05-11 16:56:04Z] CHK MOM:-0.08% RANGE:0.08% UP:25% SPREAD:0.02217786% BID:0.4509 ASK:0.451 MID:0.45095 P1:0.45095 P2:0.45095 P3:0.451 P4:0.45105 STATE:IDLE
[2026-05-11 16:56:04Z] CHK MOM:-0.08% RANGE:0.08% UP:25% SPREAD:0.02217786% BID:0.4509 ASK:0.451 MID:0.45095 P1:0.45095 P2:0.45095 P3:0.451 P4:0.45105 STATE:IDLE
[2026-05-11 16:56:05Z] CHK MOM:-0.06% RANGE:0.08% UP:37.5% SPREAD:0.04435573% BID:0.4509 ASK:0.4511 MID:0.451 P1:0.451 P2:0.45095 P3:0.45095 P4:0.451 STATE:IDLE
[2026-05-11 16:56:06Z] CHK MOM:-0.07% RANGE:0.08% UP:37.5% SPREAD:0.02217786% BID:0.4509 ASK:0.451 MID:0.45095 P1:0.45095 P2:0.451 P3:0.45095 P4:0.45095 STATE:IDLE
[2026-05-11 16:56:06Z] CHK MOM:-0.07% RANGE:0.08% UP:33.33% SPREAD:0.02217786% BID:0.4509 ASK:0.451 MID:0.45095 P1:0.45095 P2:0.45095 P3:0.451 P4:0.45095 STATE:IDLE
[2026-05-11 16:56:07Z] CHK MOM:-0.06% RANGE:0.08% UP:33.33% SPREAD:0.02217294% BID:0.451 ASK:0.4511 MID:0.45105 P1:0.45105 P2:0.45095 P3:0.45095 P4:0.451 STATE:IDLE
[2026-05-11 16:56:07Z] CHK MOM:-0.08% RANGE:0.08% UP:30% SPREAD:0.02217786% BID:0.4509 ASK:0.451 MID:0.45095 P1:0.45095 P2:0.45105 P3:0.45095 P4:0.45095 STATE:IDLE
[2026-05-11 16:56:08Z] CHK MOM:-0.08% RANGE:0.08% UP:30% SPREAD:0.02217786% BID:0.4509 ASK:0.451 MID:0.45095 P1:0.45095 P2:0.45105 P3:0.45095 P4:0.45095 STATE:IDLE
[2026-05-11 16:56:08Z] CHK MOM:-0.08% RANGE:0.08% UP:27.27% SPREAD:0.02217786% BID:0.4509 ASK:0.451 MID:0.45095 P1:0.45095 P2:0.45095 P3:0.45105 P4:0.45095 STATE:IDLE
[2026-05-11 16:56:09Z] CHK MOM:-0.09% RANGE:0.09% UP:25% SPREAD:0.04436557% BID:0.4508 ASK:0.451 MID:0.45089999 P1:0.45089999 P2:0.45095 P3:0.45095 P4:0.45105 STATE:IDLE
[2026-05-11 16:56:09Z] CHK MOM:-0.09% RANGE:0.09% UP:23.07% SPREAD:0.04436557% BID:0.4508 ASK:0.451 MID:0.45089999 P1:0.45089999 P2:0.45089999 P3:0.45095 P4:0.45095 STATE:IDLE
[2026-05-11 16:56:10Z] CHK MOM:-0.08% RANGE:0.09% UP:28.57% SPREAD:0.02217786% BID:0.4509 ASK:0.451 MID:0.45095 P1:0.45095 P2:0.45089999 P3:0.45089999 P4:0.45095 STATE:IDLE
[2026-05-11 16:56:10Z] CHK MOM:-0.08% RANGE:0.09% UP:28.57% SPREAD:0.02217786% BID:0.4509 ASK:0.451 MID:0.45095 P1:0.45095 P2:0.45089999 P3:0.45089999 P4:0.45095 STATE:IDLE
[2026-05-11 16:56:11Z] CHK MOM:-0.08% RANGE:0.09% UP:28.57% SPREAD:0.02217786% BID:0.4509 ASK:0.451 MID:0.45095 P1:0.45095 P2:0.45089999 P3:0.45089999 P4:0.45095 STATE:IDLE
[2026-05-11 16:56:12Z] CHK MOM:-0.07% RANGE:0.09% UP:33.33% SPREAD:0.04435573% BID:0.4509 ASK:0.4511 MID:0.451 P1:0.451 P2:0.45095 P3:0.45089999 P4:0.45089999 STATE:IDLE
[2026-05-11 16:56:12Z] CHK MOM:-0.07% RANGE:0.09% UP:33.33% SPREAD:0.04435573% BID:0.4509 ASK:0.4511 MID:0.451 P1:0.451 P2:0.45095 P3:0.45089999 P4:0.45089999 STATE:IDLE
[2026-05-11 16:56:13Z] CHK MOM:-0.07% RANGE:0.09% UP:33.33% SPREAD:0.04435573% BID:0.4509 ASK:0.4511 MID:0.451 P1:0.451 P2:0.45095 P3:0.45089999 P4:0.45089999 STATE:IDLE
[2026-05-11 16:56:13Z] CHK MOM:-0.07% RANGE:0.09% UP:33.33% SPREAD:0.04435573% BID:0.4509 ASK:0.4511 MID:0.451 P1:0.451 P2:0.45095 P3:0.45089999 P4:0.45089999 STATE:IDLE
[2026-05-11 16:56:14Z] CHK MOM:-0.07% RANGE:0.09% UP:33.33% SPREAD:0.04435573% BID:0.4509 ASK:0.4511 MID:0.451 P1:0.451 P2:0.45095 P3:0.45089999 P4:0.45089999 STATE:IDLE
[2026-05-11 16:56:18Z] CHK MOM:0.01% RANGE:0.03% UP:37.5% SPREAD:0.04435573% BID:0.4509 ASK:0.4511 MID:0.451 P1:0.451 P2:0.451 P3:0.45095 P4:0.45089999 STATE:IDLE
[2026-05-11 16:56:19Z] CHK MOM:-0.02% RANGE:0.03% UP:25% SPREAD:0.02217786% BID:0.4509 ASK:0.451 MID:0.45095 P1:0.45095 P2:0.451 P3:0.451 P4:0.45095 STATE:IDLE
[2026-05-11 16:56:19Z] CHK MOM:-0.02% RANGE:0.03% UP:25% SPREAD:0.02217786% BID:0.4509 ASK:0.451 MID:0.45095 P1:0.45095 P2:0.451 P3:0.451 P4:0.45095 STATE:IDLE
[2026-05-11 16:56:20Z] CHK MOM:-0.02% RANGE:0.03% UP:25% SPREAD:0.02217786% BID:0.4509 ASK:0.451 MID:0.45095 P1:0.45095 P2:0.451 P3:0.451 P4:0.45095 STATE:IDLE
[2026-05-11 16:56:20Z] CHK MOM:-0.02% RANGE:0.03% UP:25% SPREAD:0.02217786% BID:0.4509 ASK:0.451 MID:0.45095 P1:0.45095 P2:0.451 P3:0.451 P4:0.45095 STATE:IDLE
[2026-05-11 16:56:21Z] CHK MOM:0% RANGE:0.02% UP:33.33% SPREAD:0.04436557% BID:0.4508 ASK:0.451 MID:0.45089999 P1:0.45089999 P2:0.45095 P3:0.451 P4:0.451 STATE:IDLE
[2026-05-11 16:56:21Z] CHK MOM:0% RANGE:0.02% UP:40% SPREAD:0.02217786% BID:0.4509 ASK:0.451 MID:0.45095 P1:0.45095 P2:0.45089999 P3:0.45095 P4:0.451 STATE:IDLE
[2026-05-11 16:56:22Z] CHK MOM:0% RANGE:0.02% UP:40% SPREAD:0.02217786% BID:0.4509 ASK:0.451 MID:0.45095 P1:0.45095 P2:0.45089999 P3:0.45095 P4:0.451 STATE:IDLE
[2026-05-11 16:56:22Z] CHK MOM:0% RANGE:0.02% UP:40% SPREAD:0.02217786% BID:0.4509 ASK:0.451 MID:0.45095 P1:0.45095 P2:0.45089999 P3:0.45095 P4:0.451 STATE:IDLE
[2026-05-11 16:56:23Z] CHK MOM:-0.01% RANGE:0.02% UP:20% SPREAD:0.02217786% BID:0.4509 ASK:0.451 MID:0.45095 P1:0.45095 P2:0.45095 P3:0.45089999 P4:0.45095 STATE:IDLE
[2026-05-11 16:56:24Z] CHK MOM:-0.01% RANGE:0.02% UP:20% SPREAD:0.02217786% BID:0.4509 ASK:0.451 MID:0.45095 P1:0.45095 P2:0.45095 P3:0.45089999 P4:0.45095 STATE:IDLE
[2026-05-11 16:56:24Z] CHK MOM:-0.01% RANGE:0.02% UP:20% SPREAD:0.02217786% BID:0.4509 ASK:0.451 MID:0.45095 P1:0.45095 P2:0.45095 P3:0.45095 P4:0.45089999 STATE:IDLE
[2026-05-11 16:56:25Z] CHK MOM:-0.01% RANGE:0.02% UP:16.66% SPREAD:0.02217786% BID:0.4509 ASK:0.451 MID:0.45095 P1:0.45095 P2:0.45095 P3:0.45095 P4:0.45095 STATE:IDLE
[2026-05-11 16:56:25Z] CHK MOM:-0.03% RANGE:0.03% UP:14.28% SPREAD:0.02218278% BID:0.4508 ASK:0.4509 MID:0.45085 P1:0.45085 P2:0.45095 P3:0.45095 P4:0.45095 STATE:IDLE
[2026-05-11 16:56:26Z] CHK MOM:-0.03% RANGE:0.03% UP:14.28% SPREAD:0.02218278% BID:0.4508 ASK:0.4509 MID:0.45085 P1:0.45085 P2:0.45095 P3:0.45095 P4:0.45095 STATE:IDLE
[2026-05-11 16:56:26Z] CHK MOM:-0.03% RANGE:0.03% UP:14.28% SPREAD:0.02218278% BID:0.4508 ASK:0.4509 MID:0.45085 P1:0.45085 P2:0.45095 P3:0.45095 P4:0.45095 STATE:IDLE
[2026-05-11 16:56:27Z] CHK MOM:-0.03% RANGE:0.03% UP:12.5% SPREAD:0.02218278% BID:0.4508 ASK:0.4509 MID:0.45085 P1:0.45085 P2:0.45085 P3:0.45095 P4:0.45095 STATE:IDLE
[2026-05-11 16:56:27Z] CHK MOM:-0.03% RANGE:0.03% UP:12.5% SPREAD:0.02218278% BID:0.4508 ASK:0.4509 MID:0.45085 P1:0.45085 P2:0.45085 P3:0.45095 P4:0.45095 STATE:IDLE
[2026-05-11 16:56:28Z] CHK MOM:-0.03% RANGE:0.03% UP:12.5% SPREAD:0.02218278% BID:0.4508 ASK:0.4509 MID:0.45085 P1:0.45085 P2:0.45085 P3:0.45095 P4:0.45095 STATE:IDLE
[2026-05-11 16:56:28Z] CHK MOM:-0.03% RANGE:0.03% UP:12.5% SPREAD:0.02218278% BID:0.4508 ASK:0.4509 MID:0.45085 P1:0.45085 P2:0.45085 P3:0.45095 P4:0.45095 STATE:IDLE
[2026-05-11 16:56:29Z] CHK MOM:-0.03% RANGE:0.03% UP:12.5% SPREAD:0.02218278% BID:0.4508 ASK:0.4509 MID:0.45085 P1:0.45085 P2:0.45085 P3:0.45095 P4:0.45095 STATE:IDLE
[2026-05-11 16:56:31Z] CHK MOM:-0.04% RANGE:0.05% UP:14.28% SPREAD:0.04438526% BID:0.4506 ASK:0.4508 MID:0.4507 P1:0.4507 P2:0.45085 P3:0.45085 P4:0.45095 STATE:IDLE
[2026-05-11 16:56:32Z] CHK MOM:-0.04% RANGE:0.05% UP:14.28% SPREAD:0.04438526% BID:0.4506 ASK:0.4508 MID:0.4507 P1:0.4507 P2:0.45085 P3:0.45085 P4:0.45095 STATE:IDLE
[2026-05-11 16:56:32Z] CHK MOM:-0.04% RANGE:0.05% UP:14.28% SPREAD:0.04438526% BID:0.4506 ASK:0.4508 MID:0.4507 P1:0.4507 P2:0.45085 P3:0.45085 P4:0.45095 STATE:IDLE
[2026-05-11 16:56:33Z] CHK MOM:-0.05% RANGE:0.05% UP:0% SPREAD:0.04438526% BID:0.4506 ASK:0.4508 MID:0.4507 P1:0.4507 P2:0.4507 P3:0.45085 P4:0.45085 STATE:IDLE
[2026-05-11 16:56:33Z] CHK MOM:-0.06% RANGE:0.06% UP:0% SPREAD:0.02219263% BID:0.4506 ASK:0.4507 MID:0.45065 P1:0.45065 P2:0.4507 P3:0.4507 P4:0.45085 STATE:IDLE
[2026-05-11 16:56:34Z] CHK MOM:-0.06% RANGE:0.06% UP:0% SPREAD:0.02219263% BID:0.4506 ASK:0.4507 MID:0.45065 P1:0.45065 P2:0.4507 P3:0.4507 P4:0.45085 STATE:IDLE
[2026-05-11 16:56:35Z] CHK MOM:-0.04% RANGE:0.06% UP:12.5% SPREAD:0.0221877% BID:0.4507 ASK:0.4508 MID:0.45075 P1:0.45075 P2:0.45065 P3:0.4507 P4:0.4507 STATE:IDLE
[2026-05-11 16:56:35Z] CHK MOM:-0.04% RANGE:0.06% UP:12.5% SPREAD:0.0221877% BID:0.4507 ASK:0.4508 MID:0.45075 P1:0.45075 P2:0.45065 P3:0.4507 P4:0.4507 STATE:IDLE
[2026-05-11 16:56:36Z] CHK MOM:-0.04% RANGE:0.06% UP:12.5% SPREAD:0.0221877% BID:0.4507 ASK:0.4508 MID:0.45075 P1:0.45075 P2:0.45065 P3:0.4507 P4:0.4507 STATE:IDLE
[2026-05-11 16:56:36Z] CHK MOM:-0.04% RANGE:0.06% UP:12.5% SPREAD:0.0221877% BID:0.4507 ASK:0.4508 MID:0.45075 P1:0.45075 P2:0.45065 P3:0.4507 P4:0.4507 STATE:IDLE
[2026-05-11 16:56:37Z] CHK MOM:-0.05% RANGE:0.06% UP:14.28% SPREAD:0.04438526% BID:0.4506 ASK:0.4508 MID:0.4507 P1:0.4507 P2:0.45075 P3:0.45065 P4:0.4507 STATE:IDLE
[2026-05-11 16:56:37Z] CHK MOM:-0.05% RANGE:0.06% UP:14.28% SPREAD:0.04438526% BID:0.4506 ASK:0.4508 MID:0.4507 P1:0.4507 P2:0.45075 P3:0.45065 P4:0.4507 STATE:IDLE
[2026-05-11 16:56:38Z] CHK MOM:-0.04% RANGE:0.04% UP:16.66% SPREAD:0.02219263% BID:0.4506 ASK:0.4507 MID:0.45065 P1:0.45065 P2:0.4507 P3:0.45075 P4:0.45065 STATE:IDLE
[2026-05-11 16:56:38Z] CHK MOM:-0.04% RANGE:0.04% UP:16.66% SPREAD:0.02219263% BID:0.4506 ASK:0.4507 MID:0.45065 P1:0.45065 P2:0.4507 P3:0.45075 P4:0.45065 STATE:IDLE
[2026-05-11 16:56:39Z] CHK MOM:-0.04% RANGE:0.04% UP:16.66% SPREAD:0.02219263% BID:0.4506 ASK:0.4507 MID:0.45065 P1:0.45065 P2:0.4507 P3:0.45075 P4:0.45065 STATE:IDLE
[2026-05-11 16:56:39Z] CHK MOM:0% RANGE:0.02% UP:33.33% SPREAD:0.04438526% BID:0.4506 ASK:0.4508 MID:0.4507 P1:0.4507 P2:0.45065 P3:0.4507 P4:0.45075 STATE:IDLE
[2026-05-11 16:56:40Z] CHK MOM:-0.01% RANGE:0.02% UP:28.57% SPREAD:0.02219263% BID:0.4506 ASK:0.4507 MID:0.45065 P1:0.45065 P2:0.4507 P3:0.45065 P4:0.4507 STATE:IDLE
[2026-05-11 16:56:41Z] CHK MOM:0% RANGE:0.02% UP:37.5% SPREAD:0.04438526% BID:0.4506 ASK:0.4508 MID:0.4507 P1:0.4507 P2:0.45065 P3:0.4507 P4:0.45065 STATE:IDLE
[2026-05-11 16:56:41Z] CHK MOM:-0.01% RANGE:0.02% UP:33.33% SPREAD:0.02219263% BID:0.4506 ASK:0.4507 MID:0.45065 P1:0.45065 P2:0.4507 P3:0.45065 P4:0.4507 STATE:IDLE
[2026-05-11 16:56:42Z] CHK MOM:0% RANGE:0.02% UP:40% SPREAD:0.04438526% BID:0.4506 ASK:0.4508 MID:0.4507 P1:0.4507 P2:0.45065 P3:0.4507 P4:0.45065 STATE:IDLE
[2026-05-11 16:56:42Z] CHK MOM:-0.01% RANGE:0.02% UP:36.36% SPREAD:0.02219263% BID:0.4506 ASK:0.4507 MID:0.45065 P1:0.45065 P2:0.4507 P3:0.45065 P4:0.4507 STATE:IDLE
[2026-05-11 16:56:43Z] CHK MOM:0% RANGE:0.02% UP:41.66% SPREAD:0.04438526% BID:0.4506 ASK:0.4508 MID:0.4507 P1:0.4507 P2:0.45065 P3:0.4507 P4:0.45065 STATE:IDLE
[2026-05-11 16:56:43Z] CHK MOM:-0.01% RANGE:0.02% UP:38.46% SPREAD:0.02219263% BID:0.4506 ASK:0.4507 MID:0.45065 P1:0.45065 P2:0.4507 P3:0.45065 P4:0.4507 STATE:IDLE
[2026-05-11 16:56:44Z] CHK MOM:0% RANGE:0.02% UP:46.15% SPREAD:0.04438526% BID:0.4506 ASK:0.4508 MID:0.4507 P1:0.4507 P2:0.45065 P3:0.4507 P4:0.45065 STATE:IDLE
[2026-05-11 16:56:44Z] CHK MOM:0% RANGE:0.02% UP:46.15% SPREAD:0.04438526% BID:0.4506 ASK:0.4508 MID:0.4507 P1:0.4507 P2:0.45065 P3:0.4507 P4:0.45065 STATE:IDLE
[2026-05-11 16:56:45Z] CHK MOM:0% RANGE:0.02% UP:46.15% SPREAD:0.04438526% BID:0.4506 ASK:0.4508 MID:0.4507 P1:0.4507 P2:0.45065 P3:0.4507 P4:0.45065 STATE:IDLE
[2026-05-11 16:56:46Z] CHK MOM:0% RANGE:0.02% UP:46.15% SPREAD:0.04438526% BID:0.4506 ASK:0.4508 MID:0.4507 P1:0.4507 P2:0.45065 P3:0.4507 P4:0.45065 STATE:IDLE
[2026-05-11 16:56:46Z] CHK MOM:0% RANGE:0.02% UP:46.15% SPREAD:0.04438526% BID:0.4506 ASK:0.4508 MID:0.4507 P1:0.4507 P2:0.45065 P3:0.4507 P4:0.45065 STATE:IDLE
[2026-05-11 16:56:51Z] CHK MOM:0.09% RANGE:0.11% UP:55.55% SPREAD:0.02216803% BID:0.4511 ASK:0.4512 MID:0.45115 P1:0.45115 P2:0.4507 P3:0.45065 P4:0.4507 STATE:IDLE
[2026-05-11 16:56:52Z] CHK MOM:0.14% RANGE:0.15% UP:62.5% SPREAD:0.0221582% BID:0.4513 ASK:0.4514 MID:0.45135 P1:0.45135 P2:0.45115 P3:0.4507 P4:0.45065 STATE:IDLE
[2026-05-11 16:56:52Z] CHK MOM:0.13% RANGE:0.15% UP:55.55% SPREAD:0.04432624% BID:0.4512 ASK:0.4514 MID:0.4513 P1:0.4513 P2:0.45135 P3:0.45115 P4:0.4507 STATE:IDLE
[2026-05-11 16:56:53Z] CHK MOM:0.13% RANGE:0.15% UP:55.55% SPREAD:0.04432624% BID:0.4512 ASK:0.4514 MID:0.4513 P1:0.4513 P2:0.45135 P3:0.45115 P4:0.4507 STATE:IDLE
[2026-05-11 16:56:53Z] CHK MOM:0.13% RANGE:0.15% UP:55.55% SPREAD:0.04432624% BID:0.4512 ASK:0.4514 MID:0.4513 P1:0.4513 P2:0.45135 P3:0.45115 P4:0.4507 STATE:IDLE
[2026-05-11 16:56:54Z] CHK MOM:0.13% RANGE:0.15% UP:50% SPREAD:0.04432624% BID:0.4512 ASK:0.4514 MID:0.4513 P1:0.4513 P2:0.4513 P3:0.45135 P4:0.45115 STATE:IDLE
[2026-05-11 16:56:54Z] CHK MOM:0.13% RANGE:0.15% UP:50% SPREAD:0.04432624% BID:0.4512 ASK:0.4514 MID:0.4513 P1:0.4513 P2:0.4513 P3:0.45135 P4:0.45115 STATE:IDLE
[2026-05-11 16:56:55Z] CHK MOM:0.15% RANGE:0.15% UP:66.66% SPREAD:0.0221582% BID:0.4513 ASK:0.4514 MID:0.45135 P1:0.45135 P2:0.4513 P3:0.4513 P4:0.45135 STATE:IDLE
[2026-05-11 16:56:55Z] CHK MOM:0.15% RANGE:0.15% UP:57.14% SPREAD:0.0221582% BID:0.4513 ASK:0.4514 MID:0.45135 P1:0.45135 P2:0.45135 P3:0.4513 P4:0.4513 STATE:IDLE
[2026-05-11 16:56:56Z] CHK MOM:0.15% RANGE:0.15% UP:57.14% SPREAD:0.0221582% BID:0.4513 ASK:0.4514 MID:0.45135 P1:0.45135 P2:0.45135 P3:0.4513 P4:0.4513 STATE:IDLE
[2026-05-11 16:56:57Z] CHK MOM:0.05% RANGE:0.05% UP:50% SPREAD:0.04431641% BID:0.4513 ASK:0.4515 MID:0.4514 P1:0.4514 P2:0.45135 P3:0.45135 P4:0.4513 STATE:IDLE
[2026-05-11 16:56:57Z] CHK MOM:0.05% RANGE:0.05% UP:50% SPREAD:0.04431641% BID:0.4513 ASK:0.4515 MID:0.4514 P1:0.4514 P2:0.45135 P3:0.45135 P4:0.4513 STATE:IDLE
[2026-05-11 16:56:58Z] CHK MOM:0.05% RANGE:0.05% UP:50% SPREAD:0.04431641% BID:0.4513 ASK:0.4515 MID:0.4514 P1:0.4514 P2:0.45135 P3:0.45135 P4:0.4513 STATE:IDLE
[2026-05-11 16:56:58Z] CHK MOM:0.05% RANGE:0.05% UP:50% SPREAD:0.04431641% BID:0.4513 ASK:0.4515 MID:0.4514 P1:0.4514 P2:0.45135 P3:0.45135 P4:0.4513 STATE:IDLE
[2026-05-11 16:56:59Z] CHK MOM:0.05% RANGE:0.05% UP:50% SPREAD:0.04431641% BID:0.4513 ASK:0.4515 MID:0.4514 P1:0.4514 P2:0.45135 P3:0.45135 P4:0.4513 STATE:IDLE
[2026-05-11 16:57:00Z] CHK MOM:0.07% RANGE:0.07% UP:57.14% SPREAD:0.0443066% BID:0.4514 ASK:0.4516 MID:0.4515 P1:0.4515 P2:0.4514 P3:0.45135 P4:0.45135 STATE:IDLE
[2026-05-11 16:57:01Z] CHK MOM:0.08% RANGE:0.08% UP:62.5% SPREAD:0.02214839% BID:0.4515 ASK:0.4516 MID:0.45155 P1:0.45155 P2:0.4515 P3:0.4514 P4:0.45135 STATE:IDLE
[2026-05-11 16:57:01Z] CHK MOM:0.09% RANGE:0.09% UP:66.66% SPREAD:0.04429678% BID:0.4515 ASK:0.4517 MID:0.4516 P1:0.4516 P2:0.45155 P3:0.4515 P4:0.4514 STATE:IDLE
[2026-05-11 16:57:02Z] CHK MOM:0.11% RANGE:0.11% UP:70% SPREAD:0.02214348% BID:0.4516 ASK:0.4517 MID:0.45165 P1:0.45165 P2:0.4516 P3:0.45155 P4:0.4515 STATE:IDLE
[2026-05-11 16:57:03Z] CHK MOM:0.11% RANGE:0.11% UP:63.63% SPREAD:0.02214348% BID:0.4516 ASK:0.4517 MID:0.45165 P1:0.45165 P2:0.45165 P3:0.4516 P4:0.45155 STATE:IDLE
[2026-05-11 16:57:03Z] CHK MOM:0.11% RANGE:0.11% UP:63.63% SPREAD:0.02214348% BID:0.4516 ASK:0.4517 MID:0.45165 P1:0.45165 P2:0.45165 P3:0.4516 P4:0.45155 STATE:IDLE
[2026-05-11 16:57:04Z] CHK MOM:0.11% RANGE:0.11% UP:63.63% SPREAD:0.02214348% BID:0.4516 ASK:0.4517 MID:0.45165 P1:0.45165 P2:0.45165 P3:0.4516 P4:0.45155 STATE:IDLE
[2026-05-11 16:57:04Z] CHK MOM:0.11% RANGE:0.11% UP:63.63% SPREAD:0.02214348% BID:0.4516 ASK:0.4517 MID:0.45165 P1:0.45165 P2:0.45165 P3:0.4516 P4:0.45155 STATE:IDLE
[2026-05-11 16:57:05Z] CHK MOM:0.11% RANGE:0.11% UP:63.63% SPREAD:0.02214348% BID:0.4516 ASK:0.4517 MID:0.45165 P1:0.45165 P2:0.45165 P3:0.4516 P4:0.45155 STATE:IDLE
[2026-05-11 16:57:05Z] CHK MOM:0.11% RANGE:0.11% UP:63.63% SPREAD:0.02214348% BID:0.4516 ASK:0.4517 MID:0.45165 P1:0.45165 P2:0.45165 P3:0.4516 P4:0.45155 STATE:IDLE
[2026-05-11 16:57:07Z] CHK MOM:0.04% RANGE:0.06% UP:62.5% SPREAD:0.0664599% BID:0.4514 ASK:0.4517 MID:0.45155 P1:0.45155 P2:0.45165 P3:0.45165 P4:0.4516 STATE:IDLE
[2026-05-11 16:57:08Z] CHK MOM:0.05% RANGE:0.06% UP:75% SPREAD:0.04429678% BID:0.4515 ASK:0.4517 MID:0.4516 P1:0.4516 P2:0.45155 P3:0.45165 P4:0.45165 STATE:IDLE
[2026-05-11 16:57:08Z] CHK MOM:0.05% RANGE:0.06% UP:75% SPREAD:0.04429678% BID:0.4515 ASK:0.4517 MID:0.4516 P1:0.4516 P2:0.45155 P3:0.45165 P4:0.45165 STATE:IDLE
[2026-05-11 16:57:09Z] CHK MOM:0.02% RANGE:0.03% UP:57.14% SPREAD:0.04429678% BID:0.4515 ASK:0.4517 MID:0.4516 P1:0.4516 P2:0.4516 P3:0.45155 P4:0.45165 STATE:IDLE
[2026-05-11 16:57:09Z] CHK MOM:0.02% RANGE:0.03% UP:57.14% SPREAD:0.04429678% BID:0.4515 ASK:0.4517 MID:0.4516 P1:0.4516 P2:0.4516 P3:0.45155 P4:0.45165 STATE:IDLE
[2026-05-11 16:57:10Z] CHK MOM:0.01% RANGE:0.03% UP:50% SPREAD:0.0664599% BID:0.4514 ASK:0.4517 MID:0.45155 P1:0.45155 P2:0.4516 P3:0.4516 P4:0.45155 STATE:IDLE
[2026-05-11 16:57:10Z] CHK MOM:0.01% RANGE:0.03% UP:50% SPREAD:0.0664599% BID:0.4514 ASK:0.4517 MID:0.45155 P1:0.45155 P2:0.4516 P3:0.4516 P4:0.45155 STATE:IDLE
[2026-05-11 16:57:11Z] CHK MOM:-0.01% RANGE:0.04% UP:44.44% SPREAD:0.06647462% BID:0.4513 ASK:0.4516 MID:0.45145 P1:0.45145 P2:0.45155 P3:0.4516 P4:0.4516 STATE:IDLE
[2026-05-11 16:57:11Z] CHK MOM:-0.03% RANGE:0.06% UP:40% SPREAD:0.06648936% BID:0.4512 ASK:0.4515 MID:0.45135 P1:0.45135 P2:0.45145 P3:0.45155 P4:0.4516 STATE:IDLE
[2026-05-11 16:57:12Z] CHK MOM:-0.03% RANGE:0.06% UP:40% SPREAD:0.06648936% BID:0.4512 ASK:0.4515 MID:0.45135 P1:0.45135 P2:0.45145 P3:0.45155 P4:0.4516 STATE:IDLE
[2026-05-11 16:57:12Z] CHK MOM:-0.03% RANGE:0.06% UP:40% SPREAD:0.06648936% BID:0.4512 ASK:0.4515 MID:0.45135 P1:0.45135 P2:0.45145 P3:0.45155 P4:0.4516 STATE:IDLE
[2026-05-11 16:57:13Z] CHK MOM:-0.04% RANGE:0.06% UP:33.33% SPREAD:0.04431641% BID:0.4513 ASK:0.4515 MID:0.4514 P1:0.4514 P2:0.45135 P3:0.45145 P4:0.45155 STATE:IDLE
[2026-05-11 16:57:14Z] CHK MOM:-0.05% RANGE:0.06% UP:22.22% SPREAD:0.04431641% BID:0.4513 ASK:0.4515 MID:0.4514 P1:0.4514 P2:0.4514 P3:0.45135 P4:0.45145 STATE:IDLE
[2026-05-11 16:57:14Z] CHK MOM:-0.05% RANGE:0.06% UP:22.22% SPREAD:0.04431641% BID:0.4513 ASK:0.4515 MID:0.4514 P1:0.4514 P2:0.4514 P3:0.45135 P4:0.45145 STATE:IDLE
[2026-05-11 16:57:15Z] CHK MOM:-0.05% RANGE:0.06% UP:22.22% SPREAD:0.04431641% BID:0.4513 ASK:0.4515 MID:0.4514 P1:0.4514 P2:0.4514 P3:0.45135 P4:0.45145 STATE:IDLE
[2026-05-11 16:57:15Z] CHK MOM:-0.05% RANGE:0.06% UP:22.22% SPREAD:0.04431641% BID:0.4513 ASK:0.4515 MID:0.4514 P1:0.4514 P2:0.4514 P3:0.45135 P4:0.45145 STATE:IDLE
[2026-05-11 16:57:16Z] CHK MOM:-0.05% RANGE:0.06% UP:22.22% SPREAD:0.04431641% BID:0.4513 ASK:0.4515 MID:0.4514 P1:0.4514 P2:0.4514 P3:0.45135 P4:0.45145 STATE:IDLE
[2026-05-11 16:57:16Z] CHK MOM:-0.05% RANGE:0.06% UP:22.22% SPREAD:0.04431641% BID:0.4513 ASK:0.4515 MID:0.4514 P1:0.4514 P2:0.4514 P3:0.45135 P4:0.45145 STATE:IDLE
[2026-05-11 16:57:17Z] CHK MOM:-0.04% RANGE:0.05% UP:25% SPREAD:0.06648936% BID:0.4512 ASK:0.4515 MID:0.45135 P1:0.45135 P2:0.4514 P3:0.4514 P4:0.45135 STATE:IDLE
[2026-05-11 16:57:17Z] CHK MOM:-0.03% RANGE:0.05% UP:33.33% SPREAD:0.04431641% BID:0.4513 ASK:0.4515 MID:0.4514 P1:0.4514 P2:0.45135 P3:0.4514 P4:0.4514 STATE:IDLE
[2026-05-11 16:57:18Z] CHK MOM:-0.03% RANGE:0.05% UP:33.33% SPREAD:0.04431641% BID:0.4513 ASK:0.4515 MID:0.4514 P1:0.4514 P2:0.45135 P3:0.4514 P4:0.4514 STATE:IDLE
[2026-05-11 16:57:19Z] CHK MOM:-0.04% RANGE:0.05% UP:30% SPREAD:0.06648936% BID:0.4512 ASK:0.4515 MID:0.45135 P1:0.45135 P2:0.4514 P3:0.45135 P4:0.4514 STATE:IDLE
[2026-05-11 16:57:20Z] CHK MOM:-0.06% RANGE:0.06% UP:22.22% SPREAD:0.04432624% BID:0.4512 ASK:0.4514 MID:0.4513 P1:0.4513 P2:0.45135 P3:0.4514 P4:0.45135 STATE:IDLE
[2026-05-11 16:57:20Z] CHK MOM:-0.07% RANGE:0.07% UP:20% SPREAD:0.0665041% BID:0.4511 ASK:0.4514 MID:0.45125 P1:0.45125 P2:0.4513 P3:0.45135 P4:0.4514 STATE:IDLE
[2026-05-11 16:57:21Z] CHK MOM:-0.07% RANGE:0.07% UP:20% SPREAD:0.0665041% BID:0.4511 ASK:0.4514 MID:0.45125 P1:0.45125 P2:0.4513 P3:0.45135 P4:0.4514 STATE:IDLE
[2026-05-11 16:57:21Z] CHK MOM:-0.07% RANGE:0.07% UP:20% SPREAD:0.0665041% BID:0.4511 ASK:0.4514 MID:0.45125 P1:0.45125 P2:0.4513 P3:0.45135 P4:0.4514 STATE:IDLE
[2026-05-11 16:57:22Z] CHK MOM:-0.07% RANGE:0.07% UP:20% SPREAD:0.0665041% BID:0.4511 ASK:0.4514 MID:0.45125 P1:0.45125 P2:0.4513 P3:0.45135 P4:0.4514 STATE:IDLE
[2026-05-11 16:57:22Z] CHK MOM:-0.07% RANGE:0.07% UP:20% SPREAD:0.0665041% BID:0.4511 ASK:0.4514 MID:0.45125 P1:0.45125 P2:0.4513 P3:0.45135 P4:0.4514 STATE:IDLE
[2026-05-11 16:57:23Z] CHK MOM:-0.07% RANGE:0.07% UP:20% SPREAD:0.0665041% BID:0.4511 ASK:0.4514 MID:0.45125 P1:0.45125 P2:0.4513 P3:0.45135 P4:0.4514 STATE:IDLE
[2026-05-11 16:57:32Z] CHK MOM:-0.01% RANGE:0.01% UP:0% SPREAD:0.0665041% BID:0.4511 ASK:0.4514 MID:0.45125 P1:0.45125 P2:0.45125 P3:0.4513 P4:0.45135 STATE:IDLE
