[2026-05-04 18:20:13Z] SESSION_START symbol=TRXUSDC dry_run=0 profile=major strategy=momentum base_url=https://api.binance.com
[2026-05-04 18:20:13Z] TOXIC_MEMORY_LOADED count=3 symbols=GUNUSDC,JTOUSDC,SAHARAUSDC
[2026-05-04 18:20:15Z] CHK MOM:0% RANGE:0% UP:0% SPREAD:0.02938583% BID:0.3403 ASK:0.3404 MID:0.34035 P1:0.34035 P2:NA P3:NA P4:NA STATE:IDLE
[2026-05-04 18:20:15Z] CHK MOM:0% RANGE:0% UP:0% SPREAD:0.02938583% BID:0.3403 ASK:0.3404 MID:0.34035 P1:0.34035 P2:0.34035 P3:NA P4:NA STATE:IDLE
[2026-05-04 18:20:16Z] CHK MOM:0% RANGE:0% UP:0% SPREAD:0.02938583% BID:0.3403 ASK:0.3404 MID:0.34035 P1:0.34035 P2:0.34035 P3:0.34035 P4:NA STATE:IDLE
[2026-05-04 18:20:16Z] CHK MOM:0% RANGE:0% UP:0% SPREAD:0.02938583% BID:0.3403 ASK:0.3404 MID:0.34035 P1:0.34035 P2:0.34035 P3:0.34035 P4:0.34035 STATE:IDLE
[2026-05-04 18:20:17Z] CHK MOM:0% RANGE:0% UP:0% SPREAD:0.02938583% BID:0.3403 ASK:0.3404 MID:0.34035 P1:0.34035 P2:0.34035 P3:0.34035 P4:0.34035 STATE:IDLE
[2026-05-04 18:20:17Z] CHK MOM:0% RANGE:0% UP:0% SPREAD:0.02938583% BID:0.3403 ASK:0.3404 MID:0.34035 P1:0.34035 P2:0.34035 P3:0.34035 P4:0.34035 STATE:IDLE
[2026-05-04 18:20:18Z] CHK MOM:0% RANGE:0% UP:0% SPREAD:0.02938583% BID:0.3403 ASK:0.3404 MID:0.34035 P1:0.34035 P2:0.34035 P3:0.34035 P4:0.34035 STATE:IDLE
[2026-05-04 18:20:18Z] CHK MOM:0% RANGE:0% UP:0% SPREAD:0.02938583% BID:0.3403 ASK:0.3404 MID:0.34035 P1:0.34035 P2:0.34035 P3:0.34035 P4:0.34035 STATE:IDLE
[2026-05-04 18:20:19Z] CHK MOM:0% RANGE:0% UP:0% SPREAD:0.02938583% BID:0.3403 ASK:0.3404 MID:0.34035 P1:0.34035 P2:0.34035 P3:0.34035 P4:0.34035 STATE:IDLE
[2026-05-04 18:20:19Z] CHK MOM:0% RANGE:0% UP:0% SPREAD:0.02938583% BID:0.3403 ASK:0.3404 MID:0.34035 P1:0.34035 P2:0.34035 P3:0.34035 P4:0.34035 STATE:IDLE
[2026-05-04 18:20:20Z] CHK MOM:-0.02% RANGE:0.02% UP:0% SPREAD:0.02939447% BID:0.3402 ASK:0.3403 MID:0.34025 P1:0.34025 P2:0.34035 P3:0.34035 P4:0.34035 STATE:IDLE
[2026-05-04 18:20:21Z] CHK MOM:0% RANGE:0.02% UP:9.09% SPREAD:0.02938583% BID:0.3403 ASK:0.3404 MID:0.34035 P1:0.34035 P2:0.34025 P3:0.34035 P4:0.34035 STATE:IDLE
[2026-05-04 18:20:21Z] CHK MOM:0% RANGE:0.02% UP:8.33% SPREAD:0.02938583% BID:0.3403 ASK:0.3404 MID:0.34035 P1:0.34035 P2:0.34035 P3:0.34025 P4:0.34035 STATE:IDLE
[2026-05-04 18:20:22Z] CHK MOM:0% RANGE:0.02% UP:8.33% SPREAD:0.02938583% BID:0.3403 ASK:0.3404 MID:0.34035 P1:0.34035 P2:0.34035 P3:0.34025 P4:0.34035 STATE:IDLE
[2026-05-04 18:20:22Z] CHK MOM:0% RANGE:0.02% UP:8.33% SPREAD:0.02938583% BID:0.3403 ASK:0.3404 MID:0.34035 P1:0.34035 P2:0.34035 P3:0.34025 P4:0.34035 STATE:IDLE
[2026-05-04 18:20:23Z] CHK MOM:0% RANGE:0.02% UP:8.33% SPREAD:0.02938583% BID:0.3403 ASK:0.3404 MID:0.34035 P1:0.34035 P2:0.34035 P3:0.34025 P4:0.34035 STATE:IDLE
[2026-05-04 18:20:23Z] CHK MOM:0% RANGE:0.02% UP:8.33% SPREAD:0.02938583% BID:0.3403 ASK:0.3404 MID:0.34035 P1:0.34035 P2:0.34035 P3:0.34025 P4:0.34035 STATE:IDLE
[2026-05-04 18:20:24Z] CHK MOM:0% RANGE:0.02% UP:10% SPREAD:0.02938583% BID:0.3403 ASK:0.3404 MID:0.34035 P1:0.34035 P2:0.34035 P3:0.34035 P4:0.34025 STATE:IDLE
[2026-05-04 18:20:24Z] CHK MOM:0% RANGE:0.02% UP:9.09% SPREAD:0.02938583% BID:0.3403 ASK:0.3404 MID:0.34035 P1:0.34035 P2:0.34035 P3:0.34035 P4:0.34035 STATE:IDLE
[2026-05-04 18:20:25Z] CHK MOM:0% RANGE:0.02% UP:9.09% SPREAD:0.02938583% BID:0.3403 ASK:0.3404 MID:0.34035 P1:0.34035 P2:0.34035 P3:0.34035 P4:0.34035 STATE:IDLE
[2026-05-04 18:20:26Z] CHK MOM:0% RANGE:0.02% UP:9.09% SPREAD:0.02938583% BID:0.3403 ASK:0.3404 MID:0.34035 P1:0.34035 P2:0.34035 P3:0.34035 P4:0.34035 STATE:IDLE
[2026-05-04 18:20:26Z] CHK MOM:0% RANGE:0.02% UP:10% SPREAD:0.02938583% BID:0.3403 ASK:0.3404 MID:0.34035 P1:0.34035 P2:0.34035 P3:0.34035 P4:0.34035 STATE:IDLE
[2026-05-04 18:20:27Z] CHK MOM:0% RANGE:0.02% UP:11.11% SPREAD:0.02938583% BID:0.3403 ASK:0.3404 MID:0.34035 P1:0.34035 P2:0.34035 P3:0.34035 P4:0.34035 STATE:IDLE
[2026-05-04 18:20:27Z] CHK MOM:0% RANGE:0.02% UP:10% SPREAD:0.02938583% BID:0.3403 ASK:0.3404 MID:0.34035 P1:0.34035 P2:0.34035 P3:0.34035 P4:0.34035 STATE:IDLE
[2026-05-04 18:20:28Z] CHK MOM:0.02% RANGE:0.02% UP:10% SPREAD:0.02938583% BID:0.3403 ASK:0.3404 MID:0.34035 P1:0.34035 P2:0.34035 P3:0.34035 P4:0.34035 STATE:IDLE
[2026-05-04 18:20:28Z] CHK MOM:0% RANGE:0% UP:0% SPREAD:0.02938583% BID:0.3403 ASK:0.3404 MID:0.34035 P1:0.34035 P2:0.34035 P3:0.34035 P4:0.34035 STATE:IDLE
[2026-05-04 18:20:29Z] CHK MOM:0% RANGE:0% UP:0% SPREAD:0.02938583% BID:0.3403 ASK:0.3404 MID:0.34035 P1:0.34035 P2:0.34035 P3:0.34035 P4:0.34035 STATE:IDLE
[2026-05-04 18:20:29Z] CHK MOM:0% RANGE:0% UP:0% SPREAD:0.02938583% BID:0.3403 ASK:0.3404 MID:0.34035 P1:0.34035 P2:0.34035 P3:0.34035 P4:0.34035 STATE:IDLE
[2026-05-04 18:20:30Z] CHK MOM:0% RANGE:0% UP:0% SPREAD:0.02938583% BID:0.3403 ASK:0.3404 MID:0.34035 P1:0.34035 P2:0.34035 P3:0.34035 P4:0.34035 STATE:IDLE
[2026-05-04 18:20:30Z] CHK MOM:0% RANGE:0% UP:0% SPREAD:0.02938583% BID:0.3403 ASK:0.3404 MID:0.34035 P1:0.34035 P2:0.34035 P3:0.34035 P4:0.34035 STATE:IDLE
[2026-05-04 18:20:31Z] CHK MOM:0% RANGE:0% UP:0% SPREAD:0.02938583% BID:0.3403 ASK:0.3404 MID:0.34035 P1:0.34035 P2:0.34035 P3:0.34035 P4:0.34035 STATE:IDLE
[2026-05-04 18:20:32Z] CHK MOM:0% RANGE:0% UP:0% SPREAD:0.02938583% BID:0.3403 ASK:0.3404 MID:0.34035 P1:0.34035 P2:0.34035 P3:0.34035 P4:0.34035 STATE:IDLE
[2026-05-04 18:20:32Z] CHK MOM:0% RANGE:0% UP:0% SPREAD:0.02938583% BID:0.3403 ASK:0.3404 MID:0.34035 P1:0.34035 P2:0.34035 P3:0.34035 P4:0.34035 STATE:IDLE
[2026-05-04 18:20:33Z] CHK MOM:0% RANGE:0% UP:0% SPREAD:0.02938583% BID:0.3403 ASK:0.3404 MID:0.34035 P1:0.34035 P2:0.34035 P3:0.34035 P4:0.34035 STATE:IDLE
[2026-05-04 18:20:33Z] CHK MOM:0% RANGE:0% UP:0% SPREAD:0.02938583% BID:0.3403 ASK:0.3404 MID:0.34035 P1:0.34035 P2:0.34035 P3:0.34035 P4:0.34035 STATE:IDLE
[2026-05-04 18:20:34Z] CHK MOM:0% RANGE:0% UP:0% SPREAD:0.02938583% BID:0.3403 ASK:0.3404 MID:0.34035 P1:0.34035 P2:0.34035 P3:0.34035 P4:0.34035 STATE:IDLE
[2026-05-04 18:20:34Z] CHK MOM:0% RANGE:0% UP:0% SPREAD:0.02938583% BID:0.3403 ASK:0.3404 MID:0.34035 P1:0.34035 P2:0.34035 P3:0.34035 P4:0.34035 STATE:IDLE
[2026-05-04 18:20:35Z] CHK MOM:0% RANGE:0% UP:0% SPREAD:0.02938583% BID:0.3403 ASK:0.3404 MID:0.34035 P1:0.34035 P2:0.34035 P3:0.34035 P4:0.34035 STATE:IDLE
[2026-05-04 18:20:35Z] CHK MOM:0% RANGE:0% UP:0% SPREAD:0.02938583% BID:0.3403 ASK:0.3404 MID:0.34035 P1:0.34035 P2:0.34035 P3:0.34035 P4:0.34035 STATE:IDLE
[2026-05-04 18:20:36Z] CHK MOM:0% RANGE:0% UP:0% SPREAD:0.02938583% BID:0.3403 ASK:0.3404 MID:0.34035 P1:0.34035 P2:0.34035 P3:0.34035 P4:0.34035 STATE:IDLE
[2026-05-04 18:20:37Z] CHK MOM:0% RANGE:0% UP:0% SPREAD:0.02938583% BID:0.3403 ASK:0.3404 MID:0.34035 P1:0.34035 P2:0.34035 P3:0.34035 P4:0.34035 STATE:IDLE
[2026-05-04 18:20:37Z] CHK MOM:0% RANGE:0% UP:0% SPREAD:0.02938583% BID:0.3403 ASK:0.3404 MID:0.34035 P1:0.34035 P2:0.34035 P3:0.34035 P4:0.34035 STATE:IDLE
[2026-05-04 18:20:38Z] CHK MOM:0% RANGE:0% UP:0% SPREAD:0.02938583% BID:0.3403 ASK:0.3404 MID:0.34035 P1:0.34035 P2:0.34035 P3:0.34035 P4:0.34035 STATE:IDLE
[2026-05-04 18:20:38Z] CHK MOM:0% RANGE:0% UP:0% SPREAD:0.02938583% BID:0.3403 ASK:0.3404 MID:0.34035 P1:0.34035 P2:0.34035 P3:0.34035 P4:0.34035 STATE:IDLE
[2026-05-04 18:20:39Z] CHK MOM:0% RANGE:0% UP:0% SPREAD:0.02938583% BID:0.3403 ASK:0.3404 MID:0.34035 P1:0.34035 P2:0.34035 P3:0.34035 P4:0.34035 STATE:IDLE
[2026-05-04 18:20:39Z] CHK MOM:0% RANGE:0% UP:0% SPREAD:0.02938583% BID:0.3403 ASK:0.3404 MID:0.34035 P1:0.34035 P2:0.34035 P3:0.34035 P4:0.34035 STATE:IDLE
[2026-05-04 18:20:40Z] CHK MOM:0% RANGE:0% UP:0% SPREAD:0.02938583% BID:0.3403 ASK:0.3404 MID:0.34035 P1:0.34035 P2:0.34035 P3:0.34035 P4:0.34035 STATE:IDLE
[2026-05-04 18:20:40Z] CHK MOM:0% RANGE:0% UP:0% SPREAD:0.02938583% BID:0.3403 ASK:0.3404 MID:0.34035 P1:0.34035 P2:0.34035 P3:0.34035 P4:0.34035 STATE:IDLE
[2026-05-04 18:20:41Z] CHK MOM:0% RANGE:0% UP:0% SPREAD:0.02938583% BID:0.3403 ASK:0.3404 MID:0.34035 P1:0.34035 P2:0.34035 P3:0.34035 P4:0.34035 STATE:IDLE
[2026-05-04 18:20:41Z] CHK MOM:0% RANGE:0% UP:0% SPREAD:0.02938583% BID:0.3403 ASK:0.3404 MID:0.34035 P1:0.34035 P2:0.34035 P3:0.34035 P4:0.34035 STATE:IDLE
[2026-05-04 18:20:42Z] CHK MOM:0% RANGE:0% UP:0% SPREAD:0.02938583% BID:0.3403 ASK:0.3404 MID:0.34035 P1:0.34035 P2:0.34035 P3:0.34035 P4:0.34035 STATE:IDLE
[2026-05-04 18:20:43Z] CHK MOM:0% RANGE:0% UP:0% SPREAD:0.02938583% BID:0.3403 ASK:0.3404 MID:0.34035 P1:0.34035 P2:0.34035 P3:0.34035 P4:0.34035 STATE:IDLE
[2026-05-04 18:20:43Z] CHK MOM:0% RANGE:0% UP:0% SPREAD:0.02938583% BID:0.3403 ASK:0.3404 MID:0.34035 P1:0.34035 P2:0.34035 P3:0.34035 P4:0.34035 STATE:IDLE
[2026-05-04 18:20:44Z] CHK MOM:0% RANGE:0% UP:0% SPREAD:0.02938583% BID:0.3403 ASK:0.3404 MID:0.34035 P1:0.34035 P2:0.34035 P3:0.34035 P4:0.34035 STATE:IDLE
[2026-05-04 18:20:44Z] CHK MOM:0% RANGE:0% UP:0% SPREAD:0.02938583% BID:0.3403 ASK:0.3404 MID:0.34035 P1:0.34035 P2:0.34035 P3:0.34035 P4:0.34035 STATE:IDLE
[2026-05-04 18:20:45Z] CHK MOM:0% RANGE:0% UP:0% SPREAD:0.02938583% BID:0.3403 ASK:0.3404 MID:0.34035 P1:0.34035 P2:0.34035 P3:0.34035 P4:0.34035 STATE:IDLE
[2026-05-04 18:20:45Z] CHK MOM:0% RANGE:0% UP:0% SPREAD:0.02938583% BID:0.3403 ASK:0.3404 MID:0.34035 P1:0.34035 P2:0.34035 P3:0.34035 P4:0.34035 STATE:IDLE
[2026-05-04 18:20:46Z] CHK MOM:0% RANGE:0% UP:0% SPREAD:0.02938583% BID:0.3403 ASK:0.3404 MID:0.34035 P1:0.34035 P2:0.34035 P3:0.34035 P4:0.34035 STATE:IDLE
[2026-05-04 18:20:46Z] CHK MOM:0% RANGE:0% UP:0% SPREAD:0.02938583% BID:0.3403 ASK:0.3404 MID:0.34035 P1:0.34035 P2:0.34035 P3:0.34035 P4:0.34035 STATE:IDLE
[2026-05-04 18:20:47Z] CHK MOM:0% RANGE:0% UP:0% SPREAD:0.02938583% BID:0.3403 ASK:0.3404 MID:0.34035 P1:0.34035 P2:0.34035 P3:0.34035 P4:0.34035 STATE:IDLE
[2026-05-04 18:20:48Z] CHK MOM:0% RANGE:0% UP:0% SPREAD:0.02938583% BID:0.3403 ASK:0.3404 MID:0.34035 P1:0.34035 P2:0.34035 P3:0.34035 P4:0.34035 STATE:IDLE
[2026-05-04 18:21:03Z] CHK MOM:0% RANGE:0% UP:0% SPREAD:0.02938583% BID:0.3403 ASK:0.3404 MID:0.34035 P1:0.34035 P2:0.34035 P3:0.34035 P4:0.34035 STATE:IDLE
[2026-05-04 18:21:04Z] CHK MOM:0% RANGE:0% UP:0% SPREAD:0.02938583% BID:0.3403 ASK:0.3404 MID:0.34035 P1:0.34035 P2:0.34035 P3:0.34035 P4:0.34035 STATE:IDLE
[2026-05-04 18:21:04Z] CHK MOM:0% RANGE:0% UP:0% SPREAD:0.02938583% BID:0.3403 ASK:0.3404 MID:0.34035 P1:0.34035 P2:0.34035 P3:0.34035 P4:0.34035 STATE:IDLE
[2026-05-04 18:21:05Z] CHK MOM:0% RANGE:0% UP:0% SPREAD:0.02938583% BID:0.3403 ASK:0.3404 MID:0.34035 P1:0.34035 P2:0.34035 P3:0.34035 P4:0.34035 STATE:IDLE
[2026-05-04 18:21:05Z] CHK MOM:0% RANGE:0% UP:0% SPREAD:0.02938583% BID:0.3403 ASK:0.3404 MID:0.34035 P1:0.34035 P2:0.34035 P3:0.34035 P4:0.34035 STATE:IDLE
[2026-05-04 18:21:32Z] CHK MOM:0% RANGE:0% UP:0% SPREAD:0.02938583% BID:0.3403 ASK:0.3404 MID:0.34035 P1:0.34035 P2:0.34035 P3:NA P4:NA STATE:IDLE
[2026-05-04 18:21:33Z] CHK MOM:0% RANGE:0% UP:0% SPREAD:0.02938583% BID:0.3403 ASK:0.3404 MID:0.34035 P1:0.34035 P2:0.34035 P3:0.34035 P4:NA STATE:IDLE
[2026-05-04 18:21:33Z] CHK MOM:0% RANGE:0% UP:0% SPREAD:0.02938583% BID:0.3403 ASK:0.3404 MID:0.34035 P1:0.34035 P2:0.34035 P3:0.34035 P4:NA STATE:IDLE
[2026-05-04 18:21:34Z] CHK MOM:0% RANGE:0% UP:0% SPREAD:0.02938583% BID:0.3403 ASK:0.3404 MID:0.34035 P1:0.34035 P2:0.34035 P3:0.34035 P4:NA STATE:IDLE
[2026-05-04 18:21:34Z] CHK MOM:0% RANGE:0% UP:0% SPREAD:0.02938583% BID:0.3403 ASK:0.3404 MID:0.34035 P1:0.34035 P2:0.34035 P3:0.34035 P4:NA STATE:IDLE
[2026-05-04 18:21:35Z] CHK MOM:0% RANGE:0% UP:0% SPREAD:0.02938583% BID:0.3403 ASK:0.3404 MID:0.34035 P1:0.34035 P2:0.34035 P3:0.34035 P4:NA STATE:IDLE
[2026-05-04 18:21:38Z] CHK MOM:0% RANGE:0% UP:0% SPREAD:0.02938583% BID:0.3403 ASK:0.3404 MID:0.34035 P1:0.34035 P2:0.34035 P3:0.34035 P4:0.34035 STATE:IDLE
[2026-05-04 18:21:39Z] CHK MOM:0% RANGE:0% UP:0% SPREAD:0.02938583% BID:0.3403 ASK:0.3404 MID:0.34035 P1:0.34035 P2:0.34035 P3:0.34035 P4:0.34035 STATE:IDLE
[2026-05-04 18:21:39Z] CHK MOM:0% RANGE:0% UP:0% SPREAD:0.02938583% BID:0.3403 ASK:0.3404 MID:0.34035 P1:0.34035 P2:0.34035 P3:0.34035 P4:0.34035 STATE:IDLE
[2026-05-04 18:21:40Z] CHK MOM:0% RANGE:0% UP:0% SPREAD:0.02938583% BID:0.3403 ASK:0.3404 MID:0.34035 P1:0.34035 P2:0.34035 P3:0.34035 P4:0.34035 STATE:IDLE
[2026-05-04 18:21:40Z] CHK MOM:0% RANGE:0% UP:0% SPREAD:0.02938583% BID:0.3403 ASK:0.3404 MID:0.34035 P1:0.34035 P2:0.34035 P3:0.34035 P4:0.34035 STATE:IDLE
[2026-05-04 18:21:41Z] CHK MOM:0% RANGE:0% UP:0% SPREAD:0.02938583% BID:0.3403 ASK:0.3404 MID:0.34035 P1:0.34035 P2:0.34035 P3:0.34035 P4:0.34035 STATE:IDLE
[2026-05-04 18:21:46Z] CHK MOM:0% RANGE:0% UP:0% SPREAD:0.02938583% BID:0.3403 ASK:0.3404 MID:0.34035 P1:0.34035 P2:0.34035 P3:0.34035 P4:0.34035 STATE:IDLE
[2026-05-04 18:21:47Z] CHK MOM:0% RANGE:0% UP:0% SPREAD:0.02938583% BID:0.3403 ASK:0.3404 MID:0.34035 P1:0.34035 P2:0.34035 P3:0.34035 P4:0.34035 STATE:IDLE
[2026-05-04 18:21:47Z] CHK MOM:0% RANGE:0% UP:0% SPREAD:0.02938583% BID:0.3403 ASK:0.3404 MID:0.34035 P1:0.34035 P2:0.34035 P3:0.34035 P4:0.34035 STATE:IDLE
[2026-05-04 18:21:48Z] CHK MOM:0% RANGE:0% UP:0% SPREAD:0.02938583% BID:0.3403 ASK:0.3404 MID:0.34035 P1:0.34035 P2:0.34035 P3:0.34035 P4:0.34035 STATE:IDLE
[2026-05-04 18:21:48Z] CHK MOM:0% RANGE:0% UP:0% SPREAD:0.02938583% BID:0.3403 ASK:0.3404 MID:0.34035 P1:0.34035 P2:0.34035 P3:0.34035 P4:0.34035 STATE:IDLE
[2026-05-04 18:21:49Z] CHK MOM:0% RANGE:0% UP:0% SPREAD:0.02938583% BID:0.3403 ASK:0.3404 MID:0.34035 P1:0.34035 P2:0.34035 P3:0.34035 P4:0.34035 STATE:IDLE
[2026-05-04 18:21:49Z] CHK MOM:0% RANGE:0% UP:0% SPREAD:0.02938583% BID:0.3403 ASK:0.3404 MID:0.34035 P1:0.34035 P2:0.34035 P3:0.34035 P4:0.34035 STATE:IDLE
[2026-05-04 18:21:50Z] CHK MOM:0% RANGE:0% UP:0% SPREAD:0.02938583% BID:0.3403 ASK:0.3404 MID:0.34035 P1:0.34035 P2:0.34035 P3:0.34035 P4:0.34035 STATE:IDLE
[2026-05-04 18:21:50Z] CHK MOM:0% RANGE:0% UP:0% SPREAD:0.02938583% BID:0.3403 ASK:0.3404 MID:0.34035 P1:0.34035 P2:0.34035 P3:0.34035 P4:0.34035 STATE:IDLE
[2026-05-04 18:21:51Z] CHK MOM:0% RANGE:0% UP:0% SPREAD:0.02938583% BID:0.3403 ASK:0.3404 MID:0.34035 P1:0.34035 P2:0.34035 P3:0.34035 P4:0.34035 STATE:IDLE
[2026-05-04 18:21:51Z] CHK MOM:0% RANGE:0% UP:0% SPREAD:0.02938583% BID:0.3403 ASK:0.3404 MID:0.34035 P1:0.34035 P2:0.34035 P3:0.34035 P4:0.34035 STATE:IDLE
[2026-05-04 18:21:52Z] CHK MOM:0% RANGE:0% UP:0% SPREAD:0.02938583% BID:0.3403 ASK:0.3404 MID:0.34035 P1:0.34035 P2:0.34035 P3:0.34035 P4:0.34035 STATE:IDLE
[2026-05-04 18:21:52Z] CHK MOM:0% RANGE:0% UP:0% SPREAD:0.02938583% BID:0.3403 ASK:0.3404 MID:0.34035 P1:0.34035 P2:0.34035 P3:0.34035 P4:0.34035 STATE:IDLE
[2026-05-04 18:21:53Z] CHK MOM:0% RANGE:0% UP:0% SPREAD:0.02938583% BID:0.3403 ASK:0.3404 MID:0.34035 P1:0.34035 P2:0.34035 P3:0.34035 P4:0.34035 STATE:IDLE
[2026-05-04 18:21:54Z] CHK MOM:0% RANGE:0% UP:0% SPREAD:0.02938583% BID:0.3403 ASK:0.3404 MID:0.34035 P1:0.34035 P2:0.34035 P3:0.34035 P4:0.34035 STATE:IDLE
[2026-05-04 18:21:54Z] CHK MOM:0% RANGE:0% UP:0% SPREAD:0.02938583% BID:0.3403 ASK:0.3404 MID:0.34035 P1:0.34035 P2:0.34035 P3:0.34035 P4:0.34035 STATE:IDLE
[2026-05-04 18:21:55Z] CHK MOM:0% RANGE:0% UP:0% SPREAD:0.02938583% BID:0.3403 ASK:0.3404 MID:0.34035 P1:0.34035 P2:0.34035 P3:0.34035 P4:0.34035 STATE:IDLE
[2026-05-04 18:21:55Z] CHK MOM:0% RANGE:0% UP:0% SPREAD:0.02938583% BID:0.3403 ASK:0.3404 MID:0.34035 P1:0.34035 P2:0.34035 P3:0.34035 P4:0.34035 STATE:IDLE
[2026-05-04 18:21:56Z] CHK MOM:0% RANGE:0% UP:0% SPREAD:0.02938583% BID:0.3403 ASK:0.3404 MID:0.34035 P1:0.34035 P2:0.34035 P3:0.34035 P4:0.34035 STATE:IDLE
[2026-05-04 18:21:56Z] CHK MOM:0% RANGE:0% UP:0% SPREAD:0.02938583% BID:0.3403 ASK:0.3404 MID:0.34035 P1:0.34035 P2:0.34035 P3:0.34035 P4:0.34035 STATE:IDLE
[2026-05-04 18:21:57Z] CHK MOM:0% RANGE:0% UP:0% SPREAD:0.02938583% BID:0.3403 ASK:0.3404 MID:0.34035 P1:0.34035 P2:0.34035 P3:0.34035 P4:0.34035 STATE:IDLE
[2026-05-04 18:21:57Z] CHK MOM:0% RANGE:0% UP:0% SPREAD:0.02938583% BID:0.3403 ASK:0.3404 MID:0.34035 P1:0.34035 P2:0.34035 P3:0.34035 P4:0.34035 STATE:IDLE
[2026-05-04 18:21:58Z] CHK MOM:0% RANGE:0% UP:0% SPREAD:0.02938583% BID:0.3403 ASK:0.3404 MID:0.34035 P1:0.34035 P2:0.34035 P3:0.34035 P4:0.34035 STATE:IDLE
[2026-05-04 18:21:58Z] CHK MOM:0% RANGE:0% UP:0% SPREAD:0.02938583% BID:0.3403 ASK:0.3404 MID:0.34035 P1:0.34035 P2:0.34035 P3:0.34035 P4:0.34035 STATE:IDLE
[2026-05-04 18:21:59Z] CHK MOM:0% RANGE:0% UP:0% SPREAD:0.02938583% BID:0.3403 ASK:0.3404 MID:0.34035 P1:0.34035 P2:0.34035 P3:0.34035 P4:0.34035 STATE:IDLE
[2026-05-04 18:21:59Z] CHK MOM:0% RANGE:0% UP:0% SPREAD:0.02938583% BID:0.3403 ASK:0.3404 MID:0.34035 P1:0.34035 P2:0.34035 P3:0.34035 P4:0.34035 STATE:IDLE
[2026-05-04 18:22:00Z] CHK MOM:0% RANGE:0% UP:0% SPREAD:0.02938583% BID:0.3403 ASK:0.3404 MID:0.34035 P1:0.34035 P2:0.34035 P3:0.34035 P4:0.34035 STATE:IDLE
[2026-05-04 18:22:00Z] CHK MOM:0% RANGE:0% UP:0% SPREAD:0.02938583% BID:0.3403 ASK:0.3404 MID:0.34035 P1:0.34035 P2:0.34035 P3:0.34035 P4:0.34035 STATE:IDLE
[2026-05-04 18:22:01Z] CHK MOM:0% RANGE:0% UP:0% SPREAD:0.02938583% BID:0.3403 ASK:0.3404 MID:0.34035 P1:0.34035 P2:0.34035 P3:0.34035 P4:0.34035 STATE:IDLE
[2026-05-04 18:22:02Z] CHK MOM:0% RANGE:0% UP:0% SPREAD:0.02938583% BID:0.3403 ASK:0.3404 MID:0.34035 P1:0.34035 P2:0.34035 P3:0.34035 P4:0.34035 STATE:IDLE
[2026-05-04 18:22:02Z] CHK MOM:0% RANGE:0% UP:0% SPREAD:0.02938583% BID:0.3403 ASK:0.3404 MID:0.34035 P1:0.34035 P2:0.34035 P3:0.34035 P4:0.34035 STATE:IDLE
[2026-05-04 18:22:03Z] CHK MOM:0% RANGE:0% UP:0% SPREAD:0.02938583% BID:0.3403 ASK:0.3404 MID:0.34035 P1:0.34035 P2:0.34035 P3:0.34035 P4:0.34035 STATE:IDLE
[2026-05-04 18:22:03Z] CHK MOM:0% RANGE:0% UP:0% SPREAD:0.02938583% BID:0.3403 ASK:0.3404 MID:0.34035 P1:0.34035 P2:0.34035 P3:0.34035 P4:0.34035 STATE:IDLE
[2026-05-04 18:22:04Z] CHK MOM:0% RANGE:0% UP:0% SPREAD:0.02938583% BID:0.3403 ASK:0.3404 MID:0.34035 P1:0.34035 P2:0.34035 P3:0.34035 P4:0.34035 STATE:IDLE
[2026-05-04 18:22:04Z] CHK MOM:0% RANGE:0% UP:0% SPREAD:0.02938583% BID:0.3403 ASK:0.3404 MID:0.34035 P1:0.34035 P2:0.34035 P3:0.34035 P4:0.34035 STATE:IDLE
[2026-05-04 18:22:05Z] CHK MOM:0% RANGE:0% UP:0% SPREAD:0.02938583% BID:0.3403 ASK:0.3404 MID:0.34035 P1:0.34035 P2:0.34035 P3:0.34035 P4:0.34035 STATE:IDLE
[2026-05-04 18:22:05Z] CHK MOM:0% RANGE:0% UP:0% SPREAD:0.02938583% BID:0.3403 ASK:0.3404 MID:0.34035 P1:0.34035 P2:0.34035 P3:0.34035 P4:0.34035 STATE:IDLE
[2026-05-04 18:22:06Z] CHK MOM:0% RANGE:0% UP:0% SPREAD:0.02938583% BID:0.3403 ASK:0.3404 MID:0.34035 P1:0.34035 P2:0.34035 P3:0.34035 P4:0.34035 STATE:IDLE
[2026-05-04 18:22:06Z] CHK MOM:0% RANGE:0% UP:0% SPREAD:0.02938583% BID:0.3403 ASK:0.3404 MID:0.34035 P1:0.34035 P2:0.34035 P3:0.34035 P4:0.34035 STATE:IDLE
[2026-05-04 18:22:07Z] CHK MOM:0% RANGE:0% UP:0% SPREAD:0.02938583% BID:0.3403 ASK:0.3404 MID:0.34035 P1:0.34035 P2:0.34035 P3:0.34035 P4:0.34035 STATE:IDLE
[2026-05-04 18:22:08Z] CHK MOM:0% RANGE:0% UP:0% SPREAD:0.02938583% BID:0.3403 ASK:0.3404 MID:0.34035 P1:0.34035 P2:0.34035 P3:0.34035 P4:0.34035 STATE:IDLE
[2026-05-04 18:22:08Z] CHK MOM:0% RANGE:0% UP:0% SPREAD:0.02938583% BID:0.3403 ASK:0.3404 MID:0.34035 P1:0.34035 P2:0.34035 P3:0.34035 P4:0.34035 STATE:IDLE
[2026-05-04 18:22:09Z] CHK MOM:0% RANGE:0% UP:0% SPREAD:0.02938583% BID:0.3403 ASK:0.3404 MID:0.34035 P1:0.34035 P2:0.34035 P3:0.34035 P4:0.34035 STATE:IDLE
[2026-05-04 18:22:09Z] CHK MOM:0% RANGE:0% UP:0% SPREAD:0.02938583% BID:0.3403 ASK:0.3404 MID:0.34035 P1:0.34035 P2:0.34035 P3:0.34035 P4:0.34035 STATE:IDLE
[2026-05-04 18:22:10Z] CHK MOM:0% RANGE:0% UP:0% SPREAD:0.02938583% BID:0.3403 ASK:0.3404 MID:0.34035 P1:0.34035 P2:0.34035 P3:0.34035 P4:0.34035 STATE:IDLE
[2026-05-04 18:22:10Z] CHK MOM:0% RANGE:0% UP:0% SPREAD:0.02938583% BID:0.3403 ASK:0.3404 MID:0.34035 P1:0.34035 P2:0.34035 P3:0.34035 P4:0.34035 STATE:IDLE
[2026-05-04 18:22:11Z] CHK MOM:0% RANGE:0% UP:0% SPREAD:0.02938583% BID:0.3403 ASK:0.3404 MID:0.34035 P1:0.34035 P2:0.34035 P3:0.34035 P4:0.34035 STATE:IDLE
[2026-05-04 18:22:11Z] CHK MOM:0% RANGE:0% UP:0% SPREAD:0.02938583% BID:0.3403 ASK:0.3404 MID:0.34035 P1:0.34035 P2:0.34035 P3:0.34035 P4:0.34035 STATE:IDLE
[2026-05-04 18:22:12Z] CHK MOM:0% RANGE:0% UP:0% SPREAD:0.02938583% BID:0.3403 ASK:0.3404 MID:0.34035 P1:0.34035 P2:0.34035 P3:0.34035 P4:0.34035 STATE:IDLE
[2026-05-04 18:22:13Z] CHK MOM:0% RANGE:0% UP:0% SPREAD:0.02938583% BID:0.3403 ASK:0.3404 MID:0.34035 P1:0.34035 P2:0.34035 P3:0.34035 P4:0.34035 STATE:IDLE
[2026-05-04 18:22:14Z] CHK MOM:0% RANGE:0% UP:0% SPREAD:0.02938583% BID:0.3403 ASK:0.3404 MID:0.34035 P1:0.34035 P2:0.34035 P3:0.34035 P4:0.34035 STATE:IDLE
[2026-05-04 18:22:14Z] CHK MOM:0% RANGE:0% UP:0% SPREAD:0.02938583% BID:0.3403 ASK:0.3404 MID:0.34035 P1:0.34035 P2:0.34035 P3:0.34035 P4:0.34035 STATE:IDLE
[2026-05-04 18:22:15Z] CHK MOM:0% RANGE:0% UP:0% SPREAD:0.02938583% BID:0.3403 ASK:0.3404 MID:0.34035 P1:0.34035 P2:0.34035 P3:0.34035 P4:0.34035 STATE:IDLE
[2026-05-04 18:22:15Z] CHK MOM:0% RANGE:0% UP:0% SPREAD:0.02938583% BID:0.3403 ASK:0.3404 MID:0.34035 P1:0.34035 P2:0.34035 P3:0.34035 P4:0.34035 STATE:IDLE
[2026-05-04 18:22:16Z] CHK MOM:0% RANGE:0% UP:0% SPREAD:0.02938583% BID:0.3403 ASK:0.3404 MID:0.34035 P1:0.34035 P2:0.34035 P3:0.34035 P4:0.34035 STATE:IDLE
[2026-05-04 18:22:16Z] CHK MOM:0% RANGE:0% UP:0% SPREAD:0.02938583% BID:0.3403 ASK:0.3404 MID:0.34035 P1:0.34035 P2:0.34035 P3:0.34035 P4:0.34035 STATE:IDLE
[2026-05-04 18:22:17Z] CHK MOM:0% RANGE:0% UP:0% SPREAD:0.02938583% BID:0.3403 ASK:0.3404 MID:0.34035 P1:0.34035 P2:0.34035 P3:0.34035 P4:0.34035 STATE:IDLE
[2026-05-04 18:22:17Z] CHK MOM:0% RANGE:0% UP:0% SPREAD:0.02938583% BID:0.3403 ASK:0.3404 MID:0.34035 P1:0.34035 P2:0.34035 P3:0.34035 P4:0.34035 STATE:IDLE
[2026-05-04 18:22:18Z] CHK MOM:0% RANGE:0% UP:0% SPREAD:0.02938583% BID:0.3403 ASK:0.3404 MID:0.34035 P1:0.34035 P2:0.34035 P3:0.34035 P4:0.34035 STATE:IDLE
[2026-05-04 18:22:19Z] CHK MOM:0% RANGE:0% UP:0% SPREAD:0.02938583% BID:0.3403 ASK:0.3404 MID:0.34035 P1:0.34035 P2:0.34035 P3:0.34035 P4:0.34035 STATE:IDLE
[2026-05-04 18:22:19Z] CHK MOM:0% RANGE:0% UP:0% SPREAD:0.02938583% BID:0.3403 ASK:0.3404 MID:0.34035 P1:0.34035 P2:0.34035 P3:0.34035 P4:0.34035 STATE:IDLE
[2026-05-04 18:22:20Z] CHK MOM:0% RANGE:0% UP:0% SPREAD:0.02938583% BID:0.3403 ASK:0.3404 MID:0.34035 P1:0.34035 P2:0.34035 P3:0.34035 P4:0.34035 STATE:IDLE
[2026-05-04 18:22:20Z] CHK MOM:0% RANGE:0% UP:0% SPREAD:0.02938583% BID:0.3403 ASK:0.3404 MID:0.34035 P1:0.34035 P2:0.34035 P3:0.34035 P4:0.34035 STATE:IDLE
[2026-05-04 18:22:21Z] CHK MOM:0% RANGE:0% UP:0% SPREAD:0.02938583% BID:0.3403 ASK:0.3404 MID:0.34035 P1:0.34035 P2:0.34035 P3:0.34035 P4:0.34035 STATE:IDLE
[2026-05-04 18:22:21Z] CHK MOM:0% RANGE:0% UP:0% SPREAD:0.02938583% BID:0.3403 ASK:0.3404 MID:0.34035 P1:0.34035 P2:0.34035 P3:0.34035 P4:0.34035 STATE:IDLE
[2026-05-04 18:22:22Z] CHK MOM:0% RANGE:0% UP:0% SPREAD:0.02938583% BID:0.3403 ASK:0.3404 MID:0.34035 P1:0.34035 P2:0.34035 P3:0.34035 P4:0.34035 STATE:IDLE
[2026-05-04 18:22:23Z] CHK MOM:0% RANGE:0% UP:0% SPREAD:0.02938583% BID:0.3403 ASK:0.3404 MID:0.34035 P1:0.34035 P2:0.34035 P3:0.34035 P4:0.34035 STATE:IDLE
[2026-05-04 18:22:24Z] CHK MOM:0% RANGE:0% UP:0% SPREAD:0.02938583% BID:0.3403 ASK:0.3404 MID:0.34035 P1:0.34035 P2:0.34035 P3:0.34035 P4:0.34035 STATE:IDLE
[2026-05-04 18:22:24Z] CHK MOM:0% RANGE:0% UP:0% SPREAD:0.02938583% BID:0.3403 ASK:0.3404 MID:0.34035 P1:0.34035 P2:0.34035 P3:0.34035 P4:0.34035 STATE:IDLE
[2026-05-04 18:22:25Z] CHK MOM:0% RANGE:0% UP:0% SPREAD:0.02938583% BID:0.3403 ASK:0.3404 MID:0.34035 P1:0.34035 P2:0.34035 P3:0.34035 P4:0.34035 STATE:IDLE
[2026-05-04 18:22:25Z] CHK MOM:0% RANGE:0% UP:0% SPREAD:0.02938583% BID:0.3403 ASK:0.3404 MID:0.34035 P1:0.34035 P2:0.34035 P3:0.34035 P4:0.34035 STATE:IDLE
[2026-05-04 18:22:28Z] CHK MOM:0% RANGE:0% UP:0% SPREAD:0.02938583% BID:0.3403 ASK:0.3404 MID:0.34035 P1:0.34035 P2:0.34035 P3:0.34035 P4:0.34035 STATE:IDLE
[2026-05-04 18:22:29Z] CHK MOM:0% RANGE:0% UP:0% SPREAD:0.02938583% BID:0.3403 ASK:0.3404 MID:0.34035 P1:0.34035 P2:0.34035 P3:0.34035 P4:0.34035 STATE:IDLE
[2026-05-04 18:22:30Z] CHK MOM:0% RANGE:0% UP:0% SPREAD:0.02938583% BID:0.3403 ASK:0.3404 MID:0.34035 P1:0.34035 P2:0.34035 P3:0.34035 P4:0.34035 STATE:IDLE
[2026-05-04 18:22:30Z] CHK MOM:0% RANGE:0% UP:0% SPREAD:0.02938583% BID:0.3403 ASK:0.3404 MID:0.34035 P1:0.34035 P2:0.34035 P3:0.34035 P4:0.34035 STATE:IDLE
[2026-05-04 18:22:31Z] CHK MOM:0% RANGE:0% UP:0% SPREAD:0.02938583% BID:0.3403 ASK:0.3404 MID:0.34035 P1:0.34035 P2:0.34035 P3:0.34035 P4:0.34035 STATE:IDLE
[2026-05-04 18:22:31Z] CHK MOM:0% RANGE:0% UP:0% SPREAD:0.02938583% BID:0.3403 ASK:0.3404 MID:0.34035 P1:0.34035 P2:0.34035 P3:0.34035 P4:0.34035 STATE:IDLE
[2026-05-04 18:22:34Z] CHK MOM:0% RANGE:0% UP:0% SPREAD:0.02938583% BID:0.3403 ASK:0.3404 MID:0.34035 P1:0.34035 P2:0.34035 P3:0.34035 P4:0.34035 STATE:IDLE
[2026-05-04 18:22:35Z] CHK MOM:0% RANGE:0% UP:0% SPREAD:0.02938583% BID:0.3403 ASK:0.3404 MID:0.34035 P1:0.34035 P2:0.34035 P3:0.34035 P4:0.34035 STATE:IDLE
[2026-05-04 18:22:35Z] CHK MOM:0% RANGE:0% UP:0% SPREAD:0.02938583% BID:0.3403 ASK:0.3404 MID:0.34035 P1:0.34035 P2:0.34035 P3:0.34035 P4:0.34035 STATE:IDLE
[2026-05-04 18:22:36Z] CHK MOM:0% RANGE:0% UP:0% SPREAD:0.02938583% BID:0.3403 ASK:0.3404 MID:0.34035 P1:0.34035 P2:0.34035 P3:0.34035 P4:0.34035 STATE:IDLE
[2026-05-04 18:22:36Z] CHK MOM:0% RANGE:0% UP:0% SPREAD:0.02938583% BID:0.3403 ASK:0.3404 MID:0.34035 P1:0.34035 P2:0.34035 P3:0.34035 P4:0.34035 STATE:IDLE
[2026-05-04 18:22:37Z] CHK MOM:0% RANGE:0% UP:0% SPREAD:0.02938583% BID:0.3403 ASK:0.3404 MID:0.34035 P1:0.34035 P2:0.34035 P3:0.34035 P4:0.34035 STATE:IDLE
[2026-05-04 18:22:37Z] CHK MOM:0% RANGE:0% UP:0% SPREAD:0.02938583% BID:0.3403 ASK:0.3404 MID:0.34035 P1:0.34035 P2:0.34035 P3:0.34035 P4:0.34035 STATE:IDLE
[2026-05-04 18:22:38Z] CHK MOM:0% RANGE:0% UP:0% SPREAD:0.02938583% BID:0.3403 ASK:0.3404 MID:0.34035 P1:0.34035 P2:0.34035 P3:0.34035 P4:0.34035 STATE:IDLE
[2026-05-04 18:22:38Z] CHK MOM:0% RANGE:0% UP:0% SPREAD:0.02938583% BID:0.3403 ASK:0.3404 MID:0.34035 P1:0.34035 P2:0.34035 P3:0.34035 P4:0.34035 STATE:IDLE
[2026-05-04 18:22:39Z] CHK MOM:0% RANGE:0% UP:0% SPREAD:0.02938583% BID:0.3403 ASK:0.3404 MID:0.34035 P1:0.34035 P2:0.34035 P3:0.34035 P4:0.34035 STATE:IDLE
[2026-05-04 18:22:39Z] CHK MOM:0% RANGE:0% UP:0% SPREAD:0.02938583% BID:0.3403 ASK:0.3404 MID:0.34035 P1:0.34035 P2:0.34035 P3:0.34035 P4:0.34035 STATE:IDLE
[2026-05-04 18:22:40Z] CHK MOM:0% RANGE:0% UP:0% SPREAD:0.02938583% BID:0.3403 ASK:0.3404 MID:0.34035 P1:0.34035 P2:0.34035 P3:0.34035 P4:0.34035 STATE:IDLE
[2026-05-04 18:22:41Z] CHK MOM:0% RANGE:0% UP:0% SPREAD:0.02938583% BID:0.3403 ASK:0.3404 MID:0.34035 P1:0.34035 P2:0.34035 P3:0.34035 P4:0.34035 STATE:IDLE
[2026-05-04 18:22:41Z] CHK MOM:0% RANGE:0% UP:0% SPREAD:0.02938583% BID:0.3403 ASK:0.3404 MID:0.34035 P1:0.34035 P2:0.34035 P3:0.34035 P4:0.34035 STATE:IDLE
[2026-05-04 18:22:42Z] CHK MOM:0% RANGE:0% UP:0% SPREAD:0.02938583% BID:0.3403 ASK:0.3404 MID:0.34035 P1:0.34035 P2:0.34035 P3:0.34035 P4:0.34035 STATE:IDLE
[2026-05-04 18:22:42Z] CHK MOM:0% RANGE:0% UP:0% SPREAD:0.02938583% BID:0.3403 ASK:0.3404 MID:0.34035 P1:0.34035 P2:0.34035 P3:0.34035 P4:0.34035 STATE:IDLE
[2026-05-04 18:22:43Z] CHK MOM:0% RANGE:0% UP:0% SPREAD:0.02938583% BID:0.3403 ASK:0.3404 MID:0.34035 P1:0.34035 P2:0.34035 P3:0.34035 P4:0.34035 STATE:IDLE
[2026-05-04 18:22:43Z] CHK MOM:0% RANGE:0% UP:0% SPREAD:0.02938583% BID:0.3403 ASK:0.3404 MID:0.34035 P1:0.34035 P2:0.34035 P3:0.34035 P4:0.34035 STATE:IDLE
[2026-05-04 18:22:44Z] CHK MOM:0% RANGE:0% UP:0% SPREAD:0.02938583% BID:0.3403 ASK:0.3404 MID:0.34035 P1:0.34035 P2:0.34035 P3:0.34035 P4:0.34035 STATE:IDLE
[2026-05-04 18:22:44Z] CHK MOM:0% RANGE:0% UP:0% SPREAD:0.02938583% BID:0.3403 ASK:0.3404 MID:0.34035 P1:0.34035 P2:0.34035 P3:0.34035 P4:0.34035 STATE:IDLE
[2026-05-04 18:22:45Z] CHK MOM:0% RANGE:0% UP:0% SPREAD:0.02938583% BID:0.3403 ASK:0.3404 MID:0.34035 P1:0.34035 P2:0.34035 P3:0.34035 P4:0.34035 STATE:IDLE
[2026-05-04 18:22:46Z] CHK MOM:0% RANGE:0% UP:0% SPREAD:0.02938583% BID:0.3403 ASK:0.3404 MID:0.34035 P1:0.34035 P2:0.34035 P3:0.34035 P4:0.34035 STATE:IDLE
[2026-05-04 18:22:46Z] CHK MOM:0% RANGE:0% UP:0% SPREAD:0.02938583% BID:0.3403 ASK:0.3404 MID:0.34035 P1:0.34035 P2:0.34035 P3:0.34035 P4:0.34035 STATE:IDLE
[2026-05-04 18:22:50Z] CHK MOM:0% RANGE:0% UP:0% SPREAD:0.02938583% BID:0.3403 ASK:0.3404 MID:0.34035 P1:0.34035 P2:0.34035 P3:0.34035 P4:0.34035 STATE:IDLE
[2026-05-04 18:22:51Z] CHK MOM:0% RANGE:0% UP:0% SPREAD:0.02938583% BID:0.3403 ASK:0.3404 MID:0.34035 P1:0.34035 P2:0.34035 P3:0.34035 P4:0.34035 STATE:IDLE
[2026-05-04 18:22:52Z] CHK MOM:0% RANGE:0% UP:0% SPREAD:0.02938583% BID:0.3403 ASK:0.3404 MID:0.34035 P1:0.34035 P2:0.34035 P3:0.34035 P4:0.34035 STATE:IDLE
[2026-05-04 18:22:52Z] CHK MOM:0% RANGE:0% UP:0% SPREAD:0.02938583% BID:0.3403 ASK:0.3404 MID:0.34035 P1:0.34035 P2:0.34035 P3:0.34035 P4:0.34035 STATE:IDLE
[2026-05-04 18:22:53Z] CHK MOM:0% RANGE:0% UP:0% SPREAD:0.02938583% BID:0.3403 ASK:0.3404 MID:0.34035 P1:0.34035 P2:0.34035 P3:0.34035 P4:0.34035 STATE:IDLE
[2026-05-04 18:22:53Z] CHK MOM:0% RANGE:0% UP:0% SPREAD:0.02938583% BID:0.3403 ASK:0.3404 MID:0.34035 P1:0.34035 P2:0.34035 P3:0.34035 P4:0.34035 STATE:IDLE
[2026-05-04 18:22:54Z] CHK MOM:0% RANGE:0% UP:0% SPREAD:0.02938583% BID:0.3403 ASK:0.3404 MID:0.34035 P1:0.34035 P2:0.34035 P3:0.34035 P4:0.34035 STATE:IDLE
[2026-05-04 18:22:55Z] CHK MOM:0% RANGE:0% UP:0% SPREAD:0.02938583% BID:0.3403 ASK:0.3404 MID:0.34035 P1:0.34035 P2:0.34035 P3:0.34035 P4:0.34035 STATE:IDLE
[2026-05-04 18:22:55Z] CHK MOM:0% RANGE:0% UP:0% SPREAD:0.02938583% BID:0.3403 ASK:0.3404 MID:0.34035 P1:0.34035 P2:0.34035 P3:0.34035 P4:0.34035 STATE:IDLE
[2026-05-04 18:22:56Z] CHK MOM:0% RANGE:0% UP:0% SPREAD:0.02938583% BID:0.3403 ASK:0.3404 MID:0.34035 P1:0.34035 P2:0.34035 P3:0.34035 P4:0.34035 STATE:IDLE
[2026-05-04 18:22:57Z] CHK MOM:0% RANGE:0% UP:0% SPREAD:0.02938583% BID:0.3403 ASK:0.3404 MID:0.34035 P1:0.34035 P2:0.34035 P3:0.34035 P4:0.34035 STATE:IDLE
[2026-05-04 18:22:57Z] CHK MOM:0% RANGE:0% UP:0% SPREAD:0.02938583% BID:0.3403 ASK:0.3404 MID:0.34035 P1:0.34035 P2:0.34035 P3:0.34035 P4:0.34035 STATE:IDLE
[2026-05-04 18:22:58Z] CHK MOM:0% RANGE:0% UP:0% SPREAD:0.02938583% BID:0.3403 ASK:0.3404 MID:0.34035 P1:0.34035 P2:0.34035 P3:0.34035 P4:0.34035 STATE:IDLE
[2026-05-04 18:22:58Z] CHK MOM:0% RANGE:0% UP:0% SPREAD:0.02938583% BID:0.3403 ASK:0.3404 MID:0.34035 P1:0.34035 P2:0.34035 P3:0.34035 P4:0.34035 STATE:IDLE
[2026-05-04 18:22:59Z] CHK MOM:0% RANGE:0% UP:0% SPREAD:0.02938583% BID:0.3403 ASK:0.3404 MID:0.34035 P1:0.34035 P2:0.34035 P3:0.34035 P4:0.34035 STATE:IDLE
[2026-05-04 18:22:59Z] CHK MOM:0% RANGE:0% UP:0% SPREAD:0.02938583% BID:0.3403 ASK:0.3404 MID:0.34035 P1:0.34035 P2:0.34035 P3:0.34035 P4:0.34035 STATE:IDLE
[2026-05-04 18:23:00Z] CHK MOM:0% RANGE:0% UP:0% SPREAD:0.02938583% BID:0.3403 ASK:0.3404 MID:0.34035 P1:0.34035 P2:0.34035 P3:0.34035 P4:0.34035 STATE:IDLE
[2026-05-04 18:23:00Z] CHK MOM:0% RANGE:0% UP:0% SPREAD:0.02938583% BID:0.3403 ASK:0.3404 MID:0.34035 P1:0.34035 P2:0.34035 P3:0.34035 P4:0.34035 STATE:IDLE
[2026-05-04 18:23:01Z] CHK MOM:0% RANGE:0% UP:0% SPREAD:0.02938583% BID:0.3403 ASK:0.3404 MID:0.34035 P1:0.34035 P2:0.34035 P3:0.34035 P4:0.34035 STATE:IDLE
[2026-05-04 18:23:02Z] CHK MOM:0% RANGE:0% UP:0% SPREAD:0.02938583% BID:0.3403 ASK:0.3404 MID:0.34035 P1:0.34035 P2:0.34035 P3:0.34035 P4:0.34035 STATE:IDLE
[2026-05-04 18:23:03Z] CHK MOM:0% RANGE:0% UP:0% SPREAD:0.02938583% BID:0.3403 ASK:0.3404 MID:0.34035 P1:0.34035 P2:0.34035 P3:0.34035 P4:0.34035 STATE:IDLE
[2026-05-04 18:23:03Z] CHK MOM:0% RANGE:0% UP:0% SPREAD:0.02938583% BID:0.3403 ASK:0.3404 MID:0.34035 P1:0.34035 P2:0.34035 P3:0.34035 P4:0.34035 STATE:IDLE
[2026-05-04 18:23:04Z] CHK MOM:0% RANGE:0% UP:0% SPREAD:0.02938583% BID:0.3403 ASK:0.3404 MID:0.34035 P1:0.34035 P2:0.34035 P3:0.34035 P4:0.34035 STATE:IDLE
[2026-05-04 18:23:04Z] CHK MOM:0% RANGE:0% UP:0% SPREAD:0.02938583% BID:0.3403 ASK:0.3404 MID:0.34035 P1:0.34035 P2:0.34035 P3:0.34035 P4:0.34035 STATE:IDLE
[2026-05-04 18:23:05Z] CHK MOM:0% RANGE:0% UP:0% SPREAD:0.02938583% BID:0.3403 ASK:0.3404 MID:0.34035 P1:0.34035 P2:0.34035 P3:0.34035 P4:0.34035 STATE:IDLE
[2026-05-04 18:23:05Z] CHK MOM:0% RANGE:0% UP:0% SPREAD:0.02938583% BID:0.3403 ASK:0.3404 MID:0.34035 P1:0.34035 P2:0.34035 P3:0.34035 P4:0.34035 STATE:IDLE
[2026-05-04 18:23:06Z] CHK MOM:0% RANGE:0% UP:0% SPREAD:0.02938583% BID:0.3403 ASK:0.3404 MID:0.34035 P1:0.34035 P2:0.34035 P3:0.34035 P4:0.34035 STATE:IDLE
[2026-05-04 18:23:06Z] CHK MOM:0% RANGE:0% UP:0% SPREAD:0.02938583% BID:0.3403 ASK:0.3404 MID:0.34035 P1:0.34035 P2:0.34035 P3:0.34035 P4:0.34035 STATE:IDLE
[2026-05-04 18:23:07Z] CHK MOM:0% RANGE:0% UP:0% SPREAD:0.02938583% BID:0.3403 ASK:0.3404 MID:0.34035 P1:0.34035 P2:0.34035 P3:0.34035 P4:0.34035 STATE:IDLE
[2026-05-04 18:23:08Z] CHK MOM:0% RANGE:0% UP:0% SPREAD:0.02938583% BID:0.3403 ASK:0.3404 MID:0.34035 P1:0.34035 P2:0.34035 P3:0.34035 P4:0.34035 STATE:IDLE
[2026-05-04 18:23:08Z] CHK MOM:0% RANGE:0% UP:0% SPREAD:0.02938583% BID:0.3403 ASK:0.3404 MID:0.34035 P1:0.34035 P2:0.34035 P3:0.34035 P4:0.34035 STATE:IDLE
[2026-05-04 18:23:09Z] CHK MOM:0% RANGE:0% UP:0% SPREAD:0.02938583% BID:0.3403 ASK:0.3404 MID:0.34035 P1:0.34035 P2:0.34035 P3:0.34035 P4:0.34035 STATE:IDLE
[2026-05-04 18:23:09Z] CHK MOM:0% RANGE:0% UP:0% SPREAD:0.02938583% BID:0.3403 ASK:0.3404 MID:0.34035 P1:0.34035 P2:0.34035 P3:0.34035 P4:0.34035 STATE:IDLE
[2026-05-04 18:23:10Z] CHK MOM:0% RANGE:0% UP:0% SPREAD:0.02938583% BID:0.3403 ASK:0.3404 MID:0.34035 P1:0.34035 P2:0.34035 P3:0.34035 P4:0.34035 STATE:IDLE
[2026-05-04 18:23:10Z] CHK MOM:0% RANGE:0% UP:0% SPREAD:0.02938583% BID:0.3403 ASK:0.3404 MID:0.34035 P1:0.34035 P2:0.34035 P3:0.34035 P4:0.34035 STATE:IDLE
[2026-05-04 18:23:11Z] CHK MOM:0% RANGE:0% UP:0% SPREAD:0.02938583% BID:0.3403 ASK:0.3404 MID:0.34035 P1:0.34035 P2:0.34035 P3:0.34035 P4:0.34035 STATE:IDLE
[2026-05-04 18:23:11Z] CHK MOM:0% RANGE:0% UP:0% SPREAD:0.02938583% BID:0.3403 ASK:0.3404 MID:0.34035 P1:0.34035 P2:0.34035 P3:0.34035 P4:0.34035 STATE:IDLE
[2026-05-04 18:23:12Z] CHK MOM:0% RANGE:0% UP:0% SPREAD:0.02938583% BID:0.3403 ASK:0.3404 MID:0.34035 P1:0.34035 P2:0.34035 P3:0.34035 P4:0.34035 STATE:IDLE
[2026-05-04 18:23:13Z] CHK MOM:0% RANGE:0% UP:0% SPREAD:0.02938583% BID:0.3403 ASK:0.3404 MID:0.34035 P1:0.34035 P2:0.34035 P3:0.34035 P4:0.34035 STATE:IDLE
[2026-05-04 18:23:13Z] CHK MOM:0% RANGE:0% UP:0% SPREAD:0.02938583% BID:0.3403 ASK:0.3404 MID:0.34035 P1:0.34035 P2:0.34035 P3:0.34035 P4:0.34035 STATE:IDLE
[2026-05-04 18:23:14Z] CHK MOM:0% RANGE:0% UP:0% SPREAD:0.02938583% BID:0.3403 ASK:0.3404 MID:0.34035 P1:0.34035 P2:0.34035 P3:0.34035 P4:0.34035 STATE:IDLE
[2026-05-04 18:23:14Z] CHK MOM:0% RANGE:0% UP:0% SPREAD:0.02938583% BID:0.3403 ASK:0.3404 MID:0.34035 P1:0.34035 P2:0.34035 P3:0.34035 P4:0.34035 STATE:IDLE
[2026-05-04 18:23:15Z] CHK MOM:0% RANGE:0% UP:0% SPREAD:0.02938583% BID:0.3403 ASK:0.3404 MID:0.34035 P1:0.34035 P2:0.34035 P3:0.34035 P4:0.34035 STATE:IDLE
[2026-05-04 18:23:15Z] CHK MOM:0% RANGE:0% UP:0% SPREAD:0.02938583% BID:0.3403 ASK:0.3404 MID:0.34035 P1:0.34035 P2:0.34035 P3:0.34035 P4:0.34035 STATE:IDLE
[2026-05-04 18:23:16Z] CHK MOM:0% RANGE:0% UP:0% SPREAD:0.02938583% BID:0.3403 ASK:0.3404 MID:0.34035 P1:0.34035 P2:0.34035 P3:0.34035 P4:0.34035 STATE:IDLE
[2026-05-04 18:23:16Z] CHK MOM:0% RANGE:0% UP:0% SPREAD:0.02938583% BID:0.3403 ASK:0.3404 MID:0.34035 P1:0.34035 P2:0.34035 P3:0.34035 P4:0.34035 STATE:IDLE
[2026-05-04 18:23:17Z] CHK MOM:0% RANGE:0% UP:0% SPREAD:0.02938583% BID:0.3403 ASK:0.3404 MID:0.34035 P1:0.34035 P2:0.34035 P3:0.34035 P4:0.34035 STATE:IDLE
[2026-05-04 18:23:17Z] CHK MOM:0% RANGE:0% UP:0% SPREAD:0.02938583% BID:0.3403 ASK:0.3404 MID:0.34035 P1:0.34035 P2:0.34035 P3:0.34035 P4:0.34035 STATE:IDLE
[2026-05-04 18:23:18Z] CHK MOM:0% RANGE:0% UP:0% SPREAD:0.02938583% BID:0.3403 ASK:0.3404 MID:0.34035 P1:0.34035 P2:0.34035 P3:0.34035 P4:0.34035 STATE:IDLE
[2026-05-04 18:23:19Z] CHK MOM:0% RANGE:0% UP:0% SPREAD:0.02938583% BID:0.3403 ASK:0.3404 MID:0.34035 P1:0.34035 P2:0.34035 P3:0.34035 P4:0.34035 STATE:IDLE
[2026-05-04 18:23:19Z] CHK MOM:0% RANGE:0% UP:0% SPREAD:0.02938583% BID:0.3403 ASK:0.3404 MID:0.34035 P1:0.34035 P2:0.34035 P3:0.34035 P4:0.34035 STATE:IDLE
[2026-05-04 18:23:20Z] CHK MOM:0% RANGE:0% UP:0% SPREAD:0.02938583% BID:0.3403 ASK:0.3404 MID:0.34035 P1:0.34035 P2:0.34035 P3:0.34035 P4:0.34035 STATE:IDLE
[2026-05-04 18:23:20Z] CHK MOM:0% RANGE:0% UP:0% SPREAD:0.02938583% BID:0.3403 ASK:0.3404 MID:0.34035 P1:0.34035 P2:0.34035 P3:0.34035 P4:0.34035 STATE:IDLE
[2026-05-04 18:23:21Z] CHK MOM:0% RANGE:0% UP:0% SPREAD:0.02938583% BID:0.3403 ASK:0.3404 MID:0.34035 P1:0.34035 P2:0.34035 P3:0.34035 P4:0.34035 STATE:IDLE
[2026-05-04 18:23:21Z] CHK MOM:0% RANGE:0% UP:0% SPREAD:0.02938583% BID:0.3403 ASK:0.3404 MID:0.34035 P1:0.34035 P2:0.34035 P3:0.34035 P4:0.34035 STATE:IDLE
[2026-05-04 18:23:22Z] CHK MOM:0% RANGE:0% UP:0% SPREAD:0.02938583% BID:0.3403 ASK:0.3404 MID:0.34035 P1:0.34035 P2:0.34035 P3:0.34035 P4:0.34035 STATE:IDLE
[2026-05-04 18:23:26Z] CHK MOM:0% RANGE:0% UP:0% SPREAD:0.02938583% BID:0.3403 ASK:0.3404 MID:0.34035 P1:0.34035 P2:0.34035 P3:0.34035 P4:0.34035 STATE:IDLE
[2026-05-04 18:23:27Z] CHK MOM:0% RANGE:0% UP:0% SPREAD:0.02938583% BID:0.3403 ASK:0.3404 MID:0.34035 P1:0.34035 P2:0.34035 P3:0.34035 P4:0.34035 STATE:IDLE
[2026-05-04 18:23:27Z] CHK MOM:0% RANGE:0% UP:0% SPREAD:0.02938583% BID:0.3403 ASK:0.3404 MID:0.34035 P1:0.34035 P2:0.34035 P3:0.34035 P4:0.34035 STATE:IDLE
[2026-05-04 18:23:28Z] CHK MOM:0% RANGE:0% UP:0% SPREAD:0.02938583% BID:0.3403 ASK:0.3404 MID:0.34035 P1:0.34035 P2:0.34035 P3:0.34035 P4:0.34035 STATE:IDLE
[2026-05-04 18:23:28Z] CHK MOM:0% RANGE:0% UP:0% SPREAD:0.02938583% BID:0.3403 ASK:0.3404 MID:0.34035 P1:0.34035 P2:0.34035 P3:0.34035 P4:0.34035 STATE:IDLE
[2026-05-04 18:23:29Z] CHK MOM:0% RANGE:0% UP:0% SPREAD:0.02938583% BID:0.3403 ASK:0.3404 MID:0.34035 P1:0.34035 P2:0.34035 P3:0.34035 P4:0.34035 STATE:IDLE
[2026-05-04 18:23:29Z] CHK MOM:0% RANGE:0% UP:0% SPREAD:0.02938583% BID:0.3403 ASK:0.3404 MID:0.34035 P1:0.34035 P2:0.34035 P3:0.34035 P4:0.34035 STATE:IDLE
[2026-05-04 18:23:34Z] CHK MOM:0% RANGE:0% UP:0% SPREAD:0.02938583% BID:0.3403 ASK:0.3404 MID:0.34035 P1:0.34035 P2:0.34035 P3:0.34035 P4:0.34035 STATE:IDLE
[2026-05-04 18:23:34Z] CHK MOM:0% RANGE:0% UP:0% SPREAD:0.02938583% BID:0.3403 ASK:0.3404 MID:0.34035 P1:0.34035 P2:0.34035 P3:0.34035 P4:0.34035 STATE:IDLE
[2026-05-04 18:23:35Z] CHK MOM:0% RANGE:0% UP:0% SPREAD:0.02938583% BID:0.3403 ASK:0.3404 MID:0.34035 P1:0.34035 P2:0.34035 P3:0.34035 P4:0.34035 STATE:IDLE
[2026-05-04 18:23:35Z] CHK MOM:0% RANGE:0% UP:0% SPREAD:0.02938583% BID:0.3403 ASK:0.3404 MID:0.34035 P1:0.34035 P2:0.34035 P3:0.34035 P4:0.34035 STATE:IDLE
[2026-05-04 18:23:36Z] CHK MOM:0% RANGE:0% UP:0% SPREAD:0.02938583% BID:0.3403 ASK:0.3404 MID:0.34035 P1:0.34035 P2:0.34035 P3:0.34035 P4:0.34035 STATE:IDLE
[2026-05-04 18:23:38Z] CHK MOM:0% RANGE:0% UP:0% SPREAD:0.02938583% BID:0.3403 ASK:0.3404 MID:0.34035 P1:0.34035 P2:0.34035 P3:0.34035 P4:0.34035 STATE:IDLE
[2026-05-04 18:23:38Z] CHK MOM:0% RANGE:0% UP:0% SPREAD:0.02938583% BID:0.3403 ASK:0.3404 MID:0.34035 P1:0.34035 P2:0.34035 P3:0.34035 P4:0.34035 STATE:IDLE
[2026-05-04 18:23:39Z] CHK MOM:0% RANGE:0% UP:0% SPREAD:0.02938583% BID:0.3403 ASK:0.3404 MID:0.34035 P1:0.34035 P2:0.34035 P3:0.34035 P4:0.34035 STATE:IDLE
[2026-05-04 18:23:40Z] CHK MOM:0% RANGE:0% UP:0% SPREAD:0.02938583% BID:0.3403 ASK:0.3404 MID:0.34035 P1:0.34035 P2:0.34035 P3:0.34035 P4:0.34035 STATE:IDLE
[2026-05-04 18:23:40Z] CHK MOM:0% RANGE:0% UP:0% SPREAD:0.02938583% BID:0.3403 ASK:0.3404 MID:0.34035 P1:0.34035 P2:0.34035 P3:0.34035 P4:0.34035 STATE:IDLE
[2026-05-04 18:23:41Z] CHK MOM:0% RANGE:0% UP:0% SPREAD:0.02938583% BID:0.3403 ASK:0.3404 MID:0.34035 P1:0.34035 P2:0.34035 P3:0.34035 P4:0.34035 STATE:IDLE
[2026-05-04 18:23:42Z] CHK MOM:0% RANGE:0% UP:0% SPREAD:0.02938583% BID:0.3403 ASK:0.3404 MID:0.34035 P1:0.34035 P2:0.34035 P3:0.34035 P4:0.34035 STATE:IDLE
[2026-05-04 18:23:42Z] CHK MOM:0% RANGE:0% UP:0% SPREAD:0.02938583% BID:0.3403 ASK:0.3404 MID:0.34035 P1:0.34035 P2:0.34035 P3:0.34035 P4:0.34035 STATE:IDLE
[2026-05-04 18:23:43Z] CHK MOM:0% RANGE:0% UP:0% SPREAD:0.02938583% BID:0.3403 ASK:0.3404 MID:0.34035 P1:0.34035 P2:0.34035 P3:0.34035 P4:0.34035 STATE:IDLE
[2026-05-04 18:23:43Z] CHK MOM:0% RANGE:0% UP:0% SPREAD:0.02938583% BID:0.3403 ASK:0.3404 MID:0.34035 P1:0.34035 P2:0.34035 P3:0.34035 P4:0.34035 STATE:IDLE
[2026-05-04 18:23:44Z] CHK MOM:0% RANGE:0% UP:0% SPREAD:0.02938583% BID:0.3403 ASK:0.3404 MID:0.34035 P1:0.34035 P2:0.34035 P3:0.34035 P4:0.34035 STATE:IDLE
[2026-05-04 18:23:45Z] CHK MOM:0% RANGE:0% UP:0% SPREAD:0.02938583% BID:0.3403 ASK:0.3404 MID:0.34035 P1:0.34035 P2:0.34035 P3:0.34035 P4:0.34035 STATE:IDLE
[2026-05-04 18:23:46Z] CHK MOM:0% RANGE:0% UP:0% SPREAD:0.02938583% BID:0.3403 ASK:0.3404 MID:0.34035 P1:0.34035 P2:0.34035 P3:0.34035 P4:0.34035 STATE:IDLE
[2026-05-04 18:23:46Z] CHK MOM:0% RANGE:0% UP:0% SPREAD:0.02938583% BID:0.3403 ASK:0.3404 MID:0.34035 P1:0.34035 P2:0.34035 P3:0.34035 P4:0.34035 STATE:IDLE
[2026-05-04 18:23:47Z] CHK MOM:0% RANGE:0% UP:0% SPREAD:0.02938583% BID:0.3403 ASK:0.3404 MID:0.34035 P1:0.34035 P2:0.34035 P3:0.34035 P4:0.34035 STATE:IDLE
[2026-05-04 18:23:47Z] CHK MOM:0% RANGE:0% UP:0% SPREAD:0.02938583% BID:0.3403 ASK:0.3404 MID:0.34035 P1:0.34035 P2:0.34035 P3:0.34035 P4:0.34035 STATE:IDLE
[2026-05-04 18:23:48Z] CHK MOM:0% RANGE:0% UP:0% SPREAD:0.02938583% BID:0.3403 ASK:0.3404 MID:0.34035 P1:0.34035 P2:0.34035 P3:0.34035 P4:0.34035 STATE:IDLE
[2026-05-04 18:23:48Z] CHK MOM:0% RANGE:0% UP:0% SPREAD:0.02938583% BID:0.3403 ASK:0.3404 MID:0.34035 P1:0.34035 P2:0.34035 P3:0.34035 P4:0.34035 STATE:IDLE
[2026-05-04 18:23:49Z] CHK MOM:0% RANGE:0% UP:0% SPREAD:0.02938583% BID:0.3403 ASK:0.3404 MID:0.34035 P1:0.34035 P2:0.34035 P3:0.34035 P4:0.34035 STATE:IDLE
[2026-05-04 18:23:49Z] CHK MOM:0% RANGE:0% UP:0% SPREAD:0.02938583% BID:0.3403 ASK:0.3404 MID:0.34035 P1:0.34035 P2:0.34035 P3:0.34035 P4:0.34035 STATE:IDLE
[2026-05-04 18:23:50Z] CHK MOM:0% RANGE:0% UP:0% SPREAD:0.02938583% BID:0.3403 ASK:0.3404 MID:0.34035 P1:0.34035 P2:0.34035 P3:0.34035 P4:0.34035 STATE:IDLE
[2026-05-04 18:23:51Z] CHK MOM:0% RANGE:0% UP:0% SPREAD:0.02938583% BID:0.3403 ASK:0.3404 MID:0.34035 P1:0.34035 P2:0.34035 P3:0.34035 P4:0.34035 STATE:IDLE
[2026-05-04 18:23:51Z] CHK MOM:0% RANGE:0% UP:0% SPREAD:0.02938583% BID:0.3403 ASK:0.3404 MID:0.34035 P1:0.34035 P2:0.34035 P3:0.34035 P4:0.34035 STATE:IDLE
[2026-05-04 18:23:52Z] CHK MOM:0% RANGE:0% UP:0% SPREAD:0.02938583% BID:0.3403 ASK:0.3404 MID:0.34035 P1:0.34035 P2:0.34035 P3:0.34035 P4:0.34035 STATE:IDLE
[2026-05-04 18:23:52Z] CHK MOM:0% RANGE:0% UP:0% SPREAD:0.02938583% BID:0.3403 ASK:0.3404 MID:0.34035 P1:0.34035 P2:0.34035 P3:0.34035 P4:0.34035 STATE:IDLE
[2026-05-04 18:23:53Z] CHK MOM:0% RANGE:0% UP:0% SPREAD:0.02938583% BID:0.3403 ASK:0.3404 MID:0.34035 P1:0.34035 P2:0.34035 P3:0.34035 P4:0.34035 STATE:IDLE
[2026-05-04 18:23:53Z] CHK MOM:0% RANGE:0% UP:0% SPREAD:0.02938583% BID:0.3403 ASK:0.3404 MID:0.34035 P1:0.34035 P2:0.34035 P3:0.34035 P4:0.34035 STATE:IDLE
[2026-05-04 18:23:54Z] CHK MOM:0% RANGE:0% UP:0% SPREAD:0.02938583% BID:0.3403 ASK:0.3404 MID:0.34035 P1:0.34035 P2:0.34035 P3:0.34035 P4:0.34035 STATE:IDLE
[2026-05-04 18:23:54Z] CHK MOM:0% RANGE:0% UP:0% SPREAD:0.02938583% BID:0.3403 ASK:0.3404 MID:0.34035 P1:0.34035 P2:0.34035 P3:0.34035 P4:0.34035 STATE:IDLE
[2026-05-04 18:23:56Z] CHK MOM:0% RANGE:0% UP:0% SPREAD:0.02938583% BID:0.3403 ASK:0.3404 MID:0.34035 P1:0.34035 P2:0.34035 P3:0.34035 P4:0.34035 STATE:IDLE
[2026-05-04 18:23:57Z] CHK MOM:0% RANGE:0% UP:0% SPREAD:0.02938583% BID:0.3403 ASK:0.3404 MID:0.34035 P1:0.34035 P2:0.34035 P3:0.34035 P4:0.34035 STATE:IDLE
[2026-05-04 18:23:57Z] CHK MOM:0% RANGE:0% UP:0% SPREAD:0.02938583% BID:0.3403 ASK:0.3404 MID:0.34035 P1:0.34035 P2:0.34035 P3:0.34035 P4:0.34035 STATE:IDLE
[2026-05-04 18:23:58Z] CHK MOM:0% RANGE:0% UP:0% SPREAD:0.02938583% BID:0.3403 ASK:0.3404 MID:0.34035 P1:0.34035 P2:0.34035 P3:0.34035 P4:0.34035 STATE:IDLE
[2026-05-04 18:23:58Z] CHK MOM:0% RANGE:0% UP:0% SPREAD:0.02938583% BID:0.3403 ASK:0.3404 MID:0.34035 P1:0.34035 P2:0.34035 P3:0.34035 P4:0.34035 STATE:IDLE
[2026-05-04 18:23:59Z] CHK MOM:0% RANGE:0% UP:0% SPREAD:0.02938583% BID:0.3403 ASK:0.3404 MID:0.34035 P1:0.34035 P2:0.34035 P3:0.34035 P4:0.34035 STATE:IDLE
[2026-05-04 18:23:59Z] CHK MOM:0% RANGE:0% UP:0% SPREAD:0.02938583% BID:0.3403 ASK:0.3404 MID:0.34035 P1:0.34035 P2:0.34035 P3:0.34035 P4:0.34035 STATE:IDLE
[2026-05-04 18:24:02Z] CHK MOM:0% RANGE:0% UP:0% SPREAD:0.02938583% BID:0.3403 ASK:0.3404 MID:0.34035 P1:0.34035 P2:0.34035 P3:0.34035 P4:0.34035 STATE:IDLE
[2026-05-04 18:24:02Z] CHK MOM:-0.02% RANGE:0.02% UP:0% SPREAD:0.02939447% BID:0.3402 ASK:0.3403 MID:0.34025 P1:0.34025 P2:0.34035 P3:0.34035 P4:0.34035 STATE:IDLE
[2026-05-04 18:24:03Z] CHK MOM:-0.02% RANGE:0.02% UP:0% SPREAD:0.02939447% BID:0.3402 ASK:0.3403 MID:0.34025 P1:0.34025 P2:0.34025 P3:0.34035 P4:0.34035 STATE:IDLE
[2026-05-04 18:24:03Z] CHK MOM:-0.02% RANGE:0.02% UP:0% SPREAD:0.02939447% BID:0.3402 ASK:0.3403 MID:0.34025 P1:0.34025 P2:0.34025 P3:0.34025 P4:0.34035 STATE:IDLE
[2026-05-04 18:24:04Z] CHK MOM:-0.02% RANGE:0.02% UP:0% SPREAD:0.02939447% BID:0.3402 ASK:0.3403 MID:0.34025 P1:0.34025 P2:0.34025 P3:0.34025 P4:0.34025 STATE:IDLE
[2026-05-04 18:24:04Z] CHK MOM:-0.02% RANGE:0.02% UP:0% SPREAD:0.02939447% BID:0.3402 ASK:0.3403 MID:0.34025 P1:0.34025 P2:0.34025 P3:0.34025 P4:0.34025 STATE:IDLE
[2026-05-04 18:24:05Z] CHK MOM:-0.02% RANGE:0.02% UP:0% SPREAD:0.02939447% BID:0.3402 ASK:0.3403 MID:0.34025 P1:0.34025 P2:0.34025 P3:0.34025 P4:0.34025 STATE:IDLE
[2026-05-04 18:24:05Z] CHK MOM:-0.02% RANGE:0.02% UP:0% SPREAD:0.02939447% BID:0.3402 ASK:0.3403 MID:0.34025 P1:0.34025 P2:0.34025 P3:0.34025 P4:0.34025 STATE:IDLE
[2026-05-04 18:24:06Z] CHK MOM:-0.02% RANGE:0.02% UP:0% SPREAD:0.02939447% BID:0.3402 ASK:0.3403 MID:0.34025 P1:0.34025 P2:0.34025 P3:0.34025 P4:0.34025 STATE:IDLE
[2026-05-04 18:24:06Z] CHK MOM:-0.02% RANGE:0.02% UP:0% SPREAD:0.02939447% BID:0.3402 ASK:0.3403 MID:0.34025 P1:0.34025 P2:0.34025 P3:0.34025 P4:0.34025 STATE:IDLE
[2026-05-04 18:24:07Z] CHK MOM:-0.02% RANGE:0.02% UP:0% SPREAD:0.02939447% BID:0.3402 ASK:0.3403 MID:0.34025 P1:0.34025 P2:0.34025 P3:0.34025 P4:0.34025 STATE:IDLE
[2026-05-04 18:24:09Z] CHK MOM:-0.02% RANGE:0.02% UP:0% SPREAD:0.02939447% BID:0.3402 ASK:0.3403 MID:0.34025 P1:0.34025 P2:0.34025 P3:0.34025 P4:0.34025 STATE:IDLE
[2026-05-04 18:24:09Z] CHK MOM:0% RANGE:0% UP:0% SPREAD:0.02939447% BID:0.3402 ASK:0.3403 MID:0.34025 P1:0.34025 P2:0.34025 P3:0.34025 P4:0.34025 STATE:IDLE
[2026-05-04 18:24:10Z] CHK MOM:0% RANGE:0% UP:0% SPREAD:0.02939447% BID:0.3402 ASK:0.3403 MID:0.34025 P1:0.34025 P2:0.34025 P3:0.34025 P4:0.34025 STATE:IDLE
[2026-05-04 18:24:10Z] CHK MOM:0% RANGE:0% UP:0% SPREAD:0.02939447% BID:0.3402 ASK:0.3403 MID:0.34025 P1:0.34025 P2:0.34025 P3:0.34025 P4:0.34025 STATE:IDLE
[2026-05-04 18:24:11Z] CHK MOM:0% RANGE:0% UP:0% SPREAD:0.02939447% BID:0.3402 ASK:0.3403 MID:0.34025 P1:0.34025 P2:0.34025 P3:0.34025 P4:0.34025 STATE:IDLE
[2026-05-04 18:24:11Z] CHK MOM:0% RANGE:0% UP:0% SPREAD:0.02939447% BID:0.3402 ASK:0.3403 MID:0.34025 P1:0.34025 P2:0.34025 P3:0.34025 P4:0.34025 STATE:IDLE
[2026-05-04 18:24:12Z] CHK MOM:0% RANGE:0% UP:0% SPREAD:0.02939447% BID:0.3402 ASK:0.3403 MID:0.34025 P1:0.34025 P2:0.34025 P3:0.34025 P4:0.34025 STATE:IDLE
[2026-05-04 18:24:13Z] CHK MOM:0% RANGE:0% UP:0% SPREAD:0.02939447% BID:0.3402 ASK:0.3403 MID:0.34025 P1:0.34025 P2:0.34025 P3:0.34025 P4:0.34025 STATE:IDLE
[2026-05-04 18:24:14Z] CHK MOM:0% RANGE:0% UP:0% SPREAD:0.02939447% BID:0.3402 ASK:0.3403 MID:0.34025 P1:0.34025 P2:0.34025 P3:0.34025 P4:0.34025 STATE:IDLE
[2026-05-04 18:24:14Z] CHK MOM:0% RANGE:0% UP:0% SPREAD:0.02939447% BID:0.3402 ASK:0.3403 MID:0.34025 P1:0.34025 P2:0.34025 P3:0.34025 P4:0.34025 STATE:IDLE
[2026-05-04 18:24:15Z] CHK MOM:0% RANGE:0% UP:0% SPREAD:0.02939447% BID:0.3402 ASK:0.3403 MID:0.34025 P1:0.34025 P2:0.34025 P3:0.34025 P4:0.34025 STATE:IDLE
[2026-05-04 18:24:15Z] CHK MOM:0% RANGE:0% UP:0% SPREAD:0.02939447% BID:0.3402 ASK:0.3403 MID:0.34025 P1:0.34025 P2:0.34025 P3:0.34025 P4:0.34025 STATE:IDLE
[2026-05-04 18:24:16Z] CHK MOM:0% RANGE:0% UP:0% SPREAD:0.02939447% BID:0.3402 ASK:0.3403 MID:0.34025 P1:0.34025 P2:0.34025 P3:0.34025 P4:0.34025 STATE:IDLE
[2026-05-04 18:24:16Z] CHK MOM:0% RANGE:0% UP:0% SPREAD:0.02939447% BID:0.3402 ASK:0.3403 MID:0.34025 P1:0.34025 P2:0.34025 P3:0.34025 P4:0.34025 STATE:IDLE
[2026-05-04 18:24:17Z] CHK MOM:0% RANGE:0% UP:0% SPREAD:0.02939447% BID:0.3402 ASK:0.3403 MID:0.34025 P1:0.34025 P2:0.34025 P3:0.34025 P4:0.34025 STATE:IDLE
[2026-05-04 18:24:17Z] CHK MOM:0% RANGE:0% UP:0% SPREAD:0.02939447% BID:0.3402 ASK:0.3403 MID:0.34025 P1:0.34025 P2:0.34025 P3:0.34025 P4:0.34025 STATE:IDLE
[2026-05-04 18:24:18Z] CHK MOM:0% RANGE:0% UP:0% SPREAD:0.02939447% BID:0.3402 ASK:0.3403 MID:0.34025 P1:0.34025 P2:0.34025 P3:0.34025 P4:0.34025 STATE:IDLE
[2026-05-04 18:24:19Z] CHK MOM:0.02% RANGE:0.02% UP:50% SPREAD:0.02938583% BID:0.3403 ASK:0.3404 MID:0.34035 P1:0.34035 P2:0.34025 P3:0.34025 P4:0.34025 STATE:IDLE
[2026-05-04 18:24:20Z] CHK MOM:0.02% RANGE:0.02% UP:33.33% SPREAD:0.02938583% BID:0.3403 ASK:0.3404 MID:0.34035 P1:0.34035 P2:0.34035 P3:0.34025 P4:0.34025 STATE:IDLE
[2026-05-04 18:24:20Z] CHK MOM:0.02% RANGE:0.02% UP:33.33% SPREAD:0.02938583% BID:0.3403 ASK:0.3404 MID:0.34035 P1:0.34035 P2:0.34035 P3:0.34025 P4:0.34025 STATE:IDLE
[2026-05-04 18:24:21Z] CHK MOM:0.02% RANGE:0.02% UP:33.33% SPREAD:0.02938583% BID:0.3403 ASK:0.3404 MID:0.34035 P1:0.34035 P2:0.34035 P3:0.34025 P4:0.34025 STATE:IDLE
[2026-05-04 18:24:21Z] CHK MOM:0.02% RANGE:0.02% UP:33.33% SPREAD:0.02938583% BID:0.3403 ASK:0.3404 MID:0.34035 P1:0.34035 P2:0.34035 P3:0.34025 P4:0.34025 STATE:IDLE
[2026-05-04 18:24:22Z] CHK MOM:0.02% RANGE:0.02% UP:33.33% SPREAD:0.02938583% BID:0.3403 ASK:0.3404 MID:0.34035 P1:0.34035 P2:0.34035 P3:0.34025 P4:0.34025 STATE:IDLE
[2026-05-04 18:24:22Z] CHK MOM:0.02% RANGE:0.02% UP:33.33% SPREAD:0.02938583% BID:0.3403 ASK:0.3404 MID:0.34035 P1:0.34035 P2:0.34035 P3:0.34035 P4:0.34025 STATE:IDLE
[2026-05-04 18:24:23Z] CHK MOM:0.02% RANGE:0.02% UP:33.33% SPREAD:0.02938583% BID:0.3403 ASK:0.3404 MID:0.34035 P1:0.34035 P2:0.34035 P3:0.34035 P4:0.34025 STATE:IDLE
[2026-05-04 18:24:23Z] CHK MOM:0.02% RANGE:0.02% UP:25% SPREAD:0.02938583% BID:0.3403 ASK:0.3404 MID:0.34035 P1:0.34035 P2:0.34035 P3:0.34035 P4:0.34035 STATE:IDLE
[2026-05-04 18:24:24Z] CHK MOM:0.02% RANGE:0.02% UP:25% SPREAD:0.02938583% BID:0.3403 ASK:0.3404 MID:0.34035 P1:0.34035 P2:0.34035 P3:0.34035 P4:0.34035 STATE:IDLE
[2026-05-04 18:24:25Z] CHK MOM:0.02% RANGE:0.02% UP:25% SPREAD:0.02938583% BID:0.3403 ASK:0.3404 MID:0.34035 P1:0.34035 P2:0.34035 P3:0.34035 P4:0.34035 STATE:IDLE
[2026-05-04 18:24:25Z] CHK MOM:0% RANGE:0% UP:0% SPREAD:0.02938583% BID:0.3403 ASK:0.3404 MID:0.34035 P1:0.34035 P2:0.34035 P3:0.34035 P4:0.34035 STATE:IDLE
[2026-05-04 18:24:26Z] CHK MOM:0% RANGE:0% UP:0% SPREAD:0.02938583% BID:0.3403 ASK:0.3404 MID:0.34035 P1:0.34035 P2:0.34035 P3:0.34035 P4:0.34035 STATE:IDLE
[2026-05-04 18:24:26Z] CHK MOM:0% RANGE:0% UP:0% SPREAD:0.02938583% BID:0.3403 ASK:0.3404 MID:0.34035 P1:0.34035 P2:0.34035 P3:0.34035 P4:0.34035 STATE:IDLE
[2026-05-04 18:24:27Z] CHK MOM:0% RANGE:0% UP:0% SPREAD:0.02938583% BID:0.3403 ASK:0.3404 MID:0.34035 P1:0.34035 P2:0.34035 P3:0.34035 P4:0.34035 STATE:IDLE
[2026-05-04 18:24:27Z] CHK MOM:0% RANGE:0% UP:0% SPREAD:0.02938583% BID:0.3403 ASK:0.3404 MID:0.34035 P1:0.34035 P2:0.34035 P3:0.34035 P4:0.34035 STATE:IDLE
[2026-05-04 18:24:28Z] CHK MOM:0% RANGE:0% UP:0% SPREAD:0.02938583% BID:0.3403 ASK:0.3404 MID:0.34035 P1:0.34035 P2:0.34035 P3:0.34035 P4:0.34035 STATE:IDLE
[2026-05-04 18:24:29Z] CHK MOM:0% RANGE:0% UP:0% SPREAD:0.02938583% BID:0.3403 ASK:0.3404 MID:0.34035 P1:0.34035 P2:0.34035 P3:0.34035 P4:0.34035 STATE:IDLE
[2026-05-04 18:24:29Z] CHK MOM:0% RANGE:0% UP:0% SPREAD:0.02938583% BID:0.3403 ASK:0.3404 MID:0.34035 P1:0.34035 P2:0.34035 P3:0.34035 P4:0.34035 STATE:IDLE
[2026-05-04 18:24:30Z] CHK MOM:0% RANGE:0% UP:0% SPREAD:0.02938583% BID:0.3403 ASK:0.3404 MID:0.34035 P1:0.34035 P2:0.34035 P3:0.34035 P4:0.34035 STATE:IDLE
[2026-05-04 18:24:31Z] CHK MOM:0% RANGE:0% UP:0% SPREAD:0.02938583% BID:0.3403 ASK:0.3404 MID:0.34035 P1:0.34035 P2:0.34035 P3:0.34035 P4:0.34035 STATE:IDLE
[2026-05-04 18:24:31Z] CHK MOM:0% RANGE:0% UP:0% SPREAD:0.02938583% BID:0.3403 ASK:0.3404 MID:0.34035 P1:0.34035 P2:0.34035 P3:0.34035 P4:0.34035 STATE:IDLE
[2026-05-04 18:24:32Z] CHK MOM:0% RANGE:0% UP:0% SPREAD:0.02938583% BID:0.3403 ASK:0.3404 MID:0.34035 P1:0.34035 P2:0.34035 P3:0.34035 P4:0.34035 STATE:IDLE
[2026-05-04 18:24:32Z] CHK MOM:0% RANGE:0% UP:0% SPREAD:0.02938583% BID:0.3403 ASK:0.3404 MID:0.34035 P1:0.34035 P2:0.34035 P3:0.34035 P4:0.34035 STATE:IDLE
[2026-05-04 18:24:33Z] CHK MOM:0% RANGE:0% UP:0% SPREAD:0.02938583% BID:0.3403 ASK:0.3404 MID:0.34035 P1:0.34035 P2:0.34035 P3:0.34035 P4:0.34035 STATE:IDLE
[2026-05-04 18:24:33Z] CHK MOM:0% RANGE:0% UP:0% SPREAD:0.02938583% BID:0.3403 ASK:0.3404 MID:0.34035 P1:0.34035 P2:0.34035 P3:0.34035 P4:0.34035 STATE:IDLE
[2026-05-04 18:24:34Z] CHK MOM:0% RANGE:0% UP:0% SPREAD:0.02938583% BID:0.3403 ASK:0.3404 MID:0.34035 P1:0.34035 P2:0.34035 P3:0.34035 P4:0.34035 STATE:IDLE
[2026-05-04 18:24:34Z] CHK MOM:0% RANGE:0% UP:0% SPREAD:0.02938583% BID:0.3403 ASK:0.3404 MID:0.34035 P1:0.34035 P2:0.34035 P3:0.34035 P4:0.34035 STATE:IDLE
[2026-05-04 18:24:35Z] CHK MOM:0% RANGE:0% UP:0% SPREAD:0.02938583% BID:0.3403 ASK:0.3404 MID:0.34035 P1:0.34035 P2:0.34035 P3:0.34035 P4:0.34035 STATE:IDLE
[2026-05-04 18:24:36Z] CHK MOM:0% RANGE:0% UP:0% SPREAD:0.02938583% BID:0.3403 ASK:0.3404 MID:0.34035 P1:0.34035 P2:0.34035 P3:0.34035 P4:0.34035 STATE:IDLE
[2026-05-04 18:24:36Z] CHK MOM:0% RANGE:0% UP:0% SPREAD:0.02938583% BID:0.3403 ASK:0.3404 MID:0.34035 P1:0.34035 P2:0.34035 P3:0.34035 P4:0.34035 STATE:IDLE
[2026-05-04 18:24:42Z] CHK MOM:0% RANGE:0% UP:0% SPREAD:0.02938583% BID:0.3403 ASK:0.3404 MID:0.34035 P1:0.34035 P2:0.34035 P3:0.34035 P4:0.34035 STATE:IDLE
[2026-05-04 18:24:42Z] CHK MOM:0% RANGE:0% UP:0% SPREAD:0.02938583% BID:0.3403 ASK:0.3404 MID:0.34035 P1:0.34035 P2:0.34035 P3:0.34035 P4:0.34035 STATE:IDLE
[2026-05-04 18:24:43Z] CHK MOM:0% RANGE:0% UP:0% SPREAD:0.02938583% BID:0.3403 ASK:0.3404 MID:0.34035 P1:0.34035 P2:0.34035 P3:0.34035 P4:0.34035 STATE:IDLE
[2026-05-04 18:24:43Z] CHK MOM:0% RANGE:0% UP:0% SPREAD:0.02938583% BID:0.3403 ASK:0.3404 MID:0.34035 P1:0.34035 P2:0.34035 P3:0.34035 P4:0.34035 STATE:IDLE
[2026-05-04 18:24:44Z] CHK MOM:0% RANGE:0% UP:0% SPREAD:0.02938583% BID:0.3403 ASK:0.3404 MID:0.34035 P1:0.34035 P2:0.34035 P3:0.34035 P4:0.34035 STATE:IDLE
[2026-05-04 18:24:44Z] CHK MOM:0% RANGE:0% UP:0% SPREAD:0.02938583% BID:0.3403 ASK:0.3404 MID:0.34035 P1:0.34035 P2:0.34035 P3:0.34035 P4:0.34035 STATE:IDLE
[2026-05-04 18:24:49Z] CHK MOM:0% RANGE:0% UP:0% SPREAD:0.02938583% BID:0.3403 ASK:0.3404 MID:0.34035 P1:0.34035 P2:0.34035 P3:0.34035 P4:0.34035 STATE:IDLE
[2026-05-04 18:24:49Z] CHK MOM:0% RANGE:0% UP:0% SPREAD:0.02938583% BID:0.3403 ASK:0.3404 MID:0.34035 P1:0.34035 P2:0.34035 P3:0.34035 P4:0.34035 STATE:IDLE
[2026-05-04 18:24:50Z] CHK MOM:0% RANGE:0% UP:0% SPREAD:0.02938583% BID:0.3403 ASK:0.3404 MID:0.34035 P1:0.34035 P2:0.34035 P3:0.34035 P4:0.34035 STATE:IDLE
[2026-05-04 18:24:50Z] CHK MOM:0% RANGE:0% UP:0% SPREAD:0.02938583% BID:0.3403 ASK:0.3404 MID:0.34035 P1:0.34035 P2:0.34035 P3:0.34035 P4:0.34035 STATE:IDLE
[2026-05-04 18:24:51Z] CHK MOM:0% RANGE:0% UP:0% SPREAD:0.02938583% BID:0.3403 ASK:0.3404 MID:0.34035 P1:0.34035 P2:0.34035 P3:0.34035 P4:0.34035 STATE:IDLE
[2026-05-04 18:24:51Z] CHK MOM:0% RANGE:0% UP:0% SPREAD:0.02938583% BID:0.3403 ASK:0.3404 MID:0.34035 P1:0.34035 P2:0.34035 P3:0.34035 P4:0.34035 STATE:IDLE
[2026-05-04 18:24:52Z] CHK MOM:0% RANGE:0% UP:0% SPREAD:0.02938583% BID:0.3403 ASK:0.3404 MID:0.34035 P1:0.34035 P2:0.34035 P3:0.34035 P4:0.34035 STATE:IDLE
[2026-05-04 18:24:59Z] CHK MOM:0% RANGE:0% UP:0% SPREAD:0.02938583% BID:0.3403 ASK:0.3404 MID:0.34035 P1:0.34035 P2:0.34035 P3:0.34035 P4:0.34035 STATE:IDLE
[2026-05-04 18:24:59Z] CHK MOM:0% RANGE:0% UP:0% SPREAD:0.02938583% BID:0.3403 ASK:0.3404 MID:0.34035 P1:0.34035 P2:0.34035 P3:0.34035 P4:0.34035 STATE:IDLE
[2026-05-04 18:25:00Z] CHK MOM:0% RANGE:0% UP:0% SPREAD:0.02938583% BID:0.3403 ASK:0.3404 MID:0.34035 P1:0.34035 P2:0.34035 P3:0.34035 P4:0.34035 STATE:IDLE
[2026-05-04 18:25:00Z] CHK MOM:0% RANGE:0% UP:0% SPREAD:0.02938583% BID:0.3403 ASK:0.3404 MID:0.34035 P1:0.34035 P2:0.34035 P3:0.34035 P4:0.34035 STATE:IDLE
[2026-05-04 18:25:01Z] CHK MOM:0% RANGE:0% UP:0% SPREAD:0.02938583% BID:0.3403 ASK:0.3404 MID:0.34035 P1:0.34035 P2:0.34035 P3:0.34035 P4:0.34035 STATE:IDLE
[2026-05-04 18:25:01Z] CHK MOM:0% RANGE:0% UP:0% SPREAD:0.02938583% BID:0.3403 ASK:0.3404 MID:0.34035 P1:0.34035 P2:0.34035 P3:0.34035 P4:0.34035 STATE:IDLE
[2026-05-04 18:25:02Z] CHK MOM:0% RANGE:0% UP:0% SPREAD:0.02938583% BID:0.3403 ASK:0.3404 MID:0.34035 P1:0.34035 P2:0.34035 P3:0.34035 P4:0.34035 STATE:IDLE
[2026-05-04 18:25:02Z] CHK MOM:0% RANGE:0% UP:0% SPREAD:0.02938583% BID:0.3403 ASK:0.3404 MID:0.34035 P1:0.34035 P2:0.34035 P3:0.34035 P4:0.34035 STATE:IDLE
[2026-05-04 18:25:03Z] CHK MOM:0% RANGE:0% UP:0% SPREAD:0.02938583% BID:0.3403 ASK:0.3404 MID:0.34035 P1:0.34035 P2:0.34035 P3:0.34035 P4:0.34035 STATE:IDLE
[2026-05-04 18:25:03Z] CHK MOM:0% RANGE:0% UP:0% SPREAD:0.02938583% BID:0.3403 ASK:0.3404 MID:0.34035 P1:0.34035 P2:0.34035 P3:0.34035 P4:0.34035 STATE:IDLE
[2026-05-04 18:25:11Z] CHK MOM:0% RANGE:0% UP:0% SPREAD:0.02938583% BID:0.3403 ASK:0.3404 MID:0.34035 P1:0.34035 P2:0.34035 P3:0.34035 P4:0.34035 STATE:IDLE
[2026-05-04 18:25:12Z] CHK MOM:0% RANGE:0% UP:0% SPREAD:0.02938583% BID:0.3403 ASK:0.3404 MID:0.34035 P1:0.34035 P2:0.34035 P3:0.34035 P4:0.34035 STATE:IDLE
[2026-05-04 18:25:12Z] CHK MOM:0% RANGE:0% UP:0% SPREAD:0.02938583% BID:0.3403 ASK:0.3404 MID:0.34035 P1:0.34035 P2:0.34035 P3:0.34035 P4:0.34035 STATE:IDLE
