[2026-05-11 17:03:43Z] SESSION_START symbol=XLMUSDC dry_run=0 profile=major strategy=momentum base_url=https://api.binance.com
[2026-05-11 17:03:43Z] TOXIC_MEMORY_LOADED count=4 symbols=GUNUSDC,JTOUSDC,ORDIUSDC,SAHARAUSDC
[2026-05-11 17:03:46Z] CHK MOM:0% RANGE:0% UP:0% SPREAD:0.05885815% BID:0.1699 ASK:0.17 MID:0.16995 P1:0.16995 P2:NA P3:NA P4:NA STATE:IDLE
[2026-05-11 17:03:46Z] CHK MOM:0% RANGE:0% UP:0% SPREAD:0.05885815% BID:0.1699 ASK:0.17 MID:0.16995 P1:0.16995 P2:NA P3:NA P4:NA STATE:IDLE
[2026-05-11 17:03:47Z] CHK MOM:0% RANGE:0% UP:0% SPREAD:0.05885815% BID:0.1699 ASK:0.17 MID:0.16995 P1:0.16995 P2:NA P3:NA P4:NA STATE:IDLE
[2026-05-11 17:03:47Z] CHK MOM:0% RANGE:0% UP:0% SPREAD:0.05885815% BID:0.1699 ASK:0.17 MID:0.16995 P1:0.16995 P2:NA P3:NA P4:NA STATE:IDLE
[2026-05-11 17:03:48Z] CHK MOM:0% RANGE:0% UP:0% SPREAD:0.05885815% BID:0.1699 ASK:0.17 MID:0.16995 P1:0.16995 P2:NA P3:NA P4:NA STATE:IDLE
[2026-05-11 17:03:56Z] CHK MOM:0% RANGE:0% UP:0% SPREAD:0.05885815% BID:0.1699 ASK:0.17 MID:0.16995 P1:0.16995 P2:0.16995 P3:NA P4:NA STATE:IDLE
[2026-05-11 17:03:57Z] CHK MOM:0% RANGE:0% UP:0% SPREAD:0.05885815% BID:0.1699 ASK:0.17 MID:0.16995 P1:0.16995 P2:0.16995 P3:NA P4:NA STATE:IDLE
[2026-05-11 17:03:57Z] CHK MOM:0% RANGE:0% UP:0% SPREAD:0.05885815% BID:0.1699 ASK:0.17 MID:0.16995 P1:0.16995 P2:0.16995 P3:NA P4:NA STATE:IDLE
[2026-05-11 17:03:58Z] CHK MOM:0% RANGE:0% UP:0% SPREAD:0.05885815% BID:0.1699 ASK:0.17 MID:0.16995 P1:0.16995 P2:0.16995 P3:NA P4:NA STATE:IDLE
[2026-05-11 17:03:58Z] CHK MOM:0% RANGE:0% UP:0% SPREAD:0.05885815% BID:0.1699 ASK:0.17 MID:0.16995 P1:0.16995 P2:0.16995 P3:NA P4:NA STATE:IDLE
[2026-05-11 17:04:02Z] CHK MOM:0% RANGE:0% UP:0% SPREAD:0.05885815% BID:0.1699 ASK:0.17 MID:0.16995 P1:0.16995 P2:0.16995 P3:0.16995 P4:NA STATE:IDLE
[2026-05-11 17:04:03Z] CHK MOM:0% RANGE:0% UP:0% SPREAD:0.05885815% BID:0.1699 ASK:0.17 MID:0.16995 P1:0.16995 P2:0.16995 P3:0.16995 P4:NA STATE:IDLE
[2026-05-11 17:04:03Z] CHK MOM:0% RANGE:0% UP:0% SPREAD:0.05885815% BID:0.1699 ASK:0.17 MID:0.16995 P1:0.16995 P2:0.16995 P3:0.16995 P4:NA STATE:IDLE
[2026-05-11 17:04:04Z] CHK MOM:0% RANGE:0% UP:0% SPREAD:0.05885815% BID:0.1699 ASK:0.17 MID:0.16995 P1:0.16995 P2:0.16995 P3:0.16995 P4:NA STATE:IDLE
[2026-05-11 17:04:04Z] CHK MOM:0% RANGE:0% UP:0% SPREAD:0.05885815% BID:0.1699 ASK:0.17 MID:0.16995 P1:0.16995 P2:0.16995 P3:0.16995 P4:0.16995 STATE:IDLE
[2026-05-11 17:04:05Z] CHK MOM:0% RANGE:0% UP:0% SPREAD:0.05885815% BID:0.1699 ASK:0.17 MID:0.16995 P1:0.16995 P2:0.16995 P3:0.16995 P4:0.16995 STATE:IDLE
[2026-05-11 17:04:05Z] CHK MOM:0% RANGE:0% UP:0% SPREAD:0.05885815% BID:0.1699 ASK:0.17 MID:0.16995 P1:0.16995 P2:0.16995 P3:0.16995 P4:0.16995 STATE:IDLE
[2026-05-11 17:04:06Z] CHK MOM:0% RANGE:0% UP:0% SPREAD:0.05885815% BID:0.1699 ASK:0.17 MID:0.16995 P1:0.16995 P2:0.16995 P3:0.16995 P4:0.16995 STATE:IDLE
[2026-05-11 17:04:06Z] CHK MOM:0% RANGE:0% UP:0% SPREAD:0.05885815% BID:0.1699 ASK:0.17 MID:0.16995 P1:0.16995 P2:0.16995 P3:0.16995 P4:0.16995 STATE:IDLE
[2026-05-11 17:04:07Z] CHK MOM:0% RANGE:0% UP:0% SPREAD:0.05885815% BID:0.1699 ASK:0.17 MID:0.16995 P1:0.16995 P2:0.16995 P3:0.16995 P4:0.16995 STATE:IDLE
[2026-05-11 17:04:08Z] CHK MOM:0% RANGE:0% UP:0% SPREAD:0.05885815% BID:0.1699 ASK:0.17 MID:0.16995 P1:0.16995 P2:0.16995 P3:0.16995 P4:0.16995 STATE:IDLE
[2026-05-11 17:04:09Z] CHK MOM:0% RANGE:0% UP:0% SPREAD:0.05885815% BID:0.1699 ASK:0.17 MID:0.16995 P1:0.16995 P2:0.16995 P3:0.16995 P4:0.16995 STATE:IDLE
[2026-05-11 17:04:09Z] CHK MOM:0% RANGE:0% UP:0% SPREAD:0.05885815% BID:0.1699 ASK:0.17 MID:0.16995 P1:0.16995 P2:0.16995 P3:0.16995 P4:0.16995 STATE:IDLE
[2026-05-11 17:04:10Z] CHK MOM:0% RANGE:0% UP:0% SPREAD:0.05885815% BID:0.1699 ASK:0.17 MID:0.16995 P1:0.16995 P2:0.16995 P3:0.16995 P4:0.16995 STATE:IDLE
[2026-05-11 17:04:10Z] CHK MOM:0% RANGE:0% UP:0% SPREAD:0.05885815% BID:0.1699 ASK:0.17 MID:0.16995 P1:0.16995 P2:0.16995 P3:0.16995 P4:0.16995 STATE:IDLE
[2026-05-11 17:04:11Z] CHK MOM:0% RANGE:0% UP:0% SPREAD:0.05885815% BID:0.1699 ASK:0.17 MID:0.16995 P1:0.16995 P2:0.16995 P3:0.16995 P4:0.16995 STATE:IDLE
[2026-05-11 17:04:11Z] CHK MOM:0% RANGE:0% UP:0% SPREAD:0.05885815% BID:0.1699 ASK:0.17 MID:0.16995 P1:0.16995 P2:0.16995 P3:0.16995 P4:0.16995 STATE:IDLE
[2026-05-11 17:04:12Z] CHK MOM:0.05% RANGE:0.05% UP:12.5% SPREAD:0.05882352% BID:0.17 ASK:0.1701 MID:0.17005 P1:0.17005 P2:0.16995 P3:0.16995 P4:0.16995 STATE:IDLE
[2026-05-11 17:04:13Z] CHK MOM:0.05% RANGE:0.05% UP:11.11% SPREAD:0.05882352% BID:0.17 ASK:0.1701 MID:0.17005 P1:0.17005 P2:0.17005 P3:0.16995 P4:0.16995 STATE:IDLE
[2026-05-11 17:04:13Z] CHK MOM:0.05% RANGE:0.05% UP:11.11% SPREAD:0.05882352% BID:0.17 ASK:0.1701 MID:0.17005 P1:0.17005 P2:0.17005 P3:0.16995 P4:0.16995 STATE:IDLE
[2026-05-11 17:04:14Z] CHK MOM:0.05% RANGE:0.05% UP:10% SPREAD:0.05882352% BID:0.17 ASK:0.1701 MID:0.17005 P1:0.17005 P2:0.17005 P3:0.17005 P4:0.16995 STATE:IDLE
[2026-05-11 17:04:14Z] CHK MOM:0.05% RANGE:0.05% UP:10% SPREAD:0.05882352% BID:0.17 ASK:0.1701 MID:0.17005 P1:0.17005 P2:0.17005 P3:0.17005 P4:0.17005 STATE:IDLE
[2026-05-11 17:04:15Z] CHK MOM:0.05% RANGE:0.05% UP:10% SPREAD:0.05882352% BID:0.17 ASK:0.1701 MID:0.17005 P1:0.17005 P2:0.17005 P3:0.17005 P4:0.17005 STATE:IDLE
[2026-05-11 17:04:15Z] CHK MOM:0.05% RANGE:0.05% UP:9.09% SPREAD:0.05882352% BID:0.17 ASK:0.1701 MID:0.17005 P1:0.17005 P2:0.17005 P3:0.17005 P4:0.17005 STATE:IDLE
[2026-05-11 17:04:16Z] CHK MOM:0.05% RANGE:0.05% UP:8.33% SPREAD:0.05882352% BID:0.17 ASK:0.1701 MID:0.17005 P1:0.17005 P2:0.17005 P3:0.17005 P4:0.17005 STATE:IDLE
[2026-05-11 17:04:16Z] CHK MOM:0.05% RANGE:0.05% UP:8.33% SPREAD:0.05882352% BID:0.17 ASK:0.1701 MID:0.17005 P1:0.17005 P2:0.17005 P3:0.17005 P4:0.17005 STATE:IDLE
[2026-05-11 17:04:17Z] CHK MOM:0.05% RANGE:0.05% UP:8.33% SPREAD:0.05882352% BID:0.17 ASK:0.1701 MID:0.17005 P1:0.17005 P2:0.17005 P3:0.17005 P4:0.17005 STATE:IDLE
[2026-05-11 17:04:18Z] CHK MOM:0.05% RANGE:0.05% UP:9.09% SPREAD:0.05882352% BID:0.17 ASK:0.1701 MID:0.17005 P1:0.17005 P2:0.17005 P3:0.17005 P4:0.17005 STATE:IDLE
[2026-05-11 17:04:18Z] CHK MOM:0.05% RANGE:0.05% UP:9.09% SPREAD:0.05882352% BID:0.17 ASK:0.1701 MID:0.17005 P1:0.17005 P2:0.17005 P3:0.17005 P4:0.17005 STATE:IDLE
[2026-05-11 17:04:19Z] CHK MOM:0.05% RANGE:0.05% UP:9.09% SPREAD:0.05882352% BID:0.17 ASK:0.1701 MID:0.17005 P1:0.17005 P2:0.17005 P3:0.17005 P4:0.17005 STATE:IDLE
[2026-05-11 17:04:19Z] CHK MOM:0.05% RANGE:0.05% UP:9.09% SPREAD:0.05882352% BID:0.17 ASK:0.1701 MID:0.17005 P1:0.17005 P2:0.17005 P3:0.17005 P4:0.17005 STATE:IDLE
[2026-05-11 17:04:20Z] CHK MOM:0.05% RANGE:0.05% UP:9.09% SPREAD:0.05882352% BID:0.17 ASK:0.1701 MID:0.17005 P1:0.17005 P2:0.17005 P3:0.17005 P4:0.17005 STATE:IDLE
[2026-05-11 17:04:20Z] CHK MOM:0.05% RANGE:0.05% UP:8.33% SPREAD:0.05882352% BID:0.17 ASK:0.1701 MID:0.17005 P1:0.17005 P2:0.17005 P3:0.17005 P4:0.17005 STATE:IDLE
[2026-05-11 17:04:21Z] CHK MOM:0.05% RANGE:0.05% UP:8.33% SPREAD:0.05882352% BID:0.17 ASK:0.1701 MID:0.17005 P1:0.17005 P2:0.17005 P3:0.17005 P4:0.17005 STATE:IDLE
[2026-05-11 17:04:21Z] CHK MOM:0.05% RANGE:0.05% UP:8.33% SPREAD:0.05882352% BID:0.17 ASK:0.1701 MID:0.17005 P1:0.17005 P2:0.17005 P3:0.17005 P4:0.17005 STATE:IDLE
[2026-05-11 17:04:22Z] CHK MOM:0.05% RANGE:0.05% UP:8.33% SPREAD:0.05882352% BID:0.17 ASK:0.1701 MID:0.17005 P1:0.17005 P2:0.17005 P3:0.17005 P4:0.17005 STATE:IDLE
[2026-05-11 17:04:23Z] CHK MOM:0.05% RANGE:0.05% UP:8.33% SPREAD:0.05882352% BID:0.17 ASK:0.1701 MID:0.17005 P1:0.17005 P2:0.17005 P3:0.17005 P4:0.17005 STATE:IDLE
[2026-05-11 17:04:23Z] CHK MOM:0.05% RANGE:0.05% UP:10% SPREAD:0.05882352% BID:0.17 ASK:0.1701 MID:0.17005 P1:0.17005 P2:0.17005 P3:0.17005 P4:0.17005 STATE:IDLE
[2026-05-11 17:04:24Z] CHK MOM:0.05% RANGE:0.05% UP:10% SPREAD:0.05882352% BID:0.17 ASK:0.1701 MID:0.17005 P1:0.17005 P2:0.17005 P3:0.17005 P4:0.17005 STATE:IDLE
[2026-05-11 17:04:24Z] CHK MOM:0.05% RANGE:0.05% UP:10% SPREAD:0.05882352% BID:0.17 ASK:0.1701 MID:0.17005 P1:0.17005 P2:0.17005 P3:0.17005 P4:0.17005 STATE:IDLE
[2026-05-11 17:04:25Z] CHK MOM:0% RANGE:0% UP:0% SPREAD:0.05882352% BID:0.17 ASK:0.1701 MID:0.17005 P1:0.17005 P2:0.17005 P3:0.17005 P4:0.17005 STATE:IDLE
[2026-05-11 17:04:25Z] CHK MOM:0% RANGE:0% UP:0% SPREAD:0.05882352% BID:0.17 ASK:0.1701 MID:0.17005 P1:0.17005 P2:0.17005 P3:0.17005 P4:0.17005 STATE:IDLE
[2026-05-11 17:04:26Z] CHK MOM:0% RANGE:0% UP:0% SPREAD:0.05882352% BID:0.17 ASK:0.1701 MID:0.17005 P1:0.17005 P2:0.17005 P3:0.17005 P4:0.17005 STATE:IDLE
[2026-05-11 17:04:26Z] CHK MOM:0% RANGE:0% UP:0% SPREAD:0.05882352% BID:0.17 ASK:0.1701 MID:0.17005 P1:0.17005 P2:0.17005 P3:0.17005 P4:0.17005 STATE:IDLE
[2026-05-11 17:04:27Z] CHK MOM:0% RANGE:0% UP:0% SPREAD:0.05882352% BID:0.17 ASK:0.1701 MID:0.17005 P1:0.17005 P2:0.17005 P3:0.17005 P4:0.17005 STATE:IDLE
[2026-05-11 17:04:28Z] CHK MOM:0% RANGE:0% UP:0% SPREAD:0.05882352% BID:0.17 ASK:0.1701 MID:0.17005 P1:0.17005 P2:0.17005 P3:0.17005 P4:0.17005 STATE:IDLE
[2026-05-11 17:04:28Z] CHK MOM:0% RANGE:0% UP:0% SPREAD:0.05882352% BID:0.17 ASK:0.1701 MID:0.17005 P1:0.17005 P2:0.17005 P3:0.17005 P4:0.17005 STATE:IDLE
[2026-05-11 17:04:29Z] CHK MOM:0% RANGE:0% UP:0% SPREAD:0.05882352% BID:0.17 ASK:0.1701 MID:0.17005 P1:0.17005 P2:0.17005 P3:0.17005 P4:0.17005 STATE:IDLE
[2026-05-11 17:04:29Z] CHK MOM:0% RANGE:0% UP:0% SPREAD:0.05882352% BID:0.17 ASK:0.1701 MID:0.17005 P1:0.17005 P2:0.17005 P3:0.17005 P4:0.17005 STATE:IDLE
[2026-05-11 17:04:30Z] CHK MOM:0% RANGE:0% UP:0% SPREAD:0.05882352% BID:0.17 ASK:0.1701 MID:0.17005 P1:0.17005 P2:0.17005 P3:0.17005 P4:0.17005 STATE:IDLE
[2026-05-11 17:04:30Z] CHK MOM:0% RANGE:0% UP:0% SPREAD:0.05882352% BID:0.17 ASK:0.1701 MID:0.17005 P1:0.17005 P2:0.17005 P3:0.17005 P4:0.17005 STATE:IDLE
[2026-05-11 17:04:31Z] CHK MOM:0% RANGE:0% UP:0% SPREAD:0.05882352% BID:0.17 ASK:0.1701 MID:0.17005 P1:0.17005 P2:0.17005 P3:0.17005 P4:0.17005 STATE:IDLE
[2026-05-11 17:04:31Z] CHK MOM:0% RANGE:0% UP:0% SPREAD:0.05882352% BID:0.17 ASK:0.1701 MID:0.17005 P1:0.17005 P2:0.17005 P3:0.17005 P4:0.17005 STATE:IDLE
[2026-05-11 17:04:32Z] CHK MOM:0% RANGE:0% UP:0% SPREAD:0.05882352% BID:0.17 ASK:0.1701 MID:0.17005 P1:0.17005 P2:0.17005 P3:0.17005 P4:0.17005 STATE:IDLE
[2026-05-11 17:04:33Z] CHK MOM:0% RANGE:0% UP:0% SPREAD:0.05882352% BID:0.17 ASK:0.1701 MID:0.17005 P1:0.17005 P2:0.17005 P3:0.17005 P4:0.17005 STATE:IDLE
[2026-05-11 17:04:33Z] CHK MOM:0% RANGE:0% UP:0% SPREAD:0.05882352% BID:0.17 ASK:0.1701 MID:0.17005 P1:0.17005 P2:0.17005 P3:0.17005 P4:0.17005 STATE:IDLE
[2026-05-11 17:04:34Z] CHK MOM:0% RANGE:0% UP:0% SPREAD:0.05882352% BID:0.17 ASK:0.1701 MID:0.17005 P1:0.17005 P2:0.17005 P3:0.17005 P4:0.17005 STATE:IDLE
[2026-05-11 17:04:34Z] CHK MOM:0% RANGE:0% UP:0% SPREAD:0.05882352% BID:0.17 ASK:0.1701 MID:0.17005 P1:0.17005 P2:0.17005 P3:0.17005 P4:0.17005 STATE:IDLE
[2026-05-11 17:04:35Z] CHK MOM:0% RANGE:0% UP:0% SPREAD:0.05882352% BID:0.17 ASK:0.1701 MID:0.17005 P1:0.17005 P2:0.17005 P3:0.17005 P4:0.17005 STATE:IDLE
[2026-05-11 17:04:39Z] CHK MOM:0% RANGE:0% UP:0% SPREAD:0.05882352% BID:0.17 ASK:0.1701 MID:0.17005 P1:0.17005 P2:0.17005 P3:0.17005 P4:0.17005 STATE:IDLE
[2026-05-11 17:04:40Z] CHK MOM:0% RANGE:0% UP:0% SPREAD:0.05882352% BID:0.17 ASK:0.1701 MID:0.17005 P1:0.17005 P2:0.17005 P3:0.17005 P4:0.17005 STATE:IDLE
[2026-05-11 17:04:40Z] CHK MOM:0% RANGE:0% UP:0% SPREAD:0.05882352% BID:0.17 ASK:0.1701 MID:0.17005 P1:0.17005 P2:0.17005 P3:0.17005 P4:0.17005 STATE:IDLE
[2026-05-11 17:04:41Z] CHK MOM:0% RANGE:0% UP:0% SPREAD:0.05882352% BID:0.17 ASK:0.1701 MID:0.17005 P1:0.17005 P2:0.17005 P3:0.17005 P4:0.17005 STATE:IDLE
[2026-05-11 17:04:41Z] CHK MOM:0% RANGE:0% UP:0% SPREAD:0.05882352% BID:0.17 ASK:0.1701 MID:0.17005 P1:0.17005 P2:0.17005 P3:0.17005 P4:0.17005 STATE:IDLE
[2026-05-11 17:04:42Z] CHK MOM:0% RANGE:0% UP:0% SPREAD:0.05882352% BID:0.17 ASK:0.1701 MID:0.17005 P1:0.17005 P2:0.17005 P3:0.17005 P4:0.17005 STATE:IDLE
[2026-05-11 17:04:42Z] CHK MOM:0% RANGE:0% UP:0% SPREAD:0.05882352% BID:0.17 ASK:0.1701 MID:0.17005 P1:0.17005 P2:0.17005 P3:0.17005 P4:0.17005 STATE:IDLE
[2026-05-11 17:04:43Z] CHK MOM:0% RANGE:0% UP:0% SPREAD:0.05882352% BID:0.17 ASK:0.1701 MID:0.17005 P1:0.17005 P2:0.17005 P3:0.17005 P4:0.17005 STATE:IDLE
[2026-05-11 17:04:43Z] CHK MOM:0% RANGE:0% UP:0% SPREAD:0.05882352% BID:0.17 ASK:0.1701 MID:0.17005 P1:0.17005 P2:0.17005 P3:0.17005 P4:0.17005 STATE:IDLE
[2026-05-11 17:04:44Z] CHK MOM:0% RANGE:0% UP:0% SPREAD:0.05882352% BID:0.17 ASK:0.1701 MID:0.17005 P1:0.17005 P2:0.17005 P3:0.17005 P4:0.17005 STATE:IDLE
[2026-05-11 17:04:45Z] CHK MOM:0% RANGE:0% UP:0% SPREAD:0.05882352% BID:0.17 ASK:0.1701 MID:0.17005 P1:0.17005 P2:0.17005 P3:0.17005 P4:0.17005 STATE:IDLE
[2026-05-11 17:04:45Z] CHK MOM:0% RANGE:0% UP:0% SPREAD:0.05882352% BID:0.17 ASK:0.1701 MID:0.17005 P1:0.17005 P2:0.17005 P3:0.17005 P4:0.17005 STATE:IDLE
[2026-05-11 17:04:46Z] CHK MOM:0% RANGE:0% UP:0% SPREAD:0.05882352% BID:0.17 ASK:0.1701 MID:0.17005 P1:0.17005 P2:0.17005 P3:0.17005 P4:0.17005 STATE:IDLE
[2026-05-11 17:04:47Z] CHK MOM:0% RANGE:0% UP:0% SPREAD:0.05882352% BID:0.17 ASK:0.1701 MID:0.17005 P1:0.17005 P2:0.17005 P3:0.17005 P4:0.17005 STATE:IDLE
[2026-05-11 17:04:47Z] CHK MOM:0% RANGE:0% UP:0% SPREAD:0.05882352% BID:0.17 ASK:0.1701 MID:0.17005 P1:0.17005 P2:0.17005 P3:0.17005 P4:0.17005 STATE:IDLE
[2026-05-11 17:04:48Z] CHK MOM:0% RANGE:0% UP:0% SPREAD:0.05882352% BID:0.17 ASK:0.1701 MID:0.17005 P1:0.17005 P2:0.17005 P3:0.17005 P4:0.17005 STATE:IDLE
[2026-05-11 17:04:48Z] CHK MOM:0% RANGE:0% UP:0% SPREAD:0.05882352% BID:0.17 ASK:0.1701 MID:0.17005 P1:0.17005 P2:0.17005 P3:0.17005 P4:0.17005 STATE:IDLE
[2026-05-11 17:04:49Z] CHK MOM:0% RANGE:0% UP:0% SPREAD:0.05882352% BID:0.17 ASK:0.1701 MID:0.17005 P1:0.17005 P2:0.17005 P3:0.17005 P4:0.17005 STATE:IDLE
[2026-05-11 17:04:49Z] CHK MOM:0% RANGE:0% UP:0% SPREAD:0.05882352% BID:0.17 ASK:0.1701 MID:0.17005 P1:0.17005 P2:0.17005 P3:0.17005 P4:0.17005 STATE:IDLE
[2026-05-11 17:04:50Z] CHK MOM:0% RANGE:0% UP:0% SPREAD:0.05882352% BID:0.17 ASK:0.1701 MID:0.17005 P1:0.17005 P2:0.17005 P3:0.17005 P4:0.17005 STATE:IDLE
[2026-05-11 17:05:08Z] CHK MOM:0% RANGE:0% UP:0% SPREAD:0.05878894% BID:0.1701 ASK:0.1702 MID:0.17015 P1:0.17015 P2:0.17005 P3:0.17005 P4:0.17005 STATE:IDLE
[2026-05-11 17:05:08Z] CHK MOM:0% RANGE:0% UP:0% SPREAD:0.05878894% BID:0.1701 ASK:0.1702 MID:0.17015 P1:0.17015 P2:0.17015 P3:0.17005 P4:0.17005 STATE:IDLE
[2026-05-11 17:05:09Z] CHK MOM:0% RANGE:0% UP:0% SPREAD:0.05878894% BID:0.1701 ASK:0.1702 MID:0.17015 P1:0.17015 P2:0.17015 P3:0.17015 P4:0.17005 STATE:IDLE
[2026-05-11 17:05:09Z] CHK MOM:0% RANGE:0% UP:0% SPREAD:0.05878894% BID:0.1701 ASK:0.1702 MID:0.17015 P1:0.17015 P2:0.17015 P3:0.17015 P4:0.17005 STATE:IDLE
[2026-05-11 17:05:10Z] CHK MOM:0% RANGE:0% UP:0% SPREAD:0.05878894% BID:0.1701 ASK:0.1702 MID:0.17015 P1:0.17015 P2:0.17015 P3:0.17015 P4:0.17005 STATE:IDLE
[2026-05-11 17:05:10Z] CHK MOM:0% RANGE:0% UP:0% SPREAD:0.05878894% BID:0.1701 ASK:0.1702 MID:0.17015 P1:0.17015 P2:0.17015 P3:0.17015 P4:0.17005 STATE:IDLE
[2026-05-11 17:05:11Z] CHK MOM:0.05% RANGE:0.05% UP:33.33% SPREAD:0.0587544% BID:0.1702 ASK:0.1703 MID:0.17025 P1:0.17025 P2:0.17015 P3:0.17015 P4:0.17015 STATE:IDLE
[2026-05-11 17:05:11Z] CHK MOM:0.05% RANGE:0.05% UP:33.33% SPREAD:0.0587544% BID:0.1702 ASK:0.1703 MID:0.17025 P1:0.17025 P2:0.17015 P3:0.17015 P4:0.17015 STATE:IDLE
[2026-05-11 17:05:12Z] CHK MOM:0.05% RANGE:0.05% UP:33.33% SPREAD:0.0587544% BID:0.1702 ASK:0.1703 MID:0.17025 P1:0.17025 P2:0.17015 P3:0.17015 P4:0.17015 STATE:IDLE
[2026-05-11 17:05:13Z] CHK MOM:0.05% RANGE:0.05% UP:25% SPREAD:0.0587544% BID:0.1702 ASK:0.1703 MID:0.17025 P1:0.17025 P2:0.17025 P3:0.17015 P4:0.17015 STATE:IDLE
[2026-05-11 17:05:13Z] CHK MOM:0.05% RANGE:0.05% UP:20% SPREAD:0.0587544% BID:0.1702 ASK:0.1703 MID:0.17025 P1:0.17025 P2:0.17025 P3:0.17025 P4:0.17015 STATE:IDLE
[2026-05-11 17:05:14Z] CHK MOM:0.05% RANGE:0.05% UP:16.66% SPREAD:0.0587544% BID:0.1702 ASK:0.1703 MID:0.17025 P1:0.17025 P2:0.17025 P3:0.17025 P4:0.17025 STATE:IDLE
[2026-05-11 17:05:14Z] CHK MOM:0.05% RANGE:0.05% UP:16.66% SPREAD:0.0587544% BID:0.1702 ASK:0.1703 MID:0.17025 P1:0.17025 P2:0.17025 P3:0.17025 P4:0.17025 STATE:IDLE
[2026-05-11 17:05:15Z] CHK MOM:0.05% RANGE:0.05% UP:14.28% SPREAD:0.0587544% BID:0.1702 ASK:0.1703 MID:0.17025 P1:0.17025 P2:0.17025 P3:0.17025 P4:0.17025 STATE:IDLE
[2026-05-11 17:05:15Z] CHK MOM:0.05% RANGE:0.05% UP:14.28% SPREAD:0.0587544% BID:0.1702 ASK:0.1703 MID:0.17025 P1:0.17025 P2:0.17025 P3:0.17025 P4:0.17025 STATE:IDLE
[2026-05-11 17:05:16Z] CHK MOM:0.05% RANGE:0.05% UP:14.28% SPREAD:0.0587544% BID:0.1702 ASK:0.1703 MID:0.17025 P1:0.17025 P2:0.17025 P3:0.17025 P4:0.17025 STATE:IDLE
[2026-05-11 17:05:16Z] CHK MOM:0.05% RANGE:0.05% UP:12.5% SPREAD:0.0587544% BID:0.1702 ASK:0.1703 MID:0.17025 P1:0.17025 P2:0.17025 P3:0.17025 P4:0.17025 STATE:IDLE
[2026-05-11 17:05:17Z] CHK MOM:0.05% RANGE:0.05% UP:12.5% SPREAD:0.0587544% BID:0.1702 ASK:0.1703 MID:0.17025 P1:0.17025 P2:0.17025 P3:0.17025 P4:0.17025 STATE:IDLE
[2026-05-11 17:05:18Z] CHK MOM:0.05% RANGE:0.05% UP:12.5% SPREAD:0.0587544% BID:0.1702 ASK:0.1703 MID:0.17025 P1:0.17025 P2:0.17025 P3:0.17025 P4:0.17025 STATE:IDLE
[2026-05-11 17:05:18Z] CHK MOM:0.05% RANGE:0.05% UP:12.5% SPREAD:0.0587544% BID:0.1702 ASK:0.1703 MID:0.17025 P1:0.17025 P2:0.17025 P3:0.17025 P4:0.17025 STATE:IDLE
[2026-05-11 17:05:19Z] CHK MOM:0.05% RANGE:0.05% UP:11.11% SPREAD:0.0587544% BID:0.1702 ASK:0.1703 MID:0.17025 P1:0.17025 P2:0.17025 P3:0.17025 P4:0.17025 STATE:IDLE
[2026-05-11 17:05:19Z] CHK MOM:0.05% RANGE:0.05% UP:10% SPREAD:0.0587544% BID:0.1702 ASK:0.1703 MID:0.17025 P1:0.17025 P2:0.17025 P3:0.17025 P4:0.17025 STATE:IDLE
[2026-05-11 17:05:20Z] CHK MOM:0.05% RANGE:0.05% UP:10% SPREAD:0.0587544% BID:0.1702 ASK:0.1703 MID:0.17025 P1:0.17025 P2:0.17025 P3:0.17025 P4:0.17025 STATE:IDLE
[2026-05-11 17:05:20Z] CHK MOM:0.05% RANGE:0.05% UP:10% SPREAD:0.0587544% BID:0.1702 ASK:0.1703 MID:0.17025 P1:0.17025 P2:0.17025 P3:0.17025 P4:0.17025 STATE:IDLE
[2026-05-11 17:05:21Z] CHK MOM:0.05% RANGE:0.05% UP:10% SPREAD:0.0587544% BID:0.1702 ASK:0.1703 MID:0.17025 P1:0.17025 P2:0.17025 P3:0.17025 P4:0.17025 STATE:IDLE
[2026-05-11 17:05:21Z] CHK MOM:0.05% RANGE:0.05% UP:10% SPREAD:0.0587544% BID:0.1702 ASK:0.1703 MID:0.17025 P1:0.17025 P2:0.17025 P3:0.17025 P4:0.17025 STATE:IDLE
[2026-05-11 17:05:22Z] CHK MOM:0.05% RANGE:0.05% UP:10% SPREAD:0.0587544% BID:0.1702 ASK:0.1703 MID:0.17025 P1:0.17025 P2:0.17025 P3:0.17025 P4:0.17025 STATE:IDLE
[2026-05-11 17:05:22Z] CHK MOM:0.05% RANGE:0.05% UP:10% SPREAD:0.0587544% BID:0.1702 ASK:0.1703 MID:0.17025 P1:0.17025 P2:0.17025 P3:0.17025 P4:0.17025 STATE:IDLE
[2026-05-11 17:05:23Z] CHK MOM:0% RANGE:0% UP:0% SPREAD:0.0587544% BID:0.1702 ASK:0.1703 MID:0.17025 P1:0.17025 P2:0.17025 P3:0.17025 P4:0.17025 STATE:IDLE
[2026-05-11 17:05:24Z] CHK MOM:0% RANGE:0% UP:0% SPREAD:0.0587544% BID:0.1702 ASK:0.1703 MID:0.17025 P1:0.17025 P2:0.17025 P3:0.17025 P4:0.17025 STATE:IDLE
[2026-05-11 17:05:24Z] CHK MOM:0% RANGE:0% UP:0% SPREAD:0.0587544% BID:0.1702 ASK:0.1703 MID:0.17025 P1:0.17025 P2:0.17025 P3:0.17025 P4:0.17025 STATE:IDLE
[2026-05-11 17:05:25Z] CHK MOM:0% RANGE:0% UP:0% SPREAD:0.0587544% BID:0.1702 ASK:0.1703 MID:0.17025 P1:0.17025 P2:0.17025 P3:0.17025 P4:0.17025 STATE:IDLE
[2026-05-11 17:05:25Z] CHK MOM:0% RANGE:0% UP:0% SPREAD:0.0587544% BID:0.1702 ASK:0.1703 MID:0.17025 P1:0.17025 P2:0.17025 P3:0.17025 P4:0.17025 STATE:IDLE
[2026-05-11 17:05:26Z] CHK MOM:0% RANGE:0% UP:0% SPREAD:0.0587544% BID:0.1702 ASK:0.1703 MID:0.17025 P1:0.17025 P2:0.17025 P3:0.17025 P4:0.17025 STATE:IDLE
[2026-05-11 17:05:26Z] CHK MOM:0% RANGE:0% UP:0% SPREAD:0.0587544% BID:0.1702 ASK:0.1703 MID:0.17025 P1:0.17025 P2:0.17025 P3:0.17025 P4:0.17025 STATE:IDLE
[2026-05-11 17:05:27Z] CHK MOM:0% RANGE:0% UP:0% SPREAD:0.0587544% BID:0.1702 ASK:0.1703 MID:0.17025 P1:0.17025 P2:0.17025 P3:0.17025 P4:0.17025 STATE:IDLE
[2026-05-11 17:05:27Z] CHK MOM:0% RANGE:0% UP:0% SPREAD:0.0587544% BID:0.1702 ASK:0.1703 MID:0.17025 P1:0.17025 P2:0.17025 P3:0.17025 P4:0.17025 STATE:IDLE
[2026-05-11 17:05:28Z] CHK MOM:0% RANGE:0% UP:0% SPREAD:0.0587544% BID:0.1702 ASK:0.1703 MID:0.17025 P1:0.17025 P2:0.17025 P3:0.17025 P4:0.17025 STATE:IDLE
[2026-05-11 17:05:29Z] CHK MOM:0% RANGE:0% UP:0% SPREAD:0.0587544% BID:0.1702 ASK:0.1703 MID:0.17025 P1:0.17025 P2:0.17025 P3:0.17025 P4:0.17025 STATE:IDLE
[2026-05-11 17:05:29Z] CHK MOM:0% RANGE:0% UP:0% SPREAD:0.0587544% BID:0.1702 ASK:0.1703 MID:0.17025 P1:0.17025 P2:0.17025 P3:0.17025 P4:0.17025 STATE:IDLE
[2026-05-11 17:05:30Z] CHK MOM:0% RANGE:0% UP:0% SPREAD:0.0587544% BID:0.1702 ASK:0.1703 MID:0.17025 P1:0.17025 P2:0.17025 P3:0.17025 P4:0.17025 STATE:IDLE
[2026-05-11 17:05:30Z] CHK MOM:0% RANGE:0% UP:0% SPREAD:0.0587544% BID:0.1702 ASK:0.1703 MID:0.17025 P1:0.17025 P2:0.17025 P3:0.17025 P4:0.17025 STATE:IDLE
[2026-05-11 17:05:31Z] CHK MOM:0% RANGE:0% UP:0% SPREAD:0.0587544% BID:0.1702 ASK:0.1703 MID:0.17025 P1:0.17025 P2:0.17025 P3:0.17025 P4:0.17025 STATE:IDLE
[2026-05-11 17:05:31Z] CHK MOM:0% RANGE:0% UP:0% SPREAD:0.0587544% BID:0.1702 ASK:0.1703 MID:0.17025 P1:0.17025 P2:0.17025 P3:0.17025 P4:0.17025 STATE:IDLE
[2026-05-11 17:05:32Z] CHK MOM:0% RANGE:0% UP:0% SPREAD:0.0587544% BID:0.1702 ASK:0.1703 MID:0.17025 P1:0.17025 P2:0.17025 P3:0.17025 P4:0.17025 STATE:IDLE
[2026-05-11 17:05:34Z] CHK MOM:0% RANGE:0% UP:0% SPREAD:0.0587544% BID:0.1702 ASK:0.1703 MID:0.17025 P1:0.17025 P2:0.17025 P3:0.17025 P4:0.17025 STATE:IDLE
[2026-05-11 17:05:34Z] CHK MOM:0% RANGE:0% UP:0% SPREAD:0.0587544% BID:0.1702 ASK:0.1703 MID:0.17025 P1:0.17025 P2:0.17025 P3:0.17025 P4:0.17025 STATE:IDLE
[2026-05-11 17:05:35Z] CHK MOM:0% RANGE:0% UP:0% SPREAD:0.0587544% BID:0.1702 ASK:0.1703 MID:0.17025 P1:0.17025 P2:0.17025 P3:0.17025 P4:0.17025 STATE:IDLE
[2026-05-11 17:05:35Z] CHK MOM:0% RANGE:0% UP:0% SPREAD:0.0587544% BID:0.1702 ASK:0.1703 MID:0.17025 P1:0.17025 P2:0.17025 P3:0.17025 P4:0.17025 STATE:IDLE
[2026-05-11 17:05:36Z] CHK MOM:0% RANGE:0% UP:0% SPREAD:0.0587544% BID:0.1702 ASK:0.1703 MID:0.17025 P1:0.17025 P2:0.17025 P3:0.17025 P4:0.17025 STATE:IDLE
[2026-05-11 17:05:36Z] CHK MOM:-0.05% RANGE:0.05% UP:0% SPREAD:0.05878894% BID:0.1701 ASK:0.1702 MID:0.17015 P1:0.17015 P2:0.17025 P3:0.17025 P4:0.17025 STATE:IDLE
[2026-05-11 17:05:37Z] CHK MOM:0% RANGE:0.05% UP:11.11% SPREAD:0.0587544% BID:0.1702 ASK:0.1703 MID:0.17025 P1:0.17025 P2:0.17015 P3:0.17025 P4:0.17025 STATE:IDLE
[2026-05-11 17:05:37Z] CHK MOM:-0.05% RANGE:0.05% UP:11.11% SPREAD:0.05878894% BID:0.1701 ASK:0.1702 MID:0.17015 P1:0.17015 P2:0.17025 P3:0.17015 P4:0.17025 STATE:IDLE
[2026-05-11 17:05:38Z] CHK MOM:0% RANGE:0.05% UP:20% SPREAD:0.0587544% BID:0.1702 ASK:0.1703 MID:0.17025 P1:0.17025 P2:0.17015 P3:0.17025 P4:0.17015 STATE:IDLE
[2026-05-11 17:05:39Z] CHK MOM:0% RANGE:0.05% UP:18.18% SPREAD:0.0587544% BID:0.1702 ASK:0.1703 MID:0.17025 P1:0.17025 P2:0.17025 P3:0.17015 P4:0.17025 STATE:IDLE
[2026-05-11 17:05:39Z] CHK MOM:0% RANGE:0.05% UP:20% SPREAD:0.0587544% BID:0.1702 ASK:0.1703 MID:0.17025 P1:0.17025 P2:0.17025 P3:0.17025 P4:0.17015 STATE:IDLE
[2026-05-11 17:05:40Z] CHK MOM:0% RANGE:0.05% UP:20% SPREAD:0.0587544% BID:0.1702 ASK:0.1703 MID:0.17025 P1:0.17025 P2:0.17025 P3:0.17025 P4:0.17015 STATE:IDLE
[2026-05-11 17:05:40Z] CHK MOM:0% RANGE:0.05% UP:20% SPREAD:0.0587544% BID:0.1702 ASK:0.1703 MID:0.17025 P1:0.17025 P2:0.17025 P3:0.17025 P4:0.17015 STATE:IDLE
[2026-05-11 17:05:41Z] CHK MOM:0% RANGE:0.05% UP:20% SPREAD:0.0587544% BID:0.1702 ASK:0.1703 MID:0.17025 P1:0.17025 P2:0.17025 P3:0.17025 P4:0.17015 STATE:IDLE
[2026-05-11 17:05:41Z] CHK MOM:0% RANGE:0.05% UP:20% SPREAD:0.0587544% BID:0.1702 ASK:0.1703 MID:0.17025 P1:0.17025 P2:0.17025 P3:0.17025 P4:0.17015 STATE:IDLE
[2026-05-11 17:05:42Z] CHK MOM:0% RANGE:0.05% UP:20% SPREAD:0.0587544% BID:0.1702 ASK:0.1703 MID:0.17025 P1:0.17025 P2:0.17025 P3:0.17025 P4:0.17015 STATE:IDLE
[2026-05-11 17:05:43Z] CHK MOM:0% RANGE:0.05% UP:22.22% SPREAD:0.0587544% BID:0.1702 ASK:0.1703 MID:0.17025 P1:0.17025 P2:0.17025 P3:0.17025 P4:0.17025 STATE:IDLE
[2026-05-11 17:05:44Z] CHK MOM:0% RANGE:0.05% UP:22.22% SPREAD:0.0587544% BID:0.1702 ASK:0.1703 MID:0.17025 P1:0.17025 P2:0.17025 P3:0.17025 P4:0.17025 STATE:IDLE
[2026-05-11 17:05:44Z] CHK MOM:0% RANGE:0.05% UP:20% SPREAD:0.0587544% BID:0.1702 ASK:0.1703 MID:0.17025 P1:0.17025 P2:0.17025 P3:0.17025 P4:0.17025 STATE:IDLE
[2026-05-11 17:05:45Z] CHK MOM:0% RANGE:0.05% UP:18.18% SPREAD:0.0587544% BID:0.1702 ASK:0.1703 MID:0.17025 P1:0.17025 P2:0.17025 P3:0.17025 P4:0.17025 STATE:IDLE
[2026-05-11 17:05:45Z] CHK MOM:0% RANGE:0.05% UP:18.18% SPREAD:0.0587544% BID:0.1702 ASK:0.1703 MID:0.17025 P1:0.17025 P2:0.17025 P3:0.17025 P4:0.17025 STATE:IDLE
[2026-05-11 17:05:46Z] CHK MOM:0% RANGE:0.05% UP:20% SPREAD:0.0587544% BID:0.1702 ASK:0.1703 MID:0.17025 P1:0.17025 P2:0.17025 P3:0.17025 P4:0.17025 STATE:IDLE
[2026-05-11 17:05:46Z] CHK MOM:-0.05% RANGE:0.05% UP:18.18% SPREAD:0.05878894% BID:0.1701 ASK:0.1702 MID:0.17015 P1:0.17015 P2:0.17025 P3:0.17025 P4:0.17025 STATE:IDLE
[2026-05-11 17:05:47Z] CHK MOM:-0.05% RANGE:0.05% UP:18.18% SPREAD:0.05878894% BID:0.1701 ASK:0.1702 MID:0.17015 P1:0.17015 P2:0.17025 P3:0.17025 P4:0.17025 STATE:IDLE
