[2026-05-16 06:57:14Z] SESSION_START symbol=AAVEUSDC dry_run=0 profile=major strategy=momentum base_url=https://api.binance.com
[2026-05-16 06:57:14Z] TOXIC_MEMORY_LOADED count=1 symbols=ORDIUSDC
[2026-05-16 06:57:18Z] CHK MOM:0% RANGE:0% UP:0% SPREAD:0.03337041% BID:89.9 ASK:89.93 MID:89.915 P1:89.915 P2:NA P3:NA P4:NA STATE:IDLE
[2026-05-16 06:57:18Z] CHK MOM:0% RANGE:0% UP:100% SPREAD:0.04449388% BID:89.9 ASK:89.94 MID:89.92 P1:89.92 P2:89.915 P3:NA P4:NA STATE:IDLE
[2026-05-16 06:57:19Z] CHK MOM:0.01% RANGE:0.01% UP:100% SPREAD:0.05561735% BID:89.9 ASK:89.95 MID:89.925 P1:89.925 P2:89.92 P3:89.915 P4:NA STATE:IDLE
[2026-05-16 06:57:19Z] CHK MOM:0.01% RANGE:0.01% UP:100% SPREAD:0.05561735% BID:89.9 ASK:89.95 MID:89.925 P1:89.925 P2:89.92 P3:89.915 P4:NA STATE:IDLE
[2026-05-16 06:57:20Z] CHK MOM:0.01% RANGE:0.01% UP:100% SPREAD:0.05561735% BID:89.9 ASK:89.95 MID:89.925 P1:89.925 P2:89.92 P3:89.915 P4:NA STATE:IDLE
[2026-05-16 06:57:20Z] CHK MOM:0.01% RANGE:0.01% UP:100% SPREAD:0.05561735% BID:89.9 ASK:89.95 MID:89.925 P1:89.925 P2:89.92 P3:89.915 P4:NA STATE:IDLE
[2026-05-16 06:57:21Z] CHK MOM:0.01% RANGE:0.01% UP:100% SPREAD:0.05561735% BID:89.9 ASK:89.95 MID:89.925 P1:89.925 P2:89.92 P3:89.915 P4:NA STATE:IDLE
[2026-05-16 06:57:21Z] CHK MOM:0.01% RANGE:0.01% UP:100% SPREAD:0.05561735% BID:89.9 ASK:89.95 MID:89.925 P1:89.925 P2:89.92 P3:89.915 P4:NA STATE:IDLE
[2026-05-16 06:57:23Z] CHK MOM:0.01% RANGE:0.01% UP:66.66% SPREAD:0.05561735% BID:89.9 ASK:89.95 MID:89.925 P1:89.925 P2:89.925 P3:89.92 P4:89.915 STATE:IDLE
[2026-05-16 06:57:24Z] CHK MOM:0.01% RANGE:0.01% UP:66.66% SPREAD:0.05561735% BID:89.9 ASK:89.95 MID:89.925 P1:89.925 P2:89.925 P3:89.92 P4:89.915 STATE:IDLE
[2026-05-16 06:57:24Z] CHK MOM:0.01% RANGE:0.01% UP:50% SPREAD:0.05561735% BID:89.9 ASK:89.95 MID:89.925 P1:89.925 P2:89.925 P3:89.925 P4:89.92 STATE:IDLE
[2026-05-16 06:57:25Z] CHK MOM:0.01% RANGE:0.01% UP:50% SPREAD:0.05561735% BID:89.9 ASK:89.95 MID:89.925 P1:89.925 P2:89.925 P3:89.925 P4:89.92 STATE:IDLE
[2026-05-16 06:57:25Z] CHK MOM:0.01% RANGE:0.01% UP:60% SPREAD:0.04448893% BID:89.91 ASK:89.95 MID:89.93 P1:89.93 P2:89.925 P3:89.925 P4:89.925 STATE:IDLE
[2026-05-16 06:57:26Z] CHK MOM:0.01% RANGE:0.01% UP:50% SPREAD:0.05561735% BID:89.9 ASK:89.95 MID:89.925 P1:89.925 P2:89.93 P3:89.925 P4:89.925 STATE:IDLE
[2026-05-16 06:57:26Z] CHK MOM:0.01% RANGE:0.01% UP:42.85% SPREAD:0.05561735% BID:89.9 ASK:89.95 MID:89.925 P1:89.925 P2:89.925 P3:89.93 P4:89.925 STATE:IDLE
[2026-05-16 06:57:27Z] CHK MOM:0.01% RANGE:0.01% UP:42.85% SPREAD:0.05561735% BID:89.9 ASK:89.95 MID:89.925 P1:89.925 P2:89.925 P3:89.93 P4:89.925 STATE:IDLE
[2026-05-16 06:57:27Z] CHK MOM:0.01% RANGE:0.01% UP:37.5% SPREAD:0.05561735% BID:89.9 ASK:89.95 MID:89.925 P1:89.925 P2:89.925 P3:89.925 P4:89.93 STATE:IDLE
[2026-05-16 06:57:28Z] CHK MOM:0.01% RANGE:0.01% UP:37.5% SPREAD:0.05561735% BID:89.9 ASK:89.95 MID:89.925 P1:89.925 P2:89.925 P3:89.925 P4:89.93 STATE:IDLE
[2026-05-16 06:57:29Z] CHK MOM:0.01% RANGE:0.01% UP:37.5% SPREAD:0.05561735% BID:89.9 ASK:89.95 MID:89.925 P1:89.925 P2:89.925 P3:89.925 P4:89.93 STATE:IDLE
[2026-05-16 06:57:29Z] CHK MOM:0.01% RANGE:0.01% UP:37.5% SPREAD:0.05561735% BID:89.9 ASK:89.95 MID:89.925 P1:89.925 P2:89.925 P3:89.925 P4:89.93 STATE:IDLE
[2026-05-16 06:57:30Z] CHK MOM:0.01% RANGE:0.01% UP:37.5% SPREAD:0.05561735% BID:89.9 ASK:89.95 MID:89.925 P1:89.925 P2:89.925 P3:89.925 P4:89.93 STATE:IDLE
[2026-05-16 06:57:32Z] CHK MOM:0% RANGE:0% UP:16.66% SPREAD:0.05561735% BID:89.9 ASK:89.95 MID:89.925 P1:89.925 P2:89.925 P3:89.925 P4:89.925 STATE:IDLE
[2026-05-16 06:57:32Z] CHK MOM:0% RANGE:0% UP:16.66% SPREAD:0.05561735% BID:89.9 ASK:89.95 MID:89.925 P1:89.925 P2:89.925 P3:89.925 P4:89.925 STATE:IDLE
[2026-05-16 06:57:33Z] CHK MOM:0% RANGE:0% UP:16.66% SPREAD:0.05561735% BID:89.9 ASK:89.95 MID:89.925 P1:89.925 P2:89.925 P3:89.925 P4:89.925 STATE:IDLE
[2026-05-16 06:57:33Z] CHK MOM:0% RANGE:0% UP:16.66% SPREAD:0.05561735% BID:89.9 ASK:89.95 MID:89.925 P1:89.925 P2:89.925 P3:89.925 P4:89.925 STATE:IDLE
[2026-05-16 06:57:34Z] CHK MOM:0% RANGE:0% UP:14.28% SPREAD:0.05561735% BID:89.9 ASK:89.95 MID:89.925 P1:89.925 P2:89.925 P3:89.925 P4:89.925 STATE:IDLE
[2026-05-16 06:57:35Z] CHK MOM:0% RANGE:0% UP:14.28% SPREAD:0.05561735% BID:89.9 ASK:89.95 MID:89.925 P1:89.925 P2:89.925 P3:89.925 P4:89.925 STATE:IDLE
[2026-05-16 06:57:35Z] CHK MOM:0% RANGE:0.01% UP:12.5% SPREAD:0.04449388% BID:89.9 ASK:89.94 MID:89.92 P1:89.92 P2:89.925 P3:89.925 P4:89.925 STATE:IDLE
[2026-05-16 06:57:36Z] CHK MOM:0% RANGE:0.01% UP:12.5% SPREAD:0.04449388% BID:89.9 ASK:89.94 MID:89.92 P1:89.92 P2:89.925 P3:89.925 P4:89.925 STATE:IDLE
[2026-05-16 06:57:36Z] CHK MOM:-0.01% RANGE:0.01% UP:0% SPREAD:0.03337041% BID:89.9 ASK:89.93 MID:89.915 P1:89.915 P2:89.92 P3:89.925 P4:89.925 STATE:IDLE
[2026-05-16 06:57:37Z] CHK MOM:-0.01% RANGE:0.01% UP:0% SPREAD:0.03337041% BID:89.9 ASK:89.93 MID:89.915 P1:89.915 P2:89.92 P3:89.925 P4:89.925 STATE:IDLE
[2026-05-16 06:57:37Z] CHK MOM:-0.01% RANGE:0.01% UP:0% SPREAD:0.03337041% BID:89.9 ASK:89.93 MID:89.915 P1:89.915 P2:89.92 P3:89.925 P4:89.925 STATE:IDLE
[2026-05-16 06:57:38Z] CHK MOM:-0.01% RANGE:0.01% UP:0% SPREAD:0.03337041% BID:89.9 ASK:89.93 MID:89.915 P1:89.915 P2:89.92 P3:89.925 P4:89.925 STATE:IDLE
[2026-05-16 06:57:38Z] CHK MOM:-0.01% RANGE:0.01% UP:0% SPREAD:0.02224694% BID:89.9 ASK:89.92 MID:89.91 P1:89.91 P2:89.915 P3:89.92 P4:89.925 STATE:IDLE
[2026-05-16 06:57:39Z] CHK MOM:-0.01% RANGE:0.01% UP:0% SPREAD:0.02224694% BID:89.9 ASK:89.92 MID:89.91 P1:89.91 P2:89.915 P3:89.92 P4:89.925 STATE:IDLE
[2026-05-16 06:57:40Z] CHK MOM:-0.02% RANGE:0.02% UP:0% SPREAD:0.01112347% BID:89.9 ASK:89.91 MID:89.905 P1:89.905 P2:89.91 P3:89.915 P4:89.92 STATE:IDLE
[2026-05-16 06:57:40Z] CHK MOM:-0.02% RANGE:0.02% UP:0% SPREAD:0.01112347% BID:89.9 ASK:89.91 MID:89.905 P1:89.905 P2:89.905 P3:89.91 P4:89.915 STATE:IDLE
[2026-05-16 06:57:41Z] CHK MOM:-0.04% RANGE:0.04% UP:0% SPREAD:0.01112594% BID:89.88 ASK:89.89 MID:89.88499999 P1:89.88499999 P2:89.905 P3:89.905 P4:89.91 STATE:IDLE
[2026-05-16 06:57:41Z] CHK MOM:-0.04% RANGE:0.04% UP:0% SPREAD:0.01112594% BID:89.88 ASK:89.89 MID:89.88499999 P1:89.88499999 P2:89.905 P3:89.905 P4:89.91 STATE:IDLE
[2026-05-16 06:57:42Z] CHK MOM:-0.04% RANGE:0.04% UP:0% SPREAD:0.01112594% BID:89.88 ASK:89.89 MID:89.88499999 P1:89.88499999 P2:89.905 P3:89.905 P4:89.91 STATE:IDLE
[2026-05-16 06:57:42Z] CHK MOM:-0.04% RANGE:0.04% UP:0% SPREAD:0.01112594% BID:89.88 ASK:89.89 MID:89.88499999 P1:89.88499999 P2:89.905 P3:89.905 P4:89.91 STATE:IDLE
[2026-05-16 06:57:43Z] CHK MOM:-0.04% RANGE:0.04% UP:0% SPREAD:0.01112594% BID:89.88 ASK:89.89 MID:89.88499999 P1:89.88499999 P2:89.905 P3:89.905 P4:89.91 STATE:IDLE
[2026-05-16 06:57:43Z] CHK MOM:-0.04% RANGE:0.04% UP:0% SPREAD:0.01112594% BID:89.88 ASK:89.89 MID:89.88499999 P1:89.88499999 P2:89.905 P3:89.905 P4:89.91 STATE:IDLE
[2026-05-16 06:57:50Z] CHK MOM:-0.01% RANGE:0.02% UP:25% SPREAD:0.03337783% BID:89.88 ASK:89.91 MID:89.895 P1:89.895 P2:89.88499999 P3:89.905 P4:89.905 STATE:IDLE
[2026-05-16 06:57:51Z] CHK MOM:-0.01% RANGE:0.02% UP:50% SPREAD:0.0111247% BID:89.89 ASK:89.9 MID:89.895 P1:89.895 P2:89.895 P3:89.88499999 P4:89.905 STATE:IDLE
[2026-05-16 06:57:51Z] CHK MOM:-0.01% RANGE:0.02% UP:50% SPREAD:0.0111247% BID:89.89 ASK:89.9 MID:89.895 P1:89.895 P2:89.895 P3:89.88499999 P4:89.905 STATE:IDLE
[2026-05-16 06:57:52Z] CHK MOM:-0.01% RANGE:0.02% UP:50% SPREAD:0.0111247% BID:89.89 ASK:89.9 MID:89.895 P1:89.895 P2:89.895 P3:89.88499999 P4:89.905 STATE:IDLE
[2026-05-16 06:57:52Z] CHK MOM:-0.01% RANGE:0.02% UP:50% SPREAD:0.0111247% BID:89.89 ASK:89.9 MID:89.895 P1:89.895 P2:89.895 P3:89.88499999 P4:89.905 STATE:IDLE
[2026-05-16 06:57:53Z] CHK MOM:-0.01% RANGE:0.02% UP:50% SPREAD:0.0111247% BID:89.89 ASK:89.9 MID:89.895 P1:89.895 P2:89.895 P3:89.88499999 P4:89.905 STATE:IDLE
[2026-05-16 06:57:53Z] CHK MOM:-0.01% RANGE:0.02% UP:50% SPREAD:0.0111247% BID:89.89 ASK:89.9 MID:89.895 P1:89.895 P2:89.895 P3:89.88499999 P4:89.905 STATE:IDLE
[2026-05-16 06:57:54Z] CHK MOM:0% RANGE:0% UP:50% SPREAD:0.0111247% BID:89.89 ASK:89.9 MID:89.895 P1:89.895 P2:89.895 P3:89.895 P4:89.88499999 STATE:IDLE
[2026-05-16 06:57:55Z] CHK MOM:0% RANGE:0% UP:50% SPREAD:0.0111247% BID:89.89 ASK:89.9 MID:89.895 P1:89.895 P2:89.895 P3:89.895 P4:89.88499999 STATE:IDLE
[2026-05-16 06:57:56Z] CHK MOM:0% RANGE:0% UP:50% SPREAD:0.0111247% BID:89.89 ASK:89.9 MID:89.895 P1:89.895 P2:89.895 P3:89.895 P4:89.88499999 STATE:IDLE
[2026-05-16 06:57:56Z] CHK MOM:0% RANGE:0% UP:50% SPREAD:0.0111247% BID:89.89 ASK:89.9 MID:89.895 P1:89.895 P2:89.895 P3:89.895 P4:89.88499999 STATE:IDLE
[2026-05-16 06:57:57Z] CHK MOM:0% RANGE:0% UP:50% SPREAD:0.0111247% BID:89.89 ASK:89.9 MID:89.895 P1:89.895 P2:89.895 P3:89.895 P4:89.88499999 STATE:IDLE
[2026-05-16 06:57:59Z] CHK MOM:-0.01% RANGE:0.01% UP:33.33% SPREAD:0.01112594% BID:89.88 ASK:89.89 MID:89.88499999 P1:89.88499999 P2:89.895 P3:89.895 P4:89.895 STATE:IDLE
[2026-05-16 06:57:59Z] CHK MOM:-0.01% RANGE:0.01% UP:33.33% SPREAD:0.01112594% BID:89.88 ASK:89.89 MID:89.88499999 P1:89.88499999 P2:89.895 P3:89.895 P4:89.895 STATE:IDLE
[2026-05-16 06:58:00Z] CHK MOM:-0.01% RANGE:0.01% UP:33.33% SPREAD:0.01112594% BID:89.88 ASK:89.89 MID:89.88499999 P1:89.88499999 P2:89.895 P3:89.895 P4:89.895 STATE:IDLE
[2026-05-16 06:58:00Z] CHK MOM:-0.01% RANGE:0.01% UP:33.33% SPREAD:0.01112594% BID:89.88 ASK:89.89 MID:89.88499999 P1:89.88499999 P2:89.895 P3:89.895 P4:89.895 STATE:IDLE
[2026-05-16 06:58:01Z] CHK MOM:-0.01% RANGE:0.01% UP:33.33% SPREAD:0.01112594% BID:89.88 ASK:89.89 MID:89.88499999 P1:89.88499999 P2:89.895 P3:89.895 P4:89.895 STATE:IDLE
[2026-05-16 06:58:02Z] CHK MOM:0% RANGE:0.01% UP:50% SPREAD:0.02225189% BID:89.88 ASK:89.9 MID:89.89 P1:89.89 P2:89.88499999 P3:89.895 P4:89.895 STATE:IDLE
[2026-05-16 06:58:02Z] CHK MOM:-0.01% RANGE:0.01% UP:25% SPREAD:0.01112594% BID:89.88 ASK:89.89 MID:89.88499999 P1:89.88499999 P2:89.89 P3:89.88499999 P4:89.895 STATE:IDLE
[2026-05-16 06:58:03Z] CHK MOM:-0.01% RANGE:0.01% UP:25% SPREAD:0.01112594% BID:89.88 ASK:89.89 MID:89.88499999 P1:89.88499999 P2:89.89 P3:89.88499999 P4:89.895 STATE:IDLE
[2026-05-16 06:58:03Z] CHK MOM:-0.03% RANGE:0.03% UP:25% SPREAD:0.03338898% BID:89.85 ASK:89.88 MID:89.865 P1:89.865 P2:89.88499999 P3:89.89 P4:89.88499999 STATE:IDLE
[2026-05-16 06:58:04Z] CHK MOM:-0.03% RANGE:0.03% UP:25% SPREAD:0.03338898% BID:89.85 ASK:89.88 MID:89.865 P1:89.865 P2:89.88499999 P3:89.89 P4:89.88499999 STATE:IDLE
[2026-05-16 06:58:04Z] CHK MOM:-0.03% RANGE:0.03% UP:25% SPREAD:0.03338898% BID:89.85 ASK:89.88 MID:89.865 P1:89.865 P2:89.88499999 P3:89.89 P4:89.88499999 STATE:IDLE
[2026-05-16 06:58:05Z] CHK MOM:-0.03% RANGE:0.03% UP:25% SPREAD:0.03338898% BID:89.85 ASK:89.88 MID:89.865 P1:89.865 P2:89.88499999 P3:89.89 P4:89.88499999 STATE:IDLE
[2026-05-16 06:58:05Z] CHK MOM:-0.03% RANGE:0.03% UP:25% SPREAD:0.03338898% BID:89.85 ASK:89.88 MID:89.865 P1:89.865 P2:89.88499999 P3:89.89 P4:89.88499999 STATE:IDLE
[2026-05-16 06:58:06Z] CHK MOM:-0.04% RANGE:0.04% UP:20% SPREAD:0.03339269% BID:89.84 ASK:89.87 MID:89.855 P1:89.855 P2:89.865 P3:89.88499999 P4:89.89 STATE:IDLE
[2026-05-16 06:58:07Z] CHK MOM:-0.04% RANGE:0.04% UP:16.66% SPREAD:0.03339269% BID:89.84 ASK:89.87 MID:89.855 P1:89.855 P2:89.855 P3:89.865 P4:89.88499999 STATE:IDLE
[2026-05-16 06:58:07Z] CHK MOM:-0.03% RANGE:0.03% UP:16.66% SPREAD:0.03339269% BID:89.84 ASK:89.87 MID:89.855 P1:89.855 P2:89.855 P3:89.855 P4:89.865 STATE:IDLE
[2026-05-16 06:58:08Z] CHK MOM:-0.04% RANGE:0.05% UP:14.28% SPREAD:0.03339641% BID:89.83 ASK:89.86 MID:89.845 P1:89.845 P2:89.855 P3:89.855 P4:89.855 STATE:IDLE
[2026-05-16 06:58:08Z] CHK MOM:-0.04% RANGE:0.05% UP:14.28% SPREAD:0.03339641% BID:89.83 ASK:89.86 MID:89.845 P1:89.845 P2:89.855 P3:89.855 P4:89.855 STATE:IDLE
[2026-05-16 06:58:09Z] CHK MOM:-0.03% RANGE:0.05% UP:25% SPREAD:0.02226179% BID:89.84 ASK:89.86 MID:89.85 P1:89.85 P2:89.845 P3:89.855 P4:89.855 STATE:IDLE
[2026-05-16 06:58:09Z] CHK MOM:-0.05% RANGE:0.05% UP:22.22% SPREAD:0.02226427% BID:89.83 ASK:89.85 MID:89.84 P1:89.84 P2:89.85 P3:89.845 P4:89.855 STATE:IDLE
[2026-05-16 06:58:10Z] CHK MOM:-0.04% RANGE:0.05% UP:30% SPREAD:0.03339641% BID:89.83 ASK:89.86 MID:89.845 P1:89.845 P2:89.84 P3:89.85 P4:89.845 STATE:IDLE
[2026-05-16 06:58:10Z] CHK MOM:-0.05% RANGE:0.05% UP:27.27% SPREAD:0.02226427% BID:89.83 ASK:89.85 MID:89.84 P1:89.84 P2:89.845 P3:89.84 P4:89.85 STATE:IDLE
[2026-05-16 06:58:11Z] CHK MOM:-0.03% RANGE:0.05% UP:27.27% SPREAD:0.05566069% BID:89.83 ASK:89.88 MID:89.85499999 P1:89.85499999 P2:89.84 P3:89.845 P4:89.84 STATE:IDLE
[2026-05-16 06:58:11Z] CHK MOM:-0.03% RANGE:0.05% UP:33.33% SPREAD:0.04452359% BID:89.84 ASK:89.88 MID:89.86 P1:89.86 P2:89.85499999 P3:89.84 P4:89.845 STATE:IDLE
[2026-05-16 06:58:12Z] CHK MOM:-0.03% RANGE:0.05% UP:33.33% SPREAD:0.04452359% BID:89.84 ASK:89.88 MID:89.86 P1:89.86 P2:89.85499999 P3:89.84 P4:89.845 STATE:IDLE
[2026-05-16 06:58:13Z] CHK MOM:-0.03% RANGE:0.05% UP:33.33% SPREAD:0.04452359% BID:89.84 ASK:89.88 MID:89.86 P1:89.86 P2:89.85499999 P3:89.84 P4:89.845 STATE:IDLE
[2026-05-16 06:58:13Z] CHK MOM:-0.03% RANGE:0.05% UP:33.33% SPREAD:0.04452359% BID:89.84 ASK:89.88 MID:89.86 P1:89.86 P2:89.85499999 P3:89.84 P4:89.845 STATE:IDLE
[2026-05-16 06:58:14Z] CHK MOM:-0.03% RANGE:0.05% UP:33.33% SPREAD:0.04452359% BID:89.84 ASK:89.88 MID:89.86 P1:89.86 P2:89.85499999 P3:89.84 P4:89.845 STATE:IDLE
[2026-05-16 06:58:14Z] CHK MOM:0.01% RANGE:0.04% UP:45.45% SPREAD:0.04451368% BID:89.86 ASK:89.9 MID:89.88 P1:89.88 P2:89.86 P3:89.85499999 P4:89.84 STATE:IDLE
[2026-05-16 06:58:15Z] CHK MOM:0.02% RANGE:0.05% UP:50% SPREAD:0.03338155% BID:89.87 ASK:89.9 MID:89.885 P1:89.885 P2:89.88 P3:89.86 P4:89.85499999 STATE:IDLE
[2026-05-16 06:58:15Z] CHK MOM:0.01% RANGE:0.05% UP:46.15% SPREAD:0.02225436% BID:89.87 ASK:89.89 MID:89.88 P1:89.88 P2:89.885 P3:89.88 P4:89.86 STATE:IDLE
[2026-05-16 06:58:16Z] CHK MOM:0.01% RANGE:0.05% UP:46.15% SPREAD:0.02225436% BID:89.87 ASK:89.89 MID:89.88 P1:89.88 P2:89.885 P3:89.88 P4:89.86 STATE:IDLE
[2026-05-16 06:58:16Z] CHK MOM:0.01% RANGE:0.05% UP:46.15% SPREAD:0.02225436% BID:89.87 ASK:89.89 MID:89.88 P1:89.88 P2:89.885 P3:89.88 P4:89.86 STATE:IDLE
[2026-05-16 06:58:17Z] CHK MOM:0.01% RANGE:0.05% UP:46.15% SPREAD:0.03338898% BID:89.85 ASK:89.88 MID:89.865 P1:89.865 P2:89.88 P3:89.885 P4:89.88 STATE:IDLE
[2026-05-16 06:58:18Z] CHK MOM:0.01% RANGE:0.05% UP:46.15% SPREAD:0.03338898% BID:89.85 ASK:89.88 MID:89.865 P1:89.865 P2:89.88 P3:89.885 P4:89.88 STATE:IDLE
[2026-05-16 06:58:18Z] CHK MOM:0.01% RANGE:0.05% UP:46.15% SPREAD:0.03338898% BID:89.85 ASK:89.88 MID:89.865 P1:89.865 P2:89.88 P3:89.885 P4:89.88 STATE:IDLE
[2026-05-16 06:58:19Z] CHK MOM:0.01% RANGE:0.05% UP:46.15% SPREAD:0.03338898% BID:89.85 ASK:89.88 MID:89.865 P1:89.865 P2:89.88 P3:89.885 P4:89.88 STATE:IDLE
[2026-05-16 06:58:19Z] CHK MOM:0.01% RANGE:0.05% UP:46.15% SPREAD:0.03338898% BID:89.85 ASK:89.88 MID:89.865 P1:89.865 P2:89.88 P3:89.885 P4:89.88 STATE:IDLE
[2026-05-16 06:58:20Z] CHK MOM:0.02% RANGE:0.05% UP:60% SPREAD:0.04451864% BID:89.85 ASK:89.89 MID:89.87 P1:89.87 P2:89.865 P3:89.88 P4:89.885 STATE:IDLE
[2026-05-16 06:58:21Z] CHK MOM:0.02% RANGE:0.05% UP:60% SPREAD:0.04451864% BID:89.85 ASK:89.89 MID:89.87 P1:89.87 P2:89.865 P3:89.88 P4:89.885 STATE:IDLE
[2026-05-16 06:58:21Z] CHK MOM:0.03% RANGE:0.05% UP:70% SPREAD:0.03338526% BID:89.86 ASK:89.89 MID:89.875 P1:89.875 P2:89.87 P3:89.865 P4:89.88 STATE:IDLE
[2026-05-16 06:58:22Z] CHK MOM:0.03% RANGE:0.05% UP:70% SPREAD:0.03338526% BID:89.86 ASK:89.89 MID:89.875 P1:89.875 P2:89.87 P3:89.865 P4:89.88 STATE:IDLE
[2026-05-16 06:58:22Z] CHK MOM:0.03% RANGE:0.05% UP:70% SPREAD:0.03338526% BID:89.86 ASK:89.89 MID:89.875 P1:89.875 P2:89.87 P3:89.865 P4:89.88 STATE:IDLE
[2026-05-16 06:58:23Z] CHK MOM:0.03% RANGE:0.05% UP:70% SPREAD:0.03338526% BID:89.86 ASK:89.89 MID:89.875 P1:89.875 P2:89.87 P3:89.865 P4:89.88 STATE:IDLE
[2026-05-16 06:58:24Z] CHK MOM:0.03% RANGE:0.05% UP:70% SPREAD:0.03338526% BID:89.86 ASK:89.89 MID:89.875 P1:89.875 P2:89.87 P3:89.865 P4:89.88 STATE:IDLE
[2026-05-16 06:58:25Z] CHK MOM:0% RANGE:0.02% UP:50% SPREAD:0.03338526% BID:89.86 ASK:89.89 MID:89.875 P1:89.875 P2:89.875 P3:89.87 P4:89.865 STATE:IDLE
[2026-05-16 06:58:26Z] CHK MOM:0% RANGE:0.02% UP:50% SPREAD:0.03338526% BID:89.86 ASK:89.89 MID:89.875 P1:89.875 P2:89.875 P3:89.87 P4:89.865 STATE:IDLE
[2026-05-16 06:58:26Z] CHK MOM:0% RANGE:0.02% UP:50% SPREAD:0.03338526% BID:89.86 ASK:89.89 MID:89.875 P1:89.875 P2:89.875 P3:89.87 P4:89.865 STATE:IDLE
[2026-05-16 06:58:27Z] CHK MOM:0% RANGE:0.02% UP:50% SPREAD:0.03338526% BID:89.86 ASK:89.89 MID:89.875 P1:89.875 P2:89.875 P3:89.87 P4:89.865 STATE:IDLE
[2026-05-16 06:58:27Z] CHK MOM:0% RANGE:0.02% UP:50% SPREAD:0.03338526% BID:89.86 ASK:89.89 MID:89.875 P1:89.875 P2:89.875 P3:89.87 P4:89.865 STATE:IDLE
[2026-05-16 06:58:28Z] CHK MOM:0% RANGE:0.02% UP:50% SPREAD:0.03338526% BID:89.86 ASK:89.89 MID:89.875 P1:89.875 P2:89.875 P3:89.87 P4:89.865 STATE:IDLE
[2026-05-16 06:58:30Z] CHK MOM:0% RANGE:0% UP:33.33% SPREAD:0.04451864% BID:89.85 ASK:89.89 MID:89.87 P1:89.87 P2:89.875 P3:89.875 P4:89.87 STATE:IDLE
[2026-05-16 06:58:30Z] CHK MOM:0% RANGE:0% UP:33.33% SPREAD:0.04451864% BID:89.85 ASK:89.89 MID:89.87 P1:89.87 P2:89.875 P3:89.875 P4:89.87 STATE:IDLE
[2026-05-16 06:58:31Z] CHK MOM:0% RANGE:0% UP:33.33% SPREAD:0.04451864% BID:89.85 ASK:89.89 MID:89.87 P1:89.87 P2:89.875 P3:89.875 P4:89.87 STATE:IDLE
[2026-05-16 06:58:31Z] CHK MOM:0% RANGE:0% UP:33.33% SPREAD:0.04451864% BID:89.85 ASK:89.89 MID:89.87 P1:89.87 P2:89.875 P3:89.875 P4:89.87 STATE:IDLE
[2026-05-16 06:58:32Z] CHK MOM:0% RANGE:0% UP:33.33% SPREAD:0.04451864% BID:89.85 ASK:89.89 MID:89.87 P1:89.87 P2:89.875 P3:89.875 P4:89.87 STATE:IDLE
[2026-05-16 06:58:38Z] CHK MOM:-0.02% RANGE:0.02% UP:0% SPREAD:0.03339269% BID:89.84 ASK:89.87 MID:89.855 P1:89.855 P2:89.87 P3:89.875 P4:89.875 STATE:IDLE
[2026-05-16 06:58:38Z] CHK MOM:-0.01% RANGE:0.01% UP:50% SPREAD:0.04452359% BID:89.84 ASK:89.88 MID:89.86 P1:89.86 P2:89.855 P3:89.87 P4:89.875 STATE:IDLE
[2026-05-16 06:58:39Z] CHK MOM:-0.01% RANGE:0.01% UP:50% SPREAD:0.04452359% BID:89.84 ASK:89.88 MID:89.86 P1:89.86 P2:89.855 P3:89.87 P4:89.875 STATE:IDLE
[2026-05-16 06:58:39Z] CHK MOM:-0.01% RANGE:0.01% UP:50% SPREAD:0.04452359% BID:89.84 ASK:89.88 MID:89.86 P1:89.86 P2:89.855 P3:89.87 P4:89.875 STATE:IDLE
[2026-05-16 06:58:40Z] CHK MOM:-0.01% RANGE:0.01% UP:50% SPREAD:0.04452359% BID:89.84 ASK:89.88 MID:89.86 P1:89.86 P2:89.855 P3:89.87 P4:89.875 STATE:IDLE
[2026-05-16 06:58:40Z] CHK MOM:-0.01% RANGE:0.01% UP:50% SPREAD:0.04452359% BID:89.84 ASK:89.88 MID:89.86 P1:89.86 P2:89.855 P3:89.87 P4:89.875 STATE:IDLE
[2026-05-16 06:58:41Z] CHK MOM:0% RANGE:0.01% UP:66.66% SPREAD:0.05565449% BID:89.84 ASK:89.89 MID:89.865 P1:89.865 P2:89.86 P3:89.855 P4:89.87 STATE:IDLE
[2026-05-16 06:58:41Z] CHK MOM:0.01% RANGE:0.01% UP:100% SPREAD:0.06678539% BID:89.84 ASK:89.9 MID:89.87 P1:89.87 P2:89.865 P3:89.86 P4:89.855 STATE:IDLE
[2026-05-16 06:58:42Z] CHK MOM:0.01% RANGE:0.01% UP:75% SPREAD:0.05565449% BID:89.84 ASK:89.89 MID:89.865 P1:89.865 P2:89.87 P3:89.865 P4:89.86 STATE:IDLE
[2026-05-16 06:58:42Z] CHK MOM:0.01% RANGE:0.01% UP:60% SPREAD:0.05565449% BID:89.84 ASK:89.89 MID:89.865 P1:89.865 P2:89.865 P3:89.87 P4:89.865 STATE:IDLE
[2026-05-16 06:58:43Z] CHK MOM:0.01% RANGE:0.01% UP:50% SPREAD:0.05565449% BID:89.84 ASK:89.89 MID:89.865 P1:89.865 P2:89.865 P3:89.865 P4:89.87 STATE:IDLE
[2026-05-16 06:58:44Z] CHK MOM:0.01% RANGE:0.01% UP:57.14% SPREAD:0.06678539% BID:89.84 ASK:89.9 MID:89.87 P1:89.87 P2:89.865 P3:89.865 P4:89.865 STATE:IDLE
[2026-05-16 06:58:44Z] CHK MOM:0.01% RANGE:0.01% UP:57.14% SPREAD:0.06678539% BID:89.84 ASK:89.9 MID:89.87 P1:89.87 P2:89.865 P3:89.865 P4:89.865 STATE:IDLE
[2026-05-16 06:58:45Z] CHK MOM:0.01% RANGE:0.01% UP:57.14% SPREAD:0.06678539% BID:89.84 ASK:89.9 MID:89.87 P1:89.87 P2:89.865 P3:89.865 P4:89.865 STATE:IDLE
[2026-05-16 06:58:45Z] CHK MOM:0.01% RANGE:0.01% UP:57.14% SPREAD:0.06678539% BID:89.84 ASK:89.9 MID:89.87 P1:89.87 P2:89.865 P3:89.865 P4:89.865 STATE:IDLE
[2026-05-16 06:58:46Z] CHK MOM:0.01% RANGE:0.01% UP:57.14% SPREAD:0.06678539% BID:89.84 ASK:89.9 MID:89.87 P1:89.87 P2:89.865 P3:89.865 P4:89.865 STATE:IDLE
[2026-05-16 06:58:47Z] CHK MOM:0.01% RANGE:0.01% UP:50% SPREAD:0.05565449% BID:89.84 ASK:89.89 MID:89.865 P1:89.865 P2:89.87 P3:89.865 P4:89.865 STATE:IDLE
[2026-05-16 06:58:48Z] CHK MOM:0.05% RANGE:0.05% UP:55.55% SPREAD:0.08902737% BID:89.86 ASK:89.94 MID:89.9 P1:89.9 P2:89.865 P3:89.87 P4:89.865 STATE:IDLE
[2026-05-16 06:58:49Z] CHK MOM:0.05% RANGE:0.05% UP:55.55% SPREAD:0.08902737% BID:89.86 ASK:89.94 MID:89.9 P1:89.9 P2:89.865 P3:89.87 P4:89.865 STATE:IDLE
[2026-05-16 06:58:49Z] CHK MOM:0.04% RANGE:0.05% UP:50% SPREAD:0.07789895% BID:89.86 ASK:89.93 MID:89.895 P1:89.895 P2:89.9 P3:89.865 P4:89.87 STATE:IDLE
[2026-05-16 06:58:50Z] CHK MOM:0.04% RANGE:0.05% UP:50% SPREAD:0.07789895% BID:89.86 ASK:89.93 MID:89.895 P1:89.895 P2:89.9 P3:89.865 P4:89.87 STATE:IDLE
[2026-05-16 06:58:50Z] CHK MOM:0.03% RANGE:0.04% UP:40% SPREAD:0.07789895% BID:89.86 ASK:89.93 MID:89.895 P1:89.895 P2:89.895 P3:89.9 P4:89.865 STATE:IDLE
[2026-05-16 06:58:51Z] CHK MOM:0.03% RANGE:0.03% UP:30% SPREAD:0.07789895% BID:89.86 ASK:89.93 MID:89.895 P1:89.895 P2:89.895 P3:89.895 P4:89.9 STATE:IDLE
[2026-05-16 06:58:51Z] CHK MOM:0.03% RANGE:0.03% UP:30% SPREAD:0.07789895% BID:89.86 ASK:89.93 MID:89.895 P1:89.895 P2:89.895 P3:89.895 P4:89.9 STATE:IDLE
[2026-05-16 06:58:52Z] CHK MOM:0.03% RANGE:0.03% UP:30% SPREAD:0.07789895% BID:89.86 ASK:89.93 MID:89.895 P1:89.895 P2:89.895 P3:89.895 P4:89.9 STATE:IDLE
[2026-05-16 06:58:52Z] CHK MOM:0.03% RANGE:0.03% UP:30% SPREAD:0.07789895% BID:89.86 ASK:89.93 MID:89.895 P1:89.895 P2:89.895 P3:89.895 P4:89.9 STATE:IDLE
[2026-05-16 06:58:53Z] CHK MOM:0.03% RANGE:0.03% UP:30% SPREAD:0.07789895% BID:89.86 ASK:89.93 MID:89.895 P1:89.895 P2:89.895 P3:89.895 P4:89.9 STATE:IDLE
[2026-05-16 06:58:53Z] CHK MOM:0.03% RANGE:0.03% UP:30% SPREAD:0.07789895% BID:89.86 ASK:89.93 MID:89.895 P1:89.895 P2:89.895 P3:89.895 P4:89.9 STATE:IDLE
[2026-05-16 06:58:55Z] CHK MOM:0.03% RANGE:0.03% UP:28.57% SPREAD:0.07789895% BID:89.86 ASK:89.93 MID:89.895 P1:89.895 P2:89.895 P3:89.895 P4:89.895 STATE:IDLE
[2026-05-16 06:58:55Z] CHK MOM:0.02% RANGE:0.03% UP:25% SPREAD:0.06677053% BID:89.86 ASK:89.92 MID:89.89 P1:89.89 P2:89.895 P3:89.895 P4:89.895 STATE:IDLE
[2026-05-16 06:58:56Z] CHK MOM:0.03% RANGE:0.03% UP:28.57% SPREAD:0.04450378% BID:89.88 ASK:89.92 MID:89.9 P1:89.9 P2:89.89 P3:89.895 P4:89.895 STATE:IDLE
[2026-05-16 06:58:56Z] CHK MOM:0.05% RANGE:0.05% UP:37.5% SPREAD:0.04449883% BID:89.89 ASK:89.93 MID:89.91 P1:89.91 P2:89.9 P3:89.89 P4:89.895 STATE:IDLE
[2026-05-16 06:58:57Z] CHK MOM:0.05% RANGE:0.05% UP:37.5% SPREAD:0.04449883% BID:89.89 ASK:89.93 MID:89.91 P1:89.91 P2:89.9 P3:89.89 P4:89.895 STATE:IDLE
[2026-05-16 06:58:57Z] CHK MOM:0.05% RANGE:0.05% UP:37.5% SPREAD:0.04449883% BID:89.89 ASK:89.93 MID:89.91 P1:89.91 P2:89.9 P3:89.89 P4:89.895 STATE:IDLE
[2026-05-16 06:58:58Z] CHK MOM:0.05% RANGE:0.05% UP:37.5% SPREAD:0.04449883% BID:89.89 ASK:89.93 MID:89.91 P1:89.91 P2:89.9 P3:89.89 P4:89.895 STATE:IDLE
[2026-05-16 06:58:58Z] CHK MOM:0.05% RANGE:0.05% UP:37.5% SPREAD:0.04449883% BID:89.89 ASK:89.93 MID:89.91 P1:89.91 P2:89.9 P3:89.89 P4:89.895 STATE:IDLE
[2026-05-16 06:58:59Z] CHK MOM:0.05% RANGE:0.05% UP:37.5% SPREAD:0.04449883% BID:89.89 ASK:89.93 MID:89.91 P1:89.91 P2:89.9 P3:89.89 P4:89.895 STATE:IDLE
[2026-05-16 06:59:03Z] CHK MOM:0.01% RANGE:0.02% UP:40% SPREAD:0.03337412% BID:89.89 ASK:89.92 MID:89.905 P1:89.905 P2:89.91 P3:89.9 P4:89.89 STATE:IDLE
[2026-05-16 06:59:04Z] CHK MOM:0% RANGE:0.02% UP:40% SPREAD:0.04450378% BID:89.88 ASK:89.92 MID:89.9 P1:89.9 P2:89.905 P3:89.91 P4:89.9 STATE:IDLE
[2026-05-16 06:59:04Z] CHK MOM:0% RANGE:0.02% UP:33.33% SPREAD:0.03337783% BID:89.88 ASK:89.91 MID:89.895 P1:89.895 P2:89.9 P3:89.905 P4:89.91 STATE:IDLE
[2026-05-16 06:59:05Z] CHK MOM:0% RANGE:0.02% UP:33.33% SPREAD:0.03337783% BID:89.88 ASK:89.91 MID:89.895 P1:89.895 P2:89.9 P3:89.905 P4:89.91 STATE:IDLE
[2026-05-16 06:59:05Z] CHK MOM:0% RANGE:0.02% UP:33.33% SPREAD:0.03337783% BID:89.88 ASK:89.91 MID:89.895 P1:89.895 P2:89.9 P3:89.905 P4:89.91 STATE:IDLE
[2026-05-16 06:59:06Z] CHK MOM:0% RANGE:0.02% UP:33.33% SPREAD:0.03337783% BID:89.88 ASK:89.91 MID:89.895 P1:89.895 P2:89.9 P3:89.905 P4:89.91 STATE:IDLE
[2026-05-16 06:59:06Z] CHK MOM:0% RANGE:0.02% UP:33.33% SPREAD:0.03337783% BID:89.88 ASK:89.91 MID:89.895 P1:89.895 P2:89.9 P3:89.905 P4:89.91 STATE:IDLE
[2026-05-16 06:59:07Z] CHK MOM:0% RANGE:0.02% UP:33.33% SPREAD:0.03337783% BID:89.88 ASK:89.91 MID:89.895 P1:89.895 P2:89.9 P3:89.905 P4:89.91 STATE:IDLE
[2026-05-16 06:59:13Z] CHK MOM:0% RANGE:0.01% UP:33.33% SPREAD:0.04450378% BID:89.88 ASK:89.92 MID:89.9 P1:89.9 P2:89.895 P3:89.9 P4:89.905 STATE:IDLE
[2026-05-16 06:59:13Z] CHK MOM:0% RANGE:0.01% UP:25% SPREAD:0.04450378% BID:89.88 ASK:89.92 MID:89.9 P1:89.9 P2:89.9 P3:89.895 P4:89.9 STATE:IDLE
[2026-05-16 06:59:14Z] CHK MOM:0% RANGE:0.01% UP:20% SPREAD:0.04450378% BID:89.88 ASK:89.92 MID:89.9 P1:89.9 P2:89.9 P3:89.9 P4:89.895 STATE:IDLE
[2026-05-16 06:59:14Z] CHK MOM:0% RANGE:0.01% UP:20% SPREAD:0.04450378% BID:89.88 ASK:89.92 MID:89.9 P1:89.9 P2:89.9 P3:89.9 P4:89.895 STATE:IDLE
[2026-05-16 06:59:15Z] CHK MOM:0% RANGE:0.01% UP:20% SPREAD:0.04450378% BID:89.88 ASK:89.92 MID:89.9 P1:89.9 P2:89.9 P3:89.9 P4:89.895 STATE:IDLE
[2026-05-16 06:59:15Z] CHK MOM:0% RANGE:0.01% UP:20% SPREAD:0.04450378% BID:89.88 ASK:89.92 MID:89.9 P1:89.9 P2:89.9 P3:89.9 P4:89.895 STATE:IDLE
[2026-05-16 06:59:16Z] CHK MOM:0% RANGE:0.01% UP:20% SPREAD:0.04450378% BID:89.88 ASK:89.92 MID:89.9 P1:89.9 P2:89.9 P3:89.9 P4:89.895 STATE:IDLE
[2026-05-16 06:59:16Z] CHK MOM:0% RANGE:0.01% UP:20% SPREAD:0.04450378% BID:89.88 ASK:89.92 MID:89.9 P1:89.9 P2:89.9 P3:89.9 P4:89.895 STATE:IDLE
[2026-05-16 06:59:24Z] CHK MOM:-0.01% RANGE:0.01% UP:0% SPREAD:0.04450873% BID:89.87 ASK:89.91 MID:89.89 P1:89.89 P2:89.9 P3:89.9 P4:89.9 STATE:IDLE
[2026-05-16 06:59:24Z] TOKEN_SWITCH old=AAVEUSDC new=AVAXUSDC source=.service.env
[2026-05-16 11:34:46Z] SESSION_START symbol=AAVEUSDC dry_run=0 profile=major strategy=momentum base_url=https://api.binance.com
[2026-05-16 11:34:46Z] TOXIC_MEMORY_LOADED count=1 symbols=ORDIUSDC
[2026-05-16 11:34:49Z] CHK MOM:0% RANGE:0% UP:0% SPREAD:0.02243661% BID:89.14 ASK:89.16 MID:89.15 P1:89.15 P2:NA P3:NA P4:NA STATE:IDLE
[2026-05-16 11:34:49Z] CHK MOM:0% RANGE:0% UP:0% SPREAD:0.02243661% BID:89.14 ASK:89.16 MID:89.15 P1:89.15 P2:89.15 P3:NA P4:NA STATE:IDLE
[2026-05-16 11:34:50Z] CHK MOM:0% RANGE:0% UP:50% SPREAD:0.01121704% BID:89.15 ASK:89.16 MID:89.155 P1:89.155 P2:89.15 P3:89.15 P4:NA STATE:IDLE
[2026-05-16 11:34:50Z] CHK MOM:0% RANGE:0% UP:33.33% SPREAD:0.01121704% BID:89.15 ASK:89.16 MID:89.155 P1:89.155 P2:89.155 P3:89.15 P4:89.15 STATE:IDLE
[2026-05-16 11:34:51Z] CHK MOM:0% RANGE:0% UP:25% SPREAD:0.01121704% BID:89.15 ASK:89.16 MID:89.155 P1:89.155 P2:89.155 P3:89.155 P4:89.15 STATE:IDLE
[2026-05-16 11:34:51Z] CHK MOM:0% RANGE:0% UP:25% SPREAD:0.01121704% BID:89.15 ASK:89.16 MID:89.155 P1:89.155 P2:89.155 P3:89.155 P4:89.15 STATE:IDLE
[2026-05-16 11:34:52Z] CHK MOM:0% RANGE:0% UP:25% SPREAD:0.01121704% BID:89.15 ASK:89.16 MID:89.155 P1:89.155 P2:89.155 P3:89.155 P4:89.15 STATE:IDLE
[2026-05-16 11:34:52Z] CHK MOM:0% RANGE:0% UP:25% SPREAD:0.01121704% BID:89.15 ASK:89.16 MID:89.155 P1:89.155 P2:89.155 P3:89.155 P4:89.15 STATE:IDLE
[2026-05-16 11:34:53Z] CHK MOM:0% RANGE:0% UP:25% SPREAD:0.01121704% BID:89.15 ASK:89.16 MID:89.155 P1:89.155 P2:89.155 P3:89.155 P4:89.15 STATE:IDLE
[2026-05-16 11:34:53Z] CHK MOM:0% RANGE:0% UP:20% SPREAD:0.01121704% BID:89.15 ASK:89.16 MID:89.155 P1:89.155 P2:89.155 P3:89.155 P4:89.155 STATE:IDLE
[2026-05-16 11:34:54Z] CHK MOM:0% RANGE:0% UP:20% SPREAD:0.01121704% BID:89.15 ASK:89.16 MID:89.155 P1:89.155 P2:89.155 P3:89.155 P4:89.155 STATE:IDLE
[2026-05-16 11:34:55Z] CHK MOM:0% RANGE:0% UP:20% SPREAD:0.01121704% BID:89.15 ASK:89.16 MID:89.155 P1:89.155 P2:89.155 P3:89.155 P4:89.155 STATE:IDLE
[2026-05-16 11:34:55Z] CHK MOM:0% RANGE:0% UP:20% SPREAD:0.01121704% BID:89.15 ASK:89.16 MID:89.155 P1:89.155 P2:89.155 P3:89.155 P4:89.155 STATE:IDLE
[2026-05-16 11:34:56Z] CHK MOM:0% RANGE:0% UP:20% SPREAD:0.01121704% BID:89.15 ASK:89.16 MID:89.155 P1:89.155 P2:89.155 P3:89.155 P4:89.155 STATE:IDLE
[2026-05-16 11:34:57Z] CHK MOM:0% RANGE:0% UP:16.66% SPREAD:0.01121704% BID:89.15 ASK:89.16 MID:89.155 P1:89.155 P2:89.155 P3:89.155 P4:89.155 STATE:IDLE
[2026-05-16 11:34:58Z] CHK MOM:0% RANGE:0% UP:16.66% SPREAD:0.01121704% BID:89.15 ASK:89.16 MID:89.155 P1:89.155 P2:89.155 P3:89.155 P4:89.155 STATE:IDLE
[2026-05-16 11:34:58Z] CHK MOM:0% RANGE:0% UP:16.66% SPREAD:0.01121704% BID:89.15 ASK:89.16 MID:89.155 P1:89.155 P2:89.155 P3:89.155 P4:89.155 STATE:IDLE
[2026-05-16 11:34:59Z] CHK MOM:0% RANGE:0% UP:16.66% SPREAD:0.01121704% BID:89.15 ASK:89.16 MID:89.155 P1:89.155 P2:89.155 P3:89.155 P4:89.155 STATE:IDLE
[2026-05-16 11:35:00Z] CHK MOM:0% RANGE:0% UP:16.66% SPREAD:0.01121704% BID:89.15 ASK:89.16 MID:89.155 P1:89.155 P2:89.155 P3:89.155 P4:89.155 STATE:IDLE
[2026-05-16 11:35:00Z] CHK MOM:0% RANGE:0% UP:14.28% SPREAD:0.01121704% BID:89.15 ASK:89.16 MID:89.155 P1:89.155 P2:89.155 P3:89.155 P4:89.155 STATE:IDLE
[2026-05-16 11:35:01Z] CHK MOM:-0.01% RANGE:0.01% UP:14.28% SPREAD:0.02243913% BID:89.13 ASK:89.15 MID:89.14 P1:89.14 P2:89.155 P3:89.155 P4:89.155 STATE:IDLE
[2026-05-16 11:35:01Z] CHK MOM:-0.01% RANGE:0.01% UP:14.28% SPREAD:0.02243913% BID:89.13 ASK:89.15 MID:89.14 P1:89.14 P2:89.155 P3:89.155 P4:89.155 STATE:IDLE
[2026-05-16 11:35:02Z] CHK MOM:-0.01% RANGE:0.01% UP:14.28% SPREAD:0.02243913% BID:89.13 ASK:89.15 MID:89.14 P1:89.14 P2:89.155 P3:89.155 P4:89.155 STATE:IDLE
[2026-05-16 11:35:02Z] CHK MOM:-0.01% RANGE:0.01% UP:14.28% SPREAD:0.02243913% BID:89.13 ASK:89.15 MID:89.14 P1:89.14 P2:89.155 P3:89.155 P4:89.155 STATE:IDLE
[2026-05-16 11:35:03Z] CHK MOM:-0.01% RANGE:0.01% UP:14.28% SPREAD:0.02243913% BID:89.13 ASK:89.15 MID:89.14 P1:89.14 P2:89.155 P3:89.155 P4:89.155 STATE:IDLE
[2026-05-16 11:35:03Z] CHK MOM:-0.01% RANGE:0.01% UP:14.28% SPREAD:0.02243913% BID:89.13 ASK:89.15 MID:89.14 P1:89.14 P2:89.155 P3:89.155 P4:89.155 STATE:IDLE
[2026-05-16 11:35:09Z] CHK MOM:-0.01% RANGE:0.01% UP:33.33% SPREAD:0.0112183% BID:89.14 ASK:89.15 MID:89.145 P1:89.145 P2:89.14 P3:89.155 P4:89.155 STATE:IDLE
[2026-05-16 11:35:10Z] CHK MOM:-0.01% RANGE:0.01% UP:33.33% SPREAD:0.0112183% BID:89.14 ASK:89.15 MID:89.145 P1:89.145 P2:89.145 P3:89.14 P4:89.155 STATE:IDLE
[2026-05-16 11:35:10Z] CHK MOM:-0.01% RANGE:0.01% UP:33.33% SPREAD:0.0112183% BID:89.14 ASK:89.15 MID:89.145 P1:89.145 P2:89.145 P3:89.14 P4:89.155 STATE:IDLE
[2026-05-16 11:35:11Z] CHK MOM:-0.01% RANGE:0.01% UP:33.33% SPREAD:0.0112183% BID:89.14 ASK:89.15 MID:89.145 P1:89.145 P2:89.145 P3:89.14 P4:89.155 STATE:IDLE
[2026-05-16 11:35:11Z] CHK MOM:-0.01% RANGE:0.01% UP:33.33% SPREAD:0.0112183% BID:89.14 ASK:89.15 MID:89.145 P1:89.145 P2:89.145 P3:89.14 P4:89.155 STATE:IDLE
[2026-05-16 11:35:12Z] CHK MOM:-0.01% RANGE:0.01% UP:33.33% SPREAD:0.0112183% BID:89.14 ASK:89.15 MID:89.145 P1:89.145 P2:89.145 P3:89.14 P4:89.155 STATE:IDLE
[2026-05-16 11:35:14Z] CHK MOM:0.02% RANGE:0.02% UP:50% SPREAD:0.01121579% BID:89.16 ASK:89.17 MID:89.16499999 P1:89.16499999 P2:89.145 P3:89.145 P4:89.14 STATE:IDLE
[2026-05-16 11:35:15Z] CHK MOM:0.02% RANGE:0.02% UP:50% SPREAD:0.01121579% BID:89.16 ASK:89.17 MID:89.16499999 P1:89.16499999 P2:89.145 P3:89.145 P4:89.14 STATE:IDLE
[2026-05-16 11:35:15Z] CHK MOM:0.02% RANGE:0.02% UP:66.66% SPREAD:0.02243158% BID:89.16 ASK:89.18 MID:89.17 P1:89.17 P2:89.16499999 P3:89.145 P4:89.145 STATE:IDLE
[2026-05-16 11:35:16Z] CHK MOM:0.02% RANGE:0.02% UP:66.66% SPREAD:0.02243158% BID:89.16 ASK:89.18 MID:89.17 P1:89.17 P2:89.16499999 P3:89.145 P4:89.145 STATE:IDLE
[2026-05-16 11:35:16Z] CHK MOM:0.02% RANGE:0.02% UP:66.66% SPREAD:0.02243158% BID:89.16 ASK:89.18 MID:89.17 P1:89.17 P2:89.16499999 P3:89.145 P4:89.145 STATE:IDLE
[2026-05-16 11:35:17Z] CHK MOM:0.02% RANGE:0.02% UP:66.66% SPREAD:0.02243158% BID:89.16 ASK:89.18 MID:89.17 P1:89.17 P2:89.16499999 P3:89.145 P4:89.145 STATE:IDLE
[2026-05-16 11:35:17Z] CHK MOM:0.04% RANGE:0.04% UP:75% SPREAD:0.01121327% BID:89.18 ASK:89.19 MID:89.185 P1:89.185 P2:89.17 P3:89.16499999 P4:89.145 STATE:IDLE
[2026-05-16 11:35:18Z] CHK MOM:0.04% RANGE:0.04% UP:75% SPREAD:0.01121327% BID:89.18 ASK:89.19 MID:89.185 P1:89.185 P2:89.17 P3:89.16499999 P4:89.145 STATE:IDLE
[2026-05-16 11:35:18Z] CHK MOM:0.04% RANGE:0.04% UP:75% SPREAD:0.01121327% BID:89.18 ASK:89.19 MID:89.185 P1:89.185 P2:89.17 P3:89.16499999 P4:89.145 STATE:IDLE
[2026-05-16 11:35:19Z] CHK MOM:0.04% RANGE:0.04% UP:75% SPREAD:0.01121327% BID:89.18 ASK:89.19 MID:89.185 P1:89.185 P2:89.17 P3:89.16499999 P4:89.145 STATE:IDLE
[2026-05-16 11:35:19Z] CHK MOM:0.04% RANGE:0.04% UP:75% SPREAD:0.01121327% BID:89.18 ASK:89.19 MID:89.185 P1:89.185 P2:89.17 P3:89.16499999 P4:89.145 STATE:IDLE
[2026-05-16 11:35:20Z] CHK MOM:0.04% RANGE:0.04% UP:75% SPREAD:0.01121327% BID:89.18 ASK:89.19 MID:89.185 P1:89.185 P2:89.17 P3:89.16499999 P4:89.145 STATE:IDLE
[2026-05-16 11:35:21Z] CHK MOM:0.02% RANGE:0.02% UP:66.66% SPREAD:0.01121327% BID:89.18 ASK:89.19 MID:89.185 P1:89.185 P2:89.185 P3:89.17 P4:89.16499999 STATE:IDLE
[2026-05-16 11:35:22Z] CHK MOM:0.02% RANGE:0.02% UP:66.66% SPREAD:0.01121327% BID:89.18 ASK:89.19 MID:89.185 P1:89.185 P2:89.185 P3:89.17 P4:89.16499999 STATE:IDLE
[2026-05-16 11:35:22Z] CHK MOM:0.02% RANGE:0.02% UP:66.66% SPREAD:0.01121327% BID:89.18 ASK:89.19 MID:89.185 P1:89.185 P2:89.185 P3:89.17 P4:89.16499999 STATE:IDLE
[2026-05-16 11:35:23Z] CHK MOM:0.02% RANGE:0.02% UP:66.66% SPREAD:0.01121327% BID:89.18 ASK:89.19 MID:89.185 P1:89.185 P2:89.185 P3:89.17 P4:89.16499999 STATE:IDLE
[2026-05-16 11:35:23Z] CHK MOM:0.02% RANGE:0.02% UP:66.66% SPREAD:0.01121327% BID:89.18 ASK:89.19 MID:89.185 P1:89.185 P2:89.185 P3:89.17 P4:89.16499999 STATE:IDLE
[2026-05-16 11:35:24Z] CHK MOM:0.02% RANGE:0.02% UP:66.66% SPREAD:0.01121327% BID:89.18 ASK:89.19 MID:89.185 P1:89.185 P2:89.185 P3:89.17 P4:89.16499999 STATE:IDLE
[2026-05-16 11:35:28Z] CHK MOM:0.01% RANGE:0.01% UP:33.33% SPREAD:0.01121327% BID:89.18 ASK:89.19 MID:89.185 P1:89.185 P2:89.185 P3:89.185 P4:89.17 STATE:IDLE
[2026-05-16 11:35:28Z] CHK MOM:0.01% RANGE:0.01% UP:33.33% SPREAD:0.01121327% BID:89.18 ASK:89.19 MID:89.185 P1:89.185 P2:89.185 P3:89.185 P4:89.17 STATE:IDLE
[2026-05-16 11:35:29Z] CHK MOM:0.01% RANGE:0.01% UP:33.33% SPREAD:0.01121327% BID:89.18 ASK:89.19 MID:89.185 P1:89.185 P2:89.185 P3:89.185 P4:89.17 STATE:IDLE
[2026-05-16 11:35:29Z] CHK MOM:0% RANGE:0% UP:0% SPREAD:0.01121327% BID:89.18 ASK:89.19 MID:89.185 P1:89.185 P2:89.185 P3:89.185 P4:89.185 STATE:IDLE
[2026-05-16 11:35:30Z] CHK MOM:0% RANGE:0% UP:0% SPREAD:0.01121327% BID:89.18 ASK:89.19 MID:89.185 P1:89.185 P2:89.185 P3:89.185 P4:89.185 STATE:IDLE
[2026-05-16 11:35:30Z] CHK MOM:0% RANGE:0% UP:0% SPREAD:0.01121327% BID:89.18 ASK:89.19 MID:89.185 P1:89.185 P2:89.185 P3:89.185 P4:89.185 STATE:IDLE
[2026-05-16 11:35:31Z] CHK MOM:0% RANGE:0% UP:0% SPREAD:0.01121327% BID:89.18 ASK:89.19 MID:89.185 P1:89.185 P2:89.185 P3:89.185 P4:89.185 STATE:IDLE
[2026-05-16 11:35:31Z] CHK MOM:0% RANGE:0% UP:0% SPREAD:0.01121327% BID:89.18 ASK:89.19 MID:89.185 P1:89.185 P2:89.185 P3:89.185 P4:89.185 STATE:IDLE
[2026-05-16 11:35:32Z] CHK MOM:0% RANGE:0% UP:33.33% SPREAD:0.02242655% BID:89.18 ASK:89.2 MID:89.19 P1:89.19 P2:89.185 P3:89.185 P4:89.185 STATE:IDLE
[2026-05-16 11:35:32Z] CHK MOM:0% RANGE:0% UP:33.33% SPREAD:0.02242655% BID:89.18 ASK:89.2 MID:89.19 P1:89.19 P2:89.185 P3:89.185 P4:89.185 STATE:IDLE
[2026-05-16 11:35:33Z] CHK MOM:0.02% RANGE:0.02% UP:50% SPREAD:0.01121076% BID:89.2 ASK:89.21 MID:89.205 P1:89.205 P2:89.19 P3:89.185 P4:89.185 STATE:IDLE
[2026-05-16 11:35:34Z] CHK MOM:0.03% RANGE:0.03% UP:75% SPREAD:0.02241901% BID:89.21 ASK:89.23 MID:89.22 P1:89.22 P2:89.205 P3:89.19 P4:89.185 STATE:IDLE
[2026-05-16 11:35:34Z] CHK MOM:0.03% RANGE:0.03% UP:75% SPREAD:0.02241901% BID:89.21 ASK:89.23 MID:89.22 P1:89.22 P2:89.205 P3:89.19 P4:89.185 STATE:IDLE
[2026-05-16 11:35:35Z] CHK MOM:0.03% RANGE:0.03% UP:75% SPREAD:0.02241901% BID:89.21 ASK:89.23 MID:89.22 P1:89.22 P2:89.205 P3:89.19 P4:89.185 STATE:IDLE
[2026-05-16 11:35:35Z] CHK MOM:0.03% RANGE:0.03% UP:60% SPREAD:0.02241901% BID:89.21 ASK:89.23 MID:89.22 P1:89.22 P2:89.22 P3:89.205 P4:89.19 STATE:IDLE
[2026-05-16 11:35:36Z] CHK MOM:0.03% RANGE:0.03% UP:50% SPREAD:0.0112095% BID:89.21 ASK:89.22 MID:89.215 P1:89.215 P2:89.22 P3:89.22 P4:89.205 STATE:IDLE
[2026-05-16 11:35:36Z] CHK MOM:0.03% RANGE:0.03% UP:50% SPREAD:0.0112095% BID:89.21 ASK:89.22 MID:89.215 P1:89.215 P2:89.22 P3:89.22 P4:89.205 STATE:IDLE
[2026-05-16 11:35:37Z] CHK MOM:0.03% RANGE:0.03% UP:50% SPREAD:0.0112095% BID:89.21 ASK:89.22 MID:89.215 P1:89.215 P2:89.22 P3:89.22 P4:89.205 STATE:IDLE
[2026-05-16 11:35:37Z] CHK MOM:0.03% RANGE:0.03% UP:50% SPREAD:0.0112095% BID:89.21 ASK:89.22 MID:89.215 P1:89.215 P2:89.22 P3:89.22 P4:89.205 STATE:IDLE
[2026-05-16 11:35:38Z] CHK MOM:0.03% RANGE:0.03% UP:50% SPREAD:0.0112095% BID:89.21 ASK:89.22 MID:89.215 P1:89.215 P2:89.22 P3:89.22 P4:89.205 STATE:IDLE
[2026-05-16 11:35:39Z] CHK MOM:0.03% RANGE:0.03% UP:50% SPREAD:0.0112095% BID:89.21 ASK:89.22 MID:89.215 P1:89.215 P2:89.22 P3:89.22 P4:89.205 STATE:IDLE
[2026-05-16 11:35:39Z] CHK MOM:0.03% RANGE:0.03% UP:66.66% SPREAD:0.02241901% BID:89.21 ASK:89.23 MID:89.22 P1:89.22 P2:89.215 P3:89.22 P4:89.22 STATE:IDLE
[2026-05-16 11:35:40Z] CHK MOM:0.03% RANGE:0.03% UP:66.66% SPREAD:0.02241901% BID:89.21 ASK:89.23 MID:89.22 P1:89.22 P2:89.215 P3:89.22 P4:89.22 STATE:IDLE
[2026-05-16 11:35:40Z] CHK MOM:0.03% RANGE:0.03% UP:66.66% SPREAD:0.02241901% BID:89.21 ASK:89.23 MID:89.22 P1:89.22 P2:89.215 P3:89.22 P4:89.22 STATE:IDLE
[2026-05-16 11:35:41Z] CHK MOM:0.03% RANGE:0.03% UP:66.66% SPREAD:0.02241901% BID:89.21 ASK:89.23 MID:89.22 P1:89.22 P2:89.215 P3:89.22 P4:89.22 STATE:IDLE
[2026-05-16 11:35:41Z] CHK MOM:0.03% RANGE:0.03% UP:57.14% SPREAD:0.02241901% BID:89.21 ASK:89.23 MID:89.22 P1:89.22 P2:89.22 P3:89.215 P4:89.22 STATE:IDLE
[2026-05-16 11:35:42Z] CHK MOM:0.03% RANGE:0.03% UP:42.85% SPREAD:0.02241901% BID:89.21 ASK:89.23 MID:89.22 P1:89.22 P2:89.22 P3:89.22 P4:89.215 STATE:IDLE
[2026-05-16 11:35:42Z] CHK MOM:0.03% RANGE:0.03% UP:37.5% SPREAD:0.02241901% BID:89.21 ASK:89.23 MID:89.22 P1:89.22 P2:89.22 P3:89.22 P4:89.22 STATE:IDLE
[2026-05-16 11:35:43Z] CHK MOM:0.03% RANGE:0.03% UP:33.33% SPREAD:0.02241901% BID:89.21 ASK:89.23 MID:89.22 P1:89.22 P2:89.22 P3:89.22 P4:89.22 STATE:IDLE
[2026-05-16 11:35:44Z] CHK MOM:0.03% RANGE:0.03% UP:33.33% SPREAD:0.02241901% BID:89.21 ASK:89.23 MID:89.22 P1:89.22 P2:89.22 P3:89.22 P4:89.22 STATE:IDLE
[2026-05-16 11:35:44Z] CHK MOM:0.03% RANGE:0.03% UP:33.33% SPREAD:0.02241901% BID:89.21 ASK:89.23 MID:89.22 P1:89.22 P2:89.22 P3:89.22 P4:89.22 STATE:IDLE
[2026-05-16 11:35:45Z] CHK MOM:0.03% RANGE:0.03% UP:33.33% SPREAD:0.02241901% BID:89.21 ASK:89.23 MID:89.22 P1:89.22 P2:89.22 P3:89.22 P4:89.22 STATE:IDLE
[2026-05-16 11:35:45Z] CHK MOM:0.03% RANGE:0.03% UP:33.33% SPREAD:0.02241901% BID:89.21 ASK:89.23 MID:89.22 P1:89.22 P2:89.22 P3:89.22 P4:89.22 STATE:IDLE
[2026-05-16 11:35:52Z] CHK MOM:0% RANGE:0% UP:20% SPREAD:0.01120824% BID:89.22 ASK:89.23 MID:89.225 P1:89.225 P2:89.22 P3:89.22 P4:89.22 STATE:IDLE
[2026-05-16 11:35:52Z] CHK MOM:0% RANGE:0% UP:20% SPREAD:0.01120824% BID:89.22 ASK:89.23 MID:89.225 P1:89.225 P2:89.22 P3:89.22 P4:89.22 STATE:IDLE
[2026-05-16 11:35:53Z] CHK MOM:0% RANGE:0% UP:20% SPREAD:0.01120824% BID:89.22 ASK:89.23 MID:89.225 P1:89.225 P2:89.22 P3:89.22 P4:89.22 STATE:IDLE
[2026-05-16 11:35:53Z] CHK MOM:0% RANGE:0% UP:20% SPREAD:0.01120824% BID:89.22 ASK:89.23 MID:89.225 P1:89.225 P2:89.22 P3:89.22 P4:89.22 STATE:IDLE
[2026-05-16 11:35:54Z] CHK MOM:0% RANGE:0% UP:20% SPREAD:0.01120824% BID:89.22 ASK:89.23 MID:89.225 P1:89.225 P2:89.22 P3:89.22 P4:89.22 STATE:IDLE
[2026-05-16 11:35:54Z] CHK MOM:0.02% RANGE:0.02% UP:100% SPREAD:0.03362097% BID:89.23 ASK:89.26 MID:89.245 P1:89.245 P2:89.225 P3:89.22 P4:89.22 STATE:IDLE
[2026-05-16 11:35:55Z] CHK MOM:0.03% RANGE:0.03% UP:100% SPREAD:0.01120448% BID:89.25 ASK:89.26 MID:89.255 P1:89.255 P2:89.245 P3:89.225 P4:89.22 STATE:IDLE
[2026-05-16 11:35:55Z] CHK MOM:0.03% RANGE:0.03% UP:100% SPREAD:0.01120448% BID:89.25 ASK:89.26 MID:89.255 P1:89.255 P2:89.245 P3:89.225 P4:89.22 STATE:IDLE
[2026-05-16 11:35:56Z] CHK MOM:0.03% RANGE:0.03% UP:100% SPREAD:0.02240896% BID:89.25 ASK:89.27 MID:89.25999999 P1:89.25999999 P2:89.255 P3:89.245 P4:89.225 STATE:IDLE
[2026-05-16 11:35:56Z] CHK MOM:0.03% RANGE:0.03% UP:100% SPREAD:0.02240896% BID:89.25 ASK:89.27 MID:89.25999999 P1:89.25999999 P2:89.255 P3:89.245 P4:89.225 STATE:IDLE
[2026-05-16 11:35:57Z] CHK MOM:0.03% RANGE:0.03% UP:75% SPREAD:0.02240896% BID:89.25 ASK:89.27 MID:89.25999999 P1:89.25999999 P2:89.25999999 P3:89.255 P4:89.245 STATE:IDLE
[2026-05-16 11:35:58Z] CHK MOM:0.05% RANGE:0.05% UP:80% SPREAD:0.01120197% BID:89.27 ASK:89.28 MID:89.275 P1:89.275 P2:89.25999999 P3:89.25999999 P4:89.255 STATE:IDLE
[2026-05-16 11:35:58Z] CHK MOM:0.05% RANGE:0.05% UP:80% SPREAD:0.01120197% BID:89.27 ASK:89.28 MID:89.275 P1:89.275 P2:89.25999999 P3:89.25999999 P4:89.255 STATE:IDLE
[2026-05-16 11:35:59Z] CHK MOM:0.05% RANGE:0.05% UP:80% SPREAD:0.01120197% BID:89.27 ASK:89.28 MID:89.275 P1:89.275 P2:89.25999999 P3:89.25999999 P4:89.255 STATE:IDLE
[2026-05-16 11:35:59Z] CHK MOM:0.05% RANGE:0.05% UP:66.66% SPREAD:0.01120197% BID:89.27 ASK:89.28 MID:89.275 P1:89.275 P2:89.275 P3:89.25999999 P4:89.25999999 STATE:IDLE
[2026-05-16 11:36:00Z] CHK MOM:0.05% RANGE:0.05% UP:66.66% SPREAD:0.01120197% BID:89.27 ASK:89.28 MID:89.275 P1:89.275 P2:89.275 P3:89.25999999 P4:89.25999999 STATE:IDLE
[2026-05-16 11:36:00Z] CHK MOM:0.05% RANGE:0.05% UP:66.66% SPREAD:0.01120197% BID:89.27 ASK:89.28 MID:89.275 P1:89.275 P2:89.275 P3:89.25999999 P4:89.25999999 STATE:IDLE
[2026-05-16 11:36:01Z] CHK MOM:0.03% RANGE:0.05% UP:57.14% SPREAD:0.02240896% BID:89.25 ASK:89.27 MID:89.25999999 P1:89.25999999 P2:89.275 P3:89.275 P4:89.25999999 STATE:IDLE
[2026-05-16 11:36:01Z] CHK MOM:0.03% RANGE:0.05% UP:57.14% SPREAD:0.02240896% BID:89.25 ASK:89.27 MID:89.25999999 P1:89.25999999 P2:89.275 P3:89.275 P4:89.25999999 STATE:IDLE
[2026-05-16 11:36:02Z] CHK MOM:0.03% RANGE:0.05% UP:57.14% SPREAD:0.02240896% BID:89.25 ASK:89.27 MID:89.25999999 P1:89.25999999 P2:89.275 P3:89.275 P4:89.25999999 STATE:IDLE
[2026-05-16 11:36:03Z] CHK MOM:0.03% RANGE:0.05% UP:50% SPREAD:0.03361721% BID:89.24 ASK:89.27 MID:89.255 P1:89.255 P2:89.25999999 P3:89.275 P4:89.275 STATE:IDLE
[2026-05-16 11:36:03Z] CHK MOM:0.01% RANGE:0.03% UP:50% SPREAD:0.02240896% BID:89.25 ASK:89.27 MID:89.25999999 P1:89.25999999 P2:89.255 P3:89.25999999 P4:89.275 STATE:IDLE
[2026-05-16 11:36:04Z] CHK MOM:0.02% RANGE:0.03% UP:55.55% SPREAD:0.02240645% BID:89.26 ASK:89.28 MID:89.27 P1:89.27 P2:89.25999999 P3:89.255 P4:89.25999999 STATE:IDLE
[2026-05-16 11:36:04Z] CHK MOM:0.02% RANGE:0.03% UP:55.55% SPREAD:0.02240645% BID:89.26 ASK:89.28 MID:89.27 P1:89.27 P2:89.25999999 P3:89.255 P4:89.25999999 STATE:IDLE
[2026-05-16 11:36:05Z] CHK MOM:0.02% RANGE:0.03% UP:55.55% SPREAD:0.02240645% BID:89.26 ASK:89.28 MID:89.27 P1:89.27 P2:89.25999999 P3:89.255 P4:89.25999999 STATE:IDLE
[2026-05-16 11:36:05Z] CHK MOM:0.02% RANGE:0.03% UP:55.55% SPREAD:0.02240645% BID:89.26 ASK:89.28 MID:89.27 P1:89.27 P2:89.25999999 P3:89.255 P4:89.25999999 STATE:IDLE
[2026-05-16 11:36:06Z] CHK MOM:0.02% RANGE:0.03% UP:55.55% SPREAD:0.02240645% BID:89.26 ASK:89.28 MID:89.27 P1:89.27 P2:89.25999999 P3:89.255 P4:89.25999999 STATE:IDLE
[2026-05-16 11:36:06Z] CHK MOM:0.02% RANGE:0.03% UP:55.55% SPREAD:0.02240645% BID:89.26 ASK:89.28 MID:89.27 P1:89.27 P2:89.25999999 P3:89.255 P4:89.25999999 STATE:IDLE
[2026-05-16 11:36:07Z] CHK MOM:0.01% RANGE:0.02% UP:44.44% SPREAD:0.02240645% BID:89.26 ASK:89.28 MID:89.27 P1:89.27 P2:89.27 P3:89.25999999 P4:89.255 STATE:IDLE
[2026-05-16 11:36:07Z] CHK MOM:0.01% RANGE:0.02% UP:44.44% SPREAD:0.01120197% BID:89.27 ASK:89.28 MID:89.275 P1:89.275 P2:89.27 P3:89.27 P4:89.25999999 STATE:IDLE
[2026-05-16 11:36:08Z] CHK MOM:0.01% RANGE:0.02% UP:44.44% SPREAD:0.01120197% BID:89.27 ASK:89.28 MID:89.275 P1:89.275 P2:89.27 P3:89.27 P4:89.25999999 STATE:IDLE
[2026-05-16 11:36:09Z] CHK MOM:0.01% RANGE:0.02% UP:44.44% SPREAD:0.01120197% BID:89.27 ASK:89.28 MID:89.275 P1:89.275 P2:89.27 P3:89.27 P4:89.25999999 STATE:IDLE
[2026-05-16 11:36:09Z] CHK MOM:0.01% RANGE:0.02% UP:44.44% SPREAD:0.01120197% BID:89.27 ASK:89.28 MID:89.275 P1:89.275 P2:89.27 P3:89.27 P4:89.25999999 STATE:IDLE
[2026-05-16 11:36:10Z] CHK MOM:0.01% RANGE:0.02% UP:44.44% SPREAD:0.01120197% BID:89.27 ASK:89.28 MID:89.275 P1:89.275 P2:89.27 P3:89.27 P4:89.25999999 STATE:IDLE
[2026-05-16 11:36:14Z] CHK MOM:0.02% RANGE:0.02% UP:60% SPREAD:0.01120197% BID:89.27 ASK:89.28 MID:89.275 P1:89.275 P2:89.275 P3:89.27 P4:89.27 STATE:IDLE
[2026-05-16 11:36:14Z] CHK MOM:0.02% RANGE:0.02% UP:60% SPREAD:0.01120197% BID:89.27 ASK:89.28 MID:89.275 P1:89.275 P2:89.275 P3:89.27 P4:89.27 STATE:IDLE
[2026-05-16 11:36:15Z] CHK MOM:0.02% RANGE:0.02% UP:60% SPREAD:0.01120197% BID:89.27 ASK:89.28 MID:89.275 P1:89.275 P2:89.275 P3:89.27 P4:89.27 STATE:IDLE
[2026-05-16 11:36:15Z] CHK MOM:0.02% RANGE:0.02% UP:60% SPREAD:0.01120197% BID:89.27 ASK:89.28 MID:89.275 P1:89.275 P2:89.275 P3:89.27 P4:89.27 STATE:IDLE
[2026-05-16 11:36:16Z] CHK MOM:0.02% RANGE:0.02% UP:60% SPREAD:0.01120197% BID:89.27 ASK:89.28 MID:89.275 P1:89.275 P2:89.275 P3:89.27 P4:89.27 STATE:IDLE
[2026-05-16 11:36:19Z] CHK MOM:0.01% RANGE:0.01% UP:50% SPREAD:0.01120071% BID:89.28 ASK:89.29 MID:89.285 P1:89.285 P2:89.275 P3:89.275 P4:89.27 STATE:IDLE
[2026-05-16 11:36:20Z] CHK MOM:0.01% RANGE:0.01% UP:50% SPREAD:0.03360591% BID:89.27 ASK:89.3 MID:89.285 P1:89.285 P2:89.285 P3:89.275 P4:89.275 STATE:IDLE
[2026-05-16 11:36:20Z] CHK MOM:0% RANGE:0.01% UP:33.33% SPREAD:0.02240394% BID:89.27 ASK:89.29 MID:89.28 P1:89.28 P2:89.285 P3:89.285 P4:89.275 STATE:IDLE
[2026-05-16 11:36:21Z] CHK MOM:0% RANGE:0.01% UP:25% SPREAD:0.02240394% BID:89.27 ASK:89.29 MID:89.28 P1:89.28 P2:89.28 P3:89.285 P4:89.285 STATE:IDLE
[2026-05-16 11:36:21Z] CHK MOM:0.01% RANGE:0.01% UP:40% SPREAD:0.01120071% BID:89.28 ASK:89.29 MID:89.285 P1:89.285 P2:89.28 P3:89.28 P4:89.285 STATE:IDLE
[2026-05-16 11:36:22Z] CHK MOM:0.01% RANGE:0.01% UP:40% SPREAD:0.01120071% BID:89.28 ASK:89.29 MID:89.285 P1:89.285 P2:89.28 P3:89.28 P4:89.285 STATE:IDLE
[2026-05-16 11:36:22Z] CHK MOM:0.01% RANGE:0.01% UP:50% SPREAD:0.02240143% BID:89.28 ASK:89.3 MID:89.28999999 P1:89.28999999 P2:89.285 P3:89.28 P4:89.28 STATE:IDLE
[2026-05-16 11:36:23Z] CHK MOM:0.01% RANGE:0.01% UP:42.85% SPREAD:0.02240143% BID:89.28 ASK:89.3 MID:89.28999999 P1:89.28999999 P2:89.28999999 P3:89.285 P4:89.28 STATE:IDLE
[2026-05-16 11:36:23Z] CHK MOM:0.01% RANGE:0.01% UP:42.85% SPREAD:0.02240143% BID:89.28 ASK:89.3 MID:89.28999999 P1:89.28999999 P2:89.28999999 P3:89.285 P4:89.28 STATE:IDLE
[2026-05-16 11:36:24Z] CHK MOM:0.01% RANGE:0.01% UP:37.5% SPREAD:0.01120071% BID:89.28 ASK:89.29 MID:89.285 P1:89.285 P2:89.28999999 P3:89.28999999 P4:89.285 STATE:IDLE
[2026-05-16 11:36:25Z] CHK MOM:0.01% RANGE:0.01% UP:37.5% SPREAD:0.01120071% BID:89.28 ASK:89.29 MID:89.285 P1:89.285 P2:89.28999999 P3:89.28999999 P4:89.285 STATE:IDLE
[2026-05-16 11:36:25Z] CHK MOM:0.01% RANGE:0.01% UP:37.5% SPREAD:0.01120071% BID:89.28 ASK:89.29 MID:89.285 P1:89.285 P2:89.28999999 P3:89.28999999 P4:89.285 STATE:IDLE
[2026-05-16 11:36:26Z] CHK MOM:0% RANGE:0.01% UP:37.5% SPREAD:0.02240143% BID:89.28 ASK:89.3 MID:89.28999999 P1:89.28999999 P2:89.285 P3:89.28999999 P4:89.28999999 STATE:IDLE
[2026-05-16 11:36:26Z] CHK MOM:0% RANGE:0.01% UP:37.5% SPREAD:0.02240143% BID:89.28 ASK:89.3 MID:89.28999999 P1:89.28999999 P2:89.285 P3:89.28999999 P4:89.28999999 STATE:IDLE
[2026-05-16 11:36:27Z] CHK MOM:0% RANGE:0.01% UP:37.5% SPREAD:0.02240143% BID:89.28 ASK:89.3 MID:89.28999999 P1:89.28999999 P2:89.285 P3:89.28999999 P4:89.28999999 STATE:IDLE
[2026-05-16 11:36:27Z] CHK MOM:0% RANGE:0.01% UP:33.33% SPREAD:0.02240143% BID:89.28 ASK:89.3 MID:89.28999999 P1:89.28999999 P2:89.28999999 P3:89.285 P4:89.28999999 STATE:IDLE
[2026-05-16 11:36:28Z] CHK MOM:0% RANGE:0.01% UP:33.33% SPREAD:0.02240143% BID:89.28 ASK:89.3 MID:89.28999999 P1:89.28999999 P2:89.28999999 P3:89.285 P4:89.28999999 STATE:IDLE
[2026-05-16 11:36:28Z] CHK MOM:0% RANGE:0.01% UP:30% SPREAD:0.01120071% BID:89.28 ASK:89.29 MID:89.285 P1:89.285 P2:89.28999999 P3:89.28999999 P4:89.285 STATE:IDLE
[2026-05-16 11:36:29Z] CHK MOM:0% RANGE:0.01% UP:30% SPREAD:0.01120071% BID:89.28 ASK:89.29 MID:89.285 P1:89.285 P2:89.28999999 P3:89.28999999 P4:89.285 STATE:IDLE
[2026-05-16 11:36:30Z] CHK MOM:0% RANGE:0.01% UP:36.36% SPREAD:0.02240143% BID:89.28 ASK:89.3 MID:89.28999999 P1:89.28999999 P2:89.285 P3:89.28999999 P4:89.28999999 STATE:IDLE
[2026-05-16 11:36:30Z] CHK MOM:0% RANGE:0.01% UP:33.33% SPREAD:0.02240143% BID:89.28 ASK:89.3 MID:89.28999999 P1:89.28999999 P2:89.28999999 P3:89.285 P4:89.28999999 STATE:IDLE
[2026-05-16 11:36:31Z] CHK MOM:0% RANGE:0.01% UP:30.76% SPREAD:0.01120071% BID:89.28 ASK:89.29 MID:89.285 P1:89.285 P2:89.28999999 P3:89.28999999 P4:89.285 STATE:IDLE
[2026-05-16 11:36:31Z] CHK MOM:0% RANGE:0.01% UP:38.46% SPREAD:0.02240143% BID:89.28 ASK:89.3 MID:89.28999999 P1:89.28999999 P2:89.285 P3:89.28999999 P4:89.28999999 STATE:IDLE
[2026-05-16 11:36:32Z] CHK MOM:0% RANGE:0.01% UP:38.46% SPREAD:0.02240143% BID:89.28 ASK:89.3 MID:89.28999999 P1:89.28999999 P2:89.285 P3:89.28999999 P4:89.28999999 STATE:IDLE
[2026-05-16 11:36:32Z] CHK MOM:0% RANGE:0.01% UP:38.46% SPREAD:0.02240143% BID:89.28 ASK:89.3 MID:89.28999999 P1:89.28999999 P2:89.285 P3:89.28999999 P4:89.28999999 STATE:IDLE
[2026-05-16 11:36:33Z] CHK MOM:0% RANGE:0% UP:36.36% SPREAD:0.01120071% BID:89.28 ASK:89.29 MID:89.285 P1:89.285 P2:89.28999999 P3:89.285 P4:89.28999999 STATE:IDLE
[2026-05-16 11:36:33Z] CHK MOM:0% RANGE:0% UP:33.33% SPREAD:0.01120071% BID:89.28 ASK:89.29 MID:89.285 P1:89.285 P2:89.285 P3:89.28999999 P4:89.285 STATE:IDLE
[2026-05-16 11:36:34Z] CHK MOM:0% RANGE:0% UP:33.33% SPREAD:0.01120071% BID:89.28 ASK:89.29 MID:89.285 P1:89.285 P2:89.285 P3:89.28999999 P4:89.285 STATE:IDLE
[2026-05-16 11:36:35Z] CHK MOM:0% RANGE:0% UP:33.33% SPREAD:0.01120071% BID:89.28 ASK:89.29 MID:89.285 P1:89.285 P2:89.285 P3:89.28999999 P4:89.285 STATE:IDLE
[2026-05-16 11:36:35Z] CHK MOM:0% RANGE:0% UP:40% SPREAD:0.02240143% BID:89.28 ASK:89.3 MID:89.28999999 P1:89.28999999 P2:89.285 P3:89.285 P4:89.28999999 STATE:IDLE
[2026-05-16 11:36:36Z] CHK MOM:0% RANGE:0% UP:30% SPREAD:0.01120071% BID:89.28 ASK:89.29 MID:89.285 P1:89.285 P2:89.28999999 P3:89.285 P4:89.285 STATE:IDLE
[2026-05-16 11:36:36Z] CHK MOM:0% RANGE:0% UP:27.27% SPREAD:0.01120071% BID:89.28 ASK:89.29 MID:89.285 P1:89.285 P2:89.285 P3:89.28999999 P4:89.285 STATE:IDLE
[2026-05-16 11:36:37Z] CHK MOM:-0.02% RANGE:0.02% UP:25% SPREAD:0.02240645% BID:89.26 ASK:89.28 MID:89.27 P1:89.27 P2:89.285 P3:89.285 P4:89.28999999 STATE:IDLE
[2026-05-16 11:36:37Z] CHK MOM:-0.02% RANGE:0.02% UP:25% SPREAD:0.02240645% BID:89.26 ASK:89.28 MID:89.27 P1:89.27 P2:89.285 P3:89.285 P4:89.28999999 STATE:IDLE
[2026-05-16 11:36:38Z] CHK MOM:-0.02% RANGE:0.02% UP:25% SPREAD:0.02240645% BID:89.26 ASK:89.28 MID:89.27 P1:89.27 P2:89.285 P3:89.285 P4:89.28999999 STATE:IDLE
[2026-05-16 11:36:38Z] CHK MOM:-0.02% RANGE:0.02% UP:25% SPREAD:0.02240645% BID:89.26 ASK:89.28 MID:89.27 P1:89.27 P2:89.285 P3:89.285 P4:89.28999999 STATE:IDLE
[2026-05-16 11:36:39Z] CHK MOM:-0.02% RANGE:0.02% UP:25% SPREAD:0.01120322% BID:89.26 ASK:89.27 MID:89.265 P1:89.265 P2:89.27 P3:89.285 P4:89.285 STATE:IDLE
[2026-05-16 11:36:39Z] CHK MOM:-0.02% RANGE:0.03% UP:25% SPREAD:0.02240896% BID:89.25 ASK:89.27 MID:89.25999999 P1:89.25999999 P2:89.265 P3:89.27 P4:89.285 STATE:IDLE
[2026-05-16 11:36:40Z] CHK MOM:-0.02% RANGE:0.03% UP:30.76% SPREAD:0.03361344% BID:89.25 ASK:89.28 MID:89.265 P1:89.265 P2:89.25999999 P3:89.265 P4:89.27 STATE:IDLE
[2026-05-16 11:36:41Z] CHK MOM:-0.01% RANGE:0.03% UP:35.71% SPREAD:0.02240645% BID:89.26 ASK:89.28 MID:89.27 P1:89.27 P2:89.265 P3:89.25999999 P4:89.265 STATE:IDLE
[2026-05-16 11:36:41Z] CHK MOM:-0.01% RANGE:0.03% UP:35.71% SPREAD:0.02240645% BID:89.26 ASK:89.28 MID:89.27 P1:89.27 P2:89.265 P3:89.25999999 P4:89.265 STATE:IDLE
[2026-05-16 11:36:42Z] CHK MOM:-0.01% RANGE:0.03% UP:35.71% SPREAD:0.02240645% BID:89.26 ASK:89.28 MID:89.27 P1:89.27 P2:89.265 P3:89.25999999 P4:89.265 STATE:IDLE
[2026-05-16 11:36:42Z] CHK MOM:-0.01% RANGE:0.03% UP:35.71% SPREAD:0.02240645% BID:89.26 ASK:89.28 MID:89.27 P1:89.27 P2:89.265 P3:89.25999999 P4:89.265 STATE:IDLE
[2026-05-16 11:36:43Z] CHK MOM:-0.01% RANGE:0.03% UP:35.71% SPREAD:0.02240645% BID:89.26 ASK:89.28 MID:89.27 P1:89.27 P2:89.265 P3:89.25999999 P4:89.265 STATE:IDLE
[2026-05-16 11:36:45Z] CHK MOM:-0.03% RANGE:0.03% UP:33.33% SPREAD:0.05603496% BID:89.23 ASK:89.28 MID:89.255 P1:89.255 P2:89.27 P3:89.265 P4:89.25999999 STATE:IDLE
[2026-05-16 11:36:45Z] TOKEN_SWITCH old=AAVEUSDC new=UNIUSDC source=.service.env
[2026-05-16 15:13:10Z] SESSION_START symbol=AAVEUSDC dry_run=0 profile=major strategy=momentum base_url=https://api.binance.com
[2026-05-16 15:13:10Z] TOXIC_MEMORY_LOADED count=1 symbols=ORDIUSDC
[2026-05-16 15:13:12Z] CHK MOM:0% RANGE:0% UP:0% SPREAD:0.01110124% BID:90.08 ASK:90.09 MID:90.085 P1:90.085 P2:NA P3:NA P4:NA STATE:IDLE
[2026-05-16 15:13:12Z] CHK MOM:0.01% RANGE:0.01% UP:100% SPREAD:0.01110001% BID:90.09 ASK:90.1 MID:90.095 P1:90.095 P2:90.085 P3:NA P4:NA STATE:IDLE
[2026-05-16 15:13:13Z] CHK MOM:0.01% RANGE:0.01% UP:50% SPREAD:0.01110001% BID:90.09 ASK:90.1 MID:90.095 P1:90.095 P2:90.095 P3:90.085 P4:NA STATE:IDLE
[2026-05-16 15:13:13Z] CHK MOM:0.01% RANGE:0.01% UP:50% SPREAD:0.01110001% BID:90.09 ASK:90.1 MID:90.095 P1:90.095 P2:90.095 P3:90.085 P4:NA STATE:IDLE
[2026-05-16 15:13:14Z] CHK MOM:0.01% RANGE:0.01% UP:50% SPREAD:0.01110001% BID:90.09 ASK:90.1 MID:90.095 P1:90.095 P2:90.095 P3:90.085 P4:NA STATE:IDLE
[2026-05-16 15:13:14Z] CHK MOM:0.01% RANGE:0.01% UP:50% SPREAD:0.01110001% BID:90.09 ASK:90.1 MID:90.095 P1:90.095 P2:90.095 P3:90.085 P4:NA STATE:IDLE
[2026-05-16 15:13:15Z] CHK MOM:0.01% RANGE:0.01% UP:50% SPREAD:0.01110001% BID:90.09 ASK:90.1 MID:90.095 P1:90.095 P2:90.095 P3:90.085 P4:NA STATE:IDLE
[2026-05-16 15:13:15Z] CHK MOM:0.01% RANGE:0.01% UP:50% SPREAD:0.01110001% BID:90.09 ASK:90.1 MID:90.095 P1:90.095 P2:90.095 P3:90.085 P4:NA STATE:IDLE
[2026-05-16 15:13:18Z] CHK MOM:0.01% RANGE:0.01% UP:66.66% SPREAD:0.02220002% BID:90.09 ASK:90.11 MID:90.1 P1:90.1 P2:90.095 P3:90.095 P4:90.085 STATE:IDLE
[2026-05-16 15:13:19Z] CHK MOM:0.01% RANGE:0.01% UP:50% SPREAD:0.02220002% BID:90.09 ASK:90.11 MID:90.1 P1:90.1 P2:90.1 P3:90.095 P4:90.095 STATE:IDLE
[2026-05-16 15:13:19Z] CHK MOM:0.01% RANGE:0.01% UP:50% SPREAD:0.02220002% BID:90.09 ASK:90.11 MID:90.1 P1:90.1 P2:90.1 P3:90.095 P4:90.095 STATE:IDLE
[2026-05-16 15:13:20Z] CHK MOM:0.01% RANGE:0.01% UP:50% SPREAD:0.02220002% BID:90.09 ASK:90.11 MID:90.1 P1:90.1 P2:90.1 P3:90.095 P4:90.095 STATE:IDLE
[2026-05-16 15:13:20Z] CHK MOM:0.01% RANGE:0.01% UP:50% SPREAD:0.02220002% BID:90.09 ASK:90.11 MID:90.1 P1:90.1 P2:90.1 P3:90.095 P4:90.095 STATE:IDLE
[2026-05-16 15:13:21Z] CHK MOM:0.01% RANGE:0.01% UP:50% SPREAD:0.02220002% BID:90.09 ASK:90.11 MID:90.1 P1:90.1 P2:90.1 P3:90.095 P4:90.095 STATE:IDLE
[2026-05-16 15:13:24Z] CHK MOM:0.01% RANGE:0.01% UP:40% SPREAD:0.01110001% BID:90.09 ASK:90.1 MID:90.095 P1:90.095 P2:90.1 P3:90.1 P4:90.095 STATE:IDLE
[2026-05-16 15:13:24Z] CHK MOM:0.01% RANGE:0.01% UP:40% SPREAD:0.01110001% BID:90.09 ASK:90.1 MID:90.095 P1:90.095 P2:90.1 P3:90.1 P4:90.095 STATE:IDLE
[2026-05-16 15:13:25Z] CHK MOM:0.01% RANGE:0.01% UP:40% SPREAD:0.01110001% BID:90.09 ASK:90.1 MID:90.095 P1:90.095 P2:90.1 P3:90.1 P4:90.095 STATE:IDLE
[2026-05-16 15:13:25Z] CHK MOM:0.01% RANGE:0.01% UP:40% SPREAD:0.01110001% BID:90.09 ASK:90.1 MID:90.095 P1:90.095 P2:90.1 P3:90.1 P4:90.095 STATE:IDLE
[2026-05-16 15:13:26Z] CHK MOM:0.01% RANGE:0.01% UP:40% SPREAD:0.01110001% BID:90.09 ASK:90.1 MID:90.095 P1:90.095 P2:90.1 P3:90.1 P4:90.095 STATE:IDLE
[2026-05-16 15:13:27Z] CHK MOM:0% RANGE:0% UP:33.33% SPREAD:0.02220002% BID:90.09 ASK:90.11 MID:90.1 P1:90.1 P2:90.095 P3:90.1 P4:90.1 STATE:IDLE
[2026-05-16 15:13:27Z] CHK MOM:0% RANGE:0% UP:33.33% SPREAD:0.02220002% BID:90.09 ASK:90.11 MID:90.1 P1:90.1 P2:90.095 P3:90.1 P4:90.1 STATE:IDLE
[2026-05-16 15:13:28Z] CHK MOM:0% RANGE:0% UP:33.33% SPREAD:0.02220002% BID:90.09 ASK:90.11 MID:90.1 P1:90.1 P2:90.095 P3:90.1 P4:90.1 STATE:IDLE
[2026-05-16 15:13:28Z] CHK MOM:0% RANGE:0.01% UP:50% SPREAD:0.01109877% BID:90.1 ASK:90.11 MID:90.10499999 P1:90.10499999 P2:90.1 P3:90.095 P4:90.1 STATE:IDLE
[2026-05-16 15:13:29Z] CHK MOM:0% RANGE:0.01% UP:40% SPREAD:0.01109877% BID:90.1 ASK:90.11 MID:90.10499999 P1:90.10499999 P2:90.10499999 P3:90.1 P4:90.095 STATE:IDLE
[2026-05-16 15:13:30Z] CHK MOM:0% RANGE:0.01% UP:33.33% SPREAD:0.01109877% BID:90.1 ASK:90.11 MID:90.10499999 P1:90.10499999 P2:90.10499999 P3:90.10499999 P4:90.1 STATE:IDLE
[2026-05-16 15:13:30Z] CHK MOM:0.01% RANGE:0.01% UP:40% SPREAD:0.01109877% BID:90.1 ASK:90.11 MID:90.10499999 P1:90.10499999 P2:90.10499999 P3:90.10499999 P4:90.10499999 STATE:IDLE
[2026-05-16 15:13:31Z] CHK MOM:0.01% RANGE:0.01% UP:40% SPREAD:0.01109877% BID:90.1 ASK:90.11 MID:90.10499999 P1:90.10499999 P2:90.10499999 P3:90.10499999 P4:90.10499999 STATE:IDLE
[2026-05-16 15:13:31Z] CHK MOM:0.01% RANGE:0.01% UP:33.33% SPREAD:0.01109877% BID:90.1 ASK:90.11 MID:90.10499999 P1:90.10499999 P2:90.10499999 P3:90.10499999 P4:90.10499999 STATE:IDLE
[2026-05-16 15:13:32Z] CHK MOM:0.01% RANGE:0.01% UP:33.33% SPREAD:0.01109877% BID:90.1 ASK:90.11 MID:90.10499999 P1:90.10499999 P2:90.10499999 P3:90.10499999 P4:90.10499999 STATE:IDLE
[2026-05-16 15:13:32Z] CHK MOM:0.01% RANGE:0.01% UP:33.33% SPREAD:0.01109877% BID:90.1 ASK:90.11 MID:90.10499999 P1:90.10499999 P2:90.10499999 P3:90.10499999 P4:90.10499999 STATE:IDLE
[2026-05-16 15:13:33Z] CHK MOM:0.01% RANGE:0.01% UP:33.33% SPREAD:0.01109877% BID:90.1 ASK:90.11 MID:90.10499999 P1:90.10499999 P2:90.10499999 P3:90.10499999 P4:90.10499999 STATE:IDLE
[2026-05-16 15:13:33Z] CHK MOM:0.01% RANGE:0.01% UP:33.33% SPREAD:0.01109877% BID:90.1 ASK:90.11 MID:90.10499999 P1:90.10499999 P2:90.10499999 P3:90.10499999 P4:90.10499999 STATE:IDLE
[2026-05-16 15:13:34Z] CHK MOM:0.01% RANGE:0.01% UP:33.33% SPREAD:0.01109877% BID:90.1 ASK:90.11 MID:90.10499999 P1:90.10499999 P2:90.10499999 P3:90.10499999 P4:90.10499999 STATE:IDLE
[2026-05-16 15:13:35Z] CHK MOM:0% RANGE:0.01% UP:28.57% SPREAD:0.02220002% BID:90.09 ASK:90.11 MID:90.1 P1:90.1 P2:90.10499999 P3:90.10499999 P4:90.10499999 STATE:IDLE
[2026-05-16 15:13:35Z] CHK MOM:0% RANGE:0.01% UP:28.57% SPREAD:0.02220002% BID:90.09 ASK:90.11 MID:90.1 P1:90.1 P2:90.10499999 P3:90.10499999 P4:90.10499999 STATE:IDLE
[2026-05-16 15:13:36Z] CHK MOM:0% RANGE:0.01% UP:28.57% SPREAD:0.02220002% BID:90.09 ASK:90.11 MID:90.1 P1:90.1 P2:90.10499999 P3:90.10499999 P4:90.10499999 STATE:IDLE
[2026-05-16 15:13:36Z] CHK MOM:0% RANGE:0.01% UP:28.57% SPREAD:0.02220002% BID:90.09 ASK:90.11 MID:90.1 P1:90.1 P2:90.10499999 P3:90.10499999 P4:90.10499999 STATE:IDLE
[2026-05-16 15:13:37Z] CHK MOM:0% RANGE:0.01% UP:28.57% SPREAD:0.02220002% BID:90.09 ASK:90.11 MID:90.1 P1:90.1 P2:90.10499999 P3:90.10499999 P4:90.10499999 STATE:IDLE
[2026-05-16 15:13:49Z] CHK MOM:0% RANGE:0% UP:0% SPREAD:0.02220002% BID:90.09 ASK:90.11 MID:90.1 P1:90.1 P2:90.1 P3:90.10499999 P4:90.10499999 STATE:IDLE
[2026-05-16 15:13:49Z] CHK MOM:0% RANGE:0% UP:0% SPREAD:0.02220002% BID:90.09 ASK:90.11 MID:90.1 P1:90.1 P2:90.1 P3:90.10499999 P4:90.10499999 STATE:IDLE
[2026-05-16 15:13:50Z] CHK MOM:0% RANGE:0% UP:0% SPREAD:0.02220002% BID:90.09 ASK:90.11 MID:90.1 P1:90.1 P2:90.1 P3:90.10499999 P4:90.10499999 STATE:IDLE
[2026-05-16 15:13:50Z] CHK MOM:0% RANGE:0% UP:0% SPREAD:0.02220002% BID:90.09 ASK:90.11 MID:90.1 P1:90.1 P2:90.1 P3:90.10499999 P4:90.10499999 STATE:IDLE
[2026-05-16 15:13:51Z] CHK MOM:0% RANGE:0% UP:0% SPREAD:0.01110001% BID:90.09 ASK:90.1 MID:90.095 P1:90.095 P2:90.1 P3:90.1 P4:90.10499999 STATE:IDLE
[2026-05-16 15:13:51Z] CHK MOM:0% RANGE:0% UP:0% SPREAD:0.01110001% BID:90.09 ASK:90.1 MID:90.095 P1:90.095 P2:90.1 P3:90.1 P4:90.10499999 STATE:IDLE
[2026-05-16 15:13:52Z] CHK MOM:0% RANGE:0% UP:0% SPREAD:0.01110001% BID:90.09 ASK:90.1 MID:90.095 P1:90.095 P2:90.1 P3:90.1 P4:90.10499999 STATE:IDLE
[2026-05-16 15:13:52Z] CHK MOM:0% RANGE:0% UP:0% SPREAD:0.01110001% BID:90.09 ASK:90.1 MID:90.095 P1:90.095 P2:90.095 P3:90.1 P4:90.1 STATE:IDLE
[2026-05-16 15:13:53Z] CHK MOM:0% RANGE:0% UP:0% SPREAD:0.01110001% BID:90.09 ASK:90.1 MID:90.095 P1:90.095 P2:90.095 P3:90.1 P4:90.1 STATE:IDLE
[2026-05-16 15:13:54Z] CHK MOM:0% RANGE:0% UP:0% SPREAD:0.01110001% BID:90.09 ASK:90.1 MID:90.095 P1:90.095 P2:90.095 P3:90.095 P4:90.1 STATE:IDLE
[2026-05-16 15:13:54Z] CHK MOM:0% RANGE:0% UP:0% SPREAD:0.01110001% BID:90.09 ASK:90.1 MID:90.095 P1:90.095 P2:90.095 P3:90.095 P4:90.1 STATE:IDLE
[2026-05-16 15:13:55Z] CHK MOM:0% RANGE:0% UP:0% SPREAD:0.01110001% BID:90.09 ASK:90.1 MID:90.095 P1:90.095 P2:90.095 P3:90.095 P4:90.1 STATE:IDLE
[2026-05-16 15:13:55Z] CHK MOM:0% RANGE:0% UP:0% SPREAD:0.01110001% BID:90.09 ASK:90.1 MID:90.095 P1:90.095 P2:90.095 P3:90.095 P4:90.1 STATE:IDLE
[2026-05-16 15:13:56Z] CHK MOM:0% RANGE:0% UP:0% SPREAD:0.01110001% BID:90.09 ASK:90.1 MID:90.095 P1:90.095 P2:90.095 P3:90.095 P4:90.1 STATE:IDLE
[2026-05-16 15:13:59Z] CHK MOM:0% RANGE:0% UP:0% SPREAD:0.01110001% BID:90.09 ASK:90.1 MID:90.095 P1:90.095 P2:90.095 P3:90.095 P4:90.095 STATE:IDLE
[2026-05-16 15:13:59Z] CHK MOM:0% RANGE:0% UP:0% SPREAD:0.01110001% BID:90.09 ASK:90.1 MID:90.095 P1:90.095 P2:90.095 P3:90.095 P4:90.095 STATE:IDLE
[2026-05-16 15:14:00Z] CHK MOM:0% RANGE:0% UP:0% SPREAD:0.01110001% BID:90.09 ASK:90.1 MID:90.095 P1:90.095 P2:90.095 P3:90.095 P4:90.095 STATE:IDLE
[2026-05-16 15:14:00Z] CHK MOM:0% RANGE:0% UP:0% SPREAD:0.01110001% BID:90.09 ASK:90.1 MID:90.095 P1:90.095 P2:90.095 P3:90.095 P4:90.095 STATE:IDLE
[2026-05-16 15:14:01Z] CHK MOM:0% RANGE:0% UP:0% SPREAD:0.02220248% BID:90.08 ASK:90.1 MID:90.09 P1:90.09 P2:90.095 P3:90.095 P4:90.095 STATE:IDLE
[2026-05-16 15:14:01Z] CHK MOM:-0.01% RANGE:0.01% UP:0% SPREAD:0.03330742% BID:90.07 ASK:90.1 MID:90.085 P1:90.085 P2:90.09 P3:90.095 P4:90.095 STATE:IDLE
[2026-05-16 15:14:02Z] CHK MOM:-0.01% RANGE:0.01% UP:0% SPREAD:0.03330742% BID:90.07 ASK:90.1 MID:90.085 P1:90.085 P2:90.085 P3:90.09 P4:90.095 STATE:IDLE
[2026-05-16 15:14:02Z] CHK MOM:-0.03% RANGE:0.03% UP:0% SPREAD:0.0111037% BID:90.06 ASK:90.07 MID:90.065 P1:90.065 P2:90.085 P3:90.085 P4:90.09 STATE:IDLE
[2026-05-16 15:14:03Z] CHK MOM:-0.01% RANGE:0.03% UP:11.11% SPREAD:0.02220495% BID:90.07 ASK:90.09 MID:90.08 P1:90.08 P2:90.065 P3:90.085 P4:90.085 STATE:IDLE
[2026-05-16 15:14:04Z] CHK MOM:-0.01% RANGE:0.03% UP:20% SPREAD:0.01110124% BID:90.08 ASK:90.09 MID:90.085 P1:90.085 P2:90.08 P3:90.065 P4:90.085 STATE:IDLE
[2026-05-16 15:14:04Z] CHK MOM:-0.01% RANGE:0.03% UP:20% SPREAD:0.01110124% BID:90.08 ASK:90.09 MID:90.085 P1:90.085 P2:90.08 P3:90.065 P4:90.085 STATE:IDLE
[2026-05-16 15:14:05Z] CHK MOM:-0.01% RANGE:0.03% UP:20% SPREAD:0.01110124% BID:90.08 ASK:90.09 MID:90.085 P1:90.085 P2:90.085 P3:90.08 P4:90.065 STATE:IDLE
[2026-05-16 15:14:05Z] CHK MOM:-0.01% RANGE:0.03% UP:20% SPREAD:0.01110124% BID:90.08 ASK:90.09 MID:90.085 P1:90.085 P2:90.085 P3:90.08 P4:90.065 STATE:IDLE
[2026-05-16 15:14:06Z] CHK MOM:-0.01% RANGE:0.03% UP:20% SPREAD:0.01110124% BID:90.08 ASK:90.09 MID:90.085 P1:90.085 P2:90.085 P3:90.08 P4:90.065 STATE:IDLE
[2026-05-16 15:14:06Z] CHK MOM:-0.01% RANGE:0.03% UP:20% SPREAD:0.01110124% BID:90.08 ASK:90.09 MID:90.085 P1:90.085 P2:90.085 P3:90.085 P4:90.08 STATE:IDLE
[2026-05-16 15:14:07Z] CHK MOM:-0.03% RANGE:0.03% UP:18.18% SPREAD:0.02220988% BID:90.05 ASK:90.07 MID:90.06 P1:90.06 P2:90.085 P3:90.085 P4:90.085 STATE:IDLE
[2026-05-16 15:14:07Z] CHK MOM:-0.03% RANGE:0.03% UP:18.18% SPREAD:0.02220988% BID:90.05 ASK:90.07 MID:90.06 P1:90.06 P2:90.085 P3:90.085 P4:90.085 STATE:IDLE
[2026-05-16 15:14:08Z] CHK MOM:-0.03% RANGE:0.03% UP:18.18% SPREAD:0.02220988% BID:90.05 ASK:90.07 MID:90.06 P1:90.06 P2:90.085 P3:90.085 P4:90.085 STATE:IDLE
[2026-05-16 15:14:08Z] CHK MOM:-0.03% RANGE:0.03% UP:18.18% SPREAD:0.02220988% BID:90.05 ASK:90.07 MID:90.06 P1:90.06 P2:90.085 P3:90.085 P4:90.085 STATE:IDLE
[2026-05-16 15:14:09Z] CHK MOM:-0.02% RANGE:0.03% UP:25% SPREAD:0.02220741% BID:90.06 ASK:90.08 MID:90.07 P1:90.07 P2:90.06 P3:90.085 P4:90.085 STATE:IDLE
[2026-05-16 15:14:10Z] CHK MOM:-0.02% RANGE:0.03% UP:30.76% SPREAD:0.01110247% BID:90.07 ASK:90.08 MID:90.07499999 P1:90.07499999 P2:90.07 P3:90.06 P4:90.085 STATE:IDLE
[2026-05-16 15:14:10Z] CHK MOM:-0.02% RANGE:0.03% UP:30.76% SPREAD:0.01110247% BID:90.07 ASK:90.08 MID:90.07499999 P1:90.07499999 P2:90.07 P3:90.06 P4:90.085 STATE:IDLE
[2026-05-16 15:14:11Z] CHK MOM:-0.02% RANGE:0.03% UP:30.76% SPREAD:0.01110247% BID:90.07 ASK:90.08 MID:90.07499999 P1:90.07499999 P2:90.07 P3:90.06 P4:90.085 STATE:IDLE
[2026-05-16 15:14:11Z] CHK MOM:-0.02% RANGE:0.03% UP:30.76% SPREAD:0.01110247% BID:90.07 ASK:90.08 MID:90.07499999 P1:90.07499999 P2:90.07 P3:90.06 P4:90.085 STATE:IDLE
[2026-05-16 15:14:12Z] CHK MOM:-0.02% RANGE:0.03% UP:30.76% SPREAD:0.01110247% BID:90.07 ASK:90.08 MID:90.07499999 P1:90.07499999 P2:90.07 P3:90.06 P4:90.085 STATE:IDLE
[2026-05-16 15:14:12Z] CHK MOM:-0.01% RANGE:0.03% UP:36.36% SPREAD:0.01110247% BID:90.07 ASK:90.08 MID:90.07499999 P1:90.07499999 P2:90.07499999 P3:90.07 P4:90.06 STATE:IDLE
[2026-05-16 15:14:13Z] CHK MOM:-0.01% RANGE:0.03% UP:36.36% SPREAD:0.01110247% BID:90.07 ASK:90.08 MID:90.07499999 P1:90.07499999 P2:90.07499999 P3:90.07 P4:90.06 STATE:IDLE
[2026-05-16 15:14:13Z] CHK MOM:-0.01% RANGE:0.03% UP:36.36% SPREAD:0.01110247% BID:90.07 ASK:90.08 MID:90.07499999 P1:90.07499999 P2:90.07499999 P3:90.07 P4:90.06 STATE:IDLE
[2026-05-16 15:14:14Z] CHK MOM:-0.01% RANGE:0.03% UP:36.36% SPREAD:0.01110247% BID:90.07 ASK:90.08 MID:90.07499999 P1:90.07499999 P2:90.07499999 P3:90.07 P4:90.06 STATE:IDLE
[2026-05-16 15:14:15Z] CHK MOM:-0.01% RANGE:0.03% UP:36.36% SPREAD:0.01110247% BID:90.07 ASK:90.08 MID:90.07499999 P1:90.07499999 P2:90.07499999 P3:90.07 P4:90.06 STATE:IDLE
[2026-05-16 15:14:16Z] CHK MOM:-0.01% RANGE:0.02% UP:33.33% SPREAD:0.01110247% BID:90.07 ASK:90.08 MID:90.07499999 P1:90.07499999 P2:90.07499999 P3:90.07499999 P4:90.07 STATE:IDLE
[2026-05-16 15:14:16Z] CHK MOM:-0.01% RANGE:0.02% UP:33.33% SPREAD:0.01110247% BID:90.07 ASK:90.08 MID:90.07499999 P1:90.07499999 P2:90.07499999 P3:90.07499999 P4:90.07 STATE:IDLE
[2026-05-16 15:14:17Z] CHK MOM:-0.01% RANGE:0.02% UP:33.33% SPREAD:0.01110247% BID:90.07 ASK:90.08 MID:90.07499999 P1:90.07499999 P2:90.07499999 P3:90.07499999 P4:90.07 STATE:IDLE
[2026-05-16 15:14:17Z] CHK MOM:-0.01% RANGE:0.02% UP:33.33% SPREAD:0.01110247% BID:90.07 ASK:90.08 MID:90.07499999 P1:90.07499999 P2:90.07499999 P3:90.07499999 P4:90.07 STATE:IDLE
[2026-05-16 15:14:18Z] CHK MOM:-0.01% RANGE:0.02% UP:33.33% SPREAD:0.01110247% BID:90.07 ASK:90.08 MID:90.07499999 P1:90.07499999 P2:90.07499999 P3:90.07499999 P4:90.07 STATE:IDLE
[2026-05-16 15:14:18Z] CHK MOM:-0.01% RANGE:0.02% UP:33.33% SPREAD:0.01110247% BID:90.07 ASK:90.08 MID:90.07499999 P1:90.07499999 P2:90.07499999 P3:90.07499999 P4:90.07 STATE:IDLE
[2026-05-16 15:14:27Z] CHK MOM:0% RANGE:0% UP:0% SPREAD:0.01110247% BID:90.07 ASK:90.08 MID:90.07499999 P1:90.07499999 P2:90.07499999 P3:90.07499999 P4:90.07499999 STATE:IDLE
[2026-05-16 15:14:28Z] CHK MOM:0% RANGE:0% UP:0% SPREAD:0.01110247% BID:90.07 ASK:90.08 MID:90.07499999 P1:90.07499999 P2:90.07499999 P3:90.07499999 P4:90.07499999 STATE:IDLE
[2026-05-16 15:14:28Z] CHK MOM:0% RANGE:0% UP:0% SPREAD:0.01110247% BID:90.07 ASK:90.08 MID:90.07499999 P1:90.07499999 P2:90.07499999 P3:90.07499999 P4:90.07499999 STATE:IDLE
[2026-05-16 15:14:29Z] CHK MOM:0% RANGE:0% UP:0% SPREAD:0.01110247% BID:90.07 ASK:90.08 MID:90.07499999 P1:90.07499999 P2:90.07499999 P3:90.07499999 P4:90.07499999 STATE:IDLE
[2026-05-16 15:14:29Z] CHK MOM:0% RANGE:0% UP:0% SPREAD:0.01110247% BID:90.07 ASK:90.08 MID:90.07499999 P1:90.07499999 P2:90.07499999 P3:90.07499999 P4:90.07499999 STATE:IDLE
[2026-05-16 15:14:30Z] CHK MOM:0% RANGE:0% UP:0% SPREAD:0.01110247% BID:90.07 ASK:90.08 MID:90.07499999 P1:90.07499999 P2:90.07499999 P3:90.07499999 P4:90.07499999 STATE:IDLE
[2026-05-16 15:14:30Z] CHK MOM:0.01% RANGE:0.01% UP:50% SPREAD:0.02220248% BID:90.08 ASK:90.1 MID:90.09 P1:90.09 P2:90.07499999 P3:90.07499999 P4:90.07499999 STATE:IDLE
[2026-05-16 15:14:31Z] CHK MOM:0.01% RANGE:0.01% UP:50% SPREAD:0.02220248% BID:90.08 ASK:90.1 MID:90.09 P1:90.09 P2:90.07499999 P3:90.07499999 P4:90.07499999 STATE:IDLE
[2026-05-16 15:14:31Z] CHK MOM:0.01% RANGE:0.01% UP:50% SPREAD:0.02220248% BID:90.08 ASK:90.1 MID:90.09 P1:90.09 P2:90.07499999 P3:90.07499999 P4:90.07499999 STATE:IDLE
[2026-05-16 15:14:32Z] CHK MOM:0.01% RANGE:0.01% UP:33.33% SPREAD:0.02220248% BID:90.08 ASK:90.1 MID:90.09 P1:90.09 P2:90.09 P3:90.07499999 P4:90.07499999 STATE:IDLE
[2026-05-16 15:14:33Z] CHK MOM:0.01% RANGE:0.01% UP:33.33% SPREAD:0.02220248% BID:90.08 ASK:90.1 MID:90.09 P1:90.09 P2:90.09 P3:90.07499999 P4:90.07499999 STATE:IDLE
[2026-05-16 15:14:33Z] CHK MOM:0.01% RANGE:0.01% UP:33.33% SPREAD:0.02220248% BID:90.08 ASK:90.1 MID:90.09 P1:90.09 P2:90.09 P3:90.07499999 P4:90.07499999 STATE:IDLE
[2026-05-16 15:14:34Z] CHK MOM:0.01% RANGE:0.01% UP:33.33% SPREAD:0.02220248% BID:90.08 ASK:90.1 MID:90.09 P1:90.09 P2:90.09 P3:90.07499999 P4:90.07499999 STATE:IDLE
[2026-05-16 15:14:34Z] CHK MOM:0.03% RANGE:0.03% UP:50% SPREAD:0.01109877% BID:90.1 ASK:90.11 MID:90.10499999 P1:90.10499999 P2:90.09 P3:90.09 P4:90.07499999 STATE:IDLE
[2026-05-16 15:14:35Z] CHK MOM:0.03% RANGE:0.03% UP:40% SPREAD:0.01109877% BID:90.1 ASK:90.11 MID:90.10499999 P1:90.10499999 P2:90.10499999 P3:90.09 P4:90.09 STATE:IDLE
[2026-05-16 15:14:35Z] CHK MOM:0.02% RANGE:0.03% UP:33.33% SPREAD:0.02220002% BID:90.09 ASK:90.11 MID:90.1 P1:90.1 P2:90.10499999 P3:90.10499999 P4:90.09 STATE:IDLE
[2026-05-16 15:14:36Z] CHK MOM:0.02% RANGE:0.03% UP:33.33% SPREAD:0.02220002% BID:90.09 ASK:90.11 MID:90.1 P1:90.1 P2:90.10499999 P3:90.10499999 P4:90.09 STATE:IDLE
[2026-05-16 15:14:36Z] CHK MOM:0.03% RANGE:0.03% UP:42.85% SPREAD:0.01109877% BID:90.1 ASK:90.11 MID:90.10499999 P1:90.10499999 P2:90.1 P3:90.10499999 P4:90.10499999 STATE:IDLE
[2026-05-16 15:14:37Z] CHK MOM:0.03% RANGE:0.03% UP:42.85% SPREAD:0.01109877% BID:90.1 ASK:90.11 MID:90.10499999 P1:90.10499999 P2:90.1 P3:90.10499999 P4:90.10499999 STATE:IDLE
[2026-05-16 15:14:37Z] CHK MOM:0.03% RANGE:0.03% UP:42.85% SPREAD:0.01109877% BID:90.1 ASK:90.11 MID:90.10499999 P1:90.10499999 P2:90.1 P3:90.10499999 P4:90.10499999 STATE:IDLE
[2026-05-16 15:14:38Z] CHK MOM:0.03% RANGE:0.03% UP:42.85% SPREAD:0.01109877% BID:90.1 ASK:90.11 MID:90.10499999 P1:90.10499999 P2:90.1 P3:90.10499999 P4:90.10499999 STATE:IDLE
[2026-05-16 15:14:39Z] CHK MOM:0.03% RANGE:0.03% UP:42.85% SPREAD:0.01109877% BID:90.1 ASK:90.11 MID:90.10499999 P1:90.10499999 P2:90.1 P3:90.10499999 P4:90.10499999 STATE:IDLE
[2026-05-16 15:14:45Z] CHK MOM:0% RANGE:0% UP:25% SPREAD:0.01109877% BID:90.1 ASK:90.11 MID:90.10499999 P1:90.10499999 P2:90.10499999 P3:90.1 P4:90.10499999 STATE:IDLE
[2026-05-16 15:14:46Z] CHK MOM:0% RANGE:0% UP:25% SPREAD:0.01109877% BID:90.1 ASK:90.11 MID:90.10499999 P1:90.10499999 P2:90.10499999 P3:90.1 P4:90.10499999 STATE:IDLE
[2026-05-16 15:14:46Z] CHK MOM:0% RANGE:0% UP:25% SPREAD:0.01109877% BID:90.1 ASK:90.11 MID:90.10499999 P1:90.10499999 P2:90.10499999 P3:90.1 P4:90.10499999 STATE:IDLE
[2026-05-16 15:14:47Z] CHK MOM:0% RANGE:0% UP:25% SPREAD:0.01109877% BID:90.1 ASK:90.11 MID:90.10499999 P1:90.10499999 P2:90.10499999 P3:90.1 P4:90.10499999 STATE:IDLE
[2026-05-16 15:14:47Z] CHK MOM:0% RANGE:0% UP:25% SPREAD:0.01109877% BID:90.1 ASK:90.11 MID:90.10499999 P1:90.10499999 P2:90.10499999 P3:90.1 P4:90.10499999 STATE:IDLE
[2026-05-16 15:14:53Z] CHK MOM:0% RANGE:0% UP:100% SPREAD:0.02219755% BID:90.1 ASK:90.12 MID:90.11 P1:90.11 P2:90.10499999 P3:90.10499999 P4:90.1 STATE:IDLE
[2026-05-16 15:14:53Z] CHK MOM:0% RANGE:0% UP:100% SPREAD:0.02219755% BID:90.1 ASK:90.12 MID:90.11 P1:90.11 P2:90.10499999 P3:90.10499999 P4:90.1 STATE:IDLE
[2026-05-16 15:14:54Z] CHK MOM:0% RANGE:0% UP:100% SPREAD:0.02219755% BID:90.1 ASK:90.12 MID:90.11 P1:90.11 P2:90.10499999 P3:90.10499999 P4:90.1 STATE:IDLE
[2026-05-16 15:14:54Z] CHK MOM:0% RANGE:0% UP:50% SPREAD:0.01109877% BID:90.1 ASK:90.11 MID:90.10499999 P1:90.10499999 P2:90.11 P3:90.10499999 P4:90.10499999 STATE:IDLE
[2026-05-16 15:14:55Z] CHK MOM:0% RANGE:0% UP:66.66% SPREAD:0.02219755% BID:90.1 ASK:90.12 MID:90.11 P1:90.11 P2:90.10499999 P3:90.11 P4:90.10499999 STATE:IDLE
[2026-05-16 15:14:55Z] CHK MOM:0% RANGE:0% UP:66.66% SPREAD:0.02219755% BID:90.1 ASK:90.12 MID:90.11 P1:90.11 P2:90.10499999 P3:90.11 P4:90.10499999 STATE:IDLE
[2026-05-16 15:14:56Z] CHK MOM:0% RANGE:0% UP:66.66% SPREAD:0.02219755% BID:90.1 ASK:90.12 MID:90.11 P1:90.11 P2:90.10499999 P3:90.11 P4:90.10499999 STATE:IDLE
[2026-05-16 15:14:56Z] CHK MOM:0% RANGE:0% UP:66.66% SPREAD:0.02219755% BID:90.1 ASK:90.12 MID:90.11 P1:90.11 P2:90.10499999 P3:90.11 P4:90.10499999 STATE:IDLE
[2026-05-16 15:14:57Z] CHK MOM:0% RANGE:0% UP:66.66% SPREAD:0.02219755% BID:90.1 ASK:90.12 MID:90.11 P1:90.11 P2:90.10499999 P3:90.11 P4:90.10499999 STATE:IDLE
[2026-05-16 15:14:58Z] CHK MOM:0% RANGE:0% UP:66.66% SPREAD:0.02219755% BID:90.1 ASK:90.12 MID:90.11 P1:90.11 P2:90.10499999 P3:90.11 P4:90.10499999 STATE:IDLE
[2026-05-16 15:14:59Z] CHK MOM:0% RANGE:0% UP:33.33% SPREAD:0.02219755% BID:90.1 ASK:90.12 MID:90.11 P1:90.11 P2:90.11 P3:90.10499999 P4:90.11 STATE:IDLE
[2026-05-16 15:15:00Z] CHK MOM:0% RANGE:0% UP:33.33% SPREAD:0.02219755% BID:90.1 ASK:90.12 MID:90.11 P1:90.11 P2:90.11 P3:90.10499999 P4:90.11 STATE:IDLE
[2026-05-16 15:15:00Z] CHK MOM:0% RANGE:0% UP:25% SPREAD:0.02219755% BID:90.1 ASK:90.12 MID:90.11 P1:90.11 P2:90.11 P3:90.11 P4:90.10499999 STATE:IDLE
[2026-05-16 15:15:01Z] CHK MOM:0% RANGE:0.01% UP:40% SPREAD:0.03329633% BID:90.1 ASK:90.13 MID:90.115 P1:90.115 P2:90.11 P3:90.11 P4:90.11 STATE:IDLE
[2026-05-16 15:15:01Z] CHK MOM:0% RANGE:0.01% UP:33.33% SPREAD:0.02219755% BID:90.1 ASK:90.12 MID:90.11 P1:90.11 P2:90.115 P3:90.11 P4:90.11 STATE:IDLE
[2026-05-16 15:15:02Z] CHK MOM:0% RANGE:0.01% UP:28.57% SPREAD:0.02219755% BID:90.1 ASK:90.12 MID:90.11 P1:90.11 P2:90.11 P3:90.115 P4:90.11 STATE:IDLE
[2026-05-16 15:15:03Z] CHK MOM:0% RANGE:0.01% UP:28.57% SPREAD:0.02219755% BID:90.1 ASK:90.12 MID:90.11 P1:90.11 P2:90.11 P3:90.115 P4:90.11 STATE:IDLE
[2026-05-16 15:15:03Z] CHK MOM:0% RANGE:0.01% UP:28.57% SPREAD:0.02219755% BID:90.1 ASK:90.12 MID:90.11 P1:90.11 P2:90.11 P3:90.115 P4:90.11 STATE:IDLE
[2026-05-16 15:15:04Z] CHK MOM:0% RANGE:0.01% UP:25% SPREAD:0.01109877% BID:90.1 ASK:90.11 MID:90.10499999 P1:90.10499999 P2:90.11 P3:90.11 P4:90.115 STATE:IDLE
[2026-05-16 15:15:04Z] CHK MOM:0% RANGE:0.01% UP:25% SPREAD:0.01109877% BID:90.1 ASK:90.11 MID:90.10499999 P1:90.10499999 P2:90.11 P3:90.11 P4:90.115 STATE:IDLE
[2026-05-16 15:15:04Z] TOKEN_SWITCH old=AAVEUSDC new=TONUSDC source=.service.env
