[2026-05-16 15:31:25Z] SESSION_START symbol=BNBUSDC dry_run=0 profile=major strategy=momentum base_url=https://api.binance.com
[2026-05-16 15:31:25Z] TOXIC_MEMORY_LOADED count=1 symbols=ORDIUSDC
[2026-05-16 15:31:27Z] CHK MOM:0% RANGE:0% UP:0% SPREAD:0.00152702% BID:654.87 ASK:654.88 MID:654.875 P1:654.875 P2:NA P3:NA P4:NA STATE:IDLE
[2026-05-16 15:31:27Z] CHK MOM:0% RANGE:0% UP:0% SPREAD:0.00152702% BID:654.87 ASK:654.88 MID:654.875 P1:654.875 P2:654.875 P3:NA P4:NA STATE:IDLE
[2026-05-16 15:31:28Z] CHK MOM:0% RANGE:0% UP:0% SPREAD:0.00152702% BID:654.87 ASK:654.88 MID:654.875 P1:654.875 P2:654.875 P3:654.875 P4:NA STATE:IDLE
[2026-05-16 15:31:28Z] CHK MOM:0% RANGE:0% UP:0% SPREAD:0.00152702% BID:654.87 ASK:654.88 MID:654.875 P1:654.875 P2:654.875 P3:654.875 P4:654.875 STATE:IDLE
[2026-05-16 15:31:29Z] CHK MOM:0% RANGE:0% UP:0% SPREAD:0.00152702% BID:654.87 ASK:654.88 MID:654.875 P1:654.875 P2:654.875 P3:654.875 P4:654.875 STATE:IDLE
[2026-05-16 15:31:29Z] CHK MOM:0% RANGE:0% UP:0% SPREAD:0.00152702% BID:654.87 ASK:654.88 MID:654.875 P1:654.875 P2:654.875 P3:654.875 P4:654.875 STATE:IDLE
[2026-05-16 15:31:30Z] CHK MOM:0% RANGE:0% UP:0% SPREAD:0.00152702% BID:654.87 ASK:654.88 MID:654.875 P1:654.875 P2:654.875 P3:654.875 P4:654.875 STATE:IDLE
[2026-05-16 15:31:30Z] CHK MOM:0% RANGE:0% UP:0% SPREAD:0.00152702% BID:654.87 ASK:654.88 MID:654.875 P1:654.875 P2:654.875 P3:654.875 P4:654.875 STATE:IDLE
[2026-05-16 15:31:31Z] CHK MOM:0% RANGE:0% UP:0% SPREAD:0.00152702% BID:654.87 ASK:654.88 MID:654.875 P1:654.875 P2:654.875 P3:654.875 P4:654.875 STATE:IDLE
[2026-05-16 15:31:32Z] CHK MOM:0% RANGE:0% UP:0% SPREAD:0.00152702% BID:654.87 ASK:654.88 MID:654.875 P1:654.875 P2:654.875 P3:654.875 P4:654.875 STATE:IDLE
[2026-05-16 15:31:32Z] CHK MOM:0% RANGE:0% UP:0% SPREAD:0.00152702% BID:654.87 ASK:654.88 MID:654.875 P1:654.875 P2:654.875 P3:654.875 P4:654.875 STATE:IDLE
[2026-05-16 15:31:33Z] CHK MOM:0% RANGE:0% UP:0% SPREAD:0.00152702% BID:654.87 ASK:654.88 MID:654.875 P1:654.875 P2:654.875 P3:654.875 P4:654.875 STATE:IDLE
[2026-05-16 15:31:33Z] CHK MOM:0% RANGE:0% UP:0% SPREAD:0.00152702% BID:654.87 ASK:654.88 MID:654.875 P1:654.875 P2:654.875 P3:654.875 P4:654.875 STATE:IDLE
[2026-05-16 15:31:34Z] CHK MOM:0% RANGE:0% UP:0% SPREAD:0.00152702% BID:654.87 ASK:654.88 MID:654.875 P1:654.875 P2:654.875 P3:654.875 P4:654.875 STATE:IDLE
[2026-05-16 15:31:34Z] CHK MOM:0% RANGE:0% UP:0% SPREAD:0.00152702% BID:654.87 ASK:654.88 MID:654.875 P1:654.875 P2:654.875 P3:654.875 P4:654.875 STATE:IDLE
[2026-05-16 15:31:35Z] CHK MOM:0.01% RANGE:0.01% UP:9.09% SPREAD:0.00152674% BID:654.99 ASK:655 MID:654.995 P1:654.995 P2:654.875 P3:654.875 P4:654.875 STATE:IDLE
[2026-05-16 15:31:35Z] CHK MOM:0.01% RANGE:0.01% UP:8.33% SPREAD:0.00152674% BID:654.99 ASK:655 MID:654.995 P1:654.995 P2:654.995 P3:654.875 P4:654.875 STATE:IDLE
[2026-05-16 15:31:36Z] CHK MOM:0% RANGE:0.01% UP:7.69% SPREAD:0.0015269% BID:654.92 ASK:654.93 MID:654.925 P1:654.925 P2:654.995 P3:654.995 P4:654.875 STATE:IDLE
[2026-05-16 15:31:36Z] CHK MOM:0.01% RANGE:0.01% UP:14.28% SPREAD:0.00152674% BID:654.99 ASK:655 MID:654.995 P1:654.995 P2:654.925 P3:654.995 P4:654.995 STATE:IDLE
[2026-05-16 15:31:37Z] CHK MOM:0.01% RANGE:0.01% UP:14.28% SPREAD:0.00152674% BID:654.99 ASK:655 MID:654.995 P1:654.995 P2:654.925 P3:654.995 P4:654.995 STATE:IDLE
[2026-05-16 15:31:38Z] CHK MOM:0.01% RANGE:0.01% UP:14.28% SPREAD:0.00152674% BID:654.99 ASK:655 MID:654.995 P1:654.995 P2:654.925 P3:654.995 P4:654.995 STATE:IDLE
[2026-05-16 15:31:38Z] CHK MOM:0.01% RANGE:0.01% UP:14.28% SPREAD:0.00152674% BID:654.99 ASK:655 MID:654.995 P1:654.995 P2:654.925 P3:654.995 P4:654.995 STATE:IDLE
[2026-05-16 15:31:39Z] CHK MOM:0.01% RANGE:0.01% UP:14.28% SPREAD:0.00152674% BID:654.99 ASK:655 MID:654.995 P1:654.995 P2:654.925 P3:654.995 P4:654.995 STATE:IDLE
[2026-05-16 15:31:39Z] CHK MOM:0.01% RANGE:0.01% UP:15.38% SPREAD:0.00152674% BID:654.99 ASK:655 MID:654.995 P1:654.995 P2:654.995 P3:654.925 P4:654.995 STATE:IDLE
[2026-05-16 15:31:40Z] CHK MOM:0.01% RANGE:0.01% UP:15.38% SPREAD:0.00152674% BID:654.99 ASK:655 MID:654.995 P1:654.995 P2:654.995 P3:654.925 P4:654.995 STATE:IDLE
[2026-05-16 15:31:40Z] CHK MOM:0.01% RANGE:0.01% UP:15.38% SPREAD:0.00152674% BID:654.99 ASK:655 MID:654.995 P1:654.995 P2:654.995 P3:654.925 P4:654.995 STATE:IDLE
[2026-05-16 15:31:41Z] CHK MOM:0.01% RANGE:0.01% UP:18.18% SPREAD:0.00152674% BID:654.99 ASK:655 MID:654.995 P1:654.995 P2:654.995 P3:654.995 P4:654.925 STATE:IDLE
[2026-05-16 15:31:41Z] CHK MOM:0.01% RANGE:0.01% UP:16.66% SPREAD:0.00152674% BID:654.99 ASK:655 MID:654.995 P1:654.995 P2:654.995 P3:654.995 P4:654.995 STATE:IDLE
[2026-05-16 15:31:42Z] CHK MOM:0.01% RANGE:0.01% UP:16.66% SPREAD:0.00152674% BID:654.99 ASK:655 MID:654.995 P1:654.995 P2:654.995 P3:654.995 P4:654.995 STATE:IDLE
[2026-05-16 15:31:43Z] CHK MOM:0.01% RANGE:0.01% UP:18.18% SPREAD:0.00152674% BID:654.99 ASK:655 MID:654.995 P1:654.995 P2:654.995 P3:654.995 P4:654.995 STATE:IDLE
[2026-05-16 15:31:43Z] CHK MOM:0.01% RANGE:0.01% UP:20% SPREAD:0.00152676% BID:654.98 ASK:654.99 MID:654.985 P1:654.985 P2:654.995 P3:654.995 P4:654.995 STATE:IDLE
[2026-05-16 15:31:44Z] CHK MOM:0.03% RANGE:0.03% UP:27.27% SPREAD:0.00152655% BID:655.07 ASK:655.08 MID:655.075 P1:655.075 P2:654.985 P3:654.995 P4:654.995 STATE:IDLE
[2026-05-16 15:31:44Z] CHK MOM:0.03% RANGE:0.03% UP:25% SPREAD:0.00152655% BID:655.07 ASK:655.08 MID:655.075 P1:655.075 P2:655.075 P3:654.985 P4:654.995 STATE:IDLE
[2026-05-16 15:31:45Z] CHK MOM:0.03% RANGE:0.03% UP:25% SPREAD:0.00152655% BID:655.07 ASK:655.08 MID:655.075 P1:655.075 P2:655.075 P3:655.075 P4:654.985 STATE:IDLE
[2026-05-16 15:31:45Z] CHK MOM:0.03% RANGE:0.03% UP:30.76% SPREAD:0.00152643% BID:655.12 ASK:655.13 MID:655.125 P1:655.125 P2:655.075 P3:655.075 P4:655.075 STATE:IDLE
[2026-05-16 15:31:46Z] CHK MOM:0.03% RANGE:0.03% UP:28.57% SPREAD:0.00152643% BID:655.12 ASK:655.13 MID:655.125 P1:655.125 P2:655.125 P3:655.075 P4:655.075 STATE:IDLE
[2026-05-16 15:31:46Z] CHK MOM:0.01% RANGE:0.03% UP:21.42% SPREAD:0.00152643% BID:655.12 ASK:655.13 MID:655.125 P1:655.125 P2:655.125 P3:655.125 P4:655.075 STATE:IDLE
[2026-05-16 15:31:47Z] CHK MOM:0.01% RANGE:0.03% UP:21.42% SPREAD:0.00152643% BID:655.12 ASK:655.13 MID:655.125 P1:655.125 P2:655.125 P3:655.125 P4:655.075 STATE:IDLE
[2026-05-16 15:31:47Z] CHK MOM:0.01% RANGE:0.03% UP:21.42% SPREAD:0.00152643% BID:655.12 ASK:655.13 MID:655.125 P1:655.125 P2:655.125 P3:655.125 P4:655.075 STATE:IDLE
[2026-05-16 15:31:48Z] CHK MOM:0.03% RANGE:0.03% UP:23.07% SPREAD:0.00152643% BID:655.12 ASK:655.13 MID:655.125 P1:655.125 P2:655.125 P3:655.125 P4:655.125 STATE:IDLE
[2026-05-16 15:31:49Z] CHK MOM:0.01% RANGE:0.02% UP:16.66% SPREAD:0.00152643% BID:655.12 ASK:655.13 MID:655.125 P1:655.125 P2:655.125 P3:655.125 P4:655.125 STATE:IDLE
[2026-05-16 15:31:49Z] CHK MOM:0.01% RANGE:0.02% UP:16.66% SPREAD:0.00152643% BID:655.12 ASK:655.13 MID:655.125 P1:655.125 P2:655.125 P3:655.125 P4:655.125 STATE:IDLE
[2026-05-16 15:31:50Z] CHK MOM:0.01% RANGE:0.02% UP:16.66% SPREAD:0.00152643% BID:655.12 ASK:655.13 MID:655.125 P1:655.125 P2:655.125 P3:655.125 P4:655.125 STATE:IDLE
[2026-05-16 15:31:50Z] CHK MOM:0.01% RANGE:0.02% UP:16.66% SPREAD:0.00152643% BID:655.12 ASK:655.13 MID:655.125 P1:655.125 P2:655.125 P3:655.125 P4:655.125 STATE:IDLE
[2026-05-16 15:31:51Z] CHK MOM:0.01% RANGE:0.02% UP:15.38% SPREAD:0.00152643% BID:655.12 ASK:655.13 MID:655.125 P1:655.125 P2:655.125 P3:655.125 P4:655.125 STATE:IDLE
[2026-05-16 15:31:51Z] CHK MOM:0.01% RANGE:0.02% UP:15.38% SPREAD:0.00152643% BID:655.12 ASK:655.13 MID:655.125 P1:655.125 P2:655.125 P3:655.125 P4:655.125 STATE:IDLE
[2026-05-16 15:31:52Z] CHK MOM:0% RANGE:0.02% UP:15.38% SPREAD:0.0015266% BID:655.05 ASK:655.06 MID:655.055 P1:655.055 P2:655.125 P3:655.125 P4:655.125 STATE:IDLE
[2026-05-16 15:31:52Z] CHK MOM:0% RANGE:0.02% UP:14.28% SPREAD:0.0015266% BID:655.05 ASK:655.06 MID:655.055 P1:655.055 P2:655.055 P3:655.125 P4:655.125 STATE:IDLE
[2026-05-16 15:31:53Z] CHK MOM:0% RANGE:0.02% UP:14.28% SPREAD:0.0015266% BID:655.05 ASK:655.06 MID:655.055 P1:655.055 P2:655.055 P3:655.125 P4:655.125 STATE:IDLE
[2026-05-16 15:31:54Z] CHK MOM:0% RANGE:0.02% UP:14.28% SPREAD:0.0015266% BID:655.05 ASK:655.06 MID:655.055 P1:655.055 P2:655.055 P3:655.125 P4:655.125 STATE:IDLE
[2026-05-16 15:31:54Z] CHK MOM:0% RANGE:0.02% UP:14.28% SPREAD:0.0015266% BID:655.05 ASK:655.06 MID:655.055 P1:655.055 P2:655.055 P3:655.125 P4:655.125 STATE:IDLE
[2026-05-16 15:31:55Z] CHK MOM:0.01% RANGE:0.02% UP:16.66% SPREAD:0.0015266% BID:655.05 ASK:655.06 MID:655.055 P1:655.055 P2:655.055 P3:655.055 P4:655.125 STATE:IDLE
[2026-05-16 15:31:55Z] CHK MOM:0% RANGE:0.01% UP:8.33% SPREAD:0.0015266% BID:655.05 ASK:655.06 MID:655.055 P1:655.055 P2:655.055 P3:655.055 P4:655.055 STATE:IDLE
[2026-05-16 15:31:56Z] CHK MOM:0% RANGE:0.01% UP:7.69% SPREAD:0.0015266% BID:655.05 ASK:655.06 MID:655.055 P1:655.055 P2:655.055 P3:655.055 P4:655.055 STATE:IDLE
[2026-05-16 15:31:56Z] CHK MOM:0% RANGE:0.01% UP:7.69% SPREAD:0.0015266% BID:655.05 ASK:655.06 MID:655.055 P1:655.055 P2:655.055 P3:655.055 P4:655.055 STATE:IDLE
[2026-05-16 15:31:57Z] CHK MOM:0% RANGE:0.01% UP:8.33% SPREAD:0.0015266% BID:655.05 ASK:655.06 MID:655.055 P1:655.055 P2:655.055 P3:655.055 P4:655.055 STATE:IDLE
[2026-05-16 15:31:57Z] CHK MOM:0% RANGE:0.01% UP:8.33% SPREAD:0.0015265% BID:655.09 ASK:655.1 MID:655.095 P1:655.095 P2:655.055 P3:655.055 P4:655.055 STATE:IDLE
[2026-05-16 15:31:58Z] CHK MOM:0% RANGE:0.01% UP:8.33% SPREAD:0.0015265% BID:655.09 ASK:655.1 MID:655.095 P1:655.095 P2:655.095 P3:655.055 P4:655.055 STATE:IDLE
[2026-05-16 15:31:58Z] CHK MOM:0% RANGE:0.01% UP:8.33% SPREAD:0.0015265% BID:655.09 ASK:655.1 MID:655.095 P1:655.095 P2:655.095 P3:655.095 P4:655.055 STATE:IDLE
[2026-05-16 15:31:59Z] CHK MOM:0% RANGE:0.01% UP:16.66% SPREAD:0.00152646% BID:655.11 ASK:655.12 MID:655.115 P1:655.115 P2:655.095 P3:655.095 P4:655.095 STATE:IDLE
[2026-05-16 15:32:00Z] CHK MOM:0% RANGE:0.01% UP:16.66% SPREAD:0.00152646% BID:655.11 ASK:655.12 MID:655.115 P1:655.115 P2:655.095 P3:655.095 P4:655.095 STATE:IDLE
[2026-05-16 15:32:00Z] CHK MOM:0% RANGE:0.01% UP:16.66% SPREAD:0.00152646% BID:655.11 ASK:655.12 MID:655.115 P1:655.115 P2:655.115 P3:655.095 P4:655.095 STATE:IDLE
[2026-05-16 15:32:01Z] CHK MOM:0% RANGE:0.01% UP:15.38% SPREAD:0.00152646% BID:655.11 ASK:655.12 MID:655.115 P1:655.115 P2:655.115 P3:655.115 P4:655.095 STATE:IDLE
[2026-05-16 15:32:01Z] CHK MOM:0% RANGE:0.01% UP:15.38% SPREAD:0.00152646% BID:655.11 ASK:655.12 MID:655.115 P1:655.115 P2:655.115 P3:655.115 P4:655.115 STATE:IDLE
[2026-05-16 15:32:02Z] CHK MOM:0% RANGE:0.01% UP:21.42% SPREAD:0.00152639% BID:655.14 ASK:655.15 MID:655.145 P1:655.145 P2:655.115 P3:655.115 P4:655.115 STATE:IDLE
[2026-05-16 15:32:02Z] CHK MOM:0% RANGE:0.01% UP:20% SPREAD:0.00152639% BID:655.14 ASK:655.15 MID:655.145 P1:655.145 P2:655.145 P3:655.115 P4:655.115 STATE:IDLE
[2026-05-16 15:32:03Z] CHK MOM:0% RANGE:0.01% UP:18.75% SPREAD:0.00152639% BID:655.14 ASK:655.15 MID:655.145 P1:655.145 P2:655.145 P3:655.145 P4:655.115 STATE:IDLE
[2026-05-16 15:32:03Z] CHK MOM:0.02% RANGE:0.02% UP:25% SPREAD:0.00152622% BID:655.21 ASK:655.22 MID:655.215 P1:655.215 P2:655.145 P3:655.145 P4:655.145 STATE:IDLE
[2026-05-16 15:32:04Z] CHK MOM:0.02% RANGE:0.02% UP:23.52% SPREAD:0.00152622% BID:655.21 ASK:655.22 MID:655.215 P1:655.215 P2:655.215 P3:655.145 P4:655.145 STATE:IDLE
[2026-05-16 15:32:05Z] CHK MOM:0.02% RANGE:0.02% UP:23.52% SPREAD:0.00152622% BID:655.21 ASK:655.22 MID:655.215 P1:655.215 P2:655.215 P3:655.145 P4:655.145 STATE:IDLE
[2026-05-16 15:32:05Z] CHK MOM:0.02% RANGE:0.02% UP:23.52% SPREAD:0.00152622% BID:655.21 ASK:655.22 MID:655.215 P1:655.215 P2:655.215 P3:655.145 P4:655.145 STATE:IDLE
[2026-05-16 15:32:06Z] CHK MOM:0.02% RANGE:0.02% UP:25% SPREAD:0.00152622% BID:655.21 ASK:655.22 MID:655.215 P1:655.215 P2:655.215 P3:655.215 P4:655.145 STATE:IDLE
[2026-05-16 15:32:06Z] CHK MOM:0.02% RANGE:0.02% UP:29.41% SPREAD:0.00152618% BID:655.23 ASK:655.24 MID:655.235 P1:655.235 P2:655.215 P3:655.215 P4:655.215 STATE:IDLE
[2026-05-16 15:32:07Z] CHK MOM:0.04% RANGE:0.04% UP:35.29% SPREAD:0.00152587% BID:655.36 ASK:655.37 MID:655.365 P1:655.365 P2:655.235 P3:655.215 P4:655.215 STATE:IDLE
[2026-05-16 15:32:07Z] CHK MOM:0.04% RANGE:0.04% UP:35.29% SPREAD:0.00152587% BID:655.36 ASK:655.37 MID:655.365 P1:655.365 P2:655.235 P3:655.215 P4:655.215 STATE:IDLE
[2026-05-16 15:32:08Z] CHK MOM:0.04% RANGE:0.04% UP:35.29% SPREAD:0.00152587% BID:655.36 ASK:655.37 MID:655.365 P1:655.365 P2:655.235 P3:655.215 P4:655.215 STATE:IDLE
[2026-05-16 15:32:08Z] CHK MOM:0.04% RANGE:0.04% UP:35.29% SPREAD:0.00152587% BID:655.36 ASK:655.37 MID:655.365 P1:655.365 P2:655.235 P3:655.215 P4:655.215 STATE:IDLE
[2026-05-16 15:32:09Z] CHK MOM:0.05% RANGE:0.05% UP:43.75% SPREAD:0.00152578% BID:655.4 ASK:655.41 MID:655.405 P1:655.405 P2:655.365 P3:655.235 P4:655.215 STATE:IDLE
[2026-05-16 15:32:09Z] CHK MOM:0.04% RANGE:0.04% UP:37.5% SPREAD:0.00152578% BID:655.4 ASK:655.41 MID:655.405 P1:655.405 P2:655.405 P3:655.365 P4:655.235 STATE:IDLE
[2026-05-16 15:32:10Z] CHK MOM:0.04% RANGE:0.04% UP:37.5% SPREAD:0.00152578% BID:655.4 ASK:655.41 MID:655.405 P1:655.405 P2:655.405 P3:655.365 P4:655.235 STATE:IDLE
[2026-05-16 15:32:11Z] CHK MOM:0.04% RANGE:0.04% UP:35.71% SPREAD:0.00152578% BID:655.4 ASK:655.41 MID:655.405 P1:655.405 P2:655.405 P3:655.405 P4:655.365 STATE:IDLE
[2026-05-16 15:32:11Z] CHK MOM:0.04% RANGE:0.04% UP:35.71% SPREAD:0.00152578% BID:655.4 ASK:655.41 MID:655.405 P1:655.405 P2:655.405 P3:655.405 P4:655.365 STATE:IDLE
[2026-05-16 15:32:12Z] CHK MOM:0.04% RANGE:0.04% UP:35.71% SPREAD:0.00152578% BID:655.4 ASK:655.41 MID:655.405 P1:655.405 P2:655.405 P3:655.405 P4:655.405 STATE:IDLE
[2026-05-16 15:32:12Z] CHK MOM:0.04% RANGE:0.04% UP:33.33% SPREAD:0.00152578% BID:655.4 ASK:655.41 MID:655.405 P1:655.405 P2:655.405 P3:655.405 P4:655.405 STATE:IDLE
[2026-05-16 15:32:13Z] CHK MOM:0.04% RANGE:0.04% UP:42.85% SPREAD:0.00152571% BID:655.43 ASK:655.44 MID:655.435 P1:655.435 P2:655.405 P3:655.405 P4:655.405 STATE:IDLE
[2026-05-16 15:32:13Z] CHK MOM:0.04% RANGE:0.04% UP:40% SPREAD:0.00152571% BID:655.43 ASK:655.44 MID:655.435 P1:655.435 P2:655.435 P3:655.405 P4:655.405 STATE:IDLE
[2026-05-16 15:32:14Z] CHK MOM:0.04% RANGE:0.04% UP:40% SPREAD:0.00152571% BID:655.43 ASK:655.44 MID:655.435 P1:655.435 P2:655.435 P3:655.405 P4:655.405 STATE:IDLE
[2026-05-16 15:32:14Z] CHK MOM:0.04% RANGE:0.04% UP:35.71% SPREAD:0.00152571% BID:655.43 ASK:655.44 MID:655.435 P1:655.435 P2:655.435 P3:655.435 P4:655.405 STATE:IDLE
[2026-05-16 15:32:15Z] CHK MOM:0.04% RANGE:0.04% UP:35.71% SPREAD:0.00152571% BID:655.43 ASK:655.44 MID:655.435 P1:655.435 P2:655.435 P3:655.435 P4:655.405 STATE:IDLE
[2026-05-16 15:32:16Z] CHK MOM:0.03% RANGE:0.03% UP:33.33% SPREAD:0.00152571% BID:655.43 ASK:655.44 MID:655.435 P1:655.435 P2:655.435 P3:655.435 P4:655.435 STATE:IDLE
[2026-05-16 15:32:16Z] CHK MOM:0.03% RANGE:0.03% UP:33.33% SPREAD:0.00152571% BID:655.43 ASK:655.44 MID:655.435 P1:655.435 P2:655.435 P3:655.435 P4:655.435 STATE:IDLE
[2026-05-16 15:32:17Z] CHK MOM:0.03% RANGE:0.03% UP:33.33% SPREAD:0.00152571% BID:655.43 ASK:655.44 MID:655.435 P1:655.435 P2:655.435 P3:655.435 P4:655.435 STATE:IDLE
[2026-05-16 15:32:17Z] CHK MOM:0.03% RANGE:0.03% UP:33.33% SPREAD:0.00152571% BID:655.43 ASK:655.44 MID:655.435 P1:655.435 P2:655.435 P3:655.435 P4:655.435 STATE:IDLE
[2026-05-16 15:32:18Z] CHK MOM:0.03% RANGE:0.03% UP:33.33% SPREAD:0.00152571% BID:655.43 ASK:655.44 MID:655.435 P1:655.435 P2:655.435 P3:655.435 P4:655.435 STATE:IDLE
[2026-05-16 15:32:18Z] CHK MOM:0.03% RANGE:0.03% UP:33.33% SPREAD:0.00152571% BID:655.43 ASK:655.44 MID:655.435 P1:655.435 P2:655.435 P3:655.435 P4:655.435 STATE:IDLE
[2026-05-16 15:32:19Z] CHK MOM:0.01% RANGE:0.01% UP:18.18% SPREAD:0.00152571% BID:655.43 ASK:655.44 MID:655.435 P1:655.435 P2:655.435 P3:655.435 P4:655.435 STATE:IDLE
[2026-05-16 15:32:19Z] CHK MOM:0% RANGE:0.01% UP:9.09% SPREAD:0.00152592% BID:655.34 ASK:655.35 MID:655.345 P1:655.345 P2:655.435 P3:655.435 P4:655.435 STATE:IDLE
[2026-05-16 15:32:20Z] CHK MOM:0% RANGE:0.01% UP:8.33% SPREAD:0.00152592% BID:655.34 ASK:655.35 MID:655.345 P1:655.345 P2:655.345 P3:655.435 P4:655.435 STATE:IDLE
[2026-05-16 15:32:21Z] CHK MOM:0% RANGE:0.01% UP:8.33% SPREAD:0.00152592% BID:655.34 ASK:655.35 MID:655.345 P1:655.345 P2:655.345 P3:655.435 P4:655.435 STATE:IDLE
[2026-05-16 15:32:21Z] CHK MOM:0% RANGE:0.01% UP:8.33% SPREAD:0.00152592% BID:655.34 ASK:655.35 MID:655.345 P1:655.345 P2:655.345 P3:655.345 P4:655.435 STATE:IDLE
[2026-05-16 15:32:22Z] CHK MOM:0% RANGE:0.01% UP:8.33% SPREAD:0.00152592% BID:655.34 ASK:655.35 MID:655.345 P1:655.345 P2:655.345 P3:655.345 P4:655.345 STATE:IDLE
[2026-05-16 15:32:22Z] CHK MOM:0% RANGE:0.01% UP:7.69% SPREAD:0.00152592% BID:655.34 ASK:655.35 MID:655.345 P1:655.345 P2:655.345 P3:655.345 P4:655.345 STATE:IDLE
[2026-05-16 15:32:23Z] CHK MOM:-0.01% RANGE:0.02% UP:7.69% SPREAD:0.00152608% BID:655.27 ASK:655.28 MID:655.275 P1:655.275 P2:655.345 P3:655.345 P4:655.345 STATE:IDLE
[2026-05-16 15:32:23Z] CHK MOM:-0.01% RANGE:0.02% UP:7.14% SPREAD:0.00152608% BID:655.27 ASK:655.28 MID:655.275 P1:655.275 P2:655.275 P3:655.345 P4:655.345 STATE:IDLE
[2026-05-16 15:32:24Z] CHK MOM:-0.03% RANGE:0.03% UP:7.14% SPREAD:0.00152625% BID:655.2 ASK:655.21 MID:655.205 P1:655.205 P2:655.275 P3:655.275 P4:655.345 STATE:IDLE
[2026-05-16 15:32:24Z] CHK MOM:-0.05% RANGE:0.05% UP:0% SPREAD:0.00152653% BID:655.08 ASK:655.09 MID:655.085 P1:655.085 P2:655.205 P3:655.275 P4:655.275 STATE:IDLE
[2026-05-16 15:32:25Z] CHK MOM:-0.05% RANGE:0.05% UP:0% SPREAD:0.00152653% BID:655.08 ASK:655.09 MID:655.085 P1:655.085 P2:655.085 P3:655.205 P4:655.275 STATE:IDLE
[2026-05-16 15:32:25Z] CHK MOM:-0.05% RANGE:0.05% UP:0% SPREAD:0.00152653% BID:655.08 ASK:655.09 MID:655.085 P1:655.085 P2:655.085 P3:655.205 P4:655.275 STATE:IDLE
[2026-05-16 15:32:26Z] CHK MOM:-0.03% RANGE:0.05% UP:7.14% SPREAD:0.00152627% BID:655.19 ASK:655.2 MID:655.195 P1:655.195 P2:655.085 P3:655.085 P4:655.205 STATE:IDLE
[2026-05-16 15:32:27Z] CHK MOM:-0.03% RANGE:0.05% UP:7.14% SPREAD:0.00152627% BID:655.19 ASK:655.2 MID:655.195 P1:655.195 P2:655.195 P3:655.085 P4:655.085 STATE:IDLE
[2026-05-16 15:32:27Z] CHK MOM:-0.03% RANGE:0.05% UP:6.66% SPREAD:0.00152627% BID:655.19 ASK:655.2 MID:655.195 P1:655.195 P2:655.195 P3:655.195 P4:655.085 STATE:IDLE
[2026-05-16 15:32:28Z] CHK MOM:-0.03% RANGE:0.05% UP:6.66% SPREAD:0.00152627% BID:655.19 ASK:655.2 MID:655.195 P1:655.195 P2:655.195 P3:655.195 P4:655.085 STATE:IDLE
[2026-05-16 15:32:28Z] CHK MOM:-0.03% RANGE:0.05% UP:6.66% SPREAD:0.00152627% BID:655.19 ASK:655.2 MID:655.195 P1:655.195 P2:655.195 P3:655.195 P4:655.085 STATE:IDLE
[2026-05-16 15:32:29Z] CHK MOM:-0.03% RANGE:0.05% UP:13.33% SPREAD:0.00152622% BID:655.21 ASK:655.22 MID:655.215 P1:655.215 P2:655.195 P3:655.195 P4:655.195 STATE:IDLE
[2026-05-16 15:32:29Z] CHK MOM:-0.03% RANGE:0.05% UP:13.33% SPREAD:0.00152622% BID:655.21 ASK:655.22 MID:655.215 P1:655.215 P2:655.215 P3:655.195 P4:655.195 STATE:IDLE
[2026-05-16 15:32:30Z] CHK MOM:-0.03% RANGE:0.05% UP:13.33% SPREAD:0.00152622% BID:655.21 ASK:655.22 MID:655.215 P1:655.215 P2:655.215 P3:655.195 P4:655.195 STATE:IDLE
[2026-05-16 15:32:30Z] CHK MOM:-0.03% RANGE:0.05% UP:12.5% SPREAD:0.00152622% BID:655.21 ASK:655.22 MID:655.215 P1:655.215 P2:655.215 P3:655.215 P4:655.195 STATE:IDLE
[2026-05-16 15:32:31Z] CHK MOM:-0.03% RANGE:0.05% UP:11.76% SPREAD:0.00152622% BID:655.21 ASK:655.22 MID:655.215 P1:655.215 P2:655.215 P3:655.215 P4:655.215 STATE:IDLE
[2026-05-16 15:32:32Z] CHK MOM:-0.01% RANGE:0.03% UP:11.76% SPREAD:0.00152622% BID:655.21 ASK:655.22 MID:655.215 P1:655.215 P2:655.215 P3:655.215 P4:655.215 STATE:IDLE
[2026-05-16 15:32:32Z] CHK MOM:-0.01% RANGE:0.03% UP:11.76% SPREAD:0.00152622% BID:655.21 ASK:655.22 MID:655.215 P1:655.215 P2:655.215 P3:655.215 P4:655.215 STATE:IDLE
[2026-05-16 15:32:33Z] CHK MOM:-0.01% RANGE:0.03% UP:11.76% SPREAD:0.00152622% BID:655.21 ASK:655.22 MID:655.215 P1:655.215 P2:655.215 P3:655.215 P4:655.215 STATE:IDLE
[2026-05-16 15:32:33Z] CHK MOM:-0.01% RANGE:0.03% UP:11.76% SPREAD:0.00152622% BID:655.21 ASK:655.22 MID:655.215 P1:655.215 P2:655.215 P3:655.215 P4:655.215 STATE:IDLE
[2026-05-16 15:32:34Z] CHK MOM:-0.01% RANGE:0.03% UP:11.76% SPREAD:0.00152622% BID:655.21 ASK:655.22 MID:655.215 P1:655.215 P2:655.215 P3:655.215 P4:655.215 STATE:IDLE
[2026-05-16 15:32:34Z] CHK MOM:0% RANGE:0.02% UP:23.07% SPREAD:0.00152608% BID:655.27 ASK:655.28 MID:655.275 P1:655.275 P2:655.215 P3:655.215 P4:655.215 STATE:IDLE
[2026-05-16 15:32:35Z] CHK MOM:0% RANGE:0.02% UP:21.42% SPREAD:0.00152608% BID:655.27 ASK:655.28 MID:655.275 P1:655.275 P2:655.275 P3:655.215 P4:655.215 STATE:IDLE
[2026-05-16 15:32:35Z] CHK MOM:0% RANGE:0.02% UP:21.42% SPREAD:0.00152608% BID:655.27 ASK:655.28 MID:655.275 P1:655.275 P2:655.275 P3:655.215 P4:655.215 STATE:IDLE
[2026-05-16 15:32:36Z] CHK MOM:0% RANGE:0.02% UP:21.42% SPREAD:0.00152608% BID:655.27 ASK:655.28 MID:655.275 P1:655.275 P2:655.275 P3:655.215 P4:655.215 STATE:IDLE
[2026-05-16 15:32:36Z] CHK MOM:0% RANGE:0.02% UP:21.42% SPREAD:0.00152608% BID:655.27 ASK:655.28 MID:655.275 P1:655.275 P2:655.275 P3:655.215 P4:655.215 STATE:IDLE
[2026-05-16 15:32:37Z] CHK MOM:0% RANGE:0.02% UP:21.42% SPREAD:0.00152608% BID:655.27 ASK:655.28 MID:655.275 P1:655.275 P2:655.275 P3:655.215 P4:655.215 STATE:IDLE
[2026-05-16 15:32:38Z] CHK MOM:0.02% RANGE:0.02% UP:33.33% SPREAD:0.00152587% BID:655.36 ASK:655.37 MID:655.365 P1:655.365 P2:655.275 P3:655.275 P4:655.215 STATE:IDLE
[2026-05-16 15:32:38Z] CHK MOM:0.02% RANGE:0.02% UP:30% SPREAD:0.00152587% BID:655.36 ASK:655.37 MID:655.365 P1:655.365 P2:655.365 P3:655.275 P4:655.275 STATE:IDLE
[2026-05-16 15:32:39Z] CHK MOM:0.02% RANGE:0.02% UP:27.27% SPREAD:0.00152587% BID:655.36 ASK:655.37 MID:655.365 P1:655.365 P2:655.365 P3:655.365 P4:655.275 STATE:IDLE
[2026-05-16 15:32:39Z] CHK MOM:0.02% RANGE:0.02% UP:30% SPREAD:0.00152578% BID:655.4 ASK:655.41 MID:655.405 P1:655.405 P2:655.365 P3:655.365 P4:655.365 STATE:IDLE
[2026-05-16 15:32:40Z] CHK MOM:0.02% RANGE:0.02% UP:30% SPREAD:0.00152578% BID:655.4 ASK:655.41 MID:655.405 P1:655.405 P2:655.365 P3:655.365 P4:655.365 STATE:IDLE
[2026-05-16 15:32:40Z] CHK MOM:0.03% RANGE:0.03% UP:36.36% SPREAD:0.00152573% BID:655.42 ASK:655.43 MID:655.425 P1:655.425 P2:655.405 P3:655.365 P4:655.365 STATE:IDLE
[2026-05-16 15:32:41Z] CHK MOM:0.03% RANGE:0.03% UP:33.33% SPREAD:0.00152573% BID:655.42 ASK:655.43 MID:655.425 P1:655.425 P2:655.425 P3:655.405 P4:655.365 STATE:IDLE
[2026-05-16 15:32:41Z] CHK MOM:0.03% RANGE:0.03% UP:33.33% SPREAD:0.00152573% BID:655.42 ASK:655.43 MID:655.425 P1:655.425 P2:655.425 P3:655.425 P4:655.405 STATE:IDLE
[2026-05-16 15:32:42Z] CHK MOM:0.03% RANGE:0.03% UP:33.33% SPREAD:0.00152573% BID:655.42 ASK:655.43 MID:655.425 P1:655.425 P2:655.425 P3:655.425 P4:655.405 STATE:IDLE
[2026-05-16 15:32:43Z] CHK MOM:0.03% RANGE:0.03% UP:33.33% SPREAD:0.00152573% BID:655.42 ASK:655.43 MID:655.425 P1:655.425 P2:655.425 P3:655.425 P4:655.405 STATE:IDLE
[2026-05-16 15:32:43Z] CHK MOM:0.02% RANGE:0.02% UP:44.44% SPREAD:0.00152564% BID:655.46 ASK:655.47 MID:655.465 P1:655.465 P2:655.425 P3:655.425 P4:655.425 STATE:IDLE
[2026-05-16 15:32:44Z] CHK MOM:0% RANGE:0.02% UP:40% SPREAD:0.00152601% BID:655.3 ASK:655.31 MID:655.305 P1:655.305 P2:655.465 P3:655.425 P4:655.425 STATE:IDLE
[2026-05-16 15:32:44Z] CHK MOM:0% RANGE:0.02% UP:40% SPREAD:0.00152601% BID:655.3 ASK:655.31 MID:655.305 P1:655.305 P2:655.465 P3:655.425 P4:655.425 STATE:IDLE
[2026-05-16 15:32:45Z] CHK MOM:0% RANGE:0.02% UP:36.36% SPREAD:0.00152601% BID:655.3 ASK:655.31 MID:655.305 P1:655.305 P2:655.305 P3:655.465 P4:655.425 STATE:IDLE
[2026-05-16 15:32:45Z] CHK MOM:0% RANGE:0.02% UP:36.36% SPREAD:0.00152601% BID:655.3 ASK:655.31 MID:655.305 P1:655.305 P2:655.305 P3:655.465 P4:655.425 STATE:IDLE
[2026-05-16 15:32:46Z] CHK MOM:0% RANGE:0.02% UP:36.36% SPREAD:0.00152601% BID:655.3 ASK:655.31 MID:655.305 P1:655.305 P2:655.305 P3:655.465 P4:655.425 STATE:IDLE
[2026-05-16 15:32:46Z] CHK MOM:0% RANGE:0.02% UP:33.33% SPREAD:0.00152601% BID:655.3 ASK:655.31 MID:655.305 P1:655.305 P2:655.305 P3:655.305 P4:655.465 STATE:IDLE
[2026-05-16 15:32:47Z] CHK MOM:0% RANGE:0.02% UP:33.33% SPREAD:0.00152601% BID:655.3 ASK:655.31 MID:655.305 P1:655.305 P2:655.305 P3:655.305 P4:655.465 STATE:IDLE
[2026-05-16 15:32:47Z] CHK MOM:0% RANGE:0.02% UP:27.27% SPREAD:0.00152601% BID:655.3 ASK:655.31 MID:655.305 P1:655.305 P2:655.305 P3:655.305 P4:655.305 STATE:IDLE
[2026-05-16 15:32:48Z] CHK MOM:0% RANGE:0.02% UP:25% SPREAD:0.00152601% BID:655.3 ASK:655.31 MID:655.305 P1:655.305 P2:655.305 P3:655.305 P4:655.305 STATE:IDLE
[2026-05-16 15:32:49Z] CHK MOM:-0.02% RANGE:0.03% UP:23.07% SPREAD:0.00152625% BID:655.2 ASK:655.21 MID:655.205 P1:655.205 P2:655.305 P3:655.305 P4:655.305 STATE:IDLE
[2026-05-16 15:32:49Z] CHK MOM:-0.02% RANGE:0.03% UP:21.42% SPREAD:0.00152625% BID:655.2 ASK:655.21 MID:655.205 P1:655.205 P2:655.205 P3:655.305 P4:655.305 STATE:IDLE
[2026-05-16 15:32:50Z] CHK MOM:-0.02% RANGE:0.03% UP:20% SPREAD:0.00152625% BID:655.2 ASK:655.21 MID:655.205 P1:655.205 P2:655.205 P3:655.205 P4:655.305 STATE:IDLE
[2026-05-16 15:32:50Z] CHK MOM:-0.02% RANGE:0.03% UP:20% SPREAD:0.00152625% BID:655.2 ASK:655.21 MID:655.205 P1:655.205 P2:655.205 P3:655.205 P4:655.205 STATE:IDLE
[2026-05-16 15:32:51Z] CHK MOM:-0.03% RANGE:0.03% UP:14.28% SPREAD:0.00152625% BID:655.2 ASK:655.21 MID:655.205 P1:655.205 P2:655.205 P3:655.205 P4:655.205 STATE:IDLE
[2026-05-16 15:32:51Z] CHK MOM:-0.03% RANGE:0.03% UP:7.14% SPREAD:0.00152625% BID:655.2 ASK:655.21 MID:655.205 P1:655.205 P2:655.205 P3:655.205 P4:655.205 STATE:IDLE
[2026-05-16 15:32:52Z] CHK MOM:0% RANGE:0.03% UP:13.33% SPREAD:0.00152587% BID:655.36 ASK:655.37 MID:655.365 P1:655.365 P2:655.205 P3:655.205 P4:655.205 STATE:IDLE
[2026-05-16 15:32:52Z] CHK MOM:0% RANGE:0.03% UP:13.33% SPREAD:0.00152587% BID:655.36 ASK:655.37 MID:655.365 P1:655.365 P2:655.365 P3:655.205 P4:655.205 STATE:IDLE
[2026-05-16 15:32:53Z] CHK MOM:0% RANGE:0.03% UP:12.5% SPREAD:0.00152587% BID:655.36 ASK:655.37 MID:655.365 P1:655.365 P2:655.365 P3:655.365 P4:655.205 STATE:IDLE
[2026-05-16 15:32:54Z] CHK MOM:-0.01% RANGE:0.03% UP:6.66% SPREAD:0.00152587% BID:655.36 ASK:655.37 MID:655.365 P1:655.365 P2:655.365 P3:655.365 P4:655.365 STATE:IDLE
[2026-05-16 15:32:54Z] CHK MOM:-0.01% RANGE:0.03% UP:12.5% SPREAD:0.00152583% BID:655.38 ASK:655.39 MID:655.385 P1:655.385 P2:655.365 P3:655.365 P4:655.365 STATE:IDLE
[2026-05-16 15:32:55Z] CHK MOM:-0.01% RANGE:0.03% UP:12.5% SPREAD:0.00152583% BID:655.38 ASK:655.39 MID:655.385 P1:655.385 P2:655.365 P3:655.365 P4:655.365 STATE:IDLE
[2026-05-16 15:32:55Z] CHK MOM:-0.01% RANGE:0.03% UP:11.76% SPREAD:0.00152583% BID:655.38 ASK:655.39 MID:655.385 P1:655.385 P2:655.385 P3:655.365 P4:655.365 STATE:IDLE
[2026-05-16 15:32:56Z] CHK MOM:0.01% RANGE:0.02% UP:11.76% SPREAD:0.00152583% BID:655.38 ASK:655.39 MID:655.385 P1:655.385 P2:655.385 P3:655.385 P4:655.365 STATE:IDLE
[2026-05-16 15:32:56Z] CHK MOM:0.01% RANGE:0.02% UP:11.76% SPREAD:0.00152583% BID:655.38 ASK:655.39 MID:655.385 P1:655.385 P2:655.385 P3:655.385 P4:655.385 STATE:IDLE
[2026-05-16 15:32:57Z] CHK MOM:0.01% RANGE:0.03% UP:17.64% SPREAD:0.00152573% BID:655.42 ASK:655.43 MID:655.425 P1:655.425 P2:655.385 P3:655.385 P4:655.385 STATE:IDLE
[2026-05-16 15:32:57Z] CHK MOM:0.01% RANGE:0.03% UP:16.66% SPREAD:0.0015258% BID:655.39 ASK:655.4 MID:655.395 P1:655.395 P2:655.425 P3:655.385 P4:655.385 STATE:IDLE
[2026-05-16 15:32:58Z] CHK MOM:0% RANGE:0.03% UP:15.78% SPREAD:0.0015259% BID:655.35 ASK:655.36 MID:655.355 P1:655.355 P2:655.395 P3:655.425 P4:655.385 STATE:IDLE
[2026-05-16 15:32:59Z] CHK MOM:0% RANGE:0.03% UP:15.78% SPREAD:0.0015259% BID:655.35 ASK:655.36 MID:655.355 P1:655.355 P2:655.355 P3:655.395 P4:655.425 STATE:IDLE
[2026-05-16 15:32:59Z] CHK MOM:0% RANGE:0.03% UP:15% SPREAD:0.0015259% BID:655.35 ASK:655.36 MID:655.355 P1:655.355 P2:655.355 P3:655.355 P4:655.395 STATE:IDLE
[2026-05-16 15:33:00Z] CHK MOM:0% RANGE:0.03% UP:15% SPREAD:0.0015259% BID:655.35 ASK:655.36 MID:655.355 P1:655.355 P2:655.355 P3:655.355 P4:655.395 STATE:IDLE
[2026-05-16 15:33:00Z] CHK MOM:0.02% RANGE:0.03% UP:15.78% SPREAD:0.0015259% BID:655.35 ASK:655.36 MID:655.355 P1:655.355 P2:655.355 P3:655.355 P4:655.355 STATE:IDLE
[2026-05-16 15:33:01Z] CHK MOM:0.02% RANGE:0.03% UP:15% SPREAD:0.0015259% BID:655.35 ASK:655.36 MID:655.355 P1:655.355 P2:655.355 P3:655.355 P4:655.355 STATE:IDLE
[2026-05-16 15:33:01Z] CHK MOM:0.02% RANGE:0.03% UP:15.78% SPREAD:0.0015259% BID:655.35 ASK:655.36 MID:655.355 P1:655.355 P2:655.355 P3:655.355 P4:655.355 STATE:IDLE
[2026-05-16 15:33:02Z] CHK MOM:0.02% RANGE:0.03% UP:15% SPREAD:0.0015259% BID:655.35 ASK:655.36 MID:655.355 P1:655.355 P2:655.355 P3:655.355 P4:655.355 STATE:IDLE
[2026-05-16 15:33:02Z] CHK MOM:0.02% RANGE:0.03% UP:15.78% SPREAD:0.0015259% BID:655.35 ASK:655.36 MID:655.355 P1:655.355 P2:655.355 P3:655.355 P4:655.355 STATE:IDLE
[2026-05-16 15:33:03Z] CHK MOM:0.02% RANGE:0.03% UP:15.78% SPREAD:0.0015259% BID:655.35 ASK:655.36 MID:655.355 P1:655.355 P2:655.355 P3:655.355 P4:655.355 STATE:IDLE
[2026-05-16 15:33:04Z] CHK MOM:0% RANGE:0.01% UP:15.78% SPREAD:0.00152583% BID:655.38 ASK:655.39 MID:655.385 P1:655.385 P2:655.355 P3:655.355 P4:655.355 STATE:IDLE
[2026-05-16 15:33:04Z] CHK MOM:0% RANGE:0.01% UP:16.66% SPREAD:0.00152583% BID:655.38 ASK:655.39 MID:655.385 P1:655.385 P2:655.385 P3:655.355 P4:655.355 STATE:IDLE
[2026-05-16 15:33:05Z] CHK MOM:0% RANGE:0.01% UP:16.66% SPREAD:0.00152583% BID:655.38 ASK:655.39 MID:655.385 P1:655.385 P2:655.385 P3:655.355 P4:655.355 STATE:IDLE
[2026-05-16 15:33:05Z] CHK MOM:0% RANGE:0.01% UP:16.66% SPREAD:0.00152583% BID:655.38 ASK:655.39 MID:655.385 P1:655.385 P2:655.385 P3:655.355 P4:655.355 STATE:IDLE
[2026-05-16 15:33:06Z] CHK MOM:0% RANGE:0.01% UP:16.66% SPREAD:0.00152583% BID:655.38 ASK:655.39 MID:655.385 P1:655.385 P2:655.385 P3:655.355 P4:655.355 STATE:IDLE
[2026-05-16 15:33:06Z] CHK MOM:0% RANGE:0.01% UP:16.66% SPREAD:0.00152583% BID:655.38 ASK:655.39 MID:655.385 P1:655.385 P2:655.385 P3:655.355 P4:655.355 STATE:IDLE
[2026-05-16 15:33:07Z] CHK MOM:0% RANGE:0.01% UP:16.66% SPREAD:0.00152583% BID:655.38 ASK:655.39 MID:655.385 P1:655.385 P2:655.385 P3:655.355 P4:655.355 STATE:IDLE
[2026-05-16 15:33:07Z] CHK MOM:0% RANGE:0.01% UP:12.5% SPREAD:0.00152583% BID:655.38 ASK:655.39 MID:655.385 P1:655.385 P2:655.385 P3:655.385 P4:655.355 STATE:IDLE
[2026-05-16 15:33:08Z] CHK MOM:0% RANGE:0.01% UP:13.33% SPREAD:0.00152583% BID:655.38 ASK:655.39 MID:655.385 P1:655.385 P2:655.385 P3:655.385 P4:655.385 STATE:IDLE
[2026-05-16 15:33:09Z] CHK MOM:0.01% RANGE:0.01% UP:18.75% SPREAD:0.00152562% BID:655.47 ASK:655.48 MID:655.475 P1:655.475 P2:655.385 P3:655.385 P4:655.385 STATE:IDLE
[2026-05-16 15:33:09Z] CHK MOM:0.02% RANGE:0.02% UP:21.42% SPREAD:0.00152557% BID:655.49 ASK:655.5 MID:655.495 P1:655.495 P2:655.475 P3:655.385 P4:655.385 STATE:IDLE
[2026-05-16 15:33:10Z] CHK MOM:0.02% RANGE:0.02% UP:20% SPREAD:0.00152557% BID:655.49 ASK:655.5 MID:655.495 P1:655.495 P2:655.495 P3:655.475 P4:655.385 STATE:IDLE
[2026-05-16 15:33:10Z] CHK MOM:0.02% RANGE:0.02% UP:20% SPREAD:0.00152557% BID:655.49 ASK:655.5 MID:655.495 P1:655.495 P2:655.495 P3:655.495 P4:655.475 STATE:IDLE
[2026-05-16 15:33:11Z] CHK MOM:0.02% RANGE:0.02% UP:20% SPREAD:0.00152557% BID:655.49 ASK:655.5 MID:655.495 P1:655.495 P2:655.495 P3:655.495 P4:655.475 STATE:IDLE
[2026-05-16 15:33:11Z] CHK MOM:0.02% RANGE:0.02% UP:20% SPREAD:0.00152557% BID:655.49 ASK:655.5 MID:655.495 P1:655.495 P2:655.495 P3:655.495 P4:655.495 STATE:IDLE
[2026-05-16 15:33:12Z] CHK MOM:0.02% RANGE:0.02% UP:20% SPREAD:0.00152557% BID:655.49 ASK:655.5 MID:655.495 P1:655.495 P2:655.495 P3:655.495 P4:655.495 STATE:IDLE
[2026-05-16 15:33:12Z] CHK MOM:0.02% RANGE:0.02% UP:21.42% SPREAD:0.00152557% BID:655.49 ASK:655.5 MID:655.495 P1:655.495 P2:655.495 P3:655.495 P4:655.495 STATE:IDLE
[2026-05-16 15:33:13Z] CHK MOM:0.02% RANGE:0.02% UP:20% SPREAD:0.00152557% BID:655.49 ASK:655.5 MID:655.495 P1:655.495 P2:655.495 P3:655.495 P4:655.495 STATE:IDLE
[2026-05-16 15:33:14Z] CHK MOM:0.03% RANGE:0.03% UP:28.57% SPREAD:0.00152534% BID:655.59 ASK:655.6 MID:655.595 P1:655.595 P2:655.495 P3:655.495 P4:655.495 STATE:IDLE
[2026-05-16 15:33:14Z] CHK MOM:0.03% RANGE:0.03% UP:28.57% SPREAD:0.00152534% BID:655.59 ASK:655.6 MID:655.595 P1:655.595 P2:655.595 P3:655.495 P4:655.495 STATE:IDLE
[2026-05-16 15:33:15Z] CHK MOM:0.03% RANGE:0.03% UP:28.57% SPREAD:0.00152534% BID:655.59 ASK:655.6 MID:655.595 P1:655.595 P2:655.595 P3:655.495 P4:655.495 STATE:IDLE
[2026-05-16 15:33:15Z] CHK MOM:0.03% RANGE:0.03% UP:28.57% SPREAD:0.00152534% BID:655.59 ASK:655.6 MID:655.595 P1:655.595 P2:655.595 P3:655.495 P4:655.495 STATE:IDLE
[2026-05-16 15:33:16Z] CHK MOM:0.03% RANGE:0.03% UP:28.57% SPREAD:0.00152534% BID:655.59 ASK:655.6 MID:655.595 P1:655.595 P2:655.595 P3:655.495 P4:655.495 STATE:IDLE
[2026-05-16 15:33:16Z] CHK MOM:0.03% RANGE:0.03% UP:25% SPREAD:0.00152534% BID:655.59 ASK:655.6 MID:655.595 P1:655.595 P2:655.595 P3:655.595 P4:655.495 STATE:IDLE
[2026-05-16 15:33:17Z] CHK MOM:0.03% RANGE:0.03% UP:25% SPREAD:0.00152534% BID:655.59 ASK:655.6 MID:655.595 P1:655.595 P2:655.595 P3:655.595 P4:655.495 STATE:IDLE
[2026-05-16 15:33:17Z] CHK MOM:0.03% RANGE:0.03% UP:25% SPREAD:0.00152534% BID:655.59 ASK:655.6 MID:655.595 P1:655.595 P2:655.595 P3:655.595 P4:655.495 STATE:IDLE
[2026-05-16 15:33:18Z] CHK MOM:0.01% RANGE:0.03% UP:25% SPREAD:0.00152552% BID:655.51 ASK:655.52 MID:655.515 P1:655.515 P2:655.595 P3:655.595 P4:655.595 STATE:IDLE
[2026-05-16 15:33:19Z] CHK MOM:0.04% RANGE:0.04% UP:30.76% SPREAD:0.00152508% BID:655.7 ASK:655.71 MID:655.705 P1:655.705 P2:655.515 P3:655.595 P4:655.595 STATE:IDLE
[2026-05-16 15:33:19Z] CHK MOM:0.04% RANGE:0.04% UP:30.76% SPREAD:0.00152508% BID:655.7 ASK:655.71 MID:655.705 P1:655.705 P2:655.705 P3:655.515 P4:655.595 STATE:IDLE
[2026-05-16 15:33:20Z] CHK MOM:0.01% RANGE:0.03% UP:23.07% SPREAD:0.00152543% BID:655.55 ASK:655.56 MID:655.555 P1:655.555 P2:655.705 P3:655.705 P4:655.515 STATE:IDLE
[2026-05-16 15:33:20Z] CHK MOM:0% RANGE:0.03% UP:15.38% SPREAD:0.00152543% BID:655.55 ASK:655.56 MID:655.555 P1:655.555 P2:655.555 P3:655.705 P4:655.705 STATE:IDLE
[2026-05-16 15:33:21Z] CHK MOM:0% RANGE:0.03% UP:14.28% SPREAD:0.00152543% BID:655.55 ASK:655.56 MID:655.555 P1:655.555 P2:655.555 P3:655.555 P4:655.705 STATE:IDLE
[2026-05-16 15:33:21Z] CHK MOM:0% RANGE:0.03% UP:13.33% SPREAD:0.00152543% BID:655.55 ASK:655.56 MID:655.555 P1:655.555 P2:655.555 P3:655.555 P4:655.555 STATE:IDLE
[2026-05-16 15:33:22Z] CHK MOM:0% RANGE:0.03% UP:14.28% SPREAD:0.00152543% BID:655.55 ASK:655.56 MID:655.555 P1:655.555 P2:655.555 P3:655.555 P4:655.555 STATE:IDLE
[2026-05-16 15:33:22Z] CHK MOM:0% RANGE:0.03% UP:14.28% SPREAD:0.00152543% BID:655.55 ASK:655.56 MID:655.555 P1:655.555 P2:655.555 P3:655.555 P4:655.555 STATE:IDLE
[2026-05-16 15:33:23Z] CHK MOM:0% RANGE:0.03% UP:13.33% SPREAD:0.00152543% BID:655.55 ASK:655.56 MID:655.555 P1:655.555 P2:655.555 P3:655.555 P4:655.555 STATE:IDLE
[2026-05-16 15:33:23Z] CHK MOM:0.01% RANGE:0.03% UP:18.75% SPREAD:0.00152539% BID:655.57 ASK:655.58 MID:655.575 P1:655.575 P2:655.555 P3:655.555 P4:655.555 STATE:IDLE
[2026-05-16 15:33:25Z] CHK MOM:0.01% RANGE:0.03% UP:18.75% SPREAD:0.00152539% BID:655.57 ASK:655.58 MID:655.575 P1:655.575 P2:655.555 P3:655.555 P4:655.555 STATE:IDLE
[2026-05-16 15:33:25Z] CHK MOM:0.01% RANGE:0.03% UP:25% SPREAD:0.00152529% BID:655.61 ASK:655.62 MID:655.615 P1:655.615 P2:655.575 P3:655.555 P4:655.555 STATE:IDLE
[2026-05-16 15:33:26Z] CHK MOM:0.01% RANGE:0.02% UP:30.76% SPREAD:0.00152511% BID:655.69 ASK:655.7 MID:655.695 P1:655.695 P2:655.615 P3:655.575 P4:655.555 STATE:IDLE
[2026-05-16 15:33:26Z] CHK MOM:0.01% RANGE:0.02% UP:28.57% SPREAD:0.00152511% BID:655.69 ASK:655.7 MID:655.695 P1:655.695 P2:655.695 P3:655.615 P4:655.575 STATE:IDLE
[2026-05-16 15:33:27Z] CHK MOM:0.02% RANGE:0.03% UP:33.33% SPREAD:0.00457505% BID:655.73 ASK:655.76 MID:655.745 P1:655.745 P2:655.695 P3:655.695 P4:655.615 STATE:IDLE
[2026-05-16 15:33:27Z] CHK MOM:0.02% RANGE:0.03% UP:31.25% SPREAD:0.00152501% BID:655.73 ASK:655.74 MID:655.735 P1:655.735 P2:655.745 P3:655.695 P4:655.695 STATE:IDLE
[2026-05-16 15:33:27Z] TOKEN_SWITCH old=BNBUSDC new=TONUSDC source=.service.env
