[2026-06-03 02:26:15Z] SESSION_START symbol=FETUSDC dry_run=0 profile=major strategy=momentum base_url=https://api.binance.com
[2026-06-03 02:26:15Z] TOXIC_MEMORY_LOADED count=2 symbols=ORDIUSDC,TONUSDC
[2026-06-03 02:26:17Z] CHK MOM:0% RANGE:0% UP:0% SPREAD:0.08022462% BID:0.2493 ASK:0.2495 MID:0.2494 P1:0.2494 P2:NA P3:NA P4:NA STATE:IDLE
[2026-06-03 02:26:18Z] CHK MOM:0% RANGE:0% UP:0% SPREAD:0.08022462% BID:0.2493 ASK:0.2495 MID:0.2494 P1:0.2494 P2:0.2494 P3:NA P4:NA STATE:IDLE
[2026-06-03 02:26:18Z] CHK MOM:0.02% RANGE:0.02% UP:50% SPREAD:0.04009623% BID:0.2494 ASK:0.2495 MID:0.24945 P1:0.24945 P2:0.2494 P3:0.2494 P4:NA STATE:IDLE
[2026-06-03 02:26:19Z] CHK MOM:0.02% RANGE:0.02% UP:33.33% SPREAD:0.04009623% BID:0.2494 ASK:0.2495 MID:0.24945 P1:0.24945 P2:0.24945 P3:0.2494 P4:0.2494 STATE:IDLE
[2026-06-03 02:26:19Z] CHK MOM:-0.02% RANGE:0.04% UP:25% SPREAD:0.04011231% BID:0.2493 ASK:0.2494 MID:0.24935 P1:0.24935 P2:0.24945 P3:0.24945 P4:0.2494 STATE:IDLE
[2026-06-03 02:26:20Z] CHK MOM:-0.02% RANGE:0.04% UP:25% SPREAD:0.04011231% BID:0.2493 ASK:0.2494 MID:0.24935 P1:0.24935 P2:0.24945 P3:0.24945 P4:0.2494 STATE:IDLE
[2026-06-03 02:26:20Z] CHK MOM:-0.06% RANGE:0.08% UP:20% SPREAD:0.04012841% BID:0.2492 ASK:0.2493 MID:0.24925 P1:0.24925 P2:0.24935 P3:0.24945 P4:0.24945 STATE:IDLE
[2026-06-03 02:26:21Z] CHK MOM:-0.06% RANGE:0.08% UP:20% SPREAD:0.04012841% BID:0.2492 ASK:0.2493 MID:0.24925 P1:0.24925 P2:0.24935 P3:0.24945 P4:0.24945 STATE:IDLE
[2026-06-03 02:26:21Z] CHK MOM:-0.06% RANGE:0.08% UP:20% SPREAD:0.04012841% BID:0.2492 ASK:0.2493 MID:0.24925 P1:0.24925 P2:0.24935 P3:0.24945 P4:0.24945 STATE:IDLE
[2026-06-03 02:26:22Z] CHK MOM:-0.06% RANGE:0.08% UP:20% SPREAD:0.04012841% BID:0.2492 ASK:0.2493 MID:0.24925 P1:0.24925 P2:0.24935 P3:0.24945 P4:0.24945 STATE:IDLE
[2026-06-03 02:26:23Z] CHK MOM:-0.02% RANGE:0.08% UP:33.33% SPREAD:0.04011231% BID:0.2493 ASK:0.2494 MID:0.24935 P1:0.24935 P2:0.24925 P3:0.24935 P4:0.24945 STATE:IDLE
[2026-06-03 02:26:23Z] CHK MOM:-0.04% RANGE:0.08% UP:28.57% SPREAD:0.08025682% BID:0.2492 ASK:0.2494 MID:0.2493 P1:0.2493 P2:0.24935 P3:0.24925 P4:0.24935 STATE:IDLE
[2026-06-03 02:26:24Z] CHK MOM:-0.04% RANGE:0.08% UP:25% SPREAD:0.08025682% BID:0.2492 ASK:0.2494 MID:0.2493 P1:0.2493 P2:0.2493 P3:0.24935 P4:0.24925 STATE:IDLE
[2026-06-03 02:26:24Z] CHK MOM:-0.04% RANGE:0.08% UP:25% SPREAD:0.08025682% BID:0.2492 ASK:0.2494 MID:0.2493 P1:0.2493 P2:0.2493 P3:0.24935 P4:0.24925 STATE:IDLE
[2026-06-03 02:26:25Z] CHK MOM:-0.06% RANGE:0.08% UP:22.22% SPREAD:0.04012841% BID:0.2492 ASK:0.2493 MID:0.24925 P1:0.24925 P2:0.2493 P3:0.2493 P4:0.24935 STATE:IDLE
[2026-06-03 02:26:25Z] CHK MOM:-0.06% RANGE:0.08% UP:22.22% SPREAD:0.04012841% BID:0.2492 ASK:0.2493 MID:0.24925 P1:0.24925 P2:0.2493 P3:0.2493 P4:0.24935 STATE:IDLE
[2026-06-03 02:26:26Z] CHK MOM:-0.06% RANGE:0.08% UP:22.22% SPREAD:0.04012841% BID:0.2492 ASK:0.2493 MID:0.24925 P1:0.24925 P2:0.2493 P3:0.2493 P4:0.24935 STATE:IDLE
[2026-06-03 02:26:26Z] CHK MOM:-0.06% RANGE:0.08% UP:20% SPREAD:0.04012841% BID:0.2492 ASK:0.2493 MID:0.24925 P1:0.24925 P2:0.24925 P3:0.2493 P4:0.2493 STATE:IDLE
[2026-06-03 02:26:27Z] CHK MOM:-0.04% RANGE:0.08% UP:27.27% SPREAD:0.08025682% BID:0.2492 ASK:0.2494 MID:0.2493 P1:0.2493 P2:0.24925 P3:0.24925 P4:0.2493 STATE:IDLE
[2026-06-03 02:26:27Z] CHK MOM:-0.02% RANGE:0.08% UP:33.33% SPREAD:0.04011231% BID:0.2493 ASK:0.2494 MID:0.24935 P1:0.24935 P2:0.2493 P3:0.24925 P4:0.24925 STATE:IDLE
[2026-06-03 02:26:28Z] CHK MOM:-0.06% RANGE:0.08% UP:30.76% SPREAD:0.04012841% BID:0.2492 ASK:0.2493 MID:0.24925 P1:0.24925 P2:0.24935 P3:0.2493 P4:0.24925 STATE:IDLE
[2026-06-03 02:26:29Z] CHK MOM:-0.02% RANGE:0.08% UP:35.71% SPREAD:0.04011231% BID:0.2493 ASK:0.2494 MID:0.24935 P1:0.24935 P2:0.24925 P3:0.24935 P4:0.2493 STATE:IDLE
[2026-06-03 02:26:29Z] CHK MOM:-0.02% RANGE:0.08% UP:35.71% SPREAD:0.04011231% BID:0.2493 ASK:0.2494 MID:0.24935 P1:0.24935 P2:0.24935 P3:0.24925 P4:0.24935 STATE:IDLE
[2026-06-03 02:26:30Z] CHK MOM:-0.02% RANGE:0.08% UP:35.71% SPREAD:0.04011231% BID:0.2493 ASK:0.2494 MID:0.24935 P1:0.24935 P2:0.24935 P3:0.24925 P4:0.24935 STATE:IDLE
[2026-06-03 02:26:30Z] CHK MOM:-0.04% RANGE:0.08% UP:30.76% SPREAD:0.04011231% BID:0.2493 ASK:0.2494 MID:0.24935 P1:0.24935 P2:0.24935 P3:0.24935 P4:0.24925 STATE:IDLE
[2026-06-03 02:26:31Z] CHK MOM:-0.04% RANGE:0.08% UP:30.76% SPREAD:0.04011231% BID:0.2493 ASK:0.2494 MID:0.24935 P1:0.24935 P2:0.24935 P3:0.24935 P4:0.24925 STATE:IDLE
[2026-06-03 02:26:31Z] CHK MOM:-0.04% RANGE:0.08% UP:30.76% SPREAD:0.04011231% BID:0.2493 ASK:0.2494 MID:0.24935 P1:0.24935 P2:0.24935 P3:0.24935 P4:0.24925 STATE:IDLE
[2026-06-03 02:26:32Z] CHK MOM:0.08% RANGE:0.08% UP:41.66% SPREAD:0.04009623% BID:0.2494 ASK:0.2495 MID:0.24945 P1:0.24945 P2:0.24935 P3:0.24935 P4:0.24935 STATE:IDLE
[2026-06-03 02:26:32Z] CHK MOM:0% RANGE:0.08% UP:33.33% SPREAD:0.04011231% BID:0.2493 ASK:0.2494 MID:0.24935 P1:0.24935 P2:0.24945 P3:0.24935 P4:0.24935 STATE:IDLE
[2026-06-03 02:26:33Z] CHK MOM:0.04% RANGE:0.08% UP:38.46% SPREAD:0.04009623% BID:0.2494 ASK:0.2495 MID:0.24945 P1:0.24945 P2:0.24935 P3:0.24945 P4:0.24935 STATE:IDLE
[2026-06-03 02:26:34Z] CHK MOM:0.04% RANGE:0.08% UP:35.71% SPREAD:0.04009623% BID:0.2494 ASK:0.2495 MID:0.24945 P1:0.24945 P2:0.24945 P3:0.24935 P4:0.24945 STATE:IDLE
[2026-06-03 02:26:34Z] CHK MOM:0.04% RANGE:0.08% UP:33.33% SPREAD:0.04009623% BID:0.2494 ASK:0.2495 MID:0.24945 P1:0.24945 P2:0.24945 P3:0.24945 P4:0.24935 STATE:IDLE
[2026-06-03 02:26:35Z] CHK MOM:0.04% RANGE:0.08% UP:33.33% SPREAD:0.04009623% BID:0.2494 ASK:0.2495 MID:0.24945 P1:0.24945 P2:0.24945 P3:0.24945 P4:0.24935 STATE:IDLE
[2026-06-03 02:26:35Z] CHK MOM:0.04% RANGE:0.08% UP:33.33% SPREAD:0.04009623% BID:0.2494 ASK:0.2495 MID:0.24945 P1:0.24945 P2:0.24945 P3:0.24945 P4:0.24935 STATE:IDLE
[2026-06-03 02:26:36Z] CHK MOM:0.04% RANGE:0.08% UP:33.33% SPREAD:0.04009623% BID:0.2494 ASK:0.2495 MID:0.24945 P1:0.24945 P2:0.24945 P3:0.24945 P4:0.24935 STATE:IDLE
[2026-06-03 02:26:36Z] CHK MOM:0.04% RANGE:0.08% UP:33.33% SPREAD:0.04009623% BID:0.2494 ASK:0.2495 MID:0.24945 P1:0.24945 P2:0.24945 P3:0.24945 P4:0.24935 STATE:IDLE
[2026-06-03 02:26:37Z] CHK MOM:0.08% RANGE:0.08% UP:41.66% SPREAD:0.04009623% BID:0.2494 ASK:0.2495 MID:0.24945 P1:0.24945 P2:0.24945 P3:0.24945 P4:0.24945 STATE:IDLE
[2026-06-03 02:26:37Z] CHK MOM:0.08% RANGE:0.08% UP:38.46% SPREAD:0.04009623% BID:0.2494 ASK:0.2495 MID:0.24945 P1:0.24945 P2:0.24945 P3:0.24945 P4:0.24945 STATE:IDLE
[2026-06-03 02:26:38Z] CHK MOM:0.04% RANGE:0.08% UP:35.71% SPREAD:0.04011231% BID:0.2493 ASK:0.2494 MID:0.24935 P1:0.24935 P2:0.24945 P3:0.24945 P4:0.24945 STATE:IDLE
[2026-06-03 02:26:38Z] CHK MOM:0.04% RANGE:0.08% UP:35.71% SPREAD:0.04011231% BID:0.2493 ASK:0.2494 MID:0.24935 P1:0.24935 P2:0.24945 P3:0.24945 P4:0.24945 STATE:IDLE
[2026-06-03 02:26:39Z] CHK MOM:0.04% RANGE:0.08% UP:35.71% SPREAD:0.04011231% BID:0.2493 ASK:0.2494 MID:0.24935 P1:0.24935 P2:0.24945 P3:0.24945 P4:0.24945 STATE:IDLE
[2026-06-03 02:26:40Z] CHK MOM:0.06% RANGE:0.08% UP:33.33% SPREAD:0.08022462% BID:0.2493 ASK:0.2495 MID:0.2494 P1:0.2494 P2:0.24935 P3:0.24945 P4:0.24945 STATE:IDLE
[2026-06-03 02:26:40Z] CHK MOM:0.04% RANGE:0.04% UP:33.33% SPREAD:0.04009623% BID:0.2494 ASK:0.2495 MID:0.24945 P1:0.24945 P2:0.2494 P3:0.24935 P4:0.24945 STATE:IDLE
[2026-06-03 02:26:41Z] CHK MOM:0% RANGE:0.04% UP:33.33% SPREAD:0.04011231% BID:0.2493 ASK:0.2494 MID:0.24935 P1:0.24935 P2:0.24945 P3:0.2494 P4:0.24935 STATE:IDLE
[2026-06-03 02:26:41Z] CHK MOM:0% RANGE:0.04% UP:33.33% SPREAD:0.04011231% BID:0.2493 ASK:0.2494 MID:0.24935 P1:0.24935 P2:0.24945 P3:0.2494 P4:0.24935 STATE:IDLE
[2026-06-03 02:26:42Z] CHK MOM:0% RANGE:0.04% UP:33.33% SPREAD:0.04011231% BID:0.2493 ASK:0.2494 MID:0.24935 P1:0.24935 P2:0.24945 P3:0.2494 P4:0.24935 STATE:IDLE
[2026-06-03 02:26:42Z] CHK MOM:0% RANGE:0.04% UP:33.33% SPREAD:0.04011231% BID:0.2493 ASK:0.2494 MID:0.24935 P1:0.24935 P2:0.24945 P3:0.2494 P4:0.24935 STATE:IDLE
[2026-06-03 02:26:43Z] CHK MOM:0% RANGE:0.04% UP:33.33% SPREAD:0.04011231% BID:0.2493 ASK:0.2494 MID:0.24935 P1:0.24935 P2:0.24945 P3:0.2494 P4:0.24935 STATE:IDLE
[2026-06-03 02:26:43Z] CHK MOM:-0.08% RANGE:0.08% UP:27.27% SPREAD:0.04012841% BID:0.2492 ASK:0.2493 MID:0.24925 P1:0.24925 P2:0.24935 P3:0.24945 P4:0.2494 STATE:IDLE
[2026-06-03 02:26:44Z] CHK MOM:-0.08% RANGE:0.12% UP:27.27% SPREAD:0.04014452% BID:0.2491 ASK:0.2492 MID:0.24914999 P1:0.24914999 P2:0.24925 P3:0.24935 P4:0.24945 STATE:IDLE
[2026-06-03 02:26:45Z] CHK MOM:-0.08% RANGE:0.12% UP:25% SPREAD:0.04014452% BID:0.2491 ASK:0.2492 MID:0.24914999 P1:0.24914999 P2:0.24914999 P3:0.24925 P4:0.24935 STATE:IDLE
[2026-06-03 02:26:45Z] CHK MOM:-0.08% RANGE:0.12% UP:27.27% SPREAD:0.04012841% BID:0.2492 ASK:0.2493 MID:0.24925 P1:0.24925 P2:0.24914999 P3:0.24914999 P4:0.24925 STATE:IDLE
[2026-06-03 02:26:46Z] CHK MOM:-0.08% RANGE:0.12% UP:27.27% SPREAD:0.04012841% BID:0.2492 ASK:0.2493 MID:0.24925 P1:0.24925 P2:0.24925 P3:0.24914999 P4:0.24914999 STATE:IDLE
[2026-06-03 02:26:46Z] CHK MOM:-0.1% RANGE:0.12% UP:25% SPREAD:0.08028904% BID:0.2491 ASK:0.2493 MID:0.24919999 P1:0.24919999 P2:0.24925 P3:0.24925 P4:0.24914999 STATE:IDLE
[2026-06-03 02:26:47Z] CHK MOM:-0.1% RANGE:0.12% UP:25% SPREAD:0.08028904% BID:0.2491 ASK:0.2493 MID:0.24919999 P1:0.24919999 P2:0.24919999 P3:0.24925 P4:0.24925 STATE:IDLE
[2026-06-03 02:26:47Z] CHK MOM:-0.1% RANGE:0.12% UP:25% SPREAD:0.08028904% BID:0.2491 ASK:0.2493 MID:0.24919999 P1:0.24919999 P2:0.24919999 P3:0.24925 P4:0.24925 STATE:IDLE
[2026-06-03 02:26:48Z] CHK MOM:-0.1% RANGE:0.12% UP:25% SPREAD:0.08028904% BID:0.2491 ASK:0.2493 MID:0.24919999 P1:0.24919999 P2:0.24919999 P3:0.24925 P4:0.24925 STATE:IDLE
[2026-06-03 02:26:48Z] CHK MOM:-0.1% RANGE:0.12% UP:25% SPREAD:0.08028904% BID:0.2491 ASK:0.2493 MID:0.24919999 P1:0.24919999 P2:0.24919999 P3:0.24925 P4:0.24925 STATE:IDLE
[2026-06-03 02:26:49Z] CHK MOM:-0.1% RANGE:0.12% UP:25% SPREAD:0.08028904% BID:0.2491 ASK:0.2493 MID:0.24919999 P1:0.24919999 P2:0.24919999 P3:0.24925 P4:0.24925 STATE:IDLE
[2026-06-03 02:26:49Z] CHK MOM:-0.1% RANGE:0.12% UP:25% SPREAD:0.08028904% BID:0.2491 ASK:0.2493 MID:0.24919999 P1:0.24919999 P2:0.24919999 P3:0.24925 P4:0.24925 STATE:IDLE
[2026-06-03 02:26:51Z] CHK MOM:-0.06% RANGE:0.12% UP:30% SPREAD:0.04012841% BID:0.2492 ASK:0.2493 MID:0.24925 P1:0.24925 P2:0.24919999 P3:0.24919999 P4:0.24925 STATE:IDLE
[2026-06-03 02:26:51Z] CHK MOM:-0.1% RANGE:0.12% UP:27.27% SPREAD:0.04014452% BID:0.2491 ASK:0.2492 MID:0.24914999 P1:0.24914999 P2:0.24925 P3:0.24919999 P4:0.24919999 STATE:IDLE
[2026-06-03 02:26:52Z] CHK MOM:-0.1% RANGE:0.12% UP:27.27% SPREAD:0.04014452% BID:0.2491 ASK:0.2492 MID:0.24914999 P1:0.24914999 P2:0.24925 P3:0.24919999 P4:0.24919999 STATE:IDLE
[2026-06-03 02:26:52Z] CHK MOM:-0.1% RANGE:0.12% UP:27.27% SPREAD:0.04014452% BID:0.2491 ASK:0.2492 MID:0.24914999 P1:0.24914999 P2:0.24925 P3:0.24919999 P4:0.24919999 STATE:IDLE
[2026-06-03 02:26:53Z] CHK MOM:-0.1% RANGE:0.12% UP:27.27% SPREAD:0.04014452% BID:0.2491 ASK:0.2492 MID:0.24914999 P1:0.24914999 P2:0.24925 P3:0.24919999 P4:0.24919999 STATE:IDLE
[2026-06-03 02:26:53Z] CHK MOM:-0.1% RANGE:0.12% UP:27.27% SPREAD:0.04014452% BID:0.2491 ASK:0.2492 MID:0.24914999 P1:0.24914999 P2:0.24925 P3:0.24919999 P4:0.24919999 STATE:IDLE
[2026-06-03 02:26:55Z] CHK MOM:-0.04% RANGE:0.04% UP:22.22% SPREAD:0.04014452% BID:0.2491 ASK:0.2492 MID:0.24914999 P1:0.24914999 P2:0.24914999 P3:0.24925 P4:0.24919999 STATE:IDLE
[2026-06-03 02:26:55Z] CHK MOM:-0.04% RANGE:0.04% UP:22.22% SPREAD:0.04014452% BID:0.2491 ASK:0.2492 MID:0.24914999 P1:0.24914999 P2:0.24914999 P3:0.24925 P4:0.24919999 STATE:IDLE
[2026-06-03 02:26:56Z] CHK MOM:0% RANGE:0.04% UP:22.22% SPREAD:0.04014452% BID:0.2491 ASK:0.2492 MID:0.24914999 P1:0.24914999 P2:0.24914999 P3:0.24914999 P4:0.24925 STATE:IDLE
[2026-06-03 02:26:57Z] CHK MOM:0% RANGE:0.04% UP:22.22% SPREAD:0.04014452% BID:0.2491 ASK:0.2492 MID:0.24914999 P1:0.24914999 P2:0.24914999 P3:0.24914999 P4:0.24925 STATE:IDLE
[2026-06-03 02:26:57Z] CHK MOM:0% RANGE:0.04% UP:22.22% SPREAD:0.04014452% BID:0.2491 ASK:0.2492 MID:0.24914999 P1:0.24914999 P2:0.24914999 P3:0.24914999 P4:0.24925 STATE:IDLE
[2026-06-03 02:26:58Z] CHK MOM:0% RANGE:0.04% UP:22.22% SPREAD:0.04014452% BID:0.2491 ASK:0.2492 MID:0.24914999 P1:0.24914999 P2:0.24914999 P3:0.24914999 P4:0.24925 STATE:IDLE
[2026-06-03 02:26:58Z] CHK MOM:-0.02% RANGE:0.04% UP:20% SPREAD:0.04014452% BID:0.2491 ASK:0.2492 MID:0.24914999 P1:0.24914999 P2:0.24914999 P3:0.24914999 P4:0.24914999 STATE:IDLE
[2026-06-03 02:26:59Z] CHK MOM:-0.02% RANGE:0.04% UP:20% SPREAD:0.04014452% BID:0.2491 ASK:0.2492 MID:0.24914999 P1:0.24914999 P2:0.24914999 P3:0.24914999 P4:0.24914999 STATE:IDLE
[2026-06-03 02:26:59Z] CHK MOM:-0.02% RANGE:0.04% UP:20% SPREAD:0.04014452% BID:0.2491 ASK:0.2492 MID:0.24914999 P1:0.24914999 P2:0.24914999 P3:0.24914999 P4:0.24914999 STATE:IDLE
[2026-06-03 02:27:00Z] CHK MOM:-0.04% RANGE:0.04% UP:0% SPREAD:0.04014452% BID:0.2491 ASK:0.2492 MID:0.24914999 P1:0.24914999 P2:0.24914999 P3:0.24914999 P4:0.24914999 STATE:IDLE
[2026-06-03 02:27:00Z] CHK MOM:-0.04% RANGE:0.04% UP:0% SPREAD:0.04014452% BID:0.2491 ASK:0.2492 MID:0.24914999 P1:0.24914999 P2:0.24914999 P3:0.24914999 P4:0.24914999 STATE:IDLE
[2026-06-03 02:27:01Z] CHK MOM:-0.04% RANGE:0.04% UP:0% SPREAD:0.04014452% BID:0.2491 ASK:0.2492 MID:0.24914999 P1:0.24914999 P2:0.24914999 P3:0.24914999 P4:0.24914999 STATE:IDLE
[2026-06-03 02:27:02Z] CHK MOM:-0.04% RANGE:0.04% UP:0% SPREAD:0.04014452% BID:0.2491 ASK:0.2492 MID:0.24914999 P1:0.24914999 P2:0.24914999 P3:0.24914999 P4:0.24914999 STATE:IDLE
[2026-06-03 02:27:02Z] CHK MOM:0.04% RANGE:0.08% UP:16.66% SPREAD:0.04011231% BID:0.2493 ASK:0.2494 MID:0.24935 P1:0.24935 P2:0.24914999 P3:0.24914999 P4:0.24914999 STATE:IDLE
[2026-06-03 02:27:03Z] CHK MOM:0.08% RANGE:0.08% UP:16.66% SPREAD:0.04011231% BID:0.2493 ASK:0.2494 MID:0.24935 P1:0.24935 P2:0.24935 P3:0.24914999 P4:0.24914999 STATE:IDLE
[2026-06-03 02:27:03Z] CHK MOM:0.08% RANGE:0.08% UP:16.66% SPREAD:0.04011231% BID:0.2493 ASK:0.2494 MID:0.24935 P1:0.24935 P2:0.24935 P3:0.24935 P4:0.24914999 STATE:IDLE
[2026-06-03 02:27:04Z] CHK MOM:0.08% RANGE:0.08% UP:14.28% SPREAD:0.04011231% BID:0.2493 ASK:0.2494 MID:0.24935 P1:0.24935 P2:0.24935 P3:0.24935 P4:0.24935 STATE:IDLE
[2026-06-03 02:27:04Z] CHK MOM:0.08% RANGE:0.08% UP:14.28% SPREAD:0.04011231% BID:0.2493 ASK:0.2494 MID:0.24935 P1:0.24935 P2:0.24935 P3:0.24935 P4:0.24935 STATE:IDLE
[2026-06-03 02:27:05Z] CHK MOM:0.08% RANGE:0.08% UP:14.28% SPREAD:0.04011231% BID:0.2493 ASK:0.2494 MID:0.24935 P1:0.24935 P2:0.24935 P3:0.24935 P4:0.24935 STATE:IDLE
[2026-06-03 02:27:05Z] CHK MOM:0.08% RANGE:0.08% UP:14.28% SPREAD:0.04011231% BID:0.2493 ASK:0.2494 MID:0.24935 P1:0.24935 P2:0.24935 P3:0.24935 P4:0.24935 STATE:IDLE
[2026-06-03 02:27:06Z] CHK MOM:0.08% RANGE:0.08% UP:14.28% SPREAD:0.04011231% BID:0.2493 ASK:0.2494 MID:0.24935 P1:0.24935 P2:0.24935 P3:0.24935 P4:0.24935 STATE:IDLE
[2026-06-03 02:27:06Z] CHK MOM:0.08% RANGE:0.08% UP:14.28% SPREAD:0.04011231% BID:0.2493 ASK:0.2494 MID:0.24935 P1:0.24935 P2:0.24935 P3:0.24935 P4:0.24935 STATE:IDLE
[2026-06-03 02:27:07Z] CHK MOM:0.08% RANGE:0.08% UP:12.5% SPREAD:0.04011231% BID:0.2493 ASK:0.2494 MID:0.24935 P1:0.24935 P2:0.24935 P3:0.24935 P4:0.24935 STATE:IDLE
[2026-06-03 02:27:08Z] CHK MOM:0.1% RANGE:0.1% UP:28.57% SPREAD:0.08022462% BID:0.2493 ASK:0.2495 MID:0.2494 P1:0.2494 P2:0.24935 P3:0.24935 P4:0.24935 STATE:IDLE
[2026-06-03 02:27:08Z] CHK MOM:0.1% RANGE:0.1% UP:28.57% SPREAD:0.08022462% BID:0.2493 ASK:0.2495 MID:0.2494 P1:0.2494 P2:0.24935 P3:0.24935 P4:0.24935 STATE:IDLE
[2026-06-03 02:27:09Z] CHK MOM:0.1% RANGE:0.1% UP:25% SPREAD:0.08022462% BID:0.2493 ASK:0.2495 MID:0.2494 P1:0.2494 P2:0.2494 P3:0.24935 P4:0.24935 STATE:IDLE
[2026-06-03 02:27:09Z] CHK MOM:0.1% RANGE:0.1% UP:25% SPREAD:0.08022462% BID:0.2493 ASK:0.2495 MID:0.2494 P1:0.2494 P2:0.2494 P3:0.24935 P4:0.24935 STATE:IDLE
[2026-06-03 02:27:10Z] CHK MOM:0.1% RANGE:0.1% UP:25% SPREAD:0.08022462% BID:0.2493 ASK:0.2495 MID:0.2494 P1:0.2494 P2:0.2494 P3:0.24935 P4:0.24935 STATE:IDLE
[2026-06-03 02:27:10Z] CHK MOM:0.1% RANGE:0.1% UP:25% SPREAD:0.08022462% BID:0.2493 ASK:0.2495 MID:0.2494 P1:0.2494 P2:0.2494 P3:0.24935 P4:0.24935 STATE:IDLE
[2026-06-03 02:27:11Z] CHK MOM:0.1% RANGE:0.1% UP:25% SPREAD:0.08022462% BID:0.2493 ASK:0.2495 MID:0.2494 P1:0.2494 P2:0.2494 P3:0.24935 P4:0.24935 STATE:IDLE
[2026-06-03 02:27:11Z] CHK MOM:0.1% RANGE:0.1% UP:25% SPREAD:0.08022462% BID:0.2493 ASK:0.2495 MID:0.2494 P1:0.2494 P2:0.2494 P3:0.24935 P4:0.24935 STATE:IDLE
[2026-06-03 02:27:14Z] CHK MOM:0.04% RANGE:0.04% UP:28.57% SPREAD:0.04009623% BID:0.2494 ASK:0.2495 MID:0.24945 P1:0.24945 P2:0.2494 P3:0.2494 P4:0.24935 STATE:IDLE
[2026-06-03 02:27:14Z] CHK MOM:0.02% RANGE:0.04% UP:28.57% SPREAD:0.08022462% BID:0.2493 ASK:0.2495 MID:0.2494 P1:0.2494 P2:0.24945 P3:0.2494 P4:0.2494 STATE:IDLE
[2026-06-03 02:27:15Z] CHK MOM:0.04% RANGE:0.04% UP:42.85% SPREAD:0.04009623% BID:0.2494 ASK:0.2495 MID:0.24945 P1:0.24945 P2:0.2494 P3:0.24945 P4:0.2494 STATE:IDLE
[2026-06-03 02:27:15Z] CHK MOM:0.04% RANGE:0.04% UP:42.85% SPREAD:0.04009623% BID:0.2494 ASK:0.2495 MID:0.24945 P1:0.24945 P2:0.2494 P3:0.24945 P4:0.2494 STATE:IDLE
[2026-06-03 02:27:16Z] CHK MOM:0.04% RANGE:0.04% UP:42.85% SPREAD:0.04009623% BID:0.2494 ASK:0.2495 MID:0.24945 P1:0.24945 P2:0.2494 P3:0.24945 P4:0.2494 STATE:IDLE
[2026-06-03 02:27:16Z] CHK MOM:0.04% RANGE:0.04% UP:42.85% SPREAD:0.04009623% BID:0.2494 ASK:0.2495 MID:0.24945 P1:0.24945 P2:0.2494 P3:0.24945 P4:0.2494 STATE:IDLE
[2026-06-03 02:27:17Z] CHK MOM:0.04% RANGE:0.04% UP:42.85% SPREAD:0.04009623% BID:0.2494 ASK:0.2495 MID:0.24945 P1:0.24945 P2:0.2494 P3:0.24945 P4:0.2494 STATE:IDLE
[2026-06-03 02:27:17Z] CHK MOM:0.02% RANGE:0.04% UP:50% SPREAD:0.08022462% BID:0.2493 ASK:0.2495 MID:0.2494 P1:0.2494 P2:0.24945 P3:0.2494 P4:0.24945 STATE:IDLE
[2026-06-03 02:27:18Z] CHK MOM:0.02% RANGE:0.04% UP:50% SPREAD:0.08022462% BID:0.2493 ASK:0.2495 MID:0.2494 P1:0.2494 P2:0.24945 P3:0.2494 P4:0.24945 STATE:IDLE
[2026-06-03 02:27:18Z] CHK MOM:0% RANGE:0.02% UP:33.33% SPREAD:0.08022462% BID:0.2493 ASK:0.2495 MID:0.2494 P1:0.2494 P2:0.2494 P3:0.24945 P4:0.2494 STATE:IDLE
[2026-06-03 02:27:19Z] CHK MOM:0% RANGE:0.02% UP:28.57% SPREAD:0.08022462% BID:0.2493 ASK:0.2495 MID:0.2494 P1:0.2494 P2:0.2494 P3:0.2494 P4:0.24945 STATE:IDLE
[2026-06-03 02:27:20Z] CHK MOM:0% RANGE:0.02% UP:25% SPREAD:0.08022462% BID:0.2493 ASK:0.2495 MID:0.2494 P1:0.2494 P2:0.2494 P3:0.2494 P4:0.2494 STATE:IDLE
[2026-06-03 02:27:20Z] CHK MOM:0% RANGE:0.02% UP:25% SPREAD:0.08022462% BID:0.2493 ASK:0.2495 MID:0.2494 P1:0.2494 P2:0.2494 P3:0.2494 P4:0.2494 STATE:IDLE
[2026-06-03 02:27:21Z] CHK MOM:0% RANGE:0.02% UP:25% SPREAD:0.08022462% BID:0.2493 ASK:0.2495 MID:0.2494 P1:0.2494 P2:0.2494 P3:0.2494 P4:0.2494 STATE:IDLE
[2026-06-03 02:27:21Z] CHK MOM:0% RANGE:0.02% UP:25% SPREAD:0.08022462% BID:0.2493 ASK:0.2495 MID:0.2494 P1:0.2494 P2:0.2494 P3:0.2494 P4:0.2494 STATE:IDLE
[2026-06-03 02:27:22Z] CHK MOM:-0.02% RANGE:0.02% UP:14.28% SPREAD:0.08022462% BID:0.2493 ASK:0.2495 MID:0.2494 P1:0.2494 P2:0.2494 P3:0.2494 P4:0.2494 STATE:IDLE
[2026-06-03 02:27:22Z] CHK MOM:0% RANGE:0.02% UP:25% SPREAD:0.04009623% BID:0.2494 ASK:0.2495 MID:0.24945 P1:0.24945 P2:0.2494 P3:0.2494 P4:0.2494 STATE:IDLE
[2026-06-03 02:27:23Z] CHK MOM:0.04% RANGE:0.06% UP:33.33% SPREAD:0.04008016% BID:0.2495 ASK:0.2496 MID:0.24955 P1:0.24955 P2:0.24945 P3:0.2494 P4:0.2494 STATE:IDLE
[2026-06-03 02:27:23Z] CHK MOM:0.04% RANGE:0.06% UP:30% SPREAD:0.04008016% BID:0.2495 ASK:0.2496 MID:0.24955 P1:0.24955 P2:0.24955 P3:0.24945 P4:0.2494 STATE:IDLE
[2026-06-03 02:27:24Z] CHK MOM:0.04% RANGE:0.06% UP:27.27% SPREAD:0.04008016% BID:0.2495 ASK:0.2496 MID:0.24955 P1:0.24955 P2:0.24955 P3:0.24955 P4:0.24945 STATE:IDLE
[2026-06-03 02:27:25Z] CHK MOM:0.04% RANGE:0.06% UP:27.27% SPREAD:0.04008016% BID:0.2495 ASK:0.2496 MID:0.24955 P1:0.24955 P2:0.24955 P3:0.24955 P4:0.24945 STATE:IDLE
[2026-06-03 02:27:26Z] CHK MOM:-0.02% RANGE:0.08% UP:27.27% SPREAD:0.04011231% BID:0.2493 ASK:0.2494 MID:0.24935 P1:0.24935 P2:0.24955 P3:0.24955 P4:0.24955 STATE:IDLE
[2026-06-03 02:27:26Z] CHK MOM:-0.02% RANGE:0.08% UP:27.27% SPREAD:0.04011231% BID:0.2493 ASK:0.2494 MID:0.24935 P1:0.24935 P2:0.24955 P3:0.24955 P4:0.24955 STATE:IDLE
[2026-06-03 02:27:27Z] CHK MOM:-0.02% RANGE:0.08% UP:20% SPREAD:0.04011231% BID:0.2493 ASK:0.2494 MID:0.24935 P1:0.24935 P2:0.24935 P3:0.24955 P4:0.24955 STATE:IDLE
[2026-06-03 02:27:27Z] CHK MOM:-0.06% RANGE:0.12% UP:18.18% SPREAD:0.04012841% BID:0.2492 ASK:0.2493 MID:0.24925 P1:0.24925 P2:0.24935 P3:0.24935 P4:0.24955 STATE:IDLE
[2026-06-03 02:27:28Z] CHK MOM:-0.06% RANGE:0.12% UP:18.18% SPREAD:0.04012841% BID:0.2492 ASK:0.2493 MID:0.24925 P1:0.24925 P2:0.24935 P3:0.24935 P4:0.24955 STATE:IDLE
[2026-06-03 02:27:28Z] CHK MOM:-0.06% RANGE:0.12% UP:18.18% SPREAD:0.04012841% BID:0.2492 ASK:0.2493 MID:0.24925 P1:0.24925 P2:0.24935 P3:0.24935 P4:0.24955 STATE:IDLE
[2026-06-03 02:27:29Z] CHK MOM:-0.06% RANGE:0.12% UP:18.18% SPREAD:0.04012841% BID:0.2492 ASK:0.2493 MID:0.24925 P1:0.24925 P2:0.24935 P3:0.24935 P4:0.24955 STATE:IDLE
[2026-06-03 02:27:29Z] CHK MOM:-0.06% RANGE:0.12% UP:18.18% SPREAD:0.04012841% BID:0.2492 ASK:0.2493 MID:0.24925 P1:0.24925 P2:0.24935 P3:0.24935 P4:0.24955 STATE:IDLE
[2026-06-03 02:27:30Z] CHK MOM:-0.06% RANGE:0.12% UP:18.18% SPREAD:0.04012841% BID:0.2492 ASK:0.2493 MID:0.24925 P1:0.24925 P2:0.24935 P3:0.24935 P4:0.24955 STATE:IDLE
[2026-06-03 02:27:31Z] CHK MOM:-0.06% RANGE:0.12% UP:18.18% SPREAD:0.04012841% BID:0.2492 ASK:0.2493 MID:0.24925 P1:0.24925 P2:0.24925 P3:0.24935 P4:0.24935 STATE:IDLE
[2026-06-03 02:27:31Z] CHK MOM:-0.1% RANGE:0.16% UP:20% SPREAD:0.04014452% BID:0.2491 ASK:0.2492 MID:0.24914999 P1:0.24914999 P2:0.24925 P3:0.24925 P4:0.24935 STATE:IDLE
[2026-06-03 02:27:32Z] CHK MOM:-0.1% RANGE:0.16% UP:20% SPREAD:0.04014452% BID:0.2491 ASK:0.2492 MID:0.24914999 P1:0.24914999 P2:0.24914999 P3:0.24925 P4:0.24925 STATE:IDLE
[2026-06-03 02:27:32Z] CHK MOM:-0.1% RANGE:0.16% UP:20% SPREAD:0.04014452% BID:0.2491 ASK:0.2492 MID:0.24914999 P1:0.24914999 P2:0.24914999 P3:0.24925 P4:0.24925 STATE:IDLE
[2026-06-03 02:27:33Z] CHK MOM:-0.1% RANGE:0.16% UP:20% SPREAD:0.04014452% BID:0.2491 ASK:0.2492 MID:0.24914999 P1:0.24914999 P2:0.24914999 P3:0.24925 P4:0.24925 STATE:IDLE
[2026-06-03 02:27:33Z] CHK MOM:-0.1% RANGE:0.16% UP:20% SPREAD:0.04014452% BID:0.2491 ASK:0.2492 MID:0.24914999 P1:0.24914999 P2:0.24914999 P3:0.24925 P4:0.24925 STATE:IDLE
[2026-06-03 02:27:34Z] CHK MOM:-0.1% RANGE:0.16% UP:20% SPREAD:0.04014452% BID:0.2491 ASK:0.2492 MID:0.24914999 P1:0.24914999 P2:0.24914999 P3:0.24925 P4:0.24925 STATE:IDLE
[2026-06-03 02:27:34Z] CHK MOM:-0.1% RANGE:0.16% UP:20% SPREAD:0.04014452% BID:0.2491 ASK:0.2492 MID:0.24914999 P1:0.24914999 P2:0.24914999 P3:0.24925 P4:0.24925 STATE:IDLE
[2026-06-03 02:27:35Z] CHK MOM:-0.16% RANGE:0.16% UP:0% SPREAD:0.04014452% BID:0.2491 ASK:0.2492 MID:0.24914999 P1:0.24914999 P2:0.24914999 P3:0.24914999 P4:0.24925 STATE:IDLE
[2026-06-03 02:27:36Z] CHK MOM:-0.16% RANGE:0.16% UP:0% SPREAD:0.04014452% BID:0.2491 ASK:0.2492 MID:0.24914999 P1:0.24914999 P2:0.24914999 P3:0.24914999 P4:0.24925 STATE:IDLE
[2026-06-03 02:27:36Z] CHK MOM:-0.16% RANGE:0.16% UP:0% SPREAD:0.04014452% BID:0.2491 ASK:0.2492 MID:0.24914999 P1:0.24914999 P2:0.24914999 P3:0.24914999 P4:0.24925 STATE:IDLE
[2026-06-03 02:27:37Z] CHK MOM:-0.16% RANGE:0.16% UP:0% SPREAD:0.04014452% BID:0.2491 ASK:0.2492 MID:0.24914999 P1:0.24914999 P2:0.24914999 P3:0.24914999 P4:0.24925 STATE:IDLE
[2026-06-03 02:27:37Z] CHK MOM:-0.08% RANGE:0.08% UP:0% SPREAD:0.04014452% BID:0.2491 ASK:0.2492 MID:0.24914999 P1:0.24914999 P2:0.24914999 P3:0.24914999 P4:0.24914999 STATE:IDLE
[2026-06-03 02:27:38Z] CHK MOM:-0.08% RANGE:0.08% UP:0% SPREAD:0.04014452% BID:0.2491 ASK:0.2492 MID:0.24914999 P1:0.24914999 P2:0.24914999 P3:0.24914999 P4:0.24914999 STATE:IDLE
[2026-06-03 02:27:38Z] CHK MOM:-0.08% RANGE:0.08% UP:0% SPREAD:0.04014452% BID:0.2491 ASK:0.2492 MID:0.24914999 P1:0.24914999 P2:0.24914999 P3:0.24914999 P4:0.24914999 STATE:IDLE
[2026-06-03 02:27:39Z] CHK MOM:-0.08% RANGE:0.08% UP:0% SPREAD:0.04014452% BID:0.2491 ASK:0.2492 MID:0.24914999 P1:0.24914999 P2:0.24914999 P3:0.24914999 P4:0.24914999 STATE:IDLE
[2026-06-03 02:27:39Z] CHK MOM:-0.08% RANGE:0.08% UP:0% SPREAD:0.04016064% BID:0.249 ASK:0.2491 MID:0.24905 P1:0.24905 P2:0.24914999 P3:0.24914999 P4:0.24914999 STATE:IDLE
[2026-06-03 02:27:40Z] CHK MOM:-0.08% RANGE:0.08% UP:0% SPREAD:0.04016064% BID:0.249 ASK:0.2491 MID:0.24905 P1:0.24905 P2:0.24905 P3:0.24914999 P4:0.24914999 STATE:IDLE
[2026-06-03 02:27:40Z] CHK MOM:-0.08% RANGE:0.08% UP:0% SPREAD:0.04016064% BID:0.249 ASK:0.2491 MID:0.24905 P1:0.24905 P2:0.24905 P3:0.24905 P4:0.24914999 STATE:IDLE
[2026-06-03 02:27:41Z] CHK MOM:-0.08% RANGE:0.08% UP:0% SPREAD:0.04016064% BID:0.249 ASK:0.2491 MID:0.24905 P1:0.24905 P2:0.24905 P3:0.24905 P4:0.24905 STATE:IDLE
[2026-06-03 02:27:42Z] CHK MOM:-0.08% RANGE:0.08% UP:0% SPREAD:0.04016064% BID:0.249 ASK:0.2491 MID:0.24905 P1:0.24905 P2:0.24905 P3:0.24905 P4:0.24905 STATE:IDLE
[2026-06-03 02:27:42Z] CHK MOM:-0.12% RANGE:0.12% UP:0% SPREAD:0.04017677% BID:0.2489 ASK:0.249 MID:0.24895 P1:0.24895 P2:0.24905 P3:0.24905 P4:0.24905 STATE:IDLE
[2026-06-03 02:27:43Z] CHK MOM:-0.12% RANGE:0.12% UP:0% SPREAD:0.04017677% BID:0.2489 ASK:0.249 MID:0.24895 P1:0.24895 P2:0.24905 P3:0.24905 P4:0.24905 STATE:IDLE
[2026-06-03 02:27:43Z] CHK MOM:-0.08% RANGE:0.08% UP:0% SPREAD:0.04017677% BID:0.2489 ASK:0.249 MID:0.24895 P1:0.24895 P2:0.24895 P3:0.24905 P4:0.24905 STATE:IDLE
[2026-06-03 02:27:44Z] CHK MOM:-0.08% RANGE:0.08% UP:0% SPREAD:0.04017677% BID:0.2489 ASK:0.249 MID:0.24895 P1:0.24895 P2:0.24895 P3:0.24895 P4:0.24905 STATE:IDLE
[2026-06-03 02:27:44Z] CHK MOM:-0.08% RANGE:0.08% UP:0% SPREAD:0.04017677% BID:0.2489 ASK:0.249 MID:0.24895 P1:0.24895 P2:0.24895 P3:0.24895 P4:0.24895 STATE:IDLE
[2026-06-03 02:27:45Z] CHK MOM:-0.12% RANGE:0.12% UP:0% SPREAD:0.04019292% BID:0.2488 ASK:0.2489 MID:0.24885 P1:0.24885 P2:0.24895 P3:0.24895 P4:0.24895 STATE:IDLE
[2026-06-03 02:27:45Z] CHK MOM:-0.12% RANGE:0.12% UP:0% SPREAD:0.04019292% BID:0.2488 ASK:0.2489 MID:0.24885 P1:0.24885 P2:0.24885 P3:0.24895 P4:0.24895 STATE:IDLE
[2026-06-03 02:27:46Z] CHK MOM:-0.12% RANGE:0.12% UP:0% SPREAD:0.04019292% BID:0.2488 ASK:0.2489 MID:0.24885 P1:0.24885 P2:0.24885 P3:0.24895 P4:0.24895 STATE:IDLE
[2026-06-03 02:27:47Z] CHK MOM:-0.12% RANGE:0.12% UP:0% SPREAD:0.04019292% BID:0.2488 ASK:0.2489 MID:0.24885 P1:0.24885 P2:0.24885 P3:0.24895 P4:0.24895 STATE:IDLE
[2026-06-03 02:27:47Z] CHK MOM:-0.12% RANGE:0.12% UP:0% SPREAD:0.04019292% BID:0.2488 ASK:0.2489 MID:0.24885 P1:0.24885 P2:0.24885 P3:0.24895 P4:0.24895 STATE:IDLE
[2026-06-03 02:27:48Z] CHK MOM:-0.08% RANGE:0.12% UP:9.09% SPREAD:0.04017677% BID:0.2489 ASK:0.249 MID:0.24895 P1:0.24895 P2:0.24885 P3:0.24885 P4:0.24895 STATE:IDLE
[2026-06-03 02:27:48Z] CHK MOM:-0.08% RANGE:0.12% UP:9.09% SPREAD:0.04017677% BID:0.2489 ASK:0.249 MID:0.24895 P1:0.24895 P2:0.24885 P3:0.24885 P4:0.24895 STATE:IDLE
[2026-06-03 02:27:49Z] CHK MOM:-0.1% RANGE:0.12% UP:8.33% SPREAD:0.08038585% BID:0.2488 ASK:0.249 MID:0.2489 P1:0.2489 P2:0.24895 P3:0.24885 P4:0.24885 STATE:IDLE
[2026-06-03 02:27:49Z] CHK MOM:-0.1% RANGE:0.12% UP:8.33% SPREAD:0.08038585% BID:0.2488 ASK:0.249 MID:0.2489 P1:0.2489 P2:0.24895 P3:0.24885 P4:0.24885 STATE:IDLE
[2026-06-03 02:27:50Z] CHK MOM:-0.1% RANGE:0.12% UP:8.33% SPREAD:0.08038585% BID:0.2488 ASK:0.249 MID:0.2489 P1:0.2489 P2:0.24895 P3:0.24885 P4:0.24885 STATE:IDLE
[2026-06-03 02:27:50Z] CHK MOM:-0.1% RANGE:0.12% UP:8.33% SPREAD:0.08038585% BID:0.2488 ASK:0.249 MID:0.2489 P1:0.2489 P2:0.24895 P3:0.24885 P4:0.24885 STATE:IDLE
[2026-06-03 02:27:51Z] CHK MOM:-0.1% RANGE:0.12% UP:8.33% SPREAD:0.08038585% BID:0.2488 ASK:0.249 MID:0.2489 P1:0.2489 P2:0.24895 P3:0.24885 P4:0.24885 STATE:IDLE
[2026-06-03 02:27:51Z] CHK MOM:-0.02% RANGE:0.08% UP:16.66% SPREAD:0.08035355% BID:0.2489 ASK:0.2491 MID:0.249 P1:0.249 P2:0.2489 P3:0.24895 P4:0.24885 STATE:IDLE
[2026-06-03 02:27:52Z] CHK MOM:-0.02% RANGE:0.08% UP:16.66% SPREAD:0.08035355% BID:0.2489 ASK:0.2491 MID:0.249 P1:0.249 P2:0.249 P3:0.2489 P4:0.24895 STATE:IDLE
[2026-06-03 02:27:53Z] CHK MOM:-0.04% RANGE:0.06% UP:20% SPREAD:0.04019292% BID:0.2488 ASK:0.2489 MID:0.24885 P1:0.24885 P2:0.249 P3:0.249 P4:0.2489 STATE:IDLE
[2026-06-03 02:27:53Z] CHK MOM:-0.04% RANGE:0.06% UP:18.18% SPREAD:0.04019292% BID:0.2488 ASK:0.2489 MID:0.24885 P1:0.24885 P2:0.24885 P3:0.249 P4:0.249 STATE:IDLE
[2026-06-03 02:27:54Z] CHK MOM:-0.04% RANGE:0.06% UP:18.18% SPREAD:0.04019292% BID:0.2488 ASK:0.2489 MID:0.24885 P1:0.24885 P2:0.24885 P3:0.249 P4:0.249 STATE:IDLE
[2026-06-03 02:27:54Z] CHK MOM:-0.04% RANGE:0.06% UP:18.18% SPREAD:0.04019292% BID:0.2488 ASK:0.2489 MID:0.24885 P1:0.24885 P2:0.24885 P3:0.24885 P4:0.249 STATE:IDLE
[2026-06-03 02:27:55Z] CHK MOM:-0.04% RANGE:0.06% UP:18.18% SPREAD:0.04019292% BID:0.2488 ASK:0.2489 MID:0.24885 P1:0.24885 P2:0.24885 P3:0.24885 P4:0.249 STATE:IDLE
[2026-06-03 02:27:55Z] CHK MOM:-0.02% RANGE:0.06% UP:27.27% SPREAD:0.08038585% BID:0.2488 ASK:0.249 MID:0.2489 P1:0.2489 P2:0.24885 P3:0.24885 P4:0.24885 STATE:IDLE
[2026-06-03 02:27:56Z] CHK MOM:-0.02% RANGE:0.06% UP:27.27% SPREAD:0.08038585% BID:0.2488 ASK:0.249 MID:0.2489 P1:0.2489 P2:0.24885 P3:0.24885 P4:0.24885 STATE:IDLE
[2026-06-03 02:27:56Z] CHK MOM:0% RANGE:0.06% UP:30% SPREAD:0.04019292% BID:0.2488 ASK:0.2489 MID:0.24885 P1:0.24885 P2:0.2489 P3:0.24885 P4:0.24885 STATE:IDLE
[2026-06-03 02:27:57Z] CHK MOM:0% RANGE:0.06% UP:30% SPREAD:0.04019292% BID:0.2488 ASK:0.2489 MID:0.24885 P1:0.24885 P2:0.24885 P3:0.2489 P4:0.24885 STATE:IDLE
[2026-06-03 02:27:58Z] CHK MOM:-0.04% RANGE:0.06% UP:20% SPREAD:0.04019292% BID:0.2488 ASK:0.2489 MID:0.24885 P1:0.24885 P2:0.24885 P3:0.24885 P4:0.2489 STATE:IDLE
[2026-06-03 02:27:58Z] CHK MOM:-0.14% RANGE:0.16% UP:18.18% SPREAD:0.08048289% BID:0.2485 ASK:0.2487 MID:0.2486 P1:0.2486 P2:0.24885 P3:0.24885 P4:0.24885 STATE:IDLE
[2026-06-03 02:27:59Z] CHK MOM:-0.14% RANGE:0.16% UP:18.18% SPREAD:0.08048289% BID:0.2485 ASK:0.2487 MID:0.2486 P1:0.2486 P2:0.24885 P3:0.24885 P4:0.24885 STATE:IDLE
[2026-06-03 02:27:59Z] CHK MOM:-0.14% RANGE:0.16% UP:18.18% SPREAD:0.08048289% BID:0.2485 ASK:0.2487 MID:0.2486 P1:0.2486 P2:0.24885 P3:0.24885 P4:0.24885 STATE:IDLE
[2026-06-03 02:28:00Z] CHK MOM:-0.14% RANGE:0.18% UP:18.18% SPREAD:0.04024144% BID:0.2485 ASK:0.2486 MID:0.24855 P1:0.24855 P2:0.2486 P3:0.24885 P4:0.24885 STATE:IDLE
[2026-06-03 02:28:00Z] CHK MOM:-0.14% RANGE:0.18% UP:18.18% SPREAD:0.04024144% BID:0.2485 ASK:0.2486 MID:0.24855 P1:0.24855 P2:0.2486 P3:0.24885 P4:0.24885 STATE:IDLE
[2026-06-03 02:28:01Z] CHK MOM:-0.14% RANGE:0.18% UP:18.18% SPREAD:0.04022526% BID:0.2486 ASK:0.2487 MID:0.24864999 P1:0.24864999 P2:0.24855 P3:0.2486 P4:0.24885 STATE:IDLE
[2026-06-03 02:28:01Z] CHK MOM:-0.16% RANGE:0.18% UP:16.66% SPREAD:0.08048289% BID:0.2485 ASK:0.2487 MID:0.2486 P1:0.2486 P2:0.24864999 P3:0.24855 P4:0.2486 STATE:IDLE
[2026-06-03 02:28:02Z] CHK MOM:-0.14% RANGE:0.18% UP:23.07% SPREAD:0.04022526% BID:0.2486 ASK:0.2487 MID:0.24864999 P1:0.24864999 P2:0.2486 P3:0.24864999 P4:0.24855 STATE:IDLE
[2026-06-03 02:28:02Z] TOKEN_SWITCH old=FETUSDC new=ALLOUSDC source=.service.env
[2026-06-03 02:53:56Z] SESSION_START symbol=FETUSDC dry_run=0 profile=major strategy=momentum base_url=https://api.binance.com
[2026-06-03 02:53:56Z] TOXIC_MEMORY_LOADED count=2 symbols=ORDIUSDC,TONUSDC
[2026-06-03 02:53:59Z] CHK MOM:0% RANGE:0% UP:0% SPREAD:0.03995205% BID:0.2503 ASK:0.2504 MID:0.25035 P1:0.25035 P2:NA P3:NA P4:NA STATE:IDLE
[2026-06-03 02:53:59Z] CHK MOM:-0.01% RANGE:0.01% UP:0% SPREAD:0.07993605% BID:0.2502 ASK:0.2504 MID:0.25029999 P1:0.25029999 P2:0.25035 P3:NA P4:NA STATE:IDLE
[2026-06-03 02:54:00Z] CHK MOM:0% RANGE:0.01% UP:50% SPREAD:0.03995205% BID:0.2503 ASK:0.2504 MID:0.25035 P1:0.25035 P2:0.25029999 P3:0.25035 P4:NA STATE:IDLE
[2026-06-03 02:54:00Z] CHK MOM:0% RANGE:0.01% UP:50% SPREAD:0.03995205% BID:0.2503 ASK:0.2504 MID:0.25035 P1:0.25035 P2:0.25029999 P3:0.25035 P4:NA STATE:IDLE
[2026-06-03 02:54:01Z] CHK MOM:0% RANGE:0.01% UP:50% SPREAD:0.03995205% BID:0.2503 ASK:0.2504 MID:0.25035 P1:0.25035 P2:0.25029999 P3:0.25035 P4:NA STATE:IDLE
[2026-06-03 02:54:01Z] CHK MOM:-0.03% RANGE:0.03% UP:33.33% SPREAD:0.03996802% BID:0.2502 ASK:0.2503 MID:0.25025 P1:0.25025 P2:0.25035 P3:0.25029999 P4:0.25035 STATE:IDLE
[2026-06-03 02:54:02Z] CHK MOM:-0.03% RANGE:0.03% UP:25% SPREAD:0.03996802% BID:0.2502 ASK:0.2503 MID:0.25025 P1:0.25025 P2:0.25025 P3:0.25035 P4:0.25029999 STATE:IDLE
[2026-06-03 02:54:02Z] CHK MOM:-0.03% RANGE:0.03% UP:25% SPREAD:0.03996802% BID:0.2502 ASK:0.2503 MID:0.25025 P1:0.25025 P2:0.25025 P3:0.25035 P4:0.25029999 STATE:IDLE
[2026-06-03 02:54:03Z] CHK MOM:-0.07% RANGE:0.07% UP:20% SPREAD:0.039984% BID:0.2501 ASK:0.2502 MID:0.25015 P1:0.25015 P2:0.25025 P3:0.25025 P4:0.25035 STATE:IDLE
[2026-06-03 02:54:03Z] CHK MOM:-0.03% RANGE:0.07% UP:33.33% SPREAD:0.03996802% BID:0.2502 ASK:0.2503 MID:0.25025 P1:0.25025 P2:0.25015 P3:0.25025 P4:0.25025 STATE:IDLE
[2026-06-03 02:54:04Z] CHK MOM:-0.05% RANGE:0.07% UP:28.57% SPREAD:0.07996801% BID:0.2501 ASK:0.2503 MID:0.2502 P1:0.2502 P2:0.25025 P3:0.25015 P4:0.25025 STATE:IDLE
[2026-06-03 02:54:05Z] CHK MOM:-0.05% RANGE:0.07% UP:25% SPREAD:0.07996801% BID:0.2501 ASK:0.2503 MID:0.2502 P1:0.2502 P2:0.2502 P3:0.25025 P4:0.25015 STATE:IDLE
[2026-06-03 02:54:05Z] CHK MOM:-0.01% RANGE:0.07% UP:33.33% SPREAD:0.07993605% BID:0.2502 ASK:0.2504 MID:0.25029999 P1:0.25029999 P2:0.2502 P3:0.2502 P4:0.25025 STATE:IDLE
[2026-06-03 02:54:06Z] CHK MOM:-0.01% RANGE:0.07% UP:33.33% SPREAD:0.07993605% BID:0.2502 ASK:0.2504 MID:0.25029999 P1:0.25029999 P2:0.2502 P3:0.2502 P4:0.25025 STATE:IDLE
[2026-06-03 02:54:06Z] CHK MOM:-0.03% RANGE:0.07% UP:30% SPREAD:0.03996802% BID:0.2502 ASK:0.2503 MID:0.25025 P1:0.25025 P2:0.25029999 P3:0.2502 P4:0.2502 STATE:IDLE
[2026-06-03 02:54:07Z] CHK MOM:-0.01% RANGE:0.07% UP:36.36% SPREAD:0.07993605% BID:0.2502 ASK:0.2504 MID:0.25029999 P1:0.25029999 P2:0.25025 P3:0.25029999 P4:0.2502 STATE:IDLE
[2026-06-03 02:54:07Z] CHK MOM:-0.01% RANGE:0.07% UP:36.36% SPREAD:0.07993605% BID:0.2502 ASK:0.2504 MID:0.25029999 P1:0.25029999 P2:0.25025 P3:0.25029999 P4:0.2502 STATE:IDLE
[2026-06-03 02:54:08Z] CHK MOM:-0.01% RANGE:0.07% UP:36.36% SPREAD:0.07993605% BID:0.2502 ASK:0.2504 MID:0.25029999 P1:0.25029999 P2:0.25025 P3:0.25029999 P4:0.2502 STATE:IDLE
[2026-06-03 02:54:08Z] CHK MOM:-0.03% RANGE:0.07% UP:33.33% SPREAD:0.03996802% BID:0.2502 ASK:0.2503 MID:0.25025 P1:0.25025 P2:0.25029999 P3:0.25025 P4:0.25029999 STATE:IDLE
[2026-06-03 02:54:09Z] CHK MOM:-0.03% RANGE:0.07% UP:33.33% SPREAD:0.03996802% BID:0.2502 ASK:0.2503 MID:0.25025 P1:0.25025 P2:0.25029999 P3:0.25025 P4:0.25029999 STATE:IDLE
[2026-06-03 02:54:10Z] CHK MOM:-0.01% RANGE:0.07% UP:38.46% SPREAD:0.07993605% BID:0.2502 ASK:0.2504 MID:0.25029999 P1:0.25029999 P2:0.25025 P3:0.25029999 P4:0.25025 STATE:IDLE
[2026-06-03 02:54:10Z] CHK MOM:0.03% RANGE:0.11% UP:42.85% SPREAD:0.0399361% BID:0.2504 ASK:0.2505 MID:0.25045 P1:0.25045 P2:0.25029999 P3:0.25025 P4:0.25029999 STATE:IDLE
[2026-06-03 02:54:11Z] CHK MOM:0.03% RANGE:0.11% UP:42.85% SPREAD:0.07990411% BID:0.2503 ASK:0.2505 MID:0.2504 P1:0.2504 P2:0.25045 P3:0.25029999 P4:0.25025 STATE:IDLE
[2026-06-03 02:54:11Z] CHK MOM:0.03% RANGE:0.11% UP:42.85% SPREAD:0.07990411% BID:0.2503 ASK:0.2505 MID:0.2504 P1:0.2504 P2:0.25045 P3:0.25029999 P4:0.25025 STATE:IDLE
[2026-06-03 02:54:12Z] CHK MOM:0.03% RANGE:0.11% UP:42.85% SPREAD:0.07990411% BID:0.2503 ASK:0.2505 MID:0.2504 P1:0.2504 P2:0.25045 P3:0.25029999 P4:0.25025 STATE:IDLE
[2026-06-03 02:54:12Z] CHK MOM:0.05% RANGE:0.11% UP:38.46% SPREAD:0.07990411% BID:0.2503 ASK:0.2505 MID:0.2504 P1:0.2504 P2:0.2504 P3:0.25045 P4:0.25029999 STATE:IDLE
[2026-06-03 02:54:13Z] CHK MOM:0.03% RANGE:0.11% UP:35.71% SPREAD:0.03995205% BID:0.2503 ASK:0.2504 MID:0.25035 P1:0.25035 P2:0.2504 P3:0.2504 P4:0.25045 STATE:IDLE
[2026-06-03 02:54:13Z] CHK MOM:0.03% RANGE:0.11% UP:35.71% SPREAD:0.03995205% BID:0.2503 ASK:0.2504 MID:0.25035 P1:0.25035 P2:0.2504 P3:0.2504 P4:0.25045 STATE:IDLE
[2026-06-03 02:54:14Z] CHK MOM:0.03% RANGE:0.11% UP:35.71% SPREAD:0.03995205% BID:0.2503 ASK:0.2504 MID:0.25035 P1:0.25035 P2:0.2504 P3:0.2504 P4:0.25045 STATE:IDLE
[2026-06-03 02:54:14Z] CHK MOM:0.03% RANGE:0.11% UP:35.71% SPREAD:0.03995205% BID:0.2503 ASK:0.2504 MID:0.25035 P1:0.25035 P2:0.2504 P3:0.2504 P4:0.25045 STATE:IDLE
[2026-06-03 02:54:16Z] CHK MOM:0.03% RANGE:0.11% UP:35.71% SPREAD:0.03995205% BID:0.2503 ASK:0.2504 MID:0.25035 P1:0.25035 P2:0.2504 P3:0.2504 P4:0.25045 STATE:IDLE
[2026-06-03 02:54:16Z] CHK MOM:0.07% RANGE:0.09% UP:45.45% SPREAD:0.07990411% BID:0.2503 ASK:0.2505 MID:0.2504 P1:0.2504 P2:0.25035 P3:0.2504 P4:0.2504 STATE:IDLE
[2026-06-03 02:54:17Z] CHK MOM:-0.01% RANGE:0.07% UP:40% SPREAD:0.03996802% BID:0.2502 ASK:0.2503 MID:0.25025 P1:0.25025 P2:0.2504 P3:0.25035 P4:0.2504 STATE:IDLE
[2026-06-03 02:54:17Z] CHK MOM:0% RANGE:0.07% UP:40% SPREAD:0.03996802% BID:0.2502 ASK:0.2503 MID:0.25025 P1:0.25025 P2:0.25025 P3:0.2504 P4:0.25035 STATE:IDLE
[2026-06-03 02:54:18Z] CHK MOM:0% RANGE:0.07% UP:40% SPREAD:0.03996802% BID:0.2502 ASK:0.2503 MID:0.25025 P1:0.25025 P2:0.25025 P3:0.2504 P4:0.25035 STATE:IDLE
[2026-06-03 02:54:18Z] CHK MOM:0% RANGE:0.07% UP:40% SPREAD:0.03996802% BID:0.2502 ASK:0.2503 MID:0.25025 P1:0.25025 P2:0.25025 P3:0.2504 P4:0.25035 STATE:IDLE
[2026-06-03 02:54:19Z] CHK MOM:0% RANGE:0.07% UP:40% SPREAD:0.03996802% BID:0.2502 ASK:0.2503 MID:0.25025 P1:0.25025 P2:0.25025 P3:0.2504 P4:0.25035 STATE:IDLE
[2026-06-03 02:54:19Z] CHK MOM:0% RANGE:0.07% UP:40% SPREAD:0.03996802% BID:0.2502 ASK:0.2503 MID:0.25025 P1:0.25025 P2:0.25025 P3:0.2504 P4:0.25035 STATE:IDLE
[2026-06-03 02:54:20Z] CHK MOM:0% RANGE:0.07% UP:40% SPREAD:0.03996802% BID:0.2502 ASK:0.2503 MID:0.25025 P1:0.25025 P2:0.25025 P3:0.2504 P4:0.25035 STATE:IDLE
[2026-06-03 02:54:21Z] CHK MOM:-0.01% RANGE:0.07% UP:25% SPREAD:0.03996802% BID:0.2502 ASK:0.2503 MID:0.25025 P1:0.25025 P2:0.25025 P3:0.25025 P4:0.2504 STATE:IDLE
[2026-06-03 02:54:21Z] CHK MOM:-0.01% RANGE:0.07% UP:25% SPREAD:0.03996802% BID:0.2502 ASK:0.2503 MID:0.25025 P1:0.25025 P2:0.25025 P3:0.25025 P4:0.2504 STATE:IDLE
[2026-06-03 02:54:22Z] CHK MOM:-0.01% RANGE:0.07% UP:25% SPREAD:0.03996802% BID:0.2502 ASK:0.2503 MID:0.25025 P1:0.25025 P2:0.25025 P3:0.25025 P4:0.2504 STATE:IDLE
[2026-06-03 02:54:22Z] CHK MOM:-0.01% RANGE:0.07% UP:25% SPREAD:0.03996802% BID:0.2502 ASK:0.2503 MID:0.25025 P1:0.25025 P2:0.25025 P3:0.25025 P4:0.2504 STATE:IDLE
[2026-06-03 02:54:23Z] CHK MOM:0.07% RANGE:0.13% UP:33.33% SPREAD:0.07984031% BID:0.2505 ASK:0.2507 MID:0.2506 P1:0.2506 P2:0.25025 P3:0.25025 P4:0.25025 STATE:IDLE
[2026-06-03 02:54:23Z] CHK MOM:0.07% RANGE:0.13% UP:33.33% SPREAD:0.07984031% BID:0.2505 ASK:0.2507 MID:0.2506 P1:0.2506 P2:0.25025 P3:0.25025 P4:0.25025 STATE:IDLE
[2026-06-03 02:54:24Z] CHK MOM:0.07% RANGE:0.13% UP:33.33% SPREAD:0.07984031% BID:0.2505 ASK:0.2507 MID:0.2506 P1:0.2506 P2:0.25025 P3:0.25025 P4:0.25025 STATE:IDLE
[2026-06-03 02:54:24Z] CHK MOM:0.07% RANGE:0.13% UP:33.33% SPREAD:0.07984031% BID:0.2505 ASK:0.2507 MID:0.2506 P1:0.2506 P2:0.25025 P3:0.25025 P4:0.25025 STATE:IDLE
[2026-06-03 02:54:25Z] CHK MOM:0.07% RANGE:0.13% UP:33.33% SPREAD:0.07984031% BID:0.2505 ASK:0.2507 MID:0.2506 P1:0.2506 P2:0.25025 P3:0.25025 P4:0.25025 STATE:IDLE
[2026-06-03 02:54:26Z] CHK MOM:0.07% RANGE:0.13% UP:20% SPREAD:0.07984031% BID:0.2505 ASK:0.2507 MID:0.2506 P1:0.2506 P2:0.2506 P3:0.25025 P4:0.25025 STATE:IDLE
[2026-06-03 02:54:26Z] CHK MOM:0.07% RANGE:0.13% UP:20% SPREAD:0.07984031% BID:0.2505 ASK:0.2507 MID:0.2506 P1:0.2506 P2:0.2506 P3:0.25025 P4:0.25025 STATE:IDLE
[2026-06-03 02:54:27Z] CHK MOM:0.07% RANGE:0.13% UP:20% SPREAD:0.07984031% BID:0.2505 ASK:0.2507 MID:0.2506 P1:0.2506 P2:0.2506 P3:0.25025 P4:0.25025 STATE:IDLE
[2026-06-03 02:54:27Z] CHK MOM:0.05% RANGE:0.13% UP:20% SPREAD:0.07990411% BID:0.2503 ASK:0.2505 MID:0.2504 P1:0.2504 P2:0.2506 P3:0.2506 P4:0.25025 STATE:IDLE
[2026-06-03 02:54:28Z] CHK MOM:0.05% RANGE:0.13% UP:20% SPREAD:0.07990411% BID:0.2503 ASK:0.2505 MID:0.2504 P1:0.2504 P2:0.2506 P3:0.2506 P4:0.25025 STATE:IDLE
[2026-06-03 02:54:28Z] CHK MOM:0.03% RANGE:0.13% UP:16.66% SPREAD:0.11990407% BID:0.2502 ASK:0.2505 MID:0.25034999 P1:0.25034999 P2:0.2504 P3:0.2506 P4:0.2506 STATE:IDLE
[2026-06-03 02:54:29Z] CHK MOM:0.01% RANGE:0.13% UP:14.28% SPREAD:0.07993605% BID:0.2502 ASK:0.2504 MID:0.25029999 P1:0.25029999 P2:0.25034999 P3:0.2504 P4:0.2506 STATE:IDLE
[2026-06-03 02:54:29Z] CHK MOM:0.05% RANGE:0.13% UP:33.33% SPREAD:0.07990411% BID:0.2503 ASK:0.2505 MID:0.2504 P1:0.2504 P2:0.25029999 P3:0.25034999 P4:0.2504 STATE:IDLE
[2026-06-03 02:54:30Z] CHK MOM:0.03% RANGE:0.13% UP:28.57% SPREAD:0.03995205% BID:0.2503 ASK:0.2504 MID:0.25035 P1:0.25035 P2:0.2504 P3:0.25029999 P4:0.25034999 STATE:IDLE
[2026-06-03 02:54:30Z] CHK MOM:0.03% RANGE:0.13% UP:28.57% SPREAD:0.03995205% BID:0.2503 ASK:0.2504 MID:0.25035 P1:0.25035 P2:0.2504 P3:0.25029999 P4:0.25034999 STATE:IDLE
[2026-06-03 02:54:31Z] CHK MOM:0.03% RANGE:0.13% UP:25% SPREAD:0.03995205% BID:0.2503 ASK:0.2504 MID:0.25035 P1:0.25035 P2:0.25035 P3:0.2504 P4:0.25029999 STATE:IDLE
[2026-06-03 02:54:32Z] CHK MOM:0.03% RANGE:0.13% UP:25% SPREAD:0.03995205% BID:0.2503 ASK:0.2504 MID:0.25035 P1:0.25035 P2:0.25035 P3:0.2504 P4:0.25029999 STATE:IDLE
[2026-06-03 02:54:32Z] CHK MOM:0.03% RANGE:0.13% UP:25% SPREAD:0.03995205% BID:0.2503 ASK:0.2504 MID:0.25035 P1:0.25035 P2:0.25035 P3:0.2504 P4:0.25029999 STATE:IDLE
[2026-06-03 02:54:33Z] CHK MOM:0.03% RANGE:0.13% UP:25% SPREAD:0.03995205% BID:0.2503 ASK:0.2504 MID:0.25035 P1:0.25035 P2:0.25035 P3:0.2504 P4:0.25029999 STATE:IDLE
[2026-06-03 02:54:33Z] CHK MOM:0.03% RANGE:0.13% UP:25% SPREAD:0.03995205% BID:0.2503 ASK:0.2504 MID:0.25035 P1:0.25035 P2:0.25035 P3:0.2504 P4:0.25029999 STATE:IDLE
[2026-06-03 02:54:34Z] CHK MOM:-0.09% RANGE:0.11% UP:12.5% SPREAD:0.03995205% BID:0.2503 ASK:0.2504 MID:0.25035 P1:0.25035 P2:0.25035 P3:0.25035 P4:0.2504 STATE:IDLE
[2026-06-03 02:54:34Z] CHK MOM:-0.09% RANGE:0.11% UP:12.5% SPREAD:0.03995205% BID:0.2503 ASK:0.2504 MID:0.25035 P1:0.25035 P2:0.25035 P3:0.25035 P4:0.2504 STATE:IDLE
[2026-06-03 02:54:35Z] CHK MOM:-0.09% RANGE:0.11% UP:12.5% SPREAD:0.03995205% BID:0.2503 ASK:0.2504 MID:0.25035 P1:0.25035 P2:0.25035 P3:0.25035 P4:0.2504 STATE:IDLE
[2026-06-03 02:54:35Z] CHK MOM:-0.09% RANGE:0.11% UP:12.5% SPREAD:0.03995205% BID:0.2503 ASK:0.2504 MID:0.25035 P1:0.25035 P2:0.25035 P3:0.25035 P4:0.2504 STATE:IDLE
[2026-06-03 02:54:36Z] CHK MOM:-0.09% RANGE:0.11% UP:12.5% SPREAD:0.03995205% BID:0.2503 ASK:0.2504 MID:0.25035 P1:0.25035 P2:0.25035 P3:0.25035 P4:0.25035 STATE:IDLE
[2026-06-03 02:54:37Z] CHK MOM:-0.09% RANGE:0.11% UP:12.5% SPREAD:0.03995205% BID:0.2503 ASK:0.2504 MID:0.25035 P1:0.25035 P2:0.25035 P3:0.25035 P4:0.25035 STATE:IDLE
[2026-06-03 02:54:37Z] CHK MOM:-0.09% RANGE:0.11% UP:12.5% SPREAD:0.03995205% BID:0.2503 ASK:0.2504 MID:0.25035 P1:0.25035 P2:0.25035 P3:0.25035 P4:0.25035 STATE:IDLE
[2026-06-03 02:54:38Z] CHK MOM:0% RANGE:0.03% UP:25% SPREAD:0.07990411% BID:0.2503 ASK:0.2505 MID:0.2504 P1:0.2504 P2:0.25035 P3:0.25035 P4:0.25035 STATE:IDLE
[2026-06-03 02:54:38Z] CHK MOM:0% RANGE:0.03% UP:22.22% SPREAD:0.07990411% BID:0.2503 ASK:0.2505 MID:0.2504 P1:0.2504 P2:0.2504 P3:0.25035 P4:0.25035 STATE:IDLE
[2026-06-03 02:54:39Z] CHK MOM:0% RANGE:0.03% UP:22.22% SPREAD:0.07990411% BID:0.2503 ASK:0.2505 MID:0.2504 P1:0.2504 P2:0.2504 P3:0.25035 P4:0.25035 STATE:IDLE
[2026-06-03 02:54:39Z] CHK MOM:0% RANGE:0.03% UP:22.22% SPREAD:0.07990411% BID:0.2503 ASK:0.2505 MID:0.2504 P1:0.2504 P2:0.2504 P3:0.25035 P4:0.25035 STATE:IDLE
[2026-06-03 02:54:40Z] CHK MOM:0% RANGE:0.03% UP:22.22% SPREAD:0.07990411% BID:0.2503 ASK:0.2505 MID:0.2504 P1:0.2504 P2:0.2504 P3:0.25035 P4:0.25035 STATE:IDLE
[2026-06-03 02:54:40Z] CHK MOM:0% RANGE:0.03% UP:22.22% SPREAD:0.07990411% BID:0.2503 ASK:0.2505 MID:0.2504 P1:0.2504 P2:0.2504 P3:0.25035 P4:0.25035 STATE:IDLE
[2026-06-03 02:54:41Z] CHK MOM:-0.01% RANGE:0.01% UP:14.28% SPREAD:0.03995205% BID:0.2503 ASK:0.2504 MID:0.25035 P1:0.25035 P2:0.2504 P3:0.2504 P4:0.25035 STATE:IDLE
[2026-06-03 02:54:41Z] CHK MOM:0% RANGE:0.01% UP:14.28% SPREAD:0.03995205% BID:0.2503 ASK:0.2504 MID:0.25035 P1:0.25035 P2:0.25035 P3:0.2504 P4:0.2504 STATE:IDLE
[2026-06-03 02:54:42Z] CHK MOM:0% RANGE:0.01% UP:14.28% SPREAD:0.03995205% BID:0.2503 ASK:0.2504 MID:0.25035 P1:0.25035 P2:0.25035 P3:0.25035 P4:0.2504 STATE:IDLE
[2026-06-03 02:54:43Z] CHK MOM:-0.01% RANGE:0.03% UP:14.28% SPREAD:0.07993605% BID:0.2502 ASK:0.2504 MID:0.25029999 P1:0.25029999 P2:0.25035 P3:0.25035 P4:0.25035 STATE:IDLE
[2026-06-03 02:54:43Z] CHK MOM:-0.03% RANGE:0.05% UP:12.5% SPREAD:0.03996802% BID:0.2502 ASK:0.2503 MID:0.25025 P1:0.25025 P2:0.25029999 P3:0.25035 P4:0.25035 STATE:IDLE
[2026-06-03 02:54:44Z] CHK MOM:-0.01% RANGE:0.05% UP:22.22% SPREAD:0.07993605% BID:0.2502 ASK:0.2504 MID:0.25029999 P1:0.25029999 P2:0.25025 P3:0.25029999 P4:0.25035 STATE:IDLE
[2026-06-03 02:54:44Z] CHK MOM:-0.01% RANGE:0.05% UP:20% SPREAD:0.07993605% BID:0.2502 ASK:0.2504 MID:0.25029999 P1:0.25029999 P2:0.25029999 P3:0.25025 P4:0.25029999 STATE:IDLE
[2026-06-03 02:54:45Z] CHK MOM:-0.01% RANGE:0.05% UP:20% SPREAD:0.07993605% BID:0.2502 ASK:0.2504 MID:0.25029999 P1:0.25029999 P2:0.25029999 P3:0.25025 P4:0.25029999 STATE:IDLE
[2026-06-03 02:54:45Z] CHK MOM:-0.01% RANGE:0.05% UP:18.18% SPREAD:0.07993605% BID:0.2502 ASK:0.2504 MID:0.25029999 P1:0.25029999 P2:0.25029999 P3:0.25029999 P4:0.25025 STATE:IDLE
[2026-06-03 02:54:46Z] CHK MOM:-0.01% RANGE:0.05% UP:18.18% SPREAD:0.07993605% BID:0.2502 ASK:0.2504 MID:0.25029999 P1:0.25029999 P2:0.25029999 P3:0.25029999 P4:0.25025 STATE:IDLE
[2026-06-03 02:54:46Z] CHK MOM:-0.01% RANGE:0.05% UP:18.18% SPREAD:0.07993605% BID:0.2502 ASK:0.2504 MID:0.25029999 P1:0.25029999 P2:0.25029999 P3:0.25029999 P4:0.25025 STATE:IDLE
[2026-06-03 02:54:47Z] CHK MOM:-0.01% RANGE:0.05% UP:18.18% SPREAD:0.07993605% BID:0.2502 ASK:0.2504 MID:0.25029999 P1:0.25029999 P2:0.25029999 P3:0.25029999 P4:0.25025 STATE:IDLE
[2026-06-03 02:54:48Z] CHK MOM:-0.01% RANGE:0.05% UP:18.18% SPREAD:0.07993605% BID:0.2502 ASK:0.2504 MID:0.25029999 P1:0.25029999 P2:0.25029999 P3:0.25029999 P4:0.25029999 STATE:IDLE
[2026-06-03 02:54:48Z] CHK MOM:-0.03% RANGE:0.05% UP:9.09% SPREAD:0.07993605% BID:0.2502 ASK:0.2504 MID:0.25029999 P1:0.25029999 P2:0.25029999 P3:0.25029999 P4:0.25029999 STATE:IDLE
[2026-06-03 02:54:49Z] CHK MOM:-0.03% RANGE:0.05% UP:9.09% SPREAD:0.07993605% BID:0.2502 ASK:0.2504 MID:0.25029999 P1:0.25029999 P2:0.25029999 P3:0.25029999 P4:0.25029999 STATE:IDLE
[2026-06-03 02:54:49Z] CHK MOM:-0.01% RANGE:0.05% UP:16.66% SPREAD:0.03995205% BID:0.2503 ASK:0.2504 MID:0.25035 P1:0.25035 P2:0.25029999 P3:0.25029999 P4:0.25029999 STATE:IDLE
[2026-06-03 02:54:50Z] CHK MOM:-0.01% RANGE:0.05% UP:16.66% SPREAD:0.03995205% BID:0.2503 ASK:0.2504 MID:0.25035 P1:0.25035 P2:0.25029999 P3:0.25029999 P4:0.25029999 STATE:IDLE
[2026-06-03 02:54:50Z] CHK MOM:-0.01% RANGE:0.05% UP:16.66% SPREAD:0.03995205% BID:0.2503 ASK:0.2504 MID:0.25035 P1:0.25035 P2:0.25029999 P3:0.25029999 P4:0.25029999 STATE:IDLE
[2026-06-03 02:54:51Z] CHK MOM:0.03% RANGE:0.07% UP:27.27% SPREAD:0.0399361% BID:0.2504 ASK:0.2505 MID:0.25045 P1:0.25045 P2:0.25035 P3:0.25029999 P4:0.25029999 STATE:IDLE
[2026-06-03 02:54:51Z] CHK MOM:0.03% RANGE:0.07% UP:25% SPREAD:0.0399361% BID:0.2504 ASK:0.2505 MID:0.25045 P1:0.25045 P2:0.25045 P3:0.25035 P4:0.25029999 STATE:IDLE
[2026-06-03 02:54:52Z] CHK MOM:0.03% RANGE:0.07% UP:25% SPREAD:0.0399361% BID:0.2504 ASK:0.2505 MID:0.25045 P1:0.25045 P2:0.25045 P3:0.25035 P4:0.25029999 STATE:IDLE
[2026-06-03 02:54:52Z] CHK MOM:0.05% RANGE:0.09% UP:30.76% SPREAD:0.0798722% BID:0.2504 ASK:0.2506 MID:0.2505 P1:0.2505 P2:0.25045 P3:0.25045 P4:0.25035 STATE:IDLE
[2026-06-03 02:54:53Z] CHK MOM:0.05% RANGE:0.09% UP:30.76% SPREAD:0.0798722% BID:0.2504 ASK:0.2506 MID:0.2505 P1:0.2505 P2:0.25045 P3:0.25045 P4:0.25035 STATE:IDLE
[2026-06-03 02:54:54Z] CHK MOM:0.05% RANGE:0.09% UP:30.76% SPREAD:0.0798722% BID:0.2504 ASK:0.2506 MID:0.2505 P1:0.2505 P2:0.25045 P3:0.25045 P4:0.25035 STATE:IDLE
[2026-06-03 02:54:54Z] CHK MOM:0.09% RANGE:0.11% UP:45.45% SPREAD:0.03992015% BID:0.2505 ASK:0.2506 MID:0.25055 P1:0.25055 P2:0.2505 P3:0.25045 P4:0.25045 STATE:IDLE
[2026-06-03 02:54:55Z] CHK MOM:0.11% RANGE:0.11% UP:45.45% SPREAD:0.03992015% BID:0.2505 ASK:0.2506 MID:0.25055 P1:0.25055 P2:0.25055 P3:0.2505 P4:0.25045 STATE:IDLE
[2026-06-03 02:54:55Z] CHK MOM:0.13% RANGE:0.13% UP:45.45% SPREAD:0.03990422% BID:0.2506 ASK:0.2507 MID:0.25065 P1:0.25065 P2:0.25055 P3:0.25055 P4:0.2505 STATE:IDLE
[2026-06-03 02:54:56Z] CHK MOM:0.15% RANGE:0.15% UP:54.54% SPREAD:0.07980845% BID:0.2506 ASK:0.2508 MID:0.2507 P1:0.2507 P2:0.25065 P3:0.25055 P4:0.25055 STATE:IDLE
[2026-06-03 02:54:56Z] CHK MOM:0.17% RANGE:0.17% UP:63.63% SPREAD:0.03988831% BID:0.2507 ASK:0.2508 MID:0.25075 P1:0.25075 P2:0.2507 P3:0.25065 P4:0.25055 STATE:IDLE
[2026-06-03 02:54:57Z] CHK MOM:0.15% RANGE:0.17% UP:58.33% SPREAD:0.07980845% BID:0.2506 ASK:0.2508 MID:0.2507 P1:0.2507 P2:0.25075 P3:0.2507 P4:0.25065 STATE:IDLE
[2026-06-03 02:54:57Z] CHK MOM:0.15% RANGE:0.17% UP:58.33% SPREAD:0.07980845% BID:0.2506 ASK:0.2508 MID:0.2507 P1:0.2507 P2:0.25075 P3:0.2507 P4:0.25065 STATE:IDLE
[2026-06-03 02:54:58Z] CHK MOM:0.15% RANGE:0.17% UP:58.33% SPREAD:0.07980845% BID:0.2506 ASK:0.2508 MID:0.2507 P1:0.2507 P2:0.25075 P3:0.2507 P4:0.25065 STATE:IDLE
[2026-06-03 02:54:59Z] CHK MOM:0.15% RANGE:0.17% UP:58.33% SPREAD:0.07980845% BID:0.2506 ASK:0.2508 MID:0.2507 P1:0.2507 P2:0.25075 P3:0.2507 P4:0.25065 STATE:IDLE
[2026-06-03 02:54:59Z] CHK MOM:0.17% RANGE:0.17% UP:72.72% SPREAD:0.03988831% BID:0.2507 ASK:0.2508 MID:0.25075 P1:0.25075 P2:0.2507 P3:0.25075 P4:0.2507 STATE:IDLE
[2026-06-03 02:55:00Z] CHK MOM:0.17% RANGE:0.17% UP:72.72% SPREAD:0.03988831% BID:0.2507 ASK:0.2508 MID:0.25075 P1:0.25075 P2:0.2507 P3:0.25075 P4:0.2507 STATE:IDLE
[2026-06-03 02:55:00Z] CHK MOM:0.15% RANGE:0.15% UP:63.63% SPREAD:0.03988831% BID:0.2507 ASK:0.2508 MID:0.25075 P1:0.25075 P2:0.25075 P3:0.2507 P4:0.25075 STATE:IDLE
[2026-06-03 02:55:01Z] CHK MOM:0.15% RANGE:0.15% UP:58.33% SPREAD:0.03988831% BID:0.2507 ASK:0.2508 MID:0.25075 P1:0.25075 P2:0.25075 P3:0.25075 P4:0.2507 STATE:IDLE
[2026-06-03 02:55:01Z] CHK MOM:0.15% RANGE:0.15% UP:53.84% SPREAD:0.03988831% BID:0.2507 ASK:0.2508 MID:0.25075 P1:0.25075 P2:0.25075 P3:0.25075 P4:0.25075 STATE:IDLE
[2026-06-03 02:55:02Z] CHK MOM:0.15% RANGE:0.15% UP:53.84% SPREAD:0.03988831% BID:0.2507 ASK:0.2508 MID:0.25075 P1:0.25075 P2:0.25075 P3:0.25075 P4:0.25075 STATE:IDLE
[2026-06-03 02:55:02Z] CHK MOM:0.11% RANGE:0.11% UP:46.15% SPREAD:0.03988831% BID:0.2507 ASK:0.2508 MID:0.25075 P1:0.25075 P2:0.25075 P3:0.25075 P4:0.25075 STATE:IDLE
[2026-06-03 02:55:03Z] CHK MOM:0.11% RANGE:0.11% UP:42.85% SPREAD:0.03988831% BID:0.2507 ASK:0.2508 MID:0.25075 P1:0.25075 P2:0.25075 P3:0.25075 P4:0.25075 STATE:IDLE
[2026-06-03 02:55:03Z] CHK MOM:0.13% RANGE:0.13% UP:46.15% SPREAD:0.0398724% BID:0.2508 ASK:0.2509 MID:0.25085 P1:0.25085 P2:0.25075 P3:0.25075 P4:0.25075 STATE:IDLE
[2026-06-03 02:55:04Z] CHK MOM:0.13% RANGE:0.13% UP:46.15% SPREAD:0.0398724% BID:0.2508 ASK:0.2509 MID:0.25085 P1:0.25085 P2:0.25075 P3:0.25075 P4:0.25075 STATE:IDLE
[2026-06-03 02:55:05Z] CHK MOM:0.09% RANGE:0.11% UP:38.46% SPREAD:0.07977662% BID:0.2507 ASK:0.2509 MID:0.2508 P1:0.2508 P2:0.25085 P3:0.25075 P4:0.25075 STATE:IDLE
[2026-06-03 02:55:05Z] CHK MOM:0.11% RANGE:0.11% UP:42.85% SPREAD:0.0398724% BID:0.2508 ASK:0.2509 MID:0.25085 P1:0.25085 P2:0.2508 P3:0.25085 P4:0.25075 STATE:IDLE
[2026-06-03 02:55:06Z] CHK MOM:0.11% RANGE:0.11% UP:42.85% SPREAD:0.0398724% BID:0.2508 ASK:0.2509 MID:0.25085 P1:0.25085 P2:0.2508 P3:0.25085 P4:0.25075 STATE:IDLE
[2026-06-03 02:55:06Z] CHK MOM:0.11% RANGE:0.11% UP:42.85% SPREAD:0.0398724% BID:0.2508 ASK:0.2509 MID:0.25085 P1:0.25085 P2:0.2508 P3:0.25085 P4:0.25075 STATE:IDLE
[2026-06-03 02:55:07Z] CHK MOM:0.09% RANGE:0.11% UP:42.85% SPREAD:0.07977662% BID:0.2507 ASK:0.2509 MID:0.2508 P1:0.2508 P2:0.25085 P3:0.2508 P4:0.25085 STATE:IDLE
[2026-06-03 02:55:07Z] CHK MOM:0.09% RANGE:0.11% UP:42.85% SPREAD:0.07977662% BID:0.2507 ASK:0.2509 MID:0.2508 P1:0.2508 P2:0.25085 P3:0.2508 P4:0.25085 STATE:IDLE
[2026-06-03 02:55:08Z] CHK MOM:0.09% RANGE:0.11% UP:42.85% SPREAD:0.07977662% BID:0.2507 ASK:0.2509 MID:0.2508 P1:0.2508 P2:0.25085 P3:0.2508 P4:0.25085 STATE:IDLE
[2026-06-03 02:55:08Z] CHK MOM:0.07% RANGE:0.07% UP:36.36% SPREAD:0.07974481% BID:0.2508 ASK:0.251 MID:0.2509 P1:0.2509 P2:0.2508 P3:0.25085 P4:0.2508 STATE:IDLE
[2026-06-03 02:55:09Z] CHK MOM:0.07% RANGE:0.07% UP:36.36% SPREAD:0.07974481% BID:0.2508 ASK:0.251 MID:0.2509 P1:0.2509 P2:0.2508 P3:0.25085 P4:0.2508 STATE:IDLE
[2026-06-03 02:55:10Z] CHK MOM:0.05% RANGE:0.05% UP:27.27% SPREAD:0.07974481% BID:0.2508 ASK:0.251 MID:0.2509 P1:0.2509 P2:0.2509 P3:0.2508 P4:0.25085 STATE:IDLE
[2026-06-03 02:55:10Z] CHK MOM:0.05% RANGE:0.05% UP:27.27% SPREAD:0.07974481% BID:0.2508 ASK:0.251 MID:0.2509 P1:0.2509 P2:0.2509 P3:0.2508 P4:0.25085 STATE:IDLE
[2026-06-03 02:55:11Z] CHK MOM:0.07% RANGE:0.07% UP:33.33% SPREAD:0.03985651% BID:0.2509 ASK:0.251 MID:0.25095 P1:0.25095 P2:0.2509 P3:0.2509 P4:0.2508 STATE:IDLE
[2026-06-03 02:55:11Z] CHK MOM:0.07% RANGE:0.07% UP:33.33% SPREAD:0.03985651% BID:0.2509 ASK:0.251 MID:0.25095 P1:0.25095 P2:0.2509 P3:0.2509 P4:0.2508 STATE:IDLE
[2026-06-03 02:55:12Z] CHK MOM:0.07% RANGE:0.07% UP:33.33% SPREAD:0.03985651% BID:0.2509 ASK:0.251 MID:0.25095 P1:0.25095 P2:0.25095 P3:0.2509 P4:0.2509 STATE:IDLE
[2026-06-03 02:55:12Z] CHK MOM:0.11% RANGE:0.11% UP:41.66% SPREAD:0.03984063% BID:0.251 ASK:0.2511 MID:0.25105 P1:0.25105 P2:0.25095 P3:0.25095 P4:0.2509 STATE:IDLE
[2026-06-03 02:55:13Z] CHK MOM:0.11% RANGE:0.11% UP:38.46% SPREAD:0.03984063% BID:0.251 ASK:0.2511 MID:0.25105 P1:0.25105 P2:0.25105 P3:0.25095 P4:0.25095 STATE:IDLE
[2026-06-03 02:55:13Z] CHK MOM:0.11% RANGE:0.11% UP:38.46% SPREAD:0.03984063% BID:0.251 ASK:0.2511 MID:0.25105 P1:0.25105 P2:0.25105 P3:0.25095 P4:0.25095 STATE:IDLE
[2026-06-03 02:55:14Z] CHK MOM:0.09% RANGE:0.11% UP:41.66% SPREAD:0.07971303% BID:0.2509 ASK:0.2511 MID:0.251 P1:0.251 P2:0.25105 P3:0.25105 P4:0.25095 STATE:IDLE
[2026-06-03 02:55:14Z] CHK MOM:0.09% RANGE:0.11% UP:38.46% SPREAD:0.07971303% BID:0.2509 ASK:0.2511 MID:0.251 P1:0.251 P2:0.251 P3:0.25105 P4:0.25105 STATE:IDLE
[2026-06-03 02:55:15Z] CHK MOM:0% RANGE:0.09% UP:33.33% SPREAD:0.0398724% BID:0.2508 ASK:0.2509 MID:0.25085 P1:0.25085 P2:0.251 P3:0.251 P4:0.25105 STATE:IDLE
[2026-06-03 02:55:16Z] CHK MOM:-0.05% RANGE:0.15% UP:33.33% SPREAD:0.03990422% BID:0.2506 ASK:0.2507 MID:0.25065 P1:0.25065 P2:0.25085 P3:0.251 P4:0.251 STATE:IDLE
[2026-06-03 02:55:16Z] CHK MOM:-0.05% RANGE:0.15% UP:33.33% SPREAD:0.03990422% BID:0.2506 ASK:0.2507 MID:0.25065 P1:0.25065 P2:0.25085 P3:0.251 P4:0.251 STATE:IDLE
[2026-06-03 02:55:17Z] CHK MOM:-0.07% RANGE:0.15% UP:25% SPREAD:0.03990422% BID:0.2506 ASK:0.2507 MID:0.25065 P1:0.25065 P2:0.25065 P3:0.25085 P4:0.251 STATE:IDLE
[2026-06-03 02:55:17Z] CHK MOM:-0.07% RANGE:0.15% UP:23.07% SPREAD:0.03990422% BID:0.2506 ASK:0.2507 MID:0.25065 P1:0.25065 P2:0.25065 P3:0.25065 P4:0.25085 STATE:IDLE
[2026-06-03 02:55:18Z] CHK MOM:-0.07% RANGE:0.15% UP:23.07% SPREAD:0.03990422% BID:0.2506 ASK:0.2507 MID:0.25065 P1:0.25065 P2:0.25065 P3:0.25065 P4:0.25085 STATE:IDLE
[2026-06-03 02:55:18Z] CHK MOM:-0.07% RANGE:0.15% UP:23.07% SPREAD:0.03990422% BID:0.2506 ASK:0.2507 MID:0.25065 P1:0.25065 P2:0.25065 P3:0.25065 P4:0.25085 STATE:IDLE
[2026-06-03 02:55:19Z] CHK MOM:-0.09% RANGE:0.15% UP:16.66% SPREAD:0.03990422% BID:0.2506 ASK:0.2507 MID:0.25065 P1:0.25065 P2:0.25065 P3:0.25065 P4:0.25065 STATE:IDLE
[2026-06-03 02:55:19Z] CHK MOM:-0.09% RANGE:0.15% UP:16.66% SPREAD:0.03990422% BID:0.2506 ASK:0.2507 MID:0.25065 P1:0.25065 P2:0.25065 P3:0.25065 P4:0.25065 STATE:IDLE
[2026-06-03 02:55:20Z] CHK MOM:-0.09% RANGE:0.15% UP:15.38% SPREAD:0.03990422% BID:0.2506 ASK:0.2507 MID:0.25065 P1:0.25065 P2:0.25065 P3:0.25065 P4:0.25065 STATE:IDLE
[2026-06-03 02:55:21Z] CHK MOM:-0.05% RANGE:0.15% UP:21.42% SPREAD:0.11971268% BID:0.2506 ASK:0.2509 MID:0.25075 P1:0.25075 P2:0.25065 P3:0.25065 P4:0.25065 STATE:IDLE
[2026-06-03 02:55:21Z] CHK MOM:-0.05% RANGE:0.15% UP:21.42% SPREAD:0.11971268% BID:0.2506 ASK:0.2509 MID:0.25075 P1:0.25075 P2:0.25075 P3:0.25065 P4:0.25065 STATE:IDLE
[2026-06-03 02:55:22Z] CHK MOM:-0.01% RANGE:0.15% UP:21.42% SPREAD:0.07974481% BID:0.2508 ASK:0.251 MID:0.2509 P1:0.2509 P2:0.25075 P3:0.25075 P4:0.25065 STATE:IDLE
[2026-06-03 02:55:22Z] CHK MOM:-0.01% RANGE:0.15% UP:21.42% SPREAD:0.07974481% BID:0.2508 ASK:0.251 MID:0.2509 P1:0.2509 P2:0.25075 P3:0.25075 P4:0.25065 STATE:IDLE
[2026-06-03 02:55:23Z] CHK MOM:-0.01% RANGE:0.15% UP:20% SPREAD:0.07974481% BID:0.2508 ASK:0.251 MID:0.2509 P1:0.2509 P2:0.2509 P3:0.25075 P4:0.25075 STATE:IDLE
[2026-06-03 02:55:23Z] CHK MOM:-0.01% RANGE:0.15% UP:20% SPREAD:0.07974481% BID:0.2508 ASK:0.251 MID:0.2509 P1:0.2509 P2:0.2509 P3:0.25075 P4:0.25075 STATE:IDLE
[2026-06-03 02:55:24Z] CHK MOM:-0.01% RANGE:0.15% UP:20% SPREAD:0.07974481% BID:0.2508 ASK:0.251 MID:0.2509 P1:0.2509 P2:0.2509 P3:0.25075 P4:0.25075 STATE:IDLE
[2026-06-03 02:55:24Z] CHK MOM:-0.01% RANGE:0.15% UP:20% SPREAD:0.07974481% BID:0.2508 ASK:0.251 MID:0.2509 P1:0.2509 P2:0.2509 P3:0.25075 P4:0.25075 STATE:IDLE
[2026-06-03 02:55:25Z] CHK MOM:-0.01% RANGE:0.15% UP:20% SPREAD:0.07974481% BID:0.2508 ASK:0.251 MID:0.2509 P1:0.2509 P2:0.2509 P3:0.25075 P4:0.25075 STATE:IDLE
[2026-06-03 02:55:25Z] CHK MOM:-0.01% RANGE:0.15% UP:20% SPREAD:0.07974481% BID:0.2508 ASK:0.251 MID:0.2509 P1:0.2509 P2:0.2509 P3:0.25075 P4:0.25075 STATE:IDLE
[2026-06-03 02:55:27Z] CHK MOM:-0.05% RANGE:0.13% UP:16.66% SPREAD:0.0398724% BID:0.2508 ASK:0.2509 MID:0.25085 P1:0.25085 P2:0.2509 P3:0.2509 P4:0.25075 STATE:IDLE
[2026-06-03 02:55:27Z] CHK MOM:0% RANGE:0.09% UP:18.18% SPREAD:0.0398724% BID:0.2508 ASK:0.2509 MID:0.25085 P1:0.25085 P2:0.25085 P3:0.2509 P4:0.2509 STATE:IDLE
[2026-06-03 02:55:28Z] CHK MOM:0% RANGE:0.09% UP:18.18% SPREAD:0.0398724% BID:0.2508 ASK:0.2509 MID:0.25085 P1:0.25085 P2:0.25085 P3:0.2509 P4:0.2509 STATE:IDLE
[2026-06-03 02:55:28Z] CHK MOM:0% RANGE:0.09% UP:18.18% SPREAD:0.0398724% BID:0.2508 ASK:0.2509 MID:0.25085 P1:0.25085 P2:0.25085 P3:0.2509 P4:0.2509 STATE:IDLE
[2026-06-03 02:55:29Z] CHK MOM:0.07% RANGE:0.09% UP:20% SPREAD:0.0398724% BID:0.2508 ASK:0.2509 MID:0.25085 P1:0.25085 P2:0.25085 P3:0.25085 P4:0.2509 STATE:IDLE
[2026-06-03 02:55:29Z] CHK MOM:0.07% RANGE:0.09% UP:20% SPREAD:0.0398724% BID:0.2508 ASK:0.2509 MID:0.25085 P1:0.25085 P2:0.25085 P3:0.25085 P4:0.2509 STATE:IDLE
[2026-06-03 02:55:30Z] CHK MOM:0.07% RANGE:0.09% UP:20% SPREAD:0.0398724% BID:0.2508 ASK:0.2509 MID:0.25085 P1:0.25085 P2:0.25085 P3:0.25085 P4:0.2509 STATE:IDLE
[2026-06-03 02:55:30Z] CHK MOM:0.07% RANGE:0.09% UP:20% SPREAD:0.0398724% BID:0.2508 ASK:0.2509 MID:0.25085 P1:0.25085 P2:0.25085 P3:0.25085 P4:0.2509 STATE:IDLE
[2026-06-03 02:55:31Z] CHK MOM:0.07% RANGE:0.09% UP:20% SPREAD:0.0398724% BID:0.2508 ASK:0.2509 MID:0.25085 P1:0.25085 P2:0.25085 P3:0.25085 P4:0.2509 STATE:IDLE
[2026-06-03 02:55:32Z] CHK MOM:0.07% RANGE:0.09% UP:20% SPREAD:0.0398724% BID:0.2508 ASK:0.2509 MID:0.25085 P1:0.25085 P2:0.25085 P3:0.25085 P4:0.2509 STATE:IDLE
[2026-06-03 02:55:33Z] CHK MOM:0.03% RANGE:0.05% UP:16.66% SPREAD:0.0398724% BID:0.2508 ASK:0.2509 MID:0.25085 P1:0.25085 P2:0.25085 P3:0.25085 P4:0.25085 STATE:IDLE
[2026-06-03 02:55:33Z] CHK MOM:0.03% RANGE:0.05% UP:16.66% SPREAD:0.0398724% BID:0.2508 ASK:0.2509 MID:0.25085 P1:0.25085 P2:0.25085 P3:0.25085 P4:0.25085 STATE:IDLE
[2026-06-03 02:55:34Z] CHK MOM:0% RANGE:0.01% UP:16.66% SPREAD:0.07974481% BID:0.2508 ASK:0.251 MID:0.2509 P1:0.2509 P2:0.25085 P3:0.25085 P4:0.25085 STATE:IDLE
[2026-06-03 02:55:34Z] CHK MOM:0% RANGE:0.01% UP:16.66% SPREAD:0.07974481% BID:0.2508 ASK:0.251 MID:0.2509 P1:0.2509 P2:0.25085 P3:0.25085 P4:0.25085 STATE:IDLE
[2026-06-03 02:55:35Z] CHK MOM:0% RANGE:0.01% UP:16.66% SPREAD:0.07974481% BID:0.2508 ASK:0.251 MID:0.2509 P1:0.2509 P2:0.25085 P3:0.25085 P4:0.25085 STATE:IDLE
[2026-06-03 02:55:35Z] CHK MOM:-0.07% RANGE:0.09% UP:20% SPREAD:0.03990422% BID:0.2506 ASK:0.2507 MID:0.25065 P1:0.25065 P2:0.2509 P3:0.25085 P4:0.25085 STATE:IDLE
[2026-06-03 02:55:36Z] CHK MOM:-0.05% RANGE:0.09% UP:33.33% SPREAD:0.07980845% BID:0.2506 ASK:0.2508 MID:0.2507 P1:0.2507 P2:0.25065 P3:0.2509 P4:0.25085 STATE:IDLE
[2026-06-03 02:55:36Z] CHK MOM:-0.07% RANGE:0.09% UP:28.57% SPREAD:0.03990422% BID:0.2506 ASK:0.2507 MID:0.25065 P1:0.25065 P2:0.2507 P3:0.25065 P4:0.2509 STATE:IDLE
[2026-06-03 02:55:37Z] CHK MOM:-0.07% RANGE:0.09% UP:25% SPREAD:0.03990422% BID:0.2506 ASK:0.2507 MID:0.25065 P1:0.25065 P2:0.25065 P3:0.2507 P4:0.25065 STATE:IDLE
[2026-06-03 02:55:38Z] CHK MOM:-0.01% RANGE:0.09% UP:33.33% SPREAD:0.07977662% BID:0.2507 ASK:0.2509 MID:0.2508 P1:0.2508 P2:0.25065 P3:0.25065 P4:0.2507 STATE:IDLE
[2026-06-03 02:55:38Z] CHK MOM:-0.01% RANGE:0.09% UP:33.33% SPREAD:0.07977662% BID:0.2507 ASK:0.2509 MID:0.2508 P1:0.2508 P2:0.25065 P3:0.25065 P4:0.2507 STATE:IDLE
[2026-06-03 02:55:39Z] CHK MOM:-0.01% RANGE:0.09% UP:37.5% SPREAD:0.07977662% BID:0.2507 ASK:0.2509 MID:0.2508 P1:0.2508 P2:0.2508 P3:0.25065 P4:0.25065 STATE:IDLE
[2026-06-03 02:55:39Z] CHK MOM:-0.01% RANGE:0.09% UP:33.33% SPREAD:0.07977662% BID:0.2507 ASK:0.2509 MID:0.2508 P1:0.2508 P2:0.2508 P3:0.2508 P4:0.25065 STATE:IDLE
[2026-06-03 02:55:40Z] CHK MOM:0.07% RANGE:0.15% UP:40% SPREAD:0.03984063% BID:0.251 ASK:0.2511 MID:0.25105 P1:0.25105 P2:0.2508 P3:0.2508 P4:0.2508 STATE:IDLE
[2026-06-03 02:55:40Z] CHK MOM:0.07% RANGE:0.15% UP:40% SPREAD:0.03984063% BID:0.251 ASK:0.2511 MID:0.25105 P1:0.25105 P2:0.2508 P3:0.2508 P4:0.2508 STATE:IDLE
[2026-06-03 02:55:41Z] CHK MOM:0.05% RANGE:0.15% UP:40% SPREAD:0.07971303% BID:0.2509 ASK:0.2511 MID:0.251 P1:0.251 P2:0.25105 P3:0.2508 P4:0.2508 STATE:IDLE
[2026-06-03 02:55:41Z] CHK MOM:0.03% RANGE:0.15% UP:36.36% SPREAD:0.03985651% BID:0.2509 ASK:0.251 MID:0.25095 P1:0.25095 P2:0.251 P3:0.25105 P4:0.2508 STATE:IDLE
[2026-06-03 02:55:42Z] CHK MOM:0.03% RANGE:0.15% UP:36.36% SPREAD:0.03985651% BID:0.2509 ASK:0.251 MID:0.25095 P1:0.25095 P2:0.251 P3:0.25105 P4:0.2508 STATE:IDLE
[2026-06-03 02:55:43Z] CHK MOM:0.03% RANGE:0.15% UP:36.36% SPREAD:0.03985651% BID:0.2509 ASK:0.251 MID:0.25095 P1:0.25095 P2:0.251 P3:0.25105 P4:0.2508 STATE:IDLE
[2026-06-03 02:55:43Z] CHK MOM:0.03% RANGE:0.15% UP:33.33% SPREAD:0.03985651% BID:0.2509 ASK:0.251 MID:0.25095 P1:0.25095 P2:0.25095 P3:0.251 P4:0.25105 STATE:IDLE
[2026-06-03 02:55:44Z] CHK MOM:0.03% RANGE:0.15% UP:33.33% SPREAD:0.03985651% BID:0.2509 ASK:0.251 MID:0.25095 P1:0.25095 P2:0.25095 P3:0.251 P4:0.25105 STATE:IDLE
[2026-06-03 02:55:44Z] CHK MOM:0.03% RANGE:0.15% UP:33.33% SPREAD:0.03985651% BID:0.2509 ASK:0.251 MID:0.25095 P1:0.25095 P2:0.25095 P3:0.251 P4:0.25105 STATE:IDLE
[2026-06-03 02:55:45Z] CHK MOM:0.03% RANGE:0.15% UP:33.33% SPREAD:0.03985651% BID:0.2509 ASK:0.251 MID:0.25095 P1:0.25095 P2:0.25095 P3:0.251 P4:0.25105 STATE:IDLE
[2026-06-03 02:55:45Z] CHK MOM:0.03% RANGE:0.15% UP:33.33% SPREAD:0.07971303% BID:0.2509 ASK:0.2511 MID:0.251 P1:0.251 P2:0.25095 P3:0.25095 P4:0.251 STATE:IDLE
[2026-06-03 02:55:46Z] CHK MOM:0.15% RANGE:0.15% UP:41.66% SPREAD:0.03984063% BID:0.251 ASK:0.2511 MID:0.25105 P1:0.25105 P2:0.251 P3:0.25095 P4:0.25095 STATE:IDLE
[2026-06-03 02:55:46Z] CHK MOM:0.19% RANGE:0.19% UP:46.15% SPREAD:0.03982477% BID:0.2511 ASK:0.2512 MID:0.25115 P1:0.25115 P2:0.25105 P3:0.251 P4:0.25095 STATE:IDLE
[2026-06-03 02:55:47Z] CHK MOM:0.19% RANGE:0.19% UP:46.15% SPREAD:0.03982477% BID:0.2511 ASK:0.2512 MID:0.25115 P1:0.25115 P2:0.25105 P3:0.251 P4:0.25095 STATE:IDLE
[2026-06-03 02:55:47Z] CHK MOM:0.19% RANGE:0.19% UP:42.85% SPREAD:0.03982477% BID:0.2511 ASK:0.2512 MID:0.25115 P1:0.25115 P2:0.25115 P3:0.25105 P4:0.251 STATE:IDLE
[2026-06-03 02:55:48Z] CHK MOM:0.17% RANGE:0.19% UP:35.71% SPREAD:0.03982477% BID:0.2511 ASK:0.2512 MID:0.25115 P1:0.25115 P2:0.25115 P3:0.25115 P4:0.25105 STATE:IDLE
[2026-06-03 02:55:49Z] CHK MOM:0.19% RANGE:0.19% UP:38.46% SPREAD:0.03982477% BID:0.2511 ASK:0.2512 MID:0.25115 P1:0.25115 P2:0.25115 P3:0.25115 P4:0.25115 STATE:IDLE
[2026-06-03 02:55:49Z] CHK MOM:0.17% RANGE:0.17% UP:38.46% SPREAD:0.03980891% BID:0.2512 ASK:0.2513 MID:0.25125 P1:0.25125 P2:0.25115 P3:0.25115 P4:0.25115 STATE:IDLE
[2026-06-03 02:55:50Z] CHK MOM:0.19% RANGE:0.19% UP:46.15% SPREAD:0.07961783% BID:0.2512 ASK:0.2514 MID:0.25129999 P1:0.25129999 P2:0.25125 P3:0.25115 P4:0.25115 STATE:IDLE
[2026-06-03 02:55:50Z] CHK MOM:0.19% RANGE:0.19% UP:46.15% SPREAD:0.07961783% BID:0.2512 ASK:0.2514 MID:0.25129999 P1:0.25129999 P2:0.25125 P3:0.25115 P4:0.25115 STATE:IDLE
[2026-06-03 02:55:51Z] CHK MOM:0.21% RANGE:0.21% UP:50% SPREAD:0.03979307% BID:0.2513 ASK:0.2514 MID:0.25135 P1:0.25135 P2:0.25129999 P3:0.25125 P4:0.25115 STATE:IDLE
[2026-06-03 02:55:51Z] CHK MOM:0.13% RANGE:0.17% UP:53.84% SPREAD:0.07958615% BID:0.2513 ASK:0.2515 MID:0.2514 P1:0.2514 P2:0.25135 P3:0.25129999 P4:0.25125 STATE:IDLE
[2026-06-03 02:55:52Z] CHK MOM:0.11% RANGE:0.17% UP:50% SPREAD:0.03979307% BID:0.2513 ASK:0.2514 MID:0.25135 P1:0.25135 P2:0.2514 P3:0.25135 P4:0.25129999 STATE:IDLE
[2026-06-03 02:55:52Z] CHK MOM:0.11% RANGE:0.17% UP:50% SPREAD:0.07961783% BID:0.2512 ASK:0.2514 MID:0.25129999 P1:0.25129999 P2:0.25135 P3:0.2514 P4:0.25135 STATE:IDLE
[2026-06-03 02:55:53Z] CHK MOM:0.13% RANGE:0.17% UP:53.33% SPREAD:0.03979307% BID:0.2513 ASK:0.2514 MID:0.25135 P1:0.25135 P2:0.25129999 P3:0.25135 P4:0.2514 STATE:IDLE
[2026-06-03 02:55:54Z] CHK MOM:0.19% RANGE:0.19% UP:64.28% SPREAD:0.03977724% BID:0.2514 ASK:0.2515 MID:0.25145 P1:0.25145 P2:0.25135 P3:0.25129999 P4:0.25135 STATE:IDLE
[2026-06-03 02:55:54Z] CHK MOM:0.17% RANGE:0.19% UP:60% SPREAD:0.07958615% BID:0.2513 ASK:0.2515 MID:0.2514 P1:0.2514 P2:0.25145 P3:0.25135 P4:0.25129999 STATE:IDLE
[2026-06-03 02:55:55Z] CHK MOM:0.17% RANGE:0.19% UP:60% SPREAD:0.07958615% BID:0.2513 ASK:0.2515 MID:0.2514 P1:0.2514 P2:0.25145 P3:0.25135 P4:0.25129999 STATE:IDLE
[2026-06-03 02:55:55Z] CHK MOM:0.17% RANGE:0.19% UP:60% SPREAD:0.07958615% BID:0.2513 ASK:0.2515 MID:0.2514 P1:0.2514 P2:0.25145 P3:0.25135 P4:0.25129999 STATE:IDLE
[2026-06-03 02:55:56Z] CHK MOM:0.15% RANGE:0.17% UP:53.33% SPREAD:0.07958615% BID:0.2513 ASK:0.2515 MID:0.2514 P1:0.2514 P2:0.2514 P3:0.25145 P4:0.25135 STATE:IDLE
[2026-06-03 02:55:56Z] CHK MOM:0.17% RANGE:0.17% UP:56.25% SPREAD:0.03977724% BID:0.2514 ASK:0.2515 MID:0.25145 P1:0.25145 P2:0.2514 P3:0.2514 P4:0.25145 STATE:IDLE
[2026-06-03 02:55:57Z] CHK MOM:0.17% RANGE:0.17% UP:56.25% SPREAD:0.03977724% BID:0.2514 ASK:0.2515 MID:0.25145 P1:0.25145 P2:0.2514 P3:0.2514 P4:0.25145 STATE:IDLE
[2026-06-03 02:55:57Z] CHK MOM:0.17% RANGE:0.17% UP:56.25% SPREAD:0.03977724% BID:0.2514 ASK:0.2515 MID:0.25145 P1:0.25145 P2:0.2514 P3:0.2514 P4:0.25145 STATE:IDLE
[2026-06-03 02:55:58Z] CHK MOM:0.11% RANGE:0.11% UP:46.66% SPREAD:0.03977724% BID:0.2514 ASK:0.2515 MID:0.25145 P1:0.25145 P2:0.25145 P3:0.2514 P4:0.2514 STATE:IDLE
[2026-06-03 02:55:58Z] CHK MOM:0.11% RANGE:0.11% UP:46.66% SPREAD:0.03977724% BID:0.2514 ASK:0.2515 MID:0.25145 P1:0.25145 P2:0.25145 P3:0.2514 P4:0.2514 STATE:IDLE
[2026-06-03 02:55:59Z] CHK MOM:0.11% RANGE:0.11% UP:46.66% SPREAD:0.03977724% BID:0.2514 ASK:0.2515 MID:0.25145 P1:0.25145 P2:0.25145 P3:0.2514 P4:0.2514 STATE:IDLE
[2026-06-03 02:56:00Z] CHK MOM:0.09% RANGE:0.11% UP:53.84% SPREAD:0.07958615% BID:0.2513 ASK:0.2515 MID:0.2514 P1:0.2514 P2:0.25145 P3:0.25145 P4:0.2514 STATE:IDLE
[2026-06-03 02:56:00Z] CHK MOM:0.11% RANGE:0.11% UP:57.14% SPREAD:0.03977724% BID:0.2514 ASK:0.2515 MID:0.25145 P1:0.25145 P2:0.2514 P3:0.25145 P4:0.25145 STATE:IDLE
[2026-06-03 02:56:01Z] CHK MOM:0.07% RANGE:0.07% UP:50% SPREAD:0.03977724% BID:0.2514 ASK:0.2515 MID:0.25145 P1:0.25145 P2:0.25145 P3:0.2514 P4:0.25145 STATE:IDLE
[2026-06-03 02:56:01Z] CHK MOM:0.11% RANGE:0.11% UP:53.33% SPREAD:0.03976143% BID:0.2515 ASK:0.2516 MID:0.25155 P1:0.25155 P2:0.25145 P3:0.25145 P4:0.2514 STATE:IDLE
[2026-06-03 02:56:02Z] CHK MOM:0.11% RANGE:0.11% UP:53.33% SPREAD:0.03976143% BID:0.2515 ASK:0.2516 MID:0.25155 P1:0.25155 P2:0.25145 P3:0.25145 P4:0.2514 STATE:IDLE
[2026-06-03 02:56:02Z] CHK MOM:0.11% RANGE:0.11% UP:53.33% SPREAD:0.03976143% BID:0.2515 ASK:0.2516 MID:0.25155 P1:0.25155 P2:0.25145 P3:0.25145 P4:0.2514 STATE:IDLE
[2026-06-03 02:56:03Z] CHK MOM:0.11% RANGE:0.11% UP:53.33% SPREAD:0.03976143% BID:0.2515 ASK:0.2516 MID:0.25155 P1:0.25155 P2:0.25145 P3:0.25145 P4:0.2514 STATE:IDLE
[2026-06-03 02:56:03Z] CHK MOM:0.11% RANGE:0.11% UP:53.33% SPREAD:0.03976143% BID:0.2515 ASK:0.2516 MID:0.25155 P1:0.25155 P2:0.25145 P3:0.25145 P4:0.2514 STATE:IDLE
[2026-06-03 02:56:04Z] CHK MOM:0.11% RANGE:0.11% UP:53.33% SPREAD:0.03976143% BID:0.2515 ASK:0.2516 MID:0.25155 P1:0.25155 P2:0.25145 P3:0.25145 P4:0.2514 STATE:IDLE
[2026-06-03 02:56:04Z] CHK MOM:0.03% RANGE:0.07% UP:40% SPREAD:0.03977724% BID:0.2514 ASK:0.2515 MID:0.25145 P1:0.25145 P2:0.25155 P3:0.25145 P4:0.25145 STATE:IDLE
[2026-06-03 02:56:05Z] CHK MOM:-0.01% RANGE:0.05% UP:30% SPREAD:0.07958615% BID:0.2513 ASK:0.2515 MID:0.2514 P1:0.2514 P2:0.25145 P3:0.25155 P4:0.25145 STATE:IDLE
[2026-06-03 02:56:05Z] CHK MOM:-0.03% RANGE:0.09% UP:30% SPREAD:0.07961783% BID:0.2512 ASK:0.2514 MID:0.25129999 P1:0.25129999 P2:0.2514 P3:0.25145 P4:0.25155 STATE:IDLE
[2026-06-03 02:56:06Z] CHK MOM:-0.05% RANGE:0.11% UP:30% SPREAD:0.03980891% BID:0.2512 ASK:0.2513 MID:0.25125 P1:0.25125 P2:0.25129999 P3:0.2514 P4:0.25145 STATE:IDLE
[2026-06-03 02:56:06Z] CHK MOM:-0.05% RANGE:0.11% UP:30% SPREAD:0.03980891% BID:0.2512 ASK:0.2513 MID:0.25125 P1:0.25125 P2:0.25129999 P3:0.2514 P4:0.25145 STATE:IDLE
[2026-06-03 02:56:07Z] CHK MOM:-0.05% RANGE:0.11% UP:30% SPREAD:0.03980891% BID:0.2512 ASK:0.2513 MID:0.25125 P1:0.25125 P2:0.25129999 P3:0.2514 P4:0.25145 STATE:IDLE
[2026-06-03 02:56:07Z] CHK MOM:-0.05% RANGE:0.11% UP:30% SPREAD:0.03980891% BID:0.2512 ASK:0.2513 MID:0.25125 P1:0.25125 P2:0.25129999 P3:0.2514 P4:0.25145 STATE:IDLE
[2026-06-03 02:56:08Z] CHK MOM:-0.05% RANGE:0.11% UP:30% SPREAD:0.03980891% BID:0.2512 ASK:0.2513 MID:0.25125 P1:0.25125 P2:0.25129999 P3:0.2514 P4:0.25145 STATE:IDLE
