[2026-06-02 23:55:28Z] SESSION_START symbol=JTOUSDC dry_run=0 profile=major strategy=momentum base_url=https://api.binance.com
[2026-06-02 23:55:28Z] TOXIC_MEMORY_LOADED count=1 symbols=ORDIUSDC
[2026-06-02 23:55:46Z] CHK MOM:0% RANGE:0% UP:0% SPREAD:0.03593244% BID:0.5566 ASK:0.5568 MID:0.5567 P1:0.5567 P2:NA P3:NA P4:NA STATE:IDLE
[2026-06-02 23:55:47Z] CHK MOM:0% RANGE:0% UP:0% SPREAD:0.03593244% BID:0.5566 ASK:0.5568 MID:0.5567 P1:0.5567 P2:NA P3:NA P4:NA STATE:IDLE
[2026-06-02 23:55:47Z] CHK MOM:0% RANGE:0% UP:0% SPREAD:0.03593244% BID:0.5566 ASK:0.5568 MID:0.5567 P1:0.5567 P2:NA P3:NA P4:NA STATE:IDLE
[2026-06-02 23:55:48Z] CHK MOM:0% RANGE:0% UP:0% SPREAD:0.03593244% BID:0.5566 ASK:0.5568 MID:0.5567 P1:0.5567 P2:NA P3:NA P4:NA STATE:IDLE
[2026-06-02 23:55:48Z] CHK MOM:0% RANGE:0% UP:100% SPREAD:0.01796299% BID:0.5567 ASK:0.5568 MID:0.55675 P1:0.55675 P2:0.5567 P3:NA P4:NA STATE:IDLE
[2026-06-02 23:55:49Z] CHK MOM:0% RANGE:0% UP:100% SPREAD:0.01796299% BID:0.5567 ASK:0.5568 MID:0.55675 P1:0.55675 P2:0.5567 P3:NA P4:NA STATE:IDLE
[2026-06-02 23:55:49Z] CHK MOM:0% RANGE:0% UP:100% SPREAD:0.01796299% BID:0.5567 ASK:0.5568 MID:0.55675 P1:0.55675 P2:0.5567 P3:NA P4:NA STATE:IDLE
[2026-06-02 23:55:50Z] CHK MOM:0% RANGE:0% UP:100% SPREAD:0.01796299% BID:0.5567 ASK:0.5568 MID:0.55675 P1:0.55675 P2:0.5567 P3:NA P4:NA STATE:IDLE
[2026-06-02 23:55:50Z] CHK MOM:0% RANGE:0% UP:100% SPREAD:0.01796299% BID:0.5567 ASK:0.5568 MID:0.55675 P1:0.55675 P2:0.5567 P3:NA P4:NA STATE:IDLE
[2026-06-02 23:55:51Z] CHK MOM:0% RANGE:0% UP:100% SPREAD:0.01796299% BID:0.5567 ASK:0.5568 MID:0.55675 P1:0.55675 P2:0.5567 P3:NA P4:NA STATE:IDLE
[2026-06-02 23:55:55Z] CHK MOM:0.08% RANGE:0.08% UP:100% SPREAD:0.01795009% BID:0.5571 ASK:0.5572 MID:0.55715 P1:0.55715 P2:0.55675 P3:0.5567 P4:NA STATE:IDLE
[2026-06-02 23:55:55Z] CHK MOM:0.15% RANGE:0.15% UP:100% SPREAD:0.01793721% BID:0.5575 ASK:0.5576 MID:0.55755 P1:0.55755 P2:0.55715 P3:0.55675 P4:0.5567 STATE:IDLE
[2026-06-02 23:55:56Z] CHK MOM:0.15% RANGE:0.15% UP:100% SPREAD:0.01793721% BID:0.5575 ASK:0.5576 MID:0.55755 P1:0.55755 P2:0.55715 P3:0.55675 P4:0.5567 STATE:IDLE
[2026-06-02 23:55:56Z] CHK MOM:0.15% RANGE:0.15% UP:100% SPREAD:0.01793721% BID:0.5575 ASK:0.5576 MID:0.55755 P1:0.55755 P2:0.55715 P3:0.55675 P4:0.5567 STATE:IDLE
[2026-06-02 23:55:57Z] CHK MOM:0.15% RANGE:0.15% UP:100% SPREAD:0.01793721% BID:0.5575 ASK:0.5576 MID:0.55755 P1:0.55755 P2:0.55715 P3:0.55675 P4:0.5567 STATE:IDLE
[2026-06-02 23:55:57Z] CHK MOM:0.15% RANGE:0.15% UP:100% SPREAD:0.01793721% BID:0.5575 ASK:0.5576 MID:0.55755 P1:0.55755 P2:0.55715 P3:0.55675 P4:0.5567 STATE:IDLE
[2026-06-02 23:55:58Z] CHK MOM:0.15% RANGE:0.15% UP:100% SPREAD:0.01793721% BID:0.5575 ASK:0.5576 MID:0.55755 P1:0.55755 P2:0.55715 P3:0.55675 P4:0.5567 STATE:IDLE
[2026-06-02 23:56:01Z] CHK MOM:0.06% RANGE:0.07% UP:50% SPREAD:0.03588087% BID:0.5574 ASK:0.5576 MID:0.5575 P1:0.5575 P2:0.55755 P3:0.55715 P4:0.55675 STATE:IDLE
[2026-06-02 23:56:01Z] CHK MOM:0.02% RANGE:0.07% UP:33.33% SPREAD:0.07180039% BID:0.5571 ASK:0.5575 MID:0.5573 P1:0.5573 P2:0.5575 P3:0.55755 P4:0.55715 STATE:IDLE
[2026-06-02 23:56:02Z] CHK MOM:0.02% RANGE:0.07% UP:33.33% SPREAD:0.07180039% BID:0.5571 ASK:0.5575 MID:0.5573 P1:0.5573 P2:0.5575 P3:0.55755 P4:0.55715 STATE:IDLE
[2026-06-02 23:56:02Z] CHK MOM:0% RANGE:0.07% UP:25% SPREAD:0.05385996% BID:0.557 ASK:0.5573 MID:0.55715 P1:0.55715 P2:0.5573 P3:0.5575 P4:0.55755 STATE:IDLE
[2026-06-02 23:56:03Z] CHK MOM:-0.01% RANGE:0.08% UP:20% SPREAD:0.01795332% BID:0.557 ASK:0.5571 MID:0.55705 P1:0.55705 P2:0.55715 P3:0.5573 P4:0.5575 STATE:IDLE
[2026-06-02 23:56:03Z] CHK MOM:-0.01% RANGE:0.08% UP:16.66% SPREAD:0.01795332% BID:0.557 ASK:0.5571 MID:0.55705 P1:0.55705 P2:0.55705 P3:0.55715 P4:0.5573 STATE:IDLE
[2026-06-02 23:56:04Z] CHK MOM:-0.01% RANGE:0.08% UP:14.28% SPREAD:0.01795332% BID:0.557 ASK:0.5571 MID:0.55705 P1:0.55705 P2:0.55705 P3:0.55705 P4:0.55715 STATE:IDLE
[2026-06-02 23:56:04Z] CHK MOM:0% RANGE:0.08% UP:25% SPREAD:0.03590664% BID:0.557 ASK:0.5572 MID:0.5571 P1:0.5571 P2:0.55705 P3:0.55705 P4:0.55705 STATE:IDLE
[2026-06-02 23:56:05Z] CHK MOM:0% RANGE:0.08% UP:25% SPREAD:0.03590664% BID:0.557 ASK:0.5572 MID:0.5571 P1:0.5571 P2:0.55705 P3:0.55705 P4:0.55705 STATE:IDLE
[2026-06-02 23:56:05Z] CHK MOM:0% RANGE:0.08% UP:25% SPREAD:0.03590664% BID:0.557 ASK:0.5572 MID:0.5571 P1:0.5571 P2:0.55705 P3:0.55705 P4:0.55705 STATE:IDLE
[2026-06-02 23:56:06Z] CHK MOM:0% RANGE:0.08% UP:25% SPREAD:0.03590664% BID:0.557 ASK:0.5572 MID:0.5571 P1:0.5571 P2:0.55705 P3:0.55705 P4:0.55705 STATE:IDLE
[2026-06-02 23:56:07Z] CHK MOM:0% RANGE:0.08% UP:25% SPREAD:0.03590664% BID:0.557 ASK:0.5572 MID:0.5571 P1:0.5571 P2:0.55705 P3:0.55705 P4:0.55705 STATE:IDLE
[2026-06-02 23:56:13Z] CHK MOM:-0.06% RANGE:0.08% UP:28.57% SPREAD:0.05385996% BID:0.557 ASK:0.5573 MID:0.55715 P1:0.55715 P2:0.5571 P3:0.55705 P4:0.55705 STATE:IDLE
[2026-06-02 23:56:13Z] CHK MOM:-0.06% RANGE:0.08% UP:28.57% SPREAD:0.05385996% BID:0.557 ASK:0.5573 MID:0.55715 P1:0.55715 P2:0.5571 P3:0.55705 P4:0.55705 STATE:IDLE
[2026-06-02 23:56:14Z] CHK MOM:-0.06% RANGE:0.08% UP:28.57% SPREAD:0.05385996% BID:0.557 ASK:0.5573 MID:0.55715 P1:0.55715 P2:0.5571 P3:0.55705 P4:0.55705 STATE:IDLE
[2026-06-02 23:56:14Z] CHK MOM:-0.06% RANGE:0.08% UP:28.57% SPREAD:0.05385996% BID:0.557 ASK:0.5573 MID:0.55715 P1:0.55715 P2:0.5571 P3:0.55705 P4:0.55705 STATE:IDLE
[2026-06-02 23:56:15Z] CHK MOM:-0.06% RANGE:0.08% UP:28.57% SPREAD:0.05385996% BID:0.557 ASK:0.5573 MID:0.55715 P1:0.55715 P2:0.5571 P3:0.55705 P4:0.55705 STATE:IDLE
[2026-06-02 23:56:26Z] CHK MOM:0% RANGE:0% UP:0% SPREAD:0.07180039% BID:0.5571 ASK:0.5575 MID:0.5573 P1:0.5573 P2:0.55715 P3:0.5571 P4:0.55705 STATE:IDLE
[2026-06-02 23:56:26Z] CHK MOM:-0.02% RANGE:0.02% UP:0% SPREAD:0.05385996% BID:0.557 ASK:0.5573 MID:0.55715 P1:0.55715 P2:0.5573 P3:0.55715 P4:0.5571 STATE:IDLE
[2026-06-02 23:56:27Z] CHK MOM:-0.02% RANGE:0.02% UP:0% SPREAD:0.05385996% BID:0.557 ASK:0.5573 MID:0.55715 P1:0.55715 P2:0.5573 P3:0.55715 P4:0.5571 STATE:IDLE
[2026-06-02 23:56:27Z] CHK MOM:-0.02% RANGE:0.02% UP:0% SPREAD:0.05385996% BID:0.557 ASK:0.5573 MID:0.55715 P1:0.55715 P2:0.5573 P3:0.55715 P4:0.5571 STATE:IDLE
[2026-06-02 23:56:28Z] CHK MOM:-0.02% RANGE:0.02% UP:0% SPREAD:0.05385996% BID:0.557 ASK:0.5573 MID:0.55715 P1:0.55715 P2:0.5573 P3:0.55715 P4:0.5571 STATE:IDLE
[2026-06-02 23:56:28Z] CHK MOM:-0.02% RANGE:0.02% UP:0% SPREAD:0.05385996% BID:0.557 ASK:0.5573 MID:0.55715 P1:0.55715 P2:0.5573 P3:0.55715 P4:0.5571 STATE:IDLE
[2026-06-02 23:56:29Z] CHK MOM:-0.02% RANGE:0.02% UP:0% SPREAD:0.05385996% BID:0.557 ASK:0.5573 MID:0.55715 P1:0.55715 P2:0.5573 P3:0.55715 P4:0.5571 STATE:IDLE
[2026-06-02 23:56:29Z] CHK MOM:-0.01% RANGE:0.02% UP:50% SPREAD:0.07181328% BID:0.557 ASK:0.5574 MID:0.5572 P1:0.5572 P2:0.55715 P3:0.5573 P4:0.55715 STATE:IDLE
[2026-06-02 23:56:30Z] CHK MOM:0% RANGE:0.02% UP:66.66% SPREAD:0.07180039% BID:0.5571 ASK:0.5575 MID:0.5573 P1:0.5573 P2:0.5572 P3:0.55715 P4:0.5573 STATE:IDLE
[2026-06-02 23:56:30Z] CHK MOM:0% RANGE:0.02% UP:50% SPREAD:0.0897666% BID:0.557 ASK:0.5575 MID:0.55725 P1:0.55725 P2:0.5573 P3:0.5572 P4:0.55715 STATE:IDLE
[2026-06-02 23:56:31Z] CHK MOM:0% RANGE:0.02% UP:50% SPREAD:0.0897666% BID:0.557 ASK:0.5575 MID:0.55725 P1:0.55725 P2:0.5573 P3:0.5572 P4:0.55715 STATE:IDLE
[2026-06-02 23:56:32Z] CHK MOM:0% RANGE:0.02% UP:60% SPREAD:0.07180039% BID:0.5571 ASK:0.5575 MID:0.5573 P1:0.5573 P2:0.55725 P3:0.5573 P4:0.5572 STATE:IDLE
[2026-06-02 23:56:32Z] CHK MOM:0% RANGE:0.02% UP:60% SPREAD:0.07180039% BID:0.5571 ASK:0.5575 MID:0.5573 P1:0.5573 P2:0.55725 P3:0.5573 P4:0.5572 STATE:IDLE
[2026-06-02 23:56:33Z] CHK MOM:0% RANGE:0.02% UP:60% SPREAD:0.07180039% BID:0.5571 ASK:0.5575 MID:0.5573 P1:0.5573 P2:0.55725 P3:0.5573 P4:0.5572 STATE:IDLE
[2026-06-02 23:56:33Z] CHK MOM:0% RANGE:0.03% UP:66.66% SPREAD:0.05384063% BID:0.5572 ASK:0.5575 MID:0.55735 P1:0.55735 P2:0.5573 P3:0.55725 P4:0.5573 STATE:IDLE
[2026-06-02 23:56:34Z] CHK MOM:0.02% RANGE:0.05% UP:71.42% SPREAD:0.05383097% BID:0.5573 ASK:0.5576 MID:0.55745 P1:0.55745 P2:0.55735 P3:0.5573 P4:0.55725 STATE:IDLE
[2026-06-02 23:56:34Z] CHK MOM:0.02% RANGE:0.05% UP:62.5% SPREAD:0.05383097% BID:0.5573 ASK:0.5576 MID:0.55745 P1:0.55745 P2:0.55745 P3:0.55735 P4:0.5573 STATE:IDLE
[2026-06-02 23:56:35Z] CHK MOM:0.02% RANGE:0.05% UP:55.55% SPREAD:0.05383097% BID:0.5573 ASK:0.5576 MID:0.55745 P1:0.55745 P2:0.55745 P3:0.55745 P4:0.55735 STATE:IDLE
[2026-06-02 23:56:35Z] CHK MOM:0.02% RANGE:0.05% UP:50% SPREAD:0.05383097% BID:0.5573 ASK:0.5576 MID:0.55745 P1:0.55745 P2:0.55745 P3:0.55745 P4:0.55745 STATE:IDLE
[2026-06-02 23:56:36Z] CHK MOM:0.02% RANGE:0.05% UP:50% SPREAD:0.05383097% BID:0.5573 ASK:0.5576 MID:0.55745 P1:0.55745 P2:0.55745 P3:0.55745 P4:0.55745 STATE:IDLE
[2026-06-02 23:56:37Z] CHK MOM:0.02% RANGE:0.05% UP:50% SPREAD:0.05383097% BID:0.5573 ASK:0.5576 MID:0.55745 P1:0.55745 P2:0.55745 P3:0.55745 P4:0.55745 STATE:IDLE
[2026-06-02 23:56:37Z] CHK MOM:0.03% RANGE:0.06% UP:54.54% SPREAD:0.03588087% BID:0.5574 ASK:0.5576 MID:0.5575 P1:0.5575 P2:0.55745 P3:0.55745 P4:0.55745 STATE:IDLE
[2026-06-02 23:56:38Z] CHK MOM:0.03% RANGE:0.06% UP:54.54% SPREAD:0.03588087% BID:0.5574 ASK:0.5576 MID:0.5575 P1:0.5575 P2:0.55745 P3:0.55745 P4:0.55745 STATE:IDLE
[2026-06-02 23:56:38Z] CHK MOM:0.06% RANGE:0.06% UP:54.54% SPREAD:0.03588087% BID:0.5574 ASK:0.5576 MID:0.5575 P1:0.5575 P2:0.5575 P3:0.55745 P4:0.55745 STATE:IDLE
[2026-06-02 23:56:39Z] CHK MOM:0.06% RANGE:0.06% UP:54.54% SPREAD:0.03588087% BID:0.5574 ASK:0.5576 MID:0.5575 P1:0.5575 P2:0.5575 P3:0.55745 P4:0.55745 STATE:IDLE
[2026-06-02 23:56:39Z] CHK MOM:0.06% RANGE:0.06% UP:54.54% SPREAD:0.03588087% BID:0.5574 ASK:0.5576 MID:0.5575 P1:0.5575 P2:0.5575 P3:0.55745 P4:0.55745 STATE:IDLE
[2026-06-02 23:56:40Z] CHK MOM:0.06% RANGE:0.06% UP:54.54% SPREAD:0.03588087% BID:0.5574 ASK:0.5576 MID:0.5575 P1:0.5575 P2:0.5575 P3:0.55745 P4:0.55745 STATE:IDLE
[2026-06-02 23:56:40Z] CHK MOM:0.06% RANGE:0.06% UP:54.54% SPREAD:0.03588087% BID:0.5574 ASK:0.5576 MID:0.5575 P1:0.5575 P2:0.5575 P3:0.55745 P4:0.55745 STATE:IDLE
[2026-06-02 23:56:41Z] CHK MOM:0.06% RANGE:0.06% UP:54.54% SPREAD:0.03588087% BID:0.5574 ASK:0.5576 MID:0.5575 P1:0.5575 P2:0.5575 P3:0.55745 P4:0.55745 STATE:IDLE
[2026-06-02 23:56:43Z] CHK MOM:0% RANGE:0.03% UP:37.5% SPREAD:0.05384063% BID:0.5572 ASK:0.5575 MID:0.55735 P1:0.55735 P2:0.5575 P3:0.5575 P4:0.55745 STATE:IDLE
[2026-06-02 23:56:43Z] CHK MOM:0% RANGE:0.03% UP:37.5% SPREAD:0.05384063% BID:0.5572 ASK:0.5575 MID:0.55735 P1:0.55735 P2:0.5575 P3:0.5575 P4:0.55745 STATE:IDLE
[2026-06-02 23:56:44Z] CHK MOM:0% RANGE:0.03% UP:37.5% SPREAD:0.05384063% BID:0.5572 ASK:0.5575 MID:0.55735 P1:0.55735 P2:0.5575 P3:0.5575 P4:0.55745 STATE:IDLE
[2026-06-02 23:56:44Z] CHK MOM:0% RANGE:0.02% UP:25% SPREAD:0.05384063% BID:0.5572 ASK:0.5575 MID:0.55735 P1:0.55735 P2:0.55735 P3:0.5575 P4:0.5575 STATE:IDLE
[2026-06-02 23:56:45Z] CHK MOM:0.01% RANGE:0.02% UP:33.33% SPREAD:0.05383097% BID:0.5573 ASK:0.5576 MID:0.55745 P1:0.55745 P2:0.55735 P3:0.55735 P4:0.5575 STATE:IDLE
[2026-06-02 23:56:45Z] CHK MOM:0.01% RANGE:0.02% UP:33.33% SPREAD:0.05383097% BID:0.5573 ASK:0.5576 MID:0.55745 P1:0.55745 P2:0.55735 P3:0.55735 P4:0.5575 STATE:IDLE
[2026-06-02 23:56:46Z] CHK MOM:0.01% RANGE:0.02% UP:33.33% SPREAD:0.05383097% BID:0.5573 ASK:0.5576 MID:0.55745 P1:0.55745 P2:0.55735 P3:0.55735 P4:0.5575 STATE:IDLE
[2026-06-02 23:56:46Z] CHK MOM:0.01% RANGE:0.02% UP:33.33% SPREAD:0.05383097% BID:0.5573 ASK:0.5576 MID:0.55745 P1:0.55745 P2:0.55735 P3:0.55735 P4:0.5575 STATE:IDLE
[2026-06-02 23:56:47Z] CHK MOM:0.01% RANGE:0.02% UP:33.33% SPREAD:0.05383097% BID:0.5573 ASK:0.5576 MID:0.55745 P1:0.55745 P2:0.55735 P3:0.55735 P4:0.5575 STATE:IDLE
[2026-06-02 23:56:47Z] CHK MOM:0.01% RANGE:0.02% UP:33.33% SPREAD:0.05383097% BID:0.5573 ASK:0.5576 MID:0.55745 P1:0.55745 P2:0.55735 P3:0.55735 P4:0.5575 STATE:IDLE
[2026-06-02 23:56:50Z] CHK MOM:0% RANGE:0.02% UP:20% SPREAD:0.05383097% BID:0.5573 ASK:0.5576 MID:0.55745 P1:0.55745 P2:0.55745 P3:0.55735 P4:0.55735 STATE:IDLE
[2026-06-02 23:56:50Z] CHK MOM:0% RANGE:0.02% UP:20% SPREAD:0.05383097% BID:0.5573 ASK:0.5576 MID:0.55745 P1:0.55745 P2:0.55745 P3:0.55745 P4:0.55735 STATE:IDLE
[2026-06-02 23:56:51Z] CHK MOM:0% RANGE:0.02% UP:20% SPREAD:0.05383097% BID:0.5573 ASK:0.5576 MID:0.55745 P1:0.55745 P2:0.55745 P3:0.55745 P4:0.55735 STATE:IDLE
[2026-06-02 23:56:51Z] CHK MOM:0% RANGE:0.02% UP:20% SPREAD:0.05383097% BID:0.5573 ASK:0.5576 MID:0.55745 P1:0.55745 P2:0.55745 P3:0.55745 P4:0.55735 STATE:IDLE
[2026-06-02 23:56:52Z] CHK MOM:0% RANGE:0.02% UP:20% SPREAD:0.05383097% BID:0.5573 ASK:0.5576 MID:0.55745 P1:0.55745 P2:0.55745 P3:0.55745 P4:0.55735 STATE:IDLE
[2026-06-02 23:56:52Z] CHK MOM:0% RANGE:0.02% UP:20% SPREAD:0.05383097% BID:0.5573 ASK:0.5576 MID:0.55745 P1:0.55745 P2:0.55745 P3:0.55745 P4:0.55735 STATE:IDLE
[2026-06-02 23:56:53Z] CHK MOM:0.01% RANGE:0.01% UP:20% SPREAD:0.05383097% BID:0.5573 ASK:0.5576 MID:0.55745 P1:0.55745 P2:0.55745 P3:0.55745 P4:0.55745 STATE:IDLE
[2026-06-02 23:56:53Z] CHK MOM:0.01% RANGE:0.01% UP:20% SPREAD:0.05383097% BID:0.5573 ASK:0.5576 MID:0.55745 P1:0.55745 P2:0.55745 P3:0.55745 P4:0.55745 STATE:IDLE
[2026-06-02 23:56:54Z] CHK MOM:0.01% RANGE:0.01% UP:20% SPREAD:0.05383097% BID:0.5573 ASK:0.5576 MID:0.55745 P1:0.55745 P2:0.55745 P3:0.55745 P4:0.55745 STATE:IDLE
[2026-06-02 23:56:54Z] CHK MOM:0.01% RANGE:0.01% UP:20% SPREAD:0.05383097% BID:0.5573 ASK:0.5576 MID:0.55745 P1:0.55745 P2:0.55745 P3:0.55745 P4:0.55745 STATE:IDLE
[2026-06-02 23:56:55Z] CHK MOM:0.02% RANGE:0.02% UP:40% SPREAD:0.03588087% BID:0.5574 ASK:0.5576 MID:0.5575 P1:0.5575 P2:0.55745 P3:0.55745 P4:0.55745 STATE:IDLE
[2026-06-02 23:56:56Z] CHK MOM:0.06% RANGE:0.06% UP:50% SPREAD:0.035868% BID:0.5576 ASK:0.5578 MID:0.5577 P1:0.5577 P2:0.5575 P3:0.55745 P4:0.55745 STATE:IDLE
[2026-06-02 23:56:56Z] CHK MOM:0.05% RANGE:0.05% UP:50% SPREAD:0.01793078% BID:0.5577 ASK:0.5578 MID:0.55775 P1:0.55775 P2:0.5577 P3:0.5575 P4:0.55745 STATE:IDLE
[2026-06-02 23:56:57Z] CHK MOM:0.05% RANGE:0.05% UP:50% SPREAD:0.01793078% BID:0.5577 ASK:0.5578 MID:0.55775 P1:0.55775 P2:0.5577 P3:0.5575 P4:0.55745 STATE:IDLE
[2026-06-02 23:56:57Z] CHK MOM:0.04% RANGE:0.05% UP:50% SPREAD:0.035868% BID:0.5576 ASK:0.5578 MID:0.5577 P1:0.5577 P2:0.55775 P3:0.5577 P4:0.5575 STATE:IDLE
[2026-06-02 23:56:58Z] CHK MOM:0.04% RANGE:0.05% UP:50% SPREAD:0.035868% BID:0.5576 ASK:0.5578 MID:0.5577 P1:0.5577 P2:0.55775 P3:0.5577 P4:0.5575 STATE:IDLE
[2026-06-02 23:56:58Z] CHK MOM:0.05% RANGE:0.05% UP:57.14% SPREAD:0.01793078% BID:0.5577 ASK:0.5578 MID:0.55775 P1:0.55775 P2:0.5577 P3:0.55775 P4:0.5577 STATE:IDLE
[2026-06-02 23:56:59Z] CHK MOM:0.05% RANGE:0.05% UP:57.14% SPREAD:0.01793078% BID:0.5577 ASK:0.5578 MID:0.55775 P1:0.55775 P2:0.5577 P3:0.55775 P4:0.5577 STATE:IDLE
[2026-06-02 23:56:59Z] CHK MOM:0.05% RANGE:0.05% UP:57.14% SPREAD:0.01793078% BID:0.5577 ASK:0.5578 MID:0.55775 P1:0.55775 P2:0.5577 P3:0.55775 P4:0.5577 STATE:IDLE
[2026-06-02 23:57:00Z] CHK MOM:0.05% RANGE:0.05% UP:57.14% SPREAD:0.01793078% BID:0.5577 ASK:0.5578 MID:0.55775 P1:0.55775 P2:0.5577 P3:0.55775 P4:0.5577 STATE:IDLE
[2026-06-02 23:57:01Z] CHK MOM:0.04% RANGE:0.05% UP:50% SPREAD:0.035868% BID:0.5576 ASK:0.5578 MID:0.5577 P1:0.5577 P2:0.55775 P3:0.5577 P4:0.55775 STATE:IDLE
[2026-06-02 23:57:01Z] CHK MOM:0.04% RANGE:0.05% UP:50% SPREAD:0.035868% BID:0.5576 ASK:0.5578 MID:0.5577 P1:0.5577 P2:0.55775 P3:0.5577 P4:0.55775 STATE:IDLE
[2026-06-02 23:57:02Z] CHK MOM:0.04% RANGE:0.05% UP:50% SPREAD:0.035868% BID:0.5576 ASK:0.5578 MID:0.5577 P1:0.5577 P2:0.55775 P3:0.5577 P4:0.55775 STATE:IDLE
[2026-06-02 23:57:02Z] CHK MOM:0.04% RANGE:0.05% UP:50% SPREAD:0.035868% BID:0.5576 ASK:0.5578 MID:0.5577 P1:0.5577 P2:0.55775 P3:0.5577 P4:0.55775 STATE:IDLE
[2026-06-02 23:57:03Z] CHK MOM:0.02% RANGE:0.05% UP:57.14% SPREAD:0.03587443% BID:0.5575 ASK:0.5577 MID:0.5576 P1:0.5576 P2:0.5577 P3:0.55775 P4:0.5577 STATE:IDLE
[2026-06-02 23:57:03Z] CHK MOM:0.02% RANGE:0.05% UP:57.14% SPREAD:0.03587443% BID:0.5575 ASK:0.5577 MID:0.5576 P1:0.5576 P2:0.5577 P3:0.55775 P4:0.5577 STATE:IDLE
[2026-06-02 23:57:04Z] CHK MOM:0.02% RANGE:0.05% UP:57.14% SPREAD:0.03587443% BID:0.5575 ASK:0.5577 MID:0.5576 P1:0.5576 P2:0.5577 P3:0.55775 P4:0.5577 STATE:IDLE
[2026-06-02 23:57:04Z] CHK MOM:0.03% RANGE:0.05% UP:62.5% SPREAD:0.05381165% BID:0.5575 ASK:0.5578 MID:0.55765 P1:0.55765 P2:0.5576 P3:0.5577 P4:0.55775 STATE:IDLE
[2026-06-02 23:57:05Z] CHK MOM:0.03% RANGE:0.05% UP:62.5% SPREAD:0.05381165% BID:0.5575 ASK:0.5578 MID:0.55765 P1:0.55765 P2:0.5576 P3:0.5577 P4:0.55775 STATE:IDLE
[2026-06-02 23:57:06Z] CHK MOM:0.03% RANGE:0.05% UP:62.5% SPREAD:0.05381165% BID:0.5575 ASK:0.5578 MID:0.55765 P1:0.55765 P2:0.5576 P3:0.5577 P4:0.55775 STATE:IDLE
[2026-06-02 23:57:06Z] CHK MOM:0.03% RANGE:0.05% UP:62.5% SPREAD:0.05381165% BID:0.5575 ASK:0.5578 MID:0.55765 P1:0.55765 P2:0.5576 P3:0.5577 P4:0.55775 STATE:IDLE
[2026-06-02 23:57:07Z] CHK MOM:0.03% RANGE:0.05% UP:62.5% SPREAD:0.05381165% BID:0.5575 ASK:0.5578 MID:0.55765 P1:0.55765 P2:0.5576 P3:0.5577 P4:0.55775 STATE:IDLE
[2026-06-02 23:57:11Z] CHK MOM:0% RANGE:0.01% UP:33.33% SPREAD:0.05381165% BID:0.5575 ASK:0.5578 MID:0.55765 P1:0.55765 P2:0.55765 P3:0.5576 P4:0.5577 STATE:IDLE
[2026-06-02 23:57:12Z] CHK MOM:0% RANGE:0.01% UP:33.33% SPREAD:0.05381165% BID:0.5575 ASK:0.5578 MID:0.55765 P1:0.55765 P2:0.55765 P3:0.5576 P4:0.5577 STATE:IDLE
[2026-06-02 23:57:12Z] CHK MOM:0% RANGE:0.01% UP:25% SPREAD:0.05381165% BID:0.5575 ASK:0.5578 MID:0.55765 P1:0.55765 P2:0.55765 P3:0.55765 P4:0.5576 STATE:IDLE
[2026-06-02 23:57:13Z] CHK MOM:0% RANGE:0.01% UP:25% SPREAD:0.05381165% BID:0.5575 ASK:0.5578 MID:0.55765 P1:0.55765 P2:0.55765 P3:0.55765 P4:0.5576 STATE:IDLE
[2026-06-02 23:57:13Z] CHK MOM:0% RANGE:0.01% UP:25% SPREAD:0.05381165% BID:0.5575 ASK:0.5578 MID:0.55765 P1:0.55765 P2:0.55765 P3:0.55765 P4:0.5576 STATE:IDLE
[2026-06-02 23:57:14Z] CHK MOM:0% RANGE:0.01% UP:25% SPREAD:0.05381165% BID:0.5575 ASK:0.5578 MID:0.55765 P1:0.55765 P2:0.55765 P3:0.55765 P4:0.5576 STATE:IDLE
[2026-06-02 23:57:14Z] CHK MOM:0% RANGE:0.01% UP:25% SPREAD:0.05381165% BID:0.5575 ASK:0.5578 MID:0.55765 P1:0.55765 P2:0.55765 P3:0.55765 P4:0.5576 STATE:IDLE
[2026-06-02 23:57:15Z] CHK MOM:-0.01% RANGE:0.01% UP:0% SPREAD:0.08971828% BID:0.5573 ASK:0.5578 MID:0.55755 P1:0.55755 P2:0.55765 P3:0.55765 P4:0.55765 STATE:IDLE
[2026-06-02 23:57:16Z] CHK MOM:-0.01% RANGE:0.01% UP:0% SPREAD:0.08971828% BID:0.5573 ASK:0.5578 MID:0.55755 P1:0.55755 P2:0.55765 P3:0.55765 P4:0.55765 STATE:IDLE
[2026-06-02 23:57:17Z] CHK MOM:-0.01% RANGE:0.01% UP:0% SPREAD:0.08971828% BID:0.5573 ASK:0.5578 MID:0.55755 P1:0.55755 P2:0.55765 P3:0.55765 P4:0.55765 STATE:IDLE
[2026-06-02 23:57:17Z] CHK MOM:-0.02% RANGE:0.02% UP:0% SPREAD:0.07177462% BID:0.5573 ASK:0.5577 MID:0.5575 P1:0.5575 P2:0.55755 P3:0.55765 P4:0.55765 STATE:IDLE
[2026-06-02 23:57:18Z] CHK MOM:-0.02% RANGE:0.02% UP:0% SPREAD:0.07177462% BID:0.5573 ASK:0.5577 MID:0.5575 P1:0.5575 P2:0.55755 P3:0.55765 P4:0.55765 STATE:IDLE
[2026-06-02 23:57:18Z] CHK MOM:-0.02% RANGE:0.02% UP:0% SPREAD:0.07177462% BID:0.5573 ASK:0.5577 MID:0.5575 P1:0.5575 P2:0.55755 P3:0.55765 P4:0.55765 STATE:IDLE
[2026-06-02 23:57:19Z] CHK MOM:-0.02% RANGE:0.02% UP:0% SPREAD:0.07177462% BID:0.5573 ASK:0.5577 MID:0.5575 P1:0.5575 P2:0.55755 P3:0.55765 P4:0.55765 STATE:IDLE
[2026-06-02 23:57:19Z] CHK MOM:-0.02% RANGE:0.02% UP:0% SPREAD:0.07177462% BID:0.5573 ASK:0.5577 MID:0.5575 P1:0.5575 P2:0.55755 P3:0.55765 P4:0.55765 STATE:IDLE
[2026-06-02 23:57:21Z] CHK MOM:-0.03% RANGE:0.03% UP:0% SPREAD:0.08973438% BID:0.5572 ASK:0.5577 MID:0.55745 P1:0.55745 P2:0.5575 P3:0.55755 P4:0.55765 STATE:IDLE
[2026-06-02 23:57:21Z] CHK MOM:-0.03% RANGE:0.03% UP:0% SPREAD:0.08973438% BID:0.5572 ASK:0.5577 MID:0.55745 P1:0.55745 P2:0.5575 P3:0.55755 P4:0.55765 STATE:IDLE
[2026-06-02 23:57:22Z] CHK MOM:-0.03% RANGE:0.03% UP:0% SPREAD:0.08973438% BID:0.5572 ASK:0.5577 MID:0.55745 P1:0.55745 P2:0.5575 P3:0.55755 P4:0.55765 STATE:IDLE
[2026-06-02 23:57:23Z] CHK MOM:-0.03% RANGE:0.03% UP:0% SPREAD:0.08973438% BID:0.5572 ASK:0.5577 MID:0.55745 P1:0.55745 P2:0.5575 P3:0.55755 P4:0.55765 STATE:IDLE
[2026-06-02 23:57:23Z] CHK MOM:-0.03% RANGE:0.03% UP:0% SPREAD:0.08973438% BID:0.5572 ASK:0.5577 MID:0.55745 P1:0.55745 P2:0.5575 P3:0.55755 P4:0.55765 STATE:IDLE
[2026-06-02 23:57:26Z] CHK MOM:-0.01% RANGE:0.01% UP:0% SPREAD:0.08973438% BID:0.5572 ASK:0.5577 MID:0.55745 P1:0.55745 P2:0.55745 P3:0.5575 P4:0.55755 STATE:IDLE
[2026-06-02 23:57:27Z] CHK MOM:-0.01% RANGE:0.01% UP:0% SPREAD:0.08973438% BID:0.5572 ASK:0.5577 MID:0.55745 P1:0.55745 P2:0.55745 P3:0.5575 P4:0.55755 STATE:IDLE
[2026-06-02 23:57:28Z] CHK MOM:-0.01% RANGE:0.01% UP:0% SPREAD:0.08973438% BID:0.5572 ASK:0.5577 MID:0.55745 P1:0.55745 P2:0.55745 P3:0.5575 P4:0.55755 STATE:IDLE
[2026-06-02 23:57:28Z] TOKEN_SWITCH old=JTOUSDC new=INJUSDC source=.service.env
