[2026-06-03 01:24:41Z] SESSION_START symbol=JTOUSDC dry_run=0 profile=major strategy=momentum base_url=https://api.binance.com
[2026-06-03 01:24:41Z] TOXIC_MEMORY_LOADED count=2 symbols=ORDIUSDC,TONUSDC
[2026-06-03 01:24:43Z] CHK MOM:0% RANGE:0% UP:0% SPREAD:0.07007708% BID:0.5708 ASK:0.5712 MID:0.571 P1:0.571 P2:NA P3:NA P4:NA STATE:IDLE
[2026-06-03 01:24:44Z] CHK MOM:0% RANGE:0% UP:0% SPREAD:0.07007708% BID:0.5708 ASK:0.5712 MID:0.571 P1:0.571 P2:NA P3:NA P4:NA STATE:IDLE
[2026-06-03 01:24:44Z] CHK MOM:0% RANGE:0% UP:0% SPREAD:0.07007708% BID:0.5708 ASK:0.5712 MID:0.571 P1:0.571 P2:NA P3:NA P4:NA STATE:IDLE
[2026-06-03 01:24:45Z] CHK MOM:0% RANGE:0% UP:0% SPREAD:0.07007708% BID:0.5708 ASK:0.5712 MID:0.571 P1:0.571 P2:NA P3:NA P4:NA STATE:IDLE
[2026-06-03 01:24:45Z] CHK MOM:0% RANGE:0% UP:0% SPREAD:0.07007708% BID:0.5708 ASK:0.5712 MID:0.571 P1:0.571 P2:0.571 P3:NA P4:NA STATE:IDLE
[2026-06-03 01:24:46Z] CHK MOM:0% RANGE:0% UP:0% SPREAD:0.07007708% BID:0.5708 ASK:0.5712 MID:0.571 P1:0.571 P2:0.571 P3:NA P4:NA STATE:IDLE
[2026-06-03 01:24:46Z] CHK MOM:0% RANGE:0% UP:50% SPREAD:0.08759635% BID:0.5708 ASK:0.5713 MID:0.57105 P1:0.57105 P2:0.571 P3:0.571 P4:NA STATE:IDLE
[2026-06-03 01:24:47Z] CHK MOM:0% RANGE:0% UP:50% SPREAD:0.08759635% BID:0.5708 ASK:0.5713 MID:0.57105 P1:0.57105 P2:0.571 P3:0.571 P4:NA STATE:IDLE
[2026-06-03 01:24:47Z] CHK MOM:0% RANGE:0% UP:33.33% SPREAD:0.07007708% BID:0.5708 ASK:0.5712 MID:0.571 P1:0.571 P2:0.57105 P3:0.571 P4:0.571 STATE:IDLE
[2026-06-03 01:24:48Z] CHK MOM:-0.03% RANGE:0.04% UP:25% SPREAD:0.07010164% BID:0.5706 ASK:0.571 MID:0.5708 P1:0.5708 P2:0.571 P3:0.57105 P4:0.571 STATE:IDLE
[2026-06-03 01:24:49Z] CHK MOM:-0.03% RANGE:0.04% UP:20% SPREAD:0.07010164% BID:0.5706 ASK:0.571 MID:0.5708 P1:0.5708 P2:0.5708 P3:0.571 P4:0.57105 STATE:IDLE
[2026-06-03 01:24:49Z] CHK MOM:-0.04% RANGE:0.05% UP:16.66% SPREAD:0.05257623% BID:0.5706 ASK:0.5709 MID:0.57075 P1:0.57075 P2:0.5708 P3:0.5708 P4:0.571 STATE:IDLE
[2026-06-03 01:24:50Z] CHK MOM:-0.04% RANGE:0.05% UP:16.66% SPREAD:0.05257623% BID:0.5706 ASK:0.5709 MID:0.57075 P1:0.57075 P2:0.5708 P3:0.5708 P4:0.571 STATE:IDLE
[2026-06-03 01:24:50Z] CHK MOM:-0.04% RANGE:0.05% UP:16.66% SPREAD:0.05257623% BID:0.5706 ASK:0.5709 MID:0.57075 P1:0.57075 P2:0.5708 P3:0.5708 P4:0.571 STATE:IDLE
[2026-06-03 01:24:51Z] CHK MOM:-0.03% RANGE:0.05% UP:28.57% SPREAD:0.07010164% BID:0.5706 ASK:0.571 MID:0.5708 P1:0.5708 P2:0.57075 P3:0.5708 P4:0.5708 STATE:IDLE
[2026-06-03 01:24:51Z] CHK MOM:-0.03% RANGE:0.05% UP:28.57% SPREAD:0.07010164% BID:0.5706 ASK:0.571 MID:0.5708 P1:0.5708 P2:0.57075 P3:0.5708 P4:0.5708 STATE:IDLE
[2026-06-03 01:24:52Z] CHK MOM:-0.03% RANGE:0.05% UP:28.57% SPREAD:0.07010164% BID:0.5706 ASK:0.571 MID:0.5708 P1:0.5708 P2:0.57075 P3:0.5708 P4:0.5708 STATE:IDLE
[2026-06-03 01:24:52Z] CHK MOM:-0.03% RANGE:0.05% UP:28.57% SPREAD:0.07010164% BID:0.5706 ASK:0.571 MID:0.5708 P1:0.5708 P2:0.57075 P3:0.5708 P4:0.5708 STATE:IDLE
[2026-06-03 01:24:53Z] CHK MOM:-0.03% RANGE:0.05% UP:28.57% SPREAD:0.07010164% BID:0.5706 ASK:0.571 MID:0.5708 P1:0.5708 P2:0.57075 P3:0.5708 P4:0.5708 STATE:IDLE
[2026-06-03 01:24:53Z] CHK MOM:-0.03% RANGE:0.05% UP:28.57% SPREAD:0.07010164% BID:0.5706 ASK:0.571 MID:0.5708 P1:0.5708 P2:0.57075 P3:0.5708 P4:0.5708 STATE:IDLE
[2026-06-03 01:24:56Z] CHK MOM:0.03% RANGE:0.07% UP:42.85% SPREAD:0.14015416% BID:0.5708 ASK:0.5716 MID:0.57119999 P1:0.57119999 P2:0.5708 P3:0.57075 P4:0.5708 STATE:IDLE
[2026-06-03 01:24:56Z] CHK MOM:0.03% RANGE:0.07% UP:37.5% SPREAD:0.14015416% BID:0.5708 ASK:0.5716 MID:0.57119999 P1:0.57119999 P2:0.57119999 P3:0.5708 P4:0.57075 STATE:IDLE
[2026-06-03 01:24:57Z] CHK MOM:0.01% RANGE:0.07% UP:33.33% SPREAD:0.10511562% BID:0.5708 ASK:0.5714 MID:0.57109999 P1:0.57109999 P2:0.57119999 P3:0.57119999 P4:0.5708 STATE:IDLE
[2026-06-03 01:24:57Z] CHK MOM:0.01% RANGE:0.07% UP:33.33% SPREAD:0.10511562% BID:0.5708 ASK:0.5714 MID:0.57109999 P1:0.57109999 P2:0.57119999 P3:0.57119999 P4:0.5708 STATE:IDLE
[2026-06-03 01:24:58Z] CHK MOM:0.01% RANGE:0.07% UP:33.33% SPREAD:0.10511562% BID:0.5708 ASK:0.5714 MID:0.57109999 P1:0.57109999 P2:0.57119999 P3:0.57119999 P4:0.5708 STATE:IDLE
[2026-06-03 01:24:58Z] CHK MOM:0.01% RANGE:0.07% UP:33.33% SPREAD:0.10511562% BID:0.5708 ASK:0.5714 MID:0.57109999 P1:0.57109999 P2:0.57119999 P3:0.57119999 P4:0.5708 STATE:IDLE
[2026-06-03 01:24:59Z] CHK MOM:0.01% RANGE:0.07% UP:33.33% SPREAD:0.10511562% BID:0.5708 ASK:0.5714 MID:0.57109999 P1:0.57109999 P2:0.57119999 P3:0.57119999 P4:0.5708 STATE:IDLE
[2026-06-03 01:24:59Z] CHK MOM:0.01% RANGE:0.07% UP:33.33% SPREAD:0.10511562% BID:0.5708 ASK:0.5714 MID:0.57109999 P1:0.57109999 P2:0.57119999 P3:0.57119999 P4:0.5708 STATE:IDLE
[2026-06-03 01:25:00Z] CHK MOM:0.01% RANGE:0.07% UP:33.33% SPREAD:0.10515247% BID:0.5706 ASK:0.5712 MID:0.5709 P1:0.5709 P2:0.57109999 P3:0.57119999 P4:0.57119999 STATE:IDLE
[2026-06-03 01:25:00Z] CHK MOM:0% RANGE:0.07% UP:28.57% SPREAD:0.07010164% BID:0.5706 ASK:0.571 MID:0.5708 P1:0.5708 P2:0.5709 P3:0.57109999 P4:0.57119999 STATE:IDLE
[2026-06-03 01:25:02Z] CHK MOM:0% RANGE:0.07% UP:28.57% SPREAD:0.07010164% BID:0.5706 ASK:0.571 MID:0.5708 P1:0.5708 P2:0.5709 P3:0.57109999 P4:0.57119999 STATE:IDLE
[2026-06-03 01:25:02Z] CHK MOM:0% RANGE:0.07% UP:16.66% SPREAD:0.05257623% BID:0.5706 ASK:0.5709 MID:0.57075 P1:0.57075 P2:0.5708 P3:0.5709 P4:0.57109999 STATE:IDLE
[2026-06-03 01:25:03Z] CHK MOM:0% RANGE:0.07% UP:16.66% SPREAD:0.05257623% BID:0.5706 ASK:0.5709 MID:0.57075 P1:0.57075 P2:0.5708 P3:0.5709 P4:0.57109999 STATE:IDLE
[2026-06-03 01:25:03Z] CHK MOM:0% RANGE:0.07% UP:16.66% SPREAD:0.05257623% BID:0.5706 ASK:0.5709 MID:0.57075 P1:0.57075 P2:0.5708 P3:0.5709 P4:0.57109999 STATE:IDLE
[2026-06-03 01:25:04Z] CHK MOM:0% RANGE:0.07% UP:16.66% SPREAD:0.05257623% BID:0.5706 ASK:0.5709 MID:0.57075 P1:0.57075 P2:0.5708 P3:0.5709 P4:0.57109999 STATE:IDLE
[2026-06-03 01:25:09Z] CHK MOM:-0.07% RANGE:0.07% UP:0% SPREAD:0.03505082% BID:0.5706 ASK:0.5708 MID:0.5707 P1:0.5707 P2:0.57075 P3:0.5708 P4:0.5709 STATE:IDLE
[2026-06-03 01:25:10Z] CHK MOM:-0.07% RANGE:0.07% UP:0% SPREAD:0.03505082% BID:0.5706 ASK:0.5708 MID:0.5707 P1:0.5707 P2:0.57075 P3:0.5708 P4:0.5709 STATE:IDLE
[2026-06-03 01:25:10Z] CHK MOM:-0.07% RANGE:0.07% UP:0% SPREAD:0.03505082% BID:0.5706 ASK:0.5708 MID:0.5707 P1:0.5707 P2:0.57075 P3:0.5708 P4:0.5709 STATE:IDLE
[2026-06-03 01:25:11Z] CHK MOM:-0.07% RANGE:0.07% UP:0% SPREAD:0.03505082% BID:0.5706 ASK:0.5708 MID:0.5707 P1:0.5707 P2:0.57075 P3:0.5708 P4:0.5709 STATE:IDLE
[2026-06-03 01:25:11Z] CHK MOM:-0.07% RANGE:0.07% UP:0% SPREAD:0.03505082% BID:0.5706 ASK:0.5708 MID:0.5707 P1:0.5707 P2:0.57075 P3:0.5708 P4:0.5709 STATE:IDLE
[2026-06-03 01:25:16Z] CHK MOM:-0.01% RANGE:0.01% UP:0% SPREAD:0.07012622% BID:0.5704 ASK:0.5708 MID:0.5706 P1:0.5706 P2:0.5707 P3:0.57075 P4:0.5708 STATE:IDLE
[2026-06-03 01:25:16Z] CHK MOM:-0.01% RANGE:0.01% UP:0% SPREAD:0.07012622% BID:0.5704 ASK:0.5708 MID:0.5706 P1:0.5706 P2:0.5707 P3:0.57075 P4:0.5708 STATE:IDLE
[2026-06-03 01:25:17Z] CHK MOM:-0.01% RANGE:0.01% UP:0% SPREAD:0.07012622% BID:0.5704 ASK:0.5708 MID:0.5706 P1:0.5706 P2:0.5707 P3:0.57075 P4:0.5708 STATE:IDLE
[2026-06-03 01:25:17Z] CHK MOM:-0.01% RANGE:0.01% UP:0% SPREAD:0.07012622% BID:0.5704 ASK:0.5708 MID:0.5706 P1:0.5706 P2:0.5707 P3:0.57075 P4:0.5708 STATE:IDLE
[2026-06-03 01:25:18Z] CHK MOM:0% RANGE:0.01% UP:50% SPREAD:0.08765778% BID:0.5704 ASK:0.5709 MID:0.57065 P1:0.57065 P2:0.5706 P3:0.5707 P4:0.57075 STATE:IDLE
[2026-06-03 01:25:18Z] CHK MOM:0% RANGE:0.01% UP:50% SPREAD:0.08765778% BID:0.5704 ASK:0.5709 MID:0.57065 P1:0.57065 P2:0.5706 P3:0.5707 P4:0.57075 STATE:IDLE
[2026-06-03 01:25:19Z] CHK MOM:0% RANGE:0.01% UP:50% SPREAD:0.08765778% BID:0.5704 ASK:0.5709 MID:0.57065 P1:0.57065 P2:0.5706 P3:0.5707 P4:0.57075 STATE:IDLE
[2026-06-03 01:25:19Z] CHK MOM:0% RANGE:0.01% UP:50% SPREAD:0.08765778% BID:0.5704 ASK:0.5709 MID:0.57065 P1:0.57065 P2:0.5706 P3:0.5707 P4:0.57075 STATE:IDLE
[2026-06-03 01:25:20Z] CHK MOM:0% RANGE:0.01% UP:50% SPREAD:0.08765778% BID:0.5704 ASK:0.5709 MID:0.57065 P1:0.57065 P2:0.5706 P3:0.5707 P4:0.57075 STATE:IDLE
[2026-06-03 01:25:20Z] CHK MOM:-0.01% RANGE:0.01% UP:33.33% SPREAD:0.10520778% BID:0.5703 ASK:0.5709 MID:0.5706 P1:0.5706 P2:0.57065 P3:0.5706 P4:0.5707 STATE:IDLE
[2026-06-03 01:25:21Z] CHK MOM:0% RANGE:0% UP:66.66% SPREAD:0.12274241% BID:0.5703 ASK:0.571 MID:0.57065 P1:0.57065 P2:0.5706 P3:0.57065 P4:0.5706 STATE:IDLE
[2026-06-03 01:25:22Z] CHK MOM:0.03% RANGE:0.03% UP:75% SPREAD:0.14025245% BID:0.5704 ASK:0.5712 MID:0.5708 P1:0.5708 P2:0.57065 P3:0.5706 P4:0.57065 STATE:IDLE
[2026-06-03 01:25:22Z] CHK MOM:0.03% RANGE:0.03% UP:75% SPREAD:0.14025245% BID:0.5704 ASK:0.5712 MID:0.5708 P1:0.5708 P2:0.57065 P3:0.5706 P4:0.57065 STATE:IDLE
[2026-06-03 01:25:23Z] CHK MOM:0.03% RANGE:0.03% UP:75% SPREAD:0.14025245% BID:0.5704 ASK:0.5712 MID:0.5708 P1:0.5708 P2:0.57065 P3:0.5706 P4:0.57065 STATE:IDLE
[2026-06-03 01:25:23Z] CHK MOM:0.03% RANGE:0.03% UP:75% SPREAD:0.14025245% BID:0.5704 ASK:0.5712 MID:0.5708 P1:0.5708 P2:0.57065 P3:0.5706 P4:0.57065 STATE:IDLE
[2026-06-03 01:25:24Z] CHK MOM:0.03% RANGE:0.03% UP:75% SPREAD:0.14025245% BID:0.5704 ASK:0.5712 MID:0.5708 P1:0.5708 P2:0.57065 P3:0.5706 P4:0.57065 STATE:IDLE
[2026-06-03 01:25:24Z] CHK MOM:0.03% RANGE:0.03% UP:60% SPREAD:0.14025245% BID:0.5704 ASK:0.5712 MID:0.5708 P1:0.5708 P2:0.5708 P3:0.57065 P4:0.5706 STATE:IDLE
[2026-06-03 01:25:25Z] CHK MOM:0.03% RANGE:0.03% UP:60% SPREAD:0.14025245% BID:0.5704 ASK:0.5712 MID:0.5708 P1:0.5708 P2:0.5708 P3:0.57065 P4:0.5706 STATE:IDLE
[2026-06-03 01:25:25Z] CHK MOM:0.03% RANGE:0.03% UP:60% SPREAD:0.14025245% BID:0.5704 ASK:0.5712 MID:0.5708 P1:0.5708 P2:0.5708 P3:0.57065 P4:0.5706 STATE:IDLE
[2026-06-03 01:25:26Z] CHK MOM:0.03% RANGE:0.03% UP:60% SPREAD:0.14025245% BID:0.5704 ASK:0.5712 MID:0.5708 P1:0.5708 P2:0.5708 P3:0.57065 P4:0.5706 STATE:IDLE
[2026-06-03 01:25:27Z] CHK MOM:0.03% RANGE:0.03% UP:60% SPREAD:0.14025245% BID:0.5704 ASK:0.5712 MID:0.5708 P1:0.5708 P2:0.5708 P3:0.57065 P4:0.5706 STATE:IDLE
[2026-06-03 01:25:32Z] CHK MOM:0.03% RANGE:0.03% UP:50% SPREAD:0.14025245% BID:0.5704 ASK:0.5712 MID:0.5708 P1:0.5708 P2:0.5708 P3:0.5708 P4:0.57065 STATE:IDLE
[2026-06-03 01:25:33Z] CHK MOM:0.03% RANGE:0.03% UP:50% SPREAD:0.14025245% BID:0.5704 ASK:0.5712 MID:0.5708 P1:0.5708 P2:0.5708 P3:0.5708 P4:0.57065 STATE:IDLE
[2026-06-03 01:25:33Z] CHK MOM:0.03% RANGE:0.03% UP:50% SPREAD:0.14025245% BID:0.5704 ASK:0.5712 MID:0.5708 P1:0.5708 P2:0.5708 P3:0.5708 P4:0.57065 STATE:IDLE
[2026-06-03 01:25:34Z] CHK MOM:0.03% RANGE:0.03% UP:50% SPREAD:0.14025245% BID:0.5704 ASK:0.5712 MID:0.5708 P1:0.5708 P2:0.5708 P3:0.5708 P4:0.57065 STATE:IDLE
[2026-06-03 01:25:34Z] CHK MOM:0.03% RANGE:0.03% UP:50% SPREAD:0.14025245% BID:0.5704 ASK:0.5712 MID:0.5708 P1:0.5708 P2:0.5708 P3:0.5708 P4:0.57065 STATE:IDLE
[2026-06-03 01:25:36Z] CHK MOM:0% RANGE:0% UP:50% SPREAD:0.12269938% BID:0.5705 ASK:0.5712 MID:0.57085 P1:0.57085 P2:0.5708 P3:0.5708 P4:0.5708 STATE:IDLE
[2026-06-03 01:25:36Z] CHK MOM:0% RANGE:0% UP:50% SPREAD:0.12269938% BID:0.5705 ASK:0.5712 MID:0.57085 P1:0.57085 P2:0.5708 P3:0.5708 P4:0.5708 STATE:IDLE
[2026-06-03 01:25:37Z] CHK MOM:0% RANGE:0% UP:50% SPREAD:0.12269938% BID:0.5705 ASK:0.5712 MID:0.57085 P1:0.57085 P2:0.57085 P3:0.5708 P4:0.5708 STATE:IDLE
[2026-06-03 01:25:37Z] CHK MOM:0% RANGE:0% UP:50% SPREAD:0.12269938% BID:0.5705 ASK:0.5712 MID:0.57085 P1:0.57085 P2:0.57085 P3:0.5708 P4:0.5708 STATE:IDLE
[2026-06-03 01:25:38Z] CHK MOM:0% RANGE:0% UP:50% SPREAD:0.12269938% BID:0.5705 ASK:0.5712 MID:0.57085 P1:0.57085 P2:0.57085 P3:0.5708 P4:0.5708 STATE:IDLE
[2026-06-03 01:25:39Z] CHK MOM:0% RANGE:0% UP:50% SPREAD:0.12269938% BID:0.5705 ASK:0.5712 MID:0.57085 P1:0.57085 P2:0.57085 P3:0.5708 P4:0.5708 STATE:IDLE
[2026-06-03 01:25:39Z] CHK MOM:0% RANGE:0% UP:50% SPREAD:0.12269938% BID:0.5705 ASK:0.5712 MID:0.57085 P1:0.57085 P2:0.57085 P3:0.5708 P4:0.5708 STATE:IDLE
[2026-06-03 01:25:40Z] CHK MOM:0% RANGE:0% UP:33.33% SPREAD:0.14025245% BID:0.5704 ASK:0.5712 MID:0.5708 P1:0.5708 P2:0.57085 P3:0.57085 P4:0.5708 STATE:IDLE
[2026-06-03 01:25:40Z] CHK MOM:0% RANGE:0% UP:33.33% SPREAD:0.14025245% BID:0.5704 ASK:0.5712 MID:0.5708 P1:0.5708 P2:0.57085 P3:0.57085 P4:0.5708 STATE:IDLE
[2026-06-03 01:25:41Z] CHK MOM:0% RANGE:0% UP:33.33% SPREAD:0.14025245% BID:0.5704 ASK:0.5712 MID:0.5708 P1:0.5708 P2:0.57085 P3:0.57085 P4:0.5708 STATE:IDLE
[2026-06-03 01:25:41Z] CHK MOM:0% RANGE:0% UP:33.33% SPREAD:0.14025245% BID:0.5704 ASK:0.5712 MID:0.5708 P1:0.5708 P2:0.57085 P3:0.57085 P4:0.5708 STATE:IDLE
[2026-06-03 01:25:42Z] CHK MOM:0% RANGE:0% UP:33.33% SPREAD:0.14025245% BID:0.5704 ASK:0.5712 MID:0.5708 P1:0.5708 P2:0.57085 P3:0.57085 P4:0.5708 STATE:IDLE
[2026-06-03 01:25:42Z] CHK MOM:0% RANGE:0% UP:33.33% SPREAD:0.14025245% BID:0.5704 ASK:0.5712 MID:0.5708 P1:0.5708 P2:0.57085 P3:0.57085 P4:0.5708 STATE:IDLE
[2026-06-03 01:25:43Z] CHK MOM:0% RANGE:0.01% UP:25% SPREAD:0.12272089% BID:0.5704 ASK:0.5711 MID:0.57075 P1:0.57075 P2:0.5708 P3:0.57085 P4:0.57085 STATE:IDLE
[2026-06-03 01:25:43Z] CHK MOM:0% RANGE:0.01% UP:25% SPREAD:0.12272089% BID:0.5704 ASK:0.5711 MID:0.57075 P1:0.57075 P2:0.5708 P3:0.57085 P4:0.57085 STATE:IDLE
[2026-06-03 01:25:44Z] CHK MOM:-0.03% RANGE:0.03% UP:0% SPREAD:0.12274241% BID:0.5703 ASK:0.571 MID:0.57065 P1:0.57065 P2:0.57075 P3:0.5708 P4:0.57085 STATE:IDLE
[2026-06-03 01:25:45Z] CHK MOM:-0.02% RANGE:0.03% UP:20% SPREAD:0.10518934% BID:0.5704 ASK:0.571 MID:0.5707 P1:0.5707 P2:0.57065 P3:0.57075 P4:0.5708 STATE:IDLE
[2026-06-03 01:25:45Z] CHK MOM:-0.04% RANGE:0.04% UP:16.66% SPREAD:0.10520778% BID:0.5703 ASK:0.5709 MID:0.5706 P1:0.5706 P2:0.5707 P3:0.57065 P4:0.57075 STATE:IDLE
[2026-06-03 01:25:46Z] CHK MOM:-0.04% RANGE:0.04% UP:16.66% SPREAD:0.10520778% BID:0.5703 ASK:0.5709 MID:0.5706 P1:0.5706 P2:0.5707 P3:0.57065 P4:0.57075 STATE:IDLE
[2026-06-03 01:25:46Z] CHK MOM:-0.07% RANGE:0.07% UP:14.28% SPREAD:0.08768853% BID:0.5702 ASK:0.5707 MID:0.57045 P1:0.57045 P2:0.5706 P3:0.5707 P4:0.57065 STATE:IDLE
[2026-06-03 01:25:47Z] CHK MOM:-0.07% RANGE:0.07% UP:12.5% SPREAD:0.07015082% BID:0.5702 ASK:0.5706 MID:0.5704 P1:0.5704 P2:0.57045 P3:0.5706 P4:0.5707 STATE:IDLE
[2026-06-03 01:25:47Z] CHK MOM:-0.07% RANGE:0.07% UP:12.5% SPREAD:0.07015082% BID:0.5702 ASK:0.5706 MID:0.5704 P1:0.5704 P2:0.57045 P3:0.5706 P4:0.5707 STATE:IDLE
[2026-06-03 01:25:48Z] CHK MOM:-0.07% RANGE:0.07% UP:12.5% SPREAD:0.07015082% BID:0.5702 ASK:0.5706 MID:0.5704 P1:0.5704 P2:0.57045 P3:0.5706 P4:0.5707 STATE:IDLE
[2026-06-03 01:25:48Z] CHK MOM:-0.07% RANGE:0.07% UP:12.5% SPREAD:0.07015082% BID:0.5702 ASK:0.5706 MID:0.5704 P1:0.5704 P2:0.57045 P3:0.5706 P4:0.5707 STATE:IDLE
[2026-06-03 01:25:49Z] CHK MOM:-0.07% RANGE:0.07% UP:12.5% SPREAD:0.07015082% BID:0.5702 ASK:0.5706 MID:0.5704 P1:0.5704 P2:0.57045 P3:0.5706 P4:0.5707 STATE:IDLE
[2026-06-03 01:25:56Z] CHK MOM:-0.06% RANGE:0.07% UP:20% SPREAD:0.03507541% BID:0.5702 ASK:0.5704 MID:0.5703 P1:0.5703 P2:0.5704 P3:0.57045 P4:0.5706 STATE:IDLE
[2026-06-03 01:25:56Z] CHK MOM:-0.06% RANGE:0.07% UP:20% SPREAD:0.03507541% BID:0.5702 ASK:0.5704 MID:0.5703 P1:0.5703 P2:0.5704 P3:0.57045 P4:0.5706 STATE:IDLE
[2026-06-03 01:25:57Z] CHK MOM:0% RANGE:0.03% UP:33.33% SPREAD:0.10522623% BID:0.5702 ASK:0.5708 MID:0.5705 P1:0.5705 P2:0.5703 P3:0.5704 P4:0.57045 STATE:IDLE
[2026-06-03 01:25:57Z] CHK MOM:0.04% RANGE:0.07% UP:50% SPREAD:0.10518934% BID:0.5704 ASK:0.571 MID:0.5707 P1:0.5707 P2:0.5705 P3:0.5703 P4:0.5704 STATE:IDLE
[2026-06-03 01:25:58Z] CHK MOM:0.04% RANGE:0.07% UP:50% SPREAD:0.10518934% BID:0.5704 ASK:0.571 MID:0.5707 P1:0.5707 P2:0.5705 P3:0.5703 P4:0.5704 STATE:IDLE
[2026-06-03 01:25:58Z] CHK MOM:0.04% RANGE:0.07% UP:50% SPREAD:0.10518934% BID:0.5704 ASK:0.571 MID:0.5707 P1:0.5707 P2:0.5705 P3:0.5703 P4:0.5704 STATE:IDLE
[2026-06-03 01:25:59Z] CHK MOM:0.04% RANGE:0.07% UP:50% SPREAD:0.10518934% BID:0.5704 ASK:0.571 MID:0.5707 P1:0.5707 P2:0.5705 P3:0.5703 P4:0.5704 STATE:IDLE
[2026-06-03 01:25:59Z] CHK MOM:0.04% RANGE:0.07% UP:50% SPREAD:0.10518934% BID:0.5704 ASK:0.571 MID:0.5707 P1:0.5707 P2:0.5705 P3:0.5703 P4:0.5704 STATE:IDLE
[2026-06-03 01:26:00Z] CHK MOM:0.04% RANGE:0.07% UP:50% SPREAD:0.10518934% BID:0.5704 ASK:0.571 MID:0.5707 P1:0.5707 P2:0.5705 P3:0.5703 P4:0.5704 STATE:IDLE
[2026-06-03 01:26:02Z] CHK MOM:0.07% RANGE:0.07% UP:66.66% SPREAD:0.10518934% BID:0.5704 ASK:0.571 MID:0.5707 P1:0.5707 P2:0.5707 P3:0.5705 P4:0.5703 STATE:IDLE
[2026-06-03 01:26:02Z] CHK MOM:0.07% RANGE:0.07% UP:66.66% SPREAD:0.10518934% BID:0.5704 ASK:0.571 MID:0.5707 P1:0.5707 P2:0.5707 P3:0.5705 P4:0.5703 STATE:IDLE
[2026-06-03 01:26:03Z] CHK MOM:0.07% RANGE:0.07% UP:66.66% SPREAD:0.10518934% BID:0.5704 ASK:0.571 MID:0.5707 P1:0.5707 P2:0.5707 P3:0.5705 P4:0.5703 STATE:IDLE
[2026-06-03 01:26:03Z] CHK MOM:0.07% RANGE:0.07% UP:66.66% SPREAD:0.10518934% BID:0.5704 ASK:0.571 MID:0.5707 P1:0.5707 P2:0.5707 P3:0.5705 P4:0.5703 STATE:IDLE
[2026-06-03 01:26:04Z] CHK MOM:0.06% RANGE:0.07% UP:50% SPREAD:0.08765778% BID:0.5704 ASK:0.5709 MID:0.57065 P1:0.57065 P2:0.5707 P3:0.5707 P4:0.5705 STATE:IDLE
[2026-06-03 01:26:04Z] CHK MOM:0.06% RANGE:0.07% UP:50% SPREAD:0.08765778% BID:0.5704 ASK:0.5709 MID:0.57065 P1:0.57065 P2:0.5707 P3:0.5707 P4:0.5705 STATE:IDLE
[2026-06-03 01:26:05Z] CHK MOM:0.06% RANGE:0.07% UP:50% SPREAD:0.08765778% BID:0.5704 ASK:0.5709 MID:0.57065 P1:0.57065 P2:0.5707 P3:0.5707 P4:0.5705 STATE:IDLE
[2026-06-03 01:26:05Z] CHK MOM:0.06% RANGE:0.07% UP:50% SPREAD:0.08765778% BID:0.5704 ASK:0.5709 MID:0.57065 P1:0.57065 P2:0.5707 P3:0.5707 P4:0.5705 STATE:IDLE
[2026-06-03 01:26:06Z] CHK MOM:0.05% RANGE:0.07% UP:40% SPREAD:0.07012622% BID:0.5704 ASK:0.5708 MID:0.5706 P1:0.5706 P2:0.57065 P3:0.5707 P4:0.5707 STATE:IDLE
[2026-06-03 01:26:06Z] CHK MOM:0.05% RANGE:0.07% UP:40% SPREAD:0.07012622% BID:0.5704 ASK:0.5708 MID:0.5706 P1:0.5706 P2:0.57065 P3:0.5707 P4:0.5707 STATE:IDLE
[2026-06-03 01:26:08Z] CHK MOM:0.05% RANGE:0.07% UP:40% SPREAD:0.07012622% BID:0.5704 ASK:0.5708 MID:0.5706 P1:0.5706 P2:0.57065 P3:0.5707 P4:0.5707 STATE:IDLE
[2026-06-03 01:26:08Z] CHK MOM:0.04% RANGE:0.07% UP:33.33% SPREAD:0.05259467% BID:0.5704 ASK:0.5707 MID:0.57055 P1:0.57055 P2:0.5706 P3:0.57065 P4:0.5707 STATE:IDLE
[2026-06-03 01:26:09Z] CHK MOM:0.04% RANGE:0.07% UP:33.33% SPREAD:0.05259467% BID:0.5704 ASK:0.5707 MID:0.57055 P1:0.57055 P2:0.5706 P3:0.57065 P4:0.5707 STATE:IDLE
[2026-06-03 01:26:09Z] CHK MOM:-0.05% RANGE:0.05% UP:0% SPREAD:0.07015082% BID:0.5702 ASK:0.5706 MID:0.5704 P1:0.5704 P2:0.57055 P3:0.5706 P4:0.57065 STATE:IDLE
[2026-06-03 01:26:10Z] CHK MOM:-0.05% RANGE:0.05% UP:0% SPREAD:0.07015082% BID:0.5702 ASK:0.5706 MID:0.5704 P1:0.5704 P2:0.57055 P3:0.5706 P4:0.57065 STATE:IDLE
[2026-06-03 01:26:10Z] CHK MOM:-0.05% RANGE:0.05% UP:0% SPREAD:0.07015082% BID:0.5702 ASK:0.5706 MID:0.5704 P1:0.5704 P2:0.57055 P3:0.5706 P4:0.57065 STATE:IDLE
[2026-06-03 01:26:11Z] CHK MOM:-0.05% RANGE:0.05% UP:0% SPREAD:0.07015082% BID:0.5702 ASK:0.5706 MID:0.5704 P1:0.5704 P2:0.57055 P3:0.5706 P4:0.57065 STATE:IDLE
[2026-06-03 01:26:11Z] CHK MOM:-0.05% RANGE:0.05% UP:0% SPREAD:0.07015082% BID:0.5702 ASK:0.5706 MID:0.5704 P1:0.5704 P2:0.57055 P3:0.5706 P4:0.57065 STATE:IDLE
[2026-06-03 01:26:12Z] CHK MOM:-0.05% RANGE:0.05% UP:0% SPREAD:0.07015082% BID:0.5702 ASK:0.5706 MID:0.5704 P1:0.5704 P2:0.57055 P3:0.5706 P4:0.57065 STATE:IDLE
[2026-06-03 01:26:15Z] CHK MOM:-0.04% RANGE:0.04% UP:0% SPREAD:0.14035087% BID:0.57 ASK:0.5708 MID:0.5704 P1:0.5704 P2:0.5704 P3:0.57055 P4:0.5706 STATE:IDLE
[2026-06-03 01:26:15Z] CHK MOM:-0.04% RANGE:0.04% UP:0% SPREAD:0.14035087% BID:0.57 ASK:0.5708 MID:0.5704 P1:0.5704 P2:0.5704 P3:0.57055 P4:0.5706 STATE:IDLE
[2026-06-03 01:26:16Z] CHK MOM:-0.04% RANGE:0.04% UP:0% SPREAD:0.14035087% BID:0.57 ASK:0.5708 MID:0.5704 P1:0.5704 P2:0.5704 P3:0.57055 P4:0.5706 STATE:IDLE
[2026-06-03 01:26:16Z] CHK MOM:-0.03% RANGE:0.03% UP:0% SPREAD:0.14035087% BID:0.57 ASK:0.5708 MID:0.5704 P1:0.5704 P2:0.5704 P3:0.5704 P4:0.57055 STATE:IDLE
[2026-06-03 01:26:17Z] CHK MOM:-0.03% RANGE:0.03% UP:0% SPREAD:0.14035087% BID:0.57 ASK:0.5708 MID:0.5704 P1:0.5704 P2:0.5704 P3:0.5704 P4:0.57055 STATE:IDLE
[2026-06-03 01:26:17Z] CHK MOM:-0.03% RANGE:0.03% UP:0% SPREAD:0.14035087% BID:0.57 ASK:0.5708 MID:0.5704 P1:0.5704 P2:0.5704 P3:0.5704 P4:0.57055 STATE:IDLE
[2026-06-03 01:26:18Z] CHK MOM:-0.03% RANGE:0.03% UP:0% SPREAD:0.14035087% BID:0.57 ASK:0.5708 MID:0.5704 P1:0.5704 P2:0.5704 P3:0.5704 P4:0.57055 STATE:IDLE
[2026-06-03 01:26:18Z] CHK MOM:-0.03% RANGE:0.03% UP:0% SPREAD:0.14035087% BID:0.57 ASK:0.5708 MID:0.5704 P1:0.5704 P2:0.5704 P3:0.5704 P4:0.57055 STATE:IDLE
[2026-06-03 01:26:19Z] CHK MOM:-0.03% RANGE:0.03% UP:0% SPREAD:0.14035087% BID:0.57 ASK:0.5708 MID:0.5704 P1:0.5704 P2:0.5704 P3:0.5704 P4:0.57055 STATE:IDLE
[2026-06-03 01:26:19Z] CHK MOM:0% RANGE:0% UP:33.33% SPREAD:0.15789473% BID:0.57 ASK:0.5709 MID:0.57044999 P1:0.57044999 P2:0.5704 P3:0.5704 P4:0.5704 STATE:IDLE
[2026-06-03 01:26:20Z] CHK MOM:0% RANGE:0% UP:33.33% SPREAD:0.15789473% BID:0.57 ASK:0.5709 MID:0.57044999 P1:0.57044999 P2:0.5704 P3:0.5704 P4:0.5704 STATE:IDLE
[2026-06-03 01:26:21Z] CHK MOM:0% RANGE:0% UP:33.33% SPREAD:0.15789473% BID:0.57 ASK:0.5709 MID:0.57044999 P1:0.57044999 P2:0.5704 P3:0.5704 P4:0.5704 STATE:IDLE
[2026-06-03 01:26:21Z] CHK MOM:0% RANGE:0% UP:33.33% SPREAD:0.15789473% BID:0.57 ASK:0.5709 MID:0.57044999 P1:0.57044999 P2:0.5704 P3:0.5704 P4:0.5704 STATE:IDLE
[2026-06-03 01:26:22Z] CHK MOM:0% RANGE:0% UP:33.33% SPREAD:0.15789473% BID:0.57 ASK:0.5709 MID:0.57044999 P1:0.57044999 P2:0.5704 P3:0.5704 P4:0.5704 STATE:IDLE
[2026-06-03 01:26:24Z] CHK MOM:0% RANGE:0.01% UP:33.33% SPREAD:0.12280701% BID:0.57 ASK:0.5707 MID:0.57034999 P1:0.57034999 P2:0.57044999 P3:0.5704 P4:0.5704 STATE:IDLE
[2026-06-03 01:26:25Z] CHK MOM:0% RANGE:0.01% UP:33.33% SPREAD:0.12280701% BID:0.57 ASK:0.5707 MID:0.57034999 P1:0.57034999 P2:0.57044999 P3:0.5704 P4:0.5704 STATE:IDLE
[2026-06-03 01:26:26Z] CHK MOM:0% RANGE:0.01% UP:33.33% SPREAD:0.12280701% BID:0.57 ASK:0.5707 MID:0.57034999 P1:0.57034999 P2:0.57044999 P3:0.5704 P4:0.5704 STATE:IDLE
[2026-06-03 01:26:26Z] CHK MOM:0% RANGE:0.01% UP:50% SPREAD:0.14035087% BID:0.57 ASK:0.5708 MID:0.5704 P1:0.5704 P2:0.57034999 P3:0.57044999 P4:0.5704 STATE:IDLE
[2026-06-03 01:26:27Z] CHK MOM:0% RANGE:0.01% UP:50% SPREAD:0.12280701% BID:0.57 ASK:0.5707 MID:0.57034999 P1:0.57034999 P2:0.5704 P3:0.57034999 P4:0.57044999 STATE:IDLE
[2026-06-03 01:26:27Z] CHK MOM:0% RANGE:0.01% UP:60% SPREAD:0.14035087% BID:0.57 ASK:0.5708 MID:0.5704 P1:0.5704 P2:0.57034999 P3:0.5704 P4:0.57034999 STATE:IDLE
[2026-06-03 01:26:28Z] CHK MOM:-0.05% RANGE:0.06% UP:50% SPREAD:0.1053001% BID:0.5698 ASK:0.5704 MID:0.5701 P1:0.5701 P2:0.5704 P3:0.57034999 P4:0.5704 STATE:IDLE
[2026-06-03 01:26:28Z] CHK MOM:-0.05% RANGE:0.06% UP:50% SPREAD:0.1053001% BID:0.5698 ASK:0.5704 MID:0.5701 P1:0.5701 P2:0.5704 P3:0.57034999 P4:0.5704 STATE:IDLE
[2026-06-03 01:26:29Z] CHK MOM:-0.05% RANGE:0.06% UP:50% SPREAD:0.1053001% BID:0.5698 ASK:0.5704 MID:0.5701 P1:0.5701 P2:0.5704 P3:0.57034999 P4:0.5704 STATE:IDLE
[2026-06-03 01:26:29Z] CHK MOM:-0.07% RANGE:0.07% UP:33.33% SPREAD:0.07020007% BID:0.5698 ASK:0.5702 MID:0.57 P1:0.57 P2:0.5701 P3:0.5704 P4:0.57034999 STATE:IDLE
[2026-06-03 01:26:30Z] CHK MOM:-0.11% RANGE:0.11% UP:28.57% SPREAD:0.07022471% BID:0.5696 ASK:0.57 MID:0.5698 P1:0.5698 P2:0.57 P3:0.5701 P4:0.5704 STATE:IDLE
[2026-06-03 01:26:30Z] CHK MOM:-0.11% RANGE:0.11% UP:25% SPREAD:0.07022471% BID:0.5696 ASK:0.57 MID:0.5698 P1:0.5698 P2:0.5698 P3:0.57 P4:0.5701 STATE:IDLE
[2026-06-03 01:26:31Z] CHK MOM:-0.11% RANGE:0.11% UP:25% SPREAD:0.07022471% BID:0.5696 ASK:0.57 MID:0.5698 P1:0.5698 P2:0.5698 P3:0.57 P4:0.5701 STATE:IDLE
[2026-06-03 01:26:32Z] CHK MOM:-0.11% RANGE:0.11% UP:25% SPREAD:0.07022471% BID:0.5696 ASK:0.57 MID:0.5698 P1:0.5698 P2:0.5698 P3:0.57 P4:0.5701 STATE:IDLE
[2026-06-03 01:26:32Z] CHK MOM:-0.11% RANGE:0.11% UP:25% SPREAD:0.07022471% BID:0.5696 ASK:0.57 MID:0.5698 P1:0.5698 P2:0.5698 P3:0.57 P4:0.5701 STATE:IDLE
[2026-06-03 01:26:33Z] CHK MOM:-0.06% RANGE:0.1% UP:37.5% SPREAD:0.14044943% BID:0.5696 ASK:0.5704 MID:0.57 P1:0.57 P2:0.5698 P3:0.5698 P4:0.57 STATE:IDLE
[2026-06-03 01:26:33Z] CHK MOM:-0.07% RANGE:0.1% UP:33.33% SPREAD:0.10533707% BID:0.5696 ASK:0.5702 MID:0.5699 P1:0.5699 P2:0.57 P3:0.5698 P4:0.5698 STATE:IDLE
[2026-06-03 01:26:34Z] CHK MOM:-0.07% RANGE:0.1% UP:33.33% SPREAD:0.10533707% BID:0.5696 ASK:0.5702 MID:0.5699 P1:0.5699 P2:0.57 P3:0.5698 P4:0.5698 STATE:IDLE
[2026-06-03 01:26:34Z] CHK MOM:-0.07% RANGE:0.1% UP:33.33% SPREAD:0.10533707% BID:0.5696 ASK:0.5702 MID:0.5699 P1:0.5699 P2:0.57 P3:0.5698 P4:0.5698 STATE:IDLE
[2026-06-03 01:26:35Z] CHK MOM:-0.07% RANGE:0.1% UP:33.33% SPREAD:0.10533707% BID:0.5696 ASK:0.5702 MID:0.5699 P1:0.5699 P2:0.57 P3:0.5698 P4:0.5698 STATE:IDLE
[2026-06-03 01:26:35Z] CHK MOM:-0.07% RANGE:0.1% UP:33.33% SPREAD:0.10533707% BID:0.5696 ASK:0.5702 MID:0.5699 P1:0.5699 P2:0.57 P3:0.5698 P4:0.5698 STATE:IDLE
[2026-06-03 01:26:36Z] CHK MOM:-0.07% RANGE:0.1% UP:33.33% SPREAD:0.10533707% BID:0.5696 ASK:0.5702 MID:0.5699 P1:0.5699 P2:0.57 P3:0.5698 P4:0.5698 STATE:IDLE
[2026-06-03 01:26:37Z] CHK MOM:-0.09% RANGE:0.1% UP:22.22% SPREAD:0.12291483% BID:0.5695 ASK:0.5702 MID:0.56985 P1:0.56985 P2:0.5699 P3:0.57 P4:0.5698 STATE:IDLE
[2026-06-03 01:26:37Z] CHK MOM:-0.09% RANGE:0.1% UP:22.22% SPREAD:0.12291483% BID:0.5695 ASK:0.5702 MID:0.56985 P1:0.56985 P2:0.5699 P3:0.57 P4:0.5698 STATE:IDLE
[2026-06-03 01:26:38Z] CHK MOM:-0.09% RANGE:0.1% UP:22.22% SPREAD:0.12291483% BID:0.5695 ASK:0.5702 MID:0.56985 P1:0.56985 P2:0.5699 P3:0.57 P4:0.5698 STATE:IDLE
[2026-06-03 01:26:38Z] CHK MOM:-0.09% RANGE:0.1% UP:22.22% SPREAD:0.12291483% BID:0.5695 ASK:0.5702 MID:0.56985 P1:0.56985 P2:0.5699 P3:0.57 P4:0.5698 STATE:IDLE
[2026-06-03 01:26:39Z] CHK MOM:-0.09% RANGE:0.1% UP:22.22% SPREAD:0.12291483% BID:0.5695 ASK:0.5702 MID:0.56985 P1:0.56985 P2:0.5699 P3:0.57 P4:0.5698 STATE:IDLE
[2026-06-03 01:26:40Z] CHK MOM:-0.04% RANGE:0.05% UP:14.28% SPREAD:0.12291483% BID:0.5695 ASK:0.5702 MID:0.56985 P1:0.56985 P2:0.56985 P3:0.5699 P4:0.57 STATE:IDLE
[2026-06-03 01:26:40Z] CHK MOM:-0.04% RANGE:0.05% UP:14.28% SPREAD:0.12291483% BID:0.5695 ASK:0.5702 MID:0.56985 P1:0.56985 P2:0.56985 P3:0.5699 P4:0.57 STATE:IDLE
[2026-06-03 01:26:41Z] CHK MOM:-0.04% RANGE:0.05% UP:14.28% SPREAD:0.12291483% BID:0.5695 ASK:0.5702 MID:0.56985 P1:0.56985 P2:0.56985 P3:0.5699 P4:0.57 STATE:IDLE
[2026-06-03 01:26:41Z] CHK MOM:-0.04% RANGE:0.05% UP:14.28% SPREAD:0.12291483% BID:0.5695 ASK:0.5702 MID:0.56985 P1:0.56985 P2:0.56985 P3:0.5699 P4:0.57 STATE:IDLE
[2026-06-03 01:26:42Z] CHK MOM:-0.04% RANGE:0.05% UP:14.28% SPREAD:0.12291483% BID:0.5695 ASK:0.5702 MID:0.56985 P1:0.56985 P2:0.56985 P3:0.5699 P4:0.57 STATE:IDLE
[2026-06-03 01:26:45Z] CHK MOM:0.01% RANGE:0.04% UP:25% SPREAD:0.17556179% BID:0.5696 ASK:0.5706 MID:0.5701 P1:0.5701 P2:0.56985 P3:0.56985 P4:0.5699 STATE:IDLE
[2026-06-03 01:26:45Z] CHK MOM:0.01% RANGE:0.04% UP:25% SPREAD:0.17556179% BID:0.5696 ASK:0.5706 MID:0.5701 P1:0.5701 P2:0.56985 P3:0.56985 P4:0.5699 STATE:IDLE
[2026-06-03 01:26:46Z] CHK MOM:0.01% RANGE:0.04% UP:25% SPREAD:0.17556179% BID:0.5696 ASK:0.5706 MID:0.5701 P1:0.5701 P2:0.56985 P3:0.56985 P4:0.5699 STATE:IDLE
[2026-06-03 01:26:46Z] CHK MOM:0.01% RANGE:0.04% UP:25% SPREAD:0.17556179% BID:0.5696 ASK:0.5706 MID:0.5701 P1:0.5701 P2:0.56985 P3:0.56985 P4:0.5699 STATE:IDLE
[2026-06-03 01:26:47Z] CHK MOM:0.01% RANGE:0.04% UP:25% SPREAD:0.17556179% BID:0.5696 ASK:0.5706 MID:0.5701 P1:0.5701 P2:0.56985 P3:0.56985 P4:0.5699 STATE:IDLE
[2026-06-03 01:26:48Z] CHK MOM:0.01% RANGE:0.04% UP:25% SPREAD:0.17556179% BID:0.5696 ASK:0.5706 MID:0.5701 P1:0.5701 P2:0.56985 P3:0.56985 P4:0.5699 STATE:IDLE
[2026-06-03 01:26:50Z] CHK MOM:0.07% RANGE:0.07% UP:100% SPREAD:0.17550017% BID:0.5698 ASK:0.5708 MID:0.5703 P1:0.5703 P2:0.5701 P3:0.56985 P4:0.56985 STATE:IDLE
[2026-06-03 01:26:50Z] CHK MOM:0.07% RANGE:0.07% UP:100% SPREAD:0.17550017% BID:0.5698 ASK:0.5708 MID:0.5703 P1:0.5703 P2:0.5701 P3:0.56985 P4:0.56985 STATE:IDLE
[2026-06-03 01:26:51Z] CHK MOM:0.07% RANGE:0.07% UP:66.66% SPREAD:0.17550017% BID:0.5698 ASK:0.5708 MID:0.5703 P1:0.5703 P2:0.5703 P3:0.5701 P4:0.56985 STATE:IDLE
[2026-06-03 01:26:51Z] CHK MOM:0.07% RANGE:0.07% UP:66.66% SPREAD:0.17550017% BID:0.5698 ASK:0.5708 MID:0.5703 P1:0.5703 P2:0.5703 P3:0.5701 P4:0.56985 STATE:IDLE
[2026-06-03 01:26:52Z] CHK MOM:0.04% RANGE:0.04% UP:66.66% SPREAD:0.15792244% BID:0.5699 ASK:0.5708 MID:0.57034999 P1:0.57034999 P2:0.5703 P3:0.5703 P4:0.5701 STATE:IDLE
[2026-06-03 01:26:52Z] CHK MOM:0.04% RANGE:0.04% UP:66.66% SPREAD:0.15792244% BID:0.5699 ASK:0.5708 MID:0.57034999 P1:0.57034999 P2:0.5703 P3:0.5703 P4:0.5701 STATE:IDLE
[2026-06-03 01:26:53Z] CHK MOM:0.04% RANGE:0.04% UP:50% SPREAD:0.15792244% BID:0.5699 ASK:0.5708 MID:0.57034999 P1:0.57034999 P2:0.57034999 P3:0.5703 P4:0.5703 STATE:IDLE
[2026-06-03 01:26:54Z] CHK MOM:0.04% RANGE:0.04% UP:50% SPREAD:0.15792244% BID:0.5699 ASK:0.5708 MID:0.57034999 P1:0.57034999 P2:0.57034999 P3:0.5703 P4:0.5703 STATE:IDLE
[2026-06-03 01:26:54Z] CHK MOM:0.04% RANGE:0.04% UP:50% SPREAD:0.15792244% BID:0.5699 ASK:0.5708 MID:0.57034999 P1:0.57034999 P2:0.57034999 P3:0.5703 P4:0.5703 STATE:IDLE
[2026-06-03 01:26:55Z] CHK MOM:0.04% RANGE:0.04% UP:50% SPREAD:0.15792244% BID:0.5699 ASK:0.5708 MID:0.57034999 P1:0.57034999 P2:0.57034999 P3:0.5703 P4:0.5703 STATE:IDLE
[2026-06-03 01:26:55Z] CHK MOM:0.04% RANGE:0.04% UP:50% SPREAD:0.15792244% BID:0.5699 ASK:0.5708 MID:0.57034999 P1:0.57034999 P2:0.57034999 P3:0.5703 P4:0.5703 STATE:IDLE
[2026-06-03 01:26:57Z] CHK MOM:0% RANGE:0% UP:25% SPREAD:0.15792244% BID:0.5699 ASK:0.5708 MID:0.57034999 P1:0.57034999 P2:0.57034999 P3:0.57034999 P4:0.5703 STATE:IDLE
[2026-06-03 01:26:58Z] CHK MOM:0% RANGE:0% UP:25% SPREAD:0.15792244% BID:0.5699 ASK:0.5708 MID:0.57034999 P1:0.57034999 P2:0.57034999 P3:0.57034999 P4:0.5703 STATE:IDLE
[2026-06-03 01:26:59Z] CHK MOM:0% RANGE:0% UP:25% SPREAD:0.15792244% BID:0.5699 ASK:0.5708 MID:0.57034999 P1:0.57034999 P2:0.57034999 P3:0.57034999 P4:0.5703 STATE:IDLE
[2026-06-03 01:26:59Z] CHK MOM:0% RANGE:0% UP:25% SPREAD:0.15792244% BID:0.5699 ASK:0.5708 MID:0.57034999 P1:0.57034999 P2:0.57034999 P3:0.57034999 P4:0.5703 STATE:IDLE
[2026-06-03 01:27:00Z] CHK MOM:0% RANGE:0% UP:25% SPREAD:0.15792244% BID:0.5699 ASK:0.5708 MID:0.57034999 P1:0.57034999 P2:0.57034999 P3:0.57034999 P4:0.5703 STATE:IDLE
[2026-06-03 01:27:01Z] CHK MOM:0.01% RANGE:0.01% UP:40% SPREAD:0.14035087% BID:0.57 ASK:0.5708 MID:0.5704 P1:0.5704 P2:0.57034999 P3:0.57034999 P4:0.57034999 STATE:IDLE
[2026-06-03 01:27:01Z] CHK MOM:0.02% RANGE:0.02% UP:50% SPREAD:0.12278547% BID:0.5701 ASK:0.5708 MID:0.57045 P1:0.57045 P2:0.5704 P3:0.57034999 P4:0.57034999 STATE:IDLE
[2026-06-03 01:27:02Z] CHK MOM:0.06% RANGE:0.06% UP:57.14% SPREAD:0.12274241% BID:0.5703 ASK:0.571 MID:0.57065 P1:0.57065 P2:0.57045 P3:0.5704 P4:0.57034999 STATE:IDLE
[2026-06-03 01:27:02Z] TOKEN_SWITCH old=JTOUSDC new=ENAUSDC source=.service.env
[2026-06-03 01:55:59Z] SESSION_START symbol=JTOUSDC dry_run=0 profile=major strategy=momentum base_url=https://api.binance.com
[2026-06-03 01:55:59Z] TOXIC_MEMORY_LOADED count=2 symbols=ORDIUSDC,TONUSDC
[2026-06-03 01:56:01Z] CHK MOM:0% RANGE:0% UP:0% SPREAD:0.12435601% BID:0.5629 ASK:0.5636 MID:0.56325 P1:0.56325 P2:NA P3:NA P4:NA STATE:IDLE
[2026-06-03 01:56:01Z] CHK MOM:0% RANGE:0% UP:0% SPREAD:0.10659086% BID:0.5629 ASK:0.5635 MID:0.56319999 P1:0.56319999 P2:0.56325 P3:NA P4:NA STATE:IDLE
[2026-06-03 01:56:02Z] CHK MOM:0% RANGE:0% UP:50% SPREAD:0.12435601% BID:0.5629 ASK:0.5636 MID:0.56325 P1:0.56325 P2:0.56319999 P3:0.56325 P4:NA STATE:IDLE
[2026-06-03 01:56:02Z] CHK MOM:0.02% RANGE:0.03% UP:66.66% SPREAD:0.03550505% BID:0.5633 ASK:0.5635 MID:0.5634 P1:0.5634 P2:0.56325 P3:0.56319999 P4:0.56325 STATE:IDLE
[2026-06-03 01:56:03Z] CHK MOM:0.03% RANGE:0.04% UP:75% SPREAD:0.05325758% BID:0.5633 ASK:0.5636 MID:0.56345 P1:0.56345 P2:0.5634 P3:0.56325 P4:0.56319999 STATE:IDLE
[2026-06-03 01:56:03Z] CHK MOM:0.03% RANGE:0.04% UP:75% SPREAD:0.05325758% BID:0.5633 ASK:0.5636 MID:0.56345 P1:0.56345 P2:0.5634 P3:0.56325 P4:0.56319999 STATE:IDLE
[2026-06-03 01:56:04Z] CHK MOM:0.03% RANGE:0.04% UP:75% SPREAD:0.05325758% BID:0.5633 ASK:0.5636 MID:0.56345 P1:0.56345 P2:0.5634 P3:0.56325 P4:0.56319999 STATE:IDLE
[2026-06-03 01:56:04Z] CHK MOM:0.03% RANGE:0.04% UP:75% SPREAD:0.05325758% BID:0.5633 ASK:0.5636 MID:0.56345 P1:0.56345 P2:0.5634 P3:0.56325 P4:0.56319999 STATE:IDLE
[2026-06-03 01:56:05Z] CHK MOM:0.03% RANGE:0.04% UP:75% SPREAD:0.05325758% BID:0.5633 ASK:0.5636 MID:0.56345 P1:0.56345 P2:0.5634 P3:0.56325 P4:0.56319999 STATE:IDLE
[2026-06-03 01:56:05Z] CHK MOM:0.03% RANGE:0.04% UP:75% SPREAD:0.05325758% BID:0.5633 ASK:0.5636 MID:0.56345 P1:0.56345 P2:0.5634 P3:0.56325 P4:0.56319999 STATE:IDLE
[2026-06-03 01:56:11Z] CHK MOM:0.04% RANGE:0.05% UP:80% SPREAD:0.03549875% BID:0.5634 ASK:0.5636 MID:0.5635 P1:0.5635 P2:0.56345 P3:0.5634 P4:0.56325 STATE:IDLE
[2026-06-03 01:56:11Z] CHK MOM:0% RANGE:0.05% UP:66.66% SPREAD:0.12435601% BID:0.5629 ASK:0.5636 MID:0.56325 P1:0.56325 P2:0.5635 P3:0.56345 P4:0.5634 STATE:IDLE
[2026-06-03 01:56:12Z] CHK MOM:0% RANGE:0.05% UP:57.14% SPREAD:0.12435601% BID:0.5629 ASK:0.5636 MID:0.56325 P1:0.56325 P2:0.56325 P3:0.5635 P4:0.56345 STATE:IDLE
[2026-06-03 01:56:12Z] CHK MOM:0% RANGE:0.05% UP:57.14% SPREAD:0.12435601% BID:0.5629 ASK:0.5636 MID:0.56325 P1:0.56325 P2:0.56325 P3:0.5635 P4:0.56345 STATE:IDLE
[2026-06-03 01:56:13Z] CHK MOM:0% RANGE:0.05% UP:57.14% SPREAD:0.12435601% BID:0.5629 ASK:0.5636 MID:0.56325 P1:0.56325 P2:0.56325 P3:0.5635 P4:0.56345 STATE:IDLE
[2026-06-03 01:56:13Z] CHK MOM:0% RANGE:0.05% UP:57.14% SPREAD:0.12435601% BID:0.5629 ASK:0.5636 MID:0.56325 P1:0.56325 P2:0.56325 P3:0.5635 P4:0.56345 STATE:IDLE
[2026-06-03 01:56:14Z] CHK MOM:0% RANGE:0.05% UP:57.14% SPREAD:0.12435601% BID:0.5629 ASK:0.5636 MID:0.56325 P1:0.56325 P2:0.56325 P3:0.5635 P4:0.56345 STATE:IDLE
[2026-06-03 01:56:14Z] CHK MOM:-0.01% RANGE:0.04% UP:60% SPREAD:0.10657193% BID:0.563 ASK:0.5636 MID:0.56329999 P1:0.56329999 P2:0.56325 P3:0.56325 P4:0.5635 STATE:IDLE
[2026-06-03 01:56:15Z] CHK MOM:-0.01% RANGE:0.04% UP:60% SPREAD:0.10657193% BID:0.563 ASK:0.5636 MID:0.56329999 P1:0.56329999 P2:0.56325 P3:0.56325 P4:0.5635 STATE:IDLE
[2026-06-03 01:56:15Z] CHK MOM:-0.01% RANGE:0.04% UP:60% SPREAD:0.10657193% BID:0.563 ASK:0.5636 MID:0.56329999 P1:0.56329999 P2:0.56325 P3:0.56325 P4:0.5635 STATE:IDLE
[2026-06-03 01:56:16Z] CHK MOM:-0.01% RANGE:0.04% UP:60% SPREAD:0.10657193% BID:0.563 ASK:0.5636 MID:0.56329999 P1:0.56329999 P2:0.56325 P3:0.56325 P4:0.5635 STATE:IDLE
[2026-06-03 01:56:17Z] CHK MOM:-0.01% RANGE:0.04% UP:60% SPREAD:0.10657193% BID:0.563 ASK:0.5636 MID:0.56329999 P1:0.56329999 P2:0.56325 P3:0.56325 P4:0.5635 STATE:IDLE
[2026-06-03 01:56:20Z] CHK MOM:-0.04% RANGE:0.04% UP:25% SPREAD:0.12435601% BID:0.5629 ASK:0.5636 MID:0.56325 P1:0.56325 P2:0.56329999 P3:0.56325 P4:0.56325 STATE:IDLE
[2026-06-03 01:56:21Z] CHK MOM:-0.04% RANGE:0.04% UP:20% SPREAD:0.12435601% BID:0.5629 ASK:0.5636 MID:0.56325 P1:0.56325 P2:0.56325 P3:0.56329999 P4:0.56325 STATE:IDLE
[2026-06-03 01:56:22Z] CHK MOM:-0.04% RANGE:0.04% UP:16.66% SPREAD:0.12435601% BID:0.5629 ASK:0.5636 MID:0.56325 P1:0.56325 P2:0.56325 P3:0.56325 P4:0.56329999 STATE:IDLE
[2026-06-03 01:56:22Z] CHK MOM:-0.04% RANGE:0.04% UP:16.66% SPREAD:0.12435601% BID:0.5629 ASK:0.5636 MID:0.56325 P1:0.56325 P2:0.56325 P3:0.56325 P4:0.56329999 STATE:IDLE
[2026-06-03 01:56:23Z] CHK MOM:-0.04% RANGE:0.04% UP:16.66% SPREAD:0.12435601% BID:0.5629 ASK:0.5636 MID:0.56325 P1:0.56325 P2:0.56325 P3:0.56325 P4:0.56329999 STATE:IDLE
[2026-06-03 01:56:23Z] CHK MOM:0% RANGE:0% UP:20% SPREAD:0.12435601% BID:0.5629 ASK:0.5636 MID:0.56325 P1:0.56325 P2:0.56325 P3:0.56325 P4:0.56325 STATE:IDLE
[2026-06-03 01:56:24Z] CHK MOM:0% RANGE:0.01% UP:16.66% SPREAD:0.14214641% BID:0.5628 ASK:0.5636 MID:0.56319999 P1:0.56319999 P2:0.56325 P3:0.56325 P4:0.56325 STATE:IDLE
[2026-06-03 01:56:24Z] CHK MOM:-0.02% RANGE:0.02% UP:0% SPREAD:0.1243781% BID:0.5628 ASK:0.5635 MID:0.56315 P1:0.56315 P2:0.56319999 P3:0.56325 P4:0.56325 STATE:IDLE
[2026-06-03 01:56:25Z] CHK MOM:-0.02% RANGE:0.02% UP:0% SPREAD:0.1243781% BID:0.5628 ASK:0.5635 MID:0.56315 P1:0.56315 P2:0.56319999 P3:0.56325 P4:0.56325 STATE:IDLE
[2026-06-03 01:56:25Z] CHK MOM:-0.02% RANGE:0.02% UP:0% SPREAD:0.1243781% BID:0.5628 ASK:0.5635 MID:0.56315 P1:0.56315 P2:0.56315 P3:0.56319999 P4:0.56325 STATE:IDLE
[2026-06-03 01:56:26Z] CHK MOM:-0.06% RANGE:0.06% UP:0% SPREAD:0.19559032% BID:0.5624 ASK:0.5635 MID:0.56295 P1:0.56295 P2:0.56315 P3:0.56315 P4:0.56319999 STATE:IDLE
[2026-06-03 01:56:26Z] CHK MOM:-0.06% RANGE:0.06% UP:0% SPREAD:0.19559032% BID:0.5624 ASK:0.5635 MID:0.56295 P1:0.56295 P2:0.56315 P3:0.56315 P4:0.56319999 STATE:IDLE
[2026-06-03 01:56:27Z] CHK MOM:-0.06% RANGE:0.06% UP:0% SPREAD:0.19559032% BID:0.5624 ASK:0.5635 MID:0.56295 P1:0.56295 P2:0.56315 P3:0.56315 P4:0.56319999 STATE:IDLE
[2026-06-03 01:56:28Z] CHK MOM:-0.04% RANGE:0.05% UP:12.5% SPREAD:0.17777777% BID:0.5625 ASK:0.5635 MID:0.563 P1:0.563 P2:0.56295 P3:0.56315 P4:0.56315 STATE:IDLE
[2026-06-03 01:56:28Z] CHK MOM:-0.04% RANGE:0.05% UP:12.5% SPREAD:0.17777777% BID:0.5625 ASK:0.5635 MID:0.563 P1:0.563 P2:0.56295 P3:0.56315 P4:0.56315 STATE:IDLE
[2026-06-03 01:56:29Z] CHK MOM:-0.03% RANGE:0.05% UP:22.22% SPREAD:0.19555555% BID:0.5625 ASK:0.5636 MID:0.56305 P1:0.56305 P2:0.563 P3:0.56295 P4:0.56315 STATE:IDLE
[2026-06-03 01:56:29Z] CHK MOM:-0.03% RANGE:0.05% UP:22.22% SPREAD:0.19555555% BID:0.5625 ASK:0.5636 MID:0.56305 P1:0.56305 P2:0.563 P3:0.56295 P4:0.56315 STATE:IDLE
[2026-06-03 01:56:30Z] CHK MOM:-0.03% RANGE:0.05% UP:22.22% SPREAD:0.19555555% BID:0.5625 ASK:0.5636 MID:0.56305 P1:0.56305 P2:0.563 P3:0.56295 P4:0.56315 STATE:IDLE
[2026-06-03 01:56:30Z] CHK MOM:-0.04% RANGE:0.05% UP:20% SPREAD:0.10662875% BID:0.5627 ASK:0.5633 MID:0.563 P1:0.563 P2:0.56305 P3:0.563 P4:0.56295 STATE:IDLE
[2026-06-03 01:56:31Z] CHK MOM:-0.04% RANGE:0.05% UP:20% SPREAD:0.10662875% BID:0.5627 ASK:0.5633 MID:0.563 P1:0.563 P2:0.56305 P3:0.563 P4:0.56295 STATE:IDLE
[2026-06-03 01:56:31Z] CHK MOM:-0.02% RANGE:0.05% UP:27.27% SPREAD:0.14217167% BID:0.5627 ASK:0.5635 MID:0.56309999 P1:0.56309999 P2:0.563 P3:0.56305 P4:0.563 STATE:IDLE
[2026-06-03 01:56:32Z] CHK MOM:-0.02% RANGE:0.05% UP:27.27% SPREAD:0.14217167% BID:0.5627 ASK:0.5635 MID:0.56309999 P1:0.56309999 P2:0.563 P3:0.56305 P4:0.563 STATE:IDLE
[2026-06-03 01:56:33Z] CHK MOM:-0.02% RANGE:0.05% UP:27.27% SPREAD:0.14217167% BID:0.5627 ASK:0.5635 MID:0.56309999 P1:0.56309999 P2:0.563 P3:0.56305 P4:0.563 STATE:IDLE
[2026-06-03 01:56:33Z] CHK MOM:-0.02% RANGE:0.05% UP:27.27% SPREAD:0.14217167% BID:0.5627 ASK:0.5635 MID:0.56309999 P1:0.56309999 P2:0.563 P3:0.56305 P4:0.563 STATE:IDLE
[2026-06-03 01:56:34Z] CHK MOM:-0.02% RANGE:0.05% UP:27.27% SPREAD:0.14217167% BID:0.5627 ASK:0.5635 MID:0.56309999 P1:0.56309999 P2:0.563 P3:0.56305 P4:0.563 STATE:IDLE
[2026-06-03 01:56:34Z] CHK MOM:-0.06% RANGE:0.06% UP:33.33% SPREAD:0.14222222% BID:0.5625 ASK:0.5633 MID:0.5629 P1:0.5629 P2:0.56309999 P3:0.563 P4:0.56305 STATE:IDLE
[2026-06-03 01:56:35Z] CHK MOM:-0.06% RANGE:0.06% UP:33.33% SPREAD:0.14222222% BID:0.5625 ASK:0.5633 MID:0.5629 P1:0.5629 P2:0.56309999 P3:0.563 P4:0.56305 STATE:IDLE
[2026-06-03 01:56:35Z] CHK MOM:-0.06% RANGE:0.06% UP:33.33% SPREAD:0.14222222% BID:0.5625 ASK:0.5633 MID:0.5629 P1:0.5629 P2:0.56309999 P3:0.563 P4:0.56305 STATE:IDLE
[2026-06-03 01:56:36Z] CHK MOM:-0.06% RANGE:0.06% UP:33.33% SPREAD:0.14222222% BID:0.5625 ASK:0.5633 MID:0.5629 P1:0.5629 P2:0.56309999 P3:0.563 P4:0.56305 STATE:IDLE
[2026-06-03 01:56:36Z] CHK MOM:-0.06% RANGE:0.06% UP:33.33% SPREAD:0.14222222% BID:0.5625 ASK:0.5633 MID:0.5629 P1:0.5629 P2:0.56309999 P3:0.563 P4:0.56305 STATE:IDLE
[2026-06-03 01:56:37Z] CHK MOM:-0.06% RANGE:0.06% UP:33.33% SPREAD:0.14222222% BID:0.5625 ASK:0.5633 MID:0.5629 P1:0.5629 P2:0.56309999 P3:0.563 P4:0.56305 STATE:IDLE
[2026-06-03 01:56:39Z] CHK MOM:-0.04% RANGE:0.06% UP:40% SPREAD:0.12446657% BID:0.5624 ASK:0.5631 MID:0.56275 P1:0.56275 P2:0.5629 P3:0.56309999 P4:0.563 STATE:IDLE
[2026-06-03 01:56:40Z] CHK MOM:-0.04% RANGE:0.06% UP:40% SPREAD:0.12446657% BID:0.5624 ASK:0.5631 MID:0.56275 P1:0.56275 P2:0.5629 P3:0.56309999 P4:0.563 STATE:IDLE
[2026-06-03 01:56:40Z] CHK MOM:-0.04% RANGE:0.06% UP:40% SPREAD:0.12446657% BID:0.5624 ASK:0.5631 MID:0.56275 P1:0.56275 P2:0.5629 P3:0.56309999 P4:0.563 STATE:IDLE
[2026-06-03 01:56:41Z] CHK MOM:-0.02% RANGE:0.06% UP:50% SPREAD:0.12444444% BID:0.5625 ASK:0.5632 MID:0.56285 P1:0.56285 P2:0.56275 P3:0.5629 P4:0.56309999 STATE:IDLE
[2026-06-03 01:56:41Z] CHK MOM:-0.02% RANGE:0.06% UP:50% SPREAD:0.12444444% BID:0.5625 ASK:0.5632 MID:0.56285 P1:0.56285 P2:0.56275 P3:0.5629 P4:0.56309999 STATE:IDLE
[2026-06-03 01:56:42Z] CHK MOM:-0.03% RANGE:0.06% UP:40% SPREAD:0.14224751% BID:0.5624 ASK:0.5632 MID:0.5628 P1:0.5628 P2:0.56285 P3:0.56275 P4:0.5629 STATE:IDLE
[2026-06-03 01:56:42Z] CHK MOM:-0.03% RANGE:0.06% UP:40% SPREAD:0.14224751% BID:0.5624 ASK:0.5632 MID:0.5628 P1:0.5628 P2:0.56285 P3:0.56275 P4:0.5629 STATE:IDLE
[2026-06-03 01:56:43Z] CHK MOM:-0.03% RANGE:0.06% UP:40% SPREAD:0.14224751% BID:0.5624 ASK:0.5632 MID:0.5628 P1:0.5628 P2:0.56285 P3:0.56275 P4:0.5629 STATE:IDLE
[2026-06-03 01:56:43Z] CHK MOM:-0.06% RANGE:0.06% UP:20% SPREAD:0.12446657% BID:0.5624 ASK:0.5631 MID:0.56275 P1:0.56275 P2:0.5628 P3:0.56285 P4:0.56275 STATE:IDLE
[2026-06-03 01:56:44Z] CHK MOM:-0.06% RANGE:0.06% UP:20% SPREAD:0.12446657% BID:0.5624 ASK:0.5631 MID:0.56275 P1:0.56275 P2:0.5628 P3:0.56285 P4:0.56275 STATE:IDLE
[2026-06-03 01:56:45Z] CHK MOM:-0.01% RANGE:0.02% UP:40% SPREAD:0.14224751% BID:0.5624 ASK:0.5632 MID:0.5628 P1:0.5628 P2:0.56275 P3:0.5628 P4:0.56285 STATE:IDLE
[2026-06-03 01:56:45Z] CHK MOM:-0.01% RANGE:0.02% UP:40% SPREAD:0.14224751% BID:0.5624 ASK:0.5632 MID:0.5628 P1:0.5628 P2:0.56275 P3:0.5628 P4:0.56285 STATE:IDLE
[2026-06-03 01:56:46Z] CHK MOM:-0.01% RANGE:0.02% UP:40% SPREAD:0.14224751% BID:0.5624 ASK:0.5632 MID:0.5628 P1:0.5628 P2:0.56275 P3:0.5628 P4:0.56285 STATE:IDLE
[2026-06-03 01:56:46Z] CHK MOM:-0.01% RANGE:0.02% UP:40% SPREAD:0.14224751% BID:0.5624 ASK:0.5632 MID:0.5628 P1:0.5628 P2:0.56275 P3:0.5628 P4:0.56285 STATE:IDLE
[2026-06-03 01:56:47Z] CHK MOM:-0.01% RANGE:0.02% UP:40% SPREAD:0.14224751% BID:0.5624 ASK:0.5632 MID:0.5628 P1:0.5628 P2:0.56275 P3:0.5628 P4:0.56285 STATE:IDLE
[2026-06-03 01:56:49Z] CHK MOM:0% RANGE:0.01% UP:40% SPREAD:0.14224751% BID:0.5624 ASK:0.5632 MID:0.5628 P1:0.5628 P2:0.5628 P3:0.56275 P4:0.5628 STATE:IDLE
[2026-06-03 01:56:50Z] CHK MOM:0% RANGE:0.01% UP:40% SPREAD:0.14224751% BID:0.5624 ASK:0.5632 MID:0.5628 P1:0.5628 P2:0.5628 P3:0.56275 P4:0.5628 STATE:IDLE
[2026-06-03 01:56:51Z] CHK MOM:0% RANGE:0.01% UP:40% SPREAD:0.14224751% BID:0.5624 ASK:0.5632 MID:0.5628 P1:0.5628 P2:0.5628 P3:0.56275 P4:0.5628 STATE:IDLE
[2026-06-03 01:56:51Z] CHK MOM:0% RANGE:0.01% UP:40% SPREAD:0.14224751% BID:0.5624 ASK:0.5632 MID:0.5628 P1:0.5628 P2:0.5628 P3:0.56275 P4:0.5628 STATE:IDLE
[2026-06-03 01:56:52Z] CHK MOM:0% RANGE:0.01% UP:40% SPREAD:0.14224751% BID:0.5624 ASK:0.5632 MID:0.5628 P1:0.5628 P2:0.5628 P3:0.56275 P4:0.5628 STATE:IDLE
[2026-06-03 01:56:53Z] CHK MOM:0.02% RANGE:0.03% UP:50% SPREAD:0.16% BID:0.5625 ASK:0.5634 MID:0.56295 P1:0.56295 P2:0.5628 P3:0.5628 P4:0.56275 STATE:IDLE
[2026-06-03 01:56:54Z] CHK MOM:0.02% RANGE:0.03% UP:50% SPREAD:0.16% BID:0.5625 ASK:0.5634 MID:0.56295 P1:0.56295 P2:0.5628 P3:0.5628 P4:0.56275 STATE:IDLE
[2026-06-03 01:56:54Z] CHK MOM:0.02% RANGE:0.03% UP:50% SPREAD:0.16% BID:0.5625 ASK:0.5634 MID:0.56295 P1:0.56295 P2:0.5628 P3:0.5628 P4:0.56275 STATE:IDLE
[2026-06-03 01:56:55Z] CHK MOM:0.02% RANGE:0.03% UP:50% SPREAD:0.16% BID:0.5625 ASK:0.5634 MID:0.56295 P1:0.56295 P2:0.5628 P3:0.5628 P4:0.56275 STATE:IDLE
[2026-06-03 01:56:56Z] CHK MOM:0.02% RANGE:0.03% UP:50% SPREAD:0.16% BID:0.5625 ASK:0.5634 MID:0.56295 P1:0.56295 P2:0.5628 P3:0.5628 P4:0.56275 STATE:IDLE
[2026-06-03 01:56:56Z] CHK MOM:0.02% RANGE:0.03% UP:50% SPREAD:0.16% BID:0.5625 ASK:0.5634 MID:0.56295 P1:0.56295 P2:0.5628 P3:0.5628 P4:0.56275 STATE:IDLE
[2026-06-03 01:57:04Z] CHK MOM:0% RANGE:0% UP:100% SPREAD:0.14219694% BID:0.5626 ASK:0.5634 MID:0.563 P1:0.563 P2:0.56295 P3:0.5628 P4:0.5628 STATE:IDLE
[2026-06-03 01:57:05Z] CHK MOM:0% RANGE:0% UP:50% SPREAD:0.16% BID:0.5625 ASK:0.5634 MID:0.56295 P1:0.56295 P2:0.563 P3:0.56295 P4:0.5628 STATE:IDLE
[2026-06-03 01:57:05Z] CHK MOM:0% RANGE:0% UP:50% SPREAD:0.16% BID:0.5625 ASK:0.5634 MID:0.56295 P1:0.56295 P2:0.563 P3:0.56295 P4:0.5628 STATE:IDLE
[2026-06-03 01:57:06Z] CHK MOM:0.14% RANGE:0.15% UP:50% SPREAD:0.07097232% BID:0.5636 ASK:0.564 MID:0.5638 P1:0.5638 P2:0.56295 P3:0.563 P4:0.56295 STATE:IDLE
[2026-06-03 01:57:06Z] CHK MOM:0.1% RANGE:0.15% UP:33.33% SPREAD:0.14204545% BID:0.5632 ASK:0.564 MID:0.5636 P1:0.5636 P2:0.5638 P3:0.56295 P4:0.563 STATE:IDLE
[2026-06-03 01:57:07Z] CHK MOM:0.08% RANGE:0.15% UP:25% SPREAD:0.17761989% BID:0.563 ASK:0.564 MID:0.56349999 P1:0.56349999 P2:0.5636 P3:0.5638 P4:0.56295 STATE:IDLE
[2026-06-03 01:57:07Z] CHK MOM:0.09% RANGE:0.15% UP:40% SPREAD:0.15982951% BID:0.5631 ASK:0.564 MID:0.56355 P1:0.56355 P2:0.56349999 P3:0.5636 P4:0.5638 STATE:IDLE
[2026-06-03 01:57:08Z] CHK MOM:0.08% RANGE:0.15% UP:33.33% SPREAD:0.17761989% BID:0.563 ASK:0.564 MID:0.56349999 P1:0.56349999 P2:0.56355 P3:0.56349999 P4:0.5636 STATE:IDLE
[2026-06-03 01:57:08Z] CHK MOM:0.08% RANGE:0.15% UP:33.33% SPREAD:0.17761989% BID:0.563 ASK:0.564 MID:0.56349999 P1:0.56349999 P2:0.56355 P3:0.56349999 P4:0.5636 STATE:IDLE
[2026-06-03 01:57:09Z] CHK MOM:0.07% RANGE:0.15% UP:28.57% SPREAD:0.1598579% BID:0.563 ASK:0.5639 MID:0.56345 P1:0.56345 P2:0.56349999 P3:0.56355 P4:0.56349999 STATE:IDLE
[2026-06-03 01:57:10Z] CHK MOM:0.08% RANGE:0.15% UP:37.5% SPREAD:0.17761989% BID:0.563 ASK:0.564 MID:0.56349999 P1:0.56349999 P2:0.56345 P3:0.56349999 P4:0.56355 STATE:IDLE
[2026-06-03 01:57:10Z] CHK MOM:0.14% RANGE:0.15% UP:44.44% SPREAD:0.07097232% BID:0.5636 ASK:0.564 MID:0.5638 P1:0.5638 P2:0.56349999 P3:0.56345 P4:0.56349999 STATE:IDLE
[2026-06-03 01:57:11Z] CHK MOM:0.14% RANGE:0.15% UP:44.44% SPREAD:0.07097232% BID:0.5636 ASK:0.564 MID:0.5638 P1:0.5638 P2:0.56349999 P3:0.56345 P4:0.56349999 STATE:IDLE
[2026-06-03 01:57:11Z] CHK MOM:0.14% RANGE:0.15% UP:44.44% SPREAD:0.07097232% BID:0.5636 ASK:0.564 MID:0.5638 P1:0.5638 P2:0.56349999 P3:0.56345 P4:0.56349999 STATE:IDLE
[2026-06-03 01:57:12Z] CHK MOM:0.15% RANGE:0.15% UP:50% SPREAD:0.05321979% BID:0.5637 ASK:0.564 MID:0.56385 P1:0.56385 P2:0.5638 P3:0.56349999 P4:0.56345 STATE:IDLE
[2026-06-03 01:57:12Z] CHK MOM:0.15% RANGE:0.15% UP:50% SPREAD:0.05321979% BID:0.5637 ASK:0.564 MID:0.56385 P1:0.56385 P2:0.5638 P3:0.56349999 P4:0.56345 STATE:IDLE
[2026-06-03 01:57:13Z] CHK MOM:0.15% RANGE:0.15% UP:50% SPREAD:0.05321979% BID:0.5637 ASK:0.564 MID:0.56385 P1:0.56385 P2:0.5638 P3:0.56349999 P4:0.56345 STATE:IDLE
[2026-06-03 01:57:13Z] CHK MOM:0.14% RANGE:0.15% UP:45.45% SPREAD:0.07097232% BID:0.5636 ASK:0.564 MID:0.5638 P1:0.5638 P2:0.56385 P3:0.5638 P4:0.56349999 STATE:IDLE
[2026-06-03 01:57:14Z] CHK MOM:0.14% RANGE:0.15% UP:45.45% SPREAD:0.07097232% BID:0.5636 ASK:0.564 MID:0.5638 P1:0.5638 P2:0.56385 P3:0.5638 P4:0.56349999 STATE:IDLE
[2026-06-03 01:57:15Z] CHK MOM:0.14% RANGE:0.15% UP:45.45% SPREAD:0.07097232% BID:0.5636 ASK:0.564 MID:0.5638 P1:0.5638 P2:0.56385 P3:0.5638 P4:0.56349999 STATE:IDLE
[2026-06-03 01:57:15Z] CHK MOM:0.14% RANGE:0.15% UP:45.45% SPREAD:0.07097232% BID:0.5636 ASK:0.564 MID:0.5638 P1:0.5638 P2:0.56385 P3:0.5638 P4:0.56349999 STATE:IDLE
[2026-06-03 01:57:16Z] CHK MOM:0.03% RANGE:0.09% UP:50% SPREAD:0.10643959% BID:0.5637 ASK:0.5643 MID:0.564 P1:0.564 P2:0.5638 P3:0.56385 P4:0.5638 STATE:IDLE
[2026-06-03 01:57:16Z] CHK MOM:0.03% RANGE:0.09% UP:45.45% SPREAD:0.10643959% BID:0.5637 ASK:0.5643 MID:0.564 P1:0.564 P2:0.564 P3:0.5638 P4:0.56385 STATE:IDLE
[2026-06-03 01:57:17Z] CHK MOM:0.03% RANGE:0.09% UP:45.45% SPREAD:0.10643959% BID:0.5637 ASK:0.5643 MID:0.564 P1:0.564 P2:0.564 P3:0.5638 P4:0.56385 STATE:IDLE
[2026-06-03 01:57:17Z] CHK MOM:0% RANGE:0.09% UP:41.66% SPREAD:0.0887154% BID:0.5636 ASK:0.5641 MID:0.56385 P1:0.56385 P2:0.564 P3:0.564 P4:0.5638 STATE:IDLE
[2026-06-03 01:57:18Z] CHK MOM:0% RANGE:0.09% UP:38.46% SPREAD:0.10647737% BID:0.5635 ASK:0.5641 MID:0.5638 P1:0.5638 P2:0.56385 P3:0.564 P4:0.564 STATE:IDLE
[2026-06-03 01:57:18Z] CHK MOM:0.03% RANGE:0.09% UP:41.66% SPREAD:0.14202023% BID:0.5633 ASK:0.5641 MID:0.5637 P1:0.5637 P2:0.5638 P3:0.56385 P4:0.564 STATE:IDLE
[2026-06-03 01:57:19Z] CHK MOM:0.04% RANGE:0.09% UP:46.15% SPREAD:0.12424565% BID:0.5634 ASK:0.5641 MID:0.56375 P1:0.56375 P2:0.5637 P3:0.5638 P4:0.56385 STATE:IDLE
[2026-06-03 01:57:19Z] CHK MOM:0.04% RANGE:0.09% UP:46.15% SPREAD:0.12424565% BID:0.5634 ASK:0.5641 MID:0.56375 P1:0.56375 P2:0.5637 P3:0.5638 P4:0.56385 STATE:IDLE
[2026-06-03 01:57:20Z] CHK MOM:0.05% RANGE:0.09% UP:50% SPREAD:0.10647737% BID:0.5635 ASK:0.5641 MID:0.5638 P1:0.5638 P2:0.56375 P3:0.5637 P4:0.5638 STATE:IDLE
[2026-06-03 01:57:21Z] CHK MOM:0.01% RANGE:0.08% UP:45.45% SPREAD:0.10651517% BID:0.5633 ASK:0.5639 MID:0.5636 P1:0.5636 P2:0.5638 P3:0.56375 P4:0.5637 STATE:IDLE
[2026-06-03 01:57:21Z] CHK MOM:0.03% RANGE:0.08% UP:50% SPREAD:0.14202023% BID:0.5633 ASK:0.5641 MID:0.5637 P1:0.5637 P2:0.5636 P3:0.5638 P4:0.56375 STATE:IDLE
[2026-06-03 01:57:22Z] CHK MOM:-0.01% RANGE:0.07% UP:41.66% SPREAD:0.14202023% BID:0.5633 ASK:0.5641 MID:0.5637 P1:0.5637 P2:0.5637 P3:0.5636 P4:0.5638 STATE:IDLE
[2026-06-03 01:57:22Z] CHK MOM:-0.01% RANGE:0.07% UP:41.66% SPREAD:0.14202023% BID:0.5633 ASK:0.5641 MID:0.5637 P1:0.5637 P2:0.5637 P3:0.5636 P4:0.5638 STATE:IDLE
[2026-06-03 01:57:23Z] CHK MOM:-0.01% RANGE:0.07% UP:41.66% SPREAD:0.14202023% BID:0.5633 ASK:0.5641 MID:0.5637 P1:0.5637 P2:0.5637 P3:0.5636 P4:0.5638 STATE:IDLE
[2026-06-03 01:57:23Z] CHK MOM:-0.01% RANGE:0.07% UP:41.66% SPREAD:0.14202023% BID:0.5633 ASK:0.5641 MID:0.5637 P1:0.5637 P2:0.5637 P3:0.5636 P4:0.5638 STATE:IDLE
[2026-06-03 01:57:24Z] CHK MOM:-0.01% RANGE:0.07% UP:41.66% SPREAD:0.14202023% BID:0.5633 ASK:0.5641 MID:0.5637 P1:0.5637 P2:0.5637 P3:0.5636 P4:0.5638 STATE:IDLE
[2026-06-03 01:57:24Z] CHK MOM:-0.01% RANGE:0.07% UP:41.66% SPREAD:0.14202023% BID:0.5633 ASK:0.5641 MID:0.5637 P1:0.5637 P2:0.5637 P3:0.5636 P4:0.5638 STATE:IDLE
[2026-06-03 01:57:26Z] CHK MOM:0% RANGE:0.07% UP:45.45% SPREAD:0.17752529% BID:0.5633 ASK:0.5643 MID:0.5638 P1:0.5638 P2:0.5637 P3:0.5637 P4:0.5636 STATE:IDLE
[2026-06-03 01:57:26Z] CHK MOM:0% RANGE:0.07% UP:45.45% SPREAD:0.17752529% BID:0.5633 ASK:0.5643 MID:0.5638 P1:0.5638 P2:0.5637 P3:0.5637 P4:0.5636 STATE:IDLE
[2026-06-03 01:57:27Z] CHK MOM:0% RANGE:0.07% UP:45.45% SPREAD:0.17752529% BID:0.5633 ASK:0.5643 MID:0.5638 P1:0.5638 P2:0.5637 P3:0.5637 P4:0.5636 STATE:IDLE
[2026-06-03 01:57:27Z] CHK MOM:-0.02% RANGE:0.07% UP:45.45% SPREAD:0.1597444% BID:0.5634 ASK:0.5643 MID:0.56385 P1:0.56385 P2:0.5638 P3:0.5637 P4:0.5637 STATE:IDLE
[2026-06-03 01:57:28Z] CHK MOM:-0.03% RANGE:0.07% UP:41.66% SPREAD:0.17752529% BID:0.5633 ASK:0.5643 MID:0.5638 P1:0.5638 P2:0.56385 P3:0.5638 P4:0.5637 STATE:IDLE
[2026-06-03 01:57:28Z] CHK MOM:-0.03% RANGE:0.07% UP:41.66% SPREAD:0.17752529% BID:0.5633 ASK:0.5643 MID:0.5638 P1:0.5638 P2:0.56385 P3:0.5638 P4:0.5637 STATE:IDLE
[2026-06-03 01:57:29Z] CHK MOM:-0.03% RANGE:0.07% UP:41.66% SPREAD:0.17752529% BID:0.5633 ASK:0.5643 MID:0.5638 P1:0.5638 P2:0.56385 P3:0.5638 P4:0.5637 STATE:IDLE
[2026-06-03 01:57:29Z] CHK MOM:-0.03% RANGE:0.07% UP:41.66% SPREAD:0.17752529% BID:0.5633 ASK:0.5643 MID:0.5638 P1:0.5638 P2:0.56385 P3:0.5638 P4:0.5637 STATE:IDLE
[2026-06-03 01:57:30Z] CHK MOM:-0.03% RANGE:0.07% UP:41.66% SPREAD:0.17752529% BID:0.5633 ASK:0.5643 MID:0.5638 P1:0.5638 P2:0.56385 P3:0.5638 P4:0.5637 STATE:IDLE
[2026-06-03 01:57:30Z] CHK MOM:-0.03% RANGE:0.07% UP:41.66% SPREAD:0.17752529% BID:0.5633 ASK:0.5643 MID:0.5638 P1:0.5638 P2:0.56385 P3:0.5638 P4:0.5637 STATE:IDLE
[2026-06-03 01:57:32Z] CHK MOM:0.03% RANGE:0.07% UP:57.14% SPREAD:0.10643959% BID:0.5637 ASK:0.5643 MID:0.564 P1:0.564 P2:0.5638 P3:0.56385 P4:0.5638 STATE:IDLE
[2026-06-03 01:57:33Z] CHK MOM:0.03% RANGE:0.07% UP:57.14% SPREAD:0.17752529% BID:0.5633 ASK:0.5643 MID:0.5638 P1:0.5638 P2:0.564 P3:0.5638 P4:0.56385 STATE:IDLE
[2026-06-03 01:57:33Z] CHK MOM:0.03% RANGE:0.07% UP:57.14% SPREAD:0.17752529% BID:0.5633 ASK:0.5643 MID:0.5638 P1:0.5638 P2:0.564 P3:0.5638 P4:0.56385 STATE:IDLE
[2026-06-03 01:57:34Z] CHK MOM:0.03% RANGE:0.07% UP:57.14% SPREAD:0.17752529% BID:0.5633 ASK:0.5643 MID:0.5638 P1:0.5638 P2:0.564 P3:0.5638 P4:0.56385 STATE:IDLE
[2026-06-03 01:57:34Z] CHK MOM:0.03% RANGE:0.07% UP:57.14% SPREAD:0.17752529% BID:0.5633 ASK:0.5643 MID:0.5638 P1:0.5638 P2:0.564 P3:0.5638 P4:0.56385 STATE:IDLE
[2026-06-03 01:57:35Z] CHK MOM:0% RANGE:0.04% UP:40% SPREAD:0.12424565% BID:0.5634 ASK:0.5641 MID:0.56375 P1:0.56375 P2:0.5638 P3:0.564 P4:0.5638 STATE:IDLE
[2026-06-03 01:57:35Z] CHK MOM:0% RANGE:0.04% UP:40% SPREAD:0.12424565% BID:0.5634 ASK:0.5641 MID:0.56375 P1:0.56375 P2:0.5638 P3:0.564 P4:0.5638 STATE:IDLE
[2026-06-03 01:57:36Z] CHK MOM:0% RANGE:0.04% UP:50% SPREAD:0.1242236% BID:0.5635 ASK:0.5642 MID:0.56385 P1:0.56385 P2:0.56375 P3:0.5638 P4:0.564 STATE:IDLE
[2026-06-03 01:57:36Z] CHK MOM:0% RANGE:0.04% UP:50% SPREAD:0.1242236% BID:0.5635 ASK:0.5642 MID:0.56385 P1:0.56385 P2:0.56375 P3:0.5638 P4:0.564 STATE:IDLE
[2026-06-03 01:57:37Z] CHK MOM:0% RANGE:0.04% UP:50% SPREAD:0.1242236% BID:0.5635 ASK:0.5642 MID:0.56385 P1:0.56385 P2:0.56375 P3:0.5638 P4:0.564 STATE:IDLE
[2026-06-03 01:57:38Z] CHK MOM:0% RANGE:0.04% UP:50% SPREAD:0.1242236% BID:0.5635 ASK:0.5642 MID:0.56385 P1:0.56385 P2:0.56375 P3:0.5638 P4:0.564 STATE:IDLE
[2026-06-03 01:57:38Z] CHK MOM:0.02% RANGE:0.04% UP:50% SPREAD:0.10643959% BID:0.5637 ASK:0.5643 MID:0.564 P1:0.564 P2:0.56385 P3:0.56375 P4:0.5638 STATE:IDLE
[2026-06-03 01:57:39Z] CHK MOM:0.02% RANGE:0.04% UP:50% SPREAD:0.10643959% BID:0.5637 ASK:0.5643 MID:0.564 P1:0.564 P2:0.56385 P3:0.56375 P4:0.5638 STATE:IDLE
[2026-06-03 01:57:39Z] CHK MOM:0.02% RANGE:0.04% UP:50% SPREAD:0.10643959% BID:0.5637 ASK:0.5643 MID:0.564 P1:0.564 P2:0.56385 P3:0.56375 P4:0.5638 STATE:IDLE
[2026-06-03 01:57:40Z] CHK MOM:0.02% RANGE:0.04% UP:50% SPREAD:0.10643959% BID:0.5637 ASK:0.5643 MID:0.564 P1:0.564 P2:0.56385 P3:0.56375 P4:0.5638 STATE:IDLE
[2026-06-03 01:57:40Z] CHK MOM:0.02% RANGE:0.04% UP:50% SPREAD:0.10643959% BID:0.5637 ASK:0.5643 MID:0.564 P1:0.564 P2:0.56385 P3:0.56375 P4:0.5638 STATE:IDLE
[2026-06-03 01:57:41Z] CHK MOM:0.02% RANGE:0.04% UP:50% SPREAD:0.10643959% BID:0.5637 ASK:0.5643 MID:0.564 P1:0.564 P2:0.56385 P3:0.56375 P4:0.5638 STATE:IDLE
[2026-06-03 01:57:43Z] CHK MOM:-0.04% RANGE:0.04% UP:40% SPREAD:0.15977276% BID:0.5633 ASK:0.5642 MID:0.56375 P1:0.56375 P2:0.564 P3:0.56385 P4:0.56375 STATE:IDLE
[2026-06-03 01:57:44Z] CHK MOM:-0.04% RANGE:0.04% UP:40% SPREAD:0.15977276% BID:0.5633 ASK:0.5642 MID:0.56375 P1:0.56375 P2:0.564 P3:0.56385 P4:0.56375 STATE:IDLE
[2026-06-03 01:57:44Z] CHK MOM:-0.04% RANGE:0.04% UP:40% SPREAD:0.15977276% BID:0.5633 ASK:0.5642 MID:0.56375 P1:0.56375 P2:0.564 P3:0.56385 P4:0.56375 STATE:IDLE
[2026-06-03 01:57:45Z] CHK MOM:-0.04% RANGE:0.04% UP:40% SPREAD:0.15977276% BID:0.5633 ASK:0.5642 MID:0.56375 P1:0.56375 P2:0.564 P3:0.56385 P4:0.56375 STATE:IDLE
[2026-06-03 01:57:45Z] CHK MOM:-0.04% RANGE:0.04% UP:40% SPREAD:0.15977276% BID:0.5633 ASK:0.5642 MID:0.56375 P1:0.56375 P2:0.564 P3:0.56385 P4:0.56375 STATE:IDLE
[2026-06-03 01:57:46Z] CHK MOM:-0.01% RANGE:0.06% UP:50% SPREAD:0.1242677% BID:0.5633 ASK:0.564 MID:0.56365 P1:0.56365 P2:0.56375 P3:0.564 P4:0.56385 STATE:IDLE
[2026-06-03 01:57:47Z] CHK MOM:-0.01% RANGE:0.06% UP:50% SPREAD:0.1242677% BID:0.5633 ASK:0.564 MID:0.56365 P1:0.56365 P2:0.56375 P3:0.564 P4:0.56385 STATE:IDLE
[2026-06-03 01:57:47Z] CHK MOM:-0.06% RANGE:0.08% UP:25% SPREAD:0.10653409% BID:0.5632 ASK:0.5638 MID:0.5635 P1:0.5635 P2:0.56365 P3:0.56375 P4:0.564 STATE:IDLE
[2026-06-03 01:57:48Z] CHK MOM:-0.06% RANGE:0.08% UP:25% SPREAD:0.10653409% BID:0.5632 ASK:0.5638 MID:0.5635 P1:0.5635 P2:0.56365 P3:0.56375 P4:0.564 STATE:IDLE
[2026-06-03 01:57:49Z] CHK MOM:-0.06% RANGE:0.08% UP:25% SPREAD:0.10653409% BID:0.5632 ASK:0.5638 MID:0.5635 P1:0.5635 P2:0.56365 P3:0.56375 P4:0.564 STATE:IDLE
[2026-06-03 01:57:49Z] CHK MOM:-0.06% RANGE:0.08% UP:25% SPREAD:0.10653409% BID:0.5632 ASK:0.5638 MID:0.5635 P1:0.5635 P2:0.56365 P3:0.56375 P4:0.564 STATE:IDLE
[2026-06-03 01:57:50Z] CHK MOM:-0.04% RANGE:0.04% UP:0% SPREAD:0.10653409% BID:0.5632 ASK:0.5638 MID:0.5635 P1:0.5635 P2:0.5635 P3:0.56365 P4:0.56375 STATE:IDLE
[2026-06-03 01:57:50Z] CHK MOM:-0.06% RANGE:0.06% UP:0% SPREAD:0.07102272% BID:0.5632 ASK:0.5636 MID:0.5634 P1:0.5634 P2:0.5635 P3:0.5635 P4:0.56365 STATE:IDLE
[2026-06-03 01:57:51Z] CHK MOM:-0.06% RANGE:0.06% UP:0% SPREAD:0.07102272% BID:0.5632 ASK:0.5636 MID:0.5634 P1:0.5634 P2:0.5635 P3:0.5635 P4:0.56365 STATE:IDLE
[2026-06-03 01:57:51Z] CHK MOM:-0.06% RANGE:0.06% UP:0% SPREAD:0.07102272% BID:0.5632 ASK:0.5636 MID:0.5634 P1:0.5634 P2:0.5635 P3:0.5635 P4:0.56365 STATE:IDLE
[2026-06-03 01:57:52Z] CHK MOM:-0.06% RANGE:0.06% UP:0% SPREAD:0.07102272% BID:0.5632 ASK:0.5636 MID:0.5634 P1:0.5634 P2:0.5635 P3:0.5635 P4:0.56365 STATE:IDLE
[2026-06-03 01:57:53Z] CHK MOM:-0.06% RANGE:0.06% UP:0% SPREAD:0.07102272% BID:0.5632 ASK:0.5636 MID:0.5634 P1:0.5634 P2:0.5635 P3:0.5635 P4:0.56365 STATE:IDLE
[2026-06-03 01:57:53Z] CHK MOM:-0.06% RANGE:0.06% UP:0% SPREAD:0.07102272% BID:0.5632 ASK:0.5636 MID:0.5634 P1:0.5634 P2:0.5635 P3:0.5635 P4:0.56365 STATE:IDLE
[2026-06-03 01:57:58Z] CHK MOM:-0.06% RANGE:0.06% UP:0% SPREAD:0.10657193% BID:0.563 ASK:0.5636 MID:0.56329999 P1:0.56329999 P2:0.5634 P3:0.5635 P4:0.5635 STATE:IDLE
[2026-06-03 01:57:58Z] CHK MOM:-0.06% RANGE:0.06% UP:0% SPREAD:0.10657193% BID:0.563 ASK:0.5636 MID:0.56329999 P1:0.56329999 P2:0.5634 P3:0.5635 P4:0.5635 STATE:IDLE
[2026-06-03 01:57:59Z] CHK MOM:-0.06% RANGE:0.06% UP:0% SPREAD:0.10657193% BID:0.563 ASK:0.5636 MID:0.56329999 P1:0.56329999 P2:0.5634 P3:0.5635 P4:0.5635 STATE:IDLE
[2026-06-03 01:57:59Z] CHK MOM:-0.06% RANGE:0.06% UP:0% SPREAD:0.10657193% BID:0.563 ASK:0.5636 MID:0.56329999 P1:0.56329999 P2:0.5634 P3:0.5635 P4:0.5635 STATE:IDLE
[2026-06-03 01:58:00Z] CHK MOM:-0.06% RANGE:0.06% UP:0% SPREAD:0.10657193% BID:0.563 ASK:0.5636 MID:0.56329999 P1:0.56329999 P2:0.5634 P3:0.5635 P4:0.5635 STATE:IDLE
[2026-06-03 01:58:01Z] CHK MOM:0% RANGE:0.04% UP:33.33% SPREAD:0.15982951% BID:0.5631 ASK:0.564 MID:0.56355 P1:0.56355 P2:0.56329999 P3:0.5634 P4:0.5635 STATE:IDLE
[2026-06-03 01:58:02Z] CHK MOM:0.01% RANGE:0.05% UP:50% SPREAD:0.14204545% BID:0.5632 ASK:0.564 MID:0.5636 P1:0.5636 P2:0.56355 P3:0.56329999 P4:0.5634 STATE:IDLE
[2026-06-03 01:58:02Z] CHK MOM:0.01% RANGE:0.05% UP:50% SPREAD:0.14204545% BID:0.5632 ASK:0.564 MID:0.5636 P1:0.5636 P2:0.56355 P3:0.56329999 P4:0.5634 STATE:IDLE
[2026-06-03 01:58:03Z] CHK MOM:0.06% RANGE:0.06% UP:100% SPREAD:0.1242677% BID:0.5633 ASK:0.564 MID:0.56365 P1:0.56365 P2:0.5636 P3:0.56355 P4:0.56329999 STATE:IDLE
[2026-06-03 01:58:03Z] TOKEN_SWITCH old=JTOUSDC new=XLMUSDC source=.service.env
