[2026-06-02 23:32:09Z] SESSION_START symbol=JUPUSDC dry_run=0 profile=major strategy=momentum base_url=https://api.binance.com
[2026-06-02 23:32:09Z] TOXIC_MEMORY_LOADED count=1 symbols=ORDIUSDC
[2026-06-02 23:32:11Z] CHK MOM:0% RANGE:0% UP:0% SPREAD:0.10504201% BID:0.1904 ASK:0.1906 MID:0.1905 P1:0.1905 P2:NA P3:NA P4:NA STATE:IDLE
[2026-06-02 23:32:12Z] CHK MOM:-0.02% RANGE:0.02% UP:0% SPREAD:0.052521% BID:0.1904 ASK:0.1905 MID:0.19045 P1:0.19045 P2:0.1905 P3:NA P4:NA STATE:IDLE
[2026-06-02 23:32:12Z] CHK MOM:-0.02% RANGE:0.02% UP:0% SPREAD:0.052521% BID:0.1904 ASK:0.1905 MID:0.19045 P1:0.19045 P2:0.19045 P3:0.1905 P4:NA STATE:IDLE
[2026-06-02 23:32:13Z] CHK MOM:-0.05% RANGE:0.05% UP:0% SPREAD:0.10509721% BID:0.1903 ASK:0.1905 MID:0.1904 P1:0.1904 P2:0.19045 P3:0.19045 P4:0.1905 STATE:IDLE
[2026-06-02 23:32:13Z] CHK MOM:-0.05% RANGE:0.05% UP:0% SPREAD:0.10509721% BID:0.1903 ASK:0.1905 MID:0.1904 P1:0.1904 P2:0.1904 P3:0.19045 P4:0.19045 STATE:IDLE
[2026-06-02 23:32:14Z] CHK MOM:-0.02% RANGE:0.05% UP:20% SPREAD:0.052521% BID:0.1904 ASK:0.1905 MID:0.19045 P1:0.19045 P2:0.1904 P3:0.1904 P4:0.19045 STATE:IDLE
[2026-06-02 23:32:14Z] CHK MOM:0% RANGE:0.05% UP:33.33% SPREAD:0.10504201% BID:0.1904 ASK:0.1906 MID:0.1905 P1:0.1905 P2:0.19045 P3:0.1904 P4:0.1904 STATE:IDLE
[2026-06-02 23:32:15Z] CHK MOM:0% RANGE:0.05% UP:28.57% SPREAD:0.10504201% BID:0.1904 ASK:0.1906 MID:0.1905 P1:0.1905 P2:0.1905 P3:0.19045 P4:0.1904 STATE:IDLE
[2026-06-02 23:32:15Z] CHK MOM:0% RANGE:0.05% UP:28.57% SPREAD:0.10504201% BID:0.1904 ASK:0.1906 MID:0.1905 P1:0.1905 P2:0.1905 P3:0.19045 P4:0.1904 STATE:IDLE
[2026-06-02 23:32:16Z] CHK MOM:0% RANGE:0.05% UP:28.57% SPREAD:0.10504201% BID:0.1904 ASK:0.1906 MID:0.1905 P1:0.1905 P2:0.1905 P3:0.19045 P4:0.1904 STATE:IDLE
[2026-06-02 23:32:17Z] CHK MOM:0% RANGE:0.05% UP:28.57% SPREAD:0.10504201% BID:0.1904 ASK:0.1906 MID:0.1905 P1:0.1905 P2:0.1905 P3:0.19045 P4:0.1904 STATE:IDLE
[2026-06-02 23:32:17Z] CHK MOM:0.02% RANGE:0.07% UP:37.5% SPREAD:0.05249343% BID:0.1905 ASK:0.1906 MID:0.19055 P1:0.19055 P2:0.1905 P3:0.1905 P4:0.19045 STATE:IDLE
[2026-06-02 23:32:18Z] CHK MOM:0.02% RANGE:0.07% UP:37.5% SPREAD:0.05249343% BID:0.1905 ASK:0.1906 MID:0.19055 P1:0.19055 P2:0.1905 P3:0.1905 P4:0.19045 STATE:IDLE
[2026-06-02 23:32:18Z] CHK MOM:0.02% RANGE:0.07% UP:37.5% SPREAD:0.05249343% BID:0.1905 ASK:0.1906 MID:0.19055 P1:0.19055 P2:0.1905 P3:0.1905 P4:0.19045 STATE:IDLE
[2026-06-02 23:32:19Z] CHK MOM:0.02% RANGE:0.07% UP:37.5% SPREAD:0.05249343% BID:0.1905 ASK:0.1906 MID:0.19055 P1:0.19055 P2:0.1905 P3:0.1905 P4:0.19045 STATE:IDLE
[2026-06-02 23:32:19Z] CHK MOM:0.15% RANGE:0.21% UP:44.44% SPREAD:0.10487676% BID:0.1907 ASK:0.1909 MID:0.1908 P1:0.1908 P2:0.19055 P3:0.1905 P4:0.1905 STATE:IDLE
[2026-06-02 23:32:20Z] CHK MOM:0.2% RANGE:0.26% UP:50% SPREAD:0.1048218% BID:0.1908 ASK:0.191 MID:0.1909 P1:0.1909 P2:0.1908 P3:0.19055 P4:0.1905 STATE:IDLE
[2026-06-02 23:32:20Z] CHK MOM:0.2% RANGE:0.26% UP:45.45% SPREAD:0.1048218% BID:0.1908 ASK:0.191 MID:0.1909 P1:0.1909 P2:0.1909 P3:0.1908 P4:0.19055 STATE:IDLE
[2026-06-02 23:32:21Z] CHK MOM:0.2% RANGE:0.26% UP:41.66% SPREAD:0.1048218% BID:0.1908 ASK:0.191 MID:0.1909 P1:0.1909 P2:0.1909 P3:0.1909 P4:0.1908 STATE:IDLE
[2026-06-02 23:32:22Z] CHK MOM:0.2% RANGE:0.26% UP:41.66% SPREAD:0.1048218% BID:0.1908 ASK:0.191 MID:0.1909 P1:0.1909 P2:0.1909 P3:0.1909 P4:0.1908 STATE:IDLE
[2026-06-02 23:32:22Z] CHK MOM:0.2% RANGE:0.26% UP:38.46% SPREAD:0.1048218% BID:0.1908 ASK:0.191 MID:0.1909 P1:0.1909 P2:0.1909 P3:0.1909 P4:0.1909 STATE:IDLE
[2026-06-02 23:32:23Z] CHK MOM:0.2% RANGE:0.26% UP:35.71% SPREAD:0.1048218% BID:0.1908 ASK:0.191 MID:0.1909 P1:0.1909 P2:0.1909 P3:0.1909 P4:0.1909 STATE:IDLE
[2026-06-02 23:32:23Z] CHK MOM:0.2% RANGE:0.26% UP:35.71% SPREAD:0.1048218% BID:0.1908 ASK:0.191 MID:0.1909 P1:0.1909 P2:0.1909 P3:0.1909 P4:0.1909 STATE:IDLE
[2026-06-02 23:32:24Z] CHK MOM:0.26% RANGE:0.28% UP:46.15% SPREAD:0.05238344% BID:0.1909 ASK:0.191 MID:0.19095 P1:0.19095 P2:0.1909 P3:0.1909 P4:0.1909 STATE:IDLE
[2026-06-02 23:32:24Z] CHK MOM:0.26% RANGE:0.28% UP:46.15% SPREAD:0.05238344% BID:0.1909 ASK:0.191 MID:0.19095 P1:0.19095 P2:0.1909 P3:0.1909 P4:0.1909 STATE:IDLE
[2026-06-02 23:32:25Z] CHK MOM:0.26% RANGE:0.28% UP:50% SPREAD:0.1048218% BID:0.1908 ASK:0.191 MID:0.1909 P1:0.1909 P2:0.19095 P3:0.1909 P4:0.1909 STATE:IDLE
[2026-06-02 23:32:25Z] CHK MOM:0.26% RANGE:0.28% UP:50% SPREAD:0.1048218% BID:0.1908 ASK:0.191 MID:0.1909 P1:0.1909 P2:0.19095 P3:0.1909 P4:0.1909 STATE:IDLE
[2026-06-02 23:32:26Z] CHK MOM:0.18% RANGE:0.23% UP:36.36% SPREAD:0.15731515% BID:0.1907 ASK:0.191 MID:0.19085 P1:0.19085 P2:0.1909 P3:0.19095 P4:0.1909 STATE:IDLE
[2026-06-02 23:32:26Z] CHK MOM:0.18% RANGE:0.23% UP:33.33% SPREAD:0.15731515% BID:0.1907 ASK:0.191 MID:0.19085 P1:0.19085 P2:0.19085 P3:0.1909 P4:0.19095 STATE:IDLE
[2026-06-02 23:32:27Z] CHK MOM:0.15% RANGE:0.2% UP:27.27% SPREAD:0.15731515% BID:0.1907 ASK:0.191 MID:0.19085 P1:0.19085 P2:0.19085 P3:0.19085 P4:0.1909 STATE:IDLE
[2026-06-02 23:32:28Z] CHK MOM:0.15% RANGE:0.2% UP:25% SPREAD:0.15731515% BID:0.1907 ASK:0.191 MID:0.19085 P1:0.19085 P2:0.19085 P3:0.19085 P4:0.19085 STATE:IDLE
[2026-06-02 23:32:28Z] CHK MOM:0.13% RANGE:0.2% UP:23.07% SPREAD:0.20986358% BID:0.1906 ASK:0.191 MID:0.1908 P1:0.1908 P2:0.19085 P3:0.19085 P4:0.19085 STATE:IDLE
[2026-06-02 23:32:29Z] CHK MOM:0.15% RANGE:0.2% UP:28.57% SPREAD:0.15731515% BID:0.1907 ASK:0.191 MID:0.19085 P1:0.19085 P2:0.1908 P3:0.19085 P4:0.19085 STATE:IDLE
[2026-06-02 23:32:29Z] CHK MOM:0.15% RANGE:0.2% UP:26.66% SPREAD:0.15731515% BID:0.1907 ASK:0.191 MID:0.19085 P1:0.19085 P2:0.19085 P3:0.1908 P4:0.19085 STATE:IDLE
[2026-06-02 23:32:30Z] CHK MOM:0.02% RANGE:0.07% UP:20% SPREAD:0.15731515% BID:0.1907 ASK:0.191 MID:0.19085 P1:0.19085 P2:0.19085 P3:0.19085 P4:0.1908 STATE:IDLE
[2026-06-02 23:32:30Z] CHK MOM:0.02% RANGE:0.07% UP:20% SPREAD:0.15731515% BID:0.1907 ASK:0.191 MID:0.19085 P1:0.19085 P2:0.19085 P3:0.19085 P4:0.1908 STATE:IDLE
[2026-06-02 23:32:31Z] CHK MOM:0.02% RANGE:0.07% UP:20% SPREAD:0.15731515% BID:0.1907 ASK:0.191 MID:0.19085 P1:0.19085 P2:0.19085 P3:0.19085 P4:0.1908 STATE:IDLE
[2026-06-02 23:32:31Z] CHK MOM:0.02% RANGE:0.07% UP:20% SPREAD:0.15731515% BID:0.1907 ASK:0.191 MID:0.19085 P1:0.19085 P2:0.19085 P3:0.19085 P4:0.1908 STATE:IDLE
[2026-06-02 23:32:32Z] CHK MOM:0.02% RANGE:0.07% UP:20% SPREAD:0.15731515% BID:0.1907 ASK:0.191 MID:0.19085 P1:0.19085 P2:0.19085 P3:0.19085 P4:0.1908 STATE:IDLE
[2026-06-02 23:32:34Z] CHK MOM:-0.02% RANGE:0.07% UP:16.66% SPREAD:0.15731515% BID:0.1907 ASK:0.191 MID:0.19085 P1:0.19085 P2:0.19085 P3:0.19085 P4:0.19085 STATE:IDLE
[2026-06-02 23:32:35Z] CHK MOM:-0.02% RANGE:0.07% UP:16.66% SPREAD:0.15731515% BID:0.1907 ASK:0.191 MID:0.19085 P1:0.19085 P2:0.19085 P3:0.19085 P4:0.19085 STATE:IDLE
[2026-06-02 23:32:35Z] CHK MOM:-0.05% RANGE:0.07% UP:9.09% SPREAD:0.15731515% BID:0.1907 ASK:0.191 MID:0.19085 P1:0.19085 P2:0.19085 P3:0.19085 P4:0.19085 STATE:IDLE
[2026-06-02 23:32:36Z] CHK MOM:-0.05% RANGE:0.07% UP:8.33% SPREAD:0.15731515% BID:0.1907 ASK:0.191 MID:0.19085 P1:0.19085 P2:0.19085 P3:0.19085 P4:0.19085 STATE:IDLE
[2026-06-02 23:32:36Z] CHK MOM:-0.05% RANGE:0.07% UP:8.33% SPREAD:0.15731515% BID:0.1907 ASK:0.191 MID:0.19085 P1:0.19085 P2:0.19085 P3:0.19085 P4:0.19085 STATE:IDLE
[2026-06-02 23:32:37Z] CHK MOM:0% RANGE:0.02% UP:9.09% SPREAD:0.15731515% BID:0.1907 ASK:0.191 MID:0.19085 P1:0.19085 P2:0.19085 P3:0.19085 P4:0.19085 STATE:IDLE
[2026-06-02 23:32:37Z] CHK MOM:0.02% RANGE:0.05% UP:16.66% SPREAD:0.1048218% BID:0.1908 ASK:0.191 MID:0.1909 P1:0.1909 P2:0.19085 P3:0.19085 P4:0.19085 STATE:IDLE
[2026-06-02 23:32:38Z] CHK MOM:0.02% RANGE:0.05% UP:16.66% SPREAD:0.1048218% BID:0.1908 ASK:0.191 MID:0.1909 P1:0.1909 P2:0.19085 P3:0.19085 P4:0.19085 STATE:IDLE
[2026-06-02 23:32:38Z] CHK MOM:0.02% RANGE:0.05% UP:16.66% SPREAD:0.1048218% BID:0.1908 ASK:0.191 MID:0.1909 P1:0.1909 P2:0.19085 P3:0.19085 P4:0.19085 STATE:IDLE
[2026-06-02 23:32:39Z] CHK MOM:0.02% RANGE:0.05% UP:18.18% SPREAD:0.1048218% BID:0.1908 ASK:0.191 MID:0.1909 P1:0.1909 P2:0.1909 P3:0.19085 P4:0.19085 STATE:IDLE
[2026-06-02 23:32:40Z] CHK MOM:0.07% RANGE:0.1% UP:27.27% SPREAD:0.10476689% BID:0.1909 ASK:0.1911 MID:0.191 P1:0.191 P2:0.1909 P3:0.1909 P4:0.19085 STATE:IDLE
[2026-06-02 23:32:40Z] CHK MOM:0.1% RANGE:0.1% UP:27.27% SPREAD:0.10476689% BID:0.1909 ASK:0.1911 MID:0.191 P1:0.191 P2:0.191 P3:0.1909 P4:0.1909 STATE:IDLE
[2026-06-02 23:32:41Z] CHK MOM:0.13% RANGE:0.13% UP:30% SPREAD:0.10471204% BID:0.191 ASK:0.1912 MID:0.1911 P1:0.1911 P2:0.191 P3:0.191 P4:0.1909 STATE:IDLE
[2026-06-02 23:32:41Z] CHK MOM:0.15% RANGE:0.15% UP:40% SPREAD:0.15706806% BID:0.191 ASK:0.1913 MID:0.19115 P1:0.19115 P2:0.1911 P3:0.191 P4:0.191 STATE:IDLE
[2026-06-02 23:32:42Z] CHK MOM:0.18% RANGE:0.18% UP:50% SPREAD:0.10465724% BID:0.1911 ASK:0.1913 MID:0.19119999 P1:0.19119999 P2:0.19115 P3:0.1911 P4:0.191 STATE:IDLE
[2026-06-02 23:32:42Z] CHK MOM:0.15% RANGE:0.18% UP:45.45% SPREAD:0.15706806% BID:0.191 ASK:0.1913 MID:0.19115 P1:0.19115 P2:0.19119999 P3:0.19115 P4:0.1911 STATE:IDLE
[2026-06-02 23:32:43Z] CHK MOM:0.15% RANGE:0.18% UP:45.45% SPREAD:0.15706806% BID:0.191 ASK:0.1913 MID:0.19115 P1:0.19115 P2:0.19119999 P3:0.19115 P4:0.1911 STATE:IDLE
[2026-06-02 23:32:43Z] CHK MOM:0.15% RANGE:0.18% UP:45.45% SPREAD:0.15706806% BID:0.191 ASK:0.1913 MID:0.19115 P1:0.19115 P2:0.19119999 P3:0.19115 P4:0.1911 STATE:IDLE
[2026-06-02 23:32:44Z] CHK MOM:0.15% RANGE:0.18% UP:45.45% SPREAD:0.15706806% BID:0.191 ASK:0.1913 MID:0.19115 P1:0.19115 P2:0.19119999 P3:0.19115 P4:0.1911 STATE:IDLE
[2026-06-02 23:32:44Z] CHK MOM:0.15% RANGE:0.18% UP:41.66% SPREAD:0.15706806% BID:0.191 ASK:0.1913 MID:0.19115 P1:0.19115 P2:0.19115 P3:0.19119999 P4:0.19115 STATE:IDLE
[2026-06-02 23:32:45Z] CHK MOM:0.18% RANGE:0.18% UP:46.15% SPREAD:0.10465724% BID:0.1911 ASK:0.1913 MID:0.19119999 P1:0.19119999 P2:0.19115 P3:0.19115 P4:0.19119999 STATE:IDLE
[2026-06-02 23:32:46Z] CHK MOM:0.18% RANGE:0.18% UP:46.15% SPREAD:0.10465724% BID:0.1911 ASK:0.1913 MID:0.19119999 P1:0.19119999 P2:0.19115 P3:0.19115 P4:0.19119999 STATE:IDLE
[2026-06-02 23:32:46Z] CHK MOM:0.18% RANGE:0.18% UP:46.15% SPREAD:0.10465724% BID:0.1911 ASK:0.1913 MID:0.19119999 P1:0.19119999 P2:0.19119999 P3:0.19115 P4:0.19115 STATE:IDLE
[2026-06-02 23:32:47Z] CHK MOM:0.18% RANGE:0.18% UP:42.85% SPREAD:0.10465724% BID:0.1911 ASK:0.1913 MID:0.19119999 P1:0.19119999 P2:0.19119999 P3:0.19119999 P4:0.19115 STATE:IDLE
[2026-06-02 23:32:47Z] CHK MOM:0.18% RANGE:0.18% UP:42.85% SPREAD:0.10465724% BID:0.1911 ASK:0.1913 MID:0.19119999 P1:0.19119999 P2:0.19119999 P3:0.19119999 P4:0.19115 STATE:IDLE
[2026-06-02 23:32:48Z] CHK MOM:0.18% RANGE:0.18% UP:42.85% SPREAD:0.10465724% BID:0.1911 ASK:0.1913 MID:0.19119999 P1:0.19119999 P2:0.19119999 P3:0.19119999 P4:0.19115 STATE:IDLE
[2026-06-02 23:32:48Z] CHK MOM:0.23% RANGE:0.23% UP:53.84% SPREAD:0.10460251% BID:0.1912 ASK:0.1914 MID:0.1913 P1:0.1913 P2:0.19119999 P3:0.19119999 P4:0.19119999 STATE:IDLE
[2026-06-02 23:32:49Z] CHK MOM:0.23% RANGE:0.23% UP:53.84% SPREAD:0.10460251% BID:0.1912 ASK:0.1914 MID:0.1913 P1:0.1913 P2:0.19119999 P3:0.19119999 P4:0.19119999 STATE:IDLE
[2026-06-02 23:32:49Z] CHK MOM:0.23% RANGE:0.23% UP:53.84% SPREAD:0.10460251% BID:0.1912 ASK:0.1914 MID:0.1913 P1:0.1913 P2:0.19119999 P3:0.19119999 P4:0.19119999 STATE:IDLE
[2026-06-02 23:32:50Z] CHK MOM:0.2% RANGE:0.2% UP:50% SPREAD:0.10460251% BID:0.1912 ASK:0.1914 MID:0.1913 P1:0.1913 P2:0.1913 P3:0.19119999 P4:0.19119999 STATE:IDLE
[2026-06-02 23:32:51Z] CHK MOM:0.23% RANGE:0.23% UP:53.84% SPREAD:0.05227391% BID:0.1913 ASK:0.1914 MID:0.19135 P1:0.19135 P2:0.1913 P3:0.1913 P4:0.19119999 STATE:IDLE
[2026-06-02 23:32:51Z] CHK MOM:0.2% RANGE:0.23% UP:50% SPREAD:0.10460251% BID:0.1912 ASK:0.1914 MID:0.1913 P1:0.1913 P2:0.19135 P3:0.1913 P4:0.1913 STATE:IDLE
[2026-06-02 23:32:52Z] CHK MOM:0.2% RANGE:0.23% UP:50% SPREAD:0.10460251% BID:0.1912 ASK:0.1914 MID:0.1913 P1:0.1913 P2:0.19135 P3:0.1913 P4:0.1913 STATE:IDLE
[2026-06-02 23:32:52Z] CHK MOM:0.1% RANGE:0.13% UP:41.66% SPREAD:0.10460251% BID:0.1912 ASK:0.1914 MID:0.1913 P1:0.1913 P2:0.1913 P3:0.19135 P4:0.1913 STATE:IDLE
[2026-06-02 23:32:53Z] CHK MOM:0.07% RANGE:0.13% UP:38.46% SPREAD:0.15698587% BID:0.1911 ASK:0.1914 MID:0.19124999 P1:0.19124999 P2:0.1913 P3:0.1913 P4:0.19135 STATE:IDLE
[2026-06-02 23:32:53Z] CHK MOM:-0.02% RANGE:0.1% UP:25% SPREAD:0.15706806% BID:0.191 ASK:0.1913 MID:0.19115 P1:0.19115 P2:0.19124999 P3:0.1913 P4:0.1913 STATE:IDLE
[2026-06-02 23:32:54Z] CHK MOM:0.02% RANGE:0.1% UP:33.33% SPREAD:0.10465724% BID:0.1911 ASK:0.1913 MID:0.19119999 P1:0.19119999 P2:0.19115 P3:0.19124999 P4:0.1913 STATE:IDLE
[2026-06-02 23:32:54Z] CHK MOM:0.02% RANGE:0.1% UP:33.33% SPREAD:0.10465724% BID:0.1911 ASK:0.1913 MID:0.19119999 P1:0.19119999 P2:0.19115 P3:0.19124999 P4:0.1913 STATE:IDLE
[2026-06-02 23:32:55Z] CHK MOM:0.02% RANGE:0.1% UP:33.33% SPREAD:0.10465724% BID:0.1911 ASK:0.1913 MID:0.19119999 P1:0.19119999 P2:0.19119999 P3:0.19115 P4:0.19124999 STATE:IDLE
[2026-06-02 23:32:55Z] CHK MOM:0.05% RANGE:0.1% UP:38.46% SPREAD:0.05230125% BID:0.1912 ASK:0.1913 MID:0.19125 P1:0.19125 P2:0.19119999 P3:0.19119999 P4:0.19115 STATE:IDLE
[2026-06-02 23:32:56Z] CHK MOM:0.05% RANGE:0.1% UP:38.46% SPREAD:0.05230125% BID:0.1912 ASK:0.1913 MID:0.19125 P1:0.19125 P2:0.19119999 P3:0.19119999 P4:0.19115 STATE:IDLE
[2026-06-02 23:32:57Z] CHK MOM:0.07% RANGE:0.1% UP:42.85% SPREAD:0.10460251% BID:0.1912 ASK:0.1914 MID:0.1913 P1:0.1913 P2:0.19125 P3:0.19119999 P4:0.19119999 STATE:IDLE
[2026-06-02 23:32:57Z] CHK MOM:0.07% RANGE:0.1% UP:42.85% SPREAD:0.10460251% BID:0.1912 ASK:0.1914 MID:0.1913 P1:0.1913 P2:0.19125 P3:0.19119999 P4:0.19119999 STATE:IDLE
[2026-06-02 23:32:58Z] CHK MOM:0.07% RANGE:0.1% UP:42.85% SPREAD:0.10460251% BID:0.1912 ASK:0.1914 MID:0.1913 P1:0.1913 P2:0.19125 P3:0.19119999 P4:0.19119999 STATE:IDLE
[2026-06-02 23:32:58Z] CHK MOM:0.07% RANGE:0.1% UP:42.85% SPREAD:0.10460251% BID:0.1912 ASK:0.1914 MID:0.1913 P1:0.1913 P2:0.19125 P3:0.19119999 P4:0.19119999 STATE:IDLE
[2026-06-02 23:32:59Z] CHK MOM:0.07% RANGE:0.1% UP:42.85% SPREAD:0.10460251% BID:0.1912 ASK:0.1914 MID:0.1913 P1:0.1913 P2:0.19125 P3:0.19119999 P4:0.19119999 STATE:IDLE
[2026-06-02 23:33:03Z] CHK MOM:0.05% RANGE:0.13% UP:57.14% SPREAD:0.10454783% BID:0.1913 ASK:0.1915 MID:0.1914 P1:0.1914 P2:0.1913 P3:0.19125 P4:0.19119999 STATE:IDLE
[2026-06-02 23:33:04Z] CHK MOM:0.07% RANGE:0.15% UP:62.5% SPREAD:0.15682174% BID:0.1913 ASK:0.1916 MID:0.19145 P1:0.19145 P2:0.1914 P3:0.1913 P4:0.19125 STATE:IDLE
[2026-06-02 23:33:04Z] CHK MOM:0.13% RANGE:0.2% UP:66.66% SPREAD:0.05221932% BID:0.1915 ASK:0.1916 MID:0.19155 P1:0.19155 P2:0.19145 P3:0.1914 P4:0.1913 STATE:IDLE
[2026-06-02 23:33:05Z] CHK MOM:0.18% RANGE:0.23% UP:77.77% SPREAD:0.10443864% BID:0.1915 ASK:0.1917 MID:0.1916 P1:0.1916 P2:0.19155 P3:0.19145 P4:0.1914 STATE:IDLE
[2026-06-02 23:33:05Z] CHK MOM:0.26% RANGE:0.26% UP:88.88% SPREAD:0.15665796% BID:0.1915 ASK:0.1918 MID:0.19165 P1:0.19165 P2:0.1916 P3:0.19155 P4:0.19145 STATE:IDLE
[2026-06-02 23:33:06Z] CHK MOM:0.28% RANGE:0.28% UP:88.88% SPREAD:0.1565762% BID:0.1916 ASK:0.1919 MID:0.19174999 P1:0.19174999 P2:0.19165 P3:0.1916 P4:0.19155 STATE:IDLE
[2026-06-02 23:33:06Z] CHK MOM:0.31% RANGE:0.31% UP:100% SPREAD:0.10432968% BID:0.1917 ASK:0.1919 MID:0.1918 P1:0.1918 P2:0.19174999 P3:0.19165 P4:0.1916 STATE:IDLE
[2026-06-02 23:33:07Z] CHK MOM:0.31% RANGE:0.31% UP:100% SPREAD:0.10432968% BID:0.1917 ASK:0.1919 MID:0.1918 P1:0.1918 P2:0.19174999 P3:0.19165 P4:0.1916 STATE:IDLE
[2026-06-02 23:33:07Z] CHK MOM:0.31% RANGE:0.31% UP:100% SPREAD:0.05213764% BID:0.1918 ASK:0.1919 MID:0.19185 P1:0.19185 P2:0.1918 P3:0.19174999 P4:0.19165 STATE:IDLE
[2026-06-02 23:33:08Z] CHK MOM:0.28% RANGE:0.28% UP:88.88% SPREAD:0.05213764% BID:0.1918 ASK:0.1919 MID:0.19185 P1:0.19185 P2:0.19185 P3:0.1918 P4:0.19174999 STATE:IDLE
[2026-06-02 23:33:09Z] CHK MOM:0.26% RANGE:0.26% UP:88.88% SPREAD:0.10427528% BID:0.1918 ASK:0.192 MID:0.1919 P1:0.1919 P2:0.19185 P3:0.19185 P4:0.1918 STATE:IDLE
[2026-06-02 23:33:09Z] CHK MOM:0.26% RANGE:0.26% UP:80% SPREAD:0.10427528% BID:0.1918 ASK:0.192 MID:0.1919 P1:0.1919 P2:0.1919 P3:0.19185 P4:0.19185 STATE:IDLE
[2026-06-02 23:33:10Z] CHK MOM:0.26% RANGE:0.26% UP:80% SPREAD:0.10427528% BID:0.1918 ASK:0.192 MID:0.1919 P1:0.1919 P2:0.1919 P3:0.19185 P4:0.19185 STATE:IDLE
[2026-06-02 23:33:10Z] CHK MOM:0.28% RANGE:0.28% UP:81.81% SPREAD:0.05211047% BID:0.1919 ASK:0.192 MID:0.19195 P1:0.19195 P2:0.1919 P3:0.1919 P4:0.19185 STATE:IDLE
[2026-06-02 23:33:11Z] CHK MOM:0.28% RANGE:0.28% UP:81.81% SPREAD:0.05211047% BID:0.1919 ASK:0.192 MID:0.19195 P1:0.19195 P2:0.1919 P3:0.1919 P4:0.19185 STATE:IDLE
[2026-06-02 23:33:11Z] CHK MOM:0.31% RANGE:0.31% UP:83.33% SPREAD:0.10422094% BID:0.1919 ASK:0.1921 MID:0.192 P1:0.192 P2:0.19195 P3:0.1919 P4:0.1919 STATE:IDLE
[2026-06-02 23:33:12Z] CHK MOM:0.31% RANGE:0.31% UP:83.33% SPREAD:0.10422094% BID:0.1919 ASK:0.1921 MID:0.192 P1:0.192 P2:0.19195 P3:0.1919 P4:0.1919 STATE:IDLE
[2026-06-02 23:33:12Z] CHK MOM:0.39% RANGE:0.39% UP:84.61% SPREAD:0.05205622% BID:0.1921 ASK:0.1922 MID:0.19215 P1:0.19215 P2:0.192 P3:0.19195 P4:0.1919 STATE:IDLE
[2026-06-02 23:33:13Z] CHK MOM:0.39% RANGE:0.39% UP:84.61% SPREAD:0.05205622% BID:0.1921 ASK:0.1922 MID:0.19215 P1:0.19215 P2:0.192 P3:0.19195 P4:0.1919 STATE:IDLE
[2026-06-02 23:33:13Z] CHK MOM:0.39% RANGE:0.39% UP:84.61% SPREAD:0.05205622% BID:0.1921 ASK:0.1922 MID:0.19215 P1:0.19215 P2:0.192 P3:0.19195 P4:0.1919 STATE:IDLE
[2026-06-02 23:33:14Z] CHK MOM:0.41% RANGE:0.41% UP:85.71% SPREAD:0.10411244% BID:0.1921 ASK:0.1923 MID:0.19219999 P1:0.19219999 P2:0.19215 P3:0.192 P4:0.19195 STATE:IDLE
[2026-06-02 23:33:15Z] CHK MOM:0.41% RANGE:0.41% UP:85.71% SPREAD:0.10411244% BID:0.1921 ASK:0.1923 MID:0.19219999 P1:0.19219999 P2:0.19215 P3:0.192 P4:0.19195 STATE:IDLE
[2026-06-02 23:33:15Z] CHK MOM:0.41% RANGE:0.41% UP:85.71% SPREAD:0.10411244% BID:0.1921 ASK:0.1923 MID:0.19219999 P1:0.19219999 P2:0.19215 P3:0.192 P4:0.19195 STATE:IDLE
[2026-06-02 23:33:16Z] CHK MOM:0.39% RANGE:0.39% UP:78.57% SPREAD:0.10411244% BID:0.1921 ASK:0.1923 MID:0.19219999 P1:0.19219999 P2:0.19219999 P3:0.19215 P4:0.192 STATE:IDLE
[2026-06-02 23:33:16Z] CHK MOM:0.36% RANGE:0.36% UP:78.57% SPREAD:0.05202913% BID:0.1922 ASK:0.1923 MID:0.19225 P1:0.19225 P2:0.19219999 P3:0.19219999 P4:0.19215 STATE:IDLE
[2026-06-02 23:33:17Z] CHK MOM:0.36% RANGE:0.36% UP:78.57% SPREAD:0.05202913% BID:0.1922 ASK:0.1923 MID:0.19225 P1:0.19225 P2:0.19219999 P3:0.19219999 P4:0.19215 STATE:IDLE
[2026-06-02 23:33:17Z] CHK MOM:0.36% RANGE:0.36% UP:78.57% SPREAD:0.05202913% BID:0.1922 ASK:0.1923 MID:0.19225 P1:0.19225 P2:0.19219999 P3:0.19219999 P4:0.19215 STATE:IDLE
[2026-06-02 23:33:18Z] CHK MOM:0.36% RANGE:0.36% UP:78.57% SPREAD:0.05202913% BID:0.1922 ASK:0.1923 MID:0.19225 P1:0.19225 P2:0.19219999 P3:0.19219999 P4:0.19215 STATE:IDLE
[2026-06-02 23:33:18Z] CHK MOM:0.36% RANGE:0.36% UP:78.57% SPREAD:0.05202913% BID:0.1922 ASK:0.1923 MID:0.19225 P1:0.19225 P2:0.19219999 P3:0.19219999 P4:0.19215 STATE:IDLE
[2026-06-02 23:33:19Z] CHK MOM:0.36% RANGE:0.36% UP:78.57% SPREAD:0.05202913% BID:0.1922 ASK:0.1923 MID:0.19225 P1:0.19225 P2:0.19219999 P3:0.19219999 P4:0.19215 STATE:IDLE
[2026-06-02 23:33:22Z] CHK MOM:0.18% RANGE:0.18% UP:71.42% SPREAD:0.05202913% BID:0.1922 ASK:0.1923 MID:0.19225 P1:0.19225 P2:0.19225 P3:0.19219999 P4:0.19219999 STATE:IDLE
[2026-06-02 23:33:22Z] CHK MOM:0.13% RANGE:0.13% UP:50% SPREAD:0.05202913% BID:0.1922 ASK:0.1923 MID:0.19225 P1:0.19225 P2:0.19225 P3:0.19225 P4:0.19219999 STATE:IDLE
[2026-06-02 23:33:23Z] CHK MOM:0.13% RANGE:0.13% UP:50% SPREAD:0.05202913% BID:0.1922 ASK:0.1923 MID:0.19225 P1:0.19225 P2:0.19225 P3:0.19225 P4:0.19219999 STATE:IDLE
[2026-06-02 23:33:23Z] CHK MOM:0.23% RANGE:0.23% UP:57.14% SPREAD:0.05197505% BID:0.1924 ASK:0.1925 MID:0.19245 P1:0.19245 P2:0.19225 P3:0.19225 P4:0.19225 STATE:IDLE
[2026-06-02 23:33:24Z] CHK MOM:0.15% RANGE:0.15% UP:42.85% SPREAD:0.05197505% BID:0.1924 ASK:0.1925 MID:0.19245 P1:0.19245 P2:0.19245 P3:0.19225 P4:0.19225 STATE:IDLE
[2026-06-02 23:33:24Z] CHK MOM:0.13% RANGE:0.13% UP:28.57% SPREAD:0.05197505% BID:0.1924 ASK:0.1925 MID:0.19245 P1:0.19245 P2:0.19245 P3:0.19245 P4:0.19225 STATE:IDLE
[2026-06-02 23:33:25Z] CHK MOM:0.13% RANGE:0.13% UP:28.57% SPREAD:0.05197505% BID:0.1924 ASK:0.1925 MID:0.19245 P1:0.19245 P2:0.19245 P3:0.19245 P4:0.19225 STATE:IDLE
[2026-06-02 23:33:25Z] CHK MOM:0.13% RANGE:0.13% UP:25% SPREAD:0.05197505% BID:0.1924 ASK:0.1925 MID:0.19245 P1:0.19245 P2:0.19245 P3:0.19245 P4:0.19245 STATE:IDLE
[2026-06-02 23:33:26Z] CHK MOM:0.13% RANGE:0.13% UP:25% SPREAD:0.05197505% BID:0.1924 ASK:0.1925 MID:0.19245 P1:0.19245 P2:0.19245 P3:0.19245 P4:0.19245 STATE:IDLE
[2026-06-02 23:33:26Z] CHK MOM:0.13% RANGE:0.13% UP:25% SPREAD:0.05197505% BID:0.1924 ASK:0.1925 MID:0.19245 P1:0.19245 P2:0.19245 P3:0.19245 P4:0.19245 STATE:IDLE
[2026-06-02 23:33:27Z] CHK MOM:0.13% RANGE:0.13% UP:22.22% SPREAD:0.05197505% BID:0.1924 ASK:0.1925 MID:0.19245 P1:0.19245 P2:0.19245 P3:0.19245 P4:0.19245 STATE:IDLE
[2026-06-02 23:33:28Z] CHK MOM:0.13% RANGE:0.13% UP:22.22% SPREAD:0.05197505% BID:0.1924 ASK:0.1925 MID:0.19245 P1:0.19245 P2:0.19245 P3:0.19245 P4:0.19245 STATE:IDLE
[2026-06-02 23:33:28Z] CHK MOM:0.13% RANGE:0.13% UP:22.22% SPREAD:0.05197505% BID:0.1924 ASK:0.1925 MID:0.19245 P1:0.19245 P2:0.19245 P3:0.19245 P4:0.19245 STATE:IDLE
[2026-06-02 23:33:29Z] CHK MOM:0.07% RANGE:0.1% UP:12.5% SPREAD:0.10400416% BID:0.1923 ASK:0.1925 MID:0.1924 P1:0.1924 P2:0.19245 P3:0.19245 P4:0.19245 STATE:IDLE
[2026-06-02 23:33:29Z] CHK MOM:0.07% RANGE:0.1% UP:12.5% SPREAD:0.10400416% BID:0.1923 ASK:0.1925 MID:0.1924 P1:0.1924 P2:0.19245 P3:0.19245 P4:0.19245 STATE:IDLE
[2026-06-02 23:33:30Z] CHK MOM:0.07% RANGE:0.1% UP:12.5% SPREAD:0.10400416% BID:0.1923 ASK:0.1925 MID:0.1924 P1:0.1924 P2:0.19245 P3:0.19245 P4:0.19245 STATE:IDLE
[2026-06-02 23:33:30Z] CHK MOM:0.1% RANGE:0.1% UP:22.22% SPREAD:0.05197505% BID:0.1924 ASK:0.1925 MID:0.19245 P1:0.19245 P2:0.1924 P3:0.19245 P4:0.19245 STATE:IDLE
[2026-06-02 23:33:31Z] CHK MOM:0.1% RANGE:0.1% UP:22.22% SPREAD:0.05197505% BID:0.1924 ASK:0.1925 MID:0.19245 P1:0.19245 P2:0.1924 P3:0.19245 P4:0.19245 STATE:IDLE
[2026-06-02 23:33:31Z] CHK MOM:0.1% RANGE:0.1% UP:20% SPREAD:0.05197505% BID:0.1924 ASK:0.1925 MID:0.19245 P1:0.19245 P2:0.19245 P3:0.1924 P4:0.19245 STATE:IDLE
[2026-06-02 23:33:32Z] CHK MOM:0.1% RANGE:0.1% UP:18.18% SPREAD:0.05197505% BID:0.1924 ASK:0.1925 MID:0.19245 P1:0.19245 P2:0.19245 P3:0.19245 P4:0.1924 STATE:IDLE
[2026-06-02 23:33:33Z] CHK MOM:0.07% RANGE:0.1% UP:16.66% SPREAD:0.10400416% BID:0.1923 ASK:0.1925 MID:0.1924 P1:0.1924 P2:0.19245 P3:0.19245 P4:0.19245 STATE:IDLE
[2026-06-02 23:33:33Z] CHK MOM:0.07% RANGE:0.1% UP:15.38% SPREAD:0.10400416% BID:0.1923 ASK:0.1925 MID:0.1924 P1:0.1924 P2:0.1924 P3:0.19245 P4:0.19245 STATE:IDLE
[2026-06-02 23:33:34Z] CHK MOM:0.07% RANGE:0.1% UP:15.38% SPREAD:0.10400416% BID:0.1923 ASK:0.1925 MID:0.1924 P1:0.1924 P2:0.1924 P3:0.19245 P4:0.19245 STATE:IDLE
[2026-06-02 23:33:34Z] CHK MOM:0.07% RANGE:0.1% UP:15.38% SPREAD:0.10400416% BID:0.1923 ASK:0.1925 MID:0.1924 P1:0.1924 P2:0.1924 P3:0.1924 P4:0.19245 STATE:IDLE
[2026-06-02 23:33:35Z] CHK MOM:0.07% RANGE:0.1% UP:15.38% SPREAD:0.10400416% BID:0.1923 ASK:0.1925 MID:0.1924 P1:0.1924 P2:0.1924 P3:0.1924 P4:0.19245 STATE:IDLE
[2026-06-02 23:33:35Z] CHK MOM:-0.05% RANGE:0.05% UP:8.33% SPREAD:0.1560874% BID:0.1922 ASK:0.1925 MID:0.19235 P1:0.19235 P2:0.1924 P3:0.1924 P4:0.1924 STATE:IDLE
[2026-06-02 23:33:36Z] CHK MOM:-0.1% RANGE:0.1% UP:7.69% SPREAD:0.05202913% BID:0.1922 ASK:0.1923 MID:0.19225 P1:0.19225 P2:0.19235 P3:0.1924 P4:0.1924 STATE:IDLE
[2026-06-02 23:33:36Z] CHK MOM:-0.05% RANGE:0.1% UP:16.66% SPREAD:0.05200208% BID:0.1923 ASK:0.1924 MID:0.19235 P1:0.19235 P2:0.19225 P3:0.19235 P4:0.1924 STATE:IDLE
[2026-06-02 23:33:37Z] CHK MOM:-0.05% RANGE:0.1% UP:15.38% SPREAD:0.05200208% BID:0.1923 ASK:0.1924 MID:0.19235 P1:0.19235 P2:0.19235 P3:0.19225 P4:0.19235 STATE:IDLE
[2026-06-02 23:33:37Z] CHK MOM:-0.1% RANGE:0.1% UP:14.28% SPREAD:0.05202913% BID:0.1922 ASK:0.1923 MID:0.19225 P1:0.19225 P2:0.19235 P3:0.19235 P4:0.19225 STATE:IDLE
[2026-06-02 23:33:38Z] CHK MOM:-0.1% RANGE:0.1% UP:14.28% SPREAD:0.05202913% BID:0.1922 ASK:0.1923 MID:0.19225 P1:0.19225 P2:0.19225 P3:0.19235 P4:0.19235 STATE:IDLE
[2026-06-02 23:33:39Z] CHK MOM:-0.1% RANGE:0.1% UP:14.28% SPREAD:0.05202913% BID:0.1922 ASK:0.1923 MID:0.19225 P1:0.19225 P2:0.19225 P3:0.19235 P4:0.19235 STATE:IDLE
[2026-06-02 23:33:39Z] CHK MOM:-0.07% RANGE:0.1% UP:15.38% SPREAD:0.05202913% BID:0.1922 ASK:0.1923 MID:0.19225 P1:0.19225 P2:0.19225 P3:0.19225 P4:0.19235 STATE:IDLE
[2026-06-02 23:33:40Z] CHK MOM:-0.02% RANGE:0.1% UP:21.42% SPREAD:0.05200208% BID:0.1923 ASK:0.1924 MID:0.19235 P1:0.19235 P2:0.19225 P3:0.19225 P4:0.19225 STATE:IDLE
[2026-06-02 23:33:40Z] CHK MOM:-0.02% RANGE:0.1% UP:20% SPREAD:0.05200208% BID:0.1923 ASK:0.1924 MID:0.19235 P1:0.19235 P2:0.19235 P3:0.19225 P4:0.19225 STATE:IDLE
[2026-06-02 23:33:41Z] CHK MOM:-0.02% RANGE:0.1% UP:20% SPREAD:0.05200208% BID:0.1923 ASK:0.1924 MID:0.19235 P1:0.19235 P2:0.19235 P3:0.19225 P4:0.19225 STATE:IDLE
[2026-06-02 23:33:41Z] CHK MOM:-0.05% RANGE:0.1% UP:13.33% SPREAD:0.05200208% BID:0.1923 ASK:0.1924 MID:0.19235 P1:0.19235 P2:0.19235 P3:0.19235 P4:0.19225 STATE:IDLE
[2026-06-02 23:33:42Z] CHK MOM:-0.05% RANGE:0.1% UP:12.5% SPREAD:0.05200208% BID:0.1923 ASK:0.1924 MID:0.19235 P1:0.19235 P2:0.19235 P3:0.19235 P4:0.19235 STATE:IDLE
[2026-06-02 23:33:42Z] CHK MOM:-0.05% RANGE:0.1% UP:12.5% SPREAD:0.05200208% BID:0.1923 ASK:0.1924 MID:0.19235 P1:0.19235 P2:0.19235 P3:0.19235 P4:0.19235 STATE:IDLE
[2026-06-02 23:33:43Z] CHK MOM:-0.05% RANGE:0.1% UP:11.76% SPREAD:0.05200208% BID:0.1923 ASK:0.1924 MID:0.19235 P1:0.19235 P2:0.19235 P3:0.19235 P4:0.19235 STATE:IDLE
[2026-06-02 23:33:44Z] CHK MOM:-0.05% RANGE:0.1% UP:11.76% SPREAD:0.05200208% BID:0.1923 ASK:0.1924 MID:0.19235 P1:0.19235 P2:0.19235 P3:0.19235 P4:0.19235 STATE:IDLE
[2026-06-02 23:33:44Z] CHK MOM:-0.05% RANGE:0.07% UP:11.76% SPREAD:0.10405827% BID:0.1922 ASK:0.1924 MID:0.1923 P1:0.1923 P2:0.19235 P3:0.19235 P4:0.19235 STATE:IDLE
[2026-06-02 23:33:45Z] CHK MOM:-0.05% RANGE:0.07% UP:12.5% SPREAD:0.10405827% BID:0.1922 ASK:0.1924 MID:0.1923 P1:0.1923 P2:0.1923 P3:0.19235 P4:0.19235 STATE:IDLE
[2026-06-02 23:33:45Z] CHK MOM:-0.05% RANGE:0.07% UP:12.5% SPREAD:0.10405827% BID:0.1922 ASK:0.1924 MID:0.1923 P1:0.1923 P2:0.1923 P3:0.19235 P4:0.19235 STATE:IDLE
[2026-06-02 23:33:46Z] CHK MOM:-0.07% RANGE:0.07% UP:11.76% SPREAD:0.05202913% BID:0.1922 ASK:0.1923 MID:0.19225 P1:0.19225 P2:0.1923 P3:0.1923 P4:0.19235 STATE:IDLE
[2026-06-02 23:33:46Z] CHK MOM:-0.02% RANGE:0.05% UP:17.64% SPREAD:0.10405827% BID:0.1922 ASK:0.1924 MID:0.1923 P1:0.1923 P2:0.19225 P3:0.1923 P4:0.1923 STATE:IDLE
[2026-06-02 23:33:47Z] CHK MOM:-0.02% RANGE:0.05% UP:16.66% SPREAD:0.10405827% BID:0.1922 ASK:0.1924 MID:0.1923 P1:0.1923 P2:0.1923 P3:0.19225 P4:0.1923 STATE:IDLE
[2026-06-02 23:33:47Z] CHK MOM:0% RANGE:0.05% UP:21.05% SPREAD:0.05200208% BID:0.1923 ASK:0.1924 MID:0.19235 P1:0.19235 P2:0.1923 P3:0.1923 P4:0.19225 STATE:IDLE
[2026-06-02 23:33:48Z] CHK MOM:0% RANGE:0.05% UP:16.66% SPREAD:0.05200208% BID:0.1923 ASK:0.1924 MID:0.19235 P1:0.19235 P2:0.19235 P3:0.1923 P4:0.1923 STATE:IDLE
[2026-06-02 23:33:48Z] CHK MOM:0% RANGE:0.05% UP:15.78% SPREAD:0.05200208% BID:0.1923 ASK:0.1924 MID:0.19235 P1:0.19235 P2:0.19235 P3:0.19235 P4:0.1923 STATE:IDLE
[2026-06-02 23:33:49Z] CHK MOM:0% RANGE:0.05% UP:15.78% SPREAD:0.05200208% BID:0.1923 ASK:0.1924 MID:0.19235 P1:0.19235 P2:0.19235 P3:0.19235 P4:0.1923 STATE:IDLE
[2026-06-02 23:33:50Z] CHK MOM:0.02% RANGE:0.05% UP:18.75% SPREAD:0.10405827% BID:0.1922 ASK:0.1924 MID:0.1923 P1:0.1923 P2:0.19235 P3:0.19235 P4:0.19235 STATE:IDLE
[2026-06-02 23:33:50Z] CHK MOM:0.05% RANGE:0.05% UP:23.52% SPREAD:0.05200208% BID:0.1923 ASK:0.1924 MID:0.19235 P1:0.19235 P2:0.1923 P3:0.19235 P4:0.19235 STATE:IDLE
[2026-06-02 23:33:51Z] CHK MOM:0.05% RANGE:0.05% UP:23.52% SPREAD:0.05200208% BID:0.1923 ASK:0.1924 MID:0.19235 P1:0.19235 P2:0.1923 P3:0.19235 P4:0.19235 STATE:IDLE
[2026-06-02 23:33:51Z] CHK MOM:0.05% RANGE:0.05% UP:23.52% SPREAD:0.05200208% BID:0.1923 ASK:0.1924 MID:0.19235 P1:0.19235 P2:0.1923 P3:0.19235 P4:0.19235 STATE:IDLE
[2026-06-02 23:33:52Z] CHK MOM:0.05% RANGE:0.05% UP:23.52% SPREAD:0.05200208% BID:0.1923 ASK:0.1924 MID:0.19235 P1:0.19235 P2:0.1923 P3:0.19235 P4:0.19235 STATE:IDLE
[2026-06-02 23:33:52Z] CHK MOM:0.05% RANGE:0.1% UP:25% SPREAD:0.05197505% BID:0.1924 ASK:0.1925 MID:0.19245 P1:0.19245 P2:0.19235 P3:0.1923 P4:0.19235 STATE:IDLE
[2026-06-02 23:33:53Z] CHK MOM:0.1% RANGE:0.15% UP:31.25% SPREAD:0.05194805% BID:0.1925 ASK:0.1926 MID:0.19255 P1:0.19255 P2:0.19245 P3:0.19235 P4:0.1923 STATE:IDLE
[2026-06-02 23:33:53Z] CHK MOM:0.1% RANGE:0.15% UP:31.25% SPREAD:0.05194805% BID:0.1925 ASK:0.1926 MID:0.19255 P1:0.19255 P2:0.19255 P3:0.19245 P4:0.19235 STATE:IDLE
[2026-06-02 23:33:54Z] CHK MOM:0.15% RANGE:0.2% UP:35.29% SPREAD:0.05192107% BID:0.1926 ASK:0.1927 MID:0.19265 P1:0.19265 P2:0.19255 P3:0.19255 P4:0.19245 STATE:IDLE
[2026-06-02 23:33:55Z] CHK MOM:0.12% RANGE:0.2% UP:35.29% SPREAD:0.1038961% BID:0.1925 ASK:0.1927 MID:0.1926 P1:0.1926 P2:0.19265 P3:0.19255 P4:0.19255 STATE:IDLE
[2026-06-02 23:33:55Z] CHK MOM:0.15% RANGE:0.2% UP:43.75% SPREAD:0.05192107% BID:0.1926 ASK:0.1927 MID:0.19265 P1:0.19265 P2:0.1926 P3:0.19265 P4:0.19255 STATE:IDLE
[2026-06-02 23:33:56Z] CHK MOM:0.18% RANGE:0.2% UP:43.75% SPREAD:0.05192107% BID:0.1926 ASK:0.1927 MID:0.19265 P1:0.19265 P2:0.19265 P3:0.1926 P4:0.19265 STATE:IDLE
[2026-06-02 23:33:56Z] CHK MOM:0.18% RANGE:0.2% UP:41.17% SPREAD:0.05192107% BID:0.1926 ASK:0.1927 MID:0.19265 P1:0.19265 P2:0.19265 P3:0.19265 P4:0.1926 STATE:IDLE
[2026-06-02 23:33:57Z] CHK MOM:0.23% RANGE:0.26% UP:47.05% SPREAD:0.05189413% BID:0.1927 ASK:0.1928 MID:0.19275 P1:0.19275 P2:0.19265 P3:0.19265 P4:0.19265 STATE:IDLE
[2026-06-02 23:33:57Z] CHK MOM:0.26% RANGE:0.26% UP:47.05% SPREAD:0.05189413% BID:0.1927 ASK:0.1928 MID:0.19275 P1:0.19275 P2:0.19275 P3:0.19265 P4:0.19265 STATE:IDLE
[2026-06-02 23:33:58Z] CHK MOM:0.26% RANGE:0.26% UP:44.44% SPREAD:0.05189413% BID:0.1927 ASK:0.1928 MID:0.19275 P1:0.19275 P2:0.19275 P3:0.19275 P4:0.19265 STATE:IDLE
[2026-06-02 23:33:58Z] CHK MOM:0.18% RANGE:0.23% UP:38.88% SPREAD:0.05192107% BID:0.1926 ASK:0.1927 MID:0.19265 P1:0.19265 P2:0.19275 P3:0.19275 P4:0.19275 STATE:IDLE
[2026-06-02 23:33:59Z] CHK MOM:0.13% RANGE:0.23% UP:38.88% SPREAD:0.05194805% BID:0.1925 ASK:0.1926 MID:0.19255 P1:0.19255 P2:0.19265 P3:0.19275 P4:0.19275 STATE:IDLE
[2026-06-02 23:33:59Z] CHK MOM:0.1% RANGE:0.23% UP:33.33% SPREAD:0.05194805% BID:0.1925 ASK:0.1926 MID:0.19255 P1:0.19255 P2:0.19255 P3:0.19265 P4:0.19275 STATE:IDLE
[2026-06-02 23:34:00Z] CHK MOM:0.12% RANGE:0.23% UP:38.88% SPREAD:0.1038961% BID:0.1925 ASK:0.1927 MID:0.1926 P1:0.1926 P2:0.19255 P3:0.19255 P4:0.19265 STATE:IDLE
[2026-06-02 23:34:01Z] CHK MOM:0.13% RANGE:0.23% UP:41.17% SPREAD:0.05194805% BID:0.1925 ASK:0.1926 MID:0.19255 P1:0.19255 P2:0.1926 P3:0.19255 P4:0.19255 STATE:IDLE
[2026-06-02 23:34:01Z] CHK MOM:0.13% RANGE:0.23% UP:41.17% SPREAD:0.05194805% BID:0.1925 ASK:0.1926 MID:0.19255 P1:0.19255 P2:0.1926 P3:0.19255 P4:0.19255 STATE:IDLE
[2026-06-02 23:34:02Z] CHK MOM:0.13% RANGE:0.23% UP:41.17% SPREAD:0.05194805% BID:0.1925 ASK:0.1926 MID:0.19255 P1:0.19255 P2:0.1926 P3:0.19255 P4:0.19255 STATE:IDLE
[2026-06-02 23:34:02Z] CHK MOM:0.07% RANGE:0.15% UP:37.5% SPREAD:0.1038961% BID:0.1925 ASK:0.1927 MID:0.1926 P1:0.1926 P2:0.19255 P3:0.1926 P4:0.19255 STATE:IDLE
[2026-06-02 23:34:03Z] CHK MOM:0.05% RANGE:0.15% UP:35.29% SPREAD:0.05194805% BID:0.1925 ASK:0.1926 MID:0.19255 P1:0.19255 P2:0.1926 P3:0.19255 P4:0.1926 STATE:IDLE
[2026-06-02 23:34:03Z] CHK MOM:0.05% RANGE:0.15% UP:33.33% SPREAD:0.05194805% BID:0.1925 ASK:0.1926 MID:0.19255 P1:0.19255 P2:0.19255 P3:0.1926 P4:0.19255 STATE:IDLE
[2026-06-02 23:34:04Z] CHK MOM:0.07% RANGE:0.15% UP:36.84% SPREAD:0.1038961% BID:0.1925 ASK:0.1927 MID:0.1926 P1:0.1926 P2:0.19255 P3:0.19255 P4:0.1926 STATE:IDLE
[2026-06-02 23:34:04Z] CHK MOM:0.05% RANGE:0.1% UP:36.84% SPREAD:0.05192107% BID:0.1926 ASK:0.1927 MID:0.19265 P1:0.19265 P2:0.1926 P3:0.19255 P4:0.19255 STATE:IDLE
[2026-06-02 23:34:05Z] CHK MOM:0.18% RANGE:0.18% UP:40% SPREAD:0.10373443% BID:0.1928 ASK:0.193 MID:0.1929 P1:0.1929 P2:0.19265 P3:0.1926 P4:0.19255 STATE:IDLE
[2026-06-02 23:34:06Z] CHK MOM:0.18% RANGE:0.18% UP:40% SPREAD:0.10373443% BID:0.1928 ASK:0.193 MID:0.1929 P1:0.1929 P2:0.1929 P3:0.19265 P4:0.1926 STATE:IDLE
[2026-06-02 23:34:06Z] CHK MOM:0.12% RANGE:0.18% UP:33.33% SPREAD:0.10373443% BID:0.1928 ASK:0.193 MID:0.1929 P1:0.1929 P2:0.1929 P3:0.1929 P4:0.19265 STATE:IDLE
[2026-06-02 23:34:07Z] CHK MOM:0.12% RANGE:0.18% UP:31.57% SPREAD:0.10373443% BID:0.1928 ASK:0.193 MID:0.1929 P1:0.1929 P2:0.1929 P3:0.1929 P4:0.1929 STATE:IDLE
[2026-06-02 23:34:07Z] CHK MOM:0.12% RANGE:0.18% UP:31.57% SPREAD:0.10373443% BID:0.1928 ASK:0.193 MID:0.1929 P1:0.1929 P2:0.1929 P3:0.1929 P4:0.1929 STATE:IDLE
[2026-06-02 23:34:08Z] CHK MOM:0.12% RANGE:0.18% UP:33.33% SPREAD:0.10373443% BID:0.1928 ASK:0.193 MID:0.1929 P1:0.1929 P2:0.1929 P3:0.1929 P4:0.1929 STATE:IDLE
[2026-06-02 23:34:08Z] CHK MOM:0.12% RANGE:0.18% UP:33.33% SPREAD:0.10373443% BID:0.1928 ASK:0.193 MID:0.1929 P1:0.1929 P2:0.1929 P3:0.1929 P4:0.1929 STATE:IDLE
[2026-06-02 23:34:09Z] CHK MOM:0.12% RANGE:0.18% UP:33.33% SPREAD:0.10373443% BID:0.1928 ASK:0.193 MID:0.1929 P1:0.1929 P2:0.1929 P3:0.1929 P4:0.1929 STATE:IDLE
[2026-06-02 23:34:09Z] CHK MOM:0.12% RANGE:0.18% UP:33.33% SPREAD:0.10373443% BID:0.1928 ASK:0.193 MID:0.1929 P1:0.1929 P2:0.1929 P3:0.1929 P4:0.1929 STATE:IDLE
[2026-06-02 23:34:10Z] CHK MOM:0.07% RANGE:0.18% UP:31.25% SPREAD:0.10373443% BID:0.1928 ASK:0.193 MID:0.1929 P1:0.1929 P2:0.1929 P3:0.1929 P4:0.1929 STATE:IDLE
[2026-06-02 23:34:10Z] CHK MOM:0.07% RANGE:0.18% UP:31.25% SPREAD:0.10373443% BID:0.1928 ASK:0.193 MID:0.1929 P1:0.1929 P2:0.1929 P3:0.1929 P4:0.1929 STATE:IDLE
[2026-06-02 23:34:11Z] CHK MOM:0.07% RANGE:0.18% UP:31.25% SPREAD:0.10373443% BID:0.1928 ASK:0.193 MID:0.1929 P1:0.1929 P2:0.1929 P3:0.1929 P4:0.1929 STATE:IDLE
[2026-06-02 23:34:12Z] CHK MOM:0.15% RANGE:0.18% UP:33.33% SPREAD:0.1556824% BID:0.1927 ASK:0.193 MID:0.19285 P1:0.19285 P2:0.1929 P3:0.1929 P4:0.1929 STATE:IDLE
[2026-06-02 23:34:12Z] CHK MOM:0.15% RANGE:0.18% UP:30.76% SPREAD:0.1556824% BID:0.1927 ASK:0.193 MID:0.19285 P1:0.19285 P2:0.19285 P3:0.1929 P4:0.1929 STATE:IDLE
[2026-06-02 23:34:13Z] CHK MOM:0.18% RANGE:0.18% UP:35.71% SPREAD:0.10373443% BID:0.1928 ASK:0.193 MID:0.1929 P1:0.1929 P2:0.19285 P3:0.19285 P4:0.1929 STATE:IDLE
[2026-06-02 23:34:13Z] CHK MOM:0.18% RANGE:0.18% UP:35.71% SPREAD:0.10373443% BID:0.1928 ASK:0.193 MID:0.1929 P1:0.1929 P2:0.19285 P3:0.19285 P4:0.1929 STATE:IDLE
[2026-06-02 23:34:14Z] CHK MOM:0.15% RANGE:0.18% UP:28.57% SPREAD:0.10373443% BID:0.1928 ASK:0.193 MID:0.1929 P1:0.1929 P2:0.1929 P3:0.19285 P4:0.19285 STATE:IDLE
[2026-06-02 23:34:14Z] CHK MOM:0.2% RANGE:0.2% UP:35.71% SPREAD:0.15560165% BID:0.1928 ASK:0.1931 MID:0.19295 P1:0.19295 P2:0.1929 P3:0.1929 P4:0.19285 STATE:IDLE
[2026-06-02 23:34:15Z] CHK MOM:0.23% RANGE:0.23% UP:40% SPREAD:0.10368066% BID:0.1929 ASK:0.1931 MID:0.193 P1:0.193 P2:0.19295 P3:0.1929 P4:0.1929 STATE:IDLE
[2026-06-02 23:34:15Z] CHK MOM:0.23% RANGE:0.23% UP:40% SPREAD:0.10368066% BID:0.1929 ASK:0.1931 MID:0.193 P1:0.193 P2:0.19295 P3:0.1929 P4:0.1929 STATE:IDLE
[2026-06-02 23:34:16Z] CHK MOM:0.18% RANGE:0.18% UP:30.76% SPREAD:0.10368066% BID:0.1929 ASK:0.1931 MID:0.193 P1:0.193 P2:0.193 P3:0.19295 P4:0.1929 STATE:IDLE
[2026-06-02 23:34:17Z] CHK MOM:0.05% RANGE:0.07% UP:23.07% SPREAD:0.10368066% BID:0.1929 ASK:0.1931 MID:0.193 P1:0.193 P2:0.193 P3:0.193 P4:0.19295 STATE:IDLE
[2026-06-02 23:34:17Z] CHK MOM:0.05% RANGE:0.07% UP:23.07% SPREAD:0.10368066% BID:0.1929 ASK:0.1931 MID:0.193 P1:0.193 P2:0.193 P3:0.193 P4:0.19295 STATE:IDLE
[2026-06-02 23:34:18Z] CHK MOM:0.05% RANGE:0.07% UP:23.07% SPREAD:0.10368066% BID:0.1929 ASK:0.1931 MID:0.193 P1:0.193 P2:0.193 P3:0.193 P4:0.19295 STATE:IDLE
[2026-06-02 23:34:18Z] CHK MOM:0.02% RANGE:0.07% UP:27.27% SPREAD:0.15560165% BID:0.1928 ASK:0.1931 MID:0.19295 P1:0.19295 P2:0.193 P3:0.193 P4:0.193 STATE:IDLE
[2026-06-02 23:34:19Z] CHK MOM:-0.05% RANGE:0.1% UP:25% SPREAD:0.10378827% BID:0.1927 ASK:0.1929 MID:0.1928 P1:0.1928 P2:0.19295 P3:0.193 P4:0.193 STATE:IDLE
[2026-06-02 23:34:19Z] CHK MOM:-0.05% RANGE:0.1% UP:25% SPREAD:0.10378827% BID:0.1927 ASK:0.1929 MID:0.1928 P1:0.1928 P2:0.1928 P3:0.19295 P4:0.193 STATE:IDLE
[2026-06-02 23:34:20Z] CHK MOM:-0.05% RANGE:0.1% UP:25% SPREAD:0.10378827% BID:0.1927 ASK:0.1929 MID:0.1928 P1:0.1928 P2:0.1928 P3:0.19295 P4:0.193 STATE:IDLE
[2026-06-02 23:34:20Z] CHK MOM:-0.05% RANGE:0.1% UP:25% SPREAD:0.10378827% BID:0.1927 ASK:0.1929 MID:0.1928 P1:0.1928 P2:0.1928 P3:0.19295 P4:0.193 STATE:IDLE
[2026-06-02 23:34:21Z] CHK MOM:-0.05% RANGE:0.1% UP:25% SPREAD:0.10378827% BID:0.1927 ASK:0.1929 MID:0.1928 P1:0.1928 P2:0.1928 P3:0.19295 P4:0.193 STATE:IDLE
[2026-06-02 23:34:22Z] CHK MOM:-0.05% RANGE:0.1% UP:25% SPREAD:0.10378827% BID:0.1927 ASK:0.1929 MID:0.1928 P1:0.1928 P2:0.1928 P3:0.19295 P4:0.193 STATE:IDLE
[2026-06-02 23:34:22Z] CHK MOM:-0.02% RANGE:0.1% UP:27.27% SPREAD:0.10378827% BID:0.1927 ASK:0.1929 MID:0.1928 P1:0.1928 P2:0.1928 P3:0.1928 P4:0.19295 STATE:IDLE
[2026-06-02 23:34:23Z] CHK MOM:-0.02% RANGE:0.1% UP:27.27% SPREAD:0.10378827% BID:0.1927 ASK:0.1929 MID:0.1928 P1:0.1928 P2:0.1928 P3:0.1928 P4:0.19295 STATE:IDLE
[2026-06-02 23:34:23Z] CHK MOM:-0.02% RANGE:0.1% UP:27.27% SPREAD:0.10378827% BID:0.1927 ASK:0.1929 MID:0.1928 P1:0.1928 P2:0.1928 P3:0.1928 P4:0.19295 STATE:IDLE
[2026-06-02 23:34:24Z] CHK MOM:0% RANGE:0.1% UP:33.33% SPREAD:0.05186721% BID:0.1928 ASK:0.1929 MID:0.19285 P1:0.19285 P2:0.1928 P3:0.1928 P4:0.1928 STATE:IDLE
[2026-06-02 23:34:24Z] CHK MOM:0% RANGE:0.1% UP:33.33% SPREAD:0.05186721% BID:0.1928 ASK:0.1929 MID:0.19285 P1:0.19285 P2:0.1928 P3:0.1928 P4:0.1928 STATE:IDLE
[2026-06-02 23:34:25Z] CHK MOM:-0.05% RANGE:0.1% UP:30% SPREAD:0.10378827% BID:0.1927 ASK:0.1929 MID:0.1928 P1:0.1928 P2:0.19285 P3:0.1928 P4:0.1928 STATE:IDLE
[2026-06-02 23:34:25Z] CHK MOM:-0.05% RANGE:0.1% UP:30% SPREAD:0.10378827% BID:0.1927 ASK:0.1929 MID:0.1928 P1:0.1928 P2:0.19285 P3:0.1928 P4:0.1928 STATE:IDLE
[2026-06-02 23:34:26Z] CHK MOM:-0.05% RANGE:0.1% UP:30% SPREAD:0.10378827% BID:0.1927 ASK:0.1929 MID:0.1928 P1:0.1928 P2:0.19285 P3:0.1928 P4:0.1928 STATE:IDLE
[2026-06-02 23:34:26Z] CHK MOM:-0.1% RANGE:0.12% UP:20% SPREAD:0.05189413% BID:0.1927 ASK:0.1928 MID:0.19275 P1:0.19275 P2:0.1928 P3:0.19285 P4:0.1928 STATE:IDLE
[2026-06-02 23:34:27Z] CHK MOM:-0.1% RANGE:0.12% UP:20% SPREAD:0.10378827% BID:0.1927 ASK:0.1929 MID:0.1928 P1:0.1928 P2:0.19275 P3:0.1928 P4:0.19285 STATE:IDLE
[2026-06-02 23:34:28Z] CHK MOM:-0.1% RANGE:0.12% UP:20% SPREAD:0.10378827% BID:0.1927 ASK:0.1929 MID:0.1928 P1:0.1928 P2:0.19275 P3:0.1928 P4:0.19285 STATE:IDLE
[2026-06-02 23:34:28Z] CHK MOM:-0.1% RANGE:0.12% UP:20% SPREAD:0.10378827% BID:0.1927 ASK:0.1929 MID:0.1928 P1:0.1928 P2:0.19275 P3:0.1928 P4:0.19285 STATE:IDLE
[2026-06-02 23:34:29Z] CHK MOM:-0.1% RANGE:0.12% UP:20% SPREAD:0.10378827% BID:0.1927 ASK:0.1929 MID:0.1928 P1:0.1928 P2:0.19275 P3:0.1928 P4:0.19285 STATE:IDLE
[2026-06-02 23:34:29Z] CHK MOM:-0.1% RANGE:0.12% UP:20% SPREAD:0.10378827% BID:0.1927 ASK:0.1929 MID:0.1928 P1:0.1928 P2:0.19275 P3:0.1928 P4:0.19285 STATE:IDLE
[2026-06-02 23:34:32Z] CHK MOM:0% RANGE:0.05% UP:40% SPREAD:0.10378827% BID:0.1927 ASK:0.1929 MID:0.1928 P1:0.1928 P2:0.1928 P3:0.19275 P4:0.1928 STATE:IDLE
[2026-06-02 23:34:33Z] CHK MOM:0% RANGE:0.05% UP:40% SPREAD:0.10378827% BID:0.1927 ASK:0.1929 MID:0.1928 P1:0.1928 P2:0.1928 P3:0.19275 P4:0.1928 STATE:IDLE
[2026-06-02 23:34:33Z] CHK MOM:-0.02% RANGE:0.05% UP:33.33% SPREAD:0.15576323% BID:0.1926 ASK:0.1929 MID:0.19274999 P1:0.19274999 P2:0.1928 P3:0.1928 P4:0.19275 STATE:IDLE
[2026-06-02 23:34:34Z] CHK MOM:0% RANGE:0.05% UP:42.85% SPREAD:0.10378827% BID:0.1927 ASK:0.1929 MID:0.1928 P1:0.1928 P2:0.19274999 P3:0.1928 P4:0.1928 STATE:IDLE
[2026-06-02 23:34:34Z] CHK MOM:0% RANGE:0.05% UP:42.85% SPREAD:0.10378827% BID:0.1927 ASK:0.1929 MID:0.1928 P1:0.1928 P2:0.19274999 P3:0.1928 P4:0.1928 STATE:IDLE
[2026-06-02 23:34:35Z] CHK MOM:-0.02% RANGE:0.05% UP:28.57% SPREAD:0.10378827% BID:0.1927 ASK:0.1929 MID:0.1928 P1:0.1928 P2:0.1928 P3:0.19274999 P4:0.1928 STATE:IDLE
[2026-06-02 23:34:35Z] CHK MOM:-0.05% RANGE:0.05% UP:25% SPREAD:0.15576323% BID:0.1926 ASK:0.1929 MID:0.19274999 P1:0.19274999 P2:0.1928 P3:0.1928 P4:0.19274999 STATE:IDLE
[2026-06-02 23:34:36Z] CHK MOM:-0.05% RANGE:0.05% UP:25% SPREAD:0.15576323% BID:0.1926 ASK:0.1929 MID:0.19274999 P1:0.19274999 P2:0.1928 P3:0.1928 P4:0.19274999 STATE:IDLE
[2026-06-02 23:34:36Z] CHK MOM:0% RANGE:0.02% UP:37.5% SPREAD:0.10378827% BID:0.1927 ASK:0.1929 MID:0.1928 P1:0.1928 P2:0.19274999 P3:0.1928 P4:0.1928 STATE:IDLE
[2026-06-02 23:34:37Z] CHK MOM:0% RANGE:0.02% UP:37.5% SPREAD:0.10378827% BID:0.1927 ASK:0.1929 MID:0.1928 P1:0.1928 P2:0.19274999 P3:0.1928 P4:0.1928 STATE:IDLE
[2026-06-02 23:34:37Z] CHK MOM:0% RANGE:0.02% UP:37.5% SPREAD:0.10378827% BID:0.1927 ASK:0.1929 MID:0.1928 P1:0.1928 P2:0.19274999 P3:0.1928 P4:0.1928 STATE:IDLE
[2026-06-02 23:34:38Z] CHK MOM:0% RANGE:0.02% UP:37.5% SPREAD:0.10378827% BID:0.1927 ASK:0.1929 MID:0.1928 P1:0.1928 P2:0.19274999 P3:0.1928 P4:0.1928 STATE:IDLE
[2026-06-02 23:34:39Z] CHK MOM:0% RANGE:0.02% UP:37.5% SPREAD:0.10378827% BID:0.1927 ASK:0.1929 MID:0.1928 P1:0.1928 P2:0.19274999 P3:0.1928 P4:0.1928 STATE:IDLE
[2026-06-02 23:34:40Z] CHK MOM:0.02% RANGE:0.05% UP:50% SPREAD:0.05186721% BID:0.1928 ASK:0.1929 MID:0.19285 P1:0.19285 P2:0.1928 P3:0.19274999 P4:0.1928 STATE:IDLE
[2026-06-02 23:34:40Z] CHK MOM:0% RANGE:0.05% UP:42.85% SPREAD:0.10378827% BID:0.1927 ASK:0.1929 MID:0.1928 P1:0.1928 P2:0.19285 P3:0.1928 P4:0.19274999 STATE:IDLE
[2026-06-02 23:34:41Z] CHK MOM:0% RANGE:0.05% UP:42.85% SPREAD:0.10378827% BID:0.1927 ASK:0.1929 MID:0.1928 P1:0.1928 P2:0.19285 P3:0.1928 P4:0.19274999 STATE:IDLE
[2026-06-02 23:34:41Z] CHK MOM:0% RANGE:0.05% UP:42.85% SPREAD:0.10378827% BID:0.1927 ASK:0.1929 MID:0.1928 P1:0.1928 P2:0.19285 P3:0.1928 P4:0.19274999 STATE:IDLE
[2026-06-02 23:34:42Z] CHK MOM:0% RANGE:0.05% UP:42.85% SPREAD:0.10378827% BID:0.1927 ASK:0.1929 MID:0.1928 P1:0.1928 P2:0.19285 P3:0.1928 P4:0.19274999 STATE:IDLE
[2026-06-02 23:34:42Z] CHK MOM:0% RANGE:0.05% UP:42.85% SPREAD:0.10378827% BID:0.1927 ASK:0.1929 MID:0.1928 P1:0.1928 P2:0.19285 P3:0.1928 P4:0.19274999 STATE:IDLE
[2026-06-02 23:34:43Z] CHK MOM:0% RANGE:0.05% UP:42.85% SPREAD:0.10378827% BID:0.1927 ASK:0.1929 MID:0.1928 P1:0.1928 P2:0.19285 P3:0.1928 P4:0.19274999 STATE:IDLE
[2026-06-02 23:34:43Z] CHK MOM:0% RANGE:0.05% UP:37.5% SPREAD:0.10378827% BID:0.1927 ASK:0.1929 MID:0.1928 P1:0.1928 P2:0.1928 P3:0.19285 P4:0.1928 STATE:IDLE
[2026-06-02 23:34:44Z] CHK MOM:0% RANGE:0.05% UP:37.5% SPREAD:0.10378827% BID:0.1927 ASK:0.1929 MID:0.1928 P1:0.1928 P2:0.1928 P3:0.19285 P4:0.1928 STATE:IDLE
[2026-06-02 23:34:44Z] CHK MOM:0% RANGE:0.05% UP:37.5% SPREAD:0.10378827% BID:0.1927 ASK:0.1929 MID:0.1928 P1:0.1928 P2:0.1928 P3:0.19285 P4:0.1928 STATE:IDLE
[2026-06-02 23:34:45Z] CHK MOM:0% RANGE:0.05% UP:37.5% SPREAD:0.10378827% BID:0.1927 ASK:0.1929 MID:0.1928 P1:0.1928 P2:0.1928 P3:0.19285 P4:0.1928 STATE:IDLE
[2026-06-02 23:34:45Z] CHK MOM:0% RANGE:0.05% UP:37.5% SPREAD:0.10378827% BID:0.1927 ASK:0.1929 MID:0.1928 P1:0.1928 P2:0.1928 P3:0.19285 P4:0.1928 STATE:IDLE
[2026-06-02 23:34:46Z] CHK MOM:-0.05% RANGE:0.07% UP:33.33% SPREAD:0.10384215% BID:0.1926 ASK:0.1928 MID:0.19269999 P1:0.19269999 P2:0.1928 P3:0.1928 P4:0.19285 STATE:IDLE
[2026-06-02 23:34:46Z] CHK MOM:-0.05% RANGE:0.07% UP:28.57% SPREAD:0.10384215% BID:0.1926 ASK:0.1928 MID:0.19269999 P1:0.19269999 P2:0.19269999 P3:0.1928 P4:0.1928 STATE:IDLE
[2026-06-02 23:34:47Z] CHK MOM:-0.07% RANGE:0.1% UP:16.66% SPREAD:0.15584415% BID:0.1925 ASK:0.1928 MID:0.19265 P1:0.19265 P2:0.19269999 P3:0.19269999 P4:0.1928 STATE:IDLE
[2026-06-02 23:34:47Z] CHK MOM:-0.05% RANGE:0.1% UP:28.57% SPREAD:0.10384215% BID:0.1926 ASK:0.1928 MID:0.19269999 P1:0.19269999 P2:0.19265 P3:0.19269999 P4:0.19269999 STATE:IDLE
[2026-06-02 23:34:48Z] CHK MOM:-0.07% RANGE:0.1% UP:14.28% SPREAD:0.10384215% BID:0.1926 ASK:0.1928 MID:0.19269999 P1:0.19269999 P2:0.19269999 P3:0.19265 P4:0.19269999 STATE:IDLE
[2026-06-02 23:34:49Z] CHK MOM:-0.07% RANGE:0.1% UP:14.28% SPREAD:0.10384215% BID:0.1926 ASK:0.1928 MID:0.19269999 P1:0.19269999 P2:0.19269999 P3:0.19265 P4:0.19269999 STATE:IDLE
[2026-06-02 23:34:49Z] CHK MOM:-0.07% RANGE:0.1% UP:12.5% SPREAD:0.10384215% BID:0.1926 ASK:0.1928 MID:0.19269999 P1:0.19269999 P2:0.19269999 P3:0.19269999 P4:0.19265 STATE:IDLE
[2026-06-02 23:34:50Z] CHK MOM:-0.07% RANGE:0.1% UP:11.11% SPREAD:0.10384215% BID:0.1926 ASK:0.1928 MID:0.19269999 P1:0.19269999 P2:0.19269999 P3:0.19269999 P4:0.19269999 STATE:IDLE
[2026-06-02 23:34:50Z] CHK MOM:-0.07% RANGE:0.1% UP:11.11% SPREAD:0.10384215% BID:0.1926 ASK:0.1928 MID:0.19269999 P1:0.19269999 P2:0.19269999 P3:0.19269999 P4:0.19269999 STATE:IDLE
[2026-06-02 23:34:51Z] CHK MOM:-0.07% RANGE:0.1% UP:11.11% SPREAD:0.10384215% BID:0.1926 ASK:0.1928 MID:0.19269999 P1:0.19269999 P2:0.19269999 P3:0.19269999 P4:0.19269999 STATE:IDLE
[2026-06-02 23:34:51Z] CHK MOM:-0.05% RANGE:0.1% UP:20% SPREAD:0.05189413% BID:0.1927 ASK:0.1928 MID:0.19275 P1:0.19275 P2:0.19269999 P3:0.19269999 P4:0.19269999 STATE:IDLE
[2026-06-02 23:34:52Z] CHK MOM:-0.05% RANGE:0.07% UP:22.22% SPREAD:0.10384215% BID:0.1926 ASK:0.1928 MID:0.19269999 P1:0.19269999 P2:0.19275 P3:0.19269999 P4:0.19269999 STATE:IDLE
[2026-06-02 23:34:52Z] CHK MOM:-0.05% RANGE:0.07% UP:22.22% SPREAD:0.10384215% BID:0.1926 ASK:0.1928 MID:0.19269999 P1:0.19269999 P2:0.19275 P3:0.19269999 P4:0.19269999 STATE:IDLE
[2026-06-02 23:34:53Z] CHK MOM:-0.05% RANGE:0.07% UP:22.22% SPREAD:0.10384215% BID:0.1926 ASK:0.1928 MID:0.19269999 P1:0.19269999 P2:0.19275 P3:0.19269999 P4:0.19269999 STATE:IDLE
[2026-06-02 23:34:53Z] CHK MOM:-0.05% RANGE:0.07% UP:22.22% SPREAD:0.10384215% BID:0.1926 ASK:0.1928 MID:0.19269999 P1:0.19269999 P2:0.19275 P3:0.19269999 P4:0.19269999 STATE:IDLE
[2026-06-02 23:34:54Z] CHK MOM:-0.05% RANGE:0.07% UP:22.22% SPREAD:0.10384215% BID:0.1926 ASK:0.1928 MID:0.19269999 P1:0.19269999 P2:0.19275 P3:0.19269999 P4:0.19269999 STATE:IDLE
[2026-06-02 23:34:56Z] CHK MOM:0% RANGE:0.05% UP:22.22% SPREAD:0.10384215% BID:0.1926 ASK:0.1928 MID:0.19269999 P1:0.19269999 P2:0.19269999 P3:0.19275 P4:0.19269999 STATE:IDLE
[2026-06-02 23:34:56Z] CHK MOM:0% RANGE:0.05% UP:22.22% SPREAD:0.10384215% BID:0.1926 ASK:0.1928 MID:0.19269999 P1:0.19269999 P2:0.19269999 P3:0.19275 P4:0.19269999 STATE:IDLE
[2026-06-02 23:34:57Z] CHK MOM:-0.02% RANGE:0.05% UP:20% SPREAD:0.15584415% BID:0.1925 ASK:0.1928 MID:0.19265 P1:0.19265 P2:0.19269999 P3:0.19269999 P4:0.19275 STATE:IDLE
[2026-06-02 23:34:57Z] CHK MOM:0% RANGE:0.05% UP:27.27% SPREAD:0.10384215% BID:0.1926 ASK:0.1928 MID:0.19269999 P1:0.19269999 P2:0.19265 P3:0.19269999 P4:0.19269999 STATE:IDLE
[2026-06-02 23:34:58Z] CHK MOM:0% RANGE:0.05% UP:25% SPREAD:0.10384215% BID:0.1926 ASK:0.1928 MID:0.19269999 P1:0.19269999 P2:0.19269999 P3:0.19265 P4:0.19269999 STATE:IDLE
[2026-06-02 23:34:58Z] CHK MOM:-0.02% RANGE:0.05% UP:25% SPREAD:0.15584415% BID:0.1925 ASK:0.1928 MID:0.19265 P1:0.19265 P2:0.19269999 P3:0.19269999 P4:0.19265 STATE:IDLE
[2026-06-02 23:34:59Z] CHK MOM:-0.02% RANGE:0.05% UP:25% SPREAD:0.15584415% BID:0.1925 ASK:0.1928 MID:0.19265 P1:0.19265 P2:0.19269999 P3:0.19269999 P4:0.19265 STATE:IDLE
[2026-06-02 23:35:00Z] CHK MOM:0% RANGE:0.05% UP:27.27% SPREAD:0.10384215% BID:0.1926 ASK:0.1928 MID:0.19269999 P1:0.19269999 P2:0.19265 P3:0.19269999 P4:0.19269999 STATE:IDLE
[2026-06-02 23:35:00Z] CHK MOM:0% RANGE:0.05% UP:30% SPREAD:0.10384215% BID:0.1926 ASK:0.1928 MID:0.19269999 P1:0.19269999 P2:0.19269999 P3:0.19265 P4:0.19269999 STATE:IDLE
[2026-06-02 23:35:01Z] CHK MOM:-0.05% RANGE:0.07% UP:27.27% SPREAD:0.1038961% BID:0.1925 ASK:0.1927 MID:0.1926 P1:0.1926 P2:0.19269999 P3:0.19269999 P4:0.19265 STATE:IDLE
[2026-06-02 23:35:01Z] CHK MOM:-0.07% RANGE:0.1% UP:27.27% SPREAD:0.15592515% BID:0.1924 ASK:0.1927 MID:0.19255 P1:0.19255 P2:0.1926 P3:0.19269999 P4:0.19269999 STATE:IDLE
[2026-06-02 23:35:02Z] CHK MOM:-0.07% RANGE:0.1% UP:27.27% SPREAD:0.15592515% BID:0.1924 ASK:0.1927 MID:0.19255 P1:0.19255 P2:0.1926 P3:0.19269999 P4:0.19269999 STATE:IDLE
[2026-06-02 23:35:02Z] CHK MOM:-0.1% RANGE:0.1% UP:18.18% SPREAD:0.15592515% BID:0.1924 ASK:0.1927 MID:0.19255 P1:0.19255 P2:0.19255 P3:0.1926 P4:0.19269999 STATE:IDLE
[2026-06-02 23:35:03Z] CHK MOM:-0.07% RANGE:0.1% UP:25% SPREAD:0.1038961% BID:0.1925 ASK:0.1927 MID:0.1926 P1:0.1926 P2:0.19255 P3:0.19255 P4:0.1926 STATE:IDLE
[2026-06-02 23:35:03Z] CHK MOM:-0.07% RANGE:0.1% UP:23.07% SPREAD:0.1038961% BID:0.1925 ASK:0.1927 MID:0.1926 P1:0.1926 P2:0.1926 P3:0.19255 P4:0.19255 STATE:IDLE
[2026-06-02 23:35:04Z] CHK MOM:-0.02% RANGE:0.07% UP:30.76% SPREAD:0.05192107% BID:0.1926 ASK:0.1927 MID:0.19265 P1:0.19265 P2:0.1926 P3:0.1926 P4:0.19255 STATE:IDLE
[2026-06-02 23:35:04Z] CHK MOM:-0.05% RANGE:0.07% UP:30.76% SPREAD:0.1038961% BID:0.1925 ASK:0.1927 MID:0.1926 P1:0.1926 P2:0.19265 P3:0.1926 P4:0.1926 STATE:IDLE
[2026-06-02 23:35:05Z] CHK MOM:-0.05% RANGE:0.07% UP:28.57% SPREAD:0.1038961% BID:0.1925 ASK:0.1927 MID:0.1926 P1:0.1926 P2:0.1926 P3:0.19265 P4:0.1926 STATE:IDLE
[2026-06-02 23:35:06Z] CHK MOM:-0.1% RANGE:0.1% UP:26.66% SPREAD:0.1039501% BID:0.1924 ASK:0.1926 MID:0.1925 P1:0.1925 P2:0.1926 P3:0.1926 P4:0.19265 STATE:IDLE
[2026-06-02 23:35:06Z] CHK MOM:-0.02% RANGE:0.1% UP:31.25% SPREAD:0.05192107% BID:0.1926 ASK:0.1927 MID:0.19265 P1:0.19265 P2:0.1925 P3:0.1926 P4:0.1926 STATE:IDLE
[2026-06-02 23:35:07Z] CHK MOM:-0.07% RANGE:0.1% UP:29.41% SPREAD:0.05194805% BID:0.1925 ASK:0.1926 MID:0.19255 P1:0.19255 P2:0.19265 P3:0.1925 P4:0.1926 STATE:IDLE
[2026-06-02 23:35:07Z] CHK MOM:-0.02% RANGE:0.1% UP:33.33% SPREAD:0.05192107% BID:0.1926 ASK:0.1927 MID:0.19265 P1:0.19265 P2:0.19255 P3:0.19265 P4:0.1925 STATE:IDLE
[2026-06-02 23:35:08Z] CHK MOM:-0.07% RANGE:0.1% UP:31.57% SPREAD:0.05194805% BID:0.1925 ASK:0.1926 MID:0.19255 P1:0.19255 P2:0.19265 P3:0.19255 P4:0.19265 STATE:IDLE
[2026-06-02 23:35:08Z] CHK MOM:-0.07% RANGE:0.1% UP:31.57% SPREAD:0.05194805% BID:0.1925 ASK:0.1926 MID:0.19255 P1:0.19255 P2:0.19265 P3:0.19255 P4:0.19265 STATE:IDLE
[2026-06-02 23:35:09Z] CHK MOM:-0.07% RANGE:0.1% UP:31.57% SPREAD:0.05194805% BID:0.1925 ASK:0.1926 MID:0.19255 P1:0.19255 P2:0.19265 P3:0.19255 P4:0.19265 STATE:IDLE
[2026-06-02 23:35:09Z] CHK MOM:-0.07% RANGE:0.1% UP:31.57% SPREAD:0.05194805% BID:0.1925 ASK:0.1926 MID:0.19255 P1:0.19255 P2:0.19265 P3:0.19255 P4:0.19265 STATE:IDLE
[2026-06-02 23:35:10Z] CHK MOM:-0.1% RANGE:0.1% UP:29.41% SPREAD:0.1039501% BID:0.1924 ASK:0.1926 MID:0.1925 P1:0.1925 P2:0.19255 P3:0.19265 P4:0.19255 STATE:IDLE
[2026-06-02 23:35:11Z] CHK MOM:-0.1% RANGE:0.1% UP:25% SPREAD:0.1039501% BID:0.1924 ASK:0.1926 MID:0.1925 P1:0.1925 P2:0.1925 P3:0.19255 P4:0.19265 STATE:IDLE
[2026-06-02 23:35:12Z] CHK MOM:-0.1% RANGE:0.1% UP:25% SPREAD:0.1039501% BID:0.1924 ASK:0.1926 MID:0.1925 P1:0.1925 P2:0.1925 P3:0.1925 P4:0.19255 STATE:IDLE
[2026-06-02 23:35:12Z] CHK MOM:-0.1% RANGE:0.1% UP:25% SPREAD:0.1039501% BID:0.1924 ASK:0.1926 MID:0.1925 P1:0.1925 P2:0.1925 P3:0.1925 P4:0.19255 STATE:IDLE
[2026-06-02 23:35:13Z] CHK MOM:-0.05% RANGE:0.1% UP:26.66% SPREAD:0.05197505% BID:0.1924 ASK:0.1925 MID:0.19245 P1:0.19245 P2:0.1925 P3:0.1925 P4:0.1925 STATE:IDLE
[2026-06-02 23:35:13Z] CHK MOM:-0.05% RANGE:0.1% UP:25% SPREAD:0.05197505% BID:0.1924 ASK:0.1925 MID:0.19245 P1:0.19245 P2:0.19245 P3:0.1925 P4:0.1925 STATE:IDLE
[2026-06-02 23:35:14Z] CHK MOM:-0.05% RANGE:0.1% UP:25% SPREAD:0.05197505% BID:0.1924 ASK:0.1925 MID:0.19245 P1:0.19245 P2:0.19245 P3:0.1925 P4:0.1925 STATE:IDLE
[2026-06-02 23:35:14Z] CHK MOM:-0.05% RANGE:0.1% UP:25% SPREAD:0.05197505% BID:0.1924 ASK:0.1925 MID:0.19245 P1:0.19245 P2:0.19245 P3:0.1925 P4:0.1925 STATE:IDLE
[2026-06-02 23:35:15Z] CHK MOM:-0.02% RANGE:0.1% UP:26.66% SPREAD:0.05194805% BID:0.1925 ASK:0.1926 MID:0.19255 P1:0.19255 P2:0.19245 P3:0.19245 P4:0.1925 STATE:IDLE
[2026-06-02 23:35:15Z] CHK MOM:-0.05% RANGE:0.1% UP:26.66% SPREAD:0.1039501% BID:0.1924 ASK:0.1926 MID:0.1925 P1:0.1925 P2:0.19255 P3:0.19245 P4:0.19245 STATE:IDLE
[2026-06-02 23:35:16Z] CHK MOM:-0.05% RANGE:0.1% UP:26.66% SPREAD:0.1039501% BID:0.1924 ASK:0.1926 MID:0.1925 P1:0.1925 P2:0.19255 P3:0.19245 P4:0.19245 STATE:IDLE
[2026-06-02 23:35:17Z] CHK MOM:0% RANGE:0.1% UP:25% SPREAD:0.1039501% BID:0.1924 ASK:0.1926 MID:0.1925 P1:0.1925 P2:0.1925 P3:0.19255 P4:0.19245 STATE:IDLE
[2026-06-02 23:35:17Z] CHK MOM:-0.05% RANGE:0.12% UP:23.07% SPREAD:0.10400416% BID:0.1923 ASK:0.1925 MID:0.1924 P1:0.1924 P2:0.1925 P3:0.1925 P4:0.19255 STATE:IDLE
[2026-06-02 23:35:18Z] CHK MOM:-0.02% RANGE:0.12% UP:28.57% SPREAD:0.05197505% BID:0.1924 ASK:0.1925 MID:0.19245 P1:0.19245 P2:0.1924 P3:0.1925 P4:0.1925 STATE:IDLE
[2026-06-02 23:35:18Z] CHK MOM:-0.02% RANGE:0.12% UP:28.57% SPREAD:0.05197505% BID:0.1924 ASK:0.1925 MID:0.19245 P1:0.19245 P2:0.1924 P3:0.1925 P4:0.1925 STATE:IDLE
[2026-06-02 23:35:19Z] CHK MOM:-0.12% RANGE:0.12% UP:16.66% SPREAD:0.10400416% BID:0.1923 ASK:0.1925 MID:0.1924 P1:0.1924 P2:0.19245 P3:0.1924 P4:0.1925 STATE:IDLE
[2026-06-02 23:35:19Z] CHK MOM:-0.1% RANGE:0.12% UP:23.07% SPREAD:0.05197505% BID:0.1924 ASK:0.1925 MID:0.19245 P1:0.19245 P2:0.1924 P3:0.19245 P4:0.1924 STATE:IDLE
[2026-06-02 23:35:20Z] CHK MOM:-0.07% RANGE:0.07% UP:23.07% SPREAD:0.10400416% BID:0.1923 ASK:0.1925 MID:0.1924 P1:0.1924 P2:0.19245 P3:0.1924 P4:0.19245 STATE:IDLE
[2026-06-02 23:35:20Z] CHK MOM:-0.02% RANGE:0.07% UP:30.76% SPREAD:0.05197505% BID:0.1924 ASK:0.1925 MID:0.19245 P1:0.19245 P2:0.1924 P3:0.19245 P4:0.1924 STATE:IDLE
[2026-06-02 23:35:21Z] CHK MOM:-0.02% RANGE:0.07% UP:30.76% SPREAD:0.05197505% BID:0.1924 ASK:0.1925 MID:0.19245 P1:0.19245 P2:0.1924 P3:0.19245 P4:0.1924 STATE:IDLE
[2026-06-02 23:35:22Z] CHK MOM:-0.02% RANGE:0.07% UP:28.57% SPREAD:0.05197505% BID:0.1924 ASK:0.1925 MID:0.19245 P1:0.19245 P2:0.19245 P3:0.1924 P4:0.19245 STATE:IDLE
[2026-06-02 23:35:22Z] CHK MOM:-0.02% RANGE:0.07% UP:28.57% SPREAD:0.05197505% BID:0.1924 ASK:0.1925 MID:0.19245 P1:0.19245 P2:0.19245 P3:0.1924 P4:0.19245 STATE:IDLE
[2026-06-02 23:35:23Z] CHK MOM:-0.02% RANGE:0.07% UP:30.76% SPREAD:0.05197505% BID:0.1924 ASK:0.1925 MID:0.19245 P1:0.19245 P2:0.19245 P3:0.19245 P4:0.1924 STATE:IDLE
[2026-06-02 23:35:23Z] CHK MOM:-0.02% RANGE:0.07% UP:30.76% SPREAD:0.05197505% BID:0.1924 ASK:0.1925 MID:0.19245 P1:0.19245 P2:0.19245 P3:0.19245 P4:0.1924 STATE:IDLE
[2026-06-02 23:35:24Z] CHK MOM:-0.02% RANGE:0.07% UP:30.76% SPREAD:0.05197505% BID:0.1924 ASK:0.1925 MID:0.19245 P1:0.19245 P2:0.19245 P3:0.19245 P4:0.1924 STATE:IDLE
[2026-06-02 23:35:24Z] CHK MOM:0.02% RANGE:0.07% UP:38.46% SPREAD:0.1039501% BID:0.1924 ASK:0.1926 MID:0.1925 P1:0.1925 P2:0.19245 P3:0.19245 P4:0.19245 STATE:IDLE
[2026-06-02 23:35:25Z] CHK MOM:0.02% RANGE:0.07% UP:35.71% SPREAD:0.1039501% BID:0.1924 ASK:0.1926 MID:0.1925 P1:0.1925 P2:0.1925 P3:0.19245 P4:0.19245 STATE:IDLE
[2026-06-02 23:35:25Z] CHK MOM:0.02% RANGE:0.07% UP:35.71% SPREAD:0.1039501% BID:0.1924 ASK:0.1926 MID:0.1925 P1:0.1925 P2:0.1925 P3:0.19245 P4:0.19245 STATE:IDLE
[2026-06-02 23:35:26Z] CHK MOM:0.02% RANGE:0.07% UP:35.71% SPREAD:0.1039501% BID:0.1924 ASK:0.1926 MID:0.1925 P1:0.1925 P2:0.1925 P3:0.19245 P4:0.19245 STATE:IDLE
[2026-06-02 23:35:26Z] CHK MOM:0.02% RANGE:0.07% UP:35.71% SPREAD:0.1039501% BID:0.1924 ASK:0.1926 MID:0.1925 P1:0.1925 P2:0.1925 P3:0.19245 P4:0.19245 STATE:IDLE
[2026-06-02 23:35:27Z] CHK MOM:0.02% RANGE:0.07% UP:35.71% SPREAD:0.1039501% BID:0.1924 ASK:0.1926 MID:0.1925 P1:0.1925 P2:0.1925 P3:0.19245 P4:0.19245 STATE:IDLE
[2026-06-02 23:35:31Z] CHK MOM:-0.05% RANGE:0.1% UP:33.33% SPREAD:0.10405827% BID:0.1922 ASK:0.1924 MID:0.1923 P1:0.1923 P2:0.1925 P3:0.1925 P4:0.19245 STATE:IDLE
[2026-06-02 23:35:32Z] CHK MOM:-0.05% RANGE:0.1% UP:33.33% SPREAD:0.10405827% BID:0.1922 ASK:0.1924 MID:0.1923 P1:0.1923 P2:0.1925 P3:0.1925 P4:0.19245 STATE:IDLE
[2026-06-02 23:35:33Z] CHK MOM:-0.05% RANGE:0.1% UP:33.33% SPREAD:0.1560874% BID:0.1922 ASK:0.1925 MID:0.19235 P1:0.19235 P2:0.1923 P3:0.1925 P4:0.1925 STATE:IDLE
[2026-06-02 23:35:33Z] CHK MOM:-0.07% RANGE:0.1% UP:33.33% SPREAD:0.10405827% BID:0.1922 ASK:0.1924 MID:0.1923 P1:0.1923 P2:0.19235 P3:0.1923 P4:0.1925 STATE:IDLE
[2026-06-02 23:35:34Z] CHK MOM:-0.07% RANGE:0.1% UP:33.33% SPREAD:0.10405827% BID:0.1922 ASK:0.1924 MID:0.1923 P1:0.1923 P2:0.1923 P3:0.19235 P4:0.1923 STATE:IDLE
[2026-06-02 23:35:34Z] CHK MOM:-0.07% RANGE:0.1% UP:33.33% SPREAD:0.10405827% BID:0.1922 ASK:0.1924 MID:0.1923 P1:0.1923 P2:0.1923 P3:0.19235 P4:0.1923 STATE:IDLE
[2026-06-02 23:35:35Z] CHK MOM:-0.02% RANGE:0.1% UP:33.33% SPREAD:0.15600624% BID:0.1923 ASK:0.1926 MID:0.19245 P1:0.19245 P2:0.1923 P3:0.1923 P4:0.19235 STATE:IDLE
[2026-06-02 23:35:35Z] CHK MOM:-0.02% RANGE:0.1% UP:33.33% SPREAD:0.15600624% BID:0.1923 ASK:0.1926 MID:0.19245 P1:0.19245 P2:0.1923 P3:0.1923 P4:0.19235 STATE:IDLE
[2026-06-02 23:35:36Z] CHK MOM:-0.02% RANGE:0.1% UP:33.33% SPREAD:0.15600624% BID:0.1923 ASK:0.1926 MID:0.19245 P1:0.19245 P2:0.1923 P3:0.1923 P4:0.19235 STATE:IDLE
[2026-06-02 23:35:36Z] CHK MOM:-0.02% RANGE:0.1% UP:33.33% SPREAD:0.15600624% BID:0.1923 ASK:0.1926 MID:0.19245 P1:0.19245 P2:0.19245 P3:0.1923 P4:0.1923 STATE:IDLE
[2026-06-02 23:35:37Z] CHK MOM:-0.02% RANGE:0.1% UP:33.33% SPREAD:0.15600624% BID:0.1923 ASK:0.1926 MID:0.19245 P1:0.19245 P2:0.19245 P3:0.1923 P4:0.1923 STATE:IDLE
[2026-06-02 23:35:37Z] CHK MOM:-0.02% RANGE:0.1% UP:33.33% SPREAD:0.15600624% BID:0.1923 ASK:0.1926 MID:0.19245 P1:0.19245 P2:0.19245 P3:0.1923 P4:0.1923 STATE:IDLE
[2026-06-02 23:35:38Z] CHK MOM:0.1% RANGE:0.1% UP:50% SPREAD:0.20800832% BID:0.1923 ASK:0.1927 MID:0.1925 P1:0.1925 P2:0.19245 P3:0.19245 P4:0.1923 STATE:IDLE
[2026-06-02 23:35:39Z] CHK MOM:0.07% RANGE:0.1% UP:42.85% SPREAD:0.15600624% BID:0.1923 ASK:0.1926 MID:0.19245 P1:0.19245 P2:0.1925 P3:0.19245 P4:0.19245 STATE:IDLE
[2026-06-02 23:35:39Z] CHK MOM:0.07% RANGE:0.1% UP:37.5% SPREAD:0.15600624% BID:0.1923 ASK:0.1926 MID:0.19245 P1:0.19245 P2:0.19245 P3:0.1925 P4:0.19245 STATE:IDLE
[2026-06-02 23:35:40Z] CHK MOM:0.07% RANGE:0.1% UP:37.5% SPREAD:0.15600624% BID:0.1923 ASK:0.1926 MID:0.19245 P1:0.19245 P2:0.19245 P3:0.1925 P4:0.19245 STATE:IDLE
[2026-06-02 23:35:40Z] CHK MOM:0.15% RANGE:0.15% UP:44.44% SPREAD:0.1038961% BID:0.1925 ASK:0.1927 MID:0.1926 P1:0.1926 P2:0.19245 P3:0.19245 P4:0.1925 STATE:IDLE
[2026-06-02 23:35:41Z] CHK MOM:0.15% RANGE:0.15% UP:44.44% SPREAD:0.1038961% BID:0.1925 ASK:0.1927 MID:0.1926 P1:0.1926 P2:0.19245 P3:0.19245 P4:0.1925 STATE:IDLE
[2026-06-02 23:35:41Z] CHK MOM:0.2% RANGE:0.2% UP:50% SPREAD:0.2077922% BID:0.1925 ASK:0.1929 MID:0.19269999 P1:0.19269999 P2:0.1926 P3:0.19245 P4:0.19245 STATE:IDLE
[2026-06-02 23:35:42Z] CHK MOM:0.18% RANGE:0.2% UP:45.45% SPREAD:0.15584415% BID:0.1925 ASK:0.1928 MID:0.19265 P1:0.19265 P2:0.19269999 P3:0.1926 P4:0.19245 STATE:IDLE
[2026-06-02 23:35:42Z] CHK MOM:0.18% RANGE:0.2% UP:41.66% SPREAD:0.15584415% BID:0.1925 ASK:0.1928 MID:0.19265 P1:0.19265 P2:0.19265 P3:0.19269999 P4:0.1926 STATE:IDLE
[2026-06-02 23:35:43Z] CHK MOM:0.18% RANGE:0.2% UP:41.66% SPREAD:0.15584415% BID:0.1925 ASK:0.1928 MID:0.19265 P1:0.19265 P2:0.19265 P3:0.19269999 P4:0.1926 STATE:IDLE
[2026-06-02 23:35:44Z] CHK MOM:0.18% RANGE:0.2% UP:41.66% SPREAD:0.15584415% BID:0.1925 ASK:0.1928 MID:0.19265 P1:0.19265 P2:0.19265 P3:0.19269999 P4:0.1926 STATE:IDLE
[2026-06-02 23:35:44Z] CHK MOM:0.18% RANGE:0.2% UP:36.36% SPREAD:0.15584415% BID:0.1925 ASK:0.1928 MID:0.19265 P1:0.19265 P2:0.19265 P3:0.19265 P4:0.19269999 STATE:IDLE
[2026-06-02 23:35:45Z] CHK MOM:0.18% RANGE:0.2% UP:33.33% SPREAD:0.15584415% BID:0.1925 ASK:0.1928 MID:0.19265 P1:0.19265 P2:0.19265 P3:0.19265 P4:0.19265 STATE:IDLE
[2026-06-02 23:35:45Z] CHK MOM:0.18% RANGE:0.2% UP:30.76% SPREAD:0.15584415% BID:0.1925 ASK:0.1928 MID:0.19265 P1:0.19265 P2:0.19265 P3:0.19265 P4:0.19265 STATE:IDLE
[2026-06-02 23:35:46Z] CHK MOM:0.18% RANGE:0.2% UP:30.76% SPREAD:0.15584415% BID:0.1925 ASK:0.1928 MID:0.19265 P1:0.19265 P2:0.19265 P3:0.19265 P4:0.19265 STATE:IDLE
[2026-06-02 23:35:46Z] CHK MOM:0.1% RANGE:0.12% UP:25% SPREAD:0.15584415% BID:0.1925 ASK:0.1928 MID:0.19265 P1:0.19265 P2:0.19265 P3:0.19265 P4:0.19265 STATE:IDLE
[2026-06-02 23:35:47Z] CHK MOM:0.12% RANGE:0.12% UP:33.33% SPREAD:0.2077922% BID:0.1925 ASK:0.1929 MID:0.19269999 P1:0.19269999 P2:0.19265 P3:0.19265 P4:0.19265 STATE:IDLE
[2026-06-02 23:35:47Z] CHK MOM:0.12% RANGE:0.12% UP:30.76% SPREAD:0.2077922% BID:0.1925 ASK:0.1929 MID:0.19269999 P1:0.19269999 P2:0.19269999 P3:0.19265 P4:0.19265 STATE:IDLE
[2026-06-02 23:35:48Z] CHK MOM:0.12% RANGE:0.12% UP:28.57% SPREAD:0.2077922% BID:0.1925 ASK:0.1929 MID:0.19269999 P1:0.19269999 P2:0.19269999 P3:0.19269999 P4:0.19265 STATE:IDLE
[2026-06-02 23:35:48Z] CHK MOM:0.12% RANGE:0.12% UP:28.57% SPREAD:0.2077922% BID:0.1925 ASK:0.1929 MID:0.19269999 P1:0.19269999 P2:0.19269999 P3:0.19269999 P4:0.19265 STATE:IDLE
[2026-06-02 23:35:49Z] CHK MOM:0.1% RANGE:0.12% UP:21.42% SPREAD:0.2077922% BID:0.1925 ASK:0.1929 MID:0.19269999 P1:0.19269999 P2:0.19269999 P3:0.19269999 P4:0.19269999 STATE:IDLE
[2026-06-02 23:35:50Z] CHK MOM:0.12% RANGE:0.12% UP:21.42% SPREAD:0.2077922% BID:0.1925 ASK:0.1929 MID:0.19269999 P1:0.19269999 P2:0.19269999 P3:0.19269999 P4:0.19269999 STATE:IDLE
[2026-06-02 23:35:50Z] CHK MOM:0.12% RANGE:0.12% UP:20% SPREAD:0.2077922% BID:0.1925 ASK:0.1929 MID:0.19269999 P1:0.19269999 P2:0.19269999 P3:0.19269999 P4:0.19269999 STATE:IDLE
[2026-06-02 23:35:51Z] CHK MOM:0.12% RANGE:0.12% UP:20% SPREAD:0.2077922% BID:0.1925 ASK:0.1929 MID:0.19269999 P1:0.19269999 P2:0.19269999 P3:0.19269999 P4:0.19269999 STATE:IDLE
[2026-06-02 23:35:51Z] CHK MOM:0.1% RANGE:0.1% UP:21.42% SPREAD:0.10378827% BID:0.1927 ASK:0.1929 MID:0.1928 P1:0.1928 P2:0.19269999 P3:0.19269999 P4:0.19269999 STATE:IDLE
[2026-06-02 23:35:52Z] CHK MOM:0.1% RANGE:0.1% UP:21.42% SPREAD:0.10378827% BID:0.1927 ASK:0.1929 MID:0.1928 P1:0.1928 P2:0.19269999 P3:0.19269999 P4:0.19269999 STATE:IDLE
[2026-06-02 23:35:52Z] CHK MOM:0.1% RANGE:0.1% UP:21.42% SPREAD:0.10378827% BID:0.1927 ASK:0.1929 MID:0.1928 P1:0.1928 P2:0.19269999 P3:0.19269999 P4:0.19269999 STATE:IDLE
[2026-06-02 23:35:53Z] CHK MOM:0.1% RANGE:0.1% UP:21.42% SPREAD:0.10378827% BID:0.1927 ASK:0.1929 MID:0.1928 P1:0.1928 P2:0.19269999 P3:0.19269999 P4:0.19269999 STATE:IDLE
[2026-06-02 23:35:53Z] CHK MOM:0.1% RANGE:0.1% UP:21.42% SPREAD:0.10378827% BID:0.1927 ASK:0.1929 MID:0.1928 P1:0.1928 P2:0.19269999 P3:0.19269999 P4:0.19269999 STATE:IDLE
[2026-06-02 23:35:54Z] SESSION_START symbol=JUPUSDC dry_run=0 profile=major strategy=momentum base_url=https://api.binance.com
[2026-06-02 23:35:54Z] TOXIC_MEMORY_LOADED count=1 symbols=ORDIUSDC
[2026-06-02 23:35:56Z] CHK MOM:0% RANGE:0% UP:0% SPREAD:0.20768431% BID:0.1926 ASK:0.193 MID:0.1928 P1:0.1928 P2:NA P3:NA P4:NA STATE:IDLE
[2026-06-02 23:35:57Z] CHK MOM:-0.02% RANGE:0.02% UP:0% SPREAD:0.15576323% BID:0.1926 ASK:0.1929 MID:0.19274999 P1:0.19274999 P2:0.1928 P3:NA P4:NA STATE:IDLE
[2026-06-02 23:35:57Z] CHK MOM:-0.02% RANGE:0.02% UP:0% SPREAD:0.15576323% BID:0.1926 ASK:0.1929 MID:0.19274999 P1:0.19274999 P2:0.19274999 P3:0.1928 P4:NA STATE:IDLE
[2026-06-02 23:35:58Z] CHK MOM:-0.02% RANGE:0.02% UP:0% SPREAD:0.15576323% BID:0.1926 ASK:0.1929 MID:0.19274999 P1:0.19274999 P2:0.19274999 P3:0.1928 P4:NA STATE:IDLE
[2026-06-02 23:35:58Z] CHK MOM:-0.02% RANGE:0.02% UP:0% SPREAD:0.15576323% BID:0.1926 ASK:0.1929 MID:0.19274999 P1:0.19274999 P2:0.19274999 P3:0.1928 P4:NA STATE:IDLE
[2026-06-02 23:35:59Z] CHK MOM:-0.02% RANGE:0.02% UP:0% SPREAD:0.15576323% BID:0.1926 ASK:0.1929 MID:0.19274999 P1:0.19274999 P2:0.19274999 P3:0.1928 P4:NA STATE:IDLE
[2026-06-02 23:35:59Z] CHK MOM:-0.02% RANGE:0.02% UP:0% SPREAD:0.15576323% BID:0.1926 ASK:0.1929 MID:0.19274999 P1:0.19274999 P2:0.19274999 P3:0.1928 P4:NA STATE:IDLE
[2026-06-02 23:36:00Z] CHK MOM:-0.02% RANGE:0.02% UP:0% SPREAD:0.15576323% BID:0.1926 ASK:0.1929 MID:0.19274999 P1:0.19274999 P2:0.19274999 P3:0.1928 P4:NA STATE:IDLE
[2026-06-02 23:36:00Z] CHK MOM:-0.05% RANGE:0.05% UP:0% SPREAD:0.10384215% BID:0.1926 ASK:0.1928 MID:0.19269999 P1:0.19269999 P2:0.19274999 P3:0.19274999 P4:0.1928 STATE:IDLE
[2026-06-02 23:36:01Z] CHK MOM:-0.07% RANGE:0.07% UP:0% SPREAD:0.15584415% BID:0.1925 ASK:0.1928 MID:0.19265 P1:0.19265 P2:0.19269999 P3:0.19274999 P4:0.19274999 STATE:IDLE
[2026-06-02 23:36:02Z] CHK MOM:-0.02% RANGE:0.07% UP:20% SPREAD:0.15576323% BID:0.1926 ASK:0.1929 MID:0.19274999 P1:0.19274999 P2:0.19265 P3:0.19269999 P4:0.19274999 STATE:IDLE
[2026-06-02 23:36:02Z] CHK MOM:-0.05% RANGE:0.07% UP:16.66% SPREAD:0.10384215% BID:0.1926 ASK:0.1928 MID:0.19269999 P1:0.19269999 P2:0.19274999 P3:0.19265 P4:0.19269999 STATE:IDLE
[2026-06-02 23:36:03Z] CHK MOM:-0.02% RANGE:0.07% UP:28.57% SPREAD:0.15576323% BID:0.1926 ASK:0.1929 MID:0.19274999 P1:0.19274999 P2:0.19269999 P3:0.19274999 P4:0.19265 STATE:IDLE
[2026-06-02 23:36:03Z] CHK MOM:-0.02% RANGE:0.07% UP:25% SPREAD:0.15576323% BID:0.1926 ASK:0.1929 MID:0.19274999 P1:0.19274999 P2:0.19274999 P3:0.19269999 P4:0.19274999 STATE:IDLE
[2026-06-02 23:36:04Z] CHK MOM:-0.02% RANGE:0.07% UP:22.22% SPREAD:0.15576323% BID:0.1926 ASK:0.1929 MID:0.19274999 P1:0.19274999 P2:0.19274999 P3:0.19274999 P4:0.19269999 STATE:IDLE
[2026-06-02 23:36:04Z] CHK MOM:-0.02% RANGE:0.07% UP:22.22% SPREAD:0.15576323% BID:0.1926 ASK:0.1929 MID:0.19274999 P1:0.19274999 P2:0.19274999 P3:0.19274999 P4:0.19269999 STATE:IDLE
[2026-06-02 23:36:05Z] CHK MOM:-0.02% RANGE:0.07% UP:22.22% SPREAD:0.15576323% BID:0.1926 ASK:0.1929 MID:0.19274999 P1:0.19274999 P2:0.19274999 P3:0.19274999 P4:0.19269999 STATE:IDLE
[2026-06-02 23:36:05Z] CHK MOM:-0.02% RANGE:0.07% UP:22.22% SPREAD:0.15576323% BID:0.1926 ASK:0.1929 MID:0.19274999 P1:0.19274999 P2:0.19274999 P3:0.19274999 P4:0.19269999 STATE:IDLE
[2026-06-02 23:36:06Z] CHK MOM:-0.02% RANGE:0.07% UP:20% SPREAD:0.15576323% BID:0.1926 ASK:0.1929 MID:0.19274999 P1:0.19274999 P2:0.19274999 P3:0.19274999 P4:0.19274999 STATE:IDLE
[2026-06-02 23:36:07Z] CHK MOM:-0.02% RANGE:0.07% UP:20% SPREAD:0.15576323% BID:0.1926 ASK:0.1929 MID:0.19274999 P1:0.19274999 P2:0.19274999 P3:0.19274999 P4:0.19274999 STATE:IDLE
[2026-06-02 23:36:07Z] CHK MOM:0.02% RANGE:0.1% UP:27.27% SPREAD:0.1556824% BID:0.1927 ASK:0.193 MID:0.19285 P1:0.19285 P2:0.19274999 P3:0.19274999 P4:0.19274999 STATE:IDLE
[2026-06-02 23:36:08Z] CHK MOM:0.02% RANGE:0.1% UP:25% SPREAD:0.1556824% BID:0.1927 ASK:0.193 MID:0.19285 P1:0.19285 P2:0.19285 P3:0.19274999 P4:0.19274999 STATE:IDLE
[2026-06-02 23:36:08Z] CHK MOM:0.02% RANGE:0.1% UP:25% SPREAD:0.1556824% BID:0.1927 ASK:0.193 MID:0.19285 P1:0.19285 P2:0.19285 P3:0.19274999 P4:0.19274999 STATE:IDLE
[2026-06-02 23:36:09Z] CHK MOM:0.02% RANGE:0.1% UP:25% SPREAD:0.1556824% BID:0.1927 ASK:0.193 MID:0.19285 P1:0.19285 P2:0.19285 P3:0.19274999 P4:0.19274999 STATE:IDLE
[2026-06-02 23:36:09Z] CHK MOM:0.02% RANGE:0.1% UP:25% SPREAD:0.1556824% BID:0.1927 ASK:0.193 MID:0.19285 P1:0.19285 P2:0.19285 P3:0.19274999 P4:0.19274999 STATE:IDLE
[2026-06-02 23:36:10Z] CHK MOM:0.02% RANGE:0.1% UP:25% SPREAD:0.1556824% BID:0.1927 ASK:0.193 MID:0.19285 P1:0.19285 P2:0.19285 P3:0.19274999 P4:0.19274999 STATE:IDLE
[2026-06-02 23:36:10Z] CHK MOM:0.02% RANGE:0.1% UP:25% SPREAD:0.1556824% BID:0.1927 ASK:0.193 MID:0.19285 P1:0.19285 P2:0.19285 P3:0.19274999 P4:0.19274999 STATE:IDLE
[2026-06-02 23:36:13Z] CHK MOM:0.07% RANGE:0.1% UP:30% SPREAD:0.1556824% BID:0.1927 ASK:0.193 MID:0.19285 P1:0.19285 P2:0.19285 P3:0.19285 P4:0.19274999 STATE:IDLE
[2026-06-02 23:36:13Z] CHK MOM:0.05% RANGE:0.07% UP:22.22% SPREAD:0.1556824% BID:0.1927 ASK:0.193 MID:0.19285 P1:0.19285 P2:0.19285 P3:0.19285 P4:0.19285 STATE:IDLE
[2026-06-02 23:36:14Z] CHK MOM:0.05% RANGE:0.07% UP:22.22% SPREAD:0.1556824% BID:0.1927 ASK:0.193 MID:0.19285 P1:0.19285 P2:0.19285 P3:0.19285 P4:0.19285 STATE:IDLE
[2026-06-02 23:36:14Z] CHK MOM:0.05% RANGE:0.07% UP:22.22% SPREAD:0.1556824% BID:0.1927 ASK:0.193 MID:0.19285 P1:0.19285 P2:0.19285 P3:0.19285 P4:0.19285 STATE:IDLE
[2026-06-02 23:36:15Z] CHK MOM:0.05% RANGE:0.07% UP:22.22% SPREAD:0.1556824% BID:0.1927 ASK:0.193 MID:0.19285 P1:0.19285 P2:0.19285 P3:0.19285 P4:0.19285 STATE:IDLE
[2026-06-02 23:36:15Z] CHK MOM:0.05% RANGE:0.07% UP:22.22% SPREAD:0.1556824% BID:0.1927 ASK:0.193 MID:0.19285 P1:0.19285 P2:0.19285 P3:0.19285 P4:0.19285 STATE:IDLE
[2026-06-02 23:36:16Z] CHK MOM:0.05% RANGE:0.07% UP:22.22% SPREAD:0.1556824% BID:0.1927 ASK:0.193 MID:0.19285 P1:0.19285 P2:0.19285 P3:0.19285 P4:0.19285 STATE:IDLE
[2026-06-02 23:36:21Z] CHK MOM:-0.02% RANGE:0.02% UP:0% SPREAD:0.10378827% BID:0.1927 ASK:0.1929 MID:0.1928 P1:0.1928 P2:0.19285 P3:0.19285 P4:0.19285 STATE:IDLE
[2026-06-02 23:36:22Z] CHK MOM:0% RANGE:0.02% UP:33.33% SPREAD:0.1556824% BID:0.1927 ASK:0.193 MID:0.19285 P1:0.19285 P2:0.1928 P3:0.19285 P4:0.19285 STATE:IDLE
[2026-06-02 23:36:22Z] CHK MOM:0% RANGE:0.02% UP:33.33% SPREAD:0.1556824% BID:0.1927 ASK:0.193 MID:0.19285 P1:0.19285 P2:0.1928 P3:0.19285 P4:0.19285 STATE:IDLE
[2026-06-02 23:36:23Z] CHK MOM:0% RANGE:0.02% UP:33.33% SPREAD:0.1556824% BID:0.1927 ASK:0.193 MID:0.19285 P1:0.19285 P2:0.1928 P3:0.19285 P4:0.19285 STATE:IDLE
[2026-06-02 23:36:23Z] CHK MOM:0% RANGE:0.02% UP:33.33% SPREAD:0.1556824% BID:0.1927 ASK:0.193 MID:0.19285 P1:0.19285 P2:0.1928 P3:0.19285 P4:0.19285 STATE:IDLE
[2026-06-02 23:36:24Z] CHK MOM:0% RANGE:0.02% UP:33.33% SPREAD:0.1556824% BID:0.1927 ASK:0.193 MID:0.19285 P1:0.19285 P2:0.1928 P3:0.19285 P4:0.19285 STATE:IDLE
[2026-06-02 23:36:24Z] CHK MOM:0% RANGE:0.02% UP:33.33% SPREAD:0.1556824% BID:0.1927 ASK:0.193 MID:0.19285 P1:0.19285 P2:0.1928 P3:0.19285 P4:0.19285 STATE:IDLE
[2026-06-02 23:36:26Z] CHK MOM:0% RANGE:0.02% UP:50% SPREAD:0.10378827% BID:0.1927 ASK:0.1929 MID:0.1928 P1:0.1928 P2:0.19285 P3:0.1928 P4:0.19285 STATE:IDLE
[2026-06-02 23:36:27Z] CHK MOM:0% RANGE:0.02% UP:50% SPREAD:0.10378827% BID:0.1927 ASK:0.1929 MID:0.1928 P1:0.1928 P2:0.19285 P3:0.1928 P4:0.19285 STATE:IDLE
[2026-06-02 23:36:27Z] CHK MOM:0.02% RANGE:0.02% UP:66.66% SPREAD:0.1556824% BID:0.1927 ASK:0.193 MID:0.19285 P1:0.19285 P2:0.1928 P3:0.19285 P4:0.1928 STATE:IDLE
[2026-06-02 23:36:28Z] CHK MOM:0.02% RANGE:0.02% UP:66.66% SPREAD:0.1556824% BID:0.1927 ASK:0.193 MID:0.19285 P1:0.19285 P2:0.1928 P3:0.19285 P4:0.1928 STATE:IDLE
[2026-06-02 23:36:28Z] CHK MOM:0.02% RANGE:0.02% UP:66.66% SPREAD:0.1556824% BID:0.1927 ASK:0.193 MID:0.19285 P1:0.19285 P2:0.1928 P3:0.19285 P4:0.1928 STATE:IDLE
[2026-06-02 23:36:29Z] CHK MOM:0.02% RANGE:0.02% UP:66.66% SPREAD:0.1556824% BID:0.1927 ASK:0.193 MID:0.19285 P1:0.19285 P2:0.1928 P3:0.19285 P4:0.1928 STATE:IDLE
[2026-06-02 23:36:29Z] CHK MOM:0.02% RANGE:0.02% UP:66.66% SPREAD:0.1556824% BID:0.1927 ASK:0.193 MID:0.19285 P1:0.19285 P2:0.1928 P3:0.19285 P4:0.1928 STATE:IDLE
[2026-06-02 23:36:31Z] CHK MOM:0.02% RANGE:0.02% UP:50% SPREAD:0.1556824% BID:0.1927 ASK:0.193 MID:0.19285 P1:0.19285 P2:0.19285 P3:0.1928 P4:0.19285 STATE:IDLE
[2026-06-02 23:36:31Z] CHK MOM:0.1% RANGE:0.1% UP:60% SPREAD:0.10368066% BID:0.1929 ASK:0.1931 MID:0.193 P1:0.193 P2:0.19285 P3:0.19285 P4:0.1928 STATE:IDLE
[2026-06-02 23:36:32Z] CHK MOM:0.1% RANGE:0.1% UP:50% SPREAD:0.10368066% BID:0.1929 ASK:0.1931 MID:0.193 P1:0.193 P2:0.193 P3:0.19285 P4:0.19285 STATE:IDLE
[2026-06-02 23:36:33Z] CHK MOM:0.1% RANGE:0.1% UP:42.85% SPREAD:0.10368066% BID:0.1929 ASK:0.1931 MID:0.193 P1:0.193 P2:0.193 P3:0.193 P4:0.19285 STATE:IDLE
[2026-06-02 23:36:33Z] CHK MOM:0.1% RANGE:0.12% UP:42.85% SPREAD:0.05181347% BID:0.193 ASK:0.1931 MID:0.19305 P1:0.19305 P2:0.193 P3:0.193 P4:0.193 STATE:IDLE
[2026-06-02 23:36:34Z] CHK MOM:0.1% RANGE:0.12% UP:37.5% SPREAD:0.05181347% BID:0.193 ASK:0.1931 MID:0.19305 P1:0.19305 P2:0.19305 P3:0.193 P4:0.193 STATE:IDLE
[2026-06-02 23:36:34Z] CHK MOM:0.1% RANGE:0.12% UP:37.5% SPREAD:0.05181347% BID:0.193 ASK:0.1931 MID:0.19305 P1:0.19305 P2:0.19305 P3:0.193 P4:0.193 STATE:IDLE
[2026-06-02 23:36:35Z] CHK MOM:0.1% RANGE:0.12% UP:37.5% SPREAD:0.10368066% BID:0.1929 ASK:0.1931 MID:0.193 P1:0.193 P2:0.19305 P3:0.19305 P4:0.193 STATE:IDLE
[2026-06-02 23:36:35Z] CHK MOM:0.1% RANGE:0.12% UP:37.5% SPREAD:0.10368066% BID:0.1929 ASK:0.1931 MID:0.193 P1:0.193 P2:0.19305 P3:0.19305 P4:0.193 STATE:IDLE
[2026-06-02 23:36:36Z] CHK MOM:0.1% RANGE:0.12% UP:37.5% SPREAD:0.10368066% BID:0.1929 ASK:0.1931 MID:0.193 P1:0.193 P2:0.19305 P3:0.19305 P4:0.193 STATE:IDLE
[2026-06-02 23:36:36Z] CHK MOM:0.1% RANGE:0.12% UP:37.5% SPREAD:0.10368066% BID:0.1929 ASK:0.1931 MID:0.193 P1:0.193 P2:0.19305 P3:0.19305 P4:0.193 STATE:IDLE
[2026-06-02 23:36:37Z] CHK MOM:0.1% RANGE:0.12% UP:37.5% SPREAD:0.10368066% BID:0.1929 ASK:0.1931 MID:0.193 P1:0.193 P2:0.19305 P3:0.19305 P4:0.193 STATE:IDLE
[2026-06-02 23:36:38Z] CHK MOM:0.1% RANGE:0.12% UP:37.5% SPREAD:0.10368066% BID:0.1929 ASK:0.1931 MID:0.193 P1:0.193 P2:0.19305 P3:0.19305 P4:0.193 STATE:IDLE
[2026-06-02 23:36:38Z] CHK MOM:0.05% RANGE:0.1% UP:25% SPREAD:0.05184033% BID:0.1929 ASK:0.193 MID:0.19295 P1:0.19295 P2:0.193 P3:0.19305 P4:0.19305 STATE:IDLE
[2026-06-02 23:36:39Z] CHK MOM:0.05% RANGE:0.1% UP:25% SPREAD:0.05184033% BID:0.1929 ASK:0.193 MID:0.19295 P1:0.19295 P2:0.193 P3:0.19305 P4:0.19305 STATE:IDLE
[2026-06-02 23:36:39Z] CHK MOM:0.02% RANGE:0.1% UP:25% SPREAD:0.10373443% BID:0.1928 ASK:0.193 MID:0.1929 P1:0.1929 P2:0.19295 P3:0.193 P4:0.19305 STATE:IDLE
[2026-06-02 23:36:40Z] CHK MOM:0.02% RANGE:0.1% UP:25% SPREAD:0.10373443% BID:0.1928 ASK:0.193 MID:0.1929 P1:0.1929 P2:0.19295 P3:0.193 P4:0.19305 STATE:IDLE
[2026-06-02 23:36:40Z] CHK MOM:0.02% RANGE:0.1% UP:25% SPREAD:0.10373443% BID:0.1928 ASK:0.193 MID:0.1929 P1:0.1929 P2:0.19295 P3:0.193 P4:0.19305 STATE:IDLE
[2026-06-02 23:36:41Z] CHK MOM:0% RANGE:0.1% UP:22.22% SPREAD:0.05186721% BID:0.1928 ASK:0.1929 MID:0.19285 P1:0.19285 P2:0.1929 P3:0.19295 P4:0.193 STATE:IDLE
[2026-06-02 23:36:41Z] CHK MOM:-0.02% RANGE:0.12% UP:20% SPREAD:0.10378827% BID:0.1927 ASK:0.1929 MID:0.1928 P1:0.1928 P2:0.19285 P3:0.1929 P4:0.19295 STATE:IDLE
[2026-06-02 23:36:42Z] CHK MOM:-0.02% RANGE:0.12% UP:20% SPREAD:0.10378827% BID:0.1927 ASK:0.1929 MID:0.1928 P1:0.1928 P2:0.19285 P3:0.1929 P4:0.19295 STATE:IDLE
[2026-06-02 23:36:42Z] CHK MOM:-0.02% RANGE:0.12% UP:20% SPREAD:0.10378827% BID:0.1927 ASK:0.1929 MID:0.1928 P1:0.1928 P2:0.19285 P3:0.1929 P4:0.19295 STATE:IDLE
[2026-06-02 23:36:43Z] CHK MOM:-0.02% RANGE:0.12% UP:20% SPREAD:0.10378827% BID:0.1927 ASK:0.1929 MID:0.1928 P1:0.1928 P2:0.19285 P3:0.1929 P4:0.19295 STATE:IDLE
[2026-06-02 23:36:44Z] CHK MOM:-0.07% RANGE:0.12% UP:22.22% SPREAD:0.05186721% BID:0.1928 ASK:0.1929 MID:0.19285 P1:0.19285 P2:0.1928 P3:0.19285 P4:0.1929 STATE:IDLE
[2026-06-02 23:36:44Z] CHK MOM:-0.1% RANGE:0.12% UP:22.22% SPREAD:0.10378827% BID:0.1927 ASK:0.1929 MID:0.1928 P1:0.1928 P2:0.19285 P3:0.1928 P4:0.19285 STATE:IDLE
[2026-06-02 23:36:45Z] CHK MOM:-0.12% RANGE:0.12% UP:11.11% SPREAD:0.10378827% BID:0.1927 ASK:0.1929 MID:0.1928 P1:0.1928 P2:0.1928 P3:0.19285 P4:0.1928 STATE:IDLE
[2026-06-02 23:36:45Z] CHK MOM:-0.15% RANGE:0.15% UP:10% SPREAD:0.05189413% BID:0.1927 ASK:0.1928 MID:0.19275 P1:0.19275 P2:0.1928 P3:0.1928 P4:0.19285 STATE:IDLE
[2026-06-02 23:36:46Z] CHK MOM:-0.15% RANGE:0.15% UP:10% SPREAD:0.05189413% BID:0.1927 ASK:0.1928 MID:0.19275 P1:0.19275 P2:0.1928 P3:0.1928 P4:0.19285 STATE:IDLE
[2026-06-02 23:36:46Z] CHK MOM:-0.15% RANGE:0.15% UP:11.11% SPREAD:0.10384215% BID:0.1926 ASK:0.1928 MID:0.19269999 P1:0.19269999 P2:0.19275 P3:0.1928 P4:0.1928 STATE:IDLE
[2026-06-02 23:36:47Z] CHK MOM:-0.15% RANGE:0.15% UP:11.11% SPREAD:0.10384215% BID:0.1926 ASK:0.1928 MID:0.19269999 P1:0.19269999 P2:0.19275 P3:0.1928 P4:0.1928 STATE:IDLE
[2026-06-02 23:36:47Z] CHK MOM:-0.15% RANGE:0.15% UP:11.11% SPREAD:0.05192107% BID:0.1926 ASK:0.1927 MID:0.19265 P1:0.19265 P2:0.19269999 P3:0.19275 P4:0.1928 STATE:IDLE
[2026-06-02 23:36:48Z] CHK MOM:-0.18% RANGE:0.18% UP:10% SPREAD:0.1038961% BID:0.1925 ASK:0.1927 MID:0.1926 P1:0.1926 P2:0.19265 P3:0.19269999 P4:0.19275 STATE:IDLE
[2026-06-02 23:36:48Z] CHK MOM:-0.18% RANGE:0.18% UP:10% SPREAD:0.1038961% BID:0.1925 ASK:0.1927 MID:0.1926 P1:0.1926 P2:0.19265 P3:0.19269999 P4:0.19275 STATE:IDLE
[2026-06-02 23:36:49Z] CHK MOM:-0.12% RANGE:0.18% UP:18.18% SPREAD:0.10384215% BID:0.1926 ASK:0.1928 MID:0.19269999 P1:0.19269999 P2:0.1926 P3:0.19265 P4:0.19269999 STATE:IDLE
[2026-06-02 23:36:49Z] CHK MOM:-0.12% RANGE:0.18% UP:18.18% SPREAD:0.10384215% BID:0.1926 ASK:0.1928 MID:0.19269999 P1:0.19269999 P2:0.1926 P3:0.19265 P4:0.19269999 STATE:IDLE
[2026-06-02 23:36:50Z] CHK MOM:-0.12% RANGE:0.18% UP:18.18% SPREAD:0.10384215% BID:0.1926 ASK:0.1928 MID:0.19269999 P1:0.19269999 P2:0.1926 P3:0.19265 P4:0.19269999 STATE:IDLE
[2026-06-02 23:36:50Z] CHK MOM:-0.12% RANGE:0.18% UP:18.18% SPREAD:0.10384215% BID:0.1926 ASK:0.1928 MID:0.19269999 P1:0.19269999 P2:0.1926 P3:0.19265 P4:0.19269999 STATE:IDLE
[2026-06-02 23:36:51Z] CHK MOM:-0.07% RANGE:0.12% UP:20% SPREAD:0.10384215% BID:0.1926 ASK:0.1928 MID:0.19269999 P1:0.19269999 P2:0.19269999 P3:0.1926 P4:0.19265 STATE:IDLE
[2026-06-02 23:36:51Z] CHK MOM:-0.07% RANGE:0.12% UP:20% SPREAD:0.10384215% BID:0.1926 ASK:0.1928 MID:0.19269999 P1:0.19269999 P2:0.19269999 P3:0.1926 P4:0.19265 STATE:IDLE
[2026-06-02 23:36:52Z] CHK MOM:-0.07% RANGE:0.12% UP:20% SPREAD:0.10384215% BID:0.1926 ASK:0.1928 MID:0.19269999 P1:0.19269999 P2:0.19269999 P3:0.1926 P4:0.19265 STATE:IDLE
[2026-06-02 23:36:53Z] CHK MOM:-0.07% RANGE:0.12% UP:20% SPREAD:0.10384215% BID:0.1926 ASK:0.1928 MID:0.19269999 P1:0.19269999 P2:0.19269999 P3:0.1926 P4:0.19265 STATE:IDLE
[2026-06-02 23:36:53Z] CHK MOM:-0.07% RANGE:0.12% UP:11.11% SPREAD:0.10384215% BID:0.1926 ASK:0.1928 MID:0.19269999 P1:0.19269999 P2:0.19269999 P3:0.19269999 P4:0.1926 STATE:IDLE
[2026-06-02 23:36:54Z] CHK MOM:-0.07% RANGE:0.12% UP:11.11% SPREAD:0.10384215% BID:0.1926 ASK:0.1928 MID:0.19269999 P1:0.19269999 P2:0.19269999 P3:0.19269999 P4:0.1926 STATE:IDLE
[2026-06-02 23:36:54Z] CHK MOM:-0.07% RANGE:0.12% UP:10% SPREAD:0.10384215% BID:0.1926 ASK:0.1928 MID:0.19269999 P1:0.19269999 P2:0.19269999 P3:0.19269999 P4:0.19269999 STATE:IDLE
[2026-06-02 23:36:55Z] CHK MOM:-0.07% RANGE:0.12% UP:10% SPREAD:0.10384215% BID:0.1926 ASK:0.1928 MID:0.19269999 P1:0.19269999 P2:0.19269999 P3:0.19269999 P4:0.19269999 STATE:IDLE
[2026-06-02 23:36:55Z] CHK MOM:-0.12% RANGE:0.12% UP:10% SPREAD:0.15592515% BID:0.1924 ASK:0.1927 MID:0.19255 P1:0.19255 P2:0.19269999 P3:0.19269999 P4:0.19269999 STATE:IDLE
[2026-06-02 23:36:56Z] CHK MOM:-0.1% RANGE:0.12% UP:18.18% SPREAD:0.1038961% BID:0.1925 ASK:0.1927 MID:0.1926 P1:0.1926 P2:0.19255 P3:0.19269999 P4:0.19269999 STATE:IDLE
[2026-06-02 23:36:56Z] CHK MOM:-0.15% RANGE:0.15% UP:18.18% SPREAD:0.1039501% BID:0.1924 ASK:0.1926 MID:0.1925 P1:0.1925 P2:0.1926 P3:0.19255 P4:0.19269999 STATE:IDLE
[2026-06-02 23:36:57Z] CHK MOM:-0.15% RANGE:0.15% UP:18.18% SPREAD:0.1039501% BID:0.1924 ASK:0.1926 MID:0.1925 P1:0.1925 P2:0.1926 P3:0.19255 P4:0.19269999 STATE:IDLE
[2026-06-02 23:36:57Z] CHK MOM:-0.15% RANGE:0.15% UP:18.18% SPREAD:0.1039501% BID:0.1924 ASK:0.1926 MID:0.1925 P1:0.1925 P2:0.1926 P3:0.19255 P4:0.19269999 STATE:IDLE
[2026-06-02 23:36:58Z] CHK MOM:-0.15% RANGE:0.15% UP:18.18% SPREAD:0.1039501% BID:0.1924 ASK:0.1926 MID:0.1925 P1:0.1925 P2:0.1926 P3:0.19255 P4:0.19269999 STATE:IDLE
[2026-06-02 23:36:58Z] CHK MOM:-0.12% RANGE:0.15% UP:22.22% SPREAD:0.10400416% BID:0.1923 ASK:0.1925 MID:0.1924 P1:0.1924 P2:0.1925 P3:0.1926 P4:0.19255 STATE:IDLE
[2026-06-02 23:36:59Z] CHK MOM:-0.12% RANGE:0.15% UP:20% SPREAD:0.10400416% BID:0.1923 ASK:0.1925 MID:0.1924 P1:0.1924 P2:0.1924 P3:0.1925 P4:0.1926 STATE:IDLE
[2026-06-02 23:37:00Z] CHK MOM:-0.15% RANGE:0.15% UP:11.11% SPREAD:0.10400416% BID:0.1923 ASK:0.1925 MID:0.1924 P1:0.1924 P2:0.1924 P3:0.1924 P4:0.1925 STATE:IDLE
[2026-06-02 23:37:00Z] CHK MOM:-0.15% RANGE:0.15% UP:10% SPREAD:0.10400416% BID:0.1923 ASK:0.1925 MID:0.1924 P1:0.1924 P2:0.1924 P3:0.1924 P4:0.1924 STATE:IDLE
[2026-06-02 23:37:01Z] CHK MOM:-0.15% RANGE:0.15% UP:10% SPREAD:0.10400416% BID:0.1923 ASK:0.1925 MID:0.1924 P1:0.1924 P2:0.1924 P3:0.1924 P4:0.1924 STATE:IDLE
[2026-06-02 23:37:01Z] CHK MOM:-0.15% RANGE:0.15% UP:10% SPREAD:0.10400416% BID:0.1923 ASK:0.1925 MID:0.1924 P1:0.1924 P2:0.1924 P3:0.1924 P4:0.1924 STATE:IDLE
[2026-06-02 23:37:02Z] CHK MOM:-0.15% RANGE:0.15% UP:10% SPREAD:0.10400416% BID:0.1923 ASK:0.1925 MID:0.1924 P1:0.1924 P2:0.1924 P3:0.1924 P4:0.1924 STATE:IDLE
[2026-06-02 23:37:02Z] CHK MOM:-0.15% RANGE:0.15% UP:10% SPREAD:0.10400416% BID:0.1923 ASK:0.1925 MID:0.1924 P1:0.1924 P2:0.1924 P3:0.1924 P4:0.1924 STATE:IDLE
[2026-06-02 23:37:02Z] TOKEN_SWITCH old=JUPUSDC new=NEARUSDC source=.service.env
