[2026-06-03 00:38:48Z] SESSION_START symbol=JUPUSDC dry_run=0 profile=major strategy=momentum base_url=https://api.binance.com
[2026-06-03 00:38:48Z] TOXIC_MEMORY_LOADED count=1 symbols=ORDIUSDC
[2026-06-03 00:38:50Z] CHK MOM:0% RANGE:0% UP:0% SPREAD:0.1015744% BID:0.1969 ASK:0.1971 MID:0.197 P1:0.197 P2:NA P3:NA P4:NA STATE:IDLE
[2026-06-03 00:38:50Z] CHK MOM:0.02% RANGE:0.02% UP:100% SPREAD:0.05076142% BID:0.197 ASK:0.1971 MID:0.19705 P1:0.19705 P2:0.197 P3:NA P4:NA STATE:IDLE
[2026-06-03 00:38:51Z] CHK MOM:0.02% RANGE:0.02% UP:100% SPREAD:0.05076142% BID:0.197 ASK:0.1971 MID:0.19705 P1:0.19705 P2:0.197 P3:NA P4:NA STATE:IDLE
[2026-06-03 00:38:51Z] CHK MOM:0.02% RANGE:0.02% UP:100% SPREAD:0.05076142% BID:0.197 ASK:0.1971 MID:0.19705 P1:0.19705 P2:0.197 P3:NA P4:NA STATE:IDLE
[2026-06-03 00:38:52Z] CHK MOM:0% RANGE:0.02% UP:50% SPREAD:0.1015744% BID:0.1969 ASK:0.1971 MID:0.197 P1:0.197 P2:0.19705 P3:0.197 P4:NA STATE:IDLE
[2026-06-03 00:38:52Z] CHK MOM:0% RANGE:0.02% UP:50% SPREAD:0.1015744% BID:0.1969 ASK:0.1971 MID:0.197 P1:0.197 P2:0.19705 P3:0.197 P4:NA STATE:IDLE
[2026-06-03 00:38:53Z] CHK MOM:0% RANGE:0.02% UP:50% SPREAD:0.1015744% BID:0.1969 ASK:0.1971 MID:0.197 P1:0.197 P2:0.19705 P3:0.197 P4:NA STATE:IDLE
[2026-06-03 00:38:53Z] CHK MOM:0% RANGE:0.02% UP:50% SPREAD:0.1015744% BID:0.1969 ASK:0.1971 MID:0.197 P1:0.197 P2:0.19705 P3:0.197 P4:NA STATE:IDLE
[2026-06-03 00:38:54Z] CHK MOM:0% RANGE:0.02% UP:50% SPREAD:0.1015744% BID:0.1969 ASK:0.1971 MID:0.197 P1:0.197 P2:0.19705 P3:0.197 P4:NA STATE:IDLE
[2026-06-03 00:38:54Z] CHK MOM:0% RANGE:0.02% UP:50% SPREAD:0.1015744% BID:0.1969 ASK:0.1971 MID:0.197 P1:0.197 P2:0.19705 P3:0.197 P4:NA STATE:IDLE
[2026-06-03 00:38:58Z] CHK MOM:0.02% RANGE:0.02% UP:66.66% SPREAD:0.05076142% BID:0.197 ASK:0.1971 MID:0.19705 P1:0.19705 P2:0.197 P3:0.19705 P4:0.197 STATE:IDLE
[2026-06-03 00:38:58Z] CHK MOM:0% RANGE:0.02% UP:50% SPREAD:0.1015744% BID:0.1969 ASK:0.1971 MID:0.197 P1:0.197 P2:0.19705 P3:0.197 P4:0.19705 STATE:IDLE
[2026-06-03 00:38:59Z] CHK MOM:0% RANGE:0.02% UP:50% SPREAD:0.1015744% BID:0.1969 ASK:0.1971 MID:0.197 P1:0.197 P2:0.19705 P3:0.197 P4:0.19705 STATE:IDLE
[2026-06-03 00:38:59Z] CHK MOM:0% RANGE:0.02% UP:50% SPREAD:0.1015744% BID:0.1969 ASK:0.1971 MID:0.197 P1:0.197 P2:0.19705 P3:0.197 P4:0.19705 STATE:IDLE
[2026-06-03 00:39:00Z] CHK MOM:0% RANGE:0.02% UP:50% SPREAD:0.1015744% BID:0.1969 ASK:0.1971 MID:0.197 P1:0.197 P2:0.19705 P3:0.197 P4:0.19705 STATE:IDLE
[2026-06-03 00:39:00Z] CHK MOM:0% RANGE:0.02% UP:50% SPREAD:0.1015744% BID:0.1969 ASK:0.1971 MID:0.197 P1:0.197 P2:0.19705 P3:0.197 P4:0.19705 STATE:IDLE
[2026-06-03 00:39:01Z] CHK MOM:0% RANGE:0.02% UP:50% SPREAD:0.1015744% BID:0.1969 ASK:0.1971 MID:0.197 P1:0.197 P2:0.19705 P3:0.197 P4:0.19705 STATE:IDLE
[2026-06-03 00:39:04Z] CHK MOM:-0.05% RANGE:0.07% UP:33.33% SPREAD:0.10162601% BID:0.1968 ASK:0.197 MID:0.1969 P1:0.1969 P2:0.197 P3:0.19705 P4:0.197 STATE:IDLE
[2026-06-03 00:39:04Z] CHK MOM:-0.05% RANGE:0.07% UP:33.33% SPREAD:0.0507872% BID:0.1969 ASK:0.197 MID:0.19695 P1:0.19695 P2:0.1969 P3:0.197 P4:0.19705 STATE:IDLE
[2026-06-03 00:39:05Z] CHK MOM:-0.07% RANGE:0.07% UP:25% SPREAD:0.10162601% BID:0.1968 ASK:0.197 MID:0.1969 P1:0.1969 P2:0.19695 P3:0.1969 P4:0.197 STATE:IDLE
[2026-06-03 00:39:05Z] CHK MOM:-0.07% RANGE:0.07% UP:20% SPREAD:0.10162601% BID:0.1968 ASK:0.197 MID:0.1969 P1:0.1969 P2:0.1969 P3:0.19695 P4:0.1969 STATE:IDLE
[2026-06-03 00:39:06Z] CHK MOM:-0.07% RANGE:0.07% UP:16.66% SPREAD:0.10162601% BID:0.1968 ASK:0.197 MID:0.1969 P1:0.1969 P2:0.1969 P3:0.1969 P4:0.19695 STATE:IDLE
[2026-06-03 00:39:06Z] CHK MOM:-0.07% RANGE:0.07% UP:16.66% SPREAD:0.10162601% BID:0.1968 ASK:0.197 MID:0.1969 P1:0.1969 P2:0.1969 P3:0.1969 P4:0.19695 STATE:IDLE
[2026-06-03 00:39:07Z] CHK MOM:-0.07% RANGE:0.07% UP:16.66% SPREAD:0.10162601% BID:0.1968 ASK:0.197 MID:0.1969 P1:0.1969 P2:0.1969 P3:0.1969 P4:0.19695 STATE:IDLE
[2026-06-03 00:39:07Z] CHK MOM:-0.07% RANGE:0.07% UP:16.66% SPREAD:0.10162601% BID:0.1968 ASK:0.197 MID:0.1969 P1:0.1969 P2:0.1969 P3:0.1969 P4:0.19695 STATE:IDLE
[2026-06-03 00:39:08Z] CHK MOM:-0.07% RANGE:0.07% UP:16.66% SPREAD:0.10162601% BID:0.1968 ASK:0.197 MID:0.1969 P1:0.1969 P2:0.1969 P3:0.1969 P4:0.19695 STATE:IDLE
[2026-06-03 00:39:08Z] CHK MOM:-0.07% RANGE:0.07% UP:16.66% SPREAD:0.10162601% BID:0.1968 ASK:0.197 MID:0.1969 P1:0.1969 P2:0.1969 P3:0.1969 P4:0.19695 STATE:IDLE
[2026-06-03 00:39:09Z] CHK MOM:-0.1% RANGE:0.1% UP:14.28% SPREAD:0.050813% BID:0.1968 ASK:0.1969 MID:0.19685 P1:0.19685 P2:0.1969 P3:0.1969 P4:0.1969 STATE:IDLE
[2026-06-03 00:39:10Z] CHK MOM:-0.05% RANGE:0.07% UP:28.57% SPREAD:0.10162601% BID:0.1968 ASK:0.197 MID:0.1969 P1:0.1969 P2:0.19685 P3:0.1969 P4:0.1969 STATE:IDLE
[2026-06-03 00:39:10Z] CHK MOM:-0.05% RANGE:0.07% UP:28.57% SPREAD:0.10162601% BID:0.1968 ASK:0.197 MID:0.1969 P1:0.1969 P2:0.19685 P3:0.1969 P4:0.1969 STATE:IDLE
[2026-06-03 00:39:11Z] CHK MOM:-0.05% RANGE:0.07% UP:28.57% SPREAD:0.10162601% BID:0.1968 ASK:0.197 MID:0.1969 P1:0.1969 P2:0.19685 P3:0.1969 P4:0.1969 STATE:IDLE
[2026-06-03 00:39:11Z] CHK MOM:-0.05% RANGE:0.07% UP:28.57% SPREAD:0.10162601% BID:0.1968 ASK:0.197 MID:0.1969 P1:0.1969 P2:0.19685 P3:0.1969 P4:0.1969 STATE:IDLE
[2026-06-03 00:39:12Z] CHK MOM:-0.05% RANGE:0.07% UP:28.57% SPREAD:0.10162601% BID:0.1968 ASK:0.197 MID:0.1969 P1:0.1969 P2:0.19685 P3:0.1969 P4:0.1969 STATE:IDLE
[2026-06-03 00:39:15Z] CHK MOM:0.02% RANGE:0.05% UP:42.85% SPREAD:0.0507872% BID:0.1969 ASK:0.197 MID:0.19695 P1:0.19695 P2:0.1969 P3:0.19685 P4:0.1969 STATE:IDLE
[2026-06-03 00:39:15Z] CHK MOM:0.02% RANGE:0.05% UP:42.85% SPREAD:0.0507872% BID:0.1969 ASK:0.197 MID:0.19695 P1:0.19695 P2:0.1969 P3:0.19685 P4:0.1969 STATE:IDLE
[2026-06-03 00:39:16Z] CHK MOM:0.02% RANGE:0.07% UP:42.85% SPREAD:0.1015744% BID:0.1969 ASK:0.1971 MID:0.197 P1:0.197 P2:0.19695 P3:0.1969 P4:0.19685 STATE:IDLE
[2026-06-03 00:39:16Z] CHK MOM:-0.05% RANGE:0.1% UP:42.85% SPREAD:0.10167768% BID:0.1967 ASK:0.1969 MID:0.1968 P1:0.1968 P2:0.197 P3:0.19695 P4:0.1969 STATE:IDLE
[2026-06-03 00:39:17Z] CHK MOM:-0.05% RANGE:0.1% UP:42.85% SPREAD:0.10167768% BID:0.1967 ASK:0.1969 MID:0.1968 P1:0.1968 P2:0.197 P3:0.19695 P4:0.1969 STATE:IDLE
[2026-06-03 00:39:17Z] CHK MOM:-0.05% RANGE:0.1% UP:42.85% SPREAD:0.10167768% BID:0.1967 ASK:0.1969 MID:0.1968 P1:0.1968 P2:0.197 P3:0.19695 P4:0.1969 STATE:IDLE
[2026-06-03 00:39:18Z] CHK MOM:-0.05% RANGE:0.1% UP:42.85% SPREAD:0.10167768% BID:0.1967 ASK:0.1969 MID:0.1968 P1:0.1968 P2:0.197 P3:0.19695 P4:0.1969 STATE:IDLE
[2026-06-03 00:39:18Z] CHK MOM:0% RANGE:0.1% UP:80% SPREAD:0.050813% BID:0.1968 ASK:0.1969 MID:0.19685 P1:0.19685 P2:0.1968 P3:0.197 P4:0.19695 STATE:IDLE
[2026-06-03 00:39:19Z] CHK MOM:0% RANGE:0.1% UP:66.66% SPREAD:0.050813% BID:0.1968 ASK:0.1969 MID:0.19685 P1:0.19685 P2:0.19685 P3:0.1968 P4:0.197 STATE:IDLE
[2026-06-03 00:39:19Z] CHK MOM:0% RANGE:0.1% UP:66.66% SPREAD:0.050813% BID:0.1968 ASK:0.1969 MID:0.19685 P1:0.19685 P2:0.19685 P3:0.1968 P4:0.197 STATE:IDLE
[2026-06-03 00:39:20Z] CHK MOM:0% RANGE:0.1% UP:66.66% SPREAD:0.050813% BID:0.1968 ASK:0.1969 MID:0.19685 P1:0.19685 P2:0.19685 P3:0.1968 P4:0.197 STATE:IDLE
[2026-06-03 00:39:21Z] CHK MOM:0% RANGE:0.1% UP:66.66% SPREAD:0.050813% BID:0.1968 ASK:0.1969 MID:0.19685 P1:0.19685 P2:0.19685 P3:0.1968 P4:0.197 STATE:IDLE
[2026-06-03 00:39:21Z] CHK MOM:-0.05% RANGE:0.1% UP:50% SPREAD:0.10167768% BID:0.1967 ASK:0.1969 MID:0.1968 P1:0.1968 P2:0.19685 P3:0.19685 P4:0.1968 STATE:IDLE
[2026-06-03 00:39:22Z] CHK MOM:-0.05% RANGE:0.1% UP:50% SPREAD:0.10167768% BID:0.1967 ASK:0.1969 MID:0.1968 P1:0.1968 P2:0.19685 P3:0.19685 P4:0.1968 STATE:IDLE
[2026-06-03 00:39:22Z] CHK MOM:-0.05% RANGE:0.1% UP:50% SPREAD:0.10167768% BID:0.1967 ASK:0.1969 MID:0.1968 P1:0.1968 P2:0.19685 P3:0.19685 P4:0.1968 STATE:IDLE
[2026-06-03 00:39:23Z] CHK MOM:-0.05% RANGE:0.1% UP:50% SPREAD:0.10167768% BID:0.1967 ASK:0.1969 MID:0.1968 P1:0.1968 P2:0.19685 P3:0.19685 P4:0.1968 STATE:IDLE
[2026-06-03 00:39:23Z] CHK MOM:-0.05% RANGE:0.1% UP:50% SPREAD:0.10167768% BID:0.1967 ASK:0.1969 MID:0.1968 P1:0.1968 P2:0.19685 P3:0.19685 P4:0.1968 STATE:IDLE
[2026-06-03 00:39:24Z] CHK MOM:-0.05% RANGE:0.1% UP:50% SPREAD:0.10167768% BID:0.1967 ASK:0.1969 MID:0.1968 P1:0.1968 P2:0.19685 P3:0.19685 P4:0.1968 STATE:IDLE
[2026-06-03 00:39:24Z] CHK MOM:-0.07% RANGE:0.1% UP:33.33% SPREAD:0.10167768% BID:0.1967 ASK:0.1969 MID:0.1968 P1:0.1968 P2:0.1968 P3:0.19685 P4:0.19685 STATE:IDLE
[2026-06-03 00:39:25Z] CHK MOM:-0.07% RANGE:0.1% UP:28.57% SPREAD:0.10167768% BID:0.1967 ASK:0.1969 MID:0.1968 P1:0.1968 P2:0.1968 P3:0.1968 P4:0.19685 STATE:IDLE
[2026-06-03 00:39:26Z] CHK MOM:-0.12% RANGE:0.15% UP:25% SPREAD:0.10172939% BID:0.1966 ASK:0.1968 MID:0.19669999 P1:0.19669999 P2:0.1968 P3:0.1968 P4:0.1968 STATE:IDLE
[2026-06-03 00:39:26Z] CHK MOM:-0.12% RANGE:0.15% UP:22.22% SPREAD:0.10172939% BID:0.1966 ASK:0.1968 MID:0.19669999 P1:0.19669999 P2:0.19669999 P3:0.1968 P4:0.1968 STATE:IDLE
[2026-06-03 00:39:27Z] CHK MOM:-0.12% RANGE:0.15% UP:22.22% SPREAD:0.10172939% BID:0.1966 ASK:0.1968 MID:0.19669999 P1:0.19669999 P2:0.19669999 P3:0.1968 P4:0.1968 STATE:IDLE
[2026-06-03 00:39:27Z] CHK MOM:-0.2% RANGE:0.2% UP:11.11% SPREAD:0.10178117% BID:0.1965 ASK:0.1967 MID:0.1966 P1:0.1966 P2:0.19669999 P3:0.19669999 P4:0.1968 STATE:IDLE
[2026-06-03 00:39:28Z] CHK MOM:-0.2% RANGE:0.2% UP:11.11% SPREAD:0.10178117% BID:0.1965 ASK:0.1967 MID:0.1966 P1:0.1966 P2:0.19669999 P3:0.19669999 P4:0.1968 STATE:IDLE
[2026-06-03 00:39:28Z] CHK MOM:-0.12% RANGE:0.12% UP:0% SPREAD:0.10178117% BID:0.1965 ASK:0.1967 MID:0.1966 P1:0.1966 P2:0.1966 P3:0.19669999 P4:0.19669999 STATE:IDLE
[2026-06-03 00:39:29Z] CHK MOM:-0.15% RANGE:0.15% UP:0% SPREAD:0.05089058% BID:0.1965 ASK:0.1966 MID:0.19655 P1:0.19655 P2:0.1966 P3:0.1966 P4:0.19669999 STATE:IDLE
[2026-06-03 00:39:29Z] CHK MOM:-0.15% RANGE:0.15% UP:0% SPREAD:0.05089058% BID:0.1965 ASK:0.1966 MID:0.19655 P1:0.19655 P2:0.1966 P3:0.1966 P4:0.19669999 STATE:IDLE
[2026-06-03 00:39:30Z] CHK MOM:-0.15% RANGE:0.15% UP:0% SPREAD:0.05089058% BID:0.1965 ASK:0.1966 MID:0.19655 P1:0.19655 P2:0.1966 P3:0.1966 P4:0.19669999 STATE:IDLE
[2026-06-03 00:39:30Z] CHK MOM:-0.07% RANGE:0.15% UP:10% SPREAD:0.10172939% BID:0.1966 ASK:0.1968 MID:0.19669999 P1:0.19669999 P2:0.19655 P3:0.1966 P4:0.1966 STATE:IDLE
[2026-06-03 00:39:31Z] CHK MOM:-0.05% RANGE:0.12% UP:11.11% SPREAD:0.10172939% BID:0.1966 ASK:0.1968 MID:0.19669999 P1:0.19669999 P2:0.19669999 P3:0.19655 P4:0.1966 STATE:IDLE
[2026-06-03 00:39:32Z] CHK MOM:-0.05% RANGE:0.12% UP:11.11% SPREAD:0.10172939% BID:0.1966 ASK:0.1968 MID:0.19669999 P1:0.19669999 P2:0.19669999 P3:0.19655 P4:0.1966 STATE:IDLE
[2026-06-03 00:39:32Z] CHK MOM:-0.05% RANGE:0.12% UP:11.11% SPREAD:0.10172939% BID:0.1966 ASK:0.1968 MID:0.19669999 P1:0.19669999 P2:0.19669999 P3:0.19655 P4:0.1966 STATE:IDLE
[2026-06-03 00:39:33Z] CHK MOM:-0.05% RANGE:0.12% UP:11.11% SPREAD:0.10172939% BID:0.1966 ASK:0.1968 MID:0.19669999 P1:0.19669999 P2:0.19669999 P3:0.19655 P4:0.1966 STATE:IDLE
[2026-06-03 00:39:33Z] CHK MOM:-0.05% RANGE:0.12% UP:11.11% SPREAD:0.10172939% BID:0.1966 ASK:0.1968 MID:0.19669999 P1:0.19669999 P2:0.19669999 P3:0.19655 P4:0.1966 STATE:IDLE
[2026-06-03 00:39:34Z] CHK MOM:-0.05% RANGE:0.12% UP:11.11% SPREAD:0.10172939% BID:0.1966 ASK:0.1968 MID:0.19669999 P1:0.19669999 P2:0.19669999 P3:0.19655 P4:0.1966 STATE:IDLE
[2026-06-03 00:39:35Z] CHK MOM:-0.02% RANGE:0.12% UP:22.22% SPREAD:0.05083884% BID:0.1967 ASK:0.1968 MID:0.19675 P1:0.19675 P2:0.19669999 P3:0.19669999 P4:0.19655 STATE:IDLE
[2026-06-03 00:39:36Z] CHK MOM:-0.02% RANGE:0.12% UP:22.22% SPREAD:0.05083884% BID:0.1967 ASK:0.1968 MID:0.19675 P1:0.19675 P2:0.19669999 P3:0.19669999 P4:0.19655 STATE:IDLE
[2026-06-03 00:39:37Z] CHK MOM:-0.05% RANGE:0.12% UP:20% SPREAD:0.10172939% BID:0.1966 ASK:0.1968 MID:0.19669999 P1:0.19669999 P2:0.19675 P3:0.19669999 P4:0.19669999 STATE:IDLE
[2026-06-03 00:39:37Z] CHK MOM:0.02% RANGE:0.1% UP:37.5% SPREAD:0.05083884% BID:0.1967 ASK:0.1968 MID:0.19675 P1:0.19675 P2:0.19669999 P3:0.19675 P4:0.19669999 STATE:IDLE
[2026-06-03 00:39:38Z] CHK MOM:0.02% RANGE:0.1% UP:37.5% SPREAD:0.05083884% BID:0.1967 ASK:0.1968 MID:0.19675 P1:0.19675 P2:0.19669999 P3:0.19675 P4:0.19669999 STATE:IDLE
[2026-06-03 00:39:38Z] CHK MOM:0.02% RANGE:0.1% UP:37.5% SPREAD:0.05083884% BID:0.1967 ASK:0.1968 MID:0.19675 P1:0.19675 P2:0.19669999 P3:0.19675 P4:0.19669999 STATE:IDLE
[2026-06-03 00:39:39Z] CHK MOM:0.07% RANGE:0.1% UP:37.5% SPREAD:0.05083884% BID:0.1967 ASK:0.1968 MID:0.19675 P1:0.19675 P2:0.19675 P3:0.19669999 P4:0.19675 STATE:IDLE
[2026-06-03 00:39:39Z] CHK MOM:0.07% RANGE:0.1% UP:37.5% SPREAD:0.05083884% BID:0.1967 ASK:0.1968 MID:0.19675 P1:0.19675 P2:0.19675 P3:0.19669999 P4:0.19675 STATE:IDLE
[2026-06-03 00:39:40Z] CHK MOM:0.07% RANGE:0.1% UP:37.5% SPREAD:0.05083884% BID:0.1967 ASK:0.1968 MID:0.19675 P1:0.19675 P2:0.19675 P3:0.19669999 P4:0.19675 STATE:IDLE
[2026-06-03 00:39:40Z] CHK MOM:0.07% RANGE:0.1% UP:37.5% SPREAD:0.05083884% BID:0.1967 ASK:0.1968 MID:0.19675 P1:0.19675 P2:0.19675 P3:0.19669999 P4:0.19675 STATE:IDLE
[2026-06-03 00:39:41Z] CHK MOM:0.07% RANGE:0.1% UP:37.5% SPREAD:0.05083884% BID:0.1967 ASK:0.1968 MID:0.19675 P1:0.19675 P2:0.19675 P3:0.19669999 P4:0.19675 STATE:IDLE
[2026-06-03 00:39:41Z] CHK MOM:0.07% RANGE:0.1% UP:37.5% SPREAD:0.05083884% BID:0.1967 ASK:0.1968 MID:0.19675 P1:0.19675 P2:0.19675 P3:0.19669999 P4:0.19675 STATE:IDLE
[2026-06-03 00:39:43Z] CHK MOM:0.05% RANGE:0.05% UP:60% SPREAD:0.10167768% BID:0.1967 ASK:0.1969 MID:0.1968 P1:0.1968 P2:0.19675 P3:0.19675 P4:0.19669999 STATE:IDLE
[2026-06-03 00:39:44Z] CHK MOM:0% RANGE:0.05% UP:40% SPREAD:0.05083884% BID:0.1967 ASK:0.1968 MID:0.19675 P1:0.19675 P2:0.1968 P3:0.19675 P4:0.19675 STATE:IDLE
[2026-06-03 00:39:44Z] CHK MOM:0% RANGE:0.05% UP:40% SPREAD:0.05083884% BID:0.1967 ASK:0.1968 MID:0.19675 P1:0.19675 P2:0.1968 P3:0.19675 P4:0.19675 STATE:IDLE
[2026-06-03 00:39:45Z] CHK MOM:0% RANGE:0.05% UP:40% SPREAD:0.05083884% BID:0.1967 ASK:0.1968 MID:0.19675 P1:0.19675 P2:0.1968 P3:0.19675 P4:0.19675 STATE:IDLE
[2026-06-03 00:39:45Z] CHK MOM:0% RANGE:0.05% UP:40% SPREAD:0.05083884% BID:0.1967 ASK:0.1968 MID:0.19675 P1:0.19675 P2:0.1968 P3:0.19675 P4:0.19675 STATE:IDLE
[2026-06-03 00:39:46Z] CHK MOM:0% RANGE:0.05% UP:40% SPREAD:0.05083884% BID:0.1967 ASK:0.1968 MID:0.19675 P1:0.19675 P2:0.1968 P3:0.19675 P4:0.19675 STATE:IDLE
[2026-06-03 00:39:50Z] CHK MOM:0% RANGE:0.02% UP:33.33% SPREAD:0.05083884% BID:0.1967 ASK:0.1968 MID:0.19675 P1:0.19675 P2:0.19675 P3:0.1968 P4:0.19675 STATE:IDLE
[2026-06-03 00:39:51Z] CHK MOM:0% RANGE:0.02% UP:33.33% SPREAD:0.05083884% BID:0.1967 ASK:0.1968 MID:0.19675 P1:0.19675 P2:0.19675 P3:0.1968 P4:0.19675 STATE:IDLE
[2026-06-03 00:39:51Z] CHK MOM:0% RANGE:0.02% UP:33.33% SPREAD:0.05083884% BID:0.1967 ASK:0.1968 MID:0.19675 P1:0.19675 P2:0.19675 P3:0.1968 P4:0.19675 STATE:IDLE
[2026-06-03 00:39:52Z] CHK MOM:0% RANGE:0.02% UP:33.33% SPREAD:0.05083884% BID:0.1967 ASK:0.1968 MID:0.19675 P1:0.19675 P2:0.19675 P3:0.1968 P4:0.19675 STATE:IDLE
[2026-06-03 00:39:52Z] CHK MOM:-0.02% RANGE:0.02% UP:0% SPREAD:0.05083884% BID:0.1967 ASK:0.1968 MID:0.19675 P1:0.19675 P2:0.19675 P3:0.19675 P4:0.1968 STATE:IDLE
[2026-06-03 00:39:53Z] CHK MOM:-0.02% RANGE:0.02% UP:0% SPREAD:0.05083884% BID:0.1967 ASK:0.1968 MID:0.19675 P1:0.19675 P2:0.19675 P3:0.19675 P4:0.1968 STATE:IDLE
[2026-06-03 00:39:53Z] CHK MOM:-0.02% RANGE:0.02% UP:0% SPREAD:0.05083884% BID:0.1967 ASK:0.1968 MID:0.19675 P1:0.19675 P2:0.19675 P3:0.19675 P4:0.1968 STATE:IDLE
[2026-06-03 00:39:54Z] CHK MOM:-0.02% RANGE:0.02% UP:0% SPREAD:0.05083884% BID:0.1967 ASK:0.1968 MID:0.19675 P1:0.19675 P2:0.19675 P3:0.19675 P4:0.1968 STATE:IDLE
[2026-06-03 00:39:54Z] CHK MOM:-0.02% RANGE:0.02% UP:0% SPREAD:0.05083884% BID:0.1967 ASK:0.1968 MID:0.19675 P1:0.19675 P2:0.19675 P3:0.19675 P4:0.1968 STATE:IDLE
[2026-06-03 00:39:55Z] CHK MOM:-0.02% RANGE:0.02% UP:0% SPREAD:0.05083884% BID:0.1967 ASK:0.1968 MID:0.19675 P1:0.19675 P2:0.19675 P3:0.19675 P4:0.1968 STATE:IDLE
[2026-06-03 00:40:02Z] CHK MOM:0% RANGE:0% UP:0% SPREAD:0.05083884% BID:0.1967 ASK:0.1968 MID:0.19675 P1:0.19675 P2:0.19675 P3:0.19675 P4:0.19675 STATE:IDLE
[2026-06-03 00:40:02Z] CHK MOM:0.05% RANGE:0.05% UP:50% SPREAD:0.050813% BID:0.1968 ASK:0.1969 MID:0.19685 P1:0.19685 P2:0.19675 P3:0.19675 P4:0.19675 STATE:IDLE
[2026-06-03 00:40:03Z] CHK MOM:0.05% RANGE:0.05% UP:33.33% SPREAD:0.050813% BID:0.1968 ASK:0.1969 MID:0.19685 P1:0.19685 P2:0.19685 P3:0.19675 P4:0.19675 STATE:IDLE
[2026-06-03 00:40:03Z] CHK MOM:0.05% RANGE:0.05% UP:25% SPREAD:0.050813% BID:0.1968 ASK:0.1969 MID:0.19685 P1:0.19685 P2:0.19685 P3:0.19685 P4:0.19675 STATE:IDLE
[2026-06-03 00:40:04Z] CHK MOM:0.05% RANGE:0.05% UP:25% SPREAD:0.050813% BID:0.1968 ASK:0.1969 MID:0.19685 P1:0.19685 P2:0.19685 P3:0.19685 P4:0.19675 STATE:IDLE
[2026-06-03 00:40:04Z] CHK MOM:0.05% RANGE:0.05% UP:20% SPREAD:0.050813% BID:0.1968 ASK:0.1969 MID:0.19685 P1:0.19685 P2:0.19685 P3:0.19685 P4:0.19685 STATE:IDLE
[2026-06-03 00:40:05Z] CHK MOM:0.05% RANGE:0.05% UP:20% SPREAD:0.050813% BID:0.1968 ASK:0.1969 MID:0.19685 P1:0.19685 P2:0.19685 P3:0.19685 P4:0.19685 STATE:IDLE
[2026-06-03 00:40:05Z] CHK MOM:0.05% RANGE:0.05% UP:20% SPREAD:0.050813% BID:0.1968 ASK:0.1969 MID:0.19685 P1:0.19685 P2:0.19685 P3:0.19685 P4:0.19685 STATE:IDLE
[2026-06-03 00:40:06Z] CHK MOM:0.05% RANGE:0.05% UP:20% SPREAD:0.050813% BID:0.1968 ASK:0.1969 MID:0.19685 P1:0.19685 P2:0.19685 P3:0.19685 P4:0.19685 STATE:IDLE
[2026-06-03 00:40:06Z] CHK MOM:0.05% RANGE:0.05% UP:20% SPREAD:0.050813% BID:0.1968 ASK:0.1969 MID:0.19685 P1:0.19685 P2:0.19685 P3:0.19685 P4:0.19685 STATE:IDLE
[2026-06-03 00:40:07Z] CHK MOM:0.05% RANGE:0.05% UP:20% SPREAD:0.050813% BID:0.1968 ASK:0.1969 MID:0.19685 P1:0.19685 P2:0.19685 P3:0.19685 P4:0.19685 STATE:IDLE
[2026-06-03 00:40:08Z] CHK MOM:0.1% RANGE:0.1% UP:33.33% SPREAD:0.0507872% BID:0.1969 ASK:0.197 MID:0.19695 P1:0.19695 P2:0.19685 P3:0.19685 P4:0.19685 STATE:IDLE
[2026-06-03 00:40:08Z] CHK MOM:-0.05% RANGE:0.15% UP:28.57% SPREAD:0.05086469% BID:0.1966 ASK:0.1967 MID:0.19665 P1:0.19665 P2:0.19695 P3:0.19685 P4:0.19685 STATE:IDLE
[2026-06-03 00:40:09Z] CHK MOM:-0.1% RANGE:0.2% UP:25% SPREAD:0.05089058% BID:0.1965 ASK:0.1966 MID:0.19655 P1:0.19655 P2:0.19665 P3:0.19695 P4:0.19685 STATE:IDLE
[2026-06-03 00:40:09Z] CHK MOM:-0.1% RANGE:0.2% UP:22.22% SPREAD:0.05089058% BID:0.1965 ASK:0.1966 MID:0.19655 P1:0.19655 P2:0.19655 P3:0.19665 P4:0.19695 STATE:IDLE
[2026-06-03 00:40:10Z] CHK MOM:-0.05% RANGE:0.2% UP:30% SPREAD:0.05086469% BID:0.1966 ASK:0.1967 MID:0.19665 P1:0.19665 P2:0.19655 P3:0.19655 P4:0.19665 STATE:IDLE
[2026-06-03 00:40:10Z] CHK MOM:-0.05% RANGE:0.2% UP:30% SPREAD:0.05086469% BID:0.1966 ASK:0.1967 MID:0.19665 P1:0.19665 P2:0.19655 P3:0.19655 P4:0.19665 STATE:IDLE
[2026-06-03 00:40:11Z] CHK MOM:-0.05% RANGE:0.2% UP:30% SPREAD:0.05086469% BID:0.1966 ASK:0.1967 MID:0.19665 P1:0.19665 P2:0.19655 P3:0.19655 P4:0.19665 STATE:IDLE
[2026-06-03 00:40:11Z] CHK MOM:-0.05% RANGE:0.2% UP:30% SPREAD:0.05086469% BID:0.1966 ASK:0.1967 MID:0.19665 P1:0.19665 P2:0.19655 P3:0.19655 P4:0.19665 STATE:IDLE
[2026-06-03 00:40:12Z] CHK MOM:-0.05% RANGE:0.2% UP:30% SPREAD:0.05086469% BID:0.1966 ASK:0.1967 MID:0.19665 P1:0.19665 P2:0.19655 P3:0.19655 P4:0.19665 STATE:IDLE
[2026-06-03 00:40:13Z] CHK MOM:-0.05% RANGE:0.2% UP:30% SPREAD:0.05086469% BID:0.1966 ASK:0.1967 MID:0.19665 P1:0.19665 P2:0.19655 P3:0.19655 P4:0.19665 STATE:IDLE
[2026-06-03 00:40:16Z] CHK MOM:-0.1% RANGE:0.2% UP:28.57% SPREAD:0.05086469% BID:0.1966 ASK:0.1967 MID:0.19665 P1:0.19665 P2:0.19665 P3:0.19655 P4:0.19655 STATE:IDLE
[2026-06-03 00:40:16Z] CHK MOM:-0.1% RANGE:0.2% UP:28.57% SPREAD:0.05086469% BID:0.1966 ASK:0.1967 MID:0.19665 P1:0.19665 P2:0.19665 P3:0.19655 P4:0.19655 STATE:IDLE
[2026-06-03 00:40:17Z] CHK MOM:-0.1% RANGE:0.2% UP:28.57% SPREAD:0.05086469% BID:0.1966 ASK:0.1967 MID:0.19665 P1:0.19665 P2:0.19665 P3:0.19655 P4:0.19655 STATE:IDLE
[2026-06-03 00:40:17Z] CHK MOM:-0.1% RANGE:0.2% UP:28.57% SPREAD:0.05086469% BID:0.1966 ASK:0.1967 MID:0.19665 P1:0.19665 P2:0.19665 P3:0.19655 P4:0.19655 STATE:IDLE
[2026-06-03 00:40:18Z] CHK MOM:-0.1% RANGE:0.2% UP:28.57% SPREAD:0.05086469% BID:0.1966 ASK:0.1967 MID:0.19665 P1:0.19665 P2:0.19665 P3:0.19655 P4:0.19655 STATE:IDLE
[2026-06-03 00:40:25Z] CHK MOM:0% RANGE:0% UP:0% SPREAD:0.05086469% BID:0.1966 ASK:0.1967 MID:0.19665 P1:0.19665 P2:0.19665 P3:0.19665 P4:0.19655 STATE:IDLE
[2026-06-03 00:40:26Z] CHK MOM:0% RANGE:0% UP:0% SPREAD:0.05086469% BID:0.1966 ASK:0.1967 MID:0.19665 P1:0.19665 P2:0.19665 P3:0.19665 P4:0.19655 STATE:IDLE
[2026-06-03 00:40:26Z] CHK MOM:0% RANGE:0% UP:0% SPREAD:0.05086469% BID:0.1966 ASK:0.1967 MID:0.19665 P1:0.19665 P2:0.19665 P3:0.19665 P4:0.19655 STATE:IDLE
[2026-06-03 00:40:27Z] CHK MOM:0% RANGE:0% UP:0% SPREAD:0.05086469% BID:0.1966 ASK:0.1967 MID:0.19665 P1:0.19665 P2:0.19665 P3:0.19665 P4:0.19655 STATE:IDLE
[2026-06-03 00:40:27Z] CHK MOM:0% RANGE:0% UP:0% SPREAD:0.05086469% BID:0.1966 ASK:0.1967 MID:0.19665 P1:0.19665 P2:0.19665 P3:0.19665 P4:0.19655 STATE:IDLE
[2026-06-03 00:40:35Z] CHK MOM:0% RANGE:0% UP:0% SPREAD:0.05086469% BID:0.1966 ASK:0.1967 MID:0.19665 P1:0.19665 P2:0.19665 P3:0.19665 P4:0.19665 STATE:IDLE
[2026-06-03 00:40:36Z] CHK MOM:0% RANGE:0% UP:0% SPREAD:0.05086469% BID:0.1966 ASK:0.1967 MID:0.19665 P1:0.19665 P2:0.19665 P3:0.19665 P4:0.19665 STATE:IDLE
[2026-06-03 00:40:36Z] CHK MOM:0% RANGE:0% UP:0% SPREAD:0.05086469% BID:0.1966 ASK:0.1967 MID:0.19665 P1:0.19665 P2:0.19665 P3:0.19665 P4:0.19665 STATE:IDLE
[2026-06-03 00:40:37Z] CHK MOM:0% RANGE:0% UP:0% SPREAD:0.05086469% BID:0.1966 ASK:0.1967 MID:0.19665 P1:0.19665 P2:0.19665 P3:0.19665 P4:0.19665 STATE:IDLE
[2026-06-03 00:40:37Z] CHK MOM:0% RANGE:0% UP:0% SPREAD:0.05086469% BID:0.1966 ASK:0.1967 MID:0.19665 P1:0.19665 P2:0.19665 P3:0.19665 P4:0.19665 STATE:IDLE
[2026-06-03 00:40:38Z] CHK MOM:-0.05% RANGE:0.05% UP:0% SPREAD:0.05089058% BID:0.1965 ASK:0.1966 MID:0.19655 P1:0.19655 P2:0.19665 P3:0.19665 P4:0.19665 STATE:IDLE
[2026-06-03 00:40:38Z] CHK MOM:-0.05% RANGE:0.05% UP:0% SPREAD:0.05089058% BID:0.1965 ASK:0.1966 MID:0.19655 P1:0.19655 P2:0.19665 P3:0.19665 P4:0.19665 STATE:IDLE
[2026-06-03 00:40:39Z] CHK MOM:-0.05% RANGE:0.05% UP:0% SPREAD:0.05089058% BID:0.1965 ASK:0.1966 MID:0.19655 P1:0.19655 P2:0.19665 P3:0.19665 P4:0.19665 STATE:IDLE
[2026-06-03 00:40:39Z] CHK MOM:-0.05% RANGE:0.05% UP:0% SPREAD:0.05089058% BID:0.1965 ASK:0.1966 MID:0.19655 P1:0.19655 P2:0.19665 P3:0.19665 P4:0.19665 STATE:IDLE
[2026-06-03 00:40:40Z] CHK MOM:-0.05% RANGE:0.05% UP:0% SPREAD:0.05089058% BID:0.1965 ASK:0.1966 MID:0.19655 P1:0.19655 P2:0.19665 P3:0.19665 P4:0.19665 STATE:IDLE
[2026-06-03 00:40:41Z] CHK MOM:-0.05% RANGE:0.05% UP:0% SPREAD:0.05089058% BID:0.1965 ASK:0.1966 MID:0.19655 P1:0.19655 P2:0.19665 P3:0.19665 P4:0.19665 STATE:IDLE
[2026-06-03 00:40:43Z] CHK MOM:-0.05% RANGE:0.05% UP:0% SPREAD:0.05089058% BID:0.1965 ASK:0.1966 MID:0.19655 P1:0.19655 P2:0.19655 P3:0.19665 P4:0.19665 STATE:IDLE
[2026-06-03 00:40:44Z] CHK MOM:-0.05% RANGE:0.05% UP:0% SPREAD:0.05089058% BID:0.1965 ASK:0.1966 MID:0.19655 P1:0.19655 P2:0.19655 P3:0.19665 P4:0.19665 STATE:IDLE
[2026-06-03 00:40:44Z] CHK MOM:-0.05% RANGE:0.05% UP:0% SPREAD:0.05089058% BID:0.1965 ASK:0.1966 MID:0.19655 P1:0.19655 P2:0.19655 P3:0.19665 P4:0.19665 STATE:IDLE
[2026-06-03 00:40:45Z] CHK MOM:-0.05% RANGE:0.05% UP:0% SPREAD:0.05089058% BID:0.1965 ASK:0.1966 MID:0.19655 P1:0.19655 P2:0.19655 P3:0.19665 P4:0.19665 STATE:IDLE
[2026-06-03 00:40:45Z] CHK MOM:-0.05% RANGE:0.05% UP:0% SPREAD:0.05089058% BID:0.1965 ASK:0.1966 MID:0.19655 P1:0.19655 P2:0.19655 P3:0.19665 P4:0.19665 STATE:IDLE
[2026-06-03 00:40:46Z] CHK MOM:-0.05% RANGE:0.05% UP:0% SPREAD:0.05089058% BID:0.1965 ASK:0.1966 MID:0.19655 P1:0.19655 P2:0.19655 P3:0.19665 P4:0.19665 STATE:IDLE
[2026-06-03 00:40:49Z] CHK MOM:0% RANGE:0% UP:0% SPREAD:0.05089058% BID:0.1965 ASK:0.1966 MID:0.19655 P1:0.19655 P2:0.19655 P3:0.19655 P4:0.19665 STATE:IDLE
[2026-06-03 00:40:49Z] CHK MOM:0% RANGE:0% UP:0% SPREAD:0.05089058% BID:0.1965 ASK:0.1966 MID:0.19655 P1:0.19655 P2:0.19655 P3:0.19655 P4:0.19665 STATE:IDLE
[2026-06-03 00:40:50Z] CHK MOM:-0.05% RANGE:0.05% UP:0% SPREAD:0.05091649% BID:0.1964 ASK:0.1965 MID:0.19645 P1:0.19645 P2:0.19655 P3:0.19655 P4:0.19655 STATE:IDLE
[2026-06-03 00:40:50Z] CHK MOM:-0.05% RANGE:0.05% UP:0% SPREAD:0.05091649% BID:0.1964 ASK:0.1965 MID:0.19645 P1:0.19645 P2:0.19655 P3:0.19655 P4:0.19655 STATE:IDLE
[2026-06-03 00:40:51Z] CHK MOM:-0.05% RANGE:0.05% UP:0% SPREAD:0.05091649% BID:0.1964 ASK:0.1965 MID:0.19645 P1:0.19645 P2:0.19645 P3:0.19655 P4:0.19655 STATE:IDLE
[2026-06-03 00:40:52Z] CHK MOM:-0.1% RANGE:0.1% UP:0% SPREAD:0.05094243% BID:0.1963 ASK:0.1964 MID:0.19635 P1:0.19635 P2:0.19645 P3:0.19645 P4:0.19655 STATE:IDLE
[2026-06-03 00:40:52Z] CHK MOM:-0.1% RANGE:0.1% UP:0% SPREAD:0.05094243% BID:0.1963 ASK:0.1964 MID:0.19635 P1:0.19635 P2:0.19635 P3:0.19645 P4:0.19645 STATE:IDLE
[2026-06-03 00:40:53Z] CHK MOM:-0.1% RANGE:0.1% UP:0% SPREAD:0.05094243% BID:0.1963 ASK:0.1964 MID:0.19635 P1:0.19635 P2:0.19635 P3:0.19635 P4:0.19645 STATE:IDLE
[2026-06-03 00:40:53Z] CHK MOM:-0.1% RANGE:0.1% UP:0% SPREAD:0.05094243% BID:0.1963 ASK:0.1964 MID:0.19635 P1:0.19635 P2:0.19635 P3:0.19635 P4:0.19645 STATE:IDLE
[2026-06-03 00:40:54Z] CHK MOM:-0.1% RANGE:0.1% UP:0% SPREAD:0.05094243% BID:0.1963 ASK:0.1964 MID:0.19635 P1:0.19635 P2:0.19635 P3:0.19635 P4:0.19635 STATE:IDLE
[2026-06-03 00:40:54Z] CHK MOM:-0.1% RANGE:0.1% UP:0% SPREAD:0.05094243% BID:0.1963 ASK:0.1964 MID:0.19635 P1:0.19635 P2:0.19635 P3:0.19635 P4:0.19635 STATE:IDLE
[2026-06-03 00:40:55Z] CHK MOM:-0.1% RANGE:0.1% UP:0% SPREAD:0.05094243% BID:0.1963 ASK:0.1964 MID:0.19635 P1:0.19635 P2:0.19635 P3:0.19635 P4:0.19635 STATE:IDLE
[2026-06-03 00:40:55Z] CHK MOM:-0.1% RANGE:0.1% UP:0% SPREAD:0.05094243% BID:0.1963 ASK:0.1964 MID:0.19635 P1:0.19635 P2:0.19635 P3:0.19635 P4:0.19635 STATE:IDLE
[2026-06-03 00:40:56Z] CHK MOM:-0.1% RANGE:0.1% UP:0% SPREAD:0.05094243% BID:0.1963 ASK:0.1964 MID:0.19635 P1:0.19635 P2:0.19635 P3:0.19635 P4:0.19635 STATE:IDLE
[2026-06-03 00:40:56Z] CHK MOM:-0.1% RANGE:0.1% UP:0% SPREAD:0.05094243% BID:0.1963 ASK:0.1964 MID:0.19635 P1:0.19635 P2:0.19635 P3:0.19635 P4:0.19635 STATE:IDLE
[2026-06-03 00:40:57Z] CHK MOM:-0.1% RANGE:0.1% UP:0% SPREAD:0.05094243% BID:0.1963 ASK:0.1964 MID:0.19635 P1:0.19635 P2:0.19635 P3:0.19635 P4:0.19635 STATE:IDLE
[2026-06-03 00:40:58Z] CHK MOM:-0.1% RANGE:0.1% UP:0% SPREAD:0.05094243% BID:0.1963 ASK:0.1964 MID:0.19635 P1:0.19635 P2:0.19635 P3:0.19635 P4:0.19635 STATE:IDLE
[2026-06-03 00:40:58Z] CHK MOM:-0.1% RANGE:0.1% UP:0% SPREAD:0.05094243% BID:0.1963 ASK:0.1964 MID:0.19635 P1:0.19635 P2:0.19635 P3:0.19635 P4:0.19635 STATE:IDLE
[2026-06-03 00:40:59Z] CHK MOM:-0.1% RANGE:0.1% UP:0% SPREAD:0.05094243% BID:0.1963 ASK:0.1964 MID:0.19635 P1:0.19635 P2:0.19635 P3:0.19635 P4:0.19635 STATE:IDLE
[2026-06-03 00:40:59Z] CHK MOM:-0.15% RANGE:0.15% UP:0% SPREAD:0.05096839% BID:0.1962 ASK:0.1963 MID:0.19625 P1:0.19625 P2:0.19635 P3:0.19635 P4:0.19635 STATE:IDLE
[2026-06-03 00:41:00Z] CHK MOM:-0.15% RANGE:0.15% UP:0% SPREAD:0.05096839% BID:0.1962 ASK:0.1963 MID:0.19625 P1:0.19625 P2:0.19635 P3:0.19635 P4:0.19635 STATE:IDLE
[2026-06-03 00:41:00Z] CHK MOM:-0.15% RANGE:0.15% UP:0% SPREAD:0.05096839% BID:0.1962 ASK:0.1963 MID:0.19625 P1:0.19625 P2:0.19625 P3:0.19635 P4:0.19635 STATE:IDLE
[2026-06-03 00:41:01Z] CHK MOM:-0.1% RANGE:0.1% UP:0% SPREAD:0.05096839% BID:0.1962 ASK:0.1963 MID:0.19625 P1:0.19625 P2:0.19625 P3:0.19625 P4:0.19635 STATE:IDLE
[2026-06-03 00:41:01Z] CHK MOM:-0.1% RANGE:0.1% UP:0% SPREAD:0.05096839% BID:0.1962 ASK:0.1963 MID:0.19625 P1:0.19625 P2:0.19625 P3:0.19625 P4:0.19635 STATE:IDLE
[2026-06-03 00:41:02Z] CHK MOM:-0.1% RANGE:0.1% UP:0% SPREAD:0.05096839% BID:0.1962 ASK:0.1963 MID:0.19625 P1:0.19625 P2:0.19625 P3:0.19625 P4:0.19635 STATE:IDLE
[2026-06-03 00:41:03Z] CHK MOM:-0.1% RANGE:0.1% UP:0% SPREAD:0.05096839% BID:0.1962 ASK:0.1963 MID:0.19625 P1:0.19625 P2:0.19625 P3:0.19625 P4:0.19635 STATE:IDLE
[2026-06-03 00:41:03Z] TOKEN_SWITCH old=JUPUSDC new=ALLOUSDC source=.service.env
