[2026-06-02 23:37:04Z] SESSION_START symbol=NEARUSDC dry_run=0 profile=major strategy=momentum base_url=https://api.binance.com
[2026-06-02 23:37:04Z] TOXIC_MEMORY_LOADED count=1 symbols=ORDIUSDC
[2026-06-02 23:37:05Z] CHK MOM:0% RANGE:0% UP:0% SPREAD:0.07686395% BID:2.602 ASK:2.604 MID:2.60299999 P1:2.60299999 P2:NA P3:NA P4:NA STATE:IDLE
[2026-06-02 23:37:06Z] CHK MOM:0% RANGE:0% UP:0% SPREAD:0.07686395% BID:2.602 ASK:2.604 MID:2.60299999 P1:2.60299999 P2:2.60299999 P3:NA P4:NA STATE:IDLE
[2026-06-02 23:37:06Z] CHK MOM:0% RANGE:0% UP:0% SPREAD:0.07686395% BID:2.602 ASK:2.604 MID:2.60299999 P1:2.60299999 P2:2.60299999 P3:2.60299999 P4:NA STATE:IDLE
[2026-06-02 23:37:07Z] CHK MOM:0% RANGE:0% UP:0% SPREAD:0.07686395% BID:2.602 ASK:2.604 MID:2.60299999 P1:2.60299999 P2:2.60299999 P3:2.60299999 P4:NA STATE:IDLE
[2026-06-02 23:37:07Z] CHK MOM:0.05% RANGE:0.05% UP:33.33% SPREAD:0.03840245% BID:2.604 ASK:2.605 MID:2.6045 P1:2.6045 P2:2.60299999 P3:2.60299999 P4:2.60299999 STATE:IDLE
[2026-06-02 23:37:08Z] CHK MOM:0.07% RANGE:0.07% UP:50% SPREAD:0.07680491% BID:2.604 ASK:2.606 MID:2.605 P1:2.605 P2:2.6045 P3:2.60299999 P4:2.60299999 STATE:IDLE
[2026-06-02 23:37:08Z] CHK MOM:0.07% RANGE:0.07% UP:50% SPREAD:0.07680491% BID:2.604 ASK:2.606 MID:2.605 P1:2.605 P2:2.6045 P3:2.60299999 P4:2.60299999 STATE:IDLE
[2026-06-02 23:37:09Z] CHK MOM:0.07% RANGE:0.07% UP:40% SPREAD:0.07680491% BID:2.604 ASK:2.606 MID:2.605 P1:2.605 P2:2.605 P3:2.6045 P4:2.60299999 STATE:IDLE
[2026-06-02 23:37:09Z] CHK MOM:0.07% RANGE:0.07% UP:33.33% SPREAD:0.07680491% BID:2.604 ASK:2.606 MID:2.605 P1:2.605 P2:2.605 P3:2.605 P4:2.6045 STATE:IDLE
[2026-06-02 23:37:10Z] CHK MOM:0.07% RANGE:0.07% UP:28.57% SPREAD:0.07680491% BID:2.604 ASK:2.606 MID:2.605 P1:2.605 P2:2.605 P3:2.605 P4:2.605 STATE:IDLE
[2026-06-02 23:37:11Z] CHK MOM:0.07% RANGE:0.07% UP:25% SPREAD:0.07680491% BID:2.604 ASK:2.606 MID:2.605 P1:2.605 P2:2.605 P3:2.605 P4:2.605 STATE:IDLE
[2026-06-02 23:37:12Z] CHK MOM:0.07% RANGE:0.07% UP:25% SPREAD:0.07680491% BID:2.604 ASK:2.606 MID:2.605 P1:2.605 P2:2.605 P3:2.605 P4:2.605 STATE:IDLE
[2026-06-02 23:37:12Z] CHK MOM:0.07% RANGE:0.07% UP:22.22% SPREAD:0.07680491% BID:2.604 ASK:2.606 MID:2.605 P1:2.605 P2:2.605 P3:2.605 P4:2.605 STATE:IDLE
[2026-06-02 23:37:13Z] CHK MOM:0.07% RANGE:0.07% UP:20% SPREAD:0.07680491% BID:2.604 ASK:2.606 MID:2.605 P1:2.605 P2:2.605 P3:2.605 P4:2.605 STATE:IDLE
[2026-06-02 23:37:13Z] CHK MOM:-0.13% RANGE:0.21% UP:18.18% SPREAD:0.03847633% BID:2.599 ASK:2.6 MID:2.5995 P1:2.5995 P2:2.605 P3:2.605 P4:2.605 STATE:IDLE
[2026-06-02 23:37:14Z] CHK MOM:-0.15% RANGE:0.23% UP:16.66% SPREAD:0.07698229% BID:2.598 ASK:2.6 MID:2.599 P1:2.599 P2:2.5995 P3:2.605 P4:2.605 STATE:IDLE
[2026-06-02 23:37:14Z] CHK MOM:-0.15% RANGE:0.23% UP:15.38% SPREAD:0.07698229% BID:2.598 ASK:2.6 MID:2.599 P1:2.599 P2:2.599 P3:2.5995 P4:2.605 STATE:IDLE
[2026-06-02 23:37:15Z] CHK MOM:-0.15% RANGE:0.23% UP:14.28% SPREAD:0.07698229% BID:2.598 ASK:2.6 MID:2.599 P1:2.599 P2:2.599 P3:2.599 P4:2.5995 STATE:IDLE
[2026-06-02 23:37:15Z] CHK MOM:-0.15% RANGE:0.23% UP:13.33% SPREAD:0.07698229% BID:2.598 ASK:2.6 MID:2.599 P1:2.599 P2:2.599 P3:2.599 P4:2.599 STATE:IDLE
[2026-06-02 23:37:16Z] CHK MOM:-0.15% RANGE:0.23% UP:12.5% SPREAD:0.07698229% BID:2.598 ASK:2.6 MID:2.599 P1:2.599 P2:2.599 P3:2.599 P4:2.599 STATE:IDLE
[2026-06-02 23:37:17Z] CHK MOM:-0.15% RANGE:0.23% UP:11.76% SPREAD:0.07698229% BID:2.598 ASK:2.6 MID:2.599 P1:2.599 P2:2.599 P3:2.599 P4:2.599 STATE:IDLE
[2026-06-02 23:37:17Z] CHK MOM:-0.17% RANGE:0.25% UP:11.76% SPREAD:0.03849114% BID:2.598 ASK:2.599 MID:2.5985 P1:2.5985 P2:2.599 P3:2.599 P4:2.599 STATE:IDLE
[2026-06-02 23:37:18Z] CHK MOM:-0.15% RANGE:0.25% UP:16.66% SPREAD:0.07698229% BID:2.598 ASK:2.6 MID:2.599 P1:2.599 P2:2.5985 P3:2.599 P4:2.599 STATE:IDLE
[2026-06-02 23:37:18Z] CHK MOM:-0.15% RANGE:0.25% UP:16.66% SPREAD:0.07698229% BID:2.598 ASK:2.6 MID:2.599 P1:2.599 P2:2.5985 P3:2.599 P4:2.599 STATE:IDLE
[2026-06-02 23:37:19Z] CHK MOM:-0.23% RANGE:0.25% UP:11.76% SPREAD:0.03849114% BID:2.598 ASK:2.599 MID:2.5985 P1:2.5985 P2:2.599 P3:2.5985 P4:2.599 STATE:IDLE
[2026-06-02 23:37:19Z] CHK MOM:-0.24% RANGE:0.26% UP:11.11% SPREAD:0.07701193% BID:2.597 ASK:2.599 MID:2.598 P1:2.598 P2:2.5985 P3:2.599 P4:2.5985 STATE:IDLE
[2026-06-02 23:37:20Z] CHK MOM:-0.26% RANGE:0.26% UP:5.88% SPREAD:0.07701193% BID:2.597 ASK:2.599 MID:2.598 P1:2.598 P2:2.598 P3:2.5985 P4:2.599 STATE:IDLE
[2026-06-02 23:37:20Z] CHK MOM:-0.23% RANGE:0.26% UP:11.11% SPREAD:0.07698229% BID:2.598 ASK:2.6 MID:2.599 P1:2.599 P2:2.598 P3:2.598 P4:2.5985 STATE:IDLE
[2026-06-02 23:37:21Z] CHK MOM:-0.23% RANGE:0.26% UP:10.52% SPREAD:0.07698229% BID:2.598 ASK:2.6 MID:2.599 P1:2.599 P2:2.599 P3:2.598 P4:2.598 STATE:IDLE
[2026-06-02 23:37:22Z] CHK MOM:-0.23% RANGE:0.26% UP:10.52% SPREAD:0.07698229% BID:2.598 ASK:2.6 MID:2.599 P1:2.599 P2:2.599 P3:2.598 P4:2.598 STATE:IDLE
[2026-06-02 23:37:22Z] CHK MOM:-0.23% RANGE:0.26% UP:11.76% SPREAD:0.07698229% BID:2.598 ASK:2.6 MID:2.599 P1:2.599 P2:2.599 P3:2.599 P4:2.598 STATE:IDLE
[2026-06-02 23:37:23Z] CHK MOM:-0.23% RANGE:0.26% UP:11.76% SPREAD:0.07698229% BID:2.598 ASK:2.6 MID:2.599 P1:2.599 P2:2.599 P3:2.599 P4:2.599 STATE:IDLE
[2026-06-02 23:37:23Z] CHK MOM:-0.24% RANGE:0.26% UP:11.11% SPREAD:0.03849114% BID:2.598 ASK:2.599 MID:2.5985 P1:2.5985 P2:2.599 P3:2.599 P4:2.599 STATE:IDLE
[2026-06-02 23:37:24Z] CHK MOM:-0.24% RANGE:0.26% UP:10.52% SPREAD:0.03849114% BID:2.598 ASK:2.599 MID:2.5985 P1:2.5985 P2:2.5985 P3:2.599 P4:2.599 STATE:IDLE
[2026-06-02 23:37:24Z] CHK MOM:-0.3% RANGE:0.3% UP:10% SPREAD:0.0770416% BID:2.596 ASK:2.598 MID:2.597 P1:2.597 P2:2.5985 P3:2.5985 P4:2.599 STATE:IDLE
[2026-06-02 23:37:25Z] CHK MOM:-0.28% RANGE:0.3% UP:15% SPREAD:0.1155624% BID:2.596 ASK:2.599 MID:2.5975 P1:2.5975 P2:2.597 P3:2.5985 P4:2.5985 STATE:IDLE
[2026-06-02 23:37:25Z] CHK MOM:-0.09% RANGE:0.09% UP:15% SPREAD:0.0770416% BID:2.596 ASK:2.598 MID:2.597 P1:2.597 P2:2.5975 P3:2.597 P4:2.5985 STATE:IDLE
[2026-06-02 23:37:26Z] CHK MOM:-0.09% RANGE:0.09% UP:15% SPREAD:0.0385208% BID:2.596 ASK:2.597 MID:2.5965 P1:2.5965 P2:2.597 P3:2.5975 P4:2.597 STATE:IDLE
[2026-06-02 23:37:26Z] CHK MOM:-0.09% RANGE:0.09% UP:15% SPREAD:0.0385208% BID:2.596 ASK:2.597 MID:2.5965 P1:2.5965 P2:2.5965 P3:2.597 P4:2.5975 STATE:IDLE
[2026-06-02 23:37:27Z] CHK MOM:-0.09% RANGE:0.09% UP:15% SPREAD:0.0385208% BID:2.596 ASK:2.597 MID:2.5965 P1:2.5965 P2:2.5965 P3:2.5965 P4:2.597 STATE:IDLE
[2026-06-02 23:37:28Z] CHK MOM:-0.07% RANGE:0.09% UP:22.22% SPREAD:0.0770416% BID:2.596 ASK:2.598 MID:2.597 P1:2.597 P2:2.5965 P3:2.5965 P4:2.5965 STATE:IDLE
[2026-06-02 23:37:28Z] CHK MOM:-0.07% RANGE:0.09% UP:22.22% SPREAD:0.0770416% BID:2.596 ASK:2.598 MID:2.597 P1:2.597 P2:2.5965 P3:2.5965 P4:2.5965 STATE:IDLE
[2026-06-02 23:37:29Z] CHK MOM:-0.05% RANGE:0.09% UP:22.22% SPREAD:0.0770416% BID:2.596 ASK:2.598 MID:2.597 P1:2.597 P2:2.597 P3:2.5965 P4:2.5965 STATE:IDLE
[2026-06-02 23:37:29Z] CHK MOM:-0.01% RANGE:0.09% UP:26.31% SPREAD:0.07701193% BID:2.597 ASK:2.599 MID:2.598 P1:2.598 P2:2.597 P3:2.597 P4:2.5965 STATE:IDLE
[2026-06-02 23:37:30Z] CHK MOM:0.01% RANGE:0.09% UP:27.77% SPREAD:0.07698229% BID:2.598 ASK:2.6 MID:2.599 P1:2.599 P2:2.598 P3:2.597 P4:2.597 STATE:IDLE
[2026-06-02 23:37:30Z] CHK MOM:0.01% RANGE:0.09% UP:26.31% SPREAD:0.07698229% BID:2.598 ASK:2.6 MID:2.599 P1:2.599 P2:2.599 P3:2.598 P4:2.597 STATE:IDLE
[2026-06-02 23:37:31Z] CHK MOM:0.03% RANGE:0.09% UP:26.31% SPREAD:0.07698229% BID:2.598 ASK:2.6 MID:2.599 P1:2.599 P2:2.599 P3:2.599 P4:2.598 STATE:IDLE
[2026-06-02 23:37:31Z] CHK MOM:0.03% RANGE:0.09% UP:25% SPREAD:0.07698229% BID:2.598 ASK:2.6 MID:2.599 P1:2.599 P2:2.599 P3:2.599 P4:2.599 STATE:IDLE
[2026-06-02 23:37:32Z] CHK MOM:0.03% RANGE:0.09% UP:25% SPREAD:0.07698229% BID:2.598 ASK:2.6 MID:2.599 P1:2.599 P2:2.599 P3:2.599 P4:2.599 STATE:IDLE
[2026-06-02 23:37:33Z] CHK MOM:0.01% RANGE:0.11% UP:26.31% SPREAD:0.03847633% BID:2.599 ASK:2.6 MID:2.5995 P1:2.5995 P2:2.599 P3:2.599 P4:2.599 STATE:IDLE
[2026-06-02 23:37:33Z] CHK MOM:0% RANGE:0.11% UP:27.77% SPREAD:0.07698229% BID:2.598 ASK:2.6 MID:2.599 P1:2.599 P2:2.5995 P3:2.599 P4:2.599 STATE:IDLE
[2026-06-02 23:37:34Z] CHK MOM:0% RANGE:0.11% UP:26.31% SPREAD:0.07698229% BID:2.598 ASK:2.6 MID:2.599 P1:2.599 P2:2.599 P3:2.5995 P4:2.599 STATE:IDLE
[2026-06-02 23:37:34Z] CHK MOM:0% RANGE:0.11% UP:26.31% SPREAD:0.07698229% BID:2.598 ASK:2.6 MID:2.599 P1:2.599 P2:2.599 P3:2.599 P4:2.5995 STATE:IDLE
[2026-06-02 23:37:35Z] CHK MOM:-0.01% RANGE:0.11% UP:26.31% SPREAD:0.07701193% BID:2.597 ASK:2.599 MID:2.598 P1:2.598 P2:2.599 P3:2.599 P4:2.599 STATE:IDLE
[2026-06-02 23:37:35Z] CHK MOM:-0.03% RANGE:0.11% UP:25% SPREAD:0.03850596% BID:2.597 ASK:2.598 MID:2.5975 P1:2.5975 P2:2.598 P3:2.599 P4:2.599 STATE:IDLE
[2026-06-02 23:37:36Z] CHK MOM:0.01% RANGE:0.11% UP:26.31% SPREAD:0.03850596% BID:2.597 ASK:2.598 MID:2.5975 P1:2.5975 P2:2.5975 P3:2.598 P4:2.599 STATE:IDLE
[2026-06-02 23:37:36Z] CHK MOM:0.01% RANGE:0.11% UP:25% SPREAD:0.03850596% BID:2.597 ASK:2.598 MID:2.5975 P1:2.5975 P2:2.5975 P3:2.5975 P4:2.598 STATE:IDLE
[2026-06-02 23:37:37Z] CHK MOM:0.01% RANGE:0.11% UP:25% SPREAD:0.03850596% BID:2.597 ASK:2.598 MID:2.5975 P1:2.5975 P2:2.5975 P3:2.5975 P4:2.598 STATE:IDLE
[2026-06-02 23:37:37Z] CHK MOM:0.03% RANGE:0.11% UP:22.22% SPREAD:0.03850596% BID:2.597 ASK:2.598 MID:2.5975 P1:2.5975 P2:2.5975 P3:2.5975 P4:2.5975 STATE:IDLE
[2026-06-02 23:37:38Z] CHK MOM:0.03% RANGE:0.11% UP:22.22% SPREAD:0.03850596% BID:2.597 ASK:2.598 MID:2.5975 P1:2.5975 P2:2.5975 P3:2.5975 P4:2.5975 STATE:IDLE
[2026-06-02 23:37:39Z] CHK MOM:0.01% RANGE:0.09% UP:18.75% SPREAD:0.03850596% BID:2.597 ASK:2.598 MID:2.5975 P1:2.5975 P2:2.5975 P3:2.5975 P4:2.5975 STATE:IDLE
[2026-06-02 23:37:39Z] CHK MOM:0.01% RANGE:0.09% UP:17.64% SPREAD:0.03850596% BID:2.597 ASK:2.598 MID:2.5975 P1:2.5975 P2:2.5975 P3:2.5975 P4:2.5975 STATE:IDLE
[2026-06-02 23:37:40Z] CHK MOM:0.01% RANGE:0.09% UP:17.64% SPREAD:0.03850596% BID:2.597 ASK:2.598 MID:2.5975 P1:2.5975 P2:2.5975 P3:2.5975 P4:2.5975 STATE:IDLE
[2026-06-02 23:37:40Z] CHK MOM:0.01% RANGE:0.09% UP:17.64% SPREAD:0.03850596% BID:2.597 ASK:2.598 MID:2.5975 P1:2.5975 P2:2.5975 P3:2.5975 P4:2.5975 STATE:IDLE
[2026-06-02 23:37:41Z] CHK MOM:-0.01% RANGE:0.11% UP:16.66% SPREAD:0.0385208% BID:2.596 ASK:2.597 MID:2.5965 P1:2.5965 P2:2.5975 P3:2.5975 P4:2.5975 STATE:IDLE
[2026-06-02 23:37:41Z] CHK MOM:-0.07% RANGE:0.11% UP:11.76% SPREAD:0.0770416% BID:2.596 ASK:2.598 MID:2.597 P1:2.597 P2:2.5965 P3:2.5975 P4:2.5975 STATE:IDLE
[2026-06-02 23:37:42Z] CHK MOM:-0.07% RANGE:0.11% UP:11.76% SPREAD:0.0770416% BID:2.596 ASK:2.598 MID:2.597 P1:2.597 P2:2.5965 P3:2.5975 P4:2.5975 STATE:IDLE
[2026-06-02 23:37:42Z] CHK MOM:-0.09% RANGE:0.11% UP:11.76% SPREAD:0.0385208% BID:2.596 ASK:2.597 MID:2.5965 P1:2.5965 P2:2.597 P3:2.5965 P4:2.5975 STATE:IDLE
[2026-06-02 23:37:43Z] CHK MOM:-0.09% RANGE:0.11% UP:11.76% SPREAD:0.0385208% BID:2.596 ASK:2.597 MID:2.5965 P1:2.5965 P2:2.597 P3:2.5965 P4:2.5975 STATE:IDLE
[2026-06-02 23:37:44Z] CHK MOM:-0.07% RANGE:0.11% UP:18.75% SPREAD:0.0770416% BID:2.596 ASK:2.598 MID:2.597 P1:2.597 P2:2.5965 P3:2.597 P4:2.5965 STATE:IDLE
[2026-06-02 23:37:44Z] CHK MOM:-0.11% RANGE:0.11% UP:12.5% SPREAD:0.0385208% BID:2.596 ASK:2.597 MID:2.5965 P1:2.5965 P2:2.597 P3:2.5965 P4:2.597 STATE:IDLE
[2026-06-02 23:37:45Z] CHK MOM:-0.09% RANGE:0.09% UP:12.5% SPREAD:0.0385208% BID:2.596 ASK:2.597 MID:2.5965 P1:2.5965 P2:2.5965 P3:2.597 P4:2.5965 STATE:IDLE
[2026-06-02 23:37:45Z] CHK MOM:-0.09% RANGE:0.09% UP:11.76% SPREAD:0.0385208% BID:2.596 ASK:2.597 MID:2.5965 P1:2.5965 P2:2.5965 P3:2.5965 P4:2.597 STATE:IDLE
[2026-06-02 23:37:46Z] CHK MOM:-0.09% RANGE:0.09% UP:11.76% SPREAD:0.0385208% BID:2.596 ASK:2.597 MID:2.5965 P1:2.5965 P2:2.5965 P3:2.5965 P4:2.5965 STATE:IDLE
[2026-06-02 23:37:46Z] CHK MOM:-0.09% RANGE:0.09% UP:11.76% SPREAD:0.0385208% BID:2.596 ASK:2.597 MID:2.5965 P1:2.5965 P2:2.5965 P3:2.5965 P4:2.5965 STATE:IDLE
[2026-06-02 23:37:47Z] CHK MOM:-0.03% RANGE:0.05% UP:17.64% SPREAD:0.0770416% BID:2.596 ASK:2.598 MID:2.597 P1:2.597 P2:2.5965 P3:2.5965 P4:2.5965 STATE:IDLE
[2026-06-02 23:37:47Z] CHK MOM:-0.03% RANGE:0.03% UP:17.64% SPREAD:0.0385208% BID:2.596 ASK:2.597 MID:2.5965 P1:2.5965 P2:2.597 P3:2.5965 P4:2.5965 STATE:IDLE
[2026-06-02 23:37:48Z] CHK MOM:-0.03% RANGE:0.03% UP:17.64% SPREAD:0.0385208% BID:2.596 ASK:2.597 MID:2.5965 P1:2.5965 P2:2.5965 P3:2.597 P4:2.5965 STATE:IDLE
[2026-06-02 23:37:48Z] CHK MOM:-0.03% RANGE:0.03% UP:18.75% SPREAD:0.0385208% BID:2.596 ASK:2.597 MID:2.5965 P1:2.5965 P2:2.5965 P3:2.5965 P4:2.597 STATE:IDLE
[2026-06-02 23:37:49Z] CHK MOM:-0.01% RANGE:0.03% UP:23.52% SPREAD:0.0770416% BID:2.596 ASK:2.598 MID:2.597 P1:2.597 P2:2.5965 P3:2.5965 P4:2.5965 STATE:IDLE
[2026-06-02 23:37:50Z] CHK MOM:-0.03% RANGE:0.03% UP:22.22% SPREAD:0.0385208% BID:2.596 ASK:2.597 MID:2.5965 P1:2.5965 P2:2.597 P3:2.5965 P4:2.5965 STATE:IDLE
[2026-06-02 23:37:50Z] CHK MOM:-0.01% RANGE:0.03% UP:27.77% SPREAD:0.0770416% BID:2.596 ASK:2.598 MID:2.597 P1:2.597 P2:2.5965 P3:2.597 P4:2.5965 STATE:IDLE
[2026-06-02 23:37:51Z] CHK MOM:-0.01% RANGE:0.03% UP:27.77% SPREAD:0.0770416% BID:2.596 ASK:2.598 MID:2.597 P1:2.597 P2:2.5965 P3:2.597 P4:2.5965 STATE:IDLE
[2026-06-02 23:37:51Z] CHK MOM:-0.03% RANGE:0.03% UP:27.77% SPREAD:0.0385208% BID:2.596 ASK:2.597 MID:2.5965 P1:2.5965 P2:2.597 P3:2.5965 P4:2.597 STATE:IDLE
[2026-06-02 23:37:52Z] CHK MOM:-0.03% RANGE:0.03% UP:27.77% SPREAD:0.0385208% BID:2.596 ASK:2.597 MID:2.5965 P1:2.5965 P2:2.5965 P3:2.597 P4:2.5965 STATE:IDLE
[2026-06-02 23:37:52Z] CHK MOM:0% RANGE:0.01% UP:27.77% SPREAD:0.0385208% BID:2.596 ASK:2.597 MID:2.5965 P1:2.5965 P2:2.5965 P3:2.5965 P4:2.597 STATE:IDLE
[2026-06-02 23:37:53Z] CHK MOM:-0.01% RANGE:0.01% UP:22.22% SPREAD:0.0385208% BID:2.596 ASK:2.597 MID:2.5965 P1:2.5965 P2:2.5965 P3:2.5965 P4:2.5965 STATE:IDLE
[2026-06-02 23:37:53Z] CHK MOM:-0.01% RANGE:0.01% UP:22.22% SPREAD:0.0385208% BID:2.596 ASK:2.597 MID:2.5965 P1:2.5965 P2:2.5965 P3:2.5965 P4:2.5965 STATE:IDLE
[2026-06-02 23:37:54Z] CHK MOM:-0.01% RANGE:0.01% UP:22.22% SPREAD:0.0385208% BID:2.596 ASK:2.597 MID:2.5965 P1:2.5965 P2:2.5965 P3:2.5965 P4:2.5965 STATE:IDLE
[2026-06-02 23:37:55Z] CHK MOM:0% RANGE:0.01% UP:22.22% SPREAD:0.0385208% BID:2.596 ASK:2.597 MID:2.5965 P1:2.5965 P2:2.5965 P3:2.5965 P4:2.5965 STATE:IDLE
[2026-06-02 23:37:55Z] CHK MOM:0% RANGE:0.01% UP:22.22% SPREAD:0.0385208% BID:2.596 ASK:2.597 MID:2.5965 P1:2.5965 P2:2.5965 P3:2.5965 P4:2.5965 STATE:IDLE
[2026-06-02 23:37:56Z] CHK MOM:0% RANGE:0.01% UP:17.64% SPREAD:0.0385208% BID:2.596 ASK:2.597 MID:2.5965 P1:2.5965 P2:2.5965 P3:2.5965 P4:2.5965 STATE:IDLE
[2026-06-02 23:37:56Z] CHK MOM:0% RANGE:0.01% UP:17.64% SPREAD:0.0385208% BID:2.596 ASK:2.597 MID:2.5965 P1:2.5965 P2:2.5965 P3:2.5965 P4:2.5965 STATE:IDLE
[2026-06-02 23:37:57Z] CHK MOM:0.03% RANGE:0.03% UP:25% SPREAD:0.1155624% BID:2.596 ASK:2.599 MID:2.5975 P1:2.5975 P2:2.5965 P3:2.5965 P4:2.5965 STATE:IDLE
[2026-06-02 23:37:57Z] CHK MOM:0.03% RANGE:0.03% UP:25% SPREAD:0.1155624% BID:2.596 ASK:2.599 MID:2.5975 P1:2.5975 P2:2.5965 P3:2.5965 P4:2.5965 STATE:IDLE
[2026-06-02 23:37:58Z] CHK MOM:0.01% RANGE:0.03% UP:26.66% SPREAD:0.0770416% BID:2.596 ASK:2.598 MID:2.597 P1:2.597 P2:2.5975 P3:2.5965 P4:2.5965 STATE:IDLE
[2026-06-02 23:37:58Z] CHK MOM:0.01% RANGE:0.03% UP:26.66% SPREAD:0.0770416% BID:2.596 ASK:2.598 MID:2.597 P1:2.597 P2:2.5975 P3:2.5965 P4:2.5965 STATE:IDLE
[2026-06-02 23:37:59Z] CHK MOM:-0.01% RANGE:0.03% UP:20% SPREAD:0.0385208% BID:2.596 ASK:2.597 MID:2.5965 P1:2.5965 P2:2.597 P3:2.5975 P4:2.5965 STATE:IDLE
[2026-06-02 23:37:59Z] CHK MOM:0% RANGE:0.03% UP:20% SPREAD:0.0385208% BID:2.596 ASK:2.597 MID:2.5965 P1:2.5965 P2:2.5965 P3:2.597 P4:2.5975 STATE:IDLE
[2026-06-02 23:38:00Z] CHK MOM:0% RANGE:0.03% UP:21.42% SPREAD:0.0385208% BID:2.596 ASK:2.597 MID:2.5965 P1:2.5965 P2:2.5965 P3:2.5965 P4:2.597 STATE:IDLE
[2026-06-02 23:38:01Z] CHK MOM:-0.01% RANGE:0.03% UP:14.28% SPREAD:0.0385208% BID:2.596 ASK:2.597 MID:2.5965 P1:2.5965 P2:2.5965 P3:2.5965 P4:2.5965 STATE:IDLE
[2026-06-02 23:38:01Z] CHK MOM:-0.01% RANGE:0.03% UP:14.28% SPREAD:0.0385208% BID:2.596 ASK:2.597 MID:2.5965 P1:2.5965 P2:2.5965 P3:2.5965 P4:2.5965 STATE:IDLE
[2026-06-02 23:38:02Z] CHK MOM:-0.01% RANGE:0.03% UP:7.69% SPREAD:0.0385208% BID:2.596 ASK:2.597 MID:2.5965 P1:2.5965 P2:2.5965 P3:2.5965 P4:2.5965 STATE:IDLE
[2026-06-02 23:38:02Z] CHK MOM:-0.01% RANGE:0.03% UP:7.14% SPREAD:0.0385208% BID:2.596 ASK:2.597 MID:2.5965 P1:2.5965 P2:2.5965 P3:2.5965 P4:2.5965 STATE:IDLE
[2026-06-02 23:38:03Z] CHK MOM:0.01% RANGE:0.03% UP:14.28% SPREAD:0.0770416% BID:2.596 ASK:2.598 MID:2.597 P1:2.597 P2:2.5965 P3:2.5965 P4:2.5965 STATE:IDLE
[2026-06-02 23:38:03Z] CHK MOM:0.01% RANGE:0.03% UP:14.28% SPREAD:0.0770416% BID:2.596 ASK:2.598 MID:2.597 P1:2.597 P2:2.597 P3:2.5965 P4:2.5965 STATE:IDLE
[2026-06-02 23:38:04Z] CHK MOM:0.01% RANGE:0.03% UP:14.28% SPREAD:0.0770416% BID:2.596 ASK:2.598 MID:2.597 P1:2.597 P2:2.597 P3:2.597 P4:2.5965 STATE:IDLE
[2026-06-02 23:38:04Z] CHK MOM:0% RANGE:0.03% UP:13.33% SPREAD:0.0385208% BID:2.596 ASK:2.597 MID:2.5965 P1:2.5965 P2:2.597 P3:2.597 P4:2.597 STATE:IDLE
[2026-06-02 23:38:05Z] CHK MOM:0% RANGE:0.03% UP:14.28% SPREAD:0.0385208% BID:2.596 ASK:2.597 MID:2.5965 P1:2.5965 P2:2.5965 P3:2.597 P4:2.597 STATE:IDLE
[2026-06-02 23:38:06Z] CHK MOM:0% RANGE:0.03% UP:13.33% SPREAD:0.0385208% BID:2.596 ASK:2.597 MID:2.5965 P1:2.5965 P2:2.5965 P3:2.5965 P4:2.597 STATE:IDLE
[2026-06-02 23:38:06Z] CHK MOM:-0.03% RANGE:0.07% UP:12.5% SPREAD:0.03853564% BID:2.595 ASK:2.596 MID:2.5955 P1:2.5955 P2:2.5965 P3:2.5965 P4:2.5965 STATE:IDLE
[2026-06-02 23:38:07Z] CHK MOM:-0.03% RANGE:0.07% UP:12.5% SPREAD:0.03853564% BID:2.595 ASK:2.596 MID:2.5955 P1:2.5955 P2:2.5965 P3:2.5965 P4:2.5965 STATE:IDLE
[2026-06-02 23:38:07Z] CHK MOM:-0.03% RANGE:0.07% UP:12.5% SPREAD:0.03853564% BID:2.595 ASK:2.596 MID:2.5955 P1:2.5955 P2:2.5955 P3:2.5965 P4:2.5965 STATE:IDLE
[2026-06-02 23:38:08Z] CHK MOM:-0.03% RANGE:0.07% UP:12.5% SPREAD:0.03853564% BID:2.595 ASK:2.596 MID:2.5955 P1:2.5955 P2:2.5955 P3:2.5965 P4:2.5965 STATE:IDLE
[2026-06-02 23:38:08Z] CHK MOM:-0.05% RANGE:0.07% UP:12.5% SPREAD:0.07707129% BID:2.595 ASK:2.597 MID:2.596 P1:2.596 P2:2.5955 P3:2.5955 P4:2.5965 STATE:IDLE
[2026-06-02 23:38:09Z] CHK MOM:-0.05% RANGE:0.07% UP:12.5% SPREAD:0.07707129% BID:2.595 ASK:2.597 MID:2.596 P1:2.596 P2:2.5955 P3:2.5955 P4:2.5965 STATE:IDLE
[2026-06-02 23:38:09Z] CHK MOM:0% RANGE:0.05% UP:18.75% SPREAD:0.0770416% BID:2.596 ASK:2.598 MID:2.597 P1:2.597 P2:2.596 P3:2.5955 P4:2.5955 STATE:IDLE
[2026-06-02 23:38:10Z] CHK MOM:0% RANGE:0.05% UP:18.75% SPREAD:0.0770416% BID:2.596 ASK:2.598 MID:2.597 P1:2.597 P2:2.596 P3:2.5955 P4:2.5955 STATE:IDLE
[2026-06-02 23:38:10Z] CHK MOM:0% RANGE:0.05% UP:18.75% SPREAD:0.0385208% BID:2.596 ASK:2.597 MID:2.5965 P1:2.5965 P2:2.597 P3:2.596 P4:2.5955 STATE:IDLE
[2026-06-02 23:38:11Z] CHK MOM:0.01% RANGE:0.05% UP:23.52% SPREAD:0.0770416% BID:2.596 ASK:2.598 MID:2.597 P1:2.597 P2:2.5965 P3:2.597 P4:2.596 STATE:IDLE
[2026-06-02 23:38:12Z] CHK MOM:0.07% RANGE:0.11% UP:31.25% SPREAD:0.03849114% BID:2.598 ASK:2.599 MID:2.5985 P1:2.5985 P2:2.597 P3:2.5965 P4:2.597 STATE:IDLE
[2026-06-02 23:38:12Z] CHK MOM:0.07% RANGE:0.11% UP:31.25% SPREAD:0.03849114% BID:2.598 ASK:2.599 MID:2.5985 P1:2.5985 P2:2.5985 P3:2.597 P4:2.5965 STATE:IDLE
[2026-06-02 23:38:13Z] CHK MOM:0.07% RANGE:0.11% UP:29.41% SPREAD:0.03849114% BID:2.598 ASK:2.599 MID:2.5985 P1:2.5985 P2:2.5985 P3:2.5985 P4:2.597 STATE:IDLE
[2026-06-02 23:38:13Z] CHK MOM:0.13% RANGE:0.17% UP:35.29% SPREAD:0.07695267% BID:2.599 ASK:2.601 MID:2.6 P1:2.6 P2:2.5985 P3:2.5985 P4:2.5985 STATE:IDLE
[2026-06-02 23:38:14Z] CHK MOM:0.09% RANGE:0.17% UP:35.29% SPREAD:0.07698229% BID:2.598 ASK:2.6 MID:2.599 P1:2.599 P2:2.6 P3:2.5985 P4:2.5985 STATE:IDLE
[2026-06-02 23:38:14Z] CHK MOM:0.13% RANGE:0.19% UP:35.29% SPREAD:0.03846153% BID:2.6 ASK:2.601 MID:2.6005 P1:2.6005 P2:2.599 P3:2.6 P4:2.5985 STATE:IDLE
[2026-06-02 23:38:15Z] CHK MOM:0.11% RANGE:0.19% UP:35.29% SPREAD:0.07695267% BID:2.599 ASK:2.601 MID:2.6 P1:2.6 P2:2.6005 P3:2.599 P4:2.6 STATE:IDLE
[2026-06-02 23:38:15Z] CHK MOM:0.05% RANGE:0.19% UP:33.33% SPREAD:0.1155179% BID:2.597 ASK:2.6 MID:2.5985 P1:2.5985 P2:2.6 P3:2.6005 P4:2.599 STATE:IDLE
[2026-06-02 23:38:16Z] CHK MOM:0.09% RANGE:0.19% UP:41.17% SPREAD:0.07698229% BID:2.598 ASK:2.6 MID:2.599 P1:2.599 P2:2.5985 P3:2.6 P4:2.6005 STATE:IDLE
[2026-06-02 23:38:16Z] CHK MOM:0.09% RANGE:0.19% UP:41.17% SPREAD:0.07698229% BID:2.598 ASK:2.6 MID:2.599 P1:2.599 P2:2.5985 P3:2.6 P4:2.6005 STATE:IDLE
[2026-06-02 23:38:17Z] CHK MOM:0.17% RANGE:0.19% UP:53.33% SPREAD:0.07695267% BID:2.599 ASK:2.601 MID:2.6 P1:2.6 P2:2.599 P3:2.5985 P4:2.6 STATE:IDLE
[2026-06-02 23:38:18Z] CHK MOM:0.17% RANGE:0.19% UP:50% SPREAD:0.07695267% BID:2.599 ASK:2.601 MID:2.6 P1:2.6 P2:2.6 P3:2.599 P4:2.5985 STATE:IDLE
[2026-06-02 23:38:18Z] CHK MOM:0.15% RANGE:0.19% UP:50% SPREAD:0.11547344% BID:2.598 ASK:2.601 MID:2.5995 P1:2.5995 P2:2.6 P3:2.6 P4:2.599 STATE:IDLE
[2026-06-02 23:38:19Z] CHK MOM:0.13% RANGE:0.19% UP:47.05% SPREAD:0.07698229% BID:2.598 ASK:2.6 MID:2.599 P1:2.599 P2:2.5995 P3:2.6 P4:2.6 STATE:IDLE
[2026-06-02 23:38:19Z] CHK MOM:0.13% RANGE:0.19% UP:44.44% SPREAD:0.07698229% BID:2.598 ASK:2.6 MID:2.599 P1:2.599 P2:2.599 P3:2.5995 P4:2.6 STATE:IDLE
[2026-06-02 23:38:20Z] CHK MOM:0.15% RANGE:0.17% UP:44.44% SPREAD:0.07695267% BID:2.599 ASK:2.601 MID:2.6 P1:2.6 P2:2.599 P3:2.599 P4:2.5995 STATE:IDLE
[2026-06-02 23:38:20Z] CHK MOM:0.07% RANGE:0.15% UP:38.88% SPREAD:0.07698229% BID:2.598 ASK:2.6 MID:2.599 P1:2.599 P2:2.6 P3:2.599 P4:2.599 STATE:IDLE
[2026-06-02 23:38:21Z] CHK MOM:0.07% RANGE:0.15% UP:36.84% SPREAD:0.07698229% BID:2.598 ASK:2.6 MID:2.599 P1:2.599 P2:2.599 P3:2.6 P4:2.599 STATE:IDLE
[2026-06-02 23:38:21Z] CHK MOM:0.07% RANGE:0.15% UP:35% SPREAD:0.07698229% BID:2.598 ASK:2.6 MID:2.599 P1:2.599 P2:2.599 P3:2.599 P4:2.6 STATE:IDLE
[2026-06-02 23:38:22Z] CHK MOM:0.11% RANGE:0.15% UP:40% SPREAD:0.03847633% BID:2.599 ASK:2.6 MID:2.5995 P1:2.5995 P2:2.599 P3:2.599 P4:2.599 STATE:IDLE
[2026-06-02 23:38:22Z] CHK MOM:0.09% RANGE:0.13% UP:35% SPREAD:0.03847633% BID:2.599 ASK:2.6 MID:2.5995 P1:2.5995 P2:2.5995 P3:2.599 P4:2.599 STATE:IDLE
[2026-06-02 23:38:23Z] CHK MOM:0.03% RANGE:0.07% UP:30% SPREAD:0.03847633% BID:2.599 ASK:2.6 MID:2.5995 P1:2.5995 P2:2.5995 P3:2.5995 P4:2.599 STATE:IDLE
[2026-06-02 23:38:23Z] CHK MOM:0.03% RANGE:0.07% UP:30% SPREAD:0.03847633% BID:2.599 ASK:2.6 MID:2.5995 P1:2.5995 P2:2.5995 P3:2.5995 P4:2.599 STATE:IDLE
[2026-06-02 23:38:24Z] CHK MOM:0.01% RANGE:0.07% UP:30% SPREAD:0.07698229% BID:2.598 ASK:2.6 MID:2.599 P1:2.599 P2:2.5995 P3:2.5995 P4:2.5995 STATE:IDLE
[2026-06-02 23:38:24Z] CHK MOM:0.01% RANGE:0.07% UP:30% SPREAD:0.07698229% BID:2.598 ASK:2.6 MID:2.599 P1:2.599 P2:2.599 P3:2.5995 P4:2.5995 STATE:IDLE
[2026-06-02 23:38:25Z] CHK MOM:0.01% RANGE:0.07% UP:30% SPREAD:0.07698229% BID:2.598 ASK:2.6 MID:2.599 P1:2.599 P2:2.599 P3:2.5995 P4:2.5995 STATE:IDLE
[2026-06-02 23:38:25Z] CHK MOM:0.01% RANGE:0.07% UP:30% SPREAD:0.07698229% BID:2.598 ASK:2.6 MID:2.599 P1:2.599 P2:2.599 P3:2.5995 P4:2.5995 STATE:IDLE
[2026-06-02 23:38:26Z] CHK MOM:-0.05% RANGE:0.07% UP:22.22% SPREAD:0.07698229% BID:2.598 ASK:2.6 MID:2.599 P1:2.599 P2:2.599 P3:2.599 P4:2.5995 STATE:IDLE
[2026-06-02 23:38:26Z] CHK MOM:-0.03% RANGE:0.05% UP:22.22% SPREAD:0.07698229% BID:2.598 ASK:2.6 MID:2.599 P1:2.599 P2:2.599 P3:2.599 P4:2.599 STATE:IDLE
[2026-06-02 23:38:27Z] CHK MOM:0.01% RANGE:0.03% UP:23.52% SPREAD:0.03847633% BID:2.599 ASK:2.6 MID:2.5995 P1:2.5995 P2:2.599 P3:2.599 P4:2.599 STATE:IDLE
[2026-06-02 23:38:28Z] CHK MOM:0.11% RANGE:0.15% UP:23.52% SPREAD:0.07686395% BID:2.602 ASK:2.604 MID:2.60299999 P1:2.60299999 P2:2.5995 P3:2.599 P4:2.599 STATE:IDLE
[2026-06-02 23:38:28Z] CHK MOM:0.11% RANGE:0.15% UP:22.22% SPREAD:0.07686395% BID:2.602 ASK:2.604 MID:2.60299999 P1:2.60299999 P2:2.60299999 P3:2.5995 P4:2.599 STATE:IDLE
[2026-06-02 23:38:29Z] CHK MOM:0.09% RANGE:0.15% UP:21.05% SPREAD:0.11534025% BID:2.601 ASK:2.604 MID:2.6025 P1:2.6025 P2:2.60299999 P3:2.60299999 P4:2.5995 STATE:IDLE
[2026-06-02 23:38:29Z] CHK MOM:0.09% RANGE:0.15% UP:22.22% SPREAD:0.0768935% BID:2.601 ASK:2.603 MID:2.602 P1:2.602 P2:2.6025 P3:2.60299999 P4:2.60299999 STATE:IDLE
[2026-06-02 23:38:30Z] CHK MOM:0.07% RANGE:0.15% UP:21.05% SPREAD:0.03844675% BID:2.601 ASK:2.602 MID:2.60149999 P1:2.60149999 P2:2.602 P3:2.6025 P4:2.60299999 STATE:IDLE
[2026-06-02 23:38:30Z] CHK MOM:0.09% RANGE:0.15% UP:27.77% SPREAD:0.11538461% BID:2.6 ASK:2.603 MID:2.6015 P1:2.6015 P2:2.60149999 P3:2.602 P4:2.6025 STATE:IDLE
[2026-06-02 23:38:31Z] CHK MOM:0.05% RANGE:0.15% UP:22.22% SPREAD:0.11538461% BID:2.6 ASK:2.603 MID:2.6015 P1:2.6015 P2:2.6015 P3:2.60149999 P4:2.602 STATE:IDLE
[2026-06-02 23:38:31Z] CHK MOM:0.11% RANGE:0.15% UP:26.31% SPREAD:0.07686395% BID:2.602 ASK:2.604 MID:2.60299999 P1:2.60299999 P2:2.6015 P3:2.6015 P4:2.60149999 STATE:IDLE
[2026-06-02 23:38:32Z] CHK MOM:0.15% RANGE:0.15% UP:26.31% SPREAD:0.07686395% BID:2.602 ASK:2.604 MID:2.60299999 P1:2.60299999 P2:2.60299999 P3:2.6015 P4:2.6015 STATE:IDLE
[2026-06-02 23:38:33Z] CHK MOM:0.15% RANGE:0.15% UP:27.77% SPREAD:0.07686395% BID:2.602 ASK:2.604 MID:2.60299999 P1:2.60299999 P2:2.60299999 P3:2.60299999 P4:2.6015 STATE:IDLE
[2026-06-02 23:38:33Z] CHK MOM:0.13% RANGE:0.15% UP:22.22% SPREAD:0.07686395% BID:2.602 ASK:2.604 MID:2.60299999 P1:2.60299999 P2:2.60299999 P3:2.60299999 P4:2.60299999 STATE:IDLE
[2026-06-02 23:38:34Z] CHK MOM:0.13% RANGE:0.15% UP:22.22% SPREAD:0.07686395% BID:2.602 ASK:2.604 MID:2.60299999 P1:2.60299999 P2:2.60299999 P3:2.60299999 P4:2.60299999 STATE:IDLE
[2026-06-02 23:38:34Z] CHK MOM:0.13% RANGE:0.15% UP:23.52% SPREAD:0.07686395% BID:2.602 ASK:2.604 MID:2.60299999 P1:2.60299999 P2:2.60299999 P3:2.60299999 P4:2.60299999 STATE:IDLE
[2026-06-02 23:38:35Z] CHK MOM:0.19% RANGE:0.21% UP:27.77% SPREAD:0.03840245% BID:2.604 ASK:2.605 MID:2.6045 P1:2.6045 P2:2.60299999 P3:2.60299999 P4:2.60299999 STATE:IDLE
[2026-06-02 23:38:35Z] CHK MOM:0.19% RANGE:0.21% UP:27.77% SPREAD:0.07683442% BID:2.603 ASK:2.605 MID:2.604 P1:2.604 P2:2.6045 P3:2.60299999 P4:2.60299999 STATE:IDLE
[2026-06-02 23:38:36Z] CHK MOM:0.21% RANGE:0.21% UP:31.57% SPREAD:0.03840245% BID:2.604 ASK:2.605 MID:2.6045 P1:2.6045 P2:2.604 P3:2.6045 P4:2.60299999 STATE:IDLE
[2026-06-02 23:38:36Z] CHK MOM:0.21% RANGE:0.21% UP:33.33% SPREAD:0.03840245% BID:2.604 ASK:2.605 MID:2.6045 P1:2.6045 P2:2.6045 P3:2.604 P4:2.6045 STATE:IDLE
[2026-06-02 23:38:37Z] CHK MOM:0.19% RANGE:0.21% UP:31.57% SPREAD:0.07683442% BID:2.603 ASK:2.605 MID:2.604 P1:2.604 P2:2.6045 P3:2.6045 P4:2.604 STATE:IDLE
[2026-06-02 23:38:37Z] CHK MOM:0.19% RANGE:0.21% UP:30% SPREAD:0.07683442% BID:2.603 ASK:2.605 MID:2.604 P1:2.604 P2:2.604 P3:2.6045 P4:2.6045 STATE:IDLE
[2026-06-02 23:38:38Z] CHK MOM:0.19% RANGE:0.21% UP:28.57% SPREAD:0.07683442% BID:2.603 ASK:2.605 MID:2.604 P1:2.604 P2:2.604 P3:2.604 P4:2.6045 STATE:IDLE
[2026-06-02 23:38:39Z] CHK MOM:0.19% RANGE:0.21% UP:28.57% SPREAD:0.07683442% BID:2.603 ASK:2.605 MID:2.604 P1:2.604 P2:2.604 P3:2.604 P4:2.6045 STATE:IDLE
[2026-06-02 23:38:39Z] CHK MOM:0.03% RANGE:0.11% UP:21.05% SPREAD:0.07683442% BID:2.603 ASK:2.605 MID:2.604 P1:2.604 P2:2.604 P3:2.604 P4:2.604 STATE:IDLE
[2026-06-02 23:38:40Z] CHK MOM:0.05% RANGE:0.11% UP:25% SPREAD:0.03840245% BID:2.604 ASK:2.605 MID:2.6045 P1:2.6045 P2:2.604 P3:2.604 P4:2.604 STATE:IDLE
[2026-06-02 23:38:40Z] CHK MOM:0.07% RANGE:0.11% UP:26.31% SPREAD:0.03840245% BID:2.604 ASK:2.605 MID:2.6045 P1:2.6045 P2:2.6045 P3:2.604 P4:2.604 STATE:IDLE
[2026-06-02 23:38:41Z] CHK MOM:0.07% RANGE:0.11% UP:25% SPREAD:0.03840245% BID:2.604 ASK:2.605 MID:2.6045 P1:2.6045 P2:2.6045 P3:2.6045 P4:2.604 STATE:IDLE
[2026-06-02 23:38:41Z] CHK MOM:0.09% RANGE:0.11% UP:25% SPREAD:0.03840245% BID:2.604 ASK:2.605 MID:2.6045 P1:2.6045 P2:2.6045 P3:2.6045 P4:2.6045 STATE:IDLE
[2026-06-02 23:38:42Z] CHK MOM:0.11% RANGE:0.11% UP:21.05% SPREAD:0.03840245% BID:2.604 ASK:2.605 MID:2.6045 P1:2.6045 P2:2.6045 P3:2.6045 P4:2.6045 STATE:IDLE
[2026-06-02 23:38:42Z] CHK MOM:0.11% RANGE:0.11% UP:20% SPREAD:0.03840245% BID:2.604 ASK:2.605 MID:2.6045 P1:2.6045 P2:2.6045 P3:2.6045 P4:2.6045 STATE:IDLE
[2026-06-02 23:38:43Z] CHK MOM:0.11% RANGE:0.11% UP:20% SPREAD:0.03840245% BID:2.604 ASK:2.605 MID:2.6045 P1:2.6045 P2:2.6045 P3:2.6045 P4:2.6045 STATE:IDLE
[2026-06-02 23:38:44Z] CHK MOM:0.05% RANGE:0.05% UP:15.78% SPREAD:0.03840245% BID:2.604 ASK:2.605 MID:2.6045 P1:2.6045 P2:2.6045 P3:2.6045 P4:2.6045 STATE:IDLE
[2026-06-02 23:38:44Z] CHK MOM:0.03% RANGE:0.05% UP:16.66% SPREAD:0.07683442% BID:2.603 ASK:2.605 MID:2.604 P1:2.604 P2:2.6045 P3:2.6045 P4:2.6045 STATE:IDLE
[2026-06-02 23:38:45Z] CHK MOM:0.05% RANGE:0.05% UP:22.22% SPREAD:0.03840245% BID:2.604 ASK:2.605 MID:2.6045 P1:2.6045 P2:2.604 P3:2.6045 P4:2.6045 STATE:IDLE
[2026-06-02 23:38:45Z] CHK MOM:0.03% RANGE:0.05% UP:21.05% SPREAD:0.07683442% BID:2.603 ASK:2.605 MID:2.604 P1:2.604 P2:2.6045 P3:2.604 P4:2.6045 STATE:IDLE
[2026-06-02 23:38:46Z] CHK MOM:0.01% RANGE:0.05% UP:21.05% SPREAD:0.03841721% BID:2.603 ASK:2.604 MID:2.6035 P1:2.6035 P2:2.604 P3:2.6045 P4:2.604 STATE:IDLE
[2026-06-02 23:38:46Z] CHK MOM:0.05% RANGE:0.05% UP:25% SPREAD:0.03840245% BID:2.604 ASK:2.605 MID:2.6045 P1:2.6045 P2:2.6035 P3:2.604 P4:2.6045 STATE:IDLE
[2026-06-02 23:38:47Z] CHK MOM:0% RANGE:0.03% UP:21.05% SPREAD:0.07683442% BID:2.603 ASK:2.605 MID:2.604 P1:2.604 P2:2.6045 P3:2.6035 P4:2.604 STATE:IDLE
[2026-06-02 23:38:47Z] CHK MOM:0% RANGE:0.03% UP:21.05% SPREAD:0.07683442% BID:2.603 ASK:2.605 MID:2.604 P1:2.604 P2:2.6045 P3:2.6035 P4:2.604 STATE:IDLE
[2026-06-02 23:38:48Z] CHK MOM:-0.01% RANGE:0.03% UP:15.78% SPREAD:0.07683442% BID:2.603 ASK:2.605 MID:2.604 P1:2.604 P2:2.604 P3:2.6045 P4:2.6035 STATE:IDLE
[2026-06-02 23:38:48Z] CHK MOM:-0.01% RANGE:0.03% UP:15.78% SPREAD:0.07683442% BID:2.603 ASK:2.605 MID:2.604 P1:2.604 P2:2.604 P3:2.604 P4:2.6045 STATE:IDLE
[2026-06-02 23:38:49Z] CHK MOM:0% RANGE:0.03% UP:15.78% SPREAD:0.07683442% BID:2.603 ASK:2.605 MID:2.604 P1:2.604 P2:2.604 P3:2.604 P4:2.604 STATE:IDLE
[2026-06-02 23:38:50Z] CHK MOM:0% RANGE:0.03% UP:17.64% SPREAD:0.07683442% BID:2.603 ASK:2.605 MID:2.604 P1:2.604 P2:2.604 P3:2.604 P4:2.604 STATE:IDLE
[2026-06-02 23:38:50Z] CHK MOM:-0.01% RANGE:0.03% UP:16.66% SPREAD:0.11529592% BID:2.602 ASK:2.605 MID:2.6035 P1:2.6035 P2:2.604 P3:2.604 P4:2.604 STATE:IDLE
[2026-06-02 23:38:51Z] CHK MOM:-0.01% RANGE:0.03% UP:21.05% SPREAD:0.03841721% BID:2.603 ASK:2.604 MID:2.6035 P1:2.6035 P2:2.6035 P3:2.604 P4:2.604 STATE:IDLE
[2026-06-02 23:38:51Z] CHK MOM:0% RANGE:0.03% UP:25% SPREAD:0.07683442% BID:2.603 ASK:2.605 MID:2.604 P1:2.604 P2:2.6035 P3:2.6035 P4:2.604 STATE:IDLE
[2026-06-02 23:38:52Z] CHK MOM:-0.01% RANGE:0.03% UP:21.05% SPREAD:0.07683442% BID:2.603 ASK:2.605 MID:2.604 P1:2.604 P2:2.604 P3:2.6035 P4:2.6035 STATE:IDLE
[2026-06-02 23:38:52Z] CHK MOM:-0.01% RANGE:0.03% UP:20% SPREAD:0.07683442% BID:2.603 ASK:2.605 MID:2.604 P1:2.604 P2:2.604 P3:2.604 P4:2.6035 STATE:IDLE
[2026-06-02 23:38:53Z] CHK MOM:-0.01% RANGE:0.03% UP:20% SPREAD:0.07683442% BID:2.603 ASK:2.605 MID:2.604 P1:2.604 P2:2.604 P3:2.604 P4:2.6035 STATE:IDLE
[2026-06-02 23:38:53Z] CHK MOM:-0.01% RANGE:0.03% UP:20% SPREAD:0.07683442% BID:2.603 ASK:2.605 MID:2.604 P1:2.604 P2:2.604 P3:2.604 P4:2.6035 STATE:IDLE
[2026-06-02 23:38:54Z] CHK MOM:-0.01% RANGE:0.03% UP:22.22% SPREAD:0.07683442% BID:2.603 ASK:2.605 MID:2.604 P1:2.604 P2:2.604 P3:2.604 P4:2.604 STATE:IDLE
[2026-06-02 23:38:55Z] CHK MOM:-0.01% RANGE:0.03% UP:22.22% SPREAD:0.07683442% BID:2.603 ASK:2.605 MID:2.604 P1:2.604 P2:2.604 P3:2.604 P4:2.604 STATE:IDLE
[2026-06-02 23:38:55Z] CHK MOM:-0.01% RANGE:0.03% UP:22.22% SPREAD:0.07683442% BID:2.603 ASK:2.605 MID:2.604 P1:2.604 P2:2.604 P3:2.604 P4:2.604 STATE:IDLE
[2026-06-02 23:38:56Z] CHK MOM:-0.03% RANGE:0.05% UP:25% SPREAD:0.07686395% BID:2.602 ASK:2.604 MID:2.60299999 P1:2.60299999 P2:2.604 P3:2.604 P4:2.604 STATE:IDLE
[2026-06-02 23:38:56Z] CHK MOM:-0.03% RANGE:0.05% UP:23.52% SPREAD:0.07686395% BID:2.602 ASK:2.604 MID:2.60299999 P1:2.60299999 P2:2.60299999 P3:2.604 P4:2.604 STATE:IDLE
[2026-06-02 23:38:57Z] CHK MOM:-0.03% RANGE:0.05% UP:23.52% SPREAD:0.07686395% BID:2.602 ASK:2.604 MID:2.60299999 P1:2.60299999 P2:2.60299999 P3:2.604 P4:2.604 STATE:IDLE
[2026-06-02 23:38:57Z] CHK MOM:-0.03% RANGE:0.05% UP:18.75% SPREAD:0.07686395% BID:2.602 ASK:2.604 MID:2.60299999 P1:2.60299999 P2:2.60299999 P3:2.60299999 P4:2.604 STATE:IDLE
[2026-06-02 23:38:58Z] CHK MOM:0.01% RANGE:0.05% UP:25% SPREAD:0.07683442% BID:2.603 ASK:2.605 MID:2.604 P1:2.604 P2:2.60299999 P3:2.60299999 P4:2.60299999 STATE:IDLE
[2026-06-02 23:38:58Z] CHK MOM:-0.03% RANGE:0.05% UP:18.75% SPREAD:0.03841721% BID:2.603 ASK:2.604 MID:2.6035 P1:2.6035 P2:2.604 P3:2.60299999 P4:2.60299999 STATE:IDLE
[2026-06-02 23:38:59Z] CHK MOM:0% RANGE:0.03% UP:25% SPREAD:0.07683442% BID:2.603 ASK:2.605 MID:2.604 P1:2.604 P2:2.6035 P3:2.604 P4:2.60299999 STATE:IDLE
[2026-06-02 23:38:59Z] CHK MOM:0% RANGE:0.03% UP:25% SPREAD:0.07683442% BID:2.603 ASK:2.605 MID:2.604 P1:2.604 P2:2.6035 P3:2.604 P4:2.60299999 STATE:IDLE
[2026-06-02 23:39:00Z] CHK MOM:-0.01% RANGE:0.03% UP:26.66% SPREAD:0.03841721% BID:2.603 ASK:2.604 MID:2.6035 P1:2.6035 P2:2.604 P3:2.6035 P4:2.604 STATE:IDLE
[2026-06-02 23:39:01Z] CHK MOM:-0.09% RANGE:0.09% UP:26.66% SPREAD:0.03844675% BID:2.601 ASK:2.602 MID:2.60149999 P1:2.60149999 P2:2.6035 P3:2.604 P4:2.6035 STATE:IDLE
[2026-06-02 23:39:01Z] CHK MOM:-0.09% RANGE:0.09% UP:26.66% SPREAD:0.03844675% BID:2.601 ASK:2.602 MID:2.60149999 P1:2.60149999 P2:2.60149999 P3:2.6035 P4:2.604 STATE:IDLE
[2026-06-02 23:39:02Z] CHK MOM:-0.09% RANGE:0.09% UP:26.66% SPREAD:0.03844675% BID:2.601 ASK:2.602 MID:2.60149999 P1:2.60149999 P2:2.60149999 P3:2.6035 P4:2.604 STATE:IDLE
[2026-06-02 23:39:02Z] CHK MOM:-0.03% RANGE:0.09% UP:33.33% SPREAD:0.03843197% BID:2.602 ASK:2.603 MID:2.6025 P1:2.6025 P2:2.60149999 P3:2.60149999 P4:2.6035 STATE:IDLE
[2026-06-02 23:39:03Z] CHK MOM:-0.03% RANGE:0.09% UP:26.66% SPREAD:0.03843197% BID:2.602 ASK:2.603 MID:2.6025 P1:2.6025 P2:2.6025 P3:2.60149999 P4:2.60149999 STATE:IDLE
[2026-06-02 23:39:03Z] CHK MOM:0.01% RANGE:0.11% UP:26.66% SPREAD:0.03840245% BID:2.604 ASK:2.605 MID:2.6045 P1:2.6045 P2:2.6025 P3:2.6025 P4:2.60149999 STATE:IDLE
[2026-06-02 23:39:04Z] CHK MOM:0.01% RANGE:0.11% UP:26.66% SPREAD:0.03840245% BID:2.604 ASK:2.605 MID:2.6045 P1:2.6045 P2:2.6045 P3:2.6025 P4:2.6025 STATE:IDLE
[2026-06-02 23:39:04Z] CHK MOM:0% RANGE:0.11% UP:28.57% SPREAD:0.07683442% BID:2.603 ASK:2.605 MID:2.604 P1:2.604 P2:2.6045 P3:2.6045 P4:2.6025 STATE:IDLE
[2026-06-02 23:39:05Z] CHK MOM:0% RANGE:0.11% UP:26.66% SPREAD:0.07683442% BID:2.603 ASK:2.605 MID:2.604 P1:2.604 P2:2.604 P3:2.6045 P4:2.6045 STATE:IDLE
[2026-06-02 23:39:06Z] CHK MOM:-0.03% RANGE:0.11% UP:25% SPREAD:0.07686395% BID:2.602 ASK:2.604 MID:2.60299999 P1:2.60299999 P2:2.604 P3:2.604 P4:2.6045 STATE:IDLE
[2026-06-02 23:39:06Z] CHK MOM:-0.05% RANGE:0.11% UP:23.52% SPREAD:0.03843197% BID:2.602 ASK:2.603 MID:2.6025 P1:2.6025 P2:2.60299999 P3:2.604 P4:2.604 STATE:IDLE
[2026-06-02 23:39:07Z] CHK MOM:-0.01% RANGE:0.11% UP:23.52% SPREAD:0.03843197% BID:2.602 ASK:2.603 MID:2.6025 P1:2.6025 P2:2.6025 P3:2.60299999 P4:2.604 STATE:IDLE
[2026-06-02 23:39:07Z] CHK MOM:-0.01% RANGE:0.11% UP:22.22% SPREAD:0.03843197% BID:2.602 ASK:2.603 MID:2.6025 P1:2.6025 P2:2.6025 P3:2.6025 P4:2.60299999 STATE:IDLE
[2026-06-02 23:39:08Z] CHK MOM:-0.01% RANGE:0.11% UP:21.05% SPREAD:0.03843197% BID:2.602 ASK:2.603 MID:2.6025 P1:2.6025 P2:2.6025 P3:2.6025 P4:2.6025 STATE:IDLE
[2026-06-02 23:39:08Z] CHK MOM:-0.01% RANGE:0.11% UP:21.05% SPREAD:0.03843197% BID:2.602 ASK:2.603 MID:2.6025 P1:2.6025 P2:2.6025 P3:2.6025 P4:2.6025 STATE:IDLE
[2026-06-02 23:39:09Z] CHK MOM:-0.05% RANGE:0.11% UP:22.22% SPREAD:0.03844675% BID:2.601 ASK:2.602 MID:2.60149999 P1:2.60149999 P2:2.6025 P3:2.6025 P4:2.6025 STATE:IDLE
[2026-06-02 23:39:09Z] CHK MOM:-0.13% RANGE:0.15% UP:16.66% SPREAD:0.03846153% BID:2.6 ASK:2.601 MID:2.6005 P1:2.6005 P2:2.60149999 P3:2.6025 P4:2.6025 STATE:IDLE
[2026-06-02 23:39:10Z] CHK MOM:-0.11% RANGE:0.15% UP:16.66% SPREAD:0.03846153% BID:2.6 ASK:2.601 MID:2.6005 P1:2.6005 P2:2.6005 P3:2.60149999 P4:2.6025 STATE:IDLE
[2026-06-02 23:39:10Z] CHK MOM:-0.11% RANGE:0.15% UP:15.78% SPREAD:0.03846153% BID:2.6 ASK:2.601 MID:2.6005 P1:2.6005 P2:2.6005 P3:2.6005 P4:2.60149999 STATE:IDLE
[2026-06-02 23:39:11Z] CHK MOM:-0.11% RANGE:0.15% UP:15.78% SPREAD:0.03846153% BID:2.6 ASK:2.601 MID:2.6005 P1:2.6005 P2:2.6005 P3:2.6005 P4:2.60149999 STATE:IDLE
[2026-06-02 23:39:12Z] CHK MOM:-0.11% RANGE:0.15% UP:11.11% SPREAD:0.03846153% BID:2.6 ASK:2.601 MID:2.6005 P1:2.6005 P2:2.6005 P3:2.6005 P4:2.6005 STATE:IDLE
[2026-06-02 23:39:12Z] CHK MOM:-0.03% RANGE:0.15% UP:11.11% SPREAD:0.03846153% BID:2.6 ASK:2.601 MID:2.6005 P1:2.6005 P2:2.6005 P3:2.6005 P4:2.6005 STATE:IDLE
[2026-06-02 23:39:13Z] CHK MOM:-0.03% RANGE:0.15% UP:11.11% SPREAD:0.03846153% BID:2.6 ASK:2.601 MID:2.6005 P1:2.6005 P2:2.6005 P3:2.6005 P4:2.6005 STATE:IDLE
[2026-06-02 23:39:13Z] CHK MOM:-0.03% RANGE:0.15% UP:11.11% SPREAD:0.03846153% BID:2.6 ASK:2.601 MID:2.6005 P1:2.6005 P2:2.6005 P3:2.6005 P4:2.6005 STATE:IDLE
[2026-06-02 23:39:14Z] CHK MOM:-0.07% RANGE:0.15% UP:5.55% SPREAD:0.03846153% BID:2.6 ASK:2.601 MID:2.6005 P1:2.6005 P2:2.6005 P3:2.6005 P4:2.6005 STATE:IDLE
[2026-06-02 23:39:14Z] CHK MOM:-0.07% RANGE:0.15% UP:5.55% SPREAD:0.03846153% BID:2.6 ASK:2.601 MID:2.6005 P1:2.6005 P2:2.6005 P3:2.6005 P4:2.6005 STATE:IDLE
[2026-06-02 23:39:15Z] CHK MOM:-0.07% RANGE:0.15% UP:5.55% SPREAD:0.03846153% BID:2.6 ASK:2.601 MID:2.6005 P1:2.6005 P2:2.6005 P3:2.6005 P4:2.6005 STATE:IDLE
[2026-06-02 23:39:15Z] CHK MOM:-0.15% RANGE:0.15% UP:0% SPREAD:0.03846153% BID:2.6 ASK:2.601 MID:2.6005 P1:2.6005 P2:2.6005 P3:2.6005 P4:2.6005 STATE:IDLE
[2026-06-02 23:39:16Z] CHK MOM:-0.15% RANGE:0.15% UP:0% SPREAD:0.03846153% BID:2.6 ASK:2.601 MID:2.6005 P1:2.6005 P2:2.6005 P3:2.6005 P4:2.6005 STATE:IDLE
[2026-06-02 23:39:17Z] CHK MOM:-0.13% RANGE:0.13% UP:0% SPREAD:0.03846153% BID:2.6 ASK:2.601 MID:2.6005 P1:2.6005 P2:2.6005 P3:2.6005 P4:2.6005 STATE:IDLE
[2026-06-02 23:39:17Z] CHK MOM:-0.11% RANGE:0.11% UP:0% SPREAD:0.07695267% BID:2.599 ASK:2.601 MID:2.6 P1:2.6 P2:2.6005 P3:2.6005 P4:2.6005 STATE:IDLE
[2026-06-02 23:39:18Z] CHK MOM:-0.09% RANGE:0.09% UP:0% SPREAD:0.07695267% BID:2.599 ASK:2.601 MID:2.6 P1:2.6 P2:2.6 P3:2.6005 P4:2.6005 STATE:IDLE
[2026-06-02 23:39:18Z] CHK MOM:-0.05% RANGE:0.09% UP:6.25% SPREAD:0.07692307% BID:2.6 ASK:2.602 MID:2.601 P1:2.601 P2:2.6 P3:2.6 P4:2.6005 STATE:IDLE
[2026-06-02 23:39:19Z] CHK MOM:-0.05% RANGE:0.09% UP:5.88% SPREAD:0.07692307% BID:2.6 ASK:2.602 MID:2.601 P1:2.601 P2:2.601 P3:2.6 P4:2.6 STATE:IDLE
[2026-06-02 23:39:19Z] CHK MOM:-0.05% RANGE:0.09% UP:5.88% SPREAD:0.07692307% BID:2.6 ASK:2.602 MID:2.601 P1:2.601 P2:2.601 P3:2.6 P4:2.6 STATE:IDLE
[2026-06-02 23:39:20Z] CHK MOM:-0.03% RANGE:0.05% UP:6.66% SPREAD:0.03846153% BID:2.6 ASK:2.601 MID:2.6005 P1:2.6005 P2:2.601 P3:2.601 P4:2.6 STATE:IDLE
[2026-06-02 23:39:20Z] CHK MOM:0.01% RANGE:0.07% UP:12.5% SPREAD:0.0768935% BID:2.601 ASK:2.603 MID:2.602 P1:2.602 P2:2.6005 P3:2.601 P4:2.601 STATE:IDLE
[2026-06-02 23:39:21Z] CHK MOM:0.07% RANGE:0.09% UP:18.75% SPREAD:0.03843197% BID:2.602 ASK:2.603 MID:2.6025 P1:2.6025 P2:2.602 P3:2.6005 P4:2.601 STATE:IDLE
[2026-06-02 23:39:21Z] CHK MOM:0.05% RANGE:0.09% UP:17.64% SPREAD:0.0768935% BID:2.601 ASK:2.603 MID:2.602 P1:2.602 P2:2.6025 P3:2.602 P4:2.6005 STATE:IDLE
[2026-06-02 23:39:22Z] CHK MOM:0.05% RANGE:0.09% UP:17.64% SPREAD:0.0768935% BID:2.601 ASK:2.603 MID:2.602 P1:2.602 P2:2.6025 P3:2.602 P4:2.6005 STATE:IDLE
[2026-06-02 23:39:23Z] CHK MOM:0.05% RANGE:0.09% UP:20% SPREAD:0.0768935% BID:2.601 ASK:2.603 MID:2.602 P1:2.602 P2:2.602 P3:2.6025 P4:2.602 STATE:IDLE
[2026-06-02 23:39:23Z] CHK MOM:0.05% RANGE:0.09% UP:18.75% SPREAD:0.0768935% BID:2.601 ASK:2.603 MID:2.602 P1:2.602 P2:2.602 P3:2.602 P4:2.6025 STATE:IDLE
[2026-06-02 23:39:24Z] CHK MOM:0.05% RANGE:0.09% UP:18.75% SPREAD:0.0768935% BID:2.601 ASK:2.603 MID:2.602 P1:2.602 P2:2.602 P3:2.602 P4:2.6025 STATE:IDLE
[2026-06-02 23:39:24Z] CHK MOM:0.03% RANGE:0.09% UP:20% SPREAD:0.03844675% BID:2.601 ASK:2.602 MID:2.60149999 P1:2.60149999 P2:2.602 P3:2.602 P4:2.602 STATE:IDLE
[2026-06-02 23:39:25Z] CHK MOM:0.05% RANGE:0.09% UP:26.66% SPREAD:0.0768935% BID:2.601 ASK:2.603 MID:2.602 P1:2.602 P2:2.60149999 P3:2.602 P4:2.602 STATE:IDLE
[2026-06-02 23:39:25Z] CHK MOM:0.05% RANGE:0.09% UP:25% SPREAD:0.0768935% BID:2.601 ASK:2.603 MID:2.602 P1:2.602 P2:2.602 P3:2.60149999 P4:2.602 STATE:IDLE
[2026-06-02 23:39:26Z] CHK MOM:0.05% RANGE:0.09% UP:23.52% SPREAD:0.0768935% BID:2.601 ASK:2.603 MID:2.602 P1:2.602 P2:2.602 P3:2.602 P4:2.60149999 STATE:IDLE
[2026-06-02 23:39:26Z] CHK MOM:-0.03% RANGE:0.11% UP:23.52% SPREAD:0.03847633% BID:2.599 ASK:2.6 MID:2.5995 P1:2.5995 P2:2.602 P3:2.602 P4:2.602 STATE:IDLE
[2026-06-02 23:39:27Z] CHK MOM:-0.07% RANGE:0.15% UP:23.52% SPREAD:0.03849114% BID:2.598 ASK:2.599 MID:2.5985 P1:2.5985 P2:2.5995 P3:2.602 P4:2.602 STATE:IDLE
[2026-06-02 23:39:28Z] CHK MOM:-0.07% RANGE:0.15% UP:23.52% SPREAD:0.03849114% BID:2.598 ASK:2.599 MID:2.5985 P1:2.5985 P2:2.5985 P3:2.5995 P4:2.602 STATE:IDLE
[2026-06-02 23:39:28Z] CHK MOM:-0.05% RANGE:0.15% UP:23.52% SPREAD:0.03849114% BID:2.598 ASK:2.599 MID:2.5985 P1:2.5985 P2:2.5985 P3:2.5985 P4:2.5995 STATE:IDLE
[2026-06-02 23:39:29Z] CHK MOM:0.03% RANGE:0.15% UP:27.77% SPREAD:0.07692307% BID:2.6 ASK:2.602 MID:2.601 P1:2.601 P2:2.5985 P3:2.5985 P4:2.5985 STATE:IDLE
[2026-06-02 23:39:29Z] CHK MOM:0.03% RANGE:0.15% UP:27.77% SPREAD:0.07692307% BID:2.6 ASK:2.602 MID:2.601 P1:2.601 P2:2.601 P3:2.5985 P4:2.5985 STATE:IDLE
[2026-06-02 23:39:30Z] CHK MOM:0.03% RANGE:0.15% UP:27.77% SPREAD:0.07692307% BID:2.6 ASK:2.602 MID:2.601 P1:2.601 P2:2.601 P3:2.5985 P4:2.5985 STATE:IDLE
[2026-06-02 23:39:30Z] CHK MOM:0.01% RANGE:0.15% UP:29.41% SPREAD:0.03844675% BID:2.601 ASK:2.602 MID:2.60149999 P1:2.60149999 P2:2.601 P3:2.601 P4:2.5985 STATE:IDLE
[2026-06-02 23:39:31Z] CHK MOM:0.01% RANGE:0.15% UP:29.41% SPREAD:0.03844675% BID:2.601 ASK:2.602 MID:2.60149999 P1:2.60149999 P2:2.601 P3:2.601 P4:2.5985 STATE:IDLE
[2026-06-02 23:39:31Z] CHK MOM:0.03% RANGE:0.15% UP:29.41% SPREAD:0.03844675% BID:2.601 ASK:2.602 MID:2.60149999 P1:2.60149999 P2:2.60149999 P3:2.601 P4:2.601 STATE:IDLE
[2026-06-02 23:39:32Z] CHK MOM:0.03% RANGE:0.15% UP:27.77% SPREAD:0.03844675% BID:2.601 ASK:2.602 MID:2.60149999 P1:2.60149999 P2:2.60149999 P3:2.60149999 P4:2.601 STATE:IDLE
[2026-06-02 23:39:32Z] CHK MOM:0.03% RANGE:0.15% UP:27.77% SPREAD:0.03844675% BID:2.601 ASK:2.602 MID:2.60149999 P1:2.60149999 P2:2.60149999 P3:2.60149999 P4:2.601 STATE:IDLE
[2026-06-02 23:39:33Z] CHK MOM:-0.03% RANGE:0.15% UP:17.64% SPREAD:0.03844675% BID:2.601 ASK:2.602 MID:2.60149999 P1:2.60149999 P2:2.60149999 P3:2.60149999 P4:2.60149999 STATE:IDLE
[2026-06-02 23:39:33Z] TOKEN_SWITCH old=NEARUSDC new=ENAUSDC source=.service.env
[2026-06-02 23:42:03Z] SESSION_START symbol=NEARUSDC dry_run=0 profile=major strategy=momentum base_url=https://api.binance.com
[2026-06-02 23:42:03Z] TOXIC_MEMORY_LOADED count=1 symbols=ORDIUSDC
[2026-06-02 23:42:05Z] CHK MOM:0% RANGE:0% UP:0% SPREAD:0.03834355% BID:2.608 ASK:2.609 MID:2.6085 P1:2.6085 P2:NA P3:NA P4:NA STATE:IDLE
[2026-06-02 23:42:05Z] CHK MOM:0.03% RANGE:0.03% UP:100% SPREAD:0.03832886% BID:2.609 ASK:2.61 MID:2.60949999 P1:2.60949999 P2:2.6085 P3:NA P4:NA STATE:IDLE
[2026-06-02 23:42:06Z] CHK MOM:0.01% RANGE:0.03% UP:50% SPREAD:0.07668711% BID:2.608 ASK:2.61 MID:2.609 P1:2.609 P2:2.60949999 P3:2.6085 P4:NA STATE:IDLE
[2026-06-02 23:42:06Z] CHK MOM:-0.01% RANGE:0.05% UP:33.33% SPREAD:0.07671653% BID:2.607 ASK:2.609 MID:2.608 P1:2.608 P2:2.609 P3:2.60949999 P4:2.6085 STATE:IDLE
[2026-06-02 23:42:07Z] CHK MOM:-0.01% RANGE:0.05% UP:25% SPREAD:0.07671653% BID:2.607 ASK:2.609 MID:2.608 P1:2.608 P2:2.608 P3:2.609 P4:2.60949999 STATE:IDLE
[2026-06-02 23:42:07Z] CHK MOM:-0.03% RANGE:0.07% UP:20% SPREAD:0.03835826% BID:2.607 ASK:2.608 MID:2.6075 P1:2.6075 P2:2.608 P3:2.608 P4:2.609 STATE:IDLE
[2026-06-02 23:42:08Z] CHK MOM:-0.03% RANGE:0.07% UP:20% SPREAD:0.03835826% BID:2.607 ASK:2.608 MID:2.6075 P1:2.6075 P2:2.608 P3:2.608 P4:2.609 STATE:IDLE
[2026-06-02 23:42:08Z] CHK MOM:-0.01% RANGE:0.07% UP:33.33% SPREAD:0.07671653% BID:2.607 ASK:2.609 MID:2.608 P1:2.608 P2:2.6075 P3:2.608 P4:2.608 STATE:IDLE
[2026-06-02 23:42:09Z] CHK MOM:-0.03% RANGE:0.07% UP:28.57% SPREAD:0.03835826% BID:2.607 ASK:2.608 MID:2.6075 P1:2.6075 P2:2.608 P3:2.6075 P4:2.608 STATE:IDLE
[2026-06-02 23:42:09Z] CHK MOM:-0.03% RANGE:0.07% UP:28.57% SPREAD:0.03835826% BID:2.607 ASK:2.608 MID:2.6075 P1:2.6075 P2:2.608 P3:2.6075 P4:2.608 STATE:IDLE
[2026-06-02 23:42:10Z] CHK MOM:-0.15% RANGE:0.19% UP:25% SPREAD:0.03840245% BID:2.604 ASK:2.605 MID:2.6045 P1:2.6045 P2:2.6075 P3:2.608 P4:2.6075 STATE:IDLE
[2026-06-02 23:42:11Z] CHK MOM:-0.15% RANGE:0.19% UP:22.22% SPREAD:0.03840245% BID:2.604 ASK:2.605 MID:2.6045 P1:2.6045 P2:2.6045 P3:2.6075 P4:2.608 STATE:IDLE
[2026-06-02 23:42:11Z] CHK MOM:-0.15% RANGE:0.19% UP:20% SPREAD:0.03840245% BID:2.604 ASK:2.605 MID:2.6045 P1:2.6045 P2:2.6045 P3:2.6045 P4:2.6075 STATE:IDLE
[2026-06-02 23:42:12Z] CHK MOM:-0.15% RANGE:0.19% UP:18.18% SPREAD:0.03840245% BID:2.604 ASK:2.605 MID:2.6045 P1:2.6045 P2:2.6045 P3:2.6045 P4:2.6045 STATE:IDLE
[2026-06-02 23:42:12Z] CHK MOM:-0.17% RANGE:0.21% UP:16.66% SPREAD:0.07683442% BID:2.603 ASK:2.605 MID:2.604 P1:2.604 P2:2.6045 P3:2.6045 P4:2.6045 STATE:IDLE
[2026-06-02 23:42:13Z] CHK MOM:-0.19% RANGE:0.23% UP:15.38% SPREAD:0.03841721% BID:2.603 ASK:2.604 MID:2.6035 P1:2.6035 P2:2.604 P3:2.6045 P4:2.6045 STATE:IDLE
[2026-06-02 23:42:13Z] CHK MOM:-0.15% RANGE:0.23% UP:21.42% SPREAD:0.03840245% BID:2.604 ASK:2.605 MID:2.6045 P1:2.6045 P2:2.6035 P3:2.604 P4:2.6045 STATE:IDLE
[2026-06-02 23:42:14Z] CHK MOM:-0.17% RANGE:0.23% UP:20% SPREAD:0.07683442% BID:2.603 ASK:2.605 MID:2.604 P1:2.604 P2:2.6045 P3:2.6035 P4:2.604 STATE:IDLE
[2026-06-02 23:42:14Z] CHK MOM:-0.19% RANGE:0.23% UP:18.75% SPREAD:0.03841721% BID:2.603 ASK:2.604 MID:2.6035 P1:2.6035 P2:2.604 P3:2.6045 P4:2.6035 STATE:IDLE
[2026-06-02 23:42:15Z] CHK MOM:-0.23% RANGE:0.26% UP:17.64% SPREAD:0.03843197% BID:2.602 ASK:2.603 MID:2.6025 P1:2.6025 P2:2.6035 P3:2.604 P4:2.6045 STATE:IDLE
[2026-06-02 23:42:16Z] CHK MOM:-0.26% RANGE:0.3% UP:16.66% SPREAD:0.03844675% BID:2.601 ASK:2.602 MID:2.60149999 P1:2.60149999 P2:2.6025 P3:2.6035 P4:2.604 STATE:IDLE
[2026-06-02 23:42:16Z] CHK MOM:-0.26% RANGE:0.3% UP:15.78% SPREAD:0.03844675% BID:2.601 ASK:2.602 MID:2.60149999 P1:2.60149999 P2:2.60149999 P3:2.6025 P4:2.6035 STATE:IDLE
[2026-06-02 23:42:17Z] CHK MOM:-0.26% RANGE:0.3% UP:15.78% SPREAD:0.11534025% BID:2.601 ASK:2.604 MID:2.6025 P1:2.6025 P2:2.60149999 P3:2.60149999 P4:2.6025 STATE:IDLE
[2026-06-02 23:42:17Z] CHK MOM:-0.22% RANGE:0.3% UP:20% SPREAD:0.11529592% BID:2.602 ASK:2.605 MID:2.6035 P1:2.6035 P2:2.6025 P3:2.60149999 P4:2.60149999 STATE:IDLE
[2026-06-02 23:42:18Z] CHK MOM:-0.11% RANGE:0.24% UP:26.31% SPREAD:0.07680491% BID:2.604 ASK:2.606 MID:2.605 P1:2.605 P2:2.6035 P3:2.6025 P4:2.60149999 STATE:IDLE
[2026-06-02 23:42:18Z] CHK MOM:-0.09% RANGE:0.24% UP:30% SPREAD:0.03838771% BID:2.605 ASK:2.606 MID:2.6055 P1:2.6055 P2:2.605 P3:2.6035 P4:2.6025 STATE:IDLE
[2026-06-02 23:42:19Z] CHK MOM:-0.11% RANGE:0.24% UP:31.57% SPREAD:0.03840245% BID:2.604 ASK:2.605 MID:2.6045 P1:2.6045 P2:2.6055 P3:2.605 P4:2.6035 STATE:IDLE
[2026-06-02 23:42:19Z] CHK MOM:-0.13% RANGE:0.24% UP:26.31% SPREAD:0.03840245% BID:2.604 ASK:2.605 MID:2.6045 P1:2.6045 P2:2.6045 P3:2.6055 P4:2.605 STATE:IDLE
[2026-06-02 23:42:20Z] CHK MOM:-0.13% RANGE:0.24% UP:25% SPREAD:0.03840245% BID:2.604 ASK:2.605 MID:2.6045 P1:2.6045 P2:2.6045 P3:2.6045 P4:2.6055 STATE:IDLE
[2026-06-02 23:42:20Z] CHK MOM:-0.15% RANGE:0.23% UP:25% SPREAD:0.03841721% BID:2.603 ASK:2.604 MID:2.6035 P1:2.6035 P2:2.6045 P3:2.6045 P4:2.6045 STATE:IDLE
[2026-06-02 23:42:21Z] CHK MOM:-0.09% RANGE:0.15% UP:25% SPREAD:0.0768935% BID:2.601 ASK:2.603 MID:2.602 P1:2.602 P2:2.6035 P3:2.6045 P4:2.6045 STATE:IDLE
[2026-06-02 23:42:22Z] CHK MOM:-0.01% RANGE:0.15% UP:28.57% SPREAD:0.07683442% BID:2.603 ASK:2.605 MID:2.604 P1:2.604 P2:2.602 P3:2.6035 P4:2.6045 STATE:IDLE
[2026-06-02 23:42:22Z] CHK MOM:-0.03% RANGE:0.15% UP:28.57% SPREAD:0.03841721% BID:2.603 ASK:2.604 MID:2.6035 P1:2.6035 P2:2.604 P3:2.602 P4:2.6035 STATE:IDLE
[2026-06-02 23:42:23Z] CHK MOM:-0.01% RANGE:0.15% UP:33.33% SPREAD:0.07683442% BID:2.603 ASK:2.605 MID:2.604 P1:2.604 P2:2.6035 P3:2.604 P4:2.602 STATE:IDLE
[2026-06-02 23:42:23Z] CHK MOM:0% RANGE:0.15% UP:38.09% SPREAD:0.03840245% BID:2.604 ASK:2.605 MID:2.6045 P1:2.6045 P2:2.604 P3:2.6035 P4:2.604 STATE:IDLE
[2026-06-02 23:42:24Z] CHK MOM:-0.03% RANGE:0.15% UP:36.36% SPREAD:0.03841721% BID:2.603 ASK:2.604 MID:2.6035 P1:2.6035 P2:2.6045 P3:2.604 P4:2.6035 STATE:IDLE
[2026-06-02 23:42:24Z] CHK MOM:0.03% RANGE:0.15% UP:42.85% SPREAD:0.03840245% BID:2.604 ASK:2.605 MID:2.6045 P1:2.6045 P2:2.6035 P3:2.6045 P4:2.604 STATE:IDLE
[2026-06-02 23:42:25Z] CHK MOM:0.03% RANGE:0.15% UP:40.9% SPREAD:0.03840245% BID:2.604 ASK:2.605 MID:2.6045 P1:2.6045 P2:2.6045 P3:2.6035 P4:2.6045 STATE:IDLE
[2026-06-02 23:42:25Z] CHK MOM:0% RANGE:0.15% UP:36.36% SPREAD:0.03840245% BID:2.604 ASK:2.605 MID:2.6045 P1:2.6045 P2:2.6045 P3:2.6045 P4:2.6035 STATE:IDLE
[2026-06-02 23:42:26Z] CHK MOM:0.05% RANGE:0.15% UP:42.85% SPREAD:0.07680491% BID:2.604 ASK:2.606 MID:2.605 P1:2.605 P2:2.6045 P3:2.6045 P4:2.6045 STATE:IDLE
[2026-06-02 23:42:27Z] CHK MOM:0.05% RANGE:0.15% UP:42.85% SPREAD:0.07680491% BID:2.604 ASK:2.606 MID:2.605 P1:2.605 P2:2.6045 P3:2.6045 P4:2.6045 STATE:IDLE
[2026-06-02 23:42:27Z] CHK MOM:0.13% RANGE:0.15% UP:45% SPREAD:0.07680491% BID:2.604 ASK:2.606 MID:2.605 P1:2.605 P2:2.605 P3:2.6045 P4:2.6045 STATE:IDLE
[2026-06-02 23:42:28Z] CHK MOM:0.13% RANGE:0.15% UP:45% SPREAD:0.07680491% BID:2.604 ASK:2.606 MID:2.605 P1:2.605 P2:2.605 P3:2.6045 P4:2.6045 STATE:IDLE
[2026-06-02 23:42:28Z] CHK MOM:0.13% RANGE:0.15% UP:45% SPREAD:0.07680491% BID:2.604 ASK:2.606 MID:2.605 P1:2.605 P2:2.605 P3:2.6045 P4:2.6045 STATE:IDLE
[2026-06-02 23:42:29Z] CHK MOM:0.13% RANGE:0.15% UP:45% SPREAD:0.07680491% BID:2.604 ASK:2.606 MID:2.605 P1:2.605 P2:2.605 P3:2.6045 P4:2.6045 STATE:IDLE
[2026-06-02 23:42:29Z] CHK MOM:0.13% RANGE:0.15% UP:45% SPREAD:0.07680491% BID:2.604 ASK:2.606 MID:2.605 P1:2.605 P2:2.605 P3:2.6045 P4:2.6045 STATE:IDLE
[2026-06-02 23:42:30Z] CHK MOM:0.13% RANGE:0.15% UP:45% SPREAD:0.07680491% BID:2.604 ASK:2.606 MID:2.605 P1:2.605 P2:2.605 P3:2.6045 P4:2.6045 STATE:IDLE
[2026-06-02 23:42:30Z] CHK MOM:0.03% RANGE:0.13% UP:40% SPREAD:0.03838771% BID:2.605 ASK:2.606 MID:2.6055 P1:2.6055 P2:2.605 P3:2.605 P4:2.6045 STATE:IDLE
[2026-06-02 23:42:31Z] CHK MOM:0.03% RANGE:0.13% UP:40% SPREAD:0.03838771% BID:2.605 ASK:2.606 MID:2.6055 P1:2.6055 P2:2.605 P3:2.605 P4:2.6045 STATE:IDLE
[2026-06-02 23:42:32Z] CHK MOM:0.03% RANGE:0.13% UP:42.85% SPREAD:0.03838771% BID:2.605 ASK:2.606 MID:2.6055 P1:2.6055 P2:2.6055 P3:2.605 P4:2.605 STATE:IDLE
[2026-06-02 23:42:32Z] CHK MOM:0.11% RANGE:0.17% UP:50% SPREAD:0.03837298% BID:2.606 ASK:2.607 MID:2.6065 P1:2.6065 P2:2.6055 P3:2.6055 P4:2.605 STATE:IDLE
[2026-06-02 23:42:33Z] CHK MOM:0.17% RANGE:0.17% UP:50% SPREAD:0.03837298% BID:2.606 ASK:2.607 MID:2.6065 P1:2.6065 P2:2.6065 P3:2.6055 P4:2.6055 STATE:IDLE
[2026-06-02 23:42:33Z] CHK MOM:0.15% RANGE:0.17% UP:50% SPREAD:0.07671653% BID:2.607 ASK:2.609 MID:2.608 P1:2.608 P2:2.6065 P3:2.6065 P4:2.6055 STATE:IDLE
[2026-06-02 23:42:34Z] CHK MOM:0.19% RANGE:0.19% UP:57.14% SPREAD:0.03834355% BID:2.608 ASK:2.609 MID:2.6085 P1:2.6085 P2:2.608 P3:2.6065 P4:2.6065 STATE:IDLE
[2026-06-02 23:42:34Z] CHK MOM:0.15% RANGE:0.19% UP:50% SPREAD:0.07671653% BID:2.607 ASK:2.609 MID:2.608 P1:2.608 P2:2.6085 P3:2.608 P4:2.6065 STATE:IDLE
[2026-06-02 23:42:35Z] CHK MOM:0.15% RANGE:0.19% UP:50% SPREAD:0.03834355% BID:2.608 ASK:2.609 MID:2.6085 P1:2.6085 P2:2.608 P3:2.6085 P4:2.608 STATE:IDLE
[2026-06-02 23:42:35Z] CHK MOM:0.15% RANGE:0.19% UP:46.66% SPREAD:0.03834355% BID:2.608 ASK:2.609 MID:2.6085 P1:2.6085 P2:2.6085 P3:2.608 P4:2.6085 STATE:IDLE
[2026-06-02 23:42:36Z] CHK MOM:0.15% RANGE:0.15% UP:42.85% SPREAD:0.03834355% BID:2.608 ASK:2.609 MID:2.6085 P1:2.6085 P2:2.6085 P3:2.6085 P4:2.608 STATE:IDLE
[2026-06-02 23:42:36Z] CHK MOM:0.21% RANGE:0.21% UP:46.66% SPREAD:0.07665772% BID:2.609 ASK:2.611 MID:2.61 P1:2.61 P2:2.6085 P3:2.6085 P4:2.6085 STATE:IDLE
[2026-06-02 23:42:37Z] CHK MOM:0.21% RANGE:0.21% UP:46.66% SPREAD:0.07665772% BID:2.609 ASK:2.611 MID:2.61 P1:2.61 P2:2.6085 P3:2.6085 P4:2.6085 STATE:IDLE
[2026-06-02 23:42:38Z] CHK MOM:0.19% RANGE:0.19% UP:46.15% SPREAD:0.07665772% BID:2.609 ASK:2.611 MID:2.61 P1:2.61 P2:2.61 P3:2.6085 P4:2.6085 STATE:IDLE
[2026-06-02 23:42:38Z] CHK MOM:0.21% RANGE:0.21% UP:53.84% SPREAD:0.03831417% BID:2.61 ASK:2.611 MID:2.6105 P1:2.6105 P2:2.61 P3:2.61 P4:2.6085 STATE:IDLE
[2026-06-02 23:42:39Z] CHK MOM:0.21% RANGE:0.21% UP:50% SPREAD:0.03831417% BID:2.61 ASK:2.611 MID:2.6105 P1:2.6105 P2:2.6105 P3:2.61 P4:2.61 STATE:IDLE
[2026-06-02 23:42:39Z] CHK MOM:0.19% RANGE:0.21% UP:46.66% SPREAD:0.07665772% BID:2.609 ASK:2.611 MID:2.61 P1:2.61 P2:2.6105 P3:2.6105 P4:2.61 STATE:IDLE
[2026-06-02 23:42:40Z] CHK MOM:0.17% RANGE:0.19% UP:40% SPREAD:0.07665772% BID:2.609 ASK:2.611 MID:2.61 P1:2.61 P2:2.61 P3:2.6105 P4:2.6105 STATE:IDLE
[2026-06-02 23:42:40Z] CHK MOM:0.17% RANGE:0.19% UP:37.5% SPREAD:0.07665772% BID:2.609 ASK:2.611 MID:2.61 P1:2.61 P2:2.61 P3:2.61 P4:2.6105 STATE:IDLE
[2026-06-02 23:42:41Z] CHK MOM:0.17% RANGE:0.19% UP:37.5% SPREAD:0.07665772% BID:2.609 ASK:2.611 MID:2.61 P1:2.61 P2:2.61 P3:2.61 P4:2.6105 STATE:IDLE
[2026-06-02 23:42:41Z] CHK MOM:0.21% RANGE:0.21% UP:41.17% SPREAD:0.07662835% BID:2.61 ASK:2.612 MID:2.61099999 P1:2.61099999 P2:2.61 P3:2.61 P4:2.61 STATE:IDLE
[2026-06-02 23:42:42Z] CHK MOM:0.23% RANGE:0.23% UP:44.44% SPREAD:0.0382995% BID:2.611 ASK:2.612 MID:2.6115 P1:2.6115 P2:2.61099999 P3:2.61 P4:2.61 STATE:IDLE
[2026-06-02 23:42:43Z] CHK MOM:0.26% RANGE:0.26% UP:47.36% SPREAD:0.03828483% BID:2.612 ASK:2.613 MID:2.6125 P1:2.6125 P2:2.6115 P3:2.61099999 P4:2.61 STATE:IDLE
[2026-06-02 23:42:43Z] CHK MOM:0.24% RANGE:0.26% UP:47.36% SPREAD:0.076599% BID:2.611 ASK:2.613 MID:2.612 P1:2.612 P2:2.6125 P3:2.6115 P4:2.61099999 STATE:IDLE
[2026-06-02 23:42:44Z] CHK MOM:0.21% RANGE:0.23% UP:42.1% SPREAD:0.076599% BID:2.611 ASK:2.613 MID:2.612 P1:2.612 P2:2.612 P3:2.6125 P4:2.6115 STATE:IDLE
[2026-06-02 23:42:44Z] CHK MOM:0.21% RANGE:0.23% UP:42.1% SPREAD:0.076599% BID:2.611 ASK:2.613 MID:2.612 P1:2.612 P2:2.612 P3:2.612 P4:2.6125 STATE:IDLE
[2026-06-02 23:42:45Z] CHK MOM:0.15% RANGE:0.17% UP:36.84% SPREAD:0.076599% BID:2.611 ASK:2.613 MID:2.612 P1:2.612 P2:2.612 P3:2.612 P4:2.612 STATE:IDLE
[2026-06-02 23:42:45Z] CHK MOM:0.15% RANGE:0.17% UP:36.84% SPREAD:0.076599% BID:2.611 ASK:2.613 MID:2.612 P1:2.612 P2:2.612 P3:2.612 P4:2.612 STATE:IDLE
[2026-06-02 23:42:46Z] CHK MOM:0.11% RANGE:0.17% UP:31.57% SPREAD:0.0382995% BID:2.611 ASK:2.612 MID:2.6115 P1:2.6115 P2:2.612 P3:2.612 P4:2.612 STATE:IDLE
[2026-06-02 23:42:46Z] CHK MOM:0.13% RANGE:0.17% UP:31.57% SPREAD:0.0382995% BID:2.611 ASK:2.612 MID:2.6115 P1:2.6115 P2:2.6115 P3:2.612 P4:2.612 STATE:IDLE
[2026-06-02 23:42:47Z] CHK MOM:0.11% RANGE:0.15% UP:26.31% SPREAD:0.0382995% BID:2.611 ASK:2.612 MID:2.6115 P1:2.6115 P2:2.6115 P3:2.6115 P4:2.612 STATE:IDLE
[2026-06-02 23:42:47Z] CHK MOM:0.11% RANGE:0.15% UP:27.77% SPREAD:0.0382995% BID:2.611 ASK:2.612 MID:2.6115 P1:2.6115 P2:2.6115 P3:2.6115 P4:2.6115 STATE:IDLE
[2026-06-02 23:42:48Z] CHK MOM:0.03% RANGE:0.09% UP:22.22% SPREAD:0.07662835% BID:2.61 ASK:2.612 MID:2.61099999 P1:2.61099999 P2:2.6115 P3:2.6115 P4:2.6115 STATE:IDLE
[2026-06-02 23:42:49Z] CHK MOM:0.05% RANGE:0.09% UP:27.77% SPREAD:0.0382995% BID:2.611 ASK:2.612 MID:2.6115 P1:2.6115 P2:2.61099999 P3:2.6115 P4:2.6115 STATE:IDLE
[2026-06-02 23:42:49Z] CHK MOM:0.05% RANGE:0.09% UP:27.77% SPREAD:0.0382995% BID:2.611 ASK:2.612 MID:2.6115 P1:2.6115 P2:2.61099999 P3:2.6115 P4:2.6115 STATE:IDLE
[2026-06-02 23:42:50Z] CHK MOM:0.03% RANGE:0.09% UP:22.22% SPREAD:0.0382995% BID:2.611 ASK:2.612 MID:2.6115 P1:2.6115 P2:2.6115 P3:2.61099999 P4:2.6115 STATE:IDLE
[2026-06-02 23:42:50Z] CHK MOM:0.03% RANGE:0.09% UP:21.05% SPREAD:0.0382995% BID:2.611 ASK:2.612 MID:2.6115 P1:2.6115 P2:2.6115 P3:2.6115 P4:2.61099999 STATE:IDLE
[2026-06-02 23:42:51Z] CHK MOM:0.03% RANGE:0.09% UP:21.05% SPREAD:0.0382995% BID:2.611 ASK:2.612 MID:2.6115 P1:2.6115 P2:2.6115 P3:2.6115 P4:2.6115 STATE:IDLE
[2026-06-02 23:42:51Z] CHK MOM:0.03% RANGE:0.09% UP:21.05% SPREAD:0.0382995% BID:2.611 ASK:2.612 MID:2.6115 P1:2.6115 P2:2.6115 P3:2.6115 P4:2.6115 STATE:IDLE
[2026-06-02 23:42:52Z] CHK MOM:0.05% RANGE:0.09% UP:22.22% SPREAD:0.0382995% BID:2.611 ASK:2.612 MID:2.6115 P1:2.6115 P2:2.6115 P3:2.6115 P4:2.6115 STATE:IDLE
[2026-06-02 23:42:52Z] CHK MOM:0.05% RANGE:0.09% UP:22.22% SPREAD:0.0382995% BID:2.611 ASK:2.612 MID:2.6115 P1:2.6115 P2:2.6115 P3:2.6115 P4:2.6115 STATE:IDLE
[2026-06-02 23:42:53Z] CHK MOM:0.01% RANGE:0.05% UP:16.66% SPREAD:0.0382995% BID:2.611 ASK:2.612 MID:2.6115 P1:2.6115 P2:2.6115 P3:2.6115 P4:2.6115 STATE:IDLE
[2026-06-02 23:42:54Z] CHK MOM:0% RANGE:0.05% UP:11.11% SPREAD:0.0382995% BID:2.611 ASK:2.612 MID:2.6115 P1:2.6115 P2:2.6115 P3:2.6115 P4:2.6115 STATE:IDLE
[2026-06-02 23:42:54Z] CHK MOM:-0.03% RANGE:0.05% UP:5.55% SPREAD:0.0382995% BID:2.611 ASK:2.612 MID:2.6115 P1:2.6115 P2:2.6115 P3:2.6115 P4:2.6115 STATE:IDLE
[2026-06-02 23:42:55Z] CHK MOM:-0.01% RANGE:0.03% UP:5.55% SPREAD:0.0382995% BID:2.611 ASK:2.612 MID:2.6115 P1:2.6115 P2:2.6115 P3:2.6115 P4:2.6115 STATE:IDLE
[2026-06-02 23:42:55Z] CHK MOM:-0.01% RANGE:0.03% UP:5.55% SPREAD:0.0382995% BID:2.611 ASK:2.612 MID:2.6115 P1:2.6115 P2:2.6115 P3:2.6115 P4:2.6115 STATE:IDLE
[2026-06-02 23:42:56Z] CHK MOM:0.01% RANGE:0.05% UP:11.76% SPREAD:0.03828483% BID:2.612 ASK:2.613 MID:2.6125 P1:2.6125 P2:2.6115 P3:2.6115 P4:2.6115 STATE:IDLE
[2026-06-02 23:42:56Z] CHK MOM:0% RANGE:0.05% UP:11.11% SPREAD:0.076599% BID:2.611 ASK:2.613 MID:2.612 P1:2.612 P2:2.6125 P3:2.6115 P4:2.6115 STATE:IDLE
[2026-06-02 23:42:57Z] CHK MOM:-0.01% RANGE:0.05% UP:11.11% SPREAD:0.0382995% BID:2.611 ASK:2.612 MID:2.6115 P1:2.6115 P2:2.612 P3:2.6125 P4:2.6115 STATE:IDLE
[2026-06-02 23:42:57Z] CHK MOM:0% RANGE:0.05% UP:11.11% SPREAD:0.0382995% BID:2.611 ASK:2.612 MID:2.6115 P1:2.6115 P2:2.6115 P3:2.612 P4:2.6125 STATE:IDLE
[2026-06-02 23:42:58Z] CHK MOM:0.03% RANGE:0.05% UP:16.66% SPREAD:0.03828483% BID:2.612 ASK:2.613 MID:2.6125 P1:2.6125 P2:2.6115 P3:2.6115 P4:2.612 STATE:IDLE
[2026-06-02 23:42:58Z] CHK MOM:0.01% RANGE:0.05% UP:15.78% SPREAD:0.076599% BID:2.611 ASK:2.613 MID:2.612 P1:2.612 P2:2.6125 P3:2.6115 P4:2.6115 STATE:IDLE
[2026-06-02 23:42:59Z] CHK MOM:0.01% RANGE:0.05% UP:15.78% SPREAD:0.076599% BID:2.611 ASK:2.613 MID:2.612 P1:2.612 P2:2.612 P3:2.6125 P4:2.6115 STATE:IDLE
[2026-06-02 23:43:00Z] CHK MOM:0.11% RANGE:0.11% UP:22.22% SPREAD:0.07654037% BID:2.613 ASK:2.615 MID:2.614 P1:2.614 P2:2.612 P3:2.612 P4:2.6125 STATE:IDLE
[2026-06-02 23:43:00Z] CHK MOM:0.11% RANGE:0.11% UP:21.05% SPREAD:0.07654037% BID:2.613 ASK:2.615 MID:2.614 P1:2.614 P2:2.614 P3:2.612 P4:2.612 STATE:IDLE
[2026-06-02 23:43:01Z] CHK MOM:0.11% RANGE:0.11% UP:21.05% SPREAD:0.07654037% BID:2.613 ASK:2.615 MID:2.614 P1:2.614 P2:2.614 P3:2.612 P4:2.612 STATE:IDLE
[2026-06-02 23:43:01Z] CHK MOM:0.11% RANGE:0.11% UP:22.22% SPREAD:0.03825554% BID:2.614 ASK:2.615 MID:2.6145 P1:2.6145 P2:2.614 P3:2.614 P4:2.612 STATE:IDLE
[2026-06-02 23:43:02Z] CHK MOM:0.11% RANGE:0.11% UP:22.22% SPREAD:0.03825554% BID:2.614 ASK:2.615 MID:2.6145 P1:2.6145 P2:2.614 P3:2.614 P4:2.612 STATE:IDLE
[2026-06-02 23:43:02Z] CHK MOM:0.13% RANGE:0.13% UP:29.41% SPREAD:0.07651109% BID:2.614 ASK:2.616 MID:2.615 P1:2.615 P2:2.6145 P3:2.614 P4:2.614 STATE:IDLE
[2026-06-02 23:43:03Z] CHK MOM:0.15% RANGE:0.15% UP:35.29% SPREAD:0.03824091% BID:2.615 ASK:2.616 MID:2.6155 P1:2.6155 P2:2.615 P3:2.6145 P4:2.614 STATE:IDLE
[2026-06-02 23:43:03Z] CHK MOM:0.15% RANGE:0.15% UP:33.33% SPREAD:0.03824091% BID:2.615 ASK:2.616 MID:2.6155 P1:2.6155 P2:2.6155 P3:2.615 P4:2.6145 STATE:IDLE
[2026-06-02 23:43:04Z] CHK MOM:0.15% RANGE:0.15% UP:33.33% SPREAD:0.03824091% BID:2.615 ASK:2.616 MID:2.6155 P1:2.6155 P2:2.6155 P3:2.6155 P4:2.615 STATE:IDLE
[2026-06-02 23:43:05Z] CHK MOM:0.15% RANGE:0.15% UP:33.33% SPREAD:0.03824091% BID:2.615 ASK:2.616 MID:2.6155 P1:2.6155 P2:2.6155 P3:2.6155 P4:2.6155 STATE:IDLE
[2026-06-02 23:43:05Z] CHK MOM:0.15% RANGE:0.15% UP:33.33% SPREAD:0.03824091% BID:2.615 ASK:2.616 MID:2.6155 P1:2.6155 P2:2.6155 P3:2.6155 P4:2.6155 STATE:IDLE
[2026-06-02 23:43:06Z] CHK MOM:0.15% RANGE:0.15% UP:33.33% SPREAD:0.03824091% BID:2.615 ASK:2.616 MID:2.6155 P1:2.6155 P2:2.6155 P3:2.6155 P4:2.6155 STATE:IDLE
[2026-06-02 23:43:06Z] CHK MOM:0.17% RANGE:0.17% UP:38.88% SPREAD:0.07648183% BID:2.615 ASK:2.617 MID:2.616 P1:2.616 P2:2.6155 P3:2.6155 P4:2.6155 STATE:IDLE
[2026-06-02 23:43:07Z] CHK MOM:0.17% RANGE:0.17% UP:36.84% SPREAD:0.07648183% BID:2.615 ASK:2.617 MID:2.616 P1:2.616 P2:2.616 P3:2.6155 P4:2.6155 STATE:IDLE
[2026-06-02 23:43:07Z] CHK MOM:0.11% RANGE:0.17% UP:31.57% SPREAD:0.03824091% BID:2.615 ASK:2.616 MID:2.6155 P1:2.6155 P2:2.616 P3:2.616 P4:2.6155 STATE:IDLE
[2026-06-02 23:43:08Z] CHK MOM:0.13% RANGE:0.17% UP:35% SPREAD:0.07648183% BID:2.615 ASK:2.617 MID:2.616 P1:2.616 P2:2.6155 P3:2.616 P4:2.616 STATE:IDLE
[2026-06-02 23:43:08Z] CHK MOM:0.24% RANGE:0.26% UP:40% SPREAD:0.03819709% BID:2.618 ASK:2.619 MID:2.6185 P1:2.6185 P2:2.616 P3:2.6155 P4:2.616 STATE:IDLE
[2026-06-02 23:43:09Z] CHK MOM:0.28% RANGE:0.28% UP:47.36% SPREAD:0.07639419% BID:2.618 ASK:2.62 MID:2.61899999 P1:2.61899999 P2:2.6185 P3:2.616 P4:2.6155 STATE:IDLE
[2026-06-02 23:43:09Z] CHK MOM:0.19% RANGE:0.26% UP:42.1% SPREAD:0.03821169% BID:2.617 ASK:2.618 MID:2.61749999 P1:2.61749999 P2:2.61899999 P3:2.6185 P4:2.616 STATE:IDLE
[2026-06-02 23:43:10Z] CHK MOM:0.19% RANGE:0.26% UP:40% SPREAD:0.03821169% BID:2.617 ASK:2.618 MID:2.61749999 P1:2.61749999 P2:2.61749999 P3:2.61899999 P4:2.6185 STATE:IDLE
[2026-06-02 23:43:11Z] CHK MOM:0.11% RANGE:0.26% UP:42.1% SPREAD:0.07651109% BID:2.614 ASK:2.616 MID:2.615 P1:2.615 P2:2.61749999 P3:2.61749999 P4:2.61899999 STATE:IDLE
[2026-06-02 23:43:11Z] CHK MOM:0.03% RANGE:0.19% UP:36.84% SPREAD:0.07651109% BID:2.614 ASK:2.616 MID:2.615 P1:2.615 P2:2.615 P3:2.61749999 P4:2.61749999 STATE:IDLE
[2026-06-02 23:43:12Z] CHK MOM:0.03% RANGE:0.19% UP:36.84% SPREAD:0.07651109% BID:2.614 ASK:2.616 MID:2.615 P1:2.615 P2:2.615 P3:2.61749999 P4:2.61749999 STATE:IDLE
[2026-06-02 23:43:12Z] CHK MOM:0% RANGE:0.17% UP:33.33% SPREAD:0.03825554% BID:2.614 ASK:2.615 MID:2.6145 P1:2.6145 P2:2.615 P3:2.615 P4:2.61749999 STATE:IDLE
[2026-06-02 23:43:13Z] CHK MOM:0% RANGE:0.17% UP:31.57% SPREAD:0.03825554% BID:2.614 ASK:2.615 MID:2.6145 P1:2.6145 P2:2.6145 P3:2.615 P4:2.615 STATE:IDLE
[2026-06-02 23:43:13Z] CHK MOM:0.01% RANGE:0.17% UP:31.57% SPREAD:0.03824091% BID:2.615 ASK:2.616 MID:2.6155 P1:2.6155 P2:2.6145 P3:2.6145 P4:2.615 STATE:IDLE
[2026-06-02 23:43:14Z] CHK MOM:0.01% RANGE:0.17% UP:30% SPREAD:0.03824091% BID:2.615 ASK:2.616 MID:2.6155 P1:2.6155 P2:2.6155 P3:2.6145 P4:2.6145 STATE:IDLE
[2026-06-02 23:43:14Z] CHK MOM:0.03% RANGE:0.17% UP:33.33% SPREAD:0.07648183% BID:2.615 ASK:2.617 MID:2.616 P1:2.616 P2:2.6155 P3:2.6155 P4:2.6145 STATE:IDLE
[2026-06-02 23:43:15Z] CHK MOM:0.03% RANGE:0.17% UP:33.33% SPREAD:0.07648183% BID:2.615 ASK:2.617 MID:2.616 P1:2.616 P2:2.6155 P3:2.6155 P4:2.6145 STATE:IDLE
[2026-06-02 23:43:16Z] CHK MOM:0.01% RANGE:0.17% UP:31.57% SPREAD:0.07648183% BID:2.615 ASK:2.617 MID:2.616 P1:2.616 P2:2.616 P3:2.6155 P4:2.6155 STATE:IDLE
[2026-06-02 23:43:16Z] CHK MOM:0.01% RANGE:0.17% UP:31.57% SPREAD:0.07648183% BID:2.615 ASK:2.617 MID:2.616 P1:2.616 P2:2.616 P3:2.616 P4:2.6155 STATE:IDLE
[2026-06-02 23:43:17Z] CHK MOM:0.05% RANGE:0.17% UP:36.84% SPREAD:0.07645259% BID:2.616 ASK:2.618 MID:2.617 P1:2.617 P2:2.616 P3:2.616 P4:2.616 STATE:IDLE
[2026-06-02 23:43:17Z] CHK MOM:0.05% RANGE:0.17% UP:36.84% SPREAD:0.07645259% BID:2.616 ASK:2.618 MID:2.617 P1:2.617 P2:2.617 P3:2.616 P4:2.616 STATE:IDLE
[2026-06-02 23:43:18Z] CHK MOM:0.01% RANGE:0.17% UP:31.57% SPREAD:0.03822629% BID:2.616 ASK:2.617 MID:2.6165 P1:2.6165 P2:2.617 P3:2.617 P4:2.616 STATE:IDLE
[2026-06-02 23:43:18Z] CHK MOM:0.03% RANGE:0.17% UP:35% SPREAD:0.07645259% BID:2.616 ASK:2.618 MID:2.617 P1:2.617 P2:2.6165 P3:2.617 P4:2.617 STATE:IDLE
[2026-06-02 23:43:19Z] CHK MOM:0.03% RANGE:0.17% UP:36.84% SPREAD:0.03822629% BID:2.616 ASK:2.617 MID:2.6165 P1:2.6165 P2:2.617 P3:2.6165 P4:2.617 STATE:IDLE
[2026-06-02 23:43:19Z] CHK MOM:0.01% RANGE:0.17% UP:31.57% SPREAD:0.03822629% BID:2.616 ASK:2.617 MID:2.6165 P1:2.6165 P2:2.6165 P3:2.617 P4:2.6165 STATE:IDLE
[2026-06-02 23:43:20Z] CHK MOM:0.03% RANGE:0.17% UP:35% SPREAD:0.07645259% BID:2.616 ASK:2.618 MID:2.617 P1:2.617 P2:2.6165 P3:2.6165 P4:2.617 STATE:IDLE
[2026-06-02 23:43:21Z] CHK MOM:-0.15% RANGE:0.17% UP:26.31% SPREAD:0.07651109% BID:2.614 ASK:2.616 MID:2.615 P1:2.615 P2:2.617 P3:2.6165 P4:2.6165 STATE:IDLE
[2026-06-02 23:43:21Z] CHK MOM:-0.11% RANGE:0.11% UP:26.31% SPREAD:0.03825554% BID:2.614 ASK:2.615 MID:2.6145 P1:2.6145 P2:2.615 P3:2.617 P4:2.6165 STATE:IDLE
[2026-06-02 23:43:22Z] CHK MOM:0.01% RANGE:0.09% UP:33.33% SPREAD:0.03824091% BID:2.615 ASK:2.616 MID:2.6155 P1:2.6155 P2:2.6145 P3:2.615 P4:2.617 STATE:IDLE
[2026-06-02 23:43:22Z] CHK MOM:0.01% RANGE:0.09% UP:31.57% SPREAD:0.03824091% BID:2.615 ASK:2.616 MID:2.6155 P1:2.6155 P2:2.6155 P3:2.6145 P4:2.615 STATE:IDLE
[2026-06-02 23:43:23Z] CHK MOM:0.01% RANGE:0.09% UP:30% SPREAD:0.03824091% BID:2.615 ASK:2.616 MID:2.6155 P1:2.6155 P2:2.6155 P3:2.6155 P4:2.6145 STATE:IDLE
[2026-06-02 23:43:23Z] CHK MOM:0.01% RANGE:0.09% UP:31.57% SPREAD:0.07651109% BID:2.614 ASK:2.616 MID:2.615 P1:2.615 P2:2.6155 P3:2.6155 P4:2.6155 STATE:IDLE
[2026-06-02 23:43:24Z] CHK MOM:0.03% RANGE:0.09% UP:35% SPREAD:0.03824091% BID:2.615 ASK:2.616 MID:2.6155 P1:2.6155 P2:2.615 P3:2.6155 P4:2.6155 STATE:IDLE
[2026-06-02 23:43:24Z] CHK MOM:0.03% RANGE:0.09% UP:33.33% SPREAD:0.03824091% BID:2.615 ASK:2.616 MID:2.6155 P1:2.6155 P2:2.6155 P3:2.615 P4:2.6155 STATE:IDLE
[2026-06-02 23:43:25Z] CHK MOM:0% RANGE:0.09% UP:30% SPREAD:0.03824091% BID:2.615 ASK:2.616 MID:2.6155 P1:2.6155 P2:2.6155 P3:2.6155 P4:2.615 STATE:IDLE
[2026-06-02 23:43:26Z] CHK MOM:0.01% RANGE:0.09% UP:33.33% SPREAD:0.07648183% BID:2.615 ASK:2.617 MID:2.616 P1:2.616 P2:2.6155 P3:2.6155 P4:2.6155 STATE:IDLE
[2026-06-02 23:43:26Z] CHK MOM:0% RANGE:0.09% UP:30% SPREAD:0.07648183% BID:2.615 ASK:2.617 MID:2.616 P1:2.616 P2:2.616 P3:2.6155 P4:2.6155 STATE:IDLE
[2026-06-02 23:43:27Z] CHK MOM:0% RANGE:0.09% UP:30% SPREAD:0.07648183% BID:2.615 ASK:2.617 MID:2.616 P1:2.616 P2:2.616 P3:2.6155 P4:2.6155 STATE:IDLE
[2026-06-02 23:43:27Z] CHK MOM:0.01% RANGE:0.09% UP:35% SPREAD:0.03822629% BID:2.616 ASK:2.617 MID:2.6165 P1:2.6165 P2:2.616 P3:2.616 P4:2.6155 STATE:IDLE
[2026-06-02 23:43:28Z] CHK MOM:0.01% RANGE:0.09% UP:35% SPREAD:0.03822629% BID:2.616 ASK:2.617 MID:2.6165 P1:2.6165 P2:2.6165 P3:2.616 P4:2.616 STATE:IDLE
[2026-06-02 23:43:28Z] CHK MOM:-0.01% RANGE:0.09% UP:30% SPREAD:0.03822629% BID:2.616 ASK:2.617 MID:2.6165 P1:2.6165 P2:2.6165 P3:2.6165 P4:2.616 STATE:IDLE
[2026-06-02 23:43:29Z] CHK MOM:0% RANGE:0.09% UP:33.33% SPREAD:0.07645259% BID:2.616 ASK:2.618 MID:2.617 P1:2.617 P2:2.6165 P3:2.6165 P4:2.6165 STATE:IDLE
[2026-06-02 23:43:29Z] CHK MOM:0.01% RANGE:0.09% UP:35% SPREAD:0.07645259% BID:2.616 ASK:2.618 MID:2.617 P1:2.617 P2:2.617 P3:2.6165 P4:2.6165 STATE:IDLE
[2026-06-02 23:43:30Z] CHK MOM:0.01% RANGE:0.09% UP:33.33% SPREAD:0.07645259% BID:2.616 ASK:2.618 MID:2.617 P1:2.617 P2:2.617 P3:2.617 P4:2.6165 STATE:IDLE
[2026-06-02 23:43:30Z] CHK MOM:-0.01% RANGE:0.09% UP:28.57% SPREAD:0.03822629% BID:2.616 ASK:2.617 MID:2.6165 P1:2.6165 P2:2.617 P3:2.617 P4:2.617 STATE:IDLE
[2026-06-02 23:43:31Z] CHK MOM:-0.01% RANGE:0.09% UP:28.57% SPREAD:0.03822629% BID:2.616 ASK:2.617 MID:2.6165 P1:2.6165 P2:2.617 P3:2.617 P4:2.617 STATE:IDLE
[2026-06-02 23:43:32Z] CHK MOM:0.05% RANGE:0.09% UP:27.77% SPREAD:0.03822629% BID:2.616 ASK:2.617 MID:2.6165 P1:2.6165 P2:2.6165 P3:2.617 P4:2.617 STATE:IDLE
[2026-06-02 23:43:32Z] CHK MOM:0.05% RANGE:0.09% UP:26.31% SPREAD:0.03822629% BID:2.616 ASK:2.617 MID:2.6165 P1:2.6165 P2:2.6165 P3:2.6165 P4:2.617 STATE:IDLE
[2026-06-02 23:43:33Z] CHK MOM:0.09% RANGE:0.09% UP:31.57% SPREAD:0.07645259% BID:2.616 ASK:2.618 MID:2.617 P1:2.617 P2:2.6165 P3:2.6165 P4:2.6165 STATE:IDLE
[2026-06-02 23:43:33Z] CHK MOM:0.11% RANGE:0.11% UP:35% SPREAD:0.03821169% BID:2.617 ASK:2.618 MID:2.61749999 P1:2.61749999 P2:2.617 P3:2.6165 P4:2.6165 STATE:IDLE
[2026-06-02 23:43:34Z] CHK MOM:0.07% RANGE:0.09% UP:30% SPREAD:0.03821169% BID:2.617 ASK:2.618 MID:2.61749999 P1:2.61749999 P2:2.61749999 P3:2.617 P4:2.6165 STATE:IDLE
[2026-06-02 23:43:34Z] CHK MOM:0.07% RANGE:0.09% UP:31.57% SPREAD:0.03821169% BID:2.617 ASK:2.618 MID:2.61749999 P1:2.61749999 P2:2.61749999 P3:2.61749999 P4:2.617 STATE:IDLE
[2026-06-02 23:43:35Z] CHK MOM:0.11% RANGE:0.11% UP:36.84% SPREAD:0.07642338% BID:2.617 ASK:2.619 MID:2.618 P1:2.618 P2:2.61749999 P3:2.61749999 P4:2.61749999 STATE:IDLE
[2026-06-02 23:43:35Z] CHK MOM:0.09% RANGE:0.11% UP:35% SPREAD:0.03821169% BID:2.617 ASK:2.618 MID:2.61749999 P1:2.61749999 P2:2.618 P3:2.61749999 P4:2.61749999 STATE:IDLE
[2026-06-02 23:43:36Z] CHK MOM:0.07% RANGE:0.09% UP:30% SPREAD:0.03821169% BID:2.617 ASK:2.618 MID:2.61749999 P1:2.61749999 P2:2.61749999 P3:2.618 P4:2.61749999 STATE:IDLE
[2026-06-02 23:43:37Z] CHK MOM:0.07% RANGE:0.09% UP:30% SPREAD:0.03821169% BID:2.617 ASK:2.618 MID:2.61749999 P1:2.61749999 P2:2.61749999 P3:2.61749999 P4:2.618 STATE:IDLE
[2026-06-02 23:43:37Z] CHK MOM:0.07% RANGE:0.09% UP:30% SPREAD:0.03821169% BID:2.617 ASK:2.618 MID:2.61749999 P1:2.61749999 P2:2.61749999 P3:2.61749999 P4:2.61749999 STATE:IDLE
[2026-06-02 23:43:38Z] CHK MOM:0.07% RANGE:0.09% UP:30% SPREAD:0.03821169% BID:2.617 ASK:2.618 MID:2.61749999 P1:2.61749999 P2:2.61749999 P3:2.61749999 P4:2.61749999 STATE:IDLE
[2026-06-02 23:43:38Z] CHK MOM:0.07% RANGE:0.07% UP:27.77% SPREAD:0.03819709% BID:2.618 ASK:2.619 MID:2.6185 P1:2.6185 P2:2.61749999 P3:2.61749999 P4:2.61749999 STATE:IDLE
[2026-06-02 23:43:39Z] CHK MOM:0.05% RANGE:0.07% UP:26.31% SPREAD:0.07642338% BID:2.617 ASK:2.619 MID:2.618 P1:2.618 P2:2.6185 P3:2.61749999 P4:2.61749999 STATE:IDLE
[2026-06-02 23:43:39Z] CHK MOM:0.05% RANGE:0.07% UP:26.31% SPREAD:0.07642338% BID:2.617 ASK:2.619 MID:2.618 P1:2.618 P2:2.6185 P3:2.61749999 P4:2.61749999 STATE:IDLE
[2026-06-02 23:43:40Z] CHK MOM:0.03% RANGE:0.07% UP:26.31% SPREAD:0.03821169% BID:2.617 ASK:2.618 MID:2.61749999 P1:2.61749999 P2:2.618 P3:2.6185 P4:2.61749999 STATE:IDLE
[2026-06-02 23:43:40Z] CHK MOM:0.03% RANGE:0.07% UP:26.31% SPREAD:0.03821169% BID:2.617 ASK:2.618 MID:2.61749999 P1:2.61749999 P2:2.618 P3:2.6185 P4:2.61749999 STATE:IDLE
[2026-06-02 23:43:41Z] CHK MOM:0.03% RANGE:0.07% UP:26.31% SPREAD:0.03821169% BID:2.617 ASK:2.618 MID:2.61749999 P1:2.61749999 P2:2.618 P3:2.6185 P4:2.61749999 STATE:IDLE
[2026-06-02 23:43:41Z] CHK MOM:0.01% RANGE:0.07% UP:23.52% SPREAD:0.03821169% BID:2.617 ASK:2.618 MID:2.61749999 P1:2.61749999 P2:2.61749999 P3:2.618 P4:2.6185 STATE:IDLE
[2026-06-02 23:43:42Z] CHK MOM:-0.03% RANGE:0.09% UP:23.52% SPREAD:0.07648183% BID:2.615 ASK:2.617 MID:2.616 P1:2.616 P2:2.61749999 P3:2.61749999 P4:2.618 STATE:IDLE
[2026-06-02 23:43:43Z] CHK MOM:-0.01% RANGE:0.09% UP:25% SPREAD:0.07648183% BID:2.615 ASK:2.617 MID:2.616 P1:2.616 P2:2.616 P3:2.61749999 P4:2.61749999 STATE:IDLE
[2026-06-02 23:43:43Z] CHK MOM:0% RANGE:0.09% UP:29.41% SPREAD:0.03822629% BID:2.616 ASK:2.617 MID:2.6165 P1:2.6165 P2:2.616 P3:2.616 P4:2.61749999 STATE:IDLE
[2026-06-02 23:43:44Z] CHK MOM:0% RANGE:0.09% UP:29.41% SPREAD:0.03822629% BID:2.616 ASK:2.617 MID:2.6165 P1:2.6165 P2:2.616 P3:2.616 P4:2.61749999 STATE:IDLE
[2026-06-02 23:43:44Z] CHK MOM:-0.01% RANGE:0.09% UP:25% SPREAD:0.03822629% BID:2.616 ASK:2.617 MID:2.6165 P1:2.6165 P2:2.6165 P3:2.616 P4:2.616 STATE:IDLE
[2026-06-02 23:43:45Z] CHK MOM:-0.01% RANGE:0.09% UP:25% SPREAD:0.03822629% BID:2.616 ASK:2.617 MID:2.6165 P1:2.6165 P2:2.6165 P3:2.616 P4:2.616 STATE:IDLE
[2026-06-02 23:43:45Z] CHK MOM:-0.03% RANGE:0.09% UP:18.75% SPREAD:0.03822629% BID:2.616 ASK:2.617 MID:2.6165 P1:2.6165 P2:2.6165 P3:2.6165 P4:2.616 STATE:IDLE
[2026-06-02 23:43:46Z] CHK MOM:-0.03% RANGE:0.09% UP:18.75% SPREAD:0.03822629% BID:2.616 ASK:2.617 MID:2.6165 P1:2.6165 P2:2.6165 P3:2.6165 P4:2.616 STATE:IDLE
[2026-06-02 23:43:46Z] CHK MOM:-0.03% RANGE:0.09% UP:20% SPREAD:0.03822629% BID:2.616 ASK:2.617 MID:2.6165 P1:2.6165 P2:2.6165 P3:2.6165 P4:2.6165 STATE:IDLE
[2026-06-02 23:43:47Z] CHK MOM:-0.03% RANGE:0.09% UP:20% SPREAD:0.07645259% BID:2.616 ASK:2.618 MID:2.617 P1:2.617 P2:2.6165 P3:2.6165 P4:2.6165 STATE:IDLE
[2026-06-02 23:43:48Z] CHK MOM:-0.03% RANGE:0.09% UP:20% SPREAD:0.07645259% BID:2.616 ASK:2.618 MID:2.617 P1:2.617 P2:2.6165 P3:2.6165 P4:2.6165 STATE:IDLE
[2026-06-02 23:43:48Z] CHK MOM:-0.01% RANGE:0.09% UP:25% SPREAD:0.07645259% BID:2.616 ASK:2.618 MID:2.617 P1:2.617 P2:2.617 P3:2.6165 P4:2.6165 STATE:IDLE
[2026-06-02 23:43:49Z] CHK MOM:-0.01% RANGE:0.09% UP:25% SPREAD:0.07645259% BID:2.616 ASK:2.618 MID:2.617 P1:2.617 P2:2.617 P3:2.6165 P4:2.6165 STATE:IDLE
[2026-06-02 23:43:49Z] CHK MOM:-0.09% RANGE:0.09% UP:16.66% SPREAD:0.07648183% BID:2.615 ASK:2.617 MID:2.616 P1:2.616 P2:2.617 P3:2.617 P4:2.6165 STATE:IDLE
[2026-06-02 23:43:50Z] CHK MOM:-0.09% RANGE:0.09% UP:15.38% SPREAD:0.07648183% BID:2.615 ASK:2.617 MID:2.616 P1:2.616 P2:2.616 P3:2.617 P4:2.617 STATE:IDLE
[2026-06-02 23:43:50Z] CHK MOM:-0.09% RANGE:0.09% UP:14.28% SPREAD:0.07648183% BID:2.615 ASK:2.617 MID:2.616 P1:2.616 P2:2.616 P3:2.616 P4:2.617 STATE:IDLE
[2026-06-02 23:43:51Z] CHK MOM:-0.09% RANGE:0.09% UP:14.28% SPREAD:0.07648183% BID:2.615 ASK:2.617 MID:2.616 P1:2.616 P2:2.616 P3:2.616 P4:2.617 STATE:IDLE
[2026-06-02 23:43:51Z] CHK MOM:-0.07% RANGE:0.07% UP:15.38% SPREAD:0.03824091% BID:2.615 ASK:2.616 MID:2.6155 P1:2.6155 P2:2.616 P3:2.616 P4:2.616 STATE:IDLE
[2026-06-02 23:43:52Z] CHK MOM:-0.07% RANGE:0.07% UP:14.28% SPREAD:0.03824091% BID:2.615 ASK:2.616 MID:2.6155 P1:2.6155 P2:2.6155 P3:2.616 P4:2.616 STATE:IDLE
[2026-06-02 23:43:52Z] CHK MOM:-0.07% RANGE:0.07% UP:14.28% SPREAD:0.03824091% BID:2.615 ASK:2.616 MID:2.6155 P1:2.6155 P2:2.6155 P3:2.6155 P4:2.616 STATE:IDLE
[2026-06-02 23:43:53Z] CHK MOM:-0.07% RANGE:0.07% UP:13.33% SPREAD:0.03824091% BID:2.615 ASK:2.616 MID:2.6155 P1:2.6155 P2:2.6155 P3:2.6155 P4:2.6155 STATE:IDLE
[2026-06-02 23:43:54Z] CHK MOM:-0.01% RANGE:0.05% UP:13.33% SPREAD:0.03824091% BID:2.615 ASK:2.616 MID:2.6155 P1:2.6155 P2:2.6155 P3:2.6155 P4:2.6155 STATE:IDLE
[2026-06-02 23:43:54Z] CHK MOM:-0.01% RANGE:0.05% UP:13.33% SPREAD:0.03824091% BID:2.615 ASK:2.616 MID:2.6155 P1:2.6155 P2:2.6155 P3:2.6155 P4:2.6155 STATE:IDLE
[2026-06-02 23:43:55Z] CHK MOM:-0.03% RANGE:0.05% UP:6.66% SPREAD:0.03824091% BID:2.615 ASK:2.616 MID:2.6155 P1:2.6155 P2:2.6155 P3:2.6155 P4:2.6155 STATE:IDLE
[2026-06-02 23:43:55Z] CHK MOM:0% RANGE:0.05% UP:12.5% SPREAD:0.03822629% BID:2.616 ASK:2.617 MID:2.6165 P1:2.6165 P2:2.6155 P3:2.6155 P4:2.6155 STATE:IDLE
[2026-06-02 23:43:56Z] CHK MOM:0% RANGE:0.05% UP:12.5% SPREAD:0.03822629% BID:2.616 ASK:2.617 MID:2.6165 P1:2.6165 P2:2.6155 P3:2.6155 P4:2.6155 STATE:IDLE
[2026-06-02 23:43:56Z] CHK MOM:0% RANGE:0.05% UP:12.5% SPREAD:0.03822629% BID:2.616 ASK:2.617 MID:2.6165 P1:2.6165 P2:2.6165 P3:2.6155 P4:2.6155 STATE:IDLE
[2026-06-02 23:43:57Z] CHK MOM:0.01% RANGE:0.05% UP:18.75% SPREAD:0.07645259% BID:2.616 ASK:2.618 MID:2.617 P1:2.617 P2:2.6165 P3:2.6165 P4:2.6155 STATE:IDLE
[2026-06-02 23:43:57Z] CHK MOM:0.01% RANGE:0.05% UP:18.75% SPREAD:0.07645259% BID:2.616 ASK:2.618 MID:2.617 P1:2.617 P2:2.617 P3:2.6165 P4:2.6165 STATE:IDLE
[2026-06-02 23:43:58Z] CHK MOM:0.01% RANGE:0.05% UP:17.64% SPREAD:0.07645259% BID:2.616 ASK:2.618 MID:2.617 P1:2.617 P2:2.617 P3:2.617 P4:2.6165 STATE:IDLE
[2026-06-02 23:43:59Z] CHK MOM:0.01% RANGE:0.05% UP:17.64% SPREAD:0.07645259% BID:2.616 ASK:2.618 MID:2.617 P1:2.617 P2:2.617 P3:2.617 P4:2.6165 STATE:IDLE
[2026-06-02 23:43:59Z] CHK MOM:0% RANGE:0.05% UP:12.5% SPREAD:0.07645259% BID:2.616 ASK:2.618 MID:2.617 P1:2.617 P2:2.617 P3:2.617 P4:2.617 STATE:IDLE
[2026-06-02 23:44:00Z] CHK MOM:0% RANGE:0.05% UP:11.76% SPREAD:0.07645259% BID:2.616 ASK:2.618 MID:2.617 P1:2.617 P2:2.617 P3:2.617 P4:2.617 STATE:IDLE
[2026-06-02 23:44:00Z] CHK MOM:-0.01% RANGE:0.05% UP:11.76% SPREAD:0.03824091% BID:2.615 ASK:2.616 MID:2.6155 P1:2.6155 P2:2.617 P3:2.617 P4:2.617 STATE:IDLE
[2026-06-02 23:44:01Z] CHK MOM:-0.01% RANGE:0.05% UP:11.11% SPREAD:0.03824091% BID:2.615 ASK:2.616 MID:2.6155 P1:2.6155 P2:2.6155 P3:2.617 P4:2.617 STATE:IDLE
[2026-06-02 23:44:01Z] CHK MOM:-0.05% RANGE:0.09% UP:10.52% SPREAD:0.03825554% BID:2.614 ASK:2.615 MID:2.6145 P1:2.6145 P2:2.6155 P3:2.6155 P4:2.617 STATE:IDLE
[2026-06-02 23:44:02Z] CHK MOM:-0.09% RANGE:0.13% UP:11.11% SPREAD:0.03827018% BID:2.613 ASK:2.614 MID:2.6135 P1:2.6135 P2:2.6145 P3:2.6155 P4:2.6155 STATE:IDLE
[2026-06-02 23:44:02Z] CHK MOM:-0.09% RANGE:0.13% UP:10.52% SPREAD:0.03827018% BID:2.613 ASK:2.614 MID:2.6135 P1:2.6135 P2:2.6135 P3:2.6145 P4:2.6155 STATE:IDLE
[2026-06-02 23:44:03Z] CHK MOM:-0.01% RANGE:0.13% UP:15.78% SPREAD:0.07651109% BID:2.614 ASK:2.616 MID:2.615 P1:2.615 P2:2.6135 P3:2.6135 P4:2.6145 STATE:IDLE
[2026-06-02 23:44:03Z] CHK MOM:-0.01% RANGE:0.13% UP:15.78% SPREAD:0.07651109% BID:2.614 ASK:2.616 MID:2.615 P1:2.615 P2:2.6135 P3:2.6135 P4:2.6145 STATE:IDLE
[2026-06-02 23:44:04Z] CHK MOM:-0.01% RANGE:0.13% UP:15.78% SPREAD:0.07651109% BID:2.614 ASK:2.616 MID:2.615 P1:2.615 P2:2.6135 P3:2.6135 P4:2.6145 STATE:IDLE
[2026-06-02 23:44:05Z] CHK MOM:-0.05% RANGE:0.13% UP:17.64% SPREAD:0.07654037% BID:2.613 ASK:2.615 MID:2.614 P1:2.614 P2:2.615 P3:2.6135 P4:2.6135 STATE:IDLE
[2026-06-02 23:44:05Z] CHK MOM:-0.11% RANGE:0.17% UP:17.64% SPREAD:0.03828483% BID:2.612 ASK:2.613 MID:2.6125 P1:2.6125 P2:2.614 P3:2.615 P4:2.6135 STATE:IDLE
[2026-06-02 23:44:06Z] CHK MOM:-0.11% RANGE:0.17% UP:17.64% SPREAD:0.03828483% BID:2.612 ASK:2.613 MID:2.6125 P1:2.6125 P2:2.614 P3:2.615 P4:2.6135 STATE:IDLE
[2026-06-02 23:44:06Z] CHK MOM:-0.11% RANGE:0.17% UP:17.64% SPREAD:0.03828483% BID:2.612 ASK:2.613 MID:2.6125 P1:2.6125 P2:2.614 P3:2.615 P4:2.6135 STATE:IDLE
[2026-06-02 23:44:07Z] CHK MOM:-0.11% RANGE:0.17% UP:17.64% SPREAD:0.03828483% BID:2.612 ASK:2.613 MID:2.6125 P1:2.6125 P2:2.614 P3:2.615 P4:2.6135 STATE:IDLE
[2026-06-02 23:44:07Z] CHK MOM:-0.15% RANGE:0.17% UP:13.33% SPREAD:0.03828483% BID:2.612 ASK:2.613 MID:2.6125 P1:2.6125 P2:2.6125 P3:2.614 P4:2.615 STATE:IDLE
[2026-06-02 23:44:08Z] CHK MOM:-0.17% RANGE:0.19% UP:13.33% SPREAD:0.076599% BID:2.611 ASK:2.613 MID:2.612 P1:2.612 P2:2.6125 P3:2.6125 P4:2.614 STATE:IDLE
[2026-06-02 23:44:08Z] CHK MOM:-0.19% RANGE:0.21% UP:12.5% SPREAD:0.0382995% BID:2.611 ASK:2.612 MID:2.6115 P1:2.6115 P2:2.612 P3:2.6125 P4:2.6125 STATE:IDLE
[2026-06-02 23:44:09Z] CHK MOM:-0.19% RANGE:0.21% UP:13.33% SPREAD:0.076599% BID:2.611 ASK:2.613 MID:2.612 P1:2.612 P2:2.6115 P3:2.612 P4:2.6125 STATE:IDLE
[2026-06-02 23:44:10Z] CHK MOM:-0.13% RANGE:0.21% UP:18.75% SPREAD:0.11485451% BID:2.612 ASK:2.615 MID:2.6135 P1:2.6135 P2:2.612 P3:2.6115 P4:2.612 STATE:IDLE
[2026-06-02 23:44:10Z] CHK MOM:-0.11% RANGE:0.21% UP:26.66% SPREAD:0.07654037% BID:2.613 ASK:2.615 MID:2.614 P1:2.614 P2:2.6135 P3:2.612 P4:2.6115 STATE:IDLE
[2026-06-02 23:44:11Z] CHK MOM:-0.09% RANGE:0.21% UP:31.25% SPREAD:0.03825554% BID:2.614 ASK:2.615 MID:2.6145 P1:2.6145 P2:2.614 P3:2.6135 P4:2.612 STATE:IDLE
[2026-06-02 23:44:11Z] CHK MOM:-0.03% RANGE:0.21% UP:37.5% SPREAD:0.07648183% BID:2.615 ASK:2.617 MID:2.616 P1:2.616 P2:2.6145 P3:2.614 P4:2.6135 STATE:IDLE
[2026-06-02 23:44:12Z] CHK MOM:-0.03% RANGE:0.21% UP:35.29% SPREAD:0.07648183% BID:2.615 ASK:2.617 MID:2.616 P1:2.616 P2:2.616 P3:2.6145 P4:2.614 STATE:IDLE
[2026-06-02 23:44:12Z] CHK MOM:0.01% RANGE:0.17% UP:37.5% SPREAD:0.07648183% BID:2.615 ASK:2.617 MID:2.616 P1:2.616 P2:2.616 P3:2.616 P4:2.6145 STATE:IDLE
[2026-06-02 23:44:13Z] CHK MOM:0.05% RANGE:0.17% UP:37.5% SPREAD:0.07648183% BID:2.615 ASK:2.617 MID:2.616 P1:2.616 P2:2.616 P3:2.616 P4:2.616 STATE:IDLE
[2026-06-02 23:44:13Z] CHK MOM:0.09% RANGE:0.17% UP:37.5% SPREAD:0.07648183% BID:2.615 ASK:2.617 MID:2.616 P1:2.616 P2:2.616 P3:2.616 P4:2.616 STATE:IDLE
[2026-06-02 23:44:14Z] CHK MOM:0.09% RANGE:0.17% UP:35.29% SPREAD:0.07648183% BID:2.615 ASK:2.617 MID:2.616 P1:2.616 P2:2.616 P3:2.616 P4:2.616 STATE:IDLE
[2026-06-02 23:44:14Z] CHK MOM:0.01% RANGE:0.17% UP:31.25% SPREAD:0.03824091% BID:2.615 ASK:2.616 MID:2.6155 P1:2.6155 P2:2.616 P3:2.616 P4:2.616 STATE:IDLE
[2026-06-02 23:44:15Z] CHK MOM:0.07% RANGE:0.17% UP:37.5% SPREAD:0.07648183% BID:2.615 ASK:2.617 MID:2.616 P1:2.616 P2:2.6155 P3:2.616 P4:2.616 STATE:IDLE
[2026-06-02 23:44:16Z] CHK MOM:0.11% RANGE:0.21% UP:41.17% SPREAD:0.07645259% BID:2.616 ASK:2.618 MID:2.617 P1:2.617 P2:2.616 P3:2.6155 P4:2.616 STATE:IDLE
[2026-06-02 23:44:16Z] CHK MOM:0.13% RANGE:0.22% UP:44.44% SPREAD:0.03821169% BID:2.617 ASK:2.618 MID:2.61749999 P1:2.61749999 P2:2.617 P3:2.616 P4:2.6155 STATE:IDLE
[2026-06-02 23:44:17Z] CHK MOM:0.13% RANGE:0.22% UP:42.1% SPREAD:0.03821169% BID:2.617 ASK:2.618 MID:2.61749999 P1:2.61749999 P2:2.61749999 P3:2.617 P4:2.616 STATE:IDLE
[2026-06-02 23:44:17Z] TOKEN_SWITCH old=NEARUSDC new=INJUSDC source=.service.env
