[2026-06-02 23:53:03Z] SESSION_START symbol=ONDOUSDC dry_run=0 profile=major strategy=momentum base_url=https://api.binance.com
[2026-06-02 23:53:03Z] TOXIC_MEMORY_LOADED count=1 symbols=ORDIUSDC
[2026-06-02 23:53:05Z] CHK MOM:0% RANGE:0% UP:0% SPREAD:0.02588661% BID:0.3863 ASK:0.3864 MID:0.38634999 P1:0.38634999 P2:NA P3:NA P4:NA STATE:IDLE
[2026-06-02 23:53:05Z] CHK MOM:0.05% RANGE:0.05% UP:100% SPREAD:0.12943308% BID:0.3863 ASK:0.3868 MID:0.38654999 P1:0.38654999 P2:0.38634999 P3:NA P4:NA STATE:IDLE
[2026-06-02 23:53:06Z] CHK MOM:0.01% RANGE:0.05% UP:50% SPREAD:0.05177323% BID:0.3863 ASK:0.3865 MID:0.38639999 P1:0.38639999 P2:0.38654999 P3:0.38634999 P4:NA STATE:IDLE
[2026-06-02 23:53:06Z] CHK MOM:0% RANGE:0.05% UP:33.33% SPREAD:0.02588661% BID:0.3863 ASK:0.3864 MID:0.38634999 P1:0.38634999 P2:0.38639999 P3:0.38654999 P4:0.38634999 STATE:IDLE
[2026-06-02 23:53:07Z] CHK MOM:0% RANGE:0.05% UP:25% SPREAD:0.02588661% BID:0.3863 ASK:0.3864 MID:0.38634999 P1:0.38634999 P2:0.38634999 P3:0.38639999 P4:0.38654999 STATE:IDLE
[2026-06-02 23:53:07Z] CHK MOM:0.03% RANGE:0.05% UP:40% SPREAD:0.05175983% BID:0.3864 ASK:0.3866 MID:0.3865 P1:0.3865 P2:0.38634999 P3:0.38634999 P4:0.38639999 STATE:IDLE
[2026-06-02 23:53:08Z] CHK MOM:0.1% RANGE:0.1% UP:50% SPREAD:0.02585983% BID:0.3867 ASK:0.3868 MID:0.38675 P1:0.38675 P2:0.3865 P3:0.38634999 P4:0.38634999 STATE:IDLE
[2026-06-02 23:53:08Z] CHK MOM:0.15% RANGE:0.15% UP:57.14% SPREAD:0.07755946% BID:0.3868 ASK:0.3871 MID:0.38695 P1:0.38695 P2:0.38675 P3:0.3865 P4:0.38634999 STATE:IDLE
[2026-06-02 23:53:09Z] CHK MOM:0.06% RANGE:0.15% UP:50% SPREAD:0.05174644% BID:0.3865 ASK:0.3867 MID:0.3866 P1:0.3866 P2:0.38695 P3:0.38675 P4:0.3865 STATE:IDLE
[2026-06-02 23:53:09Z] CHK MOM:0.06% RANGE:0.15% UP:50% SPREAD:0.05174644% BID:0.3865 ASK:0.3867 MID:0.3866 P1:0.3866 P2:0.38695 P3:0.38675 P4:0.3865 STATE:IDLE
[2026-06-02 23:53:10Z] CHK MOM:0.07% RANGE:0.15% UP:55.55% SPREAD:0.02586652% BID:0.3866 ASK:0.3867 MID:0.38665 P1:0.38665 P2:0.3866 P3:0.38695 P4:0.38675 STATE:IDLE
[2026-06-02 23:53:11Z] CHK MOM:0.06% RANGE:0.15% UP:50% SPREAD:0.05174644% BID:0.3865 ASK:0.3867 MID:0.3866 P1:0.3866 P2:0.38665 P3:0.3866 P4:0.38695 STATE:IDLE
[2026-06-02 23:53:11Z] CHK MOM:0.06% RANGE:0.15% UP:50% SPREAD:0.05174644% BID:0.3865 ASK:0.3867 MID:0.3866 P1:0.3866 P2:0.38665 P3:0.3866 P4:0.38695 STATE:IDLE
[2026-06-02 23:53:12Z] CHK MOM:0.06% RANGE:0.15% UP:50% SPREAD:0.05174644% BID:0.3865 ASK:0.3867 MID:0.3866 P1:0.3866 P2:0.38665 P3:0.3866 P4:0.38695 STATE:IDLE
[2026-06-02 23:53:12Z] CHK MOM:0.01% RANGE:0.15% UP:45.45% SPREAD:0.05177323% BID:0.3863 ASK:0.3865 MID:0.38639999 P1:0.38639999 P2:0.3866 P3:0.38665 P4:0.3866 STATE:IDLE
[2026-06-02 23:53:13Z] CHK MOM:0.02% RANGE:0.15% UP:50% SPREAD:0.02587991% BID:0.3864 ASK:0.3865 MID:0.38645 P1:0.38645 P2:0.38639999 P3:0.3866 P4:0.38665 STATE:IDLE
[2026-06-02 23:53:13Z] CHK MOM:0.03% RANGE:0.15% UP:53.84% SPREAD:0.05175983% BID:0.3864 ASK:0.3866 MID:0.3865 P1:0.3865 P2:0.38645 P3:0.38639999 P4:0.3866 STATE:IDLE
[2026-06-02 23:53:14Z] CHK MOM:0.02% RANGE:0.15% UP:50% SPREAD:0.02587991% BID:0.3864 ASK:0.3865 MID:0.38645 P1:0.38645 P2:0.3865 P3:0.38645 P4:0.38639999 STATE:IDLE
[2026-06-02 23:53:14Z] CHK MOM:0.02% RANGE:0.15% UP:50% SPREAD:0.02587991% BID:0.3864 ASK:0.3865 MID:0.38645 P1:0.38645 P2:0.3865 P3:0.38645 P4:0.38639999 STATE:IDLE
[2026-06-02 23:53:15Z] CHK MOM:0.02% RANGE:0.15% UP:50% SPREAD:0.02587991% BID:0.3864 ASK:0.3865 MID:0.38645 P1:0.38645 P2:0.3865 P3:0.38645 P4:0.38639999 STATE:IDLE
[2026-06-02 23:53:16Z] CHK MOM:0.02% RANGE:0.15% UP:46.66% SPREAD:0.02587991% BID:0.3864 ASK:0.3865 MID:0.38645 P1:0.38645 P2:0.38645 P3:0.3865 P4:0.38645 STATE:IDLE
[2026-06-02 23:53:16Z] CHK MOM:0.02% RANGE:0.15% UP:46.66% SPREAD:0.02587991% BID:0.3864 ASK:0.3865 MID:0.38645 P1:0.38645 P2:0.38645 P3:0.3865 P4:0.38645 STATE:IDLE
[2026-06-02 23:53:17Z] CHK MOM:0.02% RANGE:0.15% UP:46.66% SPREAD:0.02587991% BID:0.3864 ASK:0.3865 MID:0.38645 P1:0.38645 P2:0.38645 P3:0.3865 P4:0.38645 STATE:IDLE
[2026-06-02 23:53:17Z] CHK MOM:0.02% RANGE:0.15% UP:46.66% SPREAD:0.02587991% BID:0.3864 ASK:0.3865 MID:0.38645 P1:0.38645 P2:0.38645 P3:0.3865 P4:0.38645 STATE:IDLE
[2026-06-02 23:53:18Z] CHK MOM:0.02% RANGE:0.15% UP:46.66% SPREAD:0.02587991% BID:0.3864 ASK:0.3865 MID:0.38645 P1:0.38645 P2:0.38645 P3:0.3865 P4:0.38645 STATE:IDLE
[2026-06-02 23:53:18Z] CHK MOM:0.02% RANGE:0.15% UP:50% SPREAD:0.02587991% BID:0.3864 ASK:0.3865 MID:0.38645 P1:0.38645 P2:0.38645 P3:0.38645 P4:0.3865 STATE:IDLE
[2026-06-02 23:53:19Z] CHK MOM:0.02% RANGE:0.15% UP:46.15% SPREAD:0.02587991% BID:0.3864 ASK:0.3865 MID:0.38645 P1:0.38645 P2:0.38645 P3:0.38645 P4:0.38645 STATE:IDLE
[2026-06-02 23:53:19Z] CHK MOM:0.02% RANGE:0.15% UP:46.15% SPREAD:0.02587991% BID:0.3864 ASK:0.3865 MID:0.38645 P1:0.38645 P2:0.38645 P3:0.38645 P4:0.38645 STATE:IDLE
[2026-06-02 23:53:20Z] CHK MOM:0.02% RANGE:0.15% UP:46.15% SPREAD:0.02587991% BID:0.3864 ASK:0.3865 MID:0.38645 P1:0.38645 P2:0.38645 P3:0.38645 P4:0.38645 STATE:IDLE
[2026-06-02 23:53:20Z] CHK MOM:-0.12% RANGE:0.14% UP:27.27% SPREAD:0.02587991% BID:0.3864 ASK:0.3865 MID:0.38645 P1:0.38645 P2:0.38645 P3:0.38645 P4:0.38645 STATE:IDLE
[2026-06-02 23:53:21Z] CHK MOM:-0.12% RANGE:0.14% UP:27.27% SPREAD:0.02587991% BID:0.3864 ASK:0.3865 MID:0.38645 P1:0.38645 P2:0.38645 P3:0.38645 P4:0.38645 STATE:IDLE
[2026-06-02 23:53:22Z] CHK MOM:-0.12% RANGE:0.14% UP:27.27% SPREAD:0.02587991% BID:0.3864 ASK:0.3865 MID:0.38645 P1:0.38645 P2:0.38645 P3:0.38645 P4:0.38645 STATE:IDLE
[2026-06-02 23:53:22Z] CHK MOM:-0.12% RANGE:0.14% UP:27.27% SPREAD:0.02587991% BID:0.3864 ASK:0.3865 MID:0.38645 P1:0.38645 P2:0.38645 P3:0.38645 P4:0.38645 STATE:IDLE
[2026-06-02 23:53:23Z] CHK MOM:-0.03% RANGE:0.05% UP:22.22% SPREAD:0.02587991% BID:0.3864 ASK:0.3865 MID:0.38645 P1:0.38645 P2:0.38645 P3:0.38645 P4:0.38645 STATE:IDLE
[2026-06-02 23:53:23Z] CHK MOM:-0.03% RANGE:0.05% UP:22.22% SPREAD:0.02587991% BID:0.3864 ASK:0.3865 MID:0.38645 P1:0.38645 P2:0.38645 P3:0.38645 P4:0.38645 STATE:IDLE
[2026-06-02 23:53:24Z] CHK MOM:0.01% RANGE:0.02% UP:22.22% SPREAD:0.02587991% BID:0.3864 ASK:0.3865 MID:0.38645 P1:0.38645 P2:0.38645 P3:0.38645 P4:0.38645 STATE:IDLE
[2026-06-02 23:53:24Z] CHK MOM:0.01% RANGE:0.02% UP:22.22% SPREAD:0.02587991% BID:0.3864 ASK:0.3865 MID:0.38645 P1:0.38645 P2:0.38645 P3:0.38645 P4:0.38645 STATE:IDLE
[2026-06-02 23:53:25Z] CHK MOM:0.01% RANGE:0.02% UP:22.22% SPREAD:0.02587991% BID:0.3864 ASK:0.3865 MID:0.38645 P1:0.38645 P2:0.38645 P3:0.38645 P4:0.38645 STATE:IDLE
[2026-06-02 23:53:25Z] CHK MOM:-0.03% RANGE:0.03% UP:0% SPREAD:0.1036001% BID:0.3861 ASK:0.3865 MID:0.3863 P1:0.3863 P2:0.38645 P3:0.38645 P4:0.38645 STATE:IDLE
[2026-06-02 23:53:26Z] CHK MOM:-0.02% RANGE:0.03% UP:14.28% SPREAD:0.07767995% BID:0.3862 ASK:0.3865 MID:0.38634999 P1:0.38634999 P2:0.3863 P3:0.38645 P4:0.38645 STATE:IDLE
[2026-06-02 23:53:27Z] CHK MOM:0% RANGE:0.03% UP:25% SPREAD:0.02587991% BID:0.3864 ASK:0.3865 MID:0.38645 P1:0.38645 P2:0.38634999 P3:0.3863 P4:0.38645 STATE:IDLE
[2026-06-02 23:53:27Z] CHK MOM:0.03% RANGE:0.07% UP:33.33% SPREAD:0.10351966% BID:0.3864 ASK:0.3868 MID:0.3866 P1:0.3866 P2:0.38645 P3:0.38634999 P4:0.3863 STATE:IDLE
[2026-06-02 23:53:28Z] CHK MOM:0.02% RANGE:0.07% UP:33.33% SPREAD:0.07763975% BID:0.3864 ASK:0.3867 MID:0.38655 P1:0.38655 P2:0.3866 P3:0.38645 P4:0.38634999 STATE:IDLE
[2026-06-02 23:53:28Z] CHK MOM:0.02% RANGE:0.07% UP:33.33% SPREAD:0.07763975% BID:0.3864 ASK:0.3867 MID:0.38655 P1:0.38655 P2:0.3866 P3:0.38645 P4:0.38634999 STATE:IDLE
[2026-06-02 23:53:29Z] CHK MOM:0.02% RANGE:0.07% UP:33.33% SPREAD:0.07763975% BID:0.3864 ASK:0.3867 MID:0.38655 P1:0.38655 P2:0.3866 P3:0.38645 P4:0.38634999 STATE:IDLE
[2026-06-02 23:53:29Z] CHK MOM:0.02% RANGE:0.07% UP:33.33% SPREAD:0.07763975% BID:0.3864 ASK:0.3867 MID:0.38655 P1:0.38655 P2:0.3866 P3:0.38645 P4:0.38634999 STATE:IDLE
[2026-06-02 23:53:30Z] CHK MOM:-0.01% RANGE:0.07% UP:30% SPREAD:0.05177323% BID:0.3863 ASK:0.3865 MID:0.38639999 P1:0.38639999 P2:0.38655 P3:0.3866 P4:0.38645 STATE:IDLE
[2026-06-02 23:53:30Z] CHK MOM:-0.01% RANGE:0.07% UP:30% SPREAD:0.05177323% BID:0.3863 ASK:0.3865 MID:0.38639999 P1:0.38639999 P2:0.38655 P3:0.3866 P4:0.38645 STATE:IDLE
[2026-06-02 23:53:31Z] CHK MOM:-0.01% RANGE:0.07% UP:30% SPREAD:0.05177323% BID:0.3863 ASK:0.3865 MID:0.38639999 P1:0.38639999 P2:0.38655 P3:0.3866 P4:0.38645 STATE:IDLE
[2026-06-02 23:53:32Z] CHK MOM:-0.02% RANGE:0.07% UP:33.33% SPREAD:0.02588661% BID:0.3863 ASK:0.3864 MID:0.38634999 P1:0.38634999 P2:0.38639999 P3:0.38655 P4:0.3866 STATE:IDLE
[2026-06-02 23:53:32Z] CHK MOM:-0.03% RANGE:0.07% UP:30% SPREAD:0.05178663% BID:0.3862 ASK:0.3864 MID:0.3863 P1:0.3863 P2:0.38634999 P3:0.38639999 P4:0.38655 STATE:IDLE
[2026-06-02 23:53:33Z] CHK MOM:-0.03% RANGE:0.07% UP:30% SPREAD:0.05178663% BID:0.3862 ASK:0.3864 MID:0.3863 P1:0.3863 P2:0.38634999 P3:0.38639999 P4:0.38655 STATE:IDLE
[2026-06-02 23:53:33Z] CHK MOM:-0.03% RANGE:0.07% UP:30% SPREAD:0.05178663% BID:0.3862 ASK:0.3864 MID:0.3863 P1:0.3863 P2:0.3863 P3:0.38634999 P4:0.38639999 STATE:IDLE
[2026-06-02 23:53:34Z] CHK MOM:-0.03% RANGE:0.07% UP:27.27% SPREAD:0.05178663% BID:0.3862 ASK:0.3864 MID:0.3863 P1:0.3863 P2:0.3863 P3:0.3863 P4:0.38634999 STATE:IDLE
[2026-06-02 23:53:34Z] CHK MOM:-0.05% RANGE:0.09% UP:25% SPREAD:0.02589331% BID:0.3862 ASK:0.3863 MID:0.38625 P1:0.38625 P2:0.3863 P3:0.3863 P4:0.3863 STATE:IDLE
[2026-06-02 23:53:35Z] CHK MOM:-0.05% RANGE:0.09% UP:25% SPREAD:0.02589331% BID:0.3862 ASK:0.3863 MID:0.38625 P1:0.38625 P2:0.3863 P3:0.3863 P4:0.3863 STATE:IDLE
[2026-06-02 23:53:35Z] CHK MOM:-0.05% RANGE:0.09% UP:25% SPREAD:0.02589331% BID:0.3862 ASK:0.3863 MID:0.38625 P1:0.38625 P2:0.3863 P3:0.3863 P4:0.3863 STATE:IDLE
[2026-06-02 23:53:36Z] CHK MOM:-0.01% RANGE:0.09% UP:27.27% SPREAD:0.02589331% BID:0.3862 ASK:0.3863 MID:0.38625 P1:0.38625 P2:0.38625 P3:0.3863 P4:0.3863 STATE:IDLE
[2026-06-02 23:53:36Z] CHK MOM:-0.01% RANGE:0.09% UP:25% SPREAD:0.02589331% BID:0.3862 ASK:0.3863 MID:0.38625 P1:0.38625 P2:0.38625 P3:0.38625 P4:0.3863 STATE:IDLE
[2026-06-02 23:53:37Z] CHK MOM:-0.01% RANGE:0.09% UP:25% SPREAD:0.02589331% BID:0.3862 ASK:0.3863 MID:0.38625 P1:0.38625 P2:0.38625 P3:0.38625 P4:0.3863 STATE:IDLE
[2026-06-02 23:53:38Z] CHK MOM:-0.01% RANGE:0.09% UP:25% SPREAD:0.02589331% BID:0.3862 ASK:0.3863 MID:0.38625 P1:0.38625 P2:0.38625 P3:0.38625 P4:0.3863 STATE:IDLE
[2026-06-02 23:53:38Z] CHK MOM:-0.01% RANGE:0.09% UP:25% SPREAD:0.02589331% BID:0.3862 ASK:0.3863 MID:0.38625 P1:0.38625 P2:0.38625 P3:0.38625 P4:0.3863 STATE:IDLE
[2026-06-02 23:53:39Z] CHK MOM:-0.01% RANGE:0.09% UP:25% SPREAD:0.02589331% BID:0.3862 ASK:0.3863 MID:0.38625 P1:0.38625 P2:0.38625 P3:0.38625 P4:0.3863 STATE:IDLE
[2026-06-02 23:53:39Z] CHK MOM:-0.12% RANGE:0.12% UP:0% SPREAD:0.05181347% BID:0.386 ASK:0.3862 MID:0.3861 P1:0.3861 P2:0.38625 P3:0.38625 P4:0.38625 STATE:IDLE
[2026-06-02 23:53:40Z] CHK MOM:-0.12% RANGE:0.12% UP:0% SPREAD:0.05181347% BID:0.386 ASK:0.3862 MID:0.3861 P1:0.3861 P2:0.38625 P3:0.38625 P4:0.38625 STATE:IDLE
[2026-06-02 23:53:40Z] CHK MOM:-0.12% RANGE:0.12% UP:0% SPREAD:0.05181347% BID:0.386 ASK:0.3862 MID:0.3861 P1:0.3861 P2:0.38625 P3:0.38625 P4:0.38625 STATE:IDLE
[2026-06-02 23:53:41Z] CHK MOM:-0.05% RANGE:0.07% UP:11.11% SPREAD:0.05180005% BID:0.3861 ASK:0.3863 MID:0.3862 P1:0.3862 P2:0.3861 P3:0.38625 P4:0.38625 STATE:IDLE
[2026-06-02 23:53:41Z] CHK MOM:-0.05% RANGE:0.07% UP:10% SPREAD:0.05180005% BID:0.3861 ASK:0.3863 MID:0.3862 P1:0.3862 P2:0.3862 P3:0.3861 P4:0.38625 STATE:IDLE
[2026-06-02 23:53:42Z] CHK MOM:-0.02% RANGE:0.07% UP:18.18% SPREAD:0.05178663% BID:0.3862 ASK:0.3864 MID:0.3863 P1:0.3863 P2:0.3862 P3:0.3862 P4:0.3861 STATE:IDLE
[2026-06-02 23:53:43Z] CHK MOM:-0.02% RANGE:0.07% UP:18.18% SPREAD:0.05178663% BID:0.3862 ASK:0.3864 MID:0.3863 P1:0.3863 P2:0.3862 P3:0.3862 P4:0.3861 STATE:IDLE
[2026-06-02 23:53:43Z] CHK MOM:-0.07% RANGE:0.07% UP:18.18% SPREAD:0.07774034% BID:0.3859 ASK:0.3862 MID:0.38605 P1:0.38605 P2:0.3863 P3:0.3862 P4:0.3862 STATE:IDLE
[2026-06-02 23:53:44Z] CHK MOM:-0.07% RANGE:0.07% UP:18.18% SPREAD:0.07774034% BID:0.3859 ASK:0.3862 MID:0.38605 P1:0.38605 P2:0.3863 P3:0.3862 P4:0.3862 STATE:IDLE
[2026-06-02 23:53:44Z] CHK MOM:-0.07% RANGE:0.07% UP:18.18% SPREAD:0.07774034% BID:0.3859 ASK:0.3862 MID:0.38605 P1:0.38605 P2:0.3863 P3:0.3862 P4:0.3862 STATE:IDLE
[2026-06-02 23:53:45Z] CHK MOM:-0.07% RANGE:0.07% UP:18.18% SPREAD:0.07774034% BID:0.3859 ASK:0.3862 MID:0.38605 P1:0.38605 P2:0.3863 P3:0.3862 P4:0.3862 STATE:IDLE
[2026-06-02 23:53:45Z] CHK MOM:0.05% RANGE:0.11% UP:33.33% SPREAD:0.15535991% BID:0.3862 ASK:0.3868 MID:0.38649999 P1:0.38649999 P2:0.38605 P3:0.3863 P4:0.3862 STATE:IDLE
[2026-06-02 23:53:46Z] CHK MOM:0.03% RANGE:0.11% UP:30% SPREAD:0.12946659% BID:0.3862 ASK:0.3867 MID:0.38644999 P1:0.38644999 P2:0.38649999 P3:0.38605 P4:0.3863 STATE:IDLE
[2026-06-02 23:53:46Z] CHK MOM:0.02% RANGE:0.11% UP:33.33% SPREAD:0.07767995% BID:0.3862 ASK:0.3865 MID:0.38634999 P1:0.38634999 P2:0.38644999 P3:0.38649999 P4:0.38605 STATE:IDLE
[2026-06-02 23:53:47Z] CHK MOM:0.05% RANGE:0.11% UP:40% SPREAD:0.12946659% BID:0.3862 ASK:0.3867 MID:0.38644999 P1:0.38644999 P2:0.38634999 P3:0.38644999 P4:0.38649999 STATE:IDLE
[2026-06-02 23:53:47Z] CHK MOM:0.03% RANGE:0.11% UP:36.36% SPREAD:0.05177323% BID:0.3863 ASK:0.3865 MID:0.38639999 P1:0.38639999 P2:0.38644999 P3:0.38634999 P4:0.38644999 STATE:IDLE
[2026-06-02 23:53:48Z] CHK MOM:0.03% RANGE:0.11% UP:36.36% SPREAD:0.05177323% BID:0.3863 ASK:0.3865 MID:0.38639999 P1:0.38639999 P2:0.38639999 P3:0.38644999 P4:0.38634999 STATE:IDLE
[2026-06-02 23:53:49Z] CHK MOM:0.1% RANGE:0.11% UP:45.45% SPREAD:0.05175983% BID:0.3864 ASK:0.3866 MID:0.3865 P1:0.3865 P2:0.38639999 P3:0.38639999 P4:0.38644999 STATE:IDLE
[2026-06-02 23:53:49Z] CHK MOM:0.09% RANGE:0.11% UP:41.66% SPREAD:0.02587991% BID:0.3864 ASK:0.3865 MID:0.38645 P1:0.38645 P2:0.3865 P3:0.38639999 P4:0.38639999 STATE:IDLE
[2026-06-02 23:53:50Z] CHK MOM:0.11% RANGE:0.12% UP:46.15% SPREAD:0.02587322% BID:0.3865 ASK:0.3866 MID:0.38655 P1:0.38655 P2:0.38645 P3:0.3865 P4:0.38639999 STATE:IDLE
[2026-06-02 23:53:50Z] CHK MOM:0.11% RANGE:0.12% UP:42.85% SPREAD:0.02587322% BID:0.3865 ASK:0.3866 MID:0.38655 P1:0.38655 P2:0.38655 P3:0.38645 P4:0.3865 STATE:IDLE
[2026-06-02 23:53:51Z] CHK MOM:0.11% RANGE:0.12% UP:42.85% SPREAD:0.02587322% BID:0.3865 ASK:0.3866 MID:0.38655 P1:0.38655 P2:0.38655 P3:0.38645 P4:0.3865 STATE:IDLE
[2026-06-02 23:53:51Z] CHK MOM:0.07% RANGE:0.12% UP:35.71% SPREAD:0.05175983% BID:0.3864 ASK:0.3866 MID:0.3865 P1:0.3865 P2:0.38655 P3:0.38655 P4:0.38645 STATE:IDLE
[2026-06-02 23:53:52Z] CHK MOM:0.09% RANGE:0.12% UP:40% SPREAD:0.07763975% BID:0.3864 ASK:0.3867 MID:0.38655 P1:0.38655 P2:0.3865 P3:0.38655 P4:0.38655 STATE:IDLE
[2026-06-02 23:53:52Z] CHK MOM:0.07% RANGE:0.12% UP:37.5% SPREAD:0.05175983% BID:0.3864 ASK:0.3866 MID:0.3865 P1:0.3865 P2:0.38655 P3:0.3865 P4:0.38655 STATE:IDLE
[2026-06-02 23:53:53Z] CHK MOM:0.07% RANGE:0.12% UP:37.5% SPREAD:0.05175983% BID:0.3864 ASK:0.3866 MID:0.3865 P1:0.3865 P2:0.3865 P3:0.38655 P4:0.3865 STATE:IDLE
[2026-06-02 23:53:54Z] CHK MOM:0.11% RANGE:0.15% UP:41.17% SPREAD:0.02586652% BID:0.3866 ASK:0.3867 MID:0.38665 P1:0.38665 P2:0.3865 P3:0.3865 P4:0.38655 STATE:IDLE
[2026-06-02 23:53:54Z] CHK MOM:0.18% RANGE:0.18% UP:43.75% SPREAD:0.07759958% BID:0.3866 ASK:0.3869 MID:0.38675 P1:0.38675 P2:0.38665 P3:0.3865 P4:0.3865 STATE:IDLE
[2026-06-02 23:53:55Z] CHK MOM:0.2% RANGE:0.2% UP:47.05% SPREAD:0.02585315% BID:0.3868 ASK:0.3869 MID:0.38685 P1:0.38685 P2:0.38675 P3:0.38665 P4:0.3865 STATE:IDLE
[2026-06-02 23:53:55Z] CHK MOM:0.2% RANGE:0.2% UP:44.44% SPREAD:0.02585315% BID:0.3868 ASK:0.3869 MID:0.38685 P1:0.38685 P2:0.38685 P3:0.38675 P4:0.38665 STATE:IDLE
[2026-06-02 23:53:56Z] CHK MOM:0.2% RANGE:0.2% UP:44.44% SPREAD:0.02585315% BID:0.3868 ASK:0.3869 MID:0.38685 P1:0.38685 P2:0.38685 P3:0.38675 P4:0.38665 STATE:IDLE
[2026-06-02 23:53:56Z] CHK MOM:-0.02% RANGE:0.12% UP:38.88% SPREAD:0.05177323% BID:0.3863 ASK:0.3865 MID:0.38639999 P1:0.38639999 P2:0.38685 P3:0.38685 P4:0.38675 STATE:IDLE
[2026-06-02 23:53:57Z] CHK MOM:0.02% RANGE:0.12% UP:42.1% SPREAD:0.05174644% BID:0.3865 ASK:0.3867 MID:0.3866 P1:0.3866 P2:0.38639999 P3:0.38685 P4:0.38685 STATE:IDLE
[2026-06-02 23:53:57Z] CHK MOM:0.05% RANGE:0.12% UP:45% SPREAD:0.05173305% BID:0.3866 ASK:0.3868 MID:0.3867 P1:0.3867 P2:0.3866 P3:0.38639999 P4:0.38685 STATE:IDLE
[2026-06-02 23:53:58Z] CHK MOM:0.05% RANGE:0.12% UP:45% SPREAD:0.05173305% BID:0.3866 ASK:0.3868 MID:0.3867 P1:0.3867 P2:0.3866 P3:0.38639999 P4:0.38685 STATE:IDLE
[2026-06-02 23:53:58Z] CHK MOM:0.05% RANGE:0.12% UP:45% SPREAD:0.05173305% BID:0.3866 ASK:0.3868 MID:0.3867 P1:0.3867 P2:0.3866 P3:0.38639999 P4:0.38685 STATE:IDLE
[2026-06-02 23:53:59Z] CHK MOM:0.07% RANGE:0.11% UP:47.05% SPREAD:0.05173305% BID:0.3866 ASK:0.3868 MID:0.3867 P1:0.3867 P2:0.3867 P3:0.3866 P4:0.38639999 STATE:IDLE
[2026-06-02 23:54:00Z] CHK MOM:0.07% RANGE:0.11% UP:44.44% SPREAD:0.05173305% BID:0.3866 ASK:0.3868 MID:0.3867 P1:0.3867 P2:0.3867 P3:0.3867 P4:0.3866 STATE:IDLE
[2026-06-02 23:54:00Z] CHK MOM:0.02% RANGE:0.11% UP:41.17% SPREAD:0.05174644% BID:0.3865 ASK:0.3867 MID:0.3866 P1:0.3866 P2:0.3867 P3:0.3867 P4:0.3867 STATE:IDLE
[2026-06-02 23:54:01Z] CHK MOM:0.02% RANGE:0.11% UP:38.88% SPREAD:0.05174644% BID:0.3865 ASK:0.3867 MID:0.3866 P1:0.3866 P2:0.3866 P3:0.3867 P4:0.3867 STATE:IDLE
[2026-06-02 23:54:01Z] CHK MOM:0.02% RANGE:0.11% UP:38.88% SPREAD:0.07763975% BID:0.3864 ASK:0.3867 MID:0.38655 P1:0.38655 P2:0.3866 P3:0.3866 P4:0.3867 STATE:IDLE
[2026-06-02 23:54:02Z] CHK MOM:0% RANGE:0.11% UP:33.33% SPREAD:0.07763975% BID:0.3864 ASK:0.3867 MID:0.38655 P1:0.38655 P2:0.38655 P3:0.3866 P4:0.3866 STATE:IDLE
[2026-06-02 23:54:02Z] CHK MOM:-0.03% RANGE:0.12% UP:35.29% SPREAD:0.07767995% BID:0.3862 ASK:0.3865 MID:0.38634999 P1:0.38634999 P2:0.38655 P3:0.38655 P4:0.3866 STATE:IDLE
[2026-06-02 23:54:03Z] CHK MOM:0.05% RANGE:0.12% UP:38.88% SPREAD:0.05173305% BID:0.3866 ASK:0.3868 MID:0.3867 P1:0.3867 P2:0.38634999 P3:0.38655 P4:0.38655 STATE:IDLE
[2026-06-02 23:54:03Z] CHK MOM:0.05% RANGE:0.12% UP:36.84% SPREAD:0.05173305% BID:0.3866 ASK:0.3868 MID:0.3867 P1:0.3867 P2:0.3867 P3:0.38634999 P4:0.38655 STATE:IDLE
[2026-06-02 23:54:04Z] CHK MOM:0.05% RANGE:0.12% UP:36.84% SPREAD:0.05173305% BID:0.3866 ASK:0.3868 MID:0.3867 P1:0.3867 P2:0.3867 P3:0.38634999 P4:0.38655 STATE:IDLE
[2026-06-02 23:54:05Z] CHK MOM:0.06% RANGE:0.12% UP:41.17% SPREAD:0.07759958% BID:0.3866 ASK:0.3869 MID:0.38675 P1:0.38675 P2:0.3867 P3:0.3867 P4:0.38634999 STATE:IDLE
[2026-06-02 23:54:05Z] CHK MOM:0.06% RANGE:0.12% UP:41.17% SPREAD:0.07759958% BID:0.3866 ASK:0.3869 MID:0.38675 P1:0.38675 P2:0.3867 P3:0.3867 P4:0.38634999 STATE:IDLE
[2026-06-02 23:54:06Z] CHK MOM:0.01% RANGE:0.12% UP:37.5% SPREAD:0.05171967% BID:0.3867 ASK:0.3869 MID:0.3868 P1:0.3868 P2:0.38675 P3:0.3867 P4:0.3867 STATE:IDLE
[2026-06-02 23:54:06Z] CHK MOM:0.01% RANGE:0.12% UP:37.5% SPREAD:0.05171967% BID:0.3867 ASK:0.3869 MID:0.3868 P1:0.3868 P2:0.38675 P3:0.3867 P4:0.3867 STATE:IDLE
[2026-06-02 23:54:07Z] CHK MOM:0.01% RANGE:0.12% UP:37.5% SPREAD:0.05171967% BID:0.3867 ASK:0.3869 MID:0.3868 P1:0.3868 P2:0.38675 P3:0.3867 P4:0.3867 STATE:IDLE
[2026-06-02 23:54:07Z] CHK MOM:0.01% RANGE:0.12% UP:37.5% SPREAD:0.05171967% BID:0.3867 ASK:0.3869 MID:0.3868 P1:0.3868 P2:0.38675 P3:0.3867 P4:0.3867 STATE:IDLE
[2026-06-02 23:54:08Z] CHK MOM:0.11% RANGE:0.12% UP:42.85% SPREAD:0.02585315% BID:0.3868 ASK:0.3869 MID:0.38685 P1:0.38685 P2:0.3868 P3:0.38675 P4:0.3867 STATE:IDLE
[2026-06-02 23:54:08Z] CHK MOM:0.16% RANGE:0.23% UP:42.85% SPREAD:0.02582644% BID:0.3872 ASK:0.3873 MID:0.38725 P1:0.38725 P2:0.38685 P3:0.3868 P4:0.38675 STATE:IDLE
[2026-06-02 23:54:09Z] DECIDE_HOLD reason=HOLD_BURST_EMA spread=0.0258% mom=0.1681% range=0.2329% up=42.86% mid=0.38725000 P1=0.38725 P2=0.38685 P3=0.38680000000000003 P4=0.38675000000000004 ema5=0
[2026-06-02 23:54:10Z] CHK MOM:0.2% RANGE:0.29% UP:42.85% SPREAD:0.05162622% BID:0.3874 ASK:0.3876 MID:0.3875 P1:0.3875 P2:0.38725 P3:0.38685 P4:0.3868 STATE:IDLE
[2026-06-02 23:54:11Z] CHK MOM:0.12% RANGE:0.29% UP:42.85% SPREAD:0.10335917% BID:0.387 ASK:0.3874 MID:0.3872 P1:0.3872 P2:0.3875 P3:0.38725 P4:0.38685 STATE:IDLE
[2026-06-02 23:54:11Z] CHK MOM:0.12% RANGE:0.29% UP:42.85% SPREAD:0.10335917% BID:0.387 ASK:0.3874 MID:0.3872 P1:0.3872 P2:0.3872 P3:0.3875 P4:0.38725 STATE:IDLE
[2026-06-02 23:54:12Z] CHK MOM:0.16% RANGE:0.29% UP:50% SPREAD:0.07749935% BID:0.3871 ASK:0.3874 MID:0.38725 P1:0.38725 P2:0.3872 P3:0.3872 P4:0.3875 STATE:IDLE
[2026-06-02 23:54:12Z] CHK MOM:0.14% RANGE:0.29% UP:46.66% SPREAD:0.12923235% BID:0.3869 ASK:0.3874 MID:0.38715 P1:0.38715 P2:0.38725 P3:0.3872 P4:0.3872 STATE:IDLE
[2026-06-02 23:54:13Z] CHK MOM:0.18% RANGE:0.29% UP:57.14% SPREAD:0.07749935% BID:0.3871 ASK:0.3874 MID:0.38725 P1:0.38725 P2:0.38715 P3:0.38725 P4:0.3872 STATE:IDLE
[2026-06-02 23:54:13Z] CHK MOM:0.18% RANGE:0.29% UP:53.33% SPREAD:0.07749935% BID:0.3871 ASK:0.3874 MID:0.38725 P1:0.38725 P2:0.38725 P3:0.38715 P4:0.38725 STATE:IDLE
[2026-06-02 23:54:14Z] CHK MOM:0.16% RANGE:0.29% UP:53.33% SPREAD:0.10335917% BID:0.387 ASK:0.3874 MID:0.3872 P1:0.3872 P2:0.38725 P3:0.38725 P4:0.38715 STATE:IDLE
[2026-06-02 23:54:14Z] CHK MOM:0.22% RANGE:0.29% UP:53.33% SPREAD:0.10335917% BID:0.387 ASK:0.3874 MID:0.3872 P1:0.3872 P2:0.3872 P3:0.38725 P4:0.38725 STATE:IDLE
[2026-06-02 23:54:15Z] CHK MOM:0.14% RANGE:0.2% UP:53.33% SPREAD:0.07749935% BID:0.3871 ASK:0.3874 MID:0.38725 P1:0.38725 P2:0.3872 P3:0.3872 P4:0.38725 STATE:IDLE
[2026-06-02 23:54:16Z] CHK MOM:0.15% RANGE:0.2% UP:60% SPREAD:0.05165289% BID:0.3872 ASK:0.3874 MID:0.3873 P1:0.3873 P2:0.38725 P3:0.3872 P4:0.3872 STATE:IDLE
[2026-06-02 23:54:16Z] CHK MOM:0.12% RANGE:0.19% UP:53.33% SPREAD:0.07749935% BID:0.3871 ASK:0.3874 MID:0.38725 P1:0.38725 P2:0.3873 P3:0.38725 P4:0.3872 STATE:IDLE
[2026-06-02 23:54:17Z] CHK MOM:0.12% RANGE:0.19% UP:53.33% SPREAD:0.07749935% BID:0.3871 ASK:0.3874 MID:0.38725 P1:0.38725 P2:0.3873 P3:0.38725 P4:0.3872 STATE:IDLE
[2026-06-02 23:54:17Z] CHK MOM:0.1% RANGE:0.18% UP:46.66% SPREAD:0.10335917% BID:0.387 ASK:0.3874 MID:0.3872 P1:0.3872 P2:0.38725 P3:0.3873 P4:0.38725 STATE:IDLE
[2026-06-02 23:54:18Z] CHK MOM:0.09% RANGE:0.16% UP:40% SPREAD:0.10335917% BID:0.387 ASK:0.3874 MID:0.3872 P1:0.3872 P2:0.3872 P3:0.38725 P4:0.3873 STATE:IDLE
[2026-06-02 23:54:18Z] CHK MOM:0.1% RANGE:0.16% UP:43.75% SPREAD:0.07749935% BID:0.3871 ASK:0.3874 MID:0.38725 P1:0.38725 P2:0.3872 P3:0.3872 P4:0.38725 STATE:IDLE
[2026-06-02 23:54:19Z] CHK MOM:0.1% RANGE:0.16% UP:41.17% SPREAD:0.07749935% BID:0.3871 ASK:0.3874 MID:0.38725 P1:0.38725 P2:0.38725 P3:0.3872 P4:0.3872 STATE:IDLE
[2026-06-02 23:54:19Z] CHK MOM:0.1% RANGE:0.16% UP:38.88% SPREAD:0.07749935% BID:0.3871 ASK:0.3874 MID:0.38725 P1:0.38725 P2:0.38725 P3:0.38725 P4:0.3872 STATE:IDLE
[2026-06-02 23:54:20Z] CHK MOM:0.16% RANGE:0.16% UP:42.1% SPREAD:0.05162622% BID:0.3874 ASK:0.3876 MID:0.3875 P1:0.3875 P2:0.38725 P3:0.38725 P4:0.38725 STATE:IDLE
[2026-06-02 23:54:20Z] CHK MOM:0.16% RANGE:0.16% UP:42.1% SPREAD:0.05162622% BID:0.3874 ASK:0.3876 MID:0.3875 P1:0.3875 P2:0.38725 P3:0.38725 P4:0.38725 STATE:IDLE
[2026-06-02 23:54:21Z] CHK MOM:0.16% RANGE:0.16% UP:42.1% SPREAD:0.05162622% BID:0.3874 ASK:0.3876 MID:0.3875 P1:0.3875 P2:0.38725 P3:0.38725 P4:0.38725 STATE:IDLE
[2026-06-02 23:54:22Z] CHK MOM:0.07% RANGE:0.09% UP:35.29% SPREAD:0.05162622% BID:0.3874 ASK:0.3876 MID:0.3875 P1:0.3875 P2:0.3875 P3:0.38725 P4:0.38725 STATE:IDLE
[2026-06-02 23:54:22Z] CHK MOM:0.07% RANGE:0.09% UP:35.29% SPREAD:0.05162622% BID:0.3874 ASK:0.3876 MID:0.3875 P1:0.3875 P2:0.3875 P3:0.38725 P4:0.38725 STATE:IDLE
[2026-06-02 23:54:23Z] CHK MOM:0.07% RANGE:0.09% UP:35.29% SPREAD:0.05162622% BID:0.3874 ASK:0.3876 MID:0.3875 P1:0.3875 P2:0.3875 P3:0.38725 P4:0.38725 STATE:IDLE
[2026-06-02 23:54:23Z] CHK MOM:0.07% RANGE:0.09% UP:35.29% SPREAD:0.05162622% BID:0.3874 ASK:0.3876 MID:0.3875 P1:0.3875 P2:0.3875 P3:0.38725 P4:0.38725 STATE:IDLE
[2026-06-02 23:54:24Z] CHK MOM:0.06% RANGE:0.09% UP:31.25% SPREAD:0.05162622% BID:0.3874 ASK:0.3876 MID:0.3875 P1:0.3875 P2:0.3875 P3:0.3875 P4:0.38725 STATE:IDLE
[2026-06-02 23:54:24Z] CHK MOM:0.12% RANGE:0.12% UP:37.5% SPREAD:0.02579979% BID:0.3876 ASK:0.3877 MID:0.38765 P1:0.38765 P2:0.3875 P3:0.3875 P4:0.3875 STATE:IDLE
[2026-06-02 23:54:25Z] CHK MOM:0.1% RANGE:0.11% UP:31.25% SPREAD:0.02579979% BID:0.3876 ASK:0.3877 MID:0.38765 P1:0.38765 P2:0.38765 P3:0.3875 P4:0.3875 STATE:IDLE
[2026-06-02 23:54:25Z] CHK MOM:0.12% RANGE:0.12% UP:40% SPREAD:0.05159958% BID:0.3876 ASK:0.3878 MID:0.3877 P1:0.3877 P2:0.38765 P3:0.38765 P4:0.3875 STATE:IDLE
[2026-06-02 23:54:26Z] CHK MOM:0.14% RANGE:0.14% UP:43.75% SPREAD:0.02579313% BID:0.3877 ASK:0.3878 MID:0.38775 P1:0.38775 P2:0.3877 P3:0.38765 P4:0.38765 STATE:IDLE
[2026-06-02 23:54:27Z] CHK MOM:0.15% RANGE:0.16% UP:46.66% SPREAD:0.02578648% BID:0.3878 ASK:0.3879 MID:0.38785 P1:0.38785 P2:0.38775 P3:0.3877 P4:0.38765 STATE:IDLE
[2026-06-02 23:54:27Z] CHK MOM:0.12% RANGE:0.16% UP:42.85% SPREAD:0.07739938% BID:0.3876 ASK:0.3879 MID:0.38775 P1:0.38775 P2:0.38785 P3:0.38775 P4:0.3877 STATE:IDLE
[2026-06-02 23:54:28Z] CHK MOM:0.14% RANGE:0.16% UP:46.66% SPREAD:0.05158627% BID:0.3877 ASK:0.3879 MID:0.3878 P1:0.3878 P2:0.38775 P3:0.38785 P4:0.38775 STATE:IDLE
[2026-06-02 23:54:28Z] CHK MOM:0.18% RANGE:0.18% UP:53.33% SPREAD:0.05157297% BID:0.3878 ASK:0.388 MID:0.3879 P1:0.3879 P2:0.3878 P3:0.38775 P4:0.38785 STATE:IDLE
[2026-06-02 23:54:29Z] CHK MOM:0.18% RANGE:0.18% UP:53.33% SPREAD:0.05157297% BID:0.3878 ASK:0.388 MID:0.3879 P1:0.3879 P2:0.3878 P3:0.38775 P4:0.38785 STATE:IDLE
[2026-06-02 23:54:29Z] CHK MOM:0.15% RANGE:0.18% UP:53.33% SPREAD:0.10319917% BID:0.3876 ASK:0.388 MID:0.3878 P1:0.3878 P2:0.3879 P3:0.3878 P4:0.38775 STATE:IDLE
[2026-06-02 23:54:30Z] CHK MOM:0.18% RANGE:0.18% UP:56.25% SPREAD:0.05157297% BID:0.3878 ASK:0.388 MID:0.3879 P1:0.3879 P2:0.3878 P3:0.3879 P4:0.3878 STATE:IDLE
[2026-06-02 23:54:30Z] CHK MOM:0.18% RANGE:0.18% UP:56.25% SPREAD:0.05157297% BID:0.3878 ASK:0.388 MID:0.3879 P1:0.3879 P2:0.3878 P3:0.3879 P4:0.3878 STATE:IDLE
[2026-06-02 23:54:31Z] CHK MOM:0.18% RANGE:0.18% UP:56.25% SPREAD:0.05157297% BID:0.3878 ASK:0.388 MID:0.3879 P1:0.3879 P2:0.3878 P3:0.3879 P4:0.3878 STATE:IDLE
[2026-06-02 23:54:31Z] CHK MOM:0.14% RANGE:0.16% UP:57.14% SPREAD:0.05158627% BID:0.3877 ASK:0.3879 MID:0.3878 P1:0.3878 P2:0.3879 P3:0.3878 P4:0.3879 STATE:IDLE
[2026-06-02 23:54:32Z] CHK MOM:0.03% RANGE:0.1% UP:50% SPREAD:0.07741935% BID:0.3875 ASK:0.3878 MID:0.38765 P1:0.38765 P2:0.3878 P3:0.3879 P4:0.3878 STATE:IDLE
[2026-06-02 23:54:33Z] CHK MOM:0.05% RANGE:0.1% UP:57.14% SPREAD:0.05159958% BID:0.3876 ASK:0.3878 MID:0.3877 P1:0.3877 P2:0.38765 P3:0.3878 P4:0.3879 STATE:IDLE
[2026-06-02 23:54:33Z] CHK MOM:0.05% RANGE:0.1% UP:57.14% SPREAD:0.05159958% BID:0.3876 ASK:0.3878 MID:0.3877 P1:0.3877 P2:0.38765 P3:0.3878 P4:0.3879 STATE:IDLE
[2026-06-02 23:54:34Z] CHK MOM:0.05% RANGE:0.1% UP:57.14% SPREAD:0.05159958% BID:0.3876 ASK:0.3878 MID:0.3877 P1:0.3877 P2:0.3877 P3:0.38765 P4:0.3878 STATE:IDLE
[2026-06-02 23:54:34Z] CHK MOM:0.05% RANGE:0.1% UP:53.33% SPREAD:0.05159958% BID:0.3876 ASK:0.3878 MID:0.3877 P1:0.3877 P2:0.3877 P3:0.3877 P4:0.38765 STATE:IDLE
[2026-06-02 23:54:35Z] CHK MOM:0.05% RANGE:0.1% UP:53.33% SPREAD:0.05159958% BID:0.3876 ASK:0.3878 MID:0.3877 P1:0.3877 P2:0.3877 P3:0.3877 P4:0.38765 STATE:IDLE
[2026-06-02 23:54:35Z] CHK MOM:0.05% RANGE:0.1% UP:50% SPREAD:0.05159958% BID:0.3876 ASK:0.3878 MID:0.3877 P1:0.3877 P2:0.3877 P3:0.3877 P4:0.3877 STATE:IDLE
[2026-06-02 23:54:36Z] CHK MOM:-0.01% RANGE:0.07% UP:43.75% SPREAD:0.0516129% BID:0.3875 ASK:0.3877 MID:0.3876 P1:0.3876 P2:0.3877 P3:0.3877 P4:0.3877 STATE:IDLE
[2026-06-02 23:54:36Z] CHK MOM:-0.01% RANGE:0.07% UP:43.75% SPREAD:0.0516129% BID:0.3875 ASK:0.3877 MID:0.3876 P1:0.3876 P2:0.3877 P3:0.3877 P4:0.3877 STATE:IDLE
[2026-06-02 23:54:37Z] CHK MOM:-0.02% RANGE:0.09% UP:43.75% SPREAD:0.07743933% BID:0.3874 ASK:0.3877 MID:0.38755 P1:0.38755 P2:0.3876 P3:0.3877 P4:0.3877 STATE:IDLE
[2026-06-02 23:54:38Z] CHK MOM:-0.01% RANGE:0.09% UP:43.75% SPREAD:0.02579979% BID:0.3876 ASK:0.3877 MID:0.38765 P1:0.38765 P2:0.38755 P3:0.3876 P4:0.3877 STATE:IDLE
[2026-06-02 23:54:38Z] CHK MOM:-0.05% RANGE:0.09% UP:33.33% SPREAD:0.02579979% BID:0.3876 ASK:0.3877 MID:0.38765 P1:0.38765 P2:0.38765 P3:0.38755 P4:0.3876 STATE:IDLE
[2026-06-02 23:54:39Z] CHK MOM:0.02% RANGE:0.09% UP:40% SPREAD:0.07737941% BID:0.3877 ASK:0.388 MID:0.38785 P1:0.38785 P2:0.38765 P3:0.38765 P4:0.38755 STATE:IDLE
[2026-06-02 23:54:39Z] CHK MOM:-0.02% RANGE:0.09% UP:33.33% SPREAD:0.1032258% BID:0.3875 ASK:0.3879 MID:0.3877 P1:0.3877 P2:0.38785 P3:0.38765 P4:0.38765 STATE:IDLE
[2026-06-02 23:54:40Z] CHK MOM:-0.01% RANGE:0.09% UP:33.33% SPREAD:0.07737941% BID:0.3877 ASK:0.388 MID:0.38785 P1:0.38785 P2:0.3877 P3:0.38785 P4:0.38765 STATE:IDLE
[2026-06-02 23:54:40Z] CHK MOM:-0.01% RANGE:0.09% UP:31.25% SPREAD:0.02578648% BID:0.3878 ASK:0.3879 MID:0.38785 P1:0.38785 P2:0.38785 P3:0.3877 P4:0.38785 STATE:IDLE
[2026-06-02 23:54:41Z] CHK MOM:-0.01% RANGE:0.09% UP:31.25% SPREAD:0.02578648% BID:0.3878 ASK:0.3879 MID:0.38785 P1:0.38785 P2:0.38785 P3:0.3877 P4:0.38785 STATE:IDLE
[2026-06-02 23:54:41Z] CHK MOM:0% RANGE:0.09% UP:31.25% SPREAD:0.05158627% BID:0.3877 ASK:0.3879 MID:0.3878 P1:0.3878 P2:0.38785 P3:0.38785 P4:0.3877 STATE:IDLE
[2026-06-02 23:54:42Z] CHK MOM:-0.05% RANGE:0.09% UP:25% SPREAD:0.05159958% BID:0.3876 ASK:0.3878 MID:0.3877 P1:0.3877 P2:0.3878 P3:0.38785 P4:0.38785 STATE:IDLE
[2026-06-02 23:54:42Z] CHK MOM:-0.05% RANGE:0.09% UP:25% SPREAD:0.05159958% BID:0.3876 ASK:0.3878 MID:0.3877 P1:0.3877 P2:0.3878 P3:0.38785 P4:0.38785 STATE:IDLE
[2026-06-02 23:54:43Z] CHK MOM:-0.01% RANGE:0.07% UP:31.25% SPREAD:0.07739938% BID:0.3876 ASK:0.3879 MID:0.38775 P1:0.38775 P2:0.3877 P3:0.3878 P4:0.38785 STATE:IDLE
[2026-06-02 23:54:44Z] CHK MOM:0.01% RANGE:0.07% UP:31.25% SPREAD:0.05159958% BID:0.3876 ASK:0.3878 MID:0.3877 P1:0.3877 P2:0.38775 P3:0.3877 P4:0.3878 STATE:IDLE
[2026-06-02 23:54:44Z] CHK MOM:0.02% RANGE:0.07% UP:31.25% SPREAD:0.05158627% BID:0.3877 ASK:0.3879 MID:0.3878 P1:0.3878 P2:0.3877 P3:0.38775 P4:0.3877 STATE:IDLE
[2026-06-02 23:54:45Z] CHK MOM:0.03% RANGE:0.07% UP:37.5% SPREAD:0.07737941% BID:0.3877 ASK:0.388 MID:0.38785 P1:0.38785 P2:0.3878 P3:0.3877 P4:0.38775 STATE:IDLE
[2026-06-02 23:54:45Z] CHK MOM:0.02% RANGE:0.07% UP:35.29% SPREAD:0.05158627% BID:0.3877 ASK:0.3879 MID:0.3878 P1:0.3878 P2:0.38785 P3:0.3878 P4:0.3877 STATE:IDLE
[2026-06-02 23:54:46Z] CHK MOM:0.02% RANGE:0.07% UP:35.29% SPREAD:0.05158627% BID:0.3877 ASK:0.3879 MID:0.3878 P1:0.3878 P2:0.38785 P3:0.3878 P4:0.3877 STATE:IDLE
[2026-06-02 23:54:46Z] CHK MOM:0.02% RANGE:0.07% UP:37.5% SPREAD:0.05158627% BID:0.3877 ASK:0.3879 MID:0.3878 P1:0.3878 P2:0.3878 P3:0.38785 P4:0.3878 STATE:IDLE
[2026-06-02 23:54:47Z] CHK MOM:-0.02% RANGE:0.07% UP:35.29% SPREAD:0.0516129% BID:0.3875 ASK:0.3877 MID:0.3876 P1:0.3876 P2:0.3878 P3:0.3878 P4:0.38785 STATE:IDLE
[2026-06-02 23:54:47Z] CHK MOM:-0.02% RANGE:0.07% UP:35.29% SPREAD:0.0516129% BID:0.3875 ASK:0.3877 MID:0.3876 P1:0.3876 P2:0.3878 P3:0.3878 P4:0.38785 STATE:IDLE
[2026-06-02 23:54:48Z] CHK MOM:-0.02% RANGE:0.07% UP:35.29% SPREAD:0.0516129% BID:0.3875 ASK:0.3877 MID:0.3876 P1:0.3876 P2:0.3878 P3:0.3878 P4:0.38785 STATE:IDLE
[2026-06-02 23:54:49Z] CHK MOM:0.02% RANGE:0.07% UP:43.75% SPREAD:0.07741935% BID:0.3875 ASK:0.3878 MID:0.38765 P1:0.38765 P2:0.3876 P3:0.3878 P4:0.3878 STATE:IDLE
[2026-06-02 23:54:49Z] CHK MOM:0.02% RANGE:0.06% UP:43.75% SPREAD:0.02579313% BID:0.3877 ASK:0.3878 MID:0.38775 P1:0.38775 P2:0.38765 P3:0.3876 P4:0.3878 STATE:IDLE
[2026-06-02 23:54:50Z] CHK MOM:0.02% RANGE:0.06% UP:43.75% SPREAD:0.02579313% BID:0.3877 ASK:0.3878 MID:0.38775 P1:0.38775 P2:0.38765 P3:0.3876 P4:0.3878 STATE:IDLE
[2026-06-02 23:54:50Z] CHK MOM:0.02% RANGE:0.06% UP:43.75% SPREAD:0.02579313% BID:0.3877 ASK:0.3878 MID:0.38775 P1:0.38775 P2:0.38765 P3:0.3876 P4:0.3878 STATE:IDLE
[2026-06-02 23:54:51Z] CHK MOM:0.02% RANGE:0.06% UP:43.75% SPREAD:0.02579313% BID:0.3877 ASK:0.3878 MID:0.38775 P1:0.38775 P2:0.38765 P3:0.3876 P4:0.3878 STATE:IDLE
[2026-06-02 23:54:51Z] CHK MOM:-0.01% RANGE:0.06% UP:46.15% SPREAD:0.05158627% BID:0.3877 ASK:0.3879 MID:0.3878 P1:0.3878 P2:0.38775 P3:0.38765 P4:0.3876 STATE:IDLE
[2026-06-02 23:54:52Z] CHK MOM:-0.01% RANGE:0.06% UP:42.85% SPREAD:0.05158627% BID:0.3877 ASK:0.3879 MID:0.3878 P1:0.3878 P2:0.3878 P3:0.38775 P4:0.38765 STATE:IDLE
[2026-06-02 23:54:52Z] CHK MOM:-0.01% RANGE:0.06% UP:42.85% SPREAD:0.05158627% BID:0.3877 ASK:0.3879 MID:0.3878 P1:0.3878 P2:0.3878 P3:0.38775 P4:0.38765 STATE:IDLE
[2026-06-02 23:54:53Z] CHK MOM:-0.05% RANGE:0.06% UP:46.15% SPREAD:0.0516129% BID:0.3875 ASK:0.3877 MID:0.3876 P1:0.3876 P2:0.3878 P3:0.3878 P4:0.38775 STATE:IDLE
[2026-06-02 23:54:53Z] CHK MOM:-0.06% RANGE:0.07% UP:42.85% SPREAD:0.02580645% BID:0.3875 ASK:0.3876 MID:0.38755 P1:0.38755 P2:0.3876 P3:0.3878 P4:0.3878 STATE:IDLE
[2026-06-02 23:54:54Z] CHK MOM:-0.03% RANGE:0.07% UP:46.15% SPREAD:0.0516129% BID:0.3875 ASK:0.3877 MID:0.3876 P1:0.3876 P2:0.38755 P3:0.3876 P4:0.3878 STATE:IDLE
[2026-06-02 23:54:55Z] CHK MOM:0.11% RANGE:0.15% UP:53.84% SPREAD:0.02576655% BID:0.3881 ASK:0.3882 MID:0.38815 P1:0.38815 P2:0.3876 P3:0.38755 P4:0.3876 STATE:IDLE
[2026-06-02 23:54:55Z] DECIDE_HOLD reason=HOLD_BURST_EMA spread=0.0258% mom=0.1161% range=0.1548% up=53.85% mid=0.38815000 P1=0.38815 P2=0.3876 P3=0.38755 P4=0.3876 ema5=0
[2026-06-02 23:54:56Z] CHK MOM:0.19% RANGE:0.27% UP:50% SPREAD:0.05148005% BID:0.3885 ASK:0.3887 MID:0.3886 P1:0.3886 P2:0.38815 P3:0.3876 P4:0.38755 STATE:IDLE
[2026-06-02 23:54:56Z] CHK MOM:0.19% RANGE:0.27% UP:46.15% SPREAD:0.05148005% BID:0.3885 ASK:0.3887 MID:0.3886 P1:0.3886 P2:0.3886 P3:0.38815 P4:0.3876 STATE:IDLE
[2026-06-02 23:54:57Z] CHK MOM:0.19% RANGE:0.27% UP:46.15% SPREAD:0.05148005% BID:0.3885 ASK:0.3887 MID:0.3886 P1:0.3886 P2:0.3886 P3:0.38815 P4:0.3876 STATE:IDLE
[2026-06-02 23:54:57Z] CHK MOM:0.21% RANGE:0.28% UP:58.33% SPREAD:0.0257334% BID:0.3886 ASK:0.3887 MID:0.38865 P1:0.38865 P2:0.3886 P3:0.3886 P4:0.38815 STATE:IDLE
[2026-06-02 23:54:58Z] CHK MOM:0.24% RANGE:0.3% UP:61.53% SPREAD:0.02572678% BID:0.3887 ASK:0.3888 MID:0.38875 P1:0.38875 P2:0.38865 P3:0.3886 P4:0.3886 STATE:IDLE
[2026-06-02 23:54:58Z] CHK MOM:0.32% RANGE:0.33% UP:69.23% SPREAD:0.02572016% BID:0.3888 ASK:0.3889 MID:0.38885 P1:0.38885 P2:0.38875 P3:0.38865 P4:0.3886 STATE:IDLE
[2026-06-02 23:54:59Z] CHK MOM:0.32% RANGE:0.33% UP:69.23% SPREAD:0.02572016% BID:0.3888 ASK:0.3889 MID:0.38885 P1:0.38885 P2:0.38875 P3:0.38865 P4:0.3886 STATE:IDLE
[2026-06-02 23:55:00Z] CHK MOM:0.27% RANGE:0.33% UP:61.53% SPREAD:0.1029601% BID:0.3885 ASK:0.3889 MID:0.3887 P1:0.3887 P2:0.38885 P3:0.38875 P4:0.38865 STATE:IDLE
[2026-06-02 23:55:00Z] CHK MOM:0.21% RANGE:0.33% UP:53.84% SPREAD:0.05148005% BID:0.3885 ASK:0.3887 MID:0.3886 P1:0.3886 P2:0.3887 P3:0.38885 P4:0.38875 STATE:IDLE
[2026-06-02 23:55:01Z] CHK MOM:0.2% RANGE:0.33% UP:46.15% SPREAD:0.05148005% BID:0.3885 ASK:0.3887 MID:0.3886 P1:0.3886 P2:0.3886 P3:0.3887 P4:0.38885 STATE:IDLE
[2026-06-02 23:55:01Z] CHK MOM:0.2% RANGE:0.33% UP:42.85% SPREAD:0.05148005% BID:0.3885 ASK:0.3887 MID:0.3886 P1:0.3886 P2:0.3886 P3:0.3886 P4:0.3887 STATE:IDLE
[2026-06-02 23:55:02Z] CHK MOM:0.2% RANGE:0.33% UP:42.85% SPREAD:0.05148005% BID:0.3885 ASK:0.3887 MID:0.3886 P1:0.3886 P2:0.3886 P3:0.3886 P4:0.3887 STATE:IDLE
[2026-06-02 23:55:02Z] CHK MOM:0.2% RANGE:0.33% UP:42.85% SPREAD:0.05148005% BID:0.3885 ASK:0.3887 MID:0.3886 P1:0.3886 P2:0.3886 P3:0.3886 P4:0.3887 STATE:IDLE
[2026-06-02 23:55:03Z] CHK MOM:0.2% RANGE:0.33% UP:42.85% SPREAD:0.05148005% BID:0.3885 ASK:0.3887 MID:0.3886 P1:0.3886 P2:0.3886 P3:0.3886 P4:0.3887 STATE:IDLE
[2026-06-02 23:55:03Z] CHK MOM:0.21% RANGE:0.33% UP:50% SPREAD:0.0257334% BID:0.3886 ASK:0.3887 MID:0.38865 P1:0.38865 P2:0.3886 P3:0.3886 P4:0.3886 STATE:IDLE
[2026-06-02 23:55:04Z] CHK MOM:0.25% RANGE:0.33% UP:50% SPREAD:0.05148005% BID:0.3885 ASK:0.3887 MID:0.3886 P1:0.3886 P2:0.38865 P3:0.3886 P4:0.3886 STATE:IDLE
[2026-06-02 23:55:05Z] CHK MOM:0.25% RANGE:0.33% UP:46.66% SPREAD:0.05148005% BID:0.3885 ASK:0.3887 MID:0.3886 P1:0.3886 P2:0.3886 P3:0.38865 P4:0.3886 STATE:IDLE
[2026-06-02 23:55:05Z] CHK MOM:0.27% RANGE:0.32% UP:50% SPREAD:0.0257334% BID:0.3886 ASK:0.3887 MID:0.38865 P1:0.38865 P2:0.3886 P3:0.3886 P4:0.38865 STATE:IDLE
[2026-06-02 23:55:06Z] CHK MOM:0.27% RANGE:0.32% UP:50% SPREAD:0.0257334% BID:0.3886 ASK:0.3887 MID:0.38865 P1:0.38865 P2:0.3886 P3:0.3886 P4:0.38865 STATE:IDLE
[2026-06-02 23:55:06Z] CHK MOM:0.15% RANGE:0.18% UP:50% SPREAD:0.02572678% BID:0.3887 ASK:0.3888 MID:0.38875 P1:0.38875 P2:0.38865 P3:0.3886 P4:0.3886 STATE:IDLE
[2026-06-02 23:55:07Z] CHK MOM:0.05% RANGE:0.06% UP:50% SPREAD:0.05145356% BID:0.3887 ASK:0.3889 MID:0.3888 P1:0.3888 P2:0.38875 P3:0.38865 P4:0.3886 STATE:IDLE
[2026-06-02 23:55:07Z] CHK MOM:0.03% RANGE:0.06% UP:46.66% SPREAD:0.02572678% BID:0.3887 ASK:0.3888 MID:0.38875 P1:0.38875 P2:0.3888 P3:0.38875 P4:0.38865 STATE:IDLE
[2026-06-02 23:55:08Z] CHK MOM:0.03% RANGE:0.06% UP:46.66% SPREAD:0.02572678% BID:0.3887 ASK:0.3888 MID:0.38875 P1:0.38875 P2:0.3888 P3:0.38875 P4:0.38865 STATE:IDLE
[2026-06-02 23:55:08Z] CHK MOM:0.03% RANGE:0.06% UP:50% SPREAD:0.05145356% BID:0.3887 ASK:0.3889 MID:0.3888 P1:0.3888 P2:0.38875 P3:0.3888 P4:0.38875 STATE:IDLE
[2026-06-02 23:55:09Z] CHK MOM:0.02% RANGE:0.06% UP:46.66% SPREAD:0.0772002% BID:0.3886 ASK:0.3889 MID:0.38875 P1:0.38875 P2:0.3888 P3:0.38875 P4:0.3888 STATE:IDLE
[2026-06-02 23:55:09Z] CHK MOM:0.01% RANGE:0.06% UP:46.66% SPREAD:0.05145356% BID:0.3887 ASK:0.3889 MID:0.3888 P1:0.3888 P2:0.38875 P3:0.3888 P4:0.38875 STATE:IDLE
[2026-06-02 23:55:10Z] CHK MOM:0.01% RANGE:0.06% UP:46.66% SPREAD:0.05145356% BID:0.3887 ASK:0.3889 MID:0.3888 P1:0.3888 P2:0.38875 P3:0.3888 P4:0.38875 STATE:IDLE
[2026-06-02 23:55:11Z] CHK MOM:0.02% RANGE:0.05% UP:42.85% SPREAD:0.05145356% BID:0.3887 ASK:0.3889 MID:0.3888 P1:0.3888 P2:0.3888 P3:0.38875 P4:0.3888 STATE:IDLE
[2026-06-02 23:55:11Z] CHK MOM:0.02% RANGE:0.05% UP:42.85% SPREAD:0.05145356% BID:0.3887 ASK:0.3889 MID:0.3888 P1:0.3888 P2:0.3888 P3:0.38875 P4:0.3888 STATE:IDLE
[2026-06-02 23:55:12Z] CHK MOM:-0.02% RANGE:0.05% UP:40% SPREAD:0.05148005% BID:0.3885 ASK:0.3887 MID:0.3886 P1:0.3886 P2:0.3888 P3:0.3888 P4:0.38875 STATE:IDLE
[2026-06-02 23:55:12Z] CHK MOM:0.01% RANGE:0.05% UP:46.66% SPREAD:0.0257334% BID:0.3886 ASK:0.3887 MID:0.38865 P1:0.38865 P2:0.3886 P3:0.3888 P4:0.3888 STATE:IDLE
[2026-06-02 23:55:13Z] CHK MOM:0.01% RANGE:0.05% UP:46.66% SPREAD:0.0257334% BID:0.3886 ASK:0.3887 MID:0.38865 P1:0.38865 P2:0.3886 P3:0.3888 P4:0.3888 STATE:IDLE
[2026-06-02 23:55:13Z] CHK MOM:-0.05% RANGE:0.1% UP:50% SPREAD:0.05150656% BID:0.3883 ASK:0.3885 MID:0.38839999 P1:0.38839999 P2:0.38865 P3:0.3886 P4:0.3888 STATE:IDLE
[2026-06-02 23:55:14Z] CHK MOM:-0.05% RANGE:0.1% UP:50% SPREAD:0.02574665% BID:0.3884 ASK:0.3885 MID:0.38845 P1:0.38845 P2:0.38839999 P3:0.38865 P4:0.3886 STATE:IDLE
[2026-06-02 23:55:14Z] CHK MOM:-0.05% RANGE:0.1% UP:46.66% SPREAD:0.02574665% BID:0.3884 ASK:0.3885 MID:0.38845 P1:0.38845 P2:0.38845 P3:0.38839999 P4:0.38865 STATE:IDLE
[2026-06-02 23:55:15Z] CHK MOM:-0.09% RANGE:0.12% UP:43.75% SPREAD:0.05151983% BID:0.3882 ASK:0.3884 MID:0.3883 P1:0.3883 P2:0.38845 P3:0.38845 P4:0.38839999 STATE:IDLE
[2026-06-02 23:55:16Z] CHK MOM:-0.11% RANGE:0.16% UP:43.75% SPREAD:0.07731958% BID:0.388 ASK:0.3883 MID:0.38815 P1:0.38815 P2:0.3883 P3:0.38845 P4:0.38845 STATE:IDLE
[2026-06-02 23:55:16Z] CHK MOM:-0.07% RANGE:0.16% UP:50% SPREAD:0.05151983% BID:0.3882 ASK:0.3884 MID:0.3883 P1:0.3883 P2:0.38815 P3:0.3883 P4:0.38845 STATE:IDLE
[2026-06-02 23:55:17Z] CHK MOM:-0.09% RANGE:0.16% UP:43.75% SPREAD:0.05151983% BID:0.3882 ASK:0.3884 MID:0.3883 P1:0.3883 P2:0.3883 P3:0.38815 P4:0.3883 STATE:IDLE
[2026-06-02 23:55:17Z] CHK MOM:-0.1% RANGE:0.16% UP:43.75% SPREAD:0.07727975% BID:0.3882 ASK:0.3885 MID:0.38835 P1:0.38835 P2:0.3883 P3:0.3883 P4:0.38815 STATE:IDLE
[2026-06-02 23:55:18Z] CHK MOM:-0.1% RANGE:0.16% UP:41.17% SPREAD:0.07727975% BID:0.3882 ASK:0.3885 MID:0.38835 P1:0.38835 P2:0.38835 P3:0.3883 P4:0.3883 STATE:IDLE
[2026-06-02 23:55:18Z] CHK MOM:-0.14% RANGE:0.16% UP:38.88% SPREAD:0.05153311% BID:0.3881 ASK:0.3883 MID:0.3882 P1:0.3882 P2:0.38835 P3:0.38835 P4:0.3883 STATE:IDLE
[2026-06-02 23:55:19Z] CHK MOM:-0.14% RANGE:0.16% UP:38.88% SPREAD:0.05153311% BID:0.3881 ASK:0.3883 MID:0.3882 P1:0.3882 P2:0.38835 P3:0.38835 P4:0.3883 STATE:IDLE
[2026-06-02 23:55:19Z] CHK MOM:-0.14% RANGE:0.16% UP:38.88% SPREAD:0.05153311% BID:0.3881 ASK:0.3883 MID:0.3882 P1:0.3882 P2:0.38835 P3:0.38835 P4:0.3883 STATE:IDLE
[2026-06-02 23:55:20Z] CHK MOM:-0.12% RANGE:0.16% UP:37.5% SPREAD:0.10306622% BID:0.3881 ASK:0.3885 MID:0.3883 P1:0.3883 P2:0.3882 P3:0.38835 P4:0.38835 STATE:IDLE
[2026-06-02 23:55:20Z] CHK MOM:-0.15% RANGE:0.16% UP:35.29% SPREAD:0.05153311% BID:0.3881 ASK:0.3883 MID:0.3882 P1:0.3882 P2:0.3883 P3:0.3882 P4:0.38835 STATE:IDLE
[2026-06-02 23:55:21Z] CHK MOM:-0.12% RANGE:0.16% UP:41.17% SPREAD:0.02575991% BID:0.3882 ASK:0.3883 MID:0.38825 P1:0.38825 P2:0.3882 P3:0.3883 P4:0.3882 STATE:IDLE
[2026-06-02 23:55:22Z] CHK MOM:-0.11% RANGE:0.16% UP:41.17% SPREAD:0.07727975% BID:0.3882 ASK:0.3885 MID:0.38835 P1:0.38835 P2:0.38825 P3:0.3882 P4:0.3883 STATE:IDLE
[2026-06-02 23:55:22Z] CHK MOM:-0.14% RANGE:0.16% UP:41.17% SPREAD:0.07729966% BID:0.3881 ASK:0.3884 MID:0.38825 P1:0.38825 P2:0.38835 P3:0.38825 P4:0.3882 STATE:IDLE
[2026-06-02 23:55:23Z] CHK MOM:-0.06% RANGE:0.12% UP:47.05% SPREAD:0.07727975% BID:0.3882 ASK:0.3885 MID:0.38835 P1:0.38835 P2:0.38825 P3:0.38835 P4:0.38825 STATE:IDLE
[2026-06-02 23:55:23Z] CHK MOM:-0.09% RANGE:0.12% UP:44.44% SPREAD:0.07729966% BID:0.3881 ASK:0.3884 MID:0.38825 P1:0.38825 P2:0.38835 P3:0.38825 P4:0.38835 STATE:IDLE
[2026-06-02 23:55:24Z] CHK MOM:-0.1% RANGE:0.12% UP:42.1% SPREAD:0.05153311% BID:0.3881 ASK:0.3883 MID:0.3882 P1:0.3882 P2:0.38825 P3:0.38835 P4:0.38825 STATE:IDLE
[2026-06-02 23:55:24Z] CHK MOM:-0.1% RANGE:0.12% UP:42.1% SPREAD:0.05153311% BID:0.3881 ASK:0.3883 MID:0.3882 P1:0.3882 P2:0.38825 P3:0.38835 P4:0.38825 STATE:IDLE
[2026-06-02 23:55:25Z] CHK MOM:-0.1% RANGE:0.12% UP:42.1% SPREAD:0.05153311% BID:0.3881 ASK:0.3883 MID:0.3882 P1:0.3882 P2:0.38825 P3:0.38835 P4:0.38825 STATE:IDLE
[2026-06-02 23:55:25Z] CHK MOM:-0.1% RANGE:0.12% UP:42.1% SPREAD:0.05153311% BID:0.3881 ASK:0.3883 MID:0.3882 P1:0.3882 P2:0.38825 P3:0.38835 P4:0.38825 STATE:IDLE
[2026-06-02 23:55:26Z] CHK MOM:-0.02% RANGE:0.07% UP:43.75% SPREAD:0.07727975% BID:0.3882 ASK:0.3885 MID:0.38835 P1:0.38835 P2:0.3882 P3:0.38825 P4:0.38835 STATE:IDLE
[2026-06-02 23:55:27Z] CHK MOM:-0.06% RANGE:0.07% UP:41.17% SPREAD:0.05153311% BID:0.3881 ASK:0.3883 MID:0.3882 P1:0.3882 P2:0.38835 P3:0.3882 P4:0.38825 STATE:IDLE
[2026-06-02 23:55:27Z] CHK MOM:-0.06% RANGE:0.07% UP:41.17% SPREAD:0.05153311% BID:0.3881 ASK:0.3883 MID:0.3882 P1:0.3882 P2:0.38835 P3:0.3882 P4:0.38825 STATE:IDLE
[2026-06-02 23:55:27Z] TOKEN_SWITCH old=ONDOUSDC new=JTOUSDC source=.service.env
