[2026-06-03 01:14:55Z] SESSION_START symbol=ONDOUSDC dry_run=0 profile=major strategy=momentum base_url=https://api.binance.com
[2026-06-03 01:14:55Z] TOXIC_MEMORY_LOADED count=2 symbols=ORDIUSDC,TONUSDC
[2026-06-03 01:14:58Z] CHK MOM:0% RANGE:0% UP:0% SPREAD:0.02575991% BID:0.3882 ASK:0.3883 MID:0.38825 P1:0.38825 P2:NA P3:NA P4:NA STATE:IDLE
[2026-06-03 01:14:59Z] CHK MOM:-0.02% RANGE:0.02% UP:0% SPREAD:0.02576655% BID:0.3881 ASK:0.3882 MID:0.38815 P1:0.38815 P2:0.38825 P3:NA P4:NA STATE:IDLE
[2026-06-03 01:14:59Z] CHK MOM:-0.02% RANGE:0.02% UP:0% SPREAD:0.02576655% BID:0.3881 ASK:0.3882 MID:0.38815 P1:0.38815 P2:0.38825 P3:NA P4:NA STATE:IDLE
[2026-06-03 01:15:00Z] CHK MOM:0% RANGE:0.02% UP:50% SPREAD:0.02575991% BID:0.3882 ASK:0.3883 MID:0.38825 P1:0.38825 P2:0.38815 P3:0.38825 P4:NA STATE:IDLE
[2026-06-03 01:15:00Z] CHK MOM:-0.02% RANGE:0.02% UP:33.33% SPREAD:0.02576655% BID:0.3881 ASK:0.3882 MID:0.38815 P1:0.38815 P2:0.38825 P3:0.38815 P4:0.38825 STATE:IDLE
[2026-06-03 01:15:01Z] CHK MOM:-0.02% RANGE:0.02% UP:25% SPREAD:0.02576655% BID:0.3881 ASK:0.3882 MID:0.38815 P1:0.38815 P2:0.38815 P3:0.38825 P4:0.38815 STATE:IDLE
[2026-06-03 01:15:01Z] CHK MOM:-0.05% RANGE:0.05% UP:20% SPREAD:0.02577319% BID:0.388 ASK:0.3881 MID:0.38805 P1:0.38805 P2:0.38815 P3:0.38815 P4:0.38825 STATE:IDLE
[2026-06-03 01:15:02Z] CHK MOM:-0.05% RANGE:0.05% UP:16.66% SPREAD:0.02577319% BID:0.388 ASK:0.3881 MID:0.38805 P1:0.38805 P2:0.38805 P3:0.38815 P4:0.38815 STATE:IDLE
[2026-06-03 01:15:02Z] CHK MOM:-0.02% RANGE:0.05% UP:28.57% SPREAD:0.02576655% BID:0.3881 ASK:0.3882 MID:0.38815 P1:0.38815 P2:0.38805 P3:0.38805 P4:0.38815 STATE:IDLE
[2026-06-03 01:15:03Z] CHK MOM:0.02% RANGE:0.07% UP:37.5% SPREAD:0.02575328% BID:0.3883 ASK:0.3884 MID:0.38835 P1:0.38835 P2:0.38815 P3:0.38805 P4:0.38805 STATE:IDLE
[2026-06-03 01:15:04Z] CHK MOM:0.02% RANGE:0.07% UP:33.33% SPREAD:0.02575328% BID:0.3883 ASK:0.3884 MID:0.38835 P1:0.38835 P2:0.38835 P3:0.38815 P4:0.38805 STATE:IDLE
[2026-06-03 01:15:04Z] CHK MOM:0% RANGE:0.07% UP:30% SPREAD:0.02575991% BID:0.3882 ASK:0.3883 MID:0.38825 P1:0.38825 P2:0.38835 P3:0.38835 P4:0.38815 STATE:IDLE
[2026-06-03 01:15:05Z] CHK MOM:0.07% RANGE:0.12% UP:36.36% SPREAD:0.02574002% BID:0.3885 ASK:0.3886 MID:0.38855 P1:0.38855 P2:0.38825 P3:0.38835 P4:0.38835 STATE:IDLE
[2026-06-03 01:15:05Z] CHK MOM:0.1% RANGE:0.15% UP:41.66% SPREAD:0.0257334% BID:0.3886 ASK:0.3887 MID:0.38865 P1:0.38865 P2:0.38855 P3:0.38825 P4:0.38835 STATE:IDLE
[2026-06-03 01:15:06Z] CHK MOM:0.07% RANGE:0.15% UP:38.46% SPREAD:0.02574002% BID:0.3885 ASK:0.3886 MID:0.38855 P1:0.38855 P2:0.38865 P3:0.38855 P4:0.38825 STATE:IDLE
[2026-06-03 01:15:06Z] CHK MOM:0.09% RANGE:0.15% UP:42.85% SPREAD:0.05148005% BID:0.3885 ASK:0.3887 MID:0.3886 P1:0.3886 P2:0.38855 P3:0.38865 P4:0.38855 STATE:IDLE
[2026-06-03 01:15:07Z] CHK MOM:0.09% RANGE:0.15% UP:40% SPREAD:0.05148005% BID:0.3885 ASK:0.3887 MID:0.3886 P1:0.3886 P2:0.3886 P3:0.38855 P4:0.38865 STATE:IDLE
[2026-06-03 01:15:07Z] CHK MOM:0.1% RANGE:0.15% UP:43.75% SPREAD:0.0257334% BID:0.3886 ASK:0.3887 MID:0.38865 P1:0.38865 P2:0.3886 P3:0.3886 P4:0.38855 STATE:IDLE
[2026-06-03 01:15:08Z] CHK MOM:0.1% RANGE:0.15% UP:41.17% SPREAD:0.07722007% BID:0.3885 ASK:0.3888 MID:0.38865 P1:0.38865 P2:0.38865 P3:0.3886 P4:0.3886 STATE:IDLE
[2026-06-03 01:15:08Z] CHK MOM:0.1% RANGE:0.15% UP:41.17% SPREAD:0.07722007% BID:0.3885 ASK:0.3888 MID:0.38865 P1:0.38865 P2:0.38865 P3:0.3886 P4:0.3886 STATE:IDLE
[2026-06-03 01:15:09Z] CHK MOM:0.12% RANGE:0.18% UP:44.44% SPREAD:0.0772002% BID:0.3886 ASK:0.3889 MID:0.38875 P1:0.38875 P2:0.38865 P3:0.38865 P4:0.3886 STATE:IDLE
[2026-06-03 01:15:10Z] CHK MOM:0.12% RANGE:0.18% UP:44.44% SPREAD:0.0772002% BID:0.3886 ASK:0.3889 MID:0.38875 P1:0.38875 P2:0.38865 P3:0.38865 P4:0.3886 STATE:IDLE
[2026-06-03 01:15:10Z] CHK MOM:0.12% RANGE:0.18% UP:41.17% SPREAD:0.02572678% BID:0.3887 ASK:0.3888 MID:0.38875 P1:0.38875 P2:0.38875 P3:0.38865 P4:0.38865 STATE:IDLE
[2026-06-03 01:15:11Z] CHK MOM:0.15% RANGE:0.2% UP:44.44% SPREAD:0.02572016% BID:0.3888 ASK:0.3889 MID:0.38885 P1:0.38885 P2:0.38875 P3:0.38875 P4:0.38865 STATE:IDLE
[2026-06-03 01:15:11Z] CHK MOM:0.14% RANGE:0.2% UP:42.1% SPREAD:0.05145356% BID:0.3887 ASK:0.3889 MID:0.3888 P1:0.3888 P2:0.38885 P3:0.38875 P4:0.38875 STATE:IDLE
[2026-06-03 01:15:12Z] CHK MOM:0.14% RANGE:0.2% UP:40% SPREAD:0.05145356% BID:0.3887 ASK:0.3889 MID:0.3888 P1:0.3888 P2:0.3888 P3:0.38885 P4:0.38875 STATE:IDLE
[2026-06-03 01:15:12Z] CHK MOM:0.15% RANGE:0.2% UP:42.1% SPREAD:0.02572678% BID:0.3887 ASK:0.3888 MID:0.38875 P1:0.38875 P2:0.3888 P3:0.3888 P4:0.38885 STATE:IDLE
[2026-06-03 01:15:13Z] CHK MOM:0.15% RANGE:0.2% UP:42.1% SPREAD:0.02572678% BID:0.3887 ASK:0.3888 MID:0.38875 P1:0.38875 P2:0.3888 P3:0.3888 P4:0.38885 STATE:IDLE
[2026-06-03 01:15:13Z] CHK MOM:0.15% RANGE:0.2% UP:42.1% SPREAD:0.02572678% BID:0.3887 ASK:0.3888 MID:0.38875 P1:0.38875 P2:0.3888 P3:0.3888 P4:0.38885 STATE:IDLE
[2026-06-03 01:15:14Z] CHK MOM:0.15% RANGE:0.18% UP:41.17% SPREAD:0.02572678% BID:0.3887 ASK:0.3888 MID:0.38875 P1:0.38875 P2:0.38875 P3:0.3888 P4:0.3888 STATE:IDLE
[2026-06-03 01:15:14Z] CHK MOM:0.15% RANGE:0.18% UP:38.88% SPREAD:0.02572678% BID:0.3887 ASK:0.3888 MID:0.38875 P1:0.38875 P2:0.38875 P3:0.38875 P4:0.3888 STATE:IDLE
[2026-06-03 01:15:15Z] CHK MOM:0.09% RANGE:0.15% UP:35.29% SPREAD:0.0514668% BID:0.3886 ASK:0.3888 MID:0.3887 P1:0.3887 P2:0.38875 P3:0.38875 P4:0.38875 STATE:IDLE
[2026-06-03 01:15:15Z] CHK MOM:0.12% RANGE:0.15% UP:41.17% SPREAD:0.02572678% BID:0.3887 ASK:0.3888 MID:0.38875 P1:0.38875 P2:0.3887 P3:0.38875 P4:0.38875 STATE:IDLE
[2026-06-03 01:15:16Z] CHK MOM:0.12% RANGE:0.15% UP:38.88% SPREAD:0.02572678% BID:0.3887 ASK:0.3888 MID:0.38875 P1:0.38875 P2:0.38875 P3:0.3887 P4:0.38875 STATE:IDLE
[2026-06-03 01:15:16Z] CHK MOM:0.12% RANGE:0.15% UP:38.88% SPREAD:0.02572678% BID:0.3887 ASK:0.3888 MID:0.38875 P1:0.38875 P2:0.38875 P3:0.3887 P4:0.38875 STATE:IDLE
[2026-06-03 01:15:17Z] CHK MOM:0.02% RANGE:0.07% UP:29.41% SPREAD:0.02572678% BID:0.3887 ASK:0.3888 MID:0.38875 P1:0.38875 P2:0.38875 P3:0.38875 P4:0.3887 STATE:IDLE
[2026-06-03 01:15:17Z] CHK MOM:0.02% RANGE:0.07% UP:29.41% SPREAD:0.02572678% BID:0.3887 ASK:0.3888 MID:0.38875 P1:0.38875 P2:0.38875 P3:0.38875 P4:0.3887 STATE:IDLE
[2026-06-03 01:15:18Z] CHK MOM:0.02% RANGE:0.07% UP:29.41% SPREAD:0.02572678% BID:0.3887 ASK:0.3888 MID:0.38875 P1:0.38875 P2:0.38875 P3:0.38875 P4:0.3887 STATE:IDLE
[2026-06-03 01:15:19Z] CHK MOM:0.02% RANGE:0.07% UP:29.41% SPREAD:0.02572678% BID:0.3887 ASK:0.3888 MID:0.38875 P1:0.38875 P2:0.38875 P3:0.38875 P4:0.3887 STATE:IDLE
[2026-06-03 01:15:19Z] CHK MOM:0.01% RANGE:0.05% UP:21.42% SPREAD:0.0514668% BID:0.3886 ASK:0.3888 MID:0.3887 P1:0.3887 P2:0.38875 P3:0.38875 P4:0.38875 STATE:IDLE
[2026-06-03 01:15:20Z] CHK MOM:-0.02% RANGE:0.05% UP:15.38% SPREAD:0.0257334% BID:0.3886 ASK:0.3887 MID:0.38865 P1:0.38865 P2:0.3887 P3:0.38875 P4:0.38875 STATE:IDLE
[2026-06-03 01:15:21Z] CHK MOM:0.07% RANGE:0.1% UP:23.07% SPREAD:0.02570694% BID:0.389 ASK:0.3891 MID:0.38905 P1:0.38905 P2:0.38865 P3:0.3887 P4:0.38875 STATE:IDLE
[2026-06-03 01:15:21Z] CHK MOM:0.07% RANGE:0.1% UP:23.07% SPREAD:0.02570694% BID:0.389 ASK:0.3891 MID:0.38905 P1:0.38905 P2:0.38865 P3:0.3887 P4:0.38875 STATE:IDLE
[2026-06-03 01:15:22Z] CHK MOM:0.07% RANGE:0.1% UP:23.07% SPREAD:0.02570694% BID:0.389 ASK:0.3891 MID:0.38905 P1:0.38905 P2:0.38865 P3:0.3887 P4:0.38875 STATE:IDLE
[2026-06-03 01:15:22Z] CHK MOM:0.07% RANGE:0.1% UP:23.07% SPREAD:0.02570694% BID:0.389 ASK:0.3891 MID:0.38905 P1:0.38905 P2:0.38865 P3:0.3887 P4:0.38875 STATE:IDLE
[2026-06-03 01:15:23Z] CHK MOM:0.07% RANGE:0.1% UP:23.07% SPREAD:0.02570694% BID:0.389 ASK:0.3891 MID:0.38905 P1:0.38905 P2:0.38865 P3:0.3887 P4:0.38875 STATE:IDLE
[2026-06-03 01:15:23Z] CHK MOM:0.07% RANGE:0.1% UP:23.07% SPREAD:0.02570694% BID:0.389 ASK:0.3891 MID:0.38905 P1:0.38905 P2:0.38865 P3:0.3887 P4:0.38875 STATE:IDLE
[2026-06-03 01:15:24Z] CHK MOM:0.07% RANGE:0.1% UP:20% SPREAD:0.02570694% BID:0.389 ASK:0.3891 MID:0.38905 P1:0.38905 P2:0.38905 P3:0.38865 P4:0.3887 STATE:IDLE
[2026-06-03 01:15:24Z] CHK MOM:0.07% RANGE:0.1% UP:20% SPREAD:0.02570694% BID:0.389 ASK:0.3891 MID:0.38905 P1:0.38905 P2:0.38905 P3:0.38865 P4:0.3887 STATE:IDLE
[2026-06-03 01:15:25Z] CHK MOM:0.07% RANGE:0.1% UP:20% SPREAD:0.02570694% BID:0.389 ASK:0.3891 MID:0.38905 P1:0.38905 P2:0.38905 P3:0.38865 P4:0.3887 STATE:IDLE
[2026-06-03 01:15:26Z] CHK MOM:0.07% RANGE:0.1% UP:20% SPREAD:0.02570694% BID:0.389 ASK:0.3891 MID:0.38905 P1:0.38905 P2:0.38905 P3:0.38865 P4:0.3887 STATE:IDLE
[2026-06-03 01:15:26Z] CHK MOM:0.07% RANGE:0.1% UP:25% SPREAD:0.0514271% BID:0.3889 ASK:0.3891 MID:0.389 P1:0.389 P2:0.38905 P3:0.38905 P4:0.38865 STATE:IDLE
[2026-06-03 01:15:27Z] CHK MOM:0.09% RANGE:0.1% UP:33.33% SPREAD:0.02570694% BID:0.389 ASK:0.3891 MID:0.38905 P1:0.38905 P2:0.389 P3:0.38905 P4:0.38905 STATE:IDLE
[2026-06-03 01:15:27Z] CHK MOM:0.05% RANGE:0.1% UP:22.22% SPREAD:0.02571355% BID:0.3889 ASK:0.389 MID:0.38895 P1:0.38895 P2:0.38905 P3:0.389 P4:0.38905 STATE:IDLE
[2026-06-03 01:15:28Z] CHK MOM:0.02% RANGE:0.1% UP:22.22% SPREAD:0.02572016% BID:0.3888 ASK:0.3889 MID:0.38885 P1:0.38885 P2:0.38895 P3:0.38905 P4:0.389 STATE:IDLE
[2026-06-03 01:15:28Z] CHK MOM:0.02% RANGE:0.1% UP:22.22% SPREAD:0.02572016% BID:0.3888 ASK:0.3889 MID:0.38885 P1:0.38885 P2:0.38885 P3:0.38895 P4:0.38905 STATE:IDLE
[2026-06-03 01:15:29Z] CHK MOM:0.02% RANGE:0.1% UP:20% SPREAD:0.02572016% BID:0.3888 ASK:0.3889 MID:0.38885 P1:0.38885 P2:0.38885 P3:0.38885 P4:0.38895 STATE:IDLE
[2026-06-03 01:15:29Z] CHK MOM:0.02% RANGE:0.1% UP:20% SPREAD:0.02572016% BID:0.3888 ASK:0.3889 MID:0.38885 P1:0.38885 P2:0.38885 P3:0.38885 P4:0.38895 STATE:IDLE
[2026-06-03 01:15:30Z] CHK MOM:0.02% RANGE:0.1% UP:20% SPREAD:0.02572016% BID:0.3888 ASK:0.3889 MID:0.38885 P1:0.38885 P2:0.38885 P3:0.38885 P4:0.38895 STATE:IDLE
[2026-06-03 01:15:31Z] CHK MOM:0.02% RANGE:0.1% UP:20% SPREAD:0.02572016% BID:0.3888 ASK:0.3889 MID:0.38885 P1:0.38885 P2:0.38885 P3:0.38885 P4:0.38895 STATE:IDLE
[2026-06-03 01:15:31Z] CHK MOM:0.02% RANGE:0.1% UP:20% SPREAD:0.02572016% BID:0.3888 ASK:0.3889 MID:0.38885 P1:0.38885 P2:0.38885 P3:0.38885 P4:0.38895 STATE:IDLE
[2026-06-03 01:15:32Z] CHK MOM:-0.05% RANGE:0.05% UP:12.5% SPREAD:0.02572016% BID:0.3888 ASK:0.3889 MID:0.38885 P1:0.38885 P2:0.38885 P3:0.38885 P4:0.38885 STATE:IDLE
[2026-06-03 01:15:33Z] CHK MOM:-0.07% RANGE:0.07% UP:11.11% SPREAD:0.02572678% BID:0.3887 ASK:0.3888 MID:0.38875 P1:0.38875 P2:0.38885 P3:0.38885 P4:0.38885 STATE:IDLE
[2026-06-03 01:15:33Z] CHK MOM:-0.02% RANGE:0.07% UP:22.22% SPREAD:0.02571355% BID:0.3889 ASK:0.389 MID:0.38895 P1:0.38895 P2:0.38875 P3:0.38885 P4:0.38885 STATE:IDLE
[2026-06-03 01:15:34Z] CHK MOM:0% RANGE:0.07% UP:30% SPREAD:0.02570694% BID:0.389 ASK:0.3891 MID:0.38905 P1:0.38905 P2:0.38895 P3:0.38875 P4:0.38885 STATE:IDLE
[2026-06-03 01:15:34Z] CHK MOM:-0.02% RANGE:0.07% UP:27.27% SPREAD:0.02571355% BID:0.3889 ASK:0.389 MID:0.38895 P1:0.38895 P2:0.38905 P3:0.38895 P4:0.38875 STATE:IDLE
[2026-06-03 01:15:35Z] CHK MOM:-0.02% RANGE:0.07% UP:27.27% SPREAD:0.02571355% BID:0.3889 ASK:0.389 MID:0.38895 P1:0.38895 P2:0.38905 P3:0.38895 P4:0.38875 STATE:IDLE
[2026-06-03 01:15:35Z] CHK MOM:0% RANGE:0.07% UP:33.33% SPREAD:0.02570694% BID:0.389 ASK:0.3891 MID:0.38905 P1:0.38905 P2:0.38895 P3:0.38905 P4:0.38895 STATE:IDLE
[2026-06-03 01:15:36Z] CHK MOM:0% RANGE:0.07% UP:30.76% SPREAD:0.02570694% BID:0.389 ASK:0.3891 MID:0.38905 P1:0.38905 P2:0.38905 P3:0.38895 P4:0.38905 STATE:IDLE
[2026-06-03 01:15:37Z] CHK MOM:0.01% RANGE:0.07% UP:30.76% SPREAD:0.02570694% BID:0.389 ASK:0.3891 MID:0.38905 P1:0.38905 P2:0.38905 P3:0.38905 P4:0.38895 STATE:IDLE
[2026-06-03 01:15:37Z] CHK MOM:0.03% RANGE:0.1% UP:35.71% SPREAD:0.02570033% BID:0.3891 ASK:0.3892 MID:0.38915 P1:0.38915 P2:0.38905 P3:0.38905 P4:0.38905 STATE:IDLE
[2026-06-03 01:15:38Z] CHK MOM:0.03% RANGE:0.1% UP:35.71% SPREAD:0.02570033% BID:0.3891 ASK:0.3892 MID:0.38915 P1:0.38915 P2:0.38905 P3:0.38905 P4:0.38905 STATE:IDLE
[2026-06-03 01:15:38Z] CHK MOM:0.06% RANGE:0.12% UP:40% SPREAD:0.02569373% BID:0.3892 ASK:0.3893 MID:0.38925 P1:0.38925 P2:0.38915 P3:0.38905 P4:0.38905 STATE:IDLE
[2026-06-03 01:15:39Z] CHK MOM:0.02% RANGE:0.12% UP:35.71% SPREAD:0.02570694% BID:0.389 ASK:0.3891 MID:0.38905 P1:0.38905 P2:0.38925 P3:0.38915 P4:0.38905 STATE:IDLE
[2026-06-03 01:15:39Z] CHK MOM:0.06% RANGE:0.12% UP:42.85% SPREAD:0.05141388% BID:0.389 ASK:0.3892 MID:0.3891 P1:0.3891 P2:0.38905 P3:0.38925 P4:0.38915 STATE:IDLE
[2026-06-03 01:15:40Z] CHK MOM:0.05% RANGE:0.12% UP:40% SPREAD:0.02570694% BID:0.389 ASK:0.3891 MID:0.38905 P1:0.38905 P2:0.3891 P3:0.38905 P4:0.38925 STATE:IDLE
[2026-06-03 01:15:40Z] CHK MOM:0.05% RANGE:0.12% UP:40% SPREAD:0.02570694% BID:0.389 ASK:0.3891 MID:0.38905 P1:0.38905 P2:0.3891 P3:0.38905 P4:0.38925 STATE:IDLE
[2026-06-03 01:15:41Z] CHK MOM:0.06% RANGE:0.12% UP:50% SPREAD:0.05141388% BID:0.389 ASK:0.3892 MID:0.3891 P1:0.3891 P2:0.38905 P3:0.3891 P4:0.38905 STATE:IDLE
[2026-06-03 01:15:42Z] CHK MOM:0.1% RANGE:0.12% UP:57.14% SPREAD:0.02569373% BID:0.3892 ASK:0.3893 MID:0.38925 P1:0.38925 P2:0.3891 P3:0.38905 P4:0.3891 STATE:IDLE
[2026-06-03 01:15:42Z] CHK MOM:0.1% RANGE:0.12% UP:53.33% SPREAD:0.02569373% BID:0.3892 ASK:0.3893 MID:0.38925 P1:0.38925 P2:0.38925 P3:0.3891 P4:0.38905 STATE:IDLE
[2026-06-03 01:15:43Z] CHK MOM:0.09% RANGE:0.12% UP:50% SPREAD:0.05140066% BID:0.3891 ASK:0.3893 MID:0.3892 P1:0.3892 P2:0.38925 P3:0.38925 P4:0.3891 STATE:IDLE
[2026-06-03 01:15:43Z] CHK MOM:0.1% RANGE:0.12% UP:52.94% SPREAD:0.02569373% BID:0.3892 ASK:0.3893 MID:0.38925 P1:0.38925 P2:0.3892 P3:0.38925 P4:0.38925 STATE:IDLE
[2026-06-03 01:15:44Z] CHK MOM:0.05% RANGE:0.12% UP:50% SPREAD:0.02570694% BID:0.389 ASK:0.3891 MID:0.38905 P1:0.38905 P2:0.38925 P3:0.3892 P4:0.38925 STATE:IDLE
[2026-06-03 01:15:44Z] CHK MOM:0.09% RANGE:0.12% UP:55.55% SPREAD:0.05141388% BID:0.389 ASK:0.3892 MID:0.3891 P1:0.3891 P2:0.38905 P3:0.38925 P4:0.3892 STATE:IDLE
[2026-06-03 01:15:45Z] CHK MOM:0.05% RANGE:0.07% UP:55.55% SPREAD:0.02570033% BID:0.3891 ASK:0.3892 MID:0.38915 P1:0.38915 P2:0.3891 P3:0.38905 P4:0.38925 STATE:IDLE
[2026-06-03 01:15:45Z] CHK MOM:0.02% RANGE:0.07% UP:52.63% SPREAD:0.02570694% BID:0.389 ASK:0.3891 MID:0.38905 P1:0.38905 P2:0.38915 P3:0.3891 P4:0.38905 STATE:IDLE
[2026-06-03 01:15:46Z] CHK MOM:0.02% RANGE:0.07% UP:52.63% SPREAD:0.02570033% BID:0.3891 ASK:0.3892 MID:0.38915 P1:0.38915 P2:0.38905 P3:0.38915 P4:0.3891 STATE:IDLE
[2026-06-03 01:15:46Z] CHK MOM:0.02% RANGE:0.07% UP:52.63% SPREAD:0.02570033% BID:0.3891 ASK:0.3892 MID:0.38915 P1:0.38915 P2:0.38905 P3:0.38915 P4:0.3891 STATE:IDLE
[2026-06-03 01:15:47Z] CHK MOM:0.02% RANGE:0.07% UP:52.63% SPREAD:0.02570033% BID:0.3891 ASK:0.3892 MID:0.38915 P1:0.38915 P2:0.38905 P3:0.38915 P4:0.3891 STATE:IDLE
[2026-06-03 01:15:48Z] CHK MOM:0.02% RANGE:0.05% UP:56.25% SPREAD:0.02570033% BID:0.3891 ASK:0.3892 MID:0.38915 P1:0.38915 P2:0.38915 P3:0.38905 P4:0.38915 STATE:IDLE
[2026-06-03 01:15:48Z] CHK MOM:0.02% RANGE:0.05% UP:56.25% SPREAD:0.02569373% BID:0.3892 ASK:0.3893 MID:0.38925 P1:0.38925 P2:0.38915 P3:0.38915 P4:0.38905 STATE:IDLE
[2026-06-03 01:15:49Z] CHK MOM:0.02% RANGE:0.05% UP:56.25% SPREAD:0.02569373% BID:0.3892 ASK:0.3893 MID:0.38925 P1:0.38925 P2:0.38915 P3:0.38915 P4:0.38905 STATE:IDLE
[2026-06-03 01:15:49Z] CHK MOM:0.02% RANGE:0.05% UP:56.25% SPREAD:0.02569373% BID:0.3892 ASK:0.3893 MID:0.38925 P1:0.38925 P2:0.38915 P3:0.38915 P4:0.38905 STATE:IDLE
[2026-06-03 01:15:50Z] CHK MOM:-0.01% RANGE:0.05% UP:50% SPREAD:0.05140066% BID:0.3891 ASK:0.3893 MID:0.3892 P1:0.3892 P2:0.38925 P3:0.38915 P4:0.38915 STATE:IDLE
[2026-06-03 01:15:50Z] CHK MOM:-0.07% RANGE:0.07% UP:47.05% SPREAD:0.02571355% BID:0.3889 ASK:0.389 MID:0.38895 P1:0.38895 P2:0.3892 P3:0.38925 P4:0.38915 STATE:IDLE
[2026-06-03 01:15:51Z] CHK MOM:-0.06% RANGE:0.1% UP:43.75% SPREAD:0.02572016% BID:0.3888 ASK:0.3889 MID:0.38885 P1:0.38885 P2:0.38895 P3:0.3892 P4:0.38925 STATE:IDLE
[2026-06-03 01:15:51Z] CHK MOM:-0.01% RANGE:0.1% UP:50% SPREAD:0.0514271% BID:0.3889 ASK:0.3891 MID:0.389 P1:0.389 P2:0.38885 P3:0.38895 P4:0.3892 STATE:IDLE
[2026-06-03 01:15:52Z] CHK MOM:-0.03% RANGE:0.1% UP:43.75% SPREAD:0.02571355% BID:0.3889 ASK:0.389 MID:0.38895 P1:0.38895 P2:0.389 P3:0.38885 P4:0.38895 STATE:IDLE
[2026-06-03 01:15:53Z] CHK MOM:-0.03% RANGE:0.1% UP:41.17% SPREAD:0.02571355% BID:0.3889 ASK:0.389 MID:0.38895 P1:0.38895 P2:0.38895 P3:0.389 P4:0.38885 STATE:IDLE
[2026-06-03 01:15:53Z] CHK MOM:-0.08% RANGE:0.1% UP:37.5% SPREAD:0.05144032% BID:0.3888 ASK:0.389 MID:0.3889 P1:0.3889 P2:0.38895 P3:0.38895 P4:0.389 STATE:IDLE
[2026-06-03 01:15:54Z] CHK MOM:-0.07% RANGE:0.1% UP:41.17% SPREAD:0.02571355% BID:0.3889 ASK:0.389 MID:0.38895 P1:0.38895 P2:0.3889 P3:0.38895 P4:0.38895 STATE:IDLE
[2026-06-03 01:15:54Z] CHK MOM:-0.11% RANGE:0.12% UP:41.17% SPREAD:0.02572678% BID:0.3887 ASK:0.3888 MID:0.38875 P1:0.38875 P2:0.38895 P3:0.3889 P4:0.38895 STATE:IDLE
[2026-06-03 01:15:55Z] CHK MOM:-0.11% RANGE:0.12% UP:38.88% SPREAD:0.02572678% BID:0.3887 ASK:0.3888 MID:0.38875 P1:0.38875 P2:0.38875 P3:0.38895 P4:0.3889 STATE:IDLE
[2026-06-03 01:15:55Z] CHK MOM:-0.11% RANGE:0.12% UP:38.88% SPREAD:0.02572678% BID:0.3887 ASK:0.3888 MID:0.38875 P1:0.38875 P2:0.38875 P3:0.38895 P4:0.3889 STATE:IDLE
[2026-06-03 01:15:56Z] CHK MOM:-0.1% RANGE:0.14% UP:31.25% SPREAD:0.0514668% BID:0.3886 ASK:0.3888 MID:0.3887 P1:0.3887 P2:0.38875 P3:0.38875 P4:0.38895 STATE:IDLE
[2026-06-03 01:15:56Z] CHK MOM:-0.11% RANGE:0.15% UP:29.41% SPREAD:0.0257334% BID:0.3886 ASK:0.3887 MID:0.38865 P1:0.38865 P2:0.3887 P3:0.38875 P4:0.38875 STATE:IDLE
[2026-06-03 01:15:57Z] CHK MOM:-0.11% RANGE:0.15% UP:29.41% SPREAD:0.0257334% BID:0.3886 ASK:0.3887 MID:0.38865 P1:0.38865 P2:0.3887 P3:0.38875 P4:0.38875 STATE:IDLE
[2026-06-03 01:15:57Z] CHK MOM:-0.11% RANGE:0.15% UP:29.41% SPREAD:0.0257334% BID:0.3886 ASK:0.3887 MID:0.38865 P1:0.38865 P2:0.3887 P3:0.38875 P4:0.38875 STATE:IDLE
[2026-06-03 01:15:58Z] CHK MOM:-0.11% RANGE:0.15% UP:29.41% SPREAD:0.0257334% BID:0.3886 ASK:0.3887 MID:0.38865 P1:0.38865 P2:0.3887 P3:0.38875 P4:0.38875 STATE:IDLE
[2026-06-03 01:15:59Z] CHK MOM:-0.05% RANGE:0.15% UP:28.57% SPREAD:0.02571355% BID:0.3889 ASK:0.389 MID:0.38895 P1:0.38895 P2:0.38865 P3:0.3887 P4:0.38875 STATE:IDLE
[2026-06-03 01:15:59Z] CHK MOM:-0.06% RANGE:0.15% UP:26.66% SPREAD:0.05144032% BID:0.3888 ASK:0.389 MID:0.3889 P1:0.3889 P2:0.38895 P3:0.38865 P4:0.3887 STATE:IDLE
[2026-06-03 01:16:00Z] CHK MOM:-0.05% RANGE:0.15% UP:31.25% SPREAD:0.02571355% BID:0.3889 ASK:0.389 MID:0.38895 P1:0.38895 P2:0.3889 P3:0.38895 P4:0.38865 STATE:IDLE
[2026-06-03 01:16:00Z] CHK MOM:-0.05% RANGE:0.15% UP:31.25% SPREAD:0.02570694% BID:0.389 ASK:0.3891 MID:0.38905 P1:0.38905 P2:0.38895 P3:0.3889 P4:0.38895 STATE:IDLE
[2026-06-03 01:16:01Z] CHK MOM:-0.06% RANGE:0.14% UP:31.25% SPREAD:0.02571355% BID:0.3889 ASK:0.389 MID:0.38895 P1:0.38895 P2:0.38905 P3:0.38895 P4:0.3889 STATE:IDLE
[2026-06-03 01:16:01Z] CHK MOM:-0.06% RANGE:0.14% UP:29.41% SPREAD:0.02571355% BID:0.3889 ASK:0.389 MID:0.38895 P1:0.38895 P2:0.38895 P3:0.38905 P4:0.38895 STATE:IDLE
[2026-06-03 01:16:02Z] CHK MOM:0% RANGE:0.1% UP:29.41% SPREAD:0.02571355% BID:0.3889 ASK:0.389 MID:0.38895 P1:0.38895 P2:0.38895 P3:0.38895 P4:0.38905 STATE:IDLE
[2026-06-03 01:16:02Z] CHK MOM:0.02% RANGE:0.1% UP:33.33% SPREAD:0.02570694% BID:0.389 ASK:0.3891 MID:0.38905 P1:0.38905 P2:0.38895 P3:0.38895 P4:0.38895 STATE:IDLE
[2026-06-03 01:16:03Z] CHK MOM:0% RANGE:0.1% UP:29.41% SPREAD:0.0514271% BID:0.3889 ASK:0.3891 MID:0.389 P1:0.389 P2:0.38905 P3:0.38895 P4:0.38895 STATE:IDLE
[2026-06-03 01:16:04Z] CHK MOM:-0.03% RANGE:0.1% UP:27.77% SPREAD:0.02572016% BID:0.3888 ASK:0.3889 MID:0.38885 P1:0.38885 P2:0.389 P3:0.38905 P4:0.38895 STATE:IDLE
[2026-06-03 01:16:04Z] CHK MOM:-0.07% RANGE:0.1% UP:29.41% SPREAD:0.0257334% BID:0.3886 ASK:0.3887 MID:0.38865 P1:0.38865 P2:0.38885 P3:0.389 P4:0.38905 STATE:IDLE
[2026-06-03 01:16:05Z] CHK MOM:-0.03% RANGE:0.1% UP:35.29% SPREAD:0.02572678% BID:0.3887 ASK:0.3888 MID:0.38875 P1:0.38875 P2:0.38865 P3:0.38885 P4:0.389 STATE:IDLE
[2026-06-03 01:16:05Z] CHK MOM:-0.05% RANGE:0.1% UP:33.33% SPREAD:0.0514668% BID:0.3886 ASK:0.3888 MID:0.3887 P1:0.3887 P2:0.38875 P3:0.38865 P4:0.38885 STATE:IDLE
[2026-06-03 01:16:06Z] CHK MOM:-0.02% RANGE:0.1% UP:29.41% SPREAD:0.0257334% BID:0.3886 ASK:0.3887 MID:0.38865 P1:0.38865 P2:0.3887 P3:0.38875 P4:0.38865 STATE:IDLE
[2026-06-03 01:16:06Z] CHK MOM:-0.02% RANGE:0.1% UP:29.41% SPREAD:0.0257334% BID:0.3886 ASK:0.3887 MID:0.38865 P1:0.38865 P2:0.3887 P3:0.38875 P4:0.38865 STATE:IDLE
[2026-06-03 01:16:07Z] CHK MOM:-0.05% RANGE:0.14% UP:31.25% SPREAD:0.0514933% BID:0.3884 ASK:0.3886 MID:0.3885 P1:0.3885 P2:0.38865 P3:0.3887 P4:0.38875 STATE:IDLE
[2026-06-03 01:16:07Z] CHK MOM:-0.05% RANGE:0.14% UP:31.25% SPREAD:0.0514933% BID:0.3884 ASK:0.3886 MID:0.3885 P1:0.3885 P2:0.38865 P3:0.3887 P4:0.38875 STATE:IDLE
[2026-06-03 01:16:08Z] CHK MOM:-0.05% RANGE:0.14% UP:31.25% SPREAD:0.0514933% BID:0.3884 ASK:0.3886 MID:0.3885 P1:0.3885 P2:0.38865 P3:0.3887 P4:0.38875 STATE:IDLE
[2026-06-03 01:16:08Z] CHK MOM:-0.05% RANGE:0.14% UP:31.25% SPREAD:0.0514933% BID:0.3884 ASK:0.3886 MID:0.3885 P1:0.3885 P2:0.38865 P3:0.3887 P4:0.38875 STATE:IDLE
[2026-06-03 01:16:09Z] CHK MOM:-0.1% RANGE:0.14% UP:33.33% SPREAD:0.02574002% BID:0.3885 ASK:0.3886 MID:0.38855 P1:0.38855 P2:0.3885 P3:0.38865 P4:0.3887 STATE:IDLE
[2026-06-03 01:16:10Z] CHK MOM:-0.11% RANGE:0.14% UP:31.25% SPREAD:0.0514933% BID:0.3884 ASK:0.3886 MID:0.3885 P1:0.3885 P2:0.38855 P3:0.3885 P4:0.38865 STATE:IDLE
[2026-06-03 01:16:10Z] CHK MOM:-0.06% RANGE:0.14% UP:37.5% SPREAD:0.0257334% BID:0.3886 ASK:0.3887 MID:0.38865 P1:0.38865 P2:0.3885 P3:0.38855 P4:0.3885 STATE:IDLE
[2026-06-03 01:16:11Z] CHK MOM:-0.06% RANGE:0.14% UP:37.5% SPREAD:0.0257334% BID:0.3886 ASK:0.3887 MID:0.38865 P1:0.38865 P2:0.3885 P3:0.38855 P4:0.3885 STATE:IDLE
[2026-06-03 01:16:11Z] CHK MOM:-0.07% RANGE:0.14% UP:35.29% SPREAD:0.05148005% BID:0.3885 ASK:0.3887 MID:0.3886 P1:0.3886 P2:0.38865 P3:0.3885 P4:0.38855 STATE:IDLE
[2026-06-03 01:16:12Z] CHK MOM:-0.15% RANGE:0.18% UP:29.41% SPREAD:0.02575328% BID:0.3883 ASK:0.3884 MID:0.38835 P1:0.38835 P2:0.3886 P3:0.38865 P4:0.3885 STATE:IDLE
[2026-06-03 01:16:12Z] CHK MOM:-0.15% RANGE:0.18% UP:29.41% SPREAD:0.02575328% BID:0.3883 ASK:0.3884 MID:0.38835 P1:0.38835 P2:0.3886 P3:0.38865 P4:0.3885 STATE:IDLE
[2026-06-03 01:16:13Z] CHK MOM:-0.15% RANGE:0.18% UP:25% SPREAD:0.02575328% BID:0.3883 ASK:0.3884 MID:0.38835 P1:0.38835 P2:0.38835 P3:0.3886 P4:0.38865 STATE:IDLE
[2026-06-03 01:16:13Z] CHK MOM:-0.12% RANGE:0.18% UP:31.25% SPREAD:0.02574665% BID:0.3884 ASK:0.3885 MID:0.38845 P1:0.38845 P2:0.38835 P3:0.38835 P4:0.3886 STATE:IDLE
[2026-06-03 01:16:14Z] CHK MOM:-0.1% RANGE:0.18% UP:37.5% SPREAD:0.07723995% BID:0.3884 ASK:0.3887 MID:0.38855 P1:0.38855 P2:0.38845 P3:0.38835 P4:0.38835 STATE:IDLE
[2026-06-03 01:16:15Z] CHK MOM:-0.1% RANGE:0.18% UP:37.5% SPREAD:0.07723995% BID:0.3884 ASK:0.3887 MID:0.38855 P1:0.38855 P2:0.38845 P3:0.38835 P4:0.38835 STATE:IDLE
[2026-06-03 01:16:15Z] CHK MOM:0.02% RANGE:0.1% UP:46.15% SPREAD:0.12870012% BID:0.3885 ASK:0.389 MID:0.38875 P1:0.38875 P2:0.38855 P3:0.38845 P4:0.38835 STATE:IDLE
[2026-06-03 01:16:16Z] CHK MOM:0.07% RANGE:0.15% UP:50% SPREAD:0.1286339% BID:0.3887 ASK:0.3892 MID:0.38895 P1:0.38895 P2:0.38875 P3:0.38855 P4:0.38845 STATE:IDLE
[2026-06-03 01:16:16Z] CHK MOM:0.12% RANGE:0.2% UP:53.33% SPREAD:0.12856775% BID:0.3889 ASK:0.3894 MID:0.38915 P1:0.38915 P2:0.38895 P3:0.38875 P4:0.38855 STATE:IDLE
[2026-06-03 01:16:17Z] CHK MOM:0.12% RANGE:0.2% UP:53.33% SPREAD:0.12856775% BID:0.3889 ASK:0.3894 MID:0.38915 P1:0.38915 P2:0.38895 P3:0.38875 P4:0.38855 STATE:IDLE
[2026-06-03 01:16:17Z] CHK MOM:0.15% RANGE:0.24% UP:57.14% SPREAD:0.10280133% BID:0.3891 ASK:0.3895 MID:0.3893 P1:0.3893 P2:0.38915 P3:0.38895 P4:0.38875 STATE:IDLE
[2026-06-03 01:16:18Z] CHK MOM:0.23% RANGE:0.27% UP:69.23% SPREAD:0.05137426% BID:0.3893 ASK:0.3895 MID:0.38939999 P1:0.38939999 P2:0.3893 P3:0.38915 P4:0.38895 STATE:IDLE
[2026-06-03 01:16:18Z] CHK MOM:0.23% RANGE:0.27% UP:64.28% SPREAD:0.10277492% BID:0.3892 ASK:0.3896 MID:0.38939999 P1:0.38939999 P2:0.38939999 P3:0.3893 P4:0.38915 STATE:IDLE
[2026-06-03 01:16:19Z] CHK MOM:0.23% RANGE:0.27% UP:60% SPREAD:0.10277492% BID:0.3892 ASK:0.3896 MID:0.38939999 P1:0.38939999 P2:0.38939999 P3:0.38939999 P4:0.3893 STATE:IDLE
[2026-06-03 01:16:19Z] CHK MOM:0.24% RANGE:0.29% UP:60% SPREAD:0.10274852% BID:0.3893 ASK:0.3897 MID:0.38949999 P1:0.38949999 P2:0.38939999 P3:0.38939999 P4:0.38939999 STATE:IDLE
[2026-06-03 01:16:20Z] CHK MOM:0.27% RANGE:0.32% UP:62.5% SPREAD:0.05134788% BID:0.3895 ASK:0.3897 MID:0.3896 P1:0.3896 P2:0.38949999 P3:0.38939999 P4:0.38939999 STATE:IDLE
[2026-06-03 01:16:21Z] CHK MOM:0.36% RANGE:0.41% UP:64.7% SPREAD:0.0256476% BID:0.3899 ASK:0.39 MID:0.38995 P1:0.38995 P2:0.3896 P3:0.38949999 P4:0.38939999 STATE:IDLE
[2026-06-03 01:16:22Z] DECIDE_HOLD reason=HOLD_BURST_EMA spread=0.0256% mom=0.3603% range=0.4120% up=64.71% mid=0.38995000 P1=0.38995 P2=0.3896 P3=0.38949999999999996 P4=0.38939999999999997 ema1=0
[2026-06-03 01:16:23Z] CHK MOM:0.38% RANGE:0.45% UP:73.33% SPREAD:0.05128205% BID:0.39 ASK:0.3902 MID:0.3901 P1:0.3901 P2:0.38995 P3:0.3896 P4:0.38949999 STATE:IDLE
[2026-06-03 01:16:23Z] CHK MOM:0.34% RANGE:0.45% UP:68.75% SPREAD:0.0256476% BID:0.3899 ASK:0.39 MID:0.38995 P1:0.38995 P2:0.3901 P3:0.38995 P4:0.3896 STATE:IDLE
[2026-06-03 01:16:24Z] CHK MOM:0.41% RANGE:0.45% UP:73.33% SPREAD:0.0256476% BID:0.3899 ASK:0.39 MID:0.38995 P1:0.38995 P2:0.38995 P3:0.3901 P4:0.38995 STATE:IDLE
[2026-06-03 01:16:24Z] CHK MOM:0.41% RANGE:0.45% UP:68.75% SPREAD:0.0256476% BID:0.3899 ASK:0.39 MID:0.38995 P1:0.38995 P2:0.38995 P3:0.38995 P4:0.3901 STATE:IDLE
[2026-06-03 01:16:25Z] CHK MOM:0.43% RANGE:0.45% UP:70.58% SPREAD:0.02564102% BID:0.39 ASK:0.3901 MID:0.39005 P1:0.39005 P2:0.38995 P3:0.38995 P4:0.38995 STATE:IDLE
[2026-06-03 01:16:26Z] CHK MOM:0.43% RANGE:0.43% UP:70.58% SPREAD:0.02563445% BID:0.3901 ASK:0.3902 MID:0.39015 P1:0.39015 P2:0.39005 P3:0.38995 P4:0.38995 STATE:IDLE
[2026-06-03 01:16:26Z] CHK MOM:0.29% RANGE:0.36% UP:62.5% SPREAD:0.05130836% BID:0.3898 ASK:0.39 MID:0.3899 P1:0.3899 P2:0.39015 P3:0.39005 P4:0.38995 STATE:IDLE
[2026-06-03 01:16:27Z] CHK MOM:0.28% RANGE:0.36% UP:58.82% SPREAD:0.07698229% BID:0.3897 ASK:0.39 MID:0.38985 P1:0.38985 P2:0.3899 P3:0.39015 P4:0.39005 STATE:IDLE
[2026-06-03 01:16:27Z] CHK MOM:0.28% RANGE:0.36% UP:58.82% SPREAD:0.07698229% BID:0.3897 ASK:0.39 MID:0.38985 P1:0.38985 P2:0.3899 P3:0.39015 P4:0.39005 STATE:IDLE
[2026-06-03 01:16:28Z] CHK MOM:0.2% RANGE:0.25% UP:56.25% SPREAD:0.07696254% BID:0.3898 ASK:0.3901 MID:0.38995 P1:0.38995 P2:0.38985 P3:0.3899 P4:0.39015 STATE:IDLE
[2026-06-03 01:16:28Z] CHK MOM:0.17% RANGE:0.21% UP:56.25% SPREAD:0.0512952% BID:0.3899 ASK:0.3901 MID:0.39 P1:0.39 P2:0.38995 P3:0.38985 P4:0.3899 STATE:IDLE
[2026-06-03 01:16:29Z] CHK MOM:0.17% RANGE:0.21% UP:52.94% SPREAD:0.0512952% BID:0.3899 ASK:0.3901 MID:0.39 P1:0.39 P2:0.39 P3:0.38995 P4:0.38985 STATE:IDLE
[2026-06-03 01:16:29Z] CHK MOM:0.17% RANGE:0.21% UP:52.94% SPREAD:0.0512952% BID:0.3899 ASK:0.3901 MID:0.39 P1:0.39 P2:0.39 P3:0.38995 P4:0.38985 STATE:IDLE
[2026-06-03 01:16:30Z] CHK MOM:0.14% RANGE:0.19% UP:47.05% SPREAD:0.0256476% BID:0.3899 ASK:0.39 MID:0.38995 P1:0.38995 P2:0.39 P3:0.39 P4:0.38995 STATE:IDLE
[2026-06-03 01:16:30Z] CHK MOM:0.16% RANGE:0.19% UP:52.94% SPREAD:0.02564102% BID:0.39 ASK:0.3901 MID:0.39005 P1:0.39005 P2:0.38995 P3:0.39 P4:0.39 STATE:IDLE
[2026-06-03 01:16:31Z] CHK MOM:0.12% RANGE:0.19% UP:52.94% SPREAD:0.05130836% BID:0.3898 ASK:0.39 MID:0.3899 P1:0.3899 P2:0.39005 P3:0.38995 P4:0.39 STATE:IDLE
[2026-06-03 01:16:32Z] CHK MOM:0.07% RANGE:0.14% UP:43.75% SPREAD:0.05130836% BID:0.3898 ASK:0.39 MID:0.3899 P1:0.3899 P2:0.3899 P3:0.39005 P4:0.38995 STATE:IDLE
[2026-06-03 01:16:32Z] CHK MOM:-0.01% RANGE:0.07% UP:37.5% SPREAD:0.05130836% BID:0.3898 ASK:0.39 MID:0.3899 P1:0.3899 P2:0.3899 P3:0.3899 P4:0.39005 STATE:IDLE
[2026-06-03 01:16:33Z] CHK MOM:0% RANGE:0.07% UP:37.5% SPREAD:0.05128205% BID:0.39 ASK:0.3902 MID:0.3901 P1:0.3901 P2:0.3899 P3:0.3899 P4:0.3899 STATE:IDLE
[2026-06-03 01:16:33Z] CHK MOM:-0.02% RANGE:0.07% UP:35.29% SPREAD:0.0512952% BID:0.3899 ASK:0.3901 MID:0.39 P1:0.39 P2:0.3901 P3:0.3899 P4:0.3899 STATE:IDLE
[2026-06-03 01:16:34Z] CHK MOM:0% RANGE:0.07% UP:38.88% SPREAD:0.05128205% BID:0.39 ASK:0.3902 MID:0.3901 P1:0.3901 P2:0.39 P3:0.3901 P4:0.3899 STATE:IDLE
[2026-06-03 01:16:34Z] CHK MOM:0% RANGE:0.07% UP:36.84% SPREAD:0.05128205% BID:0.39 ASK:0.3902 MID:0.3901 P1:0.3901 P2:0.3901 P3:0.39 P4:0.3901 STATE:IDLE
[2026-06-03 01:16:35Z] CHK MOM:0% RANGE:0.07% UP:35% SPREAD:0.05128205% BID:0.39 ASK:0.3902 MID:0.3901 P1:0.3901 P2:0.3901 P3:0.3901 P4:0.39 STATE:IDLE
[2026-06-03 01:16:35Z] CHK MOM:0.01% RANGE:0.07% UP:36.84% SPREAD:0.0512952% BID:0.3899 ASK:0.3901 MID:0.39 P1:0.39 P2:0.3901 P3:0.3901 P4:0.3901 STATE:IDLE
[2026-06-03 01:16:36Z] CHK MOM:0.01% RANGE:0.07% UP:36.84% SPREAD:0.0512952% BID:0.3899 ASK:0.3901 MID:0.39 P1:0.39 P2:0.3901 P3:0.3901 P4:0.3901 STATE:IDLE
[2026-06-03 01:16:37Z] CHK MOM:-0.03% RANGE:0.07% UP:33.33% SPREAD:0.05130836% BID:0.3898 ASK:0.39 MID:0.3899 P1:0.3899 P2:0.39 P3:0.3901 P4:0.3901 STATE:IDLE
[2026-06-03 01:16:37Z] CHK MOM:-0.01% RANGE:0.07% UP:33.33% SPREAD:0.05128205% BID:0.39 ASK:0.3902 MID:0.3901 P1:0.3901 P2:0.3899 P3:0.39 P4:0.3901 STATE:IDLE
[2026-06-03 01:16:38Z] CHK MOM:0.07% RANGE:0.08% UP:38.88% SPREAD:0.0512689% BID:0.3901 ASK:0.3903 MID:0.3902 P1:0.3902 P2:0.3901 P3:0.3899 P4:0.39 STATE:IDLE
[2026-06-03 01:16:38Z] CHK MOM:0.07% RANGE:0.08% UP:38.88% SPREAD:0.0512689% BID:0.3901 ASK:0.3903 MID:0.3902 P1:0.3902 P2:0.3901 P3:0.3899 P4:0.39 STATE:IDLE
[2026-06-03 01:16:39Z] CHK MOM:0.06% RANGE:0.07% UP:35.29% SPREAD:0.0512689% BID:0.3901 ASK:0.3903 MID:0.3902 P1:0.3902 P2:0.3902 P3:0.3901 P4:0.3899 STATE:IDLE
[2026-06-03 01:16:39Z] CHK MOM:0.06% RANGE:0.07% UP:33.33% SPREAD:0.0512689% BID:0.3901 ASK:0.3903 MID:0.3902 P1:0.3902 P2:0.3902 P3:0.3902 P4:0.3901 STATE:IDLE
[2026-06-03 01:16:40Z] CHK MOM:0.06% RANGE:0.07% UP:31.57% SPREAD:0.0512689% BID:0.3901 ASK:0.3903 MID:0.3902 P1:0.3902 P2:0.3902 P3:0.3902 P4:0.3902 STATE:IDLE
[2026-06-03 01:16:40Z] CHK MOM:0.06% RANGE:0.08% UP:33.33% SPREAD:0.02562788% BID:0.3902 ASK:0.3903 MID:0.39025 P1:0.39025 P2:0.3902 P3:0.3902 P4:0.3902 STATE:IDLE
[2026-06-03 01:16:41Z] CHK MOM:0.08% RANGE:0.1% UP:38.88% SPREAD:0.05125576% BID:0.3902 ASK:0.3904 MID:0.3903 P1:0.3903 P2:0.39025 P3:0.3902 P4:0.3902 STATE:IDLE
[2026-06-03 01:16:41Z] CHK MOM:0.08% RANGE:0.1% UP:38.88% SPREAD:0.05125576% BID:0.3902 ASK:0.3904 MID:0.3903 P1:0.3903 P2:0.39025 P3:0.3902 P4:0.3902 STATE:IDLE
[2026-06-03 01:16:42Z] CHK MOM:0.08% RANGE:0.1% UP:38.88% SPREAD:0.05125576% BID:0.3902 ASK:0.3904 MID:0.3903 P1:0.3903 P2:0.39025 P3:0.3902 P4:0.3902 STATE:IDLE
[2026-06-03 01:16:43Z] CHK MOM:0.12% RANGE:0.12% UP:41.17% SPREAD:0.05124263% BID:0.3903 ASK:0.3905 MID:0.39039999 P1:0.39039999 P2:0.3903 P3:0.39025 P4:0.3902 STATE:IDLE
[2026-06-03 01:16:43Z] CHK MOM:0.12% RANGE:0.12% UP:41.17% SPREAD:0.05124263% BID:0.3903 ASK:0.3905 MID:0.39039999 P1:0.39039999 P2:0.3903 P3:0.39025 P4:0.3902 STATE:IDLE
[2026-06-03 01:16:44Z] CHK MOM:0.15% RANGE:0.15% UP:47.05% SPREAD:0.0512295% BID:0.3904 ASK:0.3906 MID:0.3905 P1:0.3905 P2:0.39039999 P3:0.3903 P4:0.39025 STATE:IDLE
[2026-06-03 01:16:44Z] CHK MOM:0.1% RANGE:0.15% UP:43.75% SPREAD:0.0512295% BID:0.3904 ASK:0.3906 MID:0.3905 P1:0.3905 P2:0.3905 P3:0.39039999 P4:0.3903 STATE:IDLE
[2026-06-03 01:16:45Z] CHK MOM:0.1% RANGE:0.15% UP:43.75% SPREAD:0.0512295% BID:0.3904 ASK:0.3906 MID:0.3905 P1:0.3905 P2:0.3905 P3:0.39039999 P4:0.3903 STATE:IDLE
[2026-06-03 01:16:45Z] CHK MOM:0.03% RANGE:0.15% UP:40% SPREAD:0.02562788% BID:0.3902 ASK:0.3903 MID:0.39025 P1:0.39025 P2:0.3905 P3:0.3905 P4:0.39039999 STATE:IDLE
[2026-06-03 01:16:46Z] CHK MOM:0.1% RANGE:0.15% UP:43.75% SPREAD:0.0512295% BID:0.3904 ASK:0.3906 MID:0.3905 P1:0.3905 P2:0.39025 P3:0.3905 P4:0.3905 STATE:IDLE
[2026-06-03 01:16:46Z] CHK MOM:0.1% RANGE:0.15% UP:46.66% SPREAD:0.0512295% BID:0.3904 ASK:0.3906 MID:0.3905 P1:0.3905 P2:0.3905 P3:0.39025 P4:0.3905 STATE:IDLE
[2026-06-03 01:16:47Z] CHK MOM:0.1% RANGE:0.15% UP:43.75% SPREAD:0.0512295% BID:0.3904 ASK:0.3906 MID:0.3905 P1:0.3905 P2:0.3905 P3:0.3905 P4:0.39025 STATE:IDLE
[2026-06-03 01:16:48Z] CHK MOM:0.12% RANGE:0.15% UP:43.75% SPREAD:0.0512295% BID:0.3904 ASK:0.3906 MID:0.3905 P1:0.3905 P2:0.3905 P3:0.3905 P4:0.3905 STATE:IDLE
[2026-06-03 01:16:48Z] CHK MOM:0.03% RANGE:0.1% UP:40% SPREAD:0.02562788% BID:0.3902 ASK:0.3903 MID:0.39025 P1:0.39025 P2:0.3905 P3:0.3905 P4:0.3905 STATE:IDLE
[2026-06-03 01:16:49Z] CHK MOM:0.01% RANGE:0.1% UP:37.5% SPREAD:0.07692307% BID:0.39 ASK:0.3903 MID:0.39015 P1:0.39015 P2:0.39025 P3:0.3905 P4:0.3905 STATE:IDLE
[2026-06-03 01:16:49Z] CHK MOM:0.01% RANGE:0.1% UP:37.5% SPREAD:0.07692307% BID:0.39 ASK:0.3903 MID:0.39015 P1:0.39015 P2:0.39025 P3:0.3905 P4:0.3905 STATE:IDLE
[2026-06-03 01:16:50Z] CHK MOM:0% RANGE:0.08% UP:37.5% SPREAD:0.0512689% BID:0.3901 ASK:0.3903 MID:0.3902 P1:0.3902 P2:0.39015 P3:0.39025 P4:0.3905 STATE:IDLE
[2026-06-03 01:16:50Z] CHK MOM:0.08% RANGE:0.1% UP:43.75% SPREAD:0.02560819% BID:0.3905 ASK:0.3906 MID:0.39055 P1:0.39055 P2:0.3902 P3:0.39015 P4:0.39025 STATE:IDLE
[2026-06-03 01:16:51Z] DECIDE_HOLD reason=HOLD_BURST_EMA spread=0.0256% mom=0.0897% range=0.1025% up=43.75% mid=0.39055000 P1=0.39055 P2=0.3902 P3=0.39015 P4=0.39025 ema1=0
[2026-06-03 01:16:52Z] CHK MOM:0.07% RANGE:0.1% UP:42.85% SPREAD:0.02560819% BID:0.3905 ASK:0.3906 MID:0.39055 P1:0.39055 P2:0.39055 P3:0.3902 P4:0.39015 STATE:IDLE
[2026-06-03 01:16:52Z] CHK MOM:0.07% RANGE:0.1% UP:42.85% SPREAD:0.02560819% BID:0.3905 ASK:0.3906 MID:0.39055 P1:0.39055 P2:0.39055 P3:0.3902 P4:0.39015 STATE:IDLE
[2026-06-03 01:16:53Z] CHK MOM:0.03% RANGE:0.1% UP:30.76% SPREAD:0.02560819% BID:0.3905 ASK:0.3906 MID:0.39055 P1:0.39055 P2:0.39055 P3:0.39055 P4:0.3902 STATE:IDLE
[2026-06-03 01:16:54Z] CHK MOM:0.02% RANGE:0.1% UP:28.57% SPREAD:0.0512295% BID:0.3904 ASK:0.3906 MID:0.3905 P1:0.3905 P2:0.39055 P3:0.39055 P4:0.39055 STATE:IDLE
[2026-06-03 01:16:54Z] CHK MOM:0% RANGE:0.1% UP:26.66% SPREAD:0.05124263% BID:0.3903 ASK:0.3905 MID:0.39039999 P1:0.39039999 P2:0.3905 P3:0.39055 P4:0.39055 STATE:IDLE
[2026-06-03 01:16:54Z] TOKEN_SWITCH old=ONDOUSDC new=RENDERUSDC source=.service.env
[2026-06-03 01:29:04Z] SESSION_START symbol=ONDOUSDC dry_run=0 profile=major strategy=momentum base_url=https://api.binance.com
[2026-06-03 01:29:04Z] TOXIC_MEMORY_LOADED count=2 symbols=ORDIUSDC,TONUSDC
[2026-06-03 01:29:07Z] CHK MOM:0% RANGE:0% UP:0% SPREAD:0.05100739% BID:0.3921 ASK:0.3923 MID:0.3922 P1:0.3922 P2:NA P3:NA P4:NA STATE:IDLE
[2026-06-03 01:29:07Z] CHK MOM:-0.02% RANGE:0.02% UP:0% SPREAD:0.0510204% BID:0.392 ASK:0.3922 MID:0.3921 P1:0.3921 P2:0.3922 P3:NA P4:NA STATE:IDLE
[2026-06-03 01:29:08Z] CHK MOM:-0.01% RANGE:0.02% UP:50% SPREAD:0.02550369% BID:0.3921 ASK:0.3922 MID:0.39215 P1:0.39215 P2:0.3921 P3:0.3922 P4:NA STATE:IDLE
[2026-06-03 01:29:08Z] CHK MOM:-0.07% RANGE:0.07% UP:33.33% SPREAD:0.05104645% BID:0.3918 ASK:0.392 MID:0.3919 P1:0.3919 P2:0.39215 P3:0.3921 P4:0.3922 STATE:IDLE
[2026-06-03 01:29:09Z] CHK MOM:-0.05% RANGE:0.07% UP:50% SPREAD:0.05103342% BID:0.3919 ASK:0.3921 MID:0.392 P1:0.392 P2:0.3919 P3:0.39215 P4:0.3921 STATE:IDLE
[2026-06-03 01:29:09Z] CHK MOM:-0.05% RANGE:0.07% UP:50% SPREAD:0.05103342% BID:0.3919 ASK:0.3921 MID:0.392 P1:0.392 P2:0.3919 P3:0.39215 P4:0.3921 STATE:IDLE
[2026-06-03 01:29:10Z] CHK MOM:-0.05% RANGE:0.07% UP:50% SPREAD:0.05103342% BID:0.3919 ASK:0.3921 MID:0.392 P1:0.392 P2:0.3919 P3:0.39215 P4:0.3921 STATE:IDLE
[2026-06-03 01:29:10Z] CHK MOM:-0.05% RANGE:0.07% UP:50% SPREAD:0.05103342% BID:0.3919 ASK:0.3921 MID:0.392 P1:0.392 P2:0.3919 P3:0.39215 P4:0.3921 STATE:IDLE
[2026-06-03 01:29:11Z] CHK MOM:-0.07% RANGE:0.07% UP:40% SPREAD:0.05104645% BID:0.3918 ASK:0.392 MID:0.3919 P1:0.3919 P2:0.392 P3:0.3919 P4:0.39215 STATE:IDLE
[2026-06-03 01:29:11Z] CHK MOM:-0.07% RANGE:0.07% UP:40% SPREAD:0.05104645% BID:0.3918 ASK:0.392 MID:0.3919 P1:0.3919 P2:0.392 P3:0.3919 P4:0.39215 STATE:IDLE
[2026-06-03 01:29:12Z] CHK MOM:-0.07% RANGE:0.07% UP:40% SPREAD:0.05104645% BID:0.3918 ASK:0.392 MID:0.3919 P1:0.3919 P2:0.392 P3:0.3919 P4:0.39215 STATE:IDLE
[2026-06-03 01:29:13Z] CHK MOM:-0.07% RANGE:0.07% UP:33.33% SPREAD:0.05104645% BID:0.3918 ASK:0.392 MID:0.3919 P1:0.3919 P2:0.3919 P3:0.392 P4:0.3919 STATE:IDLE
[2026-06-03 01:29:13Z] CHK MOM:-0.07% RANGE:0.07% UP:33.33% SPREAD:0.05104645% BID:0.3918 ASK:0.392 MID:0.3919 P1:0.3919 P2:0.3919 P3:0.392 P4:0.3919 STATE:IDLE
[2026-06-03 01:29:14Z] CHK MOM:-0.07% RANGE:0.07% UP:33.33% SPREAD:0.05104645% BID:0.3918 ASK:0.392 MID:0.3919 P1:0.3919 P2:0.3919 P3:0.392 P4:0.3919 STATE:IDLE
[2026-06-03 01:29:14Z] CHK MOM:-0.07% RANGE:0.07% UP:33.33% SPREAD:0.05104645% BID:0.3918 ASK:0.392 MID:0.3919 P1:0.3919 P2:0.3919 P3:0.392 P4:0.3919 STATE:IDLE
[2026-06-03 01:29:15Z] CHK MOM:-0.07% RANGE:0.07% UP:33.33% SPREAD:0.05104645% BID:0.3918 ASK:0.392 MID:0.3919 P1:0.3919 P2:0.3919 P3:0.392 P4:0.3919 STATE:IDLE
[2026-06-03 01:29:15Z] CHK MOM:-0.07% RANGE:0.07% UP:33.33% SPREAD:0.05104645% BID:0.3918 ASK:0.392 MID:0.3919 P1:0.3919 P2:0.3919 P3:0.392 P4:0.3919 STATE:IDLE
[2026-06-03 01:29:16Z] CHK MOM:-0.1% RANGE:0.1% UP:28.57% SPREAD:0.05105948% BID:0.3917 ASK:0.3919 MID:0.3918 P1:0.3918 P2:0.3919 P3:0.3919 P4:0.392 STATE:IDLE
[2026-06-03 01:29:16Z] CHK MOM:-0.05% RANGE:0.1% UP:37.5% SPREAD:0.05103342% BID:0.3919 ASK:0.3921 MID:0.392 P1:0.392 P2:0.3918 P3:0.3919 P4:0.3919 STATE:IDLE
[2026-06-03 01:29:17Z] CHK MOM:-0.05% RANGE:0.1% UP:37.5% SPREAD:0.05103342% BID:0.3919 ASK:0.3921 MID:0.392 P1:0.392 P2:0.3918 P3:0.3919 P4:0.3919 STATE:IDLE
[2026-06-03 01:29:18Z] CHK MOM:-0.05% RANGE:0.1% UP:37.5% SPREAD:0.05103342% BID:0.3919 ASK:0.3921 MID:0.392 P1:0.392 P2:0.3918 P3:0.3919 P4:0.3919 STATE:IDLE
[2026-06-03 01:29:18Z] CHK MOM:-0.07% RANGE:0.1% UP:33.33% SPREAD:0.05104645% BID:0.3918 ASK:0.392 MID:0.3919 P1:0.3919 P2:0.392 P3:0.3918 P4:0.3919 STATE:IDLE
[2026-06-03 01:29:19Z] CHK MOM:-0.07% RANGE:0.1% UP:33.33% SPREAD:0.05104645% BID:0.3918 ASK:0.392 MID:0.3919 P1:0.3919 P2:0.392 P3:0.3918 P4:0.3919 STATE:IDLE
[2026-06-03 01:29:19Z] CHK MOM:-0.07% RANGE:0.1% UP:33.33% SPREAD:0.05104645% BID:0.3918 ASK:0.392 MID:0.3919 P1:0.3919 P2:0.392 P3:0.3918 P4:0.3919 STATE:IDLE
[2026-06-03 01:29:20Z] CHK MOM:-0.07% RANGE:0.1% UP:33.33% SPREAD:0.05104645% BID:0.3918 ASK:0.392 MID:0.3919 P1:0.3919 P2:0.392 P3:0.3918 P4:0.3919 STATE:IDLE
[2026-06-03 01:29:20Z] CHK MOM:0.03% RANGE:0.08% UP:33.33% SPREAD:0.02550369% BID:0.3921 ASK:0.3922 MID:0.39215 P1:0.39215 P2:0.3919 P3:0.392 P4:0.3918 STATE:IDLE
[2026-06-03 01:29:21Z] CHK MOM:0.03% RANGE:0.08% UP:28.57% SPREAD:0.02550369% BID:0.3921 ASK:0.3922 MID:0.39215 P1:0.39215 P2:0.39215 P3:0.3919 P4:0.392 STATE:IDLE
[2026-06-03 01:29:21Z] CHK MOM:0.02% RANGE:0.08% UP:28.57% SPREAD:0.05103342% BID:0.3919 ASK:0.3921 MID:0.392 P1:0.392 P2:0.39215 P3:0.39215 P4:0.3919 STATE:IDLE
[2026-06-03 01:29:22Z] CHK MOM:0.01% RANGE:0.08% UP:25% SPREAD:0.02551671% BID:0.3919 ASK:0.392 MID:0.39195 P1:0.39195 P2:0.392 P3:0.39215 P4:0.39215 STATE:IDLE
[2026-06-03 01:29:22Z] CHK MOM:0.03% RANGE:0.08% UP:33.33% SPREAD:0.0255102% BID:0.392 ASK:0.3921 MID:0.39205 P1:0.39205 P2:0.39195 P3:0.392 P4:0.39215 STATE:IDLE
[2026-06-03 01:29:23Z] CHK MOM:0.03% RANGE:0.08% UP:33.33% SPREAD:0.0255102% BID:0.392 ASK:0.3921 MID:0.39205 P1:0.39205 P2:0.39195 P3:0.392 P4:0.39215 STATE:IDLE
[2026-06-03 01:29:24Z] CHK MOM:0.06% RANGE:0.08% UP:44.44% SPREAD:0.02550369% BID:0.3921 ASK:0.3922 MID:0.39215 P1:0.39215 P2:0.39205 P3:0.39195 P4:0.392 STATE:IDLE
[2026-06-03 01:29:24Z] CHK MOM:0.06% RANGE:0.08% UP:40% SPREAD:0.02550369% BID:0.3921 ASK:0.3922 MID:0.39215 P1:0.39215 P2:0.39215 P3:0.39205 P4:0.39195 STATE:IDLE
[2026-06-03 01:29:25Z] CHK MOM:0.08% RANGE:0.11% UP:45.45% SPREAD:0.02549719% BID:0.3922 ASK:0.3923 MID:0.39225 P1:0.39225 P2:0.39215 P3:0.39215 P4:0.39205 STATE:IDLE
[2026-06-03 01:29:25Z] CHK MOM:0.14% RANGE:0.14% UP:54.54% SPREAD:0.02549069% BID:0.3923 ASK:0.3924 MID:0.39235 P1:0.39235 P2:0.39225 P3:0.39215 P4:0.39215 STATE:IDLE
[2026-06-03 01:29:26Z] CHK MOM:0.14% RANGE:0.14% UP:54.54% SPREAD:0.02549069% BID:0.3923 ASK:0.3924 MID:0.39235 P1:0.39235 P2:0.39225 P3:0.39215 P4:0.39215 STATE:IDLE
[2026-06-03 01:29:26Z] CHK MOM:0.14% RANGE:0.14% UP:54.54% SPREAD:0.02549069% BID:0.3923 ASK:0.3924 MID:0.39235 P1:0.39235 P2:0.39225 P3:0.39215 P4:0.39215 STATE:IDLE
[2026-06-03 01:29:27Z] CHK MOM:0.16% RANGE:0.16% UP:58.33% SPREAD:0.02548419% BID:0.3924 ASK:0.3925 MID:0.39245 P1:0.39245 P2:0.39235 P3:0.39225 P4:0.39215 STATE:IDLE
[2026-06-03 01:29:27Z] CHK MOM:0.15% RANGE:0.16% UP:53.84% SPREAD:0.05098139% BID:0.3923 ASK:0.3925 MID:0.39239999 P1:0.39239999 P2:0.39245 P3:0.39235 P4:0.39225 STATE:IDLE
[2026-06-03 01:29:28Z] CHK MOM:0.12% RANGE:0.15% UP:53.84% SPREAD:0.05096839% BID:0.3924 ASK:0.3926 MID:0.3925 P1:0.3925 P2:0.39239999 P3:0.39245 P4:0.39235 STATE:IDLE
[2026-06-03 01:29:29Z] CHK MOM:0.12% RANGE:0.15% UP:50% SPREAD:0.05096839% BID:0.3924 ASK:0.3926 MID:0.3925 P1:0.3925 P2:0.3925 P3:0.39239999 P4:0.39245 STATE:IDLE
[2026-06-03 01:29:29Z] CHK MOM:0.12% RANGE:0.15% UP:50% SPREAD:0.05096839% BID:0.3924 ASK:0.3926 MID:0.3925 P1:0.3925 P2:0.3925 P3:0.39239999 P4:0.39245 STATE:IDLE
[2026-06-03 01:29:30Z] CHK MOM:0.12% RANGE:0.15% UP:50% SPREAD:0.05096839% BID:0.3924 ASK:0.3926 MID:0.3925 P1:0.3925 P2:0.3925 P3:0.39239999 P4:0.39245 STATE:IDLE
[2026-06-03 01:29:30Z] CHK MOM:0.12% RANGE:0.15% UP:50% SPREAD:0.05096839% BID:0.3924 ASK:0.3926 MID:0.3925 P1:0.3925 P2:0.3925 P3:0.39239999 P4:0.39245 STATE:IDLE
[2026-06-03 01:29:31Z] CHK MOM:0.06% RANGE:0.14% UP:46.15% SPREAD:0.05098139% BID:0.3923 ASK:0.3925 MID:0.39239999 P1:0.39239999 P2:0.3925 P3:0.3925 P4:0.39239999 STATE:IDLE
[2026-06-03 01:29:31Z] CHK MOM:0.06% RANGE:0.14% UP:42.85% SPREAD:0.05098139% BID:0.3923 ASK:0.3925 MID:0.39239999 P1:0.39239999 P2:0.39239999 P3:0.3925 P4:0.3925 STATE:IDLE
[2026-06-03 01:29:32Z] CHK MOM:0.03% RANGE:0.14% UP:40% SPREAD:0.05099439% BID:0.3922 ASK:0.3924 MID:0.3923 P1:0.3923 P2:0.39239999 P3:0.39239999 P4:0.3925 STATE:IDLE
[2026-06-03 01:29:32Z] CHK MOM:0.03% RANGE:0.14% UP:40% SPREAD:0.05099439% BID:0.3922 ASK:0.3924 MID:0.3923 P1:0.3923 P2:0.39239999 P3:0.39239999 P4:0.3925 STATE:IDLE
[2026-06-03 01:29:33Z] CHK MOM:0.07% RANGE:0.14% UP:42.85% SPREAD:0.05099439% BID:0.3922 ASK:0.3924 MID:0.3923 P1:0.3923 P2:0.3923 P3:0.39239999 P4:0.39239999 STATE:IDLE
[2026-06-03 01:29:33Z] CHK MOM:0.07% RANGE:0.14% UP:42.85% SPREAD:0.05099439% BID:0.3922 ASK:0.3924 MID:0.3923 P1:0.3923 P2:0.3923 P3:0.39239999 P4:0.39239999 STATE:IDLE
[2026-06-03 01:29:34Z] CHK MOM:0.07% RANGE:0.14% UP:42.85% SPREAD:0.05099439% BID:0.3922 ASK:0.3924 MID:0.3923 P1:0.3923 P2:0.3923 P3:0.39239999 P4:0.39239999 STATE:IDLE
[2026-06-03 01:29:35Z] CHK MOM:0.07% RANGE:0.08% UP:41.66% SPREAD:0.02548419% BID:0.3924 ASK:0.3925 MID:0.39245 P1:0.39245 P2:0.3923 P3:0.3923 P4:0.39239999 STATE:IDLE
[2026-06-03 01:29:35Z] CHK MOM:0.06% RANGE:0.08% UP:41.66% SPREAD:0.05098139% BID:0.3923 ASK:0.3925 MID:0.39239999 P1:0.39239999 P2:0.39245 P3:0.3923 P4:0.3923 STATE:IDLE
[2026-06-03 01:29:36Z] CHK MOM:0.06% RANGE:0.08% UP:38.46% SPREAD:0.05098139% BID:0.3923 ASK:0.3925 MID:0.39239999 P1:0.39239999 P2:0.39239999 P3:0.39245 P4:0.3923 STATE:IDLE
[2026-06-03 01:29:36Z] CHK MOM:0.06% RANGE:0.08% UP:38.46% SPREAD:0.05098139% BID:0.3923 ASK:0.3925 MID:0.39239999 P1:0.39239999 P2:0.39239999 P3:0.39245 P4:0.3923 STATE:IDLE
[2026-06-03 01:29:37Z] CHK MOM:0.05% RANGE:0.06% UP:38.46% SPREAD:0.02548419% BID:0.3924 ASK:0.3925 MID:0.39245 P1:0.39245 P2:0.39239999 P3:0.39239999 P4:0.39245 STATE:IDLE
[2026-06-03 01:29:37Z] CHK MOM:0.05% RANGE:0.06% UP:38.46% SPREAD:0.02548419% BID:0.3924 ASK:0.3925 MID:0.39245 P1:0.39245 P2:0.39239999 P3:0.39239999 P4:0.39245 STATE:IDLE
[2026-06-03 01:29:38Z] CHK MOM:0.05% RANGE:0.06% UP:38.46% SPREAD:0.02548419% BID:0.3924 ASK:0.3925 MID:0.39245 P1:0.39245 P2:0.39239999 P3:0.39239999 P4:0.39245 STATE:IDLE
[2026-06-03 01:29:38Z] CHK MOM:0.05% RANGE:0.06% UP:38.46% SPREAD:0.02548419% BID:0.3924 ASK:0.3925 MID:0.39245 P1:0.39245 P2:0.39239999 P3:0.39239999 P4:0.39245 STATE:IDLE
[2026-06-03 01:29:39Z] CHK MOM:0.05% RANGE:0.06% UP:38.46% SPREAD:0.02548419% BID:0.3924 ASK:0.3925 MID:0.39245 P1:0.39245 P2:0.39239999 P3:0.39239999 P4:0.39245 STATE:IDLE
[2026-06-03 01:29:40Z] CHK MOM:0.05% RANGE:0.06% UP:38.46% SPREAD:0.02548419% BID:0.3924 ASK:0.3925 MID:0.39245 P1:0.39245 P2:0.39239999 P3:0.39239999 P4:0.39245 STATE:IDLE
[2026-06-03 01:29:40Z] CHK MOM:-0.02% RANGE:0.05% UP:20% SPREAD:0.05098139% BID:0.3923 ASK:0.3925 MID:0.39239999 P1:0.39239999 P2:0.39245 P3:0.39239999 P4:0.39239999 STATE:IDLE
[2026-06-03 01:29:41Z] CHK MOM:-0.02% RANGE:0.05% UP:20% SPREAD:0.05098139% BID:0.3923 ASK:0.3925 MID:0.39239999 P1:0.39239999 P2:0.39245 P3:0.39239999 P4:0.39239999 STATE:IDLE
[2026-06-03 01:29:41Z] CHK MOM:-0.02% RANGE:0.05% UP:20% SPREAD:0.05098139% BID:0.3923 ASK:0.3925 MID:0.39239999 P1:0.39239999 P2:0.39245 P3:0.39239999 P4:0.39239999 STATE:IDLE
[2026-06-03 01:29:42Z] CHK MOM:0% RANGE:0.03% UP:22.22% SPREAD:0.05098139% BID:0.3923 ASK:0.3925 MID:0.39239999 P1:0.39239999 P2:0.39239999 P3:0.39245 P4:0.39239999 STATE:IDLE
[2026-06-03 01:29:42Z] CHK MOM:0% RANGE:0.03% UP:22.22% SPREAD:0.05098139% BID:0.3923 ASK:0.3925 MID:0.39239999 P1:0.39239999 P2:0.39239999 P3:0.39245 P4:0.39239999 STATE:IDLE
[2026-06-03 01:29:43Z] CHK MOM:0% RANGE:0.03% UP:22.22% SPREAD:0.05098139% BID:0.3923 ASK:0.3925 MID:0.39239999 P1:0.39239999 P2:0.39239999 P3:0.39245 P4:0.39239999 STATE:IDLE
[2026-06-03 01:29:43Z] CHK MOM:0% RANGE:0.03% UP:22.22% SPREAD:0.05098139% BID:0.3923 ASK:0.3925 MID:0.39239999 P1:0.39239999 P2:0.39239999 P3:0.39245 P4:0.39239999 STATE:IDLE
[2026-06-03 01:29:44Z] CHK MOM:0% RANGE:0.03% UP:22.22% SPREAD:0.05098139% BID:0.3923 ASK:0.3925 MID:0.39239999 P1:0.39239999 P2:0.39239999 P3:0.39245 P4:0.39239999 STATE:IDLE
[2026-06-03 01:29:44Z] CHK MOM:0% RANGE:0.03% UP:22.22% SPREAD:0.05098139% BID:0.3923 ASK:0.3925 MID:0.39239999 P1:0.39239999 P2:0.39239999 P3:0.39245 P4:0.39239999 STATE:IDLE
[2026-06-03 01:29:46Z] CHK MOM:0.02% RANGE:0.03% UP:33.33% SPREAD:0.0254777% BID:0.3925 ASK:0.3926 MID:0.39255 P1:0.39255 P2:0.39239999 P3:0.39239999 P4:0.39245 STATE:IDLE
[2026-06-03 01:29:47Z] CHK MOM:0.01% RANGE:0.03% UP:28.57% SPREAD:0.05096839% BID:0.3924 ASK:0.3926 MID:0.3925 P1:0.3925 P2:0.39255 P3:0.39239999 P4:0.39239999 STATE:IDLE
[2026-06-03 01:29:47Z] CHK MOM:0% RANGE:0.03% UP:28.57% SPREAD:0.05098139% BID:0.3923 ASK:0.3925 MID:0.39239999 P1:0.39239999 P2:0.3925 P3:0.39255 P4:0.39239999 STATE:IDLE
[2026-06-03 01:29:48Z] CHK MOM:-0.01% RANGE:0.05% UP:28.57% SPREAD:0.02549069% BID:0.3923 ASK:0.3924 MID:0.39235 P1:0.39235 P2:0.39239999 P3:0.3925 P4:0.39255 STATE:IDLE
[2026-06-03 01:29:48Z] CHK MOM:0% RANGE:0.05% UP:28.57% SPREAD:0.02548419% BID:0.3924 ASK:0.3925 MID:0.39245 P1:0.39245 P2:0.39235 P3:0.39239999 P4:0.3925 STATE:IDLE
[2026-06-03 01:29:49Z] CHK MOM:0.01% RANGE:0.05% UP:28.57% SPREAD:0.02548419% BID:0.3924 ASK:0.3925 MID:0.39245 P1:0.39245 P2:0.39245 P3:0.39235 P4:0.39239999 STATE:IDLE
[2026-06-03 01:29:49Z] CHK MOM:0.01% RANGE:0.05% UP:28.57% SPREAD:0.02548419% BID:0.3924 ASK:0.3925 MID:0.39245 P1:0.39245 P2:0.39245 P3:0.39235 P4:0.39239999 STATE:IDLE
[2026-06-03 01:29:50Z] CHK MOM:0.01% RANGE:0.05% UP:28.57% SPREAD:0.02548419% BID:0.3924 ASK:0.3925 MID:0.39245 P1:0.39245 P2:0.39245 P3:0.39235 P4:0.39239999 STATE:IDLE
[2026-06-03 01:29:50Z] CHK MOM:0.01% RANGE:0.05% UP:25% SPREAD:0.02548419% BID:0.3924 ASK:0.3925 MID:0.39245 P1:0.39245 P2:0.39245 P3:0.39245 P4:0.39235 STATE:IDLE
[2026-06-03 01:29:51Z] CHK MOM:0.01% RANGE:0.05% UP:25% SPREAD:0.02548419% BID:0.3924 ASK:0.3925 MID:0.39245 P1:0.39245 P2:0.39245 P3:0.39245 P4:0.39235 STATE:IDLE
[2026-06-03 01:29:52Z] CHK MOM:0.01% RANGE:0.05% UP:25% SPREAD:0.02548419% BID:0.3924 ASK:0.3925 MID:0.39245 P1:0.39245 P2:0.39245 P3:0.39245 P4:0.39235 STATE:IDLE
[2026-06-03 01:29:53Z] CHK MOM:0.01% RANGE:0.05% UP:25% SPREAD:0.02548419% BID:0.3924 ASK:0.3925 MID:0.39245 P1:0.39245 P2:0.39245 P3:0.39245 P4:0.39245 STATE:IDLE
[2026-06-03 01:29:53Z] CHK MOM:-0.01% RANGE:0.05% UP:22.22% SPREAD:0.02549069% BID:0.3923 ASK:0.3924 MID:0.39235 P1:0.39235 P2:0.39245 P3:0.39245 P4:0.39245 STATE:IDLE
[2026-06-03 01:29:54Z] CHK MOM:-0.01% RANGE:0.05% UP:20% SPREAD:0.02549069% BID:0.3923 ASK:0.3924 MID:0.39235 P1:0.39235 P2:0.39235 P3:0.39245 P4:0.39245 STATE:IDLE
[2026-06-03 01:29:54Z] CHK MOM:-0.01% RANGE:0.05% UP:20% SPREAD:0.02549069% BID:0.3923 ASK:0.3924 MID:0.39235 P1:0.39235 P2:0.39235 P3:0.39245 P4:0.39245 STATE:IDLE
[2026-06-03 01:29:55Z] CHK MOM:-0.01% RANGE:0.05% UP:20% SPREAD:0.02549069% BID:0.3923 ASK:0.3924 MID:0.39235 P1:0.39235 P2:0.39235 P3:0.39245 P4:0.39245 STATE:IDLE
[2026-06-03 01:29:55Z] CHK MOM:-0.01% RANGE:0.05% UP:20% SPREAD:0.02549069% BID:0.3923 ASK:0.3924 MID:0.39235 P1:0.39235 P2:0.39235 P3:0.39245 P4:0.39245 STATE:IDLE
[2026-06-03 01:29:56Z] CHK MOM:-0.01% RANGE:0.05% UP:20% SPREAD:0.02549069% BID:0.3923 ASK:0.3924 MID:0.39235 P1:0.39235 P2:0.39235 P3:0.39245 P4:0.39245 STATE:IDLE
[2026-06-03 01:29:56Z] CHK MOM:-0.07% RANGE:0.07% UP:10% SPREAD:0.02549719% BID:0.3922 ASK:0.3923 MID:0.39225 P1:0.39225 P2:0.39235 P3:0.39235 P4:0.39245 STATE:IDLE
[2026-06-03 01:29:57Z] CHK MOM:-0.07% RANGE:0.07% UP:10% SPREAD:0.02549719% BID:0.3922 ASK:0.3923 MID:0.39225 P1:0.39225 P2:0.39235 P3:0.39235 P4:0.39245 STATE:IDLE
[2026-06-03 01:29:58Z] CHK MOM:-0.03% RANGE:0.07% UP:18.18% SPREAD:0.05098139% BID:0.3923 ASK:0.3925 MID:0.39239999 P1:0.39239999 P2:0.39225 P3:0.39235 P4:0.39235 STATE:IDLE
[2026-06-03 01:29:58Z] CHK MOM:-0.03% RANGE:0.06% UP:18.18% SPREAD:0.02549069% BID:0.3923 ASK:0.3924 MID:0.39235 P1:0.39235 P2:0.39239999 P3:0.39225 P4:0.39235 STATE:IDLE
[2026-06-03 01:29:59Z] CHK MOM:-0.01% RANGE:0.05% UP:18.18% SPREAD:0.02549069% BID:0.3923 ASK:0.3924 MID:0.39235 P1:0.39235 P2:0.39235 P3:0.39239999 P4:0.39225 STATE:IDLE
[2026-06-03 01:29:59Z] CHK MOM:-0.01% RANGE:0.05% UP:18.18% SPREAD:0.02549069% BID:0.3923 ASK:0.3924 MID:0.39235 P1:0.39235 P2:0.39235 P3:0.39239999 P4:0.39225 STATE:IDLE
[2026-06-03 01:30:00Z] CHK MOM:-0.01% RANGE:0.05% UP:18.18% SPREAD:0.02549069% BID:0.3923 ASK:0.3924 MID:0.39235 P1:0.39235 P2:0.39235 P3:0.39239999 P4:0.39225 STATE:IDLE
[2026-06-03 01:30:00Z] CHK MOM:-0.02% RANGE:0.05% UP:10% SPREAD:0.02549069% BID:0.3923 ASK:0.3924 MID:0.39235 P1:0.39235 P2:0.39235 P3:0.39235 P4:0.39239999 STATE:IDLE
[2026-06-03 01:30:01Z] CHK MOM:-0.02% RANGE:0.05% UP:10% SPREAD:0.02549069% BID:0.3923 ASK:0.3924 MID:0.39235 P1:0.39235 P2:0.39235 P3:0.39235 P4:0.39239999 STATE:IDLE
[2026-06-03 01:30:01Z] CHK MOM:0% RANGE:0.05% UP:22.22% SPREAD:0.02548419% BID:0.3924 ASK:0.3925 MID:0.39245 P1:0.39245 P2:0.39235 P3:0.39235 P4:0.39235 STATE:IDLE
[2026-06-03 01:30:02Z] CHK MOM:0% RANGE:0.05% UP:22.22% SPREAD:0.02548419% BID:0.3924 ASK:0.3925 MID:0.39245 P1:0.39245 P2:0.39235 P3:0.39235 P4:0.39235 STATE:IDLE
[2026-06-03 01:30:03Z] CHK MOM:-0.07% RANGE:0.07% UP:20% SPREAD:0.02550369% BID:0.3921 ASK:0.3922 MID:0.39215 P1:0.39215 P2:0.39245 P3:0.39235 P4:0.39235 STATE:IDLE
[2026-06-03 01:30:03Z] CHK MOM:-0.07% RANGE:0.07% UP:20% SPREAD:0.02550369% BID:0.3921 ASK:0.3922 MID:0.39215 P1:0.39215 P2:0.39215 P3:0.39245 P4:0.39235 STATE:IDLE
[2026-06-03 01:30:04Z] CHK MOM:-0.07% RANGE:0.07% UP:20% SPREAD:0.02550369% BID:0.3921 ASK:0.3922 MID:0.39215 P1:0.39215 P2:0.39215 P3:0.39245 P4:0.39235 STATE:IDLE
[2026-06-03 01:30:04Z] CHK MOM:-0.07% RANGE:0.1% UP:20% SPREAD:0.0255102% BID:0.392 ASK:0.3921 MID:0.39205 P1:0.39205 P2:0.39215 P3:0.39215 P4:0.39245 STATE:IDLE
[2026-06-03 01:30:05Z] CHK MOM:-0.07% RANGE:0.1% UP:18.18% SPREAD:0.0255102% BID:0.392 ASK:0.3921 MID:0.39205 P1:0.39205 P2:0.39205 P3:0.39215 P4:0.39215 STATE:IDLE
[2026-06-03 01:30:05Z] CHK MOM:-0.07% RANGE:0.1% UP:16.66% SPREAD:0.0255102% BID:0.392 ASK:0.3921 MID:0.39205 P1:0.39205 P2:0.39205 P3:0.39205 P4:0.39215 STATE:IDLE
[2026-06-03 01:30:06Z] CHK MOM:-0.07% RANGE:0.12% UP:18.18% SPREAD:0.02551671% BID:0.3919 ASK:0.392 MID:0.39195 P1:0.39195 P2:0.39205 P3:0.39205 P4:0.39205 STATE:IDLE
[2026-06-03 01:30:06Z] CHK MOM:-0.07% RANGE:0.12% UP:18.18% SPREAD:0.02551671% BID:0.3919 ASK:0.392 MID:0.39195 P1:0.39195 P2:0.39205 P3:0.39205 P4:0.39205 STATE:IDLE
[2026-06-03 01:30:07Z] CHK MOM:-0.07% RANGE:0.12% UP:16.66% SPREAD:0.02551671% BID:0.3919 ASK:0.392 MID:0.39195 P1:0.39195 P2:0.39195 P3:0.39205 P4:0.39205 STATE:IDLE
[2026-06-03 01:30:07Z] CHK MOM:-0.08% RANGE:0.14% UP:15.38% SPREAD:0.05104645% BID:0.3918 ASK:0.392 MID:0.3919 P1:0.3919 P2:0.39195 P3:0.39195 P4:0.39205 STATE:IDLE
[2026-06-03 01:30:08Z] CHK MOM:-0.1% RANGE:0.15% UP:14.28% SPREAD:0.02552322% BID:0.3918 ASK:0.3919 MID:0.39185 P1:0.39185 P2:0.3919 P3:0.39195 P4:0.39195 STATE:IDLE
[2026-06-03 01:30:09Z] CHK MOM:-0.05% RANGE:0.15% UP:20% SPREAD:0.0255102% BID:0.392 ASK:0.3921 MID:0.39205 P1:0.39205 P2:0.39185 P3:0.3919 P4:0.39195 STATE:IDLE
[2026-06-03 01:30:09Z] CHK MOM:-0.05% RANGE:0.15% UP:20% SPREAD:0.0255102% BID:0.392 ASK:0.3921 MID:0.39205 P1:0.39205 P2:0.39185 P3:0.3919 P4:0.39195 STATE:IDLE
[2026-06-03 01:30:10Z] CHK MOM:-0.05% RANGE:0.15% UP:20% SPREAD:0.0255102% BID:0.392 ASK:0.3921 MID:0.39205 P1:0.39205 P2:0.39185 P3:0.3919 P4:0.39195 STATE:IDLE
[2026-06-03 01:30:10Z] CHK MOM:-0.1% RANGE:0.15% UP:14.28% SPREAD:0.02551671% BID:0.3919 ASK:0.392 MID:0.39195 P1:0.39195 P2:0.39205 P3:0.39185 P4:0.3919 STATE:IDLE
[2026-06-03 01:30:11Z] CHK MOM:-0.05% RANGE:0.15% UP:21.42% SPREAD:0.02550369% BID:0.3921 ASK:0.3922 MID:0.39215 P1:0.39215 P2:0.39195 P3:0.39205 P4:0.39185 STATE:IDLE
[2026-06-03 01:30:11Z] CHK MOM:-0.05% RANGE:0.15% UP:21.42% SPREAD:0.02550369% BID:0.3921 ASK:0.3922 MID:0.39215 P1:0.39215 P2:0.39195 P3:0.39205 P4:0.39185 STATE:IDLE
[2026-06-03 01:30:12Z] CHK MOM:-0.05% RANGE:0.15% UP:21.42% SPREAD:0.02550369% BID:0.3921 ASK:0.3922 MID:0.39215 P1:0.39215 P2:0.39195 P3:0.39205 P4:0.39185 STATE:IDLE
[2026-06-03 01:30:12Z] CHK MOM:-0.05% RANGE:0.15% UP:21.42% SPREAD:0.02550369% BID:0.3921 ASK:0.3922 MID:0.39215 P1:0.39215 P2:0.39195 P3:0.39205 P4:0.39185 STATE:IDLE
[2026-06-03 01:30:13Z] CHK MOM:-0.05% RANGE:0.15% UP:23.07% SPREAD:0.02549719% BID:0.3922 ASK:0.3923 MID:0.39225 P1:0.39225 P2:0.39215 P3:0.39195 P4:0.39205 STATE:IDLE
[2026-06-03 01:30:14Z] CHK MOM:-0.11% RANGE:0.15% UP:21.42% SPREAD:0.05103342% BID:0.3919 ASK:0.3921 MID:0.392 P1:0.392 P2:0.39225 P3:0.39215 P4:0.39195 STATE:IDLE
[2026-06-03 01:30:14Z] CHK MOM:-0.02% RANGE:0.1% UP:28.57% SPREAD:0.0255102% BID:0.392 ASK:0.3921 MID:0.39205 P1:0.39205 P2:0.392 P3:0.39225 P4:0.39215 STATE:IDLE
[2026-06-03 01:30:15Z] CHK MOM:0.05% RANGE:0.12% UP:35.71% SPREAD:0.02549069% BID:0.3923 ASK:0.3924 MID:0.39235 P1:0.39235 P2:0.39205 P3:0.392 P4:0.39225 STATE:IDLE
[2026-06-03 01:30:15Z] CHK MOM:0.06% RANGE:0.14% UP:40% SPREAD:0.05098139% BID:0.3923 ASK:0.3925 MID:0.39239999 P1:0.39239999 P2:0.39235 P3:0.39205 P4:0.392 STATE:IDLE
[2026-06-03 01:30:16Z] CHK MOM:0.07% RANGE:0.14% UP:40% SPREAD:0.02549069% BID:0.3923 ASK:0.3924 MID:0.39235 P1:0.39235 P2:0.39239999 P3:0.39235 P4:0.39205 STATE:IDLE
[2026-06-03 01:30:16Z] CHK MOM:0.07% RANGE:0.14% UP:37.5% SPREAD:0.02549069% BID:0.3923 ASK:0.3924 MID:0.39235 P1:0.39235 P2:0.39235 P3:0.39239999 P4:0.39235 STATE:IDLE
[2026-06-03 01:30:17Z] CHK MOM:0.1% RANGE:0.15% UP:43.75% SPREAD:0.02548419% BID:0.3924 ASK:0.3925 MID:0.39245 P1:0.39245 P2:0.39235 P3:0.39235 P4:0.39239999 STATE:IDLE
[2026-06-03 01:30:17Z] CHK MOM:0.1% RANGE:0.15% UP:43.75% SPREAD:0.02548419% BID:0.3924 ASK:0.3925 MID:0.39245 P1:0.39245 P2:0.39235 P3:0.39235 P4:0.39239999 STATE:IDLE
[2026-06-03 01:30:18Z] CHK MOM:0.17% RANGE:0.2% UP:53.33% SPREAD:0.02547121% BID:0.3926 ASK:0.3927 MID:0.39265 P1:0.39265 P2:0.39245 P3:0.39235 P4:0.39235 STATE:IDLE
[2026-06-03 01:30:18Z] CHK MOM:0.2% RANGE:0.22% UP:60% SPREAD:0.02546473% BID:0.3927 ASK:0.3928 MID:0.39275 P1:0.39275 P2:0.39265 P3:0.39245 P4:0.39235 STATE:IDLE
[2026-06-03 01:30:19Z] CHK MOM:0.2% RANGE:0.22% UP:56.25% SPREAD:0.02546473% BID:0.3927 ASK:0.3928 MID:0.39275 P1:0.39275 P2:0.39275 P3:0.39265 P4:0.39245 STATE:IDLE
[2026-06-03 01:30:20Z] CHK MOM:0.2% RANGE:0.22% UP:56.25% SPREAD:0.05094243% BID:0.3926 ASK:0.3928 MID:0.3927 P1:0.3927 P2:0.39275 P3:0.39275 P4:0.39265 STATE:IDLE
[2026-06-03 01:30:20Z] CHK MOM:0.2% RANGE:0.22% UP:56.25% SPREAD:0.05094243% BID:0.3926 ASK:0.3928 MID:0.3927 P1:0.3927 P2:0.39275 P3:0.39275 P4:0.39265 STATE:IDLE
[2026-06-03 01:30:21Z] CHK MOM:0.2% RANGE:0.2% UP:64.28% SPREAD:0.02546473% BID:0.3927 ASK:0.3928 MID:0.39275 P1:0.39275 P2:0.3927 P3:0.39275 P4:0.39275 STATE:IDLE
[2026-06-03 01:30:21Z] CHK MOM:0.19% RANGE:0.2% UP:60% SPREAD:0.05094243% BID:0.3926 ASK:0.3928 MID:0.3927 P1:0.3927 P2:0.39275 P3:0.3927 P4:0.39275 STATE:IDLE
[2026-06-03 01:30:22Z] CHK MOM:0.19% RANGE:0.2% UP:60% SPREAD:0.05094243% BID:0.3926 ASK:0.3928 MID:0.3927 P1:0.3927 P2:0.39275 P3:0.3927 P4:0.39275 STATE:IDLE
[2026-06-03 01:30:22Z] CHK MOM:0.2% RANGE:0.2% UP:62.5% SPREAD:0.02546473% BID:0.3927 ASK:0.3928 MID:0.39275 P1:0.39275 P2:0.3927 P3:0.39275 P4:0.3927 STATE:IDLE
[2026-06-03 01:30:23Z] CHK MOM:0.2% RANGE:0.2% UP:62.5% SPREAD:0.02546473% BID:0.3927 ASK:0.3928 MID:0.39275 P1:0.39275 P2:0.3927 P3:0.39275 P4:0.3927 STATE:IDLE
[2026-06-03 01:30:23Z] CHK MOM:0.2% RANGE:0.2% UP:62.5% SPREAD:0.02546473% BID:0.3927 ASK:0.3928 MID:0.39275 P1:0.39275 P2:0.3927 P3:0.39275 P4:0.3927 STATE:IDLE
[2026-06-03 01:30:24Z] CHK MOM:0.14% RANGE:0.2% UP:60% SPREAD:0.05092946% BID:0.3927 ASK:0.3929 MID:0.3928 P1:0.3928 P2:0.39275 P3:0.3927 P4:0.39275 STATE:IDLE
[2026-06-03 01:30:25Z] CHK MOM:0.14% RANGE:0.2% UP:60% SPREAD:0.05092946% BID:0.3927 ASK:0.3929 MID:0.3928 P1:0.3928 P2:0.39275 P3:0.3927 P4:0.39275 STATE:IDLE
[2026-06-03 01:30:25Z] CHK MOM:0.14% RANGE:0.2% UP:60% SPREAD:0.05092946% BID:0.3927 ASK:0.3929 MID:0.3928 P1:0.3928 P2:0.39275 P3:0.3927 P4:0.39275 STATE:IDLE
[2026-06-03 01:30:26Z] CHK MOM:0.14% RANGE:0.2% UP:60% SPREAD:0.05092946% BID:0.3927 ASK:0.3929 MID:0.3928 P1:0.3928 P2:0.39275 P3:0.3927 P4:0.39275 STATE:IDLE
[2026-06-03 01:30:26Z] CHK MOM:0.14% RANGE:0.2% UP:60% SPREAD:0.05092946% BID:0.3927 ASK:0.3929 MID:0.3928 P1:0.3928 P2:0.39275 P3:0.3927 P4:0.39275 STATE:IDLE
[2026-06-03 01:30:31Z] CHK MOM:0.01% RANGE:0.02% UP:50% SPREAD:0.05092946% BID:0.3927 ASK:0.3929 MID:0.3928 P1:0.3928 P2:0.3928 P3:0.39275 P4:0.3927 STATE:IDLE
[2026-06-03 01:30:32Z] CHK MOM:0.01% RANGE:0.02% UP:40% SPREAD:0.05092946% BID:0.3927 ASK:0.3929 MID:0.3928 P1:0.3928 P2:0.3928 P3:0.3928 P4:0.39275 STATE:IDLE
[2026-06-03 01:30:32Z] CHK MOM:0.01% RANGE:0.02% UP:33.33% SPREAD:0.05092946% BID:0.3927 ASK:0.3929 MID:0.3928 P1:0.3928 P2:0.3928 P3:0.3928 P4:0.3928 STATE:IDLE
[2026-06-03 01:30:33Z] CHK MOM:0.03% RANGE:0.03% UP:50% SPREAD:0.02545824% BID:0.3928 ASK:0.3929 MID:0.39285 P1:0.39285 P2:0.3928 P3:0.3928 P4:0.3928 STATE:IDLE
[2026-06-03 01:30:33Z] CHK MOM:0.06% RANGE:0.06% UP:50% SPREAD:0.05090353% BID:0.3929 ASK:0.3931 MID:0.393 P1:0.393 P2:0.39285 P3:0.3928 P4:0.3928 STATE:IDLE
[2026-06-03 01:30:34Z] CHK MOM:0.07% RANGE:0.07% UP:57.14% SPREAD:0.02544529% BID:0.393 ASK:0.3931 MID:0.39305 P1:0.39305 P2:0.393 P3:0.39285 P4:0.3928 STATE:IDLE
[2026-06-03 01:30:34Z] CHK MOM:0.07% RANGE:0.07% UP:50% SPREAD:0.02544529% BID:0.393 ASK:0.3931 MID:0.39305 P1:0.39305 P2:0.39305 P3:0.393 P4:0.39285 STATE:IDLE
[2026-06-03 01:30:35Z] CHK MOM:0.07% RANGE:0.07% UP:50% SPREAD:0.02544529% BID:0.393 ASK:0.3931 MID:0.39305 P1:0.39305 P2:0.39305 P3:0.393 P4:0.39285 STATE:IDLE
[2026-06-03 01:30:35Z] CHK MOM:0.06% RANGE:0.06% UP:37.5% SPREAD:0.02544529% BID:0.393 ASK:0.3931 MID:0.39305 P1:0.39305 P2:0.39305 P3:0.39305 P4:0.393 STATE:IDLE
[2026-06-03 01:30:36Z] CHK MOM:0.06% RANGE:0.06% UP:33.33% SPREAD:0.02544529% BID:0.393 ASK:0.3931 MID:0.39305 P1:0.39305 P2:0.39305 P3:0.39305 P4:0.39305 STATE:IDLE
[2026-06-03 01:30:37Z] CHK MOM:0.06% RANGE:0.06% UP:33.33% SPREAD:0.02544529% BID:0.393 ASK:0.3931 MID:0.39305 P1:0.39305 P2:0.39305 P3:0.39305 P4:0.39305 STATE:IDLE
[2026-06-03 01:30:37Z] CHK MOM:0.1% RANGE:0.1% UP:40% SPREAD:0.05087763% BID:0.3931 ASK:0.3933 MID:0.3932 P1:0.3932 P2:0.39305 P3:0.39305 P4:0.39305 STATE:IDLE
[2026-06-03 01:30:38Z] CHK MOM:0.1% RANGE:0.1% UP:40% SPREAD:0.05087763% BID:0.3931 ASK:0.3933 MID:0.3932 P1:0.3932 P2:0.39305 P3:0.39305 P4:0.39305 STATE:IDLE
[2026-06-03 01:30:38Z] CHK MOM:0.1% RANGE:0.1% UP:40% SPREAD:0.05087763% BID:0.3931 ASK:0.3933 MID:0.3932 P1:0.3932 P2:0.39305 P3:0.39305 P4:0.39305 STATE:IDLE
[2026-06-03 01:30:39Z] CHK MOM:0.07% RANGE:0.1% UP:36.36% SPREAD:0.05089058% BID:0.393 ASK:0.3932 MID:0.3931 P1:0.3931 P2:0.3932 P3:0.39305 P4:0.39305 STATE:IDLE
[2026-06-03 01:30:39Z] CHK MOM:0.1% RANGE:0.1% UP:41.66% SPREAD:0.05087763% BID:0.3931 ASK:0.3933 MID:0.3932 P1:0.3932 P2:0.3931 P3:0.3932 P4:0.39305 STATE:IDLE
[2026-06-03 01:30:40Z] CHK MOM:0.1% RANGE:0.1% UP:38.46% SPREAD:0.05087763% BID:0.3931 ASK:0.3933 MID:0.3932 P1:0.3932 P2:0.3932 P3:0.3931 P4:0.3932 STATE:IDLE
[2026-06-03 01:30:40Z] CHK MOM:0.1% RANGE:0.1% UP:38.46% SPREAD:0.05087763% BID:0.3931 ASK:0.3933 MID:0.3932 P1:0.3932 P2:0.3932 P3:0.3931 P4:0.3932 STATE:IDLE
[2026-06-03 01:30:41Z] CHK MOM:0.1% RANGE:0.1% UP:38.46% SPREAD:0.05087763% BID:0.3931 ASK:0.3933 MID:0.3932 P1:0.3932 P2:0.3932 P3:0.3931 P4:0.3932 STATE:IDLE
[2026-06-03 01:30:41Z] CHK MOM:0.11% RANGE:0.11% UP:42.85% SPREAD:0.02543234% BID:0.3932 ASK:0.3933 MID:0.39325 P1:0.39325 P2:0.3932 P3:0.3932 P4:0.3931 STATE:IDLE
[2026-06-03 01:30:42Z] CHK MOM:0.11% RANGE:0.11% UP:42.85% SPREAD:0.02543234% BID:0.3932 ASK:0.3933 MID:0.39325 P1:0.39325 P2:0.3932 P3:0.3932 P4:0.3931 STATE:IDLE
[2026-06-03 01:30:43Z] CHK MOM:0.11% RANGE:0.11% UP:40% SPREAD:0.02543234% BID:0.3932 ASK:0.3933 MID:0.39325 P1:0.39325 P2:0.39325 P3:0.3932 P4:0.3932 STATE:IDLE
[2026-06-03 01:30:43Z] CHK MOM:0.11% RANGE:0.11% UP:40% SPREAD:0.02543234% BID:0.3932 ASK:0.3933 MID:0.39325 P1:0.39325 P2:0.39325 P3:0.39325 P4:0.3932 STATE:IDLE
[2026-06-03 01:30:44Z] CHK MOM:0.1% RANGE:0.11% UP:40% SPREAD:0.05087763% BID:0.3931 ASK:0.3933 MID:0.3932 P1:0.3932 P2:0.39325 P3:0.39325 P4:0.39325 STATE:IDLE
[2026-06-03 01:30:44Z] CHK MOM:0.01% RANGE:0.1% UP:33.33% SPREAD:0.05091649% BID:0.3928 ASK:0.393 MID:0.3929 P1:0.3929 P2:0.3932 P3:0.39325 P4:0.39325 STATE:IDLE
[2026-06-03 01:30:45Z] CHK MOM:0.03% RANGE:0.1% UP:37.5% SPREAD:0.05090353% BID:0.3929 ASK:0.3931 MID:0.393 P1:0.393 P2:0.3929 P3:0.3932 P4:0.39325 STATE:IDLE
[2026-06-03 01:30:45Z] CHK MOM:0% RANGE:0.08% UP:31.25% SPREAD:0.05090353% BID:0.3929 ASK:0.3931 MID:0.393 P1:0.393 P2:0.393 P3:0.3929 P4:0.3932 STATE:IDLE
[2026-06-03 01:30:46Z] CHK MOM:0% RANGE:0.08% UP:31.25% SPREAD:0.05090353% BID:0.3929 ASK:0.3931 MID:0.393 P1:0.393 P2:0.393 P3:0.3929 P4:0.3932 STATE:IDLE
[2026-06-03 01:30:46Z] CHK MOM:0% RANGE:0.08% UP:31.25% SPREAD:0.05090353% BID:0.3929 ASK:0.3931 MID:0.393 P1:0.393 P2:0.393 P3:0.3929 P4:0.3932 STATE:IDLE
[2026-06-03 01:30:47Z] CHK MOM:0.01% RANGE:0.08% UP:35.71% SPREAD:0.05089058% BID:0.393 ASK:0.3932 MID:0.3931 P1:0.3931 P2:0.393 P3:0.393 P4:0.3929 STATE:IDLE
[2026-06-03 01:30:48Z] CHK MOM:0.01% RANGE:0.08% UP:35.71% SPREAD:0.05089058% BID:0.393 ASK:0.3932 MID:0.3931 P1:0.3931 P2:0.393 P3:0.393 P4:0.3929 STATE:IDLE
[2026-06-03 01:30:48Z] CHK MOM:0.01% RANGE:0.08% UP:38.46% SPREAD:0.05089058% BID:0.393 ASK:0.3932 MID:0.3931 P1:0.3931 P2:0.3931 P3:0.393 P4:0.393 STATE:IDLE
[2026-06-03 01:30:49Z] CHK MOM:0.01% RANGE:0.08% UP:38.46% SPREAD:0.05089058% BID:0.393 ASK:0.3932 MID:0.3931 P1:0.3931 P2:0.3931 P3:0.393 P4:0.393 STATE:IDLE
[2026-06-03 01:30:49Z] CHK MOM:0.01% RANGE:0.08% UP:38.46% SPREAD:0.05089058% BID:0.393 ASK:0.3932 MID:0.3931 P1:0.3931 P2:0.3931 P3:0.393 P4:0.393 STATE:IDLE
[2026-06-03 01:30:50Z] CHK MOM:0% RANGE:0.08% UP:33.33% SPREAD:0.05089058% BID:0.393 ASK:0.3932 MID:0.3931 P1:0.3931 P2:0.3931 P3:0.3931 P4:0.393 STATE:IDLE
[2026-06-03 01:30:50Z] CHK MOM:0% RANGE:0.08% UP:33.33% SPREAD:0.05089058% BID:0.393 ASK:0.3932 MID:0.3931 P1:0.3931 P2:0.3931 P3:0.3931 P4:0.393 STATE:IDLE
[2026-06-03 01:30:51Z] CHK MOM:0% RANGE:0.08% UP:33.33% SPREAD:0.05089058% BID:0.393 ASK:0.3932 MID:0.3931 P1:0.3931 P2:0.3931 P3:0.3931 P4:0.393 STATE:IDLE
[2026-06-03 01:30:51Z] CHK MOM:-0.07% RANGE:0.08% UP:25% SPREAD:0.05091649% BID:0.3928 ASK:0.393 MID:0.3929 P1:0.3929 P2:0.3931 P3:0.3931 P4:0.3931 STATE:IDLE
[2026-06-03 01:30:52Z] CHK MOM:-0.06% RANGE:0.08% UP:33.33% SPREAD:0.02545176% BID:0.3929 ASK:0.393 MID:0.39295 P1:0.39295 P2:0.3929 P3:0.3931 P4:0.3931 STATE:IDLE
[2026-06-03 01:30:52Z] CHK MOM:-0.08% RANGE:0.08% UP:25% SPREAD:0.05091649% BID:0.3928 ASK:0.393 MID:0.3929 P1:0.3929 P2:0.39295 P3:0.3929 P4:0.3931 STATE:IDLE
[2026-06-03 01:30:53Z] CHK MOM:-0.08% RANGE:0.08% UP:25% SPREAD:0.05091649% BID:0.3928 ASK:0.393 MID:0.3929 P1:0.3929 P2:0.39295 P3:0.3929 P4:0.3931 STATE:IDLE
[2026-06-03 01:30:54Z] CHK MOM:-0.08% RANGE:0.08% UP:25% SPREAD:0.05091649% BID:0.3928 ASK:0.393 MID:0.3929 P1:0.3929 P2:0.39295 P3:0.3929 P4:0.3931 STATE:IDLE
[2026-06-03 01:30:54Z] CHK MOM:-0.1% RANGE:0.1% UP:25% SPREAD:0.02545824% BID:0.3928 ASK:0.3929 MID:0.39285 P1:0.39285 P2:0.3929 P3:0.39295 P4:0.3929 STATE:IDLE
[2026-06-03 01:30:55Z] CHK MOM:-0.1% RANGE:0.1% UP:25% SPREAD:0.02545824% BID:0.3928 ASK:0.3929 MID:0.39285 P1:0.39285 P2:0.3929 P3:0.39295 P4:0.3929 STATE:IDLE
[2026-06-03 01:30:55Z] CHK MOM:-0.08% RANGE:0.1% UP:33.33% SPREAD:0.05091649% BID:0.3928 ASK:0.393 MID:0.3929 P1:0.3929 P2:0.39285 P3:0.3929 P4:0.39295 STATE:IDLE
[2026-06-03 01:30:56Z] CHK MOM:-0.08% RANGE:0.1% UP:33.33% SPREAD:0.05091649% BID:0.3928 ASK:0.393 MID:0.3929 P1:0.3929 P2:0.39285 P3:0.3929 P4:0.39295 STATE:IDLE
[2026-06-03 01:30:56Z] CHK MOM:-0.02% RANGE:0.07% UP:36.36% SPREAD:0.05092946% BID:0.3927 ASK:0.3929 MID:0.3928 P1:0.3928 P2:0.3929 P3:0.39285 P4:0.3929 STATE:IDLE
[2026-06-03 01:30:57Z] CHK MOM:-0.02% RANGE:0.07% UP:36.36% SPREAD:0.05091649% BID:0.3928 ASK:0.393 MID:0.3929 P1:0.3929 P2:0.3928 P3:0.3929 P4:0.39285 STATE:IDLE
[2026-06-03 01:30:57Z] CHK MOM:-0.08% RANGE:0.08% UP:30% SPREAD:0.02546473% BID:0.3927 ASK:0.3928 MID:0.39275 P1:0.39275 P2:0.3929 P3:0.3928 P4:0.3929 STATE:IDLE
[2026-06-03 01:30:58Z] CHK MOM:-0.08% RANGE:0.08% UP:30% SPREAD:0.02546473% BID:0.3927 ASK:0.3928 MID:0.39275 P1:0.39275 P2:0.3929 P3:0.3928 P4:0.3929 STATE:IDLE
[2026-06-03 01:30:58Z] CHK MOM:-0.08% RANGE:0.08% UP:27.27% SPREAD:0.02546473% BID:0.3927 ASK:0.3928 MID:0.39275 P1:0.39275 P2:0.39275 P3:0.3929 P4:0.3928 STATE:IDLE
[2026-06-03 01:30:59Z] CHK MOM:-0.13% RANGE:0.14% UP:27.27% SPREAD:0.0254777% BID:0.3925 ASK:0.3926 MID:0.39255 P1:0.39255 P2:0.39275 P3:0.39275 P4:0.3929 STATE:IDLE
[2026-06-03 01:30:59Z] CHK MOM:-0.15% RANGE:0.15% UP:25% SPREAD:0.05096839% BID:0.3924 ASK:0.3926 MID:0.3925 P1:0.3925 P2:0.39255 P3:0.39275 P4:0.39275 STATE:IDLE
[2026-06-03 01:31:00Z] CHK MOM:-0.16% RANGE:0.16% UP:25% SPREAD:0.02548419% BID:0.3924 ASK:0.3925 MID:0.39245 P1:0.39245 P2:0.3925 P3:0.39255 P4:0.39275 STATE:IDLE
[2026-06-03 01:31:00Z] CHK MOM:-0.15% RANGE:0.16% UP:30.76% SPREAD:0.05096839% BID:0.3924 ASK:0.3926 MID:0.3925 P1:0.3925 P2:0.39245 P3:0.3925 P4:0.39255 STATE:IDLE
[2026-06-03 01:31:01Z] CHK MOM:-0.15% RANGE:0.16% UP:28.57% SPREAD:0.05096839% BID:0.3924 ASK:0.3926 MID:0.3925 P1:0.3925 P2:0.3925 P3:0.39245 P4:0.3925 STATE:IDLE
[2026-06-03 01:31:01Z] CHK MOM:-0.15% RANGE:0.16% UP:26.66% SPREAD:0.05096839% BID:0.3924 ASK:0.3926 MID:0.3925 P1:0.3925 P2:0.3925 P3:0.3925 P4:0.39245 STATE:IDLE
[2026-06-03 01:31:02Z] CHK MOM:-0.11% RANGE:0.12% UP:26.66% SPREAD:0.02548419% BID:0.3924 ASK:0.3925 MID:0.39245 P1:0.39245 P2:0.3925 P3:0.3925 P4:0.3925 STATE:IDLE
[2026-06-03 01:31:03Z] CHK MOM:-0.15% RANGE:0.16% UP:25% SPREAD:0.05099439% BID:0.3922 ASK:0.3924 MID:0.3923 P1:0.3923 P2:0.39245 P3:0.3925 P4:0.3925 STATE:IDLE
[2026-06-03 01:31:03Z] CHK MOM:-0.17% RANGE:0.19% UP:23.52% SPREAD:0.05100739% BID:0.3921 ASK:0.3923 MID:0.3922 P1:0.3922 P2:0.3923 P3:0.39245 P4:0.3925 STATE:IDLE
[2026-06-03 01:31:04Z] CHK MOM:-0.2% RANGE:0.2% UP:17.64% SPREAD:0.02550369% BID:0.3921 ASK:0.3922 MID:0.39215 P1:0.39215 P2:0.3922 P3:0.3923 P4:0.39245 STATE:IDLE
[2026-06-03 01:31:04Z] CHK MOM:-0.17% RANGE:0.19% UP:23.52% SPREAD:0.05100739% BID:0.3921 ASK:0.3923 MID:0.3922 P1:0.3922 P2:0.39215 P3:0.3922 P4:0.3923 STATE:IDLE
[2026-06-03 01:31:05Z] CHK MOM:-0.17% RANGE:0.19% UP:23.52% SPREAD:0.05100739% BID:0.3921 ASK:0.3923 MID:0.3922 P1:0.3922 P2:0.39215 P3:0.3922 P4:0.3923 STATE:IDLE
[2026-06-03 01:31:05Z] CHK MOM:-0.17% RANGE:0.19% UP:23.52% SPREAD:0.05100739% BID:0.3921 ASK:0.3923 MID:0.3922 P1:0.3922 P2:0.39215 P3:0.3922 P4:0.3923 STATE:IDLE
[2026-06-03 01:31:06Z] CHK MOM:-0.17% RANGE:0.19% UP:23.52% SPREAD:0.05100739% BID:0.3921 ASK:0.3923 MID:0.3922 P1:0.3922 P2:0.39215 P3:0.3922 P4:0.3923 STATE:IDLE
[2026-06-03 01:31:06Z] TOKEN_SWITCH old=ONDOUSDC new=INJUSDC source=.service.env
