[2026-06-02 23:30:08Z] SESSION_START symbol=TONUSDC dry_run=0 profile=major strategy=momentum base_url=https://api.binance.com
[2026-06-02 23:30:08Z] TOXIC_MEMORY_LOADED count=1 symbols=ORDIUSDC
[2026-06-02 23:30:10Z] CHK MOM:0% RANGE:0% UP:0% SPREAD:0.05157297% BID:1.939 ASK:1.94 MID:1.9395 P1:1.9395 P2:NA P3:NA P4:NA STATE:IDLE
[2026-06-02 23:30:10Z] CHK MOM:0.02% RANGE:0.02% UP:100% SPREAD:0.10314595% BID:1.939 ASK:1.941 MID:1.94 P1:1.94 P2:1.9395 P3:NA P4:NA STATE:IDLE
[2026-06-02 23:30:11Z] CHK MOM:0.02% RANGE:0.02% UP:50% SPREAD:0.10314595% BID:1.939 ASK:1.941 MID:1.94 P1:1.94 P2:1.94 P3:1.9395 P4:NA STATE:IDLE
[2026-06-02 23:30:11Z] CHK MOM:0.02% RANGE:0.02% UP:33.33% SPREAD:0.10314595% BID:1.939 ASK:1.941 MID:1.94 P1:1.94 P2:1.94 P3:1.94 P4:1.9395 STATE:IDLE
[2026-06-02 23:30:12Z] CHK MOM:0.02% RANGE:0.02% UP:33.33% SPREAD:0.10314595% BID:1.939 ASK:1.941 MID:1.94 P1:1.94 P2:1.94 P3:1.94 P4:1.9395 STATE:IDLE
[2026-06-02 23:30:12Z] CHK MOM:0% RANGE:0.02% UP:25% SPREAD:0.15479876% BID:1.938 ASK:1.941 MID:1.9395 P1:1.9395 P2:1.94 P3:1.94 P4:1.94 STATE:IDLE
[2026-06-02 23:30:13Z] CHK MOM:0.02% RANGE:0.02% UP:40% SPREAD:0.10314595% BID:1.939 ASK:1.941 MID:1.94 P1:1.94 P2:1.9395 P3:1.94 P4:1.94 STATE:IDLE
[2026-06-02 23:30:13Z] CHK MOM:-0.02% RANGE:0.05% UP:33.33% SPREAD:0.10319917% BID:1.938 ASK:1.94 MID:1.939 P1:1.939 P2:1.94 P3:1.9395 P4:1.94 STATE:IDLE
[2026-06-02 23:30:14Z] CHK MOM:-0.02% RANGE:0.05% UP:28.57% SPREAD:0.10319917% BID:1.938 ASK:1.94 MID:1.939 P1:1.939 P2:1.939 P3:1.94 P4:1.9395 STATE:IDLE
[2026-06-02 23:30:14Z] CHK MOM:-0.02% RANGE:0.05% UP:28.57% SPREAD:0.10319917% BID:1.938 ASK:1.94 MID:1.939 P1:1.939 P2:1.939 P3:1.94 P4:1.9395 STATE:IDLE
[2026-06-02 23:30:15Z] CHK MOM:-0.02% RANGE:0.05% UP:25% SPREAD:0.10319917% BID:1.938 ASK:1.94 MID:1.939 P1:1.939 P2:1.939 P3:1.939 P4:1.94 STATE:IDLE
[2026-06-02 23:30:16Z] CHK MOM:-0.02% RANGE:0.05% UP:22.22% SPREAD:0.10319917% BID:1.938 ASK:1.94 MID:1.939 P1:1.939 P2:1.939 P3:1.939 P4:1.939 STATE:IDLE
[2026-06-02 23:30:16Z] CHK MOM:-0.02% RANGE:0.05% UP:20% SPREAD:0.10319917% BID:1.938 ASK:1.94 MID:1.939 P1:1.939 P2:1.939 P3:1.939 P4:1.939 STATE:IDLE
[2026-06-02 23:30:17Z] CHK MOM:-0.02% RANGE:0.05% UP:18.18% SPREAD:0.10319917% BID:1.938 ASK:1.94 MID:1.939 P1:1.939 P2:1.939 P3:1.939 P4:1.939 STATE:IDLE
[2026-06-02 23:30:17Z] CHK MOM:-0.02% RANGE:0.05% UP:16.66% SPREAD:0.10319917% BID:1.938 ASK:1.94 MID:1.939 P1:1.939 P2:1.939 P3:1.939 P4:1.939 STATE:IDLE
[2026-06-02 23:30:18Z] CHK MOM:-0.02% RANGE:0.05% UP:15.38% SPREAD:0.10319917% BID:1.938 ASK:1.94 MID:1.939 P1:1.939 P2:1.939 P3:1.939 P4:1.939 STATE:IDLE
[2026-06-02 23:30:18Z] CHK MOM:-0.05% RANGE:0.07% UP:14.28% SPREAD:0.15487867% BID:1.937 ASK:1.94 MID:1.9385 P1:1.9385 P2:1.939 P3:1.939 P4:1.939 STATE:IDLE
[2026-06-02 23:30:19Z] CHK MOM:-0.1% RANGE:0.12% UP:13.33% SPREAD:0.05162622% BID:1.937 ASK:1.938 MID:1.9375 P1:1.9375 P2:1.9385 P3:1.939 P4:1.939 STATE:IDLE
[2026-06-02 23:30:19Z] CHK MOM:-0.12% RANGE:0.15% UP:12.5% SPREAD:0.10330578% BID:1.936 ASK:1.938 MID:1.93699999 P1:1.93699999 P2:1.9375 P3:1.9385 P4:1.939 STATE:IDLE
[2026-06-02 23:30:20Z] CHK MOM:-0.12% RANGE:0.15% UP:11.76% SPREAD:0.10330578% BID:1.936 ASK:1.938 MID:1.93699999 P1:1.93699999 P2:1.93699999 P3:1.9375 P4:1.9385 STATE:IDLE
[2026-06-02 23:30:21Z] CHK MOM:-0.15% RANGE:0.18% UP:11.11% SPREAD:0.05165289% BID:1.936 ASK:1.937 MID:1.9365 P1:1.9365 P2:1.93699999 P3:1.93699999 P4:1.9375 STATE:IDLE
[2026-06-02 23:30:21Z] CHK MOM:-0.2% RANGE:0.23% UP:10.52% SPREAD:0.05167958% BID:1.935 ASK:1.936 MID:1.9355 P1:1.9355 P2:1.9365 P3:1.93699999 P4:1.93699999 STATE:IDLE
[2026-06-02 23:30:22Z] CHK MOM:-0.2% RANGE:0.23% UP:10.52% SPREAD:0.05167958% BID:1.935 ASK:1.936 MID:1.9355 P1:1.9355 P2:1.9365 P3:1.93699999 P4:1.93699999 STATE:IDLE
[2026-06-02 23:30:22Z] CHK MOM:-0.23% RANGE:0.23% UP:5.26% SPREAD:0.05167958% BID:1.935 ASK:1.936 MID:1.9355 P1:1.9355 P2:1.9355 P3:1.9365 P4:1.93699999 STATE:IDLE
[2026-06-02 23:30:23Z] CHK MOM:-0.28% RANGE:0.28% UP:5.55% SPREAD:0.0517063% BID:1.934 ASK:1.935 MID:1.93449999 P1:1.93449999 P2:1.9355 P3:1.9355 P4:1.9365 STATE:IDLE
[2026-06-02 23:30:23Z] CHK MOM:-0.25% RANGE:0.28% UP:5.55% SPREAD:0.0517063% BID:1.934 ASK:1.935 MID:1.93449999 P1:1.93449999 P2:1.93449999 P3:1.9355 P4:1.9355 STATE:IDLE
[2026-06-02 23:30:24Z] CHK MOM:-0.25% RANGE:0.28% UP:5.55% SPREAD:0.0517063% BID:1.934 ASK:1.935 MID:1.93449999 P1:1.93449999 P2:1.93449999 P3:1.9355 P4:1.9355 STATE:IDLE
[2026-06-02 23:30:24Z] CHK MOM:-0.25% RANGE:0.28% UP:5.26% SPREAD:0.0517063% BID:1.934 ASK:1.935 MID:1.93449999 P1:1.93449999 P2:1.93449999 P3:1.93449999 P4:1.9355 STATE:IDLE
[2026-06-02 23:30:25Z] CHK MOM:-0.28% RANGE:0.28% UP:0% SPREAD:0.0517063% BID:1.934 ASK:1.935 MID:1.93449999 P1:1.93449999 P2:1.93449999 P3:1.93449999 P4:1.93449999 STATE:IDLE
[2026-06-02 23:30:25Z] CHK MOM:-0.28% RANGE:0.28% UP:0% SPREAD:0.0517063% BID:1.934 ASK:1.935 MID:1.93449999 P1:1.93449999 P2:1.93449999 P3:1.93449999 P4:1.93449999 STATE:IDLE
[2026-06-02 23:30:26Z] CHK MOM:-0.23% RANGE:0.23% UP:0% SPREAD:0.0517063% BID:1.934 ASK:1.935 MID:1.93449999 P1:1.93449999 P2:1.93449999 P3:1.93449999 P4:1.93449999 STATE:IDLE
[2026-06-02 23:30:27Z] CHK MOM:-0.23% RANGE:0.23% UP:0% SPREAD:0.0517063% BID:1.934 ASK:1.935 MID:1.93449999 P1:1.93449999 P2:1.93449999 P3:1.93449999 P4:1.93449999 STATE:IDLE
[2026-06-02 23:30:27Z] CHK MOM:-0.23% RANGE:0.23% UP:0% SPREAD:0.0517063% BID:1.934 ASK:1.935 MID:1.93449999 P1:1.93449999 P2:1.93449999 P3:1.93449999 P4:1.93449999 STATE:IDLE
[2026-06-02 23:30:28Z] CHK MOM:-0.23% RANGE:0.23% UP:0% SPREAD:0.0517063% BID:1.934 ASK:1.935 MID:1.93449999 P1:1.93449999 P2:1.93449999 P3:1.93449999 P4:1.93449999 STATE:IDLE
[2026-06-02 23:30:28Z] CHK MOM:-0.23% RANGE:0.23% UP:0% SPREAD:0.0517063% BID:1.934 ASK:1.935 MID:1.93449999 P1:1.93449999 P2:1.93449999 P3:1.93449999 P4:1.93449999 STATE:IDLE
[2026-06-02 23:30:29Z] CHK MOM:-0.23% RANGE:0.23% UP:0% SPREAD:0.0517063% BID:1.934 ASK:1.935 MID:1.93449999 P1:1.93449999 P2:1.93449999 P3:1.93449999 P4:1.93449999 STATE:IDLE
[2026-06-02 23:30:29Z] CHK MOM:-0.23% RANGE:0.23% UP:0% SPREAD:0.0517063% BID:1.934 ASK:1.935 MID:1.93449999 P1:1.93449999 P2:1.93449999 P3:1.93449999 P4:1.93449999 STATE:IDLE
[2026-06-02 23:30:30Z] CHK MOM:-0.23% RANGE:0.23% UP:0% SPREAD:0.0517063% BID:1.934 ASK:1.935 MID:1.93449999 P1:1.93449999 P2:1.93449999 P3:1.93449999 P4:1.93449999 STATE:IDLE
[2026-06-02 23:30:30Z] CHK MOM:-0.2% RANGE:0.2% UP:0% SPREAD:0.0517063% BID:1.934 ASK:1.935 MID:1.93449999 P1:1.93449999 P2:1.93449999 P3:1.93449999 P4:1.93449999 STATE:IDLE
[2026-06-02 23:30:31Z] CHK MOM:-0.12% RANGE:0.12% UP:0% SPREAD:0.0517063% BID:1.934 ASK:1.935 MID:1.93449999 P1:1.93449999 P2:1.93449999 P3:1.93449999 P4:1.93449999 STATE:IDLE
[2026-06-02 23:30:32Z] CHK MOM:-0.12% RANGE:0.12% UP:0% SPREAD:0.0517063% BID:1.934 ASK:1.935 MID:1.93449999 P1:1.93449999 P2:1.93449999 P3:1.93449999 P4:1.93449999 STATE:IDLE
[2026-06-02 23:30:32Z] CHK MOM:-0.07% RANGE:0.1% UP:7.14% SPREAD:0.10341261% BID:1.934 ASK:1.936 MID:1.935 P1:1.935 P2:1.93449999 P3:1.93449999 P4:1.93449999 STATE:IDLE
[2026-06-02 23:30:33Z] CHK MOM:-0.07% RANGE:0.1% UP:7.14% SPREAD:0.10341261% BID:1.934 ASK:1.936 MID:1.935 P1:1.935 P2:1.93449999 P3:1.93449999 P4:1.93449999 STATE:IDLE
[2026-06-02 23:30:33Z] CHK MOM:-0.07% RANGE:0.1% UP:7.14% SPREAD:0.10341261% BID:1.934 ASK:1.936 MID:1.935 P1:1.935 P2:1.93449999 P3:1.93449999 P4:1.93449999 STATE:IDLE
[2026-06-02 23:30:34Z] CHK MOM:-0.07% RANGE:0.1% UP:7.14% SPREAD:0.10341261% BID:1.934 ASK:1.936 MID:1.935 P1:1.935 P2:1.93449999 P3:1.93449999 P4:1.93449999 STATE:IDLE
[2026-06-02 23:30:34Z] CHK MOM:-0.07% RANGE:0.1% UP:7.14% SPREAD:0.10341261% BID:1.934 ASK:1.936 MID:1.935 P1:1.935 P2:1.93449999 P3:1.93449999 P4:1.93449999 STATE:IDLE
[2026-06-02 23:30:35Z] CHK MOM:-0.07% RANGE:0.1% UP:7.14% SPREAD:0.10341261% BID:1.934 ASK:1.936 MID:1.935 P1:1.935 P2:1.93449999 P3:1.93449999 P4:1.93449999 STATE:IDLE
[2026-06-02 23:30:39Z] CHK MOM:0.02% RANGE:0.02% UP:14.28% SPREAD:0.10341261% BID:1.934 ASK:1.936 MID:1.935 P1:1.935 P2:1.935 P3:1.93449999 P4:1.93449999 STATE:IDLE
[2026-06-02 23:30:39Z] CHK MOM:0.02% RANGE:0.02% UP:14.28% SPREAD:0.10341261% BID:1.934 ASK:1.936 MID:1.935 P1:1.935 P2:1.935 P3:1.935 P4:1.93449999 STATE:IDLE
[2026-06-02 23:30:40Z] CHK MOM:0.05% RANGE:0.05% UP:25% SPREAD:0.05167958% BID:1.935 ASK:1.936 MID:1.9355 P1:1.9355 P2:1.935 P3:1.935 P4:1.935 STATE:IDLE
[2026-06-02 23:30:40Z] CHK MOM:0.02% RANGE:0.05% UP:22.22% SPREAD:0.10341261% BID:1.934 ASK:1.936 MID:1.935 P1:1.935 P2:1.9355 P3:1.935 P4:1.935 STATE:IDLE
[2026-06-02 23:30:41Z] CHK MOM:0% RANGE:0.05% UP:22.22% SPREAD:0.0517063% BID:1.934 ASK:1.935 MID:1.93449999 P1:1.93449999 P2:1.935 P3:1.9355 P4:1.935 STATE:IDLE
[2026-06-02 23:30:41Z] CHK MOM:0% RANGE:0.05% UP:22.22% SPREAD:0.0517063% BID:1.934 ASK:1.935 MID:1.93449999 P1:1.93449999 P2:1.935 P3:1.9355 P4:1.935 STATE:IDLE
[2026-06-02 23:30:42Z] CHK MOM:0% RANGE:0.05% UP:22.22% SPREAD:0.0517063% BID:1.934 ASK:1.935 MID:1.93449999 P1:1.93449999 P2:1.935 P3:1.9355 P4:1.935 STATE:IDLE
[2026-06-02 23:30:42Z] CHK MOM:0% RANGE:0.05% UP:22.22% SPREAD:0.0517063% BID:1.934 ASK:1.935 MID:1.93449999 P1:1.93449999 P2:1.935 P3:1.9355 P4:1.935 STATE:IDLE
[2026-06-02 23:30:43Z] CHK MOM:-0.05% RANGE:0.1% UP:28.57% SPREAD:0.05173305% BID:1.933 ASK:1.934 MID:1.9335 P1:1.9335 P2:1.93449999 P3:1.935 P4:1.9355 STATE:IDLE
[2026-06-02 23:30:43Z] CHK MOM:-0.07% RANGE:0.1% UP:14.28% SPREAD:0.05173305% BID:1.933 ASK:1.934 MID:1.9335 P1:1.9335 P2:1.9335 P3:1.93449999 P4:1.935 STATE:IDLE
[2026-06-02 23:30:44Z] CHK MOM:-0.05% RANGE:0.1% UP:25% SPREAD:0.10346611% BID:1.933 ASK:1.935 MID:1.934 P1:1.934 P2:1.9335 P3:1.9335 P4:1.93449999 STATE:IDLE
[2026-06-02 23:30:45Z] CHK MOM:-0.02% RANGE:0.1% UP:37.5% SPREAD:0.0517063% BID:1.934 ASK:1.935 MID:1.93449999 P1:1.93449999 P2:1.934 P3:1.9335 P4:1.9335 STATE:IDLE
[2026-06-02 23:30:45Z] CHK MOM:-0.02% RANGE:0.1% UP:33.33% SPREAD:0.0517063% BID:1.934 ASK:1.935 MID:1.93449999 P1:1.93449999 P2:1.93449999 P3:1.934 P4:1.9335 STATE:IDLE
[2026-06-02 23:30:46Z] CHK MOM:-0.02% RANGE:0.1% UP:30% SPREAD:0.0517063% BID:1.934 ASK:1.935 MID:1.93449999 P1:1.93449999 P2:1.93449999 P3:1.93449999 P4:1.934 STATE:IDLE
[2026-06-02 23:30:46Z] CHK MOM:-0.02% RANGE:0.1% UP:30% SPREAD:0.0517063% BID:1.934 ASK:1.935 MID:1.93449999 P1:1.93449999 P2:1.93449999 P3:1.93449999 P4:1.934 STATE:IDLE
[2026-06-02 23:30:47Z] CHK MOM:-0.02% RANGE:0.1% UP:30% SPREAD:0.0517063% BID:1.934 ASK:1.935 MID:1.93449999 P1:1.93449999 P2:1.93449999 P3:1.93449999 P4:1.934 STATE:IDLE
[2026-06-02 23:30:47Z] CHK MOM:-0.02% RANGE:0.1% UP:30% SPREAD:0.0517063% BID:1.934 ASK:1.935 MID:1.93449999 P1:1.93449999 P2:1.93449999 P3:1.93449999 P4:1.934 STATE:IDLE
[2026-06-02 23:30:48Z] CHK MOM:-0.07% RANGE:0.1% UP:27.27% SPREAD:0.05173305% BID:1.933 ASK:1.934 MID:1.9335 P1:1.9335 P2:1.93449999 P3:1.93449999 P4:1.93449999 STATE:IDLE
[2026-06-02 23:30:48Z] CHK MOM:-0.07% RANGE:0.1% UP:25% SPREAD:0.05173305% BID:1.933 ASK:1.934 MID:1.9335 P1:1.9335 P2:1.9335 P3:1.93449999 P4:1.93449999 STATE:IDLE
[2026-06-02 23:30:49Z] CHK MOM:-0.07% RANGE:0.1% UP:23.07% SPREAD:0.05173305% BID:1.933 ASK:1.934 MID:1.9335 P1:1.9335 P2:1.9335 P3:1.9335 P4:1.93449999 STATE:IDLE
[2026-06-02 23:30:50Z] CHK MOM:-0.07% RANGE:0.1% UP:21.42% SPREAD:0.05173305% BID:1.933 ASK:1.934 MID:1.9335 P1:1.9335 P2:1.9335 P3:1.9335 P4:1.9335 STATE:IDLE
[2026-06-02 23:30:50Z] CHK MOM:-0.07% RANGE:0.1% UP:21.42% SPREAD:0.05173305% BID:1.933 ASK:1.934 MID:1.9335 P1:1.9335 P2:1.9335 P3:1.9335 P4:1.9335 STATE:IDLE
[2026-06-02 23:30:51Z] CHK MOM:-0.12% RANGE:0.15% UP:20% SPREAD:0.05175983% BID:1.932 ASK:1.933 MID:1.9325 P1:1.9325 P2:1.9335 P3:1.9335 P4:1.9335 STATE:IDLE
[2026-06-02 23:30:51Z] CHK MOM:-0.1% RANGE:0.15% UP:20% SPREAD:0.05173305% BID:1.933 ASK:1.934 MID:1.9335 P1:1.9335 P2:1.9325 P3:1.9335 P4:1.9335 STATE:IDLE
[2026-06-02 23:30:52Z] CHK MOM:-0.1% RANGE:0.15% UP:18.75% SPREAD:0.05173305% BID:1.933 ASK:1.934 MID:1.9335 P1:1.9335 P2:1.9335 P3:1.9325 P4:1.9335 STATE:IDLE
[2026-06-02 23:30:52Z] CHK MOM:-0.1% RANGE:0.15% UP:18.75% SPREAD:0.05173305% BID:1.933 ASK:1.934 MID:1.9335 P1:1.9335 P2:1.9335 P3:1.9325 P4:1.9335 STATE:IDLE
[2026-06-02 23:30:53Z] CHK MOM:-0.1% RANGE:0.15% UP:18.75% SPREAD:0.05173305% BID:1.933 ASK:1.934 MID:1.9335 P1:1.9335 P2:1.9335 P3:1.9325 P4:1.9335 STATE:IDLE
[2026-06-02 23:30:53Z] CHK MOM:-0.1% RANGE:0.15% UP:18.75% SPREAD:0.05173305% BID:1.933 ASK:1.934 MID:1.9335 P1:1.9335 P2:1.9335 P3:1.9325 P4:1.9335 STATE:IDLE
[2026-06-02 23:30:54Z] CHK MOM:-0.1% RANGE:0.15% UP:18.75% SPREAD:0.05173305% BID:1.933 ASK:1.934 MID:1.9335 P1:1.9335 P2:1.9335 P3:1.9325 P4:1.9335 STATE:IDLE
[2026-06-02 23:30:54Z] CHK MOM:-0.1% RANGE:0.15% UP:18.75% SPREAD:0.05173305% BID:1.933 ASK:1.934 MID:1.9335 P1:1.9335 P2:1.9335 P3:1.9325 P4:1.9335 STATE:IDLE
[2026-06-02 23:30:56Z] CHK MOM:-0.02% RANGE:0.1% UP:16.66% SPREAD:0.05173305% BID:1.933 ASK:1.934 MID:1.9335 P1:1.9335 P2:1.9335 P3:1.9335 P4:1.9325 STATE:IDLE
[2026-06-02 23:30:56Z] CHK MOM:-0.02% RANGE:0.1% UP:15.38% SPREAD:0.05173305% BID:1.933 ASK:1.934 MID:1.9335 P1:1.9335 P2:1.9335 P3:1.9335 P4:1.9335 STATE:IDLE
[2026-06-02 23:30:57Z] CHK MOM:-0.02% RANGE:0.1% UP:15.38% SPREAD:0.05173305% BID:1.933 ASK:1.934 MID:1.9335 P1:1.9335 P2:1.9335 P3:1.9335 P4:1.9335 STATE:IDLE
[2026-06-02 23:30:57Z] CHK MOM:-0.05% RANGE:0.1% UP:9.09% SPREAD:0.05173305% BID:1.933 ASK:1.934 MID:1.9335 P1:1.9335 P2:1.9335 P3:1.9335 P4:1.9335 STATE:IDLE
[2026-06-02 23:30:58Z] CHK MOM:0.02% RANGE:0.07% UP:18.18% SPREAD:0.10346611% BID:1.933 ASK:1.935 MID:1.934 P1:1.934 P2:1.9335 P3:1.9335 P4:1.9335 STATE:IDLE
[2026-06-02 23:30:58Z] CHK MOM:0.05% RANGE:0.1% UP:25% SPREAD:0.0517063% BID:1.934 ASK:1.935 MID:1.93449999 P1:1.93449999 P2:1.934 P3:1.9335 P4:1.9335 STATE:IDLE
[2026-06-02 23:30:59Z] CHK MOM:0.05% RANGE:0.1% UP:23.07% SPREAD:0.0517063% BID:1.934 ASK:1.935 MID:1.93449999 P1:1.93449999 P2:1.93449999 P3:1.934 P4:1.9335 STATE:IDLE
[2026-06-02 23:30:59Z] CHK MOM:0% RANGE:0.1% UP:21.42% SPREAD:0.05173305% BID:1.933 ASK:1.934 MID:1.9335 P1:1.9335 P2:1.93449999 P3:1.93449999 P4:1.934 STATE:IDLE
[2026-06-02 23:31:00Z] CHK MOM:0% RANGE:0.1% UP:21.42% SPREAD:0.05173305% BID:1.933 ASK:1.934 MID:1.9335 P1:1.9335 P2:1.9335 P3:1.93449999 P4:1.93449999 STATE:IDLE
[2026-06-02 23:31:00Z] CHK MOM:-0.05% RANGE:0.1% UP:20% SPREAD:0.05175983% BID:1.932 ASK:1.933 MID:1.9325 P1:1.9325 P2:1.9335 P3:1.9335 P4:1.93449999 STATE:IDLE
[2026-06-02 23:31:01Z] CHK MOM:-0.02% RANGE:0.1% UP:28.57% SPREAD:0.10351966% BID:1.932 ASK:1.934 MID:1.93299999 P1:1.93299999 P2:1.9325 P3:1.9335 P4:1.9335 STATE:IDLE
[2026-06-02 23:31:01Z] CHK MOM:0% RANGE:0.1% UP:33.33% SPREAD:0.05173305% BID:1.933 ASK:1.934 MID:1.9335 P1:1.9335 P2:1.93299999 P3:1.9325 P4:1.9335 STATE:IDLE
[2026-06-02 23:31:02Z] CHK MOM:0.05% RANGE:0.1% UP:40% SPREAD:0.0517063% BID:1.934 ASK:1.935 MID:1.93449999 P1:1.93449999 P2:1.9335 P3:1.93299999 P4:1.9325 STATE:IDLE
[2026-06-02 23:31:02Z] CHK MOM:0.1% RANGE:0.1% UP:40% SPREAD:0.0517063% BID:1.934 ASK:1.935 MID:1.93449999 P1:1.93449999 P2:1.93449999 P3:1.9335 P4:1.93299999 STATE:IDLE
[2026-06-02 23:31:03Z] CHK MOM:0.05% RANGE:0.1% UP:33.33% SPREAD:0.0517063% BID:1.934 ASK:1.935 MID:1.93449999 P1:1.93449999 P2:1.93449999 P3:1.93449999 P4:1.9335 STATE:IDLE
[2026-06-02 23:31:04Z] CHK MOM:0.05% RANGE:0.1% UP:35.71% SPREAD:0.0517063% BID:1.934 ASK:1.935 MID:1.93449999 P1:1.93449999 P2:1.93449999 P3:1.93449999 P4:1.93449999 STATE:IDLE
[2026-06-02 23:31:04Z] CHK MOM:0.05% RANGE:0.1% UP:35.71% SPREAD:0.0517063% BID:1.934 ASK:1.935 MID:1.93449999 P1:1.93449999 P2:1.93449999 P3:1.93449999 P4:1.93449999 STATE:IDLE
[2026-06-02 23:31:05Z] CHK MOM:0.05% RANGE:0.1% UP:33.33% SPREAD:0.0517063% BID:1.934 ASK:1.935 MID:1.93449999 P1:1.93449999 P2:1.93449999 P3:1.93449999 P4:1.93449999 STATE:IDLE
[2026-06-02 23:31:05Z] CHK MOM:0% RANGE:0.1% UP:31.25% SPREAD:0.05173305% BID:1.933 ASK:1.934 MID:1.9335 P1:1.9335 P2:1.93449999 P3:1.93449999 P4:1.93449999 STATE:IDLE
[2026-06-02 23:31:06Z] CHK MOM:0% RANGE:0.1% UP:29.41% SPREAD:0.05173305% BID:1.933 ASK:1.934 MID:1.9335 P1:1.9335 P2:1.9335 P3:1.93449999 P4:1.93449999 STATE:IDLE
[2026-06-02 23:31:06Z] CHK MOM:0% RANGE:0.1% UP:27.77% SPREAD:0.05173305% BID:1.933 ASK:1.934 MID:1.9335 P1:1.9335 P2:1.9335 P3:1.9335 P4:1.93449999 STATE:IDLE
[2026-06-02 23:31:07Z] CHK MOM:-0.05% RANGE:0.1% UP:26.31% SPREAD:0.05175983% BID:1.932 ASK:1.933 MID:1.9325 P1:1.9325 P2:1.9335 P3:1.9335 P4:1.9335 STATE:IDLE
[2026-06-02 23:31:07Z] CHK MOM:-0.05% RANGE:0.1% UP:26.31% SPREAD:0.05175983% BID:1.932 ASK:1.933 MID:1.9325 P1:1.9325 P2:1.9335 P3:1.9335 P4:1.9335 STATE:IDLE
[2026-06-02 23:31:08Z] CHK MOM:-0.05% RANGE:0.1% UP:27.77% SPREAD:0.05175983% BID:1.932 ASK:1.933 MID:1.9325 P1:1.9325 P2:1.9325 P3:1.9335 P4:1.9335 STATE:IDLE
[2026-06-02 23:31:08Z] CHK MOM:-0.05% RANGE:0.1% UP:26.31% SPREAD:0.05175983% BID:1.932 ASK:1.933 MID:1.9325 P1:1.9325 P2:1.9325 P3:1.9325 P4:1.9335 STATE:IDLE
[2026-06-02 23:31:09Z] CHK MOM:-0.07% RANGE:0.12% UP:25% SPREAD:0.10357327% BID:1.931 ASK:1.933 MID:1.932 P1:1.932 P2:1.9325 P3:1.9325 P4:1.9325 STATE:IDLE
[2026-06-02 23:31:09Z] CHK MOM:-0.12% RANGE:0.12% UP:15.78% SPREAD:0.10357327% BID:1.931 ASK:1.933 MID:1.932 P1:1.932 P2:1.932 P3:1.9325 P4:1.9325 STATE:IDLE
[2026-06-02 23:31:10Z] CHK MOM:-0.12% RANGE:0.12% UP:15.78% SPREAD:0.10357327% BID:1.931 ASK:1.933 MID:1.932 P1:1.932 P2:1.932 P3:1.932 P4:1.9325 STATE:IDLE
[2026-06-02 23:31:10Z] CHK MOM:-0.12% RANGE:0.12% UP:15% SPREAD:0.10357327% BID:1.931 ASK:1.933 MID:1.932 P1:1.932 P2:1.932 P3:1.932 P4:1.932 STATE:IDLE
[2026-06-02 23:31:11Z] CHK MOM:-0.12% RANGE:0.12% UP:15% SPREAD:0.10357327% BID:1.931 ASK:1.933 MID:1.932 P1:1.932 P2:1.932 P3:1.932 P4:1.932 STATE:IDLE
[2026-06-02 23:31:12Z] CHK MOM:-0.12% RANGE:0.12% UP:15% SPREAD:0.10357327% BID:1.931 ASK:1.933 MID:1.932 P1:1.932 P2:1.932 P3:1.932 P4:1.932 STATE:IDLE
[2026-06-02 23:31:12Z] CHK MOM:-0.07% RANGE:0.15% UP:11.76% SPREAD:0.05178663% BID:1.931 ASK:1.932 MID:1.9315 P1:1.9315 P2:1.932 P3:1.932 P4:1.932 STATE:IDLE
[2026-06-02 23:31:13Z] CHK MOM:-0.1% RANGE:0.15% UP:5.88% SPREAD:0.05178663% BID:1.931 ASK:1.932 MID:1.9315 P1:1.9315 P2:1.9315 P3:1.932 P4:1.932 STATE:IDLE
[2026-06-02 23:31:13Z] CHK MOM:-0.1% RANGE:0.15% UP:5.88% SPREAD:0.05178663% BID:1.931 ASK:1.932 MID:1.9315 P1:1.9315 P2:1.9315 P3:1.932 P4:1.932 STATE:IDLE
[2026-06-02 23:31:14Z] CHK MOM:-0.12% RANGE:0.15% UP:5.88% SPREAD:0.10357327% BID:1.931 ASK:1.933 MID:1.932 P1:1.932 P2:1.9315 P3:1.9315 P4:1.932 STATE:IDLE
[2026-06-02 23:31:14Z] CHK MOM:-0.12% RANGE:0.15% UP:6.25% SPREAD:0.10357327% BID:1.931 ASK:1.933 MID:1.932 P1:1.932 P2:1.932 P3:1.9315 P4:1.9315 STATE:IDLE
[2026-06-02 23:31:15Z] CHK MOM:-0.12% RANGE:0.15% UP:6.25% SPREAD:0.10357327% BID:1.931 ASK:1.933 MID:1.932 P1:1.932 P2:1.932 P3:1.9315 P4:1.9315 STATE:IDLE
[2026-06-02 23:31:15Z] CHK MOM:-0.12% RANGE:0.15% UP:6.25% SPREAD:0.10357327% BID:1.931 ASK:1.933 MID:1.932 P1:1.932 P2:1.932 P3:1.9315 P4:1.9315 STATE:IDLE
[2026-06-02 23:31:16Z] CHK MOM:-0.12% RANGE:0.15% UP:6.66% SPREAD:0.10357327% BID:1.931 ASK:1.933 MID:1.932 P1:1.932 P2:1.932 P3:1.932 P4:1.9315 STATE:IDLE
[2026-06-02 23:31:16Z] CHK MOM:-0.07% RANGE:0.15% UP:12.5% SPREAD:0.10351966% BID:1.932 ASK:1.934 MID:1.93299999 P1:1.93299999 P2:1.932 P3:1.932 P4:1.932 STATE:IDLE
[2026-06-02 23:31:17Z] CHK MOM:-0.07% RANGE:0.15% UP:12.5% SPREAD:0.10351966% BID:1.932 ASK:1.934 MID:1.93299999 P1:1.93299999 P2:1.932 P3:1.932 P4:1.932 STATE:IDLE
[2026-06-02 23:31:18Z] CHK MOM:0% RANGE:0.1% UP:21.42% SPREAD:0.05173305% BID:1.933 ASK:1.934 MID:1.9335 P1:1.9335 P2:1.93299999 P3:1.932 P4:1.932 STATE:IDLE
[2026-06-02 23:31:18Z] CHK MOM:0.02% RANGE:0.1% UP:21.42% SPREAD:0.10351966% BID:1.932 ASK:1.934 MID:1.93299999 P1:1.93299999 P2:1.9335 P3:1.93299999 P4:1.932 STATE:IDLE
[2026-06-02 23:31:19Z] CHK MOM:0.02% RANGE:0.1% UP:21.42% SPREAD:0.10351966% BID:1.932 ASK:1.934 MID:1.93299999 P1:1.93299999 P2:1.93299999 P3:1.9335 P4:1.93299999 STATE:IDLE
[2026-06-02 23:31:19Z] CHK MOM:0.02% RANGE:0.1% UP:20% SPREAD:0.10351966% BID:1.932 ASK:1.934 MID:1.93299999 P1:1.93299999 P2:1.93299999 P3:1.93299999 P4:1.9335 STATE:IDLE
[2026-06-02 23:31:20Z] CHK MOM:-0.02% RANGE:0.1% UP:20% SPREAD:0.10357327% BID:1.931 ASK:1.933 MID:1.932 P1:1.932 P2:1.93299999 P3:1.93299999 P4:1.93299999 STATE:IDLE
[2026-06-02 23:31:20Z] CHK MOM:-0.02% RANGE:0.1% UP:20% SPREAD:0.10357327% BID:1.931 ASK:1.933 MID:1.932 P1:1.932 P2:1.93299999 P3:1.93299999 P4:1.93299999 STATE:IDLE
[2026-06-02 23:31:21Z] CHK MOM:-0.02% RANGE:0.1% UP:20% SPREAD:0.10357327% BID:1.931 ASK:1.933 MID:1.932 P1:1.932 P2:1.93299999 P3:1.93299999 P4:1.93299999 STATE:IDLE
[2026-06-02 23:31:21Z] CHK MOM:0% RANGE:0.1% UP:23.07% SPREAD:0.10357327% BID:1.931 ASK:1.933 MID:1.932 P1:1.932 P2:1.932 P3:1.93299999 P4:1.93299999 STATE:IDLE
[2026-06-02 23:31:22Z] CHK MOM:0% RANGE:0.1% UP:23.07% SPREAD:0.10357327% BID:1.931 ASK:1.933 MID:1.932 P1:1.932 P2:1.932 P3:1.93299999 P4:1.93299999 STATE:IDLE
[2026-06-02 23:31:23Z] CHK MOM:0% RANGE:0.1% UP:23.07% SPREAD:0.10357327% BID:1.931 ASK:1.933 MID:1.932 P1:1.932 P2:1.932 P3:1.93299999 P4:1.93299999 STATE:IDLE
[2026-06-02 23:31:23Z] CHK MOM:0.02% RANGE:0.1% UP:25% SPREAD:0.10357327% BID:1.931 ASK:1.933 MID:1.932 P1:1.932 P2:1.932 P3:1.932 P4:1.93299999 STATE:IDLE
[2026-06-02 23:31:24Z] CHK MOM:0.02% RANGE:0.1% UP:25% SPREAD:0.10357327% BID:1.931 ASK:1.933 MID:1.932 P1:1.932 P2:1.932 P3:1.932 P4:1.93299999 STATE:IDLE
[2026-06-02 23:31:24Z] CHK MOM:0.02% RANGE:0.1% UP:25% SPREAD:0.10357327% BID:1.931 ASK:1.933 MID:1.932 P1:1.932 P2:1.932 P3:1.932 P4:1.93299999 STATE:IDLE
[2026-06-02 23:31:25Z] CHK MOM:0% RANGE:0.07% UP:18.18% SPREAD:0.10357327% BID:1.931 ASK:1.933 MID:1.932 P1:1.932 P2:1.932 P3:1.932 P4:1.932 STATE:IDLE
[2026-06-02 23:31:25Z] CHK MOM:-0.02% RANGE:0.1% UP:16.66% SPREAD:0.05178663% BID:1.931 ASK:1.932 MID:1.9315 P1:1.9315 P2:1.932 P3:1.932 P4:1.932 STATE:IDLE
[2026-06-02 23:31:26Z] CHK MOM:-0.02% RANGE:0.1% UP:15.38% SPREAD:0.05178663% BID:1.931 ASK:1.932 MID:1.9315 P1:1.9315 P2:1.9315 P3:1.932 P4:1.932 STATE:IDLE
[2026-06-02 23:31:26Z] CHK MOM:0% RANGE:0.1% UP:25% SPREAD:0.10357327% BID:1.931 ASK:1.933 MID:1.932 P1:1.932 P2:1.9315 P3:1.9315 P4:1.932 STATE:IDLE
[2026-06-02 23:31:27Z] CHK MOM:0% RANGE:0.1% UP:23.07% SPREAD:0.10357327% BID:1.931 ASK:1.933 MID:1.932 P1:1.932 P2:1.932 P3:1.9315 P4:1.9315 STATE:IDLE
[2026-06-02 23:31:27Z] CHK MOM:0% RANGE:0.1% UP:23.07% SPREAD:0.10357327% BID:1.931 ASK:1.933 MID:1.932 P1:1.932 P2:1.932 P3:1.9315 P4:1.9315 STATE:IDLE
[2026-06-02 23:31:28Z] CHK MOM:0% RANGE:0.1% UP:23.07% SPREAD:0.10357327% BID:1.931 ASK:1.933 MID:1.932 P1:1.932 P2:1.932 P3:1.9315 P4:1.9315 STATE:IDLE
[2026-06-02 23:31:29Z] CHK MOM:-0.1% RANGE:0.1% UP:8.33% SPREAD:0.05178663% BID:1.931 ASK:1.932 MID:1.9315 P1:1.9315 P2:1.932 P3:1.932 P4:1.9315 STATE:IDLE
[2026-06-02 23:31:29Z] CHK MOM:-0.1% RANGE:0.1% UP:8.33% SPREAD:0.05178663% BID:1.931 ASK:1.932 MID:1.9315 P1:1.9315 P2:1.932 P3:1.932 P4:1.9315 STATE:IDLE
[2026-06-02 23:31:30Z] CHK MOM:-0.1% RANGE:0.1% UP:8.33% SPREAD:0.05178663% BID:1.931 ASK:1.932 MID:1.9315 P1:1.9315 P2:1.932 P3:1.932 P4:1.9315 STATE:IDLE
[2026-06-02 23:31:30Z] CHK MOM:-0.07% RANGE:0.07% UP:8.33% SPREAD:0.05178663% BID:1.931 ASK:1.932 MID:1.9315 P1:1.9315 P2:1.9315 P3:1.932 P4:1.932 STATE:IDLE
[2026-06-02 23:31:31Z] CHK MOM:-0.07% RANGE:0.07% UP:8.33% SPREAD:0.05178663% BID:1.931 ASK:1.932 MID:1.9315 P1:1.9315 P2:1.9315 P3:1.9315 P4:1.932 STATE:IDLE
[2026-06-02 23:31:31Z] CHK MOM:-0.02% RANGE:0.02% UP:9.09% SPREAD:0.05178663% BID:1.931 ASK:1.932 MID:1.9315 P1:1.9315 P2:1.9315 P3:1.9315 P4:1.9315 STATE:IDLE
[2026-06-02 23:31:32Z] CHK MOM:-0.02% RANGE:0.02% UP:8.33% SPREAD:0.05178663% BID:1.931 ASK:1.932 MID:1.9315 P1:1.9315 P2:1.9315 P3:1.9315 P4:1.9315 STATE:IDLE
[2026-06-02 23:31:32Z] CHK MOM:-0.02% RANGE:0.02% UP:8.33% SPREAD:0.05178663% BID:1.931 ASK:1.932 MID:1.9315 P1:1.9315 P2:1.9315 P3:1.9315 P4:1.9315 STATE:IDLE
[2026-06-02 23:31:33Z] CHK MOM:0% RANGE:0.02% UP:16.66% SPREAD:0.10357327% BID:1.931 ASK:1.933 MID:1.932 P1:1.932 P2:1.9315 P3:1.9315 P4:1.9315 STATE:IDLE
[2026-06-02 23:31:34Z] CHK MOM:0% RANGE:0.02% UP:16.66% SPREAD:0.10357327% BID:1.931 ASK:1.933 MID:1.932 P1:1.932 P2:1.9315 P3:1.9315 P4:1.9315 STATE:IDLE
[2026-06-02 23:31:34Z] CHK MOM:0% RANGE:0.02% UP:16.66% SPREAD:0.10357327% BID:1.931 ASK:1.933 MID:1.932 P1:1.932 P2:1.9315 P3:1.9315 P4:1.9315 STATE:IDLE
[2026-06-02 23:31:35Z] CHK MOM:0% RANGE:0.02% UP:16.66% SPREAD:0.10357327% BID:1.931 ASK:1.933 MID:1.932 P1:1.932 P2:1.9315 P3:1.9315 P4:1.9315 STATE:IDLE
[2026-06-02 23:31:35Z] CHK MOM:0% RANGE:0.02% UP:16.66% SPREAD:0.10357327% BID:1.931 ASK:1.933 MID:1.932 P1:1.932 P2:1.9315 P3:1.9315 P4:1.9315 STATE:IDLE
[2026-06-02 23:31:36Z] CHK MOM:-0.02% RANGE:0.02% UP:18.18% SPREAD:0.05178663% BID:1.931 ASK:1.932 MID:1.9315 P1:1.9315 P2:1.932 P3:1.9315 P4:1.9315 STATE:IDLE
[2026-06-02 23:31:37Z] CHK MOM:-0.02% RANGE:0.02% UP:18.18% SPREAD:0.05178663% BID:1.931 ASK:1.932 MID:1.9315 P1:1.9315 P2:1.932 P3:1.9315 P4:1.9315 STATE:IDLE
[2026-06-02 23:31:37Z] CHK MOM:-0.02% RANGE:0.02% UP:18.18% SPREAD:0.05178663% BID:1.931 ASK:1.932 MID:1.9315 P1:1.9315 P2:1.932 P3:1.9315 P4:1.9315 STATE:IDLE
[2026-06-02 23:31:38Z] CHK MOM:-0.02% RANGE:0.02% UP:11.11% SPREAD:0.05178663% BID:1.931 ASK:1.932 MID:1.9315 P1:1.9315 P2:1.9315 P3:1.932 P4:1.9315 STATE:IDLE
[2026-06-02 23:31:38Z] CHK MOM:-0.02% RANGE:0.02% UP:11.11% SPREAD:0.05178663% BID:1.931 ASK:1.932 MID:1.9315 P1:1.9315 P2:1.9315 P3:1.932 P4:1.9315 STATE:IDLE
[2026-06-02 23:31:39Z] CHK MOM:0.02% RANGE:0.02% UP:25% SPREAD:0.10357327% BID:1.931 ASK:1.933 MID:1.932 P1:1.932 P2:1.9315 P3:1.9315 P4:1.932 STATE:IDLE
[2026-06-02 23:31:40Z] CHK MOM:0% RANGE:0.02% UP:22.22% SPREAD:0.05178663% BID:1.931 ASK:1.932 MID:1.9315 P1:1.9315 P2:1.932 P3:1.9315 P4:1.9315 STATE:IDLE
[2026-06-02 23:31:40Z] CHK MOM:0% RANGE:0.02% UP:22.22% SPREAD:0.05178663% BID:1.931 ASK:1.932 MID:1.9315 P1:1.9315 P2:1.932 P3:1.9315 P4:1.9315 STATE:IDLE
[2026-06-02 23:31:41Z] CHK MOM:0% RANGE:0.02% UP:22.22% SPREAD:0.05178663% BID:1.931 ASK:1.932 MID:1.9315 P1:1.9315 P2:1.932 P3:1.9315 P4:1.9315 STATE:IDLE
[2026-06-02 23:31:41Z] CHK MOM:0% RANGE:0.02% UP:22.22% SPREAD:0.05178663% BID:1.931 ASK:1.932 MID:1.9315 P1:1.9315 P2:1.9315 P3:1.932 P4:1.9315 STATE:IDLE
[2026-06-02 23:31:42Z] CHK MOM:0% RANGE:0.02% UP:20% SPREAD:0.05178663% BID:1.931 ASK:1.932 MID:1.9315 P1:1.9315 P2:1.9315 P3:1.9315 P4:1.932 STATE:IDLE
[2026-06-02 23:31:42Z] CHK MOM:0.02% RANGE:0.02% UP:27.27% SPREAD:0.10357327% BID:1.931 ASK:1.933 MID:1.932 P1:1.932 P2:1.9315 P3:1.9315 P4:1.9315 STATE:IDLE
[2026-06-02 23:31:43Z] CHK MOM:0.02% RANGE:0.02% UP:27.27% SPREAD:0.10357327% BID:1.931 ASK:1.933 MID:1.932 P1:1.932 P2:1.932 P3:1.9315 P4:1.9315 STATE:IDLE
[2026-06-02 23:31:43Z] CHK MOM:0.02% RANGE:0.02% UP:30% SPREAD:0.10357327% BID:1.931 ASK:1.933 MID:1.932 P1:1.932 P2:1.932 P3:1.932 P4:1.9315 STATE:IDLE
[2026-06-02 23:31:44Z] CHK MOM:0.02% RANGE:0.02% UP:30% SPREAD:0.10357327% BID:1.931 ASK:1.933 MID:1.932 P1:1.932 P2:1.932 P3:1.932 P4:1.9315 STATE:IDLE
[2026-06-02 23:31:45Z] CHK MOM:0.02% RANGE:0.05% UP:30% SPREAD:0.15535991% BID:1.931 ASK:1.934 MID:1.9325 P1:1.9325 P2:1.932 P3:1.932 P4:1.932 STATE:IDLE
[2026-06-02 23:31:45Z] CHK MOM:0.02% RANGE:0.05% UP:30% SPREAD:0.10357327% BID:1.931 ASK:1.933 MID:1.932 P1:1.932 P2:1.9325 P3:1.932 P4:1.932 STATE:IDLE
[2026-06-02 23:31:46Z] CHK MOM:0.02% RANGE:0.05% UP:30% SPREAD:0.10357327% BID:1.931 ASK:1.933 MID:1.932 P1:1.932 P2:1.9325 P3:1.932 P4:1.932 STATE:IDLE
[2026-06-02 23:31:46Z] CHK MOM:0.02% RANGE:0.05% UP:30% SPREAD:0.10357327% BID:1.931 ASK:1.933 MID:1.932 P1:1.932 P2:1.9325 P3:1.932 P4:1.932 STATE:IDLE
[2026-06-02 23:31:47Z] CHK MOM:0.05% RANGE:0.05% UP:36.36% SPREAD:0.15535991% BID:1.931 ASK:1.934 MID:1.9325 P1:1.9325 P2:1.932 P3:1.9325 P4:1.932 STATE:IDLE
[2026-06-02 23:31:47Z] CHK MOM:0.02% RANGE:0.05% UP:33.33% SPREAD:0.10357327% BID:1.931 ASK:1.933 MID:1.932 P1:1.932 P2:1.9325 P3:1.932 P4:1.9325 STATE:IDLE
[2026-06-02 23:31:48Z] CHK MOM:0.02% RANGE:0.05% UP:33.33% SPREAD:0.10357327% BID:1.931 ASK:1.933 MID:1.932 P1:1.932 P2:1.9325 P3:1.932 P4:1.9325 STATE:IDLE
[2026-06-02 23:31:48Z] CHK MOM:0.02% RANGE:0.05% UP:33.33% SPREAD:0.10357327% BID:1.931 ASK:1.933 MID:1.932 P1:1.932 P2:1.932 P3:1.9325 P4:1.932 STATE:IDLE
[2026-06-02 23:31:49Z] CHK MOM:0.02% RANGE:0.05% UP:30.76% SPREAD:0.10357327% BID:1.931 ASK:1.933 MID:1.932 P1:1.932 P2:1.932 P3:1.932 P4:1.9325 STATE:IDLE
[2026-06-02 23:31:49Z] CHK MOM:0.02% RANGE:0.05% UP:30.76% SPREAD:0.10357327% BID:1.931 ASK:1.933 MID:1.932 P1:1.932 P2:1.932 P3:1.932 P4:1.9325 STATE:IDLE
[2026-06-02 23:31:50Z] CHK MOM:0.02% RANGE:0.05% UP:28.57% SPREAD:0.10357327% BID:1.931 ASK:1.933 MID:1.932 P1:1.932 P2:1.932 P3:1.932 P4:1.932 STATE:IDLE
[2026-06-02 23:31:51Z] CHK MOM:-0.02% RANGE:0.05% UP:21.42% SPREAD:0.05178663% BID:1.931 ASK:1.932 MID:1.9315 P1:1.9315 P2:1.932 P3:1.932 P4:1.932 STATE:IDLE
[2026-06-02 23:31:51Z] CHK MOM:0% RANGE:0.05% UP:21.42% SPREAD:0.05178663% BID:1.931 ASK:1.932 MID:1.9315 P1:1.9315 P2:1.9315 P3:1.932 P4:1.932 STATE:IDLE
[2026-06-02 23:31:52Z] CHK MOM:0% RANGE:0.05% UP:21.42% SPREAD:0.05178663% BID:1.931 ASK:1.932 MID:1.9315 P1:1.9315 P2:1.9315 P3:1.932 P4:1.932 STATE:IDLE
[2026-06-02 23:31:52Z] CHK MOM:0% RANGE:0.05% UP:21.42% SPREAD:0.05178663% BID:1.931 ASK:1.932 MID:1.9315 P1:1.9315 P2:1.9315 P3:1.9315 P4:1.932 STATE:IDLE
[2026-06-02 23:31:53Z] CHK MOM:0% RANGE:0.05% UP:20% SPREAD:0.05178663% BID:1.931 ASK:1.932 MID:1.9315 P1:1.9315 P2:1.9315 P3:1.9315 P4:1.9315 STATE:IDLE
[2026-06-02 23:31:53Z] CHK MOM:0% RANGE:0.05% UP:20% SPREAD:0.05178663% BID:1.931 ASK:1.932 MID:1.9315 P1:1.9315 P2:1.9315 P3:1.9315 P4:1.9315 STATE:IDLE
[2026-06-02 23:31:54Z] CHK MOM:-0.02% RANGE:0.05% UP:13.33% SPREAD:0.05178663% BID:1.931 ASK:1.932 MID:1.9315 P1:1.9315 P2:1.9315 P3:1.9315 P4:1.9315 STATE:IDLE
[2026-06-02 23:31:54Z] CHK MOM:-0.02% RANGE:0.05% UP:13.33% SPREAD:0.05178663% BID:1.931 ASK:1.932 MID:1.9315 P1:1.9315 P2:1.9315 P3:1.9315 P4:1.9315 STATE:IDLE
[2026-06-02 23:31:55Z] CHK MOM:-0.02% RANGE:0.05% UP:13.33% SPREAD:0.05178663% BID:1.931 ASK:1.932 MID:1.9315 P1:1.9315 P2:1.9315 P3:1.9315 P4:1.9315 STATE:IDLE
[2026-06-02 23:31:56Z] CHK MOM:-0.02% RANGE:0.05% UP:12.5% SPREAD:0.05178663% BID:1.931 ASK:1.932 MID:1.9315 P1:1.9315 P2:1.9315 P3:1.9315 P4:1.9315 STATE:IDLE
[2026-06-02 23:31:56Z] CHK MOM:-0.02% RANGE:0.05% UP:12.5% SPREAD:0.05178663% BID:1.931 ASK:1.932 MID:1.9315 P1:1.9315 P2:1.9315 P3:1.9315 P4:1.9315 STATE:IDLE
[2026-06-02 23:31:57Z] CHK MOM:-0.02% RANGE:0.05% UP:6.66% SPREAD:0.05178663% BID:1.931 ASK:1.932 MID:1.9315 P1:1.9315 P2:1.9315 P3:1.9315 P4:1.9315 STATE:IDLE
[2026-06-02 23:31:57Z] CHK MOM:-0.05% RANGE:0.05% UP:0% SPREAD:0.05178663% BID:1.931 ASK:1.932 MID:1.9315 P1:1.9315 P2:1.9315 P3:1.9315 P4:1.9315 STATE:IDLE
[2026-06-02 23:31:58Z] CHK MOM:-0.05% RANGE:0.05% UP:0% SPREAD:0.05178663% BID:1.931 ASK:1.932 MID:1.9315 P1:1.9315 P2:1.9315 P3:1.9315 P4:1.9315 STATE:IDLE
[2026-06-02 23:31:58Z] CHK MOM:-0.05% RANGE:0.05% UP:0% SPREAD:0.05178663% BID:1.931 ASK:1.932 MID:1.9315 P1:1.9315 P2:1.9315 P3:1.9315 P4:1.9315 STATE:IDLE
[2026-06-02 23:31:59Z] CHK MOM:-0.05% RANGE:0.05% UP:0% SPREAD:0.05178663% BID:1.931 ASK:1.932 MID:1.9315 P1:1.9315 P2:1.9315 P3:1.9315 P4:1.9315 STATE:IDLE
[2026-06-02 23:31:59Z] CHK MOM:-0.02% RANGE:0.02% UP:0% SPREAD:0.05178663% BID:1.931 ASK:1.932 MID:1.9315 P1:1.9315 P2:1.9315 P3:1.9315 P4:1.9315 STATE:IDLE
[2026-06-02 23:32:00Z] CHK MOM:-0.02% RANGE:0.02% UP:0% SPREAD:0.05178663% BID:1.931 ASK:1.932 MID:1.9315 P1:1.9315 P2:1.9315 P3:1.9315 P4:1.9315 STATE:IDLE
[2026-06-02 23:32:00Z] CHK MOM:-0.02% RANGE:0.02% UP:0% SPREAD:0.05178663% BID:1.931 ASK:1.932 MID:1.9315 P1:1.9315 P2:1.9315 P3:1.9315 P4:1.9315 STATE:IDLE
[2026-06-02 23:32:01Z] CHK MOM:-0.02% RANGE:0.02% UP:0% SPREAD:0.05178663% BID:1.931 ASK:1.932 MID:1.9315 P1:1.9315 P2:1.9315 P3:1.9315 P4:1.9315 STATE:IDLE
[2026-06-02 23:32:02Z] CHK MOM:0% RANGE:0.02% UP:5.88% SPREAD:0.10357327% BID:1.931 ASK:1.933 MID:1.932 P1:1.932 P2:1.9315 P3:1.9315 P4:1.9315 STATE:IDLE
[2026-06-02 23:32:02Z] CHK MOM:0.02% RANGE:0.02% UP:5.88% SPREAD:0.10357327% BID:1.931 ASK:1.933 MID:1.932 P1:1.932 P2:1.932 P3:1.9315 P4:1.9315 STATE:IDLE
[2026-06-02 23:32:03Z] CHK MOM:0.02% RANGE:0.02% UP:5.88% SPREAD:0.10357327% BID:1.931 ASK:1.933 MID:1.932 P1:1.932 P2:1.932 P3:1.9315 P4:1.9315 STATE:IDLE
[2026-06-02 23:32:03Z] CHK MOM:0% RANGE:0.02% UP:5.88% SPREAD:0.05178663% BID:1.931 ASK:1.932 MID:1.9315 P1:1.9315 P2:1.932 P3:1.932 P4:1.9315 STATE:IDLE
[2026-06-02 23:32:04Z] CHK MOM:0.02% RANGE:0.02% UP:11.76% SPREAD:0.10357327% BID:1.931 ASK:1.933 MID:1.932 P1:1.932 P2:1.9315 P3:1.932 P4:1.932 STATE:IDLE
[2026-06-02 23:32:04Z] CHK MOM:0% RANGE:0.02% UP:11.11% SPREAD:0.05178663% BID:1.931 ASK:1.932 MID:1.9315 P1:1.9315 P2:1.932 P3:1.9315 P4:1.932 STATE:IDLE
[2026-06-02 23:32:05Z] CHK MOM:0% RANGE:0.02% UP:11.76% SPREAD:0.05178663% BID:1.931 ASK:1.932 MID:1.9315 P1:1.9315 P2:1.9315 P3:1.932 P4:1.9315 STATE:IDLE
[2026-06-02 23:32:05Z] CHK MOM:0% RANGE:0.02% UP:11.76% SPREAD:0.05178663% BID:1.931 ASK:1.932 MID:1.9315 P1:1.9315 P2:1.9315 P3:1.9315 P4:1.932 STATE:IDLE
[2026-06-02 23:32:06Z] CHK MOM:0% RANGE:0.02% UP:11.76% SPREAD:0.05178663% BID:1.931 ASK:1.932 MID:1.9315 P1:1.9315 P2:1.9315 P3:1.9315 P4:1.9315 STATE:IDLE
[2026-06-02 23:32:07Z] CHK MOM:0% RANGE:0.02% UP:11.76% SPREAD:0.05178663% BID:1.931 ASK:1.932 MID:1.9315 P1:1.9315 P2:1.9315 P3:1.9315 P4:1.9315 STATE:IDLE
[2026-06-02 23:32:07Z] CHK MOM:0% RANGE:0.02% UP:12.5% SPREAD:0.05178663% BID:1.931 ASK:1.932 MID:1.9315 P1:1.9315 P2:1.9315 P3:1.9315 P4:1.9315 STATE:IDLE
[2026-06-02 23:32:08Z] CHK MOM:0% RANGE:0.02% UP:12.5% SPREAD:0.05178663% BID:1.931 ASK:1.932 MID:1.9315 P1:1.9315 P2:1.9315 P3:1.9315 P4:1.9315 STATE:IDLE
[2026-06-02 23:32:08Z] CHK MOM:0% RANGE:0.02% UP:11.76% SPREAD:0.05178663% BID:1.931 ASK:1.932 MID:1.9315 P1:1.9315 P2:1.9315 P3:1.9315 P4:1.9315 STATE:IDLE
[2026-06-02 23:32:08Z] TOKEN_SWITCH old=TONUSDC new=JUPUSDC source=.service.env
[2026-06-02 23:50:54Z] SESSION_START symbol=TONUSDC dry_run=0 profile=major strategy=momentum base_url=https://api.binance.com
[2026-06-02 23:50:54Z] TOXIC_MEMORY_LOADED count=1 symbols=ORDIUSDC
[2026-06-02 23:50:57Z] CHK MOM:0% RANGE:0% UP:0% SPREAD:0.05058168% BID:1.977 ASK:1.978 MID:1.9775 P1:1.9775 P2:NA P3:NA P4:NA STATE:IDLE
[2026-06-02 23:50:58Z] CHK MOM:-0.02% RANGE:0.02% UP:0% SPREAD:0.10121457% BID:1.976 ASK:1.978 MID:1.97699999 P1:1.97699999 P2:1.9775 P3:NA P4:NA STATE:IDLE
[2026-06-02 23:50:58Z] CHK MOM:-0.02% RANGE:0.02% UP:0% SPREAD:0.10121457% BID:1.976 ASK:1.978 MID:1.97699999 P1:1.97699999 P2:1.9775 P3:NA P4:NA STATE:IDLE
[2026-06-02 23:50:59Z] CHK MOM:-0.02% RANGE:0.02% UP:0% SPREAD:0.10121457% BID:1.976 ASK:1.978 MID:1.97699999 P1:1.97699999 P2:1.9775 P3:NA P4:NA STATE:IDLE
[2026-06-02 23:50:59Z] CHK MOM:-0.02% RANGE:0.02% UP:0% SPREAD:0.10121457% BID:1.976 ASK:1.978 MID:1.97699999 P1:1.97699999 P2:1.97699999 P3:1.9775 P4:NA STATE:IDLE
[2026-06-02 23:51:00Z] CHK MOM:0% RANGE:0.02% UP:33.33% SPREAD:0.05058168% BID:1.977 ASK:1.978 MID:1.9775 P1:1.9775 P2:1.97699999 P3:1.97699999 P4:1.9775 STATE:IDLE
[2026-06-02 23:51:00Z] CHK MOM:0% RANGE:0.02% UP:25% SPREAD:0.05058168% BID:1.977 ASK:1.978 MID:1.9775 P1:1.9775 P2:1.9775 P3:1.97699999 P4:1.97699999 STATE:IDLE
[2026-06-02 23:51:01Z] CHK MOM:-0.02% RANGE:0.02% UP:20% SPREAD:0.10121457% BID:1.976 ASK:1.978 MID:1.97699999 P1:1.97699999 P2:1.9775 P3:1.9775 P4:1.97699999 STATE:IDLE
[2026-06-02 23:51:01Z] CHK MOM:-0.02% RANGE:0.02% UP:20% SPREAD:0.10121457% BID:1.976 ASK:1.978 MID:1.97699999 P1:1.97699999 P2:1.9775 P3:1.9775 P4:1.97699999 STATE:IDLE
[2026-06-02 23:51:02Z] CHK MOM:-0.02% RANGE:0.02% UP:20% SPREAD:0.10121457% BID:1.976 ASK:1.978 MID:1.97699999 P1:1.97699999 P2:1.9775 P3:1.9775 P4:1.97699999 STATE:IDLE
[2026-06-02 23:51:03Z] CHK MOM:-0.02% RANGE:0.02% UP:20% SPREAD:0.10121457% BID:1.976 ASK:1.978 MID:1.97699999 P1:1.97699999 P2:1.9775 P3:1.9775 P4:1.97699999 STATE:IDLE
[2026-06-02 23:51:03Z] CHK MOM:-0.02% RANGE:0.02% UP:20% SPREAD:0.10121457% BID:1.976 ASK:1.978 MID:1.97699999 P1:1.97699999 P2:1.9775 P3:1.9775 P4:1.97699999 STATE:IDLE
[2026-06-02 23:51:05Z] CHK MOM:-0.1% RANGE:0.1% UP:16.66% SPREAD:0.05063291% BID:1.975 ASK:1.976 MID:1.9755 P1:1.9755 P2:1.97699999 P3:1.9775 P4:1.9775 STATE:IDLE
[2026-06-02 23:51:06Z] CHK MOM:-0.1% RANGE:0.1% UP:16.66% SPREAD:0.05063291% BID:1.975 ASK:1.976 MID:1.9755 P1:1.9755 P2:1.97699999 P3:1.9775 P4:1.9775 STATE:IDLE
[2026-06-02 23:51:06Z] CHK MOM:-0.1% RANGE:0.1% UP:14.28% SPREAD:0.05063291% BID:1.975 ASK:1.976 MID:1.9755 P1:1.9755 P2:1.9755 P3:1.97699999 P4:1.9775 STATE:IDLE
[2026-06-02 23:51:07Z] CHK MOM:-0.1% RANGE:0.1% UP:12.5% SPREAD:0.05063291% BID:1.975 ASK:1.976 MID:1.9755 P1:1.9755 P2:1.9755 P3:1.9755 P4:1.97699999 STATE:IDLE
[2026-06-02 23:51:07Z] CHK MOM:-0.1% RANGE:0.1% UP:11.11% SPREAD:0.05063291% BID:1.975 ASK:1.976 MID:1.9755 P1:1.9755 P2:1.9755 P3:1.9755 P4:1.9755 STATE:IDLE
[2026-06-02 23:51:08Z] CHK MOM:-0.1% RANGE:0.1% UP:10% SPREAD:0.05063291% BID:1.975 ASK:1.976 MID:1.9755 P1:1.9755 P2:1.9755 P3:1.9755 P4:1.9755 STATE:IDLE
[2026-06-02 23:51:09Z] CHK MOM:-0.05% RANGE:0.1% UP:18.18% SPREAD:0.05060728% BID:1.976 ASK:1.977 MID:1.9765 P1:1.9765 P2:1.9755 P3:1.9755 P4:1.9755 STATE:IDLE
[2026-06-02 23:51:09Z] CHK MOM:-0.02% RANGE:0.1% UP:18.18% SPREAD:0.05060728% BID:1.976 ASK:1.977 MID:1.9765 P1:1.9765 P2:1.9765 P3:1.9755 P4:1.9755 STATE:IDLE
[2026-06-02 23:51:10Z] CHK MOM:-0.02% RANGE:0.1% UP:18.18% SPREAD:0.05060728% BID:1.976 ASK:1.977 MID:1.9765 P1:1.9765 P2:1.9765 P3:1.9765 P4:1.9755 STATE:IDLE
[2026-06-02 23:51:10Z] CHK MOM:-0.02% RANGE:0.1% UP:18.18% SPREAD:0.05060728% BID:1.976 ASK:1.977 MID:1.9765 P1:1.9765 P2:1.9765 P3:1.9765 P4:1.9755 STATE:IDLE
[2026-06-02 23:51:11Z] CHK MOM:-0.02% RANGE:0.1% UP:16.66% SPREAD:0.05060728% BID:1.976 ASK:1.977 MID:1.9765 P1:1.9765 P2:1.9765 P3:1.9765 P4:1.9765 STATE:IDLE
[2026-06-02 23:51:11Z] CHK MOM:-0.02% RANGE:0.1% UP:16.66% SPREAD:0.05060728% BID:1.976 ASK:1.977 MID:1.9765 P1:1.9765 P2:1.9765 P3:1.9765 P4:1.9765 STATE:IDLE
[2026-06-02 23:51:12Z] CHK MOM:-0.05% RANGE:0.1% UP:8.33% SPREAD:0.15189873% BID:1.975 ASK:1.978 MID:1.9765 P1:1.9765 P2:1.9765 P3:1.9765 P4:1.9765 STATE:IDLE
[2026-06-02 23:51:12Z] CHK MOM:-0.05% RANGE:0.1% UP:8.33% SPREAD:0.15189873% BID:1.975 ASK:1.978 MID:1.9765 P1:1.9765 P2:1.9765 P3:1.9765 P4:1.9765 STATE:IDLE
[2026-06-02 23:51:13Z] CHK MOM:0.05% RANGE:0.05% UP:9.09% SPREAD:0.15189873% BID:1.975 ASK:1.978 MID:1.9765 P1:1.9765 P2:1.9765 P3:1.9765 P4:1.9765 STATE:IDLE
[2026-06-02 23:51:14Z] CHK MOM:0.05% RANGE:0.05% UP:9.09% SPREAD:0.15189873% BID:1.975 ASK:1.978 MID:1.9765 P1:1.9765 P2:1.9765 P3:1.9765 P4:1.9765 STATE:IDLE
[2026-06-02 23:51:14Z] CHK MOM:0.02% RANGE:0.05% UP:8.33% SPREAD:0.10126582% BID:1.975 ASK:1.977 MID:1.976 P1:1.976 P2:1.9765 P3:1.9765 P4:1.9765 STATE:IDLE
[2026-06-02 23:51:15Z] CHK MOM:0.02% RANGE:0.05% UP:7.69% SPREAD:0.10126582% BID:1.975 ASK:1.977 MID:1.976 P1:1.976 P2:1.976 P3:1.9765 P4:1.9765 STATE:IDLE
[2026-06-02 23:51:15Z] CHK MOM:0.05% RANGE:0.05% UP:14.28% SPREAD:0.05060728% BID:1.976 ASK:1.977 MID:1.9765 P1:1.9765 P2:1.976 P3:1.976 P4:1.9765 STATE:IDLE
[2026-06-02 23:51:16Z] CHK MOM:0.05% RANGE:0.05% UP:13.33% SPREAD:0.05060728% BID:1.976 ASK:1.977 MID:1.9765 P1:1.9765 P2:1.9765 P3:1.976 P4:1.976 STATE:IDLE
[2026-06-02 23:51:16Z] CHK MOM:0.02% RANGE:0.05% UP:12.5% SPREAD:0.10126582% BID:1.975 ASK:1.977 MID:1.976 P1:1.976 P2:1.9765 P3:1.9765 P4:1.976 STATE:IDLE
[2026-06-02 23:51:17Z] CHK MOM:0.02% RANGE:0.05% UP:12.5% SPREAD:0.10126582% BID:1.975 ASK:1.977 MID:1.976 P1:1.976 P2:1.9765 P3:1.9765 P4:1.976 STATE:IDLE
[2026-06-02 23:51:17Z] CHK MOM:0.02% RANGE:0.05% UP:11.76% SPREAD:0.10126582% BID:1.975 ASK:1.977 MID:1.976 P1:1.976 P2:1.976 P3:1.9765 P4:1.9765 STATE:IDLE
[2026-06-02 23:51:18Z] CHK MOM:0.02% RANGE:0.05% UP:11.76% SPREAD:0.10126582% BID:1.975 ASK:1.977 MID:1.976 P1:1.976 P2:1.976 P3:1.976 P4:1.9765 STATE:IDLE
[2026-06-02 23:51:18Z] CHK MOM:0.05% RANGE:0.05% UP:16.66% SPREAD:0.05060728% BID:1.976 ASK:1.977 MID:1.9765 P1:1.9765 P2:1.976 P3:1.976 P4:1.976 STATE:IDLE
[2026-06-02 23:51:19Z] CHK MOM:0.05% RANGE:0.05% UP:16.66% SPREAD:0.05060728% BID:1.976 ASK:1.977 MID:1.9765 P1:1.9765 P2:1.976 P3:1.976 P4:1.976 STATE:IDLE
[2026-06-02 23:51:20Z] CHK MOM:0.02% RANGE:0.05% UP:18.75% SPREAD:0.10126582% BID:1.975 ASK:1.977 MID:1.976 P1:1.976 P2:1.9765 P3:1.976 P4:1.976 STATE:IDLE
[2026-06-02 23:51:20Z] CHK MOM:-0.02% RANGE:0.02% UP:12.5% SPREAD:0.10126582% BID:1.975 ASK:1.977 MID:1.976 P1:1.976 P2:1.976 P3:1.9765 P4:1.976 STATE:IDLE
[2026-06-02 23:51:21Z] CHK MOM:-0.02% RANGE:0.02% UP:12.5% SPREAD:0.10126582% BID:1.975 ASK:1.977 MID:1.976 P1:1.976 P2:1.976 P3:1.9765 P4:1.976 STATE:IDLE
[2026-06-02 23:51:21Z] CHK MOM:-0.02% RANGE:0.02% UP:12.5% SPREAD:0.10126582% BID:1.975 ASK:1.977 MID:1.976 P1:1.976 P2:1.976 P3:1.976 P4:1.9765 STATE:IDLE
[2026-06-02 23:51:22Z] CHK MOM:0% RANGE:0.02% UP:18.75% SPREAD:0.05060728% BID:1.976 ASK:1.977 MID:1.9765 P1:1.9765 P2:1.976 P3:1.976 P4:1.976 STATE:IDLE
[2026-06-02 23:51:22Z] CHK MOM:-0.02% RANGE:0.02% UP:18.75% SPREAD:0.10126582% BID:1.975 ASK:1.977 MID:1.976 P1:1.976 P2:1.9765 P3:1.976 P4:1.976 STATE:IDLE
[2026-06-02 23:51:23Z] CHK MOM:-0.02% RANGE:0.02% UP:18.75% SPREAD:0.10126582% BID:1.975 ASK:1.977 MID:1.976 P1:1.976 P2:1.9765 P3:1.976 P4:1.976 STATE:IDLE
[2026-06-02 23:51:23Z] CHK MOM:-0.02% RANGE:0.02% UP:18.75% SPREAD:0.10126582% BID:1.975 ASK:1.977 MID:1.976 P1:1.976 P2:1.976 P3:1.9765 P4:1.976 STATE:IDLE
[2026-06-02 23:51:24Z] CHK MOM:-0.02% RANGE:0.02% UP:18.75% SPREAD:0.10126582% BID:1.975 ASK:1.977 MID:1.976 P1:1.976 P2:1.976 P3:1.9765 P4:1.976 STATE:IDLE
[2026-06-02 23:51:25Z] CHK MOM:-0.02% RANGE:0.02% UP:18.75% SPREAD:0.10126582% BID:1.975 ASK:1.977 MID:1.976 P1:1.976 P2:1.976 P3:1.976 P4:1.9765 STATE:IDLE
[2026-06-02 23:51:25Z] CHK MOM:-0.02% RANGE:0.02% UP:18.75% SPREAD:0.10126582% BID:1.975 ASK:1.977 MID:1.976 P1:1.976 P2:1.976 P3:1.976 P4:1.976 STATE:IDLE
[2026-06-02 23:51:26Z] CHK MOM:-0.02% RANGE:0.02% UP:18.75% SPREAD:0.10126582% BID:1.975 ASK:1.977 MID:1.976 P1:1.976 P2:1.976 P3:1.976 P4:1.976 STATE:IDLE
[2026-06-02 23:51:26Z] CHK MOM:-0.02% RANGE:0.02% UP:18.75% SPREAD:0.10126582% BID:1.975 ASK:1.977 MID:1.976 P1:1.976 P2:1.976 P3:1.976 P4:1.976 STATE:IDLE
[2026-06-02 23:51:27Z] CHK MOM:-0.02% RANGE:0.02% UP:18.75% SPREAD:0.10126582% BID:1.975 ASK:1.977 MID:1.976 P1:1.976 P2:1.976 P3:1.976 P4:1.976 STATE:IDLE
[2026-06-02 23:51:27Z] CHK MOM:-0.02% RANGE:0.02% UP:18.75% SPREAD:0.10126582% BID:1.975 ASK:1.977 MID:1.976 P1:1.976 P2:1.976 P3:1.976 P4:1.976 STATE:IDLE
[2026-06-02 23:51:29Z] CHK MOM:0% RANGE:0.02% UP:18.18% SPREAD:0.10126582% BID:1.975 ASK:1.977 MID:1.976 P1:1.976 P2:1.976 P3:1.976 P4:1.976 STATE:IDLE
[2026-06-02 23:51:29Z] CHK MOM:0% RANGE:0.02% UP:16.66% SPREAD:0.10126582% BID:1.975 ASK:1.977 MID:1.976 P1:1.976 P2:1.976 P3:1.976 P4:1.976 STATE:IDLE
[2026-06-02 23:51:30Z] CHK MOM:0% RANGE:0.02% UP:16.66% SPREAD:0.10126582% BID:1.975 ASK:1.977 MID:1.976 P1:1.976 P2:1.976 P3:1.976 P4:1.976 STATE:IDLE
[2026-06-02 23:51:31Z] CHK MOM:0% RANGE:0.02% UP:10% SPREAD:0.10126582% BID:1.975 ASK:1.977 MID:1.976 P1:1.976 P2:1.976 P3:1.976 P4:1.976 STATE:IDLE
[2026-06-02 23:51:31Z] CHK MOM:0% RANGE:0.02% UP:10% SPREAD:0.10126582% BID:1.975 ASK:1.977 MID:1.976 P1:1.976 P2:1.976 P3:1.976 P4:1.976 STATE:IDLE
[2026-06-02 23:51:32Z] CHK MOM:0% RANGE:0.02% UP:10% SPREAD:0.10126582% BID:1.975 ASK:1.977 MID:1.976 P1:1.976 P2:1.976 P3:1.976 P4:1.976 STATE:IDLE
[2026-06-02 23:51:32Z] CHK MOM:0.02% RANGE:0.02% UP:20% SPREAD:0.05060728% BID:1.976 ASK:1.977 MID:1.9765 P1:1.9765 P2:1.976 P3:1.976 P4:1.976 STATE:IDLE
[2026-06-02 23:51:33Z] CHK MOM:0.02% RANGE:0.02% UP:20% SPREAD:0.05060728% BID:1.976 ASK:1.977 MID:1.9765 P1:1.9765 P2:1.976 P3:1.976 P4:1.976 STATE:IDLE
[2026-06-02 23:51:33Z] CHK MOM:0.02% RANGE:0.02% UP:20% SPREAD:0.05060728% BID:1.976 ASK:1.977 MID:1.9765 P1:1.9765 P2:1.976 P3:1.976 P4:1.976 STATE:IDLE
[2026-06-02 23:51:34Z] CHK MOM:0% RANGE:0.02% UP:10% SPREAD:0.05060728% BID:1.976 ASK:1.977 MID:1.9765 P1:1.9765 P2:1.9765 P3:1.976 P4:1.976 STATE:IDLE
[2026-06-02 23:51:34Z] CHK MOM:0% RANGE:0.02% UP:10% SPREAD:0.05060728% BID:1.976 ASK:1.977 MID:1.9765 P1:1.9765 P2:1.9765 P3:1.976 P4:1.976 STATE:IDLE
[2026-06-02 23:51:35Z] CHK MOM:0% RANGE:0.02% UP:10% SPREAD:0.05060728% BID:1.976 ASK:1.977 MID:1.9765 P1:1.9765 P2:1.9765 P3:1.976 P4:1.976 STATE:IDLE
[2026-06-02 23:51:36Z] CHK MOM:0.02% RANGE:0.02% UP:11.11% SPREAD:0.05060728% BID:1.976 ASK:1.977 MID:1.9765 P1:1.9765 P2:1.9765 P3:1.9765 P4:1.976 STATE:IDLE
[2026-06-02 23:51:36Z] CHK MOM:0.02% RANGE:0.02% UP:11.11% SPREAD:0.05060728% BID:1.976 ASK:1.977 MID:1.9765 P1:1.9765 P2:1.9765 P3:1.9765 P4:1.976 STATE:IDLE
[2026-06-02 23:51:37Z] CHK MOM:0.02% RANGE:0.02% UP:11.11% SPREAD:0.05060728% BID:1.976 ASK:1.977 MID:1.9765 P1:1.9765 P2:1.9765 P3:1.9765 P4:1.976 STATE:IDLE
[2026-06-02 23:51:37Z] CHK MOM:0.02% RANGE:0.02% UP:11.11% SPREAD:0.05060728% BID:1.976 ASK:1.977 MID:1.9765 P1:1.9765 P2:1.9765 P3:1.9765 P4:1.976 STATE:IDLE
[2026-06-02 23:51:38Z] CHK MOM:0.02% RANGE:0.02% UP:11.11% SPREAD:0.05060728% BID:1.976 ASK:1.977 MID:1.9765 P1:1.9765 P2:1.9765 P3:1.9765 P4:1.976 STATE:IDLE
[2026-06-02 23:51:40Z] CHK MOM:0% RANGE:0.02% UP:14.28% SPREAD:0.10126582% BID:1.975 ASK:1.977 MID:1.976 P1:1.976 P2:1.9765 P3:1.9765 P4:1.9765 STATE:IDLE
[2026-06-02 23:51:40Z] CHK MOM:0% RANGE:0.02% UP:12.5% SPREAD:0.10126582% BID:1.975 ASK:1.977 MID:1.976 P1:1.976 P2:1.976 P3:1.9765 P4:1.9765 STATE:IDLE
[2026-06-02 23:51:41Z] CHK MOM:0% RANGE:0.02% UP:11.11% SPREAD:0.10126582% BID:1.975 ASK:1.977 MID:1.976 P1:1.976 P2:1.976 P3:1.976 P4:1.9765 STATE:IDLE
[2026-06-02 23:51:42Z] CHK MOM:0.02% RANGE:0.02% UP:25% SPREAD:0.05060728% BID:1.976 ASK:1.977 MID:1.9765 P1:1.9765 P2:1.976 P3:1.976 P4:1.976 STATE:IDLE
[2026-06-02 23:51:42Z] CHK MOM:0.02% RANGE:0.02% UP:25% SPREAD:0.05060728% BID:1.976 ASK:1.977 MID:1.9765 P1:1.9765 P2:1.976 P3:1.976 P4:1.976 STATE:IDLE
[2026-06-02 23:51:43Z] CHK MOM:0.02% RANGE:0.02% UP:25% SPREAD:0.05060728% BID:1.976 ASK:1.977 MID:1.9765 P1:1.9765 P2:1.976 P3:1.976 P4:1.976 STATE:IDLE
[2026-06-02 23:51:43Z] CHK MOM:0.02% RANGE:0.02% UP:25% SPREAD:0.05060728% BID:1.976 ASK:1.977 MID:1.9765 P1:1.9765 P2:1.9765 P3:1.976 P4:1.976 STATE:IDLE
[2026-06-02 23:51:44Z] CHK MOM:0.02% RANGE:0.02% UP:25% SPREAD:0.05060728% BID:1.976 ASK:1.977 MID:1.9765 P1:1.9765 P2:1.9765 P3:1.976 P4:1.976 STATE:IDLE
[2026-06-02 23:51:44Z] CHK MOM:0.02% RANGE:0.02% UP:25% SPREAD:0.05060728% BID:1.976 ASK:1.977 MID:1.9765 P1:1.9765 P2:1.9765 P3:1.976 P4:1.976 STATE:IDLE
[2026-06-02 23:51:45Z] CHK MOM:0.02% RANGE:0.02% UP:25% SPREAD:0.05060728% BID:1.976 ASK:1.977 MID:1.9765 P1:1.9765 P2:1.9765 P3:1.976 P4:1.976 STATE:IDLE
[2026-06-02 23:51:45Z] CHK MOM:0.02% RANGE:0.02% UP:25% SPREAD:0.05060728% BID:1.976 ASK:1.977 MID:1.9765 P1:1.9765 P2:1.9765 P3:1.976 P4:1.976 STATE:IDLE
[2026-06-02 23:51:46Z] CHK MOM:0.02% RANGE:0.02% UP:25% SPREAD:0.05060728% BID:1.976 ASK:1.977 MID:1.9765 P1:1.9765 P2:1.9765 P3:1.976 P4:1.976 STATE:IDLE
[2026-06-02 23:51:47Z] CHK MOM:-0.02% RANGE:0.02% UP:16.66% SPREAD:0.10126582% BID:1.975 ASK:1.977 MID:1.976 P1:1.976 P2:1.9765 P3:1.9765 P4:1.976 STATE:IDLE
[2026-06-02 23:51:47Z] CHK MOM:-0.02% RANGE:0.02% UP:14.28% SPREAD:0.10126582% BID:1.975 ASK:1.977 MID:1.976 P1:1.976 P2:1.976 P3:1.9765 P4:1.9765 STATE:IDLE
[2026-06-02 23:51:48Z] CHK MOM:-0.02% RANGE:0.02% UP:14.28% SPREAD:0.10126582% BID:1.975 ASK:1.977 MID:1.976 P1:1.976 P2:1.976 P3:1.9765 P4:1.9765 STATE:IDLE
[2026-06-02 23:51:48Z] CHK MOM:-0.02% RANGE:0.02% UP:14.28% SPREAD:0.10126582% BID:1.975 ASK:1.977 MID:1.976 P1:1.976 P2:1.976 P3:1.9765 P4:1.9765 STATE:IDLE
[2026-06-02 23:51:49Z] CHK MOM:-0.02% RANGE:0.02% UP:14.28% SPREAD:0.10126582% BID:1.975 ASK:1.977 MID:1.976 P1:1.976 P2:1.976 P3:1.9765 P4:1.9765 STATE:IDLE
[2026-06-02 23:51:49Z] CHK MOM:0% RANGE:0.02% UP:14.28% SPREAD:0.10126582% BID:1.975 ASK:1.977 MID:1.976 P1:1.976 P2:1.976 P3:1.976 P4:1.9765 STATE:IDLE
[2026-06-02 23:51:50Z] CHK MOM:0% RANGE:0.02% UP:14.28% SPREAD:0.10126582% BID:1.975 ASK:1.977 MID:1.976 P1:1.976 P2:1.976 P3:1.976 P4:1.9765 STATE:IDLE
[2026-06-02 23:51:50Z] CHK MOM:0% RANGE:0.02% UP:14.28% SPREAD:0.10126582% BID:1.975 ASK:1.977 MID:1.976 P1:1.976 P2:1.976 P3:1.976 P4:1.9765 STATE:IDLE
[2026-06-02 23:51:51Z] CHK MOM:0% RANGE:0.02% UP:14.28% SPREAD:0.10126582% BID:1.975 ASK:1.977 MID:1.976 P1:1.976 P2:1.976 P3:1.976 P4:1.9765 STATE:IDLE
[2026-06-02 23:51:51Z] CHK MOM:0% RANGE:0.02% UP:14.28% SPREAD:0.10126582% BID:1.975 ASK:1.977 MID:1.976 P1:1.976 P2:1.976 P3:1.976 P4:1.9765 STATE:IDLE
[2026-06-02 23:51:52Z] CHK MOM:0% RANGE:0.02% UP:14.28% SPREAD:0.10126582% BID:1.975 ASK:1.977 MID:1.976 P1:1.976 P2:1.976 P3:1.976 P4:1.9765 STATE:IDLE
[2026-06-02 23:51:52Z] CHK MOM:0% RANGE:0.02% UP:20% SPREAD:0.05060728% BID:1.976 ASK:1.977 MID:1.9765 P1:1.9765 P2:1.976 P3:1.976 P4:1.976 STATE:IDLE
[2026-06-02 23:51:53Z] CHK MOM:0% RANGE:0.02% UP:20% SPREAD:0.05060728% BID:1.976 ASK:1.977 MID:1.9765 P1:1.9765 P2:1.976 P3:1.976 P4:1.976 STATE:IDLE
[2026-06-02 23:51:53Z] CHK MOM:0% RANGE:0.02% UP:20% SPREAD:0.05060728% BID:1.976 ASK:1.977 MID:1.9765 P1:1.9765 P2:1.976 P3:1.976 P4:1.976 STATE:IDLE
[2026-06-02 23:51:54Z] CHK MOM:0% RANGE:0.02% UP:20% SPREAD:0.05060728% BID:1.976 ASK:1.977 MID:1.9765 P1:1.9765 P2:1.976 P3:1.976 P4:1.976 STATE:IDLE
[2026-06-02 23:51:54Z] CHK MOM:0% RANGE:0.02% UP:20% SPREAD:0.05060728% BID:1.976 ASK:1.977 MID:1.9765 P1:1.9765 P2:1.976 P3:1.976 P4:1.976 STATE:IDLE
[2026-06-02 23:51:55Z] CHK MOM:0% RANGE:0.02% UP:20% SPREAD:0.05060728% BID:1.976 ASK:1.977 MID:1.9765 P1:1.9765 P2:1.976 P3:1.976 P4:1.976 STATE:IDLE
[2026-06-02 23:51:57Z] CHK MOM:-0.02% RANGE:0.05% UP:25% SPREAD:0.05063291% BID:1.975 ASK:1.976 MID:1.9755 P1:1.9755 P2:1.9765 P3:1.976 P4:1.976 STATE:IDLE
[2026-06-02 23:51:58Z] CHK MOM:-0.02% RANGE:0.05% UP:25% SPREAD:0.05063291% BID:1.975 ASK:1.976 MID:1.9755 P1:1.9755 P2:1.9765 P3:1.976 P4:1.976 STATE:IDLE
[2026-06-02 23:51:58Z] CHK MOM:0% RANGE:0.05% UP:50% SPREAD:0.10126582% BID:1.975 ASK:1.977 MID:1.976 P1:1.976 P2:1.9755 P3:1.9765 P4:1.976 STATE:IDLE
[2026-06-02 23:51:59Z] CHK MOM:-0.02% RANGE:0.05% UP:50% SPREAD:0.05063291% BID:1.975 ASK:1.976 MID:1.9755 P1:1.9755 P2:1.976 P3:1.9755 P4:1.9765 STATE:IDLE
[2026-06-02 23:51:59Z] CHK MOM:-0.02% RANGE:0.05% UP:50% SPREAD:0.05063291% BID:1.975 ASK:1.976 MID:1.9755 P1:1.9755 P2:1.976 P3:1.9755 P4:1.9765 STATE:IDLE
[2026-06-02 23:52:00Z] CHK MOM:-0.02% RANGE:0.05% UP:50% SPREAD:0.05063291% BID:1.975 ASK:1.976 MID:1.9755 P1:1.9755 P2:1.976 P3:1.9755 P4:1.9765 STATE:IDLE
[2026-06-02 23:52:00Z] CHK MOM:-0.02% RANGE:0.05% UP:50% SPREAD:0.05063291% BID:1.975 ASK:1.976 MID:1.9755 P1:1.9755 P2:1.976 P3:1.9755 P4:1.9765 STATE:IDLE
[2026-06-02 23:52:01Z] CHK MOM:-0.02% RANGE:0.05% UP:50% SPREAD:0.05063291% BID:1.975 ASK:1.976 MID:1.9755 P1:1.9755 P2:1.976 P3:1.9755 P4:1.9765 STATE:IDLE
[2026-06-02 23:52:01Z] CHK MOM:-0.05% RANGE:0.05% UP:25% SPREAD:0.05063291% BID:1.975 ASK:1.976 MID:1.9755 P1:1.9755 P2:1.9755 P3:1.976 P4:1.9755 STATE:IDLE
[2026-06-02 23:52:02Z] CHK MOM:0% RANGE:0.05% UP:40% SPREAD:0.05060728% BID:1.976 ASK:1.977 MID:1.9765 P1:1.9765 P2:1.9755 P3:1.9755 P4:1.976 STATE:IDLE
[2026-06-02 23:52:03Z] CHK MOM:0% RANGE:0.05% UP:33.33% SPREAD:0.05060728% BID:1.976 ASK:1.977 MID:1.9765 P1:1.9765 P2:1.9765 P3:1.9755 P4:1.9755 STATE:IDLE
[2026-06-02 23:52:03Z] CHK MOM:0% RANGE:0.05% UP:33.33% SPREAD:0.05060728% BID:1.976 ASK:1.977 MID:1.9765 P1:1.9765 P2:1.9765 P3:1.9755 P4:1.9755 STATE:IDLE
[2026-06-02 23:52:04Z] CHK MOM:0% RANGE:0.05% UP:33.33% SPREAD:0.05060728% BID:1.976 ASK:1.977 MID:1.9765 P1:1.9765 P2:1.9765 P3:1.9755 P4:1.9755 STATE:IDLE
[2026-06-02 23:52:04Z] CHK MOM:-0.02% RANGE:0.05% UP:28.57% SPREAD:0.10126582% BID:1.975 ASK:1.977 MID:1.976 P1:1.976 P2:1.9765 P3:1.9765 P4:1.9755 STATE:IDLE
[2026-06-02 23:52:05Z] CHK MOM:-0.02% RANGE:0.05% UP:28.57% SPREAD:0.10126582% BID:1.975 ASK:1.977 MID:1.976 P1:1.976 P2:1.9765 P3:1.9765 P4:1.9755 STATE:IDLE
[2026-06-02 23:52:05Z] CHK MOM:0% RANGE:0.05% UP:28.57% SPREAD:0.05063291% BID:1.975 ASK:1.976 MID:1.9755 P1:1.9755 P2:1.976 P3:1.9765 P4:1.9765 STATE:IDLE
[2026-06-02 23:52:06Z] CHK MOM:0% RANGE:0.05% UP:25% SPREAD:0.05063291% BID:1.975 ASK:1.976 MID:1.9755 P1:1.9755 P2:1.9755 P3:1.976 P4:1.9765 STATE:IDLE
[2026-06-02 23:52:06Z] CHK MOM:0% RANGE:0.05% UP:25% SPREAD:0.05063291% BID:1.975 ASK:1.976 MID:1.9755 P1:1.9755 P2:1.9755 P3:1.976 P4:1.9765 STATE:IDLE
[2026-06-02 23:52:07Z] CHK MOM:0.05% RANGE:0.05% UP:33.33% SPREAD:0.05060728% BID:1.976 ASK:1.977 MID:1.9765 P1:1.9765 P2:1.9755 P3:1.9755 P4:1.976 STATE:IDLE
[2026-06-02 23:52:07Z] CHK MOM:0.05% RANGE:0.05% UP:33.33% SPREAD:0.05060728% BID:1.976 ASK:1.977 MID:1.9765 P1:1.9765 P2:1.9755 P3:1.9755 P4:1.976 STATE:IDLE
[2026-06-02 23:52:08Z] CHK MOM:0.05% RANGE:0.05% UP:33.33% SPREAD:0.05060728% BID:1.976 ASK:1.977 MID:1.9765 P1:1.9765 P2:1.9755 P3:1.9755 P4:1.976 STATE:IDLE
[2026-06-02 23:52:09Z] CHK MOM:0.05% RANGE:0.05% UP:30% SPREAD:0.05060728% BID:1.976 ASK:1.977 MID:1.9765 P1:1.9765 P2:1.9765 P3:1.9755 P4:1.9755 STATE:IDLE
[2026-06-02 23:52:09Z] CHK MOM:0.05% RANGE:0.05% UP:30% SPREAD:0.05060728% BID:1.976 ASK:1.977 MID:1.9765 P1:1.9765 P2:1.9765 P3:1.9755 P4:1.9755 STATE:IDLE
[2026-06-02 23:52:10Z] CHK MOM:0.05% RANGE:0.05% UP:30% SPREAD:0.05060728% BID:1.976 ASK:1.977 MID:1.9765 P1:1.9765 P2:1.9765 P3:1.9755 P4:1.9755 STATE:IDLE
[2026-06-02 23:52:10Z] CHK MOM:0.05% RANGE:0.05% UP:30% SPREAD:0.05060728% BID:1.976 ASK:1.977 MID:1.9765 P1:1.9765 P2:1.9765 P3:1.9755 P4:1.9755 STATE:IDLE
[2026-06-02 23:52:11Z] CHK MOM:0.05% RANGE:0.05% UP:30% SPREAD:0.05060728% BID:1.976 ASK:1.977 MID:1.9765 P1:1.9765 P2:1.9765 P3:1.9755 P4:1.9755 STATE:IDLE
[2026-06-02 23:52:11Z] CHK MOM:0.05% RANGE:0.05% UP:25% SPREAD:0.05060728% BID:1.976 ASK:1.977 MID:1.9765 P1:1.9765 P2:1.9765 P3:1.9765 P4:1.9755 STATE:IDLE
[2026-06-02 23:52:12Z] CHK MOM:0.05% RANGE:0.05% UP:25% SPREAD:0.05060728% BID:1.976 ASK:1.977 MID:1.9765 P1:1.9765 P2:1.9765 P3:1.9765 P4:1.9755 STATE:IDLE
[2026-06-02 23:52:12Z] CHK MOM:0.05% RANGE:0.05% UP:22.22% SPREAD:0.05060728% BID:1.976 ASK:1.977 MID:1.9765 P1:1.9765 P2:1.9765 P3:1.9765 P4:1.9765 STATE:IDLE
[2026-06-02 23:52:13Z] CHK MOM:0.05% RANGE:0.05% UP:22.22% SPREAD:0.05060728% BID:1.976 ASK:1.977 MID:1.9765 P1:1.9765 P2:1.9765 P3:1.9765 P4:1.9765 STATE:IDLE
[2026-06-02 23:52:14Z] CHK MOM:0% RANGE:0.05% UP:11.11% SPREAD:0.05060728% BID:1.976 ASK:1.977 MID:1.9765 P1:1.9765 P2:1.9765 P3:1.9765 P4:1.9765 STATE:IDLE
[2026-06-02 23:52:14Z] CHK MOM:0% RANGE:0.05% UP:12.5% SPREAD:0.10126582% BID:1.975 ASK:1.977 MID:1.976 P1:1.976 P2:1.9765 P3:1.9765 P4:1.9765 STATE:IDLE
[2026-06-02 23:52:15Z] CHK MOM:0% RANGE:0.05% UP:12.5% SPREAD:0.10126582% BID:1.975 ASK:1.977 MID:1.976 P1:1.976 P2:1.9765 P3:1.9765 P4:1.9765 STATE:IDLE
[2026-06-02 23:52:15Z] CHK MOM:0% RANGE:0.05% UP:12.5% SPREAD:0.10126582% BID:1.975 ASK:1.977 MID:1.976 P1:1.976 P2:1.9765 P3:1.9765 P4:1.9765 STATE:IDLE
[2026-06-02 23:52:16Z] CHK MOM:0% RANGE:0.05% UP:12.5% SPREAD:0.10126582% BID:1.975 ASK:1.977 MID:1.976 P1:1.976 P2:1.9765 P3:1.9765 P4:1.9765 STATE:IDLE
[2026-06-02 23:52:16Z] CHK MOM:0% RANGE:0.05% UP:12.5% SPREAD:0.10126582% BID:1.975 ASK:1.977 MID:1.976 P1:1.976 P2:1.9765 P3:1.9765 P4:1.9765 STATE:IDLE
[2026-06-02 23:52:17Z] CHK MOM:0% RANGE:0.05% UP:12.5% SPREAD:0.10126582% BID:1.975 ASK:1.977 MID:1.976 P1:1.976 P2:1.9765 P3:1.9765 P4:1.9765 STATE:IDLE
[2026-06-02 23:52:18Z] CHK MOM:0.02% RANGE:0.05% UP:12.5% SPREAD:0.10126582% BID:1.975 ASK:1.977 MID:1.976 P1:1.976 P2:1.976 P3:1.9765 P4:1.9765 STATE:IDLE
[2026-06-02 23:52:18Z] CHK MOM:0.02% RANGE:0.05% UP:12.5% SPREAD:0.10126582% BID:1.975 ASK:1.977 MID:1.976 P1:1.976 P2:1.976 P3:1.9765 P4:1.9765 STATE:IDLE
[2026-06-02 23:52:19Z] CHK MOM:0.02% RANGE:0.05% UP:12.5% SPREAD:0.10126582% BID:1.975 ASK:1.977 MID:1.976 P1:1.976 P2:1.976 P3:1.9765 P4:1.9765 STATE:IDLE
[2026-06-02 23:52:20Z] CHK MOM:-0.02% RANGE:0.02% UP:0% SPREAD:0.10126582% BID:1.975 ASK:1.977 MID:1.976 P1:1.976 P2:1.976 P3:1.976 P4:1.9765 STATE:IDLE
[2026-06-02 23:52:20Z] CHK MOM:-0.02% RANGE:0.02% UP:0% SPREAD:0.10126582% BID:1.975 ASK:1.977 MID:1.976 P1:1.976 P2:1.976 P3:1.976 P4:1.9765 STATE:IDLE
[2026-06-02 23:52:21Z] CHK MOM:-0.02% RANGE:0.02% UP:0% SPREAD:0.10126582% BID:1.975 ASK:1.977 MID:1.976 P1:1.976 P2:1.976 P3:1.976 P4:1.9765 STATE:IDLE
[2026-06-02 23:52:21Z] CHK MOM:-0.02% RANGE:0.02% UP:0% SPREAD:0.10126582% BID:1.975 ASK:1.977 MID:1.976 P1:1.976 P2:1.976 P3:1.976 P4:1.9765 STATE:IDLE
[2026-06-02 23:52:22Z] CHK MOM:-0.02% RANGE:0.02% UP:0% SPREAD:0.10126582% BID:1.975 ASK:1.977 MID:1.976 P1:1.976 P2:1.976 P3:1.976 P4:1.9765 STATE:IDLE
[2026-06-02 23:52:22Z] CHK MOM:-0.02% RANGE:0.02% UP:0% SPREAD:0.10126582% BID:1.975 ASK:1.977 MID:1.976 P1:1.976 P2:1.976 P3:1.976 P4:1.9765 STATE:IDLE
[2026-06-02 23:52:23Z] CHK MOM:0.05% RANGE:0.07% UP:20% SPREAD:0.05058168% BID:1.977 ASK:1.978 MID:1.9775 P1:1.9775 P2:1.976 P3:1.976 P4:1.976 STATE:IDLE
[2026-06-02 23:52:24Z] CHK MOM:0.02% RANGE:0.07% UP:16.66% SPREAD:0.10121457% BID:1.976 ASK:1.978 MID:1.97699999 P1:1.97699999 P2:1.9775 P3:1.976 P4:1.976 STATE:IDLE
[2026-06-02 23:52:25Z] CHK MOM:0.02% RANGE:0.07% UP:14.28% SPREAD:0.10121457% BID:1.976 ASK:1.978 MID:1.97699999 P1:1.97699999 P2:1.97699999 P3:1.9775 P4:1.976 STATE:IDLE
[2026-06-02 23:52:25Z] CHK MOM:0% RANGE:0.07% UP:14.28% SPREAD:0.15189873% BID:1.975 ASK:1.978 MID:1.9765 P1:1.9765 P2:1.97699999 P3:1.97699999 P4:1.9775 STATE:IDLE
[2026-06-02 23:52:26Z] CHK MOM:0% RANGE:0.07% UP:14.28% SPREAD:0.15189873% BID:1.975 ASK:1.978 MID:1.9765 P1:1.9765 P2:1.97699999 P3:1.97699999 P4:1.9775 STATE:IDLE
[2026-06-02 23:52:26Z] CHK MOM:0.02% RANGE:0.07% UP:16.66% SPREAD:0.15189873% BID:1.975 ASK:1.978 MID:1.9765 P1:1.9765 P2:1.9765 P3:1.97699999 P4:1.97699999 STATE:IDLE
[2026-06-02 23:52:27Z] CHK MOM:0.02% RANGE:0.07% UP:14.28% SPREAD:0.15189873% BID:1.975 ASK:1.978 MID:1.9765 P1:1.9765 P2:1.9765 P3:1.9765 P4:1.97699999 STATE:IDLE
[2026-06-02 23:52:27Z] CHK MOM:-0.02% RANGE:0.1% UP:12.5% SPREAD:0.05063291% BID:1.975 ASK:1.976 MID:1.9755 P1:1.9755 P2:1.9765 P3:1.9765 P4:1.9765 STATE:IDLE
[2026-06-02 23:52:28Z] CHK MOM:-0.02% RANGE:0.1% UP:12.5% SPREAD:0.05063291% BID:1.975 ASK:1.976 MID:1.9755 P1:1.9755 P2:1.9765 P3:1.9765 P4:1.9765 STATE:IDLE
[2026-06-02 23:52:28Z] CHK MOM:-0.02% RANGE:0.1% UP:11.11% SPREAD:0.05063291% BID:1.975 ASK:1.976 MID:1.9755 P1:1.9755 P2:1.9755 P3:1.9765 P4:1.9765 STATE:IDLE
[2026-06-02 23:52:29Z] CHK MOM:-0.02% RANGE:0.1% UP:11.11% SPREAD:0.05063291% BID:1.975 ASK:1.976 MID:1.9755 P1:1.9755 P2:1.9755 P3:1.9765 P4:1.9765 STATE:IDLE
[2026-06-02 23:52:29Z] CHK MOM:-0.02% RANGE:0.1% UP:11.11% SPREAD:0.05063291% BID:1.975 ASK:1.976 MID:1.9755 P1:1.9755 P2:1.9755 P3:1.9765 P4:1.9765 STATE:IDLE
[2026-06-02 23:52:30Z] CHK MOM:-0.02% RANGE:0.1% UP:11.11% SPREAD:0.05063291% BID:1.975 ASK:1.976 MID:1.9755 P1:1.9755 P2:1.9755 P3:1.9765 P4:1.9765 STATE:IDLE
[2026-06-02 23:52:31Z] CHK MOM:0.07% RANGE:0.1% UP:22.22% SPREAD:0.05058168% BID:1.977 ASK:1.978 MID:1.9775 P1:1.9775 P2:1.9755 P3:1.9755 P4:1.9765 STATE:IDLE
[2026-06-02 23:52:31Z] CHK MOM:0.07% RANGE:0.1% UP:22.22% SPREAD:0.05058168% BID:1.977 ASK:1.978 MID:1.9775 P1:1.9775 P2:1.9755 P3:1.9755 P4:1.9765 STATE:IDLE
[2026-06-02 23:52:32Z] CHK MOM:0% RANGE:0.1% UP:11.11% SPREAD:0.05058168% BID:1.977 ASK:1.978 MID:1.9775 P1:1.9775 P2:1.9775 P3:1.9755 P4:1.9755 STATE:IDLE
[2026-06-02 23:52:32Z] CHK MOM:0% RANGE:0.1% UP:11.11% SPREAD:0.05058168% BID:1.977 ASK:1.978 MID:1.9775 P1:1.9775 P2:1.9775 P3:1.9755 P4:1.9755 STATE:IDLE
[2026-06-02 23:52:33Z] CHK MOM:0% RANGE:0.1% UP:10% SPREAD:0.05058168% BID:1.977 ASK:1.978 MID:1.9775 P1:1.9775 P2:1.9775 P3:1.9775 P4:1.9755 STATE:IDLE
[2026-06-02 23:52:33Z] CHK MOM:-0.02% RANGE:0.1% UP:9.09% SPREAD:0.10121457% BID:1.976 ASK:1.978 MID:1.97699999 P1:1.97699999 P2:1.9775 P3:1.9775 P4:1.9775 STATE:IDLE
[2026-06-02 23:52:34Z] CHK MOM:-0.02% RANGE:0.1% UP:8.33% SPREAD:0.10121457% BID:1.976 ASK:1.978 MID:1.97699999 P1:1.97699999 P2:1.97699999 P3:1.9775 P4:1.9775 STATE:IDLE
[2026-06-02 23:52:34Z] CHK MOM:-0.02% RANGE:0.1% UP:7.69% SPREAD:0.10121457% BID:1.976 ASK:1.978 MID:1.97699999 P1:1.97699999 P2:1.97699999 P3:1.97699999 P4:1.9775 STATE:IDLE
[2026-06-02 23:52:35Z] CHK MOM:-0.02% RANGE:0.1% UP:7.69% SPREAD:0.10121457% BID:1.976 ASK:1.978 MID:1.97699999 P1:1.97699999 P2:1.97699999 P3:1.97699999 P4:1.9775 STATE:IDLE
[2026-06-02 23:52:36Z] CHK MOM:-0.02% RANGE:0.1% UP:7.14% SPREAD:0.10121457% BID:1.976 ASK:1.978 MID:1.97699999 P1:1.97699999 P2:1.97699999 P3:1.97699999 P4:1.97699999 STATE:IDLE
[2026-06-02 23:52:36Z] CHK MOM:0% RANGE:0.1% UP:8.33% SPREAD:0.05060728% BID:1.976 ASK:1.977 MID:1.9765 P1:1.9765 P2:1.97699999 P3:1.97699999 P4:1.97699999 STATE:IDLE
[2026-06-02 23:52:37Z] CHK MOM:0% RANGE:0.1% UP:8.33% SPREAD:0.05060728% BID:1.976 ASK:1.977 MID:1.9765 P1:1.9765 P2:1.97699999 P3:1.97699999 P4:1.97699999 STATE:IDLE
[2026-06-02 23:52:37Z] CHK MOM:0% RANGE:0.1% UP:8.33% SPREAD:0.05060728% BID:1.976 ASK:1.977 MID:1.9765 P1:1.9765 P2:1.97699999 P3:1.97699999 P4:1.97699999 STATE:IDLE
[2026-06-02 23:52:38Z] CHK MOM:-0.05% RANGE:0.1% UP:8.33% SPREAD:0.15197568% BID:1.974 ASK:1.977 MID:1.9755 P1:1.9755 P2:1.9765 P3:1.97699999 P4:1.97699999 STATE:IDLE
[2026-06-02 23:52:38Z] CHK MOM:-0.02% RANGE:0.1% UP:16.66% SPREAD:0.10126582% BID:1.975 ASK:1.977 MID:1.976 P1:1.976 P2:1.9755 P3:1.9765 P4:1.97699999 STATE:IDLE
[2026-06-02 23:52:39Z] CHK MOM:0% RANGE:0.1% UP:16.66% SPREAD:0.05063291% BID:1.975 ASK:1.976 MID:1.9755 P1:1.9755 P2:1.976 P3:1.9755 P4:1.9765 STATE:IDLE
[2026-06-02 23:52:39Z] CHK MOM:0% RANGE:0.1% UP:16.66% SPREAD:0.05063291% BID:1.975 ASK:1.976 MID:1.9755 P1:1.9755 P2:1.9755 P3:1.976 P4:1.9755 STATE:IDLE
[2026-06-02 23:52:40Z] CHK MOM:0.02% RANGE:0.1% UP:23.07% SPREAD:0.10126582% BID:1.975 ASK:1.977 MID:1.976 P1:1.976 P2:1.9755 P3:1.9755 P4:1.976 STATE:IDLE
[2026-06-02 23:52:40Z] CHK MOM:0% RANGE:0.1% UP:21.42% SPREAD:0.05063291% BID:1.975 ASK:1.976 MID:1.9755 P1:1.9755 P2:1.976 P3:1.9755 P4:1.9755 STATE:IDLE
[2026-06-02 23:52:41Z] CHK MOM:0% RANGE:0.1% UP:21.42% SPREAD:0.05063291% BID:1.975 ASK:1.976 MID:1.9755 P1:1.9755 P2:1.976 P3:1.9755 P4:1.9755 STATE:IDLE
[2026-06-02 23:52:42Z] CHK MOM:0% RANGE:0.1% UP:21.42% SPREAD:0.05063291% BID:1.975 ASK:1.976 MID:1.9755 P1:1.9755 P2:1.976 P3:1.9755 P4:1.9755 STATE:IDLE
[2026-06-02 23:52:42Z] CHK MOM:0% RANGE:0.1% UP:21.42% SPREAD:0.05063291% BID:1.975 ASK:1.976 MID:1.9755 P1:1.9755 P2:1.976 P3:1.9755 P4:1.9755 STATE:IDLE
[2026-06-02 23:52:43Z] CHK MOM:0% RANGE:0.1% UP:21.42% SPREAD:0.05063291% BID:1.975 ASK:1.976 MID:1.9755 P1:1.9755 P2:1.976 P3:1.9755 P4:1.9755 STATE:IDLE
[2026-06-02 23:52:44Z] CHK MOM:-0.1% RANGE:0.1% UP:15.38% SPREAD:0.05063291% BID:1.975 ASK:1.976 MID:1.9755 P1:1.9755 P2:1.9755 P3:1.976 P4:1.9755 STATE:IDLE
[2026-06-02 23:52:44Z] CHK MOM:-0.1% RANGE:0.1% UP:15.38% SPREAD:0.05063291% BID:1.975 ASK:1.976 MID:1.9755 P1:1.9755 P2:1.9755 P3:1.976 P4:1.9755 STATE:IDLE
[2026-06-02 23:52:45Z] CHK MOM:-0.07% RANGE:0.07% UP:16.66% SPREAD:0.05063291% BID:1.975 ASK:1.976 MID:1.9755 P1:1.9755 P2:1.9755 P3:1.9755 P4:1.976 STATE:IDLE
[2026-06-02 23:52:45Z] CHK MOM:-0.1% RANGE:0.1% UP:15.38% SPREAD:0.10131712% BID:1.974 ASK:1.976 MID:1.975 P1:1.975 P2:1.9755 P3:1.9755 P4:1.9755 STATE:IDLE
[2026-06-02 23:52:46Z] CHK MOM:-0.1% RANGE:0.1% UP:16.66% SPREAD:0.10131712% BID:1.974 ASK:1.976 MID:1.975 P1:1.975 P2:1.975 P3:1.9755 P4:1.9755 STATE:IDLE
[2026-06-02 23:52:47Z] CHK MOM:-0.1% RANGE:0.1% UP:16.66% SPREAD:0.10131712% BID:1.974 ASK:1.976 MID:1.975 P1:1.975 P2:1.975 P3:1.9755 P4:1.9755 STATE:IDLE
[2026-06-02 23:52:47Z] CHK MOM:-0.1% RANGE:0.1% UP:16.66% SPREAD:0.10131712% BID:1.974 ASK:1.976 MID:1.975 P1:1.975 P2:1.975 P3:1.9755 P4:1.9755 STATE:IDLE
[2026-06-02 23:52:48Z] CHK MOM:-0.05% RANGE:0.07% UP:27.27% SPREAD:0.05063291% BID:1.975 ASK:1.976 MID:1.9755 P1:1.9755 P2:1.975 P3:1.975 P4:1.9755 STATE:IDLE
[2026-06-02 23:52:48Z] CHK MOM:-0.05% RANGE:0.07% UP:25% SPREAD:0.05063291% BID:1.975 ASK:1.976 MID:1.9755 P1:1.9755 P2:1.9755 P3:1.975 P4:1.975 STATE:IDLE
[2026-06-02 23:52:49Z] CHK MOM:-0.05% RANGE:0.07% UP:25% SPREAD:0.05063291% BID:1.975 ASK:1.976 MID:1.9755 P1:1.9755 P2:1.9755 P3:1.975 P4:1.975 STATE:IDLE
[2026-06-02 23:52:49Z] CHK MOM:-0.05% RANGE:0.07% UP:25% SPREAD:0.05063291% BID:1.975 ASK:1.976 MID:1.9755 P1:1.9755 P2:1.9755 P3:1.975 P4:1.975 STATE:IDLE
[2026-06-02 23:52:50Z] CHK MOM:-0.05% RANGE:0.07% UP:25% SPREAD:0.05063291% BID:1.975 ASK:1.976 MID:1.9755 P1:1.9755 P2:1.9755 P3:1.975 P4:1.975 STATE:IDLE
[2026-06-02 23:52:50Z] CHK MOM:-0.05% RANGE:0.07% UP:25% SPREAD:0.05063291% BID:1.975 ASK:1.976 MID:1.9755 P1:1.9755 P2:1.9755 P3:1.975 P4:1.975 STATE:IDLE
[2026-06-02 23:52:51Z] CHK MOM:-0.05% RANGE:0.07% UP:25% SPREAD:0.05063291% BID:1.975 ASK:1.976 MID:1.9755 P1:1.9755 P2:1.9755 P3:1.975 P4:1.975 STATE:IDLE
[2026-06-02 23:52:51Z] CHK MOM:0% RANGE:0.05% UP:25% SPREAD:0.10126582% BID:1.975 ASK:1.977 MID:1.976 P1:1.976 P2:1.9755 P3:1.9755 P4:1.975 STATE:IDLE
[2026-06-02 23:52:52Z] CHK MOM:0.02% RANGE:0.07% UP:33.33% SPREAD:0.05060728% BID:1.976 ASK:1.977 MID:1.9765 P1:1.9765 P2:1.976 P3:1.9755 P4:1.9755 STATE:IDLE
[2026-06-02 23:52:53Z] CHK MOM:0.05% RANGE:0.07% UP:37.5% SPREAD:0.05060728% BID:1.976 ASK:1.977 MID:1.9765 P1:1.9765 P2:1.9765 P3:1.976 P4:1.9755 STATE:IDLE
[2026-06-02 23:52:53Z] CHK MOM:0.05% RANGE:0.07% UP:37.5% SPREAD:0.05060728% BID:1.976 ASK:1.977 MID:1.9765 P1:1.9765 P2:1.9765 P3:1.976 P4:1.9755 STATE:IDLE
[2026-06-02 23:52:54Z] CHK MOM:0.05% RANGE:0.07% UP:33.33% SPREAD:0.05060728% BID:1.976 ASK:1.977 MID:1.9765 P1:1.9765 P2:1.9765 P3:1.9765 P4:1.976 STATE:IDLE
[2026-06-02 23:52:54Z] CHK MOM:0.05% RANGE:0.07% UP:33.33% SPREAD:0.05060728% BID:1.976 ASK:1.977 MID:1.9765 P1:1.9765 P2:1.9765 P3:1.9765 P4:1.976 STATE:IDLE
[2026-06-02 23:52:55Z] CHK MOM:0.05% RANGE:0.07% UP:33.33% SPREAD:0.05060728% BID:1.976 ASK:1.977 MID:1.9765 P1:1.9765 P2:1.9765 P3:1.9765 P4:1.976 STATE:IDLE
[2026-06-02 23:52:55Z] CHK MOM:0.07% RANGE:0.1% UP:40% SPREAD:0.10121457% BID:1.976 ASK:1.978 MID:1.97699999 P1:1.97699999 P2:1.9765 P3:1.9765 P4:1.9765 STATE:IDLE
[2026-06-02 23:52:56Z] CHK MOM:0.1% RANGE:0.12% UP:45.45% SPREAD:0.05058168% BID:1.977 ASK:1.978 MID:1.9775 P1:1.9775 P2:1.97699999 P3:1.9765 P4:1.9765 STATE:IDLE
[2026-06-02 23:52:56Z] CHK MOM:0.07% RANGE:0.12% UP:45.45% SPREAD:0.10121457% BID:1.976 ASK:1.978 MID:1.97699999 P1:1.97699999 P2:1.9775 P3:1.97699999 P4:1.9765 STATE:IDLE
[2026-06-02 23:52:57Z] CHK MOM:0.07% RANGE:0.12% UP:45.45% SPREAD:0.10121457% BID:1.976 ASK:1.978 MID:1.97699999 P1:1.97699999 P2:1.9775 P3:1.97699999 P4:1.9765 STATE:IDLE
[2026-06-02 23:52:58Z] CHK MOM:0.07% RANGE:0.12% UP:45.45% SPREAD:0.10121457% BID:1.976 ASK:1.978 MID:1.97699999 P1:1.97699999 P2:1.9775 P3:1.97699999 P4:1.9765 STATE:IDLE
[2026-06-02 23:52:58Z] CHK MOM:0.07% RANGE:0.12% UP:45.45% SPREAD:0.10121457% BID:1.976 ASK:1.978 MID:1.97699999 P1:1.97699999 P2:1.9775 P3:1.97699999 P4:1.9765 STATE:IDLE
[2026-06-02 23:52:59Z] CHK MOM:0.07% RANGE:0.12% UP:45.45% SPREAD:0.10121457% BID:1.976 ASK:1.978 MID:1.97699999 P1:1.97699999 P2:1.9775 P3:1.97699999 P4:1.9765 STATE:IDLE
[2026-06-02 23:52:59Z] CHK MOM:0.07% RANGE:0.1% UP:44.44% SPREAD:0.10121457% BID:1.976 ASK:1.978 MID:1.97699999 P1:1.97699999 P2:1.97699999 P3:1.9775 P4:1.97699999 STATE:IDLE
[2026-06-02 23:53:00Z] CHK MOM:0.07% RANGE:0.1% UP:44.44% SPREAD:0.10121457% BID:1.976 ASK:1.978 MID:1.97699999 P1:1.97699999 P2:1.97699999 P3:1.9775 P4:1.97699999 STATE:IDLE
[2026-06-02 23:53:00Z] CHK MOM:0.07% RANGE:0.07% UP:50% SPREAD:0.05058168% BID:1.977 ASK:1.978 MID:1.9775 P1:1.9775 P2:1.97699999 P3:1.97699999 P4:1.9775 STATE:IDLE
[2026-06-02 23:53:01Z] CHK MOM:0.07% RANGE:0.07% UP:50% SPREAD:0.05058168% BID:1.977 ASK:1.978 MID:1.9775 P1:1.9775 P2:1.97699999 P3:1.97699999 P4:1.9775 STATE:IDLE
[2026-06-02 23:53:01Z] CHK MOM:0.07% RANGE:0.07% UP:44.44% SPREAD:0.05058168% BID:1.977 ASK:1.978 MID:1.9775 P1:1.9775 P2:1.9775 P3:1.97699999 P4:1.97699999 STATE:IDLE
[2026-06-02 23:53:02Z] CHK MOM:0.07% RANGE:0.07% UP:40% SPREAD:0.05058168% BID:1.977 ASK:1.978 MID:1.9775 P1:1.9775 P2:1.9775 P3:1.9775 P4:1.97699999 STATE:IDLE
[2026-06-02 23:53:02Z] TOKEN_SWITCH old=TONUSDC new=ONDOUSDC source=.service.env
