[2026-05-16 06:14:09Z] SESSION_START symbol=TRUMPUSDC dry_run=0 profile=major strategy=momentum base_url=https://api.binance.com
[2026-05-16 06:14:09Z] TOXIC_MEMORY_LOADED count=1 symbols=ORDIUSDC
[2026-05-16 06:14:11Z] CHK MOM:0% RANGE:0% UP:0% SPREAD:0.04526935% BID:2.209 ASK:2.21 MID:2.2095 P1:2.2095 P2:NA P3:NA P4:NA STATE:IDLE
[2026-05-16 06:14:11Z] CHK MOM:0.04% RANGE:0.04% UP:100% SPREAD:0.04524886% BID:2.21 ASK:2.211 MID:2.21049999 P1:2.21049999 P2:2.2095 P3:NA P4:NA STATE:IDLE
[2026-05-16 06:14:12Z] CHK MOM:0.04% RANGE:0.04% UP:100% SPREAD:0.04524886% BID:2.21 ASK:2.211 MID:2.21049999 P1:2.21049999 P2:2.2095 P3:NA P4:NA STATE:IDLE
[2026-05-16 06:14:12Z] CHK MOM:0.04% RANGE:0.04% UP:100% SPREAD:0.04524886% BID:2.21 ASK:2.211 MID:2.21049999 P1:2.21049999 P2:2.2095 P3:NA P4:NA STATE:IDLE
[2026-05-16 06:14:13Z] CHK MOM:0.04% RANGE:0.04% UP:50% SPREAD:0.04524886% BID:2.21 ASK:2.211 MID:2.21049999 P1:2.21049999 P2:2.21049999 P3:2.2095 P4:NA STATE:IDLE
[2026-05-16 06:14:13Z] CHK MOM:0.04% RANGE:0.04% UP:50% SPREAD:0.04524886% BID:2.21 ASK:2.211 MID:2.21049999 P1:2.21049999 P2:2.21049999 P3:2.2095 P4:NA STATE:IDLE
[2026-05-16 06:14:14Z] CHK MOM:0.04% RANGE:0.04% UP:33.33% SPREAD:0.04524886% BID:2.21 ASK:2.211 MID:2.21049999 P1:2.21049999 P2:2.21049999 P3:2.21049999 P4:2.2095 STATE:IDLE
[2026-05-16 06:14:14Z] CHK MOM:0.04% RANGE:0.04% UP:25% SPREAD:0.04524886% BID:2.21 ASK:2.211 MID:2.21049999 P1:2.21049999 P2:2.21049999 P3:2.21049999 P4:2.21049999 STATE:IDLE
[2026-05-16 06:14:15Z] CHK MOM:0.04% RANGE:0.04% UP:25% SPREAD:0.04524886% BID:2.21 ASK:2.211 MID:2.21049999 P1:2.21049999 P2:2.21049999 P3:2.21049999 P4:2.21049999 STATE:IDLE
[2026-05-16 06:14:15Z] CHK MOM:0.04% RANGE:0.04% UP:20% SPREAD:0.04524886% BID:2.21 ASK:2.211 MID:2.21049999 P1:2.21049999 P2:2.21049999 P3:2.21049999 P4:2.21049999 STATE:IDLE
[2026-05-16 06:14:16Z] CHK MOM:0.04% RANGE:0.04% UP:20% SPREAD:0.04524886% BID:2.21 ASK:2.211 MID:2.21049999 P1:2.21049999 P2:2.21049999 P3:2.21049999 P4:2.21049999 STATE:IDLE
[2026-05-16 06:14:17Z] CHK MOM:0.04% RANGE:0.04% UP:16.66% SPREAD:0.04524886% BID:2.21 ASK:2.211 MID:2.21049999 P1:2.21049999 P2:2.21049999 P3:2.21049999 P4:2.21049999 STATE:IDLE
[2026-05-16 06:14:17Z] CHK MOM:0.04% RANGE:0.04% UP:16.66% SPREAD:0.04524886% BID:2.21 ASK:2.211 MID:2.21049999 P1:2.21049999 P2:2.21049999 P3:2.21049999 P4:2.21049999 STATE:IDLE
[2026-05-16 06:14:18Z] CHK MOM:0.04% RANGE:0.04% UP:16.66% SPREAD:0.04524886% BID:2.21 ASK:2.211 MID:2.21049999 P1:2.21049999 P2:2.21049999 P3:2.21049999 P4:2.21049999 STATE:IDLE
[2026-05-16 06:14:18Z] CHK MOM:0.04% RANGE:0.04% UP:16.66% SPREAD:0.04524886% BID:2.21 ASK:2.211 MID:2.21049999 P1:2.21049999 P2:2.21049999 P3:2.21049999 P4:2.21049999 STATE:IDLE
[2026-05-16 06:14:19Z] CHK MOM:0.04% RANGE:0.04% UP:16.66% SPREAD:0.04524886% BID:2.21 ASK:2.211 MID:2.21049999 P1:2.21049999 P2:2.21049999 P3:2.21049999 P4:2.21049999 STATE:IDLE
[2026-05-16 06:14:30Z] CHK MOM:0% RANGE:0% UP:0% SPREAD:0.04524886% BID:2.21 ASK:2.211 MID:2.21049999 P1:2.21049999 P2:2.21049999 P3:2.21049999 P4:2.21049999 STATE:IDLE
[2026-05-16 06:14:31Z] CHK MOM:0% RANGE:0% UP:0% SPREAD:0.04524886% BID:2.21 ASK:2.211 MID:2.21049999 P1:2.21049999 P2:2.21049999 P3:2.21049999 P4:2.21049999 STATE:IDLE
[2026-05-16 06:14:31Z] CHK MOM:0% RANGE:0% UP:0% SPREAD:0.04524886% BID:2.21 ASK:2.211 MID:2.21049999 P1:2.21049999 P2:2.21049999 P3:2.21049999 P4:2.21049999 STATE:IDLE
[2026-05-16 06:14:32Z] CHK MOM:0% RANGE:0% UP:0% SPREAD:0.04524886% BID:2.21 ASK:2.211 MID:2.21049999 P1:2.21049999 P2:2.21049999 P3:2.21049999 P4:2.21049999 STATE:IDLE
[2026-05-16 06:14:32Z] CHK MOM:0% RANGE:0% UP:0% SPREAD:0.04524886% BID:2.21 ASK:2.211 MID:2.21049999 P1:2.21049999 P2:2.21049999 P3:2.21049999 P4:2.21049999 STATE:IDLE
[2026-05-16 06:14:34Z] CHK MOM:0% RANGE:0% UP:0% SPREAD:0.04524886% BID:2.21 ASK:2.211 MID:2.21049999 P1:2.21049999 P2:2.21049999 P3:2.21049999 P4:2.21049999 STATE:IDLE
[2026-05-16 06:14:35Z] CHK MOM:0.04% RANGE:0.04% UP:50% SPREAD:0.0452284% BID:2.211 ASK:2.212 MID:2.2115 P1:2.2115 P2:2.21049999 P3:2.21049999 P4:2.21049999 STATE:IDLE
[2026-05-16 06:14:36Z] CHK MOM:0.04% RANGE:0.04% UP:33.33% SPREAD:0.0452284% BID:2.211 ASK:2.212 MID:2.2115 P1:2.2115 P2:2.2115 P3:2.21049999 P4:2.21049999 STATE:IDLE
[2026-05-16 06:14:36Z] CHK MOM:0.04% RANGE:0.04% UP:33.33% SPREAD:0.0452284% BID:2.211 ASK:2.212 MID:2.2115 P1:2.2115 P2:2.2115 P3:2.21049999 P4:2.21049999 STATE:IDLE
[2026-05-16 06:14:37Z] CHK MOM:0.04% RANGE:0.04% UP:25% SPREAD:0.0452284% BID:2.211 ASK:2.212 MID:2.2115 P1:2.2115 P2:2.2115 P3:2.2115 P4:2.21049999 STATE:IDLE
[2026-05-16 06:14:37Z] CHK MOM:0.04% RANGE:0.04% UP:25% SPREAD:0.0452284% BID:2.211 ASK:2.212 MID:2.2115 P1:2.2115 P2:2.2115 P3:2.2115 P4:2.21049999 STATE:IDLE
[2026-05-16 06:14:38Z] CHK MOM:0.04% RANGE:0.04% UP:25% SPREAD:0.0452284% BID:2.211 ASK:2.212 MID:2.2115 P1:2.2115 P2:2.2115 P3:2.2115 P4:2.21049999 STATE:IDLE
[2026-05-16 06:14:38Z] CHK MOM:0.04% RANGE:0.04% UP:25% SPREAD:0.0452284% BID:2.211 ASK:2.212 MID:2.2115 P1:2.2115 P2:2.2115 P3:2.2115 P4:2.21049999 STATE:IDLE
[2026-05-16 06:14:39Z] CHK MOM:0.04% RANGE:0.04% UP:25% SPREAD:0.0452284% BID:2.211 ASK:2.212 MID:2.2115 P1:2.2115 P2:2.2115 P3:2.2115 P4:2.21049999 STATE:IDLE
[2026-05-16 06:14:39Z] CHK MOM:0.04% RANGE:0.04% UP:25% SPREAD:0.0452284% BID:2.211 ASK:2.212 MID:2.2115 P1:2.2115 P2:2.2115 P3:2.2115 P4:2.21049999 STATE:IDLE
[2026-05-16 06:14:59Z] CHK MOM:0% RANGE:0% UP:0% SPREAD:0.0452284% BID:2.211 ASK:2.212 MID:2.2115 P1:2.2115 P2:2.2115 P3:2.2115 P4:2.2115 STATE:IDLE
[2026-05-16 06:15:00Z] CHK MOM:0% RANGE:0% UP:0% SPREAD:0.0452284% BID:2.211 ASK:2.212 MID:2.2115 P1:2.2115 P2:2.2115 P3:2.2115 P4:2.2115 STATE:IDLE
[2026-05-16 06:15:00Z] CHK MOM:0% RANGE:0% UP:0% SPREAD:0.0452284% BID:2.211 ASK:2.212 MID:2.2115 P1:2.2115 P2:2.2115 P3:2.2115 P4:2.2115 STATE:IDLE
[2026-05-16 06:15:01Z] CHK MOM:0% RANGE:0% UP:0% SPREAD:0.0452284% BID:2.211 ASK:2.212 MID:2.2115 P1:2.2115 P2:2.2115 P3:2.2115 P4:2.2115 STATE:IDLE
[2026-05-16 06:15:01Z] CHK MOM:0% RANGE:0% UP:0% SPREAD:0.0452284% BID:2.211 ASK:2.212 MID:2.2115 P1:2.2115 P2:2.2115 P3:2.2115 P4:2.2115 STATE:IDLE
[2026-05-16 06:15:02Z] CHK MOM:0.04% RANGE:0.04% UP:100% SPREAD:0.04520795% BID:2.212 ASK:2.213 MID:2.2125 P1:2.2125 P2:2.2115 P3:2.2115 P4:2.2115 STATE:IDLE
[2026-05-16 06:15:02Z] CHK MOM:0.04% RANGE:0.04% UP:100% SPREAD:0.04520795% BID:2.212 ASK:2.213 MID:2.2125 P1:2.2125 P2:2.2115 P3:2.2115 P4:2.2115 STATE:IDLE
[2026-05-16 06:15:03Z] CHK MOM:0.04% RANGE:0.04% UP:100% SPREAD:0.04520795% BID:2.212 ASK:2.213 MID:2.2125 P1:2.2125 P2:2.2115 P3:2.2115 P4:2.2115 STATE:IDLE
[2026-05-16 06:15:03Z] CHK MOM:0.04% RANGE:0.04% UP:50% SPREAD:0.04520795% BID:2.212 ASK:2.213 MID:2.2125 P1:2.2125 P2:2.2125 P3:2.2115 P4:2.2115 STATE:IDLE
[2026-05-16 06:15:04Z] CHK MOM:0.04% RANGE:0.04% UP:50% SPREAD:0.04520795% BID:2.212 ASK:2.213 MID:2.2125 P1:2.2125 P2:2.2125 P3:2.2115 P4:2.2115 STATE:IDLE
[2026-05-16 06:15:05Z] CHK MOM:0.04% RANGE:0.04% UP:50% SPREAD:0.04520795% BID:2.212 ASK:2.213 MID:2.2125 P1:2.2125 P2:2.2125 P3:2.2115 P4:2.2115 STATE:IDLE
[2026-05-16 06:15:05Z] CHK MOM:0.04% RANGE:0.04% UP:50% SPREAD:0.04520795% BID:2.212 ASK:2.213 MID:2.2125 P1:2.2125 P2:2.2125 P3:2.2115 P4:2.2115 STATE:IDLE
[2026-05-16 06:15:06Z] CHK MOM:0.04% RANGE:0.04% UP:50% SPREAD:0.04520795% BID:2.212 ASK:2.213 MID:2.2125 P1:2.2125 P2:2.2125 P3:2.2115 P4:2.2115 STATE:IDLE
[2026-05-16 06:15:10Z] CHK MOM:0.04% RANGE:0.04% UP:33.33% SPREAD:0.04520795% BID:2.212 ASK:2.213 MID:2.2125 P1:2.2125 P2:2.2125 P3:2.2125 P4:2.2115 STATE:IDLE
[2026-05-16 06:15:11Z] CHK MOM:0.04% RANGE:0.04% UP:33.33% SPREAD:0.04520795% BID:2.212 ASK:2.213 MID:2.2125 P1:2.2125 P2:2.2125 P3:2.2125 P4:2.2115 STATE:IDLE
[2026-05-16 06:15:11Z] CHK MOM:0.04% RANGE:0.04% UP:33.33% SPREAD:0.04520795% BID:2.212 ASK:2.213 MID:2.2125 P1:2.2125 P2:2.2125 P3:2.2125 P4:2.2115 STATE:IDLE
[2026-05-16 06:15:12Z] CHK MOM:0.04% RANGE:0.04% UP:33.33% SPREAD:0.04520795% BID:2.212 ASK:2.213 MID:2.2125 P1:2.2125 P2:2.2125 P3:2.2125 P4:2.2115 STATE:IDLE
[2026-05-16 06:15:12Z] CHK MOM:0% RANGE:0% UP:0% SPREAD:0.04520795% BID:2.212 ASK:2.213 MID:2.2125 P1:2.2125 P2:2.2125 P3:2.2125 P4:2.2125 STATE:IDLE
[2026-05-16 06:15:13Z] CHK MOM:0% RANGE:0% UP:0% SPREAD:0.04520795% BID:2.212 ASK:2.213 MID:2.2125 P1:2.2125 P2:2.2125 P3:2.2125 P4:2.2125 STATE:IDLE
[2026-05-16 06:15:13Z] CHK MOM:0% RANGE:0% UP:0% SPREAD:0.04520795% BID:2.212 ASK:2.213 MID:2.2125 P1:2.2125 P2:2.2125 P3:2.2125 P4:2.2125 STATE:IDLE
[2026-05-16 06:15:14Z] CHK MOM:-0.04% RANGE:0.04% UP:0% SPREAD:0.0452284% BID:2.211 ASK:2.212 MID:2.2115 P1:2.2115 P2:2.2125 P3:2.2125 P4:2.2125 STATE:IDLE
[2026-05-16 06:15:14Z] CHK MOM:-0.04% RANGE:0.04% UP:0% SPREAD:0.0452284% BID:2.211 ASK:2.212 MID:2.2115 P1:2.2115 P2:2.2125 P3:2.2125 P4:2.2125 STATE:IDLE
[2026-05-16 06:15:15Z] CHK MOM:-0.04% RANGE:0.04% UP:0% SPREAD:0.0452284% BID:2.211 ASK:2.212 MID:2.2115 P1:2.2115 P2:2.2125 P3:2.2125 P4:2.2125 STATE:IDLE
[2026-05-16 06:15:16Z] CHK MOM:-0.04% RANGE:0.04% UP:0% SPREAD:0.0452284% BID:2.211 ASK:2.212 MID:2.2115 P1:2.2115 P2:2.2125 P3:2.2125 P4:2.2125 STATE:IDLE
[2026-05-16 06:15:18Z] CHK MOM:0% RANGE:0.04% UP:33.33% SPREAD:0.04520795% BID:2.212 ASK:2.213 MID:2.2125 P1:2.2125 P2:2.2115 P3:2.2125 P4:2.2125 STATE:IDLE
[2026-05-16 06:15:18Z] CHK MOM:0% RANGE:0.04% UP:33.33% SPREAD:0.04520795% BID:2.212 ASK:2.213 MID:2.2125 P1:2.2125 P2:2.2115 P3:2.2125 P4:2.2125 STATE:IDLE
[2026-05-16 06:15:19Z] CHK MOM:0% RANGE:0.04% UP:33.33% SPREAD:0.04520795% BID:2.212 ASK:2.213 MID:2.2125 P1:2.2125 P2:2.2115 P3:2.2125 P4:2.2125 STATE:IDLE
[2026-05-16 06:15:19Z] CHK MOM:0% RANGE:0.04% UP:25% SPREAD:0.04520795% BID:2.212 ASK:2.213 MID:2.2125 P1:2.2125 P2:2.2125 P3:2.2115 P4:2.2125 STATE:IDLE
[2026-05-16 06:15:20Z] CHK MOM:0% RANGE:0.04% UP:25% SPREAD:0.04520795% BID:2.212 ASK:2.213 MID:2.2125 P1:2.2125 P2:2.2125 P3:2.2115 P4:2.2125 STATE:IDLE
[2026-05-16 06:15:20Z] CHK MOM:0% RANGE:0.04% UP:20% SPREAD:0.04520795% BID:2.212 ASK:2.213 MID:2.2125 P1:2.2125 P2:2.2125 P3:2.2125 P4:2.2115 STATE:IDLE
[2026-05-16 06:15:21Z] CHK MOM:0% RANGE:0.04% UP:20% SPREAD:0.04520795% BID:2.212 ASK:2.213 MID:2.2125 P1:2.2125 P2:2.2125 P3:2.2125 P4:2.2115 STATE:IDLE
[2026-05-16 06:15:22Z] CHK MOM:-0.04% RANGE:0.04% UP:16.66% SPREAD:0.0452284% BID:2.211 ASK:2.212 MID:2.2115 P1:2.2115 P2:2.2125 P3:2.2125 P4:2.2125 STATE:IDLE
[2026-05-16 06:15:22Z] CHK MOM:-0.04% RANGE:0.04% UP:16.66% SPREAD:0.0452284% BID:2.211 ASK:2.212 MID:2.2115 P1:2.2115 P2:2.2125 P3:2.2125 P4:2.2125 STATE:IDLE
[2026-05-16 06:15:23Z] CHK MOM:-0.04% RANGE:0.04% UP:16.66% SPREAD:0.0452284% BID:2.211 ASK:2.212 MID:2.2115 P1:2.2115 P2:2.2125 P3:2.2125 P4:2.2125 STATE:IDLE
[2026-05-16 06:15:23Z] CHK MOM:0% RANGE:0.04% UP:33.33% SPREAD:0.04520795% BID:2.212 ASK:2.213 MID:2.2125 P1:2.2125 P2:2.2115 P3:2.2125 P4:2.2125 STATE:IDLE
[2026-05-16 06:15:24Z] CHK MOM:0% RANGE:0.04% UP:33.33% SPREAD:0.04520795% BID:2.212 ASK:2.213 MID:2.2125 P1:2.2125 P2:2.2115 P3:2.2125 P4:2.2125 STATE:IDLE
[2026-05-16 06:15:24Z] CHK MOM:0% RANGE:0.04% UP:33.33% SPREAD:0.04520795% BID:2.212 ASK:2.213 MID:2.2125 P1:2.2125 P2:2.2115 P3:2.2125 P4:2.2125 STATE:IDLE
[2026-05-16 06:15:25Z] CHK MOM:0% RANGE:0.04% UP:33.33% SPREAD:0.04520795% BID:2.212 ASK:2.213 MID:2.2125 P1:2.2125 P2:2.2115 P3:2.2125 P4:2.2125 STATE:IDLE
[2026-05-16 06:15:25Z] CHK MOM:0% RANGE:0.04% UP:33.33% SPREAD:0.04520795% BID:2.212 ASK:2.213 MID:2.2125 P1:2.2125 P2:2.2115 P3:2.2125 P4:2.2125 STATE:IDLE
[2026-05-16 06:15:26Z] CHK MOM:0% RANGE:0.04% UP:33.33% SPREAD:0.04520795% BID:2.212 ASK:2.213 MID:2.2125 P1:2.2125 P2:2.2115 P3:2.2125 P4:2.2125 STATE:IDLE
[2026-05-16 06:15:31Z] CHK MOM:0% RANGE:0.04% UP:25% SPREAD:0.04520795% BID:2.212 ASK:2.213 MID:2.2125 P1:2.2125 P2:2.2125 P3:2.2115 P4:2.2125 STATE:IDLE
[2026-05-16 06:15:32Z] CHK MOM:0% RANGE:0.04% UP:25% SPREAD:0.04520795% BID:2.212 ASK:2.213 MID:2.2125 P1:2.2125 P2:2.2125 P3:2.2115 P4:2.2125 STATE:IDLE
[2026-05-16 06:15:32Z] CHK MOM:0% RANGE:0.04% UP:25% SPREAD:0.04520795% BID:2.212 ASK:2.213 MID:2.2125 P1:2.2125 P2:2.2125 P3:2.2125 P4:2.2115 STATE:IDLE
[2026-05-16 06:15:33Z] CHK MOM:0% RANGE:0.04% UP:25% SPREAD:0.04520795% BID:2.212 ASK:2.213 MID:2.2125 P1:2.2125 P2:2.2125 P3:2.2125 P4:2.2115 STATE:IDLE
[2026-05-16 06:15:33Z] CHK MOM:0% RANGE:0.04% UP:25% SPREAD:0.04520795% BID:2.212 ASK:2.213 MID:2.2125 P1:2.2125 P2:2.2125 P3:2.2125 P4:2.2115 STATE:IDLE
[2026-05-16 06:15:34Z] CHK MOM:0% RANGE:0.04% UP:25% SPREAD:0.04520795% BID:2.212 ASK:2.213 MID:2.2125 P1:2.2125 P2:2.2125 P3:2.2125 P4:2.2115 STATE:IDLE
[2026-05-16 06:15:34Z] CHK MOM:0% RANGE:0.04% UP:25% SPREAD:0.04520795% BID:2.212 ASK:2.213 MID:2.2125 P1:2.2125 P2:2.2125 P3:2.2125 P4:2.2115 STATE:IDLE
[2026-05-16 06:15:35Z] CHK MOM:0% RANGE:0.04% UP:25% SPREAD:0.04520795% BID:2.212 ASK:2.213 MID:2.2125 P1:2.2125 P2:2.2125 P3:2.2125 P4:2.2115 STATE:IDLE
[2026-05-16 06:15:36Z] CHK MOM:0% RANGE:0% UP:0% SPREAD:0.04520795% BID:2.212 ASK:2.213 MID:2.2125 P1:2.2125 P2:2.2125 P3:2.2125 P4:2.2125 STATE:IDLE
[2026-05-16 06:15:37Z] CHK MOM:0% RANGE:0% UP:0% SPREAD:0.04520795% BID:2.212 ASK:2.213 MID:2.2125 P1:2.2125 P2:2.2125 P3:2.2125 P4:2.2125 STATE:IDLE
[2026-05-16 06:15:37Z] CHK MOM:0% RANGE:0% UP:0% SPREAD:0.04520795% BID:2.212 ASK:2.213 MID:2.2125 P1:2.2125 P2:2.2125 P3:2.2125 P4:2.2125 STATE:IDLE
[2026-05-16 06:15:38Z] CHK MOM:0% RANGE:0% UP:0% SPREAD:0.04520795% BID:2.212 ASK:2.213 MID:2.2125 P1:2.2125 P2:2.2125 P3:2.2125 P4:2.2125 STATE:IDLE
[2026-05-16 06:15:38Z] CHK MOM:0% RANGE:0% UP:0% SPREAD:0.04520795% BID:2.212 ASK:2.213 MID:2.2125 P1:2.2125 P2:2.2125 P3:2.2125 P4:2.2125 STATE:IDLE
[2026-05-16 06:15:39Z] CHK MOM:0% RANGE:0% UP:0% SPREAD:0.04520795% BID:2.212 ASK:2.213 MID:2.2125 P1:2.2125 P2:2.2125 P3:2.2125 P4:2.2125 STATE:IDLE
[2026-05-16 06:15:39Z] CHK MOM:0% RANGE:0% UP:0% SPREAD:0.04520795% BID:2.212 ASK:2.213 MID:2.2125 P1:2.2125 P2:2.2125 P3:2.2125 P4:2.2125 STATE:IDLE
[2026-05-16 06:15:40Z] CHK MOM:0% RANGE:0% UP:0% SPREAD:0.04520795% BID:2.212 ASK:2.213 MID:2.2125 P1:2.2125 P2:2.2125 P3:2.2125 P4:2.2125 STATE:IDLE
[2026-05-16 06:15:40Z] CHK MOM:0% RANGE:0% UP:0% SPREAD:0.04520795% BID:2.212 ASK:2.213 MID:2.2125 P1:2.2125 P2:2.2125 P3:2.2125 P4:2.2125 STATE:IDLE
[2026-05-16 06:15:41Z] CHK MOM:0% RANGE:0% UP:0% SPREAD:0.04520795% BID:2.212 ASK:2.213 MID:2.2125 P1:2.2125 P2:2.2125 P3:2.2125 P4:2.2125 STATE:IDLE
[2026-05-16 06:15:41Z] CHK MOM:0% RANGE:0% UP:0% SPREAD:0.04520795% BID:2.212 ASK:2.213 MID:2.2125 P1:2.2125 P2:2.2125 P3:2.2125 P4:2.2125 STATE:IDLE
[2026-05-16 06:15:42Z] CHK MOM:-0.04% RANGE:0.04% UP:0% SPREAD:0.0452284% BID:2.211 ASK:2.212 MID:2.2115 P1:2.2115 P2:2.2125 P3:2.2125 P4:2.2125 STATE:IDLE
[2026-05-16 06:15:43Z] CHK MOM:-0.04% RANGE:0.04% UP:0% SPREAD:0.0452284% BID:2.211 ASK:2.212 MID:2.2115 P1:2.2115 P2:2.2125 P3:2.2125 P4:2.2125 STATE:IDLE
[2026-05-16 06:15:43Z] CHK MOM:-0.04% RANGE:0.04% UP:0% SPREAD:0.0452284% BID:2.211 ASK:2.212 MID:2.2115 P1:2.2115 P2:2.2115 P3:2.2125 P4:2.2125 STATE:IDLE
[2026-05-16 06:15:44Z] CHK MOM:-0.04% RANGE:0.04% UP:0% SPREAD:0.0452284% BID:2.211 ASK:2.212 MID:2.2115 P1:2.2115 P2:2.2115 P3:2.2125 P4:2.2125 STATE:IDLE
[2026-05-16 06:15:44Z] CHK MOM:-0.04% RANGE:0.04% UP:0% SPREAD:0.0452284% BID:2.211 ASK:2.212 MID:2.2115 P1:2.2115 P2:2.2115 P3:2.2115 P4:2.2125 STATE:IDLE
[2026-05-16 06:15:45Z] CHK MOM:-0.04% RANGE:0.04% UP:0% SPREAD:0.0452284% BID:2.211 ASK:2.212 MID:2.2115 P1:2.2115 P2:2.2115 P3:2.2115 P4:2.2125 STATE:IDLE
[2026-05-16 06:15:45Z] CHK MOM:-0.04% RANGE:0.04% UP:0% SPREAD:0.0452284% BID:2.211 ASK:2.212 MID:2.2115 P1:2.2115 P2:2.2115 P3:2.2115 P4:2.2125 STATE:IDLE
[2026-05-16 06:15:46Z] CHK MOM:-0.04% RANGE:0.04% UP:0% SPREAD:0.0452284% BID:2.211 ASK:2.212 MID:2.2115 P1:2.2115 P2:2.2115 P3:2.2115 P4:2.2125 STATE:IDLE
[2026-05-16 06:15:46Z] CHK MOM:-0.04% RANGE:0.04% UP:0% SPREAD:0.0452284% BID:2.211 ASK:2.212 MID:2.2115 P1:2.2115 P2:2.2115 P3:2.2115 P4:2.2125 STATE:IDLE
[2026-05-16 06:15:47Z] CHK MOM:-0.04% RANGE:0.04% UP:0% SPREAD:0.0452284% BID:2.211 ASK:2.212 MID:2.2115 P1:2.2115 P2:2.2115 P3:2.2115 P4:2.2125 STATE:IDLE
[2026-05-16 06:15:48Z] CHK MOM:-0.04% RANGE:0.04% UP:0% SPREAD:0.0452284% BID:2.211 ASK:2.212 MID:2.2115 P1:2.2115 P2:2.2115 P3:2.2115 P4:2.2115 STATE:IDLE
[2026-05-16 06:15:48Z] CHK MOM:-0.04% RANGE:0.04% UP:0% SPREAD:0.0452284% BID:2.211 ASK:2.212 MID:2.2115 P1:2.2115 P2:2.2115 P3:2.2115 P4:2.2115 STATE:IDLE
[2026-05-16 06:15:49Z] CHK MOM:-0.04% RANGE:0.04% UP:0% SPREAD:0.0452284% BID:2.211 ASK:2.212 MID:2.2115 P1:2.2115 P2:2.2115 P3:2.2115 P4:2.2115 STATE:IDLE
[2026-05-16 06:15:49Z] CHK MOM:-0.04% RANGE:0.04% UP:0% SPREAD:0.0452284% BID:2.211 ASK:2.212 MID:2.2115 P1:2.2115 P2:2.2115 P3:2.2115 P4:2.2115 STATE:IDLE
[2026-05-16 06:15:50Z] CHK MOM:-0.04% RANGE:0.04% UP:0% SPREAD:0.0452284% BID:2.211 ASK:2.212 MID:2.2115 P1:2.2115 P2:2.2115 P3:2.2115 P4:2.2115 STATE:IDLE
[2026-05-16 06:15:50Z] CHK MOM:-0.04% RANGE:0.04% UP:0% SPREAD:0.0452284% BID:2.211 ASK:2.212 MID:2.2115 P1:2.2115 P2:2.2115 P3:2.2115 P4:2.2115 STATE:IDLE
[2026-05-16 06:15:51Z] CHK MOM:-0.04% RANGE:0.04% UP:0% SPREAD:0.0452284% BID:2.211 ASK:2.212 MID:2.2115 P1:2.2115 P2:2.2115 P3:2.2115 P4:2.2115 STATE:IDLE
[2026-05-16 06:15:52Z] CHK MOM:-0.04% RANGE:0.04% UP:0% SPREAD:0.0452284% BID:2.211 ASK:2.212 MID:2.2115 P1:2.2115 P2:2.2115 P3:2.2115 P4:2.2115 STATE:IDLE
[2026-05-16 06:15:53Z] CHK MOM:-0.04% RANGE:0.04% UP:0% SPREAD:0.0452284% BID:2.211 ASK:2.212 MID:2.2115 P1:2.2115 P2:2.2115 P3:2.2115 P4:2.2115 STATE:IDLE
[2026-05-16 06:15:53Z] CHK MOM:-0.04% RANGE:0.04% UP:0% SPREAD:0.0452284% BID:2.211 ASK:2.212 MID:2.2115 P1:2.2115 P2:2.2115 P3:2.2115 P4:2.2115 STATE:IDLE
[2026-05-16 06:15:54Z] CHK MOM:-0.04% RANGE:0.04% UP:0% SPREAD:0.0452284% BID:2.211 ASK:2.212 MID:2.2115 P1:2.2115 P2:2.2115 P3:2.2115 P4:2.2115 STATE:IDLE
[2026-05-16 06:15:54Z] CHK MOM:-0.04% RANGE:0.04% UP:0% SPREAD:0.0452284% BID:2.211 ASK:2.212 MID:2.2115 P1:2.2115 P2:2.2115 P3:2.2115 P4:2.2115 STATE:IDLE
[2026-05-16 06:15:55Z] CHK MOM:0% RANGE:0% UP:0% SPREAD:0.0452284% BID:2.211 ASK:2.212 MID:2.2115 P1:2.2115 P2:2.2115 P3:2.2115 P4:2.2115 STATE:IDLE
[2026-05-16 06:15:55Z] CHK MOM:0% RANGE:0% UP:0% SPREAD:0.0452284% BID:2.211 ASK:2.212 MID:2.2115 P1:2.2115 P2:2.2115 P3:2.2115 P4:2.2115 STATE:IDLE
[2026-05-16 06:15:56Z] CHK MOM:0% RANGE:0% UP:0% SPREAD:0.0452284% BID:2.211 ASK:2.212 MID:2.2115 P1:2.2115 P2:2.2115 P3:2.2115 P4:2.2115 STATE:IDLE
[2026-05-16 06:15:56Z] CHK MOM:0% RANGE:0% UP:0% SPREAD:0.0452284% BID:2.211 ASK:2.212 MID:2.2115 P1:2.2115 P2:2.2115 P3:2.2115 P4:2.2115 STATE:IDLE
[2026-05-16 06:15:57Z] CHK MOM:-0.04% RANGE:0.04% UP:0% SPREAD:0.04524886% BID:2.21 ASK:2.211 MID:2.21049999 P1:2.21049999 P2:2.2115 P3:2.2115 P4:2.2115 STATE:IDLE
[2026-05-16 06:15:58Z] CHK MOM:-0.09% RANGE:0.09% UP:0% SPREAD:0.04526935% BID:2.209 ASK:2.21 MID:2.2095 P1:2.2095 P2:2.21049999 P3:2.2115 P4:2.2115 STATE:IDLE
[2026-05-16 06:15:58Z] CHK MOM:-0.04% RANGE:0.09% UP:14.28% SPREAD:0.04524886% BID:2.21 ASK:2.211 MID:2.21049999 P1:2.21049999 P2:2.2095 P3:2.21049999 P4:2.2115 STATE:IDLE
[2026-05-16 06:15:59Z] CHK MOM:-0.04% RANGE:0.09% UP:14.28% SPREAD:0.04524886% BID:2.21 ASK:2.211 MID:2.21049999 P1:2.21049999 P2:2.2095 P3:2.21049999 P4:2.2115 STATE:IDLE
[2026-05-16 06:15:59Z] CHK MOM:-0.04% RANGE:0.09% UP:14.28% SPREAD:0.04524886% BID:2.21 ASK:2.211 MID:2.21049999 P1:2.21049999 P2:2.2095 P3:2.21049999 P4:2.2115 STATE:IDLE
[2026-05-16 06:16:00Z] CHK MOM:-0.04% RANGE:0.09% UP:14.28% SPREAD:0.04524886% BID:2.21 ASK:2.211 MID:2.21049999 P1:2.21049999 P2:2.2095 P3:2.21049999 P4:2.2115 STATE:IDLE
[2026-05-16 06:16:00Z] CHK MOM:-0.04% RANGE:0.09% UP:14.28% SPREAD:0.04524886% BID:2.21 ASK:2.211 MID:2.21049999 P1:2.21049999 P2:2.2095 P3:2.21049999 P4:2.2115 STATE:IDLE
[2026-05-16 06:16:01Z] CHK MOM:-0.04% RANGE:0.09% UP:14.28% SPREAD:0.04524886% BID:2.21 ASK:2.211 MID:2.21049999 P1:2.21049999 P2:2.2095 P3:2.21049999 P4:2.2115 STATE:IDLE
[2026-05-16 06:16:01Z] CHK MOM:-0.09% RANGE:0.09% UP:14.28% SPREAD:0.04526935% BID:2.209 ASK:2.21 MID:2.2095 P1:2.2095 P2:2.21049999 P3:2.2095 P4:2.21049999 STATE:IDLE
[2026-05-16 06:16:02Z] CHK MOM:-0.09% RANGE:0.09% UP:14.28% SPREAD:0.04526935% BID:2.209 ASK:2.21 MID:2.2095 P1:2.2095 P2:2.21049999 P3:2.2095 P4:2.21049999 STATE:IDLE
[2026-05-16 06:16:02Z] CHK MOM:-0.09% RANGE:0.09% UP:12.5% SPREAD:0.04526935% BID:2.209 ASK:2.21 MID:2.2095 P1:2.2095 P2:2.2095 P3:2.21049999 P4:2.2095 STATE:IDLE
[2026-05-16 06:16:03Z] CHK MOM:-0.09% RANGE:0.09% UP:11.11% SPREAD:0.04526935% BID:2.209 ASK:2.21 MID:2.2095 P1:2.2095 P2:2.2095 P3:2.2095 P4:2.21049999 STATE:IDLE
[2026-05-16 06:16:04Z] CHK MOM:-0.09% RANGE:0.09% UP:11.11% SPREAD:0.04526935% BID:2.209 ASK:2.21 MID:2.2095 P1:2.2095 P2:2.2095 P3:2.2095 P4:2.21049999 STATE:IDLE
[2026-05-16 06:16:04Z] CHK MOM:-0.09% RANGE:0.09% UP:11.11% SPREAD:0.04526935% BID:2.209 ASK:2.21 MID:2.2095 P1:2.2095 P2:2.2095 P3:2.2095 P4:2.21049999 STATE:IDLE
[2026-05-16 06:16:05Z] CHK MOM:-0.09% RANGE:0.09% UP:12.5% SPREAD:0.04526935% BID:2.209 ASK:2.21 MID:2.2095 P1:2.2095 P2:2.2095 P3:2.2095 P4:2.2095 STATE:IDLE
[2026-05-16 06:16:05Z] CHK MOM:-0.09% RANGE:0.09% UP:12.5% SPREAD:0.04526935% BID:2.209 ASK:2.21 MID:2.2095 P1:2.2095 P2:2.2095 P3:2.2095 P4:2.2095 STATE:IDLE
[2026-05-16 06:16:06Z] CHK MOM:-0.04% RANGE:0.09% UP:22.22% SPREAD:0.04524886% BID:2.21 ASK:2.211 MID:2.21049999 P1:2.21049999 P2:2.2095 P3:2.2095 P4:2.2095 STATE:IDLE
[2026-05-16 06:16:06Z] CHK MOM:-0.04% RANGE:0.09% UP:20% SPREAD:0.04524886% BID:2.21 ASK:2.211 MID:2.21049999 P1:2.21049999 P2:2.21049999 P3:2.2095 P4:2.2095 STATE:IDLE
[2026-05-16 06:16:07Z] CHK MOM:-0.04% RANGE:0.09% UP:20% SPREAD:0.04524886% BID:2.21 ASK:2.211 MID:2.21049999 P1:2.21049999 P2:2.21049999 P3:2.2095 P4:2.2095 STATE:IDLE
[2026-05-16 06:16:07Z] CHK MOM:-0.04% RANGE:0.09% UP:20% SPREAD:0.04524886% BID:2.21 ASK:2.211 MID:2.21049999 P1:2.21049999 P2:2.21049999 P3:2.2095 P4:2.2095 STATE:IDLE
[2026-05-16 06:16:08Z] CHK MOM:-0.04% RANGE:0.09% UP:20% SPREAD:0.04524886% BID:2.21 ASK:2.211 MID:2.21049999 P1:2.21049999 P2:2.21049999 P3:2.2095 P4:2.2095 STATE:IDLE
[2026-05-16 06:16:09Z] CHK MOM:-0.04% RANGE:0.09% UP:20% SPREAD:0.04524886% BID:2.21 ASK:2.211 MID:2.21049999 P1:2.21049999 P2:2.21049999 P3:2.2095 P4:2.2095 STATE:IDLE
[2026-05-16 06:16:09Z] CHK MOM:-0.04% RANGE:0.04% UP:14.28% SPREAD:0.04526935% BID:2.209 ASK:2.21 MID:2.2095 P1:2.2095 P2:2.21049999 P3:2.21049999 P4:2.2095 STATE:IDLE
[2026-05-16 06:16:10Z] CHK MOM:0% RANGE:0.04% UP:25% SPREAD:0.04524886% BID:2.21 ASK:2.211 MID:2.21049999 P1:2.21049999 P2:2.2095 P3:2.21049999 P4:2.21049999 STATE:IDLE
[2026-05-16 06:16:10Z] CHK MOM:0% RANGE:0.04% UP:25% SPREAD:0.04524886% BID:2.21 ASK:2.211 MID:2.21049999 P1:2.21049999 P2:2.2095 P3:2.21049999 P4:2.21049999 STATE:IDLE
[2026-05-16 06:16:11Z] CHK MOM:0% RANGE:0.04% UP:25% SPREAD:0.04524886% BID:2.21 ASK:2.211 MID:2.21049999 P1:2.21049999 P2:2.2095 P3:2.21049999 P4:2.21049999 STATE:IDLE
[2026-05-16 06:16:11Z] TOKEN_SWITCH old=TRUMPUSDC new=FETUSDC source=.service.env
[2026-05-16 08:50:04Z] SESSION_START symbol=TRUMPUSDC dry_run=0 profile=major strategy=momentum base_url=https://api.binance.com
[2026-05-16 08:50:04Z] TOXIC_MEMORY_LOADED count=1 symbols=ORDIUSDC
[2026-05-16 08:50:06Z] CHK MOM:0% RANGE:0% UP:0% SPREAD:0.04631773% BID:2.159 ASK:2.16 MID:2.1595 P1:2.1595 P2:NA P3:NA P4:NA STATE:IDLE
[2026-05-16 08:50:06Z] CHK MOM:0% RANGE:0% UP:0% SPREAD:0.04631773% BID:2.159 ASK:2.16 MID:2.1595 P1:2.1595 P2:NA P3:NA P4:NA STATE:IDLE
[2026-05-16 08:50:07Z] CHK MOM:0% RANGE:0% UP:0% SPREAD:0.04631773% BID:2.159 ASK:2.16 MID:2.1595 P1:2.1595 P2:2.1595 P3:NA P4:NA STATE:IDLE
[2026-05-16 08:50:07Z] CHK MOM:0% RANGE:0% UP:0% SPREAD:0.04631773% BID:2.159 ASK:2.16 MID:2.1595 P1:2.1595 P2:2.1595 P3:NA P4:NA STATE:IDLE
[2026-05-16 08:50:08Z] CHK MOM:0% RANGE:0% UP:0% SPREAD:0.04631773% BID:2.159 ASK:2.16 MID:2.1595 P1:2.1595 P2:2.1595 P3:NA P4:NA STATE:IDLE
[2026-05-16 08:50:08Z] CHK MOM:0% RANGE:0% UP:0% SPREAD:0.04631773% BID:2.159 ASK:2.16 MID:2.1595 P1:2.1595 P2:2.1595 P3:NA P4:NA STATE:IDLE
[2026-05-16 08:50:09Z] CHK MOM:0% RANGE:0% UP:0% SPREAD:0.04631773% BID:2.159 ASK:2.16 MID:2.1595 P1:2.1595 P2:2.1595 P3:NA P4:NA STATE:IDLE
[2026-05-16 08:50:09Z] CHK MOM:0% RANGE:0% UP:0% SPREAD:0.04631773% BID:2.159 ASK:2.16 MID:2.1595 P1:2.1595 P2:2.1595 P3:NA P4:NA STATE:IDLE
[2026-05-16 08:50:10Z] CHK MOM:0% RANGE:0% UP:0% SPREAD:0.04631773% BID:2.159 ASK:2.16 MID:2.1595 P1:2.1595 P2:2.1595 P3:2.1595 P4:NA STATE:IDLE
[2026-05-16 08:50:11Z] CHK MOM:0% RANGE:0% UP:0% SPREAD:0.04631773% BID:2.159 ASK:2.16 MID:2.1595 P1:2.1595 P2:2.1595 P3:2.1595 P4:2.1595 STATE:IDLE
[2026-05-16 08:50:12Z] CHK MOM:-0.04% RANGE:0.04% UP:0% SPREAD:0.0463392% BID:2.158 ASK:2.159 MID:2.1585 P1:2.1585 P2:2.1595 P3:2.1595 P4:2.1595 STATE:IDLE
[2026-05-16 08:50:12Z] CHK MOM:-0.04% RANGE:0.04% UP:0% SPREAD:0.0463392% BID:2.158 ASK:2.159 MID:2.1585 P1:2.1585 P2:2.1585 P3:2.1595 P4:2.1595 STATE:IDLE
[2026-05-16 08:50:13Z] CHK MOM:-0.04% RANGE:0.04% UP:0% SPREAD:0.0463392% BID:2.158 ASK:2.159 MID:2.1585 P1:2.1585 P2:2.1585 P3:2.1585 P4:2.1595 STATE:IDLE
[2026-05-16 08:50:13Z] CHK MOM:-0.04% RANGE:0.04% UP:0% SPREAD:0.0463392% BID:2.158 ASK:2.159 MID:2.1585 P1:2.1585 P2:2.1585 P3:2.1585 P4:2.1595 STATE:IDLE
[2026-05-16 08:50:14Z] CHK MOM:-0.04% RANGE:0.04% UP:0% SPREAD:0.0463392% BID:2.158 ASK:2.159 MID:2.1585 P1:2.1585 P2:2.1585 P3:2.1585 P4:2.1595 STATE:IDLE
[2026-05-16 08:50:14Z] CHK MOM:-0.04% RANGE:0.04% UP:0% SPREAD:0.0463392% BID:2.158 ASK:2.159 MID:2.1585 P1:2.1585 P2:2.1585 P3:2.1585 P4:2.1595 STATE:IDLE
[2026-05-16 08:50:15Z] CHK MOM:-0.04% RANGE:0.04% UP:0% SPREAD:0.0463392% BID:2.158 ASK:2.159 MID:2.1585 P1:2.1585 P2:2.1585 P3:2.1585 P4:2.1595 STATE:IDLE
[2026-05-16 08:50:15Z] CHK MOM:-0.04% RANGE:0.04% UP:0% SPREAD:0.0463392% BID:2.158 ASK:2.159 MID:2.1585 P1:2.1585 P2:2.1585 P3:2.1585 P4:2.1595 STATE:IDLE
[2026-05-16 08:50:16Z] CHK MOM:-0.04% RANGE:0.04% UP:0% SPREAD:0.0463392% BID:2.158 ASK:2.159 MID:2.1585 P1:2.1585 P2:2.1585 P3:2.1585 P4:2.1585 STATE:IDLE
[2026-05-16 08:50:17Z] CHK MOM:-0.04% RANGE:0.04% UP:0% SPREAD:0.0463392% BID:2.158 ASK:2.159 MID:2.1585 P1:2.1585 P2:2.1585 P3:2.1585 P4:2.1585 STATE:IDLE
[2026-05-16 08:50:17Z] CHK MOM:-0.04% RANGE:0.04% UP:0% SPREAD:0.0463392% BID:2.158 ASK:2.159 MID:2.1585 P1:2.1585 P2:2.1585 P3:2.1585 P4:2.1585 STATE:IDLE
[2026-05-16 08:50:18Z] CHK MOM:-0.04% RANGE:0.04% UP:0% SPREAD:0.0463392% BID:2.158 ASK:2.159 MID:2.1585 P1:2.1585 P2:2.1585 P3:2.1585 P4:2.1585 STATE:IDLE
[2026-05-16 08:50:18Z] CHK MOM:-0.04% RANGE:0.04% UP:0% SPREAD:0.0463392% BID:2.158 ASK:2.159 MID:2.1585 P1:2.1585 P2:2.1585 P3:2.1585 P4:2.1585 STATE:IDLE
[2026-05-16 08:50:19Z] CHK MOM:-0.04% RANGE:0.04% UP:0% SPREAD:0.0463392% BID:2.158 ASK:2.159 MID:2.1585 P1:2.1585 P2:2.1585 P3:2.1585 P4:2.1585 STATE:IDLE
[2026-05-16 08:50:19Z] CHK MOM:-0.04% RANGE:0.04% UP:0% SPREAD:0.0463392% BID:2.158 ASK:2.159 MID:2.1585 P1:2.1585 P2:2.1585 P3:2.1585 P4:2.1585 STATE:IDLE
[2026-05-16 08:50:20Z] CHK MOM:-0.04% RANGE:0.04% UP:0% SPREAD:0.0463392% BID:2.158 ASK:2.159 MID:2.1585 P1:2.1585 P2:2.1585 P3:2.1585 P4:2.1585 STATE:IDLE
[2026-05-16 08:50:20Z] CHK MOM:-0.04% RANGE:0.04% UP:0% SPREAD:0.0463392% BID:2.158 ASK:2.159 MID:2.1585 P1:2.1585 P2:2.1585 P3:2.1585 P4:2.1585 STATE:IDLE
[2026-05-16 08:50:21Z] CHK MOM:-0.04% RANGE:0.04% UP:0% SPREAD:0.0463392% BID:2.158 ASK:2.159 MID:2.1585 P1:2.1585 P2:2.1585 P3:2.1585 P4:2.1585 STATE:IDLE
[2026-05-16 08:50:21Z] CHK MOM:-0.04% RANGE:0.04% UP:0% SPREAD:0.0463392% BID:2.158 ASK:2.159 MID:2.1585 P1:2.1585 P2:2.1585 P3:2.1585 P4:2.1585 STATE:IDLE
[2026-05-16 08:50:22Z] CHK MOM:-0.04% RANGE:0.04% UP:0% SPREAD:0.0463392% BID:2.158 ASK:2.159 MID:2.1585 P1:2.1585 P2:2.1585 P3:2.1585 P4:2.1585 STATE:IDLE
[2026-05-16 08:50:23Z] CHK MOM:-0.04% RANGE:0.04% UP:0% SPREAD:0.0463392% BID:2.158 ASK:2.159 MID:2.1585 P1:2.1585 P2:2.1585 P3:2.1585 P4:2.1585 STATE:IDLE
[2026-05-16 08:50:23Z] CHK MOM:-0.04% RANGE:0.04% UP:0% SPREAD:0.0463392% BID:2.158 ASK:2.159 MID:2.1585 P1:2.1585 P2:2.1585 P3:2.1585 P4:2.1585 STATE:IDLE
[2026-05-16 08:50:30Z] CHK MOM:0% RANGE:0% UP:0% SPREAD:0.0463392% BID:2.158 ASK:2.159 MID:2.1585 P1:2.1585 P2:2.1585 P3:2.1585 P4:2.1585 STATE:IDLE
[2026-05-16 08:50:30Z] CHK MOM:0% RANGE:0% UP:0% SPREAD:0.0463392% BID:2.158 ASK:2.159 MID:2.1585 P1:2.1585 P2:2.1585 P3:2.1585 P4:2.1585 STATE:IDLE
[2026-05-16 08:50:31Z] CHK MOM:0% RANGE:0% UP:0% SPREAD:0.0463392% BID:2.158 ASK:2.159 MID:2.1585 P1:2.1585 P2:2.1585 P3:2.1585 P4:2.1585 STATE:IDLE
[2026-05-16 08:50:31Z] CHK MOM:0% RANGE:0% UP:0% SPREAD:0.0463392% BID:2.158 ASK:2.159 MID:2.1585 P1:2.1585 P2:2.1585 P3:2.1585 P4:2.1585 STATE:IDLE
[2026-05-16 08:50:32Z] CHK MOM:0% RANGE:0% UP:0% SPREAD:0.0463392% BID:2.158 ASK:2.159 MID:2.1585 P1:2.1585 P2:2.1585 P3:2.1585 P4:2.1585 STATE:IDLE
[2026-05-16 08:50:40Z] CHK MOM:0% RANGE:0% UP:0% SPREAD:0.0463392% BID:2.158 ASK:2.159 MID:2.1585 P1:2.1585 P2:2.1585 P3:2.1585 P4:2.1585 STATE:IDLE
[2026-05-16 08:50:41Z] CHK MOM:0% RANGE:0% UP:0% SPREAD:0.0463392% BID:2.158 ASK:2.159 MID:2.1585 P1:2.1585 P2:2.1585 P3:2.1585 P4:2.1585 STATE:IDLE
[2026-05-16 08:50:41Z] CHK MOM:0% RANGE:0% UP:0% SPREAD:0.0463392% BID:2.158 ASK:2.159 MID:2.1585 P1:2.1585 P2:2.1585 P3:2.1585 P4:2.1585 STATE:IDLE
[2026-05-16 08:50:42Z] CHK MOM:0% RANGE:0% UP:0% SPREAD:0.0463392% BID:2.158 ASK:2.159 MID:2.1585 P1:2.1585 P2:2.1585 P3:2.1585 P4:2.1585 STATE:IDLE
[2026-05-16 08:50:42Z] CHK MOM:0% RANGE:0% UP:0% SPREAD:0.0463392% BID:2.158 ASK:2.159 MID:2.1585 P1:2.1585 P2:2.1585 P3:2.1585 P4:2.1585 STATE:IDLE
[2026-05-16 08:50:45Z] CHK MOM:0% RANGE:0% UP:0% SPREAD:0.0463392% BID:2.158 ASK:2.159 MID:2.1585 P1:2.1585 P2:2.1585 P3:2.1585 P4:2.1585 STATE:IDLE
[2026-05-16 08:50:46Z] CHK MOM:0% RANGE:0% UP:0% SPREAD:0.0463392% BID:2.158 ASK:2.159 MID:2.1585 P1:2.1585 P2:2.1585 P3:2.1585 P4:2.1585 STATE:IDLE
[2026-05-16 08:50:46Z] CHK MOM:0% RANGE:0% UP:0% SPREAD:0.0463392% BID:2.158 ASK:2.159 MID:2.1585 P1:2.1585 P2:2.1585 P3:2.1585 P4:2.1585 STATE:IDLE
[2026-05-16 08:50:47Z] CHK MOM:0% RANGE:0% UP:0% SPREAD:0.0463392% BID:2.158 ASK:2.159 MID:2.1585 P1:2.1585 P2:2.1585 P3:2.1585 P4:2.1585 STATE:IDLE
[2026-05-16 08:50:47Z] CHK MOM:0% RANGE:0% UP:0% SPREAD:0.0463392% BID:2.158 ASK:2.159 MID:2.1585 P1:2.1585 P2:2.1585 P3:2.1585 P4:2.1585 STATE:IDLE
[2026-05-16 08:50:48Z] CHK MOM:0% RANGE:0% UP:0% SPREAD:0.0463392% BID:2.158 ASK:2.159 MID:2.1585 P1:2.1585 P2:2.1585 P3:2.1585 P4:2.1585 STATE:IDLE
[2026-05-16 08:50:48Z] CHK MOM:0% RANGE:0% UP:0% SPREAD:0.0463392% BID:2.158 ASK:2.159 MID:2.1585 P1:2.1585 P2:2.1585 P3:2.1585 P4:2.1585 STATE:IDLE
[2026-05-16 08:50:49Z] CHK MOM:0% RANGE:0% UP:0% SPREAD:0.0463392% BID:2.158 ASK:2.159 MID:2.1585 P1:2.1585 P2:2.1585 P3:2.1585 P4:2.1585 STATE:IDLE
[2026-05-16 08:50:49Z] CHK MOM:0% RANGE:0% UP:0% SPREAD:0.0463392% BID:2.158 ASK:2.159 MID:2.1585 P1:2.1585 P2:2.1585 P3:2.1585 P4:2.1585 STATE:IDLE
[2026-05-16 08:50:50Z] CHK MOM:0% RANGE:0% UP:0% SPREAD:0.0463392% BID:2.158 ASK:2.159 MID:2.1585 P1:2.1585 P2:2.1585 P3:2.1585 P4:2.1585 STATE:IDLE
[2026-05-16 08:50:53Z] CHK MOM:0% RANGE:0% UP:0% SPREAD:0.0463392% BID:2.158 ASK:2.159 MID:2.1585 P1:2.1585 P2:2.1585 P3:2.1585 P4:2.1585 STATE:IDLE
[2026-05-16 08:50:53Z] CHK MOM:0% RANGE:0% UP:0% SPREAD:0.0463392% BID:2.158 ASK:2.159 MID:2.1585 P1:2.1585 P2:2.1585 P3:2.1585 P4:2.1585 STATE:IDLE
[2026-05-16 08:50:54Z] CHK MOM:0% RANGE:0% UP:0% SPREAD:0.0463392% BID:2.158 ASK:2.159 MID:2.1585 P1:2.1585 P2:2.1585 P3:2.1585 P4:2.1585 STATE:IDLE
[2026-05-16 08:50:54Z] CHK MOM:0% RANGE:0% UP:0% SPREAD:0.0463392% BID:2.158 ASK:2.159 MID:2.1585 P1:2.1585 P2:2.1585 P3:2.1585 P4:2.1585 STATE:IDLE
[2026-05-16 08:50:55Z] CHK MOM:0% RANGE:0% UP:0% SPREAD:0.0463392% BID:2.158 ASK:2.159 MID:2.1585 P1:2.1585 P2:2.1585 P3:2.1585 P4:2.1585 STATE:IDLE
[2026-05-16 08:50:55Z] CHK MOM:0% RANGE:0% UP:0% SPREAD:0.0463392% BID:2.158 ASK:2.159 MID:2.1585 P1:2.1585 P2:2.1585 P3:2.1585 P4:2.1585 STATE:IDLE
[2026-05-16 08:50:59Z] CHK MOM:0% RANGE:0% UP:0% SPREAD:0.0463392% BID:2.158 ASK:2.159 MID:2.1585 P1:2.1585 P2:2.1585 P3:2.1585 P4:2.1585 STATE:IDLE
[2026-05-16 08:50:59Z] CHK MOM:0% RANGE:0% UP:0% SPREAD:0.0463392% BID:2.158 ASK:2.159 MID:2.1585 P1:2.1585 P2:2.1585 P3:2.1585 P4:2.1585 STATE:IDLE
[2026-05-16 08:51:00Z] CHK MOM:0% RANGE:0% UP:0% SPREAD:0.0463392% BID:2.158 ASK:2.159 MID:2.1585 P1:2.1585 P2:2.1585 P3:2.1585 P4:2.1585 STATE:IDLE
[2026-05-16 08:51:00Z] CHK MOM:0% RANGE:0% UP:0% SPREAD:0.0463392% BID:2.158 ASK:2.159 MID:2.1585 P1:2.1585 P2:2.1585 P3:2.1585 P4:2.1585 STATE:IDLE
[2026-05-16 08:51:01Z] CHK MOM:0% RANGE:0% UP:0% SPREAD:0.0463392% BID:2.158 ASK:2.159 MID:2.1585 P1:2.1585 P2:2.1585 P3:2.1585 P4:2.1585 STATE:IDLE
[2026-05-16 08:51:01Z] CHK MOM:0% RANGE:0% UP:0% SPREAD:0.0463392% BID:2.158 ASK:2.159 MID:2.1585 P1:2.1585 P2:2.1585 P3:2.1585 P4:2.1585 STATE:IDLE
[2026-05-16 08:51:02Z] CHK MOM:0% RANGE:0% UP:0% SPREAD:0.0463392% BID:2.158 ASK:2.159 MID:2.1585 P1:2.1585 P2:2.1585 P3:2.1585 P4:2.1585 STATE:IDLE
[2026-05-16 08:51:06Z] CHK MOM:0% RANGE:0% UP:0% SPREAD:0.0463392% BID:2.158 ASK:2.159 MID:2.1585 P1:2.1585 P2:2.1585 P3:2.1585 P4:2.1585 STATE:IDLE
[2026-05-16 08:51:07Z] CHK MOM:0% RANGE:0% UP:0% SPREAD:0.0463392% BID:2.158 ASK:2.159 MID:2.1585 P1:2.1585 P2:2.1585 P3:2.1585 P4:2.1585 STATE:IDLE
[2026-05-16 08:51:07Z] CHK MOM:0% RANGE:0% UP:0% SPREAD:0.0463392% BID:2.158 ASK:2.159 MID:2.1585 P1:2.1585 P2:2.1585 P3:2.1585 P4:2.1585 STATE:IDLE
[2026-05-16 08:51:08Z] CHK MOM:0% RANGE:0% UP:0% SPREAD:0.0463392% BID:2.158 ASK:2.159 MID:2.1585 P1:2.1585 P2:2.1585 P3:2.1585 P4:2.1585 STATE:IDLE
[2026-05-16 08:51:08Z] CHK MOM:0% RANGE:0% UP:0% SPREAD:0.0463392% BID:2.158 ASK:2.159 MID:2.1585 P1:2.1585 P2:2.1585 P3:2.1585 P4:2.1585 STATE:IDLE
[2026-05-16 08:51:09Z] CHK MOM:0% RANGE:0% UP:0% SPREAD:0.0463392% BID:2.158 ASK:2.159 MID:2.1585 P1:2.1585 P2:2.1585 P3:2.1585 P4:2.1585 STATE:IDLE
[2026-05-16 08:51:12Z] CHK MOM:0% RANGE:0% UP:0% SPREAD:0.0463392% BID:2.158 ASK:2.159 MID:2.1585 P1:2.1585 P2:2.1585 P3:2.1585 P4:2.1585 STATE:IDLE
[2026-05-16 08:51:12Z] CHK MOM:0% RANGE:0% UP:0% SPREAD:0.0463392% BID:2.158 ASK:2.159 MID:2.1585 P1:2.1585 P2:2.1585 P3:2.1585 P4:2.1585 STATE:IDLE
[2026-05-16 08:51:13Z] CHK MOM:0% RANGE:0% UP:0% SPREAD:0.0463392% BID:2.158 ASK:2.159 MID:2.1585 P1:2.1585 P2:2.1585 P3:2.1585 P4:2.1585 STATE:IDLE
[2026-05-16 08:51:13Z] CHK MOM:0% RANGE:0% UP:0% SPREAD:0.0463392% BID:2.158 ASK:2.159 MID:2.1585 P1:2.1585 P2:2.1585 P3:2.1585 P4:2.1585 STATE:IDLE
[2026-05-16 08:51:14Z] CHK MOM:0% RANGE:0% UP:0% SPREAD:0.0463392% BID:2.158 ASK:2.159 MID:2.1585 P1:2.1585 P2:2.1585 P3:2.1585 P4:2.1585 STATE:IDLE
[2026-05-16 08:51:21Z] CHK MOM:0% RANGE:0% UP:0% SPREAD:0.0463392% BID:2.158 ASK:2.159 MID:2.1585 P1:2.1585 P2:2.1585 P3:2.1585 P4:2.1585 STATE:IDLE
[2026-05-16 08:51:21Z] CHK MOM:0% RANGE:0% UP:0% SPREAD:0.0463392% BID:2.158 ASK:2.159 MID:2.1585 P1:2.1585 P2:2.1585 P3:2.1585 P4:2.1585 STATE:IDLE
[2026-05-16 08:51:22Z] CHK MOM:0% RANGE:0% UP:0% SPREAD:0.0463392% BID:2.158 ASK:2.159 MID:2.1585 P1:2.1585 P2:2.1585 P3:2.1585 P4:2.1585 STATE:IDLE
[2026-05-16 08:51:22Z] CHK MOM:0% RANGE:0% UP:0% SPREAD:0.0463392% BID:2.158 ASK:2.159 MID:2.1585 P1:2.1585 P2:2.1585 P3:2.1585 P4:2.1585 STATE:IDLE
[2026-05-16 08:51:23Z] CHK MOM:0% RANGE:0% UP:0% SPREAD:0.0463392% BID:2.158 ASK:2.159 MID:2.1585 P1:2.1585 P2:2.1585 P3:2.1585 P4:2.1585 STATE:IDLE
[2026-05-16 08:51:23Z] CHK MOM:0% RANGE:0% UP:0% SPREAD:0.0463392% BID:2.158 ASK:2.159 MID:2.1585 P1:2.1585 P2:2.1585 P3:2.1585 P4:2.1585 STATE:IDLE
[2026-05-16 08:51:24Z] CHK MOM:0% RANGE:0% UP:0% SPREAD:0.0463392% BID:2.158 ASK:2.159 MID:2.1585 P1:2.1585 P2:2.1585 P3:2.1585 P4:2.1585 STATE:IDLE
[2026-05-16 08:51:24Z] CHK MOM:0% RANGE:0% UP:0% SPREAD:0.0463392% BID:2.158 ASK:2.159 MID:2.1585 P1:2.1585 P2:2.1585 P3:2.1585 P4:2.1585 STATE:IDLE
[2026-05-16 08:51:25Z] CHK MOM:0% RANGE:0% UP:0% SPREAD:0.0463392% BID:2.158 ASK:2.159 MID:2.1585 P1:2.1585 P2:2.1585 P3:2.1585 P4:2.1585 STATE:IDLE
[2026-05-16 08:51:25Z] CHK MOM:0% RANGE:0% UP:0% SPREAD:0.0463392% BID:2.158 ASK:2.159 MID:2.1585 P1:2.1585 P2:2.1585 P3:2.1585 P4:2.1585 STATE:IDLE
[2026-05-16 08:51:26Z] CHK MOM:0% RANGE:0% UP:0% SPREAD:0.0463392% BID:2.158 ASK:2.159 MID:2.1585 P1:2.1585 P2:2.1585 P3:2.1585 P4:2.1585 STATE:IDLE
[2026-05-16 08:51:27Z] CHK MOM:0% RANGE:0% UP:0% SPREAD:0.0463392% BID:2.158 ASK:2.159 MID:2.1585 P1:2.1585 P2:2.1585 P3:2.1585 P4:2.1585 STATE:IDLE
[2026-05-16 08:51:27Z] CHK MOM:0% RANGE:0% UP:0% SPREAD:0.0463392% BID:2.158 ASK:2.159 MID:2.1585 P1:2.1585 P2:2.1585 P3:2.1585 P4:2.1585 STATE:IDLE
[2026-05-16 08:51:28Z] CHK MOM:0% RANGE:0% UP:0% SPREAD:0.0463392% BID:2.158 ASK:2.159 MID:2.1585 P1:2.1585 P2:2.1585 P3:2.1585 P4:2.1585 STATE:IDLE
[2026-05-16 08:51:28Z] CHK MOM:0% RANGE:0% UP:0% SPREAD:0.0463392% BID:2.158 ASK:2.159 MID:2.1585 P1:2.1585 P2:2.1585 P3:2.1585 P4:2.1585 STATE:IDLE
[2026-05-16 08:51:29Z] CHK MOM:0% RANGE:0% UP:0% SPREAD:0.0463392% BID:2.158 ASK:2.159 MID:2.1585 P1:2.1585 P2:2.1585 P3:2.1585 P4:2.1585 STATE:IDLE
[2026-05-16 08:51:29Z] CHK MOM:0% RANGE:0% UP:0% SPREAD:0.0463392% BID:2.158 ASK:2.159 MID:2.1585 P1:2.1585 P2:2.1585 P3:2.1585 P4:2.1585 STATE:IDLE
[2026-05-16 08:51:30Z] CHK MOM:0% RANGE:0% UP:0% SPREAD:0.0463392% BID:2.158 ASK:2.159 MID:2.1585 P1:2.1585 P2:2.1585 P3:2.1585 P4:2.1585 STATE:IDLE
[2026-05-16 08:51:30Z] CHK MOM:0% RANGE:0% UP:0% SPREAD:0.0463392% BID:2.158 ASK:2.159 MID:2.1585 P1:2.1585 P2:2.1585 P3:2.1585 P4:2.1585 STATE:IDLE
[2026-05-16 08:51:31Z] CHK MOM:0% RANGE:0% UP:0% SPREAD:0.0463392% BID:2.158 ASK:2.159 MID:2.1585 P1:2.1585 P2:2.1585 P3:2.1585 P4:2.1585 STATE:IDLE
[2026-05-16 08:51:31Z] CHK MOM:0% RANGE:0% UP:0% SPREAD:0.0463392% BID:2.158 ASK:2.159 MID:2.1585 P1:2.1585 P2:2.1585 P3:2.1585 P4:2.1585 STATE:IDLE
[2026-05-16 08:51:32Z] CHK MOM:0% RANGE:0% UP:0% SPREAD:0.0463392% BID:2.158 ASK:2.159 MID:2.1585 P1:2.1585 P2:2.1585 P3:2.1585 P4:2.1585 STATE:IDLE
[2026-05-16 08:51:32Z] CHK MOM:0% RANGE:0% UP:0% SPREAD:0.0463392% BID:2.158 ASK:2.159 MID:2.1585 P1:2.1585 P2:2.1585 P3:2.1585 P4:2.1585 STATE:IDLE
[2026-05-16 08:51:33Z] CHK MOM:0% RANGE:0% UP:0% SPREAD:0.0463392% BID:2.158 ASK:2.159 MID:2.1585 P1:2.1585 P2:2.1585 P3:2.1585 P4:2.1585 STATE:IDLE
[2026-05-16 08:51:33Z] CHK MOM:0% RANGE:0% UP:0% SPREAD:0.0463392% BID:2.158 ASK:2.159 MID:2.1585 P1:2.1585 P2:2.1585 P3:2.1585 P4:2.1585 STATE:IDLE
[2026-05-16 08:51:34Z] CHK MOM:0% RANGE:0% UP:0% SPREAD:0.0463392% BID:2.158 ASK:2.159 MID:2.1585 P1:2.1585 P2:2.1585 P3:2.1585 P4:2.1585 STATE:IDLE
[2026-05-16 08:51:34Z] CHK MOM:0% RANGE:0% UP:0% SPREAD:0.0463392% BID:2.158 ASK:2.159 MID:2.1585 P1:2.1585 P2:2.1585 P3:2.1585 P4:2.1585 STATE:IDLE
[2026-05-16 08:51:35Z] CHK MOM:0% RANGE:0% UP:0% SPREAD:0.0463392% BID:2.158 ASK:2.159 MID:2.1585 P1:2.1585 P2:2.1585 P3:2.1585 P4:2.1585 STATE:IDLE
[2026-05-16 08:51:35Z] CHK MOM:0% RANGE:0% UP:0% SPREAD:0.0463392% BID:2.158 ASK:2.159 MID:2.1585 P1:2.1585 P2:2.1585 P3:2.1585 P4:2.1585 STATE:IDLE
[2026-05-16 08:51:36Z] CHK MOM:0% RANGE:0% UP:0% SPREAD:0.0463392% BID:2.158 ASK:2.159 MID:2.1585 P1:2.1585 P2:2.1585 P3:2.1585 P4:2.1585 STATE:IDLE
[2026-05-16 08:51:37Z] CHK MOM:0% RANGE:0% UP:0% SPREAD:0.0463392% BID:2.158 ASK:2.159 MID:2.1585 P1:2.1585 P2:2.1585 P3:2.1585 P4:2.1585 STATE:IDLE
[2026-05-16 08:51:37Z] CHK MOM:0% RANGE:0% UP:0% SPREAD:0.0463392% BID:2.158 ASK:2.159 MID:2.1585 P1:2.1585 P2:2.1585 P3:2.1585 P4:2.1585 STATE:IDLE
[2026-05-16 08:51:38Z] CHK MOM:-0.04% RANGE:0.04% UP:0% SPREAD:0.04636068% BID:2.157 ASK:2.158 MID:2.15749999 P1:2.15749999 P2:2.1585 P3:2.1585 P4:2.1585 STATE:IDLE
[2026-05-16 08:51:38Z] CHK MOM:-0.04% RANGE:0.04% UP:0% SPREAD:0.04636068% BID:2.157 ASK:2.158 MID:2.15749999 P1:2.15749999 P2:2.1585 P3:2.1585 P4:2.1585 STATE:IDLE
[2026-05-16 08:51:39Z] CHK MOM:-0.04% RANGE:0.04% UP:0% SPREAD:0.04636068% BID:2.157 ASK:2.158 MID:2.15749999 P1:2.15749999 P2:2.1585 P3:2.1585 P4:2.1585 STATE:IDLE
[2026-05-16 08:51:39Z] CHK MOM:-0.04% RANGE:0.04% UP:0% SPREAD:0.04636068% BID:2.157 ASK:2.158 MID:2.15749999 P1:2.15749999 P2:2.1585 P3:2.1585 P4:2.1585 STATE:IDLE
[2026-05-16 08:51:40Z] CHK MOM:-0.04% RANGE:0.04% UP:0% SPREAD:0.04636068% BID:2.157 ASK:2.158 MID:2.15749999 P1:2.15749999 P2:2.1585 P3:2.1585 P4:2.1585 STATE:IDLE
[2026-05-16 08:51:40Z] CHK MOM:-0.04% RANGE:0.04% UP:0% SPREAD:0.04636068% BID:2.157 ASK:2.158 MID:2.15749999 P1:2.15749999 P2:2.1585 P3:2.1585 P4:2.1585 STATE:IDLE
[2026-05-16 08:51:41Z] CHK MOM:-0.04% RANGE:0.04% UP:0% SPREAD:0.04636068% BID:2.157 ASK:2.158 MID:2.15749999 P1:2.15749999 P2:2.15749999 P3:2.1585 P4:2.1585 STATE:IDLE
[2026-05-16 08:51:42Z] CHK MOM:-0.04% RANGE:0.04% UP:0% SPREAD:0.04636068% BID:2.157 ASK:2.158 MID:2.15749999 P1:2.15749999 P2:2.15749999 P3:2.1585 P4:2.1585 STATE:IDLE
[2026-05-16 08:51:43Z] CHK MOM:-0.04% RANGE:0.04% UP:0% SPREAD:0.04636068% BID:2.157 ASK:2.158 MID:2.15749999 P1:2.15749999 P2:2.15749999 P3:2.1585 P4:2.1585 STATE:IDLE
[2026-05-16 08:51:43Z] CHK MOM:-0.04% RANGE:0.04% UP:0% SPREAD:0.04636068% BID:2.157 ASK:2.158 MID:2.15749999 P1:2.15749999 P2:2.15749999 P3:2.1585 P4:2.1585 STATE:IDLE
[2026-05-16 08:51:44Z] CHK MOM:-0.04% RANGE:0.04% UP:0% SPREAD:0.04636068% BID:2.157 ASK:2.158 MID:2.15749999 P1:2.15749999 P2:2.15749999 P3:2.1585 P4:2.1585 STATE:IDLE
[2026-05-16 08:51:47Z] CHK MOM:-0.04% RANGE:0.04% UP:0% SPREAD:0.04636068% BID:2.157 ASK:2.158 MID:2.15749999 P1:2.15749999 P2:2.15749999 P3:2.15749999 P4:2.1585 STATE:IDLE
[2026-05-16 08:51:48Z] CHK MOM:-0.04% RANGE:0.04% UP:0% SPREAD:0.04636068% BID:2.157 ASK:2.158 MID:2.15749999 P1:2.15749999 P2:2.15749999 P3:2.15749999 P4:2.1585 STATE:IDLE
[2026-05-16 08:51:48Z] CHK MOM:-0.04% RANGE:0.04% UP:0% SPREAD:0.04636068% BID:2.157 ASK:2.158 MID:2.15749999 P1:2.15749999 P2:2.15749999 P3:2.15749999 P4:2.1585 STATE:IDLE
[2026-05-16 08:51:49Z] CHK MOM:-0.04% RANGE:0.04% UP:0% SPREAD:0.04636068% BID:2.157 ASK:2.158 MID:2.15749999 P1:2.15749999 P2:2.15749999 P3:2.15749999 P4:2.1585 STATE:IDLE
[2026-05-16 08:51:49Z] CHK MOM:-0.04% RANGE:0.04% UP:0% SPREAD:0.04636068% BID:2.157 ASK:2.158 MID:2.15749999 P1:2.15749999 P2:2.15749999 P3:2.15749999 P4:2.1585 STATE:IDLE
[2026-05-16 08:52:00Z] CHK MOM:0% RANGE:0% UP:0% SPREAD:0.04636068% BID:2.157 ASK:2.158 MID:2.15749999 P1:2.15749999 P2:2.15749999 P3:2.15749999 P4:2.15749999 STATE:IDLE
[2026-05-16 08:52:00Z] CHK MOM:0.04% RANGE:0.04% UP:100% SPREAD:0.0463392% BID:2.158 ASK:2.159 MID:2.1585 P1:2.1585 P2:2.15749999 P3:2.15749999 P4:2.15749999 STATE:IDLE
[2026-05-16 08:52:01Z] CHK MOM:0.04% RANGE:0.04% UP:50% SPREAD:0.0463392% BID:2.158 ASK:2.159 MID:2.1585 P1:2.1585 P2:2.1585 P3:2.15749999 P4:2.15749999 STATE:IDLE
[2026-05-16 08:52:01Z] CHK MOM:0.04% RANGE:0.04% UP:33.33% SPREAD:0.0463392% BID:2.158 ASK:2.159 MID:2.1585 P1:2.1585 P2:2.1585 P3:2.1585 P4:2.15749999 STATE:IDLE
[2026-05-16 08:52:02Z] CHK MOM:0.04% RANGE:0.04% UP:25% SPREAD:0.0463392% BID:2.158 ASK:2.159 MID:2.1585 P1:2.1585 P2:2.1585 P3:2.1585 P4:2.1585 STATE:IDLE
[2026-05-16 08:52:02Z] CHK MOM:0.04% RANGE:0.04% UP:20% SPREAD:0.0463392% BID:2.158 ASK:2.159 MID:2.1585 P1:2.1585 P2:2.1585 P3:2.1585 P4:2.1585 STATE:IDLE
[2026-05-16 08:52:03Z] CHK MOM:0.04% RANGE:0.04% UP:20% SPREAD:0.0463392% BID:2.158 ASK:2.159 MID:2.1585 P1:2.1585 P2:2.1585 P3:2.1585 P4:2.1585 STATE:IDLE
[2026-05-16 08:52:03Z] CHK MOM:0.04% RANGE:0.04% UP:20% SPREAD:0.0463392% BID:2.158 ASK:2.159 MID:2.1585 P1:2.1585 P2:2.1585 P3:2.1585 P4:2.1585 STATE:IDLE
[2026-05-16 08:52:04Z] CHK MOM:0.04% RANGE:0.04% UP:20% SPREAD:0.0463392% BID:2.158 ASK:2.159 MID:2.1585 P1:2.1585 P2:2.1585 P3:2.1585 P4:2.1585 STATE:IDLE
[2026-05-16 08:52:04Z] TOKEN_SWITCH old=TRUMPUSDC new=SUIUSDC source=.service.env
