[2026-06-03 00:32:02Z] SESSION_START symbol=XPLUSDC dry_run=0 profile=major strategy=momentum base_url=https://api.binance.com
[2026-06-03 00:32:02Z] TOXIC_MEMORY_LOADED count=1 symbols=ORDIUSDC
[2026-06-03 00:32:03Z] CHK MOM:0% RANGE:0% UP:0% SPREAD:0.23041474% BID:0.0868 ASK:0.087 MID:0.0869 P1:0.0869 P2:NA P3:NA P4:NA STATE:IDLE
[2026-06-03 00:32:04Z] CHK MOM:-0.05% RANGE:0.05% UP:0% SPREAD:0.11520737% BID:0.0868 ASK:0.0869 MID:0.08685 P1:0.08685 P2:0.0869 P3:NA P4:NA STATE:IDLE
[2026-06-03 00:32:04Z] CHK MOM:-0.05% RANGE:0.05% UP:0% SPREAD:0.11520737% BID:0.0868 ASK:0.0869 MID:0.08685 P1:0.08685 P2:0.0869 P3:NA P4:NA STATE:IDLE
[2026-06-03 00:32:05Z] CHK MOM:-0.05% RANGE:0.05% UP:0% SPREAD:0.11520737% BID:0.0868 ASK:0.0869 MID:0.08685 P1:0.08685 P2:0.0869 P3:NA P4:NA STATE:IDLE
[2026-06-03 00:32:05Z] CHK MOM:-0.05% RANGE:0.05% UP:0% SPREAD:0.11520737% BID:0.0868 ASK:0.0869 MID:0.08685 P1:0.08685 P2:0.0869 P3:NA P4:NA STATE:IDLE
[2026-06-03 00:32:06Z] CHK MOM:0% RANGE:0.05% UP:50% SPREAD:0.23041474% BID:0.0868 ASK:0.087 MID:0.0869 P1:0.0869 P2:0.08685 P3:0.0869 P4:NA STATE:IDLE
[2026-06-03 00:32:06Z] CHK MOM:0.05% RANGE:0.11% UP:66.66% SPREAD:0.11507479% BID:0.0869 ASK:0.087 MID:0.08695 P1:0.08695 P2:0.0869 P3:0.08685 P4:0.0869 STATE:IDLE
[2026-06-03 00:32:07Z] CHK MOM:-0.05% RANGE:0.11% UP:50% SPREAD:0.11520737% BID:0.0868 ASK:0.0869 MID:0.08685 P1:0.08685 P2:0.08695 P3:0.0869 P4:0.08685 STATE:IDLE
[2026-06-03 00:32:07Z] CHK MOM:0.05% RANGE:0.11% UP:60% SPREAD:0.11507479% BID:0.0869 ASK:0.087 MID:0.08695 P1:0.08695 P2:0.08685 P3:0.08695 P4:0.0869 STATE:IDLE
[2026-06-03 00:32:08Z] CHK MOM:0.05% RANGE:0.11% UP:60% SPREAD:0.11507479% BID:0.0869 ASK:0.087 MID:0.08695 P1:0.08695 P2:0.08685 P3:0.08695 P4:0.0869 STATE:IDLE
[2026-06-03 00:32:09Z] CHK MOM:0.05% RANGE:0.11% UP:60% SPREAD:0.11507479% BID:0.0869 ASK:0.087 MID:0.08695 P1:0.08695 P2:0.08685 P3:0.08695 P4:0.0869 STATE:IDLE
[2026-06-03 00:32:09Z] CHK MOM:0.05% RANGE:0.11% UP:60% SPREAD:0.11507479% BID:0.0869 ASK:0.087 MID:0.08695 P1:0.08695 P2:0.08685 P3:0.08695 P4:0.0869 STATE:IDLE
[2026-06-03 00:32:10Z] CHK MOM:0.05% RANGE:0.11% UP:60% SPREAD:0.11507479% BID:0.0869 ASK:0.087 MID:0.08695 P1:0.08695 P2:0.08685 P3:0.08695 P4:0.0869 STATE:IDLE
[2026-06-03 00:32:11Z] CHK MOM:-0.05% RANGE:0.11% UP:50% SPREAD:0.11520737% BID:0.0868 ASK:0.0869 MID:0.08685 P1:0.08685 P2:0.08695 P3:0.08685 P4:0.08695 STATE:IDLE
[2026-06-03 00:32:11Z] CHK MOM:0% RANGE:0.11% UP:57.14% SPREAD:0.23041474% BID:0.0868 ASK:0.087 MID:0.0869 P1:0.0869 P2:0.08685 P3:0.08695 P4:0.08685 STATE:IDLE
[2026-06-03 00:32:12Z] CHK MOM:0.05% RANGE:0.11% UP:62.5% SPREAD:0.11507479% BID:0.0869 ASK:0.087 MID:0.08695 P1:0.08695 P2:0.0869 P3:0.08685 P4:0.08695 STATE:IDLE
[2026-06-03 00:32:12Z] CHK MOM:0.05% RANGE:0.11% UP:62.5% SPREAD:0.11507479% BID:0.0869 ASK:0.087 MID:0.08695 P1:0.08695 P2:0.0869 P3:0.08685 P4:0.08695 STATE:IDLE
[2026-06-03 00:32:13Z] CHK MOM:0.05% RANGE:0.11% UP:62.5% SPREAD:0.11507479% BID:0.0869 ASK:0.087 MID:0.08695 P1:0.08695 P2:0.0869 P3:0.08685 P4:0.08695 STATE:IDLE
[2026-06-03 00:32:13Z] CHK MOM:0.05% RANGE:0.11% UP:55.55% SPREAD:0.11507479% BID:0.0869 ASK:0.087 MID:0.08695 P1:0.08695 P2:0.08695 P3:0.0869 P4:0.08685 STATE:IDLE
[2026-06-03 00:32:14Z] CHK MOM:0.05% RANGE:0.11% UP:55.55% SPREAD:0.11507479% BID:0.0869 ASK:0.087 MID:0.08695 P1:0.08695 P2:0.08695 P3:0.0869 P4:0.08685 STATE:IDLE
[2026-06-03 00:32:15Z] CHK MOM:0.05% RANGE:0.11% UP:50% SPREAD:0.11507479% BID:0.0869 ASK:0.087 MID:0.08695 P1:0.08695 P2:0.08695 P3:0.08695 P4:0.0869 STATE:IDLE
[2026-06-03 00:32:15Z] CHK MOM:0.05% RANGE:0.11% UP:50% SPREAD:0.11507479% BID:0.0869 ASK:0.087 MID:0.08695 P1:0.08695 P2:0.08695 P3:0.08695 P4:0.0869 STATE:IDLE
[2026-06-03 00:32:16Z] CHK MOM:0.05% RANGE:0.11% UP:50% SPREAD:0.11507479% BID:0.0869 ASK:0.087 MID:0.08695 P1:0.08695 P2:0.08695 P3:0.08695 P4:0.0869 STATE:IDLE
[2026-06-03 00:32:16Z] CHK MOM:0.05% RANGE:0.11% UP:50% SPREAD:0.11507479% BID:0.0869 ASK:0.087 MID:0.08695 P1:0.08695 P2:0.08695 P3:0.08695 P4:0.0869 STATE:IDLE
[2026-06-03 00:32:17Z] CHK MOM:0.05% RANGE:0.11% UP:50% SPREAD:0.11507479% BID:0.0869 ASK:0.087 MID:0.08695 P1:0.08695 P2:0.08695 P3:0.08695 P4:0.0869 STATE:IDLE
[2026-06-03 00:32:17Z] CHK MOM:0.05% RANGE:0.11% UP:50% SPREAD:0.11507479% BID:0.0869 ASK:0.087 MID:0.08695 P1:0.08695 P2:0.08695 P3:0.08695 P4:0.0869 STATE:IDLE
[2026-06-03 00:32:19Z] CHK MOM:0% RANGE:0.11% UP:33.33% SPREAD:0.11507479% BID:0.0869 ASK:0.087 MID:0.08695 P1:0.08695 P2:0.08695 P3:0.08695 P4:0.08695 STATE:IDLE
[2026-06-03 00:32:20Z] CHK MOM:0.11% RANGE:0.11% UP:33.33% SPREAD:0.11507479% BID:0.0869 ASK:0.087 MID:0.08695 P1:0.08695 P2:0.08695 P3:0.08695 P4:0.08695 STATE:IDLE
[2026-06-03 00:32:20Z] CHK MOM:0.11% RANGE:0.11% UP:28.57% SPREAD:0.11507479% BID:0.0869 ASK:0.087 MID:0.08695 P1:0.08695 P2:0.08695 P3:0.08695 P4:0.08695 STATE:IDLE
[2026-06-03 00:32:21Z] CHK MOM:0.11% RANGE:0.11% UP:25% SPREAD:0.11507479% BID:0.0869 ASK:0.087 MID:0.08695 P1:0.08695 P2:0.08695 P3:0.08695 P4:0.08695 STATE:IDLE
[2026-06-03 00:32:21Z] CHK MOM:0.11% RANGE:0.11% UP:25% SPREAD:0.11507479% BID:0.0869 ASK:0.087 MID:0.08695 P1:0.08695 P2:0.08695 P3:0.08695 P4:0.08695 STATE:IDLE
[2026-06-03 00:32:22Z] CHK MOM:0.11% RANGE:0.11% UP:25% SPREAD:0.11507479% BID:0.0869 ASK:0.087 MID:0.08695 P1:0.08695 P2:0.08695 P3:0.08695 P4:0.08695 STATE:IDLE
[2026-06-03 00:32:22Z] CHK MOM:0.11% RANGE:0.11% UP:22.22% SPREAD:0.11507479% BID:0.0869 ASK:0.087 MID:0.08695 P1:0.08695 P2:0.08695 P3:0.08695 P4:0.08695 STATE:IDLE
[2026-06-03 00:32:23Z] CHK MOM:0.11% RANGE:0.11% UP:20% SPREAD:0.11507479% BID:0.0869 ASK:0.087 MID:0.08695 P1:0.08695 P2:0.08695 P3:0.08695 P4:0.08695 STATE:IDLE
[2026-06-03 00:32:23Z] CHK MOM:0.11% RANGE:0.11% UP:20% SPREAD:0.11507479% BID:0.0869 ASK:0.087 MID:0.08695 P1:0.08695 P2:0.08695 P3:0.08695 P4:0.08695 STATE:IDLE
[2026-06-03 00:32:24Z] CHK MOM:0% RANGE:0% UP:0% SPREAD:0.11507479% BID:0.0869 ASK:0.087 MID:0.08695 P1:0.08695 P2:0.08695 P3:0.08695 P4:0.08695 STATE:IDLE
[2026-06-03 00:32:24Z] CHK MOM:0.11% RANGE:0.11% UP:11.11% SPREAD:0.11494252% BID:0.087 ASK:0.0871 MID:0.08704999 P1:0.08704999 P2:0.08695 P3:0.08695 P4:0.08695 STATE:IDLE
[2026-06-03 00:32:25Z] CHK MOM:0% RANGE:0.11% UP:10% SPREAD:0.11507479% BID:0.0869 ASK:0.087 MID:0.08695 P1:0.08695 P2:0.08704999 P3:0.08695 P4:0.08695 STATE:IDLE
[2026-06-03 00:32:26Z] CHK MOM:0% RANGE:0.11% UP:10% SPREAD:0.11507479% BID:0.0869 ASK:0.087 MID:0.08695 P1:0.08695 P2:0.08704999 P3:0.08695 P4:0.08695 STATE:IDLE
[2026-06-03 00:32:26Z] CHK MOM:0% RANGE:0.11% UP:10% SPREAD:0.11507479% BID:0.0869 ASK:0.087 MID:0.08695 P1:0.08695 P2:0.08704999 P3:0.08695 P4:0.08695 STATE:IDLE
[2026-06-03 00:32:27Z] CHK MOM:0% RANGE:0.11% UP:10% SPREAD:0.11507479% BID:0.0869 ASK:0.087 MID:0.08695 P1:0.08695 P2:0.08695 P3:0.08704999 P4:0.08695 STATE:IDLE
[2026-06-03 00:32:27Z] CHK MOM:0% RANGE:0.11% UP:10% SPREAD:0.11507479% BID:0.0869 ASK:0.087 MID:0.08695 P1:0.08695 P2:0.08695 P3:0.08695 P4:0.08704999 STATE:IDLE
[2026-06-03 00:32:28Z] CHK MOM:0% RANGE:0.11% UP:9.09% SPREAD:0.11507479% BID:0.0869 ASK:0.087 MID:0.08695 P1:0.08695 P2:0.08695 P3:0.08695 P4:0.08695 STATE:IDLE
[2026-06-03 00:32:28Z] CHK MOM:-0.11% RANGE:0.23% UP:8.33% SPREAD:0.11520737% BID:0.0868 ASK:0.0869 MID:0.08685 P1:0.08685 P2:0.08695 P3:0.08695 P4:0.08695 STATE:IDLE
[2026-06-03 00:32:29Z] CHK MOM:-0.11% RANGE:0.23% UP:8.33% SPREAD:0.11520737% BID:0.0868 ASK:0.0869 MID:0.08685 P1:0.08685 P2:0.08695 P3:0.08695 P4:0.08695 STATE:IDLE
[2026-06-03 00:32:29Z] CHK MOM:-0.11% RANGE:0.23% UP:8.33% SPREAD:0.11520737% BID:0.0868 ASK:0.0869 MID:0.08685 P1:0.08685 P2:0.08695 P3:0.08695 P4:0.08695 STATE:IDLE
[2026-06-03 00:32:30Z] CHK MOM:-0.11% RANGE:0.23% UP:8.33% SPREAD:0.11520737% BID:0.0868 ASK:0.0869 MID:0.08685 P1:0.08685 P2:0.08695 P3:0.08695 P4:0.08695 STATE:IDLE
[2026-06-03 00:32:31Z] CHK MOM:-0.11% RANGE:0.23% UP:7.69% SPREAD:0.11520737% BID:0.0868 ASK:0.0869 MID:0.08685 P1:0.08685 P2:0.08685 P3:0.08695 P4:0.08695 STATE:IDLE
[2026-06-03 00:32:31Z] CHK MOM:-0.11% RANGE:0.23% UP:7.69% SPREAD:0.11520737% BID:0.0868 ASK:0.0869 MID:0.08685 P1:0.08685 P2:0.08685 P3:0.08695 P4:0.08695 STATE:IDLE
[2026-06-03 00:32:32Z] CHK MOM:-0.11% RANGE:0.23% UP:7.69% SPREAD:0.11520737% BID:0.0868 ASK:0.0869 MID:0.08685 P1:0.08685 P2:0.08685 P3:0.08695 P4:0.08695 STATE:IDLE
[2026-06-03 00:32:32Z] CHK MOM:-0.11% RANGE:0.23% UP:7.69% SPREAD:0.11520737% BID:0.0868 ASK:0.0869 MID:0.08685 P1:0.08685 P2:0.08685 P3:0.08695 P4:0.08695 STATE:IDLE
[2026-06-03 00:32:33Z] CHK MOM:-0.11% RANGE:0.23% UP:7.69% SPREAD:0.11520737% BID:0.0868 ASK:0.0869 MID:0.08685 P1:0.08685 P2:0.08685 P3:0.08695 P4:0.08695 STATE:IDLE
[2026-06-03 00:32:34Z] CHK MOM:0% RANGE:0.23% UP:20% SPREAD:0.11507479% BID:0.0869 ASK:0.087 MID:0.08695 P1:0.08695 P2:0.08685 P3:0.08685 P4:0.08695 STATE:IDLE
[2026-06-03 00:32:34Z] CHK MOM:0% RANGE:0.23% UP:20% SPREAD:0.11507479% BID:0.0869 ASK:0.087 MID:0.08695 P1:0.08695 P2:0.08685 P3:0.08685 P4:0.08695 STATE:IDLE
[2026-06-03 00:32:35Z] CHK MOM:0% RANGE:0.23% UP:22.22% SPREAD:0.11507479% BID:0.0869 ASK:0.087 MID:0.08695 P1:0.08695 P2:0.08695 P3:0.08685 P4:0.08685 STATE:IDLE
[2026-06-03 00:32:35Z] CHK MOM:0% RANGE:0.23% UP:22.22% SPREAD:0.11507479% BID:0.0869 ASK:0.087 MID:0.08695 P1:0.08695 P2:0.08695 P3:0.08685 P4:0.08685 STATE:IDLE
[2026-06-03 00:32:36Z] CHK MOM:0% RANGE:0.23% UP:22.22% SPREAD:0.11507479% BID:0.0869 ASK:0.087 MID:0.08695 P1:0.08695 P2:0.08695 P3:0.08685 P4:0.08685 STATE:IDLE
[2026-06-03 00:32:37Z] CHK MOM:0% RANGE:0.11% UP:12.5% SPREAD:0.11507479% BID:0.0869 ASK:0.087 MID:0.08695 P1:0.08695 P2:0.08695 P3:0.08695 P4:0.08685 STATE:IDLE
[2026-06-03 00:32:37Z] CHK MOM:0% RANGE:0.11% UP:12.5% SPREAD:0.11507479% BID:0.0869 ASK:0.087 MID:0.08695 P1:0.08695 P2:0.08695 P3:0.08695 P4:0.08685 STATE:IDLE
[2026-06-03 00:32:38Z] CHK MOM:0% RANGE:0.11% UP:12.5% SPREAD:0.11507479% BID:0.0869 ASK:0.087 MID:0.08695 P1:0.08695 P2:0.08695 P3:0.08695 P4:0.08695 STATE:IDLE
[2026-06-03 00:32:38Z] CHK MOM:0% RANGE:0.11% UP:12.5% SPREAD:0.11507479% BID:0.0869 ASK:0.087 MID:0.08695 P1:0.08695 P2:0.08695 P3:0.08695 P4:0.08695 STATE:IDLE
[2026-06-03 00:32:39Z] CHK MOM:0% RANGE:0.11% UP:12.5% SPREAD:0.11507479% BID:0.0869 ASK:0.087 MID:0.08695 P1:0.08695 P2:0.08695 P3:0.08695 P4:0.08695 STATE:IDLE
[2026-06-03 00:32:39Z] CHK MOM:0% RANGE:0.11% UP:12.5% SPREAD:0.11507479% BID:0.0869 ASK:0.087 MID:0.08695 P1:0.08695 P2:0.08695 P3:0.08695 P4:0.08695 STATE:IDLE
[2026-06-03 00:32:40Z] CHK MOM:0% RANGE:0.11% UP:12.5% SPREAD:0.11507479% BID:0.0869 ASK:0.087 MID:0.08695 P1:0.08695 P2:0.08695 P3:0.08695 P4:0.08695 STATE:IDLE
[2026-06-03 00:32:40Z] CHK MOM:0.11% RANGE:0.11% UP:16.66% SPREAD:0.11507479% BID:0.0869 ASK:0.087 MID:0.08695 P1:0.08695 P2:0.08695 P3:0.08695 P4:0.08695 STATE:IDLE
[2026-06-03 00:32:41Z] CHK MOM:0.11% RANGE:0.11% UP:14.28% SPREAD:0.11507479% BID:0.0869 ASK:0.087 MID:0.08695 P1:0.08695 P2:0.08695 P3:0.08695 P4:0.08695 STATE:IDLE
[2026-06-03 00:32:42Z] CHK MOM:0.11% RANGE:0.11% UP:14.28% SPREAD:0.11507479% BID:0.0869 ASK:0.087 MID:0.08695 P1:0.08695 P2:0.08695 P3:0.08695 P4:0.08695 STATE:IDLE
[2026-06-03 00:32:42Z] CHK MOM:0% RANGE:0% UP:0% SPREAD:0.11507479% BID:0.0869 ASK:0.087 MID:0.08695 P1:0.08695 P2:0.08695 P3:0.08695 P4:0.08695 STATE:IDLE
[2026-06-03 00:32:43Z] CHK MOM:0% RANGE:0% UP:0% SPREAD:0.11507479% BID:0.0869 ASK:0.087 MID:0.08695 P1:0.08695 P2:0.08695 P3:0.08695 P4:0.08695 STATE:IDLE
[2026-06-03 00:32:43Z] CHK MOM:0% RANGE:0% UP:0% SPREAD:0.11507479% BID:0.0869 ASK:0.087 MID:0.08695 P1:0.08695 P2:0.08695 P3:0.08695 P4:0.08695 STATE:IDLE
[2026-06-03 00:32:44Z] CHK MOM:-0.11% RANGE:0.11% UP:0% SPREAD:0.11520737% BID:0.0868 ASK:0.0869 MID:0.08685 P1:0.08685 P2:0.08695 P3:0.08695 P4:0.08695 STATE:IDLE
[2026-06-03 00:32:44Z] CHK MOM:-0.11% RANGE:0.11% UP:0% SPREAD:0.11520737% BID:0.0868 ASK:0.0869 MID:0.08685 P1:0.08685 P2:0.08695 P3:0.08695 P4:0.08695 STATE:IDLE
[2026-06-03 00:32:45Z] CHK MOM:-0.11% RANGE:0.11% UP:0% SPREAD:0.11520737% BID:0.0868 ASK:0.0869 MID:0.08685 P1:0.08685 P2:0.08695 P3:0.08695 P4:0.08695 STATE:IDLE
[2026-06-03 00:32:45Z] CHK MOM:-0.11% RANGE:0.11% UP:0% SPREAD:0.11520737% BID:0.0868 ASK:0.0869 MID:0.08685 P1:0.08685 P2:0.08695 P3:0.08695 P4:0.08695 STATE:IDLE
[2026-06-03 00:32:46Z] CHK MOM:-0.11% RANGE:0.11% UP:0% SPREAD:0.11520737% BID:0.0868 ASK:0.0869 MID:0.08685 P1:0.08685 P2:0.08695 P3:0.08695 P4:0.08695 STATE:IDLE
[2026-06-03 00:32:46Z] CHK MOM:-0.11% RANGE:0.11% UP:0% SPREAD:0.11520737% BID:0.0868 ASK:0.0869 MID:0.08685 P1:0.08685 P2:0.08695 P3:0.08695 P4:0.08695 STATE:IDLE
[2026-06-03 00:32:47Z] CHK MOM:-0.11% RANGE:0.11% UP:0% SPREAD:0.11520737% BID:0.0868 ASK:0.0869 MID:0.08685 P1:0.08685 P2:0.08685 P3:0.08695 P4:0.08695 STATE:IDLE
[2026-06-03 00:32:48Z] CHK MOM:-0.11% RANGE:0.11% UP:0% SPREAD:0.11520737% BID:0.0868 ASK:0.0869 MID:0.08685 P1:0.08685 P2:0.08685 P3:0.08695 P4:0.08695 STATE:IDLE
[2026-06-03 00:32:48Z] CHK MOM:-0.11% RANGE:0.11% UP:0% SPREAD:0.11520737% BID:0.0868 ASK:0.0869 MID:0.08685 P1:0.08685 P2:0.08685 P3:0.08695 P4:0.08695 STATE:IDLE
[2026-06-03 00:32:49Z] CHK MOM:-0.11% RANGE:0.11% UP:0% SPREAD:0.11520737% BID:0.0868 ASK:0.0869 MID:0.08685 P1:0.08685 P2:0.08685 P3:0.08695 P4:0.08695 STATE:IDLE
[2026-06-03 00:32:49Z] CHK MOM:-0.11% RANGE:0.11% UP:0% SPREAD:0.11520737% BID:0.0868 ASK:0.0869 MID:0.08685 P1:0.08685 P2:0.08685 P3:0.08695 P4:0.08695 STATE:IDLE
[2026-06-03 00:32:53Z] CHK MOM:-0.11% RANGE:0.11% UP:0% SPREAD:0.11520737% BID:0.0868 ASK:0.0869 MID:0.08685 P1:0.08685 P2:0.08685 P3:0.08685 P4:0.08695 STATE:IDLE
[2026-06-03 00:32:53Z] CHK MOM:-0.11% RANGE:0.11% UP:0% SPREAD:0.11520737% BID:0.0868 ASK:0.0869 MID:0.08685 P1:0.08685 P2:0.08685 P3:0.08685 P4:0.08685 STATE:IDLE
[2026-06-03 00:32:54Z] CHK MOM:-0.11% RANGE:0.11% UP:0% SPREAD:0.11520737% BID:0.0868 ASK:0.0869 MID:0.08685 P1:0.08685 P2:0.08685 P3:0.08685 P4:0.08685 STATE:IDLE
[2026-06-03 00:32:54Z] CHK MOM:-0.11% RANGE:0.11% UP:0% SPREAD:0.11520737% BID:0.0868 ASK:0.0869 MID:0.08685 P1:0.08685 P2:0.08685 P3:0.08685 P4:0.08685 STATE:IDLE
[2026-06-03 00:32:55Z] CHK MOM:-0.11% RANGE:0.11% UP:0% SPREAD:0.11520737% BID:0.0868 ASK:0.0869 MID:0.08685 P1:0.08685 P2:0.08685 P3:0.08685 P4:0.08685 STATE:IDLE
[2026-06-03 00:32:55Z] CHK MOM:-0.11% RANGE:0.11% UP:0% SPREAD:0.11520737% BID:0.0868 ASK:0.0869 MID:0.08685 P1:0.08685 P2:0.08685 P3:0.08685 P4:0.08685 STATE:IDLE
[2026-06-03 00:32:56Z] CHK MOM:-0.11% RANGE:0.11% UP:0% SPREAD:0.11520737% BID:0.0868 ASK:0.0869 MID:0.08685 P1:0.08685 P2:0.08685 P3:0.08685 P4:0.08685 STATE:IDLE
[2026-06-03 00:33:02Z] CHK MOM:0% RANGE:0% UP:0% SPREAD:0.11520737% BID:0.0868 ASK:0.0869 MID:0.08685 P1:0.08685 P2:0.08685 P3:0.08685 P4:0.08685 STATE:IDLE
[2026-06-03 00:33:03Z] CHK MOM:0% RANGE:0% UP:0% SPREAD:0.11520737% BID:0.0868 ASK:0.0869 MID:0.08685 P1:0.08685 P2:0.08685 P3:0.08685 P4:0.08685 STATE:IDLE
[2026-06-03 00:33:03Z] CHK MOM:0% RANGE:0% UP:0% SPREAD:0.11520737% BID:0.0868 ASK:0.0869 MID:0.08685 P1:0.08685 P2:0.08685 P3:0.08685 P4:0.08685 STATE:IDLE
[2026-06-03 00:33:04Z] CHK MOM:0% RANGE:0% UP:0% SPREAD:0.11520737% BID:0.0868 ASK:0.0869 MID:0.08685 P1:0.08685 P2:0.08685 P3:0.08685 P4:0.08685 STATE:IDLE
[2026-06-03 00:33:04Z] CHK MOM:0% RANGE:0% UP:0% SPREAD:0.11520737% BID:0.0868 ASK:0.0869 MID:0.08685 P1:0.08685 P2:0.08685 P3:0.08685 P4:0.08685 STATE:IDLE
[2026-06-03 00:33:05Z] CHK MOM:0% RANGE:0% UP:0% SPREAD:0.11520737% BID:0.0868 ASK:0.0869 MID:0.08685 P1:0.08685 P2:0.08685 P3:0.08685 P4:0.08685 STATE:IDLE
[2026-06-03 00:33:05Z] CHK MOM:0% RANGE:0% UP:0% SPREAD:0.11520737% BID:0.0868 ASK:0.0869 MID:0.08685 P1:0.08685 P2:0.08685 P3:0.08685 P4:0.08685 STATE:IDLE
[2026-06-03 00:33:06Z] CHK MOM:0% RANGE:0% UP:0% SPREAD:0.11520737% BID:0.0868 ASK:0.0869 MID:0.08685 P1:0.08685 P2:0.08685 P3:0.08685 P4:0.08685 STATE:IDLE
[2026-06-03 00:33:06Z] CHK MOM:0% RANGE:0% UP:0% SPREAD:0.11520737% BID:0.0868 ASK:0.0869 MID:0.08685 P1:0.08685 P2:0.08685 P3:0.08685 P4:0.08685 STATE:IDLE
[2026-06-03 00:33:07Z] CHK MOM:0% RANGE:0% UP:0% SPREAD:0.11520737% BID:0.0868 ASK:0.0869 MID:0.08685 P1:0.08685 P2:0.08685 P3:0.08685 P4:0.08685 STATE:IDLE
[2026-06-03 00:33:08Z] CHK MOM:0% RANGE:0% UP:0% SPREAD:0.11520737% BID:0.0868 ASK:0.0869 MID:0.08685 P1:0.08685 P2:0.08685 P3:0.08685 P4:0.08685 STATE:IDLE
[2026-06-03 00:33:08Z] CHK MOM:0% RANGE:0% UP:0% SPREAD:0.11520737% BID:0.0868 ASK:0.0869 MID:0.08685 P1:0.08685 P2:0.08685 P3:0.08685 P4:0.08685 STATE:IDLE
[2026-06-03 00:33:09Z] CHK MOM:0% RANGE:0% UP:0% SPREAD:0.11520737% BID:0.0868 ASK:0.0869 MID:0.08685 P1:0.08685 P2:0.08685 P3:0.08685 P4:0.08685 STATE:IDLE
[2026-06-03 00:33:09Z] CHK MOM:0% RANGE:0% UP:0% SPREAD:0.11520737% BID:0.0868 ASK:0.0869 MID:0.08685 P1:0.08685 P2:0.08685 P3:0.08685 P4:0.08685 STATE:IDLE
[2026-06-03 00:33:10Z] CHK MOM:0% RANGE:0% UP:0% SPREAD:0.11520737% BID:0.0868 ASK:0.0869 MID:0.08685 P1:0.08685 P2:0.08685 P3:0.08685 P4:0.08685 STATE:IDLE
[2026-06-03 00:33:10Z] CHK MOM:0% RANGE:0% UP:0% SPREAD:0.11520737% BID:0.0868 ASK:0.0869 MID:0.08685 P1:0.08685 P2:0.08685 P3:0.08685 P4:0.08685 STATE:IDLE
[2026-06-03 00:33:11Z] CHK MOM:0% RANGE:0% UP:0% SPREAD:0.11520737% BID:0.0868 ASK:0.0869 MID:0.08685 P1:0.08685 P2:0.08685 P3:0.08685 P4:0.08685 STATE:IDLE
[2026-06-03 00:33:11Z] CHK MOM:0% RANGE:0% UP:0% SPREAD:0.11520737% BID:0.0868 ASK:0.0869 MID:0.08685 P1:0.08685 P2:0.08685 P3:0.08685 P4:0.08685 STATE:IDLE
[2026-06-03 00:33:14Z] CHK MOM:0% RANGE:0% UP:0% SPREAD:0.11520737% BID:0.0868 ASK:0.0869 MID:0.08685 P1:0.08685 P2:0.08685 P3:0.08685 P4:0.08685 STATE:IDLE
[2026-06-03 00:33:14Z] CHK MOM:0% RANGE:0% UP:0% SPREAD:0.11520737% BID:0.0868 ASK:0.0869 MID:0.08685 P1:0.08685 P2:0.08685 P3:0.08685 P4:0.08685 STATE:IDLE
[2026-06-03 00:33:15Z] CHK MOM:-0.11% RANGE:0.11% UP:0% SPREAD:0.11534025% BID:0.0867 ASK:0.0868 MID:0.08675 P1:0.08675 P2:0.08685 P3:0.08685 P4:0.08685 STATE:IDLE
[2026-06-03 00:33:15Z] CHK MOM:-0.11% RANGE:0.11% UP:0% SPREAD:0.11534025% BID:0.0867 ASK:0.0868 MID:0.08675 P1:0.08675 P2:0.08675 P3:0.08685 P4:0.08685 STATE:IDLE
[2026-06-03 00:33:16Z] CHK MOM:-0.11% RANGE:0.11% UP:0% SPREAD:0.11534025% BID:0.0867 ASK:0.0868 MID:0.08675 P1:0.08675 P2:0.08675 P3:0.08685 P4:0.08685 STATE:IDLE
[2026-06-03 00:33:16Z] CHK MOM:-0.11% RANGE:0.11% UP:0% SPREAD:0.11534025% BID:0.0867 ASK:0.0868 MID:0.08675 P1:0.08675 P2:0.08675 P3:0.08685 P4:0.08685 STATE:IDLE
[2026-06-03 00:33:17Z] CHK MOM:-0.11% RANGE:0.11% UP:0% SPREAD:0.11534025% BID:0.0867 ASK:0.0868 MID:0.08675 P1:0.08675 P2:0.08675 P3:0.08685 P4:0.08685 STATE:IDLE
[2026-06-03 00:33:17Z] CHK MOM:-0.11% RANGE:0.11% UP:0% SPREAD:0.11534025% BID:0.0867 ASK:0.0868 MID:0.08675 P1:0.08675 P2:0.08675 P3:0.08685 P4:0.08685 STATE:IDLE
[2026-06-03 00:33:18Z] CHK MOM:-0.11% RANGE:0.11% UP:0% SPREAD:0.11534025% BID:0.0867 ASK:0.0868 MID:0.08675 P1:0.08675 P2:0.08675 P3:0.08685 P4:0.08685 STATE:IDLE
[2026-06-03 00:33:27Z] CHK MOM:0% RANGE:0% UP:0% SPREAD:0.11534025% BID:0.0867 ASK:0.0868 MID:0.08675 P1:0.08675 P2:0.08675 P3:0.08675 P4:0.08685 STATE:IDLE
[2026-06-03 00:33:27Z] CHK MOM:0% RANGE:0% UP:0% SPREAD:0.11534025% BID:0.0867 ASK:0.0868 MID:0.08675 P1:0.08675 P2:0.08675 P3:0.08675 P4:0.08685 STATE:IDLE
[2026-06-03 00:33:28Z] CHK MOM:0% RANGE:0% UP:0% SPREAD:0.11534025% BID:0.0867 ASK:0.0868 MID:0.08675 P1:0.08675 P2:0.08675 P3:0.08675 P4:0.08685 STATE:IDLE
[2026-06-03 00:33:28Z] CHK MOM:0% RANGE:0% UP:0% SPREAD:0.11534025% BID:0.0867 ASK:0.0868 MID:0.08675 P1:0.08675 P2:0.08675 P3:0.08675 P4:0.08675 STATE:IDLE
[2026-06-03 00:33:29Z] CHK MOM:0% RANGE:0% UP:0% SPREAD:0.11534025% BID:0.0867 ASK:0.0868 MID:0.08675 P1:0.08675 P2:0.08675 P3:0.08675 P4:0.08675 STATE:IDLE
[2026-06-03 00:33:29Z] CHK MOM:0% RANGE:0% UP:0% SPREAD:0.11534025% BID:0.0867 ASK:0.0868 MID:0.08675 P1:0.08675 P2:0.08675 P3:0.08675 P4:0.08675 STATE:IDLE
[2026-06-03 00:33:30Z] CHK MOM:0% RANGE:0% UP:0% SPREAD:0.11534025% BID:0.0867 ASK:0.0868 MID:0.08675 P1:0.08675 P2:0.08675 P3:0.08675 P4:0.08675 STATE:IDLE
[2026-06-03 00:33:30Z] CHK MOM:0% RANGE:0% UP:0% SPREAD:0.11534025% BID:0.0867 ASK:0.0868 MID:0.08675 P1:0.08675 P2:0.08675 P3:0.08675 P4:0.08675 STATE:IDLE
[2026-06-03 00:33:31Z] CHK MOM:0% RANGE:0% UP:0% SPREAD:0.11534025% BID:0.0867 ASK:0.0868 MID:0.08675 P1:0.08675 P2:0.08675 P3:0.08675 P4:0.08675 STATE:IDLE
[2026-06-03 00:33:36Z] CHK MOM:0.05% RANGE:0.05% UP:50% SPREAD:0.2306805% BID:0.0867 ASK:0.0869 MID:0.0868 P1:0.0868 P2:0.08675 P3:0.08675 P4:0.08675 STATE:IDLE
[2026-06-03 00:33:36Z] CHK MOM:0.05% RANGE:0.05% UP:50% SPREAD:0.2306805% BID:0.0867 ASK:0.0869 MID:0.0868 P1:0.0868 P2:0.08675 P3:0.08675 P4:0.08675 STATE:IDLE
[2026-06-03 00:33:37Z] CHK MOM:0.05% RANGE:0.05% UP:50% SPREAD:0.2306805% BID:0.0867 ASK:0.0869 MID:0.0868 P1:0.0868 P2:0.08675 P3:0.08675 P4:0.08675 STATE:IDLE
[2026-06-03 00:33:37Z] CHK MOM:0.11% RANGE:0.11% UP:66.66% SPREAD:0.11520737% BID:0.0868 ASK:0.0869 MID:0.08685 P1:0.08685 P2:0.0868 P3:0.08675 P4:0.08675 STATE:IDLE
[2026-06-03 00:33:38Z] CHK MOM:0.11% RANGE:0.11% UP:50% SPREAD:0.11520737% BID:0.0868 ASK:0.0869 MID:0.08685 P1:0.08685 P2:0.08685 P3:0.0868 P4:0.08675 STATE:IDLE
[2026-06-03 00:33:38Z] CHK MOM:0.11% RANGE:0.11% UP:40% SPREAD:0.11520737% BID:0.0868 ASK:0.0869 MID:0.08685 P1:0.08685 P2:0.08685 P3:0.08685 P4:0.0868 STATE:IDLE
[2026-06-03 00:33:39Z] CHK MOM:0.11% RANGE:0.11% UP:40% SPREAD:0.11520737% BID:0.0868 ASK:0.0869 MID:0.08685 P1:0.08685 P2:0.08685 P3:0.08685 P4:0.0868 STATE:IDLE
[2026-06-03 00:33:39Z] CHK MOM:0.11% RANGE:0.11% UP:40% SPREAD:0.11520737% BID:0.0868 ASK:0.0869 MID:0.08685 P1:0.08685 P2:0.08685 P3:0.08685 P4:0.0868 STATE:IDLE
[2026-06-03 00:33:40Z] CHK MOM:0.11% RANGE:0.11% UP:40% SPREAD:0.11520737% BID:0.0868 ASK:0.0869 MID:0.08685 P1:0.08685 P2:0.08685 P3:0.08685 P4:0.0868 STATE:IDLE
[2026-06-03 00:33:40Z] CHK MOM:0.11% RANGE:0.11% UP:40% SPREAD:0.11520737% BID:0.0868 ASK:0.0869 MID:0.08685 P1:0.08685 P2:0.08685 P3:0.08685 P4:0.0868 STATE:IDLE
[2026-06-03 00:33:41Z] CHK MOM:0.11% RANGE:0.11% UP:40% SPREAD:0.11520737% BID:0.0868 ASK:0.0869 MID:0.08685 P1:0.08685 P2:0.08685 P3:0.08685 P4:0.0868 STATE:IDLE
[2026-06-03 00:33:41Z] CHK MOM:0.11% RANGE:0.11% UP:50% SPREAD:0.23041474% BID:0.0868 ASK:0.087 MID:0.0869 P1:0.0869 P2:0.08685 P3:0.08685 P4:0.08685 STATE:IDLE
[2026-06-03 00:33:42Z] CHK MOM:0.11% RANGE:0.11% UP:50% SPREAD:0.23041474% BID:0.0868 ASK:0.087 MID:0.0869 P1:0.0869 P2:0.08685 P3:0.08685 P4:0.08685 STATE:IDLE
[2026-06-03 00:33:43Z] CHK MOM:0.11% RANGE:0.11% UP:50% SPREAD:0.23041474% BID:0.0868 ASK:0.087 MID:0.0869 P1:0.0869 P2:0.08685 P3:0.08685 P4:0.08685 STATE:IDLE
[2026-06-03 00:33:43Z] CHK MOM:0.11% RANGE:0.11% UP:50% SPREAD:0.23041474% BID:0.0868 ASK:0.087 MID:0.0869 P1:0.0869 P2:0.08685 P3:0.08685 P4:0.08685 STATE:IDLE
[2026-06-03 00:33:44Z] CHK MOM:0.11% RANGE:0.11% UP:50% SPREAD:0.23041474% BID:0.0868 ASK:0.087 MID:0.0869 P1:0.0869 P2:0.08685 P3:0.08685 P4:0.08685 STATE:IDLE
[2026-06-03 00:33:44Z] CHK MOM:0.11% RANGE:0.11% UP:40% SPREAD:0.23041474% BID:0.0868 ASK:0.087 MID:0.0869 P1:0.0869 P2:0.0869 P3:0.08685 P4:0.08685 STATE:IDLE
[2026-06-03 00:33:45Z] CHK MOM:0.17% RANGE:0.17% UP:50% SPREAD:0.11507479% BID:0.0869 ASK:0.087 MID:0.08695 P1:0.08695 P2:0.0869 P3:0.0869 P4:0.08685 STATE:IDLE
[2026-06-03 00:33:45Z] CHK MOM:0.17% RANGE:0.17% UP:50% SPREAD:0.11507479% BID:0.0869 ASK:0.087 MID:0.08695 P1:0.08695 P2:0.0869 P3:0.0869 P4:0.08685 STATE:IDLE
[2026-06-03 00:33:46Z] CHK MOM:0.17% RANGE:0.17% UP:50% SPREAD:0.11507479% BID:0.0869 ASK:0.087 MID:0.08695 P1:0.08695 P2:0.0869 P3:0.0869 P4:0.08685 STATE:IDLE
[2026-06-03 00:33:46Z] CHK MOM:0.17% RANGE:0.17% UP:42.85% SPREAD:0.11507479% BID:0.0869 ASK:0.087 MID:0.08695 P1:0.08695 P2:0.08695 P3:0.0869 P4:0.0869 STATE:IDLE
[2026-06-03 00:33:47Z] CHK MOM:0.23% RANGE:0.23% UP:42.85% SPREAD:0.11494252% BID:0.087 ASK:0.0871 MID:0.08704999 P1:0.08704999 P2:0.08695 P3:0.08695 P4:0.0869 STATE:IDLE
[2026-06-03 00:33:47Z] CHK MOM:0.17% RANGE:0.23% UP:37.5% SPREAD:0.23014959% BID:0.0869 ASK:0.0871 MID:0.087 P1:0.087 P2:0.08704999 P3:0.08695 P4:0.08695 STATE:IDLE
[2026-06-03 00:33:48Z] CHK MOM:0.17% RANGE:0.23% UP:37.5% SPREAD:0.23014959% BID:0.0869 ASK:0.0871 MID:0.087 P1:0.087 P2:0.08704999 P3:0.08695 P4:0.08695 STATE:IDLE
[2026-06-03 00:33:48Z] CHK MOM:0.17% RANGE:0.23% UP:37.5% SPREAD:0.23014959% BID:0.0869 ASK:0.0871 MID:0.087 P1:0.087 P2:0.08704999 P3:0.08695 P4:0.08695 STATE:IDLE
[2026-06-03 00:33:49Z] CHK MOM:0.17% RANGE:0.23% UP:37.5% SPREAD:0.23014959% BID:0.0869 ASK:0.0871 MID:0.087 P1:0.087 P2:0.08704999 P3:0.08695 P4:0.08695 STATE:IDLE
[2026-06-03 00:33:50Z] CHK MOM:0.23% RANGE:0.23% UP:57.14% SPREAD:0.11494252% BID:0.087 ASK:0.0871 MID:0.08704999 P1:0.08704999 P2:0.087 P3:0.08704999 P4:0.08695 STATE:IDLE
[2026-06-03 00:33:50Z] CHK MOM:0.17% RANGE:0.17% UP:42.85% SPREAD:0.11494252% BID:0.087 ASK:0.0871 MID:0.08704999 P1:0.08704999 P2:0.08704999 P3:0.087 P4:0.08704999 STATE:IDLE
[2026-06-03 00:33:51Z] CHK MOM:0.17% RANGE:0.17% UP:42.85% SPREAD:0.11494252% BID:0.087 ASK:0.0871 MID:0.08704999 P1:0.08704999 P2:0.08704999 P3:0.087 P4:0.08704999 STATE:IDLE
[2026-06-03 00:33:51Z] CHK MOM:0.17% RANGE:0.17% UP:42.85% SPREAD:0.11494252% BID:0.087 ASK:0.0871 MID:0.08704999 P1:0.08704999 P2:0.08704999 P3:0.087 P4:0.08704999 STATE:IDLE
[2026-06-03 00:33:52Z] CHK MOM:0.17% RANGE:0.17% UP:42.85% SPREAD:0.11494252% BID:0.087 ASK:0.0871 MID:0.08704999 P1:0.08704999 P2:0.08704999 P3:0.087 P4:0.08704999 STATE:IDLE
[2026-06-03 00:33:52Z] CHK MOM:0.17% RANGE:0.17% UP:42.85% SPREAD:0.11494252% BID:0.087 ASK:0.0871 MID:0.08704999 P1:0.08704999 P2:0.08704999 P3:0.087 P4:0.08704999 STATE:IDLE
[2026-06-03 00:33:59Z] CHK MOM:0% RANGE:0.05% UP:25% SPREAD:0.11494252% BID:0.087 ASK:0.0871 MID:0.08704999 P1:0.08704999 P2:0.08704999 P3:0.08704999 P4:0.087 STATE:IDLE
[2026-06-03 00:34:00Z] CHK MOM:0% RANGE:0% UP:0% SPREAD:0.11494252% BID:0.087 ASK:0.0871 MID:0.08704999 P1:0.08704999 P2:0.08704999 P3:0.08704999 P4:0.08704999 STATE:IDLE
[2026-06-03 00:34:00Z] CHK MOM:0% RANGE:0% UP:0% SPREAD:0.11494252% BID:0.087 ASK:0.0871 MID:0.08704999 P1:0.08704999 P2:0.08704999 P3:0.08704999 P4:0.08704999 STATE:IDLE
[2026-06-03 00:34:01Z] CHK MOM:0% RANGE:0% UP:0% SPREAD:0.11494252% BID:0.087 ASK:0.0871 MID:0.08704999 P1:0.08704999 P2:0.08704999 P3:0.08704999 P4:0.08704999 STATE:IDLE
[2026-06-03 00:34:01Z] CHK MOM:0% RANGE:0% UP:0% SPREAD:0.11494252% BID:0.087 ASK:0.0871 MID:0.08704999 P1:0.08704999 P2:0.08704999 P3:0.08704999 P4:0.08704999 STATE:IDLE
[2026-06-03 00:34:02Z] CHK MOM:0% RANGE:0% UP:0% SPREAD:0.11494252% BID:0.087 ASK:0.0871 MID:0.08704999 P1:0.08704999 P2:0.08704999 P3:0.08704999 P4:0.08704999 STATE:IDLE
[2026-06-03 00:34:02Z] CHK MOM:0% RANGE:0% UP:0% SPREAD:0.11494252% BID:0.087 ASK:0.0871 MID:0.08704999 P1:0.08704999 P2:0.08704999 P3:0.08704999 P4:0.08704999 STATE:IDLE
[2026-06-03 00:34:03Z] CHK MOM:0% RANGE:0% UP:0% SPREAD:0.11494252% BID:0.087 ASK:0.0871 MID:0.08704999 P1:0.08704999 P2:0.08704999 P3:0.08704999 P4:0.08704999 STATE:IDLE
[2026-06-03 00:34:03Z] CHK MOM:0% RANGE:0% UP:0% SPREAD:0.11494252% BID:0.087 ASK:0.0871 MID:0.08704999 P1:0.08704999 P2:0.08704999 P3:0.08704999 P4:0.08704999 STATE:IDLE
[2026-06-03 00:34:04Z] CHK MOM:0.05% RANGE:0.05% UP:16.66% SPREAD:0.22988505% BID:0.087 ASK:0.0872 MID:0.0871 P1:0.0871 P2:0.08704999 P3:0.08704999 P4:0.08704999 STATE:IDLE
[2026-06-03 00:34:05Z] CHK MOM:0% RANGE:0.05% UP:14.28% SPREAD:0.11494252% BID:0.087 ASK:0.0871 MID:0.08704999 P1:0.08704999 P2:0.0871 P3:0.08704999 P4:0.08704999 STATE:IDLE
[2026-06-03 00:34:05Z] CHK MOM:0% RANGE:0.05% UP:14.28% SPREAD:0.11494252% BID:0.087 ASK:0.0871 MID:0.08704999 P1:0.08704999 P2:0.0871 P3:0.08704999 P4:0.08704999 STATE:IDLE
[2026-06-03 00:34:06Z] CHK MOM:0% RANGE:0.05% UP:14.28% SPREAD:0.11494252% BID:0.087 ASK:0.0871 MID:0.08704999 P1:0.08704999 P2:0.0871 P3:0.08704999 P4:0.08704999 STATE:IDLE
[2026-06-03 00:34:06Z] CHK MOM:0% RANGE:0.05% UP:14.28% SPREAD:0.11494252% BID:0.087 ASK:0.0871 MID:0.08704999 P1:0.08704999 P2:0.0871 P3:0.08704999 P4:0.08704999 STATE:IDLE
[2026-06-03 00:34:07Z] CHK MOM:0% RANGE:0.05% UP:14.28% SPREAD:0.11494252% BID:0.087 ASK:0.0871 MID:0.08704999 P1:0.08704999 P2:0.0871 P3:0.08704999 P4:0.08704999 STATE:IDLE
[2026-06-03 00:34:13Z] CHK MOM:0.11% RANGE:0.11% UP:33.33% SPREAD:0.11481056% BID:0.0871 ASK:0.0872 MID:0.08715 P1:0.08715 P2:0.08704999 P3:0.0871 P4:0.08704999 STATE:IDLE
[2026-06-03 00:34:14Z] CHK MOM:0.11% RANGE:0.11% UP:40% SPREAD:0.11481056% BID:0.0871 ASK:0.0872 MID:0.08715 P1:0.08715 P2:0.08715 P3:0.08704999 P4:0.0871 STATE:IDLE
[2026-06-03 00:34:14Z] CHK MOM:0.05% RANGE:0.11% UP:25% SPREAD:0.11481056% BID:0.0871 ASK:0.0872 MID:0.08715 P1:0.08715 P2:0.08715 P3:0.08715 P4:0.08704999 STATE:IDLE
[2026-06-03 00:34:15Z] CHK MOM:0.05% RANGE:0.11% UP:20% SPREAD:0.11481056% BID:0.0871 ASK:0.0872 MID:0.08715 P1:0.08715 P2:0.08715 P3:0.08715 P4:0.08715 STATE:IDLE
[2026-06-03 00:34:15Z] CHK MOM:0.17% RANGE:0.22% UP:33.33% SPREAD:0.11467889% BID:0.0872 ASK:0.0873 MID:0.08725 P1:0.08725 P2:0.08715 P3:0.08715 P4:0.08715 STATE:IDLE
[2026-06-03 00:34:16Z] CHK MOM:0.17% RANGE:0.22% UP:28.57% SPREAD:0.11467889% BID:0.0872 ASK:0.0873 MID:0.08725 P1:0.08725 P2:0.08725 P3:0.08715 P4:0.08715 STATE:IDLE
[2026-06-03 00:34:16Z] CHK MOM:0.17% RANGE:0.22% UP:28.57% SPREAD:0.11467889% BID:0.0872 ASK:0.0873 MID:0.08725 P1:0.08725 P2:0.08725 P3:0.08715 P4:0.08715 STATE:IDLE
[2026-06-03 00:34:17Z] CHK MOM:0.17% RANGE:0.22% UP:28.57% SPREAD:0.11467889% BID:0.0872 ASK:0.0873 MID:0.08725 P1:0.08725 P2:0.08725 P3:0.08715 P4:0.08715 STATE:IDLE
[2026-06-03 00:34:18Z] CHK MOM:0.17% RANGE:0.22% UP:28.57% SPREAD:0.11467889% BID:0.0872 ASK:0.0873 MID:0.08725 P1:0.08725 P2:0.08725 P3:0.08715 P4:0.08715 STATE:IDLE
[2026-06-03 00:34:18Z] CHK MOM:0.17% RANGE:0.22% UP:28.57% SPREAD:0.11467889% BID:0.0872 ASK:0.0873 MID:0.08725 P1:0.08725 P2:0.08725 P3:0.08715 P4:0.08715 STATE:IDLE
[2026-06-03 00:34:19Z] CHK MOM:0.11% RANGE:0.11% UP:16.66% SPREAD:0.11467889% BID:0.0872 ASK:0.0873 MID:0.08725 P1:0.08725 P2:0.08725 P3:0.08725 P4:0.08715 STATE:IDLE
[2026-06-03 00:34:19Z] CHK MOM:0.22% RANGE:0.22% UP:28.57% SPREAD:0.11454753% BID:0.0873 ASK:0.0874 MID:0.08735 P1:0.08735 P2:0.08725 P3:0.08725 P4:0.08725 STATE:IDLE
[2026-06-03 00:34:20Z] CHK MOM:0.11% RANGE:0.22% UP:25% SPREAD:0.11467889% BID:0.0872 ASK:0.0873 MID:0.08725 P1:0.08725 P2:0.08735 P3:0.08725 P4:0.08725 STATE:IDLE
[2026-06-03 00:34:20Z] CHK MOM:0.11% RANGE:0.22% UP:25% SPREAD:0.11467889% BID:0.0872 ASK:0.0873 MID:0.08725 P1:0.08725 P2:0.08735 P3:0.08725 P4:0.08725 STATE:IDLE
[2026-06-03 00:34:21Z] CHK MOM:0.11% RANGE:0.22% UP:25% SPREAD:0.11467889% BID:0.0872 ASK:0.0873 MID:0.08725 P1:0.08725 P2:0.08735 P3:0.08725 P4:0.08725 STATE:IDLE
[2026-06-03 00:34:21Z] CHK MOM:0.17% RANGE:0.22% UP:33.33% SPREAD:0.22935779% BID:0.0872 ASK:0.0874 MID:0.0873 P1:0.0873 P2:0.08725 P3:0.08735 P4:0.08725 STATE:IDLE
[2026-06-03 00:34:22Z] CHK MOM:0.11% RANGE:0.22% UP:30% SPREAD:0.11467889% BID:0.0872 ASK:0.0873 MID:0.08725 P1:0.08725 P2:0.0873 P3:0.08725 P4:0.08735 STATE:IDLE
[2026-06-03 00:34:22Z] CHK MOM:0.11% RANGE:0.22% UP:27.27% SPREAD:0.11467889% BID:0.0872 ASK:0.0873 MID:0.08725 P1:0.08725 P2:0.08725 P3:0.0873 P4:0.08725 STATE:IDLE
[2026-06-03 00:34:23Z] CHK MOM:0.11% RANGE:0.22% UP:27.27% SPREAD:0.11467889% BID:0.0872 ASK:0.0873 MID:0.08725 P1:0.08725 P2:0.08725 P3:0.0873 P4:0.08725 STATE:IDLE
[2026-06-03 00:34:24Z] CHK MOM:0.11% RANGE:0.22% UP:27.27% SPREAD:0.11467889% BID:0.0872 ASK:0.0873 MID:0.08725 P1:0.08725 P2:0.08725 P3:0.0873 P4:0.08725 STATE:IDLE
[2026-06-03 00:34:24Z] CHK MOM:0.11% RANGE:0.22% UP:27.27% SPREAD:0.11467889% BID:0.0872 ASK:0.0873 MID:0.08725 P1:0.08725 P2:0.08725 P3:0.0873 P4:0.08725 STATE:IDLE
[2026-06-03 00:34:25Z] CHK MOM:0.11% RANGE:0.22% UP:27.27% SPREAD:0.11467889% BID:0.0872 ASK:0.0873 MID:0.08725 P1:0.08725 P2:0.08725 P3:0.0873 P4:0.08725 STATE:IDLE
[2026-06-03 00:34:26Z] CHK MOM:0.11% RANGE:0.22% UP:30% SPREAD:0.11467889% BID:0.0872 ASK:0.0873 MID:0.08725 P1:0.08725 P2:0.08725 P3:0.08725 P4:0.0873 STATE:IDLE
[2026-06-03 00:34:26Z] CHK MOM:0.11% RANGE:0.22% UP:30% SPREAD:0.11467889% BID:0.0872 ASK:0.0873 MID:0.08725 P1:0.08725 P2:0.08725 P3:0.08725 P4:0.0873 STATE:IDLE
[2026-06-03 00:34:27Z] CHK MOM:0.11% RANGE:0.22% UP:30% SPREAD:0.11467889% BID:0.0872 ASK:0.0873 MID:0.08725 P1:0.08725 P2:0.08725 P3:0.08725 P4:0.0873 STATE:IDLE
[2026-06-03 00:34:27Z] CHK MOM:0.11% RANGE:0.22% UP:30% SPREAD:0.11467889% BID:0.0872 ASK:0.0873 MID:0.08725 P1:0.08725 P2:0.08725 P3:0.08725 P4:0.0873 STATE:IDLE
[2026-06-03 00:34:28Z] CHK MOM:0.11% RANGE:0.22% UP:30% SPREAD:0.11467889% BID:0.0872 ASK:0.0873 MID:0.08725 P1:0.08725 P2:0.08725 P3:0.08725 P4:0.0873 STATE:IDLE
[2026-06-03 00:34:29Z] CHK MOM:0.11% RANGE:0.22% UP:30% SPREAD:0.11467889% BID:0.0872 ASK:0.0873 MID:0.08725 P1:0.08725 P2:0.08725 P3:0.08725 P4:0.0873 STATE:IDLE
[2026-06-03 00:34:31Z] CHK MOM:-0.11% RANGE:0.11% UP:16.66% SPREAD:0.11467889% BID:0.0872 ASK:0.0873 MID:0.08725 P1:0.08725 P2:0.08725 P3:0.08725 P4:0.08725 STATE:IDLE
[2026-06-03 00:34:32Z] CHK MOM:-0.11% RANGE:0.11% UP:16.66% SPREAD:0.11467889% BID:0.0872 ASK:0.0873 MID:0.08725 P1:0.08725 P2:0.08725 P3:0.08725 P4:0.08725 STATE:IDLE
[2026-06-03 00:34:32Z] CHK MOM:-0.11% RANGE:0.11% UP:16.66% SPREAD:0.11467889% BID:0.0872 ASK:0.0873 MID:0.08725 P1:0.08725 P2:0.08725 P3:0.08725 P4:0.08725 STATE:IDLE
[2026-06-03 00:34:33Z] CHK MOM:-0.11% RANGE:0.11% UP:16.66% SPREAD:0.11467889% BID:0.0872 ASK:0.0873 MID:0.08725 P1:0.08725 P2:0.08725 P3:0.08725 P4:0.08725 STATE:IDLE
[2026-06-03 00:34:33Z] CHK MOM:-0.11% RANGE:0.11% UP:16.66% SPREAD:0.11467889% BID:0.0872 ASK:0.0873 MID:0.08725 P1:0.08725 P2:0.08725 P3:0.08725 P4:0.08725 STATE:IDLE
[2026-06-03 00:34:34Z] CHK MOM:-0.05% RANGE:0.05% UP:0% SPREAD:0.11467889% BID:0.0872 ASK:0.0873 MID:0.08725 P1:0.08725 P2:0.08725 P3:0.08725 P4:0.08725 STATE:IDLE
[2026-06-03 00:34:35Z] CHK MOM:-0.05% RANGE:0.05% UP:0% SPREAD:0.11467889% BID:0.0872 ASK:0.0873 MID:0.08725 P1:0.08725 P2:0.08725 P3:0.08725 P4:0.08725 STATE:IDLE
[2026-06-03 00:34:35Z] CHK MOM:-0.05% RANGE:0.05% UP:0% SPREAD:0.11467889% BID:0.0872 ASK:0.0873 MID:0.08725 P1:0.08725 P2:0.08725 P3:0.08725 P4:0.08725 STATE:IDLE
[2026-06-03 00:34:36Z] CHK MOM:-0.05% RANGE:0.05% UP:0% SPREAD:0.11467889% BID:0.0872 ASK:0.0873 MID:0.08725 P1:0.08725 P2:0.08725 P3:0.08725 P4:0.08725 STATE:IDLE
[2026-06-03 00:34:36Z] CHK MOM:-0.05% RANGE:0.05% UP:0% SPREAD:0.11467889% BID:0.0872 ASK:0.0873 MID:0.08725 P1:0.08725 P2:0.08725 P3:0.08725 P4:0.08725 STATE:IDLE
[2026-06-03 00:34:48Z] CHK MOM:0% RANGE:0% UP:0% SPREAD:0.11467889% BID:0.0872 ASK:0.0873 MID:0.08725 P1:0.08725 P2:0.08725 P3:0.08725 P4:0.08725 STATE:IDLE
[2026-06-03 00:34:48Z] CHK MOM:0% RANGE:0% UP:0% SPREAD:0.11467889% BID:0.0872 ASK:0.0873 MID:0.08725 P1:0.08725 P2:0.08725 P3:0.08725 P4:0.08725 STATE:IDLE
[2026-06-03 00:34:49Z] CHK MOM:0% RANGE:0% UP:0% SPREAD:0.11467889% BID:0.0872 ASK:0.0873 MID:0.08725 P1:0.08725 P2:0.08725 P3:0.08725 P4:0.08725 STATE:IDLE
[2026-06-03 00:34:49Z] CHK MOM:0% RANGE:0% UP:0% SPREAD:0.11467889% BID:0.0872 ASK:0.0873 MID:0.08725 P1:0.08725 P2:0.08725 P3:0.08725 P4:0.08725 STATE:IDLE
[2026-06-03 00:34:50Z] CHK MOM:0% RANGE:0% UP:0% SPREAD:0.11467889% BID:0.0872 ASK:0.0873 MID:0.08725 P1:0.08725 P2:0.08725 P3:0.08725 P4:0.08725 STATE:IDLE
[2026-06-03 00:34:50Z] CHK MOM:0% RANGE:0% UP:0% SPREAD:0.11467889% BID:0.0872 ASK:0.0873 MID:0.08725 P1:0.08725 P2:0.08725 P3:0.08725 P4:0.08725 STATE:IDLE
[2026-06-03 00:34:51Z] CHK MOM:0% RANGE:0% UP:0% SPREAD:0.11467889% BID:0.0872 ASK:0.0873 MID:0.08725 P1:0.08725 P2:0.08725 P3:0.08725 P4:0.08725 STATE:IDLE
[2026-06-03 00:34:51Z] CHK MOM:0% RANGE:0% UP:0% SPREAD:0.11467889% BID:0.0872 ASK:0.0873 MID:0.08725 P1:0.08725 P2:0.08725 P3:0.08725 P4:0.08725 STATE:IDLE
[2026-06-03 00:34:52Z] CHK MOM:0% RANGE:0% UP:0% SPREAD:0.11467889% BID:0.0872 ASK:0.0873 MID:0.08725 P1:0.08725 P2:0.08725 P3:0.08725 P4:0.08725 STATE:IDLE
[2026-06-03 00:34:52Z] CHK MOM:0% RANGE:0% UP:0% SPREAD:0.11467889% BID:0.0872 ASK:0.0873 MID:0.08725 P1:0.08725 P2:0.08725 P3:0.08725 P4:0.08725 STATE:IDLE
[2026-06-03 00:34:53Z] CHK MOM:0% RANGE:0% UP:0% SPREAD:0.11467889% BID:0.0872 ASK:0.0873 MID:0.08725 P1:0.08725 P2:0.08725 P3:0.08725 P4:0.08725 STATE:IDLE
[2026-06-03 00:34:54Z] CHK MOM:0% RANGE:0% UP:0% SPREAD:0.11467889% BID:0.0872 ASK:0.0873 MID:0.08725 P1:0.08725 P2:0.08725 P3:0.08725 P4:0.08725 STATE:IDLE
[2026-06-03 00:34:54Z] CHK MOM:0% RANGE:0% UP:0% SPREAD:0.11467889% BID:0.0872 ASK:0.0873 MID:0.08725 P1:0.08725 P2:0.08725 P3:0.08725 P4:0.08725 STATE:IDLE
[2026-06-03 00:34:55Z] CHK MOM:0% RANGE:0% UP:0% SPREAD:0.11467889% BID:0.0872 ASK:0.0873 MID:0.08725 P1:0.08725 P2:0.08725 P3:0.08725 P4:0.08725 STATE:IDLE
[2026-06-03 00:34:55Z] CHK MOM:0% RANGE:0% UP:0% SPREAD:0.11467889% BID:0.0872 ASK:0.0873 MID:0.08725 P1:0.08725 P2:0.08725 P3:0.08725 P4:0.08725 STATE:IDLE
[2026-06-03 00:34:56Z] CHK MOM:0% RANGE:0% UP:0% SPREAD:0.11467889% BID:0.0872 ASK:0.0873 MID:0.08725 P1:0.08725 P2:0.08725 P3:0.08725 P4:0.08725 STATE:IDLE
[2026-06-03 00:34:56Z] CHK MOM:0% RANGE:0% UP:0% SPREAD:0.11467889% BID:0.0872 ASK:0.0873 MID:0.08725 P1:0.08725 P2:0.08725 P3:0.08725 P4:0.08725 STATE:IDLE
[2026-06-03 00:34:57Z] CHK MOM:0% RANGE:0% UP:0% SPREAD:0.11467889% BID:0.0872 ASK:0.0873 MID:0.08725 P1:0.08725 P2:0.08725 P3:0.08725 P4:0.08725 STATE:IDLE
[2026-06-03 00:35:00Z] CHK MOM:0% RANGE:0% UP:0% SPREAD:0.11467889% BID:0.0872 ASK:0.0873 MID:0.08725 P1:0.08725 P2:0.08725 P3:0.08725 P4:0.08725 STATE:IDLE
[2026-06-03 00:35:01Z] CHK MOM:0% RANGE:0% UP:0% SPREAD:0.11467889% BID:0.0872 ASK:0.0873 MID:0.08725 P1:0.08725 P2:0.08725 P3:0.08725 P4:0.08725 STATE:IDLE
[2026-06-03 00:35:01Z] CHK MOM:-0.11% RANGE:0.11% UP:0% SPREAD:0.11481056% BID:0.0871 ASK:0.0872 MID:0.08715 P1:0.08715 P2:0.08725 P3:0.08725 P4:0.08725 STATE:IDLE
[2026-06-03 00:35:02Z] CHK MOM:-0.05% RANGE:0.11% UP:14.28% SPREAD:0.22962112% BID:0.0871 ASK:0.0873 MID:0.0872 P1:0.0872 P2:0.08715 P3:0.08725 P4:0.08725 STATE:IDLE
[2026-06-03 00:35:02Z] CHK MOM:-0.05% RANGE:0.11% UP:14.28% SPREAD:0.22962112% BID:0.0871 ASK:0.0873 MID:0.0872 P1:0.0872 P2:0.0872 P3:0.08715 P4:0.08725 STATE:IDLE
[2026-06-03 00:35:03Z] CHK MOM:-0.11% RANGE:0.11% UP:12.5% SPREAD:0.11481056% BID:0.0871 ASK:0.0872 MID:0.08715 P1:0.08715 P2:0.0872 P3:0.0872 P4:0.08715 STATE:IDLE
[2026-06-03 00:35:03Z] CHK MOM:0% RANGE:0.11% UP:22.22% SPREAD:0.11467889% BID:0.0872 ASK:0.0873 MID:0.08725 P1:0.08725 P2:0.08715 P3:0.0872 P4:0.0872 STATE:IDLE
[2026-06-03 00:35:04Z] CHK MOM:0% RANGE:0.11% UP:22.22% SPREAD:0.11467889% BID:0.0872 ASK:0.0873 MID:0.08725 P1:0.08725 P2:0.08715 P3:0.0872 P4:0.0872 STATE:IDLE
[2026-06-03 00:35:04Z] CHK MOM:0% RANGE:0.11% UP:20% SPREAD:0.11467889% BID:0.0872 ASK:0.0873 MID:0.08725 P1:0.08725 P2:0.08725 P3:0.08715 P4:0.0872 STATE:IDLE
[2026-06-03 00:35:05Z] CHK MOM:0% RANGE:0.11% UP:20% SPREAD:0.11467889% BID:0.0872 ASK:0.0873 MID:0.08725 P1:0.08725 P2:0.08725 P3:0.08725 P4:0.08715 STATE:IDLE
[2026-06-03 00:35:06Z] CHK MOM:0% RANGE:0.11% UP:18.18% SPREAD:0.11467889% BID:0.0872 ASK:0.0873 MID:0.08725 P1:0.08725 P2:0.08725 P3:0.08725 P4:0.08725 STATE:IDLE
[2026-06-03 00:35:06Z] CHK MOM:0% RANGE:0.11% UP:16.66% SPREAD:0.11467889% BID:0.0872 ASK:0.0873 MID:0.08725 P1:0.08725 P2:0.08725 P3:0.08725 P4:0.08725 STATE:IDLE
[2026-06-03 00:35:07Z] CHK MOM:0% RANGE:0.11% UP:16.66% SPREAD:0.11467889% BID:0.0872 ASK:0.0873 MID:0.08725 P1:0.08725 P2:0.08725 P3:0.08725 P4:0.08725 STATE:IDLE
[2026-06-03 00:35:07Z] CHK MOM:0% RANGE:0.11% UP:16.66% SPREAD:0.11467889% BID:0.0872 ASK:0.0873 MID:0.08725 P1:0.08725 P2:0.08725 P3:0.08725 P4:0.08725 STATE:IDLE
[2026-06-03 00:35:08Z] CHK MOM:0% RANGE:0.11% UP:16.66% SPREAD:0.11467889% BID:0.0872 ASK:0.0873 MID:0.08725 P1:0.08725 P2:0.08725 P3:0.08725 P4:0.08725 STATE:IDLE
[2026-06-03 00:35:08Z] CHK MOM:0% RANGE:0.11% UP:16.66% SPREAD:0.11467889% BID:0.0872 ASK:0.0873 MID:0.08725 P1:0.08725 P2:0.08725 P3:0.08725 P4:0.08725 STATE:IDLE
[2026-06-03 00:35:10Z] CHK MOM:0% RANGE:0.11% UP:18.18% SPREAD:0.11467889% BID:0.0872 ASK:0.0873 MID:0.08725 P1:0.08725 P2:0.08725 P3:0.08725 P4:0.08725 STATE:IDLE
[2026-06-03 00:35:11Z] CHK MOM:0% RANGE:0.11% UP:18.18% SPREAD:0.11467889% BID:0.0872 ASK:0.0873 MID:0.08725 P1:0.08725 P2:0.08725 P3:0.08725 P4:0.08725 STATE:IDLE
[2026-06-03 00:35:12Z] CHK MOM:0% RANGE:0.11% UP:16.66% SPREAD:0.11467889% BID:0.0872 ASK:0.0873 MID:0.08725 P1:0.08725 P2:0.08725 P3:0.08725 P4:0.08725 STATE:IDLE
[2026-06-03 00:35:12Z] CHK MOM:0% RANGE:0.11% UP:16.66% SPREAD:0.11467889% BID:0.0872 ASK:0.0873 MID:0.08725 P1:0.08725 P2:0.08725 P3:0.08725 P4:0.08725 STATE:IDLE
[2026-06-03 00:35:13Z] CHK MOM:0% RANGE:0.11% UP:16.66% SPREAD:0.11467889% BID:0.0872 ASK:0.0873 MID:0.08725 P1:0.08725 P2:0.08725 P3:0.08725 P4:0.08725 STATE:IDLE
[2026-06-03 00:35:13Z] CHK MOM:0% RANGE:0.11% UP:16.66% SPREAD:0.11467889% BID:0.0872 ASK:0.0873 MID:0.08725 P1:0.08725 P2:0.08725 P3:0.08725 P4:0.08725 STATE:IDLE
[2026-06-03 00:35:14Z] CHK MOM:0% RANGE:0.11% UP:16.66% SPREAD:0.11467889% BID:0.0872 ASK:0.0873 MID:0.08725 P1:0.08725 P2:0.08725 P3:0.08725 P4:0.08725 STATE:IDLE
[2026-06-03 00:35:14Z] CHK MOM:0% RANGE:0.11% UP:16.66% SPREAD:0.11467889% BID:0.0872 ASK:0.0873 MID:0.08725 P1:0.08725 P2:0.08725 P3:0.08725 P4:0.08725 STATE:IDLE
[2026-06-03 00:35:17Z] CHK MOM:0.11% RANGE:0.11% UP:20% SPREAD:0.11454753% BID:0.0873 ASK:0.0874 MID:0.08735 P1:0.08735 P2:0.08725 P3:0.08725 P4:0.08725 STATE:IDLE
[2026-06-03 00:35:17Z] CHK MOM:0.11% RANGE:0.11% UP:20% SPREAD:0.11454753% BID:0.0873 ASK:0.0874 MID:0.08735 P1:0.08735 P2:0.08725 P3:0.08725 P4:0.08725 STATE:IDLE
[2026-06-03 00:35:18Z] CHK MOM:0.11% RANGE:0.11% UP:20% SPREAD:0.11454753% BID:0.0873 ASK:0.0874 MID:0.08735 P1:0.08735 P2:0.08725 P3:0.08725 P4:0.08725 STATE:IDLE
[2026-06-03 00:35:18Z] CHK MOM:0.11% RANGE:0.11% UP:33.33% SPREAD:0.11454753% BID:0.0873 ASK:0.0874 MID:0.08735 P1:0.08735 P2:0.08735 P3:0.08725 P4:0.08725 STATE:IDLE
[2026-06-03 00:35:19Z] CHK MOM:0.22% RANGE:0.22% UP:50% SPREAD:0.11441647% BID:0.0874 ASK:0.0875 MID:0.08745 P1:0.08745 P2:0.08735 P3:0.08735 P4:0.08725 STATE:IDLE
[2026-06-03 00:35:19Z] CHK MOM:0.22% RANGE:0.22% UP:50% SPREAD:0.11441647% BID:0.0874 ASK:0.0875 MID:0.08745 P1:0.08745 P2:0.08735 P3:0.08735 P4:0.08725 STATE:IDLE
[2026-06-03 00:35:20Z] CHK MOM:0.22% RANGE:0.22% UP:50% SPREAD:0.11441647% BID:0.0874 ASK:0.0875 MID:0.08745 P1:0.08745 P2:0.08735 P3:0.08735 P4:0.08725 STATE:IDLE
[2026-06-03 00:35:20Z] CHK MOM:0.22% RANGE:0.22% UP:50% SPREAD:0.11441647% BID:0.0874 ASK:0.0875 MID:0.08745 P1:0.08745 P2:0.08735 P3:0.08735 P4:0.08725 STATE:IDLE
[2026-06-03 00:35:21Z] CHK MOM:0.22% RANGE:0.22% UP:50% SPREAD:0.11441647% BID:0.0874 ASK:0.0875 MID:0.08745 P1:0.08745 P2:0.08735 P3:0.08735 P4:0.08725 STATE:IDLE
[2026-06-03 00:35:21Z] CHK MOM:0.22% RANGE:0.22% UP:50% SPREAD:0.11441647% BID:0.0874 ASK:0.0875 MID:0.08745 P1:0.08745 P2:0.08735 P3:0.08735 P4:0.08725 STATE:IDLE
[2026-06-03 00:35:27Z] CHK MOM:0.11% RANGE:0.11% UP:33.33% SPREAD:0.11441647% BID:0.0874 ASK:0.0875 MID:0.08745 P1:0.08745 P2:0.08745 P3:0.08735 P4:0.08735 STATE:IDLE
[2026-06-03 00:35:27Z] CHK MOM:0.11% RANGE:0.11% UP:33.33% SPREAD:0.11441647% BID:0.0874 ASK:0.0875 MID:0.08745 P1:0.08745 P2:0.08745 P3:0.08735 P4:0.08735 STATE:IDLE
[2026-06-03 00:35:28Z] CHK MOM:0.11% RANGE:0.11% UP:33.33% SPREAD:0.11441647% BID:0.0874 ASK:0.0875 MID:0.08745 P1:0.08745 P2:0.08745 P3:0.08735 P4:0.08735 STATE:IDLE
[2026-06-03 00:35:28Z] CHK MOM:0.11% RANGE:0.11% UP:33.33% SPREAD:0.11441647% BID:0.0874 ASK:0.0875 MID:0.08745 P1:0.08745 P2:0.08745 P3:0.08735 P4:0.08735 STATE:IDLE
[2026-06-03 00:35:29Z] CHK MOM:0.11% RANGE:0.11% UP:33.33% SPREAD:0.11441647% BID:0.0874 ASK:0.0875 MID:0.08745 P1:0.08745 P2:0.08745 P3:0.08735 P4:0.08735 STATE:IDLE
[2026-06-03 00:35:29Z] CHK MOM:0.11% RANGE:0.11% UP:33.33% SPREAD:0.11441647% BID:0.0874 ASK:0.0875 MID:0.08745 P1:0.08745 P2:0.08745 P3:0.08745 P4:0.08735 STATE:IDLE
[2026-06-03 00:35:30Z] CHK MOM:0.11% RANGE:0.11% UP:33.33% SPREAD:0.11441647% BID:0.0874 ASK:0.0875 MID:0.08745 P1:0.08745 P2:0.08745 P3:0.08745 P4:0.08735 STATE:IDLE
[2026-06-03 00:35:30Z] CHK MOM:0.11% RANGE:0.11% UP:33.33% SPREAD:0.11441647% BID:0.0874 ASK:0.0875 MID:0.08745 P1:0.08745 P2:0.08745 P3:0.08745 P4:0.08735 STATE:IDLE
[2026-06-03 00:35:31Z] CHK MOM:0% RANGE:0% UP:0% SPREAD:0.11441647% BID:0.0874 ASK:0.0875 MID:0.08745 P1:0.08745 P2:0.08745 P3:0.08745 P4:0.08745 STATE:IDLE
[2026-06-03 00:35:31Z] CHK MOM:0% RANGE:0% UP:0% SPREAD:0.11441647% BID:0.0874 ASK:0.0875 MID:0.08745 P1:0.08745 P2:0.08745 P3:0.08745 P4:0.08745 STATE:IDLE
[2026-06-03 00:35:32Z] CHK MOM:0% RANGE:0% UP:0% SPREAD:0.11441647% BID:0.0874 ASK:0.0875 MID:0.08745 P1:0.08745 P2:0.08745 P3:0.08745 P4:0.08745 STATE:IDLE
[2026-06-03 00:35:33Z] CHK MOM:0% RANGE:0% UP:0% SPREAD:0.11441647% BID:0.0874 ASK:0.0875 MID:0.08745 P1:0.08745 P2:0.08745 P3:0.08745 P4:0.08745 STATE:IDLE
[2026-06-03 00:35:33Z] CHK MOM:0% RANGE:0% UP:0% SPREAD:0.11441647% BID:0.0874 ASK:0.0875 MID:0.08745 P1:0.08745 P2:0.08745 P3:0.08745 P4:0.08745 STATE:IDLE
[2026-06-03 00:35:35Z] CHK MOM:0.11% RANGE:0.11% UP:33.33% SPREAD:0.11428571% BID:0.0875 ASK:0.0876 MID:0.08754999 P1:0.08754999 P2:0.08745 P3:0.08745 P4:0.08745 STATE:IDLE
[2026-06-03 00:35:35Z] CHK MOM:0.11% RANGE:0.11% UP:33.33% SPREAD:0.11428571% BID:0.0875 ASK:0.0876 MID:0.08754999 P1:0.08754999 P2:0.08745 P3:0.08745 P4:0.08745 STATE:IDLE
[2026-06-03 00:35:36Z] CHK MOM:0.11% RANGE:0.11% UP:33.33% SPREAD:0.11428571% BID:0.0875 ASK:0.0876 MID:0.08754999 P1:0.08754999 P2:0.08745 P3:0.08745 P4:0.08745 STATE:IDLE
[2026-06-03 00:35:36Z] CHK MOM:0.11% RANGE:0.11% UP:33.33% SPREAD:0.11428571% BID:0.0875 ASK:0.0876 MID:0.08754999 P1:0.08754999 P2:0.08745 P3:0.08745 P4:0.08745 STATE:IDLE
[2026-06-03 00:35:37Z] CHK MOM:0.11% RANGE:0.11% UP:33.33% SPREAD:0.11428571% BID:0.0875 ASK:0.0876 MID:0.08754999 P1:0.08754999 P2:0.08745 P3:0.08745 P4:0.08745 STATE:IDLE
[2026-06-03 00:35:38Z] CHK MOM:0.11% RANGE:0.11% UP:33.33% SPREAD:0.11428571% BID:0.0875 ASK:0.0876 MID:0.08754999 P1:0.08754999 P2:0.08745 P3:0.08745 P4:0.08745 STATE:IDLE
[2026-06-03 00:35:38Z] CHK MOM:0.11% RANGE:0.11% UP:33.33% SPREAD:0.11428571% BID:0.0875 ASK:0.0876 MID:0.08754999 P1:0.08754999 P2:0.08754999 P3:0.08745 P4:0.08745 STATE:IDLE
[2026-06-03 00:35:39Z] CHK MOM:0.11% RANGE:0.11% UP:33.33% SPREAD:0.11428571% BID:0.0875 ASK:0.0876 MID:0.08754999 P1:0.08754999 P2:0.08754999 P3:0.08745 P4:0.08745 STATE:IDLE
[2026-06-03 00:35:39Z] CHK MOM:0.11% RANGE:0.11% UP:33.33% SPREAD:0.11428571% BID:0.0875 ASK:0.0876 MID:0.08754999 P1:0.08754999 P2:0.08754999 P3:0.08745 P4:0.08745 STATE:IDLE
[2026-06-03 00:35:40Z] CHK MOM:-0.11% RANGE:0.22% UP:25% SPREAD:0.11454753% BID:0.0873 ASK:0.0874 MID:0.08735 P1:0.08735 P2:0.08754999 P3:0.08754999 P4:0.08745 STATE:IDLE
[2026-06-03 00:35:40Z] CHK MOM:-0.11% RANGE:0.22% UP:20% SPREAD:0.11454753% BID:0.0873 ASK:0.0874 MID:0.08735 P1:0.08735 P2:0.08735 P3:0.08754999 P4:0.08754999 STATE:IDLE
[2026-06-03 00:35:41Z] CHK MOM:-0.11% RANGE:0.22% UP:20% SPREAD:0.11454753% BID:0.0873 ASK:0.0874 MID:0.08735 P1:0.08735 P2:0.08735 P3:0.08754999 P4:0.08754999 STATE:IDLE
[2026-06-03 00:35:41Z] CHK MOM:-0.11% RANGE:0.22% UP:20% SPREAD:0.11454753% BID:0.0873 ASK:0.0874 MID:0.08735 P1:0.08735 P2:0.08735 P3:0.08754999 P4:0.08754999 STATE:IDLE
[2026-06-03 00:35:42Z] CHK MOM:-0.11% RANGE:0.22% UP:20% SPREAD:0.11454753% BID:0.0873 ASK:0.0874 MID:0.08735 P1:0.08735 P2:0.08735 P3:0.08754999 P4:0.08754999 STATE:IDLE
[2026-06-03 00:35:42Z] CHK MOM:-0.11% RANGE:0.22% UP:20% SPREAD:0.11454753% BID:0.0873 ASK:0.0874 MID:0.08735 P1:0.08735 P2:0.08735 P3:0.08735 P4:0.08754999 STATE:IDLE
[2026-06-03 00:35:43Z] CHK MOM:-0.11% RANGE:0.22% UP:20% SPREAD:0.11454753% BID:0.0873 ASK:0.0874 MID:0.08735 P1:0.08735 P2:0.08735 P3:0.08735 P4:0.08754999 STATE:IDLE
[2026-06-03 00:35:44Z] CHK MOM:-0.11% RANGE:0.22% UP:20% SPREAD:0.11454753% BID:0.0873 ASK:0.0874 MID:0.08735 P1:0.08735 P2:0.08735 P3:0.08735 P4:0.08754999 STATE:IDLE
[2026-06-03 00:35:44Z] CHK MOM:-0.22% RANGE:0.22% UP:0% SPREAD:0.11454753% BID:0.0873 ASK:0.0874 MID:0.08735 P1:0.08735 P2:0.08735 P3:0.08735 P4:0.08735 STATE:IDLE
[2026-06-03 00:35:45Z] CHK MOM:-0.22% RANGE:0.22% UP:0% SPREAD:0.11454753% BID:0.0873 ASK:0.0874 MID:0.08735 P1:0.08735 P2:0.08735 P3:0.08735 P4:0.08735 STATE:IDLE
[2026-06-03 00:35:45Z] CHK MOM:-0.22% RANGE:0.22% UP:0% SPREAD:0.11454753% BID:0.0873 ASK:0.0874 MID:0.08735 P1:0.08735 P2:0.08735 P3:0.08735 P4:0.08735 STATE:IDLE
[2026-06-03 00:35:46Z] CHK MOM:-0.22% RANGE:0.22% UP:0% SPREAD:0.11454753% BID:0.0873 ASK:0.0874 MID:0.08735 P1:0.08735 P2:0.08735 P3:0.08735 P4:0.08735 STATE:IDLE
[2026-06-03 00:35:46Z] CHK MOM:-0.22% RANGE:0.22% UP:0% SPREAD:0.11454753% BID:0.0873 ASK:0.0874 MID:0.08735 P1:0.08735 P2:0.08735 P3:0.08735 P4:0.08735 STATE:IDLE
[2026-06-03 00:35:47Z] CHK MOM:-0.22% RANGE:0.22% UP:0% SPREAD:0.11454753% BID:0.0873 ASK:0.0874 MID:0.08735 P1:0.08735 P2:0.08735 P3:0.08735 P4:0.08735 STATE:IDLE
[2026-06-03 00:35:47Z] CHK MOM:-0.22% RANGE:0.22% UP:0% SPREAD:0.11454753% BID:0.0873 ASK:0.0874 MID:0.08735 P1:0.08735 P2:0.08735 P3:0.08735 P4:0.08735 STATE:IDLE
[2026-06-03 00:35:48Z] CHK MOM:-0.22% RANGE:0.22% UP:0% SPREAD:0.11454753% BID:0.0873 ASK:0.0874 MID:0.08735 P1:0.08735 P2:0.08735 P3:0.08735 P4:0.08735 STATE:IDLE
[2026-06-03 00:35:49Z] CHK MOM:-0.22% RANGE:0.22% UP:0% SPREAD:0.11454753% BID:0.0873 ASK:0.0874 MID:0.08735 P1:0.08735 P2:0.08735 P3:0.08735 P4:0.08735 STATE:IDLE
[2026-06-03 00:35:49Z] CHK MOM:-0.22% RANGE:0.22% UP:0% SPREAD:0.11454753% BID:0.0873 ASK:0.0874 MID:0.08735 P1:0.08735 P2:0.08735 P3:0.08735 P4:0.08735 STATE:IDLE
[2026-06-03 00:35:50Z] CHK MOM:-0.22% RANGE:0.22% UP:0% SPREAD:0.11454753% BID:0.0873 ASK:0.0874 MID:0.08735 P1:0.08735 P2:0.08735 P3:0.08735 P4:0.08735 STATE:IDLE
[2026-06-03 00:35:50Z] CHK MOM:-0.22% RANGE:0.22% UP:0% SPREAD:0.11454753% BID:0.0873 ASK:0.0874 MID:0.08735 P1:0.08735 P2:0.08735 P3:0.08735 P4:0.08735 STATE:IDLE
[2026-06-03 00:35:51Z] CHK MOM:-0.22% RANGE:0.22% UP:0% SPREAD:0.11454753% BID:0.0873 ASK:0.0874 MID:0.08735 P1:0.08735 P2:0.08735 P3:0.08735 P4:0.08735 STATE:IDLE
[2026-06-03 00:35:56Z] CHK MOM:0% RANGE:0% UP:0% SPREAD:0.11454753% BID:0.0873 ASK:0.0874 MID:0.08735 P1:0.08735 P2:0.08735 P3:0.08735 P4:0.08735 STATE:IDLE
[2026-06-03 00:35:56Z] CHK MOM:0% RANGE:0% UP:0% SPREAD:0.11454753% BID:0.0873 ASK:0.0874 MID:0.08735 P1:0.08735 P2:0.08735 P3:0.08735 P4:0.08735 STATE:IDLE
[2026-06-03 00:35:57Z] CHK MOM:0% RANGE:0% UP:0% SPREAD:0.11454753% BID:0.0873 ASK:0.0874 MID:0.08735 P1:0.08735 P2:0.08735 P3:0.08735 P4:0.08735 STATE:IDLE
[2026-06-03 00:35:57Z] CHK MOM:0% RANGE:0% UP:0% SPREAD:0.11454753% BID:0.0873 ASK:0.0874 MID:0.08735 P1:0.08735 P2:0.08735 P3:0.08735 P4:0.08735 STATE:IDLE
[2026-06-03 00:35:58Z] CHK MOM:0% RANGE:0% UP:0% SPREAD:0.11454753% BID:0.0873 ASK:0.0874 MID:0.08735 P1:0.08735 P2:0.08735 P3:0.08735 P4:0.08735 STATE:IDLE
[2026-06-03 00:35:58Z] CHK MOM:0% RANGE:0% UP:0% SPREAD:0.11454753% BID:0.0873 ASK:0.0874 MID:0.08735 P1:0.08735 P2:0.08735 P3:0.08735 P4:0.08735 STATE:IDLE
[2026-06-03 00:35:59Z] CHK MOM:0% RANGE:0% UP:0% SPREAD:0.11454753% BID:0.0873 ASK:0.0874 MID:0.08735 P1:0.08735 P2:0.08735 P3:0.08735 P4:0.08735 STATE:IDLE
[2026-06-03 00:35:59Z] CHK MOM:0% RANGE:0% UP:0% SPREAD:0.11454753% BID:0.0873 ASK:0.0874 MID:0.08735 P1:0.08735 P2:0.08735 P3:0.08735 P4:0.08735 STATE:IDLE
[2026-06-03 00:36:00Z] CHK MOM:0% RANGE:0% UP:0% SPREAD:0.11454753% BID:0.0873 ASK:0.0874 MID:0.08735 P1:0.08735 P2:0.08735 P3:0.08735 P4:0.08735 STATE:IDLE
[2026-06-03 00:36:00Z] CHK MOM:0% RANGE:0% UP:0% SPREAD:0.11454753% BID:0.0873 ASK:0.0874 MID:0.08735 P1:0.08735 P2:0.08735 P3:0.08735 P4:0.08735 STATE:IDLE
[2026-06-03 00:36:01Z] CHK MOM:-0.11% RANGE:0.11% UP:0% SPREAD:0.11467889% BID:0.0872 ASK:0.0873 MID:0.08725 P1:0.08725 P2:0.08735 P3:0.08735 P4:0.08735 STATE:IDLE
[2026-06-03 00:36:02Z] CHK MOM:-0.11% RANGE:0.11% UP:0% SPREAD:0.11467889% BID:0.0872 ASK:0.0873 MID:0.08725 P1:0.08725 P2:0.08735 P3:0.08735 P4:0.08735 STATE:IDLE
[2026-06-03 00:36:02Z] CHK MOM:-0.11% RANGE:0.11% UP:0% SPREAD:0.11467889% BID:0.0872 ASK:0.0873 MID:0.08725 P1:0.08725 P2:0.08735 P3:0.08735 P4:0.08735 STATE:IDLE
[2026-06-03 00:36:03Z] CHK MOM:-0.11% RANGE:0.11% UP:0% SPREAD:0.11467889% BID:0.0872 ASK:0.0873 MID:0.08725 P1:0.08725 P2:0.08735 P3:0.08735 P4:0.08735 STATE:IDLE
[2026-06-03 00:36:03Z] CHK MOM:-0.11% RANGE:0.11% UP:0% SPREAD:0.11467889% BID:0.0872 ASK:0.0873 MID:0.08725 P1:0.08725 P2:0.08735 P3:0.08735 P4:0.08735 STATE:IDLE
[2026-06-03 00:36:12Z] CHK MOM:-0.11% RANGE:0.11% UP:0% SPREAD:0.11467889% BID:0.0872 ASK:0.0873 MID:0.08725 P1:0.08725 P2:0.08725 P3:0.08735 P4:0.08735 STATE:IDLE
[2026-06-03 00:36:13Z] CHK MOM:-0.11% RANGE:0.11% UP:0% SPREAD:0.11467889% BID:0.0872 ASK:0.0873 MID:0.08725 P1:0.08725 P2:0.08725 P3:0.08735 P4:0.08735 STATE:IDLE
[2026-06-03 00:36:13Z] CHK MOM:-0.11% RANGE:0.11% UP:0% SPREAD:0.11467889% BID:0.0872 ASK:0.0873 MID:0.08725 P1:0.08725 P2:0.08725 P3:0.08735 P4:0.08735 STATE:IDLE
[2026-06-03 00:36:14Z] CHK MOM:-0.11% RANGE:0.11% UP:0% SPREAD:0.11467889% BID:0.0872 ASK:0.0873 MID:0.08725 P1:0.08725 P2:0.08725 P3:0.08735 P4:0.08735 STATE:IDLE
[2026-06-03 00:36:14Z] CHK MOM:-0.11% RANGE:0.11% UP:0% SPREAD:0.11467889% BID:0.0872 ASK:0.0873 MID:0.08725 P1:0.08725 P2:0.08725 P3:0.08735 P4:0.08735 STATE:IDLE
[2026-06-03 00:36:22Z] CHK MOM:0% RANGE:0% UP:0% SPREAD:0.11467889% BID:0.0872 ASK:0.0873 MID:0.08725 P1:0.08725 P2:0.08725 P3:0.08725 P4:0.08735 STATE:IDLE
[2026-06-03 00:36:22Z] TOKEN_SWITCH old=XPLUSDC new=OPGUSDC source=.service.env
[2026-06-03 01:06:29Z] SESSION_START symbol=XPLUSDC dry_run=0 profile=major strategy=momentum base_url=https://api.binance.com
[2026-06-03 01:06:29Z] TOXIC_MEMORY_LOADED count=2 symbols=ORDIUSDC,TONUSDC
[2026-06-03 01:06:31Z] CHK MOM:0% RANGE:0% UP:0% SPREAD:0.23121387% BID:0.0865 ASK:0.0867 MID:0.0866 P1:0.0866 P2:NA P3:NA P4:NA STATE:IDLE
[2026-06-03 01:06:32Z] CHK MOM:-0.05% RANGE:0.05% UP:0% SPREAD:0.11560693% BID:0.0865 ASK:0.0866 MID:0.08654999 P1:0.08654999 P2:0.0866 P3:NA P4:NA STATE:IDLE
[2026-06-03 01:06:32Z] CHK MOM:-0.05% RANGE:0.05% UP:0% SPREAD:0.11560693% BID:0.0865 ASK:0.0866 MID:0.08654999 P1:0.08654999 P2:0.0866 P3:NA P4:NA STATE:IDLE
[2026-06-03 01:06:33Z] CHK MOM:-0.05% RANGE:0.05% UP:0% SPREAD:0.11560693% BID:0.0865 ASK:0.0866 MID:0.08654999 P1:0.08654999 P2:0.0866 P3:NA P4:NA STATE:IDLE
[2026-06-03 01:06:33Z] CHK MOM:-0.05% RANGE:0.05% UP:0% SPREAD:0.11560693% BID:0.0865 ASK:0.0866 MID:0.08654999 P1:0.08654999 P2:0.0866 P3:NA P4:NA STATE:IDLE
[2026-06-03 01:06:34Z] CHK MOM:-0.05% RANGE:0.05% UP:0% SPREAD:0.11560693% BID:0.0865 ASK:0.0866 MID:0.08654999 P1:0.08654999 P2:0.0866 P3:NA P4:NA STATE:IDLE
[2026-06-03 01:06:39Z] CHK MOM:-0.05% RANGE:0.05% UP:0% SPREAD:0.11560693% BID:0.0865 ASK:0.0866 MID:0.08654999 P1:0.08654999 P2:0.08654999 P3:0.0866 P4:NA STATE:IDLE
[2026-06-03 01:06:39Z] CHK MOM:-0.05% RANGE:0.05% UP:0% SPREAD:0.11560693% BID:0.0865 ASK:0.0866 MID:0.08654999 P1:0.08654999 P2:0.08654999 P3:0.08654999 P4:0.0866 STATE:IDLE
[2026-06-03 01:06:40Z] CHK MOM:-0.05% RANGE:0.05% UP:0% SPREAD:0.11560693% BID:0.0865 ASK:0.0866 MID:0.08654999 P1:0.08654999 P2:0.08654999 P3:0.08654999 P4:0.0866 STATE:IDLE
[2026-06-03 01:06:40Z] CHK MOM:-0.05% RANGE:0.05% UP:0% SPREAD:0.11560693% BID:0.0865 ASK:0.0866 MID:0.08654999 P1:0.08654999 P2:0.08654999 P3:0.08654999 P4:0.0866 STATE:IDLE
[2026-06-03 01:06:41Z] CHK MOM:-0.05% RANGE:0.05% UP:0% SPREAD:0.11560693% BID:0.0865 ASK:0.0866 MID:0.08654999 P1:0.08654999 P2:0.08654999 P3:0.08654999 P4:0.0866 STATE:IDLE
[2026-06-03 01:06:41Z] CHK MOM:-0.05% RANGE:0.05% UP:0% SPREAD:0.11560693% BID:0.0865 ASK:0.0866 MID:0.08654999 P1:0.08654999 P2:0.08654999 P3:0.08654999 P4:0.0866 STATE:IDLE
[2026-06-03 01:06:42Z] CHK MOM:-0.05% RANGE:0.05% UP:0% SPREAD:0.11560693% BID:0.0865 ASK:0.0866 MID:0.08654999 P1:0.08654999 P2:0.08654999 P3:0.08654999 P4:0.0866 STATE:IDLE
[2026-06-03 01:06:44Z] CHK MOM:0% RANGE:0% UP:0% SPREAD:0.11560693% BID:0.0865 ASK:0.0866 MID:0.08654999 P1:0.08654999 P2:0.08654999 P3:0.08654999 P4:0.08654999 STATE:IDLE
[2026-06-03 01:06:45Z] CHK MOM:0% RANGE:0% UP:0% SPREAD:0.11560693% BID:0.0865 ASK:0.0866 MID:0.08654999 P1:0.08654999 P2:0.08654999 P3:0.08654999 P4:0.08654999 STATE:IDLE
[2026-06-03 01:06:45Z] CHK MOM:0% RANGE:0% UP:0% SPREAD:0.11560693% BID:0.0865 ASK:0.0866 MID:0.08654999 P1:0.08654999 P2:0.08654999 P3:0.08654999 P4:0.08654999 STATE:IDLE
[2026-06-03 01:06:46Z] CHK MOM:0% RANGE:0% UP:0% SPREAD:0.11560693% BID:0.0865 ASK:0.0866 MID:0.08654999 P1:0.08654999 P2:0.08654999 P3:0.08654999 P4:0.08654999 STATE:IDLE
[2026-06-03 01:06:46Z] CHK MOM:0% RANGE:0% UP:0% SPREAD:0.11560693% BID:0.0865 ASK:0.0866 MID:0.08654999 P1:0.08654999 P2:0.08654999 P3:0.08654999 P4:0.08654999 STATE:IDLE
[2026-06-03 01:06:47Z] CHK MOM:0% RANGE:0% UP:0% SPREAD:0.11560693% BID:0.0865 ASK:0.0866 MID:0.08654999 P1:0.08654999 P2:0.08654999 P3:0.08654999 P4:0.08654999 STATE:IDLE
[2026-06-03 01:06:49Z] CHK MOM:-0.11% RANGE:0.11% UP:0% SPREAD:0.11574074% BID:0.0864 ASK:0.0865 MID:0.08645 P1:0.08645 P2:0.08654999 P3:0.08654999 P4:0.08654999 STATE:IDLE
[2026-06-03 01:06:50Z] CHK MOM:-0.05% RANGE:0.11% UP:25% SPREAD:0.23148148% BID:0.0864 ASK:0.0866 MID:0.0865 P1:0.0865 P2:0.08645 P3:0.08654999 P4:0.08654999 STATE:IDLE
[2026-06-03 01:06:50Z] CHK MOM:0% RANGE:0.11% UP:40% SPREAD:0.11560693% BID:0.0865 ASK:0.0866 MID:0.08654999 P1:0.08654999 P2:0.0865 P3:0.08645 P4:0.08654999 STATE:IDLE
[2026-06-03 01:06:51Z] CHK MOM:0% RANGE:0.11% UP:40% SPREAD:0.11560693% BID:0.0865 ASK:0.0866 MID:0.08654999 P1:0.08654999 P2:0.0865 P3:0.08645 P4:0.08654999 STATE:IDLE
[2026-06-03 01:06:51Z] CHK MOM:0% RANGE:0.11% UP:40% SPREAD:0.11560693% BID:0.0865 ASK:0.0866 MID:0.08654999 P1:0.08654999 P2:0.0865 P3:0.08645 P4:0.08654999 STATE:IDLE
[2026-06-03 01:06:52Z] CHK MOM:0% RANGE:0.11% UP:40% SPREAD:0.11560693% BID:0.0865 ASK:0.0866 MID:0.08654999 P1:0.08654999 P2:0.0865 P3:0.08645 P4:0.08654999 STATE:IDLE
[2026-06-03 01:06:52Z] CHK MOM:0% RANGE:0.11% UP:40% SPREAD:0.11560693% BID:0.0865 ASK:0.0866 MID:0.08654999 P1:0.08654999 P2:0.0865 P3:0.08645 P4:0.08654999 STATE:IDLE
[2026-06-03 01:06:53Z] CHK MOM:0% RANGE:0.11% UP:40% SPREAD:0.11560693% BID:0.0865 ASK:0.0866 MID:0.08654999 P1:0.08654999 P2:0.0865 P3:0.08645 P4:0.08654999 STATE:IDLE
[2026-06-03 01:06:54Z] CHK MOM:0% RANGE:0.11% UP:50% SPREAD:0.11560693% BID:0.0865 ASK:0.0866 MID:0.08654999 P1:0.08654999 P2:0.08654999 P3:0.0865 P4:0.08645 STATE:IDLE
[2026-06-03 01:06:54Z] CHK MOM:0% RANGE:0.11% UP:50% SPREAD:0.11560693% BID:0.0865 ASK:0.0866 MID:0.08654999 P1:0.08654999 P2:0.08654999 P3:0.0865 P4:0.08645 STATE:IDLE
[2026-06-03 01:06:55Z] CHK MOM:0% RANGE:0.11% UP:50% SPREAD:0.11560693% BID:0.0865 ASK:0.0866 MID:0.08654999 P1:0.08654999 P2:0.08654999 P3:0.0865 P4:0.08645 STATE:IDLE
[2026-06-03 01:06:56Z] CHK MOM:0% RANGE:0.11% UP:50% SPREAD:0.11560693% BID:0.0865 ASK:0.0866 MID:0.08654999 P1:0.08654999 P2:0.08654999 P3:0.0865 P4:0.08645 STATE:IDLE
[2026-06-03 01:06:56Z] CHK MOM:0% RANGE:0.11% UP:50% SPREAD:0.11574074% BID:0.0864 ASK:0.0865 MID:0.08645 P1:0.08645 P2:0.08654999 P3:0.08654999 P4:0.0865 STATE:IDLE
[2026-06-03 01:06:57Z] CHK MOM:0% RANGE:0.11% UP:40% SPREAD:0.11574074% BID:0.0864 ASK:0.0865 MID:0.08645 P1:0.08645 P2:0.08645 P3:0.08654999 P4:0.08654999 STATE:IDLE
[2026-06-03 01:06:57Z] CHK MOM:0% RANGE:0.11% UP:40% SPREAD:0.11574074% BID:0.0864 ASK:0.0865 MID:0.08645 P1:0.08645 P2:0.08645 P3:0.08654999 P4:0.08654999 STATE:IDLE
[2026-06-03 01:06:58Z] CHK MOM:0% RANGE:0.11% UP:40% SPREAD:0.11574074% BID:0.0864 ASK:0.0865 MID:0.08645 P1:0.08645 P2:0.08645 P3:0.08654999 P4:0.08654999 STATE:IDLE
[2026-06-03 01:06:58Z] CHK MOM:0% RANGE:0.11% UP:40% SPREAD:0.11574074% BID:0.0864 ASK:0.0865 MID:0.08645 P1:0.08645 P2:0.08645 P3:0.08654999 P4:0.08654999 STATE:IDLE
[2026-06-03 01:06:59Z] CHK MOM:0% RANGE:0.11% UP:40% SPREAD:0.11574074% BID:0.0864 ASK:0.0865 MID:0.08645 P1:0.08645 P2:0.08645 P3:0.08654999 P4:0.08654999 STATE:IDLE
[2026-06-03 01:06:59Z] CHK MOM:0% RANGE:0.11% UP:33.33% SPREAD:0.11574074% BID:0.0864 ASK:0.0865 MID:0.08645 P1:0.08645 P2:0.08645 P3:0.08645 P4:0.08654999 STATE:IDLE
[2026-06-03 01:07:00Z] CHK MOM:0.05% RANGE:0.11% UP:42.85% SPREAD:0.23148148% BID:0.0864 ASK:0.0866 MID:0.0865 P1:0.0865 P2:0.08645 P3:0.08645 P4:0.08645 STATE:IDLE
[2026-06-03 01:07:01Z] CHK MOM:0.05% RANGE:0.11% UP:37.5% SPREAD:0.23148148% BID:0.0864 ASK:0.0866 MID:0.0865 P1:0.0865 P2:0.0865 P3:0.08645 P4:0.08645 STATE:IDLE
[2026-06-03 01:07:01Z] CHK MOM:0.05% RANGE:0.11% UP:37.5% SPREAD:0.23148148% BID:0.0864 ASK:0.0866 MID:0.0865 P1:0.0865 P2:0.0865 P3:0.08645 P4:0.08645 STATE:IDLE
[2026-06-03 01:07:02Z] CHK MOM:-0.11% RANGE:0.11% UP:14.28% SPREAD:0.11574074% BID:0.0864 ASK:0.0865 MID:0.08645 P1:0.08645 P2:0.0865 P3:0.0865 P4:0.08645 STATE:IDLE
[2026-06-03 01:07:02Z] CHK MOM:-0.11% RANGE:0.11% UP:14.28% SPREAD:0.11574074% BID:0.0864 ASK:0.0865 MID:0.08645 P1:0.08645 P2:0.0865 P3:0.0865 P4:0.08645 STATE:IDLE
[2026-06-03 01:07:03Z] CHK MOM:-0.11% RANGE:0.11% UP:14.28% SPREAD:0.11574074% BID:0.0864 ASK:0.0865 MID:0.08645 P1:0.08645 P2:0.0865 P3:0.0865 P4:0.08645 STATE:IDLE
[2026-06-03 01:07:03Z] CHK MOM:-0.11% RANGE:0.11% UP:14.28% SPREAD:0.11574074% BID:0.0864 ASK:0.0865 MID:0.08645 P1:0.08645 P2:0.0865 P3:0.0865 P4:0.08645 STATE:IDLE
[2026-06-03 01:07:04Z] CHK MOM:-0.11% RANGE:0.11% UP:14.28% SPREAD:0.11574074% BID:0.0864 ASK:0.0865 MID:0.08645 P1:0.08645 P2:0.0865 P3:0.0865 P4:0.08645 STATE:IDLE
[2026-06-03 01:07:04Z] CHK MOM:-0.11% RANGE:0.11% UP:14.28% SPREAD:0.11574074% BID:0.0864 ASK:0.0865 MID:0.08645 P1:0.08645 P2:0.0865 P3:0.0865 P4:0.08645 STATE:IDLE
[2026-06-03 01:07:08Z] CHK MOM:0% RANGE:0.05% UP:16.66% SPREAD:0.11574074% BID:0.0864 ASK:0.0865 MID:0.08645 P1:0.08645 P2:0.08645 P3:0.0865 P4:0.0865 STATE:IDLE
[2026-06-03 01:07:09Z] CHK MOM:0.05% RANGE:0.05% UP:40% SPREAD:0.23148148% BID:0.0864 ASK:0.0866 MID:0.0865 P1:0.0865 P2:0.08645 P3:0.08645 P4:0.0865 STATE:IDLE
[2026-06-03 01:07:09Z] CHK MOM:0.05% RANGE:0.05% UP:40% SPREAD:0.23148148% BID:0.0864 ASK:0.0866 MID:0.0865 P1:0.0865 P2:0.08645 P3:0.08645 P4:0.0865 STATE:IDLE
[2026-06-03 01:07:10Z] CHK MOM:0.05% RANGE:0.05% UP:40% SPREAD:0.23148148% BID:0.0864 ASK:0.0866 MID:0.0865 P1:0.0865 P2:0.08645 P3:0.08645 P4:0.0865 STATE:IDLE
[2026-06-03 01:07:10Z] CHK MOM:0.05% RANGE:0.05% UP:40% SPREAD:0.23148148% BID:0.0864 ASK:0.0866 MID:0.0865 P1:0.0865 P2:0.08645 P3:0.08645 P4:0.0865 STATE:IDLE
[2026-06-03 01:07:11Z] CHK MOM:0.05% RANGE:0.05% UP:40% SPREAD:0.23148148% BID:0.0864 ASK:0.0866 MID:0.0865 P1:0.0865 P2:0.08645 P3:0.08645 P4:0.0865 STATE:IDLE
[2026-06-03 01:07:11Z] CHK MOM:0.05% RANGE:0.05% UP:33.33% SPREAD:0.23148148% BID:0.0864 ASK:0.0866 MID:0.0865 P1:0.0865 P2:0.0865 P3:0.08645 P4:0.08645 STATE:IDLE
[2026-06-03 01:07:12Z] CHK MOM:0.05% RANGE:0.05% UP:33.33% SPREAD:0.23148148% BID:0.0864 ASK:0.0866 MID:0.0865 P1:0.0865 P2:0.0865 P3:0.08645 P4:0.08645 STATE:IDLE
[2026-06-03 01:07:12Z] CHK MOM:0.05% RANGE:0.05% UP:33.33% SPREAD:0.23148148% BID:0.0864 ASK:0.0866 MID:0.0865 P1:0.0865 P2:0.0865 P3:0.08645 P4:0.08645 STATE:IDLE
[2026-06-03 01:07:13Z] CHK MOM:0.05% RANGE:0.05% UP:33.33% SPREAD:0.23148148% BID:0.0864 ASK:0.0866 MID:0.0865 P1:0.0865 P2:0.0865 P3:0.08645 P4:0.08645 STATE:IDLE
[2026-06-03 01:07:14Z] CHK MOM:0% RANGE:0.05% UP:25% SPREAD:0.11574074% BID:0.0864 ASK:0.0865 MID:0.08645 P1:0.08645 P2:0.0865 P3:0.0865 P4:0.08645 STATE:IDLE
[2026-06-03 01:07:14Z] CHK MOM:0% RANGE:0.05% UP:25% SPREAD:0.11574074% BID:0.0864 ASK:0.0865 MID:0.08645 P1:0.08645 P2:0.0865 P3:0.0865 P4:0.08645 STATE:IDLE
[2026-06-03 01:07:15Z] CHK MOM:0.11% RANGE:0.11% UP:50% SPREAD:0.11560693% BID:0.0865 ASK:0.0866 MID:0.08654999 P1:0.08654999 P2:0.08645 P3:0.0865 P4:0.0865 STATE:IDLE
[2026-06-03 01:07:15Z] CHK MOM:0.05% RANGE:0.11% UP:40% SPREAD:0.23148148% BID:0.0864 ASK:0.0866 MID:0.0865 P1:0.0865 P2:0.08654999 P3:0.08645 P4:0.0865 STATE:IDLE
[2026-06-03 01:07:16Z] CHK MOM:0% RANGE:0.11% UP:33.33% SPREAD:0.11574074% BID:0.0864 ASK:0.0865 MID:0.08645 P1:0.08645 P2:0.0865 P3:0.08654999 P4:0.08645 STATE:IDLE
[2026-06-03 01:07:16Z] CHK MOM:0% RANGE:0.11% UP:33.33% SPREAD:0.11574074% BID:0.0864 ASK:0.0865 MID:0.08645 P1:0.08645 P2:0.0865 P3:0.08654999 P4:0.08645 STATE:IDLE
[2026-06-03 01:07:17Z] CHK MOM:0% RANGE:0.11% UP:33.33% SPREAD:0.11574074% BID:0.0864 ASK:0.0865 MID:0.08645 P1:0.08645 P2:0.0865 P3:0.08654999 P4:0.08645 STATE:IDLE
[2026-06-03 01:07:17Z] CHK MOM:0% RANGE:0.11% UP:33.33% SPREAD:0.11574074% BID:0.0864 ASK:0.0865 MID:0.08645 P1:0.08645 P2:0.0865 P3:0.08654999 P4:0.08645 STATE:IDLE
[2026-06-03 01:07:18Z] CHK MOM:0% RANGE:0.11% UP:33.33% SPREAD:0.11574074% BID:0.0864 ASK:0.0865 MID:0.08645 P1:0.08645 P2:0.0865 P3:0.08654999 P4:0.08645 STATE:IDLE
[2026-06-03 01:07:18Z] CHK MOM:0% RANGE:0.11% UP:33.33% SPREAD:0.11574074% BID:0.0864 ASK:0.0865 MID:0.08645 P1:0.08645 P2:0.0865 P3:0.08654999 P4:0.08645 STATE:IDLE
[2026-06-03 01:07:19Z] CHK MOM:0.05% RANGE:0.11% UP:42.85% SPREAD:0.23148148% BID:0.0864 ASK:0.0866 MID:0.0865 P1:0.0865 P2:0.08645 P3:0.0865 P4:0.08654999 STATE:IDLE
[2026-06-03 01:07:20Z] CHK MOM:0.11% RANGE:0.11% UP:50% SPREAD:0.11560693% BID:0.0865 ASK:0.0866 MID:0.08654999 P1:0.08654999 P2:0.0865 P3:0.08645 P4:0.0865 STATE:IDLE
[2026-06-03 01:07:20Z] CHK MOM:0.11% RANGE:0.11% UP:50% SPREAD:0.11560693% BID:0.0865 ASK:0.0866 MID:0.08654999 P1:0.08654999 P2:0.0865 P3:0.08645 P4:0.0865 STATE:IDLE
[2026-06-03 01:07:21Z] CHK MOM:-0.05% RANGE:0.11% UP:37.5% SPREAD:0.11574074% BID:0.0864 ASK:0.0865 MID:0.08645 P1:0.08645 P2:0.08654999 P3:0.0865 P4:0.08645 STATE:IDLE
[2026-06-03 01:07:21Z] CHK MOM:-0.05% RANGE:0.11% UP:37.5% SPREAD:0.11574074% BID:0.0864 ASK:0.0865 MID:0.08645 P1:0.08645 P2:0.08654999 P3:0.0865 P4:0.08645 STATE:IDLE
[2026-06-03 01:07:22Z] CHK MOM:-0.05% RANGE:0.11% UP:37.5% SPREAD:0.11574074% BID:0.0864 ASK:0.0865 MID:0.08645 P1:0.08645 P2:0.08654999 P3:0.0865 P4:0.08645 STATE:IDLE
[2026-06-03 01:07:22Z] CHK MOM:-0.05% RANGE:0.11% UP:37.5% SPREAD:0.11574074% BID:0.0864 ASK:0.0865 MID:0.08645 P1:0.08645 P2:0.08654999 P3:0.0865 P4:0.08645 STATE:IDLE
[2026-06-03 01:07:23Z] CHK MOM:-0.05% RANGE:0.11% UP:37.5% SPREAD:0.11574074% BID:0.0864 ASK:0.0865 MID:0.08645 P1:0.08645 P2:0.08654999 P3:0.0865 P4:0.08645 STATE:IDLE
[2026-06-03 01:07:23Z] CHK MOM:-0.05% RANGE:0.11% UP:37.5% SPREAD:0.11574074% BID:0.0864 ASK:0.0865 MID:0.08645 P1:0.08645 P2:0.08654999 P3:0.0865 P4:0.08645 STATE:IDLE
[2026-06-03 01:07:25Z] CHK MOM:0.11% RANGE:0.11% UP:57.14% SPREAD:0.11560693% BID:0.0865 ASK:0.0866 MID:0.08654999 P1:0.08654999 P2:0.08645 P3:0.08654999 P4:0.0865 STATE:IDLE
[2026-06-03 01:07:25Z] CHK MOM:0% RANGE:0.11% UP:50% SPREAD:0.11574074% BID:0.0864 ASK:0.0865 MID:0.08645 P1:0.08645 P2:0.08654999 P3:0.08645 P4:0.08654999 STATE:IDLE
[2026-06-03 01:07:26Z] CHK MOM:0% RANGE:0.11% UP:50% SPREAD:0.11574074% BID:0.0864 ASK:0.0865 MID:0.08645 P1:0.08645 P2:0.08654999 P3:0.08645 P4:0.08654999 STATE:IDLE
[2026-06-03 01:07:26Z] CHK MOM:0% RANGE:0.11% UP:50% SPREAD:0.11574074% BID:0.0864 ASK:0.0865 MID:0.08645 P1:0.08645 P2:0.08654999 P3:0.08645 P4:0.08654999 STATE:IDLE
[2026-06-03 01:07:27Z] CHK MOM:0% RANGE:0.11% UP:50% SPREAD:0.11574074% BID:0.0864 ASK:0.0865 MID:0.08645 P1:0.08645 P2:0.08654999 P3:0.08645 P4:0.08654999 STATE:IDLE
[2026-06-03 01:07:27Z] CHK MOM:0% RANGE:0.11% UP:50% SPREAD:0.11574074% BID:0.0864 ASK:0.0865 MID:0.08645 P1:0.08645 P2:0.08654999 P3:0.08645 P4:0.08654999 STATE:IDLE
[2026-06-03 01:07:31Z] CHK MOM:-0.05% RANGE:0.11% UP:40% SPREAD:0.11574074% BID:0.0864 ASK:0.0865 MID:0.08645 P1:0.08645 P2:0.08645 P3:0.08654999 P4:0.08645 STATE:IDLE
[2026-06-03 01:07:32Z] CHK MOM:-0.05% RANGE:0.11% UP:40% SPREAD:0.11574074% BID:0.0864 ASK:0.0865 MID:0.08645 P1:0.08645 P2:0.08645 P3:0.08654999 P4:0.08645 STATE:IDLE
[2026-06-03 01:07:32Z] CHK MOM:0% RANGE:0.11% UP:25% SPREAD:0.11574074% BID:0.0864 ASK:0.0865 MID:0.08645 P1:0.08645 P2:0.08645 P3:0.08645 P4:0.08654999 STATE:IDLE
[2026-06-03 01:07:33Z] CHK MOM:0% RANGE:0.11% UP:25% SPREAD:0.11574074% BID:0.0864 ASK:0.0865 MID:0.08645 P1:0.08645 P2:0.08645 P3:0.08645 P4:0.08654999 STATE:IDLE
[2026-06-03 01:07:33Z] CHK MOM:-0.11% RANGE:0.11% UP:0% SPREAD:0.11574074% BID:0.0864 ASK:0.0865 MID:0.08645 P1:0.08645 P2:0.08645 P3:0.08645 P4:0.08645 STATE:IDLE
[2026-06-03 01:07:34Z] CHK MOM:-0.11% RANGE:0.11% UP:0% SPREAD:0.11574074% BID:0.0864 ASK:0.0865 MID:0.08645 P1:0.08645 P2:0.08645 P3:0.08645 P4:0.08645 STATE:IDLE
[2026-06-03 01:07:34Z] CHK MOM:-0.11% RANGE:0.11% UP:0% SPREAD:0.11574074% BID:0.0864 ASK:0.0865 MID:0.08645 P1:0.08645 P2:0.08645 P3:0.08645 P4:0.08645 STATE:IDLE
[2026-06-03 01:07:35Z] CHK MOM:-0.11% RANGE:0.11% UP:0% SPREAD:0.11574074% BID:0.0864 ASK:0.0865 MID:0.08645 P1:0.08645 P2:0.08645 P3:0.08645 P4:0.08645 STATE:IDLE
[2026-06-03 01:07:35Z] CHK MOM:-0.11% RANGE:0.11% UP:0% SPREAD:0.11574074% BID:0.0864 ASK:0.0865 MID:0.08645 P1:0.08645 P2:0.08645 P3:0.08645 P4:0.08645 STATE:IDLE
[2026-06-03 01:07:36Z] CHK MOM:-0.11% RANGE:0.11% UP:0% SPREAD:0.11574074% BID:0.0864 ASK:0.0865 MID:0.08645 P1:0.08645 P2:0.08645 P3:0.08645 P4:0.08645 STATE:IDLE
[2026-06-03 01:07:37Z] CHK MOM:-0.11% RANGE:0.11% UP:0% SPREAD:0.11574074% BID:0.0864 ASK:0.0865 MID:0.08645 P1:0.08645 P2:0.08645 P3:0.08645 P4:0.08645 STATE:IDLE
[2026-06-03 01:07:37Z] CHK MOM:0% RANGE:0% UP:0% SPREAD:0.11574074% BID:0.0864 ASK:0.0865 MID:0.08645 P1:0.08645 P2:0.08645 P3:0.08645 P4:0.08645 STATE:IDLE
[2026-06-03 01:07:38Z] CHK MOM:0.05% RANGE:0.05% UP:20% SPREAD:0.23148148% BID:0.0864 ASK:0.0866 MID:0.0865 P1:0.0865 P2:0.08645 P3:0.08645 P4:0.08645 STATE:IDLE
[2026-06-03 01:07:38Z] CHK MOM:0% RANGE:0.05% UP:16.66% SPREAD:0.11574074% BID:0.0864 ASK:0.0865 MID:0.08645 P1:0.08645 P2:0.0865 P3:0.08645 P4:0.08645 STATE:IDLE
[2026-06-03 01:07:39Z] CHK MOM:0% RANGE:0.05% UP:14.28% SPREAD:0.11574074% BID:0.0864 ASK:0.0865 MID:0.08645 P1:0.08645 P2:0.08645 P3:0.0865 P4:0.08645 STATE:IDLE
[2026-06-03 01:07:39Z] CHK MOM:0% RANGE:0.05% UP:14.28% SPREAD:0.11574074% BID:0.0864 ASK:0.0865 MID:0.08645 P1:0.08645 P2:0.08645 P3:0.0865 P4:0.08645 STATE:IDLE
[2026-06-03 01:07:40Z] CHK MOM:0% RANGE:0.05% UP:14.28% SPREAD:0.11574074% BID:0.0864 ASK:0.0865 MID:0.08645 P1:0.08645 P2:0.08645 P3:0.0865 P4:0.08645 STATE:IDLE
[2026-06-03 01:07:40Z] CHK MOM:0.05% RANGE:0.05% UP:25% SPREAD:0.23148148% BID:0.0864 ASK:0.0866 MID:0.0865 P1:0.0865 P2:0.08645 P3:0.08645 P4:0.0865 STATE:IDLE
[2026-06-03 01:07:41Z] CHK MOM:0% RANGE:0.05% UP:22.22% SPREAD:0.11574074% BID:0.0864 ASK:0.0865 MID:0.08645 P1:0.08645 P2:0.0865 P3:0.08645 P4:0.08645 STATE:IDLE
[2026-06-03 01:07:41Z] CHK MOM:0% RANGE:0.05% UP:20% SPREAD:0.11574074% BID:0.0864 ASK:0.0865 MID:0.08645 P1:0.08645 P2:0.08645 P3:0.0865 P4:0.08645 STATE:IDLE
[2026-06-03 01:07:42Z] CHK MOM:0% RANGE:0.05% UP:18.18% SPREAD:0.11574074% BID:0.0864 ASK:0.0865 MID:0.08645 P1:0.08645 P2:0.08645 P3:0.08645 P4:0.0865 STATE:IDLE
[2026-06-03 01:07:43Z] CHK MOM:0% RANGE:0.05% UP:18.18% SPREAD:0.11574074% BID:0.0864 ASK:0.0865 MID:0.08645 P1:0.08645 P2:0.08645 P3:0.08645 P4:0.0865 STATE:IDLE
[2026-06-03 01:07:43Z] CHK MOM:0% RANGE:0.05% UP:18.18% SPREAD:0.11574074% BID:0.0864 ASK:0.0865 MID:0.08645 P1:0.08645 P2:0.08645 P3:0.08645 P4:0.0865 STATE:IDLE
[2026-06-03 01:07:44Z] CHK MOM:0% RANGE:0.05% UP:18.18% SPREAD:0.11574074% BID:0.0864 ASK:0.0865 MID:0.08645 P1:0.08645 P2:0.08645 P3:0.08645 P4:0.08645 STATE:IDLE
[2026-06-03 01:07:44Z] CHK MOM:0% RANGE:0.05% UP:18.18% SPREAD:0.11574074% BID:0.0864 ASK:0.0865 MID:0.08645 P1:0.08645 P2:0.08645 P3:0.08645 P4:0.08645 STATE:IDLE
[2026-06-03 01:07:45Z] CHK MOM:0% RANGE:0.05% UP:18.18% SPREAD:0.11574074% BID:0.0864 ASK:0.0865 MID:0.08645 P1:0.08645 P2:0.08645 P3:0.08645 P4:0.08645 STATE:IDLE
[2026-06-03 01:07:45Z] CHK MOM:0% RANGE:0.05% UP:16.66% SPREAD:0.11574074% BID:0.0864 ASK:0.0865 MID:0.08645 P1:0.08645 P2:0.08645 P3:0.08645 P4:0.08645 STATE:IDLE
[2026-06-03 01:07:46Z] CHK MOM:0% RANGE:0.05% UP:16.66% SPREAD:0.11574074% BID:0.0864 ASK:0.0865 MID:0.08645 P1:0.08645 P2:0.08645 P3:0.08645 P4:0.08645 STATE:IDLE
[2026-06-03 01:07:46Z] CHK MOM:0% RANGE:0.05% UP:16.66% SPREAD:0.11574074% BID:0.0864 ASK:0.0865 MID:0.08645 P1:0.08645 P2:0.08645 P3:0.08645 P4:0.08645 STATE:IDLE
[2026-06-03 01:07:47Z] CHK MOM:0% RANGE:0.05% UP:15.38% SPREAD:0.11574074% BID:0.0864 ASK:0.0865 MID:0.08645 P1:0.08645 P2:0.08645 P3:0.08645 P4:0.08645 STATE:IDLE
[2026-06-03 01:07:48Z] CHK MOM:0% RANGE:0.05% UP:14.28% SPREAD:0.11574074% BID:0.0864 ASK:0.0865 MID:0.08645 P1:0.08645 P2:0.08645 P3:0.08645 P4:0.08645 STATE:IDLE
[2026-06-03 01:07:48Z] CHK MOM:0% RANGE:0.05% UP:14.28% SPREAD:0.11574074% BID:0.0864 ASK:0.0865 MID:0.08645 P1:0.08645 P2:0.08645 P3:0.08645 P4:0.08645 STATE:IDLE
[2026-06-03 01:07:49Z] CHK MOM:-0.11% RANGE:0.17% UP:14.28% SPREAD:0.11587485% BID:0.0863 ASK:0.0864 MID:0.08635 P1:0.08635 P2:0.08645 P3:0.08645 P4:0.08645 STATE:IDLE
[2026-06-03 01:07:49Z] CHK MOM:-0.17% RANGE:0.17% UP:7.14% SPREAD:0.11587485% BID:0.0863 ASK:0.0864 MID:0.08635 P1:0.08635 P2:0.08635 P3:0.08645 P4:0.08645 STATE:IDLE
[2026-06-03 01:07:50Z] CHK MOM:-0.17% RANGE:0.17% UP:7.14% SPREAD:0.11587485% BID:0.0863 ASK:0.0864 MID:0.08635 P1:0.08635 P2:0.08635 P3:0.08645 P4:0.08645 STATE:IDLE
[2026-06-03 01:07:50Z] CHK MOM:-0.11% RANGE:0.17% UP:7.69% SPREAD:0.11587485% BID:0.0863 ASK:0.0864 MID:0.08635 P1:0.08635 P2:0.08635 P3:0.08635 P4:0.08645 STATE:IDLE
[2026-06-03 01:07:51Z] CHK MOM:-0.11% RANGE:0.17% UP:7.14% SPREAD:0.11587485% BID:0.0863 ASK:0.0864 MID:0.08635 P1:0.08635 P2:0.08635 P3:0.08635 P4:0.08635 STATE:IDLE
[2026-06-03 01:07:51Z] CHK MOM:-0.17% RANGE:0.17% UP:0% SPREAD:0.11587485% BID:0.0863 ASK:0.0864 MID:0.08635 P1:0.08635 P2:0.08635 P3:0.08635 P4:0.08635 STATE:IDLE
[2026-06-03 01:07:52Z] CHK MOM:-0.17% RANGE:0.17% UP:0% SPREAD:0.11587485% BID:0.0863 ASK:0.0864 MID:0.08635 P1:0.08635 P2:0.08635 P3:0.08635 P4:0.08635 STATE:IDLE
[2026-06-03 01:07:52Z] CHK MOM:-0.17% RANGE:0.17% UP:0% SPREAD:0.11587485% BID:0.0863 ASK:0.0864 MID:0.08635 P1:0.08635 P2:0.08635 P3:0.08635 P4:0.08635 STATE:IDLE
[2026-06-03 01:07:53Z] CHK MOM:-0.11% RANGE:0.11% UP:0% SPREAD:0.11587485% BID:0.0863 ASK:0.0864 MID:0.08635 P1:0.08635 P2:0.08635 P3:0.08635 P4:0.08635 STATE:IDLE
[2026-06-03 01:07:54Z] CHK MOM:-0.23% RANGE:0.23% UP:0% SPREAD:0.11600928% BID:0.0862 ASK:0.0863 MID:0.08625 P1:0.08625 P2:0.08635 P3:0.08635 P4:0.08635 STATE:IDLE
[2026-06-03 01:07:54Z] CHK MOM:-0.23% RANGE:0.23% UP:0% SPREAD:0.11600928% BID:0.0862 ASK:0.0863 MID:0.08625 P1:0.08625 P2:0.08635 P3:0.08635 P4:0.08635 STATE:IDLE
[2026-06-03 01:07:55Z] CHK MOM:-0.23% RANGE:0.23% UP:0% SPREAD:0.11600928% BID:0.0862 ASK:0.0863 MID:0.08625 P1:0.08625 P2:0.08635 P3:0.08635 P4:0.08635 STATE:IDLE
[2026-06-03 01:07:55Z] CHK MOM:-0.23% RANGE:0.23% UP:0% SPREAD:0.11600928% BID:0.0862 ASK:0.0863 MID:0.08625 P1:0.08625 P2:0.08625 P3:0.08635 P4:0.08635 STATE:IDLE
[2026-06-03 01:07:56Z] CHK MOM:-0.23% RANGE:0.23% UP:0% SPREAD:0.11600928% BID:0.0862 ASK:0.0863 MID:0.08625 P1:0.08625 P2:0.08625 P3:0.08635 P4:0.08635 STATE:IDLE
[2026-06-03 01:07:56Z] CHK MOM:-0.23% RANGE:0.23% UP:0% SPREAD:0.11600928% BID:0.0862 ASK:0.0863 MID:0.08625 P1:0.08625 P2:0.08625 P3:0.08635 P4:0.08635 STATE:IDLE
[2026-06-03 01:07:57Z] CHK MOM:-0.23% RANGE:0.23% UP:0% SPREAD:0.11600928% BID:0.0862 ASK:0.0863 MID:0.08625 P1:0.08625 P2:0.08625 P3:0.08635 P4:0.08635 STATE:IDLE
[2026-06-03 01:07:57Z] CHK MOM:-0.23% RANGE:0.23% UP:0% SPREAD:0.11600928% BID:0.0862 ASK:0.0863 MID:0.08625 P1:0.08625 P2:0.08625 P3:0.08635 P4:0.08635 STATE:IDLE
[2026-06-03 01:07:58Z] CHK MOM:-0.23% RANGE:0.23% UP:0% SPREAD:0.11600928% BID:0.0862 ASK:0.0863 MID:0.08625 P1:0.08625 P2:0.08625 P3:0.08635 P4:0.08635 STATE:IDLE
[2026-06-03 01:08:00Z] CHK MOM:-0.05% RANGE:0.11% UP:12.5% SPREAD:0.23201856% BID:0.0862 ASK:0.0864 MID:0.0863 P1:0.0863 P2:0.08625 P3:0.08625 P4:0.08635 STATE:IDLE
[2026-06-03 01:08:01Z] CHK MOM:-0.11% RANGE:0.11% UP:12.5% SPREAD:0.11600928% BID:0.0862 ASK:0.0863 MID:0.08625 P1:0.08625 P2:0.0863 P3:0.08625 P4:0.08625 STATE:IDLE
[2026-06-03 01:08:01Z] CHK MOM:-0.11% RANGE:0.11% UP:12.5% SPREAD:0.11600928% BID:0.0862 ASK:0.0863 MID:0.08625 P1:0.08625 P2:0.0863 P3:0.08625 P4:0.08625 STATE:IDLE
[2026-06-03 01:08:02Z] CHK MOM:-0.11% RANGE:0.11% UP:12.5% SPREAD:0.11600928% BID:0.0862 ASK:0.0863 MID:0.08625 P1:0.08625 P2:0.0863 P3:0.08625 P4:0.08625 STATE:IDLE
[2026-06-03 01:08:02Z] CHK MOM:-0.05% RANGE:0.11% UP:28.57% SPREAD:0.23201856% BID:0.0862 ASK:0.0864 MID:0.0863 P1:0.0863 P2:0.08625 P3:0.0863 P4:0.08625 STATE:IDLE
[2026-06-03 01:08:03Z] CHK MOM:-0.05% RANGE:0.11% UP:25% SPREAD:0.23201856% BID:0.0862 ASK:0.0864 MID:0.0863 P1:0.0863 P2:0.0863 P3:0.08625 P4:0.0863 STATE:IDLE
[2026-06-03 01:08:03Z] CHK MOM:-0.11% RANGE:0.11% UP:28.57% SPREAD:0.11600928% BID:0.0862 ASK:0.0863 MID:0.08625 P1:0.08625 P2:0.0863 P3:0.0863 P4:0.08625 STATE:IDLE
[2026-06-03 01:08:04Z] CHK MOM:-0.11% RANGE:0.11% UP:28.57% SPREAD:0.11600928% BID:0.0862 ASK:0.0863 MID:0.08625 P1:0.08625 P2:0.0863 P3:0.0863 P4:0.08625 STATE:IDLE
[2026-06-03 01:08:04Z] CHK MOM:-0.11% RANGE:0.11% UP:28.57% SPREAD:0.11600928% BID:0.0862 ASK:0.0863 MID:0.08625 P1:0.08625 P2:0.0863 P3:0.0863 P4:0.08625 STATE:IDLE
[2026-06-03 01:08:05Z] CHK MOM:-0.11% RANGE:0.11% UP:28.57% SPREAD:0.11600928% BID:0.0862 ASK:0.0863 MID:0.08625 P1:0.08625 P2:0.0863 P3:0.0863 P4:0.08625 STATE:IDLE
[2026-06-03 01:08:06Z] CHK MOM:-0.11% RANGE:0.11% UP:28.57% SPREAD:0.11600928% BID:0.0862 ASK:0.0863 MID:0.08625 P1:0.08625 P2:0.0863 P3:0.0863 P4:0.08625 STATE:IDLE
[2026-06-03 01:08:06Z] CHK MOM:0% RANGE:0.05% UP:33.33% SPREAD:0.11600928% BID:0.0862 ASK:0.0863 MID:0.08625 P1:0.08625 P2:0.08625 P3:0.0863 P4:0.0863 STATE:IDLE
[2026-06-03 01:08:07Z] CHK MOM:0% RANGE:0.05% UP:33.33% SPREAD:0.11600928% BID:0.0862 ASK:0.0863 MID:0.08625 P1:0.08625 P2:0.08625 P3:0.0863 P4:0.0863 STATE:IDLE
[2026-06-03 01:08:07Z] CHK MOM:0% RANGE:0.05% UP:33.33% SPREAD:0.11600928% BID:0.0862 ASK:0.0863 MID:0.08625 P1:0.08625 P2:0.08625 P3:0.0863 P4:0.0863 STATE:IDLE
[2026-06-03 01:08:08Z] CHK MOM:0% RANGE:0.05% UP:33.33% SPREAD:0.11600928% BID:0.0862 ASK:0.0863 MID:0.08625 P1:0.08625 P2:0.08625 P3:0.0863 P4:0.0863 STATE:IDLE
[2026-06-03 01:08:08Z] CHK MOM:-0.05% RANGE:0.05% UP:16.66% SPREAD:0.11600928% BID:0.0862 ASK:0.0863 MID:0.08625 P1:0.08625 P2:0.08625 P3:0.08625 P4:0.0863 STATE:IDLE
[2026-06-03 01:08:09Z] CHK MOM:-0.05% RANGE:0.05% UP:16.66% SPREAD:0.11600928% BID:0.0862 ASK:0.0863 MID:0.08625 P1:0.08625 P2:0.08625 P3:0.08625 P4:0.0863 STATE:IDLE
[2026-06-03 01:08:09Z] CHK MOM:-0.05% RANGE:0.05% UP:16.66% SPREAD:0.11600928% BID:0.0862 ASK:0.0863 MID:0.08625 P1:0.08625 P2:0.08625 P3:0.08625 P4:0.0863 STATE:IDLE
[2026-06-03 01:08:10Z] CHK MOM:-0.05% RANGE:0.05% UP:16.66% SPREAD:0.11600928% BID:0.0862 ASK:0.0863 MID:0.08625 P1:0.08625 P2:0.08625 P3:0.08625 P4:0.0863 STATE:IDLE
[2026-06-03 01:08:10Z] CHK MOM:-0.05% RANGE:0.05% UP:16.66% SPREAD:0.11600928% BID:0.0862 ASK:0.0863 MID:0.08625 P1:0.08625 P2:0.08625 P3:0.08625 P4:0.0863 STATE:IDLE
[2026-06-03 01:08:11Z] CHK MOM:-0.05% RANGE:0.05% UP:16.66% SPREAD:0.11600928% BID:0.0862 ASK:0.0863 MID:0.08625 P1:0.08625 P2:0.08625 P3:0.08625 P4:0.0863 STATE:IDLE
[2026-06-03 01:08:17Z] CHK MOM:0% RANGE:0% UP:0% SPREAD:0.11600928% BID:0.0862 ASK:0.0863 MID:0.08625 P1:0.08625 P2:0.08625 P3:0.08625 P4:0.08625 STATE:IDLE
[2026-06-03 01:08:18Z] CHK MOM:0% RANGE:0% UP:0% SPREAD:0.11600928% BID:0.0862 ASK:0.0863 MID:0.08625 P1:0.08625 P2:0.08625 P3:0.08625 P4:0.08625 STATE:IDLE
[2026-06-03 01:08:18Z] CHK MOM:0% RANGE:0% UP:0% SPREAD:0.11600928% BID:0.0862 ASK:0.0863 MID:0.08625 P1:0.08625 P2:0.08625 P3:0.08625 P4:0.08625 STATE:IDLE
[2026-06-03 01:08:19Z] CHK MOM:0% RANGE:0% UP:0% SPREAD:0.11600928% BID:0.0862 ASK:0.0863 MID:0.08625 P1:0.08625 P2:0.08625 P3:0.08625 P4:0.08625 STATE:IDLE
[2026-06-03 01:08:19Z] CHK MOM:0% RANGE:0% UP:0% SPREAD:0.11600928% BID:0.0862 ASK:0.0863 MID:0.08625 P1:0.08625 P2:0.08625 P3:0.08625 P4:0.08625 STATE:IDLE
[2026-06-03 01:08:20Z] CHK MOM:0% RANGE:0% UP:0% SPREAD:0.11600928% BID:0.0862 ASK:0.0863 MID:0.08625 P1:0.08625 P2:0.08625 P3:0.08625 P4:0.08625 STATE:IDLE
[2026-06-03 01:08:20Z] CHK MOM:0% RANGE:0% UP:0% SPREAD:0.11600928% BID:0.0862 ASK:0.0863 MID:0.08625 P1:0.08625 P2:0.08625 P3:0.08625 P4:0.08625 STATE:IDLE
[2026-06-03 01:08:21Z] CHK MOM:0% RANGE:0% UP:0% SPREAD:0.11600928% BID:0.0862 ASK:0.0863 MID:0.08625 P1:0.08625 P2:0.08625 P3:0.08625 P4:0.08625 STATE:IDLE
[2026-06-03 01:08:22Z] CHK MOM:0% RANGE:0% UP:0% SPREAD:0.11600928% BID:0.0862 ASK:0.0863 MID:0.08625 P1:0.08625 P2:0.08625 P3:0.08625 P4:0.08625 STATE:IDLE
[2026-06-03 01:08:23Z] CHK MOM:0% RANGE:0% UP:0% SPREAD:0.11600928% BID:0.0862 ASK:0.0863 MID:0.08625 P1:0.08625 P2:0.08625 P3:0.08625 P4:0.08625 STATE:IDLE
[2026-06-03 01:08:23Z] CHK MOM:0% RANGE:0% UP:0% SPREAD:0.11600928% BID:0.0862 ASK:0.0863 MID:0.08625 P1:0.08625 P2:0.08625 P3:0.08625 P4:0.08625 STATE:IDLE
[2026-06-03 01:08:24Z] CHK MOM:0% RANGE:0% UP:0% SPREAD:0.11600928% BID:0.0862 ASK:0.0863 MID:0.08625 P1:0.08625 P2:0.08625 P3:0.08625 P4:0.08625 STATE:IDLE
[2026-06-03 01:08:24Z] CHK MOM:0% RANGE:0% UP:0% SPREAD:0.11600928% BID:0.0862 ASK:0.0863 MID:0.08625 P1:0.08625 P2:0.08625 P3:0.08625 P4:0.08625 STATE:IDLE
[2026-06-03 01:08:27Z] CHK MOM:0% RANGE:0% UP:0% SPREAD:0.11600928% BID:0.0862 ASK:0.0863 MID:0.08625 P1:0.08625 P2:0.08625 P3:0.08625 P4:0.08625 STATE:IDLE
[2026-06-03 01:08:28Z] CHK MOM:0% RANGE:0% UP:0% SPREAD:0.11600928% BID:0.0862 ASK:0.0863 MID:0.08625 P1:0.08625 P2:0.08625 P3:0.08625 P4:0.08625 STATE:IDLE
[2026-06-03 01:08:28Z] TOKEN_SWITCH old=XPLUSDC new=XLMUSDC source=.service.env
