[2026-05-16 04:41:33Z] SESSION_START symbol=XRPUSDC dry_run=0 profile=major strategy=momentum base_url=https://api.binance.com
[2026-05-16 04:41:33Z] TOXIC_MEMORY_LOADED count=1 symbols=ORDIUSDC
[2026-05-16 04:41:35Z] CHK MOM:0% RANGE:0% UP:0% SPREAD:0.00701852% BID:1.4248 ASK:1.4249 MID:1.42485 P1:1.42485 P2:NA P3:NA P4:NA STATE:IDLE
[2026-05-16 04:41:36Z] CHK MOM:0% RANGE:0% UP:0% SPREAD:0.00701852% BID:1.4248 ASK:1.4249 MID:1.42485 P1:1.42485 P2:1.42485 P3:NA P4:NA STATE:IDLE
[2026-05-16 04:41:36Z] CHK MOM:0% RANGE:0% UP:0% SPREAD:0.00701852% BID:1.4248 ASK:1.4249 MID:1.42485 P1:1.42485 P2:1.42485 P3:NA P4:NA STATE:IDLE
[2026-05-16 04:41:37Z] CHK MOM:-0.01% RANGE:0.01% UP:0% SPREAD:0.01403902% BID:1.4246 ASK:1.4248 MID:1.4247 P1:1.4247 P2:1.42485 P3:1.42485 P4:NA STATE:IDLE
[2026-05-16 04:41:37Z] CHK MOM:-0.02% RANGE:0.02% UP:0% SPREAD:0.00702% BID:1.4245 ASK:1.4246 MID:1.42455 P1:1.42455 P2:1.4247 P3:1.42485 P4:1.42485 STATE:IDLE
[2026-05-16 04:41:38Z] CHK MOM:-0.02% RANGE:0.02% UP:0% SPREAD:0.00702% BID:1.4245 ASK:1.4246 MID:1.42455 P1:1.42455 P2:1.4247 P3:1.42485 P4:1.42485 STATE:IDLE
[2026-05-16 04:41:38Z] CHK MOM:-0.02% RANGE:0.02% UP:0% SPREAD:0.00702% BID:1.4245 ASK:1.4246 MID:1.42455 P1:1.42455 P2:1.4247 P3:1.42485 P4:1.42485 STATE:IDLE
[2026-05-16 04:41:39Z] CHK MOM:-0.04% RANGE:0.04% UP:0% SPREAD:0.00702197% BID:1.4241 ASK:1.4242 MID:1.42415 P1:1.42415 P2:1.42455 P3:1.4247 P4:1.42485 STATE:IDLE
[2026-05-16 04:41:39Z] CHK MOM:-0.04% RANGE:0.04% UP:20% SPREAD:0.00702148% BID:1.4242 ASK:1.4243 MID:1.42424999 P1:1.42424999 P2:1.42415 P3:1.42455 P4:1.4247 STATE:IDLE
[2026-05-16 04:41:40Z] CHK MOM:-0.04% RANGE:0.04% UP:20% SPREAD:0.00702148% BID:1.4242 ASK:1.4243 MID:1.42424999 P1:1.42424999 P2:1.42415 P3:1.42455 P4:1.4247 STATE:IDLE
[2026-05-16 04:41:41Z] CHK MOM:-0.04% RANGE:0.04% UP:20% SPREAD:0.00702148% BID:1.4242 ASK:1.4243 MID:1.42424999 P1:1.42424999 P2:1.42415 P3:1.42455 P4:1.4247 STATE:IDLE
[2026-05-16 04:41:41Z] CHK MOM:-0.04% RANGE:0.04% UP:16.66% SPREAD:0.00702148% BID:1.4242 ASK:1.4243 MID:1.42424999 P1:1.42424999 P2:1.42424999 P3:1.42415 P4:1.42455 STATE:IDLE
[2026-05-16 04:41:42Z] CHK MOM:-0.04% RANGE:0.04% UP:16.66% SPREAD:0.00702148% BID:1.4242 ASK:1.4243 MID:1.42424999 P1:1.42424999 P2:1.42424999 P3:1.42415 P4:1.42455 STATE:IDLE
[2026-05-16 04:41:42Z] CHK MOM:-0.04% RANGE:0.04% UP:16.66% SPREAD:0.00702148% BID:1.4242 ASK:1.4243 MID:1.42424999 P1:1.42424999 P2:1.42424999 P3:1.42415 P4:1.42455 STATE:IDLE
[2026-05-16 04:41:43Z] CHK MOM:-0.04% RANGE:0.04% UP:14.28% SPREAD:0.00702148% BID:1.4242 ASK:1.4243 MID:1.42424999 P1:1.42424999 P2:1.42424999 P3:1.42424999 P4:1.42415 STATE:IDLE
[2026-05-16 04:41:43Z] CHK MOM:-0.04% RANGE:0.04% UP:12.5% SPREAD:0.00702148% BID:1.4242 ASK:1.4243 MID:1.42424999 P1:1.42424999 P2:1.42424999 P3:1.42424999 P4:1.42424999 STATE:IDLE
[2026-05-16 04:41:44Z] CHK MOM:-0.04% RANGE:0.04% UP:11.11% SPREAD:0.00702148% BID:1.4242 ASK:1.4243 MID:1.42424999 P1:1.42424999 P2:1.42424999 P3:1.42424999 P4:1.42424999 STATE:IDLE
[2026-05-16 04:41:44Z] CHK MOM:-0.04% RANGE:0.04% UP:11.11% SPREAD:0.00702148% BID:1.4242 ASK:1.4243 MID:1.42424999 P1:1.42424999 P2:1.42424999 P3:1.42424999 P4:1.42424999 STATE:IDLE
[2026-05-16 04:41:45Z] CHK MOM:-0.04% RANGE:0.04% UP:11.11% SPREAD:0.00702148% BID:1.4242 ASK:1.4243 MID:1.42424999 P1:1.42424999 P2:1.42424999 P3:1.42424999 P4:1.42424999 STATE:IDLE
[2026-05-16 04:41:45Z] CHK MOM:-0.04% RANGE:0.04% UP:10% SPREAD:0.00702148% BID:1.4242 ASK:1.4243 MID:1.42424999 P1:1.42424999 P2:1.42424999 P3:1.42424999 P4:1.42424999 STATE:IDLE
[2026-05-16 04:41:46Z] CHK MOM:-0.04% RANGE:0.04% UP:10% SPREAD:0.00702148% BID:1.4242 ASK:1.4243 MID:1.42424999 P1:1.42424999 P2:1.42424999 P3:1.42424999 P4:1.42424999 STATE:IDLE
[2026-05-16 04:41:47Z] CHK MOM:-0.04% RANGE:0.04% UP:10% SPREAD:0.00702148% BID:1.4242 ASK:1.4243 MID:1.42424999 P1:1.42424999 P2:1.42424999 P3:1.42424999 P4:1.42424999 STATE:IDLE
[2026-05-16 04:41:47Z] CHK MOM:-0.04% RANGE:0.04% UP:10% SPREAD:0.00702148% BID:1.4242 ASK:1.4243 MID:1.42424999 P1:1.42424999 P2:1.42424999 P3:1.42424999 P4:1.42424999 STATE:IDLE
[2026-05-16 04:41:48Z] CHK MOM:-0.04% RANGE:0.04% UP:10% SPREAD:0.00702148% BID:1.4242 ASK:1.4243 MID:1.42424999 P1:1.42424999 P2:1.42424999 P3:1.42424999 P4:1.42424999 STATE:IDLE
[2026-05-16 04:41:49Z] CHK MOM:-0.03% RANGE:0.03% UP:11.11% SPREAD:0.00702148% BID:1.4242 ASK:1.4243 MID:1.42424999 P1:1.42424999 P2:1.42424999 P3:1.42424999 P4:1.42424999 STATE:IDLE
[2026-05-16 04:41:49Z] CHK MOM:-0.02% RANGE:0.02% UP:11.11% SPREAD:0.00702148% BID:1.4242 ASK:1.4243 MID:1.42424999 P1:1.42424999 P2:1.42424999 P3:1.42424999 P4:1.42424999 STATE:IDLE
[2026-05-16 04:41:50Z] CHK MOM:-0.02% RANGE:0.02% UP:11.11% SPREAD:0.00702148% BID:1.4242 ASK:1.4243 MID:1.42424999 P1:1.42424999 P2:1.42424999 P3:1.42424999 P4:1.42424999 STATE:IDLE
[2026-05-16 04:41:50Z] CHK MOM:-0.02% RANGE:0.02% UP:11.11% SPREAD:0.00702148% BID:1.4242 ASK:1.4243 MID:1.42424999 P1:1.42424999 P2:1.42424999 P3:1.42424999 P4:1.42424999 STATE:IDLE
[2026-05-16 04:41:51Z] CHK MOM:0% RANGE:0% UP:11.11% SPREAD:0.00702148% BID:1.4242 ASK:1.4243 MID:1.42424999 P1:1.42424999 P2:1.42424999 P3:1.42424999 P4:1.42424999 STATE:IDLE
[2026-05-16 04:41:52Z] CHK MOM:0% RANGE:0% UP:11.11% SPREAD:0.00702148% BID:1.4242 ASK:1.4243 MID:1.42424999 P1:1.42424999 P2:1.42424999 P3:1.42424999 P4:1.42424999 STATE:IDLE
[2026-05-16 04:41:52Z] CHK MOM:0% RANGE:0% UP:0% SPREAD:0.00702148% BID:1.4242 ASK:1.4243 MID:1.42424999 P1:1.42424999 P2:1.42424999 P3:1.42424999 P4:1.42424999 STATE:IDLE
[2026-05-16 04:41:53Z] CHK MOM:0% RANGE:0% UP:0% SPREAD:0.00702148% BID:1.4242 ASK:1.4243 MID:1.42424999 P1:1.42424999 P2:1.42424999 P3:1.42424999 P4:1.42424999 STATE:IDLE
[2026-05-16 04:41:53Z] CHK MOM:0% RANGE:0% UP:0% SPREAD:0.00702148% BID:1.4242 ASK:1.4243 MID:1.42424999 P1:1.42424999 P2:1.42424999 P3:1.42424999 P4:1.42424999 STATE:IDLE
[2026-05-16 04:41:54Z] CHK MOM:0% RANGE:0% UP:0% SPREAD:0.00702148% BID:1.4242 ASK:1.4243 MID:1.42424999 P1:1.42424999 P2:1.42424999 P3:1.42424999 P4:1.42424999 STATE:IDLE
[2026-05-16 04:41:54Z] CHK MOM:0% RANGE:0% UP:0% SPREAD:0.00702148% BID:1.4242 ASK:1.4243 MID:1.42424999 P1:1.42424999 P2:1.42424999 P3:1.42424999 P4:1.42424999 STATE:IDLE
[2026-05-16 04:41:55Z] CHK MOM:0% RANGE:0% UP:0% SPREAD:0.00702148% BID:1.4242 ASK:1.4243 MID:1.42424999 P1:1.42424999 P2:1.42424999 P3:1.42424999 P4:1.42424999 STATE:IDLE
[2026-05-16 04:41:58Z] CHK MOM:-0.01% RANGE:0.01% UP:0% SPREAD:0.00702247% BID:1.424 ASK:1.4241 MID:1.42404999 P1:1.42404999 P2:1.42424999 P3:1.42424999 P4:1.42424999 STATE:IDLE
[2026-05-16 04:41:58Z] CHK MOM:-0.01% RANGE:0.01% UP:0% SPREAD:0.00702247% BID:1.424 ASK:1.4241 MID:1.42404999 P1:1.42404999 P2:1.42404999 P3:1.42424999 P4:1.42424999 STATE:IDLE
[2026-05-16 04:41:59Z] CHK MOM:-0.01% RANGE:0.01% UP:0% SPREAD:0.00702247% BID:1.424 ASK:1.4241 MID:1.42404999 P1:1.42404999 P2:1.42404999 P3:1.42404999 P4:1.42424999 STATE:IDLE
[2026-05-16 04:41:59Z] CHK MOM:-0.01% RANGE:0.01% UP:0% SPREAD:0.00702247% BID:1.424 ASK:1.4241 MID:1.42404999 P1:1.42404999 P2:1.42404999 P3:1.42404999 P4:1.42404999 STATE:IDLE
[2026-05-16 04:42:00Z] CHK MOM:-0.01% RANGE:0.01% UP:0% SPREAD:0.00702247% BID:1.424 ASK:1.4241 MID:1.42404999 P1:1.42404999 P2:1.42404999 P3:1.42404999 P4:1.42404999 STATE:IDLE
[2026-05-16 04:42:00Z] CHK MOM:-0.01% RANGE:0.01% UP:0% SPREAD:0.00702247% BID:1.424 ASK:1.4241 MID:1.42404999 P1:1.42404999 P2:1.42404999 P3:1.42404999 P4:1.42404999 STATE:IDLE
[2026-05-16 04:42:01Z] CHK MOM:-0.01% RANGE:0.01% UP:0% SPREAD:0.00702247% BID:1.424 ASK:1.4241 MID:1.42404999 P1:1.42404999 P2:1.42404999 P3:1.42404999 P4:1.42404999 STATE:IDLE
[2026-05-16 04:42:01Z] CHK MOM:-0.01% RANGE:0.01% UP:0% SPREAD:0.00702247% BID:1.424 ASK:1.4241 MID:1.42404999 P1:1.42404999 P2:1.42404999 P3:1.42404999 P4:1.42404999 STATE:IDLE
[2026-05-16 04:42:02Z] CHK MOM:-0.01% RANGE:0.01% UP:0% SPREAD:0.00702247% BID:1.424 ASK:1.4241 MID:1.42404999 P1:1.42404999 P2:1.42404999 P3:1.42404999 P4:1.42404999 STATE:IDLE
[2026-05-16 04:42:02Z] CHK MOM:-0.02% RANGE:0.02% UP:0% SPREAD:0.00702296% BID:1.4239 ASK:1.424 MID:1.42395 P1:1.42395 P2:1.42404999 P3:1.42404999 P4:1.42404999 STATE:IDLE
[2026-05-16 04:42:03Z] CHK MOM:-0.02% RANGE:0.02% UP:0% SPREAD:0.00702296% BID:1.4239 ASK:1.424 MID:1.42395 P1:1.42395 P2:1.42404999 P3:1.42404999 P4:1.42404999 STATE:IDLE
[2026-05-16 04:42:03Z] CHK MOM:-0.03% RANGE:0.03% UP:0% SPREAD:0.00702395% BID:1.4237 ASK:1.4238 MID:1.42375 P1:1.42375 P2:1.42395 P3:1.42404999 P4:1.42404999 STATE:IDLE
[2026-05-16 04:42:04Z] CHK MOM:-0.03% RANGE:0.03% UP:0% SPREAD:0.00702395% BID:1.4237 ASK:1.4238 MID:1.42375 P1:1.42375 P2:1.42395 P3:1.42404999 P4:1.42404999 STATE:IDLE
[2026-05-16 04:42:04Z] CHK MOM:-0.03% RANGE:0.03% UP:0% SPREAD:0.00702395% BID:1.4237 ASK:1.4238 MID:1.42375 P1:1.42375 P2:1.42395 P3:1.42404999 P4:1.42404999 STATE:IDLE
[2026-05-16 04:42:05Z] CHK MOM:-0.03% RANGE:0.03% UP:0% SPREAD:0.00702395% BID:1.4237 ASK:1.4238 MID:1.42375 P1:1.42375 P2:1.42395 P3:1.42404999 P4:1.42404999 STATE:IDLE
[2026-05-16 04:42:05Z] CHK MOM:-0.03% RANGE:0.03% UP:0% SPREAD:0.00702395% BID:1.4237 ASK:1.4238 MID:1.42375 P1:1.42375 P2:1.42395 P3:1.42404999 P4:1.42404999 STATE:IDLE
[2026-05-16 04:42:06Z] CHK MOM:-0.03% RANGE:0.03% UP:0% SPREAD:0.00702395% BID:1.4237 ASK:1.4238 MID:1.42375 P1:1.42375 P2:1.42395 P3:1.42404999 P4:1.42404999 STATE:IDLE
[2026-05-16 04:42:06Z] CHK MOM:-0.02% RANGE:0.02% UP:0% SPREAD:0.00702395% BID:1.4237 ASK:1.4238 MID:1.42375 P1:1.42375 P2:1.42375 P3:1.42395 P4:1.42404999 STATE:IDLE
[2026-05-16 04:42:07Z] CHK MOM:-0.02% RANGE:0.02% UP:0% SPREAD:0.00702395% BID:1.4237 ASK:1.4238 MID:1.42375 P1:1.42375 P2:1.42375 P3:1.42395 P4:1.42404999 STATE:IDLE
[2026-05-16 04:42:07Z] CHK MOM:-0.02% RANGE:0.02% UP:0% SPREAD:0.00702395% BID:1.4237 ASK:1.4238 MID:1.42375 P1:1.42375 P2:1.42375 P3:1.42395 P4:1.42404999 STATE:IDLE
[2026-05-16 04:42:08Z] CHK MOM:-0.02% RANGE:0.02% UP:0% SPREAD:0.00702395% BID:1.4237 ASK:1.4238 MID:1.42375 P1:1.42375 P2:1.42375 P3:1.42375 P4:1.42395 STATE:IDLE
[2026-05-16 04:42:09Z] CHK MOM:-0.02% RANGE:0.02% UP:0% SPREAD:0.00702395% BID:1.4237 ASK:1.4238 MID:1.42375 P1:1.42375 P2:1.42375 P3:1.42375 P4:1.42395 STATE:IDLE
[2026-05-16 04:42:09Z] CHK MOM:-0.02% RANGE:0.02% UP:0% SPREAD:0.00702395% BID:1.4237 ASK:1.4238 MID:1.42375 P1:1.42375 P2:1.42375 P3:1.42375 P4:1.42395 STATE:IDLE
[2026-05-16 04:42:10Z] CHK MOM:-0.02% RANGE:0.02% UP:0% SPREAD:0.00702395% BID:1.4237 ASK:1.4238 MID:1.42375 P1:1.42375 P2:1.42375 P3:1.42375 P4:1.42395 STATE:IDLE
[2026-05-16 04:42:10Z] CHK MOM:-0.02% RANGE:0.02% UP:0% SPREAD:0.00702395% BID:1.4237 ASK:1.4238 MID:1.42375 P1:1.42375 P2:1.42375 P3:1.42375 P4:1.42375 STATE:IDLE
[2026-05-16 04:42:11Z] CHK MOM:-0.02% RANGE:0.02% UP:0% SPREAD:0.00702395% BID:1.4237 ASK:1.4238 MID:1.42375 P1:1.42375 P2:1.42375 P3:1.42375 P4:1.42375 STATE:IDLE
[2026-05-16 04:42:11Z] CHK MOM:-0.02% RANGE:0.02% UP:0% SPREAD:0.00702395% BID:1.4237 ASK:1.4238 MID:1.42375 P1:1.42375 P2:1.42375 P3:1.42375 P4:1.42375 STATE:IDLE
[2026-05-16 04:42:12Z] CHK MOM:-0.02% RANGE:0.02% UP:0% SPREAD:0.00702395% BID:1.4237 ASK:1.4238 MID:1.42375 P1:1.42375 P2:1.42375 P3:1.42375 P4:1.42375 STATE:IDLE
[2026-05-16 04:42:12Z] CHK MOM:-0.02% RANGE:0.02% UP:0% SPREAD:0.00702395% BID:1.4237 ASK:1.4238 MID:1.42375 P1:1.42375 P2:1.42375 P3:1.42375 P4:1.42375 STATE:IDLE
[2026-05-16 04:42:13Z] CHK MOM:-0.02% RANGE:0.02% UP:0% SPREAD:0.00702395% BID:1.4237 ASK:1.4238 MID:1.42375 P1:1.42375 P2:1.42375 P3:1.42375 P4:1.42375 STATE:IDLE
[2026-05-16 04:42:14Z] CHK MOM:-0.01% RANGE:0.01% UP:0% SPREAD:0.00702395% BID:1.4237 ASK:1.4238 MID:1.42375 P1:1.42375 P2:1.42375 P3:1.42375 P4:1.42375 STATE:IDLE
[2026-05-16 04:42:14Z] CHK MOM:-0.01% RANGE:0.01% UP:0% SPREAD:0.00702395% BID:1.4237 ASK:1.4238 MID:1.42375 P1:1.42375 P2:1.42375 P3:1.42375 P4:1.42375 STATE:IDLE
[2026-05-16 04:42:15Z] CHK MOM:-0.01% RANGE:0.01% UP:0% SPREAD:0.00702395% BID:1.4237 ASK:1.4238 MID:1.42375 P1:1.42375 P2:1.42375 P3:1.42375 P4:1.42375 STATE:IDLE
[2026-05-16 04:42:15Z] CHK MOM:-0.01% RANGE:0.01% UP:0% SPREAD:0.00702395% BID:1.4237 ASK:1.4238 MID:1.42375 P1:1.42375 P2:1.42375 P3:1.42375 P4:1.42375 STATE:IDLE
[2026-05-16 04:42:16Z] CHK MOM:-0.01% RANGE:0.01% UP:0% SPREAD:0.00702395% BID:1.4237 ASK:1.4238 MID:1.42375 P1:1.42375 P2:1.42375 P3:1.42375 P4:1.42375 STATE:IDLE
[2026-05-16 04:42:17Z] CHK MOM:0% RANGE:0% UP:0% SPREAD:0.00702395% BID:1.4237 ASK:1.4238 MID:1.42375 P1:1.42375 P2:1.42375 P3:1.42375 P4:1.42375 STATE:IDLE
[2026-05-16 04:42:17Z] CHK MOM:0.01% RANGE:0.01% UP:11.11% SPREAD:0.00702296% BID:1.4239 ASK:1.424 MID:1.42395 P1:1.42395 P2:1.42375 P3:1.42375 P4:1.42375 STATE:IDLE
[2026-05-16 04:42:18Z] CHK MOM:0.01% RANGE:0.01% UP:10% SPREAD:0.00702296% BID:1.4239 ASK:1.424 MID:1.42395 P1:1.42395 P2:1.42395 P3:1.42375 P4:1.42375 STATE:IDLE
[2026-05-16 04:42:18Z] CHK MOM:0.01% RANGE:0.01% UP:10% SPREAD:0.00702296% BID:1.4239 ASK:1.424 MID:1.42395 P1:1.42395 P2:1.42395 P3:1.42395 P4:1.42375 STATE:IDLE
[2026-05-16 04:42:19Z] CHK MOM:0.01% RANGE:0.01% UP:9.09% SPREAD:0.00702296% BID:1.4239 ASK:1.424 MID:1.42395 P1:1.42395 P2:1.42395 P3:1.42395 P4:1.42395 STATE:IDLE
[2026-05-16 04:42:20Z] CHK MOM:0.01% RANGE:0.01% UP:9.09% SPREAD:0.00702296% BID:1.4239 ASK:1.424 MID:1.42395 P1:1.42395 P2:1.42395 P3:1.42395 P4:1.42395 STATE:IDLE
[2026-05-16 04:42:20Z] CHK MOM:0.01% RANGE:0.01% UP:8.33% SPREAD:0.00702296% BID:1.4239 ASK:1.424 MID:1.42395 P1:1.42395 P2:1.42395 P3:1.42395 P4:1.42395 STATE:IDLE
[2026-05-16 04:42:21Z] CHK MOM:0.01% RANGE:0.01% UP:7.69% SPREAD:0.00702296% BID:1.4239 ASK:1.424 MID:1.42395 P1:1.42395 P2:1.42395 P3:1.42395 P4:1.42395 STATE:IDLE
[2026-05-16 04:42:21Z] CHK MOM:0.01% RANGE:0.01% UP:7.69% SPREAD:0.00702296% BID:1.4239 ASK:1.424 MID:1.42395 P1:1.42395 P2:1.42395 P3:1.42395 P4:1.42395 STATE:IDLE
[2026-05-16 04:42:22Z] CHK MOM:0.01% RANGE:0.01% UP:7.69% SPREAD:0.00702296% BID:1.4239 ASK:1.424 MID:1.42395 P1:1.42395 P2:1.42395 P3:1.42395 P4:1.42395 STATE:IDLE
[2026-05-16 04:42:22Z] CHK MOM:0.01% RANGE:0.01% UP:7.69% SPREAD:0.00702296% BID:1.4239 ASK:1.424 MID:1.42395 P1:1.42395 P2:1.42395 P3:1.42395 P4:1.42395 STATE:IDLE
[2026-05-16 04:42:23Z] CHK MOM:0% RANGE:0.02% UP:8.33% SPREAD:0.00702444% BID:1.4236 ASK:1.4237 MID:1.42364999 P1:1.42364999 P2:1.42395 P3:1.42395 P4:1.42395 STATE:IDLE
[2026-05-16 04:42:23Z] CHK MOM:0% RANGE:0.02% UP:8.33% SPREAD:0.00702444% BID:1.4236 ASK:1.4237 MID:1.42364999 P1:1.42364999 P2:1.42395 P3:1.42395 P4:1.42395 STATE:IDLE
[2026-05-16 04:42:24Z] CHK MOM:0% RANGE:0.02% UP:8.33% SPREAD:0.00702444% BID:1.4236 ASK:1.4237 MID:1.42364999 P1:1.42364999 P2:1.42395 P3:1.42395 P4:1.42395 STATE:IDLE
[2026-05-16 04:42:25Z] CHK MOM:0% RANGE:0.02% UP:8.33% SPREAD:0.00702444% BID:1.4236 ASK:1.4237 MID:1.42364999 P1:1.42364999 P2:1.42395 P3:1.42395 P4:1.42395 STATE:IDLE
[2026-05-16 04:42:25Z] CHK MOM:0% RANGE:0.02% UP:10% SPREAD:0.00702444% BID:1.4236 ASK:1.4237 MID:1.42364999 P1:1.42364999 P2:1.42364999 P3:1.42395 P4:1.42395 STATE:IDLE
[2026-05-16 04:42:26Z] CHK MOM:0% RANGE:0.02% UP:10% SPREAD:0.00702444% BID:1.4236 ASK:1.4237 MID:1.42364999 P1:1.42364999 P2:1.42364999 P3:1.42364999 P4:1.42395 STATE:IDLE
[2026-05-16 04:42:26Z] CHK MOM:0% RANGE:0.02% UP:9.09% SPREAD:0.00702444% BID:1.4236 ASK:1.4237 MID:1.42364999 P1:1.42364999 P2:1.42364999 P3:1.42364999 P4:1.42364999 STATE:IDLE
[2026-05-16 04:42:27Z] CHK MOM:0% RANGE:0.02% UP:8.33% SPREAD:0.00702444% BID:1.4236 ASK:1.4237 MID:1.42364999 P1:1.42364999 P2:1.42364999 P3:1.42364999 P4:1.42364999 STATE:IDLE
[2026-05-16 04:42:27Z] CHK MOM:-0.07% RANGE:0.08% UP:7.69% SPREAD:0.00702888% BID:1.4227 ASK:1.4228 MID:1.42275 P1:1.42275 P2:1.42364999 P3:1.42364999 P4:1.42364999 STATE:IDLE
[2026-05-16 04:42:28Z] CHK MOM:-0.07% RANGE:0.08% UP:7.14% SPREAD:0.00702888% BID:1.4227 ASK:1.4228 MID:1.42275 P1:1.42275 P2:1.42275 P3:1.42364999 P4:1.42364999 STATE:IDLE
[2026-05-16 04:42:28Z] CHK MOM:-0.08% RANGE:0.09% UP:6.66% SPREAD:0.00702987% BID:1.4225 ASK:1.4226 MID:1.42255 P1:1.42255 P2:1.42275 P3:1.42275 P4:1.42364999 STATE:IDLE
[2026-05-16 04:42:29Z] CHK MOM:-0.1% RANGE:0.1% UP:0% SPREAD:0.00703037% BID:1.4224 ASK:1.4225 MID:1.42245 P1:1.42245 P2:1.42255 P3:1.42275 P4:1.42275 STATE:IDLE
[2026-05-16 04:42:29Z] CHK MOM:-0.1% RANGE:0.1% UP:0% SPREAD:0.00703037% BID:1.4224 ASK:1.4225 MID:1.42245 P1:1.42245 P2:1.42245 P3:1.42255 P4:1.42275 STATE:IDLE
[2026-05-16 04:42:30Z] CHK MOM:-0.11% RANGE:0.11% UP:0% SPREAD:0.00703086% BID:1.4223 ASK:1.4224 MID:1.42235 P1:1.42235 P2:1.42245 P3:1.42245 P4:1.42255 STATE:IDLE
[2026-05-16 04:42:31Z] CHK MOM:-0.09% RANGE:0.11% UP:7.14% SPREAD:0.00702938% BID:1.4226 ASK:1.4227 MID:1.42265 P1:1.42265 P2:1.42235 P3:1.42245 P4:1.42245 STATE:IDLE
[2026-05-16 04:42:31Z] CHK MOM:-0.08% RANGE:0.11% UP:13.33% SPREAD:0.00702888% BID:1.4227 ASK:1.4228 MID:1.42275 P1:1.42275 P2:1.42265 P3:1.42235 P4:1.42245 STATE:IDLE
[2026-05-16 04:42:32Z] CHK MOM:-0.09% RANGE:0.11% UP:13.33% SPREAD:0.00702938% BID:1.4226 ASK:1.4227 MID:1.42265 P1:1.42265 P2:1.42275 P3:1.42265 P4:1.42235 STATE:IDLE
[2026-05-16 04:42:32Z] CHK MOM:-0.09% RANGE:0.11% UP:12.5% SPREAD:0.00702938% BID:1.4226 ASK:1.4227 MID:1.42265 P1:1.42265 P2:1.42265 P3:1.42275 P4:1.42265 STATE:IDLE
[2026-05-16 04:42:33Z] CHK MOM:-0.09% RANGE:0.11% UP:12.5% SPREAD:0.00702938% BID:1.4226 ASK:1.4227 MID:1.42265 P1:1.42265 P2:1.42265 P3:1.42275 P4:1.42265 STATE:IDLE
[2026-05-16 04:42:33Z] CHK MOM:-0.09% RANGE:0.11% UP:12.5% SPREAD:0.00702938% BID:1.4226 ASK:1.4227 MID:1.42265 P1:1.42265 P2:1.42265 P3:1.42275 P4:1.42265 STATE:IDLE
[2026-05-16 04:42:34Z] CHK MOM:-0.07% RANGE:0.09% UP:13.33% SPREAD:0.00702938% BID:1.4226 ASK:1.4227 MID:1.42265 P1:1.42265 P2:1.42265 P3:1.42265 P4:1.42275 STATE:IDLE
[2026-05-16 04:42:34Z] CHK MOM:-0.07% RANGE:0.09% UP:12.5% SPREAD:0.00702938% BID:1.4226 ASK:1.4227 MID:1.42265 P1:1.42265 P2:1.42265 P3:1.42265 P4:1.42265 STATE:IDLE
[2026-05-16 04:42:35Z] CHK MOM:-0.07% RANGE:0.09% UP:12.5% SPREAD:0.00702938% BID:1.4226 ASK:1.4227 MID:1.42265 P1:1.42265 P2:1.42265 P3:1.42265 P4:1.42265 STATE:IDLE
[2026-05-16 04:42:36Z] CHK MOM:-0.07% RANGE:0.09% UP:12.5% SPREAD:0.00702938% BID:1.4226 ASK:1.4227 MID:1.42265 P1:1.42265 P2:1.42265 P3:1.42265 P4:1.42265 STATE:IDLE
[2026-05-16 04:42:36Z] CHK MOM:-0.07% RANGE:0.09% UP:12.5% SPREAD:0.00702987% BID:1.4225 ASK:1.4226 MID:1.42255 P1:1.42255 P2:1.42265 P3:1.42265 P4:1.42265 STATE:IDLE
[2026-05-16 04:42:37Z] CHK MOM:-0.08% RANGE:0.09% UP:11.76% SPREAD:0.00703037% BID:1.4224 ASK:1.4225 MID:1.42245 P1:1.42245 P2:1.42255 P3:1.42265 P4:1.42265 STATE:IDLE
[2026-05-16 04:42:37Z] CHK MOM:-0.08% RANGE:0.09% UP:11.76% SPREAD:0.00703037% BID:1.4224 ASK:1.4225 MID:1.42245 P1:1.42245 P2:1.42245 P3:1.42255 P4:1.42265 STATE:IDLE
[2026-05-16 04:42:38Z] CHK MOM:-0.07% RANGE:0.09% UP:17.64% SPREAD:0.00702938% BID:1.4226 ASK:1.4227 MID:1.42265 P1:1.42265 P2:1.42245 P3:1.42245 P4:1.42255 STATE:IDLE
[2026-05-16 04:42:38Z] CHK MOM:-0.07% RANGE:0.09% UP:17.64% SPREAD:0.00702938% BID:1.4226 ASK:1.4227 MID:1.42265 P1:1.42265 P2:1.42245 P3:1.42245 P4:1.42255 STATE:IDLE
[2026-05-16 04:42:39Z] CHK MOM:0% RANGE:0.02% UP:18.75% SPREAD:0.00702938% BID:1.4226 ASK:1.4227 MID:1.42265 P1:1.42265 P2:1.42265 P3:1.42245 P4:1.42245 STATE:IDLE
[2026-05-16 04:42:39Z] CHK MOM:0% RANGE:0.02% UP:17.64% SPREAD:0.00702938% BID:1.4226 ASK:1.4227 MID:1.42265 P1:1.42265 P2:1.42265 P3:1.42265 P4:1.42245 STATE:IDLE
[2026-05-16 04:42:40Z] CHK MOM:0% RANGE:0.02% UP:17.64% SPREAD:0.00702938% BID:1.4226 ASK:1.4227 MID:1.42265 P1:1.42265 P2:1.42265 P3:1.42265 P4:1.42245 STATE:IDLE
[2026-05-16 04:42:40Z] CHK MOM:0% RANGE:0.02% UP:17.64% SPREAD:0.00702938% BID:1.4226 ASK:1.4227 MID:1.42265 P1:1.42265 P2:1.42265 P3:1.42265 P4:1.42245 STATE:IDLE
[2026-05-16 04:42:41Z] CHK MOM:0.02% RANGE:0.03% UP:26.66% SPREAD:0.00702839% BID:1.4228 ASK:1.4229 MID:1.42285 P1:1.42285 P2:1.42265 P3:1.42265 P4:1.42265 STATE:IDLE
[2026-05-16 04:42:42Z] CHK MOM:0.02% RANGE:0.03% UP:26.66% SPREAD:0.00702839% BID:1.4228 ASK:1.4229 MID:1.42285 P1:1.42285 P2:1.42285 P3:1.42265 P4:1.42265 STATE:IDLE
[2026-05-16 04:42:42Z] CHK MOM:0.01% RANGE:0.02% UP:21.42% SPREAD:0.00702839% BID:1.4228 ASK:1.4229 MID:1.42285 P1:1.42285 P2:1.42285 P3:1.42285 P4:1.42265 STATE:IDLE
[2026-05-16 04:42:43Z] CHK MOM:0.01% RANGE:0.02% UP:20% SPREAD:0.00702839% BID:1.4228 ASK:1.4229 MID:1.42285 P1:1.42285 P2:1.42285 P3:1.42285 P4:1.42285 STATE:IDLE
[2026-05-16 04:42:43Z] CHK MOM:0.01% RANGE:0.02% UP:20% SPREAD:0.00702839% BID:1.4228 ASK:1.4229 MID:1.42285 P1:1.42285 P2:1.42285 P3:1.42285 P4:1.42285 STATE:IDLE
[2026-05-16 04:42:44Z] CHK MOM:0.01% RANGE:0.02% UP:20% SPREAD:0.00702839% BID:1.4228 ASK:1.4229 MID:1.42285 P1:1.42285 P2:1.42285 P3:1.42285 P4:1.42285 STATE:IDLE
[2026-05-16 04:42:44Z] CHK MOM:0.01% RANGE:0.02% UP:20% SPREAD:0.00702839% BID:1.4228 ASK:1.4229 MID:1.42285 P1:1.42285 P2:1.42285 P3:1.42285 P4:1.42285 STATE:IDLE
[2026-05-16 04:42:45Z] CHK MOM:0.01% RANGE:0.02% UP:16.66% SPREAD:0.00702839% BID:1.4228 ASK:1.4229 MID:1.42285 P1:1.42285 P2:1.42285 P3:1.42285 P4:1.42285 STATE:IDLE
[2026-05-16 04:42:45Z] CHK MOM:0.01% RANGE:0.02% UP:15.38% SPREAD:0.00702839% BID:1.4228 ASK:1.4229 MID:1.42285 P1:1.42285 P2:1.42285 P3:1.42285 P4:1.42285 STATE:IDLE
[2026-05-16 04:42:46Z] CHK MOM:0.01% RANGE:0.02% UP:15.38% SPREAD:0.00702839% BID:1.4228 ASK:1.4229 MID:1.42285 P1:1.42285 P2:1.42285 P3:1.42285 P4:1.42285 STATE:IDLE
[2026-05-16 04:42:47Z] CHK MOM:0.01% RANGE:0.02% UP:15.38% SPREAD:0.00702839% BID:1.4228 ASK:1.4229 MID:1.42285 P1:1.42285 P2:1.42285 P3:1.42285 P4:1.42285 STATE:IDLE
[2026-05-16 04:42:47Z] CHK MOM:0.02% RANGE:0.02% UP:16.66% SPREAD:0.00702839% BID:1.4228 ASK:1.4229 MID:1.42285 P1:1.42285 P2:1.42285 P3:1.42285 P4:1.42285 STATE:IDLE
[2026-05-16 04:42:48Z] CHK MOM:0.02% RANGE:0.02% UP:16.66% SPREAD:0.00702839% BID:1.4228 ASK:1.4229 MID:1.42285 P1:1.42285 P2:1.42285 P3:1.42285 P4:1.42285 STATE:IDLE
[2026-05-16 04:42:48Z] CHK MOM:0.02% RANGE:0.02% UP:15.38% SPREAD:0.00702839% BID:1.4228 ASK:1.4229 MID:1.42285 P1:1.42285 P2:1.42285 P3:1.42285 P4:1.42285 STATE:IDLE
[2026-05-16 04:42:49Z] CHK MOM:0.02% RANGE:0.02% UP:15.38% SPREAD:0.00702839% BID:1.4228 ASK:1.4229 MID:1.42285 P1:1.42285 P2:1.42285 P3:1.42285 P4:1.42285 STATE:IDLE
[2026-05-16 04:42:49Z] CHK MOM:0.02% RANGE:0.02% UP:15.38% SPREAD:0.00702839% BID:1.4228 ASK:1.4229 MID:1.42285 P1:1.42285 P2:1.42285 P3:1.42285 P4:1.42285 STATE:IDLE
[2026-05-16 04:42:50Z] CHK MOM:0.02% RANGE:0.02% UP:15.38% SPREAD:0.00702839% BID:1.4228 ASK:1.4229 MID:1.42285 P1:1.42285 P2:1.42285 P3:1.42285 P4:1.42285 STATE:IDLE
[2026-05-16 04:42:50Z] CHK MOM:0.01% RANGE:0.01% UP:9.09% SPREAD:0.00702839% BID:1.4228 ASK:1.4229 MID:1.42285 P1:1.42285 P2:1.42285 P3:1.42285 P4:1.42285 STATE:IDLE
[2026-05-16 04:42:51Z] CHK MOM:0.01% RANGE:0.01% UP:9.09% SPREAD:0.00702839% BID:1.4228 ASK:1.4229 MID:1.42285 P1:1.42285 P2:1.42285 P3:1.42285 P4:1.42285 STATE:IDLE
[2026-05-16 04:42:51Z] CHK MOM:0% RANGE:0% UP:0% SPREAD:0.00702839% BID:1.4228 ASK:1.4229 MID:1.42285 P1:1.42285 P2:1.42285 P3:1.42285 P4:1.42285 STATE:IDLE
[2026-05-16 04:42:52Z] CHK MOM:0% RANGE:0% UP:0% SPREAD:0.00702839% BID:1.4228 ASK:1.4229 MID:1.42285 P1:1.42285 P2:1.42285 P3:1.42285 P4:1.42285 STATE:IDLE
[2026-05-16 04:42:53Z] CHK MOM:0% RANGE:0% UP:0% SPREAD:0.00702839% BID:1.4228 ASK:1.4229 MID:1.42285 P1:1.42285 P2:1.42285 P3:1.42285 P4:1.42285 STATE:IDLE
[2026-05-16 04:42:53Z] CHK MOM:0% RANGE:0% UP:0% SPREAD:0.00702839% BID:1.4228 ASK:1.4229 MID:1.42285 P1:1.42285 P2:1.42285 P3:1.42285 P4:1.42285 STATE:IDLE
[2026-05-16 04:42:54Z] CHK MOM:0% RANGE:0% UP:0% SPREAD:0.00702839% BID:1.4228 ASK:1.4229 MID:1.42285 P1:1.42285 P2:1.42285 P3:1.42285 P4:1.42285 STATE:IDLE
[2026-05-16 04:42:54Z] CHK MOM:0% RANGE:0% UP:0% SPREAD:0.00702839% BID:1.4228 ASK:1.4229 MID:1.42285 P1:1.42285 P2:1.42285 P3:1.42285 P4:1.42285 STATE:IDLE
[2026-05-16 04:42:55Z] CHK MOM:0% RANGE:0% UP:0% SPREAD:0.00702839% BID:1.4228 ASK:1.4229 MID:1.42285 P1:1.42285 P2:1.42285 P3:1.42285 P4:1.42285 STATE:IDLE
[2026-05-16 04:42:55Z] CHK MOM:0% RANGE:0% UP:0% SPREAD:0.00702839% BID:1.4228 ASK:1.4229 MID:1.42285 P1:1.42285 P2:1.42285 P3:1.42285 P4:1.42285 STATE:IDLE
[2026-05-16 04:42:56Z] CHK MOM:0% RANGE:0% UP:0% SPREAD:0.00702839% BID:1.4228 ASK:1.4229 MID:1.42285 P1:1.42285 P2:1.42285 P3:1.42285 P4:1.42285 STATE:IDLE
[2026-05-16 04:42:56Z] CHK MOM:0% RANGE:0% UP:0% SPREAD:0.00702839% BID:1.4228 ASK:1.4229 MID:1.42285 P1:1.42285 P2:1.42285 P3:1.42285 P4:1.42285 STATE:IDLE
[2026-05-16 04:42:57Z] CHK MOM:0% RANGE:0% UP:0% SPREAD:0.00702839% BID:1.4228 ASK:1.4229 MID:1.42285 P1:1.42285 P2:1.42285 P3:1.42285 P4:1.42285 STATE:IDLE
[2026-05-16 04:42:58Z] CHK MOM:0% RANGE:0% UP:0% SPREAD:0.00702839% BID:1.4228 ASK:1.4229 MID:1.42285 P1:1.42285 P2:1.42285 P3:1.42285 P4:1.42285 STATE:IDLE
[2026-05-16 04:42:58Z] CHK MOM:0% RANGE:0% UP:0% SPREAD:0.00702839% BID:1.4228 ASK:1.4229 MID:1.42285 P1:1.42285 P2:1.42285 P3:1.42285 P4:1.42285 STATE:IDLE
[2026-05-16 04:42:59Z] CHK MOM:0% RANGE:0% UP:0% SPREAD:0.00702839% BID:1.4228 ASK:1.4229 MID:1.42285 P1:1.42285 P2:1.42285 P3:1.42285 P4:1.42285 STATE:IDLE
[2026-05-16 04:42:59Z] CHK MOM:0% RANGE:0% UP:0% SPREAD:0.00702839% BID:1.4228 ASK:1.4229 MID:1.42285 P1:1.42285 P2:1.42285 P3:1.42285 P4:1.42285 STATE:IDLE
[2026-05-16 04:43:00Z] CHK MOM:0% RANGE:0% UP:0% SPREAD:0.00702839% BID:1.4228 ASK:1.4229 MID:1.42285 P1:1.42285 P2:1.42285 P3:1.42285 P4:1.42285 STATE:IDLE
[2026-05-16 04:43:00Z] CHK MOM:0% RANGE:0% UP:0% SPREAD:0.00702839% BID:1.4228 ASK:1.4229 MID:1.42285 P1:1.42285 P2:1.42285 P3:1.42285 P4:1.42285 STATE:IDLE
[2026-05-16 04:43:01Z] CHK MOM:0% RANGE:0% UP:0% SPREAD:0.00702839% BID:1.4228 ASK:1.4229 MID:1.42285 P1:1.42285 P2:1.42285 P3:1.42285 P4:1.42285 STATE:IDLE
[2026-05-16 04:43:01Z] CHK MOM:0% RANGE:0% UP:0% SPREAD:0.00702839% BID:1.4228 ASK:1.4229 MID:1.42285 P1:1.42285 P2:1.42285 P3:1.42285 P4:1.42285 STATE:IDLE
[2026-05-16 04:43:02Z] CHK MOM:0% RANGE:0% UP:0% SPREAD:0.00702839% BID:1.4228 ASK:1.4229 MID:1.42285 P1:1.42285 P2:1.42285 P3:1.42285 P4:1.42285 STATE:IDLE
[2026-05-16 04:43:02Z] CHK MOM:0% RANGE:0% UP:0% SPREAD:0.00702839% BID:1.4228 ASK:1.4229 MID:1.42285 P1:1.42285 P2:1.42285 P3:1.42285 P4:1.42285 STATE:IDLE
[2026-05-16 04:43:03Z] CHK MOM:0% RANGE:0% UP:0% SPREAD:0.00702839% BID:1.4228 ASK:1.4229 MID:1.42285 P1:1.42285 P2:1.42285 P3:1.42285 P4:1.42285 STATE:IDLE
[2026-05-16 04:43:04Z] CHK MOM:0% RANGE:0% UP:0% SPREAD:0.00702839% BID:1.4228 ASK:1.4229 MID:1.42285 P1:1.42285 P2:1.42285 P3:1.42285 P4:1.42285 STATE:IDLE
[2026-05-16 04:43:04Z] CHK MOM:0% RANGE:0% UP:0% SPREAD:0.00702839% BID:1.4228 ASK:1.4229 MID:1.42285 P1:1.42285 P2:1.42285 P3:1.42285 P4:1.42285 STATE:IDLE
[2026-05-16 04:43:05Z] CHK MOM:0% RANGE:0% UP:0% SPREAD:0.00702839% BID:1.4228 ASK:1.4229 MID:1.42285 P1:1.42285 P2:1.42285 P3:1.42285 P4:1.42285 STATE:IDLE
[2026-05-16 04:43:05Z] CHK MOM:0% RANGE:0% UP:0% SPREAD:0.00702839% BID:1.4228 ASK:1.4229 MID:1.42285 P1:1.42285 P2:1.42285 P3:1.42285 P4:1.42285 STATE:IDLE
[2026-05-16 04:43:06Z] CHK MOM:0% RANGE:0% UP:0% SPREAD:0.00702839% BID:1.4228 ASK:1.4229 MID:1.42285 P1:1.42285 P2:1.42285 P3:1.42285 P4:1.42285 STATE:IDLE
[2026-05-16 04:43:06Z] CHK MOM:0% RANGE:0% UP:0% SPREAD:0.00702839% BID:1.4228 ASK:1.4229 MID:1.42285 P1:1.42285 P2:1.42285 P3:1.42285 P4:1.42285 STATE:IDLE
[2026-05-16 04:43:07Z] CHK MOM:0% RANGE:0% UP:0% SPREAD:0.00702839% BID:1.4228 ASK:1.4229 MID:1.42285 P1:1.42285 P2:1.42285 P3:1.42285 P4:1.42285 STATE:IDLE
[2026-05-16 04:43:07Z] CHK MOM:0% RANGE:0% UP:0% SPREAD:0.00702839% BID:1.4228 ASK:1.4229 MID:1.42285 P1:1.42285 P2:1.42285 P3:1.42285 P4:1.42285 STATE:IDLE
[2026-05-16 04:43:08Z] CHK MOM:0% RANGE:0% UP:0% SPREAD:0.00702839% BID:1.4228 ASK:1.4229 MID:1.42285 P1:1.42285 P2:1.42285 P3:1.42285 P4:1.42285 STATE:IDLE
[2026-05-16 04:43:09Z] CHK MOM:0% RANGE:0% UP:0% SPREAD:0.00702839% BID:1.4228 ASK:1.4229 MID:1.42285 P1:1.42285 P2:1.42285 P3:1.42285 P4:1.42285 STATE:IDLE
[2026-05-16 04:43:09Z] CHK MOM:0% RANGE:0% UP:0% SPREAD:0.00702839% BID:1.4228 ASK:1.4229 MID:1.42285 P1:1.42285 P2:1.42285 P3:1.42285 P4:1.42285 STATE:IDLE
[2026-05-16 04:43:10Z] CHK MOM:0% RANGE:0% UP:0% SPREAD:0.00702839% BID:1.4228 ASK:1.4229 MID:1.42285 P1:1.42285 P2:1.42285 P3:1.42285 P4:1.42285 STATE:IDLE
[2026-05-16 04:43:10Z] CHK MOM:0% RANGE:0% UP:0% SPREAD:0.00702839% BID:1.4228 ASK:1.4229 MID:1.42285 P1:1.42285 P2:1.42285 P3:1.42285 P4:1.42285 STATE:IDLE
[2026-05-16 04:43:11Z] CHK MOM:0% RANGE:0% UP:0% SPREAD:0.00702839% BID:1.4228 ASK:1.4229 MID:1.42285 P1:1.42285 P2:1.42285 P3:1.42285 P4:1.42285 STATE:IDLE
[2026-05-16 04:43:11Z] CHK MOM:0% RANGE:0% UP:0% SPREAD:0.00702839% BID:1.4228 ASK:1.4229 MID:1.42285 P1:1.42285 P2:1.42285 P3:1.42285 P4:1.42285 STATE:IDLE
[2026-05-16 04:43:12Z] CHK MOM:0% RANGE:0% UP:0% SPREAD:0.00702839% BID:1.4228 ASK:1.4229 MID:1.42285 P1:1.42285 P2:1.42285 P3:1.42285 P4:1.42285 STATE:IDLE
[2026-05-16 04:43:12Z] CHK MOM:0% RANGE:0% UP:0% SPREAD:0.00702839% BID:1.4228 ASK:1.4229 MID:1.42285 P1:1.42285 P2:1.42285 P3:1.42285 P4:1.42285 STATE:IDLE
[2026-05-16 04:43:13Z] CHK MOM:0% RANGE:0% UP:0% SPREAD:0.00702839% BID:1.4228 ASK:1.4229 MID:1.42285 P1:1.42285 P2:1.42285 P3:1.42285 P4:1.42285 STATE:IDLE
[2026-05-16 04:43:13Z] CHK MOM:0% RANGE:0% UP:0% SPREAD:0.00702839% BID:1.4228 ASK:1.4229 MID:1.42285 P1:1.42285 P2:1.42285 P3:1.42285 P4:1.42285 STATE:IDLE
[2026-05-16 04:43:14Z] CHK MOM:0% RANGE:0% UP:0% SPREAD:0.00702839% BID:1.4228 ASK:1.4229 MID:1.42285 P1:1.42285 P2:1.42285 P3:1.42285 P4:1.42285 STATE:IDLE
[2026-05-16 04:43:15Z] CHK MOM:0% RANGE:0% UP:20% SPREAD:0.0070279% BID:1.4229 ASK:1.423 MID:1.42295 P1:1.42295 P2:1.42285 P3:1.42285 P4:1.42285 STATE:IDLE
[2026-05-16 04:43:15Z] CHK MOM:0% RANGE:0% UP:16.66% SPREAD:0.0070279% BID:1.4229 ASK:1.423 MID:1.42295 P1:1.42295 P2:1.42295 P3:1.42285 P4:1.42285 STATE:IDLE
[2026-05-16 04:43:16Z] CHK MOM:0% RANGE:0% UP:16.66% SPREAD:0.0070279% BID:1.4229 ASK:1.423 MID:1.42295 P1:1.42295 P2:1.42295 P3:1.42285 P4:1.42285 STATE:IDLE
[2026-05-16 04:43:16Z] CHK MOM:0% RANGE:0% UP:14.28% SPREAD:0.00702839% BID:1.4228 ASK:1.4229 MID:1.42285 P1:1.42285 P2:1.42295 P3:1.42295 P4:1.42285 STATE:IDLE
[2026-05-16 04:43:17Z] CHK MOM:0% RANGE:0% UP:12.5% SPREAD:0.00702839% BID:1.4228 ASK:1.4229 MID:1.42285 P1:1.42285 P2:1.42285 P3:1.42295 P4:1.42295 STATE:IDLE
[2026-05-16 04:43:17Z] CHK MOM:0% RANGE:0% UP:12.5% SPREAD:0.00702839% BID:1.4228 ASK:1.4229 MID:1.42285 P1:1.42285 P2:1.42285 P3:1.42295 P4:1.42295 STATE:IDLE
[2026-05-16 04:43:18Z] CHK MOM:0% RANGE:0% UP:12.5% SPREAD:0.00702839% BID:1.4228 ASK:1.4229 MID:1.42285 P1:1.42285 P2:1.42285 P3:1.42295 P4:1.42295 STATE:IDLE
[2026-05-16 04:43:18Z] CHK MOM:0% RANGE:0% UP:12.5% SPREAD:0.00702839% BID:1.4228 ASK:1.4229 MID:1.42285 P1:1.42285 P2:1.42285 P3:1.42285 P4:1.42295 STATE:IDLE
[2026-05-16 04:43:19Z] CHK MOM:0% RANGE:0% UP:12.5% SPREAD:0.00702839% BID:1.4228 ASK:1.4229 MID:1.42285 P1:1.42285 P2:1.42285 P3:1.42285 P4:1.42295 STATE:IDLE
[2026-05-16 04:43:20Z] CHK MOM:0% RANGE:0% UP:12.5% SPREAD:0.00702839% BID:1.4228 ASK:1.4229 MID:1.42285 P1:1.42285 P2:1.42285 P3:1.42285 P4:1.42295 STATE:IDLE
[2026-05-16 04:43:20Z] CHK MOM:0% RANGE:0% UP:12.5% SPREAD:0.00702839% BID:1.4228 ASK:1.4229 MID:1.42285 P1:1.42285 P2:1.42285 P3:1.42285 P4:1.42295 STATE:IDLE
[2026-05-16 04:43:21Z] CHK MOM:0% RANGE:0% UP:12.5% SPREAD:0.00702839% BID:1.4228 ASK:1.4229 MID:1.42285 P1:1.42285 P2:1.42285 P3:1.42285 P4:1.42295 STATE:IDLE
[2026-05-16 04:43:22Z] CHK MOM:0% RANGE:0% UP:14.28% SPREAD:0.00702839% BID:1.4228 ASK:1.4229 MID:1.42285 P1:1.42285 P2:1.42285 P3:1.42285 P4:1.42285 STATE:IDLE
[2026-05-16 04:43:22Z] CHK MOM:0% RANGE:0% UP:12.5% SPREAD:0.00702839% BID:1.4228 ASK:1.4229 MID:1.42285 P1:1.42285 P2:1.42285 P3:1.42285 P4:1.42285 STATE:IDLE
[2026-05-16 04:43:23Z] CHK MOM:0% RANGE:0% UP:12.5% SPREAD:0.00702839% BID:1.4228 ASK:1.4229 MID:1.42285 P1:1.42285 P2:1.42285 P3:1.42285 P4:1.42285 STATE:IDLE
[2026-05-16 04:43:23Z] CHK MOM:0% RANGE:0% UP:11.11% SPREAD:0.00702839% BID:1.4228 ASK:1.4229 MID:1.42285 P1:1.42285 P2:1.42285 P3:1.42285 P4:1.42285 STATE:IDLE
[2026-05-16 04:43:24Z] CHK MOM:0% RANGE:0% UP:11.11% SPREAD:0.00702839% BID:1.4228 ASK:1.4229 MID:1.42285 P1:1.42285 P2:1.42285 P3:1.42285 P4:1.42285 STATE:IDLE
[2026-05-16 04:43:24Z] CHK MOM:0% RANGE:0% UP:11.11% SPREAD:0.00702839% BID:1.4228 ASK:1.4229 MID:1.42285 P1:1.42285 P2:1.42285 P3:1.42285 P4:1.42285 STATE:IDLE
[2026-05-16 04:43:25Z] CHK MOM:0% RANGE:0% UP:11.11% SPREAD:0.00702839% BID:1.4228 ASK:1.4229 MID:1.42285 P1:1.42285 P2:1.42285 P3:1.42285 P4:1.42285 STATE:IDLE
[2026-05-16 04:43:26Z] CHK MOM:0% RANGE:0% UP:0% SPREAD:0.00702839% BID:1.4228 ASK:1.4229 MID:1.42285 P1:1.42285 P2:1.42285 P3:1.42285 P4:1.42285 STATE:IDLE
[2026-05-16 04:43:26Z] CHK MOM:0% RANGE:0% UP:0% SPREAD:0.00702839% BID:1.4228 ASK:1.4229 MID:1.42285 P1:1.42285 P2:1.42285 P3:1.42285 P4:1.42285 STATE:IDLE
[2026-05-16 04:43:27Z] CHK MOM:0% RANGE:0% UP:0% SPREAD:0.00702839% BID:1.4228 ASK:1.4229 MID:1.42285 P1:1.42285 P2:1.42285 P3:1.42285 P4:1.42285 STATE:IDLE
[2026-05-16 04:43:27Z] CHK MOM:0% RANGE:0% UP:0% SPREAD:0.00702839% BID:1.4228 ASK:1.4229 MID:1.42285 P1:1.42285 P2:1.42285 P3:1.42285 P4:1.42285 STATE:IDLE
[2026-05-16 04:43:28Z] CHK MOM:0% RANGE:0% UP:0% SPREAD:0.00702839% BID:1.4228 ASK:1.4229 MID:1.42285 P1:1.42285 P2:1.42285 P3:1.42285 P4:1.42285 STATE:IDLE
[2026-05-16 04:43:28Z] CHK MOM:0% RANGE:0% UP:0% SPREAD:0.00702839% BID:1.4228 ASK:1.4229 MID:1.42285 P1:1.42285 P2:1.42285 P3:1.42285 P4:1.42285 STATE:IDLE
[2026-05-16 04:43:29Z] CHK MOM:0% RANGE:0% UP:0% SPREAD:0.00702839% BID:1.4228 ASK:1.4229 MID:1.42285 P1:1.42285 P2:1.42285 P3:1.42285 P4:1.42285 STATE:IDLE
[2026-05-16 04:43:30Z] CHK MOM:0% RANGE:0% UP:0% SPREAD:0.00702839% BID:1.4228 ASK:1.4229 MID:1.42285 P1:1.42285 P2:1.42285 P3:1.42285 P4:1.42285 STATE:IDLE
[2026-05-16 04:43:31Z] CHK MOM:0% RANGE:0% UP:0% SPREAD:0.00702839% BID:1.4228 ASK:1.4229 MID:1.42285 P1:1.42285 P2:1.42285 P3:1.42285 P4:1.42285 STATE:IDLE
[2026-05-16 04:43:31Z] CHK MOM:0% RANGE:0% UP:0% SPREAD:0.00702839% BID:1.4228 ASK:1.4229 MID:1.42285 P1:1.42285 P2:1.42285 P3:1.42285 P4:1.42285 STATE:IDLE
[2026-05-16 04:43:32Z] CHK MOM:0% RANGE:0% UP:0% SPREAD:0.00702839% BID:1.4228 ASK:1.4229 MID:1.42285 P1:1.42285 P2:1.42285 P3:1.42285 P4:1.42285 STATE:IDLE
[2026-05-16 04:43:32Z] CHK MOM:0% RANGE:0% UP:0% SPREAD:0.00702839% BID:1.4228 ASK:1.4229 MID:1.42285 P1:1.42285 P2:1.42285 P3:1.42285 P4:1.42285 STATE:IDLE
[2026-05-16 04:43:33Z] CHK MOM:0% RANGE:0% UP:0% SPREAD:0.00702839% BID:1.4228 ASK:1.4229 MID:1.42285 P1:1.42285 P2:1.42285 P3:1.42285 P4:1.42285 STATE:IDLE
[2026-05-16 04:43:33Z] CHK MOM:0% RANGE:0% UP:0% SPREAD:0.00702839% BID:1.4228 ASK:1.4229 MID:1.42285 P1:1.42285 P2:1.42285 P3:1.42285 P4:1.42285 STATE:IDLE
[2026-05-16 04:43:34Z] CHK MOM:0% RANGE:0% UP:0% SPREAD:0.00702839% BID:1.4228 ASK:1.4229 MID:1.42285 P1:1.42285 P2:1.42285 P3:1.42285 P4:1.42285 STATE:IDLE
[2026-05-16 04:43:34Z] CHK MOM:0% RANGE:0% UP:0% SPREAD:0.00702839% BID:1.4228 ASK:1.4229 MID:1.42285 P1:1.42285 P2:1.42285 P3:1.42285 P4:1.42285 STATE:IDLE
[2026-05-16 04:43:35Z] CHK MOM:0% RANGE:0% UP:0% SPREAD:0.00702839% BID:1.4228 ASK:1.4229 MID:1.42285 P1:1.42285 P2:1.42285 P3:1.42285 P4:1.42285 STATE:IDLE
[2026-05-16 04:43:35Z] CHK MOM:0% RANGE:0% UP:0% SPREAD:0.00702839% BID:1.4228 ASK:1.4229 MID:1.42285 P1:1.42285 P2:1.42285 P3:1.42285 P4:1.42285 STATE:IDLE
[2026-05-16 04:43:36Z] CHK MOM:0% RANGE:0% UP:0% SPREAD:0.00702839% BID:1.4228 ASK:1.4229 MID:1.42285 P1:1.42285 P2:1.42285 P3:1.42285 P4:1.42285 STATE:IDLE
[2026-05-16 04:43:37Z] CHK MOM:0% RANGE:0% UP:0% SPREAD:0.00702839% BID:1.4228 ASK:1.4229 MID:1.42285 P1:1.42285 P2:1.42285 P3:1.42285 P4:1.42285 STATE:IDLE
[2026-05-16 04:43:37Z] CHK MOM:0% RANGE:0% UP:0% SPREAD:0.00702839% BID:1.4228 ASK:1.4229 MID:1.42285 P1:1.42285 P2:1.42285 P3:1.42285 P4:1.42285 STATE:IDLE
[2026-05-16 04:43:38Z] CHK MOM:0% RANGE:0% UP:0% SPREAD:0.00702839% BID:1.4228 ASK:1.4229 MID:1.42285 P1:1.42285 P2:1.42285 P3:1.42285 P4:1.42285 STATE:IDLE
[2026-05-16 04:43:38Z] TOKEN_SWITCH old=XRPUSDC new=TONUSDC source=.service.env
